04-09 15:06:10.393     0     0 I         : [    1.939285@2] usb usb2: We don't know the algorithms for LPM for this host, disabling LPM.
04-09 15:06:10.393     0     0 I         : [    1.940783@0] hub 2-0:1.0: USB hub found
04-09 15:06:10.393     0     0 E         : [    1.940851@0] hub 2-0:1.0: config failed, hub doesn't have any ports! (err -19)
04-09 15:06:10.393     0     0 E         : [    1.941449@0] usb usb2: Unsupported the hub
04-09 15:06:10.393     0     0 I         : [    1.942191@0] aml_vrtc rtc: setting system clock to 2022-04-09 09:36:07 UTC (1649496967)
04-09 15:06:10.393     0     0 D         : [    1.943051@0] dwc_otg ff400000.dwc2_a: dwc_otg_driver_probe(ffffffc01d688c00)
04-09 15:06:10.393     0     0 W [    1.943098@0] dwc_otg: usb0: type: 2 speed: 0, config: 0, dma: 0, id: 0, phy: ffe09000, ctrl: 0
04-09 15:06:10.393     0     0 D         : [    1.943441@0] dwc_otg ff400000.dwc2_a: base=0xffffff8008a40000
04-09 15:06:10.393     0     0 D         : [    1.943447@0] dwc_otg ff400000.dwc2_a: dwc_otg_device=0xffffffc01bd90000
04-09 15:06:10.393     0     0 W [    2.043725@0] dwc_otg: Core Release: 3.10a
04-09 15:06:10.393     0     0 W [    2.043763@0] dwc_otg: Setting default values for core params
04-09 15:06:10.393     0     0 W [    2.044174@0] dwc_otg: curmode: 0, host_only: 0
04-09 15:06:10.393     0     0 D         : [    2.044631@0] dwc_otg ff400000.dwc2_a: DMA config: BURST_DEFAULT
04-09 15:06:10.393     0     0 W [    2.056938@0] dwc_otg: Using Buffer DMA mode
04-09 15:06:10.393     0     0 W [    2.056962@0] dwc_otg: OTG VER PARAM: 1, OTG VER FLAG: 1
04-09 15:06:10.393     0     0 W [    2.057343@0] dwc_otg: Working on port type = SLAVE
04-09 15:06:10.393     0     0 W [    2.057827@0] dwc_otg: Dedicated Tx FIFOs mode
04-09 15:06:10.393     0     0 I [    2.060293@0] input: adc_keypad as /devices/platform/adc_keypad/input/input1
04-09 15:06:10.393     0     0 I         : [    2.062087@3] cpucore_cooling_register, max_cpu_core_num:4
04-09 15:06:10.393     0     0 I [    2.068505@0] gxbb_pm: enter meson_pm_probe!
04-09 15:06:10.393     0     0 I         : [    2.068544@0] no vddio3v3_en pin
04-09 15:06:10.393     0     0 E         : [    2.068707@0] pm-meson aml_pm: Can't get switch_clk81
04-09 15:06:10.393     0     0 I [    2.069231@0] gxbb_pm: meson_pm_probe done
04-09 15:06:10.393     0     0 I         : [    2.069966@0] ALSA device list:
04-09 15:06:10.393     0     0 I [    2.069992@0]   #0: AML-AUGESOUND
04-09 15:06:10.393     0     0 I         : [    2.070487@0] meson_uart ff804000.serial: ttyS3 use xtal(8M) 24000000 change 115200 to 115200
04-09 15:06:10.393     0     0 I         : [    2.076401@0] Freeing unused kernel memory: 6080K
04-09 15:06:10.393     0     0 I [    2.289585@0] ubi0: attaching mtd6
04-09 15:06:10.393     0     0 I [    2.499736@0] ubi0: scanning is finished
04-09 15:06:10.393     0     0 I [    2.503690@3] ubi0: attached mtd6 (name "system", size 100 MiB)
04-09 15:06:10.393     0     0 I [    2.503977@3] ubi0: PEB size: 262144 bytes (256 KiB), LEB size: 253952 bytes
04-09 15:06:10.393     0     0 I [    2.510988@3] ubi0: min./max. I/O unit sizes: 4096/4096, sub-page size 4096
04-09 15:06:10.393     0     0 I [    2.517873@3] ubi0: VID header offset: 4096 (aligned 4096), data offset: 8192
04-09 15:06:10.393     0     0 I [    2.525044@3] ubi0: good PEBs: 400, bad PEBs: 0, corrupted PEBs: 0
04-09 15:06:10.393     0     0 I [    2.531066@3] ubi0: user volume: 1, internal volumes: 1, max. volumes count: 128
04-09 15:06:10.393     0     0 I [    2.538393@3] ubi0: max/mean erase counter: 37/25, WL threshold: 4096, image sequence number: 736763309
04-09 15:06:10.393     0     0 I [    2.547711@3] ubi0: available PEBs: 0, total reserved PEBs: 400, PEBs reserved for bad PEB handling: 40
04-09 15:06:10.393     0     0 I [    2.557097@0] ubi0: background thread "ubi_bgt0d" started, PID 2142
04-09 15:06:10.393     0     0 I         : [    2.562823@2] UBIFS (ubi0:0): background thread "ubifs_bgt0_0" started, PID 2145
04-09 15:06:10.393     0     0 I         : [    2.609017@1] UBIFS (ubi0:0): UBIFS: mounted UBI device 0, volume 0, name "rootfs"
04-09 15:06:10.393     0     0 I         : [    2.610990@1] UBIFS (ubi0:0): LEB size: 253952 bytes (248 KiB), min./max. I/O unit sizes: 4096 bytes/4096 bytes
04-09 15:06:10.393     0     0 I         : [    2.620955@1] UBIFS (ubi0:0): FS size: 87867392 bytes (83 MiB, 346 LEBs), journal size 9404416 bytes (8 MiB, 38 LEBs)
04-09 15:06:10.393     0     0 I         : [    2.631474@1] UBIFS (ubi0:0): reserved for root: 0 bytes (0 KiB)
04-09 15:06:10.393     0     0 I         : [    2.637427@1] UBIFS (ubi0:0): media format: w4/r0 (latest is w4/r0), UUID DC99A6D8-69BA-4DD7-9E44-726260A6E747, small LPT model
04-09 15:06:10.393     0     0 I [    2.899406@0] init: property init
04-09 15:06:10.393     0     0 I [    2.900148@0] init: reading config file
04-09 15:06:10.393     0     0 I [    2.906927@0] init: processing action 0xaab3f808 (boot_start)
04-09 15:06:10.393     0     0 I [    2.914682@0] init: command 'boot_start' r=0
04-09 15:06:10.393     0     0 I [    2.915723@0] init: processing action 0xaab3b6b0 (early-init)
04-09 15:06:10.393     0     0 I [    2.920436@0] init: starting 'ueventd'
04-09 15:06:10.393     0     0 I [    2.923735@0] init: command 'start' r=0
04-09 15:06:10.393     0     0 I [    2.926628@0] init: command 'loglevel' r=0
04-09 15:06:10.393     0     0 I [    2.931573@0] init: command 'mount' r=0
04-09 15:06:10.393     0     0 I [    2.933097@1] init: starting ueventd
04-09 15:06:10.393     0     0 I [    2.933856@1] init: /sys/ rule /sys/devices/virtual/input/input* enable
04-09 15:06:10.393     0     0 I [    2.933868@1] init: /sys/ rule /sys/devices/virtual/input/input* poll_delay
04-09 15:06:10.393     0     0 I [    2.933877@1] init: /sys/ rule /sys/devices/virtual/usb_composite/* enable
04-09 15:06:10.393     0     0 I [    2.939416@1] init: adding platform device ffd0f0d0.watchdog
04-09 15:06:10.393     0     0 I [    2.939846@1] init: adding platform device reg-dummy
04-09 15:06:10.393     0     0 I [    2.940507@1] init: adding platform device cpu_iomap
04-09 15:06:10.393     0     0 I [    2.940792@1] init: adding platform device 7400000.ramoops
04-09 15:06:10.393     0     0 I [    2.941065@1] init: adding platform device bt-dev
04-09 15:06:10.393     0     0 I [    2.941643@1] init: adding platform device dummy
04-09 15:06:10.393     0     0 I [    2.989145@0] init: command 'mount' r=0
04-09 15:06:10.393     0     0 I [    3.193228@0] ubi1: attaching mtd7
04-09 15:06:10.393     0     0 I [    3.487031@0] ubi1: scanning is finished
04-09 15:06:10.393     0     0 I [    3.491450@2] ubi1: attached mtd7 (name "chrome", size 140 MiB)
04-09 15:06:10.393     0     0 I [    3.491738@2] ubi1: PEB size: 262144 bytes (256 KiB), LEB size: 253952 bytes
04-09 15:06:10.393     0     0 I [    3.498745@2] ubi1: min./max. I/O unit sizes: 4096/4096, sub-page size 4096
04-09 15:06:10.393     0     0 I [    3.505632@2] ubi1: VID header offset: 4096 (aligned 4096), data offset: 8192
04-09 15:06:10.394     0     0 I [    3.512698@2] ubi1: good PEBs: 560, bad PEBs: 0, corrupted PEBs: 0
04-09 15:06:10.394     0     0 I [    3.518826@2] ubi1: user volume: 1, internal volumes: 1, max. volumes count: 128
04-09 15:06:10.394     0     0 I [    3.526154@2] ubi1: max/mean erase counter: 35/26, WL threshold: 4096, image sequence number: 1458511589
04-09 15:06:10.394     0     0 I [    3.535559@2] ubi1: available PEBs: 0, total reserved PEBs: 560, PEBs reserved for bad PEB handling: 40
04-09 15:06:10.394     0     0 I [    3.544882@1] ubi1: background thread "ubi_bgt1d" started, PID 2554
04-09 15:06:10.394     0     0 I         : [    3.559379@0] UBIFS (ubi1:0): background thread "ubifs_bgt1_0" started, PID 2558
04-09 15:06:10.394     0     0 I         : [    3.586239@3] UBIFS (ubi1:0): recovery needed
04-09 15:06:10.394     0     0 I         : [    3.603153@3] UBIFS (ubi1:0): recovery completed
04-09 15:06:10.394     0     0 I         : [    3.603308@3] UBIFS (ubi1:0): UBIFS: mounted UBI device 1, volume 0, name "chrome"
04-09 15:06:10.394     0     0 I         : [    3.609669@3] UBIFS (ubi1:0): LEB size: 253952 bytes (248 KiB), min./max. I/O unit sizes: 4096 bytes/4096 bytes
04-09 15:06:10.394     0     0 I         : [    3.619661@3] UBIFS (ubi1:0): FS size: 128499712 bytes (122 MiB, 506 LEBs), journal size 9404416 bytes (8 MiB, 38 LEBs)
04-09 15:06:10.394     0     0 I         : [    3.630352@3] UBIFS (ubi1:0): reserved for root: 0 bytes (0 KiB)
04-09 15:06:10.394     0     0 I         : [    3.636404@3] UBIFS (ubi1:0): media format: w4/r0 (latest is w4/r0), UUID 3D7B4A1D-6849-462E-B889-C151DCC94211, small LPT model
04-09 15:06:10.394     0     0 I [    3.679679@3] ubi2: attaching mtd8
04-09 15:06:10.394     0     0 I         : [    3.846586@3]  NAND bbt detect factory Bad block at 17a40000
04-09 15:06:10.394     0     0 I         : [    3.858185@3]  NAND bbt detect factory Bad block at 18000000
04-09 15:06:10.394     0     0 I         : [    3.858242@3]  NAND bbt detect factory Bad block at 18040000
04-09 15:06:10.394     0     0 I [    4.131768@3] ubi2: scanning is finished
04-09 15:06:10.394     0     0 I [    4.136263@1] ubi2: attached mtd8 (name "data", size 213 MiB)
04-09 15:06:10.394     0     0 I [    4.136378@1] ubi2: PEB size: 262144 bytes (256 KiB), LEB size: 253952 bytes
04-09 15:06:10.394     0     0 I [    4.143426@1] ubi2: min./max. I/O unit sizes: 4096/4096, sub-page size 4096
04-09 15:06:10.394     0     0 I [    4.150275@1] ubi2: VID header offset: 4096 (aligned 4096), data offset: 8192
04-09 15:06:10.394     0     0 I [    4.157339@1] ubi2: good PEBs: 849, bad PEBs: 3, corrupted PEBs: 0
04-09 15:06:10.394     0     0 I [    4.163467@1] ubi2: user volume: 2, internal volumes: 1, max. volumes count: 128
04-09 15:06:10.394     0     0 I [    4.170796@1] ubi2: max/mean erase counter: 71/48, WL threshold: 4096, image sequence number: 1018457084
04-09 15:06:10.394     0     0 I [    4.180200@1] ubi2: available PEBs: 0, total reserved PEBs: 849, PEBs reserved for bad PEB handling: 37
04-09 15:06:10.394     0     0 I [    4.189523@3] ubi2: background thread "ubi_bgt2d" started, PID 2565
04-09 15:06:10.394     0     0 I         : [    4.203486@1] UBIFS (ubi2:0): background thread "ubifs_bgt2_0" started, PID 2569
04-09 15:06:10.394     0     0 I         : [    4.229959@0] UBIFS (ubi2:0): recovery needed
04-09 15:06:10.394     0     0 I         : [    4.302974@2] UBIFS (ubi2:0): recovery completed
04-09 15:06:10.394     0     0 I         : [    4.303160@2] UBIFS (ubi2:0): UBIFS: mounted UBI device 2, volume 0, name "factory"
04-09 15:06:10.394     0     0 I         : [    4.309573@2] UBIFS (ubi2:0): LEB size: 253952 bytes (248 KiB), min./max. I/O unit sizes: 4096 bytes/4096 bytes
04-09 15:06:10.394     0     0 I         : [    4.319572@2] UBIFS (ubi2:0): FS size: 10158080 bytes (9 MiB, 40 LEBs), journal size 2285569 bytes (2 MiB, 9 LEBs)
04-09 15:06:10.394     0     0 I         : [    4.329831@2] UBIFS (ubi2:0): reserved for root: 0 bytes (0 KiB)
04-09 15:06:10.394     0     0 I         : [    4.335785@2] UBIFS (ubi2:0): media format: w4/r0 (latest is w4/r0), UUID AD7DC8BC-6ACA-4841-8B12-7A54B54F57E7, small LPT model
04-09 15:06:10.394     0     0 I         : [    4.359385@3] UBIFS (ubi2:1): background thread "ubifs_bgt2_1" started, PID 2572
04-09 15:06:10.394     0     0 I         : [    4.385076@0] UBIFS (ubi2:1): recovery needed
04-09 15:06:10.394     0     0 I         : [    4.486320@0] UBIFS (ubi2:1): recovery completed
04-09 15:06:10.394     0     0 I         : [    4.486481@0] UBIFS (ubi2:1): UBIFS: mounted UBI device 2, volume 1, name "data"
04-09 15:06:10.394     0     0 I         : [    4.492660@0] UBIFS (ubi2:1): LEB size: 253952 bytes (248 KiB), min./max. I/O unit sizes: 4096 bytes/4096 bytes
04-09 15:06:10.394     0     0 I         : [    4.502654@0] UBIFS (ubi2:1): FS size: 189956096 bytes (181 MiB, 748 LEBs), journal size 9404416 bytes (8 MiB, 38 LEBs)
04-09 15:06:10.394     0     0 I         : [    4.513346@0] UBIFS (ubi2:1): reserved for root: 0 bytes (0 KiB)
04-09 15:06:10.394     0     0 I         : [    4.519300@0] UBIFS (ubi2:1): media format: w4/r0 (latest is w4/r0), UUID 34A475AE-5814-4337-8EB7-8868427E3B0E, small LPT model
04-09 15:06:10.394     0     0 I         : [    4.758175@2] aml_wifi wifi: [usb_power_control] Set WiFi power down
04-09 15:06:10.394     0     0 I [    4.758929@2] meson-mmc: [sdio_notify] finish
04-09 15:06:10.394     0     0 I         : [    4.763247@2] aml_wifi wifi: [wifi_power_ioctl] ioctl Set sdio wifi power down!
04-09 15:06:10.394     0     0 I         : [    4.766742@0] UBIFS (ubi0:0): background thread "ubifs_bgt0_0" stops
04-09 15:06:11.460  2585  2585 E         : found the match wifi is: sd8887
04-09 15:06:11.461  2585  2585 E         : wifi_insmod command:insmod /lib/modules/4.9.113/kernel/mrvl/mlan8887.ko 
--------- beginning of system
04-09 15:06:11.494  2604  2604 I wpa_supplicant: Successfully initialized wpa_supplicant
04-09 15:06:11.522  2604  2604 E wpa_supplicant: Could not read interface wlan0 flags: No such device
04-09 15:06:11.526  2604  2604 I wpa_supplicant: nl80211: Driver does not support authentication/association or connect commands
04-09 15:06:11.528  2604  2604 I wpa_supplicant: nl80211: deinit ifname=wlan0 disabled_11b_rates=0
04-09 15:06:11.530  2604  2604 E wpa_supplicant: Could not read interface wlan0 flags: No such device
04-09 15:06:11.531  2604  2604 E wpa_supplicant: wlan0: Failed to initialize driver interface
04-09 15:06:11.635  2585  2585 E         : wifi_insmod command:insmod /lib/modules/4.9.113/kernel/mrvl/sd8xxx.ko cal_data_cfg=mrvl/WlanCalData_ext_LS9x_291119.conf txpwrlimit_cfg=mrvl/txpwrlimit_cfg_8887.bin fw_name=mrvl/sd8887_wlan_a2_p59.bin cfg80211_wext=0xf host_mlme=1 auto_ds=2 fw_serial=1 sta_name="wlan" uap_name="p2p" ps_mode=2 max_uap_bss=2 drvdbg=0x7 reg_alpha2="00"
04-09 15:06:12.772  2585  2585 E         : Load BT driver
04-09 15:06:12.773  2585  2585 E         : found the match wifi is: (null)
04-09 15:06:12.773  2585  2585 E         : wifi_insmod command:insmod /lib/modules/4.9.113/kernel/mrvl/bt8xxx.ko fw_name=mrvl/sd8887_bt_a2_p59.bin bt_fw_serial=0
04-09 15:06:12.877  2688  2688 W sshd    : Failed loading /etc/dropbear/dropbear_rsa_host_key
04-09 15:06:12.877  2688  2688 W sshd    : Failed loading /etc/dropbear/dropbear_dss_host_key
04-09 15:06:12.877  2688  2688 W sshd    : Failed loading /etc/dropbear/dropbear_ecdsa_host_key
04-09 15:06:12.884  2688  2688 I sshd    : Not backgrounding
04-09 15:06:12.921  2696  2696 E writeSerialNo: Writing serial number to unifykey
04-09 15:06:12.943  2690  2690 I sh      : FACTEST:unifykey read success:20 20
04-09 15:06:12.943  2690  2690 I sh      : inbuf=de4f95ffa64d5e74b026  ret=20 serial.txt=de4f95ffa64d5e74b026 bytesread=20 strcmp=0
04-09 15:06:12.963  2694  2694 I ServiceManager: Waiting for service libre.EnvItems...
04-09 15:06:12.990  2697  2697 I ENV     : init 
04-09 15:06:12.991  2697  2697 I ENV     :  First boot 
04-09 15:06:12.991  2697  2697 E ENV     : fileExists:153 /lsync/env/env.db does not exist
04-09 15:06:12.997  2697  2697 D AVS_SDK :  [  1] I sdkVersion: 1.19.1
04-09 15:06:12.997  2697  2697 E ENV     :  FAILED to open:/lsync/env/tmp.db 
04-09 15:06:12.998  2697  2697 I ENV     : removeItem:79:/lsync/env/tmp.db not found
04-09 15:06:12.999  2697  2697 E ENV     : /lsync/env/env.db does not Exist.. tempStorage = 0
04-09 15:06:12.999  2697  2697 I ENV     : createUserDBFromFactoryCfg 
04-09 15:06:13.006  2697  2697 I ENV     : Using /factory/custom/factoryEnv.conf as conf file
04-09 15:06:13.006  2697  2697 I ENV     : removeItem:79:/lsync/env/env.db not found
04-09 15:06:13.006  2697  2697 E ENV     : Error removing /lsync/env/env.db
04-09 15:06:13.071  2697  2697 E ENV     : createUserDBFromFactoryCfg:307: tempStorage is undefined
04-09 15:06:13.071  2697  2697 I ENV     : Using /factory/custom/factoryEnv.conf and /lsync/env/env.db as conf and db file
04-09 15:06:13.071  2697  2697 I ENV     : init 
04-09 15:06:13.071  2697  2697 I ENV     :  First boot 
04-09 15:06:13.071  2697  2697 I ENV     : fileExists:151 /lsync/env/env.db exists
04-09 15:06:13.073  2697  2697 I ENV     : Copied /lsync/env/env.db to /lsync/env/tmp.db
04-09 15:06:13.074  2697  2697 E ENV     : /lsync/env/env.db does not Exist.. tempStorage = ac566db0
04-09 15:06:13.074  2697  2697 I ENV     : createUserDBFromFactoryCfg 
04-09 15:06:13.076  2697  2697 I ENV     : Using /factory/custom/factoryEnv.conf as conf file
04-09 15:06:13.077  2697  2697 I ENV     : removeItem:74:/lsync/env/env.db removed
04-09 15:06:13.077  2697  2697 I ENV     : Removed /lsync/env/env.db
04-09 15:06:13.091  2697  2697 E ENV     : createUserDBFromFactoryCfg:301: Failed at tempStorage->get_changed
04-09 15:06:13.480  2697  2697 I chatty  : uid=0(root) env_service identical 64 lines
04-09 15:06:13.486  2697  2697 E ENV     : createUserDBFromFactoryCfg:301: Failed at tempStorage->get_changed
04-09 15:06:13.487  2697  2697 E AVS_SDK :  [  1] E SQLiteStatement:SQLiteStatement::stepFailed::Executing the select did not generate a row or complete.:result=19
04-09 15:06:13.488  2697  2697 E AVS_SDK :  [  1] E SQLiteStatement:SQLiteStatement::finalizeFailed::Could release the prepared statement.:rcode=19
04-09 15:06:13.488  2697  2697 E ENV     : createUserDBFromFactoryCfg:286: Failed at m_miscStorage->put
04-09 15:06:13.493  2697  2697 E ENV     : createUserDBFromFactoryCfg:301: Failed at tempStorage->get_changed
04-09 15:06:13.675  2697  2697 I chatty  : uid=0(root) env_service identical 29 lines
04-09 15:06:13.681  2697  2697 E ENV     : createUserDBFromFactoryCfg:301: Failed at tempStorage->get_changed
04-09 15:06:13.681  2697  2697 I ENV     : Using /factory/custom/factoryEnv.conf and /lsync/env/env.db as conf and db file
04-09 15:06:13.682  2697  2697 I ENV     : fileExists:151 /lsync/env/env_bk.db exists
04-09 15:06:13.683  2697  2697 I ENV     : fileExists:151 /factory/custom/factoryEnv_bk.conf exists
04-09 15:06:13.683  2697  2697 I ENV     : removeItem:74:/lsync/env/tmp.db removed
04-09 15:06:15.937  2709  2709 I wpa_supplicant: Successfully initialized wpa_supplicant
04-09 15:06:15.950  2709  2709 I wpa_supplicant: rfkill: Cannot open RFKILL control device
04-09 15:06:15.992  2711  2711 E LUCI_FACTORY: LUCIFactory::registerBuiltinFactories
04-09 15:06:15.998  2711  2711 E LUCI_SERVER: IP = 0
04-09 15:06:16.016  2712  2712 I main_sourceswitch: ServiceManager: 0xac339f88
04-09 15:06:16.017  2712  2712 E luci_helper: LUCIHelper: Waiting for Module Init
04-09 15:06:16.017  2712  2712 E luci_helper: LUCIHelper: Waiting for Module Init
04-09 15:06:16.025  2710  2710 E luci_helper: LUCIHelper: Waiting for Module Init
04-09 15:06:16.026  2710  2710 E luci_helper: LUCIHelper: Waiting for Module Init
04-09 15:06:16.027  2710  2710 E yani_server: YaniServer FAILED TO GET LuciHelper
04-09 15:06:16.062  2690  2690 I sh      : Simple mixer control 'Master',0
04-09 15:06:16.062  2690  2690 I sh      :   Capabilities: volume pswitch pswitch-joined
04-09 15:06:16.062  2690  2690 I sh      :   Playback channels: Front Left - Front Right
04-09 15:06:16.063  2690  2690 I sh      :   Capture channels: Front Left - Front Right
04-09 15:06:16.063  2690  2690 I sh      :   Limits: 0 - 100
04-09 15:06:16.066  2709  2709 I wpa_supplicant: MPM: Debug Dialog Token initialized 713958723 (0x2a8e2543)
04-09 15:06:16.072  2709  2709 I wpa_supplicant: wlan0: CTRL-EVENT-REGDOM-CHANGE init=USER type=COUNTRY alpha2=US
04-09 15:06:16.078  2710  2710 E luci_helper: LUCIHelper: Waiting for Module Init
04-09 15:06:16.078  2710  2710 E yani_server: YaniServer FAILED TO GET LuciHelper
04-09 15:06:16.088  2690  2690 I sh      :   Front Left: 30 [30%] [-10.45dB] Playback [on]
04-09 15:06:16.088  2690  2690 I sh      :   Front Right: 30 [30%] [-10.45dB] Playback [on]
04-09 15:06:16.091  2711  2711 E luciUART: bufff write ? = 1 
04-09 15:06:16.093  2711  2711 E luciUART: tcsetattr succeed
04-09 15:06:16.094  2711  2720 E LUCI_SERVER: Luci Server Thread waiting for packets....
04-09 15:06:16.153  2708  2708 I         : [0409/023616.153153:INFO:cast_auth_check.cc(163)] Cast auth test is successful.
04-09 15:06:16.539  2710  2722 E yani_kernel: Interface status 0
04-09 15:06:16.546  2710  2722 I yani_kernel: set_device_name() Interface 'wlan0' MAC Address 'cc:90:93:21:f3:84' FriendlyName 'Lyric Speaker Box 21f384' status '0'
04-09 15:06:16.547  2710  2722 I yani_server: First boot after Factory reset! Friendly Name modified Lyric Speaker Box  -> Lyric Speaker Box 21f384
04-09 15:06:16.553  2711  2711 I lucitransport: writeRemoteMessage() MID = 90 buffer = Lyric Speaker Box 21f384
04-09 15:06:16.553  2711  2711 I luciUART: write() MID = 90  bytes = 34 data = Lyric Speaker Box 21f384 m_fd = 0x5
04-09 15:06:16.554  2711  2711 I lucitransport: writeLocalMessage() MID = 90 buffer = Lyric Speaker Box 21f384
04-09 15:06:16.554  2711  2720 E LUCI_SERVER: Luci Server Thread wait over MID 90....
04-09 15:06:16.555  2710  2722 E yani_server: Device Supports CastSetup 1
04-09 15:06:16.555  2710  2722 I yani_kernel: yani_init_net() Success Netlink socket fd 6
04-09 15:06:16.558  2710  2722 E WifiHW  : wifi_start_supplicant
04-09 15:06:16.559  2710  2722 E WifiHW  : wifi_start_ctl.start : wpa_supplicant
04-09 15:06:16.583  2711  2720 E LUCI_SERVER: Luci Server Thread waiting for packets....
04-09 15:06:16.760  2710  2722 E WifiHW  : wifi_connect_to_supplicant : wlan0
04-09 15:06:16.760  2710  2722 E WifiHW  : wifi_connect_on_socket_path1 : wlan0
04-09 15:06:16.763  2710  2722 E yani_wifi: enable_disable_net_if() Failed SIOCGIFFLAGS for interface 'wlan1' enable '0'
04-09 15:06:16.768  2710  2722 I yani_wifi: configure_wifi() SSID '' security '' passphrase '********' Country 'US'
04-09 15:06:17.944  2690  2690 I sh      : LSDeviceService: not found
04-09 15:06:18.033  2730  2730 I NetMgr  : Net_Mgr starting
04-09 15:06:18.050  2730  2730 I HotspotManager: Default WiFi Interface : wlan0
04-09 15:06:18.069  2730  2730 I NetworkMonitor: WiFi Interface : wlan0
04-09 15:06:18.069  2730  2730 I NetworkMonitor: Default WiFi Interface : wlan0
04-09 15:06:18.072  2727  2727 E         :  Start MessageBox Handler 
04-09 15:06:18.075  2730  2741 I NetworkMonitor: Start monitor thread
04-09 15:06:18.080  2727  2740 E MB_HANDLER: HOST present 1
04-09 15:06:18.082  2728  2728 E UIModeManager: UIModeManager Constructor ++
04-09 15:06:18.083  2734  2734 E dhcpcd  : eth0: interface not found or invalid
04-09 15:06:18.086  2730  2741 E WifiUtil: command: "SCAN" failed: FAIL-BUSY
04-09 15:06:18.087  2727  2740 E MB_HANDLER:  REGISTERED YANI LISTENER IN MessageBoxHandler
04-09 15:06:18.090  2727  2740 E         : External Host present 1
04-09 15:06:18.090  2727  2740 E MB_HANDLER: REGISTERED ExternalSource IN MessageBoxHandler
04-09 15:06:18.092  2728  2728 I AirableUIHelper: AirableUIHelper Contructor 
04-09 15:06:18.093  2727  2740 E MB_HANDLER: Check Device Support ENV_CastSetup true ENV_GoogleCast_ID true 
04-09 15:06:18.093  2711  2711 I lucitransport: readRemoteMessage() MID char = 43689 buffer = 1
04-09 15:06:18.095  2728  2728 E AirableUIHelper:  Airable ENV_AirableBaseURL_ID Envitem returned failed!!!
04-09 15:06:18.095  2711  2711 I lucitransport: writeRemoteMessage() MID = 43690 buffer = ªªªªª
04-09 15:06:18.096  2711  2711 I luciUART: write() MID = 43690  bytes = 15 data = ªªªªª m_fd = 0x5
04-09 15:06:18.099  2727  2740 E MB_HANDLER: boot_after_factory : 1
04-09 15:06:18.102  2727  2740 I MB_HANDLER: Env Details: LS-Host '1' Cast-Setup 'true'
04-09 15:06:18.102  2727  2740 E MB_HANDLER: Message Handler Thread waiting for messages....
04-09 15:06:18.106  2734  2734 D dhcpcd  : wlan0: adding address fe80::ce90:93ff:fe21:f384
04-09 15:06:18.106  2711  2719 E luciUART: UART:aa
04-09 15:06:18.106  2711  2719 E luciUART: UART:aa
04-09 15:06:18.106  2711  2719 E luciUART: UART:2
04-09 15:06:18.106  2711  2719 E luciUART: UART:0
04-09 15:06:18.106  2711  2719 E luciUART: UART:9
04-09 15:06:18.106  2711  2719 E luciUART: UART:0
04-09 15:06:18.106  2711  2719 I chatty  : uid=0(root) UARTLUCIControl identical 2 lines
04-09 15:06:18.106  2711  2719 E luciUART: UART:0
04-09 15:06:18.106  2711  2719 E luciUART: UART:1
04-09 15:06:18.110  2711  2719 E luciUART: UART:6f
04-09 15:06:18.110  2711  2719 E luciUART: UART:aa
04-09 15:06:18.110  2711  2720 E LUCI_SERVER: Luci Server Thread wait over MID 208....
04-09 15:06:18.110  2711  2719 E luciUART: UART:aa
04-09 15:06:18.111  2711  2719 E luciUART: UART:2
04-09 15:06:18.111  2711  2719 E luciUART: UART:0
04-09 15:06:18.111  2711  2719 E luciUART: UART:5b
04-09 15:06:18.111  2711  2720 E LUCI_SERVER: Got NV name : MCUVersion
04-09 15:06:18.111  2711  2719 E luciUART: UART:0
04-09 15:06:18.111  2711  2719 I chatty  : uid=0(root) UARTLUCIControl identical 3 lines
04-09 15:06:18.111  2711  2719 E luciUART: UART:0
04-09 15:06:18.111  2711  2719 I luciUART: read() RemoteID = 43690 Command = 91 Type = 2 Status = 0 DataLen = 0
04-09 15:06:18.111  2711  2719 E luciUART: UART:aa
04-09 15:06:18.112  2711  2719 E luciUART: UART:0
04-09 15:06:18.112  2711  2720 I luciUART: write() MID = 208  bytes = 21 data = MCUVersion: m_fd = 0x5
04-09 15:06:18.112  2711  2720 E LUCI_SERVER: NV_READ response= MCUVersion:
04-09 15:06:18.112  2711  2719 E luciUART: UART:d0
04-09 15:06:18.112  2711  2720 E LUCI_SERVER: Luci Server Thread wait over MID 91....
04-09 15:06:18.112  2711  2719 E luciUART: UART:0
04-09 15:06:18.112  2711  2720 E LUCI_SERVER: setting mid[91] to NULL
04-09 15:06:18.112  2711  2719 E luciUART: UART:0
04-09 15:06:18.112  2711  2719 I chatty  : uid=0(root) UARTLUCIControl identical 1 line
04-09 15:06:18.112  2711  2719 E luciUART: UART:0
04-09 15:06:18.113  2711  2719 I luciUART: Previous Packet read contd., 
04-09 15:06:18.113  2711  2719 I luciUART: Previous Packet read contd., 
04-09 15:06:18.113  2711  2718 I lucitransport: readRemoteMessage() MID char = 91 buffer = (null)
04-09 15:06:18.113  2711  2719 E luciUART: UART:0
04-09 15:06:18.113  2711  2719 E luciUART: UART:5
04-09 15:06:18.113  2711  2719 E luciUART: UART:0
04-09 15:06:18.113  2711  2719 I chatty  : uid=0(root) UARTLUCIControl identical 3 lines
04-09 15:06:18.113  2711  2719 E luciUART: UART:0
04-09 15:06:18.126  2711  2718 I lucitransport: writeRemoteMessage() MID = 91 buffer = CC:90:93:21:F3:84
04-09 15:06:18.127  2711  2718 I luciUART: write() MID = 91  bytes = 27 data = CC:90:93:21:F3:84 m_fd = 0x5
04-09 15:06:18.127  2727  2740 E MB_HANDLER: Message Handler Thread waiting for messages....
04-09 15:06:18.129  2711  2719 E luciUART: UART:aa
04-09 15:06:18.129  2711  2719 E luciUART: UART:aa
04-09 15:06:18.129  2711  2719 E luciUART: UART:2
04-09 15:06:18.129  2711  2719 E luciUART: UART:0
04-09 15:06:18.129  2711  2719 E luciUART: UART:d0
04-09 15:06:18.129  2711  2719 E luciUART: UART:0
04-09 15:06:18.129  2711  2719 I chatty  : uid=0(root) UARTLUCIControl identical 2 lines
04-09 15:06:18.129  2711  2719 E luciUART: UART:0
04-09 15:06:18.129  2711  2719 E luciUART: UART:9
04-09 15:06:18.129  2711  2719 I luciUART: read() RemoteID = 43690 Command = 208 Type = 2 Status = 0 DataLen = 9
04-09 15:06:18.129  2711  2719 E luciUART: Error: full data not available yet! readBytes 0
04-09 15:06:18.129  2711  2719 I luciUART: Previous Packet read contd., 
04-09 15:06:18.129  2711  2719 E luciUART: UART:52
04-09 15:06:18.129  2711  2719 I luciUART: Previous Packet read contd., 
04-09 15:06:18.129  2711  2719 E luciUART: UART:45
04-09 15:06:18.129  2711  2719 I luciUART: Previous Packet read contd., 
04-09 15:06:18.130  2711  2719 E luciUART: UART:41
04-09 15:06:18.130  2711  2719 I luciUART: Previous Packet read contd., 
04-09 15:06:18.130  2711  2719 E luciUART: UART:44
04-09 15:06:18.130  2711  2719 I luciUART: Previous Packet read contd., 
04-09 15:06:18.130  2711  2719 E luciUART: UART:5f
04-09 15:06:18.130  2711  2719 I luciUART: Previous Packet read contd., 
04-09 15:06:18.130  2711  2719 E luciUART: UART:73
04-09 15:06:18.130  2711  2719 I luciUART: Previous Packet read contd., 
04-09 15:06:18.130  2711  2719 E luciUART: UART:73
04-09 15:06:18.130  2711  2719 I luciUART: Previous Packet read contd., 
04-09 15:06:18.130  2711  2719 E luciUART: UART:69
04-09 15:06:18.130  2711  2719 I luciUART: Previous Packet read contd., 
04-09 15:06:18.130  2711  2719 E luciUART: UART:64
04-09 15:06:18.130  2711  2720 E LUCI_SERVER: Luci Server Thread wait over MID 208....
04-09 15:06:18.130  2711  2720 E LUCI_SERVER: Got NV name : ssid
04-09 15:06:18.130  2711  2719 E luciUART: UART:aa
04-09 15:06:18.130  2711  2719 E luciUART: UART:aa
04-09 15:06:18.130  2711  2719 E luciUART: UART:2
04-09 15:06:18.132  2711  2720 I luciUART: write() MID = 208  bytes = 15 data = ssid: m_fd = 0x5
04-09 15:06:18.132  2711  2720 E LUCI_SERVER: NV_READ response= ssid:
04-09 15:06:18.132  2711  2720 E LUCI_SERVER: Luci Server Thread waiting for packets....
04-09 15:06:18.132  2711  2719 E luciUART: UART:0
04-09 15:06:18.132  2711  2719 E luciUART: UART:6
04-09 15:06:18.132  2711  2719 E luciUART: UART:0
04-09 15:06:18.132  2711  2719 I chatty  : uid=0(root) UARTLUCIControl identical 2 lines
04-09 15:06:18.132  2711  2719 E luciUART: UART:0
04-09 15:06:18.132  2711  2719 E luciUART: UART:4
04-09 15:06:18.132  2711  2719 I luciUART: read() RemoteID = 43690 Command = 6 Type = 2 Status = 0 DataLen = 4
04-09 15:06:18.132  2711  2719 E luciUART: Error: full data not available yet! readBytes 0
04-09 15:06:18.132  2711  2719 I luciUART: Previous Packet read contd., 
04-09 15:06:18.132  2711  2719 E luciUART: UART:31
04-09 15:06:18.132  2711  2719 I luciUART: Previous Packet read contd., 
04-09 15:06:18.132  2711  2719 E luciUART: UART:30
04-09 15:06:18.132  2711  2719 I luciUART: Previous Packet read contd., 
04-09 15:06:18.132  2711  2719 E luciUART: UART:30
04-09 15:06:18.132  2711  2719 I luciUART: Previous Packet read contd., 
04-09 15:06:18.132  2711  2719 E luciUART: UART:31
04-09 15:06:18.132  2711  2720 E LUCI_SERVER: Luci Server Thread wait over MID 6....
04-09 15:06:18.132  2727  2739 E MB_HANDLER: Messagebox_handler::MessageBoxAlert id = 6
04-09 15:06:18.132  2727  2740 E MB_HANDLER: Message Handler Thread wait over MID[6]....
04-09 15:06:18.133  2711  2718 I lucitransport: readRemoteMessage() MID char = 6 buffer = 1001
04-09 15:06:18.133  2711  2720 I luciUART: write() MID = 6  bytes = 10 data =  m_fd = 0x5
04-09 15:06:18.133  2711  2720 E LUCI_SERVER: Luci Server Thread waiting for packets....
04-09 15:06:18.139  2711  2719 E luciUART: UART:aa
04-09 15:06:18.139  2711  2719 E luciUART: UART:aa
04-09 15:06:18.139  2711  2719 E luciUART: UART:2
04-09 15:06:18.139  2711  2719 E luciUART: UART:0
04-09 15:06:18.139  2711  2719 E luciUART: UART:d0
04-09 15:06:18.140  2711  2719 E luciUART: UART:0
04-09 15:06:18.140  2711  2719 I chatty  : uid=0(root) UARTLUCIControl identical 2 lines
04-09 15:06:18.140  2711  2719 E luciUART: UART:0
04-09 15:06:18.140  2711  2719 E luciUART: UART:13
04-09 15:06:18.140  2711  2719 I luciUART: read() RemoteID = 43690 Command = 208 Type = 2 Status = 0 DataLen = 19
04-09 15:06:18.140  2711  2719 E luciUART: Error: full data not available yet! readBytes 0
04-09 15:06:18.140  2711  2719 I luciUART: Previous Packet read contd., 
04-09 15:06:18.140  2711  2719 E luciUART: UART:52
04-09 15:06:18.140  2711  2719 I luciUART: Previous Packet read contd., 
04-09 15:06:18.140  2711  2719 E luciUART: UART:45
04-09 15:06:18.140  2711  2719 I luciUART: Previous Packet read contd., 
04-09 15:06:18.140  2711  2719 E luciUART: UART:41
04-09 15:06:18.140  2711  2719 I luciUART: Previous Packet read contd., 
04-09 15:06:18.140  2711  2719 E luciUART: UART:44
04-09 15:06:18.140  2711  2719 I luciUART: Previous Packet read contd., 
04-09 15:06:18.140  2711  2719 E luciUART: UART:5f
04-09 15:06:18.140  2711  2719 I luciUART: Previous Packet read contd., 
04-09 15:06:18.140  2711  2719 E luciUART: UART:66
04-09 15:06:18.140  2711  2719 I luciUART: Previous Packet read contd., 
04-09 15:06:18.140  2711  2719 E luciUART: UART:77
04-09 15:06:18.140  2711  2719 I luciUART: Previous Packet read contd., 
04-09 15:06:18.141  2711  2719 E luciUART: UART:64
04-09 15:06:18.141  2711  2719 I luciUART: Previous Packet read contd., 
04-09 15:06:18.141  2711  2719 E luciUART: UART:6f
04-09 15:06:18.141  2711  2719 I luciUART: Previous Packet read contd., 
04-09 15:06:18.141  2711  2719 E luciUART: UART:77
04-09 15:06:18.141  2711  2719 I luciUART: Previous Packet read contd., 
04-09 15:06:18.141  2711  2719 E luciUART: UART:6e
04-09 15:06:18.147  2732  2732 I bt_btif : init
04-09 15:06:18.150  2732  2732 D bt_osi_allocation_tracker: canary initialized
04-09 15:06:18.150  2711  2720 I luciUART: write() MID = 208  bytes = 67 data = fwdownload_xml:https://openotaengine.libreiotcloud.com/v1 m_fd = 0x5
04-09 15:06:18.150  2727  2740 E MB_HANDLER: Message Handler Thread waiting for messages....
04-09 15:06:18.150  2711  2720 E LUCI_SERVER: NV_READ response= fwdownload_xml:https://openotaengine.libreiotcloud.com/v1
04-09 15:06:18.150  2711  2720 E LUCI_SERVER: Luci Server Thread waiting for packets....
04-09 15:06:18.156  2732  2755 I bt_osi_thread: run_thread: thread id 2755, thread name stack_manager started
04-09 15:06:18.157  2732  2755 I bt_stack_manager: event_init_stack is initializing the stack
04-09 15:06:18.161  2732  2755 E bt_osi_config: config_new unable to open file '/data/misc/bluedroid/bt_config.conf': No such file or directory
04-09 15:06:18.162  2732  2755 W bt_btif_config: init unable to load config file: /data/misc/bluedroid/bt_config.conf; using backup.
04-09 15:06:18.162  2732  2755 E bt_osi_config: config_new unable to open file '/data/misc/bluedroid/bt_config.bak': No such file or directory
04-09 15:06:18.162  2732  2755 W bt_btif_config: init unable to load backup; attempting to transcode legacy file.
04-09 15:06:18.164  2732  2755 E bt_btif_config_transcode: btif_config_transcode unable to load XML file '/data/misc/bluedroid/bt_config.xml': 3
04-09 15:06:18.166  2732  2755 E bt_btif_config: init unable to transcode legacy file; creating empty config.
04-09 15:06:18.168  2732  2761 I bt_osi_thread: run_thread: thread id 2761, thread name alarm_default_ca started
04-09 15:06:18.169  2732  2762 I bt_osi_thread: run_thread: thread id 2762, thread name alarm_dispatcher started
04-09 15:06:18.171  2732  2755 I bt_btif_core: btif_init_bluetooth entered
04-09 15:06:18.174  2732  2755 I bt_stack_config: init attempt to load stack conf from /etc/bluetooth/bt_stack.conf
04-09 15:06:18.179  2732  2765 I bt_osi_thread: run_thread: thread id 2765, thread name bt_jni_workqueue started
04-09 15:06:18.179  2732  2755 I bt_btif_core: btif_init_bluetooth finished
04-09 15:06:18.179  2732  2755 I bt_stack_manager: event_init_stack finished
04-09 15:06:18.180  2732  2732 I bt_osi_wakelock: wakelock_set_os_callouts set to non-native
04-09 15:06:18.182  2732  2732 I bt_btif : get_profile_interface: id = gatt
04-09 15:06:18.184  2732  2732 I bt_btif : get_profile_interface: id = a2dp
04-09 15:06:18.185  2732  2732 I bt_btif : get_profile_interface: id = a2dp_sink
04-09 15:06:18.186  2732  2765 I bt_btif_core: run_message_loop entered
04-09 15:06:18.190  2732  2767 I bt_osi_thread: run_thread: thread id 2767, thread name btif_a2dp_sink_w started
04-09 15:06:18.197  2732  2732 D a2dp_codec: init
04-09 15:06:18.202  2732  2732 D a2dp_codec: createCodec: codec SBC
04-09 15:06:18.203  2730  2742 E CommandListener: Message not handled: unrecognized interface usb0
04-09 15:06:18.203  2730  2742 W FrameworkListener: Handler 'Iface' error (Success)
04-09 15:06:18.203  2730  2742 E CommandListener: Message not handled: unrecognized interface usb0
04-09 15:06:18.203  2730  2742 W FrameworkListener: Handler 'Iface' error (Success)
04-09 15:06:18.206  2732  2732 D a2dp_codec: createCodec: codec AAC
04-09 15:06:18.208  2732  2732 D a2dp_codec: createCodec: codec aptX
04-09 15:06:18.209  2732  2732 E a2dp_vendor_aptx_encoder: A2DP_VendorLoadEncoderAptx: cannot open aptX encoder library libaptX_encoder.so: libaptX_encoder.so: cannot open shared object file: No such file or directory
04-09 15:06:18.209  2732  2732 E a2dp_vendor_aptx: init: cannot load the encoder
04-09 15:06:18.209  2732  2732 D a2dp_codec: createCodec: codec aptX-HD
04-09 15:06:18.210  2732  2732 E a2dp_vendor_aptx_hd_encoder: A2DP_VendorLoadEncoderAptxHd: cannot open aptX-HD encoder library libaptXHD_encoder.so: libaptXHD_encoder.so: cannot open shared object file: No such file or directory
04-09 15:06:18.210  2732  2732 E a2dp_vendor_aptx_hd: init: cannot load the encoder
04-09 15:06:18.211  2732  2732 D a2dp_codec: createCodec: codec LDAC
04-09 15:06:18.211  2732  2732 E a2dp_vendor_ldac_encoder: A2DP_VendorLoadEncoderLdac: cannot open LDAC encoder library libldacBT_enc.so: libldacBT_enc.so: cannot open shared object file: No such file or directory
04-09 15:06:18.211  2732  2732 E a2dp_vendor_ldac: init: cannot load the encoder
04-09 15:06:18.211  2732  2732 D a2dp_codec: createCodec: codec SBC SINK
04-09 15:06:18.211  2732  2732 D a2dp_codec: createCodec: codec AAC SINK
04-09 15:06:18.211  2732  2732 I a2dp_codec: init: initialized Source codec AAC
04-09 15:06:18.211  2732  2732 I a2dp_codec: init: initialized Source codec SBC
04-09 15:06:18.211  2732  2732 I a2dp_codec: init: initialized Sink codec AAC(Sink)
04-09 15:06:18.211  2732  2732 I a2dp_codec: init: initialized Sink codec SBC(Sink)
04-09 15:06:18.212  2732  2732 W bt_btif : ## ON A2DP IDLE ## peer_sep = 0
04-09 15:06:18.212  2732  2732 I bt_btif : get_profile_interface: id = avrcp
04-09 15:06:18.213  2732  2732 I bt_btif : get_profile_interface: id = avrcp_ctrl
04-09 15:06:18.214  2732  2732 I bt_btif : get_profile_interface: id = hidhost
04-09 15:06:18.216  2730  2742 E CommandListener: Message not handled: unrecognized interface usb0
04-09 15:06:18.217  2730  2742 W FrameworkListener: Handler 'Iface' error (Success)
04-09 15:06:18.217  2730  2742 E CommandListener: Message not handled: unrecognized interface usb0
04-09 15:06:18.217  2730  2742 W FrameworkListener: Handler 'Iface' error (Success)
04-09 15:06:18.217  2730  2742 E CommandListener: Message not handled: unrecognized interface usb0
04-09 15:06:18.217  2730  2742 W FrameworkListener: Handler 'Iface' error (Success)
04-09 15:06:18.217  2730  2742 E CommandListener: Message not handled: unrecognized interface usb0
04-09 15:06:18.217  2730  2742 W FrameworkListener: Handler 'Iface' error (Success)
04-09 15:06:18.236  2732  2732 I bluetoothtbd: [0409/023618.236532:INFO:daemon.cc(168)] Daemon initialized
04-09 15:06:18.238  2732  2732 I bt_btif : enable: start restricted = 0
04-09 15:06:18.238  2732  2755 I bt_stack_manager: event_start_up_stack is bringing up the stack
04-09 15:06:18.238  2732  2755 I bt_core_module: module_start_up Starting module "btif_config_module"
04-09 15:06:18.238  2732  2755 I bt_core_module: module_start_up Started module "btif_config_module"
04-09 15:06:18.238  2732  2755 I bt_core_module: module_start_up Starting module "btsnoop_module"
04-09 15:06:18.239  2732  2755 I bt_core_module: module_start_up Started module "btsnoop_module"
04-09 15:06:18.239  2732  2755 I bt_core_module: module_start_up Starting module "hci_module"
04-09 15:06:18.239  2732  2755 I bt_hci  : hci_module_start_up
04-09 15:06:18.246  2732  2781 I bt_osi_thread: run_thread: thread id 2781, thread name hci_thread started
04-09 15:06:18.248  2732  2755 D bt_hci  : hci_module_start_up starting async portion
04-09 15:06:18.249  2732  2781 I bluetoothtbd: [0409/023618.249857:INFO:hci_layer_linux.cc(172)] hci_initialize
04-09 15:06:18.250  2732  2781 I bluetoothtbd: [0409/023618.250068:INFO:hci_layer_linux.cc(184)] Using interface hci0
04-09 15:06:18.250  2732  2781 I bluetoothtbd: [0409/023618.250125:INFO:hci_layer_linux.cc(378)] rfkill
04-09 15:06:18.266  2786  2786 I dnsmasq : started, version 2.51 cachesize 150
04-09 15:06:18.266  2786  2786 I dnsmasq : compile time options: no-IPv6 GNU-getopt no-DBus no-I18N DHCP no-scripts no-TFTP
04-09 15:06:18.266  2786  2786 I dnsmasq : DHCP, IP range 192.168.10.3 -- 192.168.10.10, lease time 12h
04-09 15:06:18.267  2786  2786 I dnsmasq : reading /etc/resolv.conf
04-09 15:06:18.268  2786  2786 I dnsmasq : using nameserver 8.8.8.8#53
04-09 15:06:18.268  2786  2786 I dnsmasq : read /etc/hosts - 1 addresses
04-09 15:06:18.270  2734  2734 D dhcpcd  : no interfaces have a carrier
04-09 15:06:18.271  2734  2734 D dhcpcd  : wlan0: waiting for carrier
04-09 15:06:18.651  2730  2742 E CommandListener: Message not handled: unrecognized interface usb0
04-09 15:06:18.651  2730  2742 W FrameworkListener: Handler 'Iface' error (Success)
04-09 15:06:18.664  2732  2781 I bluetoothtbd: [0409/023618.664509:INFO:hci_layer_linux.cc(295)] wait_hcidev
04-09 15:06:18.664  2732  2781 I bluetoothtbd: [0409/023618.664780:INFO:hci_layer_linux.cc(332)] Do poll() with timeout of 3000ms
04-09 15:06:18.666  2732  2781 I bluetoothtbd: [0409/023618.666329:INFO:hci_layer_linux.cc(228)] HCI device ready
04-09 15:06:18.666  2732  2781 I bt_hci  : event_finish_startup
04-09 15:06:18.666  2732  2755 I bt_core_module: module_start_up Started module "hci_module"
04-09 15:06:18.668  2732  2810 I bt_osi_thread: run_thread: thread id 2810, thread name bt_workqueue started
04-09 15:06:18.669  2732  2810 I bluetoothtbd: [0409/023618.669323:INFO:btu_task.cc(107)] Bluetooth chip preload is complete
04-09 15:06:18.675  2732  2810 I         : No vendor HCI socket available. Won't create SocketWriter.
04-09 15:06:18.684  2732  2810 I bluetoothtbd: [0409/023618.683992:INFO:gatt_api.cc(1005)] GATT_Register
04-09 15:06:18.685  2732  2810 I bluetoothtbd: [0409/023618.685685:INFO:gatt_api.cc(1028)] allocated gatt_if=1
04-09 15:06:18.687  2732  2810 I bluetoothtbd: [0409/023618.687231:INFO:gatt_api.cc(207)] GATTS_AddService
04-09 15:06:18.688  2732  2810 I bluetoothtbd: [0409/023618.688272:INFO:gatt_api.cc(317)] GATTS_AddService: service parsed correctly, now starting
04-09 15:06:18.689  2732  2810 E bluetoothtbd: [0409/023618.689147:ERROR:gatt_attr.cc(302)] gatt_profile_db_init:  gatt_if=1
04-09 15:06:18.696  2732  2810 I bluetoothtbd: [0409/023618.696244:INFO:gatt_api.cc(1005)] GATT_Register
04-09 15:06:18.696  2732  2810 I bluetoothtbd: [0409/023618.696417:INFO:gatt_api.cc(1028)] allocated gatt_if=2
04-09 15:06:18.696  2732  2810 I bluetoothtbd: [0409/023618.696484:INFO:gatt_api.cc(207)] GATTS_AddService
04-09 15:06:18.696  2732  2810 I bluetoothtbd: [0409/023618.696538:INFO:gatt_api.cc(317)] GATTS_AddService: service parsed correctly, now starting
04-09 15:06:18.720  2732  2812 I bt_osi_thread: run_thread: thread id 2812, thread name module_wrapper started
04-09 15:06:18.720  2732  2812 I bt_core_module: module_start_up Starting module "controller_module"
04-09 15:06:18.771  2710  2722 I yani_server: ifindexeth0 0 ifindexwlan0 5 ifindexp2p0 6 ifindexwlan1 0
04-09 15:06:18.772  2710  2722 I yani_server: NetLink Event '-1' Interface-Index '5' WLAN '0' Ethernet '-1' Parsed-iFill '-1' -> 'INVALID' ifIndex '1' -> 'lo'
04-09 15:06:18.772  2710  2722 I yani_kernel: yani_geteventfrom_changeaddr() Message-Id '1' Netlink event '16' Interface Index '5' -> Name 'wlan0' 
04-09 15:06:18.773  2710  2722 I yani_kernel: yani_geteventfrom_changeaddr() Message-Id '1' Netlink event '16' Interface Index '9' -> Name 'usb0' 
04-09 15:06:18.774  2710  2722 I yani_kernel: yani_geteventfrom_changeaddr() Message-Id '1' Netlink event '16' Interface Index '9' -> Name 'usb0' 
04-09 15:06:18.775  2710  2722 I yani_kernel: yani_geteventfrom_changeaddr() Message-Id '1' Netlink event '20' Interface Index '9' -> Name 'usb0' 
04-09 15:06:18.776  2710  2722 I yani_kernel: yani_geteventfrom_changeaddr() Message-Id '1' Netlink event '16' Interface Index '9' -> Name 'usb0' 
04-09 15:06:18.777  2710  2722 I yani_kernel: yani_geteventfrom_changeaddr() Message-Id '1' Netlink event '21' Interface Index '9' -> Name 'usb0' 
04-09 15:06:18.778  2710  2722 I yani_kernel: yani_geteventfrom_changeaddr() Message-Id '1' Netlink event '20' Interface Index '9' -> Name 'usb0' 
04-09 15:06:18.779  2710  2722 I yani_kernel: yani_geteventfrom_changeaddr() Message-Id '1' Netlink event '16' Interface Index '9' -> Name 'usb0' 
04-09 15:06:18.895  2732  2812 I bt_core_module: module_start_up Started module "controller_module"
04-09 15:06:18.895  2732  2812 W bt_osi_thread: run_thread: thread id 2812, thread name module_wrapper exited
04-09 15:06:18.898  2732  2810 W bt_btm  : btm_decode_ext_features_page: feature page 1 ignored
04-09 15:06:18.899  2732  2810 W bt_btm  : btm_decode_ext_features_page: feature page 2 ignored
04-09 15:06:18.899  2732  2811 I bt_btm_sec: BTM_SecRegister p_cb_info->p_le_callback == 0x0xf6e3db99
04-09 15:06:18.901  2732  2811 I bt_btm_sec: BTM_SecRegister btm_cb.api.p_le_callback = 0x0xf6e3db99 
04-09 15:06:18.902  2732  2811 I bluetoothtbd: [0409/023618.902896:INFO:ble_advertiser_hci_interface.cc(736)] Legacy advertising will be in use
04-09 15:06:18.905  2732  2811 I bluetoothtbd: [0409/023618.905455:INFO:gatt_api.cc(1005)] GATT_Register
04-09 15:06:18.905  2732  2811 I bluetoothtbd: [0409/023618.905617:INFO:gatt_api.cc(1028)] allocated gatt_if=3
04-09 15:06:18.921  2732  2765 E bt_btif_storage: btif_storage_get_adapter_property: Controller ready!
04-09 15:06:18.921  2732  2765 I bt_btif_storage: btif_storage_get_adapter_property service_mask:0x40000
04-09 15:06:18.923  2732  2811 I bt_bta_av: AVRCP version used for sdp: "avrcp14"
04-09 15:06:18.927  2732  2765 I bluetoothtbd: [0409/023618.927197:INFO:adapter.cc(551)] Adapter properties changed
04-09 15:06:18.927  2732  2765 I bluetoothtbd: [0409/023618.927370:INFO:adapter.cc(564)] Adapter address changed: CC:90:93:21:F3:85
04-09 15:06:18.927  2732  2765 I bluetoothtbd: [0409/023618.927420:INFO:adapter.cc(573)] Adapter name changed
04-09 15:06:18.928  2732  2765 I bt_btif_core: btif_enable_bluetooth_evt entered: status 0
04-09 15:06:18.928  2732  2765 W bt_btif : btif_enable_bluetooth_evt: Saving the Adapter Address
04-09 15:06:18.928  2732  2765 I bluetoothtbd: [0409/023618.928237:INFO:adapter.cc(551)] Adapter properties changed
04-09 15:06:18.928  2732  2765 I bluetoothtbd: [0409/023618.928289:INFO:adapter.cc(564)] Adapter address changed: CC:90:93:21:F3:85
04-09 15:06:18.928  2732  2765 D bt_hci  : do_postload posting postload work item
04-09 15:06:18.932  2732  2853 I bt_osi_thread: run_thread: thread id 2853, thread name btif_sock started
04-09 15:06:18.935  2732  2765 D bt_bte_conf: Device ID record 1 : primary
04-09 15:06:18.935  2732  2765 D bt_bte_conf:   vendorId            = 000f
04-09 15:06:19.109  2728  2728 I ServiceManager: Waiting for service media.player...
04-09 15:06:19.208  2710  2722 I yani_kernel: yani_geteventfrom_changeaddr() Message-Id '1' Netlink event '16' Interface Index '9' -> Name 'usb0' 
04-09 15:06:19.209  2730  2742 E CommandListener: Message not handled: unrecognized interface usb0
04-09 15:06:19.209  2730  2742 W FrameworkListener: Handler 'Iface' error (Success)
04-09 15:06:20.087  2730  2741 E WifiUtil: command: "SCAN" failed: FAIL-BUSY
04-09 15:06:20.109  2728  2728 I ServiceManager: Waiting for service media.player...
04-09 15:06:20.536  2710  2722 I yani_server: NetLink Event '-1' Interface-Index '5' WLAN '-1' Ethernet '-1' Parsed-iFill '-1' -> 'INVALID' ifIndex '1' -> 'lo'
04-09 15:06:20.537  2710  2722 I yani_server: NetLink Event '-1' Interface-Index '5' WLAN '0' Ethernet '-1' Parsed-iFill '-1' -> 'INVALID' ifIndex '1' -> 'lo'
04-09 15:06:20.563  2710  2722 I chatty  : uid=0(root) YaniServer identical 40 lines
04-09 15:06:20.564  2710  2722 I yani_server: NetLink Event '-1' Interface-Index '5' WLAN '0' Ethernet '-1' Parsed-iFill '-1' -> 'INVALID' ifIndex '1' -> 'lo'
04-09 15:06:20.564  2710  2722 I yani_kernel: yani_geteventfrom_changeaddr() Message-Id '1' Netlink event '16' Interface Index '5' -> Name 'wlan0' 
04-09 15:06:20.565  2710  2722 I yani_kernel: yani_geteventfrom_changeaddr() Message-Id '1' Netlink event '16' Interface Index '5' -> Name 'wlan0' 
04-09 15:06:20.617  2730  2742 E CommandListener: Message not handled: unrecognized interface usb0
04-09 15:06:20.617  2730  2742 W FrameworkListener: Handler 'Iface' error (Success)
04-09 15:06:21.019  2712  2712 I SourceSwitch: SourceSwitch() Host 1 initialized...
04-09 15:06:21.110  2728  2728 I ServiceManager: Waiting for service media.player...
04-09 15:06:21.215  2786  2786 I dnsmasq : DHCPDISCOVER(usb0) da:2b:76:02:f1:a2 
04-09 15:06:21.215  2786  2786 I dnsmasq : DHCPOFFER(usb0) 192.168.10.3 da:2b:76:02:f1:a2 
04-09 15:06:21.215  2786  2786 I dnsmasq : DHCPDISCOVER(usb0) da:2b:76:02:f1:a2 
04-09 15:06:21.215  2786  2786 I dnsmasq : DHCPOFFER(usb0) 192.168.10.3 da:2b:76:02:f1:a2 
04-09 15:06:21.219  2786  2786 I dnsmasq : DHCPREQUEST(usb0) 192.168.10.3 da:2b:76:02:f1:a2 
04-09 15:06:21.219  2786  2786 I dnsmasq : DHCPACK(usb0) 192.168.10.3 da:2b:76:02:f1:a2 
04-09 15:06:21.221  2786  2786 I dnsmasq : DHCPREQUEST(usb0) 192.168.10.3 da:2b:76:02:f1:a2 
04-09 15:06:21.221  2786  2786 I dnsmasq : DHCPACK(usb0) 192.168.10.3 da:2b:76:02:f1:a2 
