04-09 15:09:19.126  3077  3077 I cast_shell: [3080:3088:ERROR:connectivity_checker_impl.cc(265)] Connectivity check failed: 400
04-09 15:09:19.183  3077  3077 I cast_shell: [3080:3118:INFO:metrics_recorder.cc(282)] Record action: Setup.version.BLE
04-09 15:09:19.213  3077  3077 I cast_shell: [3080:3118:INFO:metrics_recorder.cc(282)] Record action: Setup.tos_accepted.BLE
04-09 15:09:19.243  3077  3077 I cast_shell: [3080:3118:INFO:metrics_recorder.cc(282)] Record action: Setup.state.BLE
04-09 15:09:19.273  3077  3077 I cast_shell: [3080:3118:INFO:metrics_recorder.cc(282)] Record action: Setup.ip_address.BLE
04-09 15:09:19.533  2709  2709 I wpa_supplicant: wlan0: Selected BSS :ef (level:-45 noise:-87 frequency:2427)
04-09 15:09:19.535  2709  2709 I wpa_supplicant: wlan0: SME: Trying to authenticate with c8:b3:73:44:ae:ef (SSID='Linksys16717_2G' freq=2427 MHz)
04-09 15:09:19.538  2710  2722 I yani_server: NetLink Event '-1' Interface-Index '5' WLAN '0' Ethernet '-1' Parsed-iFill '-1' -> 'INVALID' ifIndex '1' -> 'lo'
04-09 15:09:19.542  2710  2722 I chatty  : uid=0(root) YaniServer identical 4 lines
04-09 15:09:19.543  2710  2722 I yani_server: NetLink Event '-1' Interface-Index '5' WLAN '0' Ethernet '-1' Parsed-iFill '-1' -> 'INVALID' ifIndex '1' -> 'lo'
04-09 15:09:19.543  2960  2971 D wac-main: Netlink event
04-09 15:09:19.543  2960  2971 E wac-main: Netlink event 16 Interface Index 5 
04-09 15:09:19.544  2960  2971 E wac-main: Enter poll and wait
04-09 15:09:19.544  2960  2971 D wac-main: Netlink event
04-09 15:09:19.544  2960  2971 E wac-main: Netlink event 16 Interface Index 5 
04-09 15:09:19.544  2960  2971 E wac-main: Enter poll and wait
04-09 15:09:19.548  2710  2722 I yani_server: NetLink Event '-1' Interface-Index '5' WLAN '0' Ethernet '-1' Parsed-iFill '-1' -> 'INVALID' ifIndex '1' -> 'lo'
04-09 15:09:19.555  2709  2709 I wpa_supplicant: wlan0: Trying to associate with c8:b3:73:44:ae:ef (SSID='Linksys16717_2G' freq=2427 MHz)
04-09 15:09:19.559  2710  2722 I chatty  : uid=0(root) YaniServer identical 8 lines
04-09 15:09:19.560  2710  2722 I yani_server: NetLink Event '-1' Interface-Index '5' WLAN '0' Ethernet '-1' Parsed-iFill '-1' -> 'INVALID' ifIndex '1' -> 'lo'
04-09 15:09:19.560  2710  2722 I yani_kernel: yani_geteventfrom_changeaddr() Message-Id '1' Netlink event '16' Interface Index '5' -> Name 'wlan0' 
04-09 15:09:19.561  2710  2722 I yani_kernel: yani_geteventfrom_changeaddr() Message-Id '1' Netlink event '16' Interface Index '5' -> Name 'wlan0' 
04-09 15:09:19.580  3157  3157 I hostapd : p2p0: IEEE 802.11 driver had channel switch: freq=2427, ht=1, vht_ch=0x0, offset=0, width=1 (20 MHz), cf1=2427, cf2=0
04-09 15:09:19.613  2979  2979 I hostapd : p2p1: IEEE 802.11 driver had channel switch: freq=2427, ht=1, vht_ch=0x0, offset=0, width=1 (20 MHz), cf1=2427, cf2=0
04-09 15:09:19.614  2960  2971 D wac-main: Netlink event
04-09 15:09:19.614  2960  2971 E wac-main: Netlink event 16 Interface Index 5 
04-09 15:09:19.614  2960  2971 E wac-main: Enter poll and wait
04-09 15:09:19.614  2960  2971 D wac-main: Netlink event
04-09 15:09:19.614  2960  2971 E wac-main: Netlink event 16 Interface Index 5 
04-09 15:09:19.614  2960  2971 E wac-main: Enter poll and wait
04-09 15:09:19.614  2960  2971 D wac-main: Netlink event
04-09 15:09:19.614  2960  2971 E wac-main: Netlink event 16 Interface Index 5 
04-09 15:09:19.614  2960  2971 E wac-main: Enter poll and wait
04-09 15:09:19.614  2960  2971 D wac-main: Netlink event
04-09 15:09:19.614  2960  2971 E wac-main: Netlink event 16 Interface Index 5 
04-09 15:09:19.622  2710  2722 I yani_server: NetLink Event '-1' Interface-Index '5' WLAN '0' Ethernet '-1' Parsed-iFill '-1' -> 'INVALID' ifIndex '1' -> 'lo'
04-09 15:09:19.622  2710  2722 I yani_kernel: yani_geteventfrom_changeaddr() Message-Id '1' Netlink event '16' Interface Index '5' -> Name 'wlan0' 
04-09 15:09:19.624  2710  2722 I chatty  : uid=0(root) YaniServer identical 1 line
04-09 15:09:19.626  2710  2722 I yani_kernel: yani_geteventfrom_changeaddr() Message-Id '1' Netlink event '16' Interface Index '5' -> Name 'wlan0' 
04-09 15:09:19.628  2961  3155 I LibreCastControlDelegate: OnCastStatus() +++ Lyric Speaker Box 21f384:0xab4d9198:OFFLINE
04-09 15:09:19.628  2961  3155 I LibreCastControlDelegate: Device Build Number -> '1.52.272222'
04-09 15:09:19.628  2961  3155 I librecast: updateCastBuildVersion() Version 1.52.272222
04-09 15:09:19.628  2711  2718 I lucitransport: readRemoteMessage() MID char = 7 buffer = 1.52.272222
04-09 15:09:19.628  2961  3155 I LibreCastControlDelegate: Active Applications -> 0
04-09 15:09:19.628  2961  3155 I LibreCastControlDelegate: Current Cast State '3' -> 'OFFLINE'
04-09 15:09:19.628  2961  3155 I LibreCastControlDelegate: OnCastStatus() ---
04-09 15:09:19.630  2709  2709 I wpa_supplicant: wlan0: WPA: RX message 1 of 4-Way Handshake from c8:b3:73:44:ae:ef (ver=2)
04-09 15:09:19.631  2709  2709 I wpa_supplicant: wlan0: WPA: Sending EAPOL-Key 2/4
04-09 15:09:19.635  2710  2722 I yani_server: NetLink Event '-1' Interface-Index '5' WLAN '-1' Ethernet '-1' Parsed-iFill '-1' -> 'INVALID' ifIndex '1' -> 'lo'
04-09 15:09:19.636  2710  2722 I yani_server: NetLink Event '-1' Interface-Index '5' WLAN '0' Ethernet '-1' Parsed-iFill '-1' -> 'INVALID' ifIndex '1' -> 'lo'
04-09 15:09:19.636  2710  2722 I yani_kernel: yani_geteventfrom_changeaddr() Message-Id '1' Netlink event '16' Interface Index '5' -> Name 'wlan0' 
04-09 15:09:19.637  2710  2722 I chatty  : uid=0(root) YaniServer identical 1 line
04-09 15:09:19.638  2710  2722 I yani_kernel: yani_geteventfrom_changeaddr() Message-Id '1' Netlink event '16' Interface Index '5' -> Name 'wlan0' 
04-09 15:09:19.740  2709  2709 I wpa_supplicant: wlan0: WPA: RX message 3 of 4-Way Handshake from c8:b3:73:44:ae:ef (ver=2)
04-09 15:09:19.740  2709  2709 I wpa_supplicant: wlan0: WPA: Sending EAPOL-Key 4/4
04-09 15:09:19.742  2710  2722 I yani_server: NetLink Event '-1' Interface-Index '5' WLAN '-1' Ethernet '-1' Parsed-iFill '-1' -> 'INVALID' ifIndex '1' -> 'lo'
04-09 15:09:19.743  2710  2722 I yani_server: NetLink Event '-1' Interface-Index '5' WLAN '0' Ethernet '-1' Parsed-iFill '-1' -> 'INVALID' ifIndex '1' -> 'lo'
04-09 15:09:19.744  2960  2971 D wac-main: Netlink event
04-09 15:09:19.744  2960  2971 E wac-main: Netlink event 16 Interface Index 5 
04-09 15:09:19.744  2960  2971 E wac-main: Enter poll and wait
04-09 15:09:19.749  2710  2722 I yani_kernel: yani_geteventfrom_changeaddr() Message-Id '1' Netlink event '16' Interface Index '5' -> Name 'wlan0' 
04-09 15:09:19.749  2709  2709 I wpa_supplicant: wlan0: WPA: Key negotiation completed with c8:b3:73:44:ae:ef [PTK=CCMP GTK=TKIP]
04-09 15:09:19.749  2709  2709 I wpa_supplicant: wlan0: CTRL-EVENT-CONNECTED - Connection to c8:b3:73:44:ae:ef completed [id=0 id_str=]
04-09 15:09:19.750  3077  3077 I cast_shell: [3080:3130:INFO:wifi_controller_wpa_supplicant.cc(634)] After connection, current_wifi_index=0
04-09 15:09:19.750  2734  2734 D dhcpcd  : wlan0: carrier acquired
04-09 15:09:19.753  2960  2971 D wac-main: Netlink event
04-09 15:09:19.753  2960  2971 E wac-main: Netlink event 16 Interface Index 5 
04-09 15:09:19.754  2960  2971 E wac-main: Enter poll and wait
04-09 15:09:19.754  2960  2971 D wac-main: Netlink event
04-09 15:09:19.754  2960  2971 E wac-main: Netlink event 16 Interface Index 5 
04-09 15:09:19.754  2960  2971 E wac-main: Enter poll and wait
04-09 15:09:19.756  2961  3155 I LibreCastControlDelegate: OnCastStatus() +++ Lyric Speaker Box 21f384:0xab4d9198:OFFLINE
04-09 15:09:19.756  2961  3155 I LibreCastControlDelegate: Device Build Number -> '1.52.272222'
04-09 15:09:19.756  2961  3155 I librecast: updateCastBuildVersion() Version 1.52.272222
04-09 15:09:19.757  2711  2718 I lucitransport: readRemoteMessage() MID char = 7 buffer = 1.52.272222
04-09 15:09:19.757  2961  3155 I LibreCastControlDelegate: Active Applications -> 0
04-09 15:09:19.757  2961  3155 I LibreCastControlDelegate: Current Cast State '3' -> 'OFFLINE'
04-09 15:09:19.757  2961  3155 I LibreCastControlDelegate: OnCastStatus() ---
04-09 15:09:19.758  2710  2722 I yani_server: NetLink Event '-1' Interface-Index '5' WLAN '-1' Ethernet '-1' Parsed-iFill '-1' -> 'INVALID' ifIndex '1' -> 'lo'
04-09 15:09:19.759  2710  2722 I yani_server: NetLink Event '-1' Interface-Index '5' WLAN '7' Ethernet '-1' Parsed-iFill '7' -> 'WLAN0 LINKUP' ifIndex '1' -> 'lo'
04-09 15:09:19.759  2710  2722 I yani_server: saveConfig:537:wlan0
04-09 15:09:19.759  2710  2722 I wifiapi : newconn : 0xabe49be8
04-09 15:09:19.759  2710  2722 I yani_server: saveConfig:544:got handle successfully
04-09 15:09:19.763  2710  2722 I wifiapi : 'SAVE_CONFIG' command returned = 0
04-09 15:09:19.763  2710  2722 E yani_server: wlan0 Status=8 SaveConfig returns=0
04-09 15:09:19.763  2710  2722 I yani_server: SaveConfig return value=0
04-09 15:09:19.763  2710  2722 E WLANP2PIF: WlanP2pif: current chan = 4
04-09 15:09:19.765  2690  2690 I sh      : saveConfig:538:wlan0wlan0 Status=8 SaveConfig returns=0
04-09 15:09:19.766  2710  2722 E yani_wifi: set txpower chan : 4 country : US
04-09 15:09:19.766  2710  2722 E yani_wifi: nrates = 7
04-09 15:09:19.812  3077  3077 I cast_shell: [3080:3118:INFO:metrics_recorder.cc(282)] Record action: Setup.version.BLE
04-09 15:09:19.842  3077  3077 I cast_shell: [3080:3118:INFO:metrics_recorder.cc(282)] Record action: Setup.tos_accepted.BLE
04-09 15:09:19.873  3077  3077 I cast_shell: [3080:3118:INFO:metrics_recorder.cc(282)] Record action: Setup.state.BLE
04-09 15:09:19.902  3077  3077 I cast_shell: [3080:3118:INFO:metrics_recorder.cc(282)] Record action: Setup.ip_address.BLE
04-09 15:09:20.132  3077  3077 I cast_shell: [3080:3088:ERROR:connectivity_checker_impl.cc(265)] Connectivity check failed: 400
04-09 15:09:20.443  3077  3077 I cast_shell: [3080:3118:INFO:metrics_recorder.cc(282)] Record action: Setup.version.BLE
04-09 15:09:20.471  3077  3077 I cast_shell: [3080:3118:INFO:metrics_recorder.cc(282)] Record action: Setup.tos_accepted.BLE
04-09 15:09:20.501  3077  3077 I cast_shell: [3080:3118:INFO:metrics_recorder.cc(282)] Record action: Setup.state.BLE
04-09 15:09:20.531  3077  3077 I cast_shell: [3080:3118:INFO:metrics_recorder.cc(282)] Record action: Setup.ip_address.BLE
04-09 15:09:20.772  2710  2722 I yani_autoip: start_autoip() Interface 'wlan0' Is AutoIP Required 'Yes' Thread-Running 'No' 
04-09 15:09:20.772  2710  2722 E yani_server: YANI: I am Done Wait For Event 
04-09 15:09:20.772  2710  2722 I yani_kernel: yani_geteventfrom_changeaddr() Message-Id '1' Netlink event '16' Interface Index '5' -> Name 'wlan0' 
04-09 15:09:20.774  2710  3334 I yani_autoip: Setting autoiptimer to 70000
04-09 15:09:20.775  2710  2722 I yani_kernel: yani_geteventfrom_changeaddr() Message-Id '1' Netlink event '16' Interface Index '5' -> Name 'wlan0' 
04-09 15:09:20.785  3333  3333 E dhcpcd  : control_open: Connection refused
04-09 15:09:20.786  3333  3333 E dhcpcd  : eth0: interface not found or invalid
04-09 15:09:20.787  2960  2971 D wac-main: Netlink event
04-09 15:09:20.787  2960  2971 E wac-main: Netlink event 16 Interface Index 5 
04-09 15:09:20.787  3333  3333 D dhcpcd  : wlan0: adding address fe80::ce90:93ff:fe21:f384
04-09 15:09:20.788  2960  2971 E wac-main: Enter poll and wait
04-09 15:09:20.788  2710  2722 I yani_kernel: yani_geteventfrom_changeaddr() Message-Id '1' Netlink event '16' Interface Index '5' -> Name 'wlan0' 
04-09 15:09:20.886  3333  3333 E dhcpcd  : error writing DUID: /etc/dhcpcd/dhcpcd.duid: Read-only file system
04-09 15:09:20.886  3333  3333 D dhcpcd  : DUID 00:03:00:01:cc:90:93:21:f3:84
04-09 15:09:20.886  3333  3333 D dhcpcd  : wlan0: IAID 93:21:f3:84
04-09 15:09:20.903  3333  3333 D dhcpcd  : wlan0: soliciting an IPv6 router
04-09 15:09:21.073  3077  3077 I cast_shell: [3080:3118:INFO:metrics_recorder.cc(282)] Record action: Setup.version.BLE
04-09 15:09:21.102  3077  3077 I cast_shell: [3080:3118:INFO:metrics_recorder.cc(282)] Record action: Setup.tos_accepted.BLE
04-09 15:09:21.131  3077  3077 I cast_shell: [3080:3118:INFO:metrics_recorder.cc(282)] Record action: Setup.state.BLE
04-09 15:09:21.140  3077  3077 I cast_shell: [3080:3088:ERROR:connectivity_checker_impl.cc(265)] Connectivity check failed: 400
04-09 15:09:21.161  3077  3077 I cast_shell: [3080:3118:INFO:metrics_recorder.cc(282)] Record action: Setup.ip_address.BLE
04-09 15:09:21.164  2730  2742 I NetworkMonitor: turn off power-save
04-09 15:09:21.170  2730  2742 E DNSResolver: Error in connect: Network is unreachable
04-09 15:09:21.170  2730  2742 I chatty  : uid=0(root) /bin/net_mgr identical 4 lines
04-09 15:09:21.170  2730  2742 E DNSResolver: Error in connect: Network is unreachable
04-09 15:09:21.170  2730  2742 E HttpTimeSync: Error resolve name clients1.google.com
04-09 15:09:21.188  2730  2742 E HttpTimeSync: Error in curl perform, returns 6: Couldn't resolve host name
04-09 15:09:21.189  2730  2742 E HttpTimeSync: Failed in getting HTTP header from http://clients1.google.com/generate_204
04-09 15:09:21.207  3333  3333 D dhcpcd  : wlan0: Router Advertisement from fe80::cab3:73ff:fe44:aeed
04-09 15:09:21.208  3333  3333 D dhcpcd  : wlan0: adding address fd70:d3e7:6555:0:ce90:93ff:fe21:f384/64
04-09 15:09:21.208  3333  3333 D dhcpcd  : wlan0: adding address fd70:d3e7:6555:0:ed80:29f0:10d3:242a/64
04-09 15:09:21.209  3333  3333 D dhcpcd  : wlan0: adding route to fd70:d3e7:6555::/64
04-09 15:09:21.210  3333  3333 D dhcpcd  : wlan0: requesting DHCPv6 information
04-09 15:09:21.269  3333  3333 D dhcpcd  : wlan0: soliciting a DHCP lease
04-09 15:09:21.269  3333  3333 D dhcpcd  : wlan0: sending DISCOVER (xid 0xdf84bec3), next in -15954498456847877696544561868973747083698076206766709986322607917076348308510939287806187152759180419737496118563196621251676278891882278300747914480872865169080580061415882099692984623714871428353129137216939657930347269969901122443060533735156110410264987614314496.0 seconds
04-09 15:09:21.461  3077  3077 I cast_shell: [3080:3118:INFO:metrics_recorder.cc(282)] Record action: Setup.eureka_info.Local
04-09 15:09:21.462  3077  3077 I cast_shell: [3080:3118:INFO:metrics_recorder.cc(282)] Record action: Setup.eureka_info.Local.200
04-09 15:09:21.463  2730  2741 E DNSResolver: Error in connect: Network is unreachable
04-09 15:09:21.464  2730  2741 I chatty  : uid=0(root) MonitorThread identical 4 lines
04-09 15:09:21.464  2730  2741 E DNSResolver: Error in connect: Network is unreachable
04-09 15:09:21.464  2730  2741 E HttpTimeSync: Error resolve name clients1.google.com
04-09 15:09:21.465  2730  2741 E HttpTimeSync: Error in curl perform, returns 6: Couldn't resolve host name
04-09 15:09:21.465  2730  2741 E HttpTimeSync: Failed in getting HTTP header from http://clients1.google.com/generate_204
04-09 15:09:21.703  3077  3077 I cast_shell: [3080:3118:INFO:metrics_recorder.cc(282)] Record action: Setup.version.BLE
04-09 15:09:21.732  3077  3077 I cast_shell: [3080:3118:INFO:metrics_recorder.cc(282)] Record action: Setup.tos_accepted.BLE
04-09 15:09:21.762  3077  3077 I cast_shell: [3080:3118:INFO:metrics_recorder.cc(282)] Record action: Setup.state.BLE
04-09 15:09:21.791  3077  3077 I cast_shell: [3080:3118:INFO:metrics_recorder.cc(282)] Record action: Setup.ip_address.BLE
04-09 15:09:22.146  3077  3077 I cast_shell: [3080:3088:ERROR:connectivity_checker_impl.cc(265)] Connectivity check failed: 400
04-09 15:09:22.333  3077  3077 I cast_shell: [3080:3118:INFO:metrics_recorder.cc(282)] Record action: Setup.version.BLE
04-09 15:09:22.334  3333  3333 D dhcpcd  : wlan0: received OFFER with xid 0xdf84bec3
04-09 15:09:22.334  3333  3333 D dhcpcd  : wlan0: offered 192.168.1.145 from 192.168.1.1
04-09 15:09:22.334  3333  3333 D dhcpcd  : wlan0: requesting lease of 192.168.1.145
04-09 15:09:22.334  3333  3333 D dhcpcd  : wlan0: sending REQUEST (xid 0xdf84bec3), next in -15954498456847877696544561868973747083698076206766709986322607917076348308510939287806187152759180419737496118563196621251676278891882278300747914480872865169080580061415882099692984623714871428353129137216939657930347269969901122443060533735156110410264987614314496.0 seconds
04-09 15:09:22.361  3077  3077 I cast_shell: [3080:3118:INFO:metrics_recorder.cc(282)] Record action: Setup.tos_accepted.BLE
04-09 15:09:22.378  2730  2742 I NetworkMonitor: turn off power-save
04-09 15:09:22.384  2730  2742 E DNSResolver: Error in connect: Network is unreachable
04-09 15:09:22.384  2730  2742 I chatty  : uid=0(root) /bin/net_mgr identical 4 lines
04-09 15:09:22.384  2730  2742 E DNSResolver: Error in connect: Network is unreachable
04-09 15:09:22.384  2730  2742 E HttpTimeSync: Error resolve name clients1.google.com
04-09 15:09:22.386  2730  2742 E HttpTimeSync: Error in curl perform, returns 6: Couldn't resolve host name
04-09 15:09:22.386  2730  2742 E HttpTimeSync: Failed in getting HTTP header from http://clients1.google.com/generate_204
04-09 15:09:22.391  3077  3077 I cast_shell: [3080:3118:INFO:metrics_recorder.cc(282)] Record action: Setup.state.BLE
04-09 15:09:22.410  2730  2742 I NetworkMonitor: turn off power-save
04-09 15:09:22.417  2730  2742 E DNSResolver: Error in connect: Network is unreachable
04-09 15:09:22.417  2730  2742 I chatty  : uid=0(root) /bin/net_mgr identical 4 lines
04-09 15:09:22.417  2730  2742 E DNSResolver: Error in connect: Network is unreachable
04-09 15:09:22.417  2730  2742 E HttpTimeSync: Error resolve name clients1.google.com
04-09 15:09:22.419  2730  2742 E HttpTimeSync: Error in curl perform, returns 6: Couldn't resolve host name
04-09 15:09:22.419  2730  2742 E HttpTimeSync: Failed in getting HTTP header from http://clients1.google.com/generate_204
04-09 15:09:22.421  3077  3077 I cast_shell: [3080:3118:INFO:metrics_recorder.cc(282)] Record action: Setup.ip_address.BLE
04-09 15:09:22.466  2730  2741 E DNSResolver: Error in connect: Network is unreachable
04-09 15:09:22.466  2730  2741 I chatty  : uid=0(root) MonitorThread identical 4 lines
04-09 15:09:22.466  2730  2741 E DNSResolver: Error in connect: Network is unreachable
04-09 15:09:22.466  2730  2741 E HttpTimeSync: Error resolve name clients1.google.com
04-09 15:09:22.467  2730  2741 E HttpTimeSync: Error in curl perform, returns 6: Couldn't resolve host name
04-09 15:09:22.467  2730  2741 E HttpTimeSync: Failed in getting HTTP header from http://clients1.google.com/generate_204
04-09 15:09:22.490  3333  3333 D dhcpcd  : wlan0: received ACK with xid 0xdf84bec3
04-09 15:09:22.490  3333  3333 D dhcpcd  : wlan0: acknowledged 192.168.1.145 from 192.168.1.1
04-09 15:09:22.490  3333  3333 D dhcpcd  : wlan0: leased 192.168.1.145 for 86400 seconds
04-09 15:09:22.492  3333  3333 D dhcpcd  : wlan0: adding route to 192.168.1.0/24
04-09 15:09:22.492  3333  3333 D dhcpcd  : wlan0: adding default route via 192.168.1.1
04-09 15:09:22.493  2960  2971 D wac-main: Netlink event
04-09 15:09:22.493  2960  2971 E wac-main: Netlink event 20 Interface Index 5 
04-09 15:09:22.493  2960  2971 E wac-main: Enter poll and wait
04-09 15:09:22.493  2710  2722 I yani_kernel: yani_geteventfrom_changeaddr() Message-Id '1' Netlink event '20' Interface Index '5' -> Name 'wlan0' 
04-09 15:09:22.500  2730  2742 I NetworkMonitor: turn off power-save
04-09 15:09:22.501  2710  2722 I yani_server: NetLink Event '2' Interface-Index '5' WLAN '-1' Ethernet '-1' Parsed-iFill '2' -> 'WLAN0 CONNECTED' ifIndex '1' -> 'lo'
04-09 15:09:22.501  2710  2722 I yani_server: doLotofWork() List of interface '5'
04-09 15:09:22.501  2710  2722 I yani_server: doLotofWork() Interface 'wlan0' ifr[0].ifr_name 'lo' ipaddress '127.0.0.1'
04-09 15:09:22.501  2710  2722 I yani_server: doLotofWork() Interface 'wlan0' ifr[1].ifr_name 'wlan0' ipaddress '192.168.1.145'
04-09 15:09:22.501  2710  2722 E yani_server: YANI GOT IP FOR IFACE=wlan0 IP=192.168.1.145 mstatus=0 mifacetype=1
04-09 15:09:22.501  2710  2722 I yani_server: doLotofWork() returns 'REFILL IP ASSIGNED'
04-09 15:09:22.501  2710  2722 I yani_autoip: stop_autoip() Thread-Running 'Yes'
04-09 15:09:22.502  2710  2813 I yani_server: onNetworkParametersChanged() WAC Mode '1'  Index '1' Interface 'wlan0' Status '1'
04-09 15:09:22.502  2710  3334 E yani_autoip: Force Exit AutoIP thread bytes '1' value 'q'
04-09 15:09:22.502  2710  3334 I yani_autoip: Exiting AutoIP thread return poll status 1
04-09 15:09:22.502  2727  2739 I MB_HANDLER: YaniAlert() Interface '1' Status '1'
04-09 15:09:22.502  2727  2739 E MB_HANDLER: SaveWifiSettingToENV
04-09 15:09:22.503  2710  2722 E yani_server: YANI: I am Done Wait For Event 
04-09 15:09:22.503  2727  2739 I wifiapi : newconn : 0xf5b00c40
04-09 15:09:22.504  2727  2739 I wifiapi : 'GET_NETWORK 0 ssid' command returned = 0
04-09 15:09:22.504  2727  2739 E MB_HANDLER: save ENV ssid = "Linksys16717_2G"
04-09 15:09:22.515  2711  2718 I lucitransport: writeRemoteMessage() MID = 124 buffer = 1#1,1#2,0#3,1#4,1
04-09 15:09:22.515  2711  2718 I luciUART: write() MID = 124  bytes = 27 data = 1#1,1#2,0#3,1#4,1 m_fd = 0x5
04-09 15:09:22.516  2728  2728 E AirableUIHelper: AirableUIHelper::YaniAlert  1 1 
04-09 15:09:22.516  2728  2728 E AirableUIHelper: Wlan is up
04-09 15:09:22.516  2967  2990 I otamanager: YaniAlert() Interface 1 Status Up
04-09 15:09:22.516  2967  2990 I otamanager: CreateFirmwareUpdateTimerOnYaniAlert done
04-09 15:09:22.517  2963  3013 I airplay-main: YaniAlert Interface 1 Status 1
04-09 15:09:22.518  2711  2718 I lucitransport: readRemoteMessage() MID char = 90 buffer = Lyric Speaker Box 21f384
04-09 15:09:22.522  2711  2719 E luciUART: UART:aa
04-09 15:09:22.522  2711  2719 E luciUART: UART:aa
04-09 15:09:22.522  2711  2719 E luciUART: UART:2
04-09 15:09:22.522  2711  2719 E luciUART: UART:0
04-09 15:09:22.522  2711  2719 E luciUART: UART:d0
04-09 15:09:22.523  2711  2719 E luciUART: UART:0
04-09 15:09:22.523  2711  2719 I chatty  : uid=0(root) UARTLUCIControl identical 2 lines
04-09 15:09:22.523  2711  2719 E luciUART: UART:0
04-09 15:09:22.523  2711  2719 E luciUART: UART:9
04-09 15:09:22.523  2711  2719 I luciUART: read() RemoteID = 43690 Command = 208 Type = 2 Status = 0 DataLen = 9
04-09 15:09:22.523  2711  2719 E luciUART: Error: full data not available yet! readBytes 0
04-09 15:09:22.523  2711  2719 I luciUART: Previous Packet read contd., 
04-09 15:09:22.523  2711  2719 E luciUART: UART:52
04-09 15:09:22.523  2711  2719 I luciUART: Previous Packet read contd., 
04-09 15:09:22.524  2711  2719 I luciUART: Previous Packet read contd., 
04-09 15:09:22.524  2711  2719 E luciUART: UART:44
04-09 15:09:22.524  2711  2719 I luciUART: Previous Packet read contd., 
04-09 15:09:22.524  2711  2719 E luciUART: UART:5f
04-09 15:09:22.524  2711  2719 I luciUART: Previous Packet read contd., 
04-09 15:09:22.524  2711  2719 E luciUART: UART:73
04-09 15:09:22.524  2711  2719 E luciUART: UART:64
04-09 15:09:22.524  2711  2720 E LUCI_SERVER: Luci Server Thread wait over MID 208....
04-09 15:09:22.524  2711  2720 E LUCI_SERVER: Got NV name : ssid
04-09 15:09:22.527  2711  2720 I luciUART: write() MID = 208  bytes = 30 data = ssid:Linksys16717_2G m_fd = 0x5
04-09 15:09:22.527  2711  2720 E LUCI_SERVER: NV_READ response= ssid:Linksys16717_2G
04-09 15:09:22.527  2711  2720 E LUCI_SERVER: Luci Server Thread waiting for packets....
04-09 15:09:22.600  2963  3379 I airplay-main: checkACPAvailability() err 0 -> Present!
04-09 15:09:22.601  2963  3379 D airplay-main: arguments[0] -> airplay_v2 -> airplay_v2
04-09 15:09:22.601  2963  3379 D airplay-main: arguments[1] -> -n -> -n
04-09 15:09:22.601  2963  3379 D airplay-main: arguments[2] -> Lyric Speaker Box 21f384 -> Lyric Speaker Box 21f384
04-09 15:09:22.602  2963  3379 D airplay-main: arguments[3] -> -z -> -z
04-09 15:09:22.602  2963  3379 D airplay-main: arguments[4] -> 1 -> 1
04-09 15:09:22.602  2963  3379 D airplay-main: arguments[5] -> -d -> -d
04-09 15:09:22.602  2963  3379 D airplay-main: arguments[6] -> 47617500 -> 47617500
04-09 15:09:22.602  2963  3379 D airplay-main: Total Number of Arguments 7
04-09 15:09:22.612  2963  3379 I airplay_v2_0_6: 2022-04-09 02:39:22.611503 [AirPlayDemo] homedir /data/ sUserPreferencesDirectoryPath /data//.airplaydemo 
04-09 15:09:22.688  2963  3379 I airplay-main: checkACPAvailability() err 0 -> Present!
04-09 15:09:22.769  2963  3401 I airplay_v2_0_6: 2022-04-09 02:39:22.769745 [AirPlayDemo] *********** AirPlayDemoPlatformSetProperty:homeIntegrationData value - 
04-09 15:09:22.769  2963  3401 I airplay_v2_0_6:     +0000: 62706c69 73743030 d101025f 10114343 |bplist00^^^_^^CC| (67 bytes)
04-09 15:09:22.769  2963  3401 I airplay_v2_0_6:     +0010: 3a39303a 39333a32 313a4633 3a3834d0 |:90:93:21:F3:84^|
04-09 15:09:22.770  2963  3401 I airplay_v2_0_6:     +0020: 080b1f00 00000000 00010100 00000000 |^^^^^^^^^^^^^^^^|
04-09 15:09:22.770  2963  3401 I airplay_v2_0_6:     +0030: 00000300 00000000 00000000 00000000 |^^^^^^^^^^^^^^^^|
04-09 15:09:22.770  2963  3401 I airplay_v2_0_6:     +0040: 000020                              |^^              |
04-09 15:09:22.772  2963  3403 I airplay_v2_0_6: 2022-04-09 02:39:22.772198 [AirPlayDemo] AirPlayDemoServerCopyProperty Password is <<NULL>>
04-09 15:09:22.782  2963  3401 I airplay_v2_0_6: 2022-04-09 02:39:22.782039 [AirPlayDemo] *********** AirPlayDemoPlatformSetProperty:homeIntegrationData value - 
04-09 15:09:22.782  2963  3401 I airplay_v2_0_6:     +0000: 62706c69 73743030 d101025f 10114343 |bplist00^^^_^^CC| (165 bytes)
04-09 15:09:22.782  2963  3401 I airplay_v2_0_6:     +0010: 3a39303a 39333a32 313a4633 3a3834d3 |:90:93:21:F3:84^
04-09 15:09:22.782  2963  3401 I airplay_v2_0_6: |
04-09 15:09:22.782  2963  3401 I airplay_v2_0_6:     +0020: 03040501 06075a69 64656e74 69666965 |^^^^^^Zidentifie|
04-09 15:09:22.782  2963  3401 I airplay_v2_0_6:     +0030: 7252736b 52706b4f 1020172c 6ba220de |rRskRpkO^ ^,k^ ^|
04-09 15:09:22.782  2963  3401 I airplay_v2_0_6:     +0040: 5fa7977f 21522e66 7b1d2ed5 326f0432 |_^^^!R.f{^.^2o^2|
04-09 15:09:22.782  2963  3401 I airplay_v2_0_6:     +0050: a3d2d08a b738bc37 dfbc4f10 20f3c651 |
04-09 15:09:22.782  2963  3401 I airplay_v2_0_6: ^^^^^8^7^^O^ ^^Q|
04-09 15:09:22.782  2963  3401 I airplay_v2_0_6:     +0060: fda6c55b 1f2a42e7 6895ccfa 4d787ee9 |^^^[^*B^h^^^Mx~^|
04-09 15:09:22.782  2963  3401 I airplay_v2_0_6:     +0070: 113ca54f 81c62d57 ec715ea8 12080b1f |^<^O^^-W^q^^^^^^|
04-09 15:09:22.782  2963  3401 I airplay_v2_0_6:     +0080: 26313437 5a000000 00000001 01000000 |&147Z^^^^^^^^^^^|
04-09 15:09:22.782  2963  3401 I airplay_v2_0_6:     +0090: 
04-09 15:09:22.782  2963  3401 I airplay_v2_0_6: 00000000 08000000 00000000 00000000 |^^^^^^^^^^^^^^^^|
04-09 15:09:22.782  2963  3401 I airplay_v2_0_6:     +00A0: 00000000 7d                         |^^^^}           |
04-09 15:09:22.783  2711  2718 I lucitransport: readRemoteMessage() MID char = 90 buffer = Lyric Speaker Box 21f384
04-09 15:09:22.784  2963  3379 I airplay_v2_0_6: 2022-04-09 02:39:22.784497 [AirPlay] Registering Bonjour _airplay._tcp. port 7000
04-09 15:09:22.786  2963  3401 I airplay_v2_0_6: 2022-04-09 02:39:22.786304 [AirPlayDemo] AirPlayDemoServerCopyProperty Password is <<NULL>>
04-09 15:09:22.787  2963  3403 I airplay_v2_0_6: 2022-04-09 02:39:22.787628 [AirPlayDemo] AirPlayDemoServerCopyProperty Password is <<NULL>>
04-09 15:09:22.788  2711  2718 I lucitransport: readRemoteMessage() MID char = 90 buffer = Lyric Speaker Box 21f384
04-09 15:09:22.789  2963  3379 I airplay_v2_0_6: 2022-04-09 02:39:22.789407 [AirPlay] Registering Bonjour CC909321F384@Lyric Speaker Box 21f384._raop._tcp. port 7000
04-09 15:09:22.789  2963  3379 I airplay_v2_0_6: 2022-04-09 02:39:22.789546 [AirPlay] AirPlay servers started
04-09 15:09:22.947  3077  3077 I cast_shell: [3080:3118:INFO:metrics_recorder.cc(282)] Record action: Setup.version.BLE
04-09 15:09:22.976  3077  3077 I cast_shell: [3080:3118:INFO:metrics_recorder.cc(282)] Record action: Setup.tos_accepted.BLE
04-09 15:09:23.006  3077  3077 I cast_shell: [3080:3118:INFO:metrics_recorder.cc(282)] Record action: Setup.state.BLE
04-09 15:09:23.036  3077  3077 I cast_shell: [3080:3118:INFO:metrics_recorder.cc(282)] Record action: Setup.ip_address.BLE
04-09 15:09:23.578  3077  3077 I cast_shell: [3080:3118:INFO:metrics_recorder.cc(282)] Record action: Setup.version.BLE
04-09 15:09:23.606  3077  3077 I cast_shell: [3080:3118:INFO:metrics_recorder.cc(282)] Record action: Setup.tos_accepted.BLE
04-09 15:09:23.636  3077  3077 I cast_shell: [3080:3118:INFO:metrics_recorder.cc(282)] Record action: Setup.state.BLE
04-09 15:09:23.666  3077  3077 I cast_shell: [3080:3118:INFO:metrics_recorder.cc(282)] Record action: Setup.ip_address.BLE
04-09 15:09:23.730  2730  2742 I HttpTimeSync: Building resolve list for clients1.google.com, total 1.
04-09 15:09:23.730  2730  2742 I HttpTimeSync: 	0: 142.251.36.142
04-09 15:09:25.265  2964  2988 I SPOTIFY : ConnectionNotify event(0-Login, 1-Logout, rest Error) = 7 
04-09 15:09:25.438  2730  2742 I HttpTimeSync: Http time synced
04-09 15:09:25.439  2730  2742 I NetworkMonitor: turn off power-save
04-09 15:09:25.561  3077  3077 I cast_shell: [3080:3118:INFO:metrics_recorder.cc(282)] Record action: Setup.version.BLE
04-09 15:09:25.604  3077  3077 I cast_shell: [3080:3118:INFO:metrics_recorder.cc(282)] Record action: Setup.tos_accepted.BLE
04-09 15:09:25.634  3077  3077 I cast_shell: [3080:3118:INFO:metrics_recorder.cc(282)] Record action: Setup.state.BLE
04-09 15:09:25.664  3077  3077 I cast_shell: [3080:3118:INFO:metrics_recorder.cc(282)] Record action: Setup.ip_address.BLE
04-09 15:09:25.852  3077  3077 I cast_shell: [3080:3088:INFO:connectivity_checker_impl.cc(144)] Change check url=http://connectivitycheck.gstatic.com/generate_204
04-09 15:09:25.852  3077  3077 I cast_shell: [3080:3088:INFO:connectivity_checker_impl.cc(148)] Global connection is: Up
04-09 15:09:25.857  3080  3091 E         : OOBE CheckUpdate
04-09 15:09:25.858  3077  3077 I cast_shell: [3080:3118:WARNING:setup_manager_impl.cc(1100)] NAT not supported, no captive portal support.
04-09 15:09:25.858  3077  3077 I cast_shell: [3080:3080:INFO:ccs_transport_gcm.cc(102)] Registering GCM handler
04-09 15:09:25.858  3077  3077 I cast_shell: [3080:3080:INFO:gcm_manager.cc(258)] Enabling GCM Driver
04-09 15:09:25.858  3077  3077 I cast_shell: [3080:3080:INFO:lycra_gcm.cc(121)] Registering GCM handler.
04-09 15:09:25.858  3077  3077 I cast_shell: [3080:3080:INFO:api_reboot.cc(321)] active_activities count=0
04-09 15:09:25.858  3077  3077 I cast_shell: [3080:3080:INFO:cloud_settings_manager.cc(431)] Connectivity established. Reconciling cloud settings.
04-09 15:09:25.858  3077  3077 I cast_shell: [3080:3080:INFO:cloud_settings_manager.cc(195)] Cloud settings is disabled.
04-09 15:09:25.858  3077  3077 I cast_shell: [3080:3129:INFO:v2_transport.cc(681)] V2TransportImpl::CreatSelfSignedCertificateWithKey called.
04-09 15:09:25.866  3077  3077 I cast_shell: [3080:3080:INFO:cast_receiver_impl.cc(1093)] Entering discovery-only mode
04-09 15:09:25.866  3077  3077 I cast_shell: [3080:3080:INFO:application_config_manager_impl.cc(575)] Disabling virtual device 3af42edc-f424-9394-99cb-24b25941e214
04-09 15:09:25.866  3077  3077 I cast_shell: [3080:3128:INFO:mdns_cast_service.cc(351)] Device discovery state is setup-only
04-09 15:09:25.866  3077  3077 I cast_shell: [3080:3128:INFO:mdns_util.cc(102)] Defaulting mDNS capabilities for audio-only build
04-09 15:09:25.869  2710  2722 I yani_server: NetLink Event '-1' Interface-Index '5' WLAN '0' Ethernet '-1' Parsed-iFill '-1' -> 'INVALID' ifIndex '1' -> 'lo'
04-09 15:09:25.877  3077  3077 I cast_shell: [3080:3080:INFO:device_info_impl.cc(1094)] Primary netif changed: new=wlan0, old=usb0
04-09 15:09:25.877  3077  3077 I cast_shell: [3080:3080:INFO:device_info_impl.cc(1103)] Primary IP address changed: netif=wlan0, new=192.168.1.145, old=192.168.10.1
04-09 15:09:25.877  3077  3077 I cast_shell: [3080:3118:WARNING:setup_manager_impl.cc(1136)] NAT not supported, no captive portal support.
04-09 15:09:25.877  3077  3077 I cast_shell: [3080:3080:INFO:cast_receiver_impl.cc(1612)] mDNS Discovery stopped.
04-09 15:09:25.877  3077  3077 I cast_shell: [3080:3080:INFO:cast_receiver_impl.cc(1679)] Network is globally connected. Schedule config downloading if necessary.
04-09 15:09:25.883  3077  3077 I cast_shell: [3080:3090:ERROR:unix_stream_client_socket.cc(52)] Cannot connect unix socket: /dev/socket/panel: No such file or directory (2)
04-09 15:09:25.883  3077  3077 I cast_shell: [3080:3090:ERROR:led_controller_ipc.cc(84)] Could not create IPC client for socket: /dev/socket/panel
04-09 15:09:25.884  3077  3077 I cast_shell: [3080:3128:INFO:mdns_app_filter.cc(1709)] MdnsAppFilter is stopping; closing socket: address=192.168.2.1
04-09 15:09:25.884  3077  3077 I cast_shell: [3080:3128:INFO:metrics_recorder.cc(282)] cast event: Cast.Discovery.Mdns.SocketDestroyed
04-09 15:09:25.884  3077  3077 I cast_shell: [3080:3128:INFO:mdns_app_filter.cc(1709)] MdnsAppFilter is stopping; closing socket: address=192.168.10.1
04-09 15:09:25.884  3077  3077 I cast_shell: [3080:3128:INFO:metrics_recorder.cc(282)] cast event: Cast.Discovery.Mdns.SocketDestroyed
04-09 15:09:25.901  3077  3077 I cast_shell: [3080:3129:INFO:transport_creds.cc(151)] Self-signed certificate created: CN=3af42edc-f424-9394-99cb-24b25941e214
04-09 15:09:25.901  2961  3155 I LibreCastControlDelegate: OnCastStatus() +++ Lyric Speaker Box 21f384:0xab4d9198:NOT_SETUP
04-09 15:09:25.901  2961  3155 I LibreCastControlDelegate: Device Build Number -> '1.52.272222'
04-09 15:09:25.901  2961  3155 I librecast: updateCastBuildVersion() Version 1.52.272222
04-09 15:09:25.902  2711  2718 I lucitransport: readRemoteMessage() MID char = 7 buffer = 1.52.272222
04-09 15:09:25.902  2961  3155 I LibreCastControlDelegate: Active Applications -> 0
04-09 15:09:25.902  2961  3155 I LibreCastControlDelegate: Current Cast State '2' -> 'NOT_SETUP'
04-09 15:09:25.902  2961  3155 I LibreCastControlDelegate: OnCastStatus() ---
04-09 15:09:25.919  3077  3077 I cast_shell: [3080:3080:INFO:config_downloader.cc(489)] Downloading config: headers (excl. auth) ='Accept: application/protobuf', url=https://clients5.google.com/cast/chromecast/device/baseconfig?m=LSB&M=COTODAMA&p=LS10+Platform&b=1.52.272222&c=wifi&r=beta-channel&pt=3&ln=&d=DE4F95FFA64D5E74B026&at=1
04-09 15:09:26.023  3077  3077 I cast_shell: [3080:3088:INFO:parent_tracker.cc(237)] Network changed
04-09 15:09:26.023  3077  3077 I cast_shell: [3080:3088:INFO:parent_tracker.cc(135)] Now using local address [PII](192.168.1.145)
04-09 15:09:26.023  3077  3077 I cast_shell: [3080:3088:INFO:directory_service_impl.cc(200)] This device became root
04-09 15:09:26.028  3077  3077 I cast_shell: [3080:3131:INFO:multizone_manager.cc(2131)] Updated leader quality: 49807406
04-09 15:09:26.030  2967  3000 E otamanager: lo not valid Interface for MAC ID
04-09 15:09:26.030  2967  3000 D otamanager: OTA: wlan IP = 192.168.1.145
04-09 15:09:26.030  2967  3000 I otamanager: OTA:checkIP mac = cc909321f384  IP = 192.168.1.145 
04-09 15:09:26.037  2967  3000 I otamanager: DownloadHttpContent firmware version = eng.C4A.1203
04-09 15:09:26.041  3077  3077 I cast_shell: [3080:3128:INFO:mdns_app_filter.cc(1120)] Skipping IPv6 interface that also has an IPv4 address: wlan0
04-09 15:09:26.042  3077  3077 I chatty  : uid=1000(chrome) /bin/logwrapper identical 2 lines
04-09 15:09:26.042  3077  3077 I cast_shell: [3080:3128:INFO:mdns_app_filter.cc(1120)] Skipping IPv6 interface that also has an IPv4 address: wlan0
04-09 15:09:26.042  3077  3077 I cast_shell: [3080:3128:INFO:metrics_recorder.cc(282)] cast event: Cast.Discovery.Mdns.SocketCreated
04-09 15:09:26.042  3077  3077 I cast_shell: [3080:3128:INFO:mdns_app_filter.cc(1254)] Created mDNS socket for interface:name=wlan0, address=192.168.1.145, index=5
04-09 15:09:26.042  3077  3077 I cast_shell: [3080:3128:INFO:metrics_recorder.cc(282)] cast event: Cast.Discovery.Mdns.SocketCreated
04-09 15:09:26.042  3077  3077 I cast_shell: [3080:3128:INFO:mdns_app_filter.cc(1254)] Created mDNS socket for interface:name=p2p1, address=192.168.2.1, index=7
04-09 15:09:26.042  3077  3077 I cast_shell: [3080:3128:INFO:metrics_recorder.cc(282)] cast event: Cast.Discovery.Mdns.SocketCreated
04-09 15:09:26.042  3077  3077 I cast_shell: [3080:3128:INFO:mdns_app_filter.cc(1254)] Created mDNS socket for interface:name=usb0, address=192.168.10.1, index=9
04-09 15:09:26.042  3077  3077 I cast_shell: [3080:3128:INFO:mdns_app_filter.cc(977)] MdnsAppFilter is starting.
04-09 15:09:26.206  3077  3077 I cast_shell: [3080:3118:INFO:metrics_recorder.cc(282)] Record action: Setup.version.BLE
04-09 15:09:26.234  3077  3077 I cast_shell: [3080:3118:INFO:metrics_recorder.cc(282)] Record action: Setup.tos_accepted.BLE
04-09 15:09:26.264  3077  3077 I cast_shell: [3080:3118:INFO:metrics_recorder.cc(282)] Record action: Setup.state.BLE
04-09 15:09:26.294  3077  3077 I cast_shell: [3080:3118:INFO:metrics_recorder.cc(282)] Record action: Setup.ip_address.BLE
04-09 15:09:26.328  3077  3077 I cast_shell: [3080:3118:INFO:ble_setup.cc(322)] Record action: Setup.set_eureka_info.BLE
04-09 15:09:26.329  3077  3077 I cast_shell: [3080:3118:INFO:timezone_settings.cc(288)] Setting system timezone to Asia/Kolkata
04-09 15:09:26.329  3077  3077 I cast_shell: [3080:3131:INFO:multizone_group.cc(357)] Change name for group [PII](68B5A42E7B974D4D9986C4F5A3330138) to [PII](Bedroom speaker 2)
04-09 15:09:26.329  3077  3077 I cast_shell: [3080:3118:INFO:locale_manager.cc(511)] New timezone: Asia/Kolkata
04-09 15:09:26.329  3077  3077 I cast_shell: [3080:3118:INFO:locale_manager.cc(539)] New time format: 24-hour
04-09 15:09:26.337  3077  3077 I cast_shell: [3080:3080:INFO:device_info_impl.cc(1133)] SSDP Config ID is increased: id=4
04-09 15:09:26.337  3077  3077 I cast_shell: [3080:3080:INFO:device_info_impl.cc(1133)] SSDP Config ID is increased: id=5
04-09 15:09:26.338  2732  2765 I bluetoothtbd: [0409/023926.338530:INFO:adapter.cc(551)] Adapter properties changed
04-09 15:09:26.338  2732  2765 I bluetoothtbd: [0409/023926.338661:INFO:adapter.cc(573)] Adapter name changed
04-09 15:09:26.339  3077  3077 I cast_shell: [3080:3118:INFO:bluetooth_manager.cc(1232)] [PII] Set device name to 'Bedroom speaker 2'
04-09 15:09:26.351  2967  3000 I otamanager: OTA:ResolveDNSName IP = 3.213.213.19
04-09 15:09:26.351  2967  3000 I otamanager: OTA:hostIp string: https://3.213.213.19/v1
04-09 15:09:26.351  2967  3000 I otamanager: OTA: trying after 2 sec 
04-09 15:09:26.353  2732  2765 I bluetoothtbd: [0409/023926.353772:INFO:adapter.cc(551)] Adapter properties changed
04-09 15:09:26.354  2732  2765 I bluetoothtbd: [0409/023926.354056:INFO:adapter.cc(573)] Adapter name changed
04-09 15:09:26.354  3077  3077 I cast_shell: [3080:3118:INFO:bluetooth_manager.cc(1232)] [PII] Set device name to 'Bedroom speaker 2'
04-09 15:09:26.355  2961  3155 I LibreCastControlDelegate: OnCastStatus() +++ Bedroom speaker 2:0xab4d9198:NOT_SETUP
04-09 15:09:26.356  2961  3155 I LibreCastControlDelegate: Device Build Number -> '1.52.272222'
04-09 15:09:26.356  2961  3155 I librecast: updateCastBuildVersion() Version 1.52.272222
04-09 15:09:26.358  2961  3155 I LibreCastControlDelegate: Active Applications -> 0
04-09 15:09:26.358  2961  3155 I LibreCastControlDelegate: Current Cast State '2' -> 'NOT_SETUP'
04-09 15:09:26.358  2961  3155 I LibreCastControlDelegate: OnCastStatus() ---
04-09 15:09:26.359  2961  3155 I LibreCastControlDelegate: OnCastStatus() +++ Bedroom speaker 2:0xab4d9198:NOT_SETUP
04-09 15:09:26.360  2961  3155 I LibreCastControlDelegate: Device Build Number -> '1.52.272222'
04-09 15:09:26.360  2961  3155 I librecast: updateCastBuildVersion() Version 1.52.272222
04-09 15:09:26.360  2711  2718 I lucitransport: readRemoteMessage() MID char = 7 buffer = 1.52.272222
04-09 15:09:26.360  2961  3155 I LibreCastControlDelegate: Active Applications -> 0
04-09 15:09:26.360  2961  3155 I LibreCastControlDelegate: Current Cast State '2' -> 'NOT_SETUP'
04-09 15:09:26.360  2961  3155 I LibreCastControlDelegate: OnCastStatus() ---
04-09 15:09:26.361  3077  3077 I cast_shell: [3080:3128:INFO:mdns_util.cc(102)] Defaulting mDNS capabilities for audio-only build
04-09 15:09:26.361  3077  3077 I cast_shell: [3080:3118:INFO:metrics_recorder.cc(282)] cast event: Cast.System.Timezone.ChangeSuccessful
04-09 15:09:26.362  3077  3077 I cast_shell: [3080:3128:INFO:mdns_util.cc(102)] Defaulting mDNS capabilities for audio-only build
04-09 15:09:26.366  3077  3077 I cast_shell: [3080:3080:INFO:mdns_manager_impl.cc(429)] Successfully updated service: type=_googlecast
04-09 15:09:26.366  3077  3077 I cast_shell: [3080:3080:INFO:virtual_device.cc(296)] Updated mDNS service for virtual device: id=3af42edc-f424-9394-99cb-24b25941e214
04-09 15:09:26.366  3077  3077 I cast_shell: [3080:3080:INFO:mdns_manager_impl.cc(429)] Successfully updated service: type=_googlecast
04-09 15:09:26.366  3077  3077 I cast_shell: [3080:3080:INFO:virtual_device.cc(296)] Updated mDNS service for virtual device: id=3af42edc-f424-9394-99cb-24b25941e214
04-09 15:09:26.402  3077  3077 I cast_shell: [3080:3118:INFO:ble_setup.cc(322)] Record action: Setup.save_wifi.BLE
04-09 15:09:26.403  3077  3077 I cast_shell: [3080:3118:INFO:wifi_controller_wpa_supplicant.cc(692)] Clear bssid from config for network id 0
04-09 15:09:26.407  3077  3077 I cast_shell: [3080:3118:INFO:setup_manager_impl.cc(1725)] Report action: Wifi.FirstConfigured
04-09 15:09:26.852  3077  3077 I cast_shell: [3080:3118:INFO:ble_setup.cc(789)] Missing required info for sign.
04-09 15:09:26.896  3077  3077 I cast_shell: [3080:3118:INFO:ble_setup.cc(915)] Sign related info completed, no future EurekaInfo need sign.
04-09 15:09:26.897  3077  3077 I cast_shell: [system_updater_dummy.cpp(139)] CheckUpdate 139
04-09 15:09:26.897  3077  3077 I cast_shell: [system_updater_dummy.cpp(148)] CheckUpdate 148 return
04-09 15:09:27.284  3077  3077 I cast_shell: [3080:3128:INFO:mdns_app_filter.cc(1403)] MdnsAppFilter: Done probing.
04-09 15:09:27.398  3077  3077 I cast_shell: [3080:3115:INFO:snr_tracker.cc(50)] snr = 50
04-09 15:09:27.451  3077  3077 I cast_shell: [3080:3118:INFO:metrics_recorder.cc(282)] Record action: Setup.state.BLE
04-09 15:09:27.584  3077  3077 I cast_shell: [3080:3080:INFO:lycra_gcm.cc(212)] Registered GCM handler
04-09 15:09:27.664  3077  3077 I cast_shell: [3080:3080:INFO:ccs_transport_gcm.cc(244)] Registered GCM handler
04-09 15:09:27.664  3077  3077 I cast_shell: [3080:3080:INFO:ccs_manager_impl.cc(1322)] Waiting for all transports to be enabled
04-09 15:09:27.921  3077  3077 I cast_shell: [system_updater_dummy.cpp(139)] CheckUpdate 139
04-09 15:09:27.922  3077  3077 I cast_shell: [system_updater_dummy.cpp(148)] CheckUpdate 148 return
04-09 15:09:28.290  3077  3077 I cast_shell: [3080:3080:INFO:grpc_service_discovery_impl.cc(185)] Mdns discovered google RPC for [PII](68B5A42E7B974D4D9986C4F5A3330138).
04-09 15:09:28.299  3077  3077 I cast_shell: [3080:3086:INFO:crl_downloader.cc(155)] CRL processed.
04-09 15:09:28.300  3077  3077 I cast_shell: [3080:3086:INFO:metrics_recorder.cc(282)] cast event: Cast.CRL.DownloadSuccess
04-09 15:09:28.302  3077  3077 I cast_shell: [3080:3086:INFO:client_auth_signer.cc(211)] Cast certificate verification: CastCertError::OK
04-09 15:09:28.302  3077  3077 I cast_shell: [3080:3086:INFO:metrics_recorder.cc(282)] cast event: Cast.Auth.OK
04-09 15:09:28.487  3077  3077 I cast_shell: [3080:3118:INFO:metrics_recorder.cc(282)] Record action: Setup.state.BLE
04-09 15:09:28.869  3077  3077 I cast_shell: [3080:3088:INFO:heartbeat_manager.cc(272)] Set HBInterval default: 1680000
04-09 15:09:28.870  3077  3077 I cast_shell: [3080:3080:INFO:gcm_manager.cc(233)] GCM connection established.
04-09 15:09:28.875  3077  3077 I cast_shell: [3080:3080:INFO:config_downloader.cc(700)] Received Protobuf config response
04-09 15:09:28.898  3077  3077 I cast_shell: [3080:3080:INFO:application_manager_impl.cc(2024)] max_background_apps changed to: 1
04-09 15:09:28.898  3077  3077 I cast_shell: [3080:3080:ERROR:modular_update_manager_impl.cc(382)] No modular updater app ID can be found in device config.
04-09 15:09:28.908  3077  3077 I cast_shell: [3080:3080:INFO:ccs_settings.cc(262)] CcsSettings using CCS url https://clients5.google.com/cast/cloudcast/
04-09 15:09:28.931  3077  3077 I cast_shell: [3080:3080:INFO:application_config_manager_impl.cc(528)] Setting default remote control app ID: 1374D8AA
04-09 15:09:28.931  3077  3077 I cast_shell: [3080:3080:INFO:application_identification_settings.cc(410)] new ApplicationIdentificationSettings session_id: 77db3e53-dfb4-43ca-90d0-f13023633a18 app_id: 38579375 flags: 7 headers: 512
04-09 15:09:28.931  3077  3077 I cast_shell: [3080:3080:WARNING:ccs_manager_impl.cc(1566)] Device does not have a weave device id
04-09 15:09:28.931  3077  3077 I cast_shell: [3080:3080:INFO:mdns_util.cc(102)] Defaulting mDNS capabilities for audio-only build
04-09 15:09:28.931  3077  3077 I cast_shell: [3080:3080:INFO:mdns_util.cc(102)] Defaulting mDNS capabilities for audio-only build
04-09 15:09:28.931  3077  3077 I cast_shell: [3080:3080:INFO:ccs_transport_https.cc(1203)] No cloud settings for register request
04-09 15:09:28.937  3077  3077 I cast_shell: [3080:3080:INFO:ccs_manager_impl.cc(1496)] Registering device with CCS: message_id = 9d4128bb-e871-4dd2-9940-a1601a3d31de
04-09 15:09:28.937  3077  3077 I cast_shell: [3080:3080:INFO:ccs_manager_impl.cc(1497)] [PII] device_id = 68B5A42E7B974D4D9986C4F5A3330138
04-09 15:09:28.937  3077  3077 I cast_shell: [3080:3080:INFO:application_identification_settings.cc(410)] new ApplicationIdentificationSettings session_id: 87959865-ef0e-475b-b137-387cced37422 app_id: 38579375 flags: 7 headers: 512
04-09 15:09:28.937  3077  3077 I cast_shell: [3080:3080:INFO:robot_account_auth_manager.cc(470)] Successfully initialized JWT for 38579375
04-09 15:09:28.937  3077  3077 I cast_shell: [3080:3080:INFO:config_downloader.cc(900)] Clearing local config cache
04-09 15:09:28.939  3077  3077 I cast_shell: [3080:3080:INFO:metrics_recorder.cc(282)] Record action: Cast.DCS.DownloadSuccess
04-09 15:09:28.939  3077  3077 I cast_shell: [3080:3080:INFO:key_exchange_namespace_handler.cc(178)] Changing key_exchange_support capability
04-09 15:09:28.941  2961  3155 I LibreCastControlDelegate: OnCastStatus() +++ Bedroom speaker 2:0xab4d9198:NOT_SETUP
04-09 15:09:28.941  2961  3155 I LibreCastControlDelegate: Device Build Number -> '1.52.272222'
04-09 15:09:28.941  2961  3155 I librecast: updateCastBuildVersion() Version 1.52.272222
04-09 15:09:28.941  2711  2718 I lucitransport: readRemoteMessage() MID char = 7 buffer = 1.52.272222
04-09 15:09:28.942  2961  3155 I LibreCastControlDelegate: Active Applications -> 0
04-09 15:09:28.942  2961  3155 I LibreCastControlDelegate: Current Cast State '2' -> 'NOT_SETUP'
04-09 15:09:28.942  2961  3155 I LibreCastControlDelegate: OnCastStatus() ---
04-09 15:09:28.944  3077  3077 I cast_shell: [3080:3080:INFO:mdns_util.cc(102)] Defaulting mDNS capabilities for audio-only build
04-09 15:09:28.944  3077  3077 I cast_shell: [3080:3080:INFO:chromecast_service.cc(2229)] AoGH feature is: 0
04-09 15:09:28.944  3077  3077 I cast_shell: [3080:3128:INFO:mdns_util.cc(102)] Defaulting mDNS capabilities for audio-only build
04-09 15:09:28.944  3077  3077 I cast_shell: [3080:3080:INFO:chromecast_service.cc(2189)] Geolocation changed to: 0
04-09 15:09:28.944  3077  3077 I cast_shell: [3080:3080:INFO:lycra_transport.cc(301)] Feature flag changed: false
04-09 15:09:28.944  3077  3077 I cast_shell: [3080:3080:INFO:chromecast_service.cc(2248)] Playback disruption feature is: 1
04-09 15:09:28.944  3077  3077 I cast_shell: [3080:3080:INFO:playback_disruption_service.cc(328)] Playback disruption service enabled and running
04-09 15:09:28.945  3077  3077 I cast_shell: [3080:3080:INFO:ccs_manager_impl.cc(864)] Re-registering single CCS device
04-09 15:09:28.945  3077  3077 I cast_shell: [3080:3080:WARNING:ccs_manager_impl.cc(1566)] Device does not have a weave device id
04-09 15:09:28.945  3077  3077 I cast_shell: [3080:3080:INFO:mdns_util.cc(102)] Defaulting mDNS capabilities for audio-only build
04-09 15:09:28.945  3077  3077 I cast_shell: [3080:3080:INFO:mdns_util.cc(102)] Defaulting mDNS capabilities for audio-only build
04-09 15:09:28.945  3077  3077 I cast_shell: [3080:3080:INFO:ccs_transport_https.cc(1203)] No cloud settings for register request
04-09 15:09:28.945  3077  3077 I cast_shell: [3080:3080:INFO:application_identification_settings.cc(1120)] CreateJwt in progress; storing callback.
04-09 15:09:28.945  3077  3077 I cast_shell: [3080:3080:INFO:ccs_manager_impl.cc(1496)] Registering device with CCS: message_id = 440547d0-47a7-456d-b335-07484e280e59
04-09 15:09:28.945  3077  3077 I cast_shell: [3080:3080:INFO:ccs_manager_impl.cc(1497)] [PII] device_id = 68B5A42E7B974D4D9986C4F5A3330138
04-09 15:09:28.945  3077  3077 I cast_shell: [system_updater_dummy.cpp(139)] CheckUpdate 139
04-09 15:09:28.945  3077  3077 I cast_shell: [system_updater_dummy.cpp(148)] CheckUpdate 148 return
04-09 15:09:28.973  3077  3077 I cast_shell: [3080:3080:INFO:metrics_recorder.cc(282)] cast event: Cloud.Transport.Https.Register.Out
04-09 15:09:28.977  3077  3077 I cast_shell: [3080:3080:INFO:application_identification_settings.cc(1331)] CreateJwt completed; running all done signing callbacks.
04-09 15:09:28.977  3077  3077 I cast_shell: [3080:3080:INFO:robot_account_auth_manager.cc(496)] JWT expiry in 3600 seconds
