04-09 15:06:30.082  3004  3004 I sh      : Info: PostInstall(): PostInstall validation OK
04-09 15:06:30.082  3004  3004 I sh      : Info: main(): Post-Installation validation succeeded
04-09 15:06:30.139  3064  3064 I sh      : test: not integer: LSB
04-09 15:06:30.160  3064  3064 I sh      : test: not integer: d256
04-09 15:06:30.161  3064  3064 I sh      : Model : LSB, SSID-Suffix : d256
04-09 15:06:30.224  3065  3065 I cast_cli: [0409/023630.224049:INFO:package_utils.cc(186)] Run process_manager: /bin/logwrapper /system/chrome/process_manager --async --accept-resource-provider=true --alsa-enable-upsampling=true --alsa-output-avail-min=256 --alsa-output-buffer-size=4096 --alsa-output-period-size=512 --alsa-output-start-threshold=2048 --default-eureka-name-prefix=LSB --enable-background-apps=true --enable-hi-res-audio-support=true --enable-multizone=true --netif-for-unique-ids=wlan0 --ota-directory=/data/chrome/cache/ --setup-ssid-suffix=d256 --setup-support-guest-mode=0 --wpa-supplicant-unix-socket-path=/dev/socket/wpa_wlan0
04-09 15:06:30.252  3071  3071 I process_manager: [0409/023630.251532:INFO:process_manager.cc(348)] process manager initialized
04-09 15:06:30.252  3071  3071 I process_manager: [0409/023630.251951:INFO:process_manager.cc(399)] Process manager is starting
04-09 15:06:30.253  3071  3071 I process_manager: [0409/023630.252555:INFO:process_manager.cc(409)] Process manager successfully started with pid 3073
04-09 15:06:30.255  3065  3065 I cast_cli: [0409/023630.255049:INFO:cast_cli.cc(433)] Process manager successfully started as daemon
04-09 15:06:30.282  3073  3073 I process_manager: [0409/023630.282223:INFO:process_manager.cc(348)] process manager initialized
04-09 15:06:30.282  3073  3073 I process_manager: [0409/023630.282813:INFO:process_manager.cc(475)] Resuming manager from a previous state
04-09 15:06:30.316  3073  3073 I process_manager: [0409/023630.316116:INFO:package_utils.cc(186)] Run update_engine: /bin/logwrapper /system/chrome/update_engine --foreground --netif-for-unique-ids=eth0 --omaha-beta-app-id={c71af7c9-fb75-4084-9bb1-6483fae36524} --omaha-prod-app-id={c71af7c9-fb75-4084-9bb1-6483fae36524} --ota-directory=/chrome/cache/ --update-engine-unix-socket-path=/tmp/socket/updater --v=4 --netif-for-unique-ids=wlan0 --ota-directory=/data/chrome/cache/
04-09 15:06:30.317  3073  3073 I process_manager: [0409/023630.317228:INFO:package_utils.cc(186)] Run crash_uploader: /bin/logwrapper /system/chrome/crash_uploader
04-09 15:06:30.318  3073  3073 I process_manager: [0409/023630.318146:INFO:package_utils.cc(186)] Run cast_shell: /bin/logwrapper /system/chrome/cast_shell --accept-resource-provider=true --alsa-enable-upsampling=false --app-config-path=/fakeapp.conf --blink-platform-log-channels=Media --cast-control-unix-socket-path=/tmp/cast-control --default-eureka-name-prefix=Google Cast Speaker --disable-dial=true --disable-images-for-app-id=*|1B11061A --enable-background-apps=false --idle-screen=false --js-flags=--trace_gc --netif-for-unique-ids=eth0 --no-daily-reboot=true --ota-directory=/chrome/cache/ --setup-support-guest-mode=0 --skip-gpu-data-loading --update-engine-unix-socket-path=/tmp/socket/updater --accept-resource-provider=true --alsa-enable-upsampling=true --alsa-output-avail-min=256 --alsa-output-buffer-size=4096 --alsa-output-period-size=512 --alsa-output-start-threshold=2048 --default-eureka-name-prefix=LSB --enable-background-apps=true --enable-hi-res-audio-support=true --enable-multizone=true --netif-for-unique-ids=wlan0 --ota-directory=/data/chrome/cache/ --setup-ssid-suffix=d256 --setup-support-guest-mode=0 --wpa-supplicant-unix-socket-path=/dev/socket/wpa_wlan0
04-09 15:06:30.341  3076  3076 I crash_uploader: [0409/023630.341268:INFO:crash_uploader.cc(45)] Starting crash uploader...
04-09 15:06:30.344  3076  3076 I crash_uploader: [0409/023630.343854:ERROR:synchronized_minidump_manager.cc(251)] Lockfile did not parse correctly. 
04-09 15:06:30.349  3075  3075 I update_engine: [0409/023630.349332:INFO:main.cc(149)] Eureka Update Engine starting
04-09 15:06:30.350  3075  3075 I update_engine: [0409/023630.350418:INFO:update_check_scheduler.cc(77)] Next update check in 2700 seconds
04-09 15:06:30.350  3075  3075 I update_engine: [0409/023630.350688:INFO:string_based_ipc_server.cc(75)] Start IPC server: /tmp/socket/updater
04-09 15:06:30.351  3075  3075 I update_engine: [0409/023630.351014:INFO:unix_stream_server_socket.cc(62)] Unix server socket is created: /tmp/socket/updater
04-09 15:06:30.551  3077  3077 I cast_shell: [3080:3080:ERROR:pref_service_helper.cc(79)] Cannot initialize chromecast config: /data/chrome/.eureka.conf, pref_error=6
04-09 15:06:30.552  3077  3077 I cast_shell: [3080:3080:WARNING:discardable_shared_memory_manager.cc(194)] Less than 64MB of free space in temporary directory for shared memory files: 32
04-09 15:06:30.564  3077  3077 I cast_shell: Fontconfig warning: "/etc/fonts/fonts.conf", line 80: unknown element "blank"
04-09 15:06:30.750  3077  3077 I cast_shell: [3080:3080:INFO:cast_system_memory_pressure_evaluator.cc(167)] AdjustMemoryFractions: critical_memory_fraction_=0.25, moderate_memory_fraction_=0.4
04-09 15:06:30.756  3077  3077 I cast_shell: [3080:3080:INFO:cast_window_manager_aura.cc(198)] Starting window manager, bounds: 0,0 1x1
04-09 15:06:30.764  3077  3077 I cast_shell: [3080:3097:ERROR:mixer_connection.cc(91)] Failed to connect to mixer service: -102
04-09 15:06:30.764  3077  3077 I cast_shell: [3080:3080:WARNING:client_auth_manager.cc(94)] Old certificate is empty.
04-09 15:06:30.768  3077  3077 I cast_shell: [3080:3080:INFO:device_info_impl.cc(135)] [PII] Weave device ID: 
04-09 15:06:30.768  3077  3077 I cast_shell: [3080:3080:INFO:device_info_impl.cc(406)] MAC address for wlan0: CC:90:93:21:F3:84
04-09 15:06:30.768  3077  3077 I cast_shell: [3080:3080:INFO:device_info_impl.cc(431)] Device model id: COTODAMA.LS10 Platform.LSB
04-09 15:06:30.768  3077  3077 I cast_shell: [3080:3080:INFO:device_info_impl.cc(466)] Control Notifications: 0
04-09 15:06:30.768  3077  3077 I cast_shell: [3080:3080:ERROR:device_info_impl.cc(145)] Cannot read file: /data/bootid
04-09 15:06:30.768  3077  3077 I cast_shell: [3080:3080:INFO:device_info_impl.cc(482)] SSDP Boot ID: 0
04-09 15:06:30.768  3077  3077 I cast_shell: [3080:3080:INFO:device_info_impl.cc(486)] SSDP Config ID: 1
04-09 15:06:30.768  3077  3077 I cast_shell: [3080:3080:WARNING:secure_storage_impl.cc(85)] Device key not available yet.
04-09 15:06:30.768  3077  3077 I cast_shell: [3080:3080:INFO:cast_power_manager_provider.cc(26)] Creating DummyCastPowerManagerProvider
04-09 15:06:30.768  3077  3077 I cast_shell: [3080:3080:WARNING:auth_provider_impl.cc(72)] No IoT client_id found on the device. If device was FDRed please ignore this warning.
04-09 15:06:30.768  3077  3077 I cast_shell: [3080:3080:INFO:file_provider_impl.cc(67)] Initialized file provider with base dir: /data/chrome/auth
04-09 15:06:30.769  3077  3077 I cast_shell: [3080:3100:INFO:stream_mixer.cc(222)] Mixer health checker started
04-09 15:06:30.770  3077  3077 I cast_shell: [3080:3101:INFO:stream_mixer.cc(121)] Actual priority = 99, policy = 1
04-09 15:06:30.770  3077  3077 I cast_shell: [3080:3100:WARNING:post_processing_pipeline_parser.cc(65)] No post-processing config found at /etc/cast_audio.json.
04-09 15:06:30.770  3077  3077 I cast_shell: [3080:3100:WARNING:post_processing_pipeline_parser.cc(133)] No post-processor description found for "mix" in /etc/cast_audio.json. Using passthrough.
04-09 15:06:30.770  3077  3077 I cast_shell: [3080:3100:INFO:mixer_pipeline.cc(103)] 2 input channels to 'mix' group
04-09 15:06:30.770  3077  3077 I cast_shell: [3080:3100:WARNING:post_processing_pipeline_parser.cc(133)] No post-processor description found for "linearize" in /etc/cast_audio.json. Using passthrough.
04-09 15:06:30.770  3077  3077 I cast_shell: [3080:3100:INFO:mixer_pipeline.cc(124)] 2 input channels to 'linearize' group
04-09 15:06:30.770  3077  3077 I cast_shell: [3080:3102:INFO:audio_socket_service_uds.cc(44)] Using endpoint /tmp/mixer-service
04-09 15:06:30.770  3077  3077 I cast_shell: [3080:3100:INFO:alsa_volume_control.cc(43)] Opening mixer element "Master" on device "default"
04-09 15:06:30.776  3077  3077 I cast_shell: [3080:3100:INFO:alsa_volume_control.cc(219)] Volume device = default, element = Master
04-09 15:06:30.777  3077  3077 I cast_shell: [3080:3100:INFO:alsa_volume_control.cc(221)] Mute device = default, element = Master
04-09 15:06:30.777  3077  3077 I cast_shell: [3080:3100:INFO:alsa_volume_control.cc(234)] Idle device = default, elements = []
04-09 15:06:30.777  3077  3077 I cast_shell: [3080:3100:INFO:alsa_volume_control.cc(43)] Opening mixer element "Master" on device "default"
04-09 15:06:30.780  3077  3077 I cast_shell: [3080:3088:INFO:parent_tracker.cc(90)] [PII](68B5A42E7B974D4D9986C4F5A3330138) has hash 792549313, root wait is 8.1547 s
04-09 15:06:30.780  3077  3077 I cast_shell: [3080:3080:INFO:multizone_manager.cc(330)] Multizone features are enabled
04-09 15:06:30.780  3077  3077 I cast_shell: [3080:3080:INFO:cast_power_manager_provider.cc(26)] Creating DummyCastPowerManagerProvider
04-09 15:06:30.780  3077  3077 I cast_shell: [3080:3080:INFO:update_engine_client_with_ipc.cc(343)] Using IPC UpdateEngineClient
04-09 15:06:30.780  3077  3077 I cast_shell: [3080:3088:INFO:parent_tracker.cc(120)] Can't use IPv4
04-09 15:06:30.781  3077  3077 I cast_shell: [3080:3088:INFO:parent_tracker.cc(124)] Can't use IPv6
04-09 15:06:30.781  3077  3077 I cast_shell: [3080:3088:ERROR:parent_tracker.cc(125)] No valid interface for multicast
04-09 15:06:30.781  3080  3080 E         : Create
04-09 15:06:30.781  3080  3080 E         : OOBE IsSupported
04-09 15:06:30.781  3077  3077 I cast_shell: [3080:3088:INFO:directory_service_impl.cc(168)] Boot count is now 1
04-09 15:06:30.781  3077  3077 I cast_shell: [3080:3088:ERROR:socket_posix.cc(148)] bind() failed: Address already in use (98)
04-09 15:06:30.782  3077  3077 I cast_shell: [3080:3088:ERROR:tcp_listener.cc(64)] Listen failed: net::ERR_ADDRESS_IN_USE : 0.0.0.0:10101
04-09 15:06:30.782  3077  3077 I cast_shell: [3080:3088:ERROR:directory_service_impl.cc(213)] TCP listener error: -1
04-09 15:06:30.784  3077  3077 I cast_shell: [3080:3080:INFO:chromecast_service_client_default.cc(75)] System updater is supported, and this is first setup.
04-09 15:06:30.785  3077  3077 I cast_shell: [3080:3080:INFO:managed_mode_service.cc(345)] Starting in managed mode: 0
04-09 15:06:30.785  3077  3077 I cast_shell: [3080:3080:INFO:platform_client_auth_creds.cc(114)] Loaded client certificate. Key len = 2048 bits. Chain len = 2 (source FROM_CERT).
04-09 15:06:30.787  3077  3077 I cast_shell: [3080:3080:INFO:grpc_manager_impl.cc(245)] Registered service chromecast.LocalCloudcastService
04-09 15:06:30.787  3077  3077 I cast_shell: [3080:3080:INFO:grpc_manager_impl.cc(262)] Registered a handler ExecuteActionScript for service chromecast.LocalCloudcastService
04-09 15:06:30.787  3077  3077 I cast_shell: [3080:3080:INFO:grpc_manager_impl.cc(262)] Registered a handler ObserveDeviceStatus for service chromecast.LocalCloudcastService
04-09 15:06:30.787  3077  3077 I cast_shell: [3080:3080:INFO:grpc_manager_impl.cc(262)] Registered a handler GetDeviceStatus for service chromecast.LocalCloudcastService
04-09 15:06:30.788  3077  3077 I cast_shell: [3080:3080:INFO:grpc_manager_impl.cc(505)] GRPC[uri=[::]:0]: num_pending_calls=0, num_active_handlers=0, num_free_handlers=0
04-09 15:06:30.788  3077  3077 I cast_shell: [3080:3080:INFO:cast_power_manager_provider.cc(26)] Creating DummyCastPowerManagerProvider
04-09 15:06:30.788  3077  3077 I cast_shell: [3080:3080:INFO:cast_power_manager_provider.cc(26)] Creating DummyCastPowerManagerProvider
04-09 15:06:30.788  3077  3077 I cast_shell: [3080:3080:INFO:gcm_manager.cc(140)] GCM Dir = /data/chrome/gcm
04-09 15:06:30.788  3077  3077 I cast_shell: [3080:3080:INFO:gcm_manager.cc(258)] Enabling GCM Driver
04-09 15:06:30.788  3077  3077 I cast_shell: [3080:3080:INFO:grpc_manager_impl.cc(505)] GRPC[uri=]: num_pending_calls=0, num_active_handlers=0, num_free_handlers=0
04-09 15:06:30.789  3077  3077 I cast_shell: [3080:3080:INFO:lycra_gcm.cc(117)] Deferring GCM registration until connectivity is up.
04-09 15:06:30.852  3077  3077 I cast_shell: [3080:3080:WARNING:cloud_settings_manager.cc(513)] Cannot initialize device settings config: /data/chrome/cloud_settings/cloud_settings.prefs, pref_error=6
04-09 15:06:30.853  3077  3077 I cast_shell: [3080:3080:INFO:cloud_settings_manager.cc(195)] Cloud settings is disabled.
04-09 15:06:30.853  3077  3077 I cast_shell: [3080:3080:INFO:pref_metrics_manager.cc(66)] PrefMetricsManager started.
04-09 15:06:30.854  3077  3077 I cast_shell: [3080:3080:INFO:pref_control_service_impl.cc(142)] Loading prefs from /data/chrome/pref_control/pref_control.prefs
04-09 15:06:30.854  3077  3077 I cast_shell: [3080:3080:INFO:pref_control_service_impl.cc(602)] Registering pref Pref [Name:motion_sensing_pref,RestoreValue:1,ForceEnableParent:1,Value:1,Optin:1]
04-09 15:06:30.854  3077  3077 I cast_shell: [3080:3080:INFO:pref_control_service_impl.cc(602)] Registering pref Pref [Name:sleep_sensing_pref,RestoreValue:0,ForceEnableParent:1,Value:1,Optin:0]
04-09 15:06:30.855  3077  3077 I cast_shell: [3080:3080:INFO:pref_control_service_impl.cc(602)] Registering pref Pref [Name:sleep_disturbance_pref,RestoreValue:1,ForceEnableParent:0,Value:1,Optin:0]
04-09 15:06:30.855  3077  3077 I cast_shell: [3080:3080:INFO:pref_control_service_impl.cc(602)] Registering pref Pref [Name:sleep_coaching_pref,RestoreValue:1,ForceEnableParent:0,Value:1,Optin:0]
04-09 15:06:30.855  3077  3077 I cast_shell: [3080:3080:INFO:pref_control_service_impl.cc(602)] Registering pref Pref [Name:gesture_sensing_pref,RestoreValue:0,ForceEnableParent:1,Value:1,Optin:0]
04-09 15:06:30.855  3077  3077 I cast_shell: [3080:3080:INFO:pref_control_service_impl.cc(602)] Registering pref Pref [Name:play_and_pause_gesture_pref,RestoreValue:1,ForceEnableParent:0,Value:1,Optin:0]
04-09 15:06:30.855  3077  3077 I cast_shell: [3080:3080:INFO:pref_control_service_impl.cc(602)] Registering pref Pref [Name:snooze_alarm_gesture_pref,RestoreValue:1,ForceEnableParent:0,Value:1,Optin:0]
04-09 15:06:30.855  3077  3077 I cast_shell: [3080:3080:INFO:pref_control_service_impl.cc(602)] Registering pref Pref [Name:stop_timers_gesture_pref,RestoreValue:1,ForceEnableParent:0,Value:1,Optin:0]
04-09 15:06:30.855  3077  3077 I cast_shell: [3080:3080:INFO:pref_metrics_manager.cc(94)] Adding motion_sensing_pref to PrefMetricsManager.
04-09 15:06:30.855  3077  3077 I cast_shell: [3080:3080:INFO:pref_metrics_manager.cc(94)] Adding sleep_sensing_pref to PrefMetricsManager.
04-09 15:06:30.855  3077  3077 I cast_shell: [3080:3080:INFO:pref_metrics_manager.cc(94)] Adding sleep_disturbance_pref to PrefMetricsManager.
04-09 15:06:30.855  3077  3077 I cast_shell: [3080:3080:INFO:pref_metrics_manager.cc(94)] Adding sleep_coaching_pref to PrefMetricsManager.
04-09 15:06:30.856  3077  3077 I cast_shell: [3080:3080:INFO:pref_metrics_manager.cc(94)] Adding gesture_sensing_pref to PrefMetricsManager.
04-09 15:06:30.856  3077  3077 I cast_shell: [3080:3080:INFO:pref_metrics_manager.cc(94)] Adding play_and_pause_gesture_pref to PrefMetricsManager.
04-09 15:06:30.856  3077  3077 I cast_shell: [3080:3080:INFO:pref_metrics_manager.cc(94)] Adding snooze_alarm_gesture_pref to PrefMetricsManager.
04-09 15:06:30.856  3077  3077 I cast_shell: [3080:3080:INFO:pref_metrics_manager.cc(94)] Adding stop_timers_gesture_pref to PrefMetricsManager.
04-09 15:06:30.856  3077  3077 I cast_shell: [3080:3080:INFO:pref_control_service_impl.cc(107)] PrefControlService constructed.
04-09 15:06:30.856  3077  3077 I cast_shell: [3080:3080:INFO:grpc_manager_impl.cc(245)] Registered service chromecast.grpc_discovery.GrpcDiscoveryService
04-09 15:06:30.856  3077  3077 I cast_shell: [3080:3080:INFO:grpc_manager_impl.cc(262)] Registered a handler GetServiceInfo for service chromecast.grpc_discovery.GrpcDiscoveryService
04-09 15:06:30.857  3077  3077 I cast_shell: [3080:3080:INFO:grpc_manager_impl.cc(505)] GRPC[uri=unix:/tmp/hcp_ipc_auth.socket]: num_pending_calls=0, num_active_handlers=0, num_free_handlers=0
04-09 15:06:30.858  3077  3077 I cast_shell: [3080:3115:INFO:common_time.cc(128)] New common clock leader 68B5A42E7B974D4D9986C4F5A3330138, is_this_device = 1, IP = [::1]:10006, quality = 0
04-09 15:06:30.858  3077  3077 I cast_shell: [3080:3115:INFO:common_time.cc(158)] Set this device as common time source
04-09 15:06:30.858  3077  3077 I cast_shell: [3080:3080:INFO:grpc_manager_impl.cc(245)] Registered service usonia.ipc.Auth
04-09 15:06:30.858  3077  3077 I cast_shell: [3080:3080:INFO:grpc_manager_impl.cc(262)] Registered a handler Sign for service usonia.ipc.Auth
04-09 15:06:30.858  3077  3077 I cast_shell: [3080:3080:INFO:grpc_manager_impl.cc(262)] Registered a handler Verify for service usonia.ipc.Auth
04-09 15:06:30.858  3077  3077 I cast_shell: [3080:3080:INFO:grpc_manager_impl.cc(262)] Registered a handler AuthReady for service usonia.ipc.Auth
04-09 15:06:30.858  3077  3077 I cast_shell: [3080:3080:INFO:grpc_manager_impl.cc(245)] Registered service usonia.ipc.DistributedServiceDiscovery
04-09 15:06:30.859  3077  3077 I cast_shell: [3080:3080:INFO:grpc_manager_impl.cc(262)] Registered a handler UpdateServiceObservers for service usonia.ipc.DistributedServiceDiscovery
04-09 15:06:30.859  3077  3077 I cast_shell: [3080:3080:INFO:grpc_manager_impl.cc(262)] Registered a handler FetchAllPeerAddressList for service usonia.ipc.DistributedServiceDiscovery
04-09 15:06:30.859  3077  3077 I cast_shell: [3080:3080:INFO:grpc_manager_impl.cc(262)] Registered a handler ResolvePeerAddress for service usonia.ipc.DistributedServiceDiscovery
04-09 15:06:30.859  3077  3077 I cast_shell: [3080:3080:INFO:grpc_manager_impl.cc(262)] Registered a handler AddService for service usonia.ipc.DistributedServiceDiscovery
04-09 15:06:30.859  3077  3077 I cast_shell: [3080:3080:INFO:grpc_manager_impl.cc(262)] Registered a handler IsServiceAllowed for service usonia.ipc.DistributedServiceDiscovery
04-09 15:06:30.859  3077  3077 I cast_shell: [3080:3080:INFO:grpc_manager_impl.cc(245)] Registered service usonia.ipc.LeaderElector
04-09 15:06:30.859  3077  3077 I cast_shell: [3080:3080:INFO:grpc_manager_impl.cc(262)] Registered a handler LeaderElection for service usonia.ipc.LeaderElector
04-09 15:06:30.859  3077  3077 I cast_shell: [3080:3080:INFO:grpc_manager_impl.cc(245)] Registered service usonia.ipc.TimeSynchronizer
04-09 15:06:30.859  3077  3077 I cast_shell: [3080:3080:INFO:grpc_manager_impl.cc(262)] Registered a handler ObserveCommonTime for service usonia.ipc.TimeSynchronizer
04-09 15:06:30.861  3077  3077 I cast_shell: [3080:3080:INFO:grpc_manager_impl.cc(317)] Grpc server started in port 1
04-09 15:06:30.861  3077  3077 I cast_shell: [3080:3080:INFO:sensor_pref_manager.cc(84)] SensorPrefManager is disabled.
04-09 15:06:30.869  3077  3077 I cast_shell: [3080:3080:INFO:timezone_settings.cc(288)] Setting system timezone to America/Los_Angeles
04-09 15:06:30.869  3077  3077 I cast_shell: [3080:3080:INFO:daily_reboot_impl.cc(172)] Daily reboot is disabled
04-09 15:06:30.870  3077  3077 I cast_shell: [3080:3080:INFO:api_reboot.cc(321)] active_activities count=1
04-09 15:06:30.870  3077  3077 I cast_shell: [3080:3086:INFO:gamma_utils.cc(31)] Gamma calibration file is not present, use default LUT
04-09 15:06:30.871  3077  3077 I cast_shell: [3080:3080:INFO:cast_power_manager_provider.cc(26)] Creating DummyCastPowerManagerProvider
04-09 15:06:30.871  3077  3077 I chatty  : uid=1000(chrome) /bin/logwrapper identical 1 line
04-09 15:06:30.871  3077  3077 I cast_shell: [3080:3080:INFO:cast_power_manager_provider.cc(26)] Creating DummyCastPowerManagerProvider
04-09 15:06:30.874  3077  3077 I cast_shell: [3080:3086:INFO:tuning_manager.cc(118)] No file found at /etc/cast_audio.json
04-09 15:06:30.874  3077  3077 I cast_shell: [3080:3086:INFO:tuning_manager.cc(130)] No file found at /etc/cast_audio.json
04-09 15:06:30.874  3077  3077 I cast_shell: [3080:3080:INFO:setup_api_registry.cc(192)] Register external API: audio/delete_config
04-09 15:06:30.874  3077  3077 I cast_shell: [3080:3080:INFO:setup_api_registry.cc(192)] Register external API: audio/get_avail_processors
04-09 15:06:30.874  3077  3077 I cast_shell: [3080:3080:INFO:setup_api_registry.cc(192)] Register external API: audio/get_config
04-09 15:06:30.874  3077  3077 I cast_shell: [3080:3080:INFO:setup_api_registry.cc(192)] Register external API: audio/get_default_config
04-09 15:06:30.874  3077  3077 I cast_shell: [3080:3080:INFO:setup_api_registry.cc(192)] Register external API: audio/set_params
04-09 15:06:30.874  3077  3077 I cast_shell: [3080:3080:INFO:setup_api_registry.cc(192)] Register external API: audio/set_config
04-09 15:06:30.875  3077  3077 I cast_shell: [3080:3080:INFO:setup_api_registry.cc(192)] Register external API: user_eq/set_equalizer
04-09 15:06:30.875  3077  3077 I cast_shell: [3080:3080:INFO:capture_service_dummy.cc(11)] Dummy CaptureService.
04-09 15:06:30.878  3077  3077 I cast_shell: [3080:3080:INFO:setup_api_registry.cc(192)] Register external API: auto_media_volume
04-09 15:06:30.879  3077  3077 I cast_shell: [3080:3080:INFO:cast_thread_health_check.cc(53)] Receiver health check timeout: 15 seconds.
04-09 15:06:30.880  3077  3077 I cast_shell: [3080:3080:INFO:file_util.cc(28)] base_assistant_dir = /data/chrome
04-09 15:06:30.880  3077  3077 I cast_shell: [3080:3080:INFO:chromecast_service.cc(2189)] Geolocation changed to: 0
04-09 15:06:30.880  3077  3077 I cast_shell: [3080:3080:INFO:chromecast_service.cc(2229)] AoGH feature is: 0
04-09 15:06:30.881  3077  3077 I cast_shell: [3080:3080:INFO:chromecast_service.cc(2248)] Playback disruption feature is: 0
04-09 15:06:30.886  3077  3077 I cast_shell: [3080:3080:INFO:metrics_recorder.cc(112)] Metrics stat: total=0
04-09 15:06:30.887  3077  3077 I cast_shell: [3080:3103:INFO:media_manager_impl.cc(1043)] New device volume control type: new_type=1, old_type=0
04-09 15:06:30.887  3077  3077 I cast_shell: [3080:3103:INFO:media_manager_impl.cc(1066)] New device volume step interval: new_interval=0.02, old_interval=0
04-09 15:06:30.887  3077  3077 I cast_shell: [3080:3103:ERROR:media_manager_impl.cc(1294)] GetScreenResolution failed.
04-09 15:06:30.887  3077  3077 I cast_shell: [3080:3103:INFO:media_manager_impl.cc(343)] Media manager is initialized.
04-09 15:06:30.887  3077  3077 I cast_shell: [3080:3080:INFO:media_manager_impl.cc(269)] IsHdmiPlatform: 0
04-09 15:06:30.888  3077  3077 I cast_shell: [3080:3080:INFO:hds_settings.cc(136)] HdsSettings using HDS url https://preprod-home-devices.sandbox.google.com/
04-09 15:06:30.889  3077  3077 I cast_shell: [3080:3080:INFO:client_auth_creds.cc(173)] Device cert: 4D8AC5B9056A76852E4F FA:8F:CA:87:13:D1
04-09 15:06:30.890  3077  3077 I cast_shell: [3080:3080:INFO:client_auth_creds.cc(182)] Intermediate cert: LSB
04-09 15:06:30.890  3077  3077 I cast_shell: [3080:3080:INFO:client_auth_creds.cc(182)] Intermediate cert: Amlogic GVA Manufacturer Cert
04-09 15:06:30.890  3077  3077 I cast_shell: [3080:3080:INFO:client_auth_creds.cc(226)] Imported client auth cert.
04-09 15:06:30.890  3077  3077 I cast_shell: [3080:3080:INFO:client_auth_creds.cc(237)] Imported client auth private key
04-09 15:06:30.890  3077  3077 I cast_shell: [3080:3080:INFO:client_auth_signer.cc(155)] Created singleton instance of ClientAuthSigner.
04-09 15:06:30.891  3077  3077 I cast_shell: [3080:3080:INFO:client_auth_manager.cc(119)] Storing the certificate first used by the device.
04-09 15:06:30.948  3077  3077 I cast_shell: [3080:3080:WARNING:application_config_manager_impl.cc(253)] Cannot read application config file: /fakeapp.conf
04-09 15:06:30.948  3077  3077 I cast_shell: [3080:3080:INFO:application_manager_impl.cc(398)] Application manager is initialized.
04-09 15:06:30.949  3077  3077 I cast_shell: [3080:3080:INFO:mdns_cast_service.cc(156)] Device discovery state is idle
04-09 15:06:30.949  3077  3077 I cast_shell: [3080:3080:INFO:mdns_manager_impl.cc(177)] MdnsManager is initialized
04-09 15:06:30.950  3077  3077 I cast_shell: [3080:3080:INFO:config_downloader.cc(239)] Set config periodic interval: min=300, max=420
04-09 15:06:30.950  3077  3077 I cast_shell: [3080:3080:INFO:crl_downloader.cc(274)] Set CRL periodic interval: min=2160, max=2880
04-09 15:06:30.950  3077  3077 I cast_shell: [3080:3128:INFO:mdns_app_filter.cc(573)] MdnsAppFilter initialized
04-09 15:06:30.950  3077  3077 I cast_shell: [3080:3128:INFO:discovered_service_client.cc(102)] Registering new service PTR listener: _googlecast._tcp.local
04-09 15:06:30.950  3077  3077 I cast_shell: [3080:3129:INFO:v2_transport.cc(458)] Added Cast V2 endpoint: id=Tr@n$p0rt-0, socket_factory_id=[PII](*)
04-09 15:06:30.950  3077  3077 I cast_shell: [3080:3129:INFO:endpoint_with_namespace_handler.cc(103)] Added a namespace handler: local_id=Tr@n$p0rt-0, namespace=urn:x-cast:com.google.cast.tp.connection
04-09 15:06:30.951  3077  3077 I cast_shell: [3080:3129:INFO:endpoint_with_namespace_handler.cc(103)] Added a namespace handler: local_id=Tr@n$p0rt-0, namespace=urn:x-cast:com.google.cast.tp.heartbeat
04-09 15:06:30.951  3077  3077 I cast_shell: [3080:3129:INFO:endpoint_with_namespace_handler.cc(103)] Added a namespace handler: local_id=Tr@n$p0rt-0, namespace=urn:x-cast:com.google.cast.tp.deviceauth
04-09 15:06:30.951  3077  3077 I cast_shell: [3080:3129:INFO:v2_transport.cc(335)] V2Transport initialized.
04-09 15:06:30.951  3077  3077 I cast_shell: [3080:3080:INFO:hds_broker_impl.cc(121)] HDS type registered type.googleapis.com/home.hds.proto.device.relayedcasting.RelayedCastingPleaseConnectRequest
04-09 15:06:30.951  3077  3077 I cast_shell: [3080:3129:INFO:v2_transport.cc(411)] Added socket factory: id=domain-socket@/tmp/cast-control
04-09 15:06:30.951  3077  3077 I cast_shell: [3080:3080:INFO:mdns_util.cc(102)] Defaulting mDNS capabilities for audio-only build
04-09 15:06:30.951  3077  3077 I cast_shell: [3080:3080:INFO:virtual_device_manager.cc(138)] Added virtual device: id=[PII](3af42edc-f424-9394-99cb-24b25941e214)
04-09 15:06:30.952  3077  3077 I cast_shell: [3080:3080:INFO:ccs_manager_impl.cc(522)] Added CCS device
04-09 15:06:30.958  3077  3077 I cast_shell: [3080:3080:INFO:setup_manager_impl.cc(610)] release channel: beta-channel
04-09 15:06:30.958  3077  3077 I cast_shell: [3080:3080:INFO:locale_manager.cc(245)] No timezone yet.
04-09 15:06:30.959  3077  3077 I cast_shell: [3080:3118:INFO:net_util_shlib_support.cc(51)] Wifi interface found: wlan0
04-09 15:06:30.959  3077  3077 I cast_shell: [3080:3118:INFO:net_util_shlib_support.cc(51)] Wifi interface found: p2p0
04-09 15:06:30.959  3077  3077 I cast_shell: [3080:3118:INFO:net_util_shlib_support.cc(51)] Wifi interface found: p2p1
04-09 15:06:30.959  3077  3077 I cast_shell: [3080:3118:INFO:net_util_shlib_support.cc(51)] Wifi interface found: wfd0
04-09 15:06:30.959  3077  3077 I cast_shell: [3080:3118:INFO:wifi_controller_wpa_supplicant.cc(456)] Wifi is active: wifi_netif=wlan0
04-09 15:06:30.959  3077  3077 I cast_shell: [3080:3118:INFO:wpa_ctrl_wrapper_impl.cc(64)] wpa_ctrl is open: path=/dev/socket/wpa_wlan0, is_monitor=0
04-09 15:06:30.960  3077  3077 I cast_shell: [3080:3118:INFO:wpa_ctrl_wrapper_impl.cc(64)] wpa_ctrl is open: path=/dev/socket/wpa_wlan0, is_monitor=1
04-09 15:06:30.960  3077  3077 I cast_shell: [3080:3118:INFO:wifi_controller_wpa_supplicant.cc(487)] After initialization: current_wifi_index_=0
04-09 15:06:30.960  3077  3077 I cast_shell: [3080:3130:INFO:thread_watching_io_shlib.cc(81)] Start thread watching IO: WifiEventMonitor
04-09 15:06:30.963  3077  3077 I cast_shell: [3080:3118:INFO:setup_manager_impl.cc(732)] Initially set Google DNS servers: enable
04-09 15:06:30.963  3077  3077 I cast_shell: [3080:3118:INFO:setup_api_registry.cc(192)] Register external API: eureka_info
04-09 15:06:30.964  3077  3077 I cast_shell: [3080:3080:INFO:locale_manager.cc(274)] Current time format: 12-hour
04-09 15:06:30.964  3077  3077 I cast_shell: [3080:3080:INFO:locale_manager.cc(295)] No locale. Set default from factory: en-00
04-09 15:06:30.965  3077  3077 I cast_shell: [3080:3080:INFO:locale_manager.cc(329)] Use factory country code: 00
04-09 15:06:30.965  3077  3077 I cast_shell: [3080:3080:INFO:locale_manager.cc(639)] New country code: 00
04-09 15:06:30.965  3077  3077 I cast_shell: [3080:3080:INFO:setup_manager_impl.cc(645)] Initial activation date cached value: 
04-09 15:06:30.965  3077  3077 I cast_shell: [3080:3080:INFO:hds_broker_impl.cc(121)] HDS type registered type.googleapis.com/google.internal.home.foyer.v1.resources.IsDeviceReadyRequest
04-09 15:06:30.965  3077  3077 I cast_shell: [3080:3080:INFO:hds_broker_impl.cc(121)] HDS type registered type.googleapis.com/home.cloud.biz.EnterWeavePairingModeRequest
04-09 15:06:30.965  3077  3077 I cast_shell: [3080:3080:INFO:multizone_manager.cc(371)] Using SSL for control data
04-09 15:06:30.966  3077  3077 I cast_shell: [3080:3080:INFO:multizone_setup.cc(206)] OEM delay = 0 s
04-09 15:06:30.967  3077  3077 I cast_shell: [3080:3080:INFO:mdns_util.cc(102)] Defaulting mDNS capabilities for audio-only build
04-09 15:06:30.968  2709  2709 I wpa_supplicant: wlan0: CTRL-EVENT-REGDOM-CHANGE init=CORE type=WORLD
04-09 15:06:30.970  2710  2722 I yani_server: NetLink Event '-1' Interface-Index '5' WLAN '-1' Ethernet '-1' Parsed-iFill '-1' -> 'INVALID' ifIndex '1' -> 'lo'
04-09 15:06:30.970  3077  3077 I cast_shell: [3080:3131:INFO:multizone_group.cc(357)] Change name for group [PII](68B5A42E7B974D4D9986C4F5A3330138) to [PII](LSB3227)
04-09 15:06:30.970  3077  3077 I cast_shell: [3080:3080:WARNING:cast_crypto_keys_openssl_shlib.cc(83)] Invalid or no DKE value read.
04-09 15:06:30.970  3077  3077 I cast_shell: [3080:3080:WARNING:cast_crypto_keys_openssl_shlib.cc(95)] Invalid or no DKH value read.
04-09 15:06:30.970  3077  3077 I cast_shell: [3080:3080:WARNING:cast_crypto_keys_openssl_shlib.cc(151)] Invalid or no DKW value read/computed.
04-09 15:06:30.970  3077  3077 I cast_shell: [3080:3131:INFO:setup_api_registry.cc(192)] Register external API: multizone/aux_in
04-09 15:06:30.970  3077  3077 I cast_shell: [3080:3131:INFO:setup_api_registry.cc(192)] Register external API: multizone/disband_group
04-09 15:06:30.970  3077  3077 I cast_shell: [3080:3131:INFO:setup_api_registry.cc(192)] Register external API: multizone/join_group
04-09 15:06:30.970  3077  3077 I cast_shell: [3080:3131:INFO:setup_api_registry.cc(192)] Register external API: multizone/leave_group
04-09 15:06:30.970  3077  3077 I cast_shell: [3080:3131:INFO:setup_api_registry.cc(192)] Register external API: multizone/set_audio_output_delay
04-09 15:06:30.980  2710  2722 I yani_server: NetLink Event '-1' Interface-Index '5' WLAN '0' Ethernet '-1' Parsed-iFill '-1' -> 'INVALID' ifIndex '1' -> 'lo'
04-09 15:06:30.993  2732  2811 I bluetoothtbd: [0409/023630.993470:INFO:gatt_api.cc(1005)] GATT_Register
04-09 15:06:30.993  2732  2811 I bluetoothtbd: [0409/023630.993658:INFO:gatt_api.cc(1028)] allocated gatt_if=4
04-09 15:06:30.999  2732  2811 E bt_btif : register application first_unuse rcb_idx = 0
04-09 15:06:30.999  2732  2811 I bluetoothtbd: [0409/023630.999702:INFO:gatt_api.cc(1005)] GATT_Register
04-09 15:06:30.999  2732  2811 I bluetoothtbd: [0409/023630.999826:INFO:gatt_api.cc(1028)] allocated gatt_if=5
04-09 15:06:31.007  2732  2811 I bluetoothtbd: [0409/023631.007273:INFO:gatt_api.cc(1005)] GATT_Register
04-09 15:06:31.007  2732  2811 I bluetoothtbd: [0409/023631.007448:INFO:gatt_api.cc(1028)] allocated gatt_if=6
04-09 15:06:31.008  2732  2765 I bluetoothtbd: [0409/023631.008794:INFO:adapter.cc(551)] Adapter properties changed
04-09 15:06:31.009  2732  2765 I bluetoothtbd: [0409/023631.008971:INFO:adapter.cc(573)] Adapter name changed
04-09 15:06:31.010  2732  2765 I bluetoothtbd: [0409/023631.010487:INFO:adapter.cc(551)] Adapter properties changed
04-09 15:06:31.011  3077  3077 I cast_shell: [3080:3080:INFO:input_manager_impl.cc(284)] RegisterInput: device_id: cast, type: 0, state: 0
04-09 15:06:31.011  3077  3077 I cast_shell: [3080:3129:INFO:endpoint_with_namespace_handler.cc(103)] Added a namespace handler: local_id=receiver-3af42edc-f424-9394-99cb-24b25941e214, namespace=urn:x-cast:com.google.cast.audio.input
04-09 15:06:31.011  3077  3077 I cast_shell: [3080:3080:INFO:input_manager_impl.cc(308)] NotifyInputConnect: device_id: cast, sample_rate: 0, num_channels: 0
04-09 15:06:31.011  3077  3077 I cast_shell: [3080:3080:INFO:input_manager_impl.cc(370)] SetActiveInput: cast
04-09 15:06:31.012  3077  3077 I cast_shell: [3080:3080:INFO:bluetooth_setup.cc(690)] Disabling connectability.
04-09 15:06:31.012  3077  3077 I cast_shell: [3080:3080:INFO:input_manager_impl.cc(284)] RegisterInput: device_id: bluetooth, type: 1, state: 0
04-09 15:06:31.013  2732  2811 I bluetoothtbd: [0409/023631.013039:INFO:btif_ble_advertiser.cc(90)] RegisterAdvertiserCb status: 0 , adveriser_id: 0
04-09 15:06:31.013  3077  3077 I cast_shell: [3080:3080:INFO:robot_account_auth_manager.cc(295)] No backend type specified. Getting COS URL based on the build type instead.
04-09 15:06:31.013  3077  3077 I cast_shell: [3080:3080:INFO:robot_account_auth_manager.cc(312)] Auth url: https://clients5.google.com/cast/orchestration/googleoauthtoken?rt=b
04-09 15:06:31.013  3077  3077 I cast_shell: [3080:3080:WARNING:robot_account_auth_manager.cc(463)] Failed to initialize JWT for 38579375
04-09 15:06:31.013  3077  3077 I cast_shell: [3080:3080:INFO:queryable_data_registrar.cc(52)] Registering queryable data for managed mode as: 0
04-09 15:06:31.013  3077  3077 I cast_shell: [3080:3080:INFO:queryable_data_registrar.cc(59)] Registering enable_hls_sample_aes=1
04-09 15:06:31.013  3077  3077 I cast_shell: [3080:3080:INFO:queryable_data_registrar.cc(64)] Registering hls_sample_aes_init_segment
04-09 15:06:31.013  3077  3077 I cast_shell: [3080:3080:INFO:queryable_data_registrar.cc(70)] Registering visual-punt-on-platform-supported
04-09 15:06:31.013  3077  3077 I cast_shell: [3080:3129:INFO:endpoint_with_namespace_handler.cc(103)] Added a namespace handler: local_id=receiver-3af42edc-f424-9394-99cb-24b25941e214, namespace=urn:x-cast:com.google.cast.assistant
04-09 15:06:31.013  3077  3077 I cast_shell: [3080:3080:INFO:hds_broker_impl.cc(121)] HDS type registered type.googleapis.com/home.hds.proto.device.cast.ManagedModeCommandRequest
04-09 15:06:31.013  3077  3077 I cast_shell: [3080:3129:INFO:endpoint_with_namespace_handler.cc(103)] Added a namespace handler: local_id=receiver-3af42edc-f424-9394-99cb-24b25941e214, namespace=urn:x-cast:com.google.cast.companionauth
04-09 15:06:31.013  3077  3077 I cast_shell: [3080:3129:INFO:endpoint_with_namespace_handler.cc(103)] Added a namespace handler: local_id=receiver-3af42edc-f424-9394-99cb-24b25941e214, namespace=urn:x-cast:com.google.cast.companion
04-09 15:06:31.013  3077  3077 I cast_shell: [3080:3080:INFO:grpc_manager_impl.cc(245)] Registered service chromecast.modular_update.ModularUpdateService
04-09 15:06:31.013  3077  3077 I cast_shell: [3080:3129:INFO:endpoint_with_namespace_handler.cc(103)] Added a namespace handler: local_id=receiver-3af42edc-f424-9394-99cb-24b25941e214, namespace=urn:x-cast:com.google.cast.timesync
04-09 15:06:31.014  3077  3077 I cast_shell: [3080:3080:INFO:grpc_manager_impl.cc(262)] Registered a handler GetCastInfo for service chromecast.modular_update.ModularUpdateService
04-09 15:06:31.015  3077  3077 I cast_shell: [3080:3118:INFO:setup_api_registry.cc(192)] Register external API: input/set_active
04-09 15:06:31.016  3077  3077 I cast_shell: [3080:3097:ERROR:cast_media_shlib.cc(80)] snd_hctl_find_elem failed to find the rate offset element.
04-09 15:06:31.016  3077  3077 I cast_shell: [3080:3118:INFO:setup_api_registry.cc(192)] Register external API: input/debug_register
04-09 15:06:31.016  3077  3077 I cast_shell: [3080:3118:INFO:setup_api_registry.cc(192)] Register external API: input/debug_connect
04-09 15:06:31.016  3077  3077 I cast_shell: [3080:3118:INFO:setup_api_registry.cc(192)] Register external API: input/debug_disconnect
04-09 15:06:31.017  3077  3077 I cast_shell: [3080:3118:INFO:bluetooth_manager.cc(115)] Record action: Cast.Bluetooth.DiscoveryMode.Disable
04-09 15:06:31.017  3077  3077 I cast_shell: [3080:3118:INFO:setup_api_registry.cc(192)] Register external API: bluetooth/api
04-09 15:06:31.017  3077  3077 I cast_shell: [3080:3118:INFO:setup_api_registry.cc(192)] Register external API: bluetooth/bond
04-09 15:06:31.017  3077  3077 I cast_shell: [3080:3118:INFO:setup_api_registry.cc(192)] Register external API: bluetooth/connect
04-09 15:06:31.017  3077  3077 I cast_shell: [3080:3118:INFO:setup_api_registry.cc(192)] Register external API: bluetooth/discovery
04-09 15:06:31.017  3077  3077 I cast_shell: [3080:3118:INFO:setup_api_registry.cc(192)] Register external API: bluetooth/get_bonded
04-09 15:06:31.017  3077  3077 I cast_shell: [3080:3118:INFO:setup_api_registry.cc(192)] Register external API: bluetooth/scan
04-09 15:06:31.017  3077  3077 I cast_shell: [3080:3118:INFO:setup_api_registry.cc(192)] Register external API: bluetooth/scan_results
04-09 15:06:31.017  3077  3077 I cast_shell: [3080:3118:INFO:setup_api_registry.cc(192)] Register external API: bluetooth/set_connectable
04-09 15:06:31.017  3077  3077 I cast_shell: [3080:3118:INFO:setup_api_registry.cc(192)] Register external API: bluetooth/status
04-09 15:06:31.017  3077  3077 I cast_shell: [3080:3118:INFO:setup_api_registry.cc(192)] Register external API: bluetooth/le/connect
04-09 15:06:31.017  3077  3077 I cast_shell: [3080:3118:INFO:setup_api_registry.cc(192)] Register external API: bluetooth/le/pause_scan
04-09 15:06:31.018  3077  3077 I cast_shell: [3080:3118:INFO:setup_api_registry.cc(192)] Register external API: bluetooth/le/set_scan_parameters
04-09 15:06:31.018  3077  3077 I cast_shell: [3080:3080:ERROR:server.cc(243)] XDG_RUNTIME_DIR not set in the environment
04-09 15:06:31.018  3077  3077 I cast_shell: [3080:3080:ERROR:wayland_server_controller.cc(27)] Wayland server creation failed
04-09 15:06:31.019  3077  3077 I cast_shell: [3080:3080:WARNING:cast_metrics_service_client.cc(134)] Empty client id from platform, assuming this is the first boot up of a new device.
04-09 15:06:31.019  3077  3077 I cast_shell: [3080:3118:INFO:bluetooth_manager.cc(1232)] [PII] Set device name to 'LSB3227'
04-09 15:06:31.019  3077  3077 I cast_shell: [3080:3080:INFO:cast_metrics_service_client.cc(93)] Metrics client ID set: e346219e-35c2-4a49-827f-85224b7bb7c4
04-09 15:06:31.019  3077  3077 I cast_shell: [3080:3080:INFO:device_info_impl.cc(970)] Metrics client ID: e346219e-35c2-4a49-827f-85224b7bb7c4
04-09 15:06:31.019  3077  3077 I cast_shell: [3080:3118:INFO:wifi_proximity.cc(177)] Request scan.
04-09 15:06:31.019  2732  2765 I bluetoothtbd: [0409/023631.019439:INFO:adapter.cc(551)] Adapter properties changed
04-09 15:06:31.019  2732  2765 E bluetoothtbd: [0409/023631.019592:ERROR:adapter.cc(608)] Invalid property length: 512
04-09 15:06:31.019  2732  2765 I bluetoothtbd: [0409/023631.019860:INFO:adapter.cc(551)] Adapter properties changed
04-09 15:06:31.020  2732  2765 I bluetoothtbd: [0409/023631.020117:INFO:adapter.cc(551)] Adapter properties changed
04-09 15:06:31.020  3077  3077 I cast_shell: [3080:3080:INFO:cast_metrics_service_client.cc(93)] Metrics client ID set: e346219e-35c2-4a49-827f-85224b7bb7c4
04-09 15:06:31.020  2732  2765 I bluetoothtbd: [0409/023631.020201:INFO:adapter.cc(573)] Adapter name changed
04-09 15:06:31.020  3077  3077 I cast_shell: [3080:3080:INFO:device_info_impl.cc(970)] Metrics client ID: e346219e-35c2-4a49-827f-85224b7bb7c4
04-09 15:06:31.030  3077  3077 I cast_shell: [3080:3086:INFO:crypto_manager.cc(75)] Creating private key: size=2048
04-09 15:06:31.030  3077  3077 I cast_shell: [3080:3080:INFO:cast_receiver_impl.cc(828)] Cast receiver started.
04-09 15:06:31.030  3077  3077 I cast_shell: [3080:3080:WARNING:cast_receiver_impl.cc(1126)] Network is not globally connected. Don't schedule config downloading yet.
04-09 15:06:31.030  3077  3077 I cast_shell: [3080:3080:INFO:ccs_manager_impl.cc(663)] Starting cloud ipc activity with CCS
04-09 15:06:31.030  3077  3077 I cast_shell: [3080:3080:INFO:ccs_manager_impl.cc(1286)] CcsManagerImpl opt_in.cloud_ipc pref changed: 1
04-09 15:06:31.030  3077  3077 I cast_shell: [3080:3080:INFO:ccs_manager_impl.cc(1322)] Waiting for all transports to be enabled
04-09 15:06:31.030  3077  3077 I cast_shell: [3080:3080:INFO:ccs_transport_gcm.cc(94)] Deferring GCM registration until connectivity is up
04-09 15:06:31.030  3077  3077 I cast_shell: [3080:3080:INFO:multizone_manager.cc(2397)] Resuming MultizoneManager
04-09 15:06:31.030  3077  3077 I cast_shell: [3080:3080:INFO:cast_receiver_impl.cc(934)] Cast receiver resumed.
04-09 15:06:31.030  3077  3077 I cast_shell: [3080:3080:WARNING:cast_receiver_impl.cc(1138)] Network is not globally connected. Don't schedule CRL downloading yet.
04-09 15:06:31.030  3077  3077 I cast_shell: [3080:3080:INFO:chromecast_service.cc(1935)] Network is disconnected, reconnecting Wifi.
04-09 15:06:31.037  3077  3077 I cast_shell: [3080:3080:INFO:audio_focus_manager_impl.cc(27)] use_media_starting_block: 0
04-09 15:06:31.038  3077  3077 I cast_shell: [3080:3080:INFO:grpc_auth_manager_in_process.cc(135)] Initializing Auth.
04-09 15:06:31.039  3077  3077 I cast_shell: [3080:3080:INFO:grpc_manager_impl.cc(505)] GRPC[uri=[::]:8012]: num_pending_calls=0, num_active_handlers=0, num_free_handlers=0
04-09 15:06:31.042  3077  3077 I cast_shell: [3080:3080:INFO:grpc_manager_impl.cc(317)] Grpc server started in port 8012
04-09 15:06:31.043  3077  3077 I cast_shell: [3080:3080:INFO:ccs_manager_impl.cc(851)] Network connectivity down for CcsManager
04-09 15:06:31.045  3077  3077 I cast_shell: [3080:3128:INFO:mdns_app_filter.cc(1605)] Re-probing due to newly registered service '1': _googlerpc
04-09 15:06:31.045  3077  3077 I cast_shell: [3080:3099:INFO:cast_auth_api_adaptor.cc(82)] CastAuth: init with library: libcast_auth.so
04-09 15:06:31.045  3077  3077 I cast_shell: [3080:3118:INFO:ble_setup.cc(789)] Missing required info for sign.
04-09 15:06:31.045  3077  3077 I cast_shell: [3080:3099:INFO:cast_auth_api_adaptor.cc(93)] CastAuth: common module initialization successful.
04-09 15:06:31.045  3077  3077 I cast_shell: [3080:3099:INFO:cast_auth_api_adaptor.cc(98)] CastAuth: model-based module initialization successful.
04-09 15:06:31.047  3077  3077 I cast_shell: [3080:3080:INFO:mdns_manager_impl.cc(468)] Setting new conflict callback
04-09 15:06:31.047  3077  3077 I cast_shell: [3080:3080:INFO:mdns_util.cc(102)] Defaulting mDNS capabilities for audio-only build
04-09 15:06:31.047  3077  3077 I cast_shell: [3080:3080:INFO:ccs_manager_impl.cc(1322)] Waiting for all transports to be enabled
04-09 15:06:31.047  3077  3077 I cast_shell: [3080:3080:INFO:bluetooth_setup.cc(690)] Disabling connectability.
04-09 15:06:31.048  3077  3077 I cast_shell: [3080:3080:INFO:input_manager_impl.cc(468)] Using virtual device 3af42edc-f424-9394-99cb-24b25941e214
04-09 15:06:31.101  3077  3077 I cast_shell: [3080:3080:INFO:secure_storage_impl.cc(107)] Secure storage initialized.
04-09 15:06:31.101  3077  3077 I cast_shell: [3080:3080:INFO:ccs_manager_impl.cc(851)] Network connectivity down for CcsManager
04-09 15:06:31.180  2960  2971 D wac-main: Netlink event
04-09 15:06:31.180  2960  2971 E wac-main: Netlink event 16 Interface Index 6 
04-09 15:06:31.180  2960  2971 E wac-main: p2p0 event Link Changed : 1002 
04-09 15:06:31.180  2960  2971 E wac-main: Enter poll and wait
04-09 15:06:31.181  2710  2722 I yani_kernel: yani_geteventfrom_changeaddr() Message-Id '1' Netlink event '16' Interface Index '6' -> Name 'p2p0' 
04-09 15:06:31.184  3077  3077 I cast_shell: [system_updater_dummy.cpp(79)] Initialize
04-09 15:06:31.184  3077  3077 I cast_shell: [system_updater_dummy.cpp(29)] system_updater_socket_create
04-09 15:06:31.187  2967  3000 I otamanager: OTAManager connected to CastUpdater via  /tmp/socket/system_updater
04-09 15:06:31.187  2967  3000 I otamanager: cast_updater_threadEntry socket handle 5
04-09 15:06:31.187  2730  2742 I HotspotManager: setSSID <SSID omitted> visible
04-09 15:06:31.188  3077  3077 I cast_shell: [3080:3080:INFO:device_info_impl.cc(1094)] Primary netif changed: new=usb0, old=
04-09 15:06:31.188  3077  3077 I cast_shell: [3080:3080:INFO:device_info_impl.cc(1103)] Primary IP address changed: netif=usb0, new=192.168.10.1, old=
04-09 15:06:31.188  3077  3077 I cast_shell: [3080:3090:WARNING:crl_downloader.cc(136)] CRL failed to restore.
04-09 15:06:31.188  2730  2742 E WifiUtil: command: "SCAN" failed: FAIL-BUSY
04-09 15:06:31.188  2730  2742 I HotspotManager: hotspot start
04-09 15:06:31.190  3077  3077 I cast_shell: [3080:3080:INFO:cast_receiver_impl.cc(1612)] mDNS Discovery stopped.
04-09 15:06:31.200  2730  2742 E WifiUtil: Setting interface p2p0 up.
04-09 15:06:31.201  2730  2742 E WifiUtil: ioctl SIOCGIWFREQ fails for wlan0 Bad address
04-09 15:06:31.201  2960  2971 D wac-main: Netlink event
04-09 15:06:31.201  2960  2971 E wac-main: Netlink event 16 Interface Index 6 
04-09 15:06:31.201  2960  2971 E wac-main: p2p0 event Link Changed : 1003 
04-09 15:06:31.201  2960  2971 E wac-main: Enter poll and wait
04-09 15:06:31.201  2710  2722 I yani_kernel: yani_geteventfrom_changeaddr() Message-Id '1' Netlink event '16' Interface Index '6' -> Name 'p2p0' 
04-09 15:06:31.416  2961  3023 I LibreCastControl: LibreCastControl_init() Socket Initialized
04-09 15:06:31.426  2961  3023 E LibreCastControl: PULSAR:CreateCastControlThread:18
04-09 15:06:31.426  2961  3023 E LibreCastControl: Create LibreCastLUCITimerThreadInit 
04-09 15:06:31.426  2961  3155 E LibreCastControl: PULSAR:Run:23
04-09 15:06:31.427  2961  3156 E LibreCastControl: Timer Sem Wait Start iCastPlayerstate = 0 
04-09 15:06:31.441  2690  2690 I sh      : [0409/023631.440776:INFO:cast_control_impl.cc(744)] CastControl has started running.
04-09 15:06:31.441  2690  2690 I sh      : [0409/023631.441666:INFO:cast_control_impl.cc(745)] Attempting to connect CastMessageService. socket=/tmp/cast-control
04-09 15:06:31.444  2961  3155 I LibreCastControlDelegate: OnCastStatus() +++ :0xab4d9198:STARTING
04-09 15:06:31.444  2690  2690 I sh      : [0409/023631.444597:INFO:cast_control_socket.cc(64)] Successfully connected Cast Control Socket
04-09 15:06:31.444  2961  3155 E LibreCastControlDelegate: OnCastStatus:177
04-09 15:06:31.446  2961  3155 I LibreCastControl: LibreCastControl_SetCastName()  name 'Lyric Speaker Box 21f384' RequestId '1' pCastControl 0xf4d00728
04-09 15:06:31.446  2961  3155 I LibreCastControlDelegate: Active Applications -> 0
04-09 15:06:31.446  2961  3155 I LibreCastControlDelegate: Current Cast State '1' -> 'STARTING'
04-09 15:06:31.446  2961  3155 I LibreCastControlDelegate: OnCastStatus() ---
04-09 15:06:31.446  2690  2690 I sh      : [0409/023631.446584:INFO:cast_message_service_impl.cc(185)] Sending connect message!
04-09 15:06:31.450  3077  3077 I cast_shell: [3080:3129:INFO:metrics_recorder.cc(282)] Cast v2 action(socket_id=domain-socket@/tmp/cast-control.1): CastV2.Connection.Connect.In
04-09 15:06:31.451  3077  3077 I cast_shell: [3080:3080:INFO:resource_namespace_handler.cc(307)] Setting resource provider: sender_id=domain-socket@/tmp/cast-control.1:system-0
04-09 15:06:31.452  2690  2690 I sh      : [0409/023631.451936:INFO:cast_message_service_impl.cc(1007)] CastMessageServiceImpl matched versions
04-09 15:06:31.674  2730  2742 I WifiUtil: get p2p0 channel 6 (2437MHz)
04-09 15:06:31.674  2730  2742 I HotspotManager: start hostapd at channel=6 SSID=<SSID omitted> hidden_ssid=0
04-09 15:06:31.676  2960  2971 D wac-main: Netlink event
04-09 15:06:31.676  2960  2971 E wac-main: Netlink event 20 Interface Index 6 
04-09 15:06:31.676  2960  2971 E wac-main: Enter poll and wait
04-09 15:06:31.676  2960  2971 D wac-main: Netlink event
04-09 15:06:31.676  2960  2971 E wac-main: Netlink event 21 Interface Index 6 
04-09 15:06:31.676  2960  2971 E wac-main: Enter poll and wait
04-09 15:06:31.677  2710  2722 I yani_kernel: yani_geteventfrom_changeaddr() Message-Id '1' Netlink event '20' Interface Index '6' -> Name 'p2p0' 
04-09 15:06:31.690  3077  3077 I cast_shell: [3080:3128:INFO:metrics_recorder.cc(282)] cast event: Cast.Discovery.Mdns.SocketCreated
04-09 15:06:31.690  3077  3077 I cast_shell: [3080:3128:INFO:mdns_app_filter.cc(1254)] Created mDNS socket for interface:name=p2p1, address=192.168.2.1, index=7
04-09 15:06:31.723  2710  2722 I yani_server: NetLink Event '6' Interface-Index '6' WLAN '-1' Ethernet '-1' Parsed-iFill '6' -> 'P2P0 CONNECTED' ifIndex '2' -> 'tunl0'
04-09 15:06:31.724  2961  3155 I LibreCastControlDelegate: Active Applications -> 0
04-09 15:06:31.724  2961  3155 I LibreCastControlDelegate: Current Cast State '2' -> 'NOT_SETUP'
04-09 15:06:31.724  2961  3155 I LibreCastControlDelegate: OnCastStatus() ---
04-09 15:06:31.724  2961  3155 I LibreCastControlDelegate: OnResponse() ReqeustID 1, error  0
04-09 15:06:31.726  2690  2690 I sh      : [0409/023631.725375:INFO:cast_message_service_impl.cc(1037)] Received initial eureka info
04-09 15:06:31.727  2961  3155 I LibreCastControlDelegate: OnControlConnected()
04-09 15:06:31.728  2690  2690 I sh      : [0409/023631.727619:INFO:cast_message_service_impl.cc(1067)] Received initial receiver info
