04-09 15:06:31.728  2690  2690 I sh      : [0409/023631.727726:INFO:cast_message_service_impl.cc(1073)] Sent PlatformSettingsRegister message
04-09 15:06:31.753  2961  3155 I LibreCastControl: LibreCastControl_RequestGVAStatus() RequestId '4' pCastControl 0xf4d00728
04-09 15:06:31.754  2690  2690 I sh      : [0409/023631.753394:INFO:cast_message_service_impl.cc(1076)] CastMessageServiceImpl is ready
04-09 15:06:31.754  3077  3077 I cast_shell: [3080:3080:INFO:assistant_namespace_handler.cc(144)] Added a status listening peer for assistant namespace: domain-socket@/tmp/cast-control.1:system-0
04-09 15:06:31.755  2961  3155 I LibreCastControlDelegate: OnResponse() ReqeustID 4, error  0
04-09 15:06:32.013  3077  3077 I cast_shell: [3080:3080:INFO:crypto_manager.cc(278)] Public key: MIIBCgKCAQEA2mQ/MrDX3JgoLdCoHT1yK5Ct6Q4W6VNIgha73t5AyuO55uZzS6iGIbTBE9DUI0ux17JXY6DvcVBl45lTNYrJIHBs0rDSv8AXqVrbZGT/v2yFWzc/zcJsWI+DYeCiIRXadx0P/hhSYoLQSimi0HSCpW1ppegjtLdL7vwN8py/dfEqRFWQQebsTqxBfeopcBUkD09/gyfYQWjdwIVbKXvc7/VeYxkqHYh8hYzOlsAHxs1oXHebGknYj1WEp9WOAAFGXZw9W2JXB6/VicLBFJDuq/mJOxUg4kAIxnKgJhwxcgjU114Y7Xwpqq1Y1mCh7Quy7ImCUiSxnIpkVj6050SfKQIDAQAB
04-09 15:06:32.013  3077  3077 I cast_shell: [3080:3080:INFO:crypto_manager.cc(289)] Public modulus: 2mQ_MrDX3JgoLdCoHT1yK5Ct6Q4W6VNIgha73t5AyuO55uZzS6iGIbTBE9DUI0ux17JXY6DvcVBl45lTNYrJIHBs0rDSv8AXqVrbZGT_v2yFWzc_zcJsWI-DYeCiIRXadx0P_hhSYoLQSimi0HSCpW1ppegjtLdL7vwN8py_dfEqRFWQQebsTqxBfeopcBUkD09_gyfYQWjdwIVbKXvc7_VeYxkqHYh8hYzOlsAHxs1oXHebGknYj1WEp9WOAAFGXZw9W2JXB6_VicLBFJDuq_mJOxUg4kAIxnKgJhwxcgjU114Y7Xwpqq1Y1mCh7Quy7ImCUiSxnIpkVj6050SfKQ
04-09 15:06:32.013  3077  3077 I cast_shell: [3080:3080:INFO:crypto_manager.cc(294)] Public exponent: AQAB
04-09 15:06:32.515  3077  3077 I cast_shell: [3080:3131:INFO:multizone_manager.cc(1889)] Initial discovery complete
04-09 15:06:32.516  3077  3077 I cast_shell: [3080:3128:INFO:mdns_app_filter.cc(1605)] Re-probing due to newly registered service '3': _googlezone
04-09 15:06:32.516  3077  3077 I cast_shell: [3080:3080:INFO:mdns_manager_impl.cc(311)] Successfully registered service: type=_googlezone
04-09 15:06:32.580  2960  2971 D wac-main: Netlink event
04-09 15:06:32.580  2960  2971 E wac-main: Netlink event 16 Interface Index 6 
04-09 15:06:32.580  2960  2971 E wac-main: p2p0 event Link Changed : 1002 
04-09 15:06:32.580  2960  2971 E wac-main: Enter poll and wait
04-09 15:06:32.587  2730  2742 E WifiUtil: command: "SCAN" failed: FAIL-BUSY
04-09 15:06:32.587  2730  2742 W HotspotManager: hotspot already started
04-09 15:06:32.588  2710  2722 I yani_server: doLotofWork() List of interface '4'
04-09 15:06:32.588  2710  2722 I yani_server: doLotofWork() Interface 'p2p0' ifr[0].ifr_name 'lo' ipaddress '127.0.0.1'
04-09 15:06:32.588  2710  2722 I yani_server: doLotofWork() Interface 'p2p0' ifr[1].ifr_name 'p2p0' ipaddress '192.168.255.249'
04-09 15:06:32.588  2710  2722 I yani_server: doLotofWork() returns 'REFILL WACMODE'
04-09 15:06:32.588  2710  2722 E yani_server: YANI: I am Done Wait For Event 
04-09 15:06:32.588  2710  2722 I yani_kernel: yani_geteventfrom_changeaddr() Message-Id '1' Netlink event '21' Interface Index '6' -> Name 'p2p0' 
04-09 15:06:32.589  2710  2813 I yani_server: onNetworkParametersChanged() WAC Mode '1'  Index '2' Interface 'p2p0' Status '1'
04-09 15:06:32.589  2727  2739 I MB_HANDLER: YaniAlert() Interface '4' Status '1'
04-09 15:06:32.596  2963  3013 I airplay-main: YaniAlert Interface 4 Status 1
04-09 15:06:32.598  2961  3155 I LibreCastControlDelegate: OnCastStatus() +++ Lyric Speaker Box 21f384:0xab4d9198:NOT_SETUP
04-09 15:06:32.599  2961  3155 I LibreCastControlDelegate: Device Build Number -> '1.52.272222'
04-09 15:06:32.599  2961  3155 I librecast: updateCastBuildVersion() Version 1.52.272222
04-09 15:06:32.599  2711  2718 I lucitransport: readRemoteMessage() MID char = 7 buffer = 1.52.272222
04-09 15:06:32.599  2732  2765 I bluetoothtbd: [0409/023632.599616:INFO:adapter.cc(551)] Adapter properties changed
04-09 15:06:32.599  2732  2765 I bluetoothtbd: [0409/023632.599755:INFO:adapter.cc(573)] Adapter name changed
04-09 15:06:32.599  2710  2722 E yani_server: YANI: I am Done Wait For Event 
04-09 15:06:32.600  2710  2813 I yani_server: onNetworkParametersChanged() WAC Mode '0'  Index '2' Interface 'p2p0' Status '0'
04-09 15:06:32.600  2711  2719 E luciUART: UART:aa
04-09 15:06:32.600  2711  2719 E luciUART: UART:0
04-09 15:06:32.600  2711  2719 E luciUART: UART:0
04-09 15:06:32.601  2711  2719 E luciUART: UART:64
04-09 15:06:32.601  2728  2728 E AirableUIHelper: AirableUIHelper::YaniAlert  3 0 
04-09 15:06:32.602  2711  2720 E LUCI_SERVER: Luci Server Thread wait over MID 208....
04-09 15:06:32.602  2711  2720 E LUCI_SERVER: Got NV name : ssid
04-09 15:06:32.603  2710  2722 I yani_server: NetLink Event '-1' Interface-Index '5' WLAN '0' Ethernet '-1' Parsed-iFill '-1' -> 'INVALID' ifIndex '1' -> 'lo'
04-09 15:06:32.604  2967  2990 I otamanager: YaniAlert() Interface 3 Status Down
04-09 15:06:32.604  2963  3013 I airplay-main: YaniAlert Interface 3 Status 0
04-09 15:06:32.604  3077  3077 I cast_shell: [3080:3118:INFO:bluetooth_manager.cc(1232)] [PII] Set device name to 'Lyric Speaker Box 21f384'
04-09 15:06:32.604  2711  2720 I luciUART: write() MID = 208  bytes = 15 data = ssid: m_fd = 0x5
04-09 15:06:32.604  2711  2720 E LUCI_SERVER: NV_READ response= ssid:
04-09 15:06:32.604  2711  2720 E LUCI_SERVER: Luci Server Thread waiting for packets....
04-09 15:06:32.605  2732  2765 I bluetoothtbd: [0409/023632.605557:INFO:adapter.cc(551)] Adapter properties changed
04-09 15:06:32.605  2732  2765 I bluetoothtbd: [0409/023632.605677:INFO:adapter.cc(573)] Adapter name changed
04-09 15:06:32.606  3077  3077 I cast_shell: [3080:3118:INFO:bluetooth_manager.cc(1232)] [PII] Set device name to 'Lyric Speaker Box 21f384'
04-09 15:06:32.607  3077  3077 I cast_shell: [3080:3118:INFO:ble_setup.cc(789)] Missing required info for sign.
04-09 15:06:32.607  2710  2722 I yani_server: NetLink Event '-1' Interface-Index '5' WLAN '0' Ethernet '-1' Parsed-iFill '-1' -> 'INVALID' ifIndex '1' -> 'lo'
04-09 15:06:32.607  2961  3155 I LibreCastControlDelegate: OnCastStatus() +++ Lyric Speaker Box 21f384:0xab4d9198:NOT_SETUP
04-09 15:06:32.607  2961  3155 I LibreCastControlDelegate: Device Build Number -> '1.52.272222'
04-09 15:06:32.607  2961  3155 I librecast: updateCastBuildVersion() Version 1.52.272222
04-09 15:06:32.607  2710  2722 I yani_kernel: yani_geteventfrom_changeaddr() Message-Id '1' Netlink event '20' Interface Index '6' -> Name 'p2p0' 
04-09 15:06:32.607  2711  2718 I lucitransport: readRemoteMessage() MID char = 7 buffer = 1.52.272222
04-09 15:06:32.611  2711  2719 E luciUART: UART:aa
04-09 15:06:32.611  2711  2719 E luciUART: UART:aa
04-09 15:06:32.611  2711  2719 E luciUART: UART:d0
04-09 15:06:32.611  2711  2719 E luciUART: UART:0
04-09 15:06:32.611  2711  2719 I chatty  : uid=0(root) UARTLUCIControl identical 2 lines
04-09 15:06:32.611  2711  2719 E luciUART: UART:0
04-09 15:06:32.612  2711  2719 E luciUART: UART:9
04-09 15:06:32.612  2710  2722 I yani_server: NetLink Event '6' Interface-Index '6' WLAN '-1' Ethernet '-1' Parsed-iFill '6' -> 'P2P0 CONNECTED' ifIndex '2' -> 'tunl0'
04-09 15:06:32.612  2711  2719 I luciUART: read() RemoteID = 43690 Command = 208 Type = 2 Status = 0 DataLen = 9
04-09 15:06:32.612  2711  2719 E luciUART: Error: full data not available yet! readBytes 0
04-09 15:06:32.612  2711  2719 I luciUART: Previous Packet read contd., 
04-09 15:06:32.612  2711  2719 E luciUART: UART:52
04-09 15:06:32.612  2711  2719 I luciUART: Previous Packet read contd., 
04-09 15:06:32.612  2711  2719 E luciUART: UART:45
04-09 15:06:32.612  2711  2719 I luciUART: Previous Packet read contd., 
04-09 15:06:32.612  2711  2719 E luciUART: UART:41
04-09 15:06:32.612  2711  2719 I luciUART: Previous Packet read contd., 
04-09 15:06:32.612  2711  2719 E luciUART: UART:73
04-09 15:06:32.612  2711  2719 E luciUART: UART:69
04-09 15:06:32.612  2711  2719 I luciUART: Previous Packet read contd., 
04-09 15:06:32.612  2711  2719 E luciUART: UART:64
04-09 15:06:33.071  2960  2971 D wac-main: Netlink event
04-09 15:06:33.071  2960  2971 E wac-main: Netlink event 16 Interface Index 6 
04-09 15:06:33.072  2960  2971 E wac-main: p2p0 event Link Changed : 1003 
04-09 15:06:33.072  2960  2971 E wac-main: Enter poll and wait
04-09 15:06:33.073  3157  3157 I hostapd : p2p0: IEEE 802.11 channel=6 mode=ht bw=20 htcaps=0x177f vhtcaps=0x0 cf_seg0=0 cf_seg1=0
04-09 15:06:33.075  2710  2722 I yani_server: doLotofWork() List of interface '4'
04-09 15:06:33.075  2710  2722 I yani_server: doLotofWork() Interface 'p2p0' ifr[0].ifr_name 'lo' ipaddress '127.0.0.1'
04-09 15:06:33.075  2710  2722 I yani_server: doLotofWork() Interface 'p2p0' ifr[1].ifr_name 'p2p0' ipaddress '192.168.255.249'
04-09 15:06:33.075  2710  2722 I yani_server: doLotofWork() returns 'REFILL WACMODE'
04-09 15:06:33.075  2710  2722 E yani_server: YANI: I am Done Wait For Event 
04-09 15:06:33.075  2710  2722 I yani_kernel: yani_geteventfrom_changeaddr() Message-Id '1' Netlink event '16' Interface Index '6' -> Name 'p2p0' 
04-09 15:06:33.075  2710  2813 I yani_server: onNetworkParametersChanged() WAC Mode '1'  Index '2' Interface 'p2p0' Status '1'
04-09 15:06:33.075  2727  2739 I MB_HANDLER: YaniAlert() Interface '4' Status '1'
04-09 15:06:33.079  2711  2718 I lucitransport: writeRemoteMessage() MID = 124 buffer = 4#1,0#2,0#3,1#4,1
04-09 15:06:33.099  3077  3077 I cast_shell: [3080:3080:INFO:multizone_setup.cc(328)] Configured audio output delay changed. User delay = 0 s, OEM delay = 0.08 s, HDMI delay = 0 s
04-09 15:06:33.099  2961  3155 I LibreCastControlDelegate: Active Applications -> 0
04-09 15:06:33.099  2961  3155 I LibreCastControlDelegate: Current Cast State '2' -> 'NOT_SETUP'
04-09 15:06:33.099  2961  3155 I LibreCastControlDelegate: OnCastStatus() ---
04-09 15:06:33.101  2961  3155 I LibreCastControlDelegate: OnCastStatus() +++ Lyric Speaker Box 21f384:0xab4d9198:NOT_SETUP
04-09 15:06:33.101  2961  3155 I LibreCastControlDelegate: Device Build Number -> '1.52.272222'
04-09 15:06:33.101  2961  3155 I librecast: updateCastBuildVersion() Version 1.52.272222
04-09 15:06:33.101  2711  2718 I lucitransport: readRemoteMessage() MID char = 7 buffer = 1.52.272222
04-09 15:06:33.102  2961  3155 I LibreCastControlDelegate: Active Applications -> 0
04-09 15:06:33.102  2961  3155 I LibreCastControlDelegate: Current Cast State '2' -> 'NOT_SETUP'
04-09 15:06:33.148  2960  2971 D wac-main: Netlink event
04-09 15:06:33.148  2960  2971 E wac-main: Netlink event 16 Interface Index 6 
04-09 15:06:33.148  2960  2971 E wac-main: p2p0 event Link Changed : 11043 
04-09 15:06:33.148  2960  2971 E wac-main: p2p0 Changed Up 
04-09 15:06:33.149  2710  2722 I yani_kernel: yani_geteventfrom_changeaddr() Message-Id '1' Netlink event '16' Interface Index '6' -> Name 'p2p0' 
04-09 15:06:33.150  2960  2971 I wifiapi : newconn : 0xf4d00718
04-09 15:06:33.150  2960  2971 I wifiapi : 'STATUS' command returned = 0
04-09 15:06:33.151  2960  2971 E wac-main: current wifi status : 10
04-09 15:06:33.152  3077  3077 I cast_shell: [3080:3118:INFO:gatt_client_manager_impl.cc(202)] Enabling GATT client connectability
04-09 15:06:33.152  3077  3077 I cast_shell: [3080:3118:INFO:ble_setup.cc(915)] Sign related info completed, no future EurekaInfo need sign.
04-09 15:06:33.153  3077  3077 I cast_shell: [3080:3118:INFO:gatt_client_manager_impl.cc(202)] Enabling GATT client connectability
04-09 15:06:33.153  3077  3077 I chatty  : uid=1000(chrome) /bin/logwrapper identical 1 line
04-09 15:06:33.153  3077  3077 I cast_shell: [3080:3118:INFO:gatt_client_manager_impl.cc(202)] Enabling GATT client connectability
04-09 15:06:33.156  2732  2765 E bt_btif : BTA_GATTS_AddService: rcb_idx = 0
04-09 15:06:33.156  2732  2765 I bluetoothtbd: [0409/023633.156645:INFO:gatt_api.cc(207)] GATTS_AddService
04-09 15:06:33.156  2732  2765 I bluetoothtbd: [0409/023633.156970:INFO:gatt_api.cc(317)] GATTS_AddService: service parsed correctly, now starting
04-09 15:06:33.160  3077  3077 I cast_shell: [3080:3118:INFO:ble_setup_manager.cc(744)] Started Bluetooth service
04-09 15:06:33.166  2961  3155 I LibreCastControlDelegate: OnCastStatus() +++ Lyric Speaker Box 21f384:0xab4d9198:NOT_SETUP
04-09 15:06:33.166  2961  3155 I LibreCastControlDelegate: Device Build Number -> '1.52.272222'
04-09 15:06:33.166  2961  3155 I librecast: updateCastBuildVersion() Version 1.52.272222
04-09 15:06:33.167  2711  2718 I lucitransport: readRemoteMessage() MID char = 7 buffer = 1.52.272222
04-09 15:06:33.167  2961  3155 I LibreCastControlDelegate: Active Applications -> 0
04-09 15:06:33.167  2961  3155 I LibreCastControlDelegate: Current Cast State '2' -> 'NOT_SETUP'
04-09 15:06:33.167  2961  3155 I LibreCastControlDelegate: OnCastStatus() ---
04-09 15:06:34.049  3077  3077 I cast_shell: [3080:3088:ERROR:connectivity_checker_impl.cc(265)] Connectivity check failed: 400
04-09 15:06:34.503  3077  3077 I cast_shell: [3080:3128:INFO:mdns_app_filter.cc(1403)] MdnsAppFilter: Done probing.
04-09 15:06:35.056  3077  3077 I cast_shell: [3080:3088:ERROR:connectivity_checker_impl.cc(265)] Connectivity check failed: 400
04-09 15:06:35.507  3077  3077 I cast_shell: [3080:3080:INFO:grpc_service_discovery_impl.cc(185)] Mdns discovered google RPC for [PII](68B5A42E7B974D4D9986C4F5A3330138).
04-09 15:06:36.062  3077  3077 I cast_shell: [3080:3088:ERROR:connectivity_checker_impl.cc(265)] Connectivity check failed: 400
04-09 15:06:36.151  2960  2971 E wac-main: Enter poll and wait
04-09 15:06:36.508  3077  3077 I cast_shell: [3080:3128:INFO:mdns_app_filter.cc(1526)] MdnsAppFilter: Done announcing.
04-09 15:06:37.068  3077  3077 I cast_shell: [3080:3088:ERROR:connectivity_checker_impl.cc(265)] Connectivity check failed: 400
04-09 15:06:38.074  3077  3077 I cast_shell: [3080:3088:ERROR:connectivity_checker_impl.cc(265)] Connectivity check failed: 400
04-09 15:06:38.937  3077  3077 I cast_shell: [3080:3088:INFO:parent_tracker.cc(291)] [PII](68B5A42E7B974D4D9986C4F5A3330138) Become root
04-09 15:06:38.938  3077  3077 I cast_shell: [3080:3088:INFO:directory_service_impl.cc(200)] This device became root
04-09 15:06:39.080  3077  3077 I cast_shell: [3080:3088:ERROR:connectivity_checker_impl.cc(265)] Connectivity check failed: 400
04-09 15:06:40.087  3077  3077 I chatty  : uid=1000(chrome) /bin/logwrapper identical 1 line
04-09 15:06:41.094  3077  3077 I cast_shell: [3080:3088:ERROR:connectivity_checker_impl.cc(265)] Connectivity check failed: 400
04-09 15:06:41.699  3077  3077 I cast_shell: [3080:3118:ERROR:setup_state.cc(424)] Timeout for state=SETUP_STATE_CHECKING_GLOBAL_CONNECTIVITY(50): move to state=SETUP_STATE_CHECKING_GLOBAL_CONNECTIVITY_BAD_ROUTER(52).
04-09 15:06:41.699  3077  3077 I cast_shell: [3080:3118:INFO:setup_state.cc(261)] Setup state changed: SETUP_STATE_CHECKING_GLOBAL_CONNECTIVITY (50) -> SETUP_STATE_CHECKING_GLOBAL_CONNECTIVITY_BAD_ROUTER (52)
04-09 15:06:41.703  2961  3155 I LibreCastControlDelegate: OnCastStatus() +++ Lyric Speaker Box 21f384:0xab4d9198:NOT_SETUP
04-09 15:06:41.703  2961  3155 I LibreCastControlDelegate: Device Build Number -> '1.52.272222'
04-09 15:06:41.703  2961  3155 I librecast: updateCastBuildVersion() Version 1.52.272222
04-09 15:06:41.703  2711  2718 I lucitransport: readRemoteMessage() MID char = 7 buffer = 1.52.272222
04-09 15:06:41.703  2961  3155 I LibreCastControlDelegate: Active Applications -> 0
04-09 15:06:41.703  2961  3155 I LibreCastControlDelegate: Current Cast State '2' -> 'NOT_SETUP'
04-09 15:06:41.703  2961  3155 I LibreCastControlDelegate: OnCastStatus() ---
04-09 15:06:42.101  3077  3077 I cast_shell: [3080:3088:ERROR:connectivity_checker_impl.cc(265)] Connectivity check failed: 400
04-09 15:07:07.118  2730  2741 E NetworkMonitor: cannot find default IPv4 route for wlan0
04-09 15:07:07.118  2730  2741 E NetworkMonitor: cannot find default IPv6 route for wlan0
04-09 15:07:10.219  2730  2741 E NetworkMonitor: no response for /bin/ping -n -I wlan0 -c 10 -w 10 8.8.8.8
04-09 15:07:10.230  2730  2741 E NetworkMonitor: no response for /bin/ping6 -n -I wlan0 -c 10 -w 10 2001:4860:4860::8888
04-09 15:07:10.233  2730  2741 E NetworkMonitor: dns resolution failed
04-09 15:07:10.234  2730  2741 I NetworkMonitor: Cast.Wifi.Failure.Type 7
04-09 15:07:29.409  3077  3077 I chatty  : uid=1000(chrome) /bin/logwrapper identical 47 lines
04-09 15:07:30.416  3077  3077 I cast_shell: [3080:3088:ERROR:connectivity_checker_impl.cc(265)] Connectivity check failed: 400
04-09 15:07:30.789  3077  3077 I cast_shell: [3080:3080:INFO:grpc_manager_impl.cc(505)] GRPC[uri=[::]:0]: num_pending_calls=0, num_active_handlers=0, num_free_handlers=0
04-09 15:07:30.789  3077  3077 I cast_shell: [3080:3080:INFO:gcm_manager.cc(269)] Disabling GCM Driver
04-09 15:07:30.789  3077  3077 I cast_shell: [3080:3080:INFO:grpc_manager_impl.cc(505)] GRPC[uri=]: num_pending_calls=0, num_active_handlers=0, num_free_handlers=0
04-09 15:07:30.858  3077  3077 I cast_shell: [3080:3080:INFO:grpc_manager_impl.cc(505)] GRPC[uri=unix:/tmp/hcp_ipc_auth.socket]: num_pending_calls=0, num_active_handlers=10, num_free_handlers=0
04-09 15:07:30.862  3077  3077 I cast_shell: [3080:3080:INFO:grpc_manager_impl.cc(505)] GRPC[uri=unix:/tmp/modular_updater/modular_update_service]: num_pending_calls=0, num_active_handlers=0, num_free_handlers=0
04-09 15:07:30.886  3077  3077 I cast_shell: [3080:3080:INFO:metrics_recorder.cc(112)] Metrics stat: total=13
04-09 15:07:30.886  3077  3077 I cast_shell: Cast.Discovery.Mdns.ResponderStarted=2
04-09 15:07:30.887  3077  3077 I cast_shell: Cast.Discovery.Mdns.ResponderStopped=1
04-09 15:07:30.887  3077  3077 I cast_shell: Cast.Discovery.Mdns.SocketCreated=4
04-09 15:07:30.887  3077  3077 I cast_shell: Cast.Discovery.Mdns.SocketDestroyed=2
04-09 15:07:30.887  3077  3077 I cast_shell: Cast.System.Timezone.ChangeSuccessful=1
04-09 15:07:30.887  3077  3077 I cast_shell: CastV2.Connection.Connect.In=1
04-09 15:07:30.887  3077  3077 I cast_shell: CastV2.Receiver.DeviceStatus.Out=5
04-09 15:07:30.887  3077  3077 I cast_shell: CastV2.Receiver.DeviceStatus.Out.Broadcast=2
04-09 15:07:30.887  3077  3077 I cast_shell: CastV2.Receiver.GetStatus.In=1
04-09 15:07:30.887  3077  3077 I cast_shell: CastV2.Resource.Provider.In=1
04-09 15:07:31.022  3077  3077 I cast_shell: [3080:3080:INFO:metrics_recorder_impl.cc(672)] Activated server experiments: []
04-09 15:07:31.024  3077  3077 I cast_shell: [3080:3080:INFO:cast_logs_metrics_provider.cc(59)] netif is ipv4
04-09 15:07:31.024  3077  3077 I cast_shell: [3080:3080:ERROR:socket_posix.cc(148)] bind() failed: Address already in use (98)
04-09 15:07:31.024  3077  3077 I cast_shell: [3080:3080:INFO:net_util_impl.cc(1041)] Platform supports dual-stack
04-09 15:07:31.040  3077  3077 I cast_shell: [3080:3080:INFO:grpc_manager_impl.cc(505)] GRPC[uri=[::]:8012]: num_pending_calls=0, num_active_handlers=1, num_free_handlers=0
04-09 15:07:31.422  3077  3077 I cast_shell: [3080:3088:ERROR:connectivity_checker_impl.cc(265)] Connectivity check failed: 400
04-09 15:08:11.244  2730  2741 E NetworkMonitor: cannot find default IPv4 route for wlan0
04-09 15:08:11.245  2730  2741 E NetworkMonitor: cannot find default IPv6 route for wlan0
04-09 15:08:14.346  2730  2741 E NetworkMonitor: no response for /bin/ping -n -I wlan0 -c 10 -w 10 8.8.8.8
04-09 15:08:14.358  2730  2741 E NetworkMonitor: no response for /bin/ping6 -n -I wlan0 -c 10 -w 10 2001:4860:4860::8888
04-09 15:08:14.359  2730  2741 E NetworkMonitor: dns resolution failed
04-09 15:08:14.707  3077  3077 I chatty  : uid=1000(chrome) /bin/logwrapper identical 43 lines
04-09 15:08:15.714  3077  3077 I cast_shell: [3080:3088:ERROR:connectivity_checker_impl.cc(265)] Connectivity check failed: 400
04-09 15:08:16.514  2732  2811 I bt_btm_ble: btm_ble_conn_complete unable to match and resolve random address
04-09 15:08:16.517  2732  2811 W bt_smp  : smp_br_connect_callback is called on unexpected transport 2
04-09 15:08:16.517  2732  2811 W bt_btif : bta_dm_acl_change info: 0x0
04-09 15:08:16.518  2732  2765 I bluetoothtbd: [0409/023816.518035:INFO:gatt_server.cc(280)] Added connection entry for conn_id: 5 device address: 66:25:CA:C2:85:53
04-09 15:08:16.518  2732  2765 D bt_btif_dm: remote version info [66:25:ca:c2:85:53]: 0, 0, 0
04-09 15:08:16.518  2732  2765 I bluetoothtbd: [0409/023816.518460:INFO:adapter.cc(719)] ACL state changed: 66:25:CA:C2:85:53 - connected: true
04-09 15:08:16.521  3077  3077 I cast_shell: [3080:3118:ERROR:bluetooth_v1_via_v2.cc(796)] Connection state changed. :53 true
04-09 15:08:16.720  3077  3077 I cast_shell: [3080:3088:ERROR:connectivity_checker_impl.cc(265)] Connectivity check failed: 400
04-09 15:08:17.026  2732  2765 D bt_btif_scanner: btif_gatts_upstreams_evt: Unhandled event (26)
04-09 15:08:17.610  2732  2811 E bluetoothtbd: [0409/023817.610172:ERROR:gatt_sr.cc(743)] MTU request PDU with MTU size 515
04-09 15:08:17.610  2732  2811 W bt_l2cap: l2cble_set_fixed_channel_tx_data_length, request not supported
04-09 15:08:17.611  2732  2811 W bluetoothtbd: [0409/023817.611094:WARNING:gatt_utils.cc(837)] Call back not found for application conn_id=3
04-09 15:08:17.611  2732  2811 W bluetoothtbd: [0409/023817.611177:WARNING:gatt_utils.cc(837)] Call back not found for application conn_id=4
04-09 15:08:17.611  2732  2811 W bluetoothtbd: [0409/023817.611256:WARNING:gatt_utils.cc(837)] Call back not found for application conn_id=6
04-09 15:08:17.641  3077  3077 I cast_shell: [3080:3118:INFO:ble_setup.cc(322)] Record action: Setup.set_eureka_info.BLE.Locale
04-09 15:08:17.641  3077  3077 I cast_shell: [3080:3118:INFO:locale_manager.cc(576)] New locale: en-US
04-09 15:08:17.656  3077  3077 I cast_shell: [3080:3118:INFO:setup_state.cc(544)] EurekaInfoCalled: wifi_state=3, is_usable_ip_address=1, connected=0, is_initial_setup=1
04-09 15:08:17.656  3077  3077 I cast_shell: [3080:3118:INFO:setup_state.cc(261)] Setup state changed: SETUP_STATE_CHECKING_GLOBAL_CONNECTIVITY_BAD_ROUTER (52) -> SETUP_STATE_DISCONNECTED_EXTERNAL_CLIENT_ACCESSED (11)
04-09 15:08:17.656  3077  3077 I cast_shell: [3080:3103:INFO:media_manager_impl.cc(383)] TurnActive result: 0
04-09 15:08:17.661  2961  3155 I LibreCastControlDelegate: OnCastStatus() +++ Lyric Speaker Box 21f384:0xab4d9198:NOT_SETUP
04-09 15:08:17.661  2961  3155 I LibreCastControlDelegate: Device Build Number -> '1.52.272222'
04-09 15:08:17.661  2961  3155 I librecast: updateCastBuildVersion() Version 1.52.272222
04-09 15:08:17.661  2711  2718 I lucitransport: readRemoteMessage() MID char = 7 buffer = 1.52.272222
04-09 15:08:17.662  2961  3155 I LibreCastControlDelegate: Active Applications -> 0
04-09 15:08:17.662  2961  3155 I LibreCastControlDelegate: Current Cast State '2' -> 'NOT_SETUP'
04-09 15:08:17.662  2961  3155 I LibreCastControlDelegate: OnCastStatus() ---
04-09 15:08:17.662  2961  3155 I LibreCastControlDelegate: OnCastStatus() +++ Lyric Speaker Box 21f384:0xab4d9198:NOT_SETUP
04-09 15:08:17.663  2961  3155 I LibreCastControlDelegate: Device Build Number -> '1.52.272222'
04-09 15:08:17.663  2961  3155 I librecast: updateCastBuildVersion() Version 1.52.272222
04-09 15:08:17.663  2711  2718 I lucitransport: readRemoteMessage() MID char = 7 buffer = 1.52.272222
04-09 15:08:17.663  2961  3155 I LibreCastControlDelegate: Active Applications -> 0
04-09 15:08:17.663  2961  3155 I LibreCastControlDelegate: Current Cast State '2' -> 'NOT_SETUP'
04-09 15:08:17.663  2961  3155 I LibreCastControlDelegate: OnCastStatus() ---
04-09 15:08:17.704  2732  2765 D bt_btif_scanner: btif_gatts_upstreams_evt: Unhandled event (26)
04-09 15:08:17.727  3077  3077 I cast_shell: [3080:3088:ERROR:connectivity_checker_impl.cc(265)] Connectivity check failed: 400
04-09 15:08:17.754  3077  3077 I cast_shell: [3080:3118:INFO:metrics_recorder.cc(282)] Record action: Setup.version.BLE
04-09 15:08:17.852  3077  3077 I cast_shell: [3080:3118:INFO:metrics_recorder.cc(282)] Record action: Setup.name_utf8.BLE
04-09 15:08:18.151  2732  2765 D bt_btif_scanner: btif_gatts_upstreams_evt: Unhandled event (26)
04-09 15:08:18.152  3077  3077 I cast_shell: [3080:3118:INFO:metrics_recorder.cc(282)] Record action: Setup.tos_accepted.BLE
04-09 15:08:18.181  3077  3077 I cast_shell: [3080:3118:INFO:metrics_recorder.cc(282)] Record action: Setup.state.BLE
04-09 15:08:18.212  3077  3077 I cast_shell: [3080:3118:INFO:metrics_recorder.cc(282)] Record action: Setup.ip_address.BLE
04-09 15:08:18.287  3077  3077 I cast_shell: [3080:3118:INFO:metrics_recorder.cc(282)] Record action: Setup.eureka_info_immutable_basic.BLE
04-09 15:08:18.331  3077  3077 I cast_shell: [3080:3118:INFO:metrics_recorder.cc(282)] Record action: Setup.eureka_info_mutable_reads.BLE
04-09 15:08:18.361  3077  3077 I cast_shell: [3080:3118:INFO:metrics_recorder.cc(282)] Record action: Setup.eureak_info_keys.BLE
04-09 15:08:18.466  3077  3077 I cast_shell: [3080:3118:INFO:metrics_recorder.cc(282)] Record action: Setup.eureka_info_immutable_basic.BLE
04-09 15:08:18.496  3077  3077 I cast_shell: [3080:3118:INFO:metrics_recorder.cc(282)] Record action: Setup.eureak_info_keys.BLE
04-09 15:08:18.571  3077  3077 I chatty  : uid=1000(chrome) /bin/logwrapper identical 1 line
04-09 15:08:18.662  3077  3077 I cast_shell: [3080:3118:INFO:metrics_recorder.cc(282)] Record action: Setup.eureak_info_keys.BLE
04-09 15:08:18.733  3077  3077 I cast_shell: [3080:3088:ERROR:connectivity_checker_impl.cc(265)] Connectivity check failed: 400
04-09 15:08:18.737  3077  3077 I cast_shell: [3080:3118:INFO:metrics_recorder.cc(282)] Record action: Setup.eureak_info_keys.BLE
04-09 15:08:18.812  3077  3077 I chatty  : uid=1000(chrome) /bin/logwrapper identical 1 line
04-09 15:08:18.887  3077  3077 I cast_shell: [3080:3118:INFO:metrics_recorder.cc(282)] Record action: Setup.eureak_info_keys.BLE
04-09 15:08:18.962  3077  3077 I cast_shell: [3080:3118:INFO:metrics_recorder.cc(282)] Record action: Setup.i8n_info.BLE
04-09 15:08:19.337  3077  3077 I chatty  : uid=1000(chrome) /bin/logwrapper identical 5 lines
04-09 15:08:19.426  3077  3077 I cast_shell: [3080:3118:INFO:metrics_recorder.cc(282)] Record action: Setup.i8n_info.BLE
04-09 15:08:19.472  3077  3077 I cast_shell: [3080:3118:INFO:ble_setup.cc(322)] Record action: Setup.set_eureka_info.BLE.CountryCode
04-09 15:08:19.472  3077  3077 I cast_shell: [3080:3118:INFO:locale_manager.cc(639)] New country code: IN
04-09 15:08:19.477  2709  2709 I wpa_supplicant: wlan0: CTRL-EVENT-REGDOM-CHANGE init=USER type=COUNTRY alpha2=IN
04-09 15:08:19.480  2710  2722 I yani_server: NetLink Event '-1' Interface-Index '5' WLAN '-1' Ethernet '-1' Parsed-iFill '-1' -> 'INVALID' ifIndex '1' -> 'lo'
04-09 15:08:19.484  2710  2722 I yani_server: NetLink Event '-1' Interface-Index '5' WLAN '0' Ethernet '-1' Parsed-iFill '-1' -> 'INVALID' ifIndex '1' -> 'lo'
04-09 15:08:19.486  2961  3155 I LibreCastControlDelegate: OnCastStatus() +++ Lyric Speaker Box 21f384:0xab4d9198:NOT_SETUP
04-09 15:08:19.486  2961  3155 I LibreCastControlDelegate: Device Build Number -> '1.52.272222'
04-09 15:08:19.486  2961  3155 I librecast: updateCastBuildVersion() Version 1.52.272222
04-09 15:08:19.486  2711  2718 I lucitransport: readRemoteMessage() MID char = 7 buffer = 1.52.272222
04-09 15:08:19.486  2961  3155 I LibreCastControlDelegate: Active Applications -> 0
04-09 15:08:19.486  2961  3155 I LibreCastControlDelegate: Current Cast State '2' -> 'NOT_SETUP'
04-09 15:08:19.486  2961  3155 I LibreCastControlDelegate: OnCastStatus() ---
04-09 15:08:19.740  3077  3077 I cast_shell: [3080:3088:ERROR:connectivity_checker_impl.cc(265)] Connectivity check failed: 400
04-09 15:08:20.521  3077  3077 I cast_shell: [3080:3118:INFO:ble_setup.cc(322)] Record action: Setup.scan_wifi.BLE
04-09 15:08:20.521  3077  3077 I cast_shell: [3080:3118:WARNING:wifi_controller_wpa_supplicant.cc(797)] Wpa responses FAIL-BUSY, assuming it is associating, which will keep scan_results fresh.
04-09 15:08:20.746  3077  3077 I cast_shell: [3080:3088:ERROR:connectivity_checker_impl.cc(265)] Connectivity check failed: 400
04-09 15:08:21.753  3077  3077 I chatty  : uid=1000(chrome) /bin/logwrapper identical 1 line
04-09 15:08:22.759  3077  3077 I cast_shell: [3080:3088:ERROR:connectivity_checker_impl.cc(265)] Connectivity check failed: 400
04-09 15:08:22.912  2710  2722 I yani_server: NetLink Event '-1' Interface-Index '5' WLAN '0' Ethernet '-1' Parsed-iFill '-1' -> 'INVALID' ifIndex '1' -> 'lo'
04-09 15:08:22.917  2710  2722 I chatty  : uid=0(root) YaniServer identical 3 lines
04-09 15:08:22.919  2710  2722 I yani_server: NetLink Event '-1' Interface-Index '5' WLAN '0' Ethernet '-1' Parsed-iFill '-1' -> 'INVALID' ifIndex '1' -> 'lo'
04-09 15:08:22.920  2960  2971 D wac-main: Netlink event
04-09 15:08:22.920  2960  2971 E wac-main: Netlink event 16 Interface Index 5 
04-09 15:08:22.920  2960  2971 E wac-main: Enter poll and wait
04-09 15:08:22.920  2960  2971 D wac-main: Netlink event
04-09 15:08:22.920  2960  2971 E wac-main: Netlink event 16 Interface Index 5 
04-09 15:08:22.920  2960  2971 E wac-main: Enter poll and wait
04-09 15:08:22.923  2961  3155 I LibreCastControlDelegate: OnCastStatus() +++ Lyric Speaker Box 21f384:0xab4d9198:NOT_SETUP
04-09 15:08:22.923  2961  3155 I LibreCastControlDelegate: Device Build Number -> '1.52.272222'
04-09 15:08:22.923  2961  3155 I librecast: updateCastBuildVersion() Version 1.52.272222
04-09 15:08:22.923  2711  2718 I lucitransport: readRemoteMessage() MID char = 7 buffer = 1.52.272222
04-09 15:08:22.923  2961  3155 I LibreCastControlDelegate: Active Applications -> 0
04-09 15:08:22.923  2961  3155 I LibreCastControlDelegate: Current Cast State '2' -> 'NOT_SETUP'
04-09 15:08:22.923  2961  3155 I LibreCastControlDelegate: OnCastStatus() ---
04-09 15:08:22.924  2710  2722 I yani_server: NetLink Event '-1' Interface-Index '5' WLAN '0' Ethernet '-1' Parsed-iFill '-1' -> 'INVALID' ifIndex '1' -> 'lo'
04-09 15:08:22.925  2710  2722 I yani_kernel: yani_geteventfrom_changeaddr() Message-Id '1' Netlink event '16' Interface Index '5' -> Name 'wlan0' 
04-09 15:08:22.929  2710  2722 I yani_kernel: yani_geteventfrom_changeaddr() Message-Id '1' Netlink event '16' Interface Index '5' -> Name 'wlan0' 
04-09 15:08:23.766  3077  3077 I cast_shell: [3080:3088:ERROR:connectivity_checker_impl.cc(265)] Connectivity check failed: 400
04-09 15:08:24.556  2709  2709 I wpa_supplicant: wlan0: CTRL-EVENT-SCAN-FAILED ret=-11
04-09 15:08:24.557  3077  3077 I cast_shell: [3080:3118:INFO:ble_setup.cc(322)] Record action: Setup.scan_wifi.BLE
04-09 15:08:24.558  2710  2722 I yani_server: NetLink Event '-1' Interface-Index '5' WLAN '-1' Ethernet '-1' Parsed-iFill '-1' -> 'INVALID' ifIndex '1' -> 'lo'
04-09 15:08:24.563  2961  3155 I LibreCastControlDelegate: OnCastStatus() +++ Lyric Speaker Box 21f384:0xab4d9198:NOT_SETUP
04-09 15:08:24.563  2961  3155 I LibreCastControlDelegate: Device Build Number -> '1.52.272222'
04-09 15:08:24.563  2961  3155 I librecast: updateCastBuildVersion() Version 1.52.272222
04-09 15:08:24.563  2711  2718 I lucitransport: readRemoteMessage() MID char = 7 buffer = 1.52.272222
04-09 15:08:24.563  2961  3155 I LibreCastControlDelegate: Active Applications -> 0
04-09 15:08:24.563  2961  3155 I LibreCastControlDelegate: Current Cast State '2' -> 'NOT_SETUP'
04-09 15:08:24.563  2961  3155 I LibreCastControlDelegate: OnCastStatus() ---
04-09 15:08:24.773  3077  3077 I cast_shell: [3080:3088:ERROR:connectivity_checker_impl.cc(265)] Connectivity check failed: 400
04-09 15:08:26.786  3077  3077 I chatty  : uid=1000(chrome) /bin/logwrapper identical 2 lines
04-09 15:08:27.793  3077  3077 I cast_shell: [3080:3088:ERROR:connectivity_checker_impl.cc(265)] Connectivity check failed: 400
04-09 15:08:28.620  3077  3077 I cast_shell: [3080:3118:INFO:metrics_recorder.cc(282)] Record action: Setup.scan_results.BLE
04-09 15:08:28.695  3077  3077 I cast_shell: [3080:3118:INFO:metrics_recorder.cc(282)] Record action: Setup.scan_results.BLE
04-09 15:08:28.799  3077  3077 I cast_shell: [3080:3088:ERROR:connectivity_checker_impl.cc(265)] Connectivity check failed: 400
04-09 15:08:29.805  3077  3077 I cast_shell: [3080:3088:ERROR:connectivity_checker_impl.cc(265)] Connectivity check failed: 400
04-09 15:08:30.790  3077  3077 I cast_shell: [3080:3080:INFO:grpc_manager_impl.cc(505)] GRPC[uri=[::]:0]: num_pending_calls=0, num_active_handlers=0, num_free_handlers=0
04-09 15:08:30.790  3077  3077 I cast_shell: [3080:3080:INFO:grpc_manager_impl.cc(505)] GRPC[uri=]: num_pending_calls=0, num_active_handlers=0, num_free_handlers=0
04-09 15:08:30.812  3077  3077 I cast_shell: [3080:3088:ERROR:connectivity_checker_impl.cc(265)] Connectivity check failed: 400
04-09 15:08:30.841  3077  3077 I cast_shell: [3080:3118:INFO:ble_setup.cc(322)] Record action: Setup.play_sound.BLE
04-09 15:08:30.843  3077  3077 I cast_shell: [3080:3097:INFO:synchronized_sound_player.cc(362)] Playing sound key 2
04-09 15:08:30.859  3077  3077 I cast_shell: [3080:3080:INFO:grpc_manager_impl.cc(505)] GRPC[uri=unix:/tmp/hcp_ipc_auth.socket]: num_pending_calls=0, num_active_handlers=10, num_free_handlers=0
04-09 15:08:30.863  3077  3077 I cast_shell: [3080:3080:INFO:grpc_manager_impl.cc(505)] GRPC[uri=unix:/tmp/modular_updater/modular_update_service]: num_pending_calls=0, num_active_handlers=0, num_free_handlers=0
04-09 15:08:30.875  3077  3077 I cast_shell: [3080:3097:INFO:audio_decoder_software_wrapper.cc(86)] Using backend decoder for PCM
04-09 15:08:30.881  3077  3077 I cast_shell: [3080:3102:INFO:mixer_input_connection.cc(208)] Create 0xf36628d8 (no_delay), content type: media, focus type: media, fill size: 512, algorithm fill size: 221, channel count: 1, input sample rate: 44100, start threshold: 3087, max queue size: 8820, socket: 0xf521ec40
04-09 15:08:30.881  3077  3077 I cast_shell: [3080:3101:INFO:mixer_output_stream_alsa.cc(428)] ALSA buffer = 4096, period = 512
04-09 15:08:30.881  3077  3077 I cast_shell: [3080:3100:INFO:stream_mixer.cc(604)] Input source channel count = 1
04-09 15:08:30.881  3077  3077 I cast_shell: [3080:3100:INFO:stream_mixer.cc(607)] Dynamic channel count not enabled; using stereo
04-09 15:08:30.881  3077  3077 I cast_shell: [3080:3100:INFO:stream_mixer.cc(604)] Input source channel count = 1
04-09 15:08:30.881  3077  3077 I cast_shell: [3080:3100:INFO:stream_mixer.cc(607)] Dynamic channel count not enabled; using stereo
04-09 15:08:30.881  3077  3077 I cast_shell: [3080:3100:INFO:stream_mixer.cc(416)] Start with 0 active inputs
04-09 15:08:30.886  3077  3077 I cast_shell: [3080:3101:INFO:mixer_output_stream_alsa.cc(171)] snd_pcm_open: handle=0xf2c103f0
04-09 15:08:30.886  3077  3077 I cast_shell: [3080:3118:INFO:ble_setup.cc(322)] Record action: Setup.play_sound.BLE
04-09 15:08:30.887  3077  3077 I cast_shell: [3080:3097:INFO:synchronized_sound_player.cc(362)] Playing sound key 0
04-09 15:08:30.887  3077  3077 I cast_shell: [3080:3102:INFO:mixer_input_connection.cc(386)] Remove 0xf36628d8
04-09 15:08:30.892  3077  3077 I cast_shell: [3080:3101:WARNING:mixer_output_stream_alsa.cc(341)] Requested sample rate (44100 Hz) does not match the actual sample rate (48000 Hz). This may lead to lower audio quality.
04-09 15:08:30.892  3077  3077 I cast_shell: [3080:3101:INFO:mixer_output_stream_alsa.cc(346)] Sample rate changed from 0 to 48000
04-09 15:08:30.893  3077  3077 I cast_shell: [3080:3101:WARNING:mixer_output_stream_alsa.cc(379)] Requested period size (512 frames) does not match the actual period size (1024 frames). This may lead to an increase in CPU usage or an increase in audio latency.
04-09 15:08:30.895  3077  3077 I cast_shell: [3080:3100:INFO:stream_mixer.cc(466)] Output 2 channels at 48000 samples per second
04-09 15:08:30.895  3077  3077 I cast_shell: [3080:3100:INFO:stream_mixer.cc(484)] Using 2 loopback channels
04-09 15:08:30.895  3077  3077 I cast_shell: [3080:3101:INFO:filter_group.cc(340)] : 2ch@48000hz -> [GROUP]mix -> 2ch@48000hz
04-09 15:08:30.895  3077  3077 I cast_shell: [3080:3101:INFO:filter_group.cc(340)] [GROUP]mix: 2ch@48000hz -> [GROUP]linearize -> 2ch@48000hz
04-09 15:08:30.901  3077  3077 I cast_shell: [3080:3100:INFO:mixer_input.cc(361)] no_delay(0xf36628dc): set volume limits to [0, 1]
04-09 15:08:30.901  3077  3077 I cast_shell: [3080:3100:INFO:mixer_input.cc(121)] Remixing channels for 0xf36628dc from 1 to 2
04-09 15:08:30.901  3077  3077 I cast_shell: [3080:3100:INFO:mixer_input.cc(346)] no_delay(0xf36628dc): type volume = 1, effective multiplier = 1
04-09 15:08:30.901  3077  3077 I cast_shell: [3080:3100:INFO:mixer_input.cc(395)] no_delay(0xf36628dc): mute volume = 1, effective multiplier = 1
04-09 15:08:30.904  3077  3077 I cast_shell: [3080:3100:INFO:stream_mixer.cc(683)] Remove input 0xf36628dc
04-09 15:08:30.904  3077  3077 I cast_shell: [3080:3102:INFO:mixer_input_connection.cc(243)] Delete 0xf36628d8
04-09 15:08:30.904  3077  3077 I cast_shell: [3080:3100:INFO:stream_mixer.cc(683)] Remove input 0xf36628dc
04-09 15:08:30.904  3077  3077 I chatty  : uid=1000(chrome) /bin/logwrapper identical 1 line
04-09 15:08:30.904  3077  3077 I cast_shell: [3080:3100:INFO:stream_mixer.cc(683)] Remove input 0xf36628dc
04-09 15:08:30.904  3077  3077 I cast_shell: [3080:3100:INFO:stream_mixer.cc(774)] Close timeout
04-09 15:08:30.905  3077  3077 I cast_shell: [3080:3100:INFO:stream_mixer.cc(541)] Stop
04-09 15:08:30.905  3077  3077 I cast_shell: [3080:3088:INFO:loopback_audio_input.cc(194)] [REALIGN] loopback interrupted; reason = 4
04-09 15:08:30.913  3077  3077 I cast_shell: [3080:3097:INFO:audio_decoder_software_wrapper.cc(86)] Using backend decoder for PCM
04-09 15:08:30.913  3077  3077 I cast_shell: [3080:3102:INFO:mixer_input_connection.cc(208)] Create 0xf36628d8 (no_delay), content type: media, focus type: media, fill size: 512, algorithm fill size: 240, channel count: 2, input sample rate: 48000, start threshold: 3360, max queue size: 9600, socket: 0xf5225210
04-09 15:08:30.914  3077  3077 I cast_shell: [3080:3080:INFO:cast_receiver_mojo.cc(844)] cast event : Cast.Platform.Audio.OutputInterrupted
04-09 15:08:30.964  3077  3077 I cast_shell: [3080:3101:INFO:mixer_output_stream_alsa.cc(293)] snd_pcm_close: handle=0xf2c103f0
04-09 15:08:30.965  3077  3077 I cast_shell: [3080:3101:INFO:mixer_output_stream_alsa.cc(171)] snd_pcm_open: handle=0xf2c2d9e8
04-09 15:08:30.965  3077  3077 I cast_shell: [3080:3101:INFO:mixer_output_stream_alsa.cc(346)] Sample rate changed from 48000 to 48000
04-09 15:08:30.965  3077  3077 I cast_shell: [3080:3101:INFO:filter_group.cc(340)] : 2ch@48000hz -> [GROUP]mix -> 2ch@48000hz
04-09 15:08:30.965  3077  3077 I cast_shell: [3080:3101:INFO:filter_group.cc(340)] [GROUP]mix: 2ch@48000hz -> [GROUP]linearize -> 2ch@48000hz
04-09 15:08:30.965  3077  3077 I cast_shell: [3080:3097:INFO:media_pipeline_backend_for_mixer.cc(276)] Audio ready to play
04-09 15:08:30.966  3077  3077 I cast_shell: [3080:3100:INFO:stream_mixer.cc(604)] Input source channel count = 2
04-09 15:08:30.967  3077  3077 I cast_shell: [3080:3100:INFO:stream_mixer.cc(607)] Dynamic channel count not enabled; using stereo
04-09 15:08:30.967  3077  3077 I cast_shell: [3080:3100:INFO:stream_mixer.cc(604)] Input source channel count = 2
04-09 15:08:30.967  3077  3077 I cast_shell: [3080:3100:INFO:stream_mixer.cc(607)] Dynamic channel count not enabled; using stereo
04-09 15:08:30.967  3077  3077 I cast_shell: [3080:3100:INFO:stream_mixer.cc(416)] Start with 0 active inputs
04-09 15:08:30.967  3077  3077 I cast_shell: [3080:3100:INFO:stream_mixer.cc(466)] Output 2 channels at 48000 samples per second
04-09 15:08:30.967  3077  3077 I cast_shell: [3080:3100:INFO:stream_mixer.cc(484)] Using 2 loopback channels
04-09 15:08:30.967  3077  3077 I cast_shell: [3080:3100:INFO:stream_mixer.cc(640)] Add input 0xf36628dc to mix @ 48000 samples per second. Is primary source? = 0
04-09 15:08:30.967  3077  3077 I cast_shell: [3080:3100:INFO:mixer_input.cc(361)] no_delay(0xf36628dc): set volume limits to [0, 1]
04-09 15:08:30.967  3077  3077 I cast_shell: [3080:3100:INFO:mixer_input.cc(346)] no_delay(0xf36628dc): type volume = 1, effective multiplier = 1
04-09 15:08:30.967  3077  3077 I cast_shell: [3080:3100:INFO:mixer_input.cc(395)] no_delay(0xf36628dc): mute volume = 1, effective multiplier = 1
04-09 15:08:30.967  3077  3077 I cast_shell: [3080:3100:INFO:mixer_input_connection.cc(1053)] 0xf36628d8 ready for playback
04-09 15:08:30.967  3077  3077 I cast_shell: [3080:3100:INFO:mixer_input_connection.cc(705)] Start 0xf36628d8
04-09 15:08:31.020  3077  3077 I cast_shell: [3080:3118:INFO:wifi_proximity.cc(177)] Request scan.
04-09 15:08:31.041  3077  3077 I cast_shell: [3080:3080:INFO:grpc_manager_impl.cc(505)] GRPC[uri=[::]:8012]: num_pending_calls=0, num_active_handlers=1, num_free_handlers=0
04-09 15:08:31.818  3077  3077 I cast_shell: [3080:3088:ERROR:connectivity_checker_impl.cc(265)] Connectivity check failed: 400
04-09 15:08:32.551  3077  3077 I cast_shell: [3080:3100:INFO:mixer_input_connection.cc(589)] End of stream for 0xf36628d8
04-09 15:08:32.743  3077  3077 I cast_shell: [3080:3097:INFO:synchronized_sound_player.cc(496)] Finished playing sound
04-09 15:08:32.743  3077  3077 I cast_shell: [3080:3102:INFO:mixer_input_connection.cc(386)] Remove 0xf36628d8
04-09 15:08:32.807  3077  3077 I cast_shell: [3080:3102:INFO:mixer_input_connection.cc(243)] Delete 0xf36628d8
04-09 15:08:32.807  3077  3077 I cast_shell: [3080:3100:INFO:stream_mixer.cc(683)] Remove input 0xf36628dc
04-09 15:08:32.807  3077  3077 I cast_shell: [3080:3100:INFO:stream_mixer.cc(774)] Close timeout
04-09 15:08:32.807  3077  3077 I cast_shell: [3080:3100:INFO:stream_mixer.cc(541)] Stop
04-09 15:08:32.807  3077  3077 I cast_shell: [3080:3088:INFO:loopback_audio_input.cc(194)] [REALIGN] loopback interrupted; reason = 4
04-09 15:08:32.808  3077  3077 I cast_shell: [3080:3080:INFO:cast_receiver_mojo.cc(844)] cast event : Cast.Platform.Audio.OutputInterrupted
04-09 15:08:32.825  3077  3077 I cast_shell: [3080:3088:ERROR:connectivity_checker_impl.cc(265)] Connectivity check failed: 400
04-09 15:08:32.892  3077  3077 I cast_shell: [3080:3101:INFO:mixer_output_stream_alsa.cc(293)] snd_pcm_close: handle=0xf2c2d9e8
04-09 15:08:33.831  3077  3077 I cast_shell: [3080:3088:ERROR:connectivity_checker_impl.cc(265)] Connectivity check failed: 400
04-09 15:09:15.100  3077  3077 I chatty  : uid=1000(chrome) /bin/logwrapper identical 41 lines
04-09 15:09:15.370  2730  2741 E NetworkMonitor: cannot find default IPv4 route for wlan0
04-09 15:09:15.370  2730  2741 E NetworkMonitor: cannot find default IPv6 route for wlan0
04-09 15:09:16.107  3077  3077 I cast_shell: [3080:3088:ERROR:connectivity_checker_impl.cc(265)] Connectivity check failed: 400
04-09 15:09:16.120  3077  3077 I cast_shell: [3080:3118:INFO:ble_setup.cc(322)] Record action: Setup.connect_wifi.BLE
04-09 15:09:16.124  3077  3077 I cast_shell: [3080:3118:INFO:setup_manager_impl.cc(1965)] New value: pref=tos-accepted, value=1
04-09 15:09:16.124  3077  3077 I cast_shell: [3080:3118:INFO:api_connect_wifi.cc(86)] connect_wifi Auth: 7
04-09 15:09:16.124  3077  3077 I cast_shell: [3080:3118:INFO:api_connect_wifi.cc(90)] connect_wifi Cipher: 4
04-09 15:09:16.125  3077  3077 I cast_shell: [3080:3080:INFO:bluetooth_setup.cc(686)] Disabling connectability: no bonded devices.
04-09 15:09:16.125  3077  3077 I cast_shell: [3080:3080:INFO:cast_receiver_impl.cc(1100)] Leaving discovery-only mode
04-09 15:09:16.125  3077  3077 I cast_shell: [3080:3080:INFO:application_config_manager_impl.cc(566)] Enabling virtual device 3af42edc-f424-9394-99cb-24b25941e214
04-09 15:09:16.125  3077  3077 I cast_shell: [3080:3128:INFO:mdns_cast_service.cc(351)] Device discovery state is idle
04-09 15:09:16.125  3077  3077 I cast_shell: [3080:3128:INFO:mdns_util.cc(102)] Defaulting mDNS capabilities for audio-only build
04-09 15:09:16.141  3077  3077 I cast_shell: [3080:3118:INFO:wifi_controller_wpa_supplicant.cc(1188)] strongest_snr=24 wifi_interface_index=0
04-09 15:09:16.156  2732  2765 I bluetoothtbd: [0409/023916.156691:INFO:adapter.cc(551)] Adapter properties changed
04-09 15:09:16.160  2710  2722 I yani_server: NetLink Event '-1' Interface-Index '5' WLAN '0' Ethernet '-1' Parsed-iFill '-1' -> 'INVALID' ifIndex '1' -> 'lo'
04-09 15:09:16.160  3077  3077 I cast_shell: [3080:3118:INFO:api_connect_wifi.cc(159)] [PII] Configuring wifi: ssid=Linksys16717_2G, auth=7, pairwise=4, id=0"
04-09 15:09:16.160  3077  3077 I cast_shell: [3080:3118:INFO:api_connect_wifi.cc(162)] Configuring wifi: otg =0, tethering_mode =0, wifi_auto_save_enabled=0
04-09 15:09:16.160  3077  3077 I cast_shell: [3080:3118:INFO:local_network_info_impl.cc(276)] CONNECTIVITY_ID changed:
04-09 15:09:16.160  3077  3077 I cast_shell: [3080:3118:INFO:setup_state.cc(261)] Setup state changed: SETUP_STATE_DISCONNECTED_EXTERNAL_CLIENT_ACCESSED (11) -> SETUP_STATE_SCANNING (20)
04-09 15:09:16.160  3077  3077 I cast_shell: [3080:3080:INFO:ccs_manager_impl.cc(1799)] Connectivity ID has changed; Will re-register CCS
04-09 15:09:16.160  3077  3077 I cast_shell: [3080:3080:INFO:ccs_manager_impl.cc(851)] Network connectivity down for CcsManager
04-09 15:09:16.160  3077  3077 I cast_shell: [3080:3118:INFO:bluetooth_manager.cc(115)] Record action: Cast.Bluetooth.DiscoveryMode.Disable
04-09 15:09:16.168  3077  3077 I cast_shell: [3080:3118:INFO:setup_state.cc(261)] Setup state changed: SETUP_STATE_SCANNING (20) -> SETUP_STATE_CHECKING_GLOBAL_CONNECTIVITY (50)
04-09 15:09:16.173  2961  3155 I LibreCastControlDelegate: OnCastStatus() +++ Lyric Speaker Box 21f384:0xab4d9198:OFFLINE
04-09 15:09:16.173  2961  3155 I LibreCastControlDelegate: Device Build Number -> '1.52.272222'
04-09 15:09:16.173  2961  3155 I librecast: updateCastBuildVersion() Version 1.52.272222
04-09 15:09:16.174  2711  2718 I lucitransport: readRemoteMessage() MID char = 7 buffer = 1.52.272222
04-09 15:09:16.174  2961  3155 I LibreCastControlDelegate: Active Applications -> 0
04-09 15:09:16.174  2961  3155 I LibreCastControlDelegate: Current Cast State '3' -> 'OFFLINE'
04-09 15:09:16.174  2961  3155 I LibreCastControlDelegate: OnCastStatus() ---
04-09 15:09:16.175  2961  3155 I LibreCastControlDelegate: OnCastStatus() +++ Lyric Speaker Box 21f384:0xab4d9198:OFFLINE
04-09 15:09:16.175  2961  3155 I LibreCastControlDelegate: Device Build Number -> '1.52.272222'
04-09 15:09:16.175  2961  3155 I librecast: updateCastBuildVersion() Version 1.52.272222
04-09 15:09:16.175  2711  2718 I lucitransport: readRemoteMessage() MID char = 7 buffer = 1.52.272222
04-09 15:09:16.175  2961  3155 I LibreCastControlDelegate: Active Applications -> 0
04-09 15:09:16.663  3077  3077 I cast_shell: [3080:3118:INFO:metrics_recorder.cc(282)] Record action: Setup.version.BLE
04-09 15:09:16.694  3077  3077 I cast_shell: [3080:3118:INFO:metrics_recorder.cc(282)] Record action: Setup.tos_accepted.BLE
04-09 15:09:16.723  3077  3077 I cast_shell: [3080:3118:INFO:metrics_recorder.cc(282)] Record action: Setup.state.BLE
04-09 15:09:16.753  3077  3077 I cast_shell: [3080:3118:INFO:metrics_recorder.cc(282)] Record action: Setup.ip_address.BLE
04-09 15:09:17.113  3077  3077 I cast_shell: [3080:3088:ERROR:connectivity_checker_impl.cc(265)] Connectivity check failed: 400
04-09 15:09:17.132  3077  3077 I cast_shell: [3080:3080:INFO:grpc_service_discovery_impl.cc(185)] Mdns discovered google RPC for [PII](68B5A42E7B974D4D9986C4F5A3330138).
04-09 15:09:17.293  3077  3077 I cast_shell: [3080:3118:INFO:metrics_recorder.cc(282)] Record action: Setup.version.BLE
04-09 15:09:17.323  3077  3077 I cast_shell: [3080:3118:INFO:metrics_recorder.cc(282)] Record action: Setup.tos_accepted.BLE
04-09 15:09:17.353  3077  3077 I cast_shell: [3080:3118:INFO:metrics_recorder.cc(282)] Record action: Setup.state.BLE
04-09 15:09:17.383  3077  3077 I cast_shell: [3080:3118:INFO:metrics_recorder.cc(282)] Record action: Setup.ip_address.BLE
04-09 15:09:17.923  3077  3077 I cast_shell: [3080:3118:INFO:metrics_recorder.cc(282)] Record action: Setup.version.BLE
04-09 15:09:17.953  3077  3077 I cast_shell: [3080:3118:INFO:metrics_recorder.cc(282)] Record action: Setup.tos_accepted.BLE
04-09 15:09:17.983  3077  3077 I cast_shell: [3080:3118:INFO:metrics_recorder.cc(282)] Record action: Setup.state.BLE
04-09 15:09:18.013  3077  3077 I cast_shell: [3080:3118:INFO:metrics_recorder.cc(282)] Record action: Setup.ip_address.BLE
04-09 15:09:18.120  3077  3077 I cast_shell: [3080:3088:ERROR:connectivity_checker_impl.cc(265)] Connectivity check failed: 400
04-09 15:09:18.134  3077  3077 I cast_shell: [3080:3128:INFO:mdns_app_filter.cc(1526)] MdnsAppFilter: Done announcing.
04-09 15:09:18.442  2730  2741 E NetworkMonitor: no response for /bin/ping -n -I wlan0 -c 10 -w 10 8.8.8.8
04-09 15:09:18.454  2730  2741 E NetworkMonitor: no response for /bin/ping6 -n -I wlan0 -c 10 -w 10 2001:4860:4860::8888
04-09 15:09:18.455  2730  2741 E NetworkMonitor: dns resolution failed
04-09 15:09:18.455  2730  2741 I NetworkMonitor: deauth disabled
04-09 15:09:18.553  3077  3077 I cast_shell: [3080:3118:INFO:metrics_recorder.cc(282)] Record action: Setup.version.BLE
04-09 15:09:18.583  3077  3077 I cast_shell: [3080:3118:INFO:metrics_recorder.cc(282)] Record action: Setup.tos_accepted.BLE
04-09 15:09:18.613  3077  3077 I cast_shell: [3080:3118:INFO:metrics_recorder.cc(282)] Record action: Setup.state.BLE
04-09 15:09:18.643  3077  3077 I cast_shell: [3080:3118:INFO:metrics_recorder.cc(282)] Record action: Setup.ip_address.BLE
