04-09 09:29:12.395  2968  3163 E LibreCastControl: Timer Sem Wait Start iCastPlayerstate = 0 
04-09 09:29:12.408  2690  2690 I sh      : [0408/205912.407697:INFO:cast_control_impl.cc(744)] CastControl has started running.
04-09 09:29:12.408  2690  2690 I sh      : [0408/205912.408563:INFO:cast_control_impl.cc(745)] Attempting to connect CastMessageService. socket=/tmp/cast-control
04-09 09:29:12.411  2968  3162 I LibreCastControlDelegate: OnCastStatus() +++ :0xac851198:STARTING
04-09 09:29:12.411  2690  2690 I sh      : [0408/205912.411633:INFO:cast_control_socket.cc(64)] Successfully connected Cast Control Socket
04-09 09:29:12.411  2968  3162 E LibreCastControlDelegate: OnCastStatus:177
04-09 09:29:12.413  2968  3162 I LibreCastControl: LibreCastControl_SetCastName()  name 'Lyric Speaker Box 21f384' RequestId '1' pCastControl 0xf4d00728
04-09 09:29:12.413  2968  3162 I LibreCastControlDelegate: Active Applications -> 0
04-09 09:29:12.413  2968  3162 I LibreCastControlDelegate: Current Cast State '1' -> 'STARTING'
04-09 09:29:12.413  2968  3162 I LibreCastControlDelegate: OnCastStatus() ---
04-09 09:29:12.413  2690  2690 I sh      : [0408/205912.413627:INFO:cast_message_service_impl.cc(185)] Sending connect message!
04-09 09:29:12.417  3084  3084 I cast_shell: [3087:3139:INFO:metrics_recorder.cc(282)] Cast v2 action(socket_id=domain-socket@/tmp/cast-control.1): CastV2.Connection.Connect.In
04-09 09:29:12.418  3084  3084 I cast_shell: [3087:3087:INFO:resource_namespace_handler.cc(307)] Setting resource provider: sender_id=domain-socket@/tmp/cast-control.1:system-0
04-09 09:29:12.419  2690  2690 I sh      : [0408/205912.418976:INFO:cast_message_service_impl.cc(1007)] CastMessageServiceImpl matched versions
04-09 09:29:12.694  2730  2742 I WifiUtil: get p2p0 channel 6 (2437MHz)
04-09 09:29:12.694  2730  2742 I HotspotManager: start hostapd at channel=6 SSID=<SSID omitted> hidden_ssid=0
04-09 09:29:12.700  3084  3084 I cast_shell: [3087:3138:INFO:metrics_recorder.cc(282)] cast event: Cast.Discovery.Mdns.SocketCreated
04-09 09:29:12.700  3084  3084 I cast_shell: [3087:3138:INFO:mdns_app_filter.cc(1254)] Created mDNS socket for interface:name=p2p1, address=192.168.2.1, index=7
04-09 09:29:12.700  3084  3084 I cast_shell: [3087:3138:INFO:metrics_recorder.cc(282)] cast event: Cast.Discovery.Mdns.SocketCreated
04-09 09:29:12.700  3084  3084 I cast_shell: [3087:3138:INFO:mdns_app_filter.cc(1254)] Created mDNS socket for interface:name=usb0, address=192.168.10.1, index=9
04-09 09:29:12.700  3084  3084 I cast_shell: [3087:3138:INFO:mdns_app_filter.cc(977)] MdnsAppFilter is starting.
04-09 09:29:12.700  3084  3084 I cast_shell: [3087:3138:INFO:metrics_recorder.cc(282)] cast event: Cast.Discovery.Mdns.ResponderStarted
04-09 09:29:12.700  3084  3084 I cast_shell: [3087:3138:INFO:discovered_service_client.cc(78)] Primary interface for service discovery has changed: ifindex=9
04-09 09:29:12.703  2967  2977 D wac-main: Netlink event
04-09 09:29:12.703  2967  2977 E wac-main: Netlink event 20 Interface Index 6 
04-09 09:29:12.724  3084  3084 I cast_shell: [3087:3128:INFO:ble_setup.cc(1106)] Cleared generated LAT.
04-09 09:29:12.725  3084  3084 I cast_shell: [3087:3128:WARNING:setup_manager_impl.cc(1136)] NAT not supported, no captive portal support.
04-09 09:29:12.725  3084  3084 I cast_shell: [3087:3128:INFO:setup_namespace_handler.cc(94)] Added a peer for setup namespace: domain-socket@/tmp/cast-control.1:system-0
04-09 09:29:12.726  3084  3084 I cast_shell: [3087:3141:INFO:multizone_group.cc(357)] Change name for group [PII](4EFE30C2EF58AB67F089BBB3E16AEDA3) to [PII](Lyric Speaker Box 21f384)
04-09 09:29:12.728  3084  3084 I cast_shell: [3087:3087:INFO:device_info_impl.cc(1133)] SSDP Config ID is increased: id=2
04-09 09:29:12.728  2968  3162 I LibreCastControlDelegate: OnResponse() ReqeustID 1, error  0
04-09 09:29:12.729  3084  3084 I cast_shell: [3087:3087:INFO:device_info_impl.cc(1133)] SSDP Config ID is increased: id=3
04-09 09:29:12.731  3084  3084 I cast_shell: [3087:3138:INFO:mdns_util.cc(102)] Defaulting mDNS capabilities for audio-only build
04-09 09:29:12.731  3084  3084 I cast_shell: [3087:3138:INFO:mdns_util.cc(102)] Defaulting mDNS capabilities for audio-only build
04-09 09:29:12.732  3084  3084 I cast_shell: [3087:3087:INFO:mdns_manager_impl.cc(429)] Successfully updated service: type=_googlecast
04-09 09:29:12.732  3084  3084 I cast_shell: [3087:3087:INFO:virtual_device.cc(296)] Updated mDNS service for virtual device: id=e3f9106d-ef87-8737-8d3f-95aa22c18d5a
04-09 09:29:12.732  3084  3084 I cast_shell: [3087:3087:INFO:mdns_manager_impl.cc(429)] Successfully updated service: type=_googlecast
04-09 09:29:12.732  3084  3084 I cast_shell: [3087:3087:INFO:virtual_device.cc(296)] Updated mDNS service for virtual device: id=e3f9106d-ef87-8737-8d3f-95aa22c18d5a
04-09 09:29:12.741  2968  3162 I LibreCastControlDelegate: OnCastStatus() +++ Lyric Speaker Box 21f384:0xac851198:NOT_SETUP
04-09 09:29:12.750  2710  2722 I yani_server: NetLink Event '6' Interface-Index '6' WLAN '-1' Ethernet '-1' Parsed-iFill '6' -> 'P2P0 CONNECTED' ifIndex '2' -> 'tunl0'
04-09 09:29:12.753  2968  3162 I LibreCastControlDelegate: Active Applications -> 0
04-09 09:29:12.753  2968  3162 I LibreCastControlDelegate: Current Cast State '2' -> 'NOT_SETUP'
04-09 09:29:12.756  2732  2762 I bluetoothtbd: [0408/205912.756091:INFO:adapter.cc(551)] Adapter properties changed
04-09 09:29:12.756  2732  2762 I bluetoothtbd: [0408/205912.756339:INFO:adapter.cc(573)] Adapter name changed
04-09 09:29:12.756  2968  3162 I LibreCastControl: LibreCastControl_SetMultizoneAudioOutputDelay() delay '80000' usecs RequestId '3' pCastControl 0xf4d00728
04-09 09:29:12.756  2968  3162 I LibreCastControlDelegate: MultizoneDelay request ID 3 with delay 80000 usecs
04-09 09:29:12.756  2968  3162 I LibreCastControlDelegate: OnCastStatus() ---
04-09 09:29:12.760  2690  2690 I sh      : [0408/205912.760298:INFO:cast_message_service_impl.cc(1037)] Received initial eureka info
04-09 09:29:12.761  2710  2722 I yani_server: doLotofWork() List of interface '4'
04-09 09:29:12.762  2710  2722 I yani_server: doLotofWork() Interface 'p2p0' ifr[0].ifr_name 'lo' ipaddress '127.0.0.1'
04-09 09:29:12.764  2728  2728 E AirableUIHelper: AirableUIHelper::YaniAlert  4 1 
04-09 09:29:12.765  2974  2987 I otamanager: YaniAlert() Interface 4 Status Up
04-09 09:29:12.766  2970  3013 I airplay-main: YaniAlert Interface 4 Status 1
04-09 09:29:12.767  2968  3162 I LibreCastControlDelegate: Active Applications -> 0
04-09 09:29:12.767  2968  3162 I LibreCastControlDelegate: Current Cast State '2' -> 'NOT_SETUP'
04-09 09:29:12.767  2968  3162 I LibreCastControlDelegate: OnCastStatus() ---
04-09 09:29:12.768  2690  2690 I sh      : [0408/205912.768376:INFO:cast_message_service_impl.cc(1067)] Received initial receiver info
04-09 09:29:12.769  2690  2690 I sh      : [0408/205912.769363:INFO:cast_message_service_impl.cc(1073)] Sent PlatformSettingsRegister message
04-09 09:29:12.769  3084  3084 I cast_shell: [3087:3087:INFO:multizone_setup.cc(328)] Configured audio output delay changed. User delay = 0 s, OEM delay = 0.08 s, HDMI delay = 0 s
04-09 09:29:12.778  2711  2719 E luciUART: UART:0
04-09 09:29:12.778  2711  2719 I chatty  : uid=0(root) UARTLUCIControl identical 1 line
04-09 09:29:12.778  2711  2719 E luciUART: UART:0
04-09 09:29:12.778  2711  2719 E luciUART: UART:9
04-09 09:29:12.778  2711  2719 I luciUART: read() RemoteID = 43690 Command = 208 Type = 2 Status = 0 DataLen = 9
04-09 09:29:12.778  2711  2719 E luciUART: Error: full data not available yet! readBytes 0
04-09 09:29:12.778  2711  2719 I luciUART: Previous Packet read contd., 
04-09 09:29:12.778  2711  2719 E luciUART: UART:52
04-09 09:29:12.778  2711  2719 I luciUART: Previous Packet read contd., 
04-09 09:29:12.778  2711  2719 E luciUART: UART:45
04-09 09:29:12.778  2711  2719 I luciUART: Previous Packet read contd., 
04-09 09:29:12.778  2711  2719 E luciUART: UART:41
04-09 09:29:12.778  2711  2719 I luciUART: Previous Packet read contd., 
04-09 09:29:12.778  2711  2719 E luciUART: UART:44
04-09 09:29:12.778  2711  2719 I luciUART: Previous Packet read contd., 
04-09 09:29:12.778  2711  2719 E luciUART: UART:5f
04-09 09:29:12.778  2711  2719 I luciUART: Previous Packet read contd., 
04-09 09:29:12.778  2711  2719 E luciUART: UART:73
04-09 09:29:12.778  2711  2720 E LUCI_SERVER: Got NV name : ssid
04-09 09:29:12.780  2711  2720 I luciUART: write() MID = 208  bytes = 15 data = ssid: m_fd = 0x5
04-09 09:29:12.780  2711  2720 E LUCI_SERVER: NV_READ response= ssid:
04-09 09:29:12.780  2711  2720 E LUCI_SERVER: Luci Server Thread waiting for packets....
04-09 09:29:12.781  2710  2722 I yani_server: NetLink Event '5' Interface-Index '6' WLAN '-1' Ethernet '-1' Parsed-iFill '5' -> 'P2P0 DISCONNECTED' ifIndex '2' -> 'tunl0'
04-09 09:29:12.781  2710  2722 E yani_server: YANI: I am Done Wait For Event 
04-09 09:29:12.781  2710  2722 I yani_kernel: yani_geteventfrom_changeaddr() Message-Id '1' Netlink event '20' Interface Index '6' -> Name 'p2p0' 
04-09 09:29:12.781  2710  2814 I yani_server: onNetworkParametersChanged() WAC Mode '0'  Index '2' Interface 'p2p0' Status '0'
04-09 09:29:12.782  2727  2738 I MB_HANDLER: YaniAlert() Interface '3' Status '0'
04-09 09:29:12.782  2711  2711 I lucitransport: writeRemoteMessage() MID = 124 buffer = 0#1,0#2,0#3,0#4,0
04-09 09:29:12.782  2711  2711 I luciUART: write() MID = 124  bytes = 27 data = 0#1,0#2,0#3,0#4,0 m_fd = 0x5
04-09 09:29:12.783  2728  2728 E AirableUIHelper: AirableUIHelper::YaniAlert  3 0 
04-09 09:29:12.783  2974  2987 I otamanager: YaniAlert() Interface 3 Status Down
04-09 09:29:12.784  2970  3013 I airplay-main: YaniAlert Interface 3 Status 0
04-09 09:29:12.784  2710  2722 I yani_server: NetLink Event '6' Interface-Index '6' WLAN '-1' Ethernet '-1' Parsed-iFill '6' -> 'P2P0 CONNECTED' ifIndex '2' -> 'tunl0'
04-09 09:29:12.791  2711  2719 E luciUART: UART:aa
04-09 09:29:12.791  2711  2719 E luciUART: UART:aa
04-09 09:29:12.791  2711  2719 E luciUART: UART:2
04-09 09:29:12.791  2711  2719 E luciUART: UART:0
04-09 09:29:12.791  2711  2719 E luciUART: UART:d0
04-09 09:29:12.791  2711  2719 E luciUART: UART:0
04-09 09:29:12.791  2711  2719 I chatty  : uid=0(root) UARTLUCIControl identical 2 lines
04-09 09:29:12.791  2711  2719 E luciUART: UART:0
04-09 09:29:12.791  2711  2719 E luciUART: UART:9
04-09 09:29:12.791  2711  2719 I luciUART: read() RemoteID = 43690 Command = 208 Type = 2 Status = 0 DataLen = 9
04-09 09:29:12.791  2711  2719 E luciUART: Error: full data not available yet! readBytes 0
04-09 09:29:12.791  2711  2719 I luciUART: Previous Packet read contd., 
04-09 09:29:12.791  2711  2719 E luciUART: UART:52
04-09 09:29:12.791  2711  2719 I luciUART: Previous Packet read contd., 
04-09 09:29:12.792  2711  2719 E luciUART: UART:45
04-09 09:29:12.792  2711  2719 I luciUART: Previous Packet read contd., 
04-09 09:29:12.792  2711  2719 E luciUART: UART:41
04-09 09:29:12.792  2711  2719 I luciUART: Previous Packet read contd., 
04-09 09:29:12.792  2711  2719 E luciUART: UART:44
04-09 09:29:12.792  2711  2719 I luciUART: Previous Packet read contd., 
04-09 09:29:12.792  2711  2719 E luciUART: UART:5f
04-09 09:29:12.792  2711  2719 I luciUART: Previous Packet read contd., 
04-09 09:29:12.792  2711  2719 E luciUART: UART:73
04-09 09:29:12.792  2711  2719 I luciUART: Previous Packet read contd., 
04-09 09:29:12.792  2711  2719 E luciUART: UART:73
04-09 09:29:12.792  2711  2719 I luciUART: Previous Packet read contd., 
04-09 09:29:12.792  2711  2719 E luciUART: UART:69
04-09 09:29:12.792  2711  2719 I luciUART: Previous Packet read contd., 
04-09 09:29:12.792  2711  2719 E luciUART: UART:64
04-09 09:29:12.792  2711  2720 E LUCI_SERVER: Luci Server Thread wait over MID 208....
04-09 09:29:12.792  2711  2720 E LUCI_SERVER: Got NV name : ssid
04-09 09:29:12.793  2711  2720 I luciUART: write() MID = 208  bytes = 15 data = ssid: m_fd = 0x5
04-09 09:29:12.794  2711  2720 E LUCI_SERVER: NV_READ response= ssid:
04-09 09:29:12.794  2711  2720 E LUCI_SERVER: Luci Server Thread waiting for packets....
04-09 09:29:12.806  2968  3162 I LibreCastControl: LibreCastControl_RequestGVAStatus() RequestId '5' pCastControl 0xf4d00728
04-09 09:29:12.806  2968  3162 I LibreCastControlDelegate: OnCastStatus() +++ Lyric Speaker Box 21f384:0xac851198:NOT_SETUP
04-09 09:29:12.806  2968  3162 I LibreCastControlDelegate: Device Build Number -> '1.52.272222'
04-09 09:29:12.806  2968  3162 I librecast: updateCastBuildVersion() Version 1.52.272222
04-09 09:29:12.807  2711  2711 I lucitransport: readRemoteMessage() MID char = 7 buffer = 1.52.272222
04-09 09:29:12.807  2690  2690 I sh      : [0408/205912.806170:INFO:cast_message_service_impl.cc(1076)] CastMessageServiceImpl is ready
04-09 09:29:12.807  2968  3162 I LibreCastControlDelegate: Active Applications -> 0
04-09 09:29:12.807  2968  3162 I LibreCastControlDelegate: Current Cast State '2' -> 'NOT_SETUP'
04-09 09:29:12.807  2968  3162 I LibreCastControlDelegate: OnCastStatus() ---
04-09 09:29:12.807  2968  3162 I LibreCastControlDelegate: OnResponse() ReqeustID 3, error  0
04-09 09:29:12.808  2968  3162 I LibreCastControlDelegate: OnCastStatus() +++ Lyric Speaker Box 21f384:0xac851198:NOT_SETUP
04-09 09:29:12.808  2968  3162 I LibreCastControlDelegate: Device Build Number -> '1.52.272222'
04-09 09:29:12.808  2968  3162 I librecast: updateCastBuildVersion() Version 1.52.272222
04-09 09:29:12.808  2711  2711 I lucitransport: readRemoteMessage() MID char = 7 buffer = 1.52.272222
04-09 09:29:12.809  2968  3162 I LibreCastControlDelegate: Active Applications -> 0
04-09 09:29:12.809  2968  3162 I LibreCastControlDelegate: Current Cast State '2' -> 'NOT_SETUP'
04-09 09:29:12.809  2968  3162 I LibreCastControlDelegate: OnCastStatus() ---
04-09 09:29:12.810  3084  3084 I cast_shell: [3087:3087:INFO:assistant_namespace_handler.cc(144)] Added a status listening peer for assistant namespace: domain-socket@/tmp/cast-control.1:system-0
04-09 09:29:12.811  2968  3162 I LibreCastControlDelegate: OnResponse() ReqeustID 5, error  0
04-09 09:29:13.086  3084  3084 I cast_shell: [3087:3128:INFO:ble_setup.cc(789)] Missing required info for sign.
04-09 09:29:13.111  3084  3084 I cast_shell: [3087:3087:INFO:crypto_manager.cc(278)] Public key: MIIBCgKCAQEA3MEOMtX0QOAZ+MOpiop+aERvfbmsS+Pa2DGhr5x92udxHdm2iqzky3TJ4iz/XkxuxAMrA27Bdfx7YTP7ixByXSj8ZGevQPlkvAT2QnkO+gh0snj1hCYLdc2bWUd1g+heD7KMX/UyLEkBdKLrre9GKYqCR4oEK6gRONPqJY57uB8BD+3ue20TvqqNgk0V2QCyyDxol5/FZIpS7oGgdSxuumX8QIbJ0LNXEdc3dHbHaXGSLvQjJ7cTu7iylWb0GkcqfJe/H7B9m45oGnWmYgQNc+MDT9lpN2THOUUkyIJ5+QsP3+aA1SwQe0xFrZ7EbMsmAbooJj4vozArdlNYWr4PVQIDAQAB
04-09 09:29:13.111  3084  3084 I cast_shell: [3087:3087:INFO:crypto_manager.cc(289)] Public modulus: 3MEOMtX0QOAZ-MOpiop-aERvfbmsS-Pa2DGhr5x92udxHdm2iqzky3TJ4iz_XkxuxAMrA27Bdfx7YTP7ixByXSj8ZGevQPlkvAT2QnkO-gh0snj1hCYLdc2bWUd1g-heD7KMX_UyLEkBdKLrre9GKYqCR4oEK6gRONPqJY57uB8BD-3ue20TvqqNgk0V2QCyyDxol5_FZIpS7oGgdSxuumX8QIbJ0LNXEdc3dHbHaXGSLvQjJ7cTu7iylWb0GkcqfJe_H7B9m45oGnWmYgQNc-MDT9lpN2THOUUkyIJ5-QsP3-aA1SwQe0xFrZ7EbMsmAbooJj4vozArdlNYWr4PVQ
04-09 09:29:13.111  3084  3084 I cast_shell: [3087:3087:INFO:crypto_manager.cc(294)] Public exponent: AQAB
04-09 09:29:13.544  3084  3084 I cast_shell: [3087:3141:INFO:multizone_manager.cc(1889)] Initial discovery complete
04-09 09:29:13.544  3084  3084 I cast_shell: [3087:3138:INFO:mdns_app_filter.cc(1605)] Re-probing due to newly registered service '3': _googlezone
04-09 09:29:13.544  3084  3084 I cast_shell: [3087:3087:INFO:mdns_manager_impl.cc(311)] Successfully registered service: type=_googlezone
04-09 09:29:13.587  2710  2722 I yani_server: doLotofWork() List of interface '4'
04-09 09:29:13.587  2710  2722 I yani_server: doLotofWork() Interface 'p2p0' ifr[0].ifr_name 'lo' ipaddress '127.0.0.1'
04-09 09:29:13.587  2710  2722 I yani_server: doLotofWork() Interface 'p2p0' ifr[1].ifr_name 'p2p0' ipaddress '192.168.255.249'
04-09 09:29:13.587  2710  2722 I yani_server: doLotofWork() returns 'REFILL WACMODE'
04-09 09:29:13.587  2710  2722 E yani_server: YANI: I am Done Wait For Event 
04-09 09:29:13.588  2710  2814 I yani_server: onNetworkParametersChanged() WAC Mode '1'  Index '2' Interface 'p2p0' Status '1'
04-09 09:29:13.588  2727  2738 I MB_HANDLER: YaniAlert() Interface '4' Status '1'
04-09 09:29:13.589  2711  2711 I lucitransport: writeRemoteMessage() MID = 124 buffer = 4#1,0#2,0#3,1#4,1
04-09 09:29:13.589  2711  2711 I luciUART: write() MID = 124  bytes = 27 data = 4#1,0#2,0#3,1#4,1 m_fd = 0x5
04-09 09:29:13.589  2728  2728 E AirableUIHelper: AirableUIHelper::YaniAlert  4 1 
04-09 09:29:13.590  2974  2987 I otamanager: YaniAlert() Interface 4 Status Up
04-09 09:29:13.597  2711  2719 E luciUART: UART:aa
04-09 09:29:13.597  2711  2719 E luciUART: UART:aa
04-09 09:29:13.597  2711  2719 E luciUART: UART:2
04-09 09:29:13.597  2711  2719 E luciUART: UART:0
04-09 09:29:13.597  2711  2719 E luciUART: UART:d0
04-09 09:29:13.597  2711  2719 E luciUART: UART:0
04-09 09:29:13.597  2711  2719 I chatty  : uid=0(root) UARTLUCIControl identical 2 lines
04-09 09:29:13.597  2711  2719 E luciUART: UART:0
04-09 09:29:13.597  2711  2719 E luciUART: UART:9
04-09 09:29:13.598  2711  2719 I luciUART: read() RemoteID = 43690 Command = 208 Type = 2 Status = 0 DataLen = 9
04-09 09:29:13.598  2711  2719 E luciUART: Error: full data not available yet! readBytes 0
04-09 09:29:13.598  2711  2719 I luciUART: Previous Packet read contd., 
04-09 09:29:13.598  2711  2719 E luciUART: UART:52
04-09 09:29:13.598  2711  2719 I luciUART: Previous Packet read contd., 
04-09 09:29:13.598  2711  2719 E luciUART: UART:45
04-09 09:29:13.598  2711  2719 I luciUART: Previous Packet read contd., 
04-09 09:29:13.598  2711  2719 E luciUART: UART:41
04-09 09:29:13.598  2711  2719 I luciUART: Previous Packet read contd., 
04-09 09:29:13.598  2711  2719 E luciUART: UART:44
04-09 09:29:13.598  2711  2719 I luciUART: Previous Packet read contd., 
04-09 09:29:13.598  2711  2719 E luciUART: UART:5f
04-09 09:29:13.598  2711  2719 I luciUART: Previous Packet read contd., 
04-09 09:29:13.598  2711  2719 E luciUART: UART:73
04-09 09:29:13.598  2711  2719 I luciUART: Previous Packet read contd., 
04-09 09:29:13.598  2711  2719 E luciUART: UART:73
04-09 09:29:13.598  2711  2719 I luciUART: Previous Packet read contd., 
04-09 09:29:13.598  2711  2719 E luciUART: UART:69
04-09 09:29:13.598  2711  2719 I luciUART: Previous Packet read contd., 
04-09 09:29:13.598  2711  2719 E luciUART: UART:64
04-09 09:29:13.598  2711  2720 E LUCI_SERVER: Luci Server Thread wait over MID 208....
04-09 09:29:13.598  2711  2720 E LUCI_SERVER: Got NV name : ssid
04-09 09:29:13.600  2711  2720 I luciUART: write() MID = 208  bytes = 15 data = ssid: m_fd = 0x5
04-09 09:29:13.600  2711  2720 E LUCI_SERVER: NV_READ response= ssid:
04-09 09:29:13.600  2711  2720 E LUCI_SERVER: Luci Server Thread waiting for packets....
04-09 09:29:13.606  2967  2977 D wac-main: Netlink event
04-09 09:29:13.607  2967  2977 E wac-main: Netlink event 16 Interface Index 6 
04-09 09:29:13.607  2967  2977 E wac-main: p2p0 event Link Changed : 1002 
04-09 09:29:13.607  2967  2977 E wac-main: Enter poll and wait
04-09 09:29:13.607  2710  2722 I yani_kernel: yani_geteventfrom_changeaddr() Message-Id '1' Netlink event '16' Interface Index '6' -> Name 'p2p0' 
04-09 09:29:13.611  2730  2742 E WifiUtil: command: "SCAN" failed: FAIL-BUSY
04-09 09:29:13.611  2730  2742 W HotspotManager: hotspot already started
04-09 09:29:13.634  3084  3084 I cast_shell: [3087:3128:INFO:gatt_client_manager_impl.cc(202)] Enabling GATT client connectability
04-09 09:29:13.634  3084  3084 I cast_shell: [3087:3128:INFO:ble_setup.cc(915)] Sign related info completed, no future EurekaInfo need sign.
04-09 09:29:13.634  3084  3084 I cast_shell: [3087:3128:INFO:gatt_client_manager_impl.cc(202)] Enabling GATT client connectability
04-09 09:29:13.634  3084  3084 I chatty  : uid=1000(chrome) /bin/logwrapper identical 1 line
04-09 09:29:13.634  3084  3084 I cast_shell: [3087:3128:INFO:gatt_client_manager_impl.cc(202)] Enabling GATT client connectability
04-09 09:29:13.636  2732  2762 E bt_btif : BTA_GATTS_AddService: rcb_idx = 0
04-09 09:29:13.636  2732  2762 I bluetoothtbd: [0408/205913.636773:INFO:gatt_api.cc(207)] GATTS_AddService
04-09 09:29:13.637  2732  2762 I bluetoothtbd: [0408/205913.637093:INFO:gatt_api.cc(317)] GATTS_AddService: service parsed correctly, now starting
04-09 09:29:13.640  3084  3084 I cast_shell: [3087:3128:INFO:ble_setup_manager.cc(744)] Started Bluetooth service
04-09 09:29:14.096  2710  2722 I yani_server: NetLink Event '-1' Interface-Index '5' WLAN '-1' Ethernet '-1' Parsed-iFill '-1' -> 'INVALID' ifIndex '1' -> 'lo'
04-09 09:29:14.096  2967  2977 D wac-main: Netlink event
04-09 09:29:14.096  2967  2977 E wac-main: Netlink event 16 Interface Index 6 
04-09 09:29:14.096  2967  2977 E wac-main: p2p0 event Link Changed : 1003 
04-09 09:29:14.097  2967  2977 E wac-main: Enter poll and wait
04-09 09:29:14.097  3164  3164 I hostapd : p2p0: IEEE 802.11 channel=6 mode=ht bw=20 htcaps=0x177f vhtcaps=0x0 cf_seg0=0 cf_seg1=0
04-09 09:29:14.102  2710  2722 I yani_server: NetLink Event '-1' Interface-Index '5' WLAN '0' Ethernet '-1' Parsed-iFill '-1' -> 'INVALID' ifIndex '1' -> 'lo'
04-09 09:29:14.103  2710  2722 I yani_server: NetLink Event '-1' Interface-Index '5' WLAN '0' Ethernet '-1' Parsed-iFill '-1' -> 'INVALID' ifIndex '1' -> 'lo'
04-09 09:29:14.103  2710  2722 I yani_kernel: yani_geteventfrom_changeaddr() Message-Id '1' Netlink event '16' Interface Index '6' -> Name 'p2p0' 
04-09 09:29:14.146  2967  2977 D wac-main: Netlink event
04-09 09:29:14.146  2967  2977 E wac-main: Netlink event 16 Interface Index 6 
04-09 09:29:14.146  2967  2977 E wac-main: p2p0 event Link Changed : 11043 
04-09 09:29:14.146  2967  2977 E wac-main: p2p0 Changed Up 
04-09 09:29:14.148  2967  2977 I wifiapi : newconn : 0xf5500718
04-09 09:29:14.148  2967  2977 I wifiapi : 'STATUS' command returned = 0
04-09 09:29:14.148  2710  2722 I yani_kernel: yani_geteventfrom_changeaddr() Message-Id '1' Netlink event '16' Interface Index '6' -> Name 'p2p0' 
04-09 09:29:14.149  2967  2977 E wac-main: current wifi status : 10
04-09 09:29:14.166  2968  3162 I LibreCastControlDelegate: OnCastStatus() +++ Lyric Speaker Box 21f384:0xac851198:NOT_SETUP
04-09 09:29:14.166  2968  3162 I LibreCastControlDelegate: Device Build Number -> '1.52.272222'
04-09 09:29:14.166  2968  3162 I librecast: updateCastBuildVersion() Version 1.52.272222
04-09 09:29:14.167  2711  2711 I lucitransport: readRemoteMessage() MID char = 7 buffer = 1.52.272222
04-09 09:29:14.167  2968  3162 I LibreCastControlDelegate: Active Applications -> 0
04-09 09:29:14.167  2968  3162 I LibreCastControlDelegate: Current Cast State '2' -> 'NOT_SETUP'
04-09 09:29:14.167  2968  3162 I LibreCastControlDelegate: OnCastStatus() ---
04-09 09:29:15.091  3084  3084 I cast_shell: [3087:3095:ERROR:connectivity_checker_impl.cc(265)] Connectivity check failed: 400
04-09 09:29:15.493  3084  3084 I cast_shell: [3087:3138:INFO:mdns_app_filter.cc(1403)] MdnsAppFilter: Done probing.
04-09 09:29:16.098  3084  3084 I cast_shell: [3087:3095:ERROR:connectivity_checker_impl.cc(265)] Connectivity check failed: 400
04-09 09:29:16.420  3084  3084 I cast_shell: [3087:3095:INFO:parent_tracker.cc(291)] [PII](4EFE30C2EF58AB67F089BBB3E16AEDA3) Become root
04-09 09:29:16.420  3084  3084 I cast_shell: [3087:3095:INFO:directory_service_impl.cc(200)] This device became root
04-09 09:29:16.497  3084  3084 I cast_shell: [3087:3087:INFO:grpc_service_discovery_impl.cc(185)] Mdns discovered google RPC for [PII](4EFE30C2EF58AB67F089BBB3E16AEDA3).
04-09 09:29:17.105  3084  3084 I cast_shell: [3087:3095:ERROR:connectivity_checker_impl.cc(265)] Connectivity check failed: 400
04-09 09:29:17.149  2967  2977 E wac-main: Enter poll and wait
04-09 09:29:17.499  3084  3084 I cast_shell: [3087:3138:INFO:mdns_app_filter.cc(1526)] MdnsAppFilter: Done announcing.
04-09 09:29:18.111  3084  3084 I cast_shell: [3087:3095:ERROR:connectivity_checker_impl.cc(265)] Connectivity check failed: 400
04-09 09:29:21.130  3084  3084 I chatty  : uid=1000(chrome) /bin/logwrapper identical 3 lines
04-09 09:29:22.138  3084  3084 I cast_shell: [3087:3095:ERROR:connectivity_checker_impl.cc(265)] Connectivity check failed: 400
04-09 09:29:22.714  3084  3084 I cast_shell: [3087:3128:ERROR:setup_state.cc(424)] Timeout for state=SETUP_STATE_CHECKING_GLOBAL_CONNECTIVITY(50): move to state=SETUP_STATE_CHECKING_GLOBAL_CONNECTIVITY_BAD_ROUTER(52).
04-09 09:29:22.715  3084  3084 I cast_shell: [3087:3128:INFO:setup_state.cc(261)] Setup state changed: SETUP_STATE_CHECKING_GLOBAL_CONNECTIVITY (50) -> SETUP_STATE_CHECKING_GLOBAL_CONNECTIVITY_BAD_ROUTER (52)
04-09 09:29:22.719  2968  3162 I LibreCastControlDelegate: OnCastStatus() +++ Lyric Speaker Box 21f384:0xac851198:NOT_SETUP
04-09 09:29:22.719  2968  3162 I LibreCastControlDelegate: Device Build Number -> '1.52.272222'
04-09 09:29:22.719  2968  3162 I librecast: updateCastBuildVersion() Version 1.52.272222
04-09 09:29:22.719  2711  2711 I lucitransport: readRemoteMessage() MID char = 7 buffer = 1.52.272222
04-09 09:29:22.719  2968  3162 I LibreCastControlDelegate: Active Applications -> 0
04-09 09:29:22.719  2968  3162 I LibreCastControlDelegate: Current Cast State '2' -> 'NOT_SETUP'
04-09 09:29:22.719  2968  3162 I LibreCastControlDelegate: OnCastStatus() ---
04-09 09:29:23.145  3084  3084 I cast_shell: [3087:3095:ERROR:connectivity_checker_impl.cc(265)] Connectivity check failed: 400
04-09 09:29:48.091  2730  2741 E NetworkMonitor: cannot find default IPv4 route for wlan0
04-09 09:29:48.092  2730  2741 E NetworkMonitor: cannot find default IPv6 route for wlan0
04-09 09:29:51.197  2730  2741 E NetworkMonitor: no response for /bin/ping -n -I wlan0 -c 10 -w 10 8.8.8.8
04-09 09:29:51.208  2730  2741 E NetworkMonitor: no response for /bin/ping6 -n -I wlan0 -c 10 -w 10 2001:4860:4860::8888
04-09 09:29:51.211  2730  2741 E NetworkMonitor: dns resolution failed
04-09 09:29:51.212  2730  2741 I NetworkMonitor: Cast.Wifi.Failure.Type 7
04-09 09:30:10.457  3084  3084 I chatty  : uid=1000(chrome) /bin/logwrapper identical 47 lines
04-09 09:30:11.463  3084  3084 I cast_shell: [3087:3095:ERROR:connectivity_checker_impl.cc(265)] Connectivity check failed: 400
04-09 09:30:11.813  3084  3084 I cast_shell: [3087:3087:INFO:grpc_manager_impl.cc(505)] GRPC[uri=[::]:0]: num_pending_calls=0, num_active_handlers=0, num_free_handlers=0
04-09 09:30:11.813  3084  3084 I cast_shell: [3087:3087:INFO:gcm_manager.cc(269)] Disabling GCM Driver
04-09 09:30:11.813  3084  3084 I cast_shell: [3087:3087:INFO:grpc_manager_impl.cc(505)] GRPC[uri=]: num_pending_calls=0, num_active_handlers=0, num_free_handlers=0
04-09 09:30:11.876  3084  3084 I cast_shell: [3087:3087:INFO:grpc_manager_impl.cc(505)] GRPC[uri=unix:/tmp/hcp_ipc_auth.socket]: num_pending_calls=0, num_active_handlers=10, num_free_handlers=0
04-09 09:30:11.881  3084  3084 I cast_shell: [3087:3087:INFO:grpc_manager_impl.cc(505)] GRPC[uri=unix:/tmp/modular_updater/modular_update_service]: num_pending_calls=0, num_active_handlers=0, num_free_handlers=0
04-09 09:30:11.905  3084  3084 I cast_shell: [3087:3087:INFO:metrics_recorder.cc(112)] Metrics stat: total=13
04-09 09:30:11.905  3084  3084 I cast_shell: Cast.Discovery.Mdns.ResponderStarted=2
04-09 09:30:11.905  3084  3084 I cast_shell: Cast.Discovery.Mdns.ResponderStopped=1
04-09 09:30:11.905  3084  3084 I cast_shell: Cast.Discovery.Mdns.SocketCreated=4
04-09 09:30:11.905  3084  3084 I cast_shell: Cast.Discovery.Mdns.SocketDestroyed=2
04-09 09:30:11.905  3084  3084 I cast_shell: Cast.System.Timezone.ChangeSuccessful=1
04-09 09:30:11.905  3084  3084 I cast_shell: CastV2.Connection.Connect.In=1
04-09 09:30:11.905  3084  3084 I cast_shell: CastV2.Receiver.DeviceStatus.Out=5
04-09 09:30:11.905  3084  3084 I cast_shell: CastV2.Receiver.DeviceStatus.Out.Broadcast=2
04-09 09:30:11.905  3084  3084 I cast_shell: CastV2.Receiver.GetStatus.In=1
04-09 09:30:11.905  3084  3084 I cast_shell: CastV2.Resource.Provider.In=1
04-09 09:30:12.051  3084  3084 I cast_shell: [3087:3087:INFO:metrics_recorder_impl.cc(672)] Activated server experiments: []
04-09 09:30:12.052  3084  3084 I cast_shell: [3087:3087:INFO:cast_logs_metrics_provider.cc(59)] netif is ipv4
04-09 09:30:12.053  3084  3084 I cast_shell: [3087:3087:ERROR:socket_posix.cc(148)] bind() failed: Address already in use (98)
04-09 09:30:12.053  3084  3084 I cast_shell: [3087:3087:INFO:net_util_impl.cc(1041)] Platform supports dual-stack
04-09 09:30:12.081  3084  3084 I cast_shell: [3087:3087:INFO:grpc_manager_impl.cc(505)] GRPC[uri=[::]:8012]: num_pending_calls=0, num_active_handlers=1, num_free_handlers=0
04-09 09:30:12.470  3084  3084 I cast_shell: [3087:3095:ERROR:connectivity_checker_impl.cc(265)] Connectivity check failed: 400
04-09 09:30:52.222  2730  2741 E NetworkMonitor: cannot find default IPv4 route for wlan0
04-09 09:30:52.223  2730  2741 E NetworkMonitor: cannot find default IPv6 route for wlan0
04-09 09:30:54.746  3084  3084 I chatty  : uid=1000(chrome) /bin/logwrapper identical 42 lines
04-09 09:30:55.324  2730  2741 E NetworkMonitor: no response for /bin/ping -n -I wlan0 -c 10 -w 10 8.8.8.8
04-09 09:30:55.335  2730  2741 E NetworkMonitor: no response for /bin/ping6 -n -I wlan0 -c 10 -w 10 2001:4860:4860::8888
04-09 09:30:55.336  2730  2741 E NetworkMonitor: dns resolution failed
04-09 09:30:55.753  3084  3084 I cast_shell: [3087:3095:ERROR:connectivity_checker_impl.cc(265)] Connectivity check failed: 400
04-09 09:30:55.773  2732  2812 I bt_btm_ble: btm_ble_conn_complete unable to match and resolve random address
04-09 09:30:55.775  2732  2812 W bt_smp  : smp_br_connect_callback is called on unexpected transport 2
04-09 09:30:55.776  2732  2812 W bt_btif : bta_dm_acl_change info: 0x0
04-09 09:30:55.776  2732  2762 I bluetoothtbd: [0408/210055.776422:INFO:gatt_server.cc(280)] Added connection entry for conn_id: 5 device address: 74:1F:F4:22:53:1A
04-09 09:30:55.776  2732  2762 D bt_btif_dm: remote version info [74:1f:f4:22:53:1a]: 0, 0, 0
04-09 09:30:55.776  2732  2762 I bluetoothtbd: [0408/210055.776813:INFO:adapter.cc(719)] ACL state changed: 74:1F:F4:22:53:1A - connected: true
04-09 09:30:55.779  3084  3084 I cast_shell: [3087:3128:ERROR:bluetooth_v1_via_v2.cc(796)] Connection state changed. :1a true
04-09 09:30:56.318  2732  2762 D bt_btif_scanner: btif_gatts_upstreams_evt: Unhandled event (26)
04-09 09:30:56.760  3084  3084 I cast_shell: [3087:3095:ERROR:connectivity_checker_impl.cc(265)] Connectivity check failed: 400
04-09 09:30:56.894  2732  2812 E bluetoothtbd: [0408/210056.894713:ERROR:gatt_sr.cc(743)] MTU request PDU with MTU size 515
04-09 09:30:56.895  2732  2812 W bt_l2cap: l2cble_set_fixed_channel_tx_data_length, request not supported
04-09 09:30:56.895  2732  2812 W bluetoothtbd: [0408/210056.895630:WARNING:gatt_utils.cc(837)] Call back not found for application conn_id=3
04-09 09:30:56.895  2732  2812 W bluetoothtbd: [0408/210056.895715:WARNING:gatt_utils.cc(837)] Call back not found for application conn_id=4
04-09 09:30:56.895  2732  2812 W bluetoothtbd: [0408/210056.895796:WARNING:gatt_utils.cc(837)] Call back not found for application conn_id=6
04-09 09:30:56.927  3084  3084 I cast_shell: [3087:3128:INFO:ble_setup.cc(322)] Record action: Setup.set_eureka_info.BLE.Locale
04-09 09:30:56.927  3084  3084 I cast_shell: [3087:3128:INFO:locale_manager.cc(576)] New locale: en-US
04-09 09:30:56.942  3084  3084 I cast_shell: [3087:3128:INFO:setup_state.cc(544)] EurekaInfoCalled: wifi_state=3, is_usable_ip_address=1, connected=0, is_initial_setup=1
04-09 09:30:56.942  3084  3084 I cast_shell: [3087:3128:INFO:setup_state.cc(261)] Setup state changed: SETUP_STATE_CHECKING_GLOBAL_CONNECTIVITY_BAD_ROUTER (52) -> SETUP_STATE_DISCONNECTED_EXTERNAL_CLIENT_ACCESSED (11)
04-09 09:30:56.942  3084  3084 I cast_shell: [3087:3113:INFO:media_manager_impl.cc(383)] TurnActive result: 0
04-09 09:30:56.947  2968  3162 I LibreCastControlDelegate: OnCastStatus() +++ Lyric Speaker Box 21f384:0xac851198:NOT_SETUP
04-09 09:30:56.947  2968  3162 I LibreCastControlDelegate: Device Build Number -> '1.52.272222'
04-09 09:30:56.947  2968  3162 I librecast: updateCastBuildVersion() Version 1.52.272222
04-09 09:30:56.947  2711  2711 I lucitransport: readRemoteMessage() MID char = 7 buffer = 1.52.272222
04-09 09:30:56.948  2968  3162 I LibreCastControlDelegate: Active Applications -> 0
04-09 09:30:56.948  2968  3162 I LibreCastControlDelegate: Current Cast State '2' -> 'NOT_SETUP'
04-09 09:30:56.948  2968  3162 I LibreCastControlDelegate: OnCastStatus() ---
04-09 09:30:56.948  2968  3162 I LibreCastControlDelegate: OnCastStatus() +++ Lyric Speaker Box 21f384:0xac851198:NOT_SETUP
04-09 09:30:56.948  2968  3162 I LibreCastControlDelegate: Device Build Number -> '1.52.272222'
04-09 09:30:56.948  2968  3162 I librecast: updateCastBuildVersion() Version 1.52.272222
04-09 09:30:56.948  2711  2711 I lucitransport: readRemoteMessage() MID char = 7 buffer = 1.52.272222
04-09 09:30:56.993  2732  2762 D bt_btif_scanner: btif_gatts_upstreams_evt: Unhandled event (26)
04-09 09:30:56.994  3084  3084 I cast_shell: [3087:3128:INFO:metrics_recorder.cc(282)] Record action: Setup.version.BLE
04-09 09:30:57.092  3084  3084 I cast_shell: [3087:3128:INFO:metrics_recorder.cc(282)] Record action: Setup.name_utf8.BLE
04-09 09:30:57.435  2732  2762 D bt_btif_scanner: btif_gatts_upstreams_evt: Unhandled event (26)
04-09 09:30:57.452  3084  3084 I cast_shell: [3087:3128:INFO:metrics_recorder.cc(282)] Record action: Setup.tos_accepted.BLE
04-09 09:30:57.481  3084  3084 I cast_shell: [3087:3128:INFO:metrics_recorder.cc(282)] Record action: Setup.state.BLE
04-09 09:30:57.526  3084  3084 I cast_shell: [3087:3128:INFO:metrics_recorder.cc(282)] Record action: Setup.ip_address.BLE
04-09 09:30:57.587  3084  3084 I cast_shell: [3087:3128:INFO:metrics_recorder.cc(282)] Record action: Setup.eureka_info_immutable_basic.BLE
04-09 09:30:57.631  3084  3084 I cast_shell: [3087:3128:INFO:metrics_recorder.cc(282)] Record action: Setup.eureka_info_mutable_reads.BLE
04-09 09:30:57.661  3084  3084 I cast_shell: [3087:3128:INFO:metrics_recorder.cc(282)] Record action: Setup.eureak_info_keys.BLE
04-09 09:30:57.766  3084  3084 I cast_shell: [3087:3128:INFO:metrics_recorder.cc(282)] Record action: Setup.eureka_info_immutable_basic.BLE
04-09 09:30:57.767  3084  3084 I cast_shell: [3087:3095:ERROR:connectivity_checker_impl.cc(265)] Connectivity check failed: 400
04-09 09:30:57.796  3084  3084 I cast_shell: [3087:3128:INFO:metrics_recorder.cc(282)] Record action: Setup.eureak_info_keys.BLE
04-09 09:30:58.111  3084  3084 I chatty  : uid=1000(chrome) /bin/logwrapper identical 4 lines
04-09 09:30:58.186  3084  3084 I cast_shell: [3087:3128:INFO:metrics_recorder.cc(282)] Record action: Setup.eureak_info_keys.BLE
04-09 09:30:58.261  3084  3084 I cast_shell: [3087:3128:INFO:metrics_recorder.cc(282)] Record action: Setup.i8n_info.BLE
04-09 09:30:58.636  3084  3084 I chatty  : uid=1000(chrome) /bin/logwrapper identical 5 lines
04-09 09:30:58.726  3084  3084 I cast_shell: [3087:3128:INFO:metrics_recorder.cc(282)] Record action: Setup.i8n_info.BLE
04-09 09:30:58.773  3084  3084 I cast_shell: [3087:3095:ERROR:connectivity_checker_impl.cc(265)] Connectivity check failed: 400
04-09 09:30:58.786  3084  3084 I cast_shell: [3087:3128:INFO:ble_setup.cc(322)] Record action: Setup.set_eureka_info.BLE.CountryCode
04-09 09:30:58.787  3084  3084 I cast_shell: [3087:3128:INFO:locale_manager.cc(639)] New country code: IN
04-09 09:30:58.793  2709  2709 I wpa_supplicant: wlan0: CTRL-EVENT-REGDOM-CHANGE init=USER type=COUNTRY alpha2=IN
04-09 09:30:58.795  2710  2722 I yani_server: NetLink Event '-1' Interface-Index '5' WLAN '-1' Ethernet '-1' Parsed-iFill '-1' -> 'INVALID' ifIndex '1' -> 'lo'
04-09 09:30:58.800  2710  2722 I yani_server: NetLink Event '-1' Interface-Index '5' WLAN '0' Ethernet '-1' Parsed-iFill '-1' -> 'INVALID' ifIndex '1' -> 'lo'
04-09 09:30:58.803  2968  3162 I LibreCastControlDelegate: OnCastStatus() +++ Lyric Speaker Box 21f384:0xac851198:NOT_SETUP
04-09 09:30:58.803  2968  3162 I LibreCastControlDelegate: Device Build Number -> '1.52.272222'
04-09 09:30:58.803  2968  3162 I librecast: updateCastBuildVersion() Version 1.52.272222
04-09 09:30:58.803  2711  2711 I lucitransport: readRemoteMessage() MID char = 7 buffer = 1.52.272222
04-09 09:30:58.803  2968  3162 I LibreCastControlDelegate: Active Applications -> 0
04-09 09:30:58.803  2968  3162 I LibreCastControlDelegate: Current Cast State '2' -> 'NOT_SETUP'
04-09 09:30:58.803  2968  3162 I LibreCastControlDelegate: OnCastStatus() ---
04-09 09:30:59.780  3084  3084 I cast_shell: [3087:3095:ERROR:connectivity_checker_impl.cc(265)] Connectivity check failed: 400
04-09 09:30:59.837  3084  3084 I cast_shell: [3087:3128:INFO:ble_setup.cc(322)] Record action: Setup.scan_wifi.BLE
04-09 09:30:59.837  3084  3084 I cast_shell: [3087:3128:WARNING:wifi_controller_wpa_supplicant.cc(797)] Wpa responses FAIL-BUSY, assuming it is associating, which will keep scan_results fresh.
04-09 09:31:00.787  3084  3084 I cast_shell: [3087:3095:ERROR:connectivity_checker_impl.cc(265)] Connectivity check failed: 400
04-09 09:31:01.793  3084  3084 I cast_shell: [3087:3095:ERROR:connectivity_checker_impl.cc(265)] Connectivity check failed: 400
04-09 09:31:02.294  2967  2977 D wac-main: Netlink event
04-09 09:31:02.294  2967  2977 E wac-main: Netlink event 16 Interface Index 5 
04-09 09:31:02.294  2967  2977 E wac-main: Enter poll and wait
04-09 09:31:02.294  2967  2977 D wac-main: Netlink event
04-09 09:31:02.294  2967  2977 E wac-main: Netlink event 16 Interface Index 5 
04-09 09:31:02.295  2967  2977 E wac-main: Enter poll and wait
04-09 09:31:02.295  2710  2722 I yani_kernel: yani_geteventfrom_changeaddr() Message-Id '1' Netlink event '16' Interface Index '5' -> Name 'wlan0' 
04-09 09:31:02.302  2710  2722 I yani_kernel: yani_geteventfrom_changeaddr() Message-Id '1' Netlink event '16' Interface Index '5' -> Name 'wlan0' 
04-09 09:31:02.310  2710  2722 I yani_server: NetLink Event '-1' Interface-Index '5' WLAN '-1' Ethernet '-1' Parsed-iFill '-1' -> 'INVALID' ifIndex '1' -> 'lo'
04-09 09:31:02.316  2710  2722 I yani_server: NetLink Event '-1' Interface-Index '5' WLAN '0' Ethernet '-1' Parsed-iFill '-1' -> 'INVALID' ifIndex '1' -> 'lo'
04-09 09:31:02.317  2710  2722 I chatty  : uid=0(root) YaniServer identical 2 lines
04-09 09:31:02.318  2710  2722 I yani_server: NetLink Event '-1' Interface-Index '5' WLAN '0' Ethernet '-1' Parsed-iFill '-1' -> 'INVALID' ifIndex '1' -> 'lo'
04-09 09:31:02.319  2968  3162 I LibreCastControlDelegate: OnCastStatus() +++ Lyric Speaker Box 21f384:0xac851198:NOT_SETUP
04-09 09:31:02.319  2968  3162 I LibreCastControlDelegate: Device Build Number -> '1.52.272222'
04-09 09:31:02.319  2968  3162 I librecast: updateCastBuildVersion() Version 1.52.272222
04-09 09:31:02.319  2711  2711 I lucitransport: readRemoteMessage() MID char = 7 buffer = 1.52.272222
04-09 09:31:02.319  2968  3162 I LibreCastControlDelegate: Active Applications -> 0
04-09 09:31:02.319  2968  3162 I LibreCastControlDelegate: Current Cast State '2' -> 'NOT_SETUP'
04-09 09:31:02.320  2968  3162 I LibreCastControlDelegate: OnCastStatus() ---
04-09 09:31:02.320  2710  2722 I yani_server: NetLink Event '-1' Interface-Index '5' WLAN '0' Ethernet '-1' Parsed-iFill '-1' -> 'INVALID' ifIndex '1' -> 'lo'
04-09 09:31:02.321  2710  2722 I yani_server: NetLink Event '-1' Interface-Index '5' WLAN '0' Ethernet '-1' Parsed-iFill '-1' -> 'INVALID' ifIndex '1' -> 'lo'
04-09 09:31:02.800  3084  3084 I cast_shell: [3087:3095:ERROR:connectivity_checker_impl.cc(265)] Connectivity check failed: 400
04-09 09:31:03.806  3084  3084 I cast_shell: [3087:3095:ERROR:connectivity_checker_impl.cc(265)] Connectivity check failed: 400
04-09 09:31:03.872  3084  3084 I cast_shell: [3087:3128:INFO:ble_setup.cc(322)] Record action: Setup.scan_wifi.BLE
04-09 09:31:03.875  2710  2722 I yani_server: NetLink Event '-1' Interface-Index '5' WLAN '0' Ethernet '-1' Parsed-iFill '-1' -> 'INVALID' ifIndex '1' -> 'lo'
04-09 09:31:04.813  3084  3084 I cast_shell: [3087:3095:ERROR:connectivity_checker_impl.cc(265)] Connectivity check failed: 400
04-09 09:31:05.820  3084  3084 I chatty  : uid=1000(chrome) /bin/logwrapper identical 1 line
04-09 09:31:06.826  3084  3084 I cast_shell: [3087:3095:ERROR:connectivity_checker_impl.cc(265)] Connectivity check failed: 400
04-09 09:31:07.311  2967  2977 D wac-main: Netlink event
04-09 09:31:07.311  2967  2977 E wac-main: Netlink event 16 Interface Index 5 
04-09 09:31:07.311  2967  2977 E wac-main: Enter poll and wait
04-09 09:31:07.315  2967  2977 D wac-main: Netlink event
04-09 09:31:07.315  2967  2977 E wac-main: Netlink event 16 Interface Index 5 
04-09 09:31:07.315  2967  2977 E wac-main: Enter poll and wait
04-09 09:31:07.317  2710  2722 I yani_server: NetLink Event '-1' Interface-Index '5' WLAN '0' Ethernet '-1' Parsed-iFill '-1' -> 'INVALID' ifIndex '1' -> 'lo'
04-09 09:31:07.323  2710  2722 I chatty  : uid=0(root) YaniServer identical 4 lines
04-09 09:31:07.324  2710  2722 I yani_server: NetLink Event '-1' Interface-Index '5' WLAN '0' Ethernet '-1' Parsed-iFill '-1' -> 'INVALID' ifIndex '1' -> 'lo'
04-09 09:31:07.325  2968  3162 I LibreCastControlDelegate: OnCastStatus() +++ Lyric Speaker Box 21f384:0xac851198:NOT_SETUP
04-09 09:31:07.325  2968  3162 I LibreCastControlDelegate: Device Build Number -> '1.52.272222'
04-09 09:31:07.325  2968  3162 I librecast: updateCastBuildVersion() Version 1.52.272222
04-09 09:31:07.325  2711  2711 I lucitransport: readRemoteMessage() MID char = 7 buffer = 1.52.272222
04-09 09:31:07.326  2968  3162 I LibreCastControlDelegate: Active Applications -> 0
04-09 09:31:07.326  2968  3162 I LibreCastControlDelegate: Current Cast State '2' -> 'NOT_SETUP'
04-09 09:31:07.326  2968  3162 I LibreCastControlDelegate: OnCastStatus() ---
04-09 09:31:07.327  2710  2722 I yani_server: NetLink Event '-1' Interface-Index '5' WLAN '0' Ethernet '-1' Parsed-iFill '-1' -> 'INVALID' ifIndex '1' -> 'lo'
04-09 09:31:07.330  2710  2722 I chatty  : uid=0(root) YaniServer identical 5 lines
04-09 09:31:07.331  2710  2722 I yani_server: NetLink Event '-1' Interface-Index '5' WLAN '0' Ethernet '-1' Parsed-iFill '-1' -> 'INVALID' ifIndex '1' -> 'lo'
04-09 09:31:07.331  2710  2722 I yani_kernel: yani_geteventfrom_changeaddr() Message-Id '1' Netlink event '16' Interface Index '5' -> Name 'wlan0' 
04-09 09:31:07.332  2710  2722 I yani_kernel: yani_geteventfrom_changeaddr() Message-Id '1' Netlink event '16' Interface Index '5' -> Name 'wlan0' 
04-09 09:31:07.833  3084  3084 I cast_shell: [3087:3095:ERROR:connectivity_checker_impl.cc(265)] Connectivity check failed: 400
04-09 09:31:07.950  3084  3084 I cast_shell: [3087:3128:INFO:metrics_recorder.cc(282)] Record action: Setup.scan_results.BLE
04-09 09:31:08.025  3084  3084 I cast_shell: [3087:3128:INFO:metrics_recorder.cc(282)] Record action: Setup.scan_results.BLE
04-09 09:31:08.839  3084  3084 I cast_shell: [3087:3095:ERROR:connectivity_checker_impl.cc(265)] Connectivity check failed: 400
04-09 09:31:09.846  3084  3084 I cast_shell: [3087:3095:ERROR:connectivity_checker_impl.cc(265)] Connectivity check failed: 400
04-09 09:31:10.171  3084  3084 I cast_shell: [3087:3128:INFO:ble_setup.cc(322)] Record action: Setup.play_sound.BLE
04-09 09:31:10.173  3084  3084 I cast_shell: [3087:3105:INFO:synchronized_sound_player.cc(362)] Playing sound key 2
04-09 09:31:10.216  3084  3084 I cast_shell: [3087:3128:INFO:ble_setup.cc(322)] Record action: Setup.play_sound.BLE
04-09 09:31:10.218  3084  3084 I cast_shell: [3087:3105:INFO:synchronized_sound_player.cc(362)] Playing sound key 0
04-09 09:31:10.242  3084  3084 I cast_shell: [3087:3105:INFO:audio_decoder_software_wrapper.cc(86)] Using backend decoder for PCM
04-09 09:31:10.242  3084  3084 I cast_shell: [3087:3112:INFO:mixer_input_connection.cc(208)] Create 0xf555d0f8 (no_delay), content type: media, focus type: media, fill size: 512, algorithm fill size: 240, channel count: 2, input sample rate: 48000, start threshold: 3360, max queue size: 9600, socket: 0xf551a8e0
04-09 09:31:10.242  3084  3084 I cast_shell: [3087:3111:INFO:mixer_output_stream_alsa.cc(428)] ALSA buffer = 4096, period = 512
04-09 09:31:10.253  3084  3084 I cast_shell: [3087:3111:INFO:mixer_output_stream_alsa.cc(171)] snd_pcm_open: handle=0xf4111658
04-09 09:31:10.254  3084  3084 I cast_shell: [3087:3110:INFO:stream_mixer.cc(604)] Input source channel count = 2
04-09 09:31:10.254  3084  3084 I cast_shell: [3087:3110:INFO:stream_mixer.cc(607)] Dynamic channel count not enabled; using stereo
04-09 09:31:10.254  3084  3084 I cast_shell: [3087:3110:INFO:stream_mixer.cc(604)] Input source channel count = 2
04-09 09:31:10.254  3084  3084 I cast_shell: [3087:3110:INFO:stream_mixer.cc(607)] Dynamic channel count not enabled; using stereo
04-09 09:31:10.254  3084  3084 I cast_shell: [3087:3110:INFO:stream_mixer.cc(416)] Start with 0 active inputs
04-09 09:31:10.260  3084  3084 I cast_shell: [3087:3111:INFO:mixer_output_stream_alsa.cc(346)] Sample rate changed from 0 to 48000
04-09 09:31:10.260  3084  3084 I cast_shell: [3087:3111:WARNING:mixer_output_stream_alsa.cc(379)] Requested period size (512 frames) does not match the actual period size (1024 frames). This may lead to an increase in CPU usage or an increase in audio latency.
04-09 09:31:10.260  3084  3084 I cast_shell: [3087:3111:INFO:filter_group.cc(340)] : 2ch@48000hz -> [GROUP]mix -> 2ch@48000hz
04-09 09:31:10.260  3084  3084 I cast_shell: [3087:3111:INFO:filter_group.cc(340)] [GROUP]mix: 2ch@48000hz -> [GROUP]linearize -> 2ch@48000hz
04-09 09:31:10.260  3084  3084 I cast_shell: [3087:3110:INFO:stream_mixer.cc(466)] Output 2 channels at 48000 samples per second
04-09 09:31:10.260  3084  3084 I cast_shell: [3087:3110:INFO:stream_mixer.cc(484)] Using 2 loopback channels
04-09 09:31:10.852  3084  3084 I cast_shell: [3087:3095:ERROR:connectivity_checker_impl.cc(265)] Connectivity check failed: 400
04-09 09:31:11.814  3084  3084 I cast_shell: [3087:3087:INFO:grpc_manager_impl.cc(505)] GRPC[uri=[::]:0]: num_pending_calls=0, num_active_handlers=0, num_free_handlers=0
04-09 09:31:11.814  3084  3084 I cast_shell: [3087:3087:INFO:grpc_manager_impl.cc(505)] GRPC[uri=]: num_pending_calls=0, num_active_handlers=0, num_free_handlers=0
04-09 09:31:11.847  3084  3084 I cast_shell: [3087:3110:INFO:mixer_input_connection.cc(589)] End of stream for 0xf555d0f8
04-09 09:31:11.858  3084  3084 I cast_shell: [3087:3095:ERROR:connectivity_checker_impl.cc(265)] Connectivity check failed: 400
04-09 09:31:11.876  3084  3084 I cast_shell: [3087:3087:INFO:grpc_manager_impl.cc(505)] GRPC[uri=unix:/tmp/hcp_ipc_auth.socket]: num_pending_calls=0, num_active_handlers=10, num_free_handlers=0
04-09 09:31:11.881  3084  3084 I cast_shell: [3087:3087:INFO:grpc_manager_impl.cc(505)] GRPC[uri=unix:/tmp/modular_updater/modular_update_service]: num_pending_calls=0, num_active_handlers=0, num_free_handlers=0
04-09 09:31:11.905  3084  3084 I cast_shell: [3087:3087:INFO:metrics_recorder.cc(112)] Metrics stat: total=12
04-09 09:31:11.905  3084  3084 I cast_shell: Cast.Discovery.Mdns.ResponderPing=1
04-09 09:31:11.905  3084  3084 I cast_shell: Cast.Discovery.Mdns.SocketPing=2
04-09 09:31:11.905  3084  3084 I cast_shell: Setup.eureak_info_keys.BLE=7
04-09 09:31:11.905  3084  3084 I cast_shell: Setup.eureka_info_immutable_basic.BLE=2
04-09 09:31:11.905  3084  3084 I cast_shell: Setup.eureka_info_mutable_reads.BLE=1
04-09 09:31:11.905  3084  3084 I cast_shell: Setup.i8n_info.BLE=7
04-09 09:31:11.905  3084  3084 I cast_shell: Setup.ip_address.BLE=1
04-09 09:31:11.905  3084  3084 I cast_shell: Setup.name_utf8.BLE=1
04-09 09:31:11.905  3084  3084 I cast_shell: Setup.scan_results.BLE=2
04-09 09:31:11.905  3084  3084 I cast_shell: Setup.state.BLE=1
04-09 09:31:12.039  3084  3084 I cast_shell: [3087:3112:INFO:mixer_input_connection.cc(386)] Remove 0xf555d0f8
04-09 09:31:12.039  3084  3084 I cast_shell: [3087:3105:INFO:synchronized_sound_player.cc(496)] Finished playing sound
04-09 09:31:12.046  3084  3084 I cast_shell: [3087:3128:INFO:wifi_proximity.cc(177)] Request scan.
04-09 09:31:12.082  3084  3084 I cast_shell: [3087:3087:INFO:grpc_manager_impl.cc(505)] GRPC[uri=[::]:8012]: num_pending_calls=0, num_active_handlers=1, num_free_handlers=0
04-09 09:31:12.103  3084  3084 I cast_shell: [3087:3112:INFO:mixer_input_connection.cc(243)] Delete 0xf555d0f8
04-09 09:31:12.103  3084  3084 I cast_shell: [3087:3110:INFO:stream_mixer.cc(683)] Remove input 0xf555d0fc
04-09 09:31:12.103  3084  3084 I cast_shell: [3087:3110:INFO:stream_mixer.cc(774)] Close timeout
04-09 09:31:12.103  3084  3084 I cast_shell: [3087:3110:INFO:stream_mixer.cc(541)] Stop
04-09 09:31:12.103  3084  3084 I cast_shell: [3087:3095:INFO:loopback_audio_input.cc(194)] [REALIGN] loopback interrupted; reason = 4
04-09 09:31:12.103  3084  3084 I cast_shell: [3087:3087:INFO:cast_receiver_mojo.cc(844)] cast event : Cast.Platform.Audio.OutputInterrupted
04-09 09:31:12.187  3084  3084 I cast_shell: [3087:3111:INFO:mixer_output_stream_alsa.cc(293)] snd_pcm_close: handle=0xf4111658
04-09 09:31:12.865  3084  3084 I cast_shell: [3087:3095:ERROR:connectivity_checker_impl.cc(265)] Connectivity check failed: 400
04-09 09:31:54.135  3084  3084 I chatty  : uid=1000(chrome) /bin/logwrapper identical 41 lines
