04-09 09:28:51.395     0     0 I         : [    1.439497@2] Registered swp emulation handler
04-09 09:28:51.395     0     0 I         : [    1.439535@2] Registered cp15_barrier emulation handler
04-09 09:28:51.395     0     0 I         : [    1.439913@2] Registered setend emulation handler
04-09 09:28:51.395     0     0 I         : [    1.440459@2] disable EAS feature
04-09 09:28:51.395     0     0 I         : [    1.441468@2] registered taskstats version 1
04-09 09:28:51.395     0     0 W         : [    1.451112@2] dwc3 ff500000.dwc3: Configuration mismatch. dr_mode forced to host
04-09 09:28:51.395     0     0 I         : [    1.955801@2] xhci-hcd xhci-hcd.0.auto: xHCI Host Controller
04-09 09:28:51.395     0     0 I         : [    1.955899@2] xhci-hcd xhci-hcd.0.auto: new USB bus registered, assigned bus number 1
04-09 09:28:51.395     0     0 I         : [    1.957149@2] xhci-hcd xhci-hcd.0.auto: hcc params 0x0220f664 hci version 0x100 quirks 0x02010010
04-09 09:28:51.395     0     0 I         : [    1.957549@2] xhci-hcd xhci-hcd.0.auto: irq 27, io mem 0xff500000
04-09 09:28:51.395     0     0 I         : [    1.959159@0] hub 1-0:1.0: USB hub found
04-09 09:28:51.395     0     0 I         : [    1.959242@0] hub 1-0:1.0: 1 port detected
04-09 09:28:51.395     0     0 I         : [    1.959752@0] xhci-hcd xhci-hcd.0.auto: xHCI Host Controller
04-09 09:28:51.395     0     0 I         : [    1.959988@0] xhci-hcd xhci-hcd.0.auto: new USB bus registered, assigned bus number 2
04-09 09:28:51.395     0     0 I         : [    1.960817@0] usb usb2: We don't know the algorithms for LPM for this host, disabling LPM.
04-09 09:28:51.395     0     0 I         : [    1.962389@1] hub 2-0:1.0: USB hub found
04-09 09:28:51.395     0     0 E         : [    1.962461@1] hub 2-0:1.0: config failed, hub doesn't have any ports! (err -19)
04-09 09:28:51.395     0     0 E         : [    1.963056@1] usb usb2: Unsupported the hub
04-09 09:28:51.395     0     0 I         : [    1.963797@1] aml_vrtc rtc: setting system clock to 2022-04-09 03:58:48 UTC (1649476728)
04-09 09:28:51.395     0     0 D         : [    1.964622@1] dwc_otg ff400000.dwc2_a: dwc_otg_driver_probe(ffffffc01d664c00)
04-09 09:28:51.395     0     0 W [    1.964669@1] dwc_otg: usb0: type: 2 speed: 0, config: 0, dma: 0, id: 0, phy: ffe09000, ctrl: 0
04-09 09:28:51.395     0     0 D         : [    1.965050@1] dwc_otg ff400000.dwc2_a: base=0xffffff8008a40000
04-09 09:28:51.395     0     0 D         : [    1.965056@1] dwc_otg ff400000.dwc2_a: dwc_otg_device=0xffffffc01c7bda00
04-09 09:28:51.395     0     0 W [    2.065493@1] dwc_otg: Core Release: 3.10a
04-09 09:28:51.395     0     0 W [    2.065545@1] dwc_otg: Setting default values for core params
04-09 09:28:51.395     0     0 W [    2.065947@1] dwc_otg: curmode: 0, host_only: 0
04-09 09:28:51.395     0     0 D         : [    2.066425@1] dwc_otg ff400000.dwc2_a: DMA config: BURST_DEFAULT
04-09 09:28:51.395     0     0 W [    2.078725@1] dwc_otg: Using Buffer DMA mode
04-09 09:28:51.395     0     0 W [    2.078748@1] dwc_otg: OTG VER PARAM: 1, OTG VER FLAG: 1
04-09 09:28:51.395     0     0 W [    2.079131@1] dwc_otg: Working on port type = SLAVE
04-09 09:28:51.395     0     0 W [    2.079616@1] dwc_otg: Dedicated Tx FIFOs mode
04-09 09:28:51.395     0     0 I [    2.081941@1] input: adc_keypad as /devices/platform/adc_keypad/input/input1
04-09 09:28:51.395     0     0 I         : [    2.083801@2] cpucore_cooling_register, max_cpu_core_num:4
04-09 09:28:51.395     0     0 I [    2.090299@2] gxbb_pm: enter meson_pm_probe!
04-09 09:28:51.395     0     0 I         : [    2.090337@2] no vddio3v3_en pin
04-09 09:28:51.395     0     0 E         : [    2.090499@2] pm-meson aml_pm: Can't get switch_clk81
04-09 09:28:51.395     0     0 I [    2.091020@2] gxbb_pm: meson_pm_probe done
04-09 09:28:51.395     0     0 I         : [    2.091769@2] ALSA device list:
04-09 09:28:51.395     0     0 I [    2.091795@2]   #0: AML-AUGESOUND
04-09 09:28:51.395     0     0 I         : [    2.092276@2] meson_uart ff804000.serial: ttyS3 use xtal(8M) 24000000 change 115200 to 115200
04-09 09:28:51.395     0     0 I         : [    2.098180@2] Freeing unused kernel memory: 6080K
04-09 09:28:51.395     0     0 I [    2.312087@3] ubi0: attaching mtd6
04-09 09:28:51.395     0     0 I [    2.521872@3] ubi0: scanning is finished
04-09 09:28:51.395     0     0 I [    2.525744@3] ubi0: attached mtd6 (name "system", size 100 MiB)
04-09 09:28:51.395     0     0 I [    2.526042@3] ubi0: PEB size: 262144 bytes (256 KiB), LEB size: 253952 bytes
04-09 09:28:51.395     0     0 I [    2.533050@3] ubi0: min./max. I/O unit sizes: 4096/4096, sub-page size 4096
04-09 09:28:51.395     0     0 I [    2.539938@3] ubi0: VID header offset: 4096 (aligned 4096), data offset: 8192
04-09 09:28:51.395     0     0 I [    2.547003@3] ubi0: good PEBs: 400, bad PEBs: 0, corrupted PEBs: 0
04-09 09:28:51.395     0     0 I [    2.553130@3] ubi0: user volume: 1, internal volumes: 1, max. volumes count: 128
04-09 09:28:51.395     0     0 I [    2.560459@3] ubi0: max/mean erase counter: 37/25, WL threshold: 4096, image sequence number: 736763309
04-09 09:28:51.395     0     0 I [    2.569780@3] ubi0: available PEBs: 0, total reserved PEBs: 400, PEBs reserved for bad PEB handling: 40
04-09 09:28:51.395     0     0 I [    2.579124@1] ubi0: background thread "ubi_bgt0d" started, PID 2141
04-09 09:28:51.395     0     0 I         : [    2.584841@3] UBIFS (ubi0:0): background thread "ubifs_bgt0_0" started, PID 2144
04-09 09:28:51.395     0     0 I         : [    2.633159@0] UBIFS (ubi0:0): UBIFS: mounted UBI device 0, volume 0, name "rootfs"
04-09 09:28:51.395     0     0 I         : [    2.635130@0] UBIFS (ubi0:0): LEB size: 253952 bytes (248 KiB), min./max. I/O unit sizes: 4096 bytes/4096 bytes
04-09 09:28:51.395     0     0 I         : [    2.645098@0] UBIFS (ubi0:0): FS size: 87867392 bytes (83 MiB, 346 LEBs), journal size 9404416 bytes (8 MiB, 38 LEBs)
04-09 09:28:51.396     0     0 I         : [    2.655618@0] UBIFS (ubi0:0): reserved for root: 0 bytes (0 KiB)
04-09 09:28:51.396     0     0 I         : [    2.661570@0] UBIFS (ubi0:0): media format: w4/r0 (latest is w4/r0), UUID DC99A6D8-69BA-4DD7-9E44-726260A6E747, small LPT model
04-09 09:28:51.396     0     0 I [    2.931105@3] init: property init
04-09 09:28:51.396     0     0 I [    2.931854@3] init: reading config file
04-09 09:28:51.396     0     0 I [    2.938614@3] init: processing action 0xaad70808 (boot_start)
04-09 09:28:51.396     0     0 I [    2.946441@3] init: command 'boot_start' r=0
04-09 09:28:51.396     0     0 I [    2.947482@3] init: processing action 0xaad6c6b0 (early-init)
04-09 09:28:51.396     0     0 I [    2.952170@3] init: starting 'ueventd'
04-09 09:28:51.396     0     0 I [    2.955465@3] init: command 'start' r=0
04-09 09:28:51.396     0     0 I [    2.958366@3] init: command 'loglevel' r=0
04-09 09:28:51.396     0     0 I [    2.963262@3] init: command 'mount' r=0
04-09 09:28:51.396     0     0 I [    2.965125@0] init: starting ueventd
04-09 09:28:51.396     0     0 I [    2.965894@0] init: /sys/ rule /sys/devices/virtual/input/input* enable
04-09 09:28:51.396     0     0 I [    2.965906@0] init: /sys/ rule /sys/devices/virtual/input/input* poll_delay
04-09 09:28:51.396     0     0 I [    2.965916@0] init: /sys/ rule /sys/devices/virtual/usb_composite/* enable
04-09 09:28:51.396     0     0 I [    2.971518@0] init: adding platform device ffd0f0d0.watchdog
04-09 09:28:51.396     0     0 I [    2.971941@0] init: adding platform device reg-dummy
04-09 09:28:51.396     0     0 I [    2.972594@0] init: adding platform device cpu_iomap
04-09 09:28:51.396     0     0 I [    2.972881@0] init: adding platform device 7400000.ramoops
04-09 09:28:51.396     0     0 I [    2.973166@0] init: adding platform device bt-dev
04-09 09:28:51.396     0     0 I [    2.973732@0] init: adding platform device dummy
04-09 09:28:51.396     0     0 I [    3.020908@3] init: command 'mount' r=0
04-09 09:28:51.396     0     0 I [    3.225702@2] ubi1: attaching mtd7
04-09 09:28:51.396     0     0 I [    3.519877@2] ubi1: scanning is finished
04-09 09:28:51.396     0     0 I [    3.524077@3] ubi1: attached mtd7 (name "chrome", size 140 MiB)
04-09 09:28:51.396     0     0 I [    3.524369@3] ubi1: PEB size: 262144 bytes (256 KiB), LEB size: 253952 bytes
04-09 09:28:51.396     0     0 I [    3.531386@3] ubi1: min./max. I/O unit sizes: 4096/4096, sub-page size 4096
04-09 09:28:51.396     0     0 I [    3.538267@3] ubi1: VID header offset: 4096 (aligned 4096), data offset: 8192
04-09 09:28:51.396     0     0 I [    3.545329@3] ubi1: good PEBs: 560, bad PEBs: 0, corrupted PEBs: 0
04-09 09:28:51.396     0     0 I [    3.551458@3] ubi1: user volume: 1, internal volumes: 1, max. volumes count: 128
04-09 09:28:51.396     0     0 I [    3.558791@3] ubi1: max/mean erase counter: 34/25, WL threshold: 4096, image sequence number: 1458511589
04-09 09:28:51.396     0     0 I [    3.568190@3] ubi1: available PEBs: 0, total reserved PEBs: 560, PEBs reserved for bad PEB handling: 40
04-09 09:28:51.396     0     0 I [    3.577514@2] ubi1: background thread "ubi_bgt1d" started, PID 2555
04-09 09:28:51.396     0     0 I         : [    3.591917@1] UBIFS (ubi1:0): background thread "ubifs_bgt1_0" started, PID 2558
04-09 09:28:51.396     0     0 I         : [    3.618377@0] UBIFS (ubi1:0): recovery needed
04-09 09:28:51.396     0     0 I         : [    3.670102@3] UBIFS (ubi1:0): recovery completed
04-09 09:28:51.396     0     0 I         : [    3.670264@3] UBIFS (ubi1:0): UBIFS: mounted UBI device 1, volume 0, name "chrome"
04-09 09:28:51.396     0     0 I         : [    3.676610@3] UBIFS (ubi1:0): LEB size: 253952 bytes (248 KiB), min./max. I/O unit sizes: 4096 bytes/4096 bytes
04-09 09:28:51.396     0     0 I         : [    3.686609@3] UBIFS (ubi1:0): FS size: 128499712 bytes (122 MiB, 506 LEBs), journal size 9404416 bytes (8 MiB, 38 LEBs)
04-09 09:28:51.396     0     0 I         : [    3.697302@3] UBIFS (ubi1:0): reserved for root: 0 bytes (0 KiB)
04-09 09:28:51.396     0     0 I         : [    3.703256@3] UBIFS (ubi1:0): media format: w4/r0 (latest is w4/r0), UUID 3D7B4A1D-6849-462E-B889-C151DCC94211, small LPT model
04-09 09:28:51.396     0     0 I [    3.746724@0] ubi2: attaching mtd8
04-09 09:28:51.396     0     0 I         : [    3.913077@0]  NAND bbt detect factory Bad block at 17a40000
04-09 09:28:51.396     0     0 I         : [    3.924686@0]  NAND bbt detect factory Bad block at 18000000
04-09 09:28:51.396     0     0 I         : [    3.924747@0]  NAND bbt detect factory Bad block at 18040000
04-09 09:28:51.396     0     0 I [    4.197560@0] ubi2: scanning is finished
04-09 09:28:51.396     0     0 I [    4.202681@1] ubi2: attached mtd8 (name "data", size 213 MiB)
04-09 09:28:51.396     0     0 I [    4.202803@1] ubi2: PEB size: 262144 bytes (256 KiB), LEB size: 253952 bytes
04-09 09:28:51.396     0     0 I [    4.209810@1] ubi2: min./max. I/O unit sizes: 4096/4096, sub-page size 4096
04-09 09:28:51.396     0     0 I [    4.216698@1] ubi2: VID header offset: 4096 (aligned 4096), data offset: 8192
04-09 09:28:51.396     0     0 I [    4.223767@1] ubi2: good PEBs: 849, bad PEBs: 3, corrupted PEBs: 0
04-09 09:28:51.396     0     0 I [    4.229891@1] ubi2: user volume: 2, internal volumes: 1, max. volumes count: 128
04-09 09:28:51.396     0     0 I [    4.237220@1] ubi2: max/mean erase counter: 65/44, WL threshold: 4096, image sequence number: 1018457084
04-09 09:28:51.396     0     0 I [    4.246625@1] ubi2: available PEBs: 0, total reserved PEBs: 849, PEBs reserved for bad PEB handling: 37
04-09 09:28:51.396     0     0 I [    4.255948@3] ubi2: background thread "ubi_bgt2d" started, PID 2566
04-09 09:28:51.396     0     0 I         : [    4.269724@2] UBIFS (ubi2:0): background thread "ubifs_bgt2_0" started, PID 2569
04-09 09:28:51.396     0     0 I         : [    4.296193@1] UBIFS (ubi2:0): recovery needed
04-09 09:28:51.396     0     0 I         : [    4.356216@1] UBIFS (ubi2:0): recovery completed
04-09 09:28:51.396     0     0 I         : [    4.356407@1] UBIFS (ubi2:0): UBIFS: mounted UBI device 2, volume 0, name "factory"
04-09 09:28:51.396     0     0 I         : [    4.362819@1] UBIFS (ubi2:0): LEB size: 253952 bytes (248 KiB), min./max. I/O unit sizes: 4096 bytes/4096 bytes
04-09 09:28:51.396     0     0 I         : [    4.372815@1] UBIFS (ubi2:0): FS size: 10158080 bytes (9 MiB, 40 LEBs), journal size 2285569 bytes (2 MiB, 9 LEBs)
04-09 09:28:51.396     0     0 I         : [    4.383077@1] UBIFS (ubi2:0): reserved for root: 0 bytes (0 KiB)
04-09 09:28:51.396     0     0 I         : [    4.389029@1] UBIFS (ubi2:0): media format: w4/r0 (latest is w4/r0), UUID AD7DC8BC-6ACA-4841-8B12-7A54B54F57E7, small LPT model
04-09 09:28:51.396     0     0 I         : [    4.412522@2] UBIFS (ubi2:1): background thread "ubifs_bgt2_1" started, PID 2572
04-09 09:28:51.396     0     0 I         : [    4.438545@1] UBIFS (ubi2:1): recovery needed
04-09 09:28:51.396     0     0 I         : [    4.509935@0] UBIFS (ubi2:1): recovery completed
04-09 09:28:51.396     0     0 I         : [    4.510155@0] UBIFS (ubi2:1): UBIFS: mounted UBI device 2, volume 1, name "data"
04-09 09:28:51.396     0     0 I         : [    4.516273@0] UBIFS (ubi2:1): LEB size: 253952 bytes (248 KiB), min./max. I/O unit sizes: 4096 bytes/4096 bytes
04-09 09:28:51.396     0     0 I         : [    4.526270@0] UBIFS (ubi2:1): FS size: 189956096 bytes (181 MiB, 748 LEBs), journal size 9404416 bytes (8 MiB, 38 LEBs)
04-09 09:28:51.396     0     0 I         : [    4.536964@0] UBIFS (ubi2:1): reserved for root: 0 bytes (0 KiB)
04-09 09:28:51.396     0     0 I         : [    4.542918@0] UBIFS (ubi2:1): media format: w4/r0 (latest is w4/r0), UUID 34A475AE-5814-4337-8EB7-8868427E3B0E, small LPT model
04-09 09:28:51.396     0     0 I         : [    4.781712@0] aml_wifi wifi: [usb_power_control] Set WiFi power down
04-09 09:28:51.396     0     0 I [    4.782467@0] meson-mmc: [sdio_notify] finish
04-09 09:28:51.396     0     0 I         : [    4.786769@0] aml_wifi wifi: [wifi_power_ioctl] ioctl Set sdio wifi power down!
04-09 09:28:51.396     0     0 I         : [    4.790345@1] UBIFS (ubi0:0): background thread "ubifs_bgt0_0" stops
04-09 09:28:52.465  2585  2585 E         : found the match wifi is: sd8887
04-09 09:28:52.465  2585  2585 E         : wifi_insmod command:insmod /lib/modules/4.9.113/kernel/mrvl/mlan8887.ko 
--------- beginning of system
04-09 09:28:52.505  2604  2604 I wpa_supplicant: Successfully initialized wpa_supplicant
04-09 09:28:52.537  2604  2604 E wpa_supplicant: Could not read interface wlan0 flags: No such device
04-09 09:28:52.540  2604  2604 I wpa_supplicant: nl80211: Driver does not support authentication/association or connect commands
04-09 09:28:52.542  2604  2604 I wpa_supplicant: nl80211: deinit ifname=wlan0 disabled_11b_rates=0
04-09 09:28:52.547  2604  2604 E wpa_supplicant: Could not read interface wlan0 flags: No such device
04-09 09:28:52.548  2604  2604 E wpa_supplicant: wlan0: Failed to initialize driver interface
04-09 09:28:52.633  2585  2585 E         : wifi_insmod command:insmod /lib/modules/4.9.113/kernel/mrvl/sd8xxx.ko cal_data_cfg=mrvl/WlanCalData_ext_LS9x_291119.conf txpwrlimit_cfg=mrvl/txpwrlimit_cfg_8887.bin fw_name=mrvl/sd8887_wlan_a2_p59.bin cfg80211_wext=0xf host_mlme=1 auto_ds=2 fw_serial=1 sta_name="wlan" uap_name="p2p" ps_mode=2 max_uap_bss=2 drvdbg=0x7 reg_alpha2="00"
04-09 09:28:53.771  2585  2585 E         : Load BT driver
04-09 09:28:53.772  2585  2585 E         : found the match wifi is: (null)
04-09 09:28:53.772  2585  2585 E         : wifi_insmod command:insmod /lib/modules/4.9.113/kernel/mrvl/bt8xxx.ko fw_name=mrvl/sd8887_bt_a2_p59.bin bt_fw_serial=0
04-09 09:28:53.924  2695  2695 E writeSerialNo: Writing serial number to unifykey
04-09 09:28:53.947  2690  2690 I sh      : FACTEST:unifykey read success:20 20
04-09 09:28:53.947  2690  2690 I sh      : inbuf=de4f95ffa64d5e74b026  ret=20 serial.txt=de4f95ffa64d5e74b026 bytesread=20 strcmp=0
04-09 09:28:53.952  2688  2688 W sshd    : Failed loading /etc/dropbear/dropbear_rsa_host_key
04-09 09:28:53.952  2688  2688 W sshd    : Failed loading /etc/dropbear/dropbear_dss_host_key
04-09 09:28:53.953  2688  2688 W sshd    : Failed loading /etc/dropbear/dropbear_ecdsa_host_key
04-09 09:28:53.958  2688  2688 I sshd    : Not backgrounding
04-09 09:28:53.970  2693  2693 I ServiceManager: Waiting for service libre.EnvItems...
04-09 09:28:54.010  2697  2697 I ENV     : init 
04-09 09:28:54.012  2697  2697 I ENV     :  First boot 
04-09 09:28:54.012  2697  2697 E ENV     : fileExists:153 /lsync/env/env.db does not exist
04-09 09:28:54.019  2697  2697 D AVS_SDK :  [  1] I sdkVersion: 1.19.1
04-09 09:28:54.019  2697  2697 E ENV     :  FAILED to open:/lsync/env/tmp.db 
04-09 09:28:54.020  2697  2697 I ENV     : removeItem:79:/lsync/env/tmp.db not found
04-09 09:28:54.021  2697  2697 E ENV     : /lsync/env/env.db does not Exist.. tempStorage = 0
04-09 09:28:54.021  2697  2697 I ENV     : createUserDBFromFactoryCfg 
04-09 09:28:54.029  2697  2697 I ENV     : Using /factory/custom/factoryEnv.conf as conf file
04-09 09:28:54.029  2697  2697 I ENV     : removeItem:79:/lsync/env/env.db not found
04-09 09:28:54.029  2697  2697 E ENV     : Error removing /lsync/env/env.db
04-09 09:28:54.100  2697  2697 E ENV     : createUserDBFromFactoryCfg:307: tempStorage is undefined
04-09 09:28:54.100  2697  2697 I ENV     : Using /factory/custom/factoryEnv.conf and /lsync/env/env.db as conf and db file
04-09 09:28:54.101  2697  2697 I ENV     : init 
04-09 09:28:54.101  2697  2697 I ENV     :  First boot 
04-09 09:28:54.101  2697  2697 I ENV     : fileExists:151 /lsync/env/env.db exists
04-09 09:28:54.103  2697  2697 I ENV     : Copied /lsync/env/env.db to /lsync/env/tmp.db
04-09 09:28:54.104  2697  2697 E ENV     : /lsync/env/env.db does not Exist.. tempStorage = abf22db0
04-09 09:28:54.104  2697  2697 I ENV     : createUserDBFromFactoryCfg 
04-09 09:28:54.107  2697  2697 I ENV     : Using /factory/custom/factoryEnv.conf as conf file
04-09 09:28:54.108  2697  2697 I ENV     : removeItem:74:/lsync/env/env.db removed
04-09 09:28:54.108  2697  2697 I ENV     : Removed /lsync/env/env.db
04-09 09:28:54.123  2697  2697 E ENV     : createUserDBFromFactoryCfg:301: Failed at tempStorage->get_changed
04-09 09:28:54.539  2697  2697 I chatty  : uid=0(root) env_service identical 64 lines
04-09 09:28:54.545  2697  2697 E ENV     : createUserDBFromFactoryCfg:301: Failed at tempStorage->get_changed
04-09 09:28:54.546  2697  2697 E AVS_SDK :  [  1] E SQLiteStatement:SQLiteStatement::stepFailed::Executing the select did not generate a row or complete.:result=19
04-09 09:28:54.546  2697  2697 E AVS_SDK :  [  1] E SQLiteStatement:SQLiteStatement::finalizeFailed::Could release the prepared statement.:rcode=19
04-09 09:28:54.546  2697  2697 E ENV     : createUserDBFromFactoryCfg:286: Failed at m_miscStorage->put
04-09 09:28:54.552  2697  2697 E ENV     : createUserDBFromFactoryCfg:301: Failed at tempStorage->get_changed
04-09 09:28:54.737  2697  2697 I chatty  : uid=0(root) env_service identical 29 lines
04-09 09:28:54.743  2697  2697 E ENV     : createUserDBFromFactoryCfg:301: Failed at tempStorage->get_changed
04-09 09:28:54.744  2697  2697 I ENV     : Using /factory/custom/factoryEnv.conf and /lsync/env/env.db as conf and db file
04-09 09:28:54.745  2697  2697 I ENV     : fileExists:151 /lsync/env/env_bk.db exists
04-09 09:28:54.745  2697  2697 I ENV     : fileExists:151 /factory/custom/factoryEnv_bk.conf exists
04-09 09:28:54.746  2697  2697 I ENV     : removeItem:74:/lsync/env/tmp.db removed
04-09 09:28:56.946  2709  2709 I wpa_supplicant: Successfully initialized wpa_supplicant
04-09 09:28:56.957  2709  2709 I wpa_supplicant: rfkill: Cannot open RFKILL control device
04-09 09:28:57.000  2712  2712 I main_sourceswitch: ServiceManager: 0xab4bbf88
04-09 09:28:57.002  2711  2711 E LUCI_FACTORY: LUCIFactory::registerBuiltinFactories
04-09 09:28:57.004  2712  2712 E luci_helper: LUCIHelper: Waiting for Module Init
04-09 09:28:57.006  2712  2712 E luci_helper: LUCIHelper: Waiting for Module Init
04-09 09:28:57.011  2711  2711 E LUCI_SERVER: IP = 0
04-09 09:28:57.029  2710  2710 E luci_helper: LUCIHelper: Waiting for Module Init
04-09 09:28:57.030  2710  2710 E luci_helper: LUCIHelper: Waiting for Module Init
04-09 09:28:57.032  2710  2710 E yani_server: YaniServer FAILED TO GET LuciHelper
04-09 09:28:57.072  2709  2709 I wpa_supplicant: MPM: Debug Dialog Token initialized 2039064719 (0x7989a88f)
04-09 09:28:57.078  2709  2709 I wpa_supplicant: wlan0: CTRL-EVENT-REGDOM-CHANGE init=USER type=COUNTRY alpha2=US
04-09 09:28:57.082  2690  2690 I sh      : Simple mixer control 'Master',0
04-09 09:28:57.082  2690  2690 I sh      :   Capabilities: volume pswitch pswitch-joined
04-09 09:28:57.082  2690  2690 I sh      :   Playback channels: Front Left - Front Right
04-09 09:28:57.082  2690  2690 I sh      :   Capture channels: Front Left - Front Right
04-09 09:28:57.082  2690  2690 I sh      :   Limits: 0 - 100
04-09 09:28:57.082  2710  2710 E luci_helper: LUCIHelper: Waiting for Module Init
04-09 09:28:57.082  2710  2710 E yani_server: YaniServer FAILED TO GET LuciHelper
04-09 09:28:57.096  2690  2690 I sh      :   Front Left: 30 [30%] [-10.45dB] Playback [on]
04-09 09:28:57.096  2690  2690 I sh      :   Front Right: 30 [30%] [-10.45dB] Playback [on]
04-09 09:28:57.099  2711  2711 E luciUART: bufff write ? = 1 
04-09 09:28:57.101  2711  2711 E luciUART: tcsetattr succeed
04-09 09:28:57.102  2711  2720 E LUCI_SERVER: Luci Server Thread waiting for packets....
04-09 09:28:57.159  2708  2708 I         : [0408/205857.158856:INFO:cast_auth_check.cc(163)] Cast auth test is successful.
04-09 09:28:57.544  2710  2722 E yani_kernel: Interface status 0
04-09 09:28:57.550  2710  2722 I yani_kernel: set_device_name() Interface 'wlan0' MAC Address 'cc:90:93:21:f3:84' FriendlyName 'Lyric Speaker Box 21f384' status '0'
04-09 09:28:57.552  2710  2722 I yani_server: First boot after Factory reset! Friendly Name modified Lyric Speaker Box  -> Lyric Speaker Box 21f384
04-09 09:28:57.557  2711  2711 I lucitransport: writeRemoteMessage() MID = 90 buffer = Lyric Speaker Box 21f384
04-09 09:28:57.557  2711  2711 I luciUART: write() MID = 90  bytes = 34 data = Lyric Speaker Box 21f384 m_fd = 0x5
04-09 09:28:57.558  2711  2711 I lucitransport: writeLocalMessage() MID = 90 buffer = Lyric Speaker Box 21f384
04-09 09:28:57.558  2711  2720 E LUCI_SERVER: Luci Server Thread wait over MID 90....
04-09 09:28:57.559  2710  2722 E yani_server: Device Supports CastSetup 1
04-09 09:28:57.559  2710  2722 I yani_kernel: yani_init_net() Success Netlink socket fd 6
04-09 09:28:57.562  2710  2722 E WifiHW  : wifi_start_supplicant
04-09 09:28:57.563  2710  2722 E WifiHW  : wifi_start_ctl.start : wpa_supplicant
04-09 09:28:57.587  2711  2720 E LUCI_SERVER: Luci Server Thread waiting for packets....
04-09 09:28:57.764  2710  2722 E WifiHW  : wifi_connect_to_supplicant : wlan0
04-09 09:28:57.764  2710  2722 E WifiHW  : wifi_connect_on_socket_path1 : wlan0
04-09 09:28:57.767  2710  2722 E yani_wifi: enable_disable_net_if() Failed SIOCGIFFLAGS for interface 'wlan1' enable '0'
04-09 09:28:57.771  2710  2722 I yani_wifi: configure_wifi() SSID '' security '' passphrase '********' Country 'US'
04-09 09:28:58.952  2690  2690 I sh      : LSDeviceService: not found
04-09 09:28:59.021  2730  2730 I NetMgr  : Net_Mgr starting
04-09 09:28:59.047  2730  2730 I HotspotManager: Default WiFi Interface : wlan0
04-09 09:28:59.056  2730  2730 I NetworkMonitor: WiFi Interface : wlan0
04-09 09:28:59.056  2730  2730 I NetworkMonitor: Default WiFi Interface : wlan0
04-09 09:28:59.056  2727  2727 E         :  Start MessageBox Handler 
04-09 09:28:59.062  2728  2728 E UIModeManager: UIModeManager Constructor ++
04-09 09:28:59.070  2730  2741 I NetworkMonitor: Start monitor thread
04-09 09:28:59.077  2730  2741 E WifiUtil: command: "SCAN" failed: FAIL-BUSY
04-09 09:28:59.077  2728  2728 I AirableUIHelper: AirableUIHelper Contructor 
04-09 09:28:59.081  2728  2728 E AirableUIHelper:  Airable ENV_AirableBaseURL_ID Envitem returned failed!!!
04-09 09:28:59.083  2728  2728 E AirableUIHelper:  Airable ENV_AirableSecret_ID Envitem returned failed!!!
04-09 09:28:59.083  2728  2728 E AirableUIHelper: Airable Secret =  
04-09 09:28:59.085  2727  2739 E MB_HANDLER: HOST present 1
04-09 09:28:59.089  2727  2739 E MB_HANDLER:  REGISTERED YANI LISTENER IN MessageBoxHandler
04-09 09:28:59.091  2727  2739 E         : External Host present 1
04-09 09:28:59.091  2727  2739 E MB_HANDLER: REGISTERED ExternalSource IN MessageBoxHandler
04-09 09:28:59.093  2727  2739 E MB_HANDLER: Check Device Support ENV_CastSetup true ENV_GoogleCast_ID true 
04-09 09:28:59.093  2711  2711 I lucitransport: readRemoteMessage() MID char = 43689 buffer = 1
04-09 09:28:59.093  2711  2711 I lucitransport: writeRemoteMessage() MID = 43690 buffer = ªªªªª
04-09 09:28:59.093  2711  2711 I luciUART: write() MID = 43690  bytes = 15 data = ªªªªª m_fd = 0x5
04-09 09:28:59.094  2727  2739 E MB_HANDLER: LUCI UART READY MSG!!
04-09 09:28:59.094  2727  2739 E MB_HANDLER: Set Default Network Status on Bootup 0#1,0#2,0#3,0#4,0!
04-09 09:28:59.094  2711  2711 I lucitransport: writeRemoteMessage() MID = 124 buffer = 0#1,0#2,0#3,0#4,0
04-09 09:28:59.094  2711  2711 I luciUART: write() MID = 124  bytes = 27 data = 0#1,0#2,0#3,0#4,0 m_fd = 0x5
04-09 09:28:59.094  2728  2728 I UIModeManager: RegisterModeControl Mode - PlayMode ModeControl - 0xab54ac30
04-09 09:28:59.094  2711  2711 I lucitransport: readRemoteMessage() MID char = 43689 buffer = 1
04-09 09:28:59.095  2711  2711 I lucitransport: readRemoteMessage() MID char = 38 buffer = (null)
04-09 09:28:59.096  2727  2739 E MB_HANDLER: boot_after_factory : 1
04-09 09:28:59.098  2734  2734 E dhcpcd  : eth0: interface not found or invalid
04-09 09:28:59.099  2727  2739 I MB_HANDLER: Env Details: LS-Host '1' Cast-Setup 'true'
04-09 09:28:59.099  2727  2739 E MB_HANDLER: Message Handler Thread waiting for messages....
04-09 09:28:59.104  2711  2719 E luciUART: UART:aa
04-09 09:28:59.104  2711  2719 E luciUART: UART:aa
04-09 09:28:59.104  2711  2719 E luciUART: UART:2
04-09 09:28:59.104  2711  2719 E luciUART: UART:0
04-09 09:28:59.104  2711  2719 E luciUART: UART:9
04-09 09:28:59.104  2711  2719 E luciUART: UART:0
04-09 09:28:59.104  2711  2719 I chatty  : uid=0(root) UARTLUCIControl identical 2 lines
04-09 09:28:59.105  2711  2719 E luciUART: UART:0
04-09 09:28:59.105  2711  2719 E luciUART: UART:1
04-09 09:28:59.105  2711  2719 I luciUART: read() RemoteID = 43690 Command = 9 Type = 2 Status = 0 DataLen = 1
04-09 09:28:59.105  2711  2719 E luciUART: UART:0
04-09 09:28:59.105  2711  2719 E luciUART: UART:0
04-09 09:28:59.105  2711  2719 I luciUART: read() RemoteID = 43690 Command = 124 Type = 1 Status = 0 DataLen = 0
04-09 09:28:59.108  2711  2719 E luciUART: UART:0
04-09 09:28:59.108  2711  2719 E luciUART: UART:d0
04-09 09:28:59.108  2711  2719 E luciUART: UART:0
04-09 09:28:59.108  2711  2719 I chatty  : uid=0(root) UARTLUCIControl identical 2 lines
04-09 09:28:59.108  2711  2719 E luciUART: UART:0
04-09 09:28:59.108  2711  2719 E luciUART: UART:f
04-09 09:28:59.108  2711  2719 I luciUART: read() RemoteID = 43690 Command = 208 Type = 2 Status = 0 DataLen = 15
04-09 09:28:59.108  2711  2719 E luciUART: Error: full data not available yet! readBytes 0
04-09 09:28:59.108  2711  2719 I luciUART: Previous Packet read contd., 
04-09 09:28:59.108  2711  2719 E luciUART: UART:52
04-09 09:28:59.110  2711  2719 E luciUART: UART:c
04-09 09:28:59.110  2711  2719 I luciUART: read() RemoteID = 43690 Command = 208 Type = 2 Status = 0 DataLen = 12
04-09 09:28:59.110  2711  2719 E luciUART: Error: full data not available yet! readBytes 0
04-09 09:28:59.110  2711  2719 I luciUART: Previous Packet read contd., 
04-09 09:28:59.110  2711  2719 E luciUART: UART:52
04-09 09:28:59.110  2711  2719 I luciUART: Previous Packet read contd., 
04-09 09:28:59.110  2711  2719 E luciUART: UART:45
04-09 09:28:59.110  2711  2719 I luciUART: Previous Packet read contd., 
04-09 09:28:59.110  2711  2719 E luciUART: UART:41
04-09 09:28:59.110  2711  2719 I luciUART: Previous Packet read contd., 
04-09 09:28:59.111  2711  2720 I luciUART: write() MID = 208  bytes = 21 data = MCUVersion: m_fd = 0x5
04-09 09:28:59.111  2711  2720 E LUCI_SERVER: NV_READ response= MCUVersion:
04-09 09:28:59.111  2711  2720 E LUCI_SERVER: Luci Server Thread wait over MID 91....
04-09 09:28:59.111  2711  2720 E LUCI_SERVER: setting mid[91] to NULL
04-09 09:28:59.111  2711  2719 E luciUART: UART:72
04-09 09:28:59.111  2711  2719 I luciUART: Previous Packet read contd., 
04-09 09:28:59.111  2711  2719 E luciUART: UART:79
04-09 09:28:59.111  2711  2719 E luciUART: UART:aa
04-09 09:28:59.111  2711  2719 E luciUART: UART:aa
04-09 09:28:59.112  2711  2719 E luciUART: UART:1
04-09 09:28:59.113  2711  2719 E luciUART: UART:0
04-09 09:28:59.113  2711  2719 E luciUART: UART:9
04-09 09:28:59.117  2711  2720 I luciUART: write() MID = 151  bytes = 10 data =  m_fd = 0x5
04-09 09:28:59.117  2711  2720 E LUCI_SERVER: Luci Server Thread wait over MID 208....
04-09 09:28:59.117  2711  2720 E LUCI_SERVER: Got NV name : ssid
04-09 09:28:59.118  2727  2739 E MB_HANDLER: MacAddress :CC:90:93:21:F3:84
04-09 09:28:59.119  2711  2711 I lucitransport: writeRemoteMessage() MID = 91 buffer = CC:90:93:21:F3:84
04-09 09:28:59.119  2711  2711 I luciUART: write() MID = 91  bytes = 27 data = CC:90:93:21:F3:84 m_fd = 0x5
04-09 09:28:59.129  2711  2719 E luciUART: UART:aa
04-09 09:28:59.129  2711  2719 E luciUART: UART:aa
04-09 09:28:59.129  2711  2719 E luciUART: UART:2
04-09 09:28:59.129  2711  2719 E luciUART: UART:0
04-09 09:28:59.129  2711  2719 E luciUART: UART:d0
04-09 09:28:59.129  2711  2719 E luciUART: UART:0
04-09 09:28:59.130  2711  2719 I chatty  : uid=0(root) UARTLUCIControl identical 2 lines
04-09 09:28:59.130  2711  2719 E luciUART: UART:0
04-09 09:28:59.130  2711  2719 E luciUART: UART:9
04-09 09:28:59.131  2711  2719 I luciUART: read() RemoteID = 43690 Command = 208 Type = 2 Status = 0 DataLen = 9
04-09 09:28:59.131  2711  2719 E luciUART: Error: full data not available yet! readBytes 0
04-09 09:28:59.131  2711  2719 I luciUART: Previous Packet read contd., 
04-09 09:28:59.131  2711  2719 E luciUART: UART:52
04-09 09:28:59.131  2711  2719 I luciUART: Previous Packet read contd., 
04-09 09:28:59.131  2711  2719 E luciUART: UART:45
04-09 09:28:59.131  2711  2719 I luciUART: Previous Packet read contd., 
04-09 09:28:59.131  2711  2719 E luciUART: UART:41
04-09 09:28:59.131  2711  2719 I luciUART: Previous Packet read contd., 
04-09 09:28:59.131  2711  2719 E luciUART: UART:aa
04-09 09:28:59.131  2711  2720 E LUCI_SERVER: Luci Server Thread wait over MID 208....
04-09 09:28:59.131  2711  2719 E luciUART: UART:aa
04-09 09:28:59.131  2711  2719 E luciUART: UART:2
04-09 09:28:59.131  2711  2719 E luciUART: UART:0
04-09 09:28:59.131  2711  2719 E luciUART: UART:6
04-09 09:28:59.131  2711  2719 E luciUART: UART:0
04-09 09:28:59.133  2711  2720 I luciUART: write() MID = 208  bytes = 15 data = ssid: m_fd = 0x5
04-09 09:28:59.133  2711  2720 E LUCI_SERVER: NV_READ response= ssid:
04-09 09:28:59.133  2711  2720 E LUCI_SERVER: Luci Server Thread waiting for packets....
04-09 09:28:59.133  2711  2719 E luciUART: UART:0
04-09 09:28:59.133  2711  2719 I chatty  : uid=0(root) UARTLUCIControl identical 1 line
04-09 09:28:59.133  2711  2719 E luciUART: UART:0
04-09 09:28:59.133  2711  2719 E luciUART: UART:4
04-09 09:28:59.133  2711  2719 I luciUART: read() RemoteID = 43690 Command = 6 Type = 2 Status = 0 DataLen = 4
04-09 09:28:59.133  2711  2719 E luciUART: Error: full data not available yet! readBytes 0
04-09 09:28:59.133  2711  2719 I luciUART: Previous Packet read contd., 
04-09 09:28:59.133  2711  2719 E luciUART: UART:31
04-09 09:28:59.133  2711  2719 I luciUART: Previous Packet read contd., 
04-09 09:28:59.133  2711  2719 E luciUART: UART:30
04-09 09:28:59.133  2711  2719 I luciUART: Previous Packet read contd., 
04-09 09:28:59.133  2711  2719 E luciUART: UART:30
04-09 09:28:59.133  2711  2719 E luciUART: UART:31
04-09 09:28:59.133  2711  2719 E luciUART: UART:aa
04-09 09:28:59.135  2711  2719 E luciUART: UART:61
04-09 09:28:59.135  2711  2719 E luciUART: UART:78
04-09 09:28:59.135  2711  2719 E luciUART: UART:6d
04-09 09:28:59.137  2732  2755 I bt_osi_thread: run_thread: thread id 2755, thread name stack_manager started
04-09 09:28:59.137  2732  2755 I bt_stack_manager: event_init_stack is initializing the stack
04-09 09:28:59.138  2711  2720 E LUCI_SERVER: Luci Server Thread wait over MID 208....
04-09 09:28:59.138  2711  2720 E LUCI_SERVER: Got NV name : fwdownload_xml
04-09 09:28:59.145  2732  2755 E bt_osi_config: config_new unable to open file '/data/misc/bluedroid/bt_config.conf': No such file or directory
04-09 09:28:59.145  2732  2755 W bt_btif_config: init unable to load config file: /data/misc/bluedroid/bt_config.conf; using backup.
04-09 09:28:59.145  2732  2755 E bt_osi_config: config_new unable to open file '/data/misc/bluedroid/bt_config.bak': No such file or directory
04-09 09:28:59.145  2732  2755 W bt_btif_config: init unable to load backup; attempting to transcode legacy file.
04-09 09:28:59.147  2732  2755 E bt_btif_config_transcode: btif_config_transcode unable to load XML file '/data/misc/bluedroid/bt_config.xml': 3
04-09 09:28:59.148  2732  2755 E bt_btif_config: init unable to transcode legacy file; creating empty config.
04-09 09:28:59.148  2732  2757 I bt_osi_thread: run_thread: thread id 2757, thread name alarm_default_ca started
04-09 09:28:59.153  2711  2720 I luciUART: write() MID = 208  bytes = 67 data = fwdownload_xml:https://openotaengine.libreiotcloud.com/v1 m_fd = 0x5
04-09 09:28:59.153  2711  2720 E LUCI_SERVER: NV_READ response= fwdownload_xml:https://openotaengine.libreiotcloud.com/v1
04-09 09:28:59.153  2711  2720 E LUCI_SERVER: Luci Server Thread waiting for packets....
04-09 09:28:59.153  2727  2739 E MB_HANDLER: Message Handler Thread waiting for messages....
04-09 09:28:59.154  2732  2759 I bt_osi_thread: run_thread: thread id 2759, thread name alarm_dispatcher started
04-09 09:28:59.156  2732  2755 I bt_btif_core: btif_init_bluetooth entered
04-09 09:28:59.159  2732  2755 I bt_stack_config: init attempt to load stack conf from /etc/bluetooth/bt_stack.conf
04-09 09:28:59.164  2732  2762 I bt_osi_thread: run_thread: thread id 2762, thread name bt_jni_workqueue started
04-09 09:28:59.164  2732  2755 I bt_btif_core: btif_init_bluetooth finished
04-09 09:28:59.164  2732  2755 I bt_stack_manager: event_init_stack finished
04-09 09:28:59.165  2732  2732 I bt_osi_wakelock: wakelock_set_os_callouts set to non-native
04-09 09:28:59.165  2732  2762 I bt_btif_core: run_message_loop entered
04-09 09:28:59.168  2732  2732 I bt_btif : get_profile_interface: id = gatt
04-09 09:28:59.182  2732  2732 I bt_btif : get_profile_interface: id = a2dp
04-09 09:28:59.183  2732  2732 I bt_btif : get_profile_interface: id = a2dp_sink
04-09 09:28:59.188  2732  2767 I bt_osi_thread: run_thread: thread id 2767, thread name btif_a2dp_sink_w started
04-09 09:28:59.191  2732  2732 D a2dp_codec: init
04-09 09:28:59.192  2732  2732 D a2dp_codec: createCodec: codec SBC
04-09 09:28:59.194  2732  2732 D a2dp_codec: createCodec: codec AAC
04-09 09:28:59.196  2732  2732 D a2dp_codec: createCodec: codec aptX
04-09 09:28:59.197  2732  2732 E a2dp_vendor_aptx_encoder: A2DP_VendorLoadEncoderAptx: cannot open aptX encoder library libaptX_encoder.so: libaptX_encoder.so: cannot open shared object file: No such file or directory
04-09 09:28:59.197  2732  2732 E a2dp_vendor_aptx: init: cannot load the encoder
04-09 09:28:59.197  2732  2732 D a2dp_codec: createCodec: codec aptX-HD
04-09 09:28:59.198  2732  2732 E a2dp_vendor_aptx_hd_encoder: A2DP_VendorLoadEncoderAptxHd: cannot open aptX-HD encoder library libaptXHD_encoder.so: libaptXHD_encoder.so: cannot open shared object file: No such file or directory
04-09 09:28:59.198  2732  2732 E a2dp_vendor_aptx_hd: init: cannot load the encoder
04-09 09:28:59.199  2732  2732 D a2dp_codec: createCodec: codec LDAC
04-09 09:28:59.199  2732  2732 E a2dp_vendor_ldac_encoder: A2DP_VendorLoadEncoderLdac: cannot open LDAC encoder library libldacBT_enc.so: libldacBT_enc.so: cannot open shared object file: No such file or directory
04-09 09:28:59.199  2732  2732 E a2dp_vendor_ldac: init: cannot load the encoder
04-09 09:28:59.200  2732  2732 D a2dp_codec: createCodec: codec SBC SINK
04-09 09:28:59.200  2732  2732 D a2dp_codec: createCodec: codec AAC SINK
04-09 09:28:59.200  2732  2732 I a2dp_codec: init: initialized Source codec AAC
04-09 09:28:59.200  2732  2732 I a2dp_codec: init: initialized Source codec SBC
04-09 09:28:59.200  2732  2732 I a2dp_codec: init: initialized Sink codec AAC(Sink)
04-09 09:28:59.200  2732  2732 I a2dp_codec: init: initialized Sink codec SBC(Sink)
04-09 09:28:59.201  2732  2732 I bt_btif : get_profile_interface: id = avrcp_ctrl
04-09 09:28:59.201  2732  2762 E bt_btif : btif_sm_dispatch : Invalid handle
04-09 09:28:59.202  2732  2732 I bt_btif : get_profile_interface: id = hidhost
04-09 09:28:59.213  2732  2732 I bluetoothtbd: [0408/205859.213668:INFO:daemon.cc(168)] Daemon initialized
04-09 09:28:59.214  2732  2732 I bt_btif : enable: start restricted = 0
04-09 09:28:59.214  2732  2755 I bt_stack_manager: event_start_up_stack is bringing up the stack
04-09 09:28:59.214  2732  2755 I bt_core_module: module_start_up Starting module "btif_config_module"
04-09 09:28:59.214  2732  2755 I bt_core_module: module_start_up Started module "btif_config_module"
04-09 09:28:59.214  2732  2755 I bt_core_module: module_start_up Starting module "btsnoop_module"
04-09 09:28:59.214  2732  2755 I bt_core_module: module_start_up Started module "btsnoop_module"
04-09 09:28:59.215  2732  2755 I bt_core_module: module_start_up Starting module "hci_module"
04-09 09:28:59.215  2732  2755 I bt_hci  : hci_module_start_up
04-09 09:28:59.216  2730  2742 E CommandListener: Message not handled: unrecognized interface usb0
04-09 09:28:59.216  2730  2742 W FrameworkListener: Handler 'Iface' error (Success)
04-09 09:28:59.218  2732  2777 I bluetoothtbd: [0408/205859.218134:INFO:hci_layer_linux.cc(172)] hci_initialize
04-09 09:28:59.218  2732  2777 I bluetoothtbd: [0408/205859.218289:INFO:hci_layer_linux.cc(184)] Using interface hci0
04-09 09:28:59.218  2732  2777 I bluetoothtbd: [0408/205859.218467:INFO:hci_layer_linux.cc(378)] rfkill
04-09 09:28:59.227  2730  2742 E CommandListener: Message not handled: unrecognized interface usb0
04-09 09:28:59.227  2730  2742 W FrameworkListener: Handler 'Iface' error (Success)
04-09 09:28:59.227  2730  2742 E CommandListener: Message not handled: unrecognized interface usb0
04-09 09:28:59.227  2730  2742 W FrameworkListener: Handler 'Iface' error (Success)
04-09 09:28:59.227  2730  2742 E CommandListener: Message not handled: unrecognized interface usb0
04-09 09:28:59.227  2730  2742 W FrameworkListener: Handler 'Iface' error (Success)
04-09 09:28:59.229  2730  2742 E CommandListener: Message not handled: unrecognized interface usb0
04-09 09:28:59.229  2730  2742 W FrameworkListener: Handler 'Iface' error (Success)
04-09 09:28:59.249  2734  2734 D dhcpcd  : no interfaces have a carrier
04-09 09:28:59.250  2734  2734 D dhcpcd  : wlan0: waiting for carrier
04-09 09:28:59.275  2786  2786 I dnsmasq : started, version 2.51 cachesize 150
04-09 09:28:59.275  2786  2786 I dnsmasq : compile time options: no-IPv6 GNU-getopt no-DBus no-I18N DHCP no-scripts no-TFTP
04-09 09:28:59.275  2786  2786 I dnsmasq : DHCP, IP range 192.168.10.3 -- 192.168.10.10, lease time 12h
04-09 09:28:59.276  2786  2786 I dnsmasq : reading /etc/resolv.conf
04-09 09:28:59.276  2786  2786 I dnsmasq : using nameserver 8.8.8.8#53
04-09 09:28:59.276  2786  2786 I dnsmasq : read /etc/hosts - 1 addresses
04-09 09:28:59.634  2732  2777 I bluetoothtbd: [0408/205859.634460:INFO:hci_layer_linux.cc(295)] wait_hcidev
04-09 09:28:59.634  2732  2777 I bluetoothtbd: [0408/205859.634721:INFO:hci_layer_linux.cc(332)] Do poll() with timeout of 3000ms
04-09 09:28:59.636  2732  2777 I bluetoothtbd: [0408/205859.636264:INFO:hci_layer_linux.cc(228)] HCI device ready
04-09 09:28:59.636  2732  2777 I bt_hci  : event_finish_startup
04-09 09:28:59.636  2732  2755 I bt_core_module: module_start_up Started module "hci_module"
04-09 09:28:59.638  2732  2810 I bt_osi_thread: run_thread: thread id 2810, thread name bt_workqueue started
04-09 09:28:59.638  2732  2810 I bluetoothtbd: [0408/205859.638801:INFO:btu_task.cc(107)] Bluetooth chip preload is complete
04-09 09:28:59.645  2732  2810 I         : No vendor HCI socket available. Won't create SocketWriter.
04-09 09:28:59.654  2732  2810 I bluetoothtbd: [0408/205859.653585:INFO:gatt_api.cc(1005)] GATT_Register
04-09 09:28:59.655  2732  2810 I bluetoothtbd: [0408/205859.655318:INFO:gatt_api.cc(1028)] allocated gatt_if=1
04-09 09:28:59.656  2732  2810 I bluetoothtbd: [0408/205859.656893:INFO:gatt_api.cc(207)] GATTS_AddService
04-09 09:28:59.657  2732  2810 I bluetoothtbd: [0408/205859.657936:INFO:gatt_api.cc(317)] GATTS_AddService: service parsed correctly, now starting
04-09 09:28:59.659  2732  2810 E bluetoothtbd: [0408/205859.658822:ERROR:gatt_attr.cc(302)] gatt_profile_db_init:  gatt_if=1
04-09 09:28:59.665  2732  2810 I bluetoothtbd: [0408/205859.665918:INFO:gatt_api.cc(1005)] GATT_Register
04-09 09:28:59.666  2732  2810 I bluetoothtbd: [0408/205859.666069:INFO:gatt_api.cc(1028)] allocated gatt_if=2
04-09 09:28:59.666  2732  2810 I bluetoothtbd: [0408/205859.666118:INFO:gatt_api.cc(207)] GATTS_AddService
04-09 09:28:59.666  2732  2810 I bluetoothtbd: [0408/205859.666170:INFO:gatt_api.cc(317)] GATTS_AddService: service parsed correctly, now starting
04-09 09:28:59.669  2732  2812 I bt_osi_thread: run_thread: thread id 2812, thread name btu message loop started
04-09 09:28:59.694  2732  2813 I bt_osi_thread: run_thread: thread id 2813, thread name module_wrapper started
04-09 09:28:59.694  2732  2813 I bt_core_module: module_start_up Starting module "controller_module"
04-09 09:28:59.775  2710  2722 I yani_server: ifindexeth0 0 ifindexwlan0 5 ifindexp2p0 6 ifindexwlan1 0
04-09 09:28:59.775  2710  2722 I yani_server: NetLink Event '-1' Interface-Index '5' WLAN '0' Ethernet '-1' Parsed-iFill '-1' -> 'INVALID' ifIndex '1' -> 'lo'
04-09 09:28:59.776  2710  2722 I yani_kernel: yani_geteventfrom_changeaddr() Message-Id '1' Netlink event '16' Interface Index '5' -> Name 'wlan0' 
04-09 09:28:59.777  2710  2722 I yani_kernel: yani_geteventfrom_changeaddr() Message-Id '1' Netlink event '16' Interface Index '9' -> Name 'usb0' 
04-09 09:28:59.778  2710  2722 I yani_kernel: yani_geteventfrom_changeaddr() Message-Id '1' Netlink event '16' Interface Index '9' -> Name 'usb0' 
04-09 09:28:59.779  2710  2722 I yani_kernel: yani_geteventfrom_changeaddr() Message-Id '1' Netlink event '20' Interface Index '9' -> Name 'usb0' 
04-09 09:28:59.780  2710  2722 I yani_kernel: yani_geteventfrom_changeaddr() Message-Id '1' Netlink event '16' Interface Index '9' -> Name 'usb0' 
04-09 09:28:59.781  2710  2722 I yani_kernel: yani_geteventfrom_changeaddr() Message-Id '1' Netlink event '21' Interface Index '9' -> Name 'usb0' 
04-09 09:28:59.782  2710  2722 I yani_kernel: yani_geteventfrom_changeaddr() Message-Id '1' Netlink event '20' Interface Index '9' -> Name 'usb0' 
04-09 09:28:59.783  2710  2722 I yani_kernel: yani_geteventfrom_changeaddr() Message-Id '1' Netlink event '16' Interface Index '9' -> Name 'usb0' 
04-09 09:28:59.856  2732  2813 I bt_core_module: module_start_up Started module "controller_module"
04-09 09:28:59.856  2732  2813 W bt_osi_thread: run_thread: thread id 2813, thread name module_wrapper exited
04-09 09:28:59.859  2732  2810 W bt_btm  : btm_decode_ext_features_page: feature page 1 ignored
04-09 09:28:59.859  2732  2810 W bt_btm  : btm_decode_ext_features_page: feature page 2 ignored
04-09 09:28:59.860  2732  2812 I bt_btm_sec: BTM_SecRegister p_cb_info->p_le_callback == 0x0xf6b1db99
04-09 09:28:59.861  2732  2812 I bt_btm_sec: BTM_SecRegister btm_cb.api.p_le_callback = 0x0xf6b1db99 
04-09 09:28:59.863  2732  2812 I bluetoothtbd: [0408/205859.863914:INFO:ble_advertiser_hci_interface.cc(736)] Legacy advertising will be in use
04-09 09:28:59.866  2732  2812 I bluetoothtbd: [0408/205859.866283:INFO:gatt_api.cc(1005)] GATT_Register
04-09 09:28:59.866  2732  2812 I bluetoothtbd: [0408/205859.866463:INFO:gatt_api.cc(1028)] allocated gatt_if=3
04-09 09:28:59.889  2732  2812 I bt_bta_av: AVRCP version used for sdp: "avrcp14"
04-09 09:28:59.893  2732  2762 E bt_btif_storage: btif_storage_get_adapter_property: Controller ready!
04-09 09:28:59.893  2732  2762 I bt_btif_storage: btif_storage_get_adapter_property service_mask:0x40000
04-09 09:28:59.894  2732  2762 I bluetoothtbd: [0408/205859.894419:INFO:adapter.cc(551)] Adapter properties changed
04-09 09:28:59.894  2732  2762 I bluetoothtbd: [0408/205859.894546:INFO:adapter.cc(564)] Adapter address changed: CC:90:93:21:F3:85
04-09 09:28:59.894  2732  2762 I bluetoothtbd: [0408/205859.894591:INFO:adapter.cc(573)] Adapter name changed
04-09 09:28:59.895  2732  2762 I bt_btif_core: btif_enable_bluetooth_evt entered: status 0
04-09 09:28:59.895  2732  2762 W bt_btif : btif_enable_bluetooth_evt: Saving the Adapter Address
04-09 09:28:59.895  2732  2762 I bluetoothtbd: [0408/205859.895378:INFO:adapter.cc(551)] Adapter properties changed
04-09 09:28:59.895  2732  2762 I bluetoothtbd: [0408/205859.895429:INFO:adapter.cc(564)] Adapter address changed: CC:90:93:21:F3:85
04-09 09:28:59.895  2732  2762 D bt_hci  : do_postload posting postload work item
04-09 09:28:59.899  2732  2854 I bt_osi_thread: run_thread: thread id 2854, thread name btif_sock started
04-09 09:28:59.903  2732  2762 D bt_bte_conf: Device ID record 1 : primary
04-09 09:28:59.903  2732  2762 D bt_bte_conf:   vendorId            = 000f
04-09 09:28:59.903  2732  2762 D bt_bte_conf:   vendorIdSource      = 0001
04-09 09:28:59.903  2732  2762 D bt_bte_conf:   product             = 1200
04-09 09:28:59.903  2732  2762 D bt_bte_conf:   version             = 1436
04-09 09:28:59.903  2732  2762 D bt_bte_conf:   clientExecutableURL = 
04-09 09:28:59.904  2732  2762 D bt_bte_conf:   serviceDescription  = 
04-09 09:28:59.904  2732  2762 D bt_bte_conf:   documentationURL    = 
04-09 09:28:59.904  2732  2762 D bt_bte_conf: bte_load_did_conf no section named DID2.
04-09 09:28:59.904  2732  2762 I bt_btif_core: btif_enable_bluetooth_evt finished
04-09 09:28:59.904  2732  2755 I bt_stack_manager: event_start_up_stack finished
04-09 09:28:59.904  2732  2762 I bluetoothtbd: [0408/205859.904904:INFO:adapter.cc(529)] Adapter state changed: BT_STATE_ON
04-09 09:29:00.096  2728  2728 I ServiceManager: Waiting for service media.player...
04-09 09:29:00.218  2710  2722 I yani_kernel: yani_geteventfrom_changeaddr() Message-Id '1' Netlink event '16' Interface Index '9' -> Name 'usb0' 
04-09 09:29:00.219  2730  2742 E CommandListener: Message not handled: unrecognized interface usb0
04-09 09:29:00.219  2730  2742 W FrameworkListener: Handler 'Iface' error (Success)
04-09 09:29:00.667  2730  2742 E CommandListener: Message not handled: unrecognized interface usb0
04-09 09:29:00.667  2730  2742 W FrameworkListener: Handler 'Iface' error (Success)
04-09 09:29:01.077  2730  2741 E WifiUtil: command: "SCAN" failed: FAIL-BUSY
04-09 09:29:01.096  2728  2728 I ServiceManager: Waiting for service media.player...
04-09 09:29:01.486  2710  2722 I yani_server: NetLink Event '-1' Interface-Index '5' WLAN '-1' Ethernet '-1' Parsed-iFill '-1' -> 'INVALID' ifIndex '1' -> 'lo'
04-09 09:29:01.490  2710  2722 I yani_server: NetLink Event '-1' Interface-Index '5' WLAN '0' Ethernet '-1' Parsed-iFill '-1' -> 'INVALID' ifIndex '1' -> 'lo'
04-09 09:29:01.517  2710  2722 I chatty  : uid=0(root) YaniServer identical 43 lines
04-09 09:29:01.517  2710  2722 I yani_server: NetLink Event '-1' Interface-Index '5' WLAN '0' Ethernet '-1' Parsed-iFill '-1' -> 'INVALID' ifIndex '1' -> 'lo'
04-09 09:29:01.517  2710  2722 I yani_kernel: yani_geteventfrom_changeaddr() Message-Id '1' Netlink event '16' Interface Index '5' -> Name 'wlan0' 
04-09 09:29:01.519  2710  2722 I yani_kernel: yani_geteventfrom_changeaddr() Message-Id '1' Netlink event '16' Interface Index '5' -> Name 'wlan0' 
04-09 09:29:02.002  2786  2786 I dnsmasq : DHCPDISCOVER(usb0) 5e:2c:17:97:37:72 
04-09 09:29:02.002  2786  2786 I dnsmasq : DHCPOFFER(usb0) 192.168.10.4 5e:2c:17:97:37:72 
04-09 09:29:02.002  2786  2786 I dnsmasq : DHCPDISCOVER(usb0) 5e:2c:17:97:37:72 
04-09 09:29:02.002  2786  2786 I dnsmasq : DHCPOFFER(usb0) 192.168.10.4 5e:2c:17:97:37:72 
04-09 09:29:02.006  2786  2786 I dnsmasq : DHCPREQUEST(usb0) 192.168.10.4 5e:2c:17:97:37:72 
04-09 09:29:02.006  2786  2786 I dnsmasq : DHCPACK(usb0) 192.168.10.4 5e:2c:17:97:37:72 
04-09 09:29:02.008  2786  2786 I dnsmasq : DHCPREQUEST(usb0) 192.168.10.4 5e:2c:17:97:37:72 
04-09 09:29:02.008  2786  2786 I dnsmasq : DHCPACK(usb0) 192.168.10.4 5e:2c:17:97:37:72 
04-09 09:29:02.008  2712  2712 I SourceSwitch: SourceSwitch() Host 1 initialized...
04-09 09:29:02.097  2728  2728 I ServiceManager: Waiting for service media.player...
