04-09 10:12:55.383     0     0 I         : [    1.438591@0] Registered swp emulation handler
04-09 10:12:55.383     0     0 I         : [    1.438627@0] Registered cp15_barrier emulation handler
04-09 10:12:55.383     0     0 I         : [    1.439006@0] Registered setend emulation handler
04-09 10:12:55.383     0     0 I         : [    1.439560@0] disable EAS feature
04-09 10:12:55.383     0     0 I         : [    1.440594@0] registered taskstats version 1
04-09 10:12:55.383     0     0 W         : [    1.450237@0] dwc3 ff500000.dwc3: Configuration mismatch. dr_mode forced to host
04-09 10:12:55.383     0     0 I         : [    1.954907@0] xhci-hcd xhci-hcd.0.auto: xHCI Host Controller
04-09 10:12:55.383     0     0 I         : [    1.954966@0] xhci-hcd xhci-hcd.0.auto: new USB bus registered, assigned bus number 1
04-09 10:12:55.383     0     0 I         : [    1.956228@0] xhci-hcd xhci-hcd.0.auto: hcc params 0x0220f664 hci version 0x100 quirks 0x02010010
04-09 10:12:55.383     0     0 I         : [    1.956653@0] xhci-hcd xhci-hcd.0.auto: irq 27, io mem 0xff500000
04-09 10:12:55.383     0     0 I         : [    1.958217@2] hub 1-0:1.0: USB hub found
04-09 10:12:55.383     0     0 I         : [    1.958289@2] hub 1-0:1.0: 1 port detected
04-09 10:12:55.383     0     0 I         : [    1.958820@2] xhci-hcd xhci-hcd.0.auto: xHCI Host Controller
04-09 10:12:55.383     0     0 I         : [    1.959046@2] xhci-hcd xhci-hcd.0.auto: new USB bus registered, assigned bus number 2
04-09 10:12:55.383     0     0 I         : [    1.959909@2] usb usb2: We don't know the algorithms for LPM for this host, disabling LPM.
04-09 10:12:55.383     0     0 I         : [    1.961399@3] hub 2-0:1.0: USB hub found
04-09 10:12:55.383     0     0 E         : [    1.961479@3] hub 2-0:1.0: config failed, hub doesn't have any ports! (err -19)
04-09 10:12:55.383     0     0 E         : [    1.962060@3] usb usb2: Unsupported the hub
04-09 10:12:55.383     0     0 I         : [    1.962825@3] aml_vrtc rtc: setting system clock to 2022-04-09 04:42:52 UTC (1649479372)
04-09 10:12:55.383     0     0 D         : [    1.963663@3] dwc_otg ff400000.dwc2_a: dwc_otg_driver_probe(ffffffc01d654c00)
04-09 10:12:55.383     0     0 W [    1.963709@3] dwc_otg: usb0: type: 2 speed: 0, config: 0, dma: 0, id: 0, phy: ffe09000, ctrl: 0
04-09 10:12:55.383     0     0 D         : [    1.964056@3] dwc_otg ff400000.dwc2_a: base=0xffffff8008a40000
04-09 10:12:55.383     0     0 D         : [    1.964062@3] dwc_otg ff400000.dwc2_a: dwc_otg_device=0xffffffc01c7bfe00
04-09 10:12:55.383     0     0 W [    2.064380@0] dwc_otg: Core Release: 3.10a
04-09 10:12:55.383     0     0 W [    2.064416@0] dwc_otg: Setting default values for core params
04-09 10:12:55.383     0     0 W [    2.064825@0] dwc_otg: curmode: 0, host_only: 0
04-09 10:12:55.383     0     0 D         : [    2.065281@0] dwc_otg ff400000.dwc2_a: DMA config: BURST_DEFAULT
04-09 10:12:55.383     0     0 W [    2.077589@0] dwc_otg: Using Buffer DMA mode
04-09 10:12:55.383     0     0 W [    2.077614@0] dwc_otg: OTG VER PARAM: 1, OTG VER FLAG: 1
04-09 10:12:55.383     0     0 W [    2.077992@0] dwc_otg: Working on port type = SLAVE
04-09 10:12:55.383     0     0 W [    2.078477@0] dwc_otg: Dedicated Tx FIFOs mode
04-09 10:12:55.383     0     0 I [    2.080923@0] input: adc_keypad as /devices/platform/adc_keypad/input/input1
04-09 10:12:55.383     0     0 I         : [    2.082727@0] cpucore_cooling_register, max_cpu_core_num:4
04-09 10:12:55.383     0     0 I [    2.089544@0] gxbb_pm: enter meson_pm_probe!
04-09 10:12:55.383     0     0 I         : [    2.089582@0] no vddio3v3_en pin
04-09 10:12:55.383     0     0 E         : [    2.089746@0] pm-meson aml_pm: Can't get switch_clk81
04-09 10:12:55.383     0     0 I [    2.090279@0] gxbb_pm: meson_pm_probe done
04-09 10:12:55.383     0     0 I         : [    2.091002@0] ALSA device list:
04-09 10:12:55.383     0     0 I [    2.091028@0]   #0: AML-AUGESOUND
04-09 10:12:55.383     0     0 I         : [    2.091567@0] meson_uart ff804000.serial: ttyS3 use xtal(8M) 24000000 change 115200 to 115200
04-09 10:12:55.383     0     0 I         : [    2.097500@0] Freeing unused kernel memory: 6080K
04-09 10:12:55.383     0     0 I [    2.312358@1] ubi0: attaching mtd6
04-09 10:12:55.383     0     0 I [    2.522226@1] ubi0: scanning is finished
04-09 10:12:55.383     0     0 I [    2.526133@2] ubi0: attached mtd6 (name "system", size 100 MiB)
04-09 10:12:55.383     0     0 I [    2.526420@2] ubi0: PEB size: 262144 bytes (256 KiB), LEB size: 253952 bytes
04-09 10:12:55.383     0     0 I [    2.533433@2] ubi0: min./max. I/O unit sizes: 4096/4096, sub-page size 4096
04-09 10:12:55.383     0     0 I [    2.540316@2] ubi0: VID header offset: 4096 (aligned 4096), data offset: 8192
04-09 10:12:55.383     0     0 I [    2.547381@2] ubi0: good PEBs: 400, bad PEBs: 0, corrupted PEBs: 0
04-09 10:12:55.383     0     0 I [    2.553509@2] ubi0: user volume: 1, internal volumes: 1, max. volumes count: 128
04-09 10:12:55.383     0     0 I [    2.560837@2] ubi0: max/mean erase counter: 37/25, WL threshold: 4096, image sequence number: 736763309
04-09 10:12:55.383     0     0 I [    2.570155@2] ubi0: available PEBs: 0, total reserved PEBs: 400, PEBs reserved for bad PEB handling: 40
04-09 10:12:55.383     0     0 I [    2.579541@3] ubi0: background thread "ubi_bgt0d" started, PID 2143
04-09 10:12:55.383     0     0 I         : [    2.585234@0] UBIFS (ubi0:0): background thread "ubifs_bgt0_0" started, PID 2146
04-09 10:12:55.383     0     0 I         : [    2.630718@1] UBIFS (ubi0:0): UBIFS: mounted UBI device 0, volume 0, name "rootfs"
04-09 10:12:55.383     0     0 I         : [    2.632687@1] UBIFS (ubi0:0): LEB size: 253952 bytes (248 KiB), min./max. I/O unit sizes: 4096 bytes/4096 bytes
04-09 10:12:55.383     0     0 I         : [    2.642657@1] UBIFS (ubi0:0): FS size: 87867392 bytes (83 MiB, 346 LEBs), journal size 9404416 bytes (8 MiB, 38 LEBs)
04-09 10:12:55.383     0     0 I         : [    2.653175@1] UBIFS (ubi0:0): reserved for root: 0 bytes (0 KiB)
04-09 10:12:55.383     0     0 I         : [    2.659128@1] UBIFS (ubi0:0): media format: w4/r0 (latest is w4/r0), UUID DC99A6D8-69BA-4DD7-9E44-726260A6E747, small LPT model
04-09 10:12:55.383     0     0 I [    2.916586@3] init: property init
04-09 10:12:55.383     0     0 I [    2.917348@3] init: reading config file
04-09 10:12:55.383     0     0 I [    2.924068@3] init: processing action 0xab248808 (boot_start)
04-09 10:12:55.383     0     0 I [    2.931844@3] init: command 'boot_start' r=0
04-09 10:12:55.383     0     0 I [    2.932887@3] init: processing action 0xab2446b0 (early-init)
04-09 10:12:55.383     0     0 I [    2.937587@3] init: starting 'ueventd'
04-09 10:12:55.383     0     0 I [    2.940892@3] init: command 'start' r=0
04-09 10:12:55.383     0     0 I [    2.943786@3] init: command 'loglevel' r=0
04-09 10:12:55.383     0     0 I [    2.948770@3] init: command 'mount' r=0
04-09 10:12:55.383     0     0 I [    2.950524@2] init: starting ueventd
04-09 10:12:55.383     0     0 I [    2.951388@2] init: /sys/ rule /sys/devices/virtual/input/input* enable
04-09 10:12:55.383     0     0 I [    2.951400@2] init: /sys/ rule /sys/devices/virtual/input/input* poll_delay
04-09 10:12:55.383     0     0 I [    2.951410@2] init: /sys/ rule /sys/devices/virtual/usb_composite/* enable
04-09 10:12:55.383     0     0 I [    2.956919@2] init: adding platform device ffd0f0d0.watchdog
04-09 10:12:55.383     0     0 I [    2.957303@2] init: adding platform device reg-dummy
04-09 10:12:55.383     0     0 I [    2.957966@2] init: adding platform device cpu_iomap
04-09 10:12:55.384     0     0 I [    2.958243@2] init: adding platform device 7400000.ramoops
04-09 10:12:55.384     0     0 I [    2.958507@2] init: adding platform device bt-dev
04-09 10:12:55.384     0     0 I [    2.959089@2] init: adding platform device dummy
04-09 10:12:55.384     0     0 I [    3.006309@3] init: command 'mount' r=0
04-09 10:12:55.384     0     0 I [    3.210307@3] ubi1: attaching mtd7
04-09 10:12:55.384     0     0 I [    3.504379@3] ubi1: scanning is finished
04-09 10:12:55.384     0     0 I [    3.508712@1] ubi1: attached mtd7 (name "chrome", size 140 MiB)
04-09 10:12:55.384     0     0 I [    3.508997@1] ubi1: PEB size: 262144 bytes (256 KiB), LEB size: 253952 bytes
04-09 10:12:55.384     0     0 I [    3.516009@1] ubi1: min./max. I/O unit sizes: 4096/4096, sub-page size 4096
04-09 10:12:55.384     0     0 I [    3.522892@1] ubi1: VID header offset: 4096 (aligned 4096), data offset: 8192
04-09 10:12:55.384     0     0 I [    3.529958@1] ubi1: good PEBs: 560, bad PEBs: 0, corrupted PEBs: 0
04-09 10:12:55.384     0     0 I [    3.536086@1] ubi1: user volume: 1, internal volumes: 1, max. volumes count: 128
04-09 10:12:55.384     0     0 I [    3.543417@1] ubi1: max/mean erase counter: 34/25, WL threshold: 4096, image sequence number: 1458511589
04-09 10:12:55.384     0     0 I [    3.552818@1] ubi1: available PEBs: 0, total reserved PEBs: 560, PEBs reserved for bad PEB handling: 40
04-09 10:12:55.384     0     0 I [    3.562142@3] ubi1: background thread "ubi_bgt1d" started, PID 2556
04-09 10:12:55.384     0     0 I         : [    3.576567@1] UBIFS (ubi1:0): background thread "ubifs_bgt1_0" started, PID 2560
04-09 10:12:55.384     0     0 I         : [    3.602888@0] UBIFS (ubi1:0): recovery needed
04-09 10:12:55.384     0     0 I         : [    3.638590@0] UBIFS (ubi1:0): recovery completed
04-09 10:12:55.384     0     0 I         : [    3.638747@0] UBIFS (ubi1:0): UBIFS: mounted UBI device 1, volume 0, name "chrome"
04-09 10:12:55.384     0     0 I         : [    3.645106@0] UBIFS (ubi1:0): LEB size: 253952 bytes (248 KiB), min./max. I/O unit sizes: 4096 bytes/4096 bytes
04-09 10:12:55.384     0     0 I         : [    3.655101@0] UBIFS (ubi1:0): FS size: 128499712 bytes (122 MiB, 506 LEBs), journal size 9404416 bytes (8 MiB, 38 LEBs)
04-09 10:12:55.384     0     0 I         : [    3.665794@0] UBIFS (ubi1:0): reserved for root: 0 bytes (0 KiB)
04-09 10:12:55.384     0     0 I         : [    3.671747@0] UBIFS (ubi1:0): media format: w4/r0 (latest is w4/r0), UUID 3D7B4A1D-6849-462E-B889-C151DCC94211, small LPT model
04-09 10:12:55.384     0     0 I [    3.714983@2] ubi2: attaching mtd8
04-09 10:12:55.384     0     0 I         : [    3.881487@2]  NAND bbt detect factory Bad block at 17a40000
04-09 10:12:55.384     0     0 I         : [    3.893071@2]  NAND bbt detect factory Bad block at 18000000
04-09 10:12:55.384     0     0 I         : [    3.893129@2]  NAND bbt detect factory Bad block at 18040000
04-09 10:12:55.384     0     0 I [    4.165710@2] ubi2: scanning is finished
04-09 10:12:55.384     0     0 I [    4.170331@2] ubi2: attached mtd8 (name "data", size 213 MiB)
04-09 10:12:55.384     0     0 I [    4.170449@2] ubi2: PEB size: 262144 bytes (256 KiB), LEB size: 253952 bytes
04-09 10:12:55.384     0     0 I [    4.177456@2] ubi2: min./max. I/O unit sizes: 4096/4096, sub-page size 4096
04-09 10:12:55.384     0     0 I [    4.184344@2] ubi2: VID header offset: 4096 (aligned 4096), data offset: 8192
04-09 10:12:55.384     0     0 I [    4.191409@2] ubi2: good PEBs: 849, bad PEBs: 3, corrupted PEBs: 0
04-09 10:12:55.384     0     0 I [    4.197537@2] ubi2: user volume: 2, internal volumes: 1, max. volumes count: 128
04-09 10:12:55.384     0     0 I [    4.204865@2] ubi2: max/mean erase counter: 65/45, WL threshold: 4096, image sequence number: 1018457084
04-09 10:12:55.384     0     0 I [    4.214273@2] ubi2: available PEBs: 0, total reserved PEBs: 849, PEBs reserved for bad PEB handling: 37
04-09 10:12:55.384     0     0 I [    4.223594@0] ubi2: background thread "ubi_bgt2d" started, PID 2567
04-09 10:12:55.384     0     0 I         : [    4.237379@3] UBIFS (ubi2:0): background thread "ubifs_bgt2_0" started, PID 2571
04-09 10:12:55.384     0     0 I         : [    4.263780@1] UBIFS (ubi2:0): recovery needed
04-09 10:12:55.384     0     0 I         : [    4.341209@1] UBIFS (ubi2:0): recovery completed
04-09 10:12:55.384     0     0 I         : [    4.341371@1] UBIFS (ubi2:0): UBIFS: mounted UBI device 2, volume 0, name "factory"
04-09 10:12:55.384     0     0 I         : [    4.347807@1] UBIFS (ubi2:0): LEB size: 253952 bytes (248 KiB), min./max. I/O unit sizes: 4096 bytes/4096 bytes
04-09 10:12:55.384     0     0 I         : [    4.357806@1] UBIFS (ubi2:0): FS size: 10158080 bytes (9 MiB, 40 LEBs), journal size 2285569 bytes (2 MiB, 9 LEBs)
04-09 10:12:55.384     0     0 I         : [    4.368068@1] UBIFS (ubi2:0): reserved for root: 0 bytes (0 KiB)
04-09 10:12:55.384     0     0 I         : [    4.374020@1] UBIFS (ubi2:0): media format: w4/r0 (latest is w4/r0), UUID AD7DC8BC-6ACA-4841-8B12-7A54B54F57E7, small LPT model
04-09 10:12:55.384     0     0 I         : [    4.397565@3] UBIFS (ubi2:1): background thread "ubifs_bgt2_1" started, PID 2574
04-09 10:12:55.384     0     0 I         : [    4.423340@1] UBIFS (ubi2:1): recovery needed
04-09 10:12:55.384     0     0 I         : [    4.496734@0] UBIFS (ubi2:1): recovery completed
04-09 10:12:55.384     0     0 I         : [    4.496927@0] UBIFS (ubi2:1): UBIFS: mounted UBI device 2, volume 1, name "data"
04-09 10:12:55.384     0     0 I         : [    4.503073@0] UBIFS (ubi2:1): LEB size: 253952 bytes (248 KiB), min./max. I/O unit sizes: 4096 bytes/4096 bytes
04-09 10:12:55.384     0     0 I         : [    4.513074@0] UBIFS (ubi2:1): FS size: 189956096 bytes (181 MiB, 748 LEBs), journal size 9404416 bytes (8 MiB, 38 LEBs)
04-09 10:12:55.384     0     0 I         : [    4.523810@0] UBIFS (ubi2:1): reserved for root: 0 bytes (0 KiB)
04-09 10:12:55.384     0     0 I         : [    4.529721@0] UBIFS (ubi2:1): media format: w4/r0 (latest is w4/r0), UUID 34A475AE-5814-4337-8EB7-8868427E3B0E, small LPT model
04-09 10:12:55.384     0     0 I         : [    4.768634@1] aml_wifi wifi: [usb_power_control] Set WiFi power down
04-09 10:12:55.384     0     0 I [    4.769363@1] meson-mmc: [sdio_notify] finish
04-09 10:12:55.384     0     0 I         : [    4.773703@1] aml_wifi wifi: [wifi_power_ioctl] ioctl Set sdio wifi power down!
04-09 10:12:55.384     0     0 I         : [    4.776911@0] UBIFS (ubi0:0): background thread "ubifs_bgt0_0" stops
04-09 10:12:56.461  2587  2587 E         : found the match wifi is: sd8887
04-09 10:12:56.461  2587  2587 E         : wifi_insmod command:insmod /lib/modules/4.9.113/kernel/mrvl/mlan8887.ko 
--------- beginning of system
04-09 10:12:56.492  2607  2607 I wpa_supplicant: Successfully initialized wpa_supplicant
04-09 10:12:56.519  2607  2607 E wpa_supplicant: Could not read interface wlan0 flags: No such device
04-09 10:12:56.522  2607  2607 I wpa_supplicant: nl80211: Driver does not support authentication/association or connect commands
04-09 10:12:56.524  2607  2607 I wpa_supplicant: nl80211: deinit ifname=wlan0 disabled_11b_rates=0
04-09 10:12:56.526  2607  2607 E wpa_supplicant: Could not read interface wlan0 flags: No such device
04-09 10:12:56.527  2607  2607 E wpa_supplicant: wlan0: Failed to initialize driver interface
04-09 10:12:56.617  2587  2587 E         : wifi_insmod command:insmod /lib/modules/4.9.113/kernel/mrvl/sd8xxx.ko cal_data_cfg=mrvl/WlanCalData_ext_LS9x_291119.conf txpwrlimit_cfg=mrvl/txpwrlimit_cfg_8887.bin fw_name=mrvl/sd8887_wlan_a2_p59.bin cfg80211_wext=0xf host_mlme=1 auto_ds=2 fw_serial=1 sta_name="wlan" uap_name="p2p" ps_mode=2 max_uap_bss=2 drvdbg=0x7 reg_alpha2="00"
04-09 10:12:57.766  2587  2587 E         : Load BT driver
04-09 10:12:57.766  2587  2587 E         : found the match wifi is: (null)
04-09 10:12:57.766  2587  2587 E         : wifi_insmod command:insmod /lib/modules/4.9.113/kernel/mrvl/bt8xxx.ko fw_name=mrvl/sd8887_bt_a2_p59.bin bt_fw_serial=0
04-09 10:12:57.866  2688  2688 W sshd    : Failed loading /etc/dropbear/dropbear_rsa_host_key
04-09 10:12:57.866  2688  2688 W sshd    : Failed loading /etc/dropbear/dropbear_dss_host_key
04-09 10:12:57.866  2688  2688 W sshd    : Failed loading /etc/dropbear/dropbear_ecdsa_host_key
04-09 10:12:57.880  2688  2688 I sshd    : Not backgrounding
04-09 10:12:57.892  2699  2699 E writeSerialNo: Writing serial number to unifykey
04-09 10:12:57.913  2690  2690 I sh      : FACTEST:unifykey read success:20 20
04-09 10:12:57.913  2690  2690 I sh      : inbuf=de4f95ffa64d5e74b026  ret=20 serial.txt=de4f95ffa64d5e74b026 bytesread=20 strcmp=0
04-09 10:12:57.923  2697  2697 I ServiceManager: Waiting for service libre.EnvItems...
04-09 10:12:57.963  2700  2700 I ENV     : init 
04-09 10:12:57.964  2700  2700 I ENV     :  First boot 
04-09 10:12:57.964  2700  2700 E ENV     : fileExists:153 /lsync/env/env.db does not exist
04-09 10:12:57.970  2700  2700 D AVS_SDK :  [  1] I sdkVersion: 1.19.1
04-09 10:12:57.970  2700  2700 E ENV     :  FAILED to open:/lsync/env/tmp.db 
04-09 10:12:57.971  2700  2700 I ENV     : removeItem:79:/lsync/env/tmp.db not found
04-09 10:12:57.972  2700  2700 E ENV     : /lsync/env/env.db does not Exist.. tempStorage = 0
04-09 10:12:57.972  2700  2700 I ENV     : createUserDBFromFactoryCfg 
04-09 10:12:57.979  2700  2700 I ENV     : Using /factory/custom/factoryEnv.conf as conf file
04-09 10:12:57.979  2700  2700 I ENV     : removeItem:79:/lsync/env/env.db not found
04-09 10:12:57.979  2700  2700 E ENV     : Error removing /lsync/env/env.db
04-09 10:12:58.042  2700  2700 E ENV     : createUserDBFromFactoryCfg:307: tempStorage is undefined
04-09 10:12:58.043  2700  2700 I ENV     : Using /factory/custom/factoryEnv.conf and /lsync/env/env.db as conf and db file
04-09 10:12:58.043  2700  2700 I ENV     : init 
04-09 10:12:58.043  2700  2700 I ENV     :  First boot 
04-09 10:12:58.043  2700  2700 I ENV     : fileExists:151 /lsync/env/env.db exists
04-09 10:12:58.045  2700  2700 I ENV     : Copied /lsync/env/env.db to /lsync/env/tmp.db
04-09 10:12:58.046  2700  2700 E ENV     : /lsync/env/env.db does not Exist.. tempStorage = abd18db0
04-09 10:12:58.046  2700  2700 I ENV     : createUserDBFromFactoryCfg 
04-09 10:12:58.048  2700  2700 I ENV     : Using /factory/custom/factoryEnv.conf as conf file
04-09 10:12:58.049  2700  2700 I ENV     : removeItem:74:/lsync/env/env.db removed
04-09 10:12:58.049  2700  2700 I ENV     : Removed /lsync/env/env.db
04-09 10:12:58.061  2700  2700 E ENV     : createUserDBFromFactoryCfg:301: Failed at tempStorage->get_changed
04-09 10:12:58.460  2700  2700 I chatty  : uid=0(root) env_service identical 64 lines
04-09 10:12:58.466  2700  2700 E ENV     : createUserDBFromFactoryCfg:301: Failed at tempStorage->get_changed
04-09 10:12:58.467  2700  2700 E AVS_SDK :  [  1] E SQLiteStatement:SQLiteStatement::stepFailed::Executing the select did not generate a row or complete.:result=19
04-09 10:12:58.467  2700  2700 E AVS_SDK :  [  1] E SQLiteStatement:SQLiteStatement::finalizeFailed::Could release the prepared statement.:rcode=19
04-09 10:12:58.467  2700  2700 E ENV     : createUserDBFromFactoryCfg:286: Failed at m_miscStorage->put
04-09 10:12:58.473  2700  2700 E ENV     : createUserDBFromFactoryCfg:301: Failed at tempStorage->get_changed
04-09 10:12:58.659  2700  2700 I chatty  : uid=0(root) env_service identical 29 lines
04-09 10:12:58.666  2700  2700 E ENV     : createUserDBFromFactoryCfg:301: Failed at tempStorage->get_changed
04-09 10:12:58.666  2700  2700 I ENV     : Using /factory/custom/factoryEnv.conf and /lsync/env/env.db as conf and db file
04-09 10:12:58.667  2700  2700 I ENV     : fileExists:151 /lsync/env/env_bk.db exists
04-09 10:12:58.668  2700  2700 I ENV     : fileExists:151 /factory/custom/factoryEnv_bk.conf exists
04-09 10:12:58.668  2700  2700 I ENV     : removeItem:74:/lsync/env/tmp.db removed
04-09 10:13:00.911  2712  2712 I wpa_supplicant: Successfully initialized wpa_supplicant
04-09 10:13:00.925  2712  2712 I wpa_supplicant: rfkill: Cannot open RFKILL control device
04-09 10:13:00.966  2715  2715 I main_sourceswitch: ServiceManager: 0xac3abf88
04-09 10:13:00.967  2715  2715 E luci_helper: LUCIHelper: Waiting for Module Init
04-09 10:13:00.968  2715  2715 E luci_helper: LUCIHelper: Waiting for Module Init
04-09 10:13:00.971  2714  2714 E LUCI_FACTORY: LUCIFactory::registerBuiltinFactories
04-09 10:13:00.987  2714  2714 E LUCI_SERVER: IP = 0
04-09 10:13:01.001  2713  2713 E luci_helper: LUCIHelper: Waiting for Module Init
04-09 10:13:01.002  2713  2713 E luci_helper: LUCIHelper: Waiting for Module Init
04-09 10:13:01.003  2713  2713 E yani_server: YaniServer FAILED TO GET LuciHelper
04-09 10:13:01.035  2712  2712 I wpa_supplicant: MPM: Debug Dialog Token initialized 1188514990 (0x46d74cae)
04-09 10:13:01.043  2712  2712 I wpa_supplicant: wlan0: CTRL-EVENT-REGDOM-CHANGE init=USER type=COUNTRY alpha2=US
04-09 10:13:01.044  2690  2690 I sh      : Simple mixer control 'Master',0
04-09 10:13:01.044  2690  2690 I sh      :   Capabilities: volume pswitch pswitch-joined
04-09 10:13:01.044  2690  2690 I sh      :   Playback channels: Front Left - Front Right
04-09 10:13:01.044  2690  2690 I sh      :   Capture channels: Front Left - Front Right
04-09 10:13:01.044  2690  2690 I sh      :   Limits: 0 - 100
04-09 10:13:01.053  2713  2713 E luci_helper: LUCIHelper: Waiting for Module Init
04-09 10:13:01.054  2713  2713 E yani_server: YaniServer FAILED TO GET LuciHelper
04-09 10:13:01.061  2690  2690 I sh      :   Front Left: 30 [30%] [-10.45dB] Playback [on]
04-09 10:13:01.061  2690  2690 I sh      :   Front Right: 30 [30%] [-10.45dB] Playback [on]
04-09 10:13:01.065  2714  2714 E luciUART: bufff write ? = 1 
04-09 10:13:01.067  2714  2714 E luciUART: tcsetattr succeed
04-09 10:13:01.068  2714  2723 E LUCI_SERVER: Luci Server Thread waiting for packets....
04-09 10:13:01.133  2711  2711 I         : [0408/214301.132553:INFO:cast_auth_check.cc(163)] Cast auth test is successful.
04-09 10:13:01.516  2713  2725 E yani_kernel: Interface status 0
04-09 10:13:01.522  2713  2725 I yani_kernel: set_device_name() Interface 'wlan0' MAC Address 'cc:90:93:21:f3:84' FriendlyName 'Lyric Speaker Box 21f384' status '0'
04-09 10:13:01.523  2713  2725 I yani_server: First boot after Factory reset! Friendly Name modified Lyric Speaker Box  -> Lyric Speaker Box 21f384
04-09 10:13:01.529  2714  2714 I lucitransport: writeRemoteMessage() MID = 90 buffer = Lyric Speaker Box 21f384
04-09 10:13:01.529  2714  2714 I luciUART: write() MID = 90  bytes = 34 data = Lyric Speaker Box 21f384 m_fd = 0x5
04-09 10:13:01.530  2714  2714 I lucitransport: writeLocalMessage() MID = 90 buffer = Lyric Speaker Box 21f384
04-09 10:13:01.530  2714  2723 E LUCI_SERVER: Luci Server Thread wait over MID 90....
04-09 10:13:01.536  2713  2725 E yani_server: Device Supports CastSetup 1
04-09 10:13:01.537  2713  2725 I yani_kernel: yani_init_net() Success Netlink socket fd 6
04-09 10:13:01.540  2713  2725 E WifiHW  : wifi_start_supplicant
04-09 10:13:01.540  2713  2725 E WifiHW  : wifi_start_ctl.start : wpa_supplicant
04-09 10:13:01.557  2714  2723 E LUCI_SERVER: Luci Server Thread waiting for packets....
04-09 10:13:01.742  2713  2725 E WifiHW  : wifi_connect_to_supplicant : wlan0
04-09 10:13:01.742  2713  2725 E WifiHW  : wifi_connect_on_socket_path1 : wlan0
04-09 10:13:01.744  2713  2725 E yani_wifi: enable_disable_net_if() Failed SIOCGIFFLAGS for interface 'wlan1' enable '0'
04-09 10:13:01.749  2713  2725 I yani_wifi: configure_wifi() SSID '' security '' passphrase '********' Country 'US'
04-09 10:13:02.914  2690  2690 I sh      : LSDeviceService: not found
04-09 10:13:03.001  2733  2733 I NetMgr  : Net_Mgr starting
04-09 10:13:03.011  2733  2733 I HotspotManager: Default WiFi Interface : wlan0
04-09 10:13:03.025  2733  2733 I NetworkMonitor: WiFi Interface : wlan0
04-09 10:13:03.025  2733  2733 I NetworkMonitor: Default WiFi Interface : wlan0
04-09 10:13:03.028  2730  2730 E         :  Start MessageBox Handler 
04-09 10:13:03.031  2731  2731 E UIModeManager: UIModeManager Constructor ++
04-09 10:13:03.036  2733  2743 I NetworkMonitor: Start monitor thread
04-09 10:13:03.038  2731  2731 I AirableUIHelper: AirableUIHelper Contructor 
04-09 10:13:03.042  2731  2731 E AirableUIHelper:  Airable ENV_AirableBaseURL_ID Envitem returned failed!!!
04-09 10:13:03.045  2731  2731 E AirableUIHelper:  Airable ENV_AirableSecret_ID Envitem returned failed!!!
04-09 10:13:03.045  2731  2731 E AirableUIHelper: Airable Secret =  
04-09 10:13:03.045  2730  2748 E MB_HANDLER: HOST present 1
04-09 10:13:03.046  2737  2737 E dhcpcd  : eth0: interface not found or invalid
04-09 10:13:03.049  2733  2743 E WifiUtil: command: "SCAN" failed: FAIL-BUSY
04-09 10:13:03.054  2730  2748 E MB_HANDLER:  REGISTERED YANI LISTENER IN MessageBoxHandler
04-09 10:13:03.056  2730  2748 E         : External Host present 1
04-09 10:13:03.056  2730  2748 E MB_HANDLER: REGISTERED ExternalSource IN MessageBoxHandler
04-09 10:13:03.057  2731  2731 I UIModeManager: RegisterModeControl Mode - PlayMode ModeControl - 0xabe31c30
04-09 10:13:03.058  2731  2731 I ServiceManager: Waiting for service media.player...
04-09 10:13:03.062  2737  2737 D dhcpcd  : wlan0: adding address fe80::ce90:93ff:fe21:f384
04-09 10:13:03.066  2730  2748 E MB_HANDLER: Check Device Support ENV_CastSetup true ENV_GoogleCast_ID true 
04-09 10:13:03.066  2714  2714 I lucitransport: readRemoteMessage() MID char = 43689 buffer = 1
04-09 10:13:03.066  2714  2714 I lucitransport: writeRemoteMessage() MID = 43690 buffer = ªªªªª
04-09 10:13:03.066  2714  2714 I luciUART: write() MID = 43690  bytes = 15 data = ªªªªª m_fd = 0x5
04-09 10:13:03.066  2730  2748 E MB_HANDLER: LUCI UART READY MSG!!
04-09 10:13:03.067  2730  2748 E MB_HANDLER: Set Default Network Status on Bootup 0#1,0#2,0#3,0#4,0!
04-09 10:13:03.067  2714  2714 I lucitransport: writeRemoteMessage() MID = 124 buffer = 0#1,0#2,0#3,0#4,0
04-09 10:13:03.067  2714  2714 I luciUART: write() MID = 124  bytes = 27 data = 0#1,0#2,0#3,0#4,0 m_fd = 0x5
04-09 10:13:03.068  2714  2714 I lucitransport: readRemoteMessage() MID char = 43689 buffer = 1
04-09 10:13:03.068  2714  2714 I lucitransport: readRemoteMessage() MID char = 38 buffer = (null)
04-09 10:13:03.069  2714  2714 I lucitransport: readRemoteMessage() MID char = 35 buffer = 0
04-09 10:13:03.069  2730  2748 E MB_HANDLER: connected_cnt =0
04-09 10:13:03.070  2730  2748 E MB_HANDLER: boot_after_factory : 1
04-09 10:13:03.073  2730  2748 I MB_HANDLER: Env Details: LS-Host '1' Cast-Setup 'true'
04-09 10:13:03.074  2730  2748 E MB_HANDLER: Message Handler Thread waiting for messages....
04-09 10:13:03.076  2714  2722 E luciUART: UART:aa
04-09 10:13:03.076  2714  2722 E luciUART: UART:aa
04-09 10:13:03.076  2714  2722 E luciUART: UART:2
04-09 10:13:03.076  2714  2722 E luciUART: UART:0
04-09 10:13:03.076  2714  2722 E luciUART: UART:9
04-09 10:13:03.076  2714  2722 E luciUART: UART:0
04-09 10:13:03.076  2714  2722 I chatty  : uid=0(root) UARTLUCIControl identical 2 lines
04-09 10:13:03.076  2714  2722 E luciUART: UART:0
04-09 10:13:03.077  2714  2722 E luciUART: UART:1
04-09 10:13:03.077  2714  2722 I luciUART: read() RemoteID = 43690 Command = 9 Type = 2 Status = 0 DataLen = 1
04-09 10:13:03.077  2714  2722 E luciUART: Error: full data not available yet! readBytes 0
04-09 10:13:03.077  2714  2722 I luciUART: Previous Packet read contd., 
04-09 10:13:03.077  2714  2722 E luciUART: UART:31
04-09 10:13:03.077  2714  2722 E luciUART: UART:aa
04-09 10:13:03.077  2714  2722 E luciUART: UART:aa
04-09 10:13:03.077  2714  2723 E LUCI_SERVER: Luci Server Thread wait over MID 9....
04-09 10:13:03.077  2714  2722 E luciUART: UART:1
04-09 10:13:03.077  2714  2722 E luciUART: UART:0
04-09 10:13:03.077  2714  2722 E luciUART: UART:7c
04-09 10:13:03.077  2714  2723 I luciUART: write() MID = 9  bytes = 10 data =  m_fd = 0x5
04-09 10:13:03.077  2714  2722 E luciUART: UART:0
04-09 10:13:03.077  2714  2723 E LUCI_SERVER: Luci Server Thread waiting for packets....
04-09 10:13:03.077  2714  2722 E luciUART: UART:0
04-09 10:13:03.077  2714  2722 I chatty  : uid=0(root) UARTLUCIControl identical 1 line
04-09 10:13:03.077  2714  2722 E luciUART: UART:0
04-09 10:13:03.078  2714  2722 E luciUART: UART:f
04-09 10:13:03.078  2714  2722 I luciUART: read() RemoteID = 43690 Command = 208 Type = 2 Status = 0 DataLen = 15
04-09 10:13:03.078  2714  2722 E luciUART: Error: full data not available yet! readBytes 0
04-09 10:13:03.098  2730  2748 E MB_HANDLER: MacAddress :CC:90:93:21:F3:84
04-09 10:13:03.098  2714  2714 I lucitransport: writeRemoteMessage() MID = 91 buffer = CC:90:93:21:F3:84
04-09 10:13:03.098  2714  2714 I luciUART: write() MID = 91  bytes = 27 data = CC:90:93:21:F3:84 m_fd = 0x5
04-09 10:13:03.099  2730  2748 E MB_HANDLER: Message Handler Thread waiting for messages....
04-09 10:13:03.100  2714  2722 E luciUART: UART:aa
04-09 10:13:03.100  2714  2722 E luciUART: UART:aa
04-09 10:13:03.100  2714  2722 E luciUART: UART:2
04-09 10:13:03.100  2714  2722 E luciUART: UART:0
04-09 10:13:03.100  2714  2722 E luciUART: UART:d0
04-09 10:13:03.100  2714  2722 E luciUART: UART:0
04-09 10:13:03.100  2714  2722 I chatty  : uid=0(root) UARTLUCIControl identical 1 line
04-09 10:13:03.100  2714  2722 E luciUART: UART:0
04-09 10:13:03.111  2714  2722 E luciUART: UART:aa
04-09 10:13:03.111  2714  2722 E luciUART: UART:aa
04-09 10:13:03.111  2714  2722 E luciUART: UART:2
04-09 10:13:03.111  2714  2722 E luciUART: UART:0
04-09 10:13:03.111  2714  2722 E luciUART: UART:d0
04-09 10:13:03.111  2714  2722 E luciUART: UART:0
04-09 10:13:03.111  2714  2722 I chatty  : uid=0(root) UARTLUCIControl identical 2 lines
04-09 10:13:03.112  2714  2722 E luciUART: UART:0
04-09 10:13:03.112  2714  2722 E luciUART: UART:13
04-09 10:13:03.112  2714  2722 I luciUART: read() RemoteID = 43690 Command = 208 Type = 2 Status = 0 DataLen = 19
04-09 10:13:03.112  2714  2722 E luciUART: Error: full data not available yet! readBytes 0
04-09 10:13:03.112  2714  2722 I luciUART: Previous Packet read contd., 
04-09 10:13:03.112  2714  2722 E luciUART: UART:52
04-09 10:13:03.112  2714  2722 I luciUART: Previous Packet read contd., 
04-09 10:13:03.112  2714  2722 E luciUART: UART:45
04-09 10:13:03.112  2714  2722 I luciUART: Previous Packet read contd., 
04-09 10:13:03.112  2714  2722 E luciUART: UART:41
04-09 10:13:03.112  2714  2722 I luciUART: Previous Packet read contd., 
04-09 10:13:03.112  2714  2722 E luciUART: UART:44
04-09 10:13:03.112  2714  2722 I luciUART: Previous Packet read contd., 
04-09 10:13:03.112  2714  2722 E luciUART: UART:5f
04-09 10:13:03.112  2714  2722 I luciUART: Previous Packet read contd., 
04-09 10:13:03.112  2714  2722 E luciUART: UART:66
04-09 10:13:03.112  2714  2722 I luciUART: Previous Packet read contd., 
04-09 10:13:03.112  2714  2722 E luciUART: UART:77
04-09 10:13:03.112  2714  2722 I luciUART: Previous Packet read contd., 
04-09 10:13:03.112  2714  2722 E luciUART: UART:64
04-09 10:13:03.112  2714  2722 I luciUART: Previous Packet read contd., 
04-09 10:13:03.112  2714  2722 E luciUART: UART:6f
04-09 10:13:03.112  2714  2722 I luciUART: Previous Packet read contd., 
04-09 10:13:03.112  2714  2722 E luciUART: UART:77
04-09 10:13:03.112  2714  2722 I luciUART: Previous Packet read contd., 
04-09 10:13:03.112  2714  2722 E luciUART: UART:6e
04-09 10:13:03.113  2714  2722 E luciUART: UART:6c
04-09 10:13:03.113  2714  2722 I luciUART: Previous Packet read contd., 
04-09 10:13:03.113  2714  2722 E luciUART: UART:6f
04-09 10:13:03.113  2714  2722 I luciUART: Previous Packet read contd., 
04-09 10:13:03.113  2714  2722 E luciUART: UART:61
04-09 10:13:03.113  2714  2722 I luciUART: Previous Packet read contd., 
04-09 10:13:03.113  2714  2722 E luciUART: UART:64
04-09 10:13:03.113  2714  2722 I luciUART: Previous Packet read contd., 
04-09 10:13:03.113  2714  2722 E luciUART: UART:5f
04-09 10:13:03.113  2714  2722 I luciUART: Previous Packet read contd., 
04-09 10:13:03.116  2736  2759 I bt_osi_thread: run_thread: thread id 2759, thread name stack_manager started
04-09 10:13:03.116  2736  2759 I bt_stack_manager: event_init_stack is initializing the stack
04-09 10:13:03.121  2736  2759 E bt_osi_config: config_new unable to open file '/data/misc/bluedroid/bt_config.conf': No such file or directory
04-09 10:13:03.121  2736  2759 W bt_btif_config: init unable to load config file: /data/misc/bluedroid/bt_config.conf; using backup.
04-09 10:13:03.121  2736  2759 E bt_osi_config: config_new unable to open file '/data/misc/bluedroid/bt_config.bak': No such file or directory
04-09 10:13:03.121  2736  2759 W bt_btif_config: init unable to load backup; attempting to transcode legacy file.
04-09 10:13:03.123  2736  2759 E bt_btif_config_transcode: btif_config_transcode unable to load XML file '/data/misc/bluedroid/bt_config.xml': 3
04-09 10:13:03.123  2736  2759 E bt_btif_config: init unable to transcode legacy file; creating empty config.
04-09 10:13:03.127  2736  2762 I bt_osi_thread: run_thread: thread id 2762, thread name alarm_default_ca started
04-09 10:13:03.127  2736  2763 I bt_osi_thread: run_thread: thread id 2763, thread name alarm_dispatcher started
04-09 10:13:03.130  2736  2759 I bt_btif_core: btif_init_bluetooth entered
04-09 10:13:03.133  2736  2759 I bt_stack_config: init attempt to load stack conf from /etc/bluetooth/bt_stack.conf
04-09 10:13:03.135  2736  2766 I bt_osi_thread: run_thread: thread id 2766, thread name bt_jni_workqueue started
04-09 10:13:03.135  2736  2759 I bt_btif_core: btif_init_bluetooth finished
04-09 10:13:03.135  2736  2759 I bt_stack_manager: event_init_stack finished
04-09 10:13:03.140  2736  2736 I bt_osi_wakelock: wakelock_set_os_callouts set to non-native
04-09 10:13:03.142  2736  2736 I bt_btif : get_profile_interface: id = gatt
04-09 10:13:03.145  2733  2744 E CommandListener: Message not handled: unrecognized interface usb0
04-09 10:13:03.145  2733  2744 W FrameworkListener: Handler 'Iface' error (Success)
04-09 10:13:03.145  2733  2744 E CommandListener: Message not handled: unrecognized interface usb0
04-09 10:13:03.145  2733  2744 W FrameworkListener: Handler 'Iface' error (Success)
04-09 10:13:03.147  2736  2736 I bt_btif : get_profile_interface: id = a2dp
04-09 10:13:03.150  2736  2736 I bt_btif : get_profile_interface: id = a2dp_sink
04-09 10:13:03.150  2736  2766 I bt_btif_core: run_message_loop entered
04-09 10:13:03.155  2733  2744 E CommandListener: Message not handled: unrecognized interface usb0
04-09 10:13:03.155  2733  2744 W FrameworkListener: Handler 'Iface' error (Success)
04-09 10:13:03.155  2733  2744 E CommandListener: Message not handled: unrecognized interface usb0
04-09 10:13:03.155  2733  2744 W FrameworkListener: Handler 'Iface' error (Success)
04-09 10:13:03.155  2733  2744 E CommandListener: Message not handled: unrecognized interface usb0
04-09 10:13:03.155  2733  2744 W FrameworkListener: Handler 'Iface' error (Success)
04-09 10:13:03.155  2733  2744 E CommandListener: Message not handled: unrecognized interface usb0
04-09 10:13:03.155  2733  2744 W FrameworkListener: Handler 'Iface' error (Success)
04-09 10:13:03.156  2736  2774 I bt_osi_thread: run_thread: thread id 2774, thread name btif_a2dp_sink_w started
04-09 10:13:03.159  2736  2736 D a2dp_codec: init
04-09 10:13:03.160  2736  2736 D a2dp_codec: createCodec: codec SBC
04-09 10:13:03.164  2736  2736 D a2dp_codec: createCodec: codec AAC
04-09 10:13:03.166  2736  2736 D a2dp_codec: createCodec: codec aptX
04-09 10:13:03.166  2736  2736 E a2dp_vendor_aptx_encoder: A2DP_VendorLoadEncoderAptx: cannot open aptX encoder library libaptX_encoder.so: libaptX_encoder.so: cannot open shared object file: No such file or directory
04-09 10:13:03.166  2736  2736 E a2dp_vendor_aptx: init: cannot load the encoder
04-09 10:13:03.166  2736  2736 D a2dp_codec: createCodec: codec aptX-HD
04-09 10:13:03.167  2736  2736 E a2dp_vendor_aptx_hd_encoder: A2DP_VendorLoadEncoderAptxHd: cannot open aptX-HD encoder library libaptXHD_encoder.so: libaptXHD_encoder.so: cannot open shared object file: No such file or directory
04-09 10:13:03.167  2736  2736 E a2dp_vendor_aptx_hd: init: cannot load the encoder
04-09 10:13:03.168  2736  2736 D a2dp_codec: createCodec: codec LDAC
04-09 10:13:03.168  2736  2736 E a2dp_vendor_ldac_encoder: A2DP_VendorLoadEncoderLdac: cannot open LDAC encoder library libldacBT_enc.so: libldacBT_enc.so: cannot open shared object file: No such file or directory
04-09 10:13:03.168  2736  2736 E a2dp_vendor_ldac: init: cannot load the encoder
04-09 10:13:03.168  2736  2736 D a2dp_codec: createCodec: codec SBC SINK
04-09 10:13:03.168  2736  2736 D a2dp_codec: createCodec: codec AAC SINK
04-09 10:13:03.168  2736  2736 I a2dp_codec: init: initialized Source codec AAC
04-09 10:13:03.168  2736  2736 I a2dp_codec: init: initialized Source codec SBC
04-09 10:13:03.168  2736  2736 I a2dp_codec: init: initialized Sink codec AAC(Sink)
04-09 10:13:03.168  2736  2736 I a2dp_codec: init: initialized Sink codec SBC(Sink)
04-09 10:13:03.168  2736  2736 W bt_btif : ## ON A2DP IDLE ## peer_sep = 0
04-09 10:13:03.169  2736  2736 I bt_btif : get_profile_interface: id = avrcp
04-09 10:13:03.169  2736  2736 I bt_btif : get_profile_interface: id = avrcp_ctrl
04-09 10:13:03.170  2736  2736 I bt_btif : get_profile_interface: id = hidhost
04-09 10:13:03.218  2784  2784 I dnsmasq : started, version 2.51 cachesize 150
04-09 10:13:03.219  2784  2784 I dnsmasq : compile time options: no-IPv6 GNU-getopt no-DBus no-I18N DHCP no-scripts no-TFTP
04-09 10:13:03.219  2784  2784 I dnsmasq : DHCP, IP range 192.168.10.3 -- 192.168.10.10, lease time 12h
04-09 10:13:03.221  2784  2784 I dnsmasq : reading /etc/resolv.conf
04-09 10:13:03.221  2784  2784 I dnsmasq : using nameserver 8.8.8.8#53
04-09 10:13:03.221  2784  2784 I dnsmasq : read /etc/hosts - 1 addresses
04-09 10:13:03.224  2736  2736 I bluetoothtbd: [0408/214303.224105:INFO:daemon.cc(168)] Daemon initialized
04-09 10:13:03.226  2736  2736 I bt_btif : enable: start restricted = 0
04-09 10:13:03.226  2736  2759 I bt_stack_manager: event_start_up_stack is bringing up the stack
04-09 10:13:03.226  2736  2759 I bt_core_module: module_start_up Starting module "btif_config_module"
04-09 10:13:03.226  2736  2759 I bt_core_module: module_start_up Started module "btif_config_module"
04-09 10:13:03.226  2736  2759 I bt_core_module: module_start_up Starting module "btsnoop_module"
04-09 10:13:03.226  2736  2759 I bt_core_module: module_start_up Started module "btsnoop_module"
04-09 10:13:03.229  2736  2759 I bt_core_module: module_start_up Starting module "hci_module"
04-09 10:13:03.229  2736  2759 I bt_hci  : hci_module_start_up
04-09 10:13:03.230  2736  2786 I bt_osi_thread: run_thread: thread id 2786, thread name hci_thread started
04-09 10:13:03.232  2736  2786 I bluetoothtbd: [0408/214303.232564:INFO:hci_layer_linux.cc(172)] hci_initialize
04-09 10:13:03.232  2736  2786 I bluetoothtbd: [0408/214303.232757:INFO:hci_layer_linux.cc(184)] Using interface hci0
04-09 10:13:03.232  2736  2786 I bluetoothtbd: [0408/214303.232818:INFO:hci_layer_linux.cc(378)] rfkill
04-09 10:13:03.233  2736  2759 D bt_hci  : hci_module_start_up starting async portion
04-09 10:13:03.255  2737  2737 D dhcpcd  : no interfaces have a carrier
04-09 10:13:03.256  2737  2737 D dhcpcd  : wlan0: waiting for carrier
04-09 10:13:03.578  2733  2744 E CommandListener: Message not handled: unrecognized interface usb0
04-09 10:13:03.578  2733  2744 W FrameworkListener: Handler 'Iface' error (Success)
04-09 10:13:03.648  2736  2786 I bluetoothtbd: [0408/214303.648511:INFO:hci_layer_linux.cc(295)] wait_hcidev
04-09 10:13:03.648  2736  2786 I bluetoothtbd: [0408/214303.648784:INFO:hci_layer_linux.cc(332)] Do poll() with timeout of 3000ms
04-09 10:13:03.650  2736  2786 I bluetoothtbd: [0408/214303.650344:INFO:hci_layer_linux.cc(228)] HCI device ready
04-09 10:13:03.650  2736  2786 I bt_hci  : event_finish_startup
04-09 10:13:03.650  2736  2759 I bt_core_module: module_start_up Started module "hci_module"
04-09 10:13:03.652  2736  2812 I bt_osi_thread: run_thread: thread id 2812, thread name bt_workqueue started
04-09 10:13:03.653  2736  2812 I bluetoothtbd: [0408/214303.653347:INFO:btu_task.cc(107)] Bluetooth chip preload is complete
04-09 10:13:03.659  2736  2812 I         : No vendor HCI socket available. Won't create SocketWriter.
04-09 10:13:03.668  2736  2812 I bluetoothtbd: [0408/214303.668012:INFO:gatt_api.cc(1005)] GATT_Register
04-09 10:13:03.669  2736  2812 I bluetoothtbd: [0408/214303.669736:INFO:gatt_api.cc(1028)] allocated gatt_if=1
04-09 10:13:03.671  2736  2812 I bluetoothtbd: [0408/214303.671289:INFO:gatt_api.cc(207)] GATTS_AddService
04-09 10:13:03.672  2736  2812 I bluetoothtbd: [0408/214303.672343:INFO:gatt_api.cc(317)] GATTS_AddService: service parsed correctly, now starting
04-09 10:13:03.673  2736  2812 E bluetoothtbd: [0408/214303.673266:ERROR:gatt_attr.cc(302)] gatt_profile_db_init:  gatt_if=1
04-09 10:13:03.680  2736  2812 I bluetoothtbd: [0408/214303.680319:INFO:gatt_api.cc(1005)] GATT_Register
04-09 10:13:03.680  2736  2812 I bluetoothtbd: [0408/214303.680514:INFO:gatt_api.cc(1028)] allocated gatt_if=2
04-09 10:13:03.680  2736  2812 I bluetoothtbd: [0408/214303.680566:INFO:gatt_api.cc(207)] GATTS_AddService
04-09 10:13:03.680  2736  2812 I bluetoothtbd: [0408/214303.680619:INFO:gatt_api.cc(317)] GATTS_AddService: service parsed correctly, now starting
04-09 10:13:03.744  2736  2814 I bt_osi_thread: run_thread: thread id 2814, thread name module_wrapper started
04-09 10:13:03.744  2736  2814 I bt_core_module: module_start_up Starting module "controller_module"
04-09 10:13:03.752  2713  2725 I yani_server: ifindexeth0 0 ifindexwlan0 5 ifindexp2p0 6 ifindexwlan1 0
04-09 10:13:03.753  2713  2725 I yani_server: NetLink Event '-1' Interface-Index '5' WLAN '0' Ethernet '-1' Parsed-iFill '-1' -> 'INVALID' ifIndex '1' -> 'lo'
04-09 10:13:03.753  2713  2725 I yani_kernel: yani_geteventfrom_changeaddr() Message-Id '1' Netlink event '16' Interface Index '5' -> Name 'wlan0' 
04-09 10:13:03.754  2713  2725 I yani_kernel: yani_geteventfrom_changeaddr() Message-Id '1' Netlink event '16' Interface Index '9' -> Name 'usb0' 
04-09 10:13:03.755  2713  2725 I yani_kernel: yani_geteventfrom_changeaddr() Message-Id '1' Netlink event '16' Interface Index '9' -> Name 'usb0' 
04-09 10:13:03.756  2713  2725 I yani_kernel: yani_geteventfrom_changeaddr() Message-Id '1' Netlink event '20' Interface Index '9' -> Name 'usb0' 
04-09 10:13:03.757  2713  2725 I yani_kernel: yani_geteventfrom_changeaddr() Message-Id '1' Netlink event '16' Interface Index '9' -> Name 'usb0' 
04-09 10:13:03.758  2713  2725 I yani_kernel: yani_geteventfrom_changeaddr() Message-Id '1' Netlink event '21' Interface Index '9' -> Name 'usb0' 
04-09 10:13:03.759  2713  2725 I yani_kernel: yani_geteventfrom_changeaddr() Message-Id '1' Netlink event '20' Interface Index '9' -> Name 'usb0' 
04-09 10:13:03.760  2713  2725 I yani_kernel: yani_geteventfrom_changeaddr() Message-Id '1' Netlink event '16' Interface Index '9' -> Name 'usb0' 
04-09 10:13:03.923  2736  2814 I bt_core_module: module_start_up Started module "controller_module"
04-09 10:13:03.924  2736  2814 W bt_osi_thread: run_thread: thread id 2814, thread name module_wrapper exited
04-09 10:13:03.927  2736  2812 W bt_btm  : btm_decode_ext_features_page: feature page 1 ignored
04-09 10:13:03.927  2736  2812 W bt_btm  : btm_decode_ext_features_page: feature page 2 ignored
04-09 10:13:03.928  2736  2813 I bt_btm_sec: BTM_SecRegister p_cb_info->p_le_callback == 0x0xf6e2ab99
04-09 10:13:03.929  2736  2813 I bt_btm_sec: BTM_SecRegister btm_cb.api.p_le_callback = 0x0xf6e2ab99 
04-09 10:13:03.931  2736  2813 I bluetoothtbd: [0408/214303.931372:INFO:ble_advertiser_hci_interface.cc(736)] Legacy advertising will be in use
04-09 10:13:03.933  2736  2813 I bluetoothtbd: [0408/214303.933834:INFO:gatt_api.cc(1005)] GATT_Register
04-09 10:13:03.934  2736  2813 I bluetoothtbd: [0408/214303.933985:INFO:gatt_api.cc(1028)] allocated gatt_if=3
04-09 10:13:03.952  2736  2813 I bt_bta_av: AVRCP version used for sdp: "avrcp14"
04-09 10:13:03.956  2736  2766 E bt_btif_storage: btif_storage_get_adapter_property: Controller ready!
04-09 10:13:03.956  2736  2766 I bt_btif_storage: btif_storage_get_adapter_property service_mask:0x40000
04-09 10:13:03.957  2736  2766 I bluetoothtbd: [0408/214303.957456:INFO:adapter.cc(551)] Adapter properties changed
04-09 10:13:03.957  2736  2766 I bluetoothtbd: [0408/214303.957562:INFO:adapter.cc(564)] Adapter address changed: CC:90:93:21:F3:85
04-09 10:13:03.957  2736  2766 I bluetoothtbd: [0408/214303.957616:INFO:adapter.cc(573)] Adapter name changed
04-09 10:13:03.958  2736  2766 I bt_btif_core: btif_enable_bluetooth_evt entered: status 0
04-09 10:13:03.958  2736  2766 W bt_btif : btif_enable_bluetooth_evt: Saving the Adapter Address
04-09 10:13:03.958  2736  2766 I bluetoothtbd: [0408/214303.958345:INFO:adapter.cc(551)] Adapter properties changed
04-09 10:13:03.958  2736  2766 I bluetoothtbd: [0408/214303.958395:INFO:adapter.cc(564)] Adapter address changed: CC:90:93:21:F3:85
04-09 10:13:03.958  2736  2766 D bt_hci  : do_postload posting postload work item
04-09 10:13:03.963  2736  2855 I bt_osi_thread: run_thread: thread id 2855, thread name btif_sock started
04-09 10:13:03.966  2736  2766 D bt_bte_conf: Device ID record 1 : primary
04-09 10:13:03.966  2736  2766 D bt_bte_conf:   vendorId            = 000f
04-09 10:13:03.966  2736  2766 D bt_bte_conf:   vendorIdSource      = 0001
04-09 10:13:03.966  2736  2766 D bt_bte_conf:   product             = 1200
04-09 10:13:03.966  2736  2766 D bt_bte_conf:   version             = 1436
04-09 10:13:03.966  2736  2766 D bt_bte_conf:   clientExecutableURL = 
04-09 10:13:03.966  2736  2766 D bt_bte_conf:   serviceDescription  = 
04-09 10:13:03.966  2736  2766 D bt_bte_conf:   documentationURL    = 
04-09 10:13:03.966  2736  2766 D bt_bte_conf: bte_load_did_conf no section named DID2.
04-09 10:13:03.966  2736  2766 I bt_btif_core: btif_enable_bluetooth_evt finished
04-09 10:13:03.966  2736  2759 I bt_stack_manager: event_start_up_stack finished
04-09 10:13:03.967  2736  2766 I bluetoothtbd: [0408/214303.967691:INFO:adapter.cc(529)] Adapter state changed: BT_STATE_ON
04-09 10:13:04.058  2731  2731 I ServiceManager: Waiting for service media.player...
04-09 10:13:04.156  2713  2725 I yani_kernel: yani_geteventfrom_changeaddr() Message-Id '1' Netlink event '16' Interface Index '9' -> Name 'usb0' 
04-09 10:13:04.157  2733  2744 E CommandListener: Message not handled: unrecognized interface usb0
04-09 10:13:04.157  2733  2744 W FrameworkListener: Handler 'Iface' error (Success)
04-09 10:13:05.049  2733  2743 E WifiUtil: command: "SCAN" failed: FAIL-BUSY
04-09 10:13:05.059  2731  2731 I ServiceManager: Waiting for service media.player...
04-09 10:13:05.180  2733  2744 E CommandListener: Message not handled: unrecognized interface usb0
04-09 10:13:05.180  2733  2744 W FrameworkListener: Handler 'Iface' error (Success)
04-09 10:13:05.348  2713  2725 I yani_kernel: yani_geteventfrom_changeaddr() Message-Id '1' Netlink event '16' Interface Index '5' -> Name 'wlan0' 
04-09 10:13:05.355  2713  2725 I yani_server: NetLink Event '-1' Interface-Index '5' WLAN '-1' Ethernet '-1' Parsed-iFill '-1' -> 'INVALID' ifIndex '1' -> 'lo'
04-09 10:13:05.355  2713  2725 I yani_server: NetLink Event '-1' Interface-Index '5' WLAN '0' Ethernet '-1' Parsed-iFill '-1' -> 'INVALID' ifIndex '1' -> 'lo'
04-09 10:13:05.378  2713  2725 I chatty  : uid=0(root) YaniServer identical 24 lines
04-09 10:13:05.379  2713  2725 I yani_server: NetLink Event '-1' Interface-Index '5' WLAN '0' Ethernet '-1' Parsed-iFill '-1' -> 'INVALID' ifIndex '1' -> 'lo'
04-09 10:13:05.379  2713  2725 I yani_kernel: yani_geteventfrom_changeaddr() Message-Id '1' Netlink event '16' Interface Index '5' -> Name 'wlan0' 
04-09 10:13:05.970  2715  2715 I SourceSwitch: SourceSwitch() Host 1 initialized...
04-09 10:13:06.059  2731  2731 I ServiceManager: Waiting for service media.player...
04-09 10:13:06.163  2784  2784 I dnsmasq : DHCPDISCOVER(usb0) fe:e7:ab:a7:c8:24 
04-09 10:13:06.163  2784  2784 I dnsmasq : DHCPOFFER(usb0) 192.168.10.6 fe:e7:ab:a7:c8:24 
04-09 10:13:06.164  2784  2784 I dnsmasq : DHCPDISCOVER(usb0) fe:e7:ab:a7:c8:24 
04-09 10:13:06.164  2784  2784 I dnsmasq : DHCPOFFER(usb0) 192.168.10.6 fe:e7:ab:a7:c8:24 
04-09 10:13:06.167  2784  2784 I dnsmasq : DHCPREQUEST(usb0) 192.168.10.6 fe:e7:ab:a7:c8:24 
04-09 10:13:06.167  2784  2784 I dnsmasq : DHCPACK(usb0) 192.168.10.6 fe:e7:ab:a7:c8:24 
04-09 10:13:06.172  2784  2784 I dnsmasq : DHCPREQUEST(usb0) 192.168.10.6 fe:e7:ab:a7:c8:24 
04-09 10:13:06.172  2784  2784 I dnsmasq : DHCPACK(usb0) 192.168.10.6 fe:e7:ab:a7:c8:24 
04-09 10:13:06.975  2736  2766 E bt_osi_config: config_save unable to open dir '/data/misc/bluedroid': No such file or directory
04-09 10:13:07.051  2713  2725 I yani_server: NetLink Event '-1' Interface-Index '5' WLAN '-1' Ethernet '-1' Parsed-iFill '-1' -> 'INVALID' ifIndex '1' -> 'lo'
04-09 10:13:07.059  2731  2731 I ServiceManager: Waiting for service media.player...
04-09 10:13:08.036  2690  2690 I sh      : btaudioplayer: not found
04-09 10:13:08.062  2690  2690 I sh      : *** play mode control constructor end 
04-09 10:13:08.062  2731  2731 E BrowseModeControl: Read env failed
04-09 10:13:08.063  2731  2731 I UIModeManager: RegisterModeControl Mode - BrowseMode ModeControl - 0xabe34830
04-09 10:13:08.063  2731  2731 E DefaultBrowser: m_ItemsCount = 7 
