04-09 11:11:36.646  3095  3095 I cast_shell: [3098:3098:INFO:metrics_recorder.cc(282)] cast event: Cast.Assistant.Auth.FetchToken
04-09 11:11:36.646  3095  3095 I cast_shell: [3098:3444:INFO:chromium_http_connection.cc(436)] Creating a new chromium http url loader factory
04-09 11:11:36.646  3095  3095 I cast_shell: [3098:3098:INFO:metrics_recorder.cc(282)] cast event: Cloud.Transport.Https.Register.Out
04-09 11:11:36.934  2965  2975 D wac-main: Netlink event
04-09 11:11:36.934  2965  2975 E wac-main: Netlink event 16 Interface Index 5 
04-09 11:11:36.934  2965  2975 E wac-main: Enter poll and wait
04-09 11:11:36.934  2965  2975 D wac-main: Netlink event
04-09 11:11:36.934  2965  2975 E wac-main: Netlink event 16 Interface Index 5 
04-09 11:11:36.934  2965  2975 E wac-main: Enter poll and wait
04-09 11:11:36.941  2710  2722 I yani_server: NetLink Event '-1' Interface-Index '5' WLAN '0' Ethernet '-1' Parsed-iFill '-1' -> 'INVALID' ifIndex '1' -> 'lo'
04-09 11:11:36.947  2710  2722 I chatty  : uid=0(root) YaniServer identical 5 lines
04-09 11:11:36.948  2710  2722 I yani_server: NetLink Event '-1' Interface-Index '5' WLAN '0' Ethernet '-1' Parsed-iFill '-1' -> 'INVALID' ifIndex '1' -> 'lo'
04-09 11:11:36.950  2966  3174 I LibreCastControlDelegate: OnCastStatus() +++ Bedroom speaker 2:0xac106198:NOT_SETUP
04-09 11:11:36.950  2966  3174 I LibreCastControlDelegate: Device Build Number -> '1.52.272222'
04-09 11:11:36.950  2966  3174 I librecast: updateCastBuildVersion() Version 1.52.272222
04-09 11:11:36.950  2711  2718 I lucitransport: readRemoteMessage() MID char = 7 buffer = 1.52.272222
04-09 11:11:36.950  2966  3174 I LibreCastControlDelegate: Active Applications -> 0
04-09 11:11:36.950  2966  3174 I LibreCastControlDelegate: Current Cast State '2' -> 'NOT_SETUP'
04-09 11:11:36.950  2966  3174 I LibreCastControlDelegate: OnCastStatus() ---
04-09 11:11:36.951  2710  2722 I yani_server: NetLink Event '-1' Interface-Index '5' WLAN '0' Ethernet '-1' Parsed-iFill '-1' -> 'INVALID' ifIndex '1' -> 'lo'
04-09 11:11:36.952  2710  2722 I chatty  : uid=0(root) YaniServer identical 2 lines
04-09 11:11:36.953  2710  2722 I yani_server: NetLink Event '-1' Interface-Index '5' WLAN '0' Ethernet '-1' Parsed-iFill '-1' -> 'INVALID' ifIndex '1' -> 'lo'
04-09 11:11:36.953  2710  2722 I yani_kernel: yani_geteventfrom_changeaddr() Message-Id '1' Netlink event '16' Interface Index '5' -> Name 'wlan0' 
04-09 11:11:36.954  2710  2722 I yani_kernel: yani_geteventfrom_changeaddr() Message-Id '1' Netlink event '16' Interface Index '5' -> Name 'wlan0' 
04-09 11:11:36.963  3095  3095 I cast_shell: [3098:3098:INFO:robot_account_auth_manager.cc(525)] Got CAS response: 200
04-09 11:11:36.963  3095  3095 I cast_shell: [3098:3098:INFO:metrics_recorder.cc(282)] cast event: Cast.Assistant.AuthError.NOT_LINKED
04-09 11:11:36.963  3095  3095 I cast_shell: [3098:3098:INFO:robot_account_auth_manager.cc(776)] Current error: TOKEN_NOT_FETCHED, new error: NOT_LINKED
04-09 11:11:36.963  3095  3095 I cast_shell: [3098:3098:INFO:user_auth_impl.cc(207)] Notified all the observers of new auth tokens.
04-09 11:11:37.146  3095  3095 I cast_shell: [3098:3137:INFO:metrics_recorder.cc(282)] Record action: Setup.state.BLE
04-09 11:11:37.470  2972  3002 I otamanager: OTA:curl response code : 0	
04-09 11:11:37.470  2972  3002 I otamanager: http status code : 200
04-09 11:11:37.470  2972  3002 I otamanager: OTA: contentLen :187.000000
04-09 11:11:37.480  2972  3002 I otamanager: OTA: bytesDownloaded = 187 m_iHttpStatusCode = 200 
04-09 11:11:37.481  2972  3002 E otamanager: OTA:error string =  No update available
04-09 11:11:37.481  2690  2690 I sh      : }{
04-09 11:11:37.481  2690  2690 I sh      : 	"castVersion" : null,
04-09 11:11:37.481  2690  2690 I sh      : 	"crc" : null,
04-09 11:11:37.481  2690  2690 I sh      : 	"errorCode" : 1001,
04-09 11:11:37.481  2690  2690 I sh      : 	"errorString" : "No update available",
04-09 11:11:37.481  2690  2690 I sh      : 	"forceUpgrade" : true,
04-09 11:11:37.481  2690  2690 I sh      : 	"mcuOnlyUpdate" : false,
04-09 11:11:37.481  2690  2690 I sh      : 	"otapackage" : null,
04-09 11:11:37.481  2690  2690 I sh      : 	"url" : null,
04-09 11:11:37.481  2690  2690 I sh      : 	"version" : null
04-09 11:11:37.482  2972  3002 I otamanager: Firmware Update State Change from CheckUpdate to Idle
04-09 11:11:37.483  3095  3095 I cast_shell: [system_updater_dummy.cpp(132)] CheckUpdate 132 no new version
04-09 11:11:37.483  3095  3095 I cast_shell: [3098:3108:INFO:update_engine_client_with_system_updater.cc(226)] No system force update, error_code=0
04-09 11:11:31.553  2731  2748 I chatty  : uid=0(root) /bin/net_mgr identical 2 lines
04-09 11:11:31.617  2731  2748 I NetworkMonitor: turn off power-save
04-09 11:11:37.487  2731  2748 I HotspotManager: hotspot stop
04-09 11:11:37.487  2731  2748 I HotspotManager: stop dnsmasq
04-09 11:11:37.488  3178  3178 I dnsmasq : exiting on receipt of SIGTERM
04-09 11:11:37.492  3095  3095 I cast_shell: [3098:3137:INFO:setup_state.cc(261)] Setup state changed: SETUP_STATE_CONNECTED_WIFI_NOT_SAVED (61) -> SETUP_STATE_CONNECTED (60)
04-09 11:11:37.492  3095  3095 I cast_shell: [3098:3137:INFO:setup_manager_impl.cc(1019)] Setup discoverability is disabled
04-09 11:11:37.492  3095  3095 I cast_shell: [3098:3137:INFO:ble_setup_manager.cc(758)] Clearing setup read attributes
04-09 11:11:37.492  3095  3095 I cast_shell: [3098:3137:INFO:gatt_client_manager_impl.cc(202)] Enabling GATT client connectability
04-09 11:11:37.492  3095  3095 I cast_shell: [3098:3137:INFO:ble_setup_manager.cc(620)] Stopped Bluetooth service
04-09 11:11:37.506  3095  3095 I cast_shell: [3098:3098:INFO:application_config_manager_impl.cc(566)] Enabling virtual device 12cf4ae1-0c19-2522-5b48-9a4643d4c007
04-09 11:11:37.506  3095  3095 I cast_shell: [3098:3147:INFO:mdns_cast_service.cc(351)] Device discovery state is idle
04-09 11:11:37.508  2966  3174 I LibreCastControlDelegate: OnCastStatus() +++ Bedroom speaker 2:0xac106198:READY_TO_CAST
04-09 11:11:37.509  3095  3095 I cast_shell: [3098:3137:INFO:gatt_client_manager_impl.cc(202)] Enabling GATT client connectability
04-09 11:11:37.509  3095  3095 I chatty  : uid=1000(chrome) /bin/logwrapper identical 1 line
04-09 11:11:37.509  3095  3095 I cast_shell: [3098:3137:INFO:gatt_client_manager_impl.cc(202)] Enabling GATT client connectability
04-09 11:11:37.509  3095  3095 I cast_shell: [3098:3137:INFO:ble_setup_manager.cc(744)] Started Bluetooth service
04-09 11:11:37.509  2966  3174 I LibreCastControlDelegate: Cast Device Name -> 'Bedroom speaker 2'
04-09 11:11:37.509  2966  3174 I librecast: OldFriendlyName '' & New name change By Cast 'Bedroom speaker 2' isfirstbootup 56 m_updatedonebyluci 95
04-09 11:11:37.509  2966  3174 I librecast:  Difference in FriendlyName notify all  
04-09 11:11:37.509  2966  3174 I LibreCastControl: LibreCastControl_SetCastName()  name 'Bedroom speaker 2' RequestId '6' pCastControl 0xf4c00728
04-09 11:11:37.517  2711  2718 I lucitransport: readRemoteMessage() MID char = 7 buffer = 1.52.272222
04-09 11:11:37.517  2966  3174 I LibreCastControlDelegate: Active Applications -> 0
04-09 11:11:37.517  2966  3174 I LibreCastControlDelegate: Current Cast State '6' -> 'READY_TO_CAST'
04-09 11:11:37.517  2966  3174 I LibreCastControlDelegate: OnCastStatus() ---
04-09 11:11:37.520  2966  3174 I LibreCastControlDelegate: OnResponse() ReqeustID 6, error  0
04-09 11:11:37.522  2733  2763 I bluetoothtbd: [0408/224137.521963:INFO:adapter.cc(551)] Adapter properties changed
04-09 11:11:37.522  2733  2763 I bluetoothtbd: [0408/224137.522124:INFO:adapter.cc(573)] Adapter name changed
04-09 11:11:37.522  3095  3095 I cast_shell: [3098:3137:INFO:bluetooth_manager.cc(1232)] [PII] Set device name to 'Bedroom speaker 2'
04-09 11:11:37.526  3095  3095 I cast_shell: [3098:3098:INFO:device_info_impl.cc(1133)] SSDP Config ID is increased: id=6
04-09 11:11:37.526  3095  3095 I cast_shell: [3098:3098:INFO:ccs_manager_impl.cc(1842)] Postponing device name update while registering
04-09 11:11:37.527  2966  3174 I LibreCastControlDelegate: OnCastStatus() +++ Bedroom speaker 2:0xac106198:READY_TO_CAST
04-09 11:11:37.529  3095  3095 I cast_shell: [3098:3147:INFO:mdns_util.cc(102)] Defaulting mDNS capabilities for audio-only build
04-09 11:11:37.529  2966  3174 I LibreCastControlDelegate: Cast Device Name -> 'Bedroom speaker 2'
04-09 11:11:37.529  2966  3174 I librecast: OldFriendlyName '' & New name change By Cast 'Bedroom speaker 2' isfirstbootup 56 m_updatedonebyluci 95
04-09 11:11:37.529  2966  3174 I librecast:  Difference in FriendlyName notify all  
04-09 11:11:37.529  2966  3174 I LibreCastControl: LibreCastControl_SetCastName()  name 'Bedroom speaker 2' RequestId '7' pCastControl 0xf4c00728
04-09 11:11:37.529  2711  2718 I lucitransport: writeRemoteMessage() MID = 90 buffer = Bedroom speaker 2
04-09 11:11:37.529  2711  2718 I luciUART: write() MID = 90  bytes = 27 data = Bedroom speaker 2 m_fd = 0x5
04-09 11:11:37.530  2711  2718 I lucitransport: writeLocalMessage() MID = 90 buffer = Bedroom speaker 2
04-09 11:11:37.530  2966  3174 I LibreCastControlDelegate: Device Build Number -> '1.52.272222'
04-09 11:11:37.530  2966  3174 I librecast: updateCastBuildVersion() Version 1.52.272222
04-09 11:11:37.530  2711  2718 I lucitransport: readRemoteMessage() MID char = 7 buffer = 1.52.272222
04-09 11:11:37.540  3095  3095 I cast_shell: [3098:3098:INFO:device_info_impl.cc(1133)] SSDP Config ID is increased: id=7
04-09 11:11:37.541  3095  3095 I cast_shell: [3098:3098:INFO:ccs_manager_impl.cc(1842)] Postponing device name update while registering
04-09 11:11:37.541  3095  3095 I cast_shell: [3098:3147:INFO:mdns_util.cc(102)] Defaulting mDNS capabilities for audio-only build
04-09 11:11:37.541  3095  3095 I cast_shell: [3098:3098:INFO:mdns_manager_impl.cc(429)] Successfully updated service: type=_googlecast
04-09 11:11:37.541  3095  3095 I cast_shell: [3098:3098:INFO:virtual_device.cc(296)] Updated mDNS service for virtual device: id=12cf4ae1-0c19-2522-5b48-9a4643d4c007
04-09 11:11:37.542  2966  3174 I LibreCastControlDelegate: OnCastStatus() +++ Bedroom speaker 2:0xac106198:READY_TO_CAST
04-09 11:11:37.543  2966  3174 I LibreCastControlDelegate: Cast Device Name -> 'Bedroom speaker 2'
04-09 11:11:37.543  2966  3174 I librecast: OldFriendlyName '' & New name change By Cast 'Bedroom speaker 2' isfirstbootup 56 m_updatedonebyluci 95
04-09 11:11:37.543  2966  3174 I librecast:  Difference in FriendlyName notify all  
04-09 11:11:37.543  2966  3174 I LibreCastControl: LibreCastControl_SetCastName()  name 'Bedroom speaker 2' RequestId '8' pCastControl 0xf4c00728
04-09 11:11:37.543  2711  2718 I lucitransport: writeRemoteMessage() MID = 90 buffer = Bedroom speaker 2
04-09 11:11:37.543  2711  2718 I luciUART: write() MID = 90  bytes = 27 data = Bedroom speaker 2 m_fd = 0x5
04-09 11:11:37.544  2711  2718 I lucitransport: writeLocalMessage() MID = 90 buffer = Bedroom speaker 2
04-09 11:11:37.544  2966  3174 I LibreCastControlDelegate: Device Build Number -> '1.52.272222'
04-09 11:11:37.544  2966  3174 I librecast: updateCastBuildVersion() Version 1.52.272222
04-09 11:11:37.544  2711  2718 I lucitransport: readRemoteMessage() MID char = 7 buffer = 1.52.272222
04-09 11:11:37.544  2966  3174 I LibreCastControlDelegate: Active Applications -> 0
04-09 11:11:37.544  2966  3174 I LibreCastControlDelegate: Current Cast State '6' -> 'READY_TO_CAST'
04-09 11:11:37.544  2966  3174 I LibreCastControlDelegate: OnCastStatus() ---
04-09 11:11:37.546  2966  3174 I LibreCastControlDelegate: OnResponse() ReqeustID 8, error  0
04-09 11:11:37.547  2733  2763 I bluetoothtbd: [0408/224137.547584:INFO:adapter.cc(551)] Adapter properties changed
04-09 11:11:37.547  2733  2763 I bluetoothtbd: [0408/224137.547756:INFO:adapter.cc(573)] Adapter name changed
04-09 11:11:37.548  3095  3095 I cast_shell: [3098:3137:INFO:bluetooth_manager.cc(1232)] [PII] Set device name to 'Bedroom speaker 2'
04-09 11:11:37.550  2690  2690 I sh      : MessageBoxAlert() MID 90 
04-09 11:11:37.550  2690  2690 I sh      : MessageBoxChanged() MID '90'
04-09 11:11:37.550  2966  3029 I librecast: MessageBoxAlert() Msg = 90 remoteID = 16 
04-09 11:11:37.551  2711  2720 I lucitransport: readRemoteMessage() MID char = 90 buffer = Bedroom speaker 2
04-09 11:11:37.551  2966  3029 I LibreCastControl: LibreCastControl_SetCastName()  name 'Bedroom speaker 2' RequestId '9' pCastControl 0xf4c00728
04-09 11:11:37.551  2966  3029 E librecast: MessageBoxAlert() friendlyname Bedroom speaker 2
04-09 11:11:37.551  2966  3029 I LibreCastControl: MessageBoxAlert() messageBoxID 90
04-09 11:11:37.552  2968  3013 I airplayluci: MessageBoxAlert: MID 90
04-09 11:11:37.553  3095  3095 I cast_shell: [3098:3098:INFO:device_info_impl.cc(1133)] SSDP Config ID is increased: id=8
04-09 11:11:37.553  2968  3479 I airplay_v2_0_6: 2022-04-09 11:11:37.553759 [AirPlay] Deregistered Bonjour _airplay._tcp. for restart
04-09 11:11:37.554  2968  3479 I airplay_v2_0_6: 2022-04-09 11:11:37.554069 [AirPlay] Deregistered Bonjour _raop._tcp. for restart
04-09 11:11:37.556  2969  2995 E Spotify-Player: Change Spotify Device name
04-09 11:11:37.557  2966  3174 I LibreCastControlDelegate: OnResponse() ReqeustID 9, error  0
04-09 11:11:37.558  3095  3095 I cast_shell: [3098:3098:INFO:ccs_manager_impl.cc(1842)] Postponing device name update while registering
04-09 11:11:37.558  3095  3095 I cast_shell: [3098:3147:INFO:mdns_util.cc(102)] Defaulting mDNS capabilities for audio-only build
04-09 11:11:37.558  2711  2720 E LUCI_SERVER: Luci Server Thread wait over MID 90....
04-09 11:11:37.560  2733  2763 I bluetoothtbd: [0408/224137.560537:INFO:adapter.cc(551)] Adapter properties changed
04-09 11:11:37.560  2733  2763 I bluetoothtbd: [0408/224137.560650:INFO:adapter.cc(573)] Adapter name changed
04-09 11:11:37.561  3095  3095 I cast_shell: [3098:3098:INFO:device_info_impl.cc(1133)] SSDP Config ID is increased: id=9
04-09 11:11:37.567  2711  2711 I lucitransport: readRemoteMessage() MID char = 7 buffer = 1.52.272222
04-09 11:11:37.567  2966  3174 I LibreCastControlDelegate: Active Applications -> 0
04-09 11:11:37.567  2966  3174 I LibreCastControlDelegate: Current Cast State '6' -> 'READY_TO_CAST'
04-09 11:11:37.567  2966  3174 I LibreCastControlDelegate: OnCastStatus() ---
04-09 11:11:37.568  2966  3174 I LibreCastControlDelegate: OnCastStatus() +++ Bedroom speaker 2:0xac106198:READY_TO_CAST
04-09 11:11:37.569  2966  3174 I LibreCastControlDelegate: Cast Device Name -> 'Bedroom speaker 2'
04-09 11:11:37.569  2966  3174 I librecast: OldFriendlyName 'Bedroom speaker 2' & New name change By Cast 'Bedroom speaker 2' isfirstbootup 56 m_updatedonebyluci 0
04-09 11:11:37.569  2966  3174 I LibreCastControlDelegate: Device Build Number -> '1.52.272222'
04-09 11:11:37.569  2966  3174 I librecast: updateCastBuildVersion() Version 1.52.272222
04-09 11:11:37.569  2711  2711 I lucitransport: readRemoteMessage() MID char = 7 buffer = 1.52.272222
04-09 11:11:37.583  3095  3095 I cast_shell: [3098:3137:INFO:ble_setup.cc(789)] Missing required info for sign.
04-09 11:11:37.587  3095  3095 I cast_shell: [3098:3137:INFO:gatt_client_manager_impl.cc(202)] Enabling GATT client connectability
04-09 11:11:37.587  3095  3095 I cast_shell: [3098:3137:INFO:ble_setup.cc(915)] Sign related info completed, no future EurekaInfo need sign.
04-09 11:11:37.588  2965  2975 D wac-main: Netlink event
04-09 11:11:37.588  2965  2975 E wac-main: Netlink event 21 Interface Index 6 
04-09 11:11:37.588  2965  2975 E wac-main: Enter poll and wait
04-09 11:11:37.589  2710  2722 I yani_kernel: yani_geteventfrom_changeaddr() Message-Id '1' Netlink event '21' Interface Index '6' -> Name 'p2p0' 
04-09 11:11:37.591  2786  2786 I dnsmasq : reading /etc/resolv.conf
04-09 11:11:37.591  2786  2786 I dnsmasq : using nameserver 8.8.4.4#53
04-09 11:11:37.591  2786  2786 I dnsmasq : using nameserver 192.168.1.1#53
04-09 11:11:37.591  2786  2786 I dnsmasq : using nameserver 192.168.50.1#53
04-09 11:11:37.591  2786  2786 I dnsmasq : using nameserver 8.8.8.8#53
04-09 11:11:37.593  2731  2748 I HotspotManager: stop hostapd
04-09 11:11:37.597  2966  3029 I librecast: MessageBoxAlert() Msg = 90 remoteID = 16 
04-09 11:11:37.597  2711  2720 I lucitransport: readRemoteMessage() MID char = 90 buffer = Bedroom speaker 2
04-09 11:11:37.598  2966  3029 I LibreCastControl: LibreCastControl_SetCastName()  name 'Bedroom speaker 2' RequestId '10' pCastControl 0xf4c00728
04-09 11:11:37.598  2966  3029 E librecast: MessageBoxAlert() friendlyname Bedroom speaker 2
04-09 11:11:37.599  2690  2690 I sh      : MessageBoxAlert() MID 90 
04-09 11:11:37.599  2966  3029 I LibreCastControl: MessageBoxAlert() messageBoxID 90
04-09 11:11:37.599  2690  2690 I sh      : MessageBoxChanged() MID '90'
04-09 11:11:37.600  2968  3013 I airplayluci: MessageBoxAlert: MID 90
04-09 11:11:37.600  2969  2995 E Spotify-Player: Change Spotify Device name
04-09 11:11:37.607  2733  2763 I bluetoothtbd: [0408/224137.607762:INFO:adapter.cc(551)] Adapter properties changed
04-09 11:11:37.607  2733  2763 I bluetoothtbd: [0408/224137.607875:INFO:adapter.cc(573)] Adapter name changed
04-09 11:11:37.608  3095  3095 I cast_shell: [3098:3137:INFO:bluetooth_manager.cc(1232)] [PII] Set device name to 'Bedroom speaker 2'
04-09 11:11:37.609  2966  3174 I LibreCastControlDelegate: OnCastStatus() +++ Bedroom speaker 2:0xac106198:READY_TO_CAST
04-09 11:11:37.610  2711  2711 I lucitransport: writeRemoteMessage() MID = 124 buffer = 1#1,1#2,0#3,0#4,0
04-09 11:11:37.611  2711  2711 I luciUART: write() MID = 124  bytes = 27 data = 1#1,1#2,0#3,0#4,0 m_fd = 0x5
04-09 11:11:37.612  2729  2729 E AirableUIHelper: AirableUIHelper::YaniAlert  3 0 
04-09 11:11:37.612  2972  2985 I otamanager: YaniAlert() Interface 3 Status Down
04-09 11:11:37.613  2968  3013 I airplay-main: YaniAlert Interface 3 Status 0
04-09 11:11:37.618  2711  2719 E luciUART: UART:aa
04-09 11:11:37.619  2966  3174 I LibreCastControlDelegate: Cast Device Name -> 'Bedroom speaker 2'
04-09 11:11:37.619  2711  2719 E luciUART: UART:aa
04-09 11:11:37.619  2966  3174 I librecast: OldFriendlyName 'Bedroom speaker 2' & New name change By Cast 'Bedroom speaker 2' isfirstbootup 56 m_updatedonebyluci 0
04-09 11:11:37.619  2711  2719 E luciUART: UART:2
04-09 11:11:37.619  2966  3174 I LibreCastControlDelegate: Device Build Number -> '1.52.272222'
04-09 11:11:37.619  2966  3174 I librecast: updateCastBuildVersion() Version 1.52.272222
04-09 11:11:37.637  2965  2975 D wac-main: Netlink event
04-09 11:11:37.637  2965  2975 E wac-main: Netlink event 16 Interface Index 6 
04-09 11:11:37.637  2965  2975 E wac-main: p2p0 event Link Changed : 1003 
04-09 11:11:37.637  2965  2975 E wac-main: p2p0 Changed down
04-09 11:11:37.638  2965  2975 E wac-main: wlan0 IP : 192.168.1.145
04-09 11:11:37.638  2710  2722 I yani_kernel: yani_geteventfrom_changeaddr() Message-Id '1' Netlink event '16' Interface Index '6' -> Name 'p2p0' 
04-09 11:11:37.639  2965  2975 E wac-main: Enter poll and wait
04-09 11:11:37.650  2690  2690 I sh      : MessageBoxAlert() MID 90 
04-09 11:11:37.651  2690  2690 I sh      : MessageBoxChanged() MID '90'
04-09 11:11:37.651  2966  3029 I librecast: MessageBoxAlert() Msg = 90 remoteID = 16 
04-09 11:11:37.651  2711  2720 I lucitransport: readRemoteMessage() MID char = 90 buffer = Bedroom speaker 2
04-09 11:11:37.651  2966  3029 I LibreCastControl: LibreCastControl_SetCastName()  name 'Bedroom speaker 2' RequestId '11' pCastControl 0xf4c00728
04-09 11:11:37.651  2966  3029 E librecast: MessageBoxAlert() friendlyname Bedroom speaker 2
04-09 11:11:37.651  2966  3029 I LibreCastControl: MessageBoxAlert() messageBoxID 90
04-09 11:11:37.655  2733  2763 I bluetoothtbd: [0408/224137.655161:INFO:adapter.cc(551)] Adapter properties changed
04-09 11:11:37.655  2733  2763 I bluetoothtbd: [0408/224137.655460:INFO:adapter.cc(573)] Adapter name changed
04-09 11:11:37.666  3095  3095 I cast_shell: [3098:3098:INFO:device_info_impl.cc(1133)] SSDP Config ID is increased: id=11
04-09 11:11:37.667  3095  3095 I cast_shell: [3098:3098:INFO:ccs_manager_impl.cc(1842)] Postponing device name update while registering
04-09 11:11:37.667  3095  3095 I cast_shell: [3098:3147:INFO:mdns_util.cc(102)] Defaulting mDNS capabilities for audio-only build
04-09 11:11:37.667  2969  2996 E SPOTIFY : Device Name change new name = Bedroom speaker 2
04-09 11:11:37.667  2969  2996 E SPOTIFY : err = 0 
04-09 11:11:37.668  3095  3095 I cast_shell: [3098:3098:INFO:mdns_manager_impl.cc(429)] Successfully updated service: type=_googlecast
04-09 11:11:37.668  3095  3095 I cast_shell: [3098:3098:INFO:virtual_device.cc(296)] Updated mDNS service for virtual device: id=12cf4ae1-0c19-2522-5b48-9a4643d4c007
04-09 11:11:37.668  2966  3174 I LibreCastControlDelegate: OnCastStatus() +++ Bedroom speaker 2:0xac106198:READY_TO_CAST
04-09 11:11:37.673  2966  3174 I LibreCastControlDelegate: Cast Device Name -> 'Bedroom speaker 2'
04-09 11:11:37.673  2966  3174 I librecast: OldFriendlyName 'Bedroom speaker 2' & New name change By Cast 'Bedroom speaker 2' isfirstbootup 56 m_updatedonebyluci 0
04-09 11:11:37.674  2711  2711 I lucitransport: readRemoteMessage() MID char = 7 buffer = 1.52.272222
04-09 11:11:37.674  2966  3174 I LibreCastControlDelegate: Active Applications -> 0
04-09 11:11:37.674  2966  3174 I LibreCastControlDelegate: Current Cast State '6' -> 'READY_TO_CAST'
04-09 11:11:37.674  2966  3174 I LibreCastControlDelegate: OnCastStatus() ---
04-09 11:11:37.693  2731  2748 E WifiUtil: Setting interface p2p0 down.
04-09 11:11:37.694  2965  2975 D wac-main: Netlink event
04-09 11:11:37.694  2965  2975 E wac-main: Netlink event 16 Interface Index 6 
04-09 11:11:37.694  2965  2975 E wac-main: p2p0 event Link Changed : 1002 
04-09 11:11:37.695  2965  2975 E wac-main: Enter poll and wait
04-09 11:11:37.695  2710  2722 I yani_kernel: yani_geteventfrom_changeaddr() Message-Id '1' Netlink event '16' Interface Index '6' -> Name 'p2p0' 
04-09 11:11:38.182  3095  3095 I cast_shell: [3098:3137:INFO:metrics_recorder.cc(282)] Record action: Setup.state.BLE
04-09 11:11:38.584  3095  3095 I cast_shell: [3098:3137:INFO:ble_setup.cc(789)] Missing required info for sign.
04-09 11:11:38.588  3095  3095 I cast_shell: [3098:3137:INFO:gatt_client_manager_impl.cc(202)] Enabling GATT client connectability
04-09 11:11:38.588  3095  3095 I cast_shell: [3098:3137:INFO:ble_setup.cc(915)] Sign related info completed, no future EurekaInfo need sign.
04-09 11:11:38.742  3095  3095 I cast_shell: [3098:3148:INFO:metrics_recorder.cc(282)] Cast v2 action(socket_id=12cf4ae1-0c19-2522-5b48-9a4643d4c007.2): CastV2.Connection.Connect.In
04-09 11:11:38.747  3095  3095 I cast_shell: [3098:3098:INFO:cast_system_memory_pressure_evaluator.cc(179)] ConfigRelaxMemoryPressureThresholds, 0.1, 0.2
04-09 11:11:38.750  3095  3095 I cast_shell: [3506:3506:INFO:cast_content_renderer_client_internal.cc(83)] Render process started.
04-09 11:11:38.755  3095  3095 I cast_shell: [3098:3148:INFO:v2_transport.cc(458)] Added Cast V2 endpoint: id=839cd104-d92c-48b7-8bca-a55e7f3b2f3a, socket_factory_id=[PII](12cf4ae1-0c19-2522-5b48-9a4643d4c007)
04-09 11:11:38.756  3095  3095 I cast_shell: [3098:3137:INFO:setup_namespace_handler.cc(94)] Added a peer for setup namespace: 12cf4ae1-0c19-2522-5b48-9a4643d4c007.2:gms_cast_prober-1
04-09 11:11:38.757  3095  3095 I cast_shell: [3098:3098:INFO:application_manager_impl.cc(1417)] Starting background app: CC1AD845 (Default Media Receiver), session_id=839cd104-d92c-48b7-8bca-a55e7f3b2f3a
04-09 11:11:38.759  3095  3095 I cast_shell: [3098:3137:INFO:setup_state.cc(544)] EurekaInfoCalled: wifi_state=10, is_usable_ip_address=1, connected=1, is_initial_setup=0
04-09 11:11:38.763  3095  3095 I cast_shell: [3098:3098:INFO:cast_media_blocker.cc(43)] UpdatePlayingState media_loading_blocked=1 media_starting_blocked=0 suspended=1 controllable=0 paused_by_user=1
04-09 11:11:38.763  3095  3095 I cast_shell: [3098:3098:INFO:application_message_handler.cc(1747)] Scheduling IpcTimerCheck
04-09 11:11:38.763  3095  3095 I cast_shell: [3098:3098:INFO:application_manager_impl.cc(1565)] App starting: CC1AD845 (Default Media Receiver), session_id=839cd104-d92c-48b7-8bca-a55e7f3b2f3a
04-09 11:11:38.763  3095  3095 I cast_shell: [3098:3098:INFO:application_identification_settings.cc(410)] new ApplicationIdentificationSettings session_id: 839cd104-d92c-48b7-8bca-a55e7f3b2f3a app_id: CC1AD845 flags: 0 headers: 0
04-09 11:11:38.763  3095  3095 I cast_shell: [3098:3098:INFO:cast_media_blocker.cc(81)] MediaSessionInfoChanged media_loading_blocked=1 media_starting_blocked=0 is_suspended=1 is_controllable=0 paused_by_user=1
04-09 11:11:38.763  3095  3095 I cast_shell: [3098:3147:INFO:mdns_util.cc(102)] Defaulting mDNS capabilities for audio-only build
04-09 11:11:38.774  3095  3095 I cast_shell: [3098:3098:INFO:web_application.cc(817)] [839cd104] Supported bitstream audio codecs info: [codecs]None[spatial_rendering]None
04-09 11:11:38.776  3095  3095 I cast_shell: [3098:3098:INFO:cast_web_contents_impl.cc(242)] Load url: https://www.gstatic.com/cast/sdk/default_receiver/dogfood/app.html?skin=https://www.gstatic.com/eureka/player/0000/skins/cast/skin.css
04-09 11:11:38.777  3095  3095 I cast_shell: [3098:3098:INFO:cast_content_browser_client_internal.cc(975)] Disabling images support for application: CC1AD845
04-09 11:11:38.783  3095  3095 I cast_shell: [3098:3098:INFO:web_application.cc(991)] [839cd104] Page state changed: app=CC1AD845 page_state=LOADING
04-09 11:11:38.787  3095  3095 I cast_shell: [3098:3098:INFO:cast_renderer_oom_adj_manager.cc(82)] Registering renderer 3506
04-09 11:11:38.787  3095  3095 I cast_shell: [3098:3108:INFO:cast_renderer_oom_adj_manager.cc(90)] Adjusting OOM score for renderer(3506) to 400
04-09 11:11:38.787  3095  3095 I cast_shell: [3098:3098:INFO:web_application.cc(585)] [839cd104] Updating app visibility to hidden for background mode.
04-09 11:11:38.787  3095  3095 I cast_shell: [3098:3108:WARNING:cast_renderer_oom_adj_manager.cc(92)] OOM score adjustment failed for renderer(3506)
04-09 11:11:38.787  3095  3095 I cast_shell: [3098:3147:INFO:mdns_util.cc(102)] Defaulting mDNS capabilities for audio-only build
04-09 11:11:38.788  3095  3095 I cast_shell: [3098:3098:INFO:application_manager_impl.cc(1579)] App pending: CC1AD845 (Default Media Receiver), session_id=839cd104-d92c-48b7-8bca-a55e7f3b2f3a
04-09 11:11:38.788  3095  3095 I cast_shell: [3098:3098:INFO:mdns_util.cc(102)] Defaulting mDNS capabilities for audio-only build
04-09 11:11:38.788  3095  3095 I cast_shell: [3098:3098:INFO:mdns_util.cc(102)] Defaulting mDNS capabilities for audio-only build
04-09 11:11:38.799  3095  3095 I cast_shell: [3098:3148:INFO:v2_ssl_socket.cc(358)] Stop reading on pending closed socket
04-09 11:11:38.799  3095  3095 I cast_shell: [3098:3137:INFO:setup_namespace_handler.cc(104)] Removed a peer for setup namespace: 12cf4ae1-0c19-2522-5b48-9a4643d4c007.2:gms_cast_prober-1
04-09 11:11:38.824  3095  3095 I cast_shell: [3506:3506:INFO:media_playback_options.cc(70)] Render frame actions are blocked.
04-09 11:11:38.857  3095  3095 I cast_shell: [3506:3506:INFO:media_playback_options.cc(70)] Render frame actions are blocked.
04-09 11:11:38.858  3095  3095 I cast_shell: [3506:3506:INFO:media_caps.cc(24)] ScreenResolutionChanged resolution=0x0
04-09 11:11:38.859  3095  3095 I cast_shell: [3506:3506:INFO:media_caps.cc(54)] ScreenInfoChanged HDCP version=0 Supported EOTFs=0 DolbyVision flags=0 Screen size(mm): 0x0 cur mode HDR=0 cur mode DV=0
04-09 11:11:39.246  2733  2811 W bt_btif : bta_gattc_conn_cback() - cif=3 connected=0 conn_id=3 reason=0x0013
04-09 11:11:39.246  2733  2811 W bt_btif : bta_gattc_conn_cback() - cif=4 connected=0 conn_id=4 reason=0x0013
04-09 11:11:39.246  2733  2811 W bt_btif : bta_gattc_conn_cback() - cif=6 connected=0 conn_id=6 reason=0x0013
04-09 11:11:39.247  2733  2811 I bt_btm_sec: btm_sec_disconnected clearing pending flag handle:128 reason:19
04-09 11:11:39.248  2733  2763 W bt_btif : btif_av_move_idle: ACL Disconnected state 0 bd_addr=7e:99:2b:fb:b0:78 peer_bda=00:00:00:00:00:00
04-09 11:11:39.248  2733  2763 I bluetoothtbd: [0408/224139.248234:INFO:adapter.cc(719)] ACL state changed: 7E:99:2B:FB:B0:78 - connected: false
04-09 11:11:39.249  3095  3095 I cast_shell: [3098:3137:ERROR:bluetooth_v1_via_v2.cc(796)] Connection state changed. :78 false
04-09 11:11:39.518  3095  3095 I cast_shell: [3098:3147:INFO:mdns_app_filter.cc(1526)] MdnsAppFilter: Done announcing.
04-09 11:11:39.556  2968  3520 I airplay_v2_0_6: 2022-04-09 11:11:39.556183 [AirPlayDemo] AirPlayDemoServerCopyProperty Password is <<NULL>>
04-09 11:11:39.557  2711  2711 I lucitransport: readRemoteMessage() MID char = 90 buffer = Bedroom speaker 2
04-09 11:11:39.559  2968  3479 I airplay_v2_0_6: 2022-04-09 11:11:39.558913 [AirPlay] Registering Bonjour _airplay._tcp. port 7000
04-09 11:11:39.560  2968  3520 I airplay_v2_0_6: 2022-04-09 11:11:39.560684 [AirPlayDemo] AirPlayDemoServerCopyProperty Password is <<NULL>>
04-09 11:11:39.562  2968  3520 I airplay_v2_0_6: 2022-04-09 11:11:39.562384 [AirPlayDemo] AirPlayDemoServerCopyProperty Password is <<NULL>>
04-09 11:11:39.563  2711  2711 I lucitransport: readRemoteMessage() MID char = 90 buffer = Bedroom speaker 2
04-09 11:11:39.564  2968  3479 I airplay_v2_0_6: 2022-04-09 11:11:39.564746 [AirPlay] Registering Bonjour CC909321F384@Bedroom speaker 2._raop._tcp. port 7000
04-09 11:11:39.589  3095  3095 I cast_shell: [3506:3506:INFO:cast_content_client.cc(103)] Active URL: https://www.gstatic.com/cast/sdk/default_receiver/dogfood/app.html?skin=https://www.gstatic.com/eureka/player/0000/skins/cast/skin.css&google_cast_bg=true for origin 'null'
04-09 11:11:39.608  3095  3095 I cast_shell: [3098:3098:INFO:cast_content_client.cc(103)] Active URL: https://www.gstatic.com/cast/sdk/default_receiver/dogfood/app.html?skin=https://www.gstatic.com/eureka/player/0000/skins/cast/skin.css&google_cast_bg=true for origin 'null [internally: (70776CA829355DA2C765B6DACE98102B) anonymous]'
04-09 11:11:39.612  3095  3095 I cast_shell: [3098:3108:INFO:process_memory_recorder_utils.cc(43)] CC1AD845 using 40412kB memory
04-09 11:11:39.626  3095  3095 I cast_shell: [3506:3506:INFO:feature_manager.cc(174)] Enabling bindings: 
04-09 11:11:39.650  3095  3095 I cast_shell: [3506:3506:INFO:feature_manager.cc(174)] Enabling bindings: 
04-09 11:11:40.519  3095  3095 I cast_shell: [3098:3098:INFO:CONSOLE(116)] Cast App (CC1AD845): " [  0.002s] [cast.receiver.IpcChannel] Opening platform websocket ", source: https://www.gstatic.com/cast/sdk/libs/caf_receiver/v3/cast_receiver_framework.js (116)
04-09 11:11:40.531  3095  3095 I cast_shell: [3506:3506:INFO:media_source_impl.cc(363)] isTypeSupported("video/mp4;codecs=hev1.2.4.L153.B0") -> false (not supported by HTMLMediaElement)
04-09 11:11:40.533  3095  3095 I cast_shell: [3506:3506:INFO:media_source_impl.cc(363)] isTypeSupported("video/mp4;codecs=dvhe.04.06") -> false (not supported by HTMLMediaElement)
04-09 11:11:40.533  3095  3095 I cast_shell: [3098:3098:INFO:CONSOLE(1162)] Cast App (CC1AD845): "canDisplayType(video/mp4; codecs=hev1.2.4.L153.B0; eotf=smpte2084): Codec not supported.", source:  (1162)
04-09 11:11:40.533  3095  3095 I cast_shell: [3098:3098:INFO:CONSOLE(1162)] Cast App (CC1AD845): "canDisplayType(video/mp4; codecs=dvhe.04.06): Codec not supported.", source:  (1162)
04-09 11:11:40.534  3095  3095 I cast_shell: [3506:3506:INFO:media_source_impl.cc(363)] isTypeSupported("audio/mp4;codecs=ec-3") -> false (not supported by HTMLMediaElement)
04-09 11:11:40.535  3095  3095 I cast_shell: [3098:3098:INFO:CONSOLE(1162)] Cast App (CC1AD845): "canDisplayType(audio/mp4; codecs=ec-3; spatialRendering=true): Codec not supported.", source:  (1162)
04-09 11:11:40.545  3095  3095 I cast_shell: [3506:0xafc13348]     1766 ms: Scavenge 1.8 (1.9) -> 1.6 (2.4) MB, 4.9 / 0.1 ms  (average mu = 1.000, current mu = 1.000) allocation failure 
04-09 11:11:40.552  3095  3095 I cast_shell: [3098:3098:INFO:CONSOLE(739)] Cast App (CC1AD845): "Lit is in dev mode. Not recommended for production! See https://lit.dev/msg/dev-mode for more information.", source: https://www.gstatic.com/cast/sdk/libs/caf_receiver/v3/cast_receiver_framework.js (739)
04-09 11:11:40.560  3095  3095 I cast_shell: [3098:3098:INFO:CONSOLE(36)] Cast App (CC1AD845): "Unknown queryable value: log-level-cast-receiver", source:  (36)
04-09 11:11:40.674  3095  3095 I cast_shell: [3098:3098:INFO:CONSOLE(836)] Cast App (CC1AD845): "CAST SDK CAF Version: 3.0.0103", source: https://www.gstatic.com/cast/sdk/libs/caf_receiver/v3/cast_receiver_framework.js (836)
04-09 11:11:40.694  3095  3095 I cast_shell: [3506:0xafc13348]     1916 ms: Scavenge 2.3 (2.9) -> 2.1 (3.1) MB, 6.1 / 0.0 ms  (average mu = 1.000, current mu = 1.000) allocation failure 
04-09 11:11:40.718  3095  3095 I cast_shell: [3506:3506:INFO:html_media_element.cc(538)] HTMLMediaElement(0x48402f30)
04-09 11:11:40.772  3095  3095 I cast_shell: [3506:3506:INFO:identification_settings_manager.cc(68)] CSS URL detected and replaced with empty text URI.
04-09 11:11:40.772  3095  3095 I cast_shell: [3506:3506:INFO:identification_settings_manager.cc(169)] WillStartResourceRequest: replacement URL found
04-09 11:11:40.931  3095  3095 I cast_shell: [3098:3098:INFO:metrics_recorder.cc(282)] cast event: Cloud.Transport.Https.Register.Out.Success
04-09 11:11:40.932  3095  3095 I cast_shell: [3098:3098:WARNING:ccs_transport_util.cc(409)] Auth info absent from the config reply from CCS.
04-09 11:11:40.932  3095  3095 I cast_shell: [3098:3098:WARNING:ccs_transport_util.cc(313)] Missing SensingSettings in the CCS config.
04-09 11:11:40.932  3095  3095 I cast_shell: [3098:3098:INFO:metrics_recorder.cc(282)] cast event: Cloud.Transport.Https.Config.In
04-09 11:11:40.932  3095  3095 I cast_shell: [3098:3098:INFO:ccs_manager_impl.cc(1150)] Handling CONFIG message from CCS.
04-09 11:11:40.933  3095  3095 I cast_shell: [3098:3098:INFO:ccs_manager_impl.cc(1151)] [PII] device_id=0F3B2F7F358AE34A905AD5A55C3C271E
04-09 11:11:40.933  3095  3095 I cast_shell: [3098:3098:INFO:metrics_recorder.cc(282)] Record action: Cloud.Transport.Https.LinkedStatus.NotLinked
04-09 11:11:40.933  3095  3095 I cast_shell: [3098:3098:INFO:structure_info_from_home_graph.cc(53)] received config from home graph. Will use it: 1
04-09 11:11:40.933  3095  3095 I cast_shell: [3098:3098:INFO:structure_info_from_home_graph.cc(59)] Num devices in the structure: 0
04-09 11:11:40.933  3095  3095 I cast_shell: [3098:3098:INFO:ccs_heartbeat_listener.cc(56)] Setting heartbeat interval from CCS: 120000ms
04-09 11:11:40.937  3095  3095 I cast_shell: [3098:3106:INFO:heartbeat_manager.cc(306)] Set client HB: 120000
04-09 11:11:40.937  3095  3095 I cast_shell: [3098:3106:INFO:heartbeat_manager.cc(311)] ResettingConnection bc: 1680000
04-09 11:11:40.937  3095  3095 I cast_shell: [3098:3106:INFO:heartbeat_manager.cc(332)] ResetConnection: %d5
04-09 11:11:40.947  3095  3095 I cast_shell: [3098:3098:INFO:user_auth_impl.cc(267)] linked status: NOT_LINKED
04-09 11:11:40.947  3095  3095 I cast_shell: [3098:3098:INFO:robot_account_auth_manager.cc(320)] V1 AuthManager received a UpdateAuthToken request
04-09 11:11:40.947  3095  3095 I cast_shell: [3098:3098:INFO:ccs_transport_https.cc(1352)] No cloud settings in response
04-09 11:11:40.948  3095  3095 I cast_shell: [3098:3098:INFO:gcm_manager.cc(238)] GCM connection lost.
04-09 11:11:41.154  3095  3095 I cast_shell: [3098:3098:INFO:metrics_recorder.cc(282)] cast event: Cloud.Transport.Https.Register.Out.Success
04-09 11:11:41.154  3095  3095 I cast_shell: [3098:3098:INFO:ccs_manager_impl.cc(2485)] Succesfully registered with CCS
04-09 11:11:41.155  3095  3095 I cast_shell: [3098:3098:INFO:ccs_manager_impl.cc(2661)] Local device version is ahead of server; will attempt update
04-09 11:11:41.155  3095  3095 I cast_shell: [3098:3098:INFO:ccs_manager_impl.cc(1757)] Updating device info with CCS: message_id = 52637cc0-3529-43d4-86d8-6bca6d1fa9b9
04-09 11:11:41.155  3095  3095 I cast_shell: [3098:3098:INFO:ccs_manager_impl.cc(1758)] [PII] CCS device_id = 0F3B2F7F358AE34A905AD5A55C3C271E device_name = Bedroom speaker 2
04-09 11:11:41.169  3095  3095 I cast_shell: [3098:3098:WARNING:ccs_transport_util.cc(409)] Auth info absent from the config reply from CCS.
04-09 11:11:41.169  3095  3095 I cast_shell: [3098:3098:WARNING:ccs_transport_util.cc(313)] Missing SensingSettings in the CCS config.
04-09 11:11:41.169  3095  3095 I cast_shell: [3098:3098:INFO:metrics_recorder.cc(282)] cast event: Cloud.Transport.Https.Config.In
04-09 11:11:41.169  3095  3095 I cast_shell: [3098:3098:INFO:ccs_manager_impl.cc(1150)] Handling CONFIG message from CCS.
04-09 11:11:41.169  3095  3095 I cast_shell: [3098:3098:INFO:ccs_manager_impl.cc(1151)] [PII] device_id=0F3B2F7F358AE34A905AD5A55C3C271E
04-09 11:11:41.169  3095  3095 I cast_shell: [3098:3098:INFO:metrics_recorder.cc(282)] Record action: Cloud.Transport.Https.LinkedStatus.NotLinked
04-09 11:11:41.169  3095  3095 I cast_shell: [3098:3098:INFO:structure_info_from_home_graph.cc(53)] received config from home graph. Will use it: 1
04-09 11:11:41.169  3095  3095 I cast_shell: [3098:3098:INFO:structure_info_from_home_graph.cc(59)] Num devices in the structure: 0
04-09 11:11:41.171  3095  3095 I cast_shell: [3098:3098:INFO:ccs_heartbeat_listener.cc(56)] Setting heartbeat interval from CCS: 120000ms
04-09 11:11:41.171  3095  3095 I cast_shell: [3098:3098:INFO:user_auth_impl.cc(267)] linked status: NOT_LINKED
04-09 11:11:41.172  3095  3095 I cast_shell: [3098:3098:INFO:robot_account_auth_manager.cc(320)] V1 AuthManager received a UpdateAuthToken request
04-09 11:11:41.172  3095  3095 I cast_shell: [3098:3098:INFO:ccs_transport_https.cc(1352)] No cloud settings in response
04-09 11:11:41.173  3095  3095 I cast_shell: [3098:3098:INFO:metrics_recorder.cc(282)] cast event: Cloud.Transport.Https.Update.Out
04-09 11:11:41.212  3095  3095 I cast_shell: [3098:3098:INFO:CONSOLE(109)] Cast App (CC1AD845): "CAST SDK MPL Version: 1.0.0.113", source: https://www.gstatic.com/cast/sdk/libs/mediaplayer/1.0.0/media_player.js (109)
04-09 11:11:41.216  3095  3095 I cast_shell: [3098:3098:INFO:CONSOLE(36)] Cast App (CC1AD845): "Unknown queryable value: log-level-mpl", source:  (36)
04-09 11:11:41.640  3521  3521 E wac-main: WAC timeout cb
04-09 11:11:41.640  3521  3521 E wac-main: send wac api : a5a1
04-09 11:11:41.640  2965  2975 E wac-main: API event
04-09 11:11:41.640  2965  2975 E wac-main: msg : a5a1
04-09 11:11:41.640  2965  2975 E wac-main: msg : a5a1
04-09 11:11:41.641  2965  3522 E wac-main: enter WACStartStopThread
04-09 11:11:41.641  2965  3522 E wac-main: WACStartStopThread() event -> 'wacstop' is WACServer? UP -> 'Yes' 
04-09 11:11:41.641  2965  3522 E WACSERVER: WACServerStop wait
04-09 11:11:41.641  2965  2975 E wac-main: Enter poll and wait
04-09 11:11:41.641  2965  2980 E WACBONJOUR: RemoveWACBonjourService
04-09 11:11:41.643  2965  2980 I wifiapi : newconn : 0xf52024e8
04-09 11:11:41.670  2965  2975 D wac-main: Netlink event
04-09 11:11:41.670  2965  2975 E wac-main: Netlink event 16 Interface Index 7 
04-09 11:11:41.670  2965  2975 E wac-main: Enter poll and wait
04-09 11:11:41.671  2731  2748 E CommandListener: Message not handled: unrecognized interface p2p1
04-09 11:11:41.671  2731  2748 W FrameworkListener: Handler 'Iface' error (Success)
04-09 11:11:41.671  2710  2722 I yani_kernel: yani_geteventfrom_changeaddr() Message-Id '1' Netlink event '16' Interface Index '7' -> Name 'p2p1' 
04-09 11:11:41.688  2965  2975 D wac-main: Netlink event
04-09 11:11:41.688  2965  2975 E wac-main: Netlink event 16 Interface Index 7 
04-09 11:11:41.688  2965  2975 E wac-main: Enter poll and wait
04-09 11:11:41.689  2710  2722 I yani_kernel: yani_geteventfrom_changeaddr() Message-Id '1' Netlink event '16' Interface Index '7' -> Name 'p2p1' 
04-09 11:11:41.689  2731  2748 E CommandListener: Message not handled: unrecognized interface p2p1
04-09 11:11:41.689  2731  2748 W FrameworkListener: Handler 'Iface' error (Success)
04-09 11:11:41.692  2731  2748 E CommandListener: Message not handled: unrecognized interface p2p1
04-09 11:11:41.692  2731  2748 W FrameworkListener: Handler 'Iface' error (Success)
04-09 11:11:41.704  2965  2980 I wifiapi : 'DISABLE' command returned = 0
04-09 11:11:41.705  2965  2980 I wifiapi : stop hostapd
04-09 11:11:41.706  2965  2980 I wifiapi : stop dnsmasq
04-09 11:11:41.709  2965  2975 D wac-main: Netlink event
04-09 11:11:41.709  2965  2975 E wac-main: Netlink event 21 Interface Index 7 
04-09 11:11:41.709  2965  2975 E wac-main: Enter poll and wait
04-09 11:11:41.710  2710  2722 I yani_kernel: yani_geteventfrom_changeaddr() Message-Id '1' Netlink event '21' Interface Index '7' -> Name 'p2p1' 
04-09 11:11:41.710  2731  2748 E CommandListener: Message not handled: unrecognized interface p2p1
04-09 11:11:41.710  2731  2748 W FrameworkListener: Handler 'Iface' error (Success)
04-09 11:11:41.713  2965  2980 E wac-main: WACCallback() message 5 -> 'Stopped'
04-09 11:11:41.714  2711  2711 I lucitransport: writeRemoteMessage() MID = 143 buffer = 5
04-09 11:11:41.729  3095  3095 I cast_shell: [3098:3106:ERROR:connectivity_checker_impl.cc(265)] Connectivity check failed: 400
04-09 11:11:41.738  3095  3095 I cast_shell: [3098:3098:INFO:CONSOLE(82)] Cast App (CC1AD845): " [  0.522s] [cast.player.common.Experimentation] Failed to download experimentation flags. ", source: https://www.gstatic.com/cast/sdk/libs/mediaplayer/1.0.0/media_player.js (82)
04-09 11:11:41.756  3095  3095 I cast_shell: [3098:3098:INFO:cast_web_contents_impl.cc(712)] Finished loading page after 2177 ms, url=https://www.gstatic.com/cast/sdk/default_receiver/dogfood/app.html?skin=https://www.gstatic.com/eureka/player/0000/skins/cast/skin.css&google_cast_bg=true
04-09 11:11:41.756  3095  3095 I cast_shell: [3098:3098:INFO:web_application.cc(991)] [839cd104] Page state changed: app=CC1AD845 page_state=LOADED
04-09 11:11:41.758  3095  3095 I cast_shell: [3098:3098:INFO:CONSOLE(0)] Cast App (CC1AD845): "Uncaught (in promise) undefined", source: https://www.gstatic.com/cast/sdk/default_receiver/dogfood/app.html?skin=https://www.gstatic.com/eureka/player/0000/skins/cast/skin.css&google_cast_bg=true (0)
04-09 11:11:41.766  3095  3095 I cast_shell: [3098:3098:INFO:application_message_handler.cc(704)] Cast V2 IPC connected: app_id=CC1AD845
04-09 11:11:41.766  3095  3095 I cast_shell: [3098:3098:INFO:application_message_handler.cc(868)] Received READY message from app
04-09 11:11:41.767  3095  3095 I cast_shell: [3098:3098:INFO:application_message_handler.cc(881)] SDK capabilities: {
04-09 11:11:41.767  3095  3095 I cast_shell:    "group_capabilities_supported": true,
04-09 11:11:41.767  3095  3095 I cast_shell:    "playback_device_status_supported": true,
04-09 11:11:41.767  3095  3095 I cast_shell:    "show_media_controls_supported": true
04-09 11:11:41.767  3095  3095 I cast_shell: }
04-09 11:11:41.767  3095  3095 I cast_shell: 
04-09 11:11:43.036  3095  3095 I cast_shell: [3098:3098:INFO:metrics_recorder.cc(282)] cast event: Cloud.Transport.Https.Update.Out.Success
04-09 11:11:43.036  3095  3095 I cast_shell: [3098:3098:INFO:ccs_manager_impl.cc(2569)] Successfully updated with CCS
04-09 11:11:43.729  3095  3095 I cast_shell: [3098:3429:INFO:net_util_impl.cc(582)] IP address: [PII](192.168.1.1) MAC address: [PII](C8:B3:73:44:AE:ED)
04-09 11:11:43.733  3095  3095 I cast_shell: [3098:3115:INFO:net_util_impl.cc(582)] IP address: [PII](192.168.1.1) MAC address: [PII](C8:B3:73:44:AE:ED)
04-09 11:11:43.734  3095  3095 I cast_shell: [3098:3106:INFO:parent_tracker.cc(237)] Network changed
04-09 11:11:43.734  3095  3095 I cast_shell: [3098:3106:INFO:parent_tracker.cc(132)] No need to recreate socket
04-09 11:11:43.734  3095  3095 I cast_shell: [3098:3106:INFO:parent_tracker.cc(237)] Network changed
04-09 11:11:43.734  3095  3095 I cast_shell: [3098:3106:INFO:parent_tracker.cc(132)] No need to recreate socket
04-09 11:11:43.736  3095  3095 I cast_shell: [3098:3098:INFO:gcm_manager.cc(238)] GCM connection lost.
04-09 11:11:43.949  3095  3095 I cast_shell: [3098:3098:INFO:robot_account_auth_manager.cc(384)] Sending oauth request for client_id: 2
04-09 11:11:43.949  3095  3095 I cast_shell: [3098:3098:INFO:metrics_recorder.cc(282)] cast event: Cast.Assistant.Auth.FetchToken
04-09 11:11:43.949  3095  3095 I cast_shell: [3098:3115:INFO:chromium_http_connection.cc(436)] Creating a new chromium http url loader factory
04-09 11:11:44.174  3095  3095 I cast_shell: [3098:3098:INFO:robot_account_auth_manager.cc(384)] Sending oauth request for client_id: 3
04-09 11:11:44.174  3095  3095 I cast_shell: [3098:3098:INFO:metrics_recorder.cc(282)] cast event: Cast.Assistant.Auth.FetchToken
04-09 11:11:44.174  3095  3095 I cast_shell: [3098:3115:INFO:chromium_http_connection.cc(436)] Creating a new chromium http url loader factory
04-09 11:11:44.474  3095  3095 I cast_shell: [3098:3106:INFO:heartbeat_manager.cc(268)] Set HBInterval from client: 120000
04-09 11:11:44.474  3095  3095 I cast_shell: [3098:3098:INFO:gcm_manager.cc(233)] GCM connection established.
04-09 11:11:44.706  3095  3095 I cast_shell: [3098:3098:INFO:robot_account_auth_manager.cc(525)] Got CAS response: 200
04-09 11:11:44.706  3095  3095 I cast_shell: [3098:3098:INFO:metrics_recorder.cc(282)] cast event: Cast.Assistant.AuthError.NOT_LINKED
04-09 11:11:44.707  3095  3095 I cast_shell: [3098:3098:INFO:robot_account_auth_manager.cc(776)] Current error: NOT_LINKED, new error: NOT_LINKED
04-09 11:11:44.707  3095  3095 I cast_shell: [3098:3098:INFO:robot_account_auth_manager.cc(525)] Got CAS response: 200
04-09 11:11:44.707  3095  3095 I cast_shell: [3098:3098:INFO:metrics_recorder.cc(282)] cast event: Cast.Assistant.AuthError.NOT_LINKED
04-09 11:11:44.707  3095  3095 I cast_shell: [3098:3098:INFO:robot_account_auth_manager.cc(776)] Current error: NOT_LINKED, new error: NOT_LINKED
04-09 11:11:48.404  3095  3095 I cast_shell: [3098:3147:INFO:mdns_app_filter.cc(2645)] MdnsAppFilter: responses sent in 192 seconds: 1
04-09 11:11:48.485  3095  3095 I cast_shell: [3098:3148:INFO:metrics_recorder.cc(282)] Cast v2 action(socket_id=12cf4ae1-0c19-2522-5b48-9a4643d4c007.3): CastV2.Connection.Connect.In
04-09 11:11:48.486  3095  3095 I cast_shell: [3098:3137:INFO:setup_namespace_handler.cc(94)] Added a peer for setup namespace: 12cf4ae1-0c19-2522-5b48-9a4643d4c007.3:gms_cast_prober-1
04-09 11:11:48.487  3095  3095 I cast_shell: [3098:3137:INFO:setup_state.cc(544)] EurekaInfoCalled: wifi_state=10, is_usable_ip_address=1, connected=1, is_initial_setup=0
04-09 11:11:48.498  3095  3095 I cast_shell: [3098:3098:INFO:mdns_util.cc(102)] Defaulting mDNS capabilities for audio-only build
04-09 11:11:48.498  3095  3095 I cast_shell: [3098:3098:INFO:mdns_util.cc(102)] Defaulting mDNS capabilities for audio-only build
04-09 11:11:48.507  3095  3095 I cast_shell: [3098:3148:INFO:v2_ssl_socket.cc(358)] Stop reading on pending closed socket
04-09 11:11:48.508  3095  3095 I cast_shell: [3098:3137:INFO:setup_namespace_handler.cc(104)] Removed a peer for setup namespace: 12cf4ae1-0c19-2522-5b48-9a4643d4c007.3:gms_cast_prober-1
04-09 11:11:48.829  3095  3095 I cast_shell: [3506:0xafc13348]    10051 ms: Mark-sweep (reduce) 2.6 (3.4) -> 2.0 (3.1) MB, 17.4 / 0.3 ms  (+ 26.9 ms in 9 steps since start of marking, biggest step 16.5 ms, walltime since start of marking 49 ms) (average mu = 1.000, current mu = 1.000) finalize incremental marking via task GC in old space requested
04-09 11:11:49.461  3095  3095 I cast_shell: [3506:0xafc13348]    10683 ms: Mark-sweep (reduce) 2.0 (3.1) -> 2.0 (3.1) MB, 5.7 / 0.2 ms  (+ 24.2 ms in 3 steps since start of marking, biggest step 23.4 ms, walltime since start of marking 32 ms) (average mu = 0.967, current mu = 0.967) finalize incremental marking via task GC in old space requested
04-09 11:11:56.288  3095  3095 I cast_shell: [3098:3098:INFO:robot_account_auth_manager.cc(384)] Sending oauth request for client_id: 0
04-09 11:11:56.289  3095  3095 I cast_shell: [3098:3098:INFO:metrics_recorder.cc(282)] cast event: Cast.Assistant.Auth.FetchToken
04-09 11:11:56.289  3095  3095 I cast_shell: [3098:3429:INFO:chromium_http_connection.cc(436)] Creating a new chromium http url loader factory
04-09 11:11:56.549  3095  3095 I cast_shell: [3098:3098:INFO:robot_account_auth_manager.cc(525)] Got CAS response: 200
04-09 11:11:56.549  3095  3095 I cast_shell: [3098:3098:INFO:metrics_recorder.cc(282)] cast event: Cast.Assistant.AuthError.NOT_LINKED
04-09 11:11:56.549  3095  3095 I cast_shell: [3098:3098:INFO:robot_account_auth_manager.cc(776)] Current error: NOT_LINKED, new error: NOT_LINKED
04-09 11:12:05.410  3095  3095 I cast_shell: [3098:3134:INFO:snr_tracker.cc(50)] snr = 48
04-09 11:12:08.497  3095  3095 I cast_shell: [3098:3148:INFO:metrics_recorder.cc(282)] Cast v2 action(socket_id=12cf4ae1-0c19-2522-5b48-9a4643d4c007.4): CastV2.Connection.Connect.In
04-09 11:12:08.504  3095  3095 I cast_shell: [3098:3137:INFO:setup_namespace_handler.cc(94)] Added a peer for setup namespace: 12cf4ae1-0c19-2522-5b48-9a4643d4c007.4:gms_cast_prober-1
04-09 11:12:08.504  3095  3095 I cast_shell: [3098:3137:INFO:setup_state.cc(544)] EurekaInfoCalled: wifi_state=10, is_usable_ip_address=1, connected=1, is_initial_setup=0
04-09 11:12:08.513  3095  3095 I cast_shell: [3098:3098:INFO:mdns_util.cc(102)] Defaulting mDNS capabilities for audio-only build
