01-01 05:34:01.031  2711  2711 I lucitransport: readRemoteMessage() MID char = 7 buffer = 1.52.272222
01-01 05:34:01.335  3096  3096 I cast_shell: [3099:3107:ERROR:connectivity_checker_impl.cc(265)] Connectivity check failed: 400
01-01 05:34:01.525  3096  3096 I cast_shell: [3099:3138:INFO:metrics_recorder.cc(282)] Record action: Setup.version.BLE
01-01 05:34:01.552  3096  3096 I cast_shell: [3099:3138:INFO:metrics_recorder.cc(282)] Record action: Setup.tos_accepted.BLE
01-01 05:34:01.582  3096  3096 I cast_shell: [3099:3138:INFO:metrics_recorder.cc(282)] Record action: Setup.state.BLE
01-01 05:34:01.612  3096  3096 I cast_shell: [3099:3138:INFO:metrics_recorder.cc(282)] Record action: Setup.ip_address.BLE
01-01 05:34:01.985  3096  3096 I cast_shell: [3099:3099:INFO:grpc_service_discovery_impl.cc(185)] Mdns discovered google RPC for [PII](E712EA5590E7A569201BB157EE4B8F5F).
01-01 05:34:02.154  3096  3096 I cast_shell: [3099:3138:INFO:metrics_recorder.cc(282)] Record action: Setup.version.BLE
01-01 05:34:02.198  3096  3096 I cast_shell: [3099:3138:INFO:metrics_recorder.cc(282)] Record action: Setup.tos_accepted.BLE
01-01 05:34:02.228  3096  3096 I cast_shell: [3099:3138:INFO:metrics_recorder.cc(282)] Record action: Setup.state.BLE
01-01 05:34:02.257  3096  3096 I cast_shell: [3099:3138:INFO:metrics_recorder.cc(282)] Record action: Setup.ip_address.BLE
01-01 05:34:02.341  3096  3096 I cast_shell: [3099:3107:ERROR:connectivity_checker_impl.cc(265)] Connectivity check failed: 400
01-01 05:34:02.783  3096  3096 I cast_shell: [3099:3138:INFO:metrics_recorder.cc(282)] Record action: Setup.version.BLE
01-01 05:34:02.812  3096  3096 I cast_shell: [3099:3138:INFO:metrics_recorder.cc(282)] Record action: Setup.tos_accepted.BLE
01-01 05:34:02.842  3096  3096 I cast_shell: [3099:3138:INFO:metrics_recorder.cc(282)] Record action: Setup.state.BLE
01-01 05:34:02.872  3096  3096 I cast_shell: [3099:3138:INFO:metrics_recorder.cc(282)] Record action: Setup.ip_address.BLE
01-01 05:34:02.988  3096  3096 I cast_shell: [3099:3148:INFO:mdns_app_filter.cc(1526)] MdnsAppFilter: Done announcing.
01-01 05:34:03.348  3096  3096 I cast_shell: [3099:3107:ERROR:connectivity_checker_impl.cc(265)] Connectivity check failed: 400
01-01 05:34:03.414  3096  3096 I cast_shell: [3099:3138:INFO:metrics_recorder.cc(282)] Record action: Setup.version.BLE
01-01 05:34:03.442  3096  3096 I cast_shell: [3099:3138:INFO:metrics_recorder.cc(282)] Record action: Setup.tos_accepted.BLE
01-01 05:34:03.472  3096  3096 I cast_shell: [3099:3138:INFO:metrics_recorder.cc(282)] Record action: Setup.state.BLE
01-01 05:34:03.503  3096  3096 I cast_shell: [3099:3138:INFO:metrics_recorder.cc(282)] Record action: Setup.ip_address.BLE
01-01 05:34:04.029  3096  3096 I cast_shell: [3099:3138:INFO:metrics_recorder.cc(282)] Record action: Setup.version.BLE
01-01 05:34:04.058  3096  3096 I cast_shell: [3099:3138:INFO:metrics_recorder.cc(282)] Record action: Setup.tos_accepted.BLE
01-01 05:34:04.087  3096  3096 I cast_shell: [3099:3138:INFO:metrics_recorder.cc(282)] Record action: Setup.state.BLE
01-01 05:34:04.117  3096  3096 I cast_shell: [3099:3138:INFO:metrics_recorder.cc(282)] Record action: Setup.ip_address.BLE
01-01 05:34:04.354  3096  3096 I cast_shell: [3099:3107:ERROR:connectivity_checker_impl.cc(265)] Connectivity check failed: 400
01-01 05:34:04.491  2710  2722 I yani_server: NetLink Event '-1' Interface-Index '5' WLAN '0' Ethernet '-1' Parsed-iFill '-1' -> 'INVALID' ifIndex '1' -> 'lo'
01-01 05:34:04.497  2710  2722 I chatty  : uid=0(root) YaniServer identical 3 lines
01-01 05:34:04.498  2710  2722 I yani_server: NetLink Event '-1' Interface-Index '5' WLAN '0' Ethernet '-1' Parsed-iFill '-1' -> 'INVALID' ifIndex '1' -> 'lo'
01-01 05:34:04.498  2965  2975 D wac-main: Netlink event
01-01 05:34:04.498  2965  2975 E wac-main: Netlink event 16 Interface Index 5 
01-01 05:34:04.498  2965  2975 E wac-main: Enter poll and wait
01-01 05:34:04.498  2965  2975 D wac-main: Netlink event
01-01 05:34:04.498  2965  2975 E wac-main: Netlink event 16 Interface Index 5 
01-01 05:34:04.498  2965  2975 E wac-main: Enter poll and wait
01-01 05:34:04.503  2966  3174 I LibreCastControlDelegate: OnCastStatus() +++ Lyric Speaker Box 21f384:0xabd84198:OFFLINE
01-01 05:34:04.503  2966  3174 I LibreCastControlDelegate: Device Build Number -> '1.52.272222'
01-01 05:34:04.503  2966  3174 I librecast: updateCastBuildVersion() Version 1.52.272222
01-01 05:34:04.506  2710  2722 I yani_kernel: yani_geteventfrom_changeaddr() Message-Id '1' Netlink event '16' Interface Index '5' -> Name 'wlan0' 
01-01 05:34:04.643  3096  3096 I cast_shell: [3099:3138:INFO:metrics_recorder.cc(282)] Record action: Setup.version.BLE
01-01 05:34:04.672  3096  3096 I cast_shell: [3099:3138:INFO:metrics_recorder.cc(282)] Record action: Setup.tos_accepted.BLE
01-01 05:34:04.703  3096  3096 I cast_shell: [3099:3138:INFO:metrics_recorder.cc(282)] Record action: Setup.state.BLE
01-01 05:34:04.732  3096  3096 I cast_shell: [3099:3138:INFO:metrics_recorder.cc(282)] Record action: Setup.ip_address.BLE
01-01 05:34:05.259  3096  3096 I cast_shell: [3099:3138:INFO:metrics_recorder.cc(282)] Record action: Setup.version.BLE
01-01 05:34:05.287  3096  3096 I cast_shell: [3099:3138:INFO:metrics_recorder.cc(282)] Record action: Setup.tos_accepted.BLE
01-01 05:34:05.317  3096  3096 I cast_shell: [3099:3138:INFO:metrics_recorder.cc(282)] Record action: Setup.state.BLE
01-01 05:34:05.347  3096  3096 I cast_shell: [3099:3138:INFO:metrics_recorder.cc(282)] Record action: Setup.ip_address.BLE
01-01 05:34:05.361  3096  3096 I cast_shell: [3099:3107:ERROR:connectivity_checker_impl.cc(265)] Connectivity check failed: 400
01-01 05:34:05.889  3096  3096 I cast_shell: [3099:3138:INFO:metrics_recorder.cc(282)] Record action: Setup.version.BLE
01-01 05:34:05.917  3096  3096 I cast_shell: [3099:3138:INFO:metrics_recorder.cc(282)] Record action: Setup.tos_accepted.BLE
01-01 05:34:05.947  3096  3096 I cast_shell: [3099:3138:INFO:metrics_recorder.cc(282)] Record action: Setup.state.BLE
01-01 05:34:05.977  3096  3096 I cast_shell: [3099:3138:INFO:metrics_recorder.cc(282)] Record action: Setup.ip_address.BLE
01-01 05:34:06.368  3096  3096 I cast_shell: [3099:3107:ERROR:connectivity_checker_impl.cc(265)] Connectivity check failed: 400
01-01 05:34:06.518  3096  3096 I cast_shell: [3099:3138:INFO:metrics_recorder.cc(282)] Record action: Setup.version.BLE
01-01 05:34:06.547  3096  3096 I cast_shell: [3099:3138:INFO:metrics_recorder.cc(282)] Record action: Setup.tos_accepted.BLE
01-01 05:34:06.577  3096  3096 I cast_shell: [3099:3138:INFO:metrics_recorder.cc(282)] Record action: Setup.state.BLE
01-01 05:34:06.607  3096  3096 I cast_shell: [3099:3138:INFO:metrics_recorder.cc(282)] Record action: Setup.ip_address.BLE
01-01 05:34:07.133  3096  3096 I cast_shell: [3099:3138:INFO:metrics_recorder.cc(282)] Record action: Setup.version.BLE
01-01 05:34:07.162  3096  3096 I cast_shell: [3099:3138:INFO:metrics_recorder.cc(282)] Record action: Setup.tos_accepted.BLE
01-01 05:34:07.207  3096  3096 I cast_shell: [3099:3138:INFO:metrics_recorder.cc(282)] Record action: Setup.state.BLE
01-01 05:34:07.237  3096  3096 I cast_shell: [3099:3138:INFO:metrics_recorder.cc(282)] Record action: Setup.ip_address.BLE
01-01 05:34:07.374  3096  3096 I cast_shell: [3099:3107:ERROR:connectivity_checker_impl.cc(265)] Connectivity check failed: 400
01-01 05:34:07.777  3096  3096 I cast_shell: [3099:3138:INFO:metrics_recorder.cc(282)] Record action: Setup.version.BLE
01-01 05:34:07.807  3096  3096 I cast_shell: [3099:3138:INFO:metrics_recorder.cc(282)] Record action: Setup.tos_accepted.BLE
01-01 05:34:07.837  3096  3096 I cast_shell: [3099:3138:INFO:metrics_recorder.cc(282)] Record action: Setup.state.BLE
01-01 05:34:07.867  3096  3096 I cast_shell: [3099:3138:INFO:metrics_recorder.cc(282)] Record action: Setup.ip_address.BLE
01-01 05:34:08.381  3096  3096 I cast_shell: [3099:3107:ERROR:connectivity_checker_impl.cc(265)] Connectivity check failed: 400
01-01 05:34:08.408  3096  3096 I cast_shell: [3099:3138:INFO:metrics_recorder.cc(282)] Record action: Setup.version.BLE
01-01 05:34:08.452  3096  3096 I cast_shell: [3099:3138:INFO:metrics_recorder.cc(282)] Record action: Setup.tos_accepted.BLE
01-01 05:34:08.482  3096  3096 I cast_shell: [3099:3138:INFO:metrics_recorder.cc(282)] Record action: Setup.state.BLE
01-01 05:34:08.512  3096  3096 I cast_shell: [3099:3138:INFO:metrics_recorder.cc(282)] Record action: Setup.ip_address.BLE
01-01 05:34:09.053  3096  3096 I cast_shell: [3099:3138:INFO:metrics_recorder.cc(282)] Record action: Setup.version.BLE
01-01 05:34:09.081  3096  3096 I cast_shell: [3099:3138:INFO:metrics_recorder.cc(282)] Record action: Setup.tos_accepted.BLE
01-01 05:34:09.112  3096  3096 I cast_shell: [3099:3138:INFO:metrics_recorder.cc(282)] Record action: Setup.state.BLE
01-01 05:34:09.142  3096  3096 I cast_shell: [3099:3138:INFO:metrics_recorder.cc(282)] Record action: Setup.ip_address.BLE
01-01 05:34:09.387  3096  3096 I cast_shell: [3099:3107:ERROR:connectivity_checker_impl.cc(265)] Connectivity check failed: 400
01-01 05:34:09.496  2710  2722 I yani_server: NetLink Event '-1' Interface-Index '5' WLAN '-1' Ethernet '-1' Parsed-iFill '-1' -> 'INVALID' ifIndex '1' -> 'lo'
01-01 05:34:09.682  3096  3096 I cast_shell: [3099:3138:INFO:metrics_recorder.cc(282)] Record action: Setup.version.BLE
01-01 05:34:09.726  3096  3096 I cast_shell: [3099:3138:INFO:metrics_recorder.cc(282)] Record action: Setup.tos_accepted.BLE
01-01 05:34:09.756  3096  3096 I cast_shell: [3099:3138:INFO:metrics_recorder.cc(282)] Record action: Setup.state.BLE
01-01 05:34:09.787  3096  3096 I cast_shell: [3099:3138:INFO:metrics_recorder.cc(282)] Record action: Setup.ip_address.BLE
01-01 05:34:10.327  3096  3096 I cast_shell: [3099:3138:INFO:metrics_recorder.cc(282)] Record action: Setup.version.BLE
01-01 05:34:10.357  3096  3096 I cast_shell: [3099:3138:INFO:metrics_recorder.cc(282)] Record action: Setup.tos_accepted.BLE
01-01 05:34:10.387  3096  3096 I cast_shell: [3099:3138:INFO:metrics_recorder.cc(282)] Record action: Setup.state.BLE
01-01 05:34:10.394  3096  3096 I cast_shell: [3099:3107:ERROR:connectivity_checker_impl.cc(265)] Connectivity check failed: 400
01-01 05:34:10.416  3096  3096 I cast_shell: [3099:3138:INFO:metrics_recorder.cc(282)] Record action: Setup.ip_address.BLE
01-01 05:34:10.956  3096  3096 I cast_shell: [3099:3138:INFO:metrics_recorder.cc(282)] Record action: Setup.version.BLE
01-01 05:34:10.987  3096  3096 I cast_shell: [3099:3138:INFO:metrics_recorder.cc(282)] Record action: Setup.tos_accepted.BLE
01-01 05:34:11.025  3096  3096 I cast_shell: [3099:3138:ERROR:setup_state.cc(424)] Timeout for state=SETUP_STATE_CHECKING_GLOBAL_CONNECTIVITY(50): move to state=SETUP_STATE_CHECKING_GLOBAL_CONNECTIVITY_BAD_ROUTER_WIFI_NOT_SAVED(51).
01-01 05:34:11.025  3096  3096 I cast_shell: [3099:3138:INFO:setup_state.cc(261)] Setup state changed: SETUP_STATE_CHECKING_GLOBAL_CONNECTIVITY (50) -> SETUP_STATE_CHECKING_GLOBAL_CONNECTIVITY_BAD_ROUTER_WIFI_NOT_SAVED (51)
01-01 05:34:11.029  2966  3174 I LibreCastControlDelegate: OnCastStatus() +++ Lyric Speaker Box 21f384:0xabd84198:OFFLINE
01-01 05:34:11.029  2966  3174 I LibreCastControlDelegate: Device Build Number -> '1.52.272222'
01-01 05:34:11.029  2966  3174 I librecast: updateCastBuildVersion() Version 1.52.272222
01-01 05:34:11.030  2711  2711 I lucitransport: readRemoteMessage() MID char = 7 buffer = 1.52.272222
01-01 05:34:11.030  2966  3174 I LibreCastControlDelegate: Active Applications -> 0
01-01 05:34:11.030  2966  3174 I LibreCastControlDelegate: Current Cast State '3' -> 'OFFLINE'
01-01 05:34:11.030  2966  3174 I LibreCastControlDelegate: OnCastStatus() ---
01-01 05:34:11.033  3096  3096 I cast_shell: [3099:3138:INFO:metrics_recorder.cc(282)] Record action: Setup.state.BLE
01-01 05:34:11.062  3096  3096 I cast_shell: [3099:3138:INFO:metrics_recorder.cc(282)] Record action: Setup.ip_address.BLE
01-01 05:34:11.400  3096  3096 I cast_shell: [3099:3107:ERROR:connectivity_checker_impl.cc(265)] Connectivity check failed: 400
01-01 05:34:11.602  3096  3096 I cast_shell: [3099:3138:INFO:metrics_recorder.cc(282)] Record action: Setup.version.BLE
01-01 05:34:11.632  3096  3096 I cast_shell: [3099:3138:INFO:metrics_recorder.cc(282)] Record action: Setup.tos_accepted.BLE
01-01 05:34:11.662  3096  3096 I cast_shell: [3099:3138:INFO:metrics_recorder.cc(282)] Record action: Setup.state.BLE
01-01 05:34:11.692  3096  3096 I cast_shell: [3099:3138:INFO:metrics_recorder.cc(282)] Record action: Setup.ip_address.BLE
01-01 05:34:12.232  3096  3096 I cast_shell: [3099:3138:INFO:metrics_recorder.cc(282)] Record action: Setup.version.BLE
01-01 05:34:12.262  3096  3096 I cast_shell: [3099:3138:INFO:metrics_recorder.cc(282)] Record action: Setup.tos_accepted.BLE
01-01 05:34:12.292  3096  3096 I cast_shell: [3099:3138:INFO:metrics_recorder.cc(282)] Record action: Setup.state.BLE
01-01 05:34:12.322  3096  3096 I cast_shell: [3099:3138:INFO:metrics_recorder.cc(282)] Record action: Setup.ip_address.BLE
01-01 05:34:12.407  3096  3096 I cast_shell: [3099:3107:ERROR:connectivity_checker_impl.cc(265)] Connectivity check failed: 400
01-01 05:34:12.862  3096  3096 I cast_shell: [3099:3138:INFO:metrics_recorder.cc(282)] Record action: Setup.version.BLE
01-01 05:34:12.892  3096  3096 I cast_shell: [3099:3138:INFO:metrics_recorder.cc(282)] Record action: Setup.tos_accepted.BLE
01-01 05:34:12.921  3096  3096 I cast_shell: [3099:3138:INFO:metrics_recorder.cc(282)] Record action: Setup.state.BLE
01-01 05:34:12.951  3096  3096 I cast_shell: [3099:3138:INFO:metrics_recorder.cc(282)] Record action: Setup.ip_address.BLE
01-01 05:34:12.988  2709  2709 I wpa_supplicant: wlan0: Selected BSS :ef (level:-53 noise:-63 frequency:2427)
01-01 05:34:12.990  2709  2709 I wpa_supplicant: wlan0: SME: Trying to authenticate with c8:b3:73:44:ae:ef (SSID='Linksys16717_2G' freq=2427 MHz)
01-01 05:34:12.992  2710  2722 I yani_server: NetLink Event '-1' Interface-Index '5' WLAN '0' Ethernet '-1' Parsed-iFill '-1' -> 'INVALID' ifIndex '1' -> 'lo'
01-01 05:34:12.994  2710  2722 I chatty  : uid=0(root) YaniServer identical 2 lines
01-01 05:34:12.996  2710  2722 I yani_server: NetLink Event '-1' Interface-Index '5' WLAN '0' Ethernet '-1' Parsed-iFill '-1' -> 'INVALID' ifIndex '1' -> 'lo'
01-01 05:34:12.996  2965  2975 D wac-main: Netlink event
01-01 05:34:12.996  2965  2975 E wac-main: Netlink event 16 Interface Index 5 
01-01 05:34:13.002  2709  2709 I wpa_supplicant: wlan0: Trying to associate with c8:b3:73:44:ae:ef (SSID='Linksys16717_2G' freq=2427 MHz)
01-01 05:34:13.002  2965  2975 E wac-main: Enter poll and wait
01-01 05:34:13.002  2965  2975 D wac-main: Netlink event
01-01 05:34:13.002  2965  2975 E wac-main: Netlink event 16 Interface Index 5 
01-01 05:34:13.002  2965  2975 E wac-main: Enter poll and wait
01-01 05:34:13.003  2710  2722 I yani_server: NetLink Event '-1' Interface-Index '5' WLAN '0' Ethernet '-1' Parsed-iFill '-1' -> 'INVALID' ifIndex '1' -> 'lo'
01-01 05:34:13.006  2710  2722 I chatty  : uid=0(root) YaniServer identical 2 lines
01-01 05:34:13.006  2710  2722 I yani_server: NetLink Event '-1' Interface-Index '5' WLAN '0' Ethernet '-1' Parsed-iFill '-1' -> 'INVALID' ifIndex '1' -> 'lo'
01-01 05:34:13.006  2710  2722 I yani_kernel: yani_geteventfrom_changeaddr() Message-Id '1' Netlink event '16' Interface Index '5' -> Name 'wlan0' 
01-01 05:34:13.007  2710  2722 I yani_kernel: yani_geteventfrom_changeaddr() Message-Id '1' Netlink event '16' Interface Index '5' -> Name 'wlan0' 
01-01 05:34:13.021  3176  3176 I hostapd : p2p0: IEEE 802.11 driver had channel switch: freq=2427, ht=1, vht_ch=0x0, offset=0, width=1 (20 MHz), cf1=2427, cf2=0
01-01 05:34:13.028  2990  2990 I hostapd : p2p1: IEEE 802.11 driver had channel switch: freq=2427, ht=1, vht_ch=0x0, offset=0, width=1 (20 MHz), cf1=2427, cf2=0
01-01 05:34:13.029  2709  2709 I wpa_supplicant: wlan0: Associated with c8:b3:73:44:ae:ef
01-01 05:34:13.030  2709  2709 I wpa_supplicant: wlan0: CTRL-EVENT-SUBNET-STATUS-UPDATE status=0
01-01 05:34:13.031  2965  2975 D wac-main: Netlink event
01-01 05:34:13.031  2965  2975 E wac-main: Netlink event 16 Interface Index 5 
01-01 05:34:13.031  2965  2975 E wac-main: Enter poll and wait
01-01 05:34:13.031  2965  2975 D wac-main: Netlink event
01-01 05:34:13.031  2965  2975 E wac-main: Netlink event 16 Interface Index 5 
01-01 05:34:13.031  2965  2975 E wac-main: Enter poll and wait
01-01 05:34:13.031  2965  2975 D wac-main: Netlink event
01-01 05:34:13.031  2965  2975 E wac-main: Netlink event 16 Interface Index 5 
01-01 05:34:13.037  2709  2709 I wpa_supplicant: wlan0: WPA: RX message 1 of 4-Way Handshake from c8:b3:73:44:ae:ef (ver=2)
01-01 05:34:13.037  2710  2722 I yani_server: NetLink Event '-1' Interface-Index '5' WLAN '0' Ethernet '-1' Parsed-iFill '-1' -> 'INVALID' ifIndex '1' -> 'lo'
01-01 05:34:13.037  2710  2722 I yani_kernel: yani_geteventfrom_changeaddr() Message-Id '1' Netlink event '16' Interface Index '5' -> Name 'wlan0' 
01-01 05:34:13.037  2709  2709 I wpa_supplicant: wlan0: WPA: Sending EAPOL-Key 2/4
01-01 05:34:13.041  2966  3174 I LibreCastControlDelegate: OnCastStatus() +++ Lyric Speaker Box 21f384:0xabd84198:OFFLINE
01-01 05:34:13.041  2966  3174 I LibreCastControlDelegate: Device Build Number -> '1.52.272222'
01-01 05:34:13.041  2966  3174 I librecast: updateCastBuildVersion() Version 1.52.272222
01-01 05:34:13.041  2711  2711 I lucitransport: readRemoteMessage() MID char = 7 buffer = 1.52.272222
01-01 05:34:13.041  2966  3174 I LibreCastControlDelegate: Active Applications -> 0
01-01 05:34:13.041  2966  3174 I LibreCastControlDelegate: Current Cast State '3' -> 'OFFLINE'
01-01 05:34:13.051  2710  2722 I yani_kernel: yani_geteventfrom_changeaddr() Message-Id '1' Netlink event '16' Interface Index '5' -> Name 'wlan0' 
01-01 05:34:13.052  2710  2722 I chatty  : uid=0(root) YaniServer identical 1 line
01-01 05:34:13.053  2710  2722 I yani_kernel: yani_geteventfrom_changeaddr() Message-Id '1' Netlink event '16' Interface Index '5' -> Name 'wlan0' 
01-01 05:34:13.058  2709  2709 I wpa_supplicant: wlan0: WPA: RX message 3 of 4-Way Handshake from c8:b3:73:44:ae:ef (ver=2)
01-01 05:34:13.059  2709  2709 I wpa_supplicant: wlan0: WPA: Sending EAPOL-Key 4/4
01-01 05:34:13.060  2710  2722 I yani_server: NetLink Event '-1' Interface-Index '5' WLAN '-1' Ethernet '-1' Parsed-iFill '-1' -> 'INVALID' ifIndex '1' -> 'lo'
01-01 05:34:13.061  2965  2975 D wac-main: Netlink event
01-01 05:34:13.061  2965  2975 E wac-main: Netlink event 16 Interface Index 5 
01-01 05:34:13.061  2965  2975 E wac-main: Enter poll and wait
01-01 05:34:13.061  2709  2709 I wpa_supplicant: wlan0: WPA: Key negotiation completed with c8:b3:73:44:ae:ef [PTK=CCMP GTK=TKIP]
01-01 05:34:13.061  2709  2709 I wpa_supplicant: wlan0: CTRL-EVENT-CONNECTED - Connection to c8:b3:73:44:ae:ef completed [id=0 id_str=]
01-01 05:34:13.063  2732  2732 D dhcpcd  : wlan0: carrier acquired
01-01 05:34:13.064  2965  2975 D wac-main: Netlink event
01-01 05:34:13.065  2965  2975 E wac-main: Netlink event 16 Interface Index 5 
01-01 05:34:13.065  2965  2975 E wac-main: Enter poll and wait
01-01 05:34:13.065  3096  3096 I cast_shell: [3099:3150:INFO:wifi_controller_wpa_supplicant.cc(634)] After connection, current_wifi_index=0
01-01 05:34:13.066  2710  2722 I yani_server: NetLink Event '-1' Interface-Index '5' WLAN '0' Ethernet '-1' Parsed-iFill '-1' -> 'INVALID' ifIndex '1' -> 'lo'
01-01 05:34:13.068  2965  2975 D wac-main: Netlink event
01-01 05:34:13.068  2965  2975 E wac-main: Netlink event 16 Interface Index 5 
01-01 05:34:13.068  2965  2975 E wac-main: Enter poll and wait
01-01 05:34:13.069  2966  3174 I LibreCastControlDelegate: OnCastStatus() +++ Lyric Speaker Box 21f384:0xabd84198:OFFLINE
01-01 05:34:13.069  2966  3174 I LibreCastControlDelegate: Device Build Number -> '1.52.272222'
01-01 05:34:13.069  2966  3174 I librecast: updateCastBuildVersion() Version 1.52.272222
01-01 05:34:13.069  2711  2711 I lucitransport: readRemoteMessage() MID char = 7 buffer = 1.52.272222
01-01 05:34:13.070  2966  3174 I LibreCastControlDelegate: Active Applications -> 0
01-01 05:34:13.070  2966  3174 I LibreCastControlDelegate: Current Cast State '3' -> 'OFFLINE'
01-01 05:34:13.070  2966  3174 I LibreCastControlDelegate: OnCastStatus() ---
01-01 05:34:13.070  2710  2722 I yani_server: NetLink Event '-1' Interface-Index '5' WLAN '0' Ethernet '-1' Parsed-iFill '-1' -> 'INVALID' ifIndex '1' -> 'lo'
01-01 05:34:13.071  2710  2722 I yani_server: NetLink Event '-1' Interface-Index '5' WLAN '7' Ethernet '-1' Parsed-iFill '7' -> 'WLAN0 LINKUP' ifIndex '1' -> 'lo'
01-01 05:34:13.071  2710  2722 I yani_server: saveConfig:537:wlan0
01-01 05:34:13.072  2710  2722 I wifiapi : newconn : 0xabfa28a8
01-01 05:34:13.072  2710  2722 I yani_server: saveConfig:544:got handle successfully
01-01 05:34:13.072  2710  2722 I wifiapi : 'STATUS' command returned = 0
01-01 05:34:13.075  2710  2722 I wifiapi : 'SAVE_CONFIG' command returned = 0
01-01 05:34:13.075  2710  2722 E yani_server: wlan0 Status=8 SaveConfig returns=0
01-01 05:34:13.075  2710  2722 I yani_server: SaveConfig return value=0
01-01 05:34:13.076  2690  2690 I sh      : saveConfig:538:wlan0wlan0 Status=8 SaveConfig returns=0
01-01 05:34:13.076  2710  2722 E WLANP2PIF: WlanP2pif: current chan = 4
01-01 05:34:13.077  2710  2722 E yani_wifi: set txpower chan : 4 country : US
01-01 05:34:13.413  3096  3096 I cast_shell: [3099:3107:ERROR:connectivity_checker_impl.cc(265)] Connectivity check failed: 400
01-01 05:34:13.492  3096  3096 I cast_shell: [3099:3138:INFO:metrics_recorder.cc(282)] Record action: Setup.version.BLE
01-01 05:34:13.521  3096  3096 I cast_shell: [3099:3138:INFO:metrics_recorder.cc(282)] Record action: Setup.tos_accepted.BLE
01-01 05:34:13.551  3096  3096 I cast_shell: [3099:3138:INFO:metrics_recorder.cc(282)] Record action: Setup.state.BLE
01-01 05:34:13.581  3096  3096 I cast_shell: [3099:3138:INFO:metrics_recorder.cc(282)] Record action: Setup.ip_address.BLE
01-01 05:34:14.085  2710  2722 I yani_autoip: start_autoip() Interface 'wlan0' Is AutoIP Required 'Yes' Thread-Running 'No' 
01-01 05:34:14.085  2710  2722 E yani_server: YANI: I am Done Wait For Event 
01-01 05:34:14.085  2710  2722 I yani_kernel: yani_geteventfrom_changeaddr() Message-Id '1' Netlink event '16' Interface Index '5' -> Name 'wlan0' 
01-01 05:34:14.087  2710  3538 I yani_autoip: Setting autoiptimer to 70000
01-01 05:34:14.088  2710  2722 I yani_kernel: yani_geteventfrom_changeaddr() Message-Id '1' Netlink event '16' Interface Index '5' -> Name 'wlan0' 
01-01 05:34:14.090  2710  2722 I yani_kernel: yani_geteventfrom_changeaddr() Message-Id '1' Netlink event '16' Interface Index '5' -> Name 'wlan0' 
01-01 05:34:14.099  3537  3537 E dhcpcd  : control_open: Connection refused
01-01 05:34:14.100  3537  3537 E dhcpcd  : eth0: interface not found or invalid
01-01 05:34:14.101  2965  2975 D wac-main: Netlink event
01-01 05:34:14.101  2965  2975 E wac-main: Netlink event 16 Interface Index 5 
01-01 05:34:14.101  3537  3537 D dhcpcd  : wlan0: adding address fe80::ce90:93ff:fe21:f384
01-01 05:34:14.102  2965  2975 E wac-main: Enter poll and wait
01-01 05:34:14.106  2710  2722 I yani_kernel: yani_geteventfrom_changeaddr() Message-Id '1' Netlink event '16' Interface Index '5' -> Name 'wlan0' 
01-01 05:34:14.121  3096  3096 I cast_shell: [3099:3138:INFO:metrics_recorder.cc(282)] Record action: Setup.version.BLE
01-01 05:34:14.152  3096  3096 I cast_shell: [3099:3138:INFO:metrics_recorder.cc(282)] Record action: Setup.tos_accepted.BLE
01-01 05:34:14.197  3096  3096 I cast_shell: [3099:3138:INFO:metrics_recorder.cc(282)] Record action: Setup.state.BLE
01-01 05:34:14.202  3537  3537 E dhcpcd  : error writing DUID: /etc/dhcpcd/dhcpcd.duid: Read-only file system
01-01 05:34:14.202  3537  3537 D dhcpcd  : DUID 00:03:00:01:cc:90:93:21:f3:84
01-01 05:34:14.202  3537  3537 D dhcpcd  : wlan0: IAID 93:21:f3:84
01-01 05:34:14.226  3096  3096 I cast_shell: [3099:3138:INFO:metrics_recorder.cc(282)] Record action: Setup.ip_address.BLE
01-01 05:34:14.420  3096  3096 I cast_shell: [3099:3107:ERROR:connectivity_checker_impl.cc(265)] Connectivity check failed: 400
01-01 05:34:14.474  2729  2740 I NetworkMonitor: turn off power-save
01-01 05:34:14.479  2729  2740 E DNSResolver: Error in connect: Network is unreachable
01-01 05:34:14.480  2729  2740 I chatty  : uid=0(root) /bin/net_mgr identical 4 lines
01-01 05:34:14.480  2729  2740 E DNSResolver: Error in connect: Network is unreachable
01-01 05:34:14.480  2729  2740 E HttpTimeSync: Error resolve name clients1.google.com
01-01 05:34:14.497  2729  2740 E HttpTimeSync: Error in curl perform, returns 6: Couldn't resolve host name
01-01 05:34:14.499  2729  2740 E HttpTimeSync: Failed in getting HTTP header from http://clients1.google.com/generate_204
01-01 05:34:14.531  3537  3537 D dhcpcd  : wlan0: soliciting a DHCP lease
01-01 05:34:14.531  3537  3537 D dhcpcd  : wlan0: sending DISCOVER (xid 0xba120846), next in -41523917908797775672179282463404934348007059915677997345642908918535890786374163857890023614376566682804728019160294149564694526875508144981515845450301799835969375820561005525721694967677938709470090733376905615193424271221989480492803085732806420869965581568180224.0 seconds
01-01 05:34:14.767  3096  3096 I cast_shell: [3099:3138:INFO:metrics_recorder.cc(282)] Record action: Setup.version.BLE
01-01 05:34:14.797  3096  3096 I cast_shell: [3099:3138:INFO:metrics_recorder.cc(282)] Record action: Setup.tos_accepted.BLE
01-01 05:34:14.827  3096  3096 I cast_shell: [3099:3138:INFO:metrics_recorder.cc(282)] Record action: Setup.state.BLE
01-01 05:34:14.857  3096  3096 I cast_shell: [3099:3138:INFO:metrics_recorder.cc(282)] Record action: Setup.ip_address.BLE
01-01 05:34:15.061  3537  3537 D dhcpcd  : wlan0: soliciting an IPv6 router
01-01 05:34:15.134  3537  3537 D dhcpcd  : wlan0: received OFFER with xid 0xba120846
01-01 05:34:15.134  3537  3537 D dhcpcd  : wlan0: offered 192.168.1.106 from 192.168.1.1
01-01 05:34:15.134  3537  3537 D dhcpcd  : wlan0: requesting lease of 192.168.1.106
01-01 05:34:15.134  3537  3537 D dhcpcd  : wlan0: sending REQUEST (xid 0xba120846), next in -41523917908797775672179282463404934348007059915677997345642908918535890786374163857890023614376566682804728019160294149564694526875508144981515845450301799835969375820561005525721694967677938709470090733376905615193424271221989480492803085732806420869965581568180224.0 seconds
01-01 05:34:15.240  3537  3537 D dhcpcd  : wlan0: received ACK with xid 0xba120846
01-01 05:34:15.240  3537  3537 D dhcpcd  : wlan0: acknowledged 192.168.1.106 from 192.168.1.1
01-01 05:34:15.240  3537  3537 D dhcpcd  : wlan0: leased 192.168.1.106 for 86400 seconds
01-01 05:34:15.241  2965  2975 D wac-main: Netlink event
01-01 05:34:15.242  2965  2975 E wac-main: Netlink event 20 Interface Index 5 
01-01 05:34:15.242  2965  2975 E wac-main: Enter poll and wait
01-01 05:34:15.242  2710  2722 I yani_kernel: yani_geteventfrom_changeaddr() Message-Id '1' Netlink event '20' Interface Index '5' -> Name 'wlan0' 
01-01 05:34:15.243  3537  3537 D dhcpcd  : wlan0: adding route to 192.168.1.0/24
01-01 05:34:15.243  2710  2722 I yani_server: NetLink Event '2' Interface-Index '5' WLAN '-1' Ethernet '-1' Parsed-iFill '2' -> 'WLAN0 CONNECTED' ifIndex '1' -> 'lo'
01-01 05:34:15.246  2710  2722 I yani_server: doLotofWork() List of interface '5'
01-01 05:34:15.246  2710  2722 I yani_server: doLotofWork() Interface 'wlan0' ifr[0].ifr_name 'lo' ipaddress '127.0.0.1'
01-01 05:34:15.249  2729  2740 I NetworkMonitor: turn off power-save
01-01 05:34:15.257  2711  2711 I lucitransport: writeRemoteMessage() MID = 124 buffer = 1#1,1#2,0#3,1#4,1
01-01 05:34:15.257  2711  2711 I luciUART: write() MID = 124  bytes = 27 data = 1#1,1#2,0#3,1#4,1 m_fd = 0x5
01-01 05:34:15.258  2726  2726 E AirableUIHelper: AirableUIHelper::YaniAlert  1 1 
01-01 05:34:15.258  2726  2726 E AirableUIHelper: Wlan is up
01-01 05:34:15.258  2972  2992 I otamanager: YaniAlert() Interface 1 Status Up
01-01 05:34:15.258  2972  2992 I otamanager: CreateFirmwareUpdateTimerOnYaniAlert done
01-01 05:34:15.258  2968  3034 I airplay-main: YaniAlert Interface 1 Status 1
01-01 05:34:15.259  2711  2711 I lucitransport: readRemoteMessage() MID char = 90 buffer = Lyric Speaker Box 21f384
01-01 05:34:15.339  2968  3569 I airplay-main: checkACPAvailability() err 0 -> Present!
01-01 05:34:15.339  2968  3569 D airplay-main: arguments[0] -> airplay_v2 -> airplay_v2
01-01 05:34:15.340  2968  3569 D airplay-main: arguments[1] -> -n -> -n
01-01 05:34:15.340  2968  3569 D airplay-main: arguments[2] -> Lyric Speaker Box 21f384 -> Lyric Speaker Box 21f384
01-01 05:34:15.340  2968  3569 D airplay-main: arguments[3] -> -z -> -z
01-01 05:34:15.340  2968  3569 D airplay-main: arguments[4] -> 1 -> 1
01-01 05:34:15.340  2968  3569 D airplay-main: arguments[5] -> -d -> -d
01-01 05:34:15.340  2968  3569 D airplay-main: arguments[6] -> 47617500 -> 47617500
01-01 05:34:15.340  2968  3569 D airplay-main: Total Number of Arguments 7
01-01 05:34:15.351  2968  3569 I airplay_v2_0_6: 2014-12-31 16:04:15.350222 [AirPlayDemo] homedir /data/ sUserPreferencesDirectoryPath /data//.airplaydemo 
01-01 05:34:15.383  3096  3096 I cast_shell: [3099:3138:INFO:metrics_recorder.cc(282)] Record action: Setup.version.BLE
01-01 05:34:15.411  3096  3096 I cast_shell: [3099:3138:INFO:metrics_recorder.cc(282)] Record action: Setup.tos_accepted.BLE
01-01 05:34:15.428  2968  3569 I airplay-main: checkACPAvailability() err 0 -> Present!
01-01 05:34:15.438  2729  2740 I HttpTimeSync: Building resolve list for clients1.google.com, total 1.
01-01 05:34:15.438  2729  2740 I HttpTimeSync: 	0: 142.251.36.142
01-01 05:34:15.442  3096  3096 I cast_shell: [3099:3138:INFO:metrics_recorder.cc(282)] Record action: Setup.state.BLE
01-01 05:34:15.472  3096  3096 I cast_shell: [3099:3138:INFO:metrics_recorder.cc(282)] Record action: Setup.ip_address.BLE
01-01 05:34:15.511  2968  3593 I airplay_v2_0_6: 2014-12-31 16:04:15.511299 [AirPlayDemo] *********** AirPlayDemoPlatformSetProperty:homeIntegrationData value - 
01-01 05:34:15.511  2968  3593 I airplay_v2_0_6:     +0000: 62706c69 73743030 d101025f 10114343 |bplist00^^^_^^CC| (67 bytes)
01-01 05:34:15.511  2968  3593 I airplay_v2_0_6:     +0010: 3a39303a 39333a32 313a4633 3a3834d0 |:90:93:21:F3:84^|
01-01 05:34:15.511  2968  3593 I airplay_v2_0_6:     +0020: 080b1f00 00000000 00010100 00000000 |^^^^^^^^^^^^^^^^|
01-01 05:34:15.511  2968  3593 I airplay_v2_0_6:     +0030: 00000300 00000000 00000000 00000000 |^^^^^^^^^^^^^^^^|
01-01 05:34:15.511  2968  3593 I airplay_v2_0_6:     +0040: 000020                              |^^              |
01-01 05:34:15.513  2968  3595 I airplay_v2_0_6: 2014-12-31 16:04:15.513465 [AirPlayDemo] AirPlayDemoServerCopyProperty Password is <<NULL>>
01-01 05:34:15.523  2968  3593 I airplay_v2_0_6: 2014-12-31 16:04:15.523309 [AirPlayDemo] *********** AirPlayDemoPlatformSetProperty:homeIntegrationData value - 
01-01 05:34:15.523  2968  3593 I airplay_v2_0_6:     +0000: 62706c69 73743030 d101025f 10114343 |bplist00^^^_^^CC| (165 bytes)
01-01 05:34:15.523  2968  3593 I airplay_v2_0_6:     +0010: 3a39303a 39333a32 313a4633 3a3834d3 |:90:93:21:F3:84^
01-01 05:34:15.523  2968  3593 I airplay_v2_0_6: |
01-01 05:34:15.523  2968  3593 I airplay_v2_0_6:     +0020: 03040501 06075a69 64656e74 69666965 |^^^^^^Zidentifie|
01-01 05:34:15.523  2968  3593 I airplay_v2_0_6:     +0030: 7252736b 52706b4f 10202d3a 7be25004 |rRskRpkO^ -:{^P^|
01-01 05:34:15.523  2968  3593 I airplay_v2_0_6:     +0040: 9c3db655 3367df86 57f4038d 1262a586 |^=^U3g^^W^^^^b^^|
01-01 05:34:15.523  2968  3593 I airplay_v2_0_6:     +0050: a11cf8aa bbdf4e3a f5144f10 206afc24 |
01-01 05:34:15.523  2968  3593 I airplay_v2_0_6: ^^^^^^N:^^O^ j^$|
01-01 05:34:15.523  2968  3593 I airplay_v2_0_6:     +0060: be0e4771 ebae53ed 91beef46 e5e0ebe4 |^^Gq^^S^^^^F^^^^|
01-01 05:34:15.523  2968  3593 I airplay_v2_0_6:     +0070: d3e9962d 66795f87 61cbf874 4b080b1f |^^^-fy_^a^^tK^^^|
01-01 05:34:15.523  2968  3593 I airplay_v2_0_6:     +0080: 26313437 5a000000 00000001 01000000 |&147Z^^^^^^^^^^^|
01-01 05:34:15.523  2968  3593 I airplay_v2_0_6:     +0090: 
01-01 05:34:15.523  2968  3593 I airplay_v2_0_6: 00000000 08000000 00000000 00000000 |^^^^^^^^^^^^^^^^|
01-01 05:34:15.523  2968  3593 I airplay_v2_0_6:     +00A0: 00000000 7d                         |^^^^}           |
01-01 05:34:15.524  2711  2711 I lucitransport: readRemoteMessage() MID char = 90 buffer = Lyric Speaker Box 21f384
01-01 05:34:15.526  2968  3569 I airplay_v2_0_6: 2014-12-31 16:04:15.525608 [AirPlay] Registering Bonjour _airplay._tcp. port 7000
01-01 05:34:15.527  2968  3593 I airplay_v2_0_6: 2014-12-31 16:04:15.527672 [AirPlayDemo] AirPlayDemoServerCopyProperty Password is <<NULL>>
01-01 05:34:15.529  2968  3595 I airplay_v2_0_6: 2014-12-31 16:04:15.529092 [AirPlayDemo] AirPlayDemoServerCopyProperty Password is <<NULL>>
01-01 05:34:15.529  2711  2711 I lucitransport: readRemoteMessage() MID char = 90 buffer = Lyric Speaker Box 21f384
01-01 05:34:15.531  2968  3569 I airplay_v2_0_6: 2014-12-31 16:04:15.531322 [AirPlay] Registering Bonjour CC909321F384@Lyric Speaker Box 21f384._raop._tcp. port 7000
01-01 05:34:15.531  2968  3569 I airplay_v2_0_6: 2014-12-31 16:04:15.531481 [AirPlay] AirPlay servers started
04-07 21:24:50.697  2969  3001 I SPOTIFY : ConnectionNotify event(0-Login, 1-Logout, rest Error) = 7 
04-07 21:24:50.722  2729  2740 I HttpTimeSync: Http time synced
04-07 21:24:50.728  3096  3096 I cast_shell: [3099:3138:INFO:metrics_recorder.cc(282)] Record action: Setup.eureka_info.Local
04-07 21:24:50.728  3096  3096 I cast_shell: [3099:3138:INFO:metrics_recorder.cc(282)] Record action: Setup.eureka_info.Local.200
04-07 21:24:50.955  3096  3096 I cast_shell: [3099:3138:INFO:metrics_recorder.cc(282)] Record action: Setup.version.BLE
04-07 21:24:50.985  3096  3096 I cast_shell: [3099:3138:INFO:metrics_recorder.cc(282)] Record action: Setup.tos_accepted.BLE
04-07 21:24:51.016  3096  3096 I cast_shell: [3099:3138:INFO:metrics_recorder.cc(282)] Record action: Setup.state.BLE
04-07 21:24:51.045  3096  3096 I cast_shell: [3099:3138:INFO:metrics_recorder.cc(282)] Record action: Setup.ip_address.BLE
04-07 21:24:51.243  3096  3096 I cast_shell: [3099:3107:INFO:connectivity_checker_impl.cc(144)] Change check url=http://connectivitycheck.gstatic.com/generate_204
04-07 21:24:51.243  3096  3096 I cast_shell: [3099:3107:INFO:connectivity_checker_impl.cc(148)] Global connection is: Up
04-07 21:24:51.243  3099  3105 E         : OOBE CheckUpdate
04-07 21:24:51.251  2972  3003 I otamanager: cast_updater_threadEntry() Response 'CheckUpdate' Current Firmware Update state 'Idle'
04-07 21:24:51.251  2972  3003 I otamanager: checkUpdate_l
04-07 21:24:51.251  2972  3003 I otamanager: Firmware Update State Change from Idle to CheckUpdate
04-07 21:24:51.252  2711  2711 I lucitransport: readRemoteMessage() MID char = 232 buffer = TRUE
04-07 21:24:51.252  2972  3003 E otamanager: lo not valid Interface for MAC ID
04-07 21:24:51.252  2972  3003 D otamanager: OTA: wlan IP = 192.168.1.106
04-07 21:24:51.252  2972  3003 I otamanager: OTA:checkIP mac = cc909321f384  IP = 192.168.1.106 
04-07 21:24:51.253  3096  3096 I cast_shell: [3099:3099:INFO:api_reboot.cc(321)] active_activities count=0
04-07 21:24:51.253  3096  3096 I cast_shell: [3099:3099:INFO:cloud_settings_manager.cc(431)] Connectivity established. Reconciling cloud settings.
04-07 21:24:51.253  3096  3096 I cast_shell: [3099:3099:INFO:cloud_settings_manager.cc(195)] Cloud settings is disabled.
04-07 21:24:51.253  3096  3096 I cast_shell: [3099:3099:INFO:lycra_gcm.cc(121)] Registering GCM handler.
04-07 21:24:51.255  3096  3096 I cast_shell: [3099:3099:INFO:cast_receiver_impl.cc(1093)] Entering discovery-only mode
04-07 21:24:51.255  3096  3096 I cast_shell: [3099:3099:INFO:application_config_manager_impl.cc(575)] Disabling virtual device 09b2041d-5a67-b905-f088-5ee8bb7aaab7
04-07 21:24:51.257  2710  2722 I yani_server: NetLink Event '-1' Interface-Index '5' WLAN '0' Ethernet '-1' Parsed-iFill '-1' -> 'INVALID' ifIndex '1' -> 'lo'
04-07 21:24:51.257  3096  3096 I cast_shell: [3099:3099:INFO:device_info_impl.cc(1094)] Primary netif changed: new=wlan0, old=usb0
04-07 21:24:51.257  3096  3096 I cast_shell: [3099:3099:INFO:device_info_impl.cc(1103)] Primary IP address changed: netif=wlan0, new=192.168.1.106, old=192.168.10.1
04-07 21:24:51.257  3096  3096 I cast_shell: [3099:3148:INFO:mdns_cast_service.cc(351)] Device discovery state is setup-only
04-07 21:24:51.257  3096  3096 I cast_shell: [3099:3148:INFO:mdns_util.cc(102)] Defaulting mDNS capabilities for audio-only build
04-07 21:24:51.257  2972  3003 I otamanager: DownloadHttpContent firmware version = eng.C4A.1203
04-07 21:24:51.260  3096  3096 I cast_shell: [3099:3138:WARNING:setup_manager_impl.cc(1136)] NAT not supported, no captive portal support.
04-07 21:24:51.263  2711  2711 I lucitransport: readRemoteMessage() MID char = 6 buffer = (null)
04-07 21:24:51.264  2711  2711 I lucitransport: readRemoteMessage() MID char = 7 buffer = 1.52.272222
04-07 21:24:51.265  2972  3003 I otamanager: OTA: DownloadHttpContent :payload =  {"device":{"brand":"COTODAMA","castVersion":"1.52.272222","deviceId":"cc909321f384","deviceType":"LS10_C4A","fwVersion":"1203","googleCast":true,"mcuVersion":"0.0","model":"LSB"}}
04-07 21:24:51.265  2972  3003 I otamanager:  
04-07 21:24:51.265  2972  3003 I otamanager: OTA:------curlDownloadFirmwareXml---
04-07 21:24:51.265  2972  3003 I otamanager: OTA:isValidIpAddress: result 0
04-07 21:24:51.270  3096  3096 I cast_shell: [3099:3148:INFO:mdns_app_filter.cc(1702)] MdnsAppFilter is stopping
04-07 21:24:51.270  3096  3096 I cast_shell: [3099:3148:INFO:metrics_recorder.cc(282)] cast event: Cast.Discovery.Mdns.ResponderStopped
04-07 21:24:51.270  3096  3096 I cast_shell: [3099:3148:INFO:mdns_app_filter.cc(1709)] MdnsAppFilter is stopping; closing socket: address=192.168.2.1
04-07 21:24:51.270  3096  3096 I cast_shell: [3099:3148:INFO:metrics_recorder.cc(282)] cast event: Cast.Discovery.Mdns.SocketDestroyed
04-07 21:24:51.270  3096  3096 I cast_shell: [3099:3148:INFO:mdns_app_filter.cc(1709)] MdnsAppFilter is stopping; closing socket: address=192.168.10.1
04-07 21:24:51.281  3096  3096 I cast_shell: [3099:3149:INFO:transport_creds.cc(151)] Self-signed certificate created: CN=09b2041d-5a67-b905-f088-5ee8bb7aaab7
04-07 21:24:51.316  3096  3096 I cast_shell: [3099:3099:INFO:config_downloader.cc(489)] Downloading config: headers (excl. auth) ='Accept: application/protobuf', url=https://clients5.google.com/cast/chromecast/device/baseconfig?m=LSB&M=COTODAMA&p=LS10+Platform&b=1.52.272222&c=wifi&r=beta-channel&pt=3&ln=&d=DE4F95FFA64D5E74B026&at=1
04-07 21:24:51.409  3096  3096 I cast_shell: [3099:3151:INFO:multizone_manager.cc(2131)] Updated leader quality: 49807404
04-07 21:24:51.413  2966  3174 I LibreCastControlDelegate: OnCastStatus() +++ Lyric Speaker Box 21f384:0xabd84198:NOT_SETUP
04-07 21:24:51.413  2966  3174 I LibreCastControlDelegate: Device Build Number -> '1.52.272222'
04-07 21:24:51.413  2966  3174 I librecast: updateCastBuildVersion() Version 1.52.272222
04-07 21:24:51.414  2711  2711 I lucitransport: readRemoteMessage() MID char = 7 buffer = 1.52.272222
04-07 21:24:51.414  3096  3096 I cast_shell: [3099:3148:INFO:metrics_recorder.cc(282)] cast event: Cast.Discovery.Mdns.SocketCreated
04-07 21:24:51.414  3096  3096 I cast_shell: [3099:3148:INFO:mdns_app_filter.cc(1254)] Created mDNS socket for interface:name=wlan0, address=192.168.1.106, index=5
04-07 21:24:51.414  3096  3096 I cast_shell: [3099:3148:INFO:metrics_recorder.cc(282)] cast event: Cast.Discovery.Mdns.SocketCreated
04-07 21:24:51.414  3096  3096 I cast_shell: [3099:3148:INFO:mdns_app_filter.cc(1254)] Created mDNS socket for interface:name=p2p1, address=192.168.2.1, index=7
04-07 21:24:51.414  2966  3174 I LibreCastControlDelegate: Active Applications -> 0
04-07 21:24:51.414  2966  3174 I LibreCastControlDelegate: Current Cast State '2' -> 'NOT_SETUP'
04-07 21:24:51.414  2966  3174 I LibreCastControlDelegate: OnCastStatus() ---
04-07 21:24:51.416  2966  3174 I LibreCastControlDelegate: OnCastStatus() +++ Lyric Speaker Box 21f384:0xabd84198:NOT_SETUP
04-07 21:24:51.416  2966  3174 I LibreCastControlDelegate: Device Build Number -> '1.52.272222'
04-07 21:24:51.416  2966  3174 I librecast: updateCastBuildVersion() Version 1.52.272222
04-07 21:24:51.416  2711  2711 I lucitransport: readRemoteMessage() MID char = 7 buffer = 1.52.272222
04-07 21:24:51.416  2966  3174 I LibreCastControlDelegate: Active Applications -> 0
04-07 21:24:51.416  2966  3174 I LibreCastControlDelegate: Current Cast State '2' -> 'NOT_SETUP'
04-07 21:24:51.416  2966  3174 I LibreCastControlDelegate: OnCastStatus() ---
04-07 21:24:51.417  3096  3096 I cast_shell: [3099:3099:INFO:mdns_manager_impl.cc(429)] Successfully updated service: type=_googlezone
04-07 21:24:51.469  2972  3003 I otamanager: OTA:ResolveDNSName IP = 52.21.105.210
04-07 21:24:51.469  2972  3003 I otamanager: OTA:hostIp string: https://52.21.105.210/v1
04-07 21:24:51.469  2972  3003 I otamanager: OTA: trying after 2 sec 
04-07 21:24:51.570  3096  3096 I cast_shell: [3099:3138:INFO:metrics_recorder.cc(282)] Record action: Setup.version.BLE
04-07 21:24:51.600  3096  3096 I cast_shell: [3099:3138:INFO:metrics_recorder.cc(282)] Record action: Setup.tos_accepted.BLE
04-07 21:24:51.630  3096  3096 I cast_shell: [3099:3138:INFO:metrics_recorder.cc(282)] Record action: Setup.state.BLE
04-07 21:24:51.660  3096  3096 I cast_shell: [3099:3138:INFO:metrics_recorder.cc(282)] Record action: Setup.ip_address.BLE
04-07 21:24:51.693  3096  3096 I cast_shell: [3099:3138:INFO:ble_setup.cc(322)] Record action: Setup.set_eureka_info.BLE
04-07 21:24:51.695  3096  3096 I cast_shell: [3099:3138:INFO:timezone_settings.cc(288)] Setting system timezone to Asia/Kolkata
04-07 21:24:51.695  3096  3096 I cast_shell: [3099:3151:INFO:multizone_group.cc(357)] Change name for group [PII](E712EA5590E7A569201BB157EE4B8F5F) to [PII](AAA speaker)
04-07 21:24:51.697  3096  3096 I cast_shell: [3099:3138:INFO:locale_manager.cc(511)] New timezone: Asia/Kolkata
04-07 21:24:51.697  3096  3096 I cast_shell: [3099:3099:INFO:device_info_impl.cc(1133)] SSDP Config ID is increased: id=5
04-07 21:24:51.700  3096  3096 I cast_shell: [3099:3099:INFO:device_info_impl.cc(1133)] SSDP Config ID is increased: id=6
04-07 21:24:51.701  3096  3096 I cast_shell: [3099:3138:INFO:locale_manager.cc(539)] New time format: 24-hour
04-07 21:24:51.702  2730  2760 I bluetoothtbd: [0407/085451.702522:INFO:adapter.cc(551)] Adapter properties changed
04-07 21:24:51.702  2730  2760 I bluetoothtbd: [0407/085451.702654:INFO:adapter.cc(573)] Adapter name changed
04-07 21:24:51.703  3096  3096 I cast_shell: [3099:3138:INFO:bluetooth_manager.cc(1232)] [PII] Set device name to 'AAA speaker'
04-07 21:24:51.706  2730  2760 I bluetoothtbd: [0407/085451.705992:INFO:adapter.cc(551)] Adapter properties changed
04-07 21:24:51.706  2730  2760 I bluetoothtbd: [0407/085451.706231:INFO:adapter.cc(573)] Adapter name changed
04-07 21:24:51.706  3096  3096 I cast_shell: [3099:3138:INFO:bluetooth_manager.cc(1232)] [PII] Set device name to 'AAA speaker'
04-07 21:24:51.708  3096  3096 I cast_shell: [3099:3138:INFO:metrics_recorder.cc(282)] cast event: Cast.System.Timezone.ChangeSuccessful
04-07 21:24:51.710  3096  3096 I cast_shell: [3099:3148:INFO:mdns_util.cc(102)] Defaulting mDNS capabilities for audio-only build
04-07 21:24:51.711  3096  3096 I cast_shell: [3099:3148:INFO:mdns_util.cc(102)] Defaulting mDNS capabilities for audio-only build
04-07 21:24:51.711  3096  3096 I cast_shell: [3099:3099:INFO:mdns_manager_impl.cc(429)] Successfully updated service: type=_googlecast
04-07 21:24:51.711  3096  3096 I cast_shell: [3099:3099:INFO:virtual_device.cc(296)] Updated mDNS service for virtual device: id=09b2041d-5a67-b905-f088-5ee8bb7aaab7
04-07 21:24:51.711  3096  3096 I cast_shell: [3099:3099:INFO:mdns_manager_impl.cc(429)] Successfully updated service: type=_googlecast
04-07 21:24:51.711  3096  3096 I cast_shell: [3099:3099:INFO:virtual_device.cc(296)] Updated mDNS service for virtual device: id=09b2041d-5a67-b905-f088-5ee8bb7aaab7
04-07 21:24:51.713  2966  3174 I LibreCastControlDelegate: OnCastStatus() +++ AAA speaker:0xabd84198:NOT_SETUP
04-07 21:24:51.713  2966  3174 I LibreCastControlDelegate: Device Build Number -> '1.52.272222'
04-07 21:24:51.713  2966  3174 I librecast: updateCastBuildVersion() Version 1.52.272222
04-07 21:24:51.713  2711  2711 I lucitransport: readRemoteMessage() MID char = 7 buffer = 1.52.272222
04-07 21:24:51.713  2966  3174 I LibreCastControlDelegate: Active Applications -> 0
04-07 21:24:51.713  2966  3174 I LibreCastControlDelegate: Current Cast State '2' -> 'NOT_SETUP'
04-07 21:24:51.713  2966  3174 I LibreCastControlDelegate: OnCastStatus() ---
04-07 21:24:51.714  2966  3174 I LibreCastControlDelegate: OnCastStatus() +++ AAA speaker:0xabd84198:NOT_SETUP
04-07 21:24:51.714  2966  3174 I LibreCastControlDelegate: Device Build Number -> '1.52.272222'
04-07 21:24:51.714  2966  3174 I librecast: updateCastBuildVersion() Version 1.52.272222
04-07 21:24:51.714  2711  2711 I lucitransport: readRemoteMessage() MID char = 7 buffer = 1.52.272222
04-07 21:24:51.766  3096  3096 I cast_shell: [3099:3138:INFO:ble_setup.cc(322)] Record action: Setup.save_wifi.BLE
04-07 21:24:51.767  3096  3096 I cast_shell: [3099:3138:INFO:wifi_controller_wpa_supplicant.cc(692)] Clear bssid from config for network id 0
04-07 21:24:51.771  3096  3096 I cast_shell: [3099:3138:INFO:setup_manager_impl.cc(1725)] Report action: Wifi.FirstConfigured
04-07 21:24:52.191  3096  3096 I cast_shell: [3099:3107:INFO:parent_tracker.cc(237)] Network changed
04-07 21:24:52.191  3096  3096 I cast_shell: [3099:3138:INFO:local_network_info_impl.cc(435)] LNID_W changed:
04-07 21:24:52.192  3096  3096 I cast_shell: [3099:3107:INFO:parent_tracker.cc(135)] Now using local address [PII](192.168.1.106)
04-07 21:24:52.192  3096  3096 I cast_shell: [3099:3107:INFO:directory_service_impl.cc(200)] This device became root
04-07 21:24:52.193  3096  3096 I cast_shell: [3099:3107:INFO:parent_tracker.cc(237)] Network changed
04-07 21:24:52.193  3096  3096 I cast_shell: [3099:3107:INFO:parent_tracker.cc(132)] No need to recreate socket
04-07 21:24:52.197  3096  3096 I cast_shell: [3099:3162:INFO:net_util_impl.cc(582)] IP address: [PII](192.168.1.1) MAC address: [PII](C8:B3:73:44:AE:ED)
04-07 21:24:52.197  3096  3096 I cast_shell: [3099:3162:INFO:local_network_info_impl.cc(346)] LNID changed:
04-07 21:24:52.198  3096  3096 I cast_shell: [3099:3099:INFO:ccs_manager_impl.cc(1789)] LNID has changed; Will re-register CCS
04-07 21:24:52.202  3096  3096 I cast_shell: [3099:3162:INFO:net_util_impl.cc(582)] IP address: [PII](192.168.1.1) MAC address: [PII](C8:B3:73:44:AE:ED)
04-07 21:24:52.244  3096  3096 I cast_shell: [3099:3138:INFO:ble_setup.cc(789)] Missing required info for sign.
04-07 21:24:52.262  3096  3096 I cast_shell: [system_updater_dummy.cpp(139)] CheckUpdate 139
04-07 21:24:52.262  3096  3096 I cast_shell: [system_updater_dummy.cpp(148)] CheckUpdate 148 return
04-07 21:24:52.289  3096  3096 I cast_shell: [3099:3138:INFO:ble_setup.cc(915)] Sign related info completed, no future EurekaInfo need sign.
04-07 21:24:52.662  3096  3096 I cast_shell: [3099:3148:INFO:mdns_app_filter.cc(1403)] MdnsAppFilter: Done probing.
04-07 21:24:52.757  3096  3096 I cast_shell: [3099:3099:INFO:cast_receiver_impl.cc(1772)] System time changed. Schedule crl downloading if necessary.
04-07 21:24:52.757  3096  3096 I cast_shell: [3099:3099:INFO:crl_downloader.cc(366)] Downloading crl: url=https://clients5.google.com/cast/chromecast/device/crl
04-07 21:24:52.757  3096  3096 I cast_shell: [3099:3099:INFO:crypto_manager.cc(371)] Time changed, TLS cert still valid.
04-07 21:24:52.815  3096  3096 I cast_shell: [3099:3138:INFO:metrics_recorder.cc(282)] Record action: Setup.state.BLE
04-07 21:24:52.930  3096  3096 I cast_shell: [3099:3099:INFO:ccs_transport_gcm.cc(244)] Registered GCM handler
04-07 21:24:52.930  3096  3096 I cast_shell: [3099:3099:INFO:ccs_manager_impl.cc(1322)] Waiting for all transports to be enabled
04-07 21:24:52.961  3096  3096 I cast_shell: [3099:3135:INFO:snr_tracker.cc(50)] snr = 45
04-07 21:24:53.003  3096  3096 I cast_shell: [3099:3099:INFO:lycra_gcm.cc(212)] Registered GCM handler
04-07 21:24:53.286  3096  3096 I cast_shell: [system_updater_dummy.cpp(139)] CheckUpdate 139
04-07 21:24:53.286  3096  3096 I cast_shell: [system_updater_dummy.cpp(148)] CheckUpdate 148 return
04-07 21:24:53.554  3096  3096 I cast_shell: [3099:3107:INFO:heartbeat_manager.cc(272)] Set HBInterval default: 1680000
04-07 21:24:53.556  3096  3096 I cast_shell: [3099:3099:INFO:gcm_manager.cc(233)] GCM connection established.
04-07 21:24:53.557  3096  3096 I cast_shell: [3099:3109:INFO:crl_downloader.cc(155)] CRL processed.
04-07 21:24:53.559  3096  3096 I cast_shell: [3099:3109:INFO:metrics_recorder.cc(282)] cast event: Cast.CRL.DownloadSuccess
04-07 21:24:53.561  3096  3096 I cast_shell: [3099:3109:INFO:client_auth_signer.cc(211)] Cast certificate verification: CastCertError::OK
04-07 21:24:53.561  3096  3096 I cast_shell: [3099:3109:INFO:metrics_recorder.cc(282)] cast event: Cast.Auth.OK
