04-09 10:27:10.237  3062  3062 I cast_cli: [0408/215710.237215:INFO:package_utils.cc(186)] Run process_manager: /bin/logwrapper /system/chrome/process_manager --async --accept-resource-provider=true --alsa-enable-upsampling=true --alsa-output-avail-min=256 --alsa-output-buffer-size=4096 --alsa-output-period-size=512 --alsa-output-start-threshold=2048 --default-eureka-name-prefix=LSB --enable-background-apps=true --enable-hi-res-audio-support=true --enable-multizone=true --netif-for-unique-ids=wlan0 --ota-directory=/data/chrome/cache/ --setup-ssid-suffix=d256 --setup-support-guest-mode=0 --wpa-supplicant-unix-socket-path=/dev/socket/wpa_wlan0
04-09 10:27:10.265  3068  3068 I process_manager: [0408/215710.264847:INFO:process_manager.cc(348)] process manager initialized
04-09 10:27:10.265  3068  3068 I process_manager: [0408/215710.265292:INFO:process_manager.cc(399)] Process manager is starting
04-09 10:27:10.266  3068  3068 I process_manager: [0408/215710.265815:INFO:process_manager.cc(409)] Process manager successfully started with pid 3070
04-09 10:27:10.268  3062  3062 I cast_cli: [0408/215710.268356:INFO:cast_cli.cc(433)] Process manager successfully started as daemon
04-09 10:27:10.296  3070  3070 I process_manager: [0408/215710.295517:INFO:process_manager.cc(348)] process manager initialized
04-09 10:27:10.296  3070  3070 I process_manager: [0408/215710.296071:INFO:process_manager.cc(475)] Resuming manager from a previous state
04-09 10:27:10.329  3070  3070 I process_manager: [0408/215710.328899:INFO:package_utils.cc(186)] Run update_engine: /bin/logwrapper /system/chrome/update_engine --foreground --netif-for-unique-ids=eth0 --omaha-beta-app-id={c71af7c9-fb75-4084-9bb1-6483fae36524} --omaha-prod-app-id={c71af7c9-fb75-4084-9bb1-6483fae36524} --ota-directory=/chrome/cache/ --update-engine-unix-socket-path=/tmp/socket/updater --v=4 --netif-for-unique-ids=wlan0 --ota-directory=/data/chrome/cache/
04-09 10:27:10.330  3070  3070 I process_manager: [0408/215710.329905:INFO:package_utils.cc(186)] Run crash_uploader: /bin/logwrapper /system/chrome/crash_uploader
04-09 10:27:10.331  3070  3070 I process_manager: [0408/215710.330982:INFO:package_utils.cc(186)] Run cast_shell: /bin/logwrapper /system/chrome/cast_shell --accept-resource-provider=true --alsa-enable-upsampling=false --app-config-path=/fakeapp.conf --blink-platform-log-channels=Media --cast-control-unix-socket-path=/tmp/cast-control --default-eureka-name-prefix=Google Cast Speaker --disable-dial=true --disable-images-for-app-id=*|1B11061A --enable-background-apps=false --idle-screen=false --js-flags=--trace_gc --netif-for-unique-ids=eth0 --no-daily-reboot=true --ota-directory=/chrome/cache/ --setup-support-guest-mode=0 --skip-gpu-data-loading --update-engine-unix-socket-path=/tmp/socket/updater --accept-resource-provider=true --alsa-enable-upsampling=true --alsa-output-avail-min=256 --alsa-output-buffer-size=4096 --alsa-output-period-size=512 --alsa-output-start-threshold=2048 --default-eureka-name-prefix=LSB --enable-background-apps=true --enable-hi-res-audio-support=true --enable-multizone=true --netif-for-unique-ids=wlan0 --ota-directory=/data/chrome/cache/ --setup-ssid-suffix=d256 --setup-support-guest-mode=0 --wpa-supplicant-unix-socket-path=/dev/socket/wpa_wlan0
04-09 10:27:10.355  3073  3073 I crash_uploader: [0408/215710.354427:INFO:crash_uploader.cc(45)] Starting crash uploader...
04-09 10:27:10.357  3073  3073 I crash_uploader: [0408/215710.356881:ERROR:synchronized_minidump_manager.cc(251)] Lockfile did not parse correctly. 
04-09 10:27:10.362  3072  3072 I update_engine: [0408/215710.362082:INFO:main.cc(149)] Eureka Update Engine starting
04-09 10:27:10.363  3072  3072 I update_engine: [0408/215710.362833:INFO:update_check_scheduler.cc(77)] Next update check in 2700 seconds
04-09 10:27:10.363  3072  3072 I update_engine: [0408/215710.362978:INFO:string_based_ipc_server.cc(75)] Start IPC server: /tmp/socket/updater
04-09 10:27:10.363  3072  3072 I update_engine: [0408/215710.363154:INFO:unix_stream_server_socket.cc(62)] Unix server socket is created: /tmp/socket/updater
04-09 10:27:10.563  3074  3074 I cast_shell: [3077:3077:ERROR:pref_service_helper.cc(79)] Cannot initialize chromecast config: /data/chrome/.eureka.conf, pref_error=6
04-09 10:27:10.565  3074  3074 I cast_shell: [3077:3077:WARNING:discardable_shared_memory_manager.cc(194)] Less than 64MB of free space in temporary directory for shared memory files: 32
04-09 10:27:10.578  3074  3074 I cast_shell: Fontconfig warning: "/etc/fonts/fonts.conf", line 80: unknown element "blank"
04-09 10:27:10.765  3074  3074 I cast_shell: [3077:3077:INFO:cast_system_memory_pressure_evaluator.cc(167)] AdjustMemoryFractions: critical_memory_fraction_=0.25, moderate_memory_fraction_=0.4
04-09 10:27:10.772  3074  3074 I cast_shell: [3077:3077:INFO:cast_window_manager_aura.cc(198)] Starting window manager, bounds: 0,0 1x1
04-09 10:27:10.780  3074  3074 I cast_shell: [3077:3094:ERROR:mixer_connection.cc(91)] Failed to connect to mixer service: -102
04-09 10:27:10.780  3074  3074 I cast_shell: [3077:3077:WARNING:client_auth_manager.cc(94)] Old certificate is empty.
04-09 10:27:10.780  3074  3074 I cast_shell: [3077:3077:INFO:device_info_impl.cc(135)] [PII] Weave device ID: 
04-09 10:27:10.781  3074  3074 I cast_shell: [3077:3077:INFO:device_info_impl.cc(406)] MAC address for wlan0: CC:90:93:21:F3:84
04-09 10:27:10.782  3074  3074 I cast_shell: [3077:3077:INFO:device_info_impl.cc(431)] Device model id: COTODAMA.LS10 Platform.LSB
04-09 10:27:10.782  3074  3074 I cast_shell: [3077:3077:INFO:device_info_impl.cc(466)] Control Notifications: 0
04-09 10:27:10.782  3074  3074 I cast_shell: [3077:3077:ERROR:device_info_impl.cc(145)] Cannot read file: /data/bootid
04-09 10:27:10.782  3074  3074 I cast_shell: [3077:3077:INFO:device_info_impl.cc(482)] SSDP Boot ID: 0
04-09 10:27:10.782  3074  3074 I cast_shell: [3077:3077:INFO:device_info_impl.cc(486)] SSDP Config ID: 1
04-09 10:27:10.782  3074  3074 I cast_shell: [3077:3077:WARNING:secure_storage_impl.cc(85)] Device key not available yet.
04-09 10:27:10.782  3074  3074 I cast_shell: [3077:3077:INFO:cast_power_manager_provider.cc(26)] Creating DummyCastPowerManagerProvider
04-09 10:27:10.782  3074  3074 I cast_shell: [3077:3077:WARNING:auth_provider_impl.cc(72)] No IoT client_id found on the device. If device was FDRed please ignore this warning.
04-09 10:27:10.782  3074  3074 I cast_shell: [3077:3077:INFO:file_provider_impl.cc(67)] Initialized file provider with base dir: /data/chrome/auth
04-09 10:27:10.783  3074  3074 I cast_shell: [3077:3077:INFO:cast_power_manager_provider.cc(26)] Creating DummyCastPowerManagerProvider
04-09 10:27:10.783  3074  3074 I cast_shell: [3077:3077:INFO:cast_power_manager_provider.cc(26)] Creating DummyCastPowerManagerProvider
04-09 10:27:10.783  3074  3074 I cast_shell: [3077:3077:INFO:hds_broker_impl.cc(121)] HDS type registered type.googleapis.com/home.hds.proto.device.config.RefreshConfigRequest
04-09 10:27:10.783  3074  3074 I cast_shell: [3077:3077:INFO:preload_initiator_mdns.cc(92)] Preload type: mdns
04-09 10:27:10.783  3074  3074 I cast_shell: [3077:3077:WARNING:hds_settings.cc(104)] HDS URL has not been set through command line.
04-09 10:27:10.784  3074  3074 I cast_shell: [3077:3077:WARNING:volume_map.cc(55)] No cast audio config found; using default volume map.
04-09 10:27:10.784  3074  3074 I cast_shell: [3077:3077:INFO:saved_volumes.cc(63)] No saved volumes found
04-09 10:27:10.784  3074  3074 I cast_shell: [3077:3077:INFO:saved_volumes.cc(70)] Invalid JSON from /etc/cast_audio.json
04-09 10:27:10.785  3074  3074 I cast_shell: [3077:3097:INFO:stream_mixer.cc(194)] StreamMixer
04-09 10:27:10.786  3074  3074 I cast_shell: [3077:3097:INFO:stream_mixer.cc(222)] Mixer health checker started
04-09 10:27:10.786  3074  3074 I cast_shell: [3077:3097:WARNING:post_processing_pipeline_parser.cc(65)] No post-processing config found at /etc/cast_audio.json.
04-09 10:27:10.786  3074  3074 I cast_shell: [3077:3097:WARNING:post_processing_pipeline_parser.cc(133)] No post-processor description found for "mix" in /etc/cast_audio.json. Using passthrough.
04-09 10:27:10.786  3074  3074 I cast_shell: [3077:3097:INFO:mixer_pipeline.cc(103)] 2 input channels to 'mix' group
04-09 10:27:10.786  3074  3074 I cast_shell: [3077:3097:WARNING:post_processing_pipeline_parser.cc(133)] No post-processor description found for "linearize" in /etc/cast_audio.json. Using passthrough.
04-09 10:27:10.786  3074  3074 I cast_shell: [3077:3097:INFO:mixer_pipeline.cc(124)] 2 input channels to 'linearize' group
04-09 10:27:10.786  3074  3074 I cast_shell: [3077:3097:INFO:alsa_volume_control.cc(43)] Opening mixer element "Master" on device "default"
04-09 10:27:10.788  3074  3074 I cast_shell: [3077:3098:INFO:stream_mixer.cc(121)] Actual priority = 99, policy = 1
04-09 10:27:10.789  3074  3074 I cast_shell: [3077:3099:INFO:audio_socket_service_uds.cc(44)] Using endpoint /tmp/mixer-service
04-09 10:27:10.793  3074  3074 I cast_shell: [3077:3097:INFO:alsa_volume_control.cc(219)] Volume device = default, element = Master
04-09 10:27:10.793  3074  3074 I cast_shell: [3077:3097:INFO:alsa_volume_control.cc(221)] Mute device = default, element = Master
04-09 10:27:10.793  3074  3074 I cast_shell: [3077:3097:INFO:alsa_volume_control.cc(234)] Idle device = default, elements = []
04-09 10:27:10.793  3074  3074 I cast_shell: [3077:3097:INFO:alsa_volume_control.cc(43)] Opening mixer element "Master" on device "default"
04-09 10:27:10.797  3074  3074 I cast_shell: [3077:3077:INFO:multizone_manager.cc(330)] Multizone features are enabled
04-09 10:27:10.797  3074  3074 I cast_shell: [3077:3077:INFO:cast_power_manager_provider.cc(26)] Creating DummyCastPowerManagerProvider
04-09 10:27:10.797  3074  3074 I cast_shell: [3077:3077:INFO:update_engine_client_with_ipc.cc(343)] Using IPC UpdateEngineClient
04-09 10:27:10.798  3077  3077 E         : Create
04-09 10:27:10.798  3077  3077 E         : OOBE IsSupported
04-09 10:27:10.798  3074  3074 I cast_shell: [3077:3085:INFO:parent_tracker.cc(90)] [PII](BBE1E697EA6961353A6BB83E354AE7B4) has hash 4155496307, root wait is 0.324731 s
04-09 10:27:10.798  3074  3074 I cast_shell: [3077:3085:INFO:parent_tracker.cc(120)] Can't use IPv4
04-09 10:27:10.799  3074  3074 I cast_shell: [3077:3085:INFO:parent_tracker.cc(124)] Can't use IPv6
04-09 10:27:10.799  3074  3074 I cast_shell: [3077:3085:ERROR:parent_tracker.cc(125)] No valid interface for multicast
04-09 10:27:10.800  3074  3074 I cast_shell: [3077:3085:INFO:directory_service_impl.cc(168)] Boot count is now 1
04-09 10:27:10.800  3074  3074 I cast_shell: [3077:3085:ERROR:socket_posix.cc(148)] bind() failed: Address already in use (98)
04-09 10:27:10.800  3074  3074 I cast_shell: [3077:3085:ERROR:tcp_listener.cc(64)] Listen failed: net::ERR_ADDRESS_IN_USE : 0.0.0.0:10101
04-09 10:27:10.800  3074  3074 I cast_shell: [3077:3085:ERROR:directory_service_impl.cc(213)] TCP listener error: -1
04-09 10:27:10.801  3074  3074 I cast_shell: [3077:3077:INFO:chromecast_service_client_default.cc(75)] System updater is supported, and this is first setup.
04-09 10:27:10.801  3074  3074 I cast_shell: [3077:3077:INFO:managed_mode_service.cc(345)] Starting in managed mode: 0
04-09 10:27:10.802  3074  3074 I cast_shell: [3077:3077:INFO:platform_client_auth_creds.cc(114)] Loaded client certificate. Key len = 2048 bits. Chain len = 2 (source FROM_CERT).
04-09 10:27:10.804  3074  3074 I cast_shell: [3077:3077:INFO:grpc_manager_impl.cc(245)] Registered service chromecast.LocalCloudcastService
04-09 10:27:10.804  3074  3074 I cast_shell: [3077:3077:INFO:grpc_manager_impl.cc(262)] Registered a handler ExecuteActionScript for service chromecast.LocalCloudcastService
04-09 10:27:10.804  3074  3074 I cast_shell: [3077:3077:INFO:grpc_manager_impl.cc(262)] Registered a handler ObserveDeviceStatus for service chromecast.LocalCloudcastService
04-09 10:27:10.804  3074  3074 I cast_shell: [3077:3077:INFO:grpc_manager_impl.cc(262)] Registered a handler GetDeviceStatus for service chromecast.LocalCloudcastService
04-09 10:27:10.805  3074  3074 I cast_shell: [3077:3077:INFO:grpc_manager_impl.cc(505)] GRPC[uri=[::]:0]: num_pending_calls=0, num_active_handlers=0, num_free_handlers=0
04-09 10:27:10.805  3074  3074 I cast_shell: [3077:3077:INFO:cast_power_manager_provider.cc(26)] Creating DummyCastPowerManagerProvider
04-09 10:27:10.805  3074  3074 I cast_shell: [3077:3077:INFO:cast_power_manager_provider.cc(26)] Creating DummyCastPowerManagerProvider
04-09 10:27:10.805  3074  3074 I cast_shell: [3077:3077:INFO:gcm_manager.cc(140)] GCM Dir = /data/chrome/gcm
04-09 10:27:10.805  3074  3074 I cast_shell: [3077:3077:INFO:gcm_manager.cc(258)] Enabling GCM Driver
04-09 10:27:10.806  3074  3074 I cast_shell: [3077:3077:INFO:grpc_manager_impl.cc(505)] GRPC[uri=]: num_pending_calls=0, num_active_handlers=0, num_free_handlers=0
04-09 10:27:10.806  3074  3074 I cast_shell: [3077:3077:INFO:lycra_gcm.cc(117)] Deferring GCM registration until connectivity is up.
04-09 10:27:10.890  3074  3074 I cast_shell: [3077:3077:WARNING:cloud_settings_manager.cc(513)] Cannot initialize device settings config: /data/chrome/cloud_settings/cloud_settings.prefs, pref_error=6
04-09 10:27:10.890  3074  3074 I cast_shell: [3077:3077:INFO:cloud_settings_manager.cc(195)] Cloud settings is disabled.
04-09 10:27:10.891  3074  3074 I cast_shell: [3077:3077:INFO:pref_metrics_manager.cc(66)] PrefMetricsManager started.
04-09 10:27:10.891  3074  3074 I cast_shell: [3077:3077:INFO:pref_control_service_impl.cc(142)] Loading prefs from /data/chrome/pref_control/pref_control.prefs
04-09 10:27:10.892  3074  3074 I cast_shell: [3077:3077:INFO:pref_control_service_impl.cc(602)] Registering pref Pref [Name:motion_sensing_pref,RestoreValue:1,ForceEnableParent:1,Value:1,Optin:1]
04-09 10:27:10.892  3074  3074 I cast_shell: [3077:3077:INFO:pref_control_service_impl.cc(602)] Registering pref Pref [Name:sleep_sensing_pref,RestoreValue:0,ForceEnableParent:1,Value:1,Optin:0]
04-09 10:27:10.892  3074  3074 I cast_shell: [3077:3077:INFO:pref_control_service_impl.cc(602)] Registering pref Pref [Name:sleep_disturbance_pref,RestoreValue:1,ForceEnableParent:0,Value:1,Optin:0]
04-09 10:27:10.892  3074  3074 I cast_shell: [3077:3077:INFO:pref_control_service_impl.cc(602)] Registering pref Pref [Name:sleep_coaching_pref,RestoreValue:1,ForceEnableParent:0,Value:1,Optin:0]
04-09 10:27:10.892  3074  3074 I cast_shell: [3077:3077:INFO:pref_control_service_impl.cc(602)] Registering pref Pref [Name:gesture_sensing_pref,RestoreValue:0,ForceEnableParent:1,Value:1,Optin:0]
04-09 10:27:10.892  3074  3074 I cast_shell: [3077:3077:INFO:pref_control_service_impl.cc(602)] Registering pref Pref [Name:play_and_pause_gesture_pref,RestoreValue:1,ForceEnableParent:0,Value:1,Optin:0]
04-09 10:27:10.892  3074  3074 I cast_shell: [3077:3077:INFO:pref_control_service_impl.cc(602)] Registering pref Pref [Name:snooze_alarm_gesture_pref,RestoreValue:1,ForceEnableParent:0,Value:1,Optin:0]
04-09 10:27:10.892  3074  3074 I cast_shell: [3077:3077:INFO:pref_control_service_impl.cc(602)] Registering pref Pref [Name:stop_timers_gesture_pref,RestoreValue:1,ForceEnableParent:0,Value:1,Optin:0]
04-09 10:27:10.892  3074  3074 I cast_shell: [3077:3077:INFO:pref_metrics_manager.cc(94)] Adding motion_sensing_pref to PrefMetricsManager.
04-09 10:27:10.892  3074  3074 I cast_shell: [3077:3077:INFO:pref_metrics_manager.cc(94)] Adding sleep_sensing_pref to PrefMetricsManager.
04-09 10:27:10.892  3074  3074 I cast_shell: [3077:3077:INFO:pref_metrics_manager.cc(94)] Adding sleep_disturbance_pref to PrefMetricsManager.
04-09 10:27:10.892  3074  3074 I cast_shell: [3077:3077:INFO:pref_metrics_manager.cc(94)] Adding sleep_coaching_pref to PrefMetricsManager.
04-09 10:27:10.892  3074  3074 I cast_shell: [3077:3077:INFO:grpc_manager_impl.cc(245)] Registered service chromecast.grpc_discovery.GrpcDiscoveryService
04-09 10:27:10.893  3074  3074 I cast_shell: [3077:3077:INFO:grpc_manager_impl.cc(262)] Registered a handler GetServiceInfo for service chromecast.grpc_discovery.GrpcDiscoveryService
04-09 10:27:10.893  3074  3074 I cast_shell: [3077:3077:INFO:grpc_manager_impl.cc(505)] GRPC[uri=unix:/tmp/hcp_ipc_auth.socket]: num_pending_calls=0, num_active_handlers=0, num_free_handlers=0
04-09 10:27:10.893  3074  3074 I cast_shell: [3077:3077:INFO:grpc_manager_impl.cc(245)] Registered service usonia.ipc.Auth
04-09 10:27:10.893  3074  3074 I cast_shell: [3077:3077:INFO:grpc_manager_impl.cc(262)] Registered a handler Sign for service usonia.ipc.Auth
04-09 10:27:10.893  3074  3074 I cast_shell: [3077:3077:INFO:grpc_manager_impl.cc(262)] Registered a handler Verify for service usonia.ipc.Auth
04-09 10:27:10.893  3074  3074 I cast_shell: [3077:3077:INFO:grpc_manager_impl.cc(262)] Registered a handler AuthReady for service usonia.ipc.Auth
04-09 10:27:10.894  3074  3074 I cast_shell: [3077:3077:INFO:grpc_manager_impl.cc(245)] Registered service usonia.ipc.DistributedServiceDiscovery
04-09 10:27:10.894  3074  3074 I cast_shell: [3077:3077:INFO:grpc_manager_impl.cc(262)] Registered a handler UpdateServiceObservers for service usonia.ipc.DistributedServiceDiscovery
04-09 10:27:10.894  3074  3074 I cast_shell: [3077:3077:INFO:grpc_manager_impl.cc(262)] Registered a handler FetchAllPeerAddressList for service usonia.ipc.DistributedServiceDiscovery
04-09 10:27:10.894  3074  3074 I cast_shell: [3077:3077:INFO:grpc_manager_impl.cc(262)] Registered a handler ResolvePeerAddress for service usonia.ipc.DistributedServiceDiscovery
04-09 10:27:10.894  3074  3074 I cast_shell: [3077:3077:INFO:grpc_manager_impl.cc(262)] Registered a handler AddService for service usonia.ipc.DistributedServiceDiscovery
04-09 10:27:10.894  3074  3074 I cast_shell: [3077:3077:INFO:grpc_manager_impl.cc(262)] Registered a handler IsServiceAllowed for service usonia.ipc.DistributedServiceDiscovery
04-09 10:27:10.894  3074  3074 I cast_shell: [3077:3077:INFO:grpc_manager_impl.cc(245)] Registered service usonia.ipc.LeaderElector
04-09 10:27:10.894  3074  3074 I cast_shell: [3077:3077:INFO:grpc_manager_impl.cc(262)] Registered a handler LeaderElection for service usonia.ipc.LeaderElector
04-09 10:27:10.894  3074  3074 I cast_shell: [3077:3077:INFO:grpc_manager_impl.cc(245)] Registered service usonia.ipc.TimeSynchronizer
04-09 10:27:10.894  3074  3074 I cast_shell: [3077:3077:INFO:grpc_manager_impl.cc(262)] Registered a handler ObserveCommonTime for service usonia.ipc.TimeSynchronizer
04-09 10:27:10.895  3074  3074 I cast_shell: [3077:3077:INFO:grpc_manager_impl.cc(317)] Grpc server started in port 1
04-09 10:27:10.896  3074  3074 I cast_shell: [3077:3077:INFO:sensor_pref_manager.cc(84)] SensorPrefManager is disabled.
04-09 10:27:10.897  3074  3074 I cast_shell: [3077:3112:INFO:common_time.cc(128)] New common clock leader BBE1E697EA6961353A6BB83E354AE7B4, is_this_device = 1, IP = [::1]:10006, quality = 0
04-09 10:27:10.897  3074  3074 I cast_shell: [3077:3112:INFO:common_time.cc(158)] Set this device as common time source
04-09 10:27:10.897  3074  3074 I cast_shell: [3077:3077:INFO:remote_ducking_receiver.cc(183)] remote ducking: starting receiver.
04-09 10:27:10.898  3074  3074 I cast_shell: [3077:3077:INFO:grpc_manager_impl.cc(505)] GRPC[uri=unix:/tmp/modular_updater/modular_update_service]: num_pending_calls=0, num_active_handlers=0, num_free_handlers=0
04-09 10:27:10.898  3074  3074 I cast_shell: [3077:3077:INFO:cast_power_manager_provider.cc(26)] Creating DummyCastPowerManagerProvider
04-09 10:27:10.905  3074  3074 I cast_shell: [3077:3077:INFO:timezone_settings.cc(288)] Setting system timezone to America/Los_Angeles
04-09 10:27:10.906  3074  3074 I cast_shell: [3077:3077:INFO:daily_reboot_impl.cc(172)] Daily reboot is disabled
04-09 10:27:10.906  3074  3074 I cast_shell: [3077:3077:INFO:api_reboot.cc(321)] active_activities count=1
04-09 10:27:10.907  3074  3074 I cast_shell: [3077:3087:INFO:gamma_utils.cc(31)] Gamma calibration file is not present, use default LUT
04-09 10:27:10.907  3074  3074 I cast_shell: [3077:3077:INFO:cast_power_manager_provider.cc(26)] Creating DummyCastPowerManagerProvider
04-09 10:27:10.907  3074  3074 I chatty  : uid=1000(chrome) /bin/logwrapper identical 1 line
04-09 10:27:10.908  3074  3074 I cast_shell: [3077:3077:INFO:cast_power_manager_provider.cc(26)] Creating DummyCastPowerManagerProvider
04-09 10:27:10.910  3074  3074 I cast_shell: [3077:3087:INFO:tuning_manager.cc(118)] No file found at /etc/cast_audio.json
04-09 10:27:10.910  3074  3074 I cast_shell: [3077:3087:INFO:tuning_manager.cc(130)] No file found at /etc/cast_audio.json
04-09 10:27:10.910  3074  3074 I cast_shell: [3077:3077:INFO:setup_api_registry.cc(192)] Register external API: audio/delete_config
04-09 10:27:10.911  3074  3074 I cast_shell: [3077:3077:INFO:setup_api_registry.cc(192)] Register external API: audio/get_avail_processors
04-09 10:27:10.911  3074  3074 I cast_shell: [3077:3077:INFO:setup_api_registry.cc(192)] Register external API: audio/get_config
04-09 10:27:10.911  3074  3074 I cast_shell: [3077:3077:INFO:setup_api_registry.cc(192)] Register external API: audio/get_default_config
04-09 10:27:10.911  3074  3074 I cast_shell: [3077:3077:INFO:setup_api_registry.cc(192)] Register external API: audio/set_params
04-09 10:27:10.911  3074  3074 I cast_shell: [3077:3077:INFO:setup_api_registry.cc(192)] Register external API: audio/set_config
04-09 10:27:10.911  3074  3074 I cast_shell: [3077:3077:INFO:setup_api_registry.cc(192)] Register external API: user_eq/set_equalizer
04-09 10:27:10.912  3074  3074 I cast_shell: [3077:3077:INFO:capture_service_dummy.cc(11)] Dummy CaptureService.
04-09 10:27:10.915  3074  3074 I cast_shell: [3077:3077:INFO:setup_api_registry.cc(192)] Register external API: auto_media_volume
04-09 10:27:10.916  3074  3074 I cast_shell: [3077:3077:INFO:cast_thread_health_check.cc(53)] Receiver health check timeout: 15 seconds.
04-09 10:27:10.917  3074  3074 I cast_shell: [3077:3077:INFO:file_util.cc(28)] base_assistant_dir = /data/chrome
04-09 10:27:10.917  3074  3074 I cast_shell: [3077:3077:INFO:chromecast_service.cc(2189)] Geolocation changed to: 0
04-09 10:27:10.918  3074  3074 I cast_shell: [3077:3077:INFO:chromecast_service.cc(2229)] AoGH feature is: 0
04-09 10:27:10.918  3074  3074 I cast_shell: [3077:3077:INFO:chromecast_service.cc(2248)] Playback disruption feature is: 0
04-09 10:27:10.923  3074  3074 I cast_shell: [3077:3077:INFO:metrics_recorder.cc(112)] Metrics stat: total=0
04-09 10:27:10.924  3074  3074 I cast_shell: [3077:3100:INFO:media_manager_impl.cc(1043)] New device volume control type: new_type=1, old_type=0
04-09 10:27:10.924  3074  3074 I cast_shell: [3077:3100:INFO:media_manager_impl.cc(1066)] New device volume step interval: new_interval=0.02, old_interval=0
04-09 10:27:10.924  3074  3074 I cast_shell: [3077:3100:ERROR:media_manager_impl.cc(1294)] GetScreenResolution failed.
04-09 10:27:10.924  3074  3074 I cast_shell: [3077:3100:INFO:media_manager_impl.cc(343)] Media manager is initialized.
04-09 10:27:10.924  3074  3074 I cast_shell: [3077:3077:INFO:media_manager_impl.cc(269)] IsHdmiPlatform: 0
04-09 10:27:10.925  3074  3074 I cast_shell: [3077:3077:INFO:hds_settings.cc(136)] HdsSettings using HDS url https://preprod-home-devices.sandbox.google.com/
04-09 10:27:10.926  3074  3074 I cast_shell: [3077:3077:INFO:client_auth_creds.cc(173)] Device cert: 4D8AC5B9056A76852E4F FA:8F:CA:87:13:D1
04-09 10:27:10.926  3074  3074 I cast_shell: [3077:3077:INFO:client_auth_creds.cc(182)] Intermediate cert: LSB
04-09 10:27:10.926  3074  3074 I cast_shell: [3077:3077:INFO:client_auth_creds.cc(182)] Intermediate cert: Amlogic GVA Manufacturer Cert
04-09 10:27:10.926  3074  3074 I cast_shell: [3077:3077:INFO:client_auth_creds.cc(226)] Imported client auth cert.
04-09 10:27:10.926  3074  3074 I cast_shell: [3077:3077:INFO:client_auth_creds.cc(237)] Imported client auth private key
04-09 10:27:10.926  3074  3074 I cast_shell: [3077:3077:INFO:client_auth_signer.cc(155)] Created singleton instance of ClientAuthSigner.
04-09 10:27:10.926  3074  3074 I cast_shell: [3077:3077:INFO:client_auth_manager.cc(119)] Storing the certificate first used by the device.
04-09 10:27:10.956  3074  3074 I cast_shell: [3077:3077:WARNING:application_config_manager_impl.cc(253)] Cannot read application config file: /fakeapp.conf
04-09 10:27:10.956  3074  3074 I cast_shell: [3077:3077:INFO:application_manager_impl.cc(398)] Application manager is initialized.
04-09 10:27:10.957  3074  3074 I cast_shell: [3077:3077:INFO:mdns_cast_service.cc(156)] Device discovery state is idle
04-09 10:27:10.957  3074  3074 I cast_shell: [3077:3077:INFO:mdns_manager_impl.cc(177)] MdnsManager is initialized
04-09 10:27:10.957  3074  3074 I cast_shell: [3077:3125:INFO:mdns_app_filter.cc(573)] MdnsAppFilter initialized
04-09 10:27:10.958  3074  3074 I cast_shell: [3077:3077:INFO:config_downloader.cc(239)] Set config periodic interval: min=300, max=420
04-09 10:27:10.958  3074  3074 I cast_shell: [3077:3125:INFO:discovered_service_client.cc(102)] Registering new service PTR listener: _googlecast._tcp.local
04-09 10:27:10.958  3074  3074 I cast_shell: [3077:3126:INFO:v2_transport.cc(458)] Added Cast V2 endpoint: id=Tr@n$p0rt-0, socket_factory_id=[PII](*)
04-09 10:27:10.958  3074  3074 I cast_shell: [3077:3126:INFO:endpoint_with_namespace_handler.cc(103)] Added a namespace handler: local_id=Tr@n$p0rt-0, namespace=urn:x-cast:com.google.cast.tp.connection
04-09 10:27:10.958  3074  3074 I cast_shell: [3077:3126:INFO:endpoint_with_namespace_handler.cc(103)] Added a namespace handler: local_id=Tr@n$p0rt-0, namespace=urn:x-cast:com.google.cast.tp.heartbeat
04-09 10:27:10.958  3074  3074 I cast_shell: [3077:3126:INFO:endpoint_with_namespace_handler.cc(103)] Added a namespace handler: local_id=Tr@n$p0rt-0, namespace=urn:x-cast:com.google.cast.tp.deviceauth
04-09 10:27:10.958  3074  3074 I cast_shell: [3077:3126:INFO:v2_transport.cc(335)] V2Transport initialized.
04-09 10:27:10.958  3074  3074 I cast_shell: [3077:3077:INFO:crl_downloader.cc(274)] Set CRL periodic interval: min=2160, max=2880
04-09 10:27:10.959  3074  3074 I cast_shell: [3077:3077:INFO:hds_broker_impl.cc(121)] HDS type registered type.googleapis.com/home.hds.proto.device.relayedcasting.RelayedCastingPleaseConnectRequest
04-09 10:27:10.959  3074  3074 I cast_shell: [3077:3126:INFO:v2_transport.cc(411)] Added socket factory: id=domain-socket@/tmp/cast-control
04-09 10:27:10.959  3074  3074 I cast_shell: [3077:3126:INFO:v2_transport.cc(411)] Added socket factory: id=opencast-socket
04-09 10:27:10.960  3074  3074 I cast_shell: [3077:3077:INFO:mdns_util.cc(102)] Defaulting mDNS capabilities for audio-only build
04-09 10:27:10.960  3074  3074 I cast_shell: [3077:3126:INFO:v2_transport.cc(458)] Added Cast V2 endpoint: id=receiver-a447e61c-8082-5600-a3ca-073fb064d437, socket_factory_id=[PII](a447e61c-8082-5600-a3ca-073fb064d437)
04-09 10:27:10.960  3074  3074 I cast_shell: [3077:3126:INFO:endpoint_with_namespace_handler.cc(103)] Added a namespace handler: local_id=receiver-a447e61c-8082-5600-a3ca-073fb064d437, namespace=urn:x-cast:com.google.cast.receiver
04-09 10:27:10.960  3074  3074 I cast_shell: [3077:3126:INFO:endpoint_with_namespace_handler.cc(103)] Added a namespace handler: local_id=receiver-a447e61c-8082-5600-a3ca-073fb064d437, namespace=urn:x-cast:com.google.cast.receiver.discovery
04-09 10:27:10.960  3074  3074 I cast_shell: [3077:3126:INFO:endpoint_with_namespace_handler.cc(103)] Added a namespace handler: local_id=receiver-a447e61c-8082-5600-a3ca-073fb064d437, namespace=urn:x-cast:com.google.cast.receiver.debug
04-09 10:27:10.960  3074  3074 I cast_shell: [3077:3077:INFO:virtual_device_manager.cc(138)] Added virtual device: id=[PII](a447e61c-8082-5600-a3ca-073fb064d437)
04-09 10:27:10.960  3074  3074 I cast_shell: [3077:3126:INFO:v2_transport.cc(411)] Added socket factory: id=a447e61c-8082-5600-a3ca-073fb064d437
04-09 10:27:10.960  3074  3074 I cast_shell: [3077:3077:INFO:ccs_manager_impl.cc(522)] Added CCS device
04-09 10:27:10.960  3074  3074 I cast_shell: [3077:3077:INFO:ccs_manager_impl.cc(523)] [PII] device_id=BBE1E697EA6961353A6BB83E354AE7B4
04-09 10:27:10.961  3074  3074 I cast_shell: [3077:3077:INFO:ccs_manager_impl.cc(838)] Device model revision set to 0
04-09 10:27:10.961  3074  3074 I cast_shell: [3077:3126:INFO:endpoint_with_namespace_handler.cc(103)] Added a namespace handler: local_id=receiver-a447e61c-8082-5600-a3ca-073fb064d437, namespace=urn:x-cast:com.google.cast.resource
04-09 10:27:10.961  3074  3074 I cast_shell: [3077:3125:INFO:discovered_service_client.cc(102)] Registering new service PTR listener: _googlerpc._tcp.local
04-09 10:27:10.962  2731  2740 W HotspotManager: hotspot already stopped
04-09 10:27:10.962  3074  3074 I cast_shell: [3077:3087:INFO:hotspot_controller_netmgr.cc(134)] Hotspot socket initialized: /dev/socket/net_mgr
04-09 10:27:10.962  3074  3074 I cast_shell: [3077:3087:INFO:hotspot_manager.cc(103)] Stop zombie hotspot if there is one
04-09 10:27:10.966  3074  3074 I cast_shell: [3077:3115:INFO:net_util_shlib_support.cc(51)] Wifi interface found: wlan0
04-09 10:27:10.966  3074  3074 I cast_shell: [3077:3115:INFO:net_util_shlib_support.cc(51)] Wifi interface found: p2p0
04-09 10:27:10.966  3074  3074 I cast_shell: [3077:3115:INFO:net_util_shlib_support.cc(51)] Wifi interface found: p2p1
04-09 10:27:10.966  3074  3074 I cast_shell: [3077:3115:INFO:net_util_shlib_support.cc(51)] Wifi interface found: wfd0
04-09 10:27:10.971  3074  3074 I cast_shell: [3077:3077:WARNING:cast_crypto_keys_openssl_shlib.cc(70)] No valid ESN read.
04-09 10:27:10.983  2711  2723 I yani_server: NetLink Event '-1' Interface-Index '5' WLAN '0' Ethernet '-1' Parsed-iFill '-1' -> 'INVALID' ifIndex '1' -> 'lo'
04-09 10:27:10.998  2733  2811 I bluetoothtbd: [0408/215710.998556:INFO:gatt_api.cc(1005)] GATT_Register
04-09 10:27:10.998  2733  2811 I bluetoothtbd: [0408/215710.998785:INFO:gatt_api.cc(1028)] allocated gatt_if=4
04-09 10:27:11.004  2733  2811 E bt_btif : register application first_unuse rcb_idx = 0
04-09 10:27:11.004  2733  2811 I bluetoothtbd: [0408/215711.004837:INFO:gatt_api.cc(1005)] GATT_Register
04-09 10:27:11.004  2733  2811 I bluetoothtbd: [0408/215711.004944:INFO:gatt_api.cc(1028)] allocated gatt_if=5
04-09 10:27:11.012  2733  2763 I bluetoothtbd: [0408/215711.012077:INFO:adapter.cc(551)] Adapter properties changed
04-09 10:27:11.012  2733  2763 I bluetoothtbd: [0408/215711.012242:INFO:adapter.cc(573)] Adapter name changed
04-09 10:27:11.012  2733  2811 I bluetoothtbd: [0408/215711.012567:INFO:gatt_api.cc(1005)] GATT_Register
04-09 10:27:11.012  2733  2811 I bluetoothtbd: [0408/215711.012691:INFO:gatt_api.cc(1028)] allocated gatt_if=6
04-09 10:27:11.013  2733  2763 I bluetoothtbd: [0408/215711.013084:INFO:adapter.cc(551)] Adapter properties changed
04-09 10:27:11.014  3074  3074 I cast_shell: [3077:3077:INFO:input_manager_impl.cc(284)] RegisterInput: device_id: cast, type: 0, state: 0
04-09 10:27:11.014  3074  3074 I cast_shell: [3077:3126:INFO:endpoint_with_namespace_handler.cc(103)] Added a namespace handler: local_id=receiver-a447e61c-8082-5600-a3ca-073fb064d437, namespace=urn:x-cast:com.google.cast.audio.input
04-09 10:27:11.014  3074  3074 I cast_shell: [3077:3077:INFO:input_manager_impl.cc(308)] NotifyInputConnect: device_id: cast, sample_rate: 0, num_channels: 0
04-09 10:27:11.014  3074  3074 I cast_shell: [3077:3077:INFO:input_manager_impl.cc(370)] SetActiveInput: cast
04-09 10:27:11.015  2733  2763 I bluetoothtbd: [0408/215711.015131:INFO:adapter.cc(551)] Adapter properties changed
04-09 10:27:11.015  3074  3074 I cast_shell: [3077:3077:INFO:bluetooth_setup.cc(690)] Disabling connectability.
04-09 10:27:11.016  2733  2763 I bluetoothtbd: [0408/215711.016060:INFO:adapter.cc(551)] Adapter properties changed
04-09 10:27:11.016  2733  2763 E bluetoothtbd: [0408/215711.016179:ERROR:adapter.cc(608)] Invalid property length: 512
04-09 10:27:11.016  3074  3074 I cast_shell: [3077:3077:INFO:input_manager_impl.cc(284)] RegisterInput: device_id: bluetooth, type: 1, state: 0
04-09 10:27:11.017  3074  3074 I cast_shell: [3077:3115:INFO:gatt_client_manager_impl.cc(202)] Enabling GATT client connectability
04-09 10:27:11.017  3074  3074 I cast_shell: [3077:3115:INFO:setup_api_registry.cc(192)] Register external API: input/status
04-09 10:27:11.017  3074  3074 I cast_shell: [3077:3126:INFO:endpoint_with_namespace_handler.cc(103)] Added a namespace handler: local_id=receiver-a447e61c-8082-5600-a3ca-073fb064d437, namespace=urn:x-cast:com.google.cast.assistant
04-09 10:27:11.017  3074  3074 I cast_shell: [3077:3115:INFO:setup_api_registry.cc(192)] Register external API: input/set_active
04-09 10:27:11.017  3074  3074 I cast_shell: [3077:3077:INFO:robot_account_auth_manager.cc(295)] No backend type specified. Getting COS URL based on the build type instead.
04-09 10:27:11.017  3074  3074 I cast_shell: [3077:3126:INFO:endpoint_with_namespace_handler.cc(103)] Added a namespace handler: local_id=receiver-a447e61c-8082-5600-a3ca-073fb064d437, namespace=urn:x-cast:com.google.cast.companionauth
04-09 10:27:11.017  3074  3074 I cast_shell: [3077:3115:INFO:setup_api_registry.cc(192)] Register external API: input/debug_register
04-09 10:27:11.017  3074  3074 I cast_shell: [3077:3077:INFO:robot_account_auth_manager.cc(312)] Auth url: https://clients5.google.com/cast/orchestration/googleoauthtoken?rt=b
04-09 10:27:11.017  3074  3074 I cast_shell: [3077:3115:INFO:setup_api_registry.cc(192)] Register external API: input/debug_connect
04-09 10:27:11.017  3074  3074 I cast_shell: [3077:3126:INFO:endpoint_with_namespace_handler.cc(103)] Added a namespace handler: local_id=receiver-a447e61c-8082-5600-a3ca-073fb064d437, namespace=urn:x-cast:com.google.cast.companion
04-09 10:27:11.017  3074  3074 I cast_shell: [3077:3115:INFO:setup_api_registry.cc(192)] Register external API: input/debug_disconnect
04-09 10:27:11.017  3074  3074 I cast_shell: [3077:3126:INFO:endpoint_with_namespace_handler.cc(103)] Added a namespace handler: local_id=receiver-a447e61c-8082-5600-a3ca-073fb064d437, namespace=urn:x-cast:com.google.cast.timesync
04-09 10:27:11.017  3074  3074 I cast_shell: [3077:3077:WARNING:robot_account_auth_manager.cc(463)] Failed to initialize JWT for 38579375
04-09 10:27:11.017  3074  3074 I cast_shell: [3077:3077:INFO:queryable_data_registrar.cc(52)] Registering queryable data for managed mode as: 0
04-09 10:27:11.017  3074  3074 I cast_shell: [3077:3077:INFO:queryable_data_registrar.cc(59)] Registering enable_hls_sample_aes=1
04-09 10:27:11.017  3074  3074 I cast_shell: [3077:3077:INFO:queryable_data_registrar.cc(64)] Registering hls_sample_aes_init_segment
04-09 10:27:11.021  3074  3074 I cast_shell: [3077:3115:INFO:setup_api_registry.cc(192)] Register external API: bluetooth/bond
04-09 10:27:11.021  3074  3074 I cast_shell: [3077:3115:INFO:setup_api_registry.cc(192)] Register external API: bluetooth/connect
04-09 10:27:11.021  3074  3074 I cast_shell: [3077:3115:INFO:setup_api_registry.cc(192)] Register external API: bluetooth/discovery
04-09 10:27:11.021  3074  3074 I cast_shell: [3077:3115:INFO:setup_api_registry.cc(192)] Register external API: bluetooth/get_bonded
04-09 10:27:11.021  3074  3074 I cast_shell: [3077:3115:INFO:setup_api_registry.cc(192)] Register external API: bluetooth/scan
04-09 10:27:11.021  3074  3074 I cast_shell: [3077:3115:INFO:setup_api_registry.cc(192)] Register external API: bluetooth/scan_results
04-09 10:27:11.021  3074  3074 I cast_shell: [3077:3115:INFO:setup_api_registry.cc(192)] Register external API: bluetooth/set_connectable
04-09 10:27:11.021  3074  3074 I cast_shell: [3077:3115:INFO:setup_api_registry.cc(192)] Register external API: bluetooth/status
04-09 10:27:11.021  3074  3074 I cast_shell: [3077:3115:INFO:setup_api_registry.cc(192)] Register external API: bluetooth/le/connect
04-09 10:27:11.021  3074  3074 I cast_shell: [3077:3115:INFO:setup_api_registry.cc(192)] Register external API: bluetooth/le/pause_scan
04-09 10:27:11.021  3074  3074 I cast_shell: [3077:3115:INFO:setup_api_registry.cc(192)] Register external API: bluetooth/le/set_scan_parameters
04-09 10:27:11.021  3074  3074 I cast_shell: [3077:3115:INFO:setup_api_registry.cc(192)] Register external API: bluetooth/le/scan
04-09 10:27:11.021  3074  3074 I cast_shell: [3077:3115:INFO:setup_api_registry.cc(192)] Register external API: bluetooth/le/scan_results
04-09 10:27:11.021  3074  3074 I cast_shell: [3077:3115:INFO:setup_api_registry.cc(192)] Register external API: bluetooth/debug
04-09 10:27:11.021  3074  3074 I cast_shell: [3077:3115:INFO:setup_api_registry.cc(192)] Register external API: accessory/debug
04-09 10:27:11.021  3074  3074 I cast_shell: [3077:3094:ERROR:cast_media_shlib.cc(80)] snd_hctl_find_elem failed to find the rate offset element.
04-09 10:27:11.022  2733  2763 I bluetoothtbd: [0408/215711.022167:INFO:adapter.cc(551)] Adapter properties changed
04-09 10:27:11.022  3074  3074 I cast_shell: [3077:3115:INFO:bluetooth_manager.cc(1232)] [PII] Set device name to 'LSB7294'
04-09 10:27:11.022  3074  3074 I cast_shell: [3077:3115:INFO:wifi_proximity.cc(177)] Request scan.
04-09 10:27:11.022  2733  2763 I bluetoothtbd: [0408/215711.022422:INFO:adapter.cc(573)] Adapter name changed
04-09 10:27:11.026  3074  3074 I cast_shell: [3077:3077:ERROR:server.cc(243)] XDG_RUNTIME_DIR not set in the environment
04-09 10:27:11.026  3074  3074 I cast_shell: [3077:3077:ERROR:wayland_server_controller.cc(27)] Wayland server creation failed
04-09 10:27:11.026  3074  3074 I cast_shell: [3077:3077:WARNING:cast_metrics_service_client.cc(134)] Empty client id from platform, assuming this is the first boot up of a new device.
04-09 10:27:11.026  3074  3074 I cast_shell: [3077:3077:INFO:cast_metrics_service_client.cc(93)] Metrics client ID set: bda58f37-ef3a-499a-904a-002faff5fbe1
04-09 10:27:11.026  3074  3074 I cast_shell: [3077:3077:INFO:device_info_impl.cc(970)] Metrics client ID: bda58f37-ef3a-499a-904a-002faff5fbe1
04-09 10:27:11.027  3074  3074 I cast_shell: [3077:3077:INFO:cast_metrics_service_client.cc(93)] Metrics client ID set: bda58f37-ef3a-499a-904a-002faff5fbe1
04-09 10:27:11.027  3074  3074 I cast_shell: [3077:3077:INFO:device_info_impl.cc(970)] Metrics client ID: bda58f37-ef3a-499a-904a-002faff5fbe1
04-09 10:27:11.029  3074  3074 I cast_shell: [3077:3087:INFO:crypto_manager.cc(75)] Creating private key: size=2048
04-09 10:27:11.042  3074  3074 I cast_shell: [3077:3077:INFO:cast_receiver_impl.cc(828)] Cast receiver started.
04-09 10:27:11.042  3074  3074 I cast_shell: [3077:3077:WARNING:cast_receiver_impl.cc(1126)] Network is not globally connected. Don't schedule config downloading yet.
04-09 10:27:11.042  3074  3074 I cast_shell: [3077:3126:ERROR:socket_posix.cc(148)] bind() failed: Address already in use (98)
04-09 10:27:11.042  3074  3074 I cast_shell: [3077:3077:INFO:ccs_manager_impl.cc(663)] Starting cloud ipc activity with CCS
04-09 10:27:11.042  3074  3074 I cast_shell: [3077:3077:INFO:ccs_manager_impl.cc(1286)] CcsManagerImpl opt_in.cloud_ipc pref changed: 1
04-09 10:27:11.042  3074  3074 I cast_shell: [3077:3126:INFO:v2_ssl_socket.cc(775)] IPv6 socket probably supports both IPv4 and IPv6
04-09 10:27:11.042  3074  3074 I cast_shell: [3077:3077:INFO:ccs_manager_impl.cc(1322)] Waiting for all transports to be enabled
04-09 10:27:11.042  3074  3074 I cast_shell: [3077:3077:INFO:ccs_transport_gcm.cc(94)] Deferring GCM registration until connectivity is up
04-09 10:27:11.042  3074  3074 I cast_shell: [3077:3077:INFO:multizone_manager.cc(2397)] Resuming MultizoneManager
04-09 10:27:11.042  3074  3074 I cast_shell: [3077:3077:INFO:cast_receiver_impl.cc(934)] Cast receiver resumed.
04-09 10:27:11.042  3074  3074 I cast_shell: [3077:3077:WARNING:cast_receiver_impl.cc(1138)] Network is not globally connected. Don't schedule CRL downloading yet.
04-09 10:27:11.047  3074  3074 I cast_shell: [3077:3126:ERROR:broadcast_filter.cc(70)] Failed to join broadcast filter multicast group
04-09 10:27:11.047  3074  3074 I cast_shell: [3077:3126:WARNING:broadcast_filter.cc(120)] Failed to enable BroadcastFilter
04-09 10:27:11.047  3074  3074 I cast_shell: [3077:3077:WARNING:chromecast_service.cc(1807)] TOS not accepted yet
04-09 10:27:11.047  3074  3074 I cast_shell: [3077:3077:INFO:cast_receiver_impl.cc(1093)] Entering discovery-only mode
04-09 10:27:11.047  3074  3074 I cast_shell: [3077:3077:INFO:application_config_manager_impl.cc(575)] Disabling virtual device a447e61c-8082-5600-a3ca-073fb064d437
04-09 10:27:11.047  3074  3074 I cast_shell: [3077:3077:INFO:chromecast_service.cc(1828)] Initial error code: 0
04-09 10:27:11.047  3074  3074 I cast_shell: [3077:3077:INFO:chromecast_service.cc(1840)] Non-assistant device, start idle screen now.
04-09 10:27:11.048  3074  3074 I cast_shell: [3077:3123:INFO:cast_web_server.cc(210)] Http server for Cast receiver started: port=8008
04-09 10:27:11.048  3074  3074 I cast_shell: [3077:3115:INFO:ble_setup.cc(388)] BLE setup initialized.
04-09 10:27:11.048  3074  3074 I cast_shell: [3077:3126:INFO:endpoint_with_namespace_handler.cc(103)] Added a namespace handler: local_id=receiver-a447e61c-8082-5600-a3ca-073fb064d437, namespace=urn:x-cast:com.google.cast.setup
04-09 10:27:11.054  3074  3074 I cast_shell: [3077:3138:INFO:external_mojo_broker.cc(405)] Initializing external mojo broker at: /tmp/cast_mojo_broker
04-09 10:27:11.055  3074  3074 I cast_shell: [3077:3139:ERROR:cast_audio_input_json.cc(33)] Failed to read JSON file: /etc/cast_audio_input.json
04-09 10:27:11.056  3074  3074 I cast_shell: [3077:3139:ERROR:channel_selector_reader.cc(44)] Failed to read audio input json
04-09 10:27:11.057  3074  3074 I cast_shell: [3077:3077:INFO:audio_focus_manager_impl.cc(27)] use_media_starting_block: 0
04-09 10:27:11.057  3074  3074 I cast_shell: [3077:3077:INFO:grpc_auth_manager_in_process.cc(135)] Initializing Auth.
04-09 10:27:11.058  3074  3074 I cast_shell: [3077:3139:INFO:auto_volume.cc(107)] Auto volume is disabled
04-09 10:27:11.058  3074  3074 I cast_shell: [3077:3077:INFO:grpc_manager_impl.cc(505)] GRPC[uri=[::]:8012]: num_pending_calls=0, num_active_handlers=0, num_free_handlers=0
04-09 10:27:11.061  3074  3074 I cast_shell: [3077:3077:INFO:grpc_manager_impl.cc(317)] Grpc server started in port 8012
04-09 10:27:11.061  3074  3074 I cast_shell: [3077:3077:INFO:ccs_manager_impl.cc(851)] Network connectivity down for CcsManager
04-09 10:27:11.062  3074  3074 I cast_shell: [3077:3096:INFO:cast_auth_api_adaptor.cc(82)] CastAuth: init with library: libcast_auth.so
04-09 10:27:11.063  3074  3074 I cast_shell: [3077:3077:INFO:mdns_manager_impl.cc(468)] Setting new conflict callback
04-09 10:27:11.063  3074  3074 I cast_shell: [3077:3115:INFO:ble_setup.cc(789)] Missing required info for sign.
04-09 10:27:11.063  3074  3074 I cast_shell: [3077:3077:INFO:mdns_util.cc(102)] Defaulting mDNS capabilities for audio-only build
04-09 10:27:11.070  3074  3074 I cast_shell: [3077:3096:INFO:cast_auth_api_adaptor.cc(93)] CastAuth: common module initialization successful.
04-09 10:27:11.070  3074  3074 I cast_shell: [3077:3096:INFO:cast_auth_api_adaptor.cc(98)] CastAuth: model-based module initialization successful.
04-09 10:27:11.075  3074  3074 I cast_shell: [3077:3077:INFO:ccs_manager_impl.cc(1322)] Waiting for all transports to be enabled
04-09 10:27:11.075  3074  3074 I cast_shell: [3077:3077:INFO:virtual_device_manager.cc(247)] Virtual device [PII](a447e61c-8082-5600-a3ca-073fb064d437) using Cast V2 port 8009
04-09 10:27:11.075  3074  3074 I cast_shell: [3077:3077:INFO:bluetooth_setup.cc(690)] Disabling connectability.
04-09 10:27:11.075  3074  3074 I cast_shell: [3077:3077:INFO:input_manager_impl.cc(468)] Using virtual device a447e61c-8082-5600-a3ca-073fb064d437
04-09 10:27:11.086  3074  3074 I cast_shell: [3077:3077:INFO:metrics_recorder.cc(282)] cast event: Cast.System.Timezone.ChangeSuccessful
04-09 10:27:11.086  3074  3074 I cast_shell: [3077:3077:WARNING:channel_selector_impl.cc(113)] Cannot get selected channels from json, will use the previous value {0,1}.
04-09 10:27:11.108  3074  3074 I cast_shell: [3077:3077:INFO:secure_storage_impl.cc(107)] Secure storage initialized.
04-09 10:27:11.108  3074  3074 I cast_shell: [3077:3077:INFO:ccs_manager_impl.cc(851)] Network connectivity down for CcsManager
04-09 10:27:11.124  3074  3074 I cast_shell: [3077:3085:INFO:parent_tracker.cc(291)] [PII](BBE1E697EA6961353A6BB83E354AE7B4) Become root
04-09 10:27:11.124  3074  3074 I cast_shell: [3077:3085:INFO:directory_service_impl.cc(200)] This device became root
04-09 10:27:11.183  2944  2957 D wac-main: Netlink event
04-09 10:27:11.183  2944  2957 E wac-main: Netlink event 16 Interface Index 6 
04-09 10:27:11.183  2944  2957 E wac-main: p2p0 event Link Changed : 1002 
04-09 10:27:11.183  2944  2957 E wac-main: Enter poll and wait
04-09 10:27:11.184  2711  2723 I yani_kernel: yani_geteventfrom_changeaddr() Message-Id '1' Netlink event '16' Interface Index '6' -> Name 'p2p0' 
04-09 10:27:11.193  2731  2740 I HotspotManager: setSSID <SSID omitted> visible
04-09 10:27:11.197  2731  2740 E WifiUtil: command: "SCAN" failed: FAIL-BUSY
04-09 10:27:11.197  2731  2740 I HotspotManager: hotspot start
04-09 10:27:11.198  3074  3074 I cast_shell: [3077:3125:INFO:metrics_recorder.cc(282)] cast event: Cast.Discovery.Mdns.SocketCreated
04-09 10:27:11.198  3074  3074 I cast_shell: [3077:3125:INFO:mdns_app_filter.cc(1254)] Created mDNS socket for interface:name=p2p1, address=192.168.2.1, index=7
04-09 10:27:11.198  3074  3074 I cast_shell: [3077:3125:INFO:metrics_recorder.cc(282)] cast event: Cast.Discovery.Mdns.SocketCreated
04-09 10:27:11.198  3074  3074 I cast_shell: [3077:3125:INFO:mdns_app_filter.cc(1254)] Created mDNS socket for interface:name=usb0, address=192.168.10.1, index=9
04-09 10:27:11.198  3074  3074 I cast_shell: [3077:3125:INFO:mdns_app_filter.cc(977)] MdnsAppFilter is starting.
04-09 10:27:11.198  3074  3074 I cast_shell: [3077:3125:INFO:metrics_recorder.cc(282)] cast event: Cast.Discovery.Mdns.ResponderStarted
04-09 10:27:11.198  3074  3074 I cast_shell: [3077:3125:INFO:mdns_cast_service.cc(351)] Device discovery state is setup-only
04-09 10:27:11.198  3074  3074 I cast_shell: [3077:3125:INFO:mdns_app_filter.cc(1605)] Re-probing due to newly registered service '1': _googlerpc
04-09 10:27:11.198  3074  3074 I cast_shell: [3077:3125:INFO:mdns_app_filter.cc(1605)] Re-probing due to newly registered service '2': _googlecast
04-09 10:27:11.200  2944  2957 D wac-main: Netlink event
04-09 10:27:11.200  2944  2957 E wac-main: p2p0 event Link Changed : 1003 
04-09 10:27:11.200  2944  2957 E wac-main: Enter poll and wait
04-09 10:27:11.201  3074  3074 I cast_shell: [3077:3077:INFO:cast_receiver_impl.cc(1612)] mDNS Discovery stopped.
04-09 10:27:11.202  3074  3074 I cast_shell: [3077:3125:INFO:mdns_app_filter.cc(1702)] MdnsAppFilter is stopping
04-09 10:27:11.202  3074  3074 I cast_shell: [3077:3125:INFO:metrics_recorder.cc(282)] cast event: Cast.Discovery.Mdns.ResponderStopped
04-09 10:27:11.202  3074  3074 I cast_shell: [3077:3077:INFO:cast_receiver_impl.cc(1667)] Network is globally disconnected. Refresh CcsManager
04-09 10:27:11.202  3074  3074 I cast_shell: [3077:3077:INFO:iot_auth_manager_wrapper.cc(307)] Network provider informed of disconnected network status.
04-09 10:27:11.202  3074  3074 I cast_shell: [3077:3125:INFO:mdns_app_filter.cc(1709)] MdnsAppFilter is stopping; closing socket: address=192.168.2.1
04-09 10:27:11.202  3074  3074 I cast_shell: [3077:3125:INFO:metrics_recorder.cc(282)] cast event: Cast.Discovery.Mdns.SocketDestroyed
04-09 10:27:11.202  3074  3074 I cast_shell: [3077:3125:INFO:mdns_app_filter.cc(1709)] MdnsAppFilter is stopping; closing socket: address=192.168.10.1
04-09 10:27:11.202  3074  3074 I cast_shell: [3077:3125:INFO:metrics_recorder.cc(282)] cast event: Cast.Discovery.Mdns.SocketDestroyed
04-09 10:27:11.203  2711  2723 I yani_kernel: yani_geteventfrom_changeaddr() Message-Id '1' Netlink event '16' Interface Index '6' -> Name 'p2p0' 
04-09 10:27:11.288  2951  2978 I otamanager: OTAManager connected to CastUpdater via  /tmp/socket/system_updater
04-09 10:27:11.288  2951  2978 I otamanager: cast_updater_threadEntry socket handle 5
04-09 10:27:11.391  2945  2994 I LibreCastControl: LibreCastControl_init() Socket Initialized
04-09 10:27:11.401  2945  2994 E LibreCastControl: PULSAR:CreateCastControlThread:18
04-09 10:27:11.401  2945  2994 E LibreCastControl: Create LibreCastLUCITimerThreadInit 
04-09 10:27:11.401  2945  3151 E LibreCastControl: PULSAR:Run:23
04-09 10:27:11.402  2945  3152 E LibreCastControl: Timer Sem Wait Start iCastPlayerstate = 0 
04-09 10:27:11.415  2692  2692 I sh      : [0408/215711.414545:INFO:cast_control_impl.cc(744)] CastControl has started running.
04-09 10:27:11.415  2692  2692 I sh      : [0408/215711.415435:INFO:cast_control_impl.cc(745)] Attempting to connect CastMessageService. socket=/tmp/cast-control
04-09 10:27:11.418  2945  3151 I LibreCastControlDelegate: OnCastStatus() +++ :0xab5fe198:STARTING
04-09 10:27:11.418  2692  2692 I sh      : [0408/215711.418414:INFO:cast_control_socket.cc(64)] Successfully connected Cast Control Socket
04-09 10:27:11.418  2945  3151 E LibreCastControlDelegate: OnCastStatus:177
04-09 10:27:11.420  2945  3151 I LibreCastControl: LibreCastControl_SetCastName()  name 'Lyric Speaker Box 21f384' RequestId '1' pCastControl 0xf4e00728
04-09 10:27:11.420  2945  3151 I LibreCastControlDelegate: Active Applications -> 0
