04-09 11:31:47.573  3086  3086 I cast_shell: [3089:3129:INFO:metrics_recorder.cc(282)] Record action: Setup.ip_address.BLE
04-09 11:31:47.769  2711  2711 I wpa_supplicant: wlan0: Selected BSS :ef (level:-46 noise:-61 frequency:2427)
04-09 11:31:47.771  2963  2973 D wac-main: Netlink event
04-09 11:31:47.771  2963  2973 E wac-main: Netlink event 16 Interface Index 5 
04-09 11:31:47.771  2963  2973 E wac-main: Enter poll and wait
04-09 11:31:47.771  2963  2973 D wac-main: Netlink event
04-09 11:31:47.771  2963  2973 E wac-main: Netlink event 16 Interface Index 5 
04-09 11:31:47.772  2963  2973 E wac-main: Enter poll and wait
04-09 11:31:47.774  2712  2724 I yani_server: NetLink Event '-1' Interface-Index '5' WLAN '0' Ethernet '-1' Parsed-iFill '-1' -> 'INVALID' ifIndex '1' -> 'lo'
04-09 11:31:47.783  2711  2711 I wpa_supplicant: wlan0: SME: Trying to authenticate with c8:b3:73:44:ae:ef (SSID='Linksys16717_2G' freq=2427 MHz)
04-09 11:31:47.787  2712  2724 I chatty  : uid=0(root) YaniServer identical 6 lines
04-09 11:31:47.789  2712  2724 I yani_server: NetLink Event '-1' Interface-Index '5' WLAN '0' Ethernet '-1' Parsed-iFill '-1' -> 'INVALID' ifIndex '1' -> 'lo'
04-09 11:31:47.790  2712  2724 I yani_kernel: yani_geteventfrom_changeaddr() Message-Id '1' Netlink event '16' Interface Index '5' -> Name 'wlan0' 
04-09 11:31:47.791  2712  2724 I yani_kernel: yani_geteventfrom_changeaddr() Message-Id '1' Netlink event '16' Interface Index '5' -> Name 'wlan0' 
04-09 11:31:47.798  2964  3164 I LibreCastControlDelegate: OnCastStatus() +++ Lyric Speaker Box 21f384:0xac01b198:OFFLINE
04-09 11:31:47.798  2964  3164 I LibreCastControlDelegate: Device Build Number -> '1.52.272222'
04-09 11:31:47.798  2964  3164 I librecast: updateCastBuildVersion() Version 1.52.272222
04-09 11:31:47.798  2713  2713 I lucitransport: readRemoteMessage() MID char = 7 buffer = 1.52.272222
04-09 11:31:47.798  2964  3164 I LibreCastControlDelegate: Active Applications -> 0
04-09 11:31:47.798  2964  3164 I LibreCastControlDelegate: Current Cast State '3' -> 'OFFLINE'
04-09 11:31:47.798  2964  3164 I LibreCastControlDelegate: OnCastStatus() ---
04-09 11:31:47.869  2711  2711 I wpa_supplicant: wlan0: Trying to associate with c8:b3:73:44:ae:ef (SSID='Linksys16717_2G' freq=2427 MHz)
04-09 11:31:47.871  2712  2724 I yani_server: NetLink Event '-1' Interface-Index '5' WLAN '-1' Ethernet '-1' Parsed-iFill '-1' -> 'INVALID' ifIndex '1' -> 'lo'
04-09 11:31:47.898  3166  3166 I hostapd : p2p0: IEEE 802.11 driver had channel switch: freq=2427, ht=1, vht_ch=0x0, offset=0, width=1 (20 MHz), cf1=2427, cf2=0
04-09 11:31:47.909  3054  3054 I hostapd : p2p1: IEEE 802.11 driver had channel switch: freq=2427, ht=1, vht_ch=0x0, offset=0, width=1 (20 MHz), cf1=2427, cf2=0
04-09 11:31:47.910  2963  2973 D wac-main: Netlink event
04-09 11:31:47.910  2963  2973 E wac-main: Netlink event 16 Interface Index 5 
04-09 11:31:47.910  2963  2973 E wac-main: Enter poll and wait
04-09 11:31:47.910  2963  2973 D wac-main: Netlink event
04-09 11:31:47.910  2963  2973 E wac-main: Netlink event 16 Interface Index 5 
04-09 11:31:47.910  2963  2973 E wac-main: Enter poll and wait
04-09 11:31:47.910  2963  2973 D wac-main: Netlink event
04-09 11:31:47.910  2963  2973 E wac-main: Netlink event 16 Interface Index 5 
04-09 11:31:47.910  2963  2973 E wac-main: Enter poll and wait
04-09 11:31:47.910  2963  2973 D wac-main: Netlink event
04-09 11:31:47.910  2963  2973 E wac-main: Netlink event 16 Interface Index 5 
04-09 11:31:48.052  2711  2711 I wpa_supplicant: wlan0: WPA: RX message 3 of 4-Way Handshake from c8:b3:73:44:ae:ef (ver=2)
04-09 11:31:48.053  2711  2711 I wpa_supplicant: wlan0: WPA: Sending EAPOL-Key 4/4
04-09 11:31:48.054  2712  2724 I yani_server: NetLink Event '-1' Interface-Index '5' WLAN '0' Ethernet '-1' Parsed-iFill '-1' -> 'INVALID' ifIndex '1' -> 'lo'
04-09 11:31:48.055  2711  2711 I wpa_supplicant: wlan0: WPA: Key negotiation completed with c8:b3:73:44:ae:ef [PTK=CCMP GTK=TKIP]
04-09 11:31:48.055  2712  2724 I yani_server: NetLink Event '-1' Interface-Index '5' WLAN '0' Ethernet '-1' Parsed-iFill '-1' -> 'INVALID' ifIndex '1' -> 'lo'
04-09 11:31:48.055  2711  2711 I wpa_supplicant: wlan0: CTRL-EVENT-CONNECTED - Connection to c8:b3:73:44:ae:ef completed [id=0 id_str=]
04-09 11:31:48.056  2963  2973 D wac-main: Netlink event
04-09 11:31:48.056  2963  2973 E wac-main: Netlink event 16 Interface Index 5 
04-09 11:31:48.056  2963  2973 E wac-main: Enter poll and wait
04-09 11:31:48.056  2963  2973 D wac-main: Netlink event
04-09 11:31:48.056  2963  2973 E wac-main: Netlink event 16 Interface Index 5 
04-09 11:31:48.056  2963  2973 E wac-main: Enter poll and wait
04-09 11:31:48.056  2738  2738 D dhcpcd  : wlan0: carrier acquired
04-09 11:31:48.059  3086  3086 I cast_shell: [3089:3141:INFO:wifi_controller_wpa_supplicant.cc(634)] After connection, current_wifi_index=0
04-09 11:31:48.067  2712  2724 I yani_server: NetLink Event '-1' Interface-Index '5' WLAN '0' Ethernet '-1' Parsed-iFill '-1' -> 'INVALID' ifIndex '1' -> 'lo'
04-09 11:31:48.068  2712  2724 I yani_server: NetLink Event '-1' Interface-Index '5' WLAN '7' Ethernet '-1' Parsed-iFill '7' -> 'WLAN0 LINKUP' ifIndex '1' -> 'lo'
04-09 11:31:48.068  2712  2724 I yani_server: saveConfig:537:wlan0
04-09 11:31:48.069  2712  2724 I wifiapi : newconn : 0xab55fbe8
04-09 11:31:48.069  2712  2724 I yani_server: saveConfig:544:got handle successfully
04-09 11:31:48.069  2712  2724 I wifiapi : 'STATUS' command returned = 0
04-09 11:31:48.072  2712  2724 I wifiapi : 'SAVE_CONFIG' command returned = 0
04-09 11:31:48.073  2712  2724 E yani_server: wlan0 Status=8 SaveConfig returns=0
04-09 11:31:48.073  2712  2724 I yani_server: SaveConfig return value=0
04-09 11:31:48.073  2712  2724 E WLANP2PIF: WlanP2pif: current chan = 4
04-09 11:31:48.075  2692  2692 I sh      : saveConfig:538:wlan0wlan0 Status=8 SaveConfig returns=0
04-09 11:31:48.075  2712  2724 E yani_wifi: set txpower chan : 4 country : US
04-09 11:31:48.075  2712  2724 E yani_wifi: nrates = 7
04-09 11:31:48.113  3086  3086 I cast_shell: [3089:3129:INFO:metrics_recorder.cc(282)] Record action: Setup.version.BLE
04-09 11:31:48.143  3086  3086 I cast_shell: [3089:3129:INFO:metrics_recorder.cc(282)] Record action: Setup.tos_accepted.BLE
04-09 11:31:48.173  3086  3086 I cast_shell: [3089:3129:INFO:metrics_recorder.cc(282)] Record action: Setup.state.BLE
04-09 11:31:48.203  3086  3086 I cast_shell: [3089:3129:INFO:metrics_recorder.cc(282)] Record action: Setup.ip_address.BLE
04-09 11:31:48.488  3086  3086 I cast_shell: [3089:3097:ERROR:connectivity_checker_impl.cc(265)] Connectivity check failed: 400
04-09 11:31:48.743  3086  3086 I cast_shell: [3089:3129:INFO:metrics_recorder.cc(282)] Record action: Setup.version.BLE
04-09 11:31:48.773  3086  3086 I cast_shell: [3089:3129:INFO:metrics_recorder.cc(282)] Record action: Setup.tos_accepted.BLE
04-09 11:31:48.804  3086  3086 I cast_shell: [3089:3129:INFO:metrics_recorder.cc(282)] Record action: Setup.state.BLE
04-09 11:31:48.834  3086  3086 I cast_shell: [3089:3129:INFO:metrics_recorder.cc(282)] Record action: Setup.ip_address.BLE
04-09 11:31:49.084  2712  2724 I yani_autoip: start_autoip() Interface 'wlan0' Is AutoIP Required 'Yes' Thread-Running 'No' 
04-09 11:31:49.084  2712  2724 E yani_server: YANI: I am Done Wait For Event 
04-09 11:31:49.084  2712  2724 I yani_kernel: yani_geteventfrom_changeaddr() Message-Id '1' Netlink event '16' Interface Index '5' -> Name 'wlan0' 
04-09 11:31:49.086  2712  3369 I yani_autoip: Setting autoiptimer to 70000
04-09 11:31:49.087  2712  2724 I yani_kernel: yani_geteventfrom_changeaddr() Message-Id '1' Netlink event '16' Interface Index '5' -> Name 'wlan0' 
04-09 11:31:49.089  2712  2724 I yani_kernel: yani_geteventfrom_changeaddr() Message-Id '1' Netlink event '16' Interface Index '5' -> Name 'wlan0' 
04-09 11:31:49.097  3368  3368 E dhcpcd  : control_open: Connection refused
04-09 11:31:49.098  3368  3368 E dhcpcd  : eth0: interface not found or invalid
04-09 11:31:49.100  2963  2973 D wac-main: Netlink event
04-09 11:31:49.100  2963  2973 E wac-main: Netlink event 16 Interface Index 5 
04-09 11:31:49.100  2963  2973 E wac-main: Enter poll and wait
04-09 11:31:49.100  3368  3368 D dhcpcd  : wlan0: adding address fe80::ce90:93ff:fe21:f384
04-09 11:31:49.104  2712  2724 I yani_kernel: yani_geteventfrom_changeaddr() Message-Id '1' Netlink event '16' Interface Index '5' -> Name 'wlan0' 
04-09 11:31:49.199  3368  3368 E dhcpcd  : error writing DUID: /etc/dhcpcd/dhcpcd.duid: Read-only file system
04-09 11:31:49.199  3368  3368 D dhcpcd  : DUID 00:03:00:01:cc:90:93:21:f3:84
04-09 11:31:49.199  3368  3368 D dhcpcd  : wlan0: IAID 93:21:f3:84
04-09 11:31:49.374  3086  3086 I cast_shell: [3089:3129:INFO:metrics_recorder.cc(282)] Record action: Setup.version.BLE
04-09 11:31:49.404  3086  3086 I cast_shell: [3089:3129:INFO:metrics_recorder.cc(282)] Record action: Setup.tos_accepted.BLE
04-09 11:31:49.433  3086  3086 I cast_shell: [3089:3129:INFO:metrics_recorder.cc(282)] Record action: Setup.state.BLE
04-09 11:31:49.458  3368  3368 D dhcpcd  : wlan0: soliciting an IPv6 router
04-09 11:31:49.463  3086  3086 I cast_shell: [3089:3129:INFO:metrics_recorder.cc(282)] Record action: Setup.ip_address.BLE
04-09 11:31:49.496  3086  3086 I cast_shell: [3089:3097:ERROR:connectivity_checker_impl.cc(265)] Connectivity check failed: 400
04-09 11:31:49.596  2733  2742 I NetworkMonitor: turn off power-save
04-09 11:31:49.602  2733  2742 E DNSResolver: Error in connect: Network is unreachable
04-09 11:31:49.603  2733  2742 I chatty  : uid=0(root) /bin/net_mgr identical 4 lines
04-09 11:31:49.603  2733  2742 E DNSResolver: Error in connect: Network is unreachable
04-09 11:31:49.603  2733  2742 E HttpTimeSync: Error resolve name clients1.google.com
04-09 11:31:49.620  2733  2742 E HttpTimeSync: Error in curl perform, returns 6: Couldn't resolve host name
04-09 11:31:49.622  2733  2742 E HttpTimeSync: Failed in getting HTTP header from http://clients1.google.com/generate_204
04-09 11:31:49.643  3368  3368 D dhcpcd  : wlan0: Router Advertisement from fe80::cab3:73ff:fe44:aeed
04-09 11:31:49.644  3368  3368 D dhcpcd  : wlan0: adding address fd70:d3e7:6555:0:ce90:93ff:fe21:f384/64
04-09 11:31:49.644  3368  3368 D dhcpcd  : wlan0: adding address fd70:d3e7:6555:0:6d55:a181:bdff:c5c3/64
04-09 11:31:49.644  3368  3368 D dhcpcd  : wlan0: adding route to fd70:d3e7:6555::/64
04-09 11:31:49.645  3368  3368 D dhcpcd  : wlan0: requesting DHCPv6 information
04-09 11:31:49.936  3368  3368 D dhcpcd  : wlan0: soliciting a DHCP lease
04-09 11:31:49.936  3368  3368 D dhcpcd  : wlan0: sending DISCOVER (xid 0xdc7bdb39), next in -916293151176745741481893801053757350359427690988857494736969337866618043568286021548636356198631810019219006254216160036025174036617149531761905362525969569415065482448196911640773064068810595305125830224852913328757568368693483459979391971592549716379404574868373504.0 seconds
04-09 11:31:50.003  3086  3086 I cast_shell: [3089:3129:INFO:metrics_recorder.cc(282)] Record action: Setup.version.BLE
04-09 11:31:50.033  3086  3086 I cast_shell: [3089:3129:INFO:metrics_recorder.cc(282)] Record action: Setup.tos_accepted.BLE
04-09 11:31:50.063  3086  3086 I cast_shell: [3089:3129:INFO:metrics_recorder.cc(282)] Record action: Setup.state.BLE
04-09 11:31:50.093  3086  3086 I cast_shell: [3089:3129:INFO:metrics_recorder.cc(282)] Record action: Setup.ip_address.BLE
04-09 11:31:50.416  3086  3086 I cast_shell: [3089:3129:INFO:metrics_recorder.cc(282)] Record action: Setup.eureka_info.Local
04-09 11:31:50.417  3086  3086 I cast_shell: [3089:3129:INFO:metrics_recorder.cc(282)] Record action: Setup.eureka_info.Local.200
04-09 11:31:50.418  2733  2741 E DNSResolver: Error in connect: Network is unreachable
04-09 11:31:50.419  2733  2741 I chatty  : uid=0(root) MonitorThread identical 4 lines
04-09 11:31:50.419  2733  2741 E DNSResolver: Error in connect: Network is unreachable
04-09 11:31:50.419  2733  2741 E HttpTimeSync: Error resolve name clients1.google.com
04-09 11:31:50.420  2733  2741 E HttpTimeSync: Error in curl perform, returns 6: Couldn't resolve host name
04-09 11:31:50.420  2733  2741 E HttpTimeSync: Failed in getting HTTP header from http://clients1.google.com/generate_204
04-09 11:31:50.503  3086  3086 I cast_shell: [3089:3097:ERROR:connectivity_checker_impl.cc(265)] Connectivity check failed: 400
04-09 11:31:50.633  3086  3086 I cast_shell: [3089:3129:INFO:metrics_recorder.cc(282)] Record action: Setup.version.BLE
04-09 11:31:50.678  3086  3086 I cast_shell: [3089:3129:INFO:metrics_recorder.cc(282)] Record action: Setup.tos_accepted.BLE
04-09 11:31:50.709  3086  3086 I cast_shell: [3089:3129:INFO:metrics_recorder.cc(282)] Record action: Setup.state.BLE
04-09 11:31:50.738  3086  3086 I cast_shell: [3089:3129:INFO:metrics_recorder.cc(282)] Record action: Setup.ip_address.BLE
04-09 11:31:50.780  2733  2742 I NetworkMonitor: turn off power-save
04-09 11:31:50.784  2733  2742 E DNSResolver: Error in connect: Network is unreachable
04-09 11:31:50.784  2733  2742 I chatty  : uid=0(root) /bin/net_mgr identical 4 lines
04-09 11:31:50.784  2733  2742 E DNSResolver: Error in connect: Network is unreachable
04-09 11:31:50.784  2733  2742 E HttpTimeSync: Error resolve name clients1.google.com
04-09 11:31:50.786  2733  2742 E HttpTimeSync: Error in curl perform, returns 6: Couldn't resolve host name
04-09 11:31:50.786  2733  2742 E HttpTimeSync: Failed in getting HTTP header from http://clients1.google.com/generate_204
04-09 11:31:50.787  2733  2742 I NetworkMonitor: turn off power-save
04-09 11:31:50.790  2733  2742 E DNSResolver: Error in connect: Network is unreachable
04-09 11:31:50.791  2733  2742 I chatty  : uid=0(root) /bin/net_mgr identical 4 lines
04-09 11:31:50.791  2733  2742 E DNSResolver: Error in connect: Network is unreachable
04-09 11:31:50.791  2733  2742 E HttpTimeSync: Error resolve name clients1.google.com
04-09 11:31:50.792  2733  2742 E HttpTimeSync: Error in curl perform, returns 6: Couldn't resolve host name
04-09 11:31:50.792  2733  2742 E HttpTimeSync: Failed in getting HTTP header from http://clients1.google.com/generate_204
04-09 11:31:50.986  3368  3368 D dhcpcd  : wlan0: received OFFER with xid 0xdc7bdb39
04-09 11:31:50.986  3368  3368 D dhcpcd  : wlan0: offered 192.168.1.145 from 192.168.1.1
04-09 11:31:50.986  3368  3368 D dhcpcd  : wlan0: requesting lease of 192.168.1.145
04-09 11:31:50.987  3368  3368 D dhcpcd  : wlan0: sending REQUEST (xid 0xdc7bdb39), next in -916293151176745741481893801053757350359427690988857494736969337866618043568286021548636356198631810019219006254216160036025174036617149531761905362525969569415065482448196911640773064068810595305125830224852913328757568368693483459979391971592549716379404574868373504.0 seconds
04-09 11:31:50.998  3368  3368 D dhcpcd  : wlan0: received ACK with xid 0xdc7bdb39
04-09 11:31:50.999  3368  3368 D dhcpcd  : wlan0: acknowledged 192.168.1.145 from 192.168.1.1
04-09 11:31:50.999  3368  3368 D dhcpcd  : wlan0: leased 192.168.1.145 for 86400 seconds
04-09 11:31:51.000  3368  3368 D dhcpcd  : wlan0: adding route to 192.168.1.0/24
04-09 11:31:51.000  3368  3368 D dhcpcd  : wlan0: adding default route via 192.168.1.1
04-09 11:31:51.001  2963  2973 D wac-main: Netlink event
04-09 11:31:51.001  2963  2973 E wac-main: Netlink event 20 Interface Index 5 
04-09 11:31:51.001  2963  2973 E wac-main: Enter poll and wait
04-09 11:31:51.002  2712  2724 I yani_kernel: yani_geteventfrom_changeaddr() Message-Id '1' Netlink event '20' Interface Index '5' -> Name 'wlan0' 
04-09 11:31:51.003  2733  2742 I NetworkMonitor: turn off power-save
04-09 11:31:51.005  2712  2724 I yani_server: NetLink Event '2' Interface-Index '5' WLAN '-1' Ethernet '-1' Parsed-iFill '2' -> 'WLAN0 CONNECTED' ifIndex '1' -> 'lo'
04-09 11:31:51.030  2713  2713 I lucitransport: writeRemoteMessage() MID = 124 buffer = 1#1,1#2,0#3,1#4,1
04-09 11:31:51.030  2713  2713 I luciUART: write() MID = 124  bytes = 27 data = 1#1,1#2,0#3,1#4,1 m_fd = 0x5
04-09 11:31:51.031  2731  2731 E AirableUIHelper: AirableUIHelper::YaniAlert  1 1 
04-09 11:31:51.031  2731  2731 E AirableUIHelper: Wlan is up
04-09 11:31:51.032  2970  2985 I otamanager: YaniAlert() Interface 1 Status Up
04-09 11:31:51.032  2970  2985 I otamanager: CreateFirmwareUpdateTimerOnYaniAlert done
04-09 11:31:51.032  2966  3001 I airplay-main: YaniAlert Interface 1 Status 1
04-09 11:31:51.033  2713  2713 I lucitransport: readRemoteMessage() MID char = 90 buffer = Lyric Speaker Box 21f384
04-09 11:31:51.039  2713  2721 E luciUART: UART:aa
04-09 11:31:51.039  2713  2721 E luciUART: UART:aa
04-09 11:31:51.039  2713  2721 E luciUART: UART:2
04-09 11:31:51.039  2713  2721 E luciUART: UART:0
04-09 11:31:51.039  2713  2721 E luciUART: UART:d0
04-09 11:31:51.039  2713  2721 E luciUART: UART:0
04-09 11:31:51.039  2713  2721 I chatty  : uid=0(root) UARTLUCIControl identical 2 lines
04-09 11:31:51.039  2713  2721 E luciUART: UART:0
04-09 11:31:51.039  2713  2721 E luciUART: UART:9
04-09 11:31:51.039  2713  2721 I luciUART: read() RemoteID = 43690 Command = 208 Type = 2 Status = 0 DataLen = 9
04-09 11:31:51.039  2713  2721 E luciUART: Error: full data not available yet! readBytes 0
04-09 11:31:51.039  2713  2721 I luciUART: Previous Packet read contd., 
04-09 11:31:51.039  2713  2721 E luciUART: UART:52
04-09 11:31:51.039  2713  2721 I luciUART: Previous Packet read contd., 
04-09 11:31:51.039  2713  2721 E luciUART: UART:45
04-09 11:31:51.039  2713  2721 I luciUART: Previous Packet read contd., 
04-09 11:31:51.039  2713  2721 E luciUART: UART:41
04-09 11:31:51.039  2713  2721 I luciUART: Previous Packet read contd., 
04-09 11:31:51.039  2713  2721 E luciUART: UART:44
04-09 11:31:51.040  2713  2721 I luciUART: Previous Packet read contd., 
04-09 11:31:51.040  2713  2721 E luciUART: UART:5f
04-09 11:31:51.040  2713  2721 I luciUART: Previous Packet read contd., 
04-09 11:31:51.040  2713  2721 E luciUART: UART:73
04-09 11:31:51.040  2713  2721 I luciUART: Previous Packet read contd., 
04-09 11:31:51.040  2713  2721 E luciUART: UART:73
04-09 11:31:51.040  2713  2721 I luciUART: Previous Packet read contd., 
04-09 11:31:51.040  2713  2721 E luciUART: UART:69
04-09 11:31:51.040  2713  2721 I luciUART: Previous Packet read contd., 
04-09 11:31:51.040  2713  2721 E luciUART: UART:64
04-09 11:31:51.040  2713  2722 E LUCI_SERVER: Luci Server Thread wait over MID 208....
04-09 11:31:51.040  2713  2722 E LUCI_SERVER: Got NV name : ssid
04-09 11:31:51.042  2713  2722 I luciUART: write() MID = 208  bytes = 30 data = ssid:Linksys16717_2G m_fd = 0x5
04-09 11:31:51.043  2713  2722 E LUCI_SERVER: NV_READ response= ssid:Linksys16717_2G
04-09 11:31:51.043  2713  2722 E LUCI_SERVER: Luci Server Thread waiting for packets....
04-09 11:31:51.117  2966  3418 I airplay-main: checkACPAvailability() err 0 -> Present!
04-09 11:31:51.117  2966  3418 D airplay-main: arguments[0] -> airplay_v2 -> airplay_v2
04-09 11:31:51.117  2966  3418 D airplay-main: arguments[1] -> -n -> -n
04-09 11:31:51.117  2966  3418 D airplay-main: arguments[2] -> Lyric Speaker Box 21f384 -> Lyric Speaker Box 21f384
04-09 11:31:51.118  2966  3418 D airplay-main: arguments[3] -> -z -> -z
04-09 11:31:51.118  2966  3418 D airplay-main: arguments[4] -> 1 -> 1
04-09 11:31:51.118  2966  3418 D airplay-main: arguments[5] -> -d -> -d
04-09 11:31:51.118  2966  3418 D airplay-main: arguments[6] -> 47617500 -> 47617500
04-09 11:31:51.118  2966  3418 D airplay-main: Total Number of Arguments 7
04-09 11:31:51.129  2966  3418 I airplay_v2_0_6: 2022-04-08 23:01:51.128064 [AirPlayDemo] homedir /data/ sUserPreferencesDirectoryPath /data//.airplaydemo 
04-09 11:31:51.205  2966  3418 I airplay-main: checkACPAvailability() err 0 -> Present!
04-09 11:31:51.271  2733  2742 I HttpTimeSync: Building resolve list for clients1.google.com, total 1.
04-09 11:31:51.271  2733  2742 I HttpTimeSync: 	0: 142.251.36.142
04-09 11:31:51.281  3086  3086 I cast_shell: [3089:3129:INFO:metrics_recorder.cc(282)] Record action: Setup.version.BLE
04-09 11:31:51.286  2966  3439 I airplay_v2_0_6: 2022-04-08 23:01:51.285875 [AirPlayDemo] *********** AirPlayDemoPlatformSetProperty:homeIntegrationData value - 
04-09 11:31:51.286  2966  3439 I airplay_v2_0_6:     +0000: 62706c69 73743030 d101025f 10114343 |bplist00^^^_^^CC| (67 bytes)
04-09 11:31:51.286  2966  3439 I airplay_v2_0_6:     +0010: 3a39303a 39333a32 313a4633 3a3834d0 |:90:93:21:F3:84^|
04-09 11:31:51.286  2966  3439 I airplay_v2_0_6:     +0020: 080b1f00 00000000 00010100 00000000 |^^^^^^^^^^^^^^^^|
04-09 11:31:51.286  2966  3439 I airplay_v2_0_6:     +0030: 00000300 00000000 00000000 00000000 |^^^^^^^^^^^^^^^^|
04-09 11:31:51.286  2966  3439 I airplay_v2_0_6:     +0040: 000020                              |^^              |
04-09 11:31:51.288  2966  3441 I airplay_v2_0_6: 2022-04-08 23:01:51.288411 [AirPlayDemo] AirPlayDemoServerCopyProperty Password is <<NULL>>
04-09 11:31:51.298  2966  3439 I airplay_v2_0_6: 2022-04-08 23:01:51.298513 [AirPlayDemo] *********** AirPlayDemoPlatformSetProperty:homeIntegrationData value - 
04-09 11:31:51.298  2966  3439 I airplay_v2_0_6:     +0000: 62706c69 73743030 d101025f 10114343 |bplist00^^^_^^CC| (165 bytes)
04-09 11:31:51.298  2966  3439 I airplay_v2_0_6:     +0010: 3a39303a 39333a32 313a4633 3a3834d3 |:90:93:21:F3:84^
04-09 11:31:51.298  2966  3439 I airplay_v2_0_6: |
04-09 11:31:51.298  2966  3439 I airplay_v2_0_6:     +0020: 03040501 06075a69 64656e74 69666965 |^^^^^^Zidentifie|
04-09 11:31:51.298  2966  3439 I airplay_v2_0_6:     +0030: 7252736b 52706b4f 10208788 989bb5e1 |rRskRpkO^ ^^^^^^|
04-09 11:31:51.298  2966  3439 I airplay_v2_0_6:     +0040: 53c33c9a 8773377b f2ad9017 093b1090 |S^<^^s7{^^^^^;^^|
04-09 11:31:51.298  2966  3439 I airplay_v2_0_6:     +0050: 35e1af86 cb6acc15 00a04f10 204f72c7 |
04-09 11:31:51.298  2966  3439 I airplay_v2_0_6: 5^^^^j^^^^O^ Or^|
04-09 11:31:51.298  2966  3439 I airplay_v2_0_6:     +0060: 4b83c52d 491aeee3 7903a507 6f1c87aa |K^^-I^^^y^^^o^^^|
04-09 11:31:51.298  2966  3439 I airplay_v2_0_6:     +0070: bba1399f 106191a2 90d41b4e 42080b1f |^^9^^a^^^^^NB^^^|
04-09 11:31:51.298  2966  3439 I airplay_v2_0_6:     +0080: 26313437 5a000000 00000001 01000000 |&147Z^^^^^^^^^^^|
04-09 11:31:51.298  2966  3439 I airplay_v2_0_6:     +0090: 
04-09 11:31:51.298  2966  3439 I airplay_v2_0_6: 00000000 08000000 00000000 00000000 |^^^^^^^^^^^^^^^^|
04-09 11:31:51.298  2966  3439 I airplay_v2_0_6:     +00A0: 00000000 7d                         |^^^^}           |
04-09 11:31:51.299  2713  2713 I lucitransport: readRemoteMessage() MID char = 90 buffer = Lyric Speaker Box 21f384
04-09 11:31:51.301  2966  3418 I airplay_v2_0_6: 2022-04-08 23:01:51.300870 [AirPlay] Registering Bonjour _airplay._tcp. port 7000
04-09 11:31:51.302  2966  3439 I airplay_v2_0_6: 2022-04-08 23:01:51.302821 [AirPlayDemo] AirPlayDemoServerCopyProperty Password is <<NULL>>
04-09 11:31:51.304  2966  3441 I airplay_v2_0_6: 2022-04-08 23:01:51.304365 [AirPlayDemo] AirPlayDemoServerCopyProperty Password is <<NULL>>
04-09 11:31:51.304  2713  2713 I lucitransport: readRemoteMessage() MID char = 90 buffer = Lyric Speaker Box 21f384
04-09 11:31:51.306  2966  3418 I airplay_v2_0_6: 2022-04-08 23:01:51.306154 [AirPlay] Registering Bonjour CC909321F384@Lyric Speaker Box 21f384._raop._tcp. port 7000
04-09 11:31:51.306  2966  3418 I airplay_v2_0_6: 2022-04-08 23:01:51.306293 [AirPlay] AirPlay servers started
04-09 11:31:51.308  3086  3086 I cast_shell: [3089:3129:INFO:metrics_recorder.cc(282)] Record action: Setup.tos_accepted.BLE
04-09 11:31:51.338  3086  3086 I cast_shell: [3089:3129:INFO:metrics_recorder.cc(282)] Record action: Setup.state.BLE
04-09 11:31:51.368  3086  3086 I cast_shell: [3089:3129:INFO:metrics_recorder.cc(282)] Record action: Setup.ip_address.BLE
04-09 11:31:51.611  2733  2742 I HttpTimeSync: Http time synced
04-09 11:31:51.612  2733  2742 I NetworkMonitor: turn off power-save
04-09 11:31:53.649  2967  2989 I SPOTIFY : ConnectionNotify event(0-Login, 1-Logout, rest Error) = 7 
04-09 11:31:53.748  3086  3086 I cast_shell: [3089:3129:INFO:metrics_recorder.cc(282)] Record action: Setup.version.BLE
04-09 11:31:53.778  3086  3086 I cast_shell: [3089:3129:INFO:metrics_recorder.cc(282)] Record action: Setup.tos_accepted.BLE
04-09 11:31:53.808  3086  3086 I cast_shell: [3089:3129:INFO:metrics_recorder.cc(282)] Record action: Setup.state.BLE
04-09 11:31:53.853  3086  3086 I cast_shell: [3089:3129:INFO:metrics_recorder.cc(282)] Record action: Setup.ip_address.BLE
04-09 11:31:54.393  3086  3086 I cast_shell: [3089:3129:INFO:metrics_recorder.cc(282)] Record action: Setup.version.BLE
04-09 11:31:54.403  3089  3095 E         : OOBE CheckUpdate
04-09 11:31:54.408  3086  3086 I cast_shell: [3089:3097:INFO:connectivity_checker_impl.cc(144)] Change check url=http://connectivitycheck.gstatic.com/generate_204
04-09 11:31:54.408  3086  3086 I cast_shell: [3089:3097:INFO:connectivity_checker_impl.cc(148)] Global connection is: Up
04-09 11:31:54.408  3086  3086 I cast_shell: [3089:3089:INFO:api_reboot.cc(321)] active_activities count=0
04-09 11:31:54.408  3086  3086 I cast_shell: [3089:3089:INFO:cloud_settings_manager.cc(431)] Connectivity established. Reconciling cloud settings.
04-09 11:31:54.408  3086  3086 I cast_shell: [3089:3089:INFO:cloud_settings_manager.cc(195)] Cloud settings is disabled.
04-09 11:31:54.408  3086  3086 I cast_shell: [3089:3089:INFO:lycra_gcm.cc(121)] Registering GCM handler.
04-09 11:31:54.408  3086  3086 I cast_shell: [3089:3089:INFO:gcm_manager.cc(258)] Enabling GCM Driver
04-09 11:31:54.408  3086  3086 I cast_shell: [3089:3089:INFO:ccs_transport_gcm.cc(102)] Registering GCM handler
04-09 11:31:54.408  3086  3086 I cast_shell: [3089:3140:INFO:v2_transport.cc(681)] V2TransportImpl::CreatSelfSignedCertificateWithKey called.
04-09 11:31:54.408  3086  3086 I cast_shell: [3089:3095:INFO:update_engine_client_with_system_updater.cc(216)] Network first connected, check system force update
04-09 11:31:54.408  3086  3086 I cast_shell: [system_updater_dummy.cpp(109)] CheckUpdate
04-09 11:31:54.436  2970  2993 I otamanager: cast_updater_threadEntry() Response 'CheckUpdate' Current Firmware Update state 'Idle'
04-09 11:31:54.436  2970  2993 I otamanager: checkUpdate_l
04-09 11:31:54.436  2970  2993 I otamanager: Firmware Update State Change from Idle to CheckUpdate
04-09 11:31:54.437  2713  2713 I lucitransport: readRemoteMessage() MID char = 232 buffer = TRUE
04-09 11:31:54.466  3086  3086 I cast_shell: [3089:3089:INFO:config_downloader.cc(489)] Downloading config: headers (excl. auth) ='Accept: application/protobuf', url=https://clients5.google.com/cast/chromecast/device/baseconfig?m=LSB&M=COTODAMA&p=LS10+Platform&b=1.52.272222&c=wifi&r=beta-channel&pt=3&ln=&d=DE4F95FFA64D5E74B026&at=1
04-09 11:31:54.572  3086  3086 I cast_shell: [3089:3142:INFO:multizone_manager.cc(2131)] Updated leader quality: 49807411
04-09 11:31:54.575  3086  3086 I cast_shell: [3089:3129:INFO:metrics_recorder.cc(282)] Record action: Setup.tos_accepted.BLE
04-09 11:31:54.576  2964  3164 I LibreCastControlDelegate: OnCastStatus() +++ Lyric Speaker Box 21f384:0xac01b198:NOT_SETUP
04-09 11:31:54.576  2964  3164 I LibreCastControlDelegate: Device Build Number -> '1.52.272222'
04-09 11:31:54.576  2964  3164 I librecast: updateCastBuildVersion() Version 1.52.272222
04-09 11:31:54.576  2713  2713 I lucitransport: readRemoteMessage() MID char = 7 buffer = 1.52.272222
04-09 11:31:54.576  2964  3164 I LibreCastControlDelegate: Active Applications -> 0
04-09 11:31:54.576  2964  3164 I LibreCastControlDelegate: Current Cast State '2' -> 'NOT_SETUP'
04-09 11:31:54.576  2964  3164 I LibreCastControlDelegate: OnCastStatus() ---
04-09 11:31:54.579  2970  2993 E otamanager: lo not valid Interface for MAC ID
04-09 11:31:54.579  2970  2993 D otamanager: OTA: wlan IP = 192.168.1.145
04-09 11:31:54.582  3086  3086 I cast_shell: [3089:3139:INFO:mdns_app_filter.cc(1254)] Created mDNS socket for interface:name=usb0, address=192.168.10.1, index=9
04-09 11:31:54.582  3086  3086 I cast_shell: [3089:3139:INFO:discovered_service_client.cc(78)] Primary interface for service discovery has changed: ifindex=5
04-09 11:31:54.582  2970  2993 I otamanager: DownloadHttpContent firmware version = eng.C4A.1203
04-09 11:31:54.582  3086  3086 I cast_shell: [3089:3139:INFO:mdns_app_filter.cc(1120)] Skipping IPv6 interface that also has an IPv4 address: wlan0
04-09 11:31:54.582  3086  3086 I chatty  : uid=1000(chrome) /bin/logwrapper identical 1 line
04-09 11:31:54.582  3086  3086 I cast_shell: [3089:3139:INFO:mdns_app_filter.cc(1120)] Skipping IPv6 interface that also has an IPv4 address: wlan0
04-09 11:31:54.582  3086  3086 I cast_shell: [3089:3089:INFO:mdns_manager_impl.cc(429)] Successfully updated service: type=_googlezone
04-09 11:31:54.584  2964  3164 I LibreCastControlDelegate: OnCastStatus() +++ Lyric Speaker Box 21f384:0xac01b198:NOT_SETUP
04-09 11:31:54.584  2964  3164 I LibreCastControlDelegate: Device Build Number -> '1.52.272222'
04-09 11:31:54.584  2964  3164 I librecast: updateCastBuildVersion() Version 1.52.272222
04-09 11:31:54.585  2713  2713 I lucitransport: readRemoteMessage() MID char = 7 buffer = 1.52.272222
04-09 11:31:54.586  2964  3164 I LibreCastControlDelegate: Active Applications -> 0
04-09 11:31:54.586  2964  3164 I LibreCastControlDelegate: Current Cast State '2' -> 'NOT_SETUP'
04-09 11:31:54.586  2964  3164 I LibreCastControlDelegate: OnCastStatus() ---
04-09 11:31:54.587  2713  2713 I lucitransport: readRemoteMessage() MID char = 6 buffer = 1001
04-09 11:31:54.588  2713  2720 I lucitransport: readRemoteMessage() MID char = 7 buffer = 1.52.272222
04-09 11:31:54.588  2970  2993 I otamanager: OTA: DownloadHttpContent :payload =  {"device":{"brand":"COTODAMA","castVersion":"1.52.272222","deviceId":"cc909321f384","deviceType":"LS10_C4A","fwVersion":"1203","googleCast":true,"mcuVersion":"1001","model":"LSB"}}
04-09 11:31:54.588  2970  2993 I otamanager:  
04-09 11:31:54.589  2970  2993 I otamanager: OTA:------curlDownloadFirmwareXml---
04-09 11:31:54.589  2970  2993 I otamanager: OTA:isValidIpAddress: result 0
04-09 11:31:54.603  3086  3086 I cast_shell: [3089:3129:INFO:metrics_recorder.cc(282)] Record action: Setup.state.BLE
04-09 11:31:54.648  3086  3086 I cast_shell: [3089:3129:INFO:metrics_recorder.cc(282)] Record action: Setup.ip_address.BLE
04-09 11:31:54.682  3086  3086 I cast_shell: [3089:3129:INFO:ble_setup.cc(322)] Record action: Setup.set_eureka_info.BLE
04-09 11:31:54.688  3086  3086 I cast_shell: [3089:3129:INFO:timezone_settings.cc(288)] Setting system timezone to Asia/Kolkata
04-09 11:31:54.688  3086  3086 I cast_shell: [3089:3142:INFO:multizone_group.cc(357)] Change name for group [PII](DFFA6592D55D2D5E14068E9447CA6B61) to [PII](Bedroom speaker 2)
04-09 11:31:54.688  3086  3086 I cast_shell: [3089:3129:INFO:locale_manager.cc(511)] New timezone: Asia/Kolkata
04-09 11:31:54.688  3086  3086 I cast_shell: [3089:3129:INFO:locale_manager.cc(539)] New time format: 24-hour
04-09 11:31:54.689  3086  3086 I cast_shell: [3089:3129:INFO:metrics_recorder.cc(282)] cast event: Cast.System.Timezone.ChangeSuccessful
04-09 11:31:54.691  3086  3086 I cast_shell: [3089:3089:INFO:device_info_impl.cc(1133)] SSDP Config ID is increased: id=4
04-09 11:31:54.693  3086  3086 I cast_shell: [3089:3089:INFO:device_info_impl.cc(1133)] SSDP Config ID is increased: id=5
04-09 11:31:54.696  2735  2764 I bluetoothtbd: [0408/230154.696847:INFO:adapter.cc(551)] Adapter properties changed
04-09 11:31:54.697  2735  2764 I bluetoothtbd: [0408/230154.697040:INFO:adapter.cc(573)] Adapter name changed
04-09 11:31:54.698  3086  3086 I cast_shell: [3089:3129:INFO:bluetooth_manager.cc(1232)] [PII] Set device name to 'Bedroom speaker 2'
04-09 11:31:54.706  2964  3164 I LibreCastControlDelegate: Active Applications -> 0
04-09 11:31:54.706  2964  3164 I LibreCastControlDelegate: Current Cast State '2' -> 'NOT_SETUP'
04-09 11:31:54.706  2964  3164 I LibreCastControlDelegate: OnCastStatus() ---
04-09 11:31:54.706  2735  2764 I bluetoothtbd: [0408/230154.706832:INFO:adapter.cc(551)] Adapter properties changed
04-09 11:31:54.707  2735  2764 I bluetoothtbd: [0408/230154.706982:INFO:adapter.cc(573)] Adapter name changed
04-09 11:31:54.707  3086  3086 I cast_shell: [3089:3129:INFO:bluetooth_manager.cc(1232)] [PII] Set device name to 'Bedroom speaker 2'
04-09 11:31:54.709  2964  3164 I LibreCastControlDelegate: OnCastStatus() +++ Bedroom speaker 2:0xac01b198:NOT_SETUP
04-09 11:31:54.709  2964  3164 I LibreCastControlDelegate: Device Build Number -> '1.52.272222'
04-09 11:31:54.709  2964  3164 I librecast: updateCastBuildVersion() Version 1.52.272222
04-09 11:31:54.709  2713  2720 I lucitransport: readRemoteMessage() MID char = 7 buffer = 1.52.272222
04-09 11:31:54.709  2964  3164 I LibreCastControlDelegate: Active Applications -> 0
04-09 11:31:54.709  2964  3164 I LibreCastControlDelegate: Current Cast State '2' -> 'NOT_SETUP'
04-09 11:31:54.709  2964  3164 I LibreCastControlDelegate: OnCastStatus() ---
04-09 11:31:54.710  2964  3164 I LibreCastControlDelegate: OnCastStatus() +++ Bedroom speaker 2:0xac01b198:NOT_SETUP
04-09 11:31:54.710  2964  3164 I LibreCastControlDelegate: Device Build Number -> '1.52.272222'
04-09 11:31:54.715  3086  3086 I cast_shell: [3089:3139:INFO:mdns_util.cc(102)] Defaulting mDNS capabilities for audio-only build
04-09 11:31:54.715  3086  3086 I cast_shell: [3089:3089:INFO:mdns_manager_impl.cc(429)] Successfully updated service: type=_googlecast
04-09 11:31:54.715  3086  3086 I cast_shell: [3089:3089:INFO:virtual_device.cc(296)] Updated mDNS service for virtual device: id=f55c8e33-a8f2-09c4-b9bf-812c64f21fb3
04-09 11:31:54.715  3086  3086 I cast_shell: [3089:3089:INFO:mdns_manager_impl.cc(429)] Successfully updated service: type=_googlecast
04-09 11:31:54.715  3086  3086 I cast_shell: [3089:3089:INFO:virtual_device.cc(296)] Updated mDNS service for virtual device: id=f55c8e33-a8f2-09c4-b9bf-812c64f21fb3
04-09 11:31:54.754  3086  3086 I cast_shell: [3089:3129:INFO:ble_setup.cc(322)] Record action: Setup.save_wifi.BLE
04-09 11:31:54.756  3086  3086 I cast_shell: [3089:3129:INFO:wifi_controller_wpa_supplicant.cc(692)] Clear bssid from config for network id 0
04-09 11:31:54.759  3086  3086 I cast_shell: [3089:3129:INFO:setup_manager_impl.cc(1725)] Report action: Wifi.FirstConfigured
04-09 11:31:55.009  2970  2993 I otamanager: OTA:ResolveDNSName IP = 3.213.213.19
04-09 11:31:55.009  2970  2993 I otamanager: OTA:hostIp string: https://3.213.213.19/v1
04-09 11:31:55.009  2970  2993 I otamanager: OTA: trying after 2 sec 
04-09 11:31:55.295  3086  3086 I cast_shell: [3089:3097:INFO:parent_tracker.cc(237)] Network changed
04-09 11:31:55.295  3086  3086 I cast_shell: [3089:3097:INFO:parent_tracker.cc(135)] Now using local address [PII](192.168.1.145)
04-09 11:31:55.295  3086  3086 I cast_shell: [3089:3097:INFO:directory_service_impl.cc(200)] This device became root
04-09 11:31:55.296  3086  3086 I cast_shell: [3089:3097:INFO:parent_tracker.cc(237)] Network changed
04-09 11:31:55.296  3086  3086 I cast_shell: [3089:3097:INFO:parent_tracker.cc(132)] No need to recreate socket
04-09 11:31:55.297  3086  3086 I cast_shell: [3089:3129:INFO:local_network_info_impl.cc(435)] LNID_W changed:
04-09 11:31:55.300  3086  3086 I cast_shell: [3089:3096:INFO:net_util_impl.cc(582)] IP address: [PII](192.168.1.1) MAC address: [PII](C8:B3:73:44:AE:ED)
04-09 11:31:55.300  3086  3086 I cast_shell: [3089:3096:INFO:local_network_info_impl.cc(346)] LNID changed:
04-09 11:31:55.300  3086  3086 I cast_shell: [3089:3089:INFO:ccs_manager_impl.cc(1789)] LNID has changed; Will re-register CCS
04-09 11:31:55.306  3086  3086 I cast_shell: [3089:3096:INFO:net_util_impl.cc(582)] IP address: [PII](192.168.1.1) MAC address: [PII](C8:B3:73:44:AE:ED)
04-09 11:31:55.405  3086  3086 I cast_shell: [3089:3129:INFO:ble_setup.cc(789)] Missing required info for sign.
04-09 11:31:55.448  3086  3086 I cast_shell: [3089:3129:INFO:ble_setup.cc(915)] Sign related info completed, no future EurekaInfo need sign.
04-09 11:31:55.468  3086  3086 I cast_shell: [system_updater_dummy.cpp(139)] CheckUpdate 139
04-09 11:31:55.468  3086  3086 I cast_shell: [system_updater_dummy.cpp(148)] CheckUpdate 148 return
04-09 11:31:55.663  3086  3086 I cast_shell: [3089:3139:INFO:mdns_app_filter.cc(1403)] MdnsAppFilter: Done probing.
04-09 11:31:55.803  3086  3086 I cast_shell: [3089:3129:INFO:metrics_recorder.cc(282)] Record action: Setup.state.BLE
04-09 11:31:55.990  3086  3086 I cast_shell: [3089:3126:INFO:snr_tracker.cc(50)] snr = 52
04-09 11:31:56.491  3086  3086 I cast_shell: [system_updater_dummy.cpp(139)] CheckUpdate 139
04-09 11:31:56.491  3086  3086 I cast_shell: [system_updater_dummy.cpp(148)] CheckUpdate 148 return
04-09 11:31:56.669  3086  3086 I cast_shell: [3089:3089:INFO:grpc_service_discovery_impl.cc(185)] Mdns discovered google RPC for [PII](DFFA6592D55D2D5E14068E9447CA6B61).
04-09 11:31:56.764  3086  3086 I cast_shell: [3089:3089:INFO:lycra_gcm.cc(212)] Registered GCM handler
04-09 11:31:56.765  3086  3086 I cast_shell: [3089:3089:INFO:ccs_transport_gcm.cc(244)] Registered GCM handler
04-09 11:31:56.765  3086  3086 I cast_shell: [3089:3089:INFO:ccs_manager_impl.cc(1322)] Waiting for all transports to be enabled
04-09 11:31:56.838  3086  3086 I cast_shell: [3089:3129:INFO:metrics_recorder.cc(282)] Record action: Setup.state.BLE
04-09 11:31:56.991  3086  3086 I cast_shell: [3089:3444:INFO:crl_downloader.cc(155)] CRL processed.
04-09 11:31:56.994  2970  2993 I otamanager: OTA:curl response code : 0	
04-09 11:31:56.994  2970  2993 I otamanager: http status code : 200
04-09 11:31:56.994  2970  2993 I otamanager: OTA: contentLen :187.000000
04-09 11:31:56.994  3086  3086 I cast_shell: [3089:3444:INFO:metrics_recorder.cc(282)] cast event: Cast.CRL.DownloadSuccess
04-09 11:31:56.996  3086  3086 I cast_shell: [3089:3444:INFO:client_auth_signer.cc(211)] Cast certificate verification: CastCertError::OK
04-09 11:31:56.996  3086  3086 I cast_shell: [3089:3444:INFO:metrics_recorder.cc(282)] cast event: Cast.Auth.OK
04-09 11:31:57.002  2970  2993 I otamanager: OTA: bytesDownloaded = 187 m_iHttpStatusCode = 200 
04-09 11:31:57.007  2692  2692 I sh      : {
04-09 11:31:57.007  2970  2993 E otamanager: OTA:error string =  No update available
04-09 11:31:57.007  2692  2692 I sh      : 	"castVersion" : null,
04-09 11:31:57.007  2692  2692 I sh      : 	"crc" : null,
04-09 11:31:57.007  2692  2692 I sh      : 	"errorCode" : 1001,
04-09 11:31:57.007  2692  2692 I sh      : 	"errorString" : "No update available",
04-09 11:31:57.007  2692  2692 I sh      : 	"forceUpgrade" : true,
04-09 11:31:57.007  2692  2692 I sh      : 	"mcuOnlyUpdate" : false,
04-09 11:31:57.007  2692  2692 I sh      : 	"otapackage" : null,
04-09 11:31:57.007  2692  2692 I sh      : 	"url" : null,
04-09 11:31:57.007  2692  2692 I sh      : 	"version" : null
04-09 11:31:57.015  2970  2993 I otamanager: cast_updater_threadEntry() Response 'CheckUpdate' Current Firmware Update state 'Idle'
04-09 11:31:57.015  2970  2993 I otamanager: checkUpdate_l
04-09 11:31:57.015  2970  2993 I otamanager: Firmware Update State Change from Idle to CheckUpdate
04-09 11:31:57.015  3086  3086 I cast_shell: [system_updater_dummy.cpp(148)] CheckUpdate 148 return
04-09 11:31:57.015  3086  3086 I chatty  : uid=1000(chrome) /bin/logwrapper identical 1 line
04-09 11:31:57.015  3086  3086 I cast_shell: [system_updater_dummy.cpp(148)] CheckUpdate 148 return
04-09 11:31:57.015  2713  2720 I lucitransport: readRemoteMessage() MID char = 232 buffer = TRUE
04-09 11:31:57.016  2970  2993 E otamanager: lo not valid Interface for MAC ID
04-09 11:31:57.016  2970  2993 D otamanager: OTA: wlan IP = 192.168.1.145
04-09 11:31:57.016  2970  2993 I otamanager: OTA:checkIP mac = cc909321f384  IP = 192.168.1.145 
04-09 11:31:57.017  2970  2993 I otamanager: DownloadHttpContent firmware version = eng.C4A.1203
04-09 11:31:57.021  2713  2720 I lucitransport: readRemoteMessage() MID char = 6 buffer = 1001
04-09 11:31:57.021  2713  2713 I lucitransport: readRemoteMessage() MID char = 7 buffer = 1.52.272222
04-09 11:31:57.021  2970  2993 I otamanager: OTA: DownloadHttpContent :payload =  {"device":{"brand":"COTODAMA","castVersion":"1.52.272222","deviceId":"cc909321f384","deviceType":"LS10_C4A","fwVersion":"1203","googleCast":true,"mcuVersion":"1001","model":"LSB"}}
04-09 11:31:57.021  2970  2993 I otamanager:  
04-09 11:31:57.021  2970  2993 I otamanager: OTA:------curlDownloadFirmwareXml---
04-09 11:31:57.021  2970  2993 I otamanager: OTA:isValidIpAddress: result 0
04-09 11:31:57.641  2970  2993 I otamanager: OTA:ResolveDNSName IP = 3.213.213.19
04-09 11:31:57.641  2970  2993 I otamanager: OTA:hostIp string: https://3.213.213.19/v1
04-09 11:31:57.641  2970  2993 I otamanager: OTA: trying after 2 sec 
04-09 11:31:57.643  3086  3086 I cast_shell: [3089:3097:INFO:heartbeat_manager.cc(272)] Set HBInterval default: 1680000
04-09 11:31:57.643  3086  3086 I cast_shell: [3089:3089:INFO:gcm_manager.cc(233)] GCM connection established.
04-09 11:31:57.674  3086  3086 I cast_shell: [3089:3139:INFO:mdns_app_filter.cc(1526)] MdnsAppFilter: Done announcing.
04-09 11:31:57.873  3086  3086 I cast_shell: [3089:3129:INFO:metrics_recorder.cc(282)] Record action: Setup.state.BLE
04-09 11:31:58.027  3086  3086 I cast_shell: [system_updater_dummy.cpp(139)] CheckUpdate 139
04-09 11:31:58.028  3086  3086 I cast_shell: [system_updater_dummy.cpp(148)] CheckUpdate 148 return
04-09 11:31:58.051  2963  2973 D wac-main: Netlink event
04-09 11:31:58.051  2963  2973 E wac-main: Netlink event 16 Interface Index 5 
04-09 11:31:58.051  2963  2973 E wac-main: Enter poll and wait
04-09 11:31:58.051  2963  2973 D wac-main: Netlink event
04-09 11:31:58.051  2963  2973 E wac-main: Netlink event 16 Interface Index 5 
04-09 11:31:58.051  2963  2973 E wac-main: Enter poll and wait
04-09 11:31:58.052  2712  2724 I yani_server: NetLink Event '-1' Interface-Index '5' WLAN '0' Ethernet '-1' Parsed-iFill '-1' -> 'INVALID' ifIndex '1' -> 'lo'
04-09 11:31:58.058  2712  2724 I yani_server: NetLink Event '-1' Interface-Index '5' WLAN '0' Ethernet '-1' Parsed-iFill '-1' -> 'INVALID' ifIndex '1' -> 'lo'
04-09 11:31:58.068  2964  3164 I LibreCastControlDelegate: OnCastStatus() +++ Bedroom speaker 2:0xac01b198:NOT_SETUP
04-09 11:31:58.068  2964  3164 I LibreCastControlDelegate: Device Build Number -> '1.52.272222'
04-09 11:31:58.068  2964  3164 I librecast: updateCastBuildVersion() Version 1.52.272222
04-09 11:31:58.068  2713  2713 I lucitransport: readRemoteMessage() MID char = 7 buffer = 1.52.272222
04-09 11:31:58.069  2964  3164 I LibreCastControlDelegate: Active Applications -> 0
04-09 11:31:58.069  2964  3164 I LibreCastControlDelegate: Current Cast State '2' -> 'NOT_SETUP'
04-09 11:31:58.069  2964  3164 I LibreCastControlDelegate: OnCastStatus() ---
04-09 11:31:58.071  2712  2724 I yani_server: NetLink Event '-1' Interface-Index '5' WLAN '0' Ethernet '-1' Parsed-iFill '-1' -> 'INVALID' ifIndex '1' -> 'lo'
04-09 11:31:58.088  2712  2724 I chatty  : uid=0(root) YaniServer identical 6 lines
04-09 11:31:58.089  2712  2724 I yani_server: NetLink Event '-1' Interface-Index '5' WLAN '0' Ethernet '-1' Parsed-iFill '-1' -> 'INVALID' ifIndex '1' -> 'lo'
04-09 11:31:58.089  2712  2724 I yani_kernel: yani_geteventfrom_changeaddr() Message-Id '1' Netlink event '16' Interface Index '5' -> Name 'wlan0' 
04-09 11:31:58.090  2712  2724 I yani_kernel: yani_geteventfrom_changeaddr() Message-Id '1' Netlink event '16' Interface Index '5' -> Name 'wlan0' 
04-09 11:31:58.581  3086  3086 I cast_shell: [3089:3089:INFO:config_downloader.cc(700)] Received Protobuf config response
04-09 11:31:58.604  3086  3086 I cast_shell: [3089:3089:INFO:application_manager_impl.cc(2024)] max_background_apps changed to: 1
04-09 11:31:58.604  3086  3086 I cast_shell: [3089:3089:ERROR:modular_update_manager_impl.cc(382)] No modular updater app ID can be found in device config.
04-09 11:31:58.614  3086  3086 I cast_shell: [3089:3089:INFO:ccs_settings.cc(262)] CcsSettings using CCS url https://clients5.google.com/cast/cloudcast/
04-09 11:31:58.636  3086  3086 I cast_shell: [3089:3089:INFO:application_config_manager_impl.cc(528)] Setting default remote control app ID: 1374D8AA
04-09 11:31:58.637  3086  3086 I cast_shell: [3089:3089:INFO:application_identification_settings.cc(410)] new ApplicationIdentificationSettings session_id: 31212e50-8969-4bf3-bae6-0db4a86c9a41 app_id: 38579375 flags: 7 headers: 512
04-09 11:31:58.637  3086  3086 I cast_shell: [3089:3089:WARNING:ccs_manager_impl.cc(1566)] Device does not have a weave device id
04-09 11:31:58.637  3086  3086 I cast_shell: [3089:3089:INFO:mdns_util.cc(102)] Defaulting mDNS capabilities for audio-only build
04-09 11:31:58.637  3086  3086 I cast_shell: [3089:3089:INFO:mdns_util.cc(102)] Defaulting mDNS capabilities for audio-only build
04-09 11:31:58.637  3086  3086 I cast_shell: [3089:3089:INFO:ccs_transport_https.cc(1203)] No cloud settings for register request
04-09 11:31:58.639  3086  3086 I cast_shell: [3089:3089:INFO:ccs_manager_impl.cc(1496)] Registering device with CCS: message_id = 3d8f0c11-c2e5-4c1e-9ec1-7de901042978
04-09 11:31:58.639  3086  3086 I cast_shell: [3089:3089:INFO:ccs_manager_impl.cc(1497)] [PII] device_id = DFFA6592D55D2D5E14068E9447CA6B61
04-09 11:31:58.639  3086  3086 I cast_shell: [3089:3089:INFO:application_identification_settings.cc(410)] new ApplicationIdentificationSettings session_id: 56fc8392-75a5-46fb-848d-ade9910fe5a2 app_id: 38579375 flags: 7 headers: 512
04-09 11:31:58.639  3086  3086 I cast_shell: [3089:3089:INFO:robot_account_auth_manager.cc(470)] Successfully initialized JWT for 38579375
04-09 11:31:58.639  3086  3086 I cast_shell: [3089:3089:INFO:config_downloader.cc(900)] Clearing local config cache
04-09 11:31:58.645  3086  3086 I cast_shell: [3089:3089:INFO:metrics_recorder.cc(282)] Record action: Cast.DCS.DownloadSuccess
04-09 11:31:58.645  3086  3086 I cast_shell: [3089:3089:INFO:key_exchange_namespace_handler.cc(178)] Changing key_exchange_support capability
04-09 11:31:58.646  2964  3164 I LibreCastControlDelegate: OnCastStatus() +++ Bedroom speaker 2:0xac01b198:NOT_SETUP
04-09 11:31:58.647  2964  3164 I LibreCastControlDelegate: Device Build Number -> '1.52.272222'
04-09 11:31:58.647  2964  3164 I librecast: updateCastBuildVersion() Version 1.52.272222
04-09 11:31:58.647  2713  2713 I lucitransport: readRemoteMessage() MID char = 7 buffer = 1.52.272222
04-09 11:31:58.650  3086  3086 I cast_shell: [3089:3089:INFO:mdns_util.cc(102)] Defaulting mDNS capabilities for audio-only build
04-09 11:31:58.650  3086  3086 I cast_shell: [3089:3089:INFO:chromecast_service.cc(2229)] AoGH feature is: 0
04-09 11:31:58.650  3086  3086 I cast_shell: [3089:3089:INFO:chromecast_service.cc(2189)] Geolocation changed to: 0
04-09 11:31:58.651  3086  3086 I cast_shell: [3089:3089:INFO:lycra_transport.cc(301)] Feature flag changed: false
04-09 11:31:58.651  3086  3086 I cast_shell: [3089:3139:INFO:mdns_util.cc(102)] Defaulting mDNS capabilities for audio-only build
04-09 11:31:58.651  3086  3086 I cast_shell: [3089:3089:INFO:chromecast_service.cc(2248)] Playback disruption feature is: 1
04-09 11:31:58.651  3086  3086 I cast_shell: [3089:3089:INFO:playback_disruption_service.cc(328)] Playback disruption service enabled and running
04-09 11:31:58.651  3086  3086 I cast_shell: [3089:3089:INFO:ccs_manager_impl.cc(864)] Re-registering single CCS device
04-09 11:31:58.651  3086  3086 I cast_shell: [3089:3089:WARNING:ccs_manager_impl.cc(1566)] Device does not have a weave device id
04-09 11:31:58.651  3086  3086 I cast_shell: [3089:3089:INFO:mdns_util.cc(102)] Defaulting mDNS capabilities for audio-only build
04-09 11:31:58.651  3086  3086 I cast_shell: [3089:3089:INFO:mdns_util.cc(102)] Defaulting mDNS capabilities for audio-only build
04-09 11:31:58.679  3086  3086 I cast_shell: [3089:3089:INFO:metrics_recorder.cc(282)] cast event: Cloud.Transport.Https.Register.Out
04-09 11:31:58.680  3086  3086 I cast_shell: [3089:3089:INFO:application_identification_settings.cc(1331)] CreateJwt completed; running all done signing callbacks.
04-09 11:31:58.680  3086  3086 I cast_shell: [3089:3089:INFO:robot_account_auth_manager.cc(496)] JWT expiry in 3600 seconds
04-09 11:31:58.681  3086  3086 I cast_shell: [3089:3089:INFO:robot_account_auth_manager.cc(384)] Sending oauth request for client_id: 0
04-09 11:31:58.681  3086  3086 I cast_shell: [3089:3089:INFO:metrics_recorder.cc(282)] cast event: Cast.Assistant.Auth.FetchToken
04-09 11:31:58.681  3086  3086 I cast_shell: [3089:3089:INFO:metrics_recorder.cc(282)] cast event: Cloud.Transport.Https.Register.Out
04-09 11:31:58.681  3086  3086 I cast_shell: [3089:3444:INFO:chromium_http_connection.cc(436)] Creating a new chromium http url loader factory
04-09 11:31:58.908  3086  3086 I cast_shell: [3089:3129:INFO:metrics_recorder.cc(282)] Record action: Setup.state.BLE
04-09 11:31:59.051  3086  3086 I cast_shell: [system_updater_dummy.cpp(139)] CheckUpdate 139
04-09 11:31:59.052  3086  3086 I cast_shell: [system_updater_dummy.cpp(148)] CheckUpdate 148 return
04-09 11:31:59.308  3086  3086 I cast_shell: [3089:3089:INFO:robot_account_auth_manager.cc(525)] Got CAS response: 200
04-09 11:31:59.308  3086  3086 I cast_shell: [3089:3089:INFO:metrics_recorder.cc(282)] cast event: Cast.Assistant.AuthError.NOT_LINKED
