04-09 10:27:11.420  2945  3151 I LibreCastControlDelegate: Current Cast State '1' -> 'STARTING'
04-09 10:27:11.420  2945  3151 I LibreCastControlDelegate: OnCastStatus() ---
04-09 10:27:11.420  2692  2692 I sh      : [0408/215711.420408:INFO:cast_message_service_impl.cc(185)] Sending connect message!
04-09 10:27:11.424  3074  3074 I cast_shell: [3077:3126:INFO:metrics_recorder.cc(282)] Cast v2 action(socket_id=domain-socket@/tmp/cast-control.1): CastV2.Connection.Connect.In
04-09 10:27:11.425  3074  3074 I cast_shell: [3077:3077:INFO:resource_namespace_handler.cc(307)] Setting resource provider: sender_id=domain-socket@/tmp/cast-control.1:system-0
04-09 10:27:11.425  2692  2692 I sh      : [0408/215711.425545:INFO:cast_message_service_impl.cc(1007)] CastMessageServiceImpl matched versions
04-09 10:27:11.594  3074  3074 I cast_shell: [3077:3077:INFO:crypto_manager.cc(278)] Public key: MIIBCgKCAQEAwLKn3orngw0dKqTb/lgbNNT6HeffdFPo+JD8PlEUGaawv2NgEQ2WcdiFKRQeVdjYYm1JoE1DF7KYVnU6sBDoUwRlTETba1h6NFhiY26Ma3kFuMnABk3sWoeMC4icB7SCkpBMlYUHlnyKndbX+mWHQExJjc062Ldq0CayldHgATXd9E4Eg81cidtJ3nq1Wz/Iz6uZcV4BbL+zPpYju9r68TuL+xDvp1tMnFPHJuGNQAJ12UpG0t80b80oC/uMKGP7teH+gJevszqYVcAYW7aNK/lIGOyNxPhgebOaA7Rdfq3ZjrBZhsxwcZYsT6hN4h+DVe4k3JV284ATt7guMDqEoQIDAQAB
04-09 10:27:11.594  3074  3074 I cast_shell: [3077:3077:INFO:crypto_manager.cc(289)] Public modulus: wLKn3orngw0dKqTb_lgbNNT6HeffdFPo-JD8PlEUGaawv2NgEQ2WcdiFKRQeVdjYYm1JoE1DF7KYVnU6sBDoUwRlTETba1h6NFhiY26Ma3kFuMnABk3sWoeMC4icB7SCkpBMlYUHlnyKndbX-mWHQExJjc062Ldq0CayldHgATXd9E4Eg81cidtJ3nq1Wz_Iz6uZcV4BbL-zPpYju9r68TuL-xDvp1tMnFPHJuGNQAJ12UpG0t80b80oC_uMKGP7teH-gJevszqYVcAYW7aNK_lIGOyNxPhgebOaA7Rdfq3ZjrBZhsxwcZYsT6hN4h-DVe4k3JV284ATt7guMDqEoQ
04-09 10:27:11.594  3074  3074 I cast_shell: [3077:3077:INFO:crypto_manager.cc(294)] Public exponent: AQAB
04-09 10:27:11.677  2731  2740 I WifiUtil: get p2p0 channel 6 (2437MHz)
04-09 10:27:11.677  2731  2740 I HotspotManager: start hostapd at channel=6 SSID=<SSID omitted> hidden_ssid=0
04-09 10:27:11.683  3074  3074 I cast_shell: [3077:3115:INFO:setup_state.cc(261)] Setup state changed: SETUP_STATE_UNKNOWN (0) -> SETUP_STATE_CHECKING_GLOBAL_CONNECTIVITY (50)
04-09 10:27:11.684  2733  2763 I bluetoothtbd: [0408/215711.684293:INFO:adapter.cc(551)] Adapter properties changed
04-09 10:27:11.684  2733  2763 I bluetoothtbd: [0408/215711.684426:INFO:adapter.cc(573)] Adapter name changed
04-09 10:27:11.689  3074  3074 I cast_shell: [3077:3115:INFO:bluetooth_manager.cc(1232)] [PII] Set device name to 'LSB7294'
04-09 10:27:11.691  2733  2763 I bluetoothtbd: [0408/215711.691552:INFO:adapter.cc(551)] Adapter properties changed
04-09 10:27:11.694  2711  2723 I yani_kernel: yani_geteventfrom_changeaddr() Message-Id '1' Netlink event '20' Interface Index '6' -> Name 'p2p0' 
04-09 10:27:11.695  2944  2957 D wac-main: Netlink event
04-09 10:27:11.695  2944  2957 E wac-main: Netlink event 20 Interface Index 6 
04-09 10:27:11.717  2945  3151 I LibreCastControlDelegate: Active Applications -> 0
04-09 10:27:11.717  2945  3151 I LibreCastControlDelegate: Current Cast State '2' -> 'NOT_SETUP'
04-09 10:27:11.717  2945  3151 I LibreCastControlDelegate: OnCastStatus() ---
04-09 10:27:11.718  2945  3151 I LibreCastControlDelegate: OnResponse() ReqeustID 1, error  0
04-09 10:27:11.719  2692  2692 I sh      : [0408/215711.719282:INFO:cast_message_service_impl.cc(1037)] Received initial eureka info
04-09 10:27:11.721  2692  2692 I sh      : [0408/215711.721091:INFO:cast_message_service_impl.cc(1067)] Received initial receiver info
04-09 10:27:11.727  2692  2692 I sh      : [0408/215711.727003:INFO:cast_message_service_impl.cc(1073)] Sent PlatformSettingsRegister message
04-09 10:27:11.727  2945  3151 I LibreCastControlDelegate: OnControlConnected()
04-09 10:27:11.749  2945  3151 I LibreCastControl: LibreCastControl_RequestGVAStatus() RequestId '4' pCastControl 0xf4e00728
04-09 10:27:11.750  2692  2692 I sh      : [0408/215711.749641:INFO:cast_message_service_impl.cc(1076)] CastMessageServiceImpl is ready
04-09 10:27:11.751  3074  3074 I cast_shell: [3077:3077:INFO:assistant_namespace_handler.cc(144)] Added a status listening peer for assistant namespace: domain-socket@/tmp/cast-control.1:system-0
04-09 10:27:11.751  2945  3151 I LibreCastControlDelegate: OnResponse() ReqeustID 4, error  0
04-09 10:27:12.521  3074  3074 I cast_shell: [3077:3128:INFO:multizone_manager.cc(1889)] Initial discovery complete
04-09 10:27:12.578  2711  2723 I yani_server: doLotofWork() List of interface '4'
04-09 10:27:12.578  2711  2723 I yani_server: doLotofWork() Interface 'p2p0' ifr[0].ifr_name 'lo' ipaddress '127.0.0.1'
04-09 10:27:12.578  2711  2723 I yani_server: doLotofWork() Interface 'p2p0' ifr[1].ifr_name 'p2p0' ipaddress '192.168.255.249'
04-09 10:27:12.578  2711  2723 I yani_server: doLotofWork() returns 'REFILL WACMODE'
04-09 10:27:12.578  2711  2723 E yani_server: YANI: I am Done Wait For Event 
04-09 10:27:12.578  2711  2723 I yani_kernel: yani_geteventfrom_changeaddr() Message-Id '1' Netlink event '21' Interface Index '6' -> Name 'p2p0' 
04-09 10:27:12.579  2711  2813 I yani_server: onNetworkParametersChanged() WAC Mode '1'  Index '2' Interface 'p2p0' Status '1'
04-09 10:27:12.579  2728  2741 I MB_HANDLER: YaniAlert() Interface '4' Status '1'
04-09 10:27:12.582  2733  2763 I bluetoothtbd: [0408/215712.582096:INFO:adapter.cc(551)] Adapter properties changed
04-09 10:27:12.582  2733  2763 I bluetoothtbd: [0408/215712.582281:INFO:adapter.cc(573)] Adapter name changed
04-09 10:27:12.591  2712  2720 E luciUART: UART:aa
04-09 10:27:12.591  2712  2720 E luciUART: UART:aa
04-09 10:27:12.591  2712  2720 E luciUART: UART:2
04-09 10:27:12.591  2712  2720 E luciUART: UART:0
04-09 10:27:12.591  2712  2720 E luciUART: UART:d0
04-09 10:27:12.591  2712  2720 E luciUART: UART:0
04-09 10:27:12.591  2712  2720 I chatty  : uid=0(root) UARTLUCIControl identical 1 line
04-09 10:27:12.591  2712  2720 E luciUART: UART:0
04-09 10:27:12.592  2711  2723 I yani_kernel: yani_geteventfrom_changeaddr() Message-Id '1' Netlink event '20' Interface Index '6' -> Name 'p2p0' 
04-09 10:27:12.592  2711  2813 I yani_server: onNetworkParametersChanged() WAC Mode '0'  Index '2' Interface 'p2p0' Status '0'
04-09 10:27:12.593  2728  2741 I MB_HANDLER: YaniAlert() Interface '3' Status '0'
04-09 10:27:12.593  2712  2712 I lucitransport: writeRemoteMessage() MID = 124 buffer = 0#1,0#2,0#3,0#4,0
04-09 10:27:12.593  2712  2712 I luciUART: write() MID = 124  bytes = 27 data = 0#1,0#2,0#3,0#4,0 m_fd = 0x5
04-09 10:27:12.594  2729  2729 E AirableUIHelper: AirableUIHelper::YaniAlert  3 0 
04-09 10:27:12.594  2951  2968 I otamanager: YaniAlert() Interface 3 Status Down
04-09 10:27:12.594  2947  2947 I airplay-main: YaniAlert Interface 3 Status 0
04-09 10:27:12.594  2712  2720 E luciUART: UART:5f
04-09 10:27:12.594  2712  2720 I luciUART: Previous Packet read contd., 
04-09 10:27:12.600  2711  2723 I yani_server: NetLink Event '6' Interface-Index '6' WLAN '-1' Ethernet '-1' Parsed-iFill '6' -> 'P2P0 CONNECTED' ifIndex '2' -> 'tunl0'
04-09 10:27:12.603  2712  2720 E luciUART: UART:aa
04-09 10:27:12.603  2712  2720 E luciUART: UART:aa
04-09 10:27:12.603  2712  2720 E luciUART: UART:2
04-09 10:27:12.603  2712  2720 E luciUART: UART:0
04-09 10:27:12.603  2712  2720 E luciUART: UART:d0
04-09 10:27:12.603  2712  2720 E luciUART: UART:0
04-09 10:27:12.603  2712  2720 I chatty  : uid=0(root) UARTLUCIControl identical 2 lines
04-09 10:27:12.603  2712  2720 E luciUART: UART:0
04-09 10:27:12.604  2712  2720 E luciUART: UART:9
04-09 10:27:12.604  2712  2720 I luciUART: read() RemoteID = 43690 Command = 208 Type = 2 Status = 0 DataLen = 9
04-09 10:27:12.604  2712  2720 E luciUART: Error: full data not available yet! readBytes 0
04-09 10:27:12.604  2712  2720 I luciUART: Previous Packet read contd., 
04-09 10:27:12.604  2712  2720 E luciUART: UART:52
04-09 10:27:12.604  2712  2720 I luciUART: Previous Packet read contd., 
04-09 10:27:12.604  2712  2720 E luciUART: UART:45
04-09 10:27:12.604  2712  2720 I luciUART: Previous Packet read contd., 
04-09 10:27:12.604  2712  2720 E luciUART: UART:41
04-09 10:27:12.604  2712  2720 I luciUART: Previous Packet read contd., 
04-09 10:27:12.604  2712  2720 E luciUART: UART:44
04-09 10:27:12.604  2712  2720 I luciUART: Previous Packet read contd., 
04-09 10:27:12.604  2712  2720 E luciUART: UART:5f
04-09 10:27:12.604  2712  2720 I luciUART: Previous Packet read contd., 
04-09 10:27:12.604  2712  2720 E luciUART: UART:73
04-09 10:27:12.604  2712  2720 I luciUART: Previous Packet read contd., 
04-09 10:27:12.604  2712  2720 E luciUART: UART:73
04-09 10:27:12.604  2712  2720 I luciUART: Previous Packet read contd., 
04-09 10:27:12.604  2712  2720 E luciUART: UART:69
04-09 10:27:12.604  2712  2720 I luciUART: Previous Packet read contd., 
04-09 10:27:12.604  2712  2720 E luciUART: UART:64
04-09 10:27:12.604  2712  2721 E LUCI_SERVER: Luci Server Thread wait over MID 208....
04-09 10:27:12.604  2712  2721 E LUCI_SERVER: Got NV name : ssid
04-09 10:27:12.606  2712  2721 I luciUART: write() MID = 208  bytes = 15 data = ssid: m_fd = 0x5
04-09 10:27:12.606  2712  2721 E LUCI_SERVER: NV_READ response= ssid:
04-09 10:27:12.606  2712  2721 E LUCI_SERVER: Luci Server Thread waiting for packets....
04-09 10:27:13.074  3158  3158 I dnsmasq : started, version 2.51 DNS disabled
04-09 10:27:13.074  3158  3158 I dnsmasq : compile time options: no-IPv6 GNU-getopt no-DBus no-I18N DHCP no-scripts no-TFTP
04-09 10:27:13.074  3158  3158 I dnsmasq : DHCP, IP range 192.168.255.250 -- 192.168.255.254, lease time 12h
04-09 10:27:13.075  2731  2740 E WifiUtil: command: "SCAN" failed: FAIL-BUSY
04-09 10:27:13.075  2731  2740 W HotspotManager: hotspot already started
04-09 10:27:13.076  2711  2723 I yani_server: doLotofWork() List of interface '4'
04-09 10:27:13.076  2711  2723 I yani_server: doLotofWork() Interface 'p2p0' ifr[0].ifr_name 'lo' ipaddress '127.0.0.1'
04-09 10:27:13.076  2711  2723 I yani_server: doLotofWork() Interface 'p2p0' ifr[1].ifr_name 'p2p0' ipaddress '192.168.255.249'
04-09 10:27:13.076  2711  2723 I yani_server: doLotofWork() returns 'REFILL WACMODE'
04-09 10:27:13.076  2711  2723 E yani_server: YANI: I am Done Wait For Event 
04-09 10:27:13.076  2711  2813 I yani_server: onNetworkParametersChanged() WAC Mode '1'  Index '2' Interface 'p2p0' Status '1'
04-09 10:27:13.076  2728  2741 I MB_HANDLER: YaniAlert() Interface '4' Status '1'
04-09 10:27:13.086  2712  2720 E luciUART: UART:0
04-09 10:27:13.087  2712  2720 I chatty  : uid=0(root) UARTLUCIControl identical 2 lines
04-09 10:27:13.087  2712  2720 E luciUART: UART:0
04-09 10:27:13.087  2712  2720 E luciUART: UART:9
04-09 10:27:13.087  2712  2720 I luciUART: read() RemoteID = 43690 Command = 208 Type = 2 Status = 0 DataLen = 9
04-09 10:27:13.087  2712  2720 E luciUART: Error: full data not available yet! readBytes 0
04-09 10:27:13.087  2712  2720 I luciUART: Previous Packet read contd., 
04-09 10:27:13.087  2712  2720 E luciUART: UART:52
04-09 10:27:13.087  2712  2720 I luciUART: Previous Packet read contd., 
04-09 10:27:13.087  2712  2720 E luciUART: UART:45
04-09 10:27:13.087  2712  2720 I luciUART: Previous Packet read contd., 
04-09 10:27:13.087  2712  2720 E luciUART: UART:41
04-09 10:27:13.087  2712  2720 I luciUART: Previous Packet read contd., 
04-09 10:27:13.087  2712  2720 E luciUART: UART:44
04-09 10:27:13.087  2712  2720 I luciUART: Previous Packet read contd., 
04-09 10:27:13.087  2712  2720 E luciUART: UART:5f
04-09 10:27:13.090  2711  2723 I yani_kernel: yani_geteventfrom_changeaddr() Message-Id '1' Netlink event '16' Interface Index '6' -> Name 'p2p0' 
04-09 10:27:13.099  3074  3074 I cast_shell: [3077:3077:INFO:multizone_setup.cc(328)] Configured audio output delay changed. User delay = 0 s, OEM delay = 0.08 s, HDMI delay = 0 s
04-09 10:27:13.103  2945  3151 I LibreCastControlDelegate: OnCastStatus() +++ Lyric Speaker Box 21f384:0xab5fe198:NOT_SETUP
04-09 10:27:13.103  2945  3151 I LibreCastControlDelegate: Device Build Number -> '1.52.272222'
04-09 10:27:13.103  2945  3151 I librecast: updateCastBuildVersion() Version 1.52.272222
04-09 10:27:13.104  2712  2712 I lucitransport: readRemoteMessage() MID char = 7 buffer = 1.52.272222
04-09 10:27:13.104  2945  3151 I LibreCastControlDelegate: Active Applications -> 0
04-09 10:27:13.104  2945  3151 I LibreCastControlDelegate: Current Cast State '2' -> 'NOT_SETUP'
04-09 10:27:13.104  2945  3151 I LibreCastControlDelegate: OnCastStatus() ---
04-09 10:27:13.104  2945  3151 I LibreCastControlDelegate: OnCastStatus() +++ Lyric Speaker Box 21f384:0xab5fe198:NOT_SETUP
04-09 10:27:13.104  2945  3151 I LibreCastControlDelegate: Device Build Number -> '1.52.272222'
04-09 10:27:13.104  2945  3151 I librecast: updateCastBuildVersion() Version 1.52.272222
04-09 10:27:13.105  2712  2712 I lucitransport: readRemoteMessage() MID char = 7 buffer = 1.52.272222
04-09 10:27:13.105  2945  3151 I LibreCastControlDelegate: Active Applications -> 0
04-09 10:27:13.105  2945  3151 I LibreCastControlDelegate: Current Cast State '2' -> 'NOT_SETUP'
04-09 10:27:13.105  2945  3151 I LibreCastControlDelegate: OnCastStatus() ---
04-09 10:27:13.110  3153  3153 I hostapd : p2p0: IEEE 802.11 channel=6 mode=ht bw=20 htcaps=0x177f vhtcaps=0x0 cf_seg0=0 cf_seg1=0
04-09 10:27:13.150  2944  2957 D wac-main: Netlink event
04-09 10:27:13.150  2711  2723 I yani_kernel: yani_geteventfrom_changeaddr() Message-Id '1' Netlink event '16' Interface Index '6' -> Name 'p2p0' 
04-09 10:27:13.150  2944  2957 E wac-main: Netlink event 16 Interface Index 6 
04-09 10:27:13.150  2944  2957 E wac-main: p2p0 event Link Changed : 11043 
04-09 10:27:13.150  2944  2957 E wac-main: p2p0 Changed Up 
04-09 10:27:13.151  2944  2957 I wifiapi : newconn : 0xf5300718
04-09 10:27:13.152  2944  2957 I wifiapi : 'STATUS' command returned = 0
04-09 10:27:13.152  2944  2957 E wac-main: current wifi status : 10
04-09 10:27:13.154  2945  3151 I LibreCastControlDelegate: OnCastStatus() +++ Lyric Speaker Box 21f384:0xab5fe198:NOT_SETUP
04-09 10:27:13.154  2945  3151 I LibreCastControlDelegate: Device Build Number -> '1.52.272222'
04-09 10:27:13.154  2945  3151 I librecast: updateCastBuildVersion() Version 1.52.272222
04-09 10:27:13.155  2712  2712 I lucitransport: readRemoteMessage() MID char = 7 buffer = 1.52.272222
04-09 10:27:13.155  2945  3151 I LibreCastControlDelegate: Active Applications -> 0
04-09 10:27:13.155  2945  3151 I LibreCastControlDelegate: Current Cast State '2' -> 'NOT_SETUP'
04-09 10:27:13.155  2945  3151 I LibreCastControlDelegate: OnCastStatus() ---
04-09 10:27:13.156  2945  3151 I LibreCastControlDelegate: OnCastStatus() +++ Lyric Speaker Box 21f384:0xab5fe198:NOT_SETUP
04-09 10:27:13.157  2945  3151 I LibreCastControlDelegate: Device Build Number -> '1.52.272222'
04-09 10:27:13.157  2945  3151 I librecast: updateCastBuildVersion() Version 1.52.272222
04-09 10:27:13.157  2712  2712 I lucitransport: readRemoteMessage() MID char = 7 buffer = 1.52.272222
04-09 10:27:13.157  2945  3151 I LibreCastControlDelegate: Active Applications -> 0
04-09 10:27:13.157  2945  3151 I LibreCastControlDelegate: Current Cast State '2' -> 'NOT_SETUP'
04-09 10:27:13.157  2945  3151 I LibreCastControlDelegate: OnCastStatus() ---
04-09 10:27:13.158  3074  3074 I cast_shell: [3077:3115:INFO:gatt_client_manager_impl.cc(202)] Enabling GATT client connectability
04-09 10:27:13.160  3074  3074 I cast_shell: [3077:3115:INFO:ble_setup.cc(915)] Sign related info completed, no future EurekaInfo need sign.
04-09 10:27:13.161  3074  3074 I cast_shell: [3077:3115:INFO:gatt_client_manager_impl.cc(202)] Enabling GATT client connectability
04-09 10:27:13.161  3074  3074 I chatty  : uid=1000(chrome) /bin/logwrapper identical 1 line
04-09 10:27:13.161  3074  3074 I cast_shell: [3077:3115:INFO:gatt_client_manager_impl.cc(202)] Enabling GATT client connectability
04-09 10:27:13.165  2733  2763 E bt_btif : BTA_GATTS_AddService: rcb_idx = 0
04-09 10:27:13.165  2733  2763 I bluetoothtbd: [0408/215713.165440:INFO:gatt_api.cc(207)] GATTS_AddService
04-09 10:27:13.165  2733  2763 I bluetoothtbd: [0408/215713.165758:INFO:gatt_api.cc(317)] GATTS_AddService: service parsed correctly, now starting
04-09 10:27:13.168  3074  3074 I cast_shell: [3077:3115:INFO:ble_setup_manager.cc(744)] Started Bluetooth service
04-09 10:27:14.069  3074  3074 I cast_shell: [3077:3085:ERROR:connectivity_checker_impl.cc(265)] Connectivity check failed: 400
04-09 10:27:15.075  3074  3074 I cast_shell: [3077:3125:INFO:mdns_app_filter.cc(1403)] MdnsAppFilter: Done probing.
04-09 10:27:15.076  3074  3074 I cast_shell: [3077:3085:ERROR:connectivity_checker_impl.cc(265)] Connectivity check failed: 400
04-09 10:27:16.078  3074  3074 I cast_shell: [3077:3077:INFO:grpc_service_discovery_impl.cc(185)] Mdns discovered google RPC for [PII](BBE1E697EA6961353A6BB83E354AE7B4).
04-09 10:27:16.084  3074  3074 I cast_shell: [3077:3085:ERROR:connectivity_checker_impl.cc(265)] Connectivity check failed: 400
04-09 10:27:16.153  2944  2957 E wac-main: Enter poll and wait
04-09 10:27:17.080  3074  3074 I cast_shell: [3077:3125:INFO:mdns_app_filter.cc(1526)] MdnsAppFilter: Done announcing.
04-09 10:27:17.089  3074  3074 I cast_shell: [3077:3085:ERROR:connectivity_checker_impl.cc(265)] Connectivity check failed: 400
04-09 10:27:20.109  3074  3074 I chatty  : uid=1000(chrome) /bin/logwrapper identical 3 lines
04-09 10:27:21.116  3074  3074 I cast_shell: [3077:3085:ERROR:connectivity_checker_impl.cc(265)] Connectivity check failed: 400
04-09 10:27:21.688  3074  3074 I cast_shell: [3077:3115:ERROR:setup_state.cc(424)] Timeout for state=SETUP_STATE_CHECKING_GLOBAL_CONNECTIVITY(50): move to state=SETUP_STATE_CHECKING_GLOBAL_CONNECTIVITY_BAD_ROUTER(52).
04-09 10:27:21.688  3074  3074 I cast_shell: [3077:3115:INFO:setup_state.cc(261)] Setup state changed: SETUP_STATE_CHECKING_GLOBAL_CONNECTIVITY (50) -> SETUP_STATE_CHECKING_GLOBAL_CONNECTIVITY_BAD_ROUTER (52)
04-09 10:27:21.692  2945  3151 I LibreCastControlDelegate: OnCastStatus() +++ Lyric Speaker Box 21f384:0xab5fe198:NOT_SETUP
04-09 10:27:21.692  2945  3151 I LibreCastControlDelegate: Device Build Number -> '1.52.272222'
04-09 10:27:21.692  2945  3151 I librecast: updateCastBuildVersion() Version 1.52.272222
04-09 10:27:21.692  2712  2712 I lucitransport: readRemoteMessage() MID char = 7 buffer = 1.52.272222
04-09 10:27:21.693  2945  3151 I LibreCastControlDelegate: Active Applications -> 0
04-09 10:27:21.693  2945  3151 I LibreCastControlDelegate: Current Cast State '2' -> 'NOT_SETUP'
04-09 10:27:21.693  2945  3151 I LibreCastControlDelegate: OnCastStatus() ---
04-09 10:27:22.123  3074  3074 I cast_shell: [3077:3085:ERROR:connectivity_checker_impl.cc(265)] Connectivity check failed: 400
04-09 10:27:47.127  2731  2739 E NetworkMonitor: cannot find default IPv4 route for wlan0
04-09 10:27:47.128  2731  2739 E NetworkMonitor: cannot find default IPv6 route for wlan0
04-09 10:27:50.221  2731  2739 E NetworkMonitor: no response for /bin/ping -n -I wlan0 -c 10 -w 10 8.8.8.8
04-09 10:27:50.232  2731  2739 E NetworkMonitor: no response for /bin/ping6 -n -I wlan0 -c 10 -w 10 2001:4860:4860::8888
04-09 10:27:50.235  2731  2739 E NetworkMonitor: dns resolution failed
04-09 10:27:50.236  2731  2739 I NetworkMonitor: Cast.Wifi.Failure.Type 7
04-09 10:28:09.428  3074  3074 I chatty  : uid=1000(chrome) /bin/logwrapper identical 47 lines
04-09 10:28:10.434  3074  3074 I cast_shell: [3077:3085:ERROR:connectivity_checker_impl.cc(265)] Connectivity check failed: 400
04-09 10:28:10.806  3074  3074 I cast_shell: [3077:3077:INFO:grpc_manager_impl.cc(505)] GRPC[uri=[::]:0]: num_pending_calls=0, num_active_handlers=0, num_free_handlers=0
04-09 10:28:10.806  3074  3074 I cast_shell: [3077:3077:INFO:gcm_manager.cc(269)] Disabling GCM Driver
04-09 10:28:10.807  3074  3074 I cast_shell: [3077:3077:INFO:grpc_manager_impl.cc(505)] GRPC[uri=]: num_pending_calls=0, num_active_handlers=0, num_free_handlers=0
04-09 10:28:10.894  3074  3074 I cast_shell: [3077:3077:INFO:grpc_manager_impl.cc(505)] GRPC[uri=unix:/tmp/hcp_ipc_auth.socket]: num_pending_calls=0, num_active_handlers=10, num_free_handlers=0
04-09 10:28:10.899  3074  3074 I cast_shell: [3077:3077:INFO:grpc_manager_impl.cc(505)] GRPC[uri=unix:/tmp/modular_updater/modular_update_service]: num_pending_calls=0, num_active_handlers=0, num_free_handlers=0
04-09 10:28:10.924  3074  3074 I cast_shell: [3077:3077:INFO:metrics_recorder.cc(112)] Metrics stat: total=13
04-09 10:28:10.924  3074  3074 I cast_shell: Cast.Discovery.Mdns.ResponderStarted=2
04-09 10:28:10.924  3074  3074 I cast_shell: Cast.Discovery.Mdns.ResponderStopped=1
04-09 10:28:10.924  3074  3074 I cast_shell: Cast.Discovery.Mdns.SocketCreated=4
04-09 10:28:10.924  3074  3074 I cast_shell: Cast.Discovery.Mdns.SocketDestroyed=2
04-09 10:28:10.924  3074  3074 I cast_shell: Cast.System.Timezone.ChangeSuccessful=1
04-09 10:28:10.924  3074  3074 I cast_shell: CastV2.Connection.Connect.In=1
04-09 10:28:10.924  3074  3074 I cast_shell: CastV2.Receiver.DeviceStatus.Out=5
04-09 10:28:10.924  3074  3074 I cast_shell: CastV2.Receiver.DeviceStatus.Out.Broadcast=2
04-09 10:28:10.924  3074  3074 I cast_shell: CastV2.Receiver.GetStatus.In=1
04-09 10:28:10.924  3074  3074 I cast_shell: CastV2.Resource.Provider.In=1
04-09 10:28:11.029  3074  3074 I cast_shell: [3077:3077:INFO:metrics_recorder_impl.cc(672)] Activated server experiments: []
04-09 10:28:11.031  3074  3074 I cast_shell: [3077:3077:INFO:cast_logs_metrics_provider.cc(59)] netif is ipv4
04-09 10:28:11.032  3074  3074 I cast_shell: [3077:3077:ERROR:socket_posix.cc(148)] bind() failed: Address already in use (98)
04-09 10:28:11.032  3074  3074 I cast_shell: [3077:3077:INFO:net_util_impl.cc(1041)] Platform supports dual-stack
04-09 10:28:11.059  3074  3074 I cast_shell: [3077:3077:INFO:grpc_manager_impl.cc(505)] GRPC[uri=[::]:8012]: num_pending_calls=0, num_active_handlers=1, num_free_handlers=0
04-09 10:28:11.441  3074  3074 I cast_shell: [3077:3085:ERROR:connectivity_checker_impl.cc(265)] Connectivity check failed: 400
04-09 10:28:51.247  2731  2739 E NetworkMonitor: cannot find default IPv4 route for wlan0
04-09 10:28:51.248  2731  2739 E NetworkMonitor: cannot find default IPv6 route for wlan0
04-09 10:28:54.348  2731  2739 E NetworkMonitor: no response for /bin/ping -n -I wlan0 -c 10 -w 10 8.8.8.8
04-09 10:28:54.359  2731  2739 E NetworkMonitor: no response for /bin/ping6 -n -I wlan0 -c 10 -w 10 2001:4860:4860::8888
04-09 10:28:54.360  2731  2739 E NetworkMonitor: dns resolution failed
04-09 10:29:08.820  3074  3074 I chatty  : uid=1000(chrome) /bin/logwrapper identical 57 lines
04-09 10:29:09.827  3074  3074 I cast_shell: [3077:3085:ERROR:connectivity_checker_impl.cc(265)] Connectivity check failed: 400
04-09 10:29:10.807  3074  3074 I cast_shell: [3077:3077:INFO:grpc_manager_impl.cc(505)] GRPC[uri=[::]:0]: num_pending_calls=0, num_active_handlers=0, num_free_handlers=0
04-09 10:29:10.808  3074  3074 I cast_shell: [3077:3077:INFO:grpc_manager_impl.cc(505)] GRPC[uri=]: num_pending_calls=0, num_active_handlers=0, num_free_handlers=0
04-09 10:29:10.833  3074  3074 I cast_shell: [3077:3085:ERROR:connectivity_checker_impl.cc(265)] Connectivity check failed: 400
04-09 10:29:10.895  3074  3074 I cast_shell: [3077:3077:INFO:grpc_manager_impl.cc(505)] GRPC[uri=unix:/tmp/hcp_ipc_auth.socket]: num_pending_calls=0, num_active_handlers=10, num_free_handlers=0
04-09 10:29:10.900  3074  3074 I cast_shell: [3077:3077:INFO:grpc_manager_impl.cc(505)] GRPC[uri=unix:/tmp/modular_updater/modular_update_service]: num_pending_calls=0, num_active_handlers=0, num_free_handlers=0
04-09 10:29:10.924  3074  3074 I cast_shell: [3077:3077:INFO:metrics_recorder.cc(112)] Metrics stat: total=2
04-09 10:29:10.924  3074  3074 I cast_shell: Cast.Discovery.Mdns.ResponderPing=1
04-09 10:29:10.924  3074  3074 I cast_shell: Cast.Discovery.Mdns.SocketPing=2
04-09 10:29:11.030  3074  3074 I cast_shell: [3077:3115:INFO:wifi_proximity.cc(177)] Request scan.
04-09 10:29:11.059  3074  3074 I cast_shell: [3077:3077:INFO:grpc_manager_impl.cc(505)] GRPC[uri=[::]:8012]: num_pending_calls=0, num_active_handlers=1, num_free_handlers=0
04-09 10:29:11.840  3074  3074 I cast_shell: [3077:3085:ERROR:connectivity_checker_impl.cc(265)] Connectivity check failed: 400
04-09 10:29:41.032  3074  3074 I chatty  : uid=1000(chrome) /bin/logwrapper identical 29 lines
04-09 10:29:42.038  3074  3074 I cast_shell: [3077:3085:ERROR:connectivity_checker_impl.cc(265)] Connectivity check failed: 400
04-09 10:29:42.816  2733  2811 I bt_btm_ble: btm_ble_conn_complete unable to match and resolve random address
04-09 10:29:42.819  2733  2811 W bt_smp  : smp_br_connect_callback is called on unexpected transport 2
04-09 10:29:42.819  2733  2811 W bt_btif : bta_dm_acl_change info: 0x0
04-09 10:29:42.820  2733  2763 I bluetoothtbd: [0408/215942.820276:INFO:gatt_server.cc(280)] Added connection entry for conn_id: 5 device address: 6A:D3:A9:50:79:06
04-09 10:29:42.820  2733  2763 D bt_btif_dm: remote version info [6a:d3:a9:50:79:06]: 0, 0, 0
04-09 10:29:42.820  2733  2763 I bluetoothtbd: [0408/215942.820663:INFO:adapter.cc(719)] ACL state changed: 6A:D3:A9:50:79:06 - connected: true
04-09 10:29:42.823  3074  3074 I cast_shell: [3077:3115:ERROR:bluetooth_v1_via_v2.cc(796)] Connection state changed. :06 true
04-09 10:29:43.045  3074  3074 I cast_shell: [3077:3085:ERROR:connectivity_checker_impl.cc(265)] Connectivity check failed: 400
04-09 10:29:43.332  2733  2763 D bt_btif_scanner: btif_gatts_upstreams_evt: Unhandled event (26)
04-09 10:29:43.909  2733  2811 E bluetoothtbd: [0408/215943.909042:ERROR:gatt_sr.cc(743)] MTU request PDU with MTU size 515
04-09 10:29:43.909  2733  2811 W bt_l2cap: l2cble_set_fixed_channel_tx_data_length, request not supported
04-09 10:29:43.910  2733  2811 W bluetoothtbd: [0408/215943.909962:WARNING:gatt_utils.cc(837)] Call back not found for application conn_id=3
04-09 10:29:43.910  2733  2811 W bluetoothtbd: [0408/215943.910049:WARNING:gatt_utils.cc(837)] Call back not found for application conn_id=4
04-09 10:29:43.910  2733  2811 W bluetoothtbd: [0408/215943.910127:WARNING:gatt_utils.cc(837)] Call back not found for application conn_id=6
04-09 10:29:43.954  3074  3074 I cast_shell: [3077:3115:INFO:ble_setup.cc(322)] Record action: Setup.set_eureka_info.BLE.Locale
04-09 10:29:43.954  3074  3074 I cast_shell: [3077:3115:INFO:locale_manager.cc(576)] New locale: en-US
04-09 10:29:43.956  3074  3074 I cast_shell: [3077:3115:INFO:setup_state.cc(544)] EurekaInfoCalled: wifi_state=3, is_usable_ip_address=1, connected=0, is_initial_setup=1
04-09 10:29:43.956  3074  3074 I cast_shell: [3077:3115:INFO:setup_state.cc(261)] Setup state changed: SETUP_STATE_CHECKING_GLOBAL_CONNECTIVITY_BAD_ROUTER (52) -> SETUP_STATE_DISCONNECTED_EXTERNAL_CLIENT_ACCESSED (11)
04-09 10:29:43.957  3074  3074 I cast_shell: [3077:3100:INFO:media_manager_impl.cc(383)] TurnActive result: 0
04-09 10:29:43.972  2945  3151 I LibreCastControlDelegate: OnCastStatus() +++ Lyric Speaker Box 21f384:0xab5fe198:NOT_SETUP
04-09 10:29:43.972  2945  3151 I LibreCastControlDelegate: Device Build Number -> '1.52.272222'
04-09 10:29:43.972  2945  3151 I librecast: updateCastBuildVersion() Version 1.52.272222
04-09 10:29:43.973  2712  2712 I lucitransport: readRemoteMessage() MID char = 7 buffer = 1.52.272222
04-09 10:29:43.973  2945  3151 I LibreCastControlDelegate: Active Applications -> 0
04-09 10:29:43.973  2945  3151 I LibreCastControlDelegate: Current Cast State '2' -> 'NOT_SETUP'
04-09 10:29:43.973  2945  3151 I LibreCastControlDelegate: OnCastStatus() ---
04-09 10:29:43.973  2945  3151 I LibreCastControlDelegate: OnCastStatus() +++ Lyric Speaker Box 21f384:0xab5fe198:NOT_SETUP
04-09 10:29:43.973  2945  3151 I LibreCastControlDelegate: Device Build Number -> '1.52.272222'
04-09 10:29:43.973  2945  3151 I librecast: updateCastBuildVersion() Version 1.52.272222
04-09 10:29:43.974  2712  2712 I lucitransport: readRemoteMessage() MID char = 7 buffer = 1.52.272222
04-09 10:29:43.991  2733  2763 D bt_btif_scanner: btif_gatts_upstreams_evt: Unhandled event (26)
04-09 10:29:44.042  3074  3074 I cast_shell: [3077:3115:INFO:metrics_recorder.cc(282)] Record action: Setup.version.BLE
04-09 10:29:44.051  3074  3074 I cast_shell: [3077:3085:ERROR:connectivity_checker_impl.cc(265)] Connectivity check failed: 400
04-09 10:29:44.140  3074  3074 I cast_shell: [3077:3115:INFO:metrics_recorder.cc(282)] Record action: Setup.name_utf8.BLE
04-09 10:29:44.434  2733  2763 D bt_btif_scanner: btif_gatts_upstreams_evt: Unhandled event (26)
04-09 10:29:44.436  3074  3074 I cast_shell: [3077:3115:INFO:metrics_recorder.cc(282)] Record action: Setup.tos_accepted.BLE
04-09 10:29:44.466  3074  3074 I cast_shell: [3077:3115:INFO:metrics_recorder.cc(282)] Record action: Setup.state.BLE
04-09 10:29:44.496  3074  3074 I cast_shell: [3077:3115:INFO:metrics_recorder.cc(282)] Record action: Setup.ip_address.BLE
04-09 10:29:44.555  3074  3074 I cast_shell: [3077:3115:INFO:metrics_recorder.cc(282)] Record action: Setup.eureka_info_immutable_basic.BLE
04-09 10:29:44.600  3074  3074 I cast_shell: [3077:3115:INFO:metrics_recorder.cc(282)] Record action: Setup.eureka_info_mutable_reads.BLE
04-09 10:29:44.630  3074  3074 I cast_shell: [3077:3115:INFO:metrics_recorder.cc(282)] Record action: Setup.eureak_info_keys.BLE
04-09 10:29:44.735  3074  3074 I cast_shell: [3077:3115:INFO:metrics_recorder.cc(282)] Record action: Setup.eureka_info_immutable_basic.BLE
04-09 10:29:44.765  3074  3074 I cast_shell: [3077:3115:INFO:metrics_recorder.cc(282)] Record action: Setup.eureak_info_keys.BLE
04-09 10:29:44.915  3074  3074 I chatty  : uid=1000(chrome) /bin/logwrapper identical 2 lines
04-09 10:29:44.991  3074  3074 I cast_shell: [3077:3115:INFO:metrics_recorder.cc(282)] Record action: Setup.eureak_info_keys.BLE
04-09 10:29:45.057  3074  3074 I cast_shell: [3077:3085:ERROR:connectivity_checker_impl.cc(265)] Connectivity check failed: 400
04-09 10:29:45.066  3074  3074 I cast_shell: [3077:3115:INFO:metrics_recorder.cc(282)] Record action: Setup.eureak_info_keys.BLE
04-09 10:29:45.141  3074  3074 I cast_shell: [3077:3115:INFO:metrics_recorder.cc(282)] Record action: Setup.eureak_info_keys.BLE
04-09 10:29:45.216  3074  3074 I cast_shell: [3077:3115:INFO:metrics_recorder.cc(282)] Record action: Setup.i8n_info.BLE
04-09 10:29:45.620  3074  3074 I chatty  : uid=1000(chrome) /bin/logwrapper identical 5 lines
04-09 10:29:45.695  3074  3074 I cast_shell: [3077:3115:INFO:metrics_recorder.cc(282)] Record action: Setup.i8n_info.BLE
04-09 10:29:45.757  3074  3074 I cast_shell: [3077:3115:INFO:ble_setup.cc(322)] Record action: Setup.set_eureka_info.BLE.CountryCode
04-09 10:29:45.757  3074  3074 I cast_shell: [3077:3115:INFO:locale_manager.cc(639)] New country code: IN
04-09 10:29:45.768  2711  2723 I yani_server: NetLink Event '-1' Interface-Index '5' WLAN '-1' Ethernet '-1' Parsed-iFill '-1' -> 'INVALID' ifIndex '1' -> 'lo'
04-09 10:29:45.769  2945  3151 I LibreCastControlDelegate: OnCastStatus() +++ Lyric Speaker Box 21f384:0xab5fe198:NOT_SETUP
04-09 10:29:45.769  2945  3151 I LibreCastControlDelegate: Device Build Number -> '1.52.272222'
04-09 10:29:45.769  2945  3151 I librecast: updateCastBuildVersion() Version 1.52.272222
04-09 10:29:45.770  2712  2712 I lucitransport: readRemoteMessage() MID char = 7 buffer = 1.52.272222
04-09 10:29:45.770  2945  3151 I LibreCastControlDelegate: Active Applications -> 0
04-09 10:29:45.770  2945  3151 I LibreCastControlDelegate: Current Cast State '2' -> 'NOT_SETUP'
04-09 10:29:45.770  2945  3151 I LibreCastControlDelegate: OnCastStatus() ---
04-09 10:29:46.529  2710  2710 I wpa_supplicant: wlan0: CTRL-EVENT-REGDOM-CHANGE init=USER type=COUNTRY alpha2=IN
04-09 10:29:46.531  2711  2723 I yani_server: NetLink Event '-1' Interface-Index '5' WLAN '0' Ethernet '-1' Parsed-iFill '-1' -> 'INVALID' ifIndex '1' -> 'lo'
04-09 10:29:46.533  3074  3074 I cast_shell: [3077:3085:ERROR:connectivity_checker_impl.cc(265)] Connectivity check failed: 400
04-09 10:29:46.804  3074  3074 I cast_shell: [3077:3115:INFO:ble_setup.cc(322)] Record action: Setup.scan_wifi.BLE
04-09 10:29:46.805  3074  3074 I cast_shell: [3077:3115:WARNING:wifi_controller_wpa_supplicant.cc(797)] Wpa responses FAIL-BUSY, assuming it is associating, which will keep scan_results fresh.
04-09 10:29:47.539  3074  3074 I cast_shell: [3077:3085:ERROR:connectivity_checker_impl.cc(265)] Connectivity check failed: 400
04-09 10:29:49.552  3074  3074 I chatty  : uid=1000(chrome) /bin/logwrapper identical 2 lines
04-09 10:29:50.559  3074  3074 I cast_shell: [3077:3085:ERROR:connectivity_checker_impl.cc(265)] Connectivity check failed: 400
04-09 10:29:50.839  3074  3074 I cast_shell: [3077:3115:INFO:ble_setup.cc(322)] Record action: Setup.scan_wifi.BLE
04-09 10:29:50.840  3074  3074 I cast_shell: [3077:3115:WARNING:wifi_controller_wpa_supplicant.cc(797)] Wpa responses FAIL-BUSY, assuming it is associating, which will keep scan_results fresh.
04-09 10:29:51.032  2944  2957 D wac-main: Netlink event
04-09 10:29:51.032  2944  2957 E wac-main: Netlink event 16 Interface Index 5 
04-09 10:29:51.032  2944  2957 E wac-main: Enter poll and wait
04-09 10:29:51.032  2711  2723 I yani_kernel: yani_geteventfrom_changeaddr() Message-Id '1' Netlink event '16' Interface Index '5' -> Name 'wlan0' 
04-09 10:29:51.032  2944  2957 D wac-main: Netlink event
04-09 10:29:51.032  2944  2957 E wac-main: Netlink event 16 Interface Index 5 
04-09 10:29:51.033  2944  2957 E wac-main: Enter poll and wait
04-09 10:29:51.041  2711  2723 I yani_server: NetLink Event '-1' Interface-Index '5' WLAN '-1' Ethernet '-1' Parsed-iFill '-1' -> 'INVALID' ifIndex '1' -> 'lo'
04-09 10:29:51.043  2711  2723 I yani_server: NetLink Event '-1' Interface-Index '5' WLAN '0' Ethernet '-1' Parsed-iFill '-1' -> 'INVALID' ifIndex '1' -> 'lo'
04-09 10:29:51.044  2711  2723 I yani_server: NetLink Event '-1' Interface-Index '5' WLAN '0' Ethernet '-1' Parsed-iFill '-1' -> 'INVALID' ifIndex '1' -> 'lo'
04-09 10:29:51.047  2945  3151 I LibreCastControlDelegate: OnCastStatus() +++ Lyric Speaker Box 21f384:0xab5fe198:NOT_SETUP
04-09 10:29:51.047  2945  3151 I LibreCastControlDelegate: Device Build Number -> '1.52.272222'
04-09 10:29:51.047  2945  3151 I librecast: updateCastBuildVersion() Version 1.52.272222
04-09 10:29:51.047  2712  2712 I lucitransport: readRemoteMessage() MID char = 7 buffer = 1.52.272222
04-09 10:29:51.047  2945  3151 I LibreCastControlDelegate: Active Applications -> 0
04-09 10:29:51.047  2945  3151 I LibreCastControlDelegate: Current Cast State '2' -> 'NOT_SETUP'
04-09 10:29:51.047  2945  3151 I LibreCastControlDelegate: OnCastStatus() ---
04-09 10:29:51.048  2711  2723 I yani_server: NetLink Event '-1' Interface-Index '5' WLAN '0' Ethernet '-1' Parsed-iFill '-1' -> 'INVALID' ifIndex '1' -> 'lo'
04-09 10:29:51.049  2711  2723 I yani_server: NetLink Event '-1' Interface-Index '5' WLAN '0' Ethernet '-1' Parsed-iFill '-1' -> 'INVALID' ifIndex '1' -> 'lo'
04-09 10:29:51.049  2711  2723 I yani_kernel: yani_geteventfrom_changeaddr() Message-Id '1' Netlink event '16' Interface Index '5' -> Name 'wlan0' 
04-09 10:29:51.566  3074  3074 I cast_shell: [3077:3085:ERROR:connectivity_checker_impl.cc(265)] Connectivity check failed: 400
04-09 10:29:53.579  3074  3074 I chatty  : uid=1000(chrome) /bin/logwrapper identical 2 lines
04-09 10:29:54.586  3074  3074 I cast_shell: [3077:3085:ERROR:connectivity_checker_impl.cc(265)] Connectivity check failed: 400
04-09 10:29:54.905  3074  3074 I cast_shell: [3077:3115:INFO:metrics_recorder.cc(282)] Record action: Setup.scan_results.BLE
04-09 10:29:54.995  3074  3074 I cast_shell: [3077:3115:INFO:metrics_recorder.cc(282)] Record action: Setup.scan_results.BLE
04-09 10:29:55.373  2731  2739 E NetworkMonitor: cannot find default IPv4 route for wlan0
04-09 10:29:55.373  2731  2739 E NetworkMonitor: cannot find default IPv6 route for wlan0
04-09 10:29:55.592  3074  3074 I cast_shell: [3077:3085:ERROR:connectivity_checker_impl.cc(265)] Connectivity check failed: 400
04-09 10:29:56.599  3074  3074 I cast_shell: [3077:3085:ERROR:connectivity_checker_impl.cc(265)] Connectivity check failed: 400
04-09 10:29:57.155  3074  3074 I cast_shell: [3077:3115:INFO:ble_setup.cc(322)] Record action: Setup.play_sound.BLE
04-09 10:29:57.156  3074  3074 I cast_shell: [3077:3094:INFO:synchronized_sound_player.cc(362)] Playing sound key 2
04-09 10:29:57.184  3074  3074 I cast_shell: [3077:3094:INFO:audio_decoder_software_wrapper.cc(86)] Using backend decoder for PCM
04-09 10:29:57.185  3074  3074 I cast_shell: [3077:3099:INFO:mixer_input_connection.cc(208)] Create 0xf2b9caa0 (no_delay), content type: media, focus type: media, fill size: 512, algorithm fill size: 221, channel count: 1, input sample rate: 44100, start threshold: 3087, max queue size: 8820, socket: 0xf4101cd8
04-09 10:29:57.185  3074  3074 I cast_shell: [3077:3098:INFO:mixer_output_stream_alsa.cc(428)] ALSA buffer = 4096, period = 512
04-09 10:29:57.185  3074  3074 I cast_shell: [3077:3097:INFO:stream_mixer.cc(604)] Input source channel count = 1
04-09 10:29:57.185  3074  3074 I cast_shell: [3077:3097:INFO:stream_mixer.cc(607)] Dynamic channel count not enabled; using stereo
04-09 10:29:57.185  3074  3074 I cast_shell: [3077:3097:INFO:stream_mixer.cc(604)] Input source channel count = 1
04-09 10:29:57.185  3074  3074 I cast_shell: [3077:3097:INFO:stream_mixer.cc(607)] Dynamic channel count not enabled; using stereo
04-09 10:29:57.185  3074  3074 I cast_shell: [3077:3097:INFO:stream_mixer.cc(416)] Start with 0 active inputs
04-09 10:29:57.208  3074  3074 I cast_shell: [3077:3098:INFO:mixer_output_stream_alsa.cc(171)] snd_pcm_open: handle=0xf2114398
04-09 10:29:57.208  3074  3074 I cast_shell: [3077:3098:WARNING:mixer_output_stream_alsa.cc(341)] Requested sample rate (44100 Hz) does not match the actual sample rate (48000 Hz). This may lead to lower audio quality.
04-09 10:29:57.208  3074  3074 I cast_shell: [3077:3098:INFO:mixer_output_stream_alsa.cc(346)] Sample rate changed from 0 to 48000
04-09 10:29:57.208  3074  3074 I cast_shell: [3077:3098:WARNING:mixer_output_stream_alsa.cc(379)] Requested period size (512 frames) does not match the actual period size (1024 frames). This may lead to an increase in CPU usage or an increase in audio latency.
04-09 10:29:57.208  3074  3074 I cast_shell: [3077:3115:INFO:ble_setup.cc(322)] Record action: Setup.play_sound.BLE
04-09 10:29:57.208  3074  3074 I cast_shell: [3077:3097:INFO:stream_mixer.cc(466)] Output 2 channels at 48000 samples per second
04-09 10:29:57.208  3074  3074 I cast_shell: [3077:3097:INFO:stream_mixer.cc(484)] Using 2 loopback channels
04-09 10:29:57.208  3074  3074 I cast_shell: [3077:3098:INFO:filter_group.cc(340)] : 2ch@48000hz -> [GROUP]mix -> 2ch@48000hz
04-09 10:29:57.208  3074  3074 I cast_shell: [3077:3098:INFO:filter_group.cc(340)] [GROUP]mix: 2ch@48000hz -> [GROUP]linearize -> 2ch@48000hz
04-09 10:29:57.208  3074  3074 I cast_shell: [3077:3094:INFO:synchronized_sound_player.cc(362)] Playing sound key 0
04-09 10:29:57.208  3074  3074 I cast_shell: [3077:3099:INFO:mixer_input_connection.cc(386)] Remove 0xf2b9caa0
04-09 10:29:57.226  3074  3074 I cast_shell: [3077:3094:INFO:audio_decoder_software_wrapper.cc(86)] Using backend decoder for PCM
04-09 10:29:57.227  3074  3074 I cast_shell: [3077:3099:INFO:mixer_input_connection.cc(208)] Create 0xf2b9caa0 (no_delay), content type: media, focus type: media, fill size: 512, algorithm fill size: 240, channel count: 2, input sample rate: 48000, start threshold: 3360, max queue size: 9600, socket: 0xf4100a80
04-09 10:29:57.252  3074  3074 I cast_shell: [3077:3098:INFO:mixer_output_stream_alsa.cc(293)] snd_pcm_close: handle=0xf2114398
04-09 10:29:57.253  3074  3074 I cast_shell: [3077:3097:INFO:stream_mixer.cc(604)] Input source channel count = 2
04-09 10:29:57.253  3074  3074 I cast_shell: [3077:3097:INFO:stream_mixer.cc(607)] Dynamic channel count not enabled; using stereo
04-09 10:29:57.253  3074  3074 I cast_shell: [3077:3097:INFO:stream_mixer.cc(604)] Input source channel count = 2
04-09 10:29:57.253  3074  3074 I cast_shell: [3077:3097:INFO:stream_mixer.cc(607)] Dynamic channel count not enabled; using stereo
04-09 10:29:57.253  3074  3074 I cast_shell: [3077:3097:INFO:stream_mixer.cc(416)] Start with 0 active inputs
04-09 10:29:57.256  3074  3074 I cast_shell: [3077:3098:INFO:mixer_output_stream_alsa.cc(171)] snd_pcm_open: handle=0xf21318f0
04-09 10:29:57.264  3074  3074 I cast_shell: [3077:3098:INFO:mixer_output_stream_alsa.cc(346)] Sample rate changed from 48000 to 48000
04-09 10:29:57.266  3074  3074 I cast_shell: [3077:3098:INFO:filter_group.cc(340)] : 2ch@48000hz -> [GROUP]mix -> 2ch@48000hz
04-09 10:29:57.267  3074  3074 I cast_shell: [3077:3098:INFO:filter_group.cc(340)] [GROUP]mix: 2ch@48000hz -> [GROUP]linearize -> 2ch@48000hz
04-09 10:29:57.269  3074  3074 I cast_shell: [3077:3094:INFO:media_pipeline_backend_for_mixer.cc(276)] Audio ready to play
04-09 10:29:57.270  3074  3074 I cast_shell: [3077:3097:INFO:stream_mixer.cc(466)] Output 2 channels at 48000 samples per second
04-09 10:29:57.270  3074  3074 I cast_shell: [3077:3097:INFO:stream_mixer.cc(484)] Using 2 loopback channels
04-09 10:29:57.270  3074  3074 I cast_shell: [3077:3097:INFO:stream_mixer.cc(640)] Add input 0xf2b9caa4 to mix @ 48000 samples per second. Is primary source? = 0
04-09 10:29:57.270  3074  3074 I cast_shell: [3077:3097:INFO:mixer_input.cc(361)] no_delay(0xf2b9caa4): set volume limits to [0, 1]
04-09 10:29:57.270  3074  3074 I cast_shell: [3077:3097:INFO:mixer_input.cc(346)] no_delay(0xf2b9caa4): type volume = 1, effective multiplier = 1
04-09 10:29:57.270  3074  3074 I cast_shell: [3077:3097:INFO:mixer_input.cc(395)] no_delay(0xf2b9caa4): mute volume = 1, effective multiplier = 1
04-09 10:29:57.270  3074  3074 I cast_shell: [3077:3097:INFO:mixer_input_connection.cc(1053)] 0xf2b9caa0 ready for playback
04-09 10:29:57.270  3074  3074 I cast_shell: [3077:3097:INFO:mixer_input_connection.cc(705)] Start 0xf2b9caa0
04-09 10:29:57.605  3074  3074 I cast_shell: [3077:3085:ERROR:connectivity_checker_impl.cc(265)] Connectivity check failed: 400
04-09 10:29:58.444  2731  2739 E NetworkMonitor: no response for /bin/ping -n -I wlan0 -c 10 -w 10 8.8.8.8
04-09 10:29:58.456  2731  2739 E NetworkMonitor: no response for /bin/ping6 -n -I wlan0 -c 10 -w 10 2001:4860:4860::8888
04-09 10:29:58.457  2731  2739 E NetworkMonitor: dns resolution failed
04-09 10:29:58.611  3074  3074 I cast_shell: [3077:3085:ERROR:connectivity_checker_impl.cc(265)] Connectivity check failed: 400
04-09 10:29:58.856  3074  3074 I cast_shell: [3077:3097:INFO:mixer_input_connection.cc(589)] End of stream for 0xf2b9caa0
04-09 10:29:59.048  3074  3074 I cast_shell: [3077:3094:INFO:synchronized_sound_player.cc(496)] Finished playing sound
04-09 10:29:59.049  3074  3074 I cast_shell: [3077:3099:INFO:mixer_input_connection.cc(386)] Remove 0xf2b9caa0
04-09 10:29:59.112  3074  3074 I cast_shell: [3077:3099:INFO:mixer_input_connection.cc(243)] Delete 0xf2b9caa0
04-09 10:29:59.112  3074  3074 I cast_shell: [3077:3097:INFO:stream_mixer.cc(683)] Remove input 0xf2b9caa4
04-09 10:29:59.112  3074  3074 I cast_shell: [3077:3097:INFO:stream_mixer.cc(774)] Close timeout
04-09 10:29:59.112  3074  3074 I cast_shell: [3077:3097:INFO:stream_mixer.cc(541)] Stop
04-09 10:29:59.112  3074  3074 I cast_shell: [3077:3085:INFO:loopback_audio_input.cc(194)] [REALIGN] loopback interrupted; reason = 4
04-09 10:29:59.113  3074  3074 I cast_shell: [3077:3077:INFO:cast_receiver_mojo.cc(844)] cast event : Cast.Platform.Audio.OutputInterrupted
04-09 10:29:59.197  3074  3074 I cast_shell: [3077:3098:INFO:mixer_output_stream_alsa.cc(293)] snd_pcm_close: handle=0xf21318f0
04-09 10:29:59.617  3074  3074 I cast_shell: [3077:3085:ERROR:connectivity_checker_impl.cc(265)] Connectivity check failed: 400
04-09 10:30:04.650  3074  3074 I chatty  : uid=1000(chrome) /bin/logwrapper identical 5 lines
04-09 10:30:05.657  3074  3074 I cast_shell: [3077:3085:ERROR:connectivity_checker_impl.cc(265)] Connectivity check failed: 400
04-09 10:30:06.544  2711  2723 I yani_server: NetLink Event '-1' Interface-Index '5' WLAN '-1' Ethernet '-1' Parsed-iFill '-1' -> 'INVALID' ifIndex '1' -> 'lo'
04-09 10:30:06.544  2711  2723 I yani_server: NetLink Event '-1' Interface-Index '5' WLAN '0' Ethernet '-1' Parsed-iFill '-1' -> 'INVALID' ifIndex '1' -> 'lo'
04-09 10:30:06.563  2711  2723 I chatty  : uid=0(root) YaniServer identical 27 lines
04-09 10:30:06.563  2711  2723 I yani_server: NetLink Event '-1' Interface-Index '5' WLAN '0' Ethernet '-1' Parsed-iFill '-1' -> 'INVALID' ifIndex '1' -> 'lo'
04-09 10:30:06.664  3074  3074 I cast_shell: [3077:3085:ERROR:connectivity_checker_impl.cc(265)] Connectivity check failed: 400
04-09 10:30:08.677  3074  3074 I chatty  : uid=1000(chrome) /bin/logwrapper identical 2 lines
04-09 10:30:09.684  3074  3074 I cast_shell: [3077:3085:ERROR:connectivity_checker_impl.cc(265)] Connectivity check failed: 400
04-09 10:30:10.282  3074  3074 I cast_shell: [3077:3115:INFO:ble_setup.cc(322)] Record action: Setup.connect_wifi.BLE
04-09 10:30:10.290  3074  3074 I cast_shell: [3077:3115:INFO:setup_manager_impl.cc(1965)] New value: pref=tos-accepted, value=1
04-09 10:30:10.290  3074  3074 I cast_shell: [3077:3115:INFO:api_connect_wifi.cc(86)] connect_wifi Auth: 7
04-09 10:30:10.290  3074  3074 I cast_shell: [3077:3115:INFO:api_connect_wifi.cc(90)] connect_wifi Cipher: 4
04-09 10:30:10.290  3074  3074 I cast_shell: [3077:3077:INFO:bluetooth_setup.cc(686)] Disabling connectability: no bonded devices.
04-09 10:30:10.290  3074  3074 I cast_shell: [3077:3077:INFO:cast_receiver_impl.cc(1100)] Leaving discovery-only mode
04-09 10:30:10.290  3074  3074 I cast_shell: [3077:3077:INFO:application_config_manager_impl.cc(566)] Enabling virtual device a447e61c-8082-5600-a3ca-073fb064d437
04-09 10:30:10.290  3074  3074 I cast_shell: [3077:3125:INFO:mdns_cast_service.cc(351)] Device discovery state is idle
04-09 10:30:10.291  3074  3074 I cast_shell: [3077:3125:INFO:mdns_util.cc(102)] Defaulting mDNS capabilities for audio-only build
04-09 10:30:10.303  3074  3074 I cast_shell: [3077:3115:INFO:wifi_controller_wpa_supplicant.cc(1188)] strongest_snr=25 wifi_interface_index=0
04-09 10:30:10.320  2711  2723 I yani_server: NetLink Event '-1' Interface-Index '5' WLAN '0' Ethernet '-1' Parsed-iFill '-1' -> 'INVALID' ifIndex '1' -> 'lo'
04-09 10:30:10.320  3074  3074 I cast_shell: [3077:3115:INFO:api_connect_wifi.cc(159)] [PII] Configuring wifi: ssid=Linksys16717_2G, auth=7, pairwise=4, id=0"
04-09 10:30:10.320  3074  3074 I cast_shell: [3077:3115:INFO:api_connect_wifi.cc(162)] Configuring wifi: otg =0, tethering_mode =0, wifi_auto_save_enabled=0
04-09 10:30:10.320  3074  3074 I cast_shell: [3077:3115:INFO:local_network_info_impl.cc(276)] CONNECTIVITY_ID changed:
04-09 10:30:10.320  3074  3074 I cast_shell: [3077:3115:INFO:setup_state.cc(261)] Setup state changed: SETUP_STATE_DISCONNECTED_EXTERNAL_CLIENT_ACCESSED (11) -> SETUP_STATE_SCANNING (20)
04-09 10:30:10.320  3074  3074 I cast_shell: [3077:3077:INFO:ccs_manager_impl.cc(1799)] Connectivity ID has changed; Will re-register CCS
04-09 10:30:10.320  3074  3074 I cast_shell: [3077:3077:INFO:ccs_manager_impl.cc(851)] Network connectivity down for CcsManager
04-09 10:30:10.326  3074  3074 I cast_shell: [3077:3115:INFO:bluetooth_manager.cc(115)] Record action: Cast.Bluetooth.DiscoveryMode.Disable
04-09 10:30:10.326  2733  2763 I bluetoothtbd: [0408/220010.326919:INFO:adapter.cc(551)] Adapter properties changed
04-09 10:30:10.328  3074  3074 I cast_shell: [3077:3115:INFO:setup_state.cc(261)] Setup state changed: SETUP_STATE_SCANNING (20) -> SETUP_STATE_CHECKING_GLOBAL_CONNECTIVITY (50)
04-09 10:30:10.336  2945  3151 I LibreCastControlDelegate: OnCastStatus() +++ Lyric Speaker Box 21f384:0xab5fe198:OFFLINE
04-09 10:30:10.336  2945  3151 I LibreCastControlDelegate: Device Build Number -> '1.52.272222'
04-09 10:30:10.336  2945  3151 I librecast: updateCastBuildVersion() Version 1.52.272222
04-09 10:30:10.336  2712  2712 I lucitransport: readRemoteMessage() MID char = 7 buffer = 1.52.272222
04-09 10:30:10.337  2945  3151 I LibreCastControlDelegate: Active Applications -> 0
04-09 10:30:10.337  2945  3151 I LibreCastControlDelegate: Current Cast State '3' -> 'OFFLINE'
04-09 10:30:10.337  2945  3151 I LibreCastControlDelegate: OnCastStatus() ---
04-09 10:30:10.339  2945  3151 I LibreCastControlDelegate: OnCastStatus() +++ Lyric Speaker Box 21f384:0xab5fe198:OFFLINE
04-09 10:30:10.339  2945  3151 I LibreCastControlDelegate: Device Build Number -> '1.52.272222'
04-09 10:30:10.339  2945  3151 I librecast: updateCastBuildVersion() Version 1.52.272222
04-09 10:30:10.340  2712  2712 I lucitransport: readRemoteMessage() MID char = 7 buffer = 1.52.272222
04-09 10:30:10.340  2945  3151 I LibreCastControlDelegate: Active Applications -> 0
04-09 10:30:10.340  2945  3151 I LibreCastControlDelegate: Current Cast State '3' -> 'OFFLINE'
04-09 10:30:10.340  2945  3151 I LibreCastControlDelegate: OnCastStatus() ---
04-09 10:30:10.340  2945  3151 I LibreCastControlDelegate: OnCastStatus() +++ Lyric Speaker Box 21f384:0xab5fe198:OFFLINE
04-09 10:30:10.341  2945  3151 I LibreCastControlDelegate: Device Build Number -> '1.52.272222'
04-09 10:30:10.341  2945  3151 I librecast: updateCastBuildVersion() Version 1.52.272222
04-09 10:30:10.341  2712  2712 I lucitransport: readRemoteMessage() MID char = 7 buffer = 1.52.272222
