04-09 10:46:05.118  3000  3000 I sh      : Info: PostInstall(): Verified: 07acf09cefae3554a741667403d911f94b22a7d4 update_engine
04-09 10:46:05.120  3000  3000 I sh      : Info: PostInstall(): Verified: e05ef1cc2cdb0a31bc7ada56aa635f3d655fe2e7 watchdog/wd.dmp
04-09 10:46:05.120  3000  3000 I sh      : Info: PostInstall(): PostInstall validation OK
04-09 10:46:05.120  3000  3000 I sh      : Info: main(): Post-Installation validation succeeded
04-09 10:46:05.176  3078  3078 I sh      : test: not integer: LSB
04-09 10:46:05.197  3078  3078 I sh      : test: not integer: d256
04-09 10:46:05.198  3078  3078 I sh      : Model : LSB, SSID-Suffix : d256
04-09 10:46:05.261  3079  3079 I cast_cli: [0408/221605.260792:INFO:package_utils.cc(186)] Run process_manager: /bin/logwrapper /system/chrome/process_manager --async --accept-resource-provider=true --alsa-enable-upsampling=true --alsa-output-avail-min=256 --alsa-output-buffer-size=4096 --alsa-output-period-size=512 --alsa-output-start-threshold=2048 --default-eureka-name-prefix=LSB --enable-background-apps=true --enable-hi-res-audio-support=true --enable-multizone=true --netif-for-unique-ids=wlan0 --ota-directory=/data/chrome/cache/ --setup-ssid-suffix=d256 --setup-support-guest-mode=0 --wpa-supplicant-unix-socket-path=/dev/socket/wpa_wlan0
04-09 10:46:05.289  3085  3085 I process_manager: [0408/221605.288535:INFO:process_manager.cc(348)] process manager initialized
04-09 10:46:05.289  3085  3085 I process_manager: [0408/221605.288961:INFO:process_manager.cc(399)] Process manager is starting
04-09 10:46:05.290  3085  3085 I process_manager: [0408/221605.289540:INFO:process_manager.cc(409)] Process manager successfully started with pid 3087
04-09 10:46:05.292  3079  3079 I cast_cli: [0408/221605.292006:INFO:cast_cli.cc(433)] Process manager successfully started as daemon
04-09 10:46:05.319  3087  3087 I process_manager: [0408/221605.318391:INFO:process_manager.cc(348)] process manager initialized
04-09 10:46:05.319  3087  3087 I process_manager: [0408/221605.318980:INFO:process_manager.cc(475)] Resuming manager from a previous state
04-09 10:46:05.353  3087  3087 I process_manager: [0408/221605.353121:INFO:package_utils.cc(186)] Run update_engine: /bin/logwrapper /system/chrome/update_engine --foreground --netif-for-unique-ids=eth0 --omaha-beta-app-id={c71af7c9-fb75-4084-9bb1-6483fae36524} --omaha-prod-app-id={c71af7c9-fb75-4084-9bb1-6483fae36524} --ota-directory=/chrome/cache/ --update-engine-unix-socket-path=/tmp/socket/updater --v=4 --netif-for-unique-ids=wlan0 --ota-directory=/data/chrome/cache/
04-09 10:46:05.354  3087  3087 I process_manager: [0408/221605.354130:INFO:package_utils.cc(186)] Run crash_uploader: /bin/logwrapper /system/chrome/crash_uploader
04-09 10:46:05.355  3087  3087 I process_manager: [0408/221605.355314:INFO:package_utils.cc(186)] Run cast_shell: /bin/logwrapper /system/chrome/cast_shell --accept-resource-provider=true --alsa-enable-upsampling=false --app-config-path=/fakeapp.conf --blink-platform-log-channels=Media --cast-control-unix-socket-path=/tmp/cast-control --default-eureka-name-prefix=Google Cast Speaker --disable-dial=true --disable-images-for-app-id=*|1B11061A --enable-background-apps=false --idle-screen=false --js-flags=--trace_gc --netif-for-unique-ids=eth0 --no-daily-reboot=true --ota-directory=/chrome/cache/ --setup-support-guest-mode=0 --skip-gpu-data-loading --update-engine-unix-socket-path=/tmp/socket/updater --accept-resource-provider=true --alsa-enable-upsampling=true --alsa-output-avail-min=256 --alsa-output-buffer-size=4096 --alsa-output-period-size=512 --alsa-output-start-threshold=2048 --default-eureka-name-prefix=LSB --enable-background-apps=true --enable-hi-res-audio-support=true --enable-multizone=true --netif-for-unique-ids=wlan0 --ota-directory=/data/chrome/cache/ --setup-ssid-suffix=d256 --setup-support-guest-mode=0 --wpa-supplicant-unix-socket-path=/dev/socket/wpa_wlan0
04-09 10:46:05.379  3090  3090 I crash_uploader: [0408/221605.378828:INFO:crash_uploader.cc(45)] Starting crash uploader...
04-09 10:46:05.380  3090  3090 I crash_uploader: [0408/221605.380735:ERROR:synchronized_minidump_manager.cc(251)] Lockfile did not parse correctly. 
04-09 10:46:05.387  3089  3089 I update_engine: [0408/221605.386864:INFO:main.cc(149)] Eureka Update Engine starting
04-09 10:46:05.388  3089  3089 I update_engine: [0408/221605.387638:INFO:update_check_scheduler.cc(77)] Next update check in 2700 seconds
04-09 10:46:05.388  3089  3089 I update_engine: [0408/221605.387819:INFO:string_based_ipc_server.cc(75)] Start IPC server: /tmp/socket/updater
04-09 10:46:05.388  3089  3089 I update_engine: [0408/221605.387995:INFO:unix_stream_server_socket.cc(62)] Unix server socket is created: /tmp/socket/updater
04-09 10:46:05.590  3091  3091 I cast_shell: [3094:3094:ERROR:pref_service_helper.cc(79)] Cannot initialize chromecast config: /data/chrome/.eureka.conf, pref_error=6
04-09 10:46:05.592  3091  3091 I cast_shell: [3094:3094:WARNING:discardable_shared_memory_manager.cc(194)] Less than 64MB of free space in temporary directory for shared memory files: 32
04-09 10:46:05.604  3091  3091 I cast_shell: Fontconfig warning: "/etc/fonts/fonts.conf", line 80: unknown element "blank"
04-09 10:46:05.790  3091  3091 I cast_shell: [3094:3094:INFO:cast_system_memory_pressure_evaluator.cc(167)] AdjustMemoryFractions: critical_memory_fraction_=0.25, moderate_memory_fraction_=0.4
04-09 10:46:05.796  3091  3091 I cast_shell: [3094:3094:INFO:cast_window_manager_aura.cc(198)] Starting window manager, bounds: 0,0 1x1
04-09 10:46:05.803  3091  3091 I cast_shell: [3094:3112:ERROR:mixer_connection.cc(91)] Failed to connect to mixer service: -102
04-09 10:46:05.804  3091  3091 I cast_shell: [3094:3094:WARNING:client_auth_manager.cc(94)] Old certificate is empty.
04-09 10:46:05.807  3091  3091 I cast_shell: [3094:3094:INFO:device_info_impl.cc(135)] [PII] Weave device ID: 
04-09 10:46:05.807  3091  3091 I cast_shell: [3094:3094:INFO:device_info_impl.cc(406)] MAC address for wlan0: CC:90:93:21:F3:84
04-09 10:46:05.808  3091  3091 I cast_shell: [3094:3094:INFO:device_info_impl.cc(431)] Device model id: COTODAMA.LS10 Platform.LSB
04-09 10:46:05.808  3091  3091 I cast_shell: [3094:3094:INFO:device_info_impl.cc(466)] Control Notifications: 0
04-09 10:46:05.808  3091  3091 I cast_shell: [3094:3094:ERROR:device_info_impl.cc(145)] Cannot read file: /data/bootid
04-09 10:46:05.808  3091  3091 I cast_shell: [3094:3094:INFO:device_info_impl.cc(482)] SSDP Boot ID: 0
04-09 10:46:05.808  3091  3091 I cast_shell: [3094:3094:INFO:device_info_impl.cc(486)] SSDP Config ID: 1
04-09 10:46:05.808  3091  3091 I cast_shell: [3094:3094:WARNING:secure_storage_impl.cc(85)] Device key not available yet.
04-09 10:46:05.808  3091  3091 I cast_shell: [3094:3094:INFO:cast_power_manager_provider.cc(26)] Creating DummyCastPowerManagerProvider
04-09 10:46:05.808  3091  3091 I cast_shell: [3094:3094:WARNING:auth_provider_impl.cc(72)] No IoT client_id found on the device. If device was FDRed please ignore this warning.
04-09 10:46:05.808  3091  3091 I cast_shell: [3094:3094:INFO:file_provider_impl.cc(67)] Initialized file provider with base dir: /data/chrome/auth
04-09 10:46:05.808  3091  3091 I cast_shell: [3094:3115:INFO:stream_mixer.cc(222)] Mixer health checker started
04-09 10:46:05.809  3091  3091 I cast_shell: [3094:3116:INFO:stream_mixer.cc(121)] Actual priority = 99, policy = 1
04-09 10:46:05.809  3091  3091 I cast_shell: [3094:3115:WARNING:post_processing_pipeline_parser.cc(65)] No post-processing config found at /etc/cast_audio.json.
04-09 10:46:05.809  3091  3091 I cast_shell: [3094:3115:WARNING:post_processing_pipeline_parser.cc(133)] No post-processor description found for "mix" in /etc/cast_audio.json. Using passthrough.
04-09 10:46:05.809  3091  3091 I cast_shell: [3094:3115:INFO:mixer_pipeline.cc(103)] 2 input channels to 'mix' group
04-09 10:46:05.809  3091  3091 I cast_shell: [3094:3115:WARNING:post_processing_pipeline_parser.cc(133)] No post-processor description found for "linearize" in /etc/cast_audio.json. Using passthrough.
04-09 10:46:05.809  3091  3091 I cast_shell: [3094:3115:INFO:mixer_pipeline.cc(124)] 2 input channels to 'linearize' group
04-09 10:46:05.809  3091  3091 I cast_shell: [3094:3115:INFO:alsa_volume_control.cc(43)] Opening mixer element "Master" on device "default"
04-09 10:46:05.815  3091  3091 I cast_shell: [3094:3115:INFO:alsa_volume_control.cc(219)] Volume device = default, element = Master
04-09 10:46:05.816  3091  3091 I cast_shell: [3094:3115:INFO:alsa_volume_control.cc(221)] Mute device = default, element = Master
04-09 10:46:05.816  3091  3091 I cast_shell: [3094:3115:INFO:alsa_volume_control.cc(234)] Idle device = default, elements = []
04-09 10:46:05.816  3091  3091 I cast_shell: [3094:3115:INFO:alsa_volume_control.cc(43)] Opening mixer element "Master" on device "default"
04-09 10:46:05.820  3094  3094 E         : Create
04-09 10:46:05.820  3094  3094 E         : OOBE IsSupported
04-09 10:46:05.821  3091  3091 I cast_shell: [3094:3102:INFO:parent_tracker.cc(90)] [PII](D1C192D74BAB56A27A2124A0D54BB7AC) has hash 515188416, root wait is 8.80048 s
04-09 10:46:05.821  3091  3091 I cast_shell: [3094:3094:INFO:multizone_manager.cc(330)] Multizone features are enabled
04-09 10:46:05.821  3091  3091 I cast_shell: [3094:3094:INFO:cast_power_manager_provider.cc(26)] Creating DummyCastPowerManagerProvider
04-09 10:46:05.821  3091  3091 I cast_shell: [3094:3094:INFO:update_engine_client_with_ipc.cc(343)] Using IPC UpdateEngineClient
04-09 10:46:05.821  3091  3091 I cast_shell: [3094:3102:INFO:parent_tracker.cc(120)] Can't use IPv4
04-09 10:46:05.821  3091  3091 I cast_shell: [3094:3102:INFO:parent_tracker.cc(124)] Can't use IPv6
04-09 10:46:05.821  3091  3091 I cast_shell: [3094:3102:ERROR:parent_tracker.cc(125)] No valid interface for multicast
04-09 10:46:05.821  3091  3091 I cast_shell: [3094:3102:INFO:directory_service_impl.cc(168)] Boot count is now 1
04-09 10:46:05.821  3091  3091 I cast_shell: [3094:3102:ERROR:socket_posix.cc(148)] bind() failed: Address already in use (98)
04-09 10:46:05.821  3091  3091 I cast_shell: [3094:3102:ERROR:tcp_listener.cc(64)] Listen failed: net::ERR_ADDRESS_IN_USE : 0.0.0.0:10101
04-09 10:46:05.823  3091  3091 I cast_shell: [3094:3094:INFO:chromecast_service_client_default.cc(75)] System updater is supported, and this is first setup.
04-09 10:46:05.824  3091  3091 I cast_shell: [3094:3094:INFO:managed_mode_service.cc(345)] Starting in managed mode: 0
04-09 10:46:05.825  3091  3091 I cast_shell: [3094:3094:INFO:platform_client_auth_creds.cc(114)] Loaded client certificate. Key len = 2048 bits. Chain len = 2 (source FROM_CERT).
04-09 10:46:05.826  3091  3091 I cast_shell: [3094:3094:INFO:grpc_manager_impl.cc(245)] Registered service chromecast.LocalCloudcastService
04-09 10:46:05.827  3091  3091 I cast_shell: [3094:3094:INFO:grpc_manager_impl.cc(262)] Registered a handler ExecuteActionScript for service chromecast.LocalCloudcastService
04-09 10:46:05.827  3091  3091 I cast_shell: [3094:3094:INFO:grpc_manager_impl.cc(262)] Registered a handler ObserveDeviceStatus for service chromecast.LocalCloudcastService
04-09 10:46:05.827  3091  3091 I cast_shell: [3094:3094:INFO:grpc_manager_impl.cc(262)] Registered a handler GetDeviceStatus for service chromecast.LocalCloudcastService
04-09 10:46:05.828  3091  3091 I cast_shell: [3094:3094:INFO:grpc_manager_impl.cc(505)] GRPC[uri=[::]:0]: num_pending_calls=0, num_active_handlers=0, num_free_handlers=0
04-09 10:46:05.828  3091  3091 I cast_shell: [3094:3094:INFO:cast_power_manager_provider.cc(26)] Creating DummyCastPowerManagerProvider
04-09 10:46:05.828  3091  3091 I cast_shell: [3094:3094:INFO:cast_power_manager_provider.cc(26)] Creating DummyCastPowerManagerProvider
04-09 10:46:05.828  3091  3091 I cast_shell: [3094:3094:INFO:gcm_manager.cc(140)] GCM Dir = /data/chrome/gcm
04-09 10:46:05.829  3091  3091 I cast_shell: [3094:3094:INFO:gcm_manager.cc(258)] Enabling GCM Driver
04-09 10:46:05.829  3091  3091 I cast_shell: [3094:3094:INFO:grpc_manager_impl.cc(505)] GRPC[uri=]: num_pending_calls=0, num_active_handlers=0, num_free_handlers=0
04-09 10:46:05.829  3091  3091 I cast_shell: [3094:3094:INFO:lycra_gcm.cc(117)] Deferring GCM registration until connectivity is up.
04-09 10:46:05.888  3091  3091 I cast_shell: [3094:3094:WARNING:cloud_settings_manager.cc(513)] Cannot initialize device settings config: /data/chrome/cloud_settings/cloud_settings.prefs, pref_error=6
04-09 10:46:05.889  3091  3091 I cast_shell: [3094:3094:INFO:cloud_settings_manager.cc(195)] Cloud settings is disabled.
04-09 10:46:05.889  3091  3091 I cast_shell: [3094:3094:INFO:pref_metrics_manager.cc(66)] PrefMetricsManager started.
04-09 10:46:05.890  3091  3091 I cast_shell: [3094:3094:INFO:pref_control_service_impl.cc(142)] Loading prefs from /data/chrome/pref_control/pref_control.prefs
04-09 10:46:05.890  3091  3091 I cast_shell: [3094:3094:INFO:pref_control_service_impl.cc(602)] Registering pref Pref [Name:motion_sensing_pref,RestoreValue:1,ForceEnableParent:1,Value:1,Optin:1]
04-09 10:46:05.890  3091  3091 I cast_shell: [3094:3094:INFO:pref_control_service_impl.cc(602)] Registering pref Pref [Name:sleep_sensing_pref,RestoreValue:0,ForceEnableParent:1,Value:1,Optin:0]
04-09 10:46:05.891  3091  3091 I cast_shell: [3094:3094:INFO:pref_control_service_impl.cc(602)] Registering pref Pref [Name:sleep_disturbance_pref,RestoreValue:1,ForceEnableParent:0,Value:1,Optin:0]
04-09 10:46:05.891  3091  3091 I cast_shell: [3094:3094:INFO:pref_control_service_impl.cc(602)] Registering pref Pref [Name:sleep_coaching_pref,RestoreValue:1,ForceEnableParent:0,Value:1,Optin:0]
04-09 10:46:05.891  3091  3091 I cast_shell: [3094:3094:INFO:pref_control_service_impl.cc(602)] Registering pref Pref [Name:gesture_sensing_pref,RestoreValue:0,ForceEnableParent:1,Value:1,Optin:0]
04-09 10:46:05.891  3091  3091 I cast_shell: [3094:3094:INFO:pref_control_service_impl.cc(602)] Registering pref Pref [Name:play_and_pause_gesture_pref,RestoreValue:1,ForceEnableParent:0,Value:1,Optin:0]
04-09 10:46:05.891  3091  3091 I cast_shell: [3094:3094:INFO:pref_control_service_impl.cc(602)] Registering pref Pref [Name:snooze_alarm_gesture_pref,RestoreValue:1,ForceEnableParent:0,Value:1,Optin:0]
04-09 10:46:05.891  3091  3091 I cast_shell: [3094:3094:INFO:pref_control_service_impl.cc(602)] Registering pref Pref [Name:stop_timers_gesture_pref,RestoreValue:1,ForceEnableParent:0,Value:1,Optin:0]
04-09 10:46:05.891  3091  3091 I cast_shell: [3094:3094:INFO:pref_metrics_manager.cc(94)] Adding motion_sensing_pref to PrefMetricsManager.
04-09 10:46:05.891  3091  3091 I cast_shell: [3094:3094:INFO:pref_metrics_manager.cc(94)] Adding sleep_sensing_pref to PrefMetricsManager.
04-09 10:46:05.891  3091  3091 I cast_shell: [3094:3094:INFO:pref_metrics_manager.cc(94)] Adding sleep_disturbance_pref to PrefMetricsManager.
04-09 10:46:05.891  3091  3091 I cast_shell: [3094:3094:INFO:pref_metrics_manager.cc(94)] Adding sleep_coaching_pref to PrefMetricsManager.
04-09 10:46:05.891  3091  3091 I cast_shell: [3094:3094:INFO:pref_metrics_manager.cc(94)] Adding gesture_sensing_pref to PrefMetricsManager.
04-09 10:46:05.891  3091  3091 I cast_shell: [3094:3094:INFO:pref_metrics_manager.cc(94)] Adding play_and_pause_gesture_pref to PrefMetricsManager.
04-09 10:46:05.891  3091  3091 I cast_shell: [3094:3094:INFO:pref_metrics_manager.cc(94)] Adding snooze_alarm_gesture_pref to PrefMetricsManager.
04-09 10:46:05.892  3091  3091 I cast_shell: [3094:3094:INFO:pref_metrics_manager.cc(94)] Adding stop_timers_gesture_pref to PrefMetricsManager.
04-09 10:46:05.892  3091  3091 I cast_shell: [3094:3094:INFO:pref_control_service_impl.cc(107)] PrefControlService constructed.
04-09 10:46:05.892  3091  3091 I cast_shell: [3094:3094:INFO:grpc_manager_impl.cc(245)] Registered service chromecast.grpc_discovery.GrpcDiscoveryService
04-09 10:46:05.892  3091  3091 I cast_shell: [3094:3094:INFO:grpc_manager_impl.cc(262)] Registered a handler GetServiceInfo for service chromecast.grpc_discovery.GrpcDiscoveryService
04-09 10:46:05.893  3091  3091 I cast_shell: [3094:3094:INFO:grpc_manager_impl.cc(505)] GRPC[uri=unix:/tmp/hcp_ipc_auth.socket]: num_pending_calls=0, num_active_handlers=0, num_free_handlers=0
04-09 10:46:05.894  3091  3091 I cast_shell: [3094:3094:INFO:grpc_manager_impl.cc(245)] Registered service usonia.ipc.Auth
04-09 10:46:05.894  3091  3091 I cast_shell: [3094:3130:INFO:common_time.cc(128)] New common clock leader D1C192D74BAB56A27A2124A0D54BB7AC, is_this_device = 1, IP = [::1]:10006, quality = 0
04-09 10:46:05.894  3091  3091 I cast_shell: [3094:3130:INFO:common_time.cc(158)] Set this device as common time source
04-09 10:46:05.894  3091  3091 I cast_shell: [3094:3094:INFO:grpc_manager_impl.cc(262)] Registered a handler Sign for service usonia.ipc.Auth
04-09 10:46:05.894  3091  3091 I cast_shell: [3094:3094:INFO:grpc_manager_impl.cc(262)] Registered a handler Verify for service usonia.ipc.Auth
04-09 10:46:05.894  3091  3091 I cast_shell: [3094:3094:INFO:grpc_manager_impl.cc(262)] Registered a handler AuthReady for service usonia.ipc.Auth
04-09 10:46:05.894  3091  3091 I cast_shell: [3094:3094:INFO:grpc_manager_impl.cc(245)] Registered service usonia.ipc.DistributedServiceDiscovery
04-09 10:46:05.894  3091  3091 I cast_shell: [3094:3094:INFO:grpc_manager_impl.cc(262)] Registered a handler UpdateServiceObservers for service usonia.ipc.DistributedServiceDiscovery
04-09 10:46:05.895  3091  3091 I cast_shell: [3094:3094:INFO:grpc_manager_impl.cc(262)] Registered a handler FetchAllPeerAddressList for service usonia.ipc.DistributedServiceDiscovery
04-09 10:46:05.895  3091  3091 I cast_shell: [3094:3094:INFO:grpc_manager_impl.cc(262)] Registered a handler ResolvePeerAddress for service usonia.ipc.DistributedServiceDiscovery
04-09 10:46:05.895  3091  3091 I cast_shell: [3094:3094:INFO:grpc_manager_impl.cc(262)] Registered a handler AddService for service usonia.ipc.DistributedServiceDiscovery
04-09 10:46:05.895  3091  3091 I cast_shell: [3094:3094:INFO:grpc_manager_impl.cc(262)] Registered a handler IsServiceAllowed for service usonia.ipc.DistributedServiceDiscovery
04-09 10:46:05.897  3091  3091 I cast_shell: [3094:3094:INFO:grpc_manager_impl.cc(317)] Grpc server started in port 1
04-09 10:46:05.897  3091  3091 I cast_shell: [3094:3094:INFO:sensor_pref_manager.cc(84)] SensorPrefManager is disabled.
04-09 10:46:05.898  3091  3091 I cast_shell: [3094:3094:INFO:remote_ducking_receiver.cc(183)] remote ducking: starting receiver.
04-09 10:46:05.898  3091  3091 I cast_shell: [3094:3094:INFO:grpc_manager_impl.cc(505)] GRPC[uri=unix:/tmp/modular_updater/modular_update_service]: num_pending_calls=0, num_active_handlers=0, num_free_handlers=0
04-09 10:46:05.899  3091  3091 I cast_shell: [3094:3094:INFO:cast_power_manager_provider.cc(26)] Creating DummyCastPowerManagerProvider
04-09 10:46:05.906  3091  3091 I cast_shell: [3094:3094:INFO:timezone_settings.cc(288)] Setting system timezone to America/Los_Angeles
04-09 10:46:05.906  3091  3091 I cast_shell: [3094:3094:INFO:daily_reboot_impl.cc(172)] Daily reboot is disabled
04-09 10:46:05.907  3091  3091 I cast_shell: [3094:3094:INFO:api_reboot.cc(321)] active_activities count=1
04-09 10:46:05.907  3091  3091 I cast_shell: [3094:3107:INFO:gamma_utils.cc(31)] Gamma calibration file is not present, use default LUT
04-09 10:46:05.908  3091  3091 I cast_shell: [3094:3094:INFO:cast_power_manager_provider.cc(26)] Creating DummyCastPowerManagerProvider
04-09 10:46:05.908  3091  3091 I chatty  : uid=1000(chrome) /bin/logwrapper identical 1 line
04-09 10:46:05.908  3091  3091 I cast_shell: [3094:3094:INFO:cast_power_manager_provider.cc(26)] Creating DummyCastPowerManagerProvider
04-09 10:46:05.911  3091  3091 I cast_shell: [3094:3107:INFO:tuning_manager.cc(118)] No file found at /etc/cast_audio.json
04-09 10:46:05.911  3091  3091 I cast_shell: [3094:3107:INFO:tuning_manager.cc(130)] No file found at /etc/cast_audio.json
04-09 10:46:05.911  3091  3091 I cast_shell: [3094:3094:INFO:setup_api_registry.cc(192)] Register external API: audio/delete_config
04-09 10:46:05.911  3091  3091 I cast_shell: [3094:3094:INFO:setup_api_registry.cc(192)] Register external API: audio/get_avail_processors
04-09 10:46:05.911  3091  3091 I cast_shell: [3094:3094:INFO:setup_api_registry.cc(192)] Register external API: audio/get_config
04-09 10:46:05.911  3091  3091 I cast_shell: [3094:3094:INFO:setup_api_registry.cc(192)] Register external API: audio/get_default_config
04-09 10:46:05.912  3091  3091 I cast_shell: [3094:3094:INFO:setup_api_registry.cc(192)] Register external API: audio/set_params
04-09 10:46:05.912  3091  3091 I cast_shell: [3094:3094:INFO:setup_api_registry.cc(192)] Register external API: audio/set_config
04-09 10:46:05.912  3091  3091 I cast_shell: [3094:3094:INFO:setup_api_registry.cc(192)] Register external API: user_eq/set_equalizer
04-09 10:46:05.912  3091  3091 I cast_shell: [3094:3094:INFO:capture_service_dummy.cc(11)] Dummy CaptureService.
04-09 10:46:05.915  3091  3091 I cast_shell: [3094:3094:INFO:setup_api_registry.cc(192)] Register external API: auto_media_volume
04-09 10:46:05.916  3091  3091 I cast_shell: [3094:3094:INFO:cast_thread_health_check.cc(53)] Receiver health check timeout: 15 seconds.
04-09 10:46:05.917  3091  3091 I cast_shell: [3094:3094:INFO:file_util.cc(28)] base_assistant_dir = /data/chrome
04-09 10:46:05.918  3091  3091 I cast_shell: [3094:3094:INFO:chromecast_service.cc(2189)] Geolocation changed to: 0
04-09 10:46:05.918  3091  3091 I cast_shell: [3094:3094:INFO:chromecast_service.cc(2229)] AoGH feature is: 0
04-09 10:46:05.918  3091  3091 I cast_shell: [3094:3094:INFO:chromecast_service.cc(2248)] Playback disruption feature is: 0
04-09 10:46:05.924  3091  3091 I cast_shell: [3094:3094:INFO:metrics_recorder.cc(112)] Metrics stat: total=0
04-09 10:46:05.924  3091  3091 I cast_shell: [3094:3118:INFO:media_manager_impl.cc(1043)] New device volume control type: new_type=1, old_type=0
04-09 10:46:05.924  3091  3091 I cast_shell: [3094:3118:INFO:media_manager_impl.cc(1066)] New device volume step interval: new_interval=0.02, old_interval=0
04-09 10:46:05.924  3091  3091 I cast_shell: [3094:3118:ERROR:media_manager_impl.cc(1294)] GetScreenResolution failed.
04-09 10:46:05.924  3091  3091 I cast_shell: [3094:3118:INFO:media_manager_impl.cc(343)] Media manager is initialized.
04-09 10:46:05.924  3091  3091 I cast_shell: [3094:3094:INFO:media_manager_impl.cc(269)] IsHdmiPlatform: 0
04-09 10:46:05.925  3091  3091 I cast_shell: [3094:3094:INFO:hds_settings.cc(136)] HdsSettings using HDS url https://preprod-home-devices.sandbox.google.com/
04-09 10:46:05.927  3091  3091 I cast_shell: [3094:3094:INFO:client_auth_creds.cc(173)] Device cert: 4D8AC5B9056A76852E4F FA:8F:CA:87:13:D1
04-09 10:46:05.927  3091  3091 I cast_shell: [3094:3094:INFO:client_auth_creds.cc(182)] Intermediate cert: LSB
04-09 10:46:05.927  3091  3091 I cast_shell: [3094:3094:INFO:client_auth_creds.cc(182)] Intermediate cert: Amlogic GVA Manufacturer Cert
04-09 10:46:05.927  3091  3091 I cast_shell: [3094:3094:INFO:client_auth_creds.cc(226)] Imported client auth cert.
04-09 10:46:05.928  3091  3091 I cast_shell: [3094:3094:INFO:client_auth_creds.cc(237)] Imported client auth private key
04-09 10:46:05.928  3091  3091 I cast_shell: [3094:3094:INFO:client_auth_signer.cc(155)] Created singleton instance of ClientAuthSigner.
04-09 10:46:05.928  3091  3091 I cast_shell: [3094:3094:INFO:client_auth_manager.cc(119)] Storing the certificate first used by the device.
04-09 10:46:05.984  3091  3091 I cast_shell: [3094:3094:WARNING:application_config_manager_impl.cc(253)] Cannot read application config file: /fakeapp.conf
04-09 10:46:05.984  3091  3091 I cast_shell: [3094:3094:INFO:application_manager_impl.cc(398)] Application manager is initialized.
04-09 10:46:05.985  3091  3091 I cast_shell: [3094:3094:INFO:mdns_cast_service.cc(156)] Device discovery state is idle
04-09 10:46:05.985  3091  3091 I cast_shell: [3094:3094:INFO:mdns_manager_impl.cc(177)] MdnsManager is initialized
04-09 10:46:05.986  3091  3091 I cast_shell: [3094:3143:INFO:mdns_app_filter.cc(573)] MdnsAppFilter initialized
04-09 10:46:05.986  3091  3091 I cast_shell: [3094:3143:INFO:discovered_service_client.cc(102)] Registering new service PTR listener: _googlecast._tcp.local
04-09 10:46:05.987  3091  3091 I cast_shell: [3094:3094:INFO:config_downloader.cc(239)] Set config periodic interval: min=300, max=420
04-09 10:46:05.987  3091  3091 I cast_shell: [3094:3094:INFO:crl_downloader.cc(274)] Set CRL periodic interval: min=2160, max=2880
04-09 10:46:05.987  3091  3091 I cast_shell: [3094:3094:INFO:hds_broker_impl.cc(121)] HDS type registered type.googleapis.com/home.hds.proto.device.relayedcasting.RelayedCastingPleaseConnectRequest
04-09 10:46:05.987  3091  3091 I cast_shell: [3094:3094:INFO:mdns_util.cc(102)] Defaulting mDNS capabilities for audio-only build
04-09 10:46:05.987  3091  3091 I cast_shell: [3094:3094:INFO:virtual_device_manager.cc(138)] Added virtual device: id=[PII](9fb3a935-6767-0923-1a96-eef89fa35aeb)
04-09 10:46:05.987  3091  3091 I cast_shell: [3094:3094:INFO:ccs_manager_impl.cc(522)] Added CCS device
04-09 10:46:05.987  3091  3091 I cast_shell: [3094:3094:INFO:ccs_manager_impl.cc(523)] [PII] device_id=D1C192D74BAB56A27A2124A0D54BB7AC
04-09 10:46:05.987  3091  3091 I cast_shell: [3094:3094:INFO:ccs_manager_impl.cc(838)] Device model revision set to 0
04-09 10:46:05.987  3091  3091 I cast_shell: [3094:3143:INFO:discovered_service_client.cc(102)] Registering new service PTR listener: _googlerpc._tcp.local
04-09 10:46:05.988  3091  3091 I cast_shell: [3094:3144:INFO:v2_transport.cc(458)] Added Cast V2 endpoint: id=Tr@n$p0rt-0, socket_factory_id=[PII](*)
04-09 10:46:05.989  2732  2743 W HotspotManager: hotspot already stopped
04-09 10:46:05.989  3091  3091 I cast_shell: [3094:3144:INFO:endpoint_with_namespace_handler.cc(103)] Added a namespace handler: local_id=Tr@n$p0rt-0, namespace=urn:x-cast:com.google.cast.tp.connection
04-09 10:46:05.989  3091  3091 I cast_shell: [3094:3144:INFO:endpoint_with_namespace_handler.cc(103)] Added a namespace handler: local_id=Tr@n$p0rt-0, namespace=urn:x-cast:com.google.cast.tp.heartbeat
04-09 10:46:05.989  3091  3091 I cast_shell: [3094:3144:INFO:endpoint_with_namespace_handler.cc(103)] Added a namespace handler: local_id=Tr@n$p0rt-0, namespace=urn:x-cast:com.google.cast.tp.deviceauth
04-09 10:46:05.989  3091  3091 I cast_shell: [3094:3144:INFO:v2_transport.cc(335)] V2Transport initialized.
04-09 10:46:05.989  3091  3091 I cast_shell: [3094:3107:INFO:hotspot_controller_netmgr.cc(134)] Hotspot socket initialized: /dev/socket/net_mgr
04-09 10:46:05.989  3091  3091 I cast_shell: [3094:3107:INFO:hotspot_manager.cc(103)] Stop zombie hotspot if there is one
04-09 10:46:05.989  3091  3091 I cast_shell: [3094:3094:INFO:setup_manager_impl.cc(610)] release channel: beta-channel
04-09 10:46:05.989  3091  3091 I cast_shell: [3094:3094:INFO:locale_manager.cc(245)] No timezone yet.
04-09 10:46:05.989  3091  3091 I cast_shell: [3094:3094:INFO:locale_manager.cc(274)] Current time format: 12-hour
04-09 10:46:05.989  3091  3091 I cast_shell: [3094:3094:INFO:locale_manager.cc(295)] No locale. Set default from factory: en-00
04-09 10:46:05.990  3091  3091 I cast_shell: [3094:3094:INFO:locale_manager.cc(329)] Use factory country code: 00
04-09 10:46:05.990  3091  3091 I cast_shell: [3094:3144:INFO:v2_transport.cc(411)] Added socket factory: id=domain-socket@/tmp/cast-control
04-09 10:46:05.990  3091  3091 I cast_shell: [3094:3144:INFO:v2_transport.cc(411)] Added socket factory: id=opencast-socket
04-09 10:46:05.990  3091  3091 I cast_shell: [3094:3144:INFO:v2_transport.cc(458)] Added Cast V2 endpoint: id=receiver-9fb3a935-6767-0923-1a96-eef89fa35aeb, socket_factory_id=[PII](9fb3a935-6767-0923-1a96-eef89fa35aeb)
04-09 10:46:05.990  3091  3091 I cast_shell: [3094:3144:INFO:endpoint_with_namespace_handler.cc(103)] Added a namespace handler: local_id=receiver-9fb3a935-6767-0923-1a96-eef89fa35aeb, namespace=urn:x-cast:com.google.cast.receiver
04-09 10:46:05.990  3091  3091 I cast_shell: [3094:3144:INFO:endpoint_with_namespace_handler.cc(103)] Added a namespace handler: local_id=receiver-9fb3a935-6767-0923-1a96-eef89fa35aeb, namespace=urn:x-cast:com.google.cast.receiver.discovery
04-09 10:46:05.990  3091  3091 I cast_shell: [3094:3144:INFO:endpoint_with_namespace_handler.cc(103)] Added a namespace handler: local_id=receiver-9fb3a935-6767-0923-1a96-eef89fa35aeb, namespace=urn:x-cast:com.google.cast.receiver.debug
04-09 10:46:05.990  3091  3091 I cast_shell: [3094:3144:INFO:v2_transport.cc(411)] Added socket factory: id=9fb3a935-6767-0923-1a96-eef89fa35aeb
04-09 10:46:05.990  3091  3091 I cast_shell: [3094:3144:INFO:endpoint_with_namespace_handler.cc(103)] Added a namespace handler: local_id=receiver-9fb3a935-6767-0923-1a96-eef89fa35aeb, namespace=urn:x-cast:com.google.cast.receiver.key_exchange
04-09 10:46:05.990  3091  3091 I cast_shell: [3094:3144:INFO:endpoint_with_namespace_handler.cc(103)] Added a namespace handler: local_id=receiver-9fb3a935-6767-0923-1a96-eef89fa35aeb, namespace=urn:x-cast:com.google.cast.broadcast
04-09 10:46:05.990  3091  3091 I cast_shell: [3094:3144:INFO:endpoint_with_namespace_handler.cc(103)] Added a namespace handler: local_id=receiver-9fb3a935-6767-0923-1a96-eef89fa35aeb, namespace=urn:x-cast:com.google.cast.proximity
04-09 10:46:06.003  2711  2723 I yani_server: NetLink Event '-1' Interface-Index '5' WLAN '-1' Ethernet '-1' Parsed-iFill '-1' -> 'INVALID' ifIndex '1' -> 'lo'
04-09 10:46:06.004  3091  3091 I cast_shell: [3094:3094:INFO:multizone_setup.cc(206)] OEM delay = 0 s
04-09 10:46:06.006  3091  3091 I cast_shell: [3094:3094:INFO:mdns_util.cc(102)] Defaulting mDNS capabilities for audio-only build
04-09 10:46:06.006  3091  3091 I cast_shell: [3094:3148:INFO:multizone_manager.cc(539)] Dynamic groups are enabled
04-09 10:46:06.006  3091  3091 I cast_shell: [3094:3094:INFO:api_reboot.cc(321)] active_activities count=1
04-09 10:46:06.006  3091  3091 I cast_shell: [3094:3094:INFO:setup_api_registry.cc(192)] Register external API: reboot
04-09 10:46:06.006  3091  3091 I cast_shell: [3094:3094:WARNING:cast_crypto_keys_openssl_shlib.cc(70)] No valid ESN read.
04-09 10:46:06.006  3091  3091 I cast_shell: [3094:3094:WARNING:cast_crypto_keys_openssl_shlib.cc(83)] Invalid or no DKE value read.
04-09 10:46:06.006  3091  3091 I cast_shell: [3094:3094:WARNING:cast_crypto_keys_openssl_shlib.cc(95)] Invalid or no DKH value read.
04-09 10:46:06.006  3091  3091 I cast_shell: [3094:3094:WARNING:cast_crypto_keys_openssl_shlib.cc(151)] Invalid or no DKW value read/computed.
04-09 10:46:06.006  3091  3091 I cast_shell: [3094:3148:INFO:multizone_group.cc(357)] Change name for group [PII](D1C192D74BAB56A27A2124A0D54BB7AC) to [PII](LSB2133)
04-09 10:46:06.006  3091  3091 I cast_shell: [3094:3148:INFO:setup_api_registry.cc(192)] Register external API: multizone/aux_in
04-09 10:46:06.006  3091  3091 I cast_shell: [3094:3148:INFO:setup_api_registry.cc(192)] Register external API: multizone/disband_group
04-09 10:46:06.012  2711  2723 I yani_server: NetLink Event '-1' Interface-Index '5' WLAN '0' Ethernet '-1' Parsed-iFill '-1' -> 'INVALID' ifIndex '1' -> 'lo'
04-09 10:46:06.029  2733  2814 I bluetoothtbd: [0408/221606.029802:INFO:gatt_api.cc(1005)] GATT_Register
04-09 10:46:06.030  2733  2814 I bluetoothtbd: [0408/221606.030016:INFO:gatt_api.cc(1028)] allocated gatt_if=4
04-09 10:46:06.034  2733  2814 E bt_btif : register application first_unuse rcb_idx = 0
04-09 10:46:06.035  2733  2814 I bluetoothtbd: [0408/221606.035018:INFO:gatt_api.cc(1005)] GATT_Register
04-09 10:46:06.035  2733  2814 I bluetoothtbd: [0408/221606.035128:INFO:gatt_api.cc(1028)] allocated gatt_if=5
04-09 10:46:06.043  2733  2767 I bluetoothtbd: [0408/221606.043048:INFO:adapter.cc(551)] Adapter properties changed
04-09 10:46:06.043  2733  2767 I bluetoothtbd: [0408/221606.043221:INFO:adapter.cc(573)] Adapter name changed
04-09 10:46:06.043  2733  2814 I bluetoothtbd: [0408/221606.043548:INFO:gatt_api.cc(1005)] GATT_Register
04-09 10:46:06.043  2733  2814 I bluetoothtbd: [0408/221606.043700:INFO:gatt_api.cc(1028)] allocated gatt_if=6
04-09 10:46:06.044  2733  2767 I bluetoothtbd: [0408/221606.044515:INFO:adapter.cc(551)] Adapter properties changed
04-09 10:46:06.045  3091  3091 I cast_shell: [3094:3094:INFO:input_manager_impl.cc(284)] RegisterInput: device_id: cast, type: 0, state: 0
04-09 10:46:06.046  3091  3091 I cast_shell: [3094:3144:INFO:endpoint_with_namespace_handler.cc(103)] Added a namespace handler: local_id=receiver-9fb3a935-6767-0923-1a96-eef89fa35aeb, namespace=urn:x-cast:com.google.cast.audio.input
04-09 10:46:06.046  3091  3091 I cast_shell: [3094:3094:INFO:input_manager_impl.cc(308)] NotifyInputConnect: device_id: cast, sample_rate: 0, num_channels: 0
04-09 10:46:06.046  3091  3091 I cast_shell: [3094:3094:INFO:input_manager_impl.cc(370)] SetActiveInput: cast
04-09 10:46:06.047  2733  2814 I bluetoothtbd: [0408/221606.047568:INFO:btif_ble_advertiser.cc(90)] RegisterAdvertiserCb status: 0 , adveriser_id: 0
04-09 10:46:06.047  3091  3091 I cast_shell: [3094:3094:INFO:bluetooth_setup.cc(690)] Disabling connectability.
04-09 10:46:06.048  3091  3091 I cast_shell: [3094:3094:INFO:input_manager_impl.cc(284)] RegisterInput: device_id: bluetooth, type: 1, state: 0
04-09 10:46:06.048  3091  3091 I cast_shell: [3094:3094:INFO:robot_account_auth_manager.cc(295)] No backend type specified. Getting COS URL based on the build type instead.
04-09 10:46:06.048  3091  3091 I cast_shell: [3094:3094:INFO:robot_account_auth_manager.cc(312)] Auth url: https://clients5.google.com/cast/orchestration/googleoauthtoken?rt=b
04-09 10:46:06.048  3091  3091 I cast_shell: [3094:3094:WARNING:robot_account_auth_manager.cc(463)] Failed to initialize JWT for 38579375
04-09 10:46:06.048  3091  3091 I cast_shell: [3094:3094:INFO:queryable_data_registrar.cc(52)] Registering queryable data for managed mode as: 0
04-09 10:46:06.048  3091  3091 I cast_shell: [3094:3094:INFO:queryable_data_registrar.cc(59)] Registering enable_hls_sample_aes=1
04-09 10:46:06.048  3091  3091 I cast_shell: [3094:3144:INFO:endpoint_with_namespace_handler.cc(103)] Added a namespace handler: local_id=receiver-9fb3a935-6767-0923-1a96-eef89fa35aeb, namespace=urn:x-cast:com.google.cast.assistant
04-09 10:46:06.048  3091  3091 I cast_shell: [3094:3094:INFO:queryable_data_registrar.cc(64)] Registering hls_sample_aes_init_segment
04-09 10:46:06.048  3091  3091 I cast_shell: [3094:3094:INFO:queryable_data_registrar.cc(70)] Registering visual-punt-on-platform-supported
04-09 10:46:06.055  3091  3091 I cast_shell: [3094:3094:ERROR:server.cc(243)] XDG_RUNTIME_DIR not set in the environment
04-09 10:46:06.055  3091  3091 I cast_shell: [3094:3094:ERROR:wayland_server_controller.cc(27)] Wayland server creation failed
04-09 10:46:06.055  3091  3091 I cast_shell: [3094:3094:WARNING:cast_metrics_service_client.cc(134)] Empty client id from platform, assuming this is the first boot up of a new device.
04-09 10:46:06.055  3091  3091 I cast_shell: [3094:3094:INFO:cast_metrics_service_client.cc(93)] Metrics client ID set: 1b2bb072-7648-4069-b631-0fa7dcbef213
04-09 10:46:06.056  3091  3091 I cast_shell: [3094:3094:INFO:device_info_impl.cc(970)] Metrics client ID: 1b2bb072-7648-4069-b631-0fa7dcbef213
04-09 10:46:06.057  3091  3091 I cast_shell: [3094:3094:INFO:cast_metrics_service_client.cc(93)] Metrics client ID set: 1b2bb072-7648-4069-b631-0fa7dcbef213
04-09 10:46:06.058  3091  3091 I cast_shell: [3094:3094:INFO:device_info_impl.cc(970)] Metrics client ID: 1b2bb072-7648-4069-b631-0fa7dcbef213
04-09 10:46:06.060  3091  3091 I cast_shell: [3094:3104:INFO:crypto_manager.cc(75)] Creating private key: size=2048
04-09 10:46:06.060  3091  3091 I cast_shell: [3094:3094:INFO:cast_receiver_impl.cc(828)] Cast receiver started.
04-09 10:46:06.061  3091  3091 I cast_shell: [3094:3094:WARNING:cast_receiver_impl.cc(1126)] Network is not globally connected. Don't schedule config downloading yet.
04-09 10:46:06.064  3091  3091 I cast_shell: [3094:3094:INFO:ccs_manager_impl.cc(663)] Starting cloud ipc activity with CCS
04-09 10:46:06.064  3091  3091 I cast_shell: [3094:3094:INFO:ccs_manager_impl.cc(1286)] CcsManagerImpl opt_in.cloud_ipc pref changed: 1
04-09 10:46:06.064  3091  3091 I cast_shell: [3094:3094:INFO:ccs_manager_impl.cc(1322)] Waiting for all transports to be enabled
04-09 10:46:06.064  3091  3091 I cast_shell: [3094:3094:INFO:ccs_transport_gcm.cc(94)] Deferring GCM registration until connectivity is up
04-09 10:46:06.064  3091  3091 I cast_shell: [3094:3094:INFO:multizone_manager.cc(2397)] Resuming MultizoneManager
04-09 10:46:06.064  3091  3091 I cast_shell: [3094:3094:INFO:cast_receiver_impl.cc(934)] Cast receiver resumed.
04-09 10:46:06.064  3091  3091 I cast_shell: [3094:3094:WARNING:cast_receiver_impl.cc(1138)] Network is not globally connected. Don't schedule CRL downloading yet.
04-09 10:46:06.083  3091  3091 I cast_shell: [3094:3144:ERROR:socket_posix.cc(148)] bind() failed: Address already in use (98)
04-09 10:46:06.083  3091  3091 I cast_shell: [3094:3094:INFO:chromecast_service.cc(1935)] Network is disconnected, reconnecting Wifi.
04-09 10:46:06.083  3091  3091 I cast_shell: [3094:3141:ERROR:socket_posix.cc(148)] bind() failed: Address already in use (98)
04-09 10:46:06.083  3091  3091 I cast_shell: [3094:3094:WARNING:chromecast_service.cc(1807)] TOS not accepted yet
04-09 10:46:06.099  3091  3091 I cast_shell: [system_updater_dummy.cpp(79)] Initialize
04-09 10:46:06.099  3091  3091 I cast_shell: [system_updater_dummy.cpp(29)] system_updater_socket_create
04-09 10:46:06.137  3091  3091 I cast_shell: [3094:3094:INFO:secure_storage_impl.cc(107)] Secure storage initialized.
04-09 10:46:06.137  3091  3091 I cast_shell: [3094:3094:INFO:ccs_manager_impl.cc(851)] Network connectivity down for CcsManager
04-09 10:46:06.146  2974  2997 I otamanager: OTAManager connected to CastUpdater via  /tmp/socket/system_updater
04-09 10:46:06.146  2974  2997 I otamanager: cast_updater_threadEntry socket handle 5
04-09 10:46:06.147  3091  3091 I cast_shell: [3094:3100:WARNING:crl_downloader.cc(136)] CRL failed to restore.
04-09 10:46:06.212  2967  2978 D wac-main: Netlink event
04-09 10:46:06.212  2967  2978 E wac-main: Netlink event 16 Interface Index 6 
04-09 10:46:06.212  2967  2978 E wac-main: p2p0 event Link Changed : 1002 
04-09 10:46:06.212  2967  2978 E wac-main: Enter poll and wait
04-09 10:46:06.212  2711  2723 I yani_kernel: yani_geteventfrom_changeaddr() Message-Id '1' Netlink event '16' Interface Index '6' -> Name 'p2p0' 
04-09 10:46:06.221  3091  3091 I cast_shell: [3094:3143:INFO:metrics_recorder.cc(282)] cast event: Cast.Discovery.Mdns.SocketCreated
04-09 10:46:06.221  3091  3091 I cast_shell: [3094:3143:INFO:mdns_app_filter.cc(1254)] Created mDNS socket for interface:name=usb0, address=192.168.10.1, index=9
04-09 10:46:06.221  3091  3091 I cast_shell: [3094:3143:INFO:mdns_app_filter.cc(977)] MdnsAppFilter is starting.
04-09 10:46:06.221  3091  3091 I cast_shell: [3094:3143:INFO:metrics_recorder.cc(282)] cast event: Cast.Discovery.Mdns.ResponderStarted
04-09 10:46:06.221  3091  3091 I cast_shell: [3094:3143:INFO:mdns_cast_service.cc(351)] Device discovery state is setup-only
04-09 10:46:06.221  3091  3091 I cast_shell: [3094:3143:INFO:mdns_app_filter.cc(1605)] Re-probing due to newly registered service '1': _googlerpc
04-09 10:46:06.221  3091  3091 I cast_shell: [3094:3143:INFO:mdns_app_filter.cc(1605)] Re-probing due to newly registered service '2': _googlecast
04-09 10:46:06.221  3091  3091 I cast_shell: [3094:3143:INFO:mdns_util.cc(102)] Defaulting mDNS capabilities for audio-only build
04-09 10:46:06.221  3091  3091 I cast_shell: [3094:3143:INFO:mdns_util.cc(102)] Defaulting mDNS capabilities for audio-only build
04-09 10:46:06.221  3091  3091 I cast_shell: [3094:3143:INFO:mdns_app_filter.cc(1702)] MdnsAppFilter is stopping
04-09 10:46:06.221  3091  3091 I cast_shell: [3094:3143:INFO:metrics_recorder.cc(282)] cast event: Cast.Discovery.Mdns.ResponderStopped
04-09 10:46:06.221  3091  3091 I cast_shell: [3094:3143:INFO:mdns_app_filter.cc(1709)] MdnsAppFilter is stopping; closing socket: address=192.168.2.1
04-09 10:46:06.221  3091  3091 I cast_shell: [3094:3143:INFO:metrics_recorder.cc(282)] cast event: Cast.Discovery.Mdns.SocketDestroyed
04-09 10:46:06.221  3091  3091 I cast_shell: [3094:3143:INFO:mdns_app_filter.cc(1709)] MdnsAppFilter is stopping; closing socket: address=192.168.10.1
04-09 10:46:06.221  3091  3091 I cast_shell: [3094:3143:INFO:metrics_recorder.cc(282)] cast event: Cast.Discovery.Mdns.SocketDestroyed
04-09 10:46:06.221  3091  3091 I cast_shell: [3094:3143:INFO:metrics_recorder.cc(282)] cast event: Cast.Discovery.Mdns.SocketCreated
04-09 10:46:06.221  3091  3091 I cast_shell: [3094:3143:INFO:mdns_app_filter.cc(1254)] Created mDNS socket for interface:name=p2p1, address=192.168.2.1, index=7
04-09 10:46:06.221  3091  3091 I cast_shell: [3094:3143:INFO:metrics_recorder.cc(282)] cast event: Cast.Discovery.Mdns.SocketCreated
04-09 10:46:06.221  3091  3091 I cast_shell: [3094:3143:INFO:mdns_app_filter.cc(977)] MdnsAppFilter is starting.
04-09 10:46:06.223  3091  3091 I cast_shell: [3094:3094:INFO:mdns_manager_impl.cc(311)] Successfully registered service: type=_googlerpc
04-09 10:46:06.232  2967  2978 E wac-main: Enter poll and wait
04-09 10:46:06.232  2711  2723 I yani_kernel: yani_geteventfrom_changeaddr() Message-Id '1' Netlink event '16' Interface Index '6' -> Name 'p2p0' 
04-09 10:46:06.233  3091  3091 I cast_shell: [3094:3133:INFO:setup_state.cc(261)] Setup state changed: SETUP_STATE_UNKNOWN (0) -> SETUP_STATE_CHECKING_GLOBAL_CONNECTIVITY (50)
04-09 10:46:06.237  3091  3091 I cast_shell: [3094:3133:INFO:gatt_client_manager_impl.cc(202)] Enabling GATT client connectability
04-09 10:46:06.362  2968  3016 I LibreCastControl: LibreCastControl_init() Socket Initialized
04-09 10:46:06.371  2968  3016 E LibreCastControl: PULSAR:CreateCastControlThread:18
04-09 10:46:06.371  2968  3016 E LibreCastControl: Create LibreCastLUCITimerThreadInit 
04-09 10:46:06.371  2968  3172 E LibreCastControl: PULSAR:Run:23
04-09 10:46:06.372  2968  3173 E LibreCastControl: Timer Sem Wait Start iCastPlayerstate = 0 
04-09 10:46:06.386  2691  2691 I sh      : [0408/221606.385616:INFO:cast_control_impl.cc(744)] CastControl has started running.
04-09 10:46:06.386  2691  2691 I sh      : [0408/221606.386441:INFO:cast_control_impl.cc(745)] Attempting to connect CastMessageService. socket=/tmp/cast-control
04-09 10:46:06.389  2968  3172 I LibreCastControlDelegate: OnCastStatus() +++ :0xab421198:STARTING
04-09 10:46:06.389  2691  2691 I sh      : [0408/221606.389392:INFO:cast_control_socket.cc(64)] Successfully connected Cast Control Socket
04-09 10:46:06.389  2968  3172 E LibreCastControlDelegate: OnCastStatus:177
04-09 10:46:06.391  2968  3172 I LibreCastControl: LibreCastControl_SetCastName()  name 'Lyric Speaker Box 21f384' RequestId '1' pCastControl 0xf5200728
04-09 10:46:06.391  2968  3172 I LibreCastControlDelegate: Active Applications -> 0
04-09 10:46:06.391  2968  3172 I LibreCastControlDelegate: Current Cast State '1' -> 'STARTING'
04-09 10:46:06.391  2968  3172 I LibreCastControlDelegate: OnCastStatus() ---
04-09 10:46:06.391  2691  2691 I sh      : [0408/221606.391369:INFO:cast_message_service_impl.cc(185)] Sending connect message!
04-09 10:46:06.395  3091  3091 I cast_shell: [3094:3144:INFO:metrics_recorder.cc(282)] Cast v2 action(socket_id=domain-socket@/tmp/cast-control.1): CastV2.Connection.Connect.In
04-09 10:46:06.396  3091  3091 I cast_shell: [3094:3094:INFO:resource_namespace_handler.cc(307)] Setting resource provider: sender_id=domain-socket@/tmp/cast-control.1:system-0
04-09 10:46:06.397  2691  2691 I sh      : [0408/221606.397107:INFO:cast_message_service_impl.cc(1007)] CastMessageServiceImpl matched versions
04-09 10:46:06.706  2732  2743 I WifiUtil: get p2p0 channel 6 (2437MHz)
04-09 10:46:06.706  2732  2743 I HotspotManager: start hostapd at channel=6 SSID=<SSID omitted> hidden_ssid=0
04-09 10:46:06.711  3091  3091 I cast_shell: [3094:3133:WARNING:setup_manager_impl.cc(1136)] NAT not supported, no captive portal support.
04-09 10:46:06.711  3091  3091 I cast_shell: [3094:3133:INFO:ble_setup.cc(1106)] Cleared generated LAT.
04-09 10:46:06.711  3091  3091 I cast_shell: [3094:3133:INFO:setup_namespace_handler.cc(94)] Added a peer for setup namespace: domain-socket@/tmp/cast-control.1:system-0
04-09 10:46:06.715  2967  2978 D wac-main: Netlink event
04-09 10:46:06.715  2967  2978 E wac-main: Netlink event 20 Interface Index 6 
04-09 10:46:06.715  2967  2978 E wac-main: Enter poll and wait
04-09 10:46:06.715  2967  2978 D wac-main: Netlink event
04-09 10:46:06.715  2967  2978 E wac-main: Netlink event 21 Interface Index 6 
04-09 10:46:06.747  2968  3172 I LibreCastControlDelegate: OnCastStatus() +++ LSB2133:0xab421198:NOT_SETUP
04-09 10:46:06.747  2968  3172 I LibreCastControlDelegate: Device Build Number -> '1.52.272222'
04-09 10:46:06.747  2968  3172 I librecast: updateCastBuildVersion() Version 1.52.272222
04-09 10:46:06.747  2712  2719 I lucitransport: readRemoteMessage() MID char = 7 buffer = (null)
04-09 10:46:06.748  2968  3172 E librecast: librecast::updateCastBuildVersion Cast build version number = 1.52.272222
04-09 10:46:06.748  2968  3172 E librecast: castVersion = 1.52.272222
04-09 10:46:06.748  2712  2719 I lucitransport: writeRemoteMessage() MID = 7 buffer = 1.52.272222
04-09 10:46:06.748  2712  2719 I luciUART: write() MID = 7  bytes = 21 data = 1.52.272222 m_fd = 0x5
04-09 10:46:06.757  2968  3172 I LibreCastControlDelegate: Active Applications -> 0
04-09 10:46:06.757  2968  3172 I LibreCastControlDelegate: Current Cast State '2' -> 'NOT_SETUP'
04-09 10:46:06.757  2968  3172 I LibreCastControlDelegate: OnCastStatus() ---
04-09 10:46:06.757  2968  3172 I LibreCastControlDelegate: OnResponse() ReqeustID 1, error  0
04-09 10:46:06.758  2968  3172 I LibreCastControlDelegate: OnCastStatus() +++ LSB2133:0xab421198:NOT_SETUP
04-09 10:46:06.758  2968  3172 I LibreCastControlDelegate: Device Build Number -> '1.52.272222'
04-09 10:46:06.758  2968  3172 I librecast: updateCastBuildVersion() Version 1.52.272222
04-09 10:46:06.758  2712  2719 I lucitransport: readRemoteMessage() MID char = 7 buffer = 1.52.272222
04-09 10:46:06.759  2968  3172 I LibreCastControlDelegate: Active Applications -> 0
04-09 10:46:06.759  2968  3172 I LibreCastControlDelegate: Current Cast State '2' -> 'NOT_SETUP'
04-09 10:46:06.759  2968  3172 I LibreCastControlDelegate: OnCastStatus() ---
04-09 10:46:06.759  2691  2691 I sh      : [0408/221606.759401:INFO:cast_message_service_impl.cc(1037)] Received initial eureka info
04-09 10:46:06.761  2691  2691 I sh      : [0408/221606.761422:INFO:cast_message_service_impl.cc(1067)] Received initial receiver info
04-09 10:46:06.761  2691  2691 I sh      : [0408/221606.761788:INFO:cast_message_service_impl.cc(1073)] Sent PlatformSettingsRegister message
04-09 10:46:06.762  2968  3172 I LibreCastControlDelegate: OnControlConnected()
04-09 10:46:06.763  2711  2723 I yani_server: NetLink Event '6' Interface-Index '6' WLAN '-1' Ethernet '-1' Parsed-iFill '6' -> 'P2P0 CONNECTED' ifIndex '2' -> 'tunl0'
04-09 10:46:06.785  2968  3172 I LibreCastControl: LibreCastControl_RequestGVAStatus() RequestId '4' pCastControl 0xf5200728
04-09 10:46:06.785  2691  2691 I sh      : [0408/221606.785386:INFO:cast_message_service_impl.cc(1076)] CastMessageServiceImpl is ready
04-09 10:46:06.786  3091  3091 I cast_shell: [3094:3094:INFO:assistant_namespace_handler.cc(144)] Added a status listening peer for assistant namespace: domain-socket@/tmp/cast-control.1:system-0
04-09 10:46:06.786  2968  3172 I LibreCastControlDelegate: OnResponse() ReqeustID 4, error  0
04-09 10:46:07.483  3091  3091 I cast_shell: [3094:3094:INFO:crypto_manager.cc(278)] Public key: MIIBCgKCAQEAwdlPrXypo0LaflR5jZ/XSKoh13Qrt/ecjd838XftZGh3HMVS1VoVj6IF15Axk4pjb9WqWu5IlQdrikiHQkjJEAF+wNyi9jifDCPuCIArRXH+wwhyLwq0BFo+EQpqKz/xcNNUhQ0471QEN7Ewh5N0pjqXsoXJXMMkk9iTZ0yvlwBPA1IK/WYlUg6Z3fUkZs2Ap8d/MToFBNcEmZrO9/HeLON+QX4BU9AVjZMniFjJIU/nAp01QmhvBvI9DAg4XXNGLATcyz4ytLdS1dvHQ3eOhreI8zi01oUgd2vIDTOLMLFqkE/aO2srbxpgjS6/rl71tN70SoJEimgK6HnVq50KTQIDAQAB
04-09 10:46:07.483  3091  3091 I cast_shell: [3094:3094:INFO:crypto_manager.cc(289)] Public modulus: wdlPrXypo0LaflR5jZ_XSKoh13Qrt_ecjd838XftZGh3HMVS1VoVj6IF15Axk4pjb9WqWu5IlQdrikiHQkjJEAF-wNyi9jifDCPuCIArRXH-wwhyLwq0BFo-EQpqKz_xcNNUhQ0471QEN7Ewh5N0pjqXsoXJXMMkk9iTZ0yvlwBPA1IK_WYlUg6Z3fUkZs2Ap8d_MToFBNcEmZrO9_HeLON-QX4BU9AVjZMniFjJIU_nAp01QmhvBvI9DAg4XXNGLATcyz4ytLdS1dvHQ3eOhreI8zi01oUgd2vIDTOLMLFqkE_aO2srbxpgjS6_rl71tN70SoJEimgK6HnVq50KTQ
04-09 10:46:07.483  3091  3091 I cast_shell: [3094:3094:INFO:crypto_manager.cc(294)] Public exponent: AQAB
04-09 10:46:07.551  3091  3091 I cast_shell: [3094:3148:INFO:multizone_manager.cc(1889)] Initial discovery complete
04-09 10:46:07.551  3091  3091 I cast_shell: [3094:3143:INFO:mdns_app_filter.cc(1605)] Re-probing due to newly registered service '3': _googlezone
04-09 10:46:07.552  3091  3091 I cast_shell: [3094:3094:INFO:mdns_manager_impl.cc(311)] Successfully registered service: type=_googlezone
04-09 10:46:07.602  3176  3176 I dnsmasq : started, version 2.51 DNS disabled
04-09 10:46:07.603  3176  3176 I dnsmasq : compile time options: no-IPv6 GNU-getopt no-DBus no-I18N DHCP no-scripts no-TFTP
