04-09 10:33:51.057  2788  2788 I dnsmasq : DHCPREQUEST(usb0) 192.168.10.5 92:f7:fe:9b:4f:89 
04-09 10:33:51.057  2788  2788 I dnsmasq : DHCPACK(usb0) 192.168.10.5 92:f7:fe:9b:4f:89 
04-09 10:33:51.060  2691  2691 I sh      : btaudioplayer: not found
04-09 10:33:51.097  2691  2691 I sh      : *** play mode control constructor end 
04-09 10:33:51.097  2730  2730 E BrowseModeControl: Read env failed
04-09 10:33:51.097  2730  2730 I UIModeManager: RegisterModeControl Mode - BrowseMode ModeControl - 0xacc19830
04-09 10:33:51.098  2730  2730 E DefaultBrowser: m_ItemsCount = 7 
04-09 10:33:51.098  2730  2730 E SDCardBrowser: SDCARD Browser constructor mounting vfat first
04-09 10:33:51.099  2730  2730 E SDCardBrowser: 3 GOTOP  Sytem return value = -1
04-09 10:33:51.099  2730  2730 E SDCardBrowser: mounting vfat failed, try ntfs, return value = -1
04-09 10:33:51.102  2730  2730 I ServiceManager: Waiting for service media.player...
04-09 10:33:51.120  2691  2691 I sh      : /dev/block/sd*: No such file or directory
04-09 10:33:52.102  2730  2730 I ServiceManager: Waiting for service media.player...
04-09 10:33:52.119  2962  2962 I wac-main: main() defaultServiceManager 0xac045fa8 
04-09 10:33:52.121  2962  2962 I wac-main: Getinstance
04-09 10:33:52.122  2962  2962 I wac-main: WAC LUCI listener created
04-09 10:33:52.123  2732  2746 I NetworkMonitor: Number of APs is 40
04-09 10:33:52.123  2732  2746 I NetworkMonitor: Number of APs with same essid 0
04-09 10:33:52.134  2962  2973 I wac-main: init_netlink_skt() Success Netlink socket fd 7
04-09 10:33:52.134  2962  2962 E wac-main: send wac api : a5a0
04-09 10:33:52.134  2962  2962 I wac-main: OnStartup() WAC Triggered 'Success' after 1 attempt(s)
04-09 10:33:52.135  2962  2973 E wac-main: Enter poll and wait
04-09 10:33:52.135  2962  2973 E wac-main: API event
04-09 10:33:52.135  2962  2973 E wac-main: msg : a5a0
04-09 10:33:52.135  2962  2973 E wac-main: msg : a5a0
04-09 10:33:52.153  2962  2973 E wac-main: Enter poll and wait
04-09 10:33:52.153  2962  2975 E wac-main: enter WACStartStopThread
04-09 10:33:52.164  2691  2691 I sh      : mkdir failed for misc, File exists
04-09 10:33:52.169  2962  2975 E wac-main: WACStartStopThread() event -> 'wacstart' is WACServer? UP -> 'No' 
04-09 10:33:52.170  2691  2691 I sh      : ***** START WEBSERVER ******
04-09 10:33:52.177  2712  2719 I lucitransport: readRemoteMessage() MID char = 90 buffer = Lyric Speaker Box 21f384
04-09 10:33:52.178  2962  2975 E WACSERVER: ************************************************
04-09 10:33:52.178  2962  2975 E WACSERVER: PLATFORM ATTRIBUTES:
04-09 10:33:52.178  2962  2975 E WACSERVER:     NAME.........: Lyric Speaker Box 21f384
04-09 10:33:52.178  2962  2975 E WACSERVER:     MODEL........: LSB
04-09 10:33:52.178  2962  2975 E WACSERVER:     MANUFACTURER.: COTODAMA
04-09 10:33:52.178  2962  2975 E WACSERVER:     FW REV.......: p0000
04-09 10:33:52.178  2962  2975 E WACSERVER:     HW REV.......: LS10 VP1.0
04-09 10:33:52.178  2962  2975 E WACSERVER:     SERIAL NUMBER: cc909321f384
04-09 10:33:52.178  2962  2975 E WACSERVER:     UNCONFIGURED.: YES
04-09 10:33:52.178  2962  2975 E WACSERVER: PLATFORM FEATURES:
04-09 10:33:52.178  2962  2975 E WACSERVER:     AIRPLAY.....: YES
04-09 10:33:52.180  2691  2691 I sh      : threadLoop entry.... 
04-09 10:33:52.192  2962  2981 E wac-main: WACCallback() message 0 -> 'Initializing'
04-09 10:33:52.197  2691  2691 I sh      : WebServerManager::InitWebServerManager --
04-09 10:33:52.198  2712  2719 I lucitransport: writeRemoteMessage() MID = 143 buffer = 0
04-09 10:33:52.198  2712  2719 I luciUART: write() MID = 143  bytes = 11 data = 0 m_fd = 0x5
04-09 10:33:52.198  2712  2719 I lucitransport: writeLocalMessage() MID = 143 buffer = 0
04-09 10:33:52.198  2712  2721 E LUCI_SERVER: Luci Server Thread wait over MID 143....
04-09 10:33:52.199  2712  2721 E LUCI_SERVER: Luci Server Thread waiting for packets....
04-09 10:33:52.199  2962  2981 D WACSERVER: Advertising WAC SSID Lyric Speaker Box 21f384
04-09 10:33:52.200  2962  2973 D wac-main: Netlink event
04-09 10:33:52.200  2962  2973 E wac-main: Netlink event 20 Interface Index 7 
04-09 10:33:52.200  2962  2973 E wac-main: Enter poll and wait
04-09 10:33:52.201  2711  2723 I yani_kernel: yani_geteventfrom_changeaddr() Message-Id '1' Netlink event '20' Interface Index '7' -> Name 'p2p1' 
04-09 10:33:52.202  2732  2747 E CommandListener: Message not handled: unrecognized interface p2p1
04-09 10:33:52.202  2732  2747 W FrameworkListener: Handler 'Iface' error (Success)
04-09 10:33:52.210  2968  2982 E LibreConnect: 
04-09 10:33:52.210  2968  2982 E LibreConnect:  start /factory/custom/web YES, Its a DIR
04-09 10:33:52.256  2969  2993 I otamanager: OTA: set OTA timer
04-09 10:33:52.256  2969  2993 I otamanager: Timer set for 14400 seconds
04-09 10:33:52.258  2969  2993 D otamanager: Thread created successfully
04-09 10:33:52.258  2969  2993 I otamanager: OTA Manager Initialization Complete!!!
04-09 10:33:52.259  2969  2993 I otamanager: OnStartupCheck() wlanstate 0  ethstate 0 m_IsFDR 1
04-09 10:33:52.259  2969  2993 I otamanager: CurrentFirmwareUpdateState: 'Idle' 
04-09 10:33:52.261  2691  2691 I sh      : 
04-09 10:33:52.261  2691  2691 I sh      : 
04-09 10:33:52.261  2691  2691 I sh      : MAIN TO START SPOTIFY START
04-09 10:33:52.261  2691  2691 I sh      : 
04-09 10:33:52.261  2691  2691 I chatty  : uid=1005(log) /bin/logwrapper identical 1 line
04-09 10:33:52.261  2691  2691 I sh      : 
04-09 10:33:52.261  2691  2691 I sh      : MAIN TO START SPOTIFY END
04-09 10:33:52.261  2691  2691 I sh      : 
04-09 10:33:52.266  2963  2963 E librecast: Starting Libre Cast process...
04-09 10:33:52.268  2963  2963 E librecast: librecast:189
04-09 10:33:52.269  2963  2963 E librecast: librecast:195
04-09 10:33:52.274  2966  2997 E SPOTIFY : Spotify initSpotifyLibrary 
04-09 10:33:52.276  2963  2963 E librecast: librecast:217:GoogleCast NV set to 'true' so starting cast_installer service
04-09 10:33:52.285  2966  2997 E SPOTIFY : TLS Cert free resposne = 6 
04-09 10:33:52.285  2966  2997 E SPOTIFY : Certificate bundle Length= 200519 
04-09 10:33:52.305  2691  2691 I sh      : Unable to chmod bluedroid/*: No such file or directory
04-09 10:33:52.332  2965  2965 I airplayluci: Getinstance
04-09 10:33:52.336  2989  2989 I hostapd : IEEE 802.11: Steering disabled
04-09 10:33:52.337  2966  2997 E SPOTIFY : sCertificate = -----BEGIN CERTIFICATE-----
04-09 10:33:52.337  2966  2997 E SPOTIFY : MIIDrzCCApegAwIBAgIQCDvgVpBCRrGhdWrJWZHHSjANBgkqhkiG9w0BAQUFADBhMQswCQYDVQQG
04-09 10:33:52.337  2966  2997 E SPOTIFY : EwJVUzEVMBMGA1UEChMMRGlnaUNlcnQgSW5jMRkwFwYDVQQLExB3d3cuZGlnaWNlcnQuY29tMSAw
04-09 10:33:52.337  2966  2997 E SPOTIFY : HgYDVQQDExdEaWdpQ2VydCBHbG9iYWwgUm9vdCBDQTAeFw0wNjExMTAwMDAwMDBaFw0zMTExMTAw
04-09 10:33:52.337  2966  2997 E SPOTIFY : MDAwMDBaMGExCzAJBgNVBAYTAlVTMRUwEwYDVQQKEwxEaWdpQ2VydCBJbmMxGTAXBgNVBAsTEHd3
04-09 10:33:52.337  2966  2997 E SPOTIFY : dy5kaWdpY2VydC5jb20xIDAeBgNVBAMTF0RpZ2lDZXJ0IEdsb2JhbCBSb290IENBMIIBIjANBgkq
04-09 10:33:52.337  2966  2997 E SPOTIFY : hkiG9w0BAQEFAAOCAQ8AMIIBCgKCAQEA4jvhEXLeqKTTo1eqUKKPC3eQyaKl7hLOllsBCSDMAZOn
04-09 10:33:52.337  2966  2997 E SPOTIFY : TjC3U/dDxGkAV53ijSLdhwZAAIEJzs4bg7/fzTtxRuLWZscFs3YnFo97nh6Vfe63SKMI2tavegw5
04-09 10:33:52.337  2966  2997 E SPOTIFY : BmV/Sl0fvBf4q77uKNd0f3p4mVmFaG5cIzJLv07A6Fpt43C/dxC//AH2hdmoRBBYMql1GNXRor5H
04-09 10:33:52.337  2966  2997 E SPOTIFY : 4idq9Joz+EkIYIvUX7Q6hL+hqkpMfT7PT19sdl6gSzeRntwi5m3OFBqOasv+zbMUZBfHWymeMr/y
04-09 10:33:52.337  2966  2997 E SPOTIFY : 7vrTC0LUq7dBMtoM1O/4gdW7jVg/tRvoSSiicNoxBN33shbyTApOB6jtSj1etX+jkMOvJwIDAQAB
04-09 10:33:52.337  2966  2997 E SPOTIFY : o2MwYTAOBgNVHQ8BAf8EBAMCAYYwDwYDVR0TAQH/BAUwAwEB/zAdBgNVHQ4EFgQUA95QNVbRTLtm
04-09 10:33:52.337  2966  2997 E SPOTIFY : 8KPiGxvDl7I90VUwHwYDVR0jBBgwFoAUA95QNVbRTLtm8KPiGxvDl7I90VUwDQYJKoZIhvcNAQEF
04-09 10:33:52.337  2966  2997 E SPOTIFY : BQADggEBAMucN6pIExIK+t1EnE9SsPTfrgT1eXkIoyQY/EsrhMAtudXH/vTBH1jLuG2cenTnmCmr
04-09 10:33:52.337  2966  2997 E SPOTIFY : EbXjcKChzUyImZOMkXDiqw8cvpOp/2PV5Adg06O/nVsJ8dWO41P0jmP6P6fbtGbfYmbW0W5BjfIt
04-09 10:33:52.337  2966  2997 E SPOTIFY : tep3Sp+dWOIrWcBAI+0tKIJFPnlUkiaY4IBIqDfv8NZ5YBberOgOzW6sRBc4L0na4UU+Krk2U886
04-09 10:33:52.337  2966  2997 E SPOTIFY : UAb3LujEV0lsYSEY1QSteDwsOoBrp+uvFRTp2InBuThs4pFsiv9kuXclVzDAGySj4dzp30d8tbQk
04-09 10:33:52.337  2966  2997 E SPOTIFY : CAUw7C29C79Fv1C5qfPrmAESrciIxpg0X40KPMbp1ZWVbd4=
04-09 10:33:52.337  2966  2997 E SPOTIFY : -----END CERTIFICATE-----
04-09 10:33:52.337  2966  2997 E SPOTIFY : -----BEGIN CERTIFICATE-----
04-09 10:33:52.337  2966  2997 E SPOTIFY : MIIDtzCCAp+gAwIBAgIQDOfg5RfYRv6P5WD8G/AwOTANBgkqhkiG9w0BAQUFADBlMQswCQYDVQQG
04-09 10:33:52.337  2966  2997 E SPOTIFY : EwJVUzEVMBMGA1UEChMMRGlnaUNlcnQgSW5jMRkwFwYDVQQLExB3d3cuZGlnaWNlcnQuY29tMSQw
04-09 10:33:52.337  2966  2997 E SPOTIFY : IgYDVQQDExtEaWdpQ2VydCBBc3N1cmVkIElEIFJvb3QgQ0EwHhcNMDYxMTEwMDAwMDAwWhcNMzEx
04-09 10:33:52.337  2966  2997 E SPOTIFY : MTEwMDAwMDAwWjBlMQswCQYDVQQGEwJVUzEVMBMGA1UEChMMRGlnaUNlcnQgSW5jMRkwFwYDVQQL
04-09 10:33:52.337  2966  2997 E SPOTIFY : ExB3d3cuZGlnaWNlcnQuY29tMSQwIgYDVQQDExtEaWdpQ2VydCBBc3N1cmVkIElEIFJvb3QgQ0Ew
04-09 10:33:52.337  2966  2997 E SPOTIFY : ggEiMA0GCSqGSIb3DQEBAQUAA4IBDwAwggEKAoIBAQCtDhXO5EOAXLGH87dg+XESpa7cJpSIqvTO
04-09 10:33:52.337  2966  2997 E SPOTIFY : 9SA5KFhgDPiA2qkVlTJhPLWxKISKityfCgyDF3qPkKyK53lTXDGEKvYPmDI2dsze3Tyoou9q+yHy
04-09 10:33:52.337  2966  2997 E SPOTIFY : UmHfnyDXH+Kx2f4YZNISW1/5WBg1vEfNoTb5a3/UsDg+wRvDjDPZ2C8Y/igPs6eD1sNuRMBhNZYW
04-09 10:33:52.337  2966  2997 E SPOTIFY : /lmci3Zt1/GiSw0r/wty2p5g0I6QNcZ4VYcgoc/lbQrISXwxmDNsIumH0DJaoroTghHtORedmTpy
04-09 10:33:52.337  2966  2997 E SPOTIFY : oeb6pNnVFzF1roV9Iq4/AUaG9ih5yLHa5FcXxH4cDrC0kqZWs72yl+2qp/C3xag/lRbQ/6GW6whf
04-09 10:33:52.337  2966  2997 E SPOTIFY : GHdPAgMBAAGjYzBhMA4GA1UdDwEB/wQEAwIBhjAPBgNVHRMBAf8EBTADAQH/MB0GA1UdDgQWBBRF
04-09 10:33:52.337  2966  2997 E SPOTIFY : 66Kv9JLLgjEtUYunpyGd823IDzAfBgNVHSMEGDAWgBRF66Kv9JLLgjEtUYunpyGd823IDzANBgkq
04-09 10:33:52.337  2966  2997 E SPOTIFY : hkiG9w0BAQUFAAOCAQEAog683+Lt8ONyc3pklL/3cmbYMuRCdWKuh+vy1dneVrOfzM4UKLkNl2Bc
04-09 10:33:52.337  2966  2997 E SPOTIFY : EkxY5NM9g0lFWJc1aRqoR+pWxnmrEthngYTffwk8lOa4JiwgvT2zKIn3X/8i4peEH+ll74fg38Fn
04-09 10:33:52.337  2966  2997 E SPOTIFY : SbNd67IJKusm7Xi+fT8r87cmNW1fiQG2SVufAQWbqz0lwcy2f8Lxb4bG+mRo64EtlOtCt/qMHt1i
04-09 10:33:52.337  2966  2997 E SPOTIFY : 8b5QZ7dsvfPxH2sMNgcWfzd8qVttevESRmCD1ycEvkvOl77DZypoEd+A5wwzZr8TDRRu838fYxAe
04-09 10:33:52.337  2966  2997 E SPOTIFY : +o0bJW1sj6W3YQGx0qMmoRBxna3iw/nDmVG3KwcIzi7mULKn+gpFL6Lw8g==
04-09 10:33:52.337  2966  2997 E SPOTIFY : -----END CERTIFICATE-----
04-09 10:33:52.337  2966  2997 E SPOTIFY : -----BEGIN CERTIFICATE-----
04-09 10:33:52.337  2966  2997 E SPOTIFY : MIIDxTCCAq2gAwIBAgIQAqxcJmoLQJuPC3nyrkYldzANBgkqhkiG9w0BAQUFADBsMQswCQYDVQQG
04-09 10:33:52.337  2966  2997 E SPOTIFY : EwJVUzEVMBMGA1UEChMMRGlnaUNlcnQgSW5jMRkwFwYDVQQLExB3d3cuZGlnaWNlcnQuY29tMSsw
04-09 10:33:52.337  2966  2997 E SPOTIFY : KQYDVQQDEyJEaWdpQ2VydCBIaWdoIEFzc3VyYW5jZSBFViBSb290IENBMB4XDTA2MTExMDAwMDAw
04-09 10:33:52.337  2966  2997 E SPOTIFY : MFoXDTMxMTExMDAwMDAwMFowbDELMAkGA1UEBhMCVVMxFTATBgNVBAoTDERpZ2lDZXJ0IEluYzEZ
04-09 10:33:52.337  2966  2997 E SPOTIFY : MBcGA1UECxMQd3d3LmRpZ2ljZXJ0LmNvbTErMCkGA1UEAxMiRGlnaUNlcnQgSGlnaCBBc3N1cmFu
04-09 10:33:52.337  2966  2997 E SPOTIFY : Y2UgRVYgUm9vdCBDQTCCASIwDQYJKoZIhvcNAQEBBQADggEPADCCAQoCggEBAMbM5XPm+9S75S0t
04-09 10:33:52.337  2966  2997 E SPOTIFY : Mqbf5YE/yc0lSbZxKsPVlDRnogocsF9ppkCxxLeyj9CYpKlBWTrT3JTWPNt0OKRKzE0lgvdKpVMS
04-09 10:33:52.337  2966  2997 E SPOTIFY : OO7zSW1xkX5jtqumX8OkhPhPYlG++MXs2ziS4wblCJEMxChBVfvLWokVfnHoNb9Ncgk9vjo4UFt3
04-09 10:33:52.337  2966  2997 E SPOTIFY : MRuNs8ckRZqnrG0AFFoEt7oT61EKmEFBIk5lYYeBQVCmeVyJ3hlKV9Uu5l0cUyx+mM0aBhakaHPQ
04-09 10:33:52.337  2966  2997 E SPOTIFY : NAQTXKFx01p8VdteZOE3hzBWBOURtCmAEvF5OYiiAhF8J2a3iLd48soKqDirCmTCv2ZdlYTBoSUe
04-09 10:33:52.337  2966  2997 E SPOTIFY : h10aUAsgEsxBu24LUTi4S8sCAwEAAaNjMGEwDgYDVR0PAQH/BAQDAgGGMA8GA1UdEwEB/wQFMAMB
04-09 10:33:52.337  2966  2997 E SPOTIFY : Af8wHQYDVR0OBBYEFLE+w2kD+L9HAdSYJhoIAu9jZCvDMB8GA1UdIwQYMBaAFLE+w2kD+L9HAdSY
04-09 10:33:52.337  2966  2997 E SPOTIFY : JhoIAu9jZCvDMA0GCSqGSIb3DQEBBQUAA4IBAQAcGgaX3NecnzyIZgYIVyHbIUf4KmeqvxgydkAQ
04-09 10:33:52.337  2966  2997 E SPOTIFY : V8GK83rZEWWONfqe/EW1ntlMMUu4kehDLI6zeM7b41N5cdblIZQB2lWHmiRk9opmzN6cN82oNLFp
04-09 10:33:52.337  2966  2997 E SPOTIFY : myPInngiK3BD41VHMWEZ71jFhS9OMPagMRYjyOfiZRYzy78aG6A9+MpeizGLYAiJLQwGXFK3xPkK
04-09 10:33:52.337  2966  2997 E SPOTIFY : mNEVX58Svnw2Yzi9RKR/5CYrCsSXaQ3pjOLAEFe4yHYSkVXySGnYvCoCWw9E1CAx2/S6cCZdkGCe
04-09 10:33:52.337  2966  2997 E SPOTIFY : vEsXCS+0yx5DaMkHJ8HSXPfqIbloEpw8nL+e/IBcm2PN7E
04-09 10:33:52.340  2965  2965 I airplayUI: supportedMetadataFlag gArtworkFlag 5 
04-09 10:33:52.340  2965  2965 W airplay-main: Airplay not launched WLAN 0 Ethernet 0
04-09 10:33:52.365  2963  2963 I librecast: populateProperties ++
04-09 10:33:52.382  2962  2973 D wac-main: Netlink event
04-09 10:33:52.382  2962  2973 E wac-main: Netlink event 16 Interface Index 7 
04-09 10:33:52.382  2962  2973 E wac-main: Enter poll and wait
04-09 10:33:52.383  2711  2723 I yani_kernel: yani_geteventfrom_changeaddr() Message-Id '1' Netlink event '16' Interface Index '7' -> Name 'p2p1' 
04-09 10:33:52.384  2732  2747 E CommandListener: Message not handled: unrecognized interface p2p1
04-09 10:33:52.384  2732  2747 W FrameworkListener: Handler 'Iface' error (Success)
04-09 10:33:52.394  2989  2989 I hostapd : p2p1: IEEE 802.11 channel=6 mode=ht bw=20 htcaps=0x177f vhtcaps=0x0 cf_seg0=0 cf_seg1=0
04-09 10:33:52.416  2962  2973 D wac-main: Netlink event
04-09 10:33:52.419  2962  2973 E wac-main: Netlink event 16 Interface Index 5 
04-09 10:33:52.420  2962  2973 E wac-main: Enter poll and wait
04-09 10:33:52.420  2962  2973 D wac-main: Netlink event
04-09 10:33:52.420  2962  2973 E wac-main: Netlink event 16 Interface Index 5 
04-09 10:33:52.420  2962  2973 E wac-main: Enter poll and wait
04-09 10:33:52.436  3009  3009 I sh      : Info: main(): Installing cast package from /data/chrome/cache/ota.zip to /chrome/ ...
04-09 10:33:52.436  3009  3009 I sh      : Error: main(): /data/chrome/cache/ota.zip doesn't exist
04-09 10:33:52.436  3009  3009 I sh      : Info: main(): Post-installation validation ...
04-09 10:33:52.436  3009  3009 I sh      : Info: PostInstall(): PostInstall validation
04-09 10:33:52.442  3009  3009 I sh      : Info: PostInstall(): Verifying sha1sum for 176 files
04-09 10:33:52.443  2711  2723 I yani_server: NetLink Event '-1' Interface-Index '5' WLAN '-1' Ethernet '-1' Parsed-iFill '-1' -> 'INVALID' ifIndex '1' -> 'lo'
04-09 10:33:52.444  2711  2723 I yani_server: NetLink Event '-1' Interface-Index '5' WLAN '0' Ethernet '-1' Parsed-iFill '-1' -> 'INVALID' ifIndex '1' -> 'lo'
04-09 10:33:52.462  2963  2963 I librecast: BT MAC address cc:90:93:21:f3:85
04-09 10:33:52.462  2963  2963 I librecast: populateProperties --
04-09 10:33:52.464  2711  2723 I yani_server: NetLink Event '-1' Interface-Index '5' WLAN '0' Ethernet '-1' Parsed-iFill '-1' -> 'INVALID' ifIndex '1' -> 'lo'
04-09 10:33:52.471  2963  3030 I LibreCastControl: LibreCastControl_init() pCastLuciobj 0xace3c198
04-09 10:33:52.472  2732  2747 E CommandListener: Message not handled: unrecognized interface p2p1
04-09 10:33:52.472  2732  2747 W FrameworkListener: Handler 'Iface' error (Success)
04-09 10:33:52.473  2962  2973 D wac-main: Netlink event
04-09 10:33:52.473  2962  2973 E wac-main: Netlink event 16 Interface Index 7 
04-09 10:33:52.473  2962  2973 E wac-main: Enter poll and wait
04-09 10:33:52.473  2711  2723 I yani_server: NetLink Event '-1' Interface-Index '5' WLAN '0' Ethernet '-1' Parsed-iFill '-1' -> 'INVALID' ifIndex '1' -> 'lo'
04-09 10:33:52.487  2711  2723 I chatty  : uid=0(root) YaniServer identical 4 lines
04-09 10:33:52.487  2711  2723 I yani_server: NetLink Event '-1' Interface-Index '5' WLAN '0' Ethernet '-1' Parsed-iFill '-1' -> 'INVALID' ifIndex '1' -> 'lo'
04-09 10:33:52.488  2711  2723 I yani_kernel: yani_geteventfrom_changeaddr() Message-Id '1' Netlink event '16' Interface Index '5' -> Name 'wlan0' 
04-09 10:33:52.489  2711  2723 I yani_kernel: yani_geteventfrom_changeaddr() Message-Id '1' Netlink event '16' Interface Index '5' -> Name 'wlan0' 
04-09 10:33:52.490  2711  2723 I yani_kernel: yani_geteventfrom_changeaddr() Message-Id '1' Netlink event '16' Interface Index '7' -> Name 'p2p1' 
04-09 10:33:52.521  2962  2981 E WACSERVER: Platform Software Access Point started
04-09 10:33:52.521  2962  2981 E WACSERVER: HTTPServer started
04-09 10:33:52.528  2962  2981 E WACBONJOUR: Lyric Speaker Box 21f384@_mfi-config._tcp:5000 registered successfully
04-09 10:33:52.528  2962  2981 E WACSERVER: Bonjour service registered with seed: 1
04-09 10:33:52.528  2962  2981 E wac-main: WACCallback() message 1 -> 'Ready'
04-09 10:33:52.528  2712  2719 I lucitransport: writeRemoteMessage() MID = 143 buffer = 1
04-09 10:33:52.528  2712  2719 I luciUART: write() MID = 143  bytes = 11 data = 1 m_fd = 0x5
04-09 10:33:52.529  2712  2719 I lucitransport: writeLocalMessage() MID = 143 buffer = 1
04-09 10:33:52.529  2712  2721 E LUCI_SERVER: Luci Server Thread wait over MID 143....
04-09 10:33:52.529  2712  2721 E LUCI_SERVER: Luci Server Thread waiting for packets....
04-09 10:33:52.554  3056  3056 I dnsmasq : started, version 2.51 DNS disabled
04-09 10:33:52.554  3056  3056 I dnsmasq : compile time options: no-IPv6 GNU-getopt no-DBus no-I18N DHCP no-scripts no-TFTP
04-09 10:33:52.554  3056  3056 I dnsmasq : DHCP, IP range 192.168.2.10 -- 192.168.2.20, lease time 12h
04-09 10:33:52.812  2966  2997 E SPOTIFY : TLS Cert Add response = 0  iErr = 0 
04-09 10:33:52.813  2966  2997 E SPOTIFY : Spotify init config 
04-09 10:33:52.813  2966  2997 E SPOTIFY : Spotify single Sp client key 
04-09 10:33:52.814  2966  2997 E SPOTIFY : SpotifyClentId = a6f3d52313b843f8a78af56829cf1726 
04-09 10:33:52.815  2966  2997 E SPOTIFY : wifiMacID = cc:90:93:21:f3:84 
04-09 10:33:52.815  2966  2997 E SPOTIFY : sMACAddr = cc909321f384
04-09 10:33:52.815  2966  2997 E SPOTIFY : wifiMacID  = cc909321f384
04-09 10:33:52.816  2966  2997 E SPOTIFY : FriendlyName = Lyric Speaker Box 21f384 
04-09 10:33:52.816  2966  2997 E SPOTIFY : Spotify FriendlyName = Lyric Speaker Box 21f384
04-09 10:33:52.816  2966  2997 E SPOTIFY : Spotify Device Name = Lyric Speaker Box 21f384
04-09 10:33:52.818  2966  2997 E SPOTIFY : Model name read success 
04-09 10:33:52.818  2966  2997 E SPOTIFY : Spotify Model Truncated = LSB
04-09 10:33:52.819  2968  2982 E LibreConnect: Version eng.C4A.1203
04-09 10:33:52.819  2968  2982 E LibreConnect: Fwdata with only LIBRE Version  eng.C4A.1203
04-09 10:33:52.820  2966  2997 E SPOTIFY : Manufacturer name read success 
04-09 10:33:52.820  2966  2997 E SPOTIFY : Spotify Manufacturer = COTODAMA
04-09 10:33:52.822  2966  2997 E SPOTIFY : iProductID = 1 
04-09 10:33:52.823  2966  2997 E SPOTIFY : config.display_name = Lyric Speaker Box 21f384 
04-09 10:33:52.823  2966  2997 E SPOTIFY : config.brand_name = COTODAMA 
04-09 10:33:52.823  2966  2997 E SPOTIFY : config.model_display_name = LSB 
04-09 10:33:52.823  2966  2997 E SPOTIFY : config.brand_display_name = COTODAMA 
04-09 10:33:52.823  2966  2997 E SPOTIFY : config.product_id = 1 
04-09 10:33:52.823  2966  2997 E SPOTIFY : config.client_id = a6f3d52313b843f8a78af56829cf1726 
04-09 10:33:52.824  2966  2997 E SPOTIFY : config.unique_id = cc909321f384 
04-09 10:33:52.852  2968  2982 E LibreConnect: ENVitems Writing Failed!!!
04-09 10:33:52.868  2968  2982 E LibreConnect: ENVitems Writing Failed!!!
04-09 10:33:52.881  2966  2997 E SPOTIFY : Spotify startSpotifyLogin 
04-09 10:33:52.883  2966  2997 E SPOTIFY : Spotify Username = 0
04-09 10:33:52.883  2966  2997 E SPOTIFY : Spotify first start 
04-09 10:33:52.883  2966  3061 E SPOTIFY : audio_thread_main : wait for  isActiveSource and isPlayingSource
04-09 10:33:52.884  2966  2997 E SPOTIFY : Spotify application main while loop 
04-09 10:33:52.896  2966  3062 E SPOTIFY : Timer Sem Wait Start
04-09 10:33:52.901  3009  3009 I sh      : Info: PostInstall(): Verified: 905cfaa824f1c8aef643b8b1bfe806b03078dd84 assets/cast_shell.pak
04-09 10:33:52.933  3009  3009 I sh      : Info: PostInstall(): Verified: 4d8dc2d84f68d888210fc81e4165c2826addefba cast_cli
04-09 10:33:53.102  2730  2730 I ServiceManager: Waiting for service media.player...
04-09 10:33:54.103  2730  2730 I chatty  : uid=0(root) UIframework identical 1 line
04-09 10:33:54.104  2732  2747 E CommandListener: Message not handled: unrecognized interface p2p1
04-09 10:33:54.104  2732  2747 W FrameworkListener: Handler 'Iface' error (Success)
04-09 10:33:55.103  2730  2730 I ServiceManager: Waiting for service media.player...
04-09 10:33:56.126  2691  2691 I sh      : mkdir failed for /lsync/images, File exists
04-09 10:33:56.127  2730  2730 E USBbrowser: USBBrowser UIcount cne read err...
04-09 10:33:56.127  2730  2730 E USBbrowser: USB Browser m_displaySize = 150 
04-09 10:33:56.129  2730  2730 I AirableBrowser: AirableBrowser Contructor
04-09 10:33:56.131  2730  2730 E AirableBrowser:  Airable ENV_AirableBaseURL_ID Envitem returned failed!!!
04-09 10:33:56.133  2730  2730 E AirableBrowser:  Airable ENV_AirableSecret_ID Envitem returned failed!!!
04-09 10:33:56.133  2730  2730 E AirableBrowser: Airable Base URL = 
04-09 10:33:56.133  2730  2730 E AirableBrowser: Secret =  
04-09 10:33:56.133  2730  2730 E AirableBrowser: AirableBrowser UIcount env read err...
04-09 10:33:56.133  2730  2730 E AirableBrowser:  Airable ENV_SoundQuality_ID Envitem returned failed!!!
04-09 10:33:56.133  2730  2730 I BrowseModeControl: BrowseModeControl::switchBrowser browser - BROWSER_HOME 
04-09 10:33:56.133  2730  2730 E DefaultBrowser: m_ItemsCount = 7 
04-09 10:33:56.133  2730  2730 I DefaultBrowser: DefaultBrowser::updateViewData ++
04-09 10:33:56.133  2730  2730 E DefaultBrowser: Item No = 0 Name -  MEDIA SERVERS 
04-09 10:33:56.133  2730  2730 E DefaultBrowser: Item No = 1 Name -  VTUNER 
04-09 10:33:56.133  2730  2730 E DefaultBrowser: Item No = 2 Name -  USB 
04-09 10:33:56.134  2730  2730 E PlayListManager: playlistManager const 
04-09 10:33:56.135  2730  2730 E PlayListManager: Envitem returned failed!!!
04-09 10:33:56.156  2691  2691 I sh      : mkdir failed for /media/sdb/.Libre, No such file or directory
04-09 10:33:56.162  2730  2730 E PlayListManager: a<--ENV DEBUG : dev_current: 0 fd : 6  PLAYLIST_SECT_SIZE : 0x10000,DEVOFFSET (dev_current) : 0x0, mtdinfo.type : 4
04-09 10:33:56.162  2730  2730 E PlayListManager: a<-- ONETOUCH sect read completed : UBI#
04-09 10:33:56.162  2730  2730 E PlayListManager: a<--No vaild ONETOUCH sect found
04-09 10:33:56.163  2730  2730 E PlayListManager: ENV Update : erase.start : 0 erase.length : 65536
04-09 10:33:56.163  2730  2730 E PlayListManager: ENV Flash : MEMUNLOCK : -1
04-09 10:33:56.163  2691  2691 I sh      : Write error on /dev/mtd/mtd6: Invalid argument
04-09 10:33:56.163  2730  2730 E PlayListManager: ENV Flash erase failed 
04-09 10:33:56.163  2730  2730 E PlayListManager: a<---Writing tunein part environment at 0x0 buffsize 8,buffeaddrr=FF98A600
04-09 10:33:56.163  2730  2730 E PlayListManager: a<--blockstart=367de200,block_seek=0
04-09 10:33:56.164  2691  2691 I sh      : Write error on /dev/mtd/mtd6: Invalid argument
04-09 10:33:56.164  2730  2730 E PlayListManager: a<--plistHeadersize=6
04-09 10:33:56.164  2730  2730 E PlayListManager: a<--plistSt->validity=0x0
04-09 10:33:56.164  2730  2730 I chatty  : uid=0(root) UIframework identical 2 lines
04-09 10:33:56.164  2730  2730 E PlayListManager: a<--plistSt->validity=0x0
04-09 10:33:56.164  2730  2730 E PlayListManager: a<--plistSt->validity=0xFF
04-09 10:33:56.164  2730  2730 E PlayListManager: a<--FRee Loc detected=0x4CB7
04-09 10:33:56.164  2730  2730 E PlayListManager: a<--importToFlash curValidLocOffset=0,nxtFreeLocOffset=4CB7
04-09 10:33:56.166  2730  2730 I UIModeManager: Before ChangeModeControl CurrentMode - INVALID MODE (Something Extremely Wrong)!! NewMode - BrowseMode object - (nil)
04-09 10:33:56.166  2730  2730 I UIModeManager: After ChangeModeControl CurrentMode - BrowseMode NewMode - BrowseMode object - 0xacc19830
04-09 10:33:56.166  2730  2730 I BrowseModeControl: BrowseModeControl::activate() 
04-09 10:33:56.166  2730  2730 E ViewCtrl: switchView PreventUIUpdate - FALSE CurrentView - PlayView NewView - BrowseView
04-09 10:33:56.166  2730  2730 E ViewCtrl: Draw View CurrentView - BrowseView NewView - BrowseView
04-09 10:33:56.176  2730  2730 E BrowseView: Name = MEDIA SERVERS 
04-09 10:33:56.176  2730  2730 E BrowseView: Name = VTUNER 
04-09 10:33:56.176  2730  2730 E BrowseView: Name = USB 
04-09 10:33:56.176  2730  2730 E BrowseView: Name = SDCARD 
04-09 10:33:56.176  2730  2730 E BrowseView: Name = TIDAL 
04-09 10:33:56.176  2730  2730 E BrowseView: Name = AIRABLE 
04-09 10:33:56.177  2730  2730 E BrowseView: Name = FAVORITES 
04-09 10:33:56.180  2730  2730 E BrowseView: DrawView() json size - 539 data - {"CMD ID":1,"Title":"BrowseView","Window CONTENTS":{"Browser":"HOME","CurrentPath":"","Index":0,"Item Count":7,"ItemList":[{"Fav":0,"Item ID":0,"ItemType":"Folder","Name":"MEDIA SERVERS"},{"Fav":0,"Item ID":1,"ItemType":"Folder","Name":"VTUNER"},{"Fav":0,"Item ID":2,"ItemType":"Folder","Name":"USB"},{"Fav":0,"Item ID":3,"ItemType":"Folder","Name":"SDCARD"},{"Fav":0,"Item ID":4,"ItemType":"Folder","Name":"TIDAL"},{"Fav":0,"Item ID":5,"ItemType":"Folder","Name":"AIRABLE"},{"Fav":0,"Item ID":6,"ItemType":"Folder","Name":"FAVORITES"}]}}
04-09 10:33:56.180  2730  2730 E BrowseView:  
04-09 10:33:56.180  2712  2719 I lucitransport: writeRemoteMessage() MID = 42 buffer = {"CMD ID":1,"Title":"BrowseView","Window CONTENTS":{"Browser":"HOME","CurrentPath":"","Index":0,"Item Count":7,"ItemList":[{"Fav":0,"Item ID":0,"ItemType":"Folder","Name":"MEDIA SERVERS"},{"Fav":0,"Item ID":1,"ItemType":"Folder","Name":"VTUNER"},{"Fav":0,"Item ID":2,"ItemType":"Folder","Name":"USB"},{"Fav":0,"Item ID":3,"ItemType":"Folder","Name":"SDCARD"},{"Fav":0,"Item ID":4,"ItemType":"Folder","Name":"TIDAL"},{"Fav":0,"Item ID":5,"ItemType":"Folder","Name":"AIRABLE"},{"Fav":0,"Item ID":6,"ItemType":"Folder","Name":"FAVORITES"}]}}
04-09 10:33:56.180  2712  2719 I luciUART: write() MID = 42  bytes = 549 data = {"CMD ID":1,"Title":"BrowseView","Window CONTENTS":{"Browser":"HOME","CurrentPath":"","Index":0,"Item Count":7,"ItemList":[{"Fav":0,"Item ID":0,"ItemType":"Folder","Name":"MEDIA SERVERS"},{"Fav":0,"Item ID":1,"ItemType":"Folder","Name":"VTUNER"},{"Fav":0,"Item ID":2,"ItemType":"Folder","Name":"USB"},{"Fav":0,"Item ID":3,"ItemType":"Folder","Name":"SDCARD"},{"Fav":0,"Item ID":4,"ItemType":"Folder","Name":"TIDAL"},{"Fav":0,"Item ID":5,"ItemType":"Folder","Name":"AIRABLE"},{"Fav":0,"Item ID":6,"ItemType":"Folder","Name":"FAVORITES"}]}}
04-09 10:33:56.180  2712  2719 I luciUART:  m_fd = 0x5
04-09 10:33:56.181  2730  2730 E UIModeManager: UIModeManager Constructor --
04-09 10:33:56.181  2730  2730 I UIFRAMEWORK: UIModeManager created 
04-09 10:33:56.548  2712  2720 E luciUART: UART:aa
04-09 10:33:56.548  2712  2720 E luciUART: UART:aa
04-09 10:33:56.548  2712  2720 E luciUART: UART:1
04-09 10:33:56.548  2712  2720 E luciUART: UART:0
04-09 10:33:56.548  2712  2720 E luciUART: UART:7c
04-09 10:33:56.548  2712  2720 E luciUART: UART:0
04-09 10:33:56.549  2712  2720 I chatty  : uid=0(root) UARTLUCIControl identical 3 lines
04-09 10:33:56.549  2712  2720 E luciUART: UART:0
04-09 10:33:56.549  2712  2720 I luciUART: read() RemoteID = 43690 Command = 124 Type = 1 Status = 0 DataLen = 0
04-09 10:33:56.549  2712  2721 E LUCI_SERVER: Luci Server Thread wait over MID 124....
04-09 10:33:56.549  2712  2721 I luciUART: write() MID = 124  bytes = 27 data = 0#1,0#2,0#3,0#4,0 m_fd = 0x5
04-09 10:33:56.549  2712  2721 E LUCI_SERVER: Luci Server Thread waiting for packets....
04-09 10:33:56.549  2712  2720 E luciUART: UART:aa
04-09 10:33:56.549  2712  2720 E luciUART: UART:aa
04-09 10:33:56.549  2712  2720 E luciUART: UART:2
04-09 10:33:56.549  2712  2720 E luciUART: UART:0
04-09 10:33:56.549  2712  2720 E luciUART: UART:d0
04-09 10:33:56.549  2712  2720 E luciUART: UART:0
04-09 10:33:56.550  2712  2720 I chatty  : uid=0(root) UARTLUCIControl identical 2 lines
04-09 10:33:56.550  2712  2720 E luciUART: UART:0
04-09 10:33:56.550  2712  2720 E luciUART: UART:f
04-09 10:33:56.550  2712  2720 I luciUART: read() RemoteID = 43690 Command = 208 Type = 2 Status = 0 DataLen = 15
04-09 10:33:56.550  2712  2720 E luciUART: Error: full data not available yet! readBytes 0
04-09 10:33:56.550  2712  2720 I luciUART: Previous Packet read contd., 
04-09 10:33:56.550  2712  2720 E luciUART: UART:52
04-09 10:33:56.550  2712  2720 I luciUART: Previous Packet read contd., 
04-09 10:33:56.550  2712  2720 E luciUART: UART:45
04-09 10:33:56.550  2712  2720 I luciUART: Previous Packet read contd., 
04-09 10:33:56.550  2712  2720 E luciUART: UART:41
04-09 10:33:56.550  2712  2720 I luciUART: Previous Packet read contd., 
04-09 10:33:56.550  2712  2720 E luciUART: UART:44
04-09 10:33:56.550  2712  2720 I luciUART: Previous Packet read contd., 
04-09 10:33:56.550  2712  2720 E luciUART: UART:5f
04-09 10:33:56.550  2712  2720 I luciUART: Previous Packet read contd., 
04-09 10:33:56.550  2712  2720 E luciUART: UART:4d
04-09 10:33:56.550  2712  2720 I luciUART: Previous Packet read contd., 
04-09 10:33:56.550  2712  2720 E luciUART: UART:43
04-09 10:33:56.550  2712  2720 I luciUART: Previous Packet read contd., 
04-09 10:33:56.550  2712  2720 E luciUART: UART:55
04-09 10:33:56.550  2712  2720 I luciUART: Previous Packet read contd., 
04-09 10:33:56.550  2712  2720 E luciUART: UART:56
04-09 10:33:56.550  2712  2720 I luciUART: Previous Packet read contd., 
04-09 10:33:56.551  2712  2720 E luciUART: UART:65
04-09 10:33:56.551  2712  2720 I luciUART: Previous Packet read contd., 
04-09 10:33:56.551  2712  2720 E luciUART: UART:72
04-09 10:33:56.551  2712  2720 I luciUART: Previous Packet read contd., 
04-09 10:33:56.551  2712  2720 E luciUART: UART:73
04-09 10:33:56.551  2712  2720 I luciUART: Previous Packet read contd., 
04-09 10:33:56.551  2712  2720 E luciUART: UART:69
04-09 10:33:56.551  2712  2720 I luciUART: Previous Packet read contd., 
04-09 10:33:56.551  2712  2720 E luciUART: UART:6f
04-09 10:33:56.551  2712  2720 I luciUART: Previous Packet read contd., 
04-09 10:33:56.551  2712  2720 E luciUART: UART:6e
04-09 10:33:56.551  2712  2720 E luciUART: UART:aa
04-09 10:33:56.551  2712  2721 E LUCI_SERVER: Luci Server Thread wait over MID 208....
04-09 10:33:56.551  2712  2721 E LUCI_SERVER: Got NV name : MCUVersion
04-09 10:33:56.551  2712  2720 E luciUART: UART:aa
04-09 10:33:56.552  2712  2720 E luciUART: UART:2
04-09 10:33:56.552  2712  2720 E luciUART: UART:0
04-09 10:33:56.552  2712  2720 E luciUART: UART:5b
04-09 10:33:56.552  2712  2720 E luciUART: UART:0
04-09 10:33:56.552  2712  2720 E luciUART: UART:0
04-09 10:33:56.556  2729  2742 E MB_HANDLER: ENV READ FAILED
04-09 10:33:56.556  2712  2720 E luciUART: UART:0
04-09 10:33:56.556  2712  2720 I chatty  : uid=0(root) UARTLUCIControl identical 2 lines
04-09 10:33:56.556  2712  2720 E luciUART: UART:0
04-09 10:33:56.556  2712  2721 E LUCI_SERVER: Luci Server Thread wait over MID 208....
04-09 10:33:56.556  2712  2720 I luciUART: read() RemoteID = 43690 Command = 5 Type = 1 Status = 0 DataLen = 0
04-09 10:33:56.556  2712  2721 E LUCI_SERVER: Got NV name : Country
04-09 10:33:56.556  2712  2720 E luciUART: UART:aa
04-09 10:33:56.556  2712  2720 E luciUART: UART:aa
04-09 10:33:56.556  2712  2720 E luciUART: UART:1
04-09 10:33:56.556  2712  2720 E luciUART: UART:0
04-09 10:33:56.556  2712  2720 E luciUART: UART:97
04-09 10:33:56.556  2712  2720 E luciUART: UART:0
04-09 10:33:56.556  2712  2720 I chatty  : uid=0(root) UARTLUCIControl identical 3 lines
04-09 10:33:56.556  2712  2720 E luciUART: UART:0
04-09 10:33:56.556  2712  2720 I luciUART: read() RemoteID = 43690 Command = 151 Type = 1 Status = 0 DataLen = 0
04-09 10:33:56.557  2729  2742 E MB_HANDLER: MacAddress :CC:90:93:21:F3:84
04-09 10:33:56.557  2712  2719 I lucitransport: writeRemoteMessage() MID = 91 buffer = CC:90:93:21:F3:84
04-09 10:33:56.558  2712  2719 I luciUART: write() MID = 91  bytes = 27 data = CC:90:93:21:F3:84 m_fd = 0x5
04-09 10:33:56.558  2729  2742 E MB_HANDLER: Message Handler Thread waiting for messages....
04-09 10:33:56.559  2712  2721 I luciUART: write() MID = 208  bytes = 20 data = Country:US m_fd = 0x5
04-09 10:33:56.559  2712  2721 E LUCI_SERVER: NV_READ response= Country:US
04-09 10:33:56.559  2712  2721 E LUCI_SERVER: Luci Server Thread wait over MID 5....
04-09 10:33:56.559  2712  2721 I luciUART: write() MID = 5  bytes = 22 data = eng.C4A.1203 m_fd = 0x5
04-09 10:33:56.559  2712  2721 E LUCI_SERVER: Luci Server Thread wait over MID 151....
04-09 10:33:56.559  2712  2721 E WLANP2PIF: ioctl failed
04-09 10:33:56.559  2712  2721 E LUCI_SERVER: ** RSSI  = 255
04-09 10:33:56.560  2712  2721 I luciUART: write() MID = 151  bytes = 10 data =  m_fd = 0x5
04-09 10:33:56.560  2712  2721 E LUCI_SERVER: Luci Server Thread waiting for packets....
04-09 10:33:56.573  2712  2720 E luciUART: UART:aa
04-09 10:33:56.573  2712  2720 E luciUART: UART:aa
04-09 10:33:56.573  2712  2720 E luciUART: UART:2
04-09 10:33:56.573  2712  2720 E luciUART: UART:0
04-09 10:33:56.573  2712  2720 E luciUART: UART:d0
04-09 10:33:56.574  2712  2720 E luciUART: UART:0
04-09 10:33:56.574  2712  2720 I chatty  : uid=0(root) UARTLUCIControl identical 2 lines
04-09 10:33:56.574  2712  2720 E luciUART: UART:0
04-09 10:33:56.574  2712  2720 E luciUART: UART:9
04-09 10:33:56.574  2712  2720 I luciUART: read() RemoteID = 43690 Command = 208 Type = 2 Status = 0 DataLen = 9
04-09 10:33:56.574  2712  2720 E luciUART: Error: full data not available yet! readBytes 0
04-09 10:33:56.574  2712  2720 I luciUART: Previous Packet read contd., 
04-09 10:33:56.574  2712  2720 E luciUART: UART:52
04-09 10:33:56.574  2712  2720 I luciUART: Previous Packet read contd., 
04-09 10:33:56.574  2712  2720 E luciUART: UART:45
04-09 10:33:56.574  2712  2720 I luciUART: Previous Packet read contd., 
04-09 10:33:56.574  2712  2720 E luciUART: UART:41
04-09 10:33:56.574  2712  2720 I luciUART: Previous Packet read contd., 
04-09 10:33:56.574  2712  2720 E luciUART: UART:44
04-09 10:33:56.574  2712  2720 I luciUART: Previous Packet read contd., 
04-09 10:33:56.574  2712  2720 E luciUART: UART:5f
04-09 10:33:56.574  2712  2720 I luciUART: Previous Packet read contd., 
04-09 10:33:56.574  2712  2720 E luciUART: UART:73
04-09 10:33:56.574  2712  2720 I luciUART: Previous Packet read contd., 
04-09 10:33:56.574  2712  2720 E luciUART: UART:73
04-09 10:33:56.575  2712  2720 I luciUART: Previous Packet read contd., 
04-09 10:33:56.575  2712  2720 E luciUART: UART:69
04-09 10:33:56.575  2712  2720 I luciUART: Previous Packet read contd., 
04-09 10:33:56.575  2712  2720 E luciUART: UART:64
04-09 10:33:56.575  2712  2721 E LUCI_SERVER: Luci Server Thread wait over MID 208....
04-09 10:33:56.575  2712  2721 E LUCI_SERVER: Got NV name : ssid
04-09 10:33:56.575  2712  2720 E luciUART: UART:aa
04-09 10:33:56.575  2712  2720 E luciUART: UART:aa
04-09 10:33:56.576  2712  2721 I luciUART: write() MID = 208  bytes = 15 data = ssid: m_fd = 0x5
04-09 10:33:56.576  2712  2721 E LUCI_SERVER: NV_READ response= ssid:
04-09 10:33:56.576  2712  2721 E LUCI_SERVER: Luci Server Thread waiting for packets....
04-09 10:33:56.576  2712  2720 E luciUART: UART:2
04-09 10:33:56.577  2712  2720 E luciUART: UART:0
04-09 10:33:56.577  2712  2720 E luciUART: UART:d0
04-09 10:33:56.577  2712  2720 E luciUART: UART:0
04-09 10:33:56.577  2712  2720 I chatty  : uid=0(root) UARTLUCIControl identical 2 lines
04-09 10:33:56.577  2712  2720 E luciUART: UART:0
04-09 10:33:56.577  2712  2720 I luciUART: read() RemoteID = 43690 Command = 208 Type = 2 Status = 0 DataLen = 19
04-09 10:33:56.577  2712  2720 E luciUART: Error: full data not available yet! readBytes 0
04-09 10:33:56.577  2712  2720 I luciUART: Previous Packet read contd., 
04-09 10:33:56.577  2712  2720 E luciUART: UART:52
04-09 10:33:56.577  2712  2720 E luciUART: UART:45
04-09 10:33:56.577  2712  2720 I luciUART: Previous Packet read contd., 
04-09 10:33:56.577  2712  2720 E luciUART: UART:41
04-09 10:33:56.577  2712  2720 I luciUART: Previous Packet read contd., 
04-09 10:33:56.577  2712  2720 E luciUART: UART:44
04-09 10:33:56.577  2712  2720 I luciUART: Previous Packet read contd., 
04-09 10:33:56.577  2712  2720 E luciUART: UART:5f
04-09 10:33:56.577  2712  2720 I luciUART: Previous Packet read contd., 
04-09 10:33:56.577  2712  2720 E luciUART: UART:66
04-09 10:33:56.577  2712  2720 E luciUART: UART:77
04-09 10:33:56.577  2712  2720 I luciUART: Previous Packet read contd., 
04-09 10:33:56.577  2712  2720 E luciUART: UART:64
04-09 10:33:56.577  2712  2720 I luciUART: Previous Packet read contd., 
04-09 10:33:56.577  2712  2720 E luciUART: UART:6f
04-09 10:33:56.577  2712  2720 I luciUART: Previous Packet read contd., 
04-09 10:33:56.577  2712  2720 I luciUART: Previous Packet read contd., 
04-09 10:33:56.577  2712  2720 E luciUART: UART:6e
04-09 10:33:56.577  2712  2720 I luciUART: Previous Packet read contd., 
04-09 10:33:56.577  2712  2720 E luciUART: UART:6c
04-09 10:33:56.577  2712  2720 I luciUART: Previous Packet read contd., 
04-09 10:33:56.577  2712  2720 E luciUART: UART:6f
04-09 10:33:56.577  2712  2720 I luciUART: Previous Packet read contd., 
04-09 10:33:56.577  2712  2720 E luciUART: UART:61
04-09 10:33:56.577  2712  2720 E luciUART: UART:64
04-09 10:33:56.577  2712  2720 I luciUART: Previous Packet read contd., 
04-09 10:33:56.577  2712  2720 E luciUART: UART:5f
04-09 10:33:56.577  2712  2720 E luciUART: UART:6d
04-09 10:33:56.577  2712  2720 I luciUART: Previous Packet read contd., 
04-09 10:33:56.577  2712  2721 E LUCI_SERVER: Luci Server Thread wait over MID 208....
04-09 10:33:56.577  2712  2721 E LUCI_SERVER: Got NV name : fwdownload_xml
04-09 10:33:56.579  2712  2721 I luciUART: write() MID = 208  bytes = 67 data = fwdownload_xml:https://openotaengine.libreiotcloud.com/v1 m_fd = 0x5
04-09 10:33:56.579  2712  2721 E LUCI_SERVER: NV_READ response= fwdownload_xml:https://openotaengine.libreiotcloud.com/v1
04-09 10:33:56.579  2712  2721 E LUCI_SERVER: Luci Server Thread waiting for packets....
04-09 10:33:57.024  3009  3009 I sh      : Info: PostInstall(): Verified: e821ba590efe93be93563422343dddc517f7dcef cast_shell
04-09 10:33:57.025  3009  3009 I sh      : Info: PostInstall(): Verified: dbd7236e1d919ddf44e169d15eedaad2c6a9c560 chrome-sandbox
04-09 10:33:57.028  3009  3009 I sh      : Info: PostInstall(): Verified: 1d429151b1209001eed83ece10a95c768b4cdffe chromecast_locales/am.pak
04-09 10:33:57.031  3009  3009 I sh      : Info: PostInstall(): Verified: 5c90a221ad4f9f58d88b412c1c9de9f20308dd1c chromecast_locales/am.pak.info
04-09 10:33:57.034  3009  3009 I sh      : Info: PostInstall(): Verified: 6d2dd4dfd7e825228dd054cd2db0f001bb19abda chromecast_locales/ar.pak
04-09 10:33:57.035  3009  3009 I sh      : Info: PostInstall(): Verified: 5c90a221ad4f9f58d88b412c1c9de9f20308dd1c chromecast_locales/ar.pak.info
04-09 10:33:57.038  3009  3009 I sh      : Info: PostInstall(): Verified: bdbce9d107f07381a8609c003fc2c3f20ead014a chromecast_locales/bg.pak
04-09 10:33:57.040  3009  3009 I sh      : Info: PostInstall(): Verified: 5c90a221ad4f9f58d88b412c1c9de9f20308dd1c chromecast_locales/bg.pak.info
04-09 10:33:57.043  3009  3009 I sh      : Info: PostInstall(): Verified: 23257302b687b276523234a9f0996762a2e03e37 chromecast_locales/bn.pak
04-09 10:33:57.045  3009  3009 I sh      : Info: PostInstall(): Verified: 5c90a221ad4f9f58d88b412c1c9de9f20308dd1c chromecast_locales/bn.pak.info
04-09 10:33:57.047  3009  3009 I sh      : Info: PostInstall(): Verified: 2c79f962fd6f235c5931b07327c1451087ccd1f0 chromecast_locales/ca.pak
04-09 10:33:57.048  3009  3009 I sh      : Info: PostInstall(): Verified: 5c90a221ad4f9f58d88b412c1c9de9f20308dd1c chromecast_locales/ca.pak.info
04-09 10:33:57.050  3009  3009 I sh      : Info: PostInstall(): Verified: 62d807820351d1eadd1e2c8016e22c712aec9a28 chromecast_locales/cs.pak
04-09 10:33:57.052  3009  3009 I sh      : Info: PostInstall(): Verified: 5c90a221ad4f9f58d88b412c1c9de9f20308dd1c chromecast_locales/cs.pak.info
04-09 10:33:57.054  3009  3009 I sh      : Info: PostInstall(): Verified: 7e9e74e07c81013c1324756250d0417131241b9b chromecast_locales/da.pak
04-09 10:33:57.056  3009  3009 I sh      : Info: PostInstall(): Verified: 5c90a221ad4f9f58d88b412c1c9de9f20308dd1c chromecast_locales/da.pak.info
04-09 10:33:57.057  3009  3009 I sh      : Info: PostInstall(): Verified: 429325494ae57853dcc33db4105f432edf7dcd55 chromecast_locales/de.pak
04-09 10:33:57.058  3009  3009 I sh      : Info: PostInstall(): Verified: 5c90a221ad4f9f58d88b412c1c9de9f20308dd1c chromecast_locales/de.pak.info
04-09 10:33:57.061  3009  3009 I sh      : Info: PostInstall(): Verified: 8c577874ec2e1532c473233de76ea09cc19b5c84 chromecast_locales/el.pak
04-09 10:33:57.063  3009  3009 I sh      : Info: PostInstall(): Verified: 5c90a221ad4f9f58d88b412c1c9de9f20308dd1c chromecast_locales/el.pak.info
04-09 10:33:57.064  3009  3009 I sh      : Info: PostInstall(): Verified: ba12d503fd87c5b1c0e341857ec8a1bc5e83f8b7 chromecast_locales/en-GB.pak
04-09 10:33:57.065  3009  3009 I sh      : Info: PostInstall(): Verified: 5c90a221ad4f9f58d88b412c1c9de9f20308dd1c chromecast_locales/en-GB.pak.info
04-09 10:33:57.066  3009  3009 I sh      : Info: PostInstall(): Verified: 700d7197595126ed117eb453c0bdc00fd9db2e18 chromecast_locales/en-US.pak
04-09 10:33:57.068  3009  3009 I sh      : Info: PostInstall(): Verified: 5c90a221ad4f9f58d88b412c1c9de9f20308dd1c chromecast_locales/en-US.pak.info
04-09 10:33:57.069  3009  3009 I sh      : Info: PostInstall(): Verified: 809aa5df09dc1c592a70b3509b61568d2c2cc841 chromecast_locales/es-419.pak
04-09 10:33:57.071  3009  3009 I sh      : Info: PostInstall(): Verified: 5c90a221ad4f9f58d88b412c1c9de9f20308dd1c chromecast_locales/es-419.pak.info
04-09 10:33:57.073  3009  3009 I sh      : Info: PostInstall(): Verified: 0ee2c7a9602547946aa26785d4837b86debdfa4b chromecast_locales/es.pak
04-09 10:33:57.074  3009  3009 I sh      : Info: PostInstall(): Verified: 5c90a221ad4f9f58d88b412c1c9de9f20308dd1c chromecast_locales/es.pak.info
04-09 10:33:57.075  3009  3009 I sh      : Info: PostInstall(): Verified: 001933e65f51cd2f33b5ad73a5a4a95238544cbc chromecast_locales/et.pak
04-09 10:33:57.077  3009  3009 I sh      : Info: PostInstall(): Verified: 5c90a221ad4f9f58d88b412c1c9de9f20308dd1c chromecast_locales/et.pak.info
04-09 10:33:57.078  3009  3009 I sh      : Info: PostInstall(): Verified: 348c88cd3303d4b4a648f1a2720fc2380505f190 chromecast_locales/fa.pak
04-09 10:33:57.080  3009  3009 I sh      : Info: PostInstall(): Verified: 5c90a221ad4f9f58d88b412c1c9de9f20308dd1c chromecast_locales/fa.pak.info
04-09 10:33:57.081  3009  3009 I sh      : Info: PostInstall(): Verified: 81360c75e76e7038494058c0a5108c443f552646 chromecast_locales/fi.pak
04-09 10:33:57.083  3009  3009 I sh      : Info: PostInstall(): Verified: 5c90a221ad4f9f58d88b412c1c9de9f20308dd1c chromecast_locales/fi.pak.info
04-09 10:33:57.084  3009  3009 I sh      : Info: PostInstall(): Verified: 03957508253e5766a81dd620988ef6c3ae9e3a7d chromecast_locales/fil.pak
04-09 10:33:57.086  3009  3009 I sh      : Info: PostInstall(): Verified: 5c90a221ad4f9f58d88b412c1c9de9f20308dd1c chromecast_locales/fil.pak.info
04-09 10:33:57.087  3009  3009 I sh      : Info: PostInstall(): Verified: 3756083a6c746d41a2a14c57edc86928162f8de9 chromecast_locales/fr.pak
04-09 10:33:57.089  3009  3009 I sh      : Info: PostInstall(): Verified: 5c90a221ad4f9f58d88b412c1c9de9f20308dd1c chromecast_locales/fr.pak.info
04-09 10:33:57.090  3009  3009 I sh      : Info: PostInstall(): Verified: 9c7d9789e8c4bc3935a8ce8e5a43deb8be76c83d chromecast_locales/gu.pak
04-09 10:33:57.092  3009  3009 I sh      : Info: PostInstall(): Verified: 5c90a221ad4f9f58d88b412c1c9de9f20308dd1c chromecast_locales/gu.pak.info
04-09 10:33:57.094  3009  3009 I sh      : Info: PostInstall(): Verified: 02e057f0a4a4d971618f5f3339ee7c7b9143d82a chromecast_locales/he.pak
04-09 10:33:57.095  3009  3009 I sh      : Info: PostInstall(): Verified: 5c90a221ad4f9f58d88b412c1c9de9f20308dd1c chromecast_locales/he.pak.info
04-09 10:33:57.097  3009  3009 I sh      : Info: PostInstall(): Verified: 2da9cb67a90a9fe721c82943b64e1f5a71647474 chromecast_locales/hi.pak
04-09 10:33:57.098  3009  3009 I sh      : Info: PostInstall(): Verified: 5c90a221ad4f9f58d88b412c1c9de9f20308dd1c chromecast_locales/hi.pak.info
04-09 10:33:57.100  3009  3009 I sh      : Info: PostInstall(): Verified: af9710191e38458ab30e96505ff783400ca74004 chromecast_locales/hr.pak
04-09 10:33:57.101  3009  3009 I sh      : Info: PostInstall(): Verified: 5c90a221ad4f9f58d88b412c1c9de9f20308dd1c chromecast_locales/hr.pak.info
04-09 10:33:57.102  3009  3009 I sh      : Info: PostInstall(): Verified: 807b5cc9f5242e034ca07e7b0dd649de74f481ff chromecast_locales/hu.pak
04-09 10:33:57.104  3009  3009 I sh      : Info: PostInstall(): Verified: 5c90a221ad4f9f58d88b412c1c9de9f20308dd1c chromecast_locales/hu.pak.info
04-09 10:33:57.105  3009  3009 I sh      : Info: PostInstall(): Verified: d2ac31a94263bc83ebcfe23bbfd792d30413676d chromecast_locales/id.pak
04-09 10:33:57.106  3009  3009 I sh      : Info: PostInstall(): Verified: 5c90a221ad4f9f58d88b412c1c9de9f20308dd1c chromecast_locales/id.pak.info
04-09 10:33:57.107  3009  3009 I sh      : Info: PostInstall(): Verified: 29ebeaa7ae37d910c0af59abbff49ba92eb9950c chromecast_locales/it.pak
04-09 10:33:57.109  3009  3009 I sh      : Info: PostInstall(): Verified: 5c90a221ad4f9f58d88b412c1c9de9f20308dd1c chromecast_locales/it.pak.info
04-09 10:33:57.111  3009  3009 I sh      : Info: PostInstall(): Verified: a675d067145e48a816160631bcc74c5e9f7a20cb chromecast_locales/ja.pak
04-09 10:33:57.113  3009  3009 I sh      : Info: PostInstall(): Verified: 5c90a221ad4f9f58d88b412c1c9de9f20308dd1c chromecast_locales/ja.pak.info
04-09 10:33:57.114  3009  3009 I sh      : Info: PostInstall(): Verified: 9f6172b557699a0e7dee341bc491e3c64fca7681 chromecast_locales/kn.pak
04-09 10:33:57.116  3009  3009 I sh      : Info: PostInstall(): Verified: 5c90a221ad4f9f58d88b412c1c9de9f20308dd1c chromecast_locales/kn.pak.info
04-09 10:33:57.117  3009  3009 I sh      : Info: PostInstall(): Verified: 43d635b70dace1118f49a1a6a1246130dbc0f424 chromecast_locales/ko.pak
04-09 10:33:57.118  3009  3009 I sh      : Info: PostInstall(): Verified: 5c90a221ad4f9f58d88b412c1c9de9f20308dd1c chromecast_locales/ko.pak.info
04-09 10:33:57.120  3009  3009 I sh      : Info: PostInstall(): Verified: 2b810f10e6d899febb1347942de9d59793361b8d chromecast_locales/lt.pak
04-09 10:33:57.121  3009  3009 I sh      : Info: PostInstall(): Verified: 5c90a221ad4f9f58d88b412c1c9de9f20308dd1c chromecast_locales/lt.pak.info
04-09 10:33:57.122  3009  3009 I sh      : Info: PostInstall(): Verified: d005a24e64e2fc1c330bd390cf3a9cc7375fd4c3 chromecast_locales/lv.pak
04-09 10:33:57.123  3009  3009 I sh      : Info: PostInstall(): Verified: 5c90a221ad4f9f58d88b412c1c9de9f20308dd1c chromecast_locales/lv.pak.info
04-09 10:33:57.125  3009  3009 I sh      : Info: PostInstall(): Verified: 933c6fcf10c24b7a802099345e3ff9aa9a234bae chromecast_locales/ml.pak
04-09 10:33:57.126  3009  3009 I sh      : Info: PostInstall(): Verified: 5c90a221ad4f9f58d88b412c1c9de9f20308dd1c chromecast_locales/ml.pak.info
04-09 10:33:57.127  3009  3009 I sh      : Info: PostInstall(): Verified: aaa3b9f6457cc055d8b1581d2609380036b5f241 chromecast_locales/mr.pak
04-09 10:33:57.128  3009  3009 I sh      : Info: PostInstall(): Verified: 5c90a221ad4f9f58d88b412c1c9de9f20308dd1c chromecast_locales/mr.pak.info
04-09 10:33:57.129  3009  3009 I sh      : Info: PostInstall(): Verified: 9bae2c78d20c5f4c6194c930c470d7beebf7bb27 chromecast_locales/ms.pak
04-09 10:33:57.131  3009  3009 I sh      : Info: PostInstall(): Verified: 5c90a221ad4f9f58d88b412c1c9de9f20308dd1c chromecast_locales/ms.pak.info
04-09 10:33:57.132  3009  3009 I sh      : Info: PostInstall(): Verified: d75e93bbf3e16645b24e58b9423c90c5ed13f196 chromecast_locales/nb.pak
04-09 10:33:57.133  3009  3009 I sh      : Info: PostInstall(): Verified: 5c90a221ad4f9f58d88b412c1c9de9f20308dd1c chromecast_locales/nb.pak.info
04-09 10:33:57.134  3009  3009 I sh      : Info: PostInstall(): Verified: 04e32db87548cf3d8e105afbd26638832c0b11ab chromecast_locales/nl.pak
04-09 10:33:57.135  3009  3009 I sh      : Info: PostInstall(): Verified: 5c90a221ad4f9f58d88b412c1c9de9f20308dd1c chromecast_locales/nl.pak.info
04-09 10:33:57.137  3009  3009 I sh      : Info: PostInstall(): Verified: 7f04e88bb276537d5e4a774a7619717e08404b13 chromecast_locales/pl.pak
04-09 10:33:57.138  3009  3009 I sh      : Info: PostInstall(): Verified: 5c90a221ad4f9f58d88b412c1c9de9f20308dd1c chromecast_locales/pl.pak.info
04-09 10:33:57.139  3009  3009 I sh      : Info: PostInstall(): Verified: 2c3064f6d100b3dfbb7adeac77531bacfbc132b4 chromecast_locales/pt-BR.pak
04-09 10:33:57.140  3009  3009 I sh      : Info: PostInstall(): Verified: 5c90a221ad4f9f58d88b412c1c9de9f20308dd1c chromecast_locales/pt-BR.pak.info
