04-09 10:33:38.403     0     0 I         : [    1.434313@1] Registered swp emulation handler
04-09 10:33:38.403     0     0 I         : [    1.434349@1] Registered cp15_barrier emulation handler
04-09 10:33:38.403     0     0 I         : [    1.434730@1] Registered setend emulation handler
04-09 10:33:38.403     0     0 I         : [    1.435285@1] disable EAS feature
04-09 10:33:38.403     0     0 I         : [    1.436349@1] registered taskstats version 1
04-09 10:33:38.403     0     0 W         : [    1.445979@1] dwc3 ff500000.dwc3: Configuration mismatch. dr_mode forced to host
04-09 10:33:38.403     0     0 I         : [    1.950650@1] xhci-hcd xhci-hcd.0.auto: xHCI Host Controller
04-09 10:33:38.403     0     0 I         : [    1.950711@1] xhci-hcd xhci-hcd.0.auto: new USB bus registered, assigned bus number 1
04-09 10:33:38.403     0     0 I         : [    1.952057@1] xhci-hcd xhci-hcd.0.auto: hcc params 0x0220f664 hci version 0x100 quirks 0x02010010
04-09 10:33:38.403     0     0 I         : [    1.952476@1] xhci-hcd xhci-hcd.0.auto: irq 27, io mem 0xff500000
04-09 10:33:38.403     0     0 I         : [    1.953914@2] hub 1-0:1.0: USB hub found
04-09 10:33:38.403     0     0 I         : [    1.953979@2] hub 1-0:1.0: 1 port detected
04-09 10:33:38.403     0     0 I         : [    1.954527@2] xhci-hcd xhci-hcd.0.auto: xHCI Host Controller
04-09 10:33:38.403     0     0 I         : [    1.954737@2] xhci-hcd xhci-hcd.0.auto: new USB bus registered, assigned bus number 2
04-09 10:33:38.403     0     0 I         : [    1.955596@2] usb usb2: We don't know the algorithms for LPM for this host, disabling LPM.
04-09 10:33:38.403     0     0 I         : [    1.957092@0] hub 2-0:1.0: USB hub found
04-09 10:33:38.403     0     0 E         : [    1.957156@0] hub 2-0:1.0: config failed, hub doesn't have any ports! (err -19)
04-09 10:33:38.403     0     0 E         : [    1.957759@0] usb usb2: Unsupported the hub
04-09 10:33:38.403     0     0 I         : [    1.958496@0] aml_vrtc rtc: setting system clock to 2022-04-09 05:03:35 UTC (1649480615)
04-09 10:33:38.403     0     0 D         : [    1.959371@0] dwc_otg ff400000.dwc2_a: dwc_otg_driver_probe(ffffffc01d63cc00)
04-09 10:33:38.403     0     0 W [    1.959418@0] dwc_otg: usb0: type: 2 speed: 0, config: 0, dma: 0, id: 0, phy: ffe09000, ctrl: 0
04-09 10:33:38.403     0     0 D         : [    1.959753@0] dwc_otg ff400000.dwc2_a: base=0xffffff8008a40000
04-09 10:33:38.403     0     0 D         : [    1.959759@0] dwc_otg ff400000.dwc2_a: dwc_otg_device=0xffffffc01c7b4e00
04-09 10:33:38.403     0     0 W [    2.060038@0] dwc_otg: Core Release: 3.10a
04-09 10:33:38.403     0     0 W [    2.060073@0] dwc_otg: Setting default values for core params
04-09 10:33:38.403     0     0 W [    2.060488@0] dwc_otg: curmode: 0, host_only: 0
04-09 10:33:38.403     0     0 D         : [    2.060944@0] dwc_otg ff400000.dwc2_a: DMA config: BURST_DEFAULT
04-09 10:33:38.403     0     0 W [    2.073253@0] dwc_otg: Using Buffer DMA mode
04-09 10:33:38.403     0     0 W [    2.073276@0] dwc_otg: OTG VER PARAM: 1, OTG VER FLAG: 1
04-09 10:33:38.403     0     0 W [    2.073655@0] dwc_otg: Working on port type = SLAVE
04-09 10:33:38.403     0     0 W [    2.074140@0] dwc_otg: Dedicated Tx FIFOs mode
04-09 10:33:38.403     0     0 I [    2.076520@0] input: adc_keypad as /devices/platform/adc_keypad/input/input1
04-09 10:33:38.403     0     0 I         : [    2.078399@0] cpucore_cooling_register, max_cpu_core_num:4
04-09 10:33:38.403     0     0 I [    2.084799@0] gxbb_pm: enter meson_pm_probe!
04-09 10:33:38.403     0     0 I         : [    2.084839@0] no vddio3v3_en pin
04-09 10:33:38.403     0     0 E         : [    2.085003@0] pm-meson aml_pm: Can't get switch_clk81
04-09 10:33:38.403     0     0 I [    2.085526@0] gxbb_pm: meson_pm_probe done
04-09 10:33:38.403     0     0 I         : [    2.086249@0] ALSA device list:
04-09 10:33:38.403     0     0 I [    2.086275@0]   #0: AML-AUGESOUND
04-09 10:33:38.403     0     0 I         : [    2.086788@0] meson_uart ff804000.serial: ttyS3 use xtal(8M) 24000000 change 115200 to 115200
04-09 10:33:38.403     0     0 I         : [    2.092791@0] Freeing unused kernel memory: 6080K
04-09 10:33:38.403     0     0 I [    2.307883@0] ubi0: attaching mtd6
04-09 10:33:38.403     0     0 I [    2.517792@0] ubi0: scanning is finished
04-09 10:33:38.403     0     0 I [    2.521713@2] ubi0: attached mtd6 (name "system", size 100 MiB)
04-09 10:33:38.403     0     0 I [    2.521997@2] ubi0: PEB size: 262144 bytes (256 KiB), LEB size: 253952 bytes
04-09 10:33:38.403     0     0 I [    2.529011@2] ubi0: min./max. I/O unit sizes: 4096/4096, sub-page size 4096
04-09 10:33:38.403     0     0 I [    2.535895@2] ubi0: VID header offset: 4096 (aligned 4096), data offset: 8192
04-09 10:33:38.403     0     0 I [    2.542958@2] ubi0: good PEBs: 400, bad PEBs: 0, corrupted PEBs: 0
04-09 10:33:38.403     0     0 I [    2.549086@2] ubi0: user volume: 1, internal volumes: 1, max. volumes count: 128
04-09 10:33:38.403     0     0 I [    2.556414@2] ubi0: max/mean erase counter: 37/25, WL threshold: 4096, image sequence number: 736763309
04-09 10:33:38.403     0     0 I [    2.565731@2] ubi0: available PEBs: 0, total reserved PEBs: 400, PEBs reserved for bad PEB handling: 40
04-09 10:33:38.403     0     0 I [    2.575058@0] ubi0: background thread "ubi_bgt0d" started, PID 2143
04-09 10:33:38.403     0     0 I         : [    2.580830@3] UBIFS (ubi0:0): background thread "ubifs_bgt0_0" started, PID 2146
04-09 10:33:38.403     0     0 I         : [    2.625502@1] UBIFS (ubi0:0): UBIFS: mounted UBI device 0, volume 0, name "rootfs"
04-09 10:33:38.404     0     0 I         : [    2.627469@1] UBIFS (ubi0:0): LEB size: 253952 bytes (248 KiB), min./max. I/O unit sizes: 4096 bytes/4096 bytes
04-09 10:33:38.404     0     0 I         : [    2.637441@1] UBIFS (ubi0:0): FS size: 87867392 bytes (83 MiB, 346 LEBs), journal size 9404416 bytes (8 MiB, 38 LEBs)
04-09 10:33:38.404     0     0 I         : [    2.647959@1] UBIFS (ubi0:0): reserved for root: 0 bytes (0 KiB)
04-09 10:33:38.404     0     0 I         : [    2.653912@1] UBIFS (ubi0:0): media format: w4/r0 (latest is w4/r0), UUID DC99A6D8-69BA-4DD7-9E44-726260A6E747, small LPT model
04-09 10:33:38.404     0     0 I [    2.899574@0] init: property init
04-09 10:33:38.404     0     0 I [    2.900313@0] init: reading config file
04-09 10:33:38.404     0     0 I [    2.907091@0] init: processing action 0xaab0d808 (boot_start)
04-09 10:33:38.404     0     0 I [    2.914872@0] init: command 'boot_start' r=0
04-09 10:33:38.404     0     0 I [    2.915915@0] init: processing action 0xaab096b0 (early-init)
04-09 10:33:38.404     0     0 I [    2.920637@0] init: starting 'ueventd'
04-09 10:33:38.404     0     0 I [    2.923924@0] init: command 'start' r=0
04-09 10:33:38.404     0     0 I [    2.926777@0] init: command 'loglevel' r=0
04-09 10:33:38.404     0     0 I [    2.931730@0] init: command 'mount' r=0
04-09 10:33:38.404     0     0 I [    2.933496@3] init: starting ueventd
04-09 10:33:38.404     0     0 I [    2.934300@3] init: /sys/ rule /sys/devices/virtual/input/input* enable
04-09 10:33:38.404     0     0 I [    2.934312@3] init: /sys/ rule /sys/devices/virtual/input/input* poll_delay
04-09 10:33:38.404     0     0 I [    2.934322@3] init: /sys/ rule /sys/devices/virtual/usb_composite/* enable
04-09 10:33:38.404     0     0 I [    2.939841@3] init: adding platform device ffd0f0d0.watchdog
04-09 10:33:38.404     0     0 I [    2.940263@3] init: adding platform device reg-dummy
04-09 10:33:38.404     0     0 I [    2.940907@3] init: adding platform device cpu_iomap
04-09 10:33:38.404     0     0 I [    2.941182@3] init: adding platform device 7400000.ramoops
04-09 10:33:38.404     0     0 I [    2.941446@3] init: adding platform device bt-dev
04-09 10:33:38.404     0     0 I [    2.942019@3] init: adding platform device dummy
04-09 10:33:38.404     0     0 I [    2.989343@0] init: command 'mount' r=0
04-09 10:33:38.404     0     0 I [    3.192219@2] ubi1: attaching mtd7
04-09 10:33:38.404     0     0 I [    3.485887@2] ubi1: scanning is finished
04-09 10:33:38.404     0     0 I [    3.490002@0] ubi1: attached mtd7 (name "chrome", size 140 MiB)
04-09 10:33:38.404     0     0 I [    3.490291@0] ubi1: PEB size: 262144 bytes (256 KiB), LEB size: 253952 bytes
04-09 10:33:38.404     0     0 I [    3.497315@0] ubi1: min./max. I/O unit sizes: 4096/4096, sub-page size 4096
04-09 10:33:38.404     0     0 I [    3.504187@0] ubi1: VID header offset: 4096 (aligned 4096), data offset: 8192
04-09 10:33:38.404     0     0 I [    3.511252@0] ubi1: good PEBs: 560, bad PEBs: 0, corrupted PEBs: 0
04-09 10:33:38.404     0     0 I [    3.517380@0] ubi1: user volume: 1, internal volumes: 1, max. volumes count: 128
04-09 10:33:38.404     0     0 I [    3.524708@0] ubi1: max/mean erase counter: 34/25, WL threshold: 4096, image sequence number: 1458511589
04-09 10:33:38.404     0     0 I [    3.534112@0] ubi1: available PEBs: 0, total reserved PEBs: 560, PEBs reserved for bad PEB handling: 40
04-09 10:33:38.404     0     0 I [    3.543438@3] ubi1: background thread "ubi_bgt1d" started, PID 2555
04-09 10:33:38.404     0     0 I         : [    3.557720@1] UBIFS (ubi1:0): background thread "ubifs_bgt1_0" started, PID 2559
04-09 10:33:38.404     0     0 I         : [    3.584093@0] UBIFS (ubi1:0): recovery needed
04-09 10:33:38.404     0     0 I         : [    3.625212@3] UBIFS (ubi1:0): recovery completed
04-09 10:33:38.404     0     0 I         : [    3.625361@3] UBIFS (ubi1:0): UBIFS: mounted UBI device 1, volume 0, name "chrome"
04-09 10:33:38.404     0     0 I         : [    3.631721@3] UBIFS (ubi1:0): LEB size: 253952 bytes (248 KiB), min./max. I/O unit sizes: 4096 bytes/4096 bytes
04-09 10:33:38.404     0     0 I         : [    3.641718@3] UBIFS (ubi1:0): FS size: 128499712 bytes (122 MiB, 506 LEBs), journal size 9404416 bytes (8 MiB, 38 LEBs)
04-09 10:33:38.404     0     0 I         : [    3.652409@3] UBIFS (ubi1:0): reserved for root: 0 bytes (0 KiB)
04-09 10:33:38.404     0     0 I         : [    3.658363@3] UBIFS (ubi1:0): media format: w4/r0 (latest is w4/r0), UUID 3D7B4A1D-6849-462E-B889-C151DCC94211, small LPT model
04-09 10:33:38.404     0     0 I [    3.702007@0] ubi2: attaching mtd8
04-09 10:33:38.404     0     0 I         : [    3.868373@0]  NAND bbt detect factory Bad block at 17a40000
04-09 10:33:38.404     0     0 I         : [    3.879962@0]  NAND bbt detect factory Bad block at 18000000
04-09 10:33:38.404     0     0 I         : [    3.880020@0]  NAND bbt detect factory Bad block at 18040000
04-09 10:33:38.404     0     0 I [    4.153039@0] ubi2: scanning is finished
04-09 10:33:38.404     0     0 I [    4.157812@1] ubi2: attached mtd8 (name "data", size 213 MiB)
04-09 10:33:38.404     0     0 I [    4.157926@1] ubi2: PEB size: 262144 bytes (256 KiB), LEB size: 253952 bytes
04-09 10:33:38.404     0     0 I [    4.164936@1] ubi2: min./max. I/O unit sizes: 4096/4096, sub-page size 4096
04-09 10:33:38.404     0     0 I [    4.171822@1] ubi2: VID header offset: 4096 (aligned 4096), data offset: 8192
04-09 10:33:38.404     0     0 I [    4.178996@1] ubi2: good PEBs: 849, bad PEBs: 3, corrupted PEBs: 0
04-09 10:33:38.404     0     0 I [    4.185016@1] ubi2: user volume: 2, internal volumes: 1, max. volumes count: 128
04-09 10:33:38.404     0     0 I [    4.192344@1] ubi2: max/mean erase counter: 65/45, WL threshold: 4096, image sequence number: 1018457084
04-09 10:33:38.404     0     0 I [    4.201748@1] ubi2: available PEBs: 0, total reserved PEBs: 849, PEBs reserved for bad PEB handling: 37
04-09 10:33:38.404     0     0 I [    4.211149@0] ubi2: background thread "ubi_bgt2d" started, PID 2567
04-09 10:33:38.404     0     0 I         : [    4.225037@1] UBIFS (ubi2:0): background thread "ubifs_bgt2_0" started, PID 2570
04-09 10:33:38.404     0     0 I         : [    4.251667@2] UBIFS (ubi2:0): recovery needed
04-09 10:33:38.404     0     0 I         : [    4.337561@3] UBIFS (ubi2:0): recovery completed
04-09 10:33:38.404     0     0 I         : [    4.337749@3] UBIFS (ubi2:0): UBIFS: mounted UBI device 2, volume 0, name "factory"
04-09 10:33:38.404     0     0 I         : [    4.344169@3] UBIFS (ubi2:0): LEB size: 253952 bytes (248 KiB), min./max. I/O unit sizes: 4096 bytes/4096 bytes
04-09 10:33:38.404     0     0 I         : [    4.354160@3] UBIFS (ubi2:0): FS size: 10158080 bytes (9 MiB, 40 LEBs), journal size 2285569 bytes (2 MiB, 9 LEBs)
04-09 10:33:38.404     0     0 I         : [    4.364421@3] UBIFS (ubi2:0): reserved for root: 0 bytes (0 KiB)
04-09 10:33:38.404     0     0 I         : [    4.370374@3] UBIFS (ubi2:0): media format: w4/r0 (latest is w4/r0), UUID AD7DC8BC-6ACA-4841-8B12-7A54B54F57E7, small LPT model
04-09 10:33:38.404     0     0 I         : [    4.394039@1] UBIFS (ubi2:1): background thread "ubifs_bgt2_1" started, PID 2573
04-09 10:33:38.404     0     0 I         : [    4.419881@0] UBIFS (ubi2:1): recovery needed
04-09 10:33:38.404     0     0 I         : [    4.505596@0] UBIFS (ubi2:1): recovery completed
04-09 10:33:38.404     0     0 I         : [    4.505753@0] UBIFS (ubi2:1): UBIFS: mounted UBI device 2, volume 1, name "data"
04-09 10:33:38.404     0     0 I         : [    4.511938@0] UBIFS (ubi2:1): LEB size: 253952 bytes (248 KiB), min./max. I/O unit sizes: 4096 bytes/4096 bytes
04-09 10:33:38.404     0     0 I         : [    4.521940@0] UBIFS (ubi2:1): FS size: 189956096 bytes (181 MiB, 748 LEBs), journal size 9404416 bytes (8 MiB, 38 LEBs)
04-09 10:33:38.404     0     0 I         : [    4.532624@0] UBIFS (ubi2:1): reserved for root: 0 bytes (0 KiB)
04-09 10:33:38.404     0     0 I         : [    4.538579@0] UBIFS (ubi2:1): media format: w4/r0 (latest is w4/r0), UUID 34A475AE-5814-4337-8EB7-8868427E3B0E, small LPT model
04-09 10:33:38.404     0     0 I         : [    4.777021@0] aml_wifi wifi: [usb_power_control] Set WiFi power down
04-09 10:33:38.404     0     0 I [    4.777746@0] meson-mmc: [sdio_notify] finish
04-09 10:33:38.404     0     0 I         : [    4.782106@0] aml_wifi wifi: [wifi_power_ioctl] ioctl Set sdio wifi power down!
04-09 10:33:38.404     0     0 I         : [    4.791563@2] UBIFS (ubi0:0): background thread "ubifs_bgt0_0" stops
04-09 10:33:39.456  2586  2586 E         : found the match wifi is: sd8887
04-09 10:33:39.457  2586  2586 E         : wifi_insmod command:insmod /lib/modules/4.9.113/kernel/mrvl/mlan8887.ko 
--------- beginning of system
04-09 10:33:39.515  2605  2605 I wpa_supplicant: Successfully initialized wpa_supplicant
04-09 10:33:39.546  2605  2605 E wpa_supplicant: Could not read interface wlan0 flags: No such device
04-09 10:33:39.549  2605  2605 I wpa_supplicant: nl80211: Driver does not support authentication/association or connect commands
04-09 10:33:39.551  2605  2605 I wpa_supplicant: nl80211: deinit ifname=wlan0 disabled_11b_rates=0
04-09 10:33:39.552  2605  2605 E wpa_supplicant: Could not read interface wlan0 flags: No such device
04-09 10:33:39.553  2605  2605 E wpa_supplicant: wlan0: Failed to initialize driver interface
04-09 10:33:39.644  2586  2586 E         : wifi_insmod command:insmod /lib/modules/4.9.113/kernel/mrvl/sd8xxx.ko cal_data_cfg=mrvl/WlanCalData_ext_LS9x_291119.conf txpwrlimit_cfg=mrvl/txpwrlimit_cfg_8887.bin fw_name=mrvl/sd8887_wlan_a2_p59.bin cfg80211_wext=0xf host_mlme=1 auto_ds=2 fw_serial=1 sta_name="wlan" uap_name="p2p" ps_mode=2 max_uap_bss=2 drvdbg=0x7 reg_alpha2="00"
04-09 10:33:40.781  2586  2586 E         : Load BT driver
04-09 10:33:40.782  2586  2586 E         : found the match wifi is: (null)
04-09 10:33:40.782  2586  2586 E         : wifi_insmod command:insmod /lib/modules/4.9.113/kernel/mrvl/bt8xxx.ko fw_name=mrvl/sd8887_bt_a2_p59.bin bt_fw_serial=0
04-09 10:33:40.898  2689  2689 W sshd    : Failed loading /etc/dropbear/dropbear_rsa_host_key
04-09 10:33:40.898  2689  2689 W sshd    : Failed loading /etc/dropbear/dropbear_dss_host_key
04-09 10:33:40.898  2689  2689 W sshd    : Failed loading /etc/dropbear/dropbear_ecdsa_host_key
04-09 10:33:40.903  2689  2689 I sshd    : Not backgrounding
04-09 10:33:40.924  2697  2697 E writeSerialNo: Writing serial number to unifykey
04-09 10:33:40.954  2691  2691 I sh      : FACTEST:unifykey read success:20 20
04-09 10:33:40.954  2691  2691 I sh      : inbuf=de4f95ffa64d5e74b026  ret=20 serial.txt=de4f95ffa64d5e74b026 bytesread=20 strcmp=0
04-09 10:33:40.966  2696  2696 I ServiceManager: Waiting for service libre.EnvItems...
04-09 10:33:41.031  2698  2698 I ENV     : init 
04-09 10:33:41.033  2698  2698 I ENV     :  First boot 
04-09 10:33:41.034  2698  2698 E ENV     : fileExists:153 /lsync/env/env.db does not exist
04-09 10:33:41.046  2698  2698 D AVS_SDK :  [  1] I sdkVersion: 1.19.1
04-09 10:33:41.047  2698  2698 E ENV     :  FAILED to open:/lsync/env/tmp.db 
04-09 10:33:41.049  2698  2698 I ENV     : removeItem:79:/lsync/env/tmp.db not found
04-09 10:33:41.051  2698  2698 E ENV     : /lsync/env/env.db does not Exist.. tempStorage = 0
04-09 10:33:41.051  2698  2698 I ENV     : createUserDBFromFactoryCfg 
04-09 10:33:41.070  2698  2698 I ENV     : Using /factory/custom/factoryEnv.conf as conf file
04-09 10:33:41.070  2698  2698 I ENV     : removeItem:79:/lsync/env/env.db not found
04-09 10:33:41.070  2698  2698 E ENV     : Error removing /lsync/env/env.db
04-09 10:33:41.209  2698  2698 E ENV     : createUserDBFromFactoryCfg:307: tempStorage is undefined
04-09 10:33:41.210  2698  2698 I ENV     : Using /factory/custom/factoryEnv.conf and /lsync/env/env.db as conf and db file
04-09 10:33:41.210  2698  2698 I ENV     : init 
04-09 10:33:41.210  2698  2698 I ENV     :  First boot 
04-09 10:33:41.211  2698  2698 I ENV     : fileExists:151 /lsync/env/env.db exists
04-09 10:33:41.216  2698  2698 I ENV     : Copied /lsync/env/env.db to /lsync/env/tmp.db
04-09 10:33:41.218  2698  2698 E ENV     : /lsync/env/env.db does not Exist.. tempStorage = acd69db0
04-09 10:33:41.218  2698  2698 I ENV     : createUserDBFromFactoryCfg 
04-09 10:33:41.228  2698  2698 I ENV     : Using /factory/custom/factoryEnv.conf as conf file
04-09 10:33:41.229  2698  2698 I ENV     : removeItem:74:/lsync/env/env.db removed
04-09 10:33:41.229  2698  2698 I ENV     : Removed /lsync/env/env.db
04-09 10:33:41.246  2698  2698 E ENV     : createUserDBFromFactoryCfg:301: Failed at tempStorage->get_changed
04-09 10:33:41.624  2698  2698 I chatty  : uid=0(root) env_service identical 64 lines
04-09 10:33:41.630  2698  2698 E ENV     : createUserDBFromFactoryCfg:301: Failed at tempStorage->get_changed
04-09 10:33:41.632  2698  2698 E AVS_SDK :  [  1] E SQLiteStatement:SQLiteStatement::stepFailed::Executing the select did not generate a row or complete.:result=19
04-09 10:33:41.632  2698  2698 E AVS_SDK :  [  1] E SQLiteStatement:SQLiteStatement::finalizeFailed::Could release the prepared statement.:rcode=19
04-09 10:33:41.632  2698  2698 E ENV     : createUserDBFromFactoryCfg:286: Failed at m_miscStorage->put
04-09 10:33:41.638  2698  2698 E ENV     : createUserDBFromFactoryCfg:301: Failed at tempStorage->get_changed
04-09 10:33:41.818  2698  2698 I chatty  : uid=0(root) env_service identical 29 lines
04-09 10:33:41.825  2698  2698 E ENV     : createUserDBFromFactoryCfg:301: Failed at tempStorage->get_changed
04-09 10:33:41.825  2698  2698 I ENV     : Using /factory/custom/factoryEnv.conf and /lsync/env/env.db as conf and db file
04-09 10:33:41.826  2698  2698 I ENV     : fileExists:151 /lsync/env/env_bk.db exists
04-09 10:33:41.827  2698  2698 I ENV     : fileExists:151 /factory/custom/factoryEnv_bk.conf exists
04-09 10:33:41.827  2698  2698 I ENV     : removeItem:74:/lsync/env/tmp.db removed
04-09 10:33:43.949  2710  2710 I wpa_supplicant: Successfully initialized wpa_supplicant
04-09 10:33:43.960  2710  2710 I wpa_supplicant: rfkill: Cannot open RFKILL control device
04-09 10:33:44.004  2713  2713 I main_sourceswitch: ServiceManager: 0xac81bf88
04-09 10:33:44.005  2712  2712 E LUCI_FACTORY: LUCIFactory::registerBuiltinFactories
04-09 10:33:44.007  2713  2713 E luci_helper: LUCIHelper: Waiting for Module Init
04-09 10:33:44.009  2713  2713 E luci_helper: LUCIHelper: Waiting for Module Init
04-09 10:33:44.012  2712  2712 E LUCI_SERVER: IP = 0
04-09 10:33:44.048  2711  2711 E luci_helper: LUCIHelper: Waiting for Module Init
04-09 10:33:44.049  2711  2711 E luci_helper: LUCIHelper: Waiting for Module Init
04-09 10:33:44.051  2711  2711 E yani_server: YaniServer FAILED TO GET LuciHelper
04-09 10:33:44.079  2691  2691 I sh      : Simple mixer control 'Master',0
04-09 10:33:44.080  2691  2691 I sh      :   Capabilities: volume pswitch pswitch-joined
04-09 10:33:44.080  2691  2691 I sh      :   Playback channels: Front Left - Front Right
04-09 10:33:44.080  2691  2691 I sh      :   Capture channels: Front Left - Front Right
04-09 10:33:44.080  2691  2691 I sh      :   Limits: 0 - 100
04-09 10:33:44.091  2710  2710 I wpa_supplicant: MPM: Debug Dialog Token initialized 23968357 (0x16dba65)
04-09 10:33:44.100  2710  2710 I wpa_supplicant: wlan0: CTRL-EVENT-REGDOM-CHANGE init=USER type=COUNTRY alpha2=US
04-09 10:33:44.101  2711  2711 E luci_helper: LUCIHelper: Waiting for Module Init
04-09 10:33:44.101  2711  2711 E yani_server: YaniServer FAILED TO GET LuciHelper
04-09 10:33:44.105  2691  2691 I sh      :   Front Left: 30 [30%] [-10.45dB] Playback [on]
04-09 10:33:44.105  2691  2691 I sh      :   Front Right: 30 [30%] [-10.45dB] Playback [on]
04-09 10:33:44.109  2712  2712 E luciUART: bufff write ? = 1 
04-09 10:33:44.111  2712  2712 E luciUART: tcsetattr succeed
04-09 10:33:44.111  2712  2721 E LUCI_SERVER: Luci Server Thread waiting for packets....
04-09 10:33:44.166  2709  2709 I         : [0408/220344.165315:INFO:cast_auth_check.cc(163)] Cast auth test is successful.
04-09 10:33:44.563  2711  2723 E yani_kernel: Interface status 0
04-09 10:33:44.570  2711  2723 I yani_kernel: set_device_name() Interface 'wlan0' MAC Address 'cc:90:93:21:f3:84' FriendlyName 'Lyric Speaker Box 21f384' status '0'
04-09 10:33:44.571  2711  2723 I yani_server: First boot after Factory reset! Friendly Name modified Lyric Speaker Box  -> Lyric Speaker Box 21f384
04-09 10:33:44.577  2712  2712 I lucitransport: writeRemoteMessage() MID = 90 buffer = Lyric Speaker Box 21f384
04-09 10:33:44.577  2712  2712 I luciUART: write() MID = 90  bytes = 34 data = Lyric Speaker Box 21f384 m_fd = 0x5
04-09 10:33:44.578  2712  2712 I lucitransport: writeLocalMessage() MID = 90 buffer = Lyric Speaker Box 21f384
04-09 10:33:44.578  2712  2721 E LUCI_SERVER: Luci Server Thread wait over MID 90....
04-09 10:33:44.579  2711  2723 E yani_server: Device Supports CastSetup 1
04-09 10:33:44.579  2711  2723 I yani_kernel: yani_init_net() Success Netlink socket fd 6
04-09 10:33:44.583  2711  2723 E WifiHW  : wifi_start_supplicant
04-09 10:33:44.583  2711  2723 E WifiHW  : wifi_start_ctl.start : wpa_supplicant
04-09 10:33:44.609  2712  2721 E LUCI_SERVER: Luci Server Thread waiting for packets....
04-09 10:33:44.784  2711  2723 E WifiHW  : wifi_connect_to_supplicant : wlan0
04-09 10:33:44.784  2711  2723 E WifiHW  : wifi_connect_on_socket_path1 : wlan0
04-09 10:33:44.787  2711  2723 E yani_wifi: enable_disable_net_if() Failed SIOCGIFFLAGS for interface 'wlan1' enable '0'
04-09 10:33:44.791  2711  2723 I yani_wifi: configure_wifi() SSID '' security '' passphrase '********' Country 'US'
04-09 10:33:45.958  2691  2691 I sh      : LSDeviceService: not found
04-09 10:33:46.048  2730  2730 E UIModeManager: UIModeManager Constructor ++
04-09 10:33:46.052  2729  2729 E         :  Start MessageBox Handler 
04-09 10:33:46.064  2732  2732 I NetMgr  : Net_Mgr starting
04-09 10:33:46.066  2730  2730 I AirableUIHelper: AirableUIHelper Contructor 
04-09 10:33:46.067  2730  2730 E AirableUIHelper:  Airable ENV_AirableBaseURL_ID Envitem returned failed!!!
04-09 10:33:46.069  2730  2730 E AirableUIHelper:  Airable ENV_AirableSecret_ID Envitem returned failed!!!
04-09 10:33:46.069  2730  2730 E AirableUIHelper: Airable Secret =  
04-09 10:33:46.075  2729  2742 E MB_HANDLER: HOST present 1
04-09 10:33:46.079  2729  2742 E MB_HANDLER:  REGISTERED YANI LISTENER IN MessageBoxHandler
04-09 10:33:46.079  2732  2732 I HotspotManager: Default WiFi Interface : wlan0
04-09 10:33:46.081  2729  2742 E         : External Host present 1
04-09 10:33:46.081  2729  2742 E MB_HANDLER: REGISTERED ExternalSource IN MessageBoxHandler
04-09 10:33:46.085  2729  2742 E MB_HANDLER: Check Device Support ENV_CastSetup true ENV_GoogleCast_ID true 
04-09 10:33:46.086  2712  2712 I lucitransport: readRemoteMessage() MID char = 43689 buffer = 1
04-09 10:33:46.086  2712  2719 I lucitransport: writeRemoteMessage() MID = 43690 buffer = ªªªªª
04-09 10:33:46.086  2712  2719 I luciUART: write() MID = 43690  bytes = 15 data = ªªªªª m_fd = 0x5
04-09 10:33:46.087  2729  2742 E MB_HANDLER: LUCI UART READY MSG!!
04-09 10:33:46.087  2729  2742 E MB_HANDLER: Set Default Network Status on Bootup 0#1,0#2,0#3,0#4,0!
04-09 10:33:46.087  2712  2719 I lucitransport: writeRemoteMessage() MID = 124 buffer = 0#1,0#2,0#3,0#4,0
04-09 10:33:46.087  2712  2719 I luciUART: write() MID = 124  bytes = 27 data = 0#1,0#2,0#3,0#4,0 m_fd = 0x5
04-09 10:33:46.087  2712  2719 I lucitransport: readRemoteMessage() MID char = 43689 buffer = 1
04-09 10:33:46.088  2712  2719 I lucitransport: readRemoteMessage() MID char = 38 buffer = (null)
04-09 10:33:46.088  2712  2719 I lucitransport: readRemoteMessage() MID char = 35 buffer = 0
04-09 10:33:46.088  2729  2742 E MB_HANDLER: connected_cnt =0
04-09 10:33:46.089  2712  2712 I lucitransport: writeRemoteMessage() MID = 35 buffer = 1
04-09 10:33:46.089  2730  2730 I UIModeManager: RegisterModeControl Mode - PlayMode ModeControl - 0xacc16c30
04-09 10:33:46.092  2732  2732 I NetworkMonitor: WiFi Interface : wlan0
04-09 10:33:46.092  2732  2732 I NetworkMonitor: Default WiFi Interface : wlan0
04-09 10:33:46.092  2729  2742 I MB_HANDLER: Env Details: LS-Host '1' Cast-Setup 'true'
04-09 10:33:46.092  2729  2742 E MB_HANDLER: Message Handler Thread waiting for messages....
04-09 10:33:46.093  2730  2730 I ServiceManager: Waiting for service media.player...
04-09 10:33:46.096  2712  2720 E luciUART: UART:aa
04-09 10:33:46.096  2712  2720 E luciUART: UART:aa
04-09 10:33:46.096  2712  2720 E luciUART: UART:2
04-09 10:33:46.096  2712  2720 E luciUART: UART:0
04-09 10:33:46.096  2732  2746 I NetworkMonitor: Start monitor thread
04-09 10:33:46.096  2712  2720 E luciUART: UART:9
04-09 10:33:46.097  2712  2720 E luciUART: UART:0
04-09 10:33:46.097  2712  2720 I chatty  : uid=0(root) UARTLUCIControl identical 2 lines
04-09 10:33:46.097  2712  2720 E luciUART: UART:0
04-09 10:33:46.097  2712  2720 E luciUART: UART:1
04-09 10:33:46.097  2712  2720 I luciUART: read() RemoteID = 43690 Command = 9 Type = 2 Status = 0 DataLen = 1
04-09 10:33:46.098  2712  2720 E luciUART: UART:aa
04-09 10:33:46.098  2712  2720 E luciUART: UART:1
04-09 10:33:46.098  2712  2720 E luciUART: UART:0
04-09 10:33:46.098  2712  2720 E luciUART: UART:7c
04-09 10:33:46.098  2712  2720 E luciUART: UART:0
04-09 10:33:46.098  2712  2720 I chatty  : uid=0(root) UARTLUCIControl identical 2 lines
04-09 10:33:46.098  2712  2720 E luciUART: UART:0
04-09 10:33:46.110  2729  2742 E MB_HANDLER: ENV READ FAILED
04-09 10:33:46.110  2712  2721 I luciUART: write() MID = 208  bytes = 20 data = Country:US m_fd = 0x5
04-09 10:33:46.110  2712  2721 E LUCI_SERVER: NV_READ response= Country:US
04-09 10:33:46.110  2712  2721 E LUCI_SERVER: Luci Server Thread wait over MID 5....
04-09 10:33:46.110  2712  2721 I luciUART: write() MID = 5  bytes = 22 data = eng.C4A.1203 m_fd = 0x5
04-09 10:33:46.110  2712  2721 E LUCI_SERVER: Luci Server Thread wait over MID 151....
04-09 10:33:46.111  2729  2742 E MB_HANDLER: MacAddress :CC:90:93:21:F3:84
04-09 10:33:46.111  2712  2721 E WLANP2PIF: ioctl failed
04-09 10:33:46.111  2712  2721 E LUCI_SERVER: ** RSSI  = 255
04-09 10:33:46.111  2712  2721 I luciUART: write() MID = 151  bytes = 10 data =  m_fd = 0x5
04-09 10:33:46.111  2712  2721 E LUCI_SERVER: Luci Server Thread wait over MID 208....
04-09 10:33:46.111  2712  2721 E LUCI_SERVER: Got NV name : ssid
04-09 10:33:46.111  2712  2719 I lucitransport: writeRemoteMessage() MID = 91 buffer = CC:90:93:21:F3:84
04-09 10:33:46.112  2712  2719 I luciUART: write() MID = 91  bytes = 27 data = CC:90:93:21:F3:84 m_fd = 0x5
04-09 10:33:46.112  2729  2742 E MB_HANDLER: Message Handler Thread waiting for messages....
04-09 10:33:46.113  2712  2721 I luciUART: write() MID = 208  bytes = 15 data = ssid: m_fd = 0x5
04-09 10:33:46.113  2712  2721 E LUCI_SERVER: NV_READ response= ssid:
04-09 10:33:46.113  2712  2721 E LUCI_SERVER: Luci Server Thread wait over MID 208....
04-09 10:33:46.113  2712  2721 E LUCI_SERVER: Got NV name : ssid
04-09 10:33:46.116  2712  2721 I luciUART: write() MID = 208  bytes = 15 data = ssid: m_fd = 0x5
04-09 10:33:46.116  2712  2721 E LUCI_SERVER: NV_READ response= ssid:
04-09 10:33:46.116  2712  2721 E LUCI_SERVER: Luci Server Thread waiting for packets....
04-09 10:33:46.116  2732  2746 E WifiUtil: command: "SCAN" failed: FAIL-BUSY
04-09 10:33:46.119  2736  2736 D dhcpcd  : wlan0: adding address fe80::ce90:93ff:fe21:f384
04-09 10:33:46.126  2712  2720 E luciUART: UART:aa
04-09 10:33:46.126  2712  2720 E luciUART: UART:aa
04-09 10:33:46.126  2712  2720 E luciUART: UART:2
04-09 10:33:46.126  2712  2720 E luciUART: UART:0
04-09 10:33:46.126  2712  2720 E luciUART: UART:6
04-09 10:33:46.126  2712  2720 E luciUART: UART:0
04-09 10:33:46.127  2712  2720 I chatty  : uid=0(root) UARTLUCIControl identical 2 lines
04-09 10:33:46.127  2712  2720 E luciUART: UART:0
04-09 10:33:46.127  2712  2720 E luciUART: UART:4
04-09 10:33:46.127  2712  2720 I luciUART: read() RemoteID = 43690 Command = 6 Type = 2 Status = 0 DataLen = 4
04-09 10:33:46.127  2712  2720 E luciUART: Error: full data not available yet! readBytes 0
04-09 10:33:46.127  2712  2720 I luciUART: Previous Packet read contd., 
04-09 10:33:46.127  2712  2720 E luciUART: UART:31
04-09 10:33:46.127  2712  2720 I luciUART: Previous Packet read contd., 
04-09 10:33:46.128  2712  2720 E luciUART: UART:30
04-09 10:33:46.128  2712  2720 I luciUART: Previous Packet read contd., 
04-09 10:33:46.128  2712  2720 E luciUART: UART:30
04-09 10:33:46.128  2712  2720 I luciUART: Previous Packet read contd., 
04-09 10:33:46.128  2712  2720 E luciUART: UART:31
04-09 10:33:46.128  2712  2720 E luciUART: UART:aa
04-09 10:33:46.128  2712  2720 E luciUART: UART:aa
04-09 10:33:46.128  2712  2721 E LUCI_SERVER: Luci Server Thread wait over MID 6....
04-09 10:33:46.128  2712  2720 E luciUART: UART:2
04-09 10:33:46.128  2712  2720 E luciUART: UART:0
04-09 10:33:46.128  2712  2720 E luciUART: UART:d0
04-09 10:33:46.128  2712  2720 E luciUART: UART:0
04-09 10:33:46.128  2729  2741 E MB_HANDLER: Messagebox_handler::MessageBoxAlert id = 6
04-09 10:33:46.128  2729  2742 E MB_HANDLER: Message Handler Thread wait over MID[6]....
04-09 10:33:46.129  2712  2719 I lucitransport: readRemoteMessage() MID char = 6 buffer = 1001
04-09 10:33:46.129  2712  2720 E luciUART: UART:0
04-09 10:33:46.129  2712  2720 I chatty  : uid=0(root) UARTLUCIControl identical 1 line
04-09 10:33:46.129  2712  2720 E luciUART: UART:0
04-09 10:33:46.129  2712  2720 E luciUART: UART:13
04-09 10:33:46.129  2712  2720 I luciUART: read() RemoteID = 43690 Command = 208 Type = 2 Status = 0 DataLen = 19
04-09 10:33:46.129  2712  2720 E luciUART: Error: full data not available yet! readBytes 0
04-09 10:33:46.129  2712  2720 I luciUART: Previous Packet read contd., 
04-09 10:33:46.129  2712  2720 E luciUART: UART:52
04-09 10:33:46.146  2729  2742 E MB_HANDLER: Message Handler Thread waiting for messages....
04-09 10:33:46.147  2712  2721 I luciUART: write() MID = 208  bytes = 67 data = fwdownload_xml:https://openotaengine.libreiotcloud.com/v1 m_fd = 0x5
04-09 10:33:46.147  2712  2721 E LUCI_SERVER: NV_READ response= fwdownload_xml:https://openotaengine.libreiotcloud.com/v1
04-09 10:33:46.147  2712  2721 E LUCI_SERVER: Luci Server Thread waiting for packets....
04-09 10:33:46.149  2734  2734 I bt_btif : init
04-09 10:33:46.152  2734  2734 D bt_osi_allocation_tracker: canary initialized
04-09 10:33:46.156  2734  2758 I bt_osi_thread: run_thread: thread id 2758, thread name stack_manager started
04-09 10:33:46.156  2734  2758 I bt_stack_manager: event_init_stack is initializing the stack
04-09 10:33:46.161  2734  2758 E bt_osi_config: config_new unable to open file '/data/misc/bluedroid/bt_config.conf': No such file or directory
04-09 10:33:46.161  2734  2758 W bt_btif_config: init unable to load config file: /data/misc/bluedroid/bt_config.conf; using backup.
04-09 10:33:46.161  2734  2758 E bt_osi_config: config_new unable to open file '/data/misc/bluedroid/bt_config.bak': No such file or directory
04-09 10:33:46.161  2734  2758 W bt_btif_config: init unable to load backup; attempting to transcode legacy file.
04-09 10:33:46.163  2734  2758 E bt_btif_config_transcode: btif_config_transcode unable to load XML file '/data/misc/bluedroid/bt_config.xml': 3
04-09 10:33:46.163  2734  2758 E bt_btif_config: init unable to transcode legacy file; creating empty config.
04-09 10:33:46.164  2734  2762 I bt_osi_thread: run_thread: thread id 2762, thread name alarm_default_ca started
04-09 10:33:46.164  2734  2763 I bt_osi_thread: run_thread: thread id 2763, thread name alarm_dispatcher started
04-09 10:33:46.167  2734  2758 I bt_btif_core: btif_init_bluetooth entered
04-09 10:33:46.169  2734  2758 I bt_stack_config: init attempt to load stack conf from /etc/bluetooth/bt_stack.conf
04-09 10:33:46.172  2734  2764 I bt_osi_thread: run_thread: thread id 2764, thread name bt_jni_workqueue started
04-09 10:33:46.172  2734  2758 I bt_btif_core: btif_init_bluetooth finished
04-09 10:33:46.172  2734  2758 I bt_stack_manager: event_init_stack finished
04-09 10:33:46.173  2734  2734 I bt_osi_wakelock: wakelock_set_os_callouts set to non-native
04-09 10:33:46.176  2734  2734 I bt_btif : get_profile_interface: id = gatt
04-09 10:33:46.179  2734  2764 I bt_btif_core: run_message_loop entered
04-09 10:33:46.182  2734  2734 I bt_btif : get_profile_interface: id = a2dp
04-09 10:33:46.183  2734  2734 I bt_btif : get_profile_interface: id = a2dp_sink
04-09 10:33:46.194  2732  2747 E CommandListener: Message not handled: unrecognized interface usb0
04-09 10:33:46.194  2732  2747 W FrameworkListener: Handler 'Iface' error (Success)
04-09 10:33:46.195  2732  2747 E CommandListener: Message not handled: unrecognized interface usb0
04-09 10:33:46.195  2732  2747 W FrameworkListener: Handler 'Iface' error (Success)
04-09 10:33:46.195  2734  2771 I bt_osi_thread: run_thread: thread id 2771, thread name btif_a2dp_sink_w started
04-09 10:33:46.203  2734  2734 D a2dp_codec: init
04-09 10:33:46.206  2734  2734 D a2dp_codec: createCodec: codec SBC
04-09 10:33:46.210  2734  2734 D a2dp_codec: createCodec: codec AAC
04-09 10:33:46.211  2734  2734 D a2dp_codec: createCodec: codec aptX
04-09 10:33:46.213  2734  2734 E a2dp_vendor_aptx_encoder: A2DP_VendorLoadEncoderAptx: cannot open aptX encoder library libaptX_encoder.so: libaptX_encoder.so: cannot open shared object file: No such file or directory
04-09 10:33:46.213  2734  2734 E a2dp_vendor_aptx: init: cannot load the encoder
04-09 10:33:46.213  2734  2734 D a2dp_codec: createCodec: codec aptX-HD
04-09 10:33:46.214  2734  2734 E a2dp_vendor_aptx_hd_encoder: A2DP_VendorLoadEncoderAptxHd: cannot open aptX-HD encoder library libaptXHD_encoder.so: libaptXHD_encoder.so: cannot open shared object file: No such file or directory
04-09 10:33:46.214  2734  2734 E a2dp_vendor_aptx_hd: init: cannot load the encoder
04-09 10:33:46.215  2734  2734 D a2dp_codec: createCodec: codec LDAC
04-09 10:33:46.215  2734  2734 E a2dp_vendor_ldac_encoder: A2DP_VendorLoadEncoderLdac: cannot open LDAC encoder library libldacBT_enc.so: libldacBT_enc.so: cannot open shared object file: No such file or directory
04-09 10:33:46.215  2734  2734 E a2dp_vendor_ldac: init: cannot load the encoder
04-09 10:33:46.215  2734  2734 D a2dp_codec: createCodec: codec SBC SINK
04-09 10:33:46.215  2734  2734 D a2dp_codec: createCodec: codec AAC SINK
04-09 10:33:46.215  2734  2734 I a2dp_codec: init: initialized Source codec AAC
04-09 10:33:46.215  2734  2734 I a2dp_codec: init: initialized Source codec SBC
04-09 10:33:46.215  2734  2734 I a2dp_codec: init: initialized Sink codec AAC(Sink)
04-09 10:33:46.215  2734  2734 I a2dp_codec: init: initialized Sink codec SBC(Sink)
04-09 10:33:46.215  2734  2734 W bt_btif : ## ON A2DP IDLE ## peer_sep = 0
04-09 10:33:46.216  2734  2734 I bt_btif : get_profile_interface: id = avrcp
04-09 10:33:46.217  2734  2734 I bt_btif : get_profile_interface: id = avrcp_ctrl
04-09 10:33:46.217  2734  2734 I bt_btif : get_profile_interface: id = hidhost
04-09 10:33:46.221  2732  2747 E CommandListener: Message not handled: unrecognized interface usb0
04-09 10:33:46.221  2732  2747 W FrameworkListener: Handler 'Iface' error (Success)
04-09 10:33:46.222  2732  2747 E CommandListener: Message not handled: unrecognized interface usb0
04-09 10:33:46.222  2732  2747 W FrameworkListener: Handler 'Iface' error (Success)
04-09 10:33:46.222  2732  2747 E CommandListener: Message not handled: unrecognized interface usb0
04-09 10:33:46.222  2732  2747 W FrameworkListener: Handler 'Iface' error (Success)
04-09 10:33:46.224  2732  2747 E CommandListener: Message not handled: unrecognized interface usb0
04-09 10:33:46.224  2732  2747 W FrameworkListener: Handler 'Iface' error (Success)
04-09 10:33:46.229  2734  2734 I bluetoothtbd: [0408/220346.229200:INFO:daemon.cc(168)] Daemon initialized
04-09 10:33:46.229  2734  2734 I bt_btif : enable: start restricted = 0
04-09 10:33:46.230  2734  2758 I bt_stack_manager: event_start_up_stack is bringing up the stack
04-09 10:33:46.230  2734  2758 I bt_core_module: module_start_up Starting module "btif_config_module"
04-09 10:33:46.230  2734  2758 I bt_core_module: module_start_up Started module "btif_config_module"
04-09 10:33:46.230  2734  2758 I bt_core_module: module_start_up Starting module "btsnoop_module"
04-09 10:33:46.230  2734  2758 I bt_core_module: module_start_up Started module "btsnoop_module"
04-09 10:33:46.230  2734  2758 I bt_core_module: module_start_up Starting module "hci_module"
04-09 10:33:46.230  2734  2758 I bt_hci  : hci_module_start_up
04-09 10:33:46.239  2734  2780 I bt_osi_thread: run_thread: thread id 2780, thread name hci_thread started
04-09 10:33:46.241  2734  2758 D bt_hci  : hci_module_start_up starting async portion
04-09 10:33:46.242  2734  2780 I bluetoothtbd: [0408/220346.242332:INFO:hci_layer_linux.cc(172)] hci_initialize
04-09 10:33:46.242  2734  2780 I bluetoothtbd: [0408/220346.242486:INFO:hci_layer_linux.cc(184)] Using interface hci0
04-09 10:33:46.242  2734  2780 I bluetoothtbd: [0408/220346.242536:INFO:hci_layer_linux.cc(378)] rfkill
04-09 10:33:46.270  2788  2788 I dnsmasq : started, version 2.51 cachesize 150
04-09 10:33:46.270  2788  2788 I dnsmasq : compile time options: no-IPv6 GNU-getopt no-DBus no-I18N DHCP no-scripts no-TFTP
04-09 10:33:46.270  2788  2788 I dnsmasq : DHCP, IP range 192.168.10.3 -- 192.168.10.10, lease time 12h
04-09 10:33:46.271  2788  2788 I dnsmasq : reading /etc/resolv.conf
04-09 10:33:46.271  2788  2788 I dnsmasq : using nameserver 8.8.8.8#53
04-09 10:33:46.271  2788  2788 I dnsmasq : read /etc/hosts - 1 addresses
04-09 10:33:46.279  2736  2736 D dhcpcd  : no interfaces have a carrier
04-09 10:33:46.279  2736  2736 D dhcpcd  : wlan0: waiting for carrier
04-09 10:33:46.634  2732  2747 E CommandListener: Message not handled: unrecognized interface usb0
04-09 10:33:46.634  2732  2747 W FrameworkListener: Handler 'Iface' error (Success)
04-09 10:33:46.656  2734  2780 I bluetoothtbd: [0408/220346.656467:INFO:hci_layer_linux.cc(295)] wait_hcidev
04-09 10:33:46.656  2734  2780 I bluetoothtbd: [0408/220346.656719:INFO:hci_layer_linux.cc(332)] Do poll() with timeout of 3000ms
04-09 10:33:46.658  2734  2780 I bluetoothtbd: [0408/220346.658264:INFO:hci_layer_linux.cc(228)] HCI device ready
04-09 10:33:46.658  2734  2780 I bt_hci  : event_finish_startup
04-09 10:33:46.658  2734  2758 I bt_core_module: module_start_up Started module "hci_module"
04-09 10:33:46.660  2734  2812 I bt_osi_thread: run_thread: thread id 2812, thread name bt_workqueue started
04-09 10:33:46.661  2734  2812 I bluetoothtbd: [0408/220346.661071:INFO:btu_task.cc(107)] Bluetooth chip preload is complete
04-09 10:33:46.667  2734  2812 I         : No vendor HCI socket available. Won't create SocketWriter.
04-09 10:33:46.676  2734  2812 I bluetoothtbd: [0408/220346.675727:INFO:gatt_api.cc(1005)] GATT_Register
04-09 10:33:46.677  2734  2812 I bluetoothtbd: [0408/220346.677468:INFO:gatt_api.cc(1028)] allocated gatt_if=1
04-09 10:33:46.679  2734  2812 I bluetoothtbd: [0408/220346.679029:INFO:gatt_api.cc(207)] GATTS_AddService
04-09 10:33:46.680  2734  2812 I bluetoothtbd: [0408/220346.680084:INFO:gatt_api.cc(317)] GATTS_AddService: service parsed correctly, now starting
04-09 10:33:46.681  2734  2812 E bluetoothtbd: [0408/220346.680949:ERROR:gatt_attr.cc(302)] gatt_profile_db_init:  gatt_if=1
04-09 10:33:46.688  2734  2812 I bluetoothtbd: [0408/220346.687993:INFO:gatt_api.cc(1005)] GATT_Register
04-09 10:33:46.688  2734  2812 I bluetoothtbd: [0408/220346.688137:INFO:gatt_api.cc(1028)] allocated gatt_if=2
04-09 10:33:46.688  2734  2812 I bluetoothtbd: [0408/220346.688190:INFO:gatt_api.cc(207)] GATTS_AddService
04-09 10:33:46.688  2734  2812 I bluetoothtbd: [0408/220346.688243:INFO:gatt_api.cc(317)] GATTS_AddService: service parsed correctly, now starting
04-09 10:33:46.692  2734  2813 I bt_osi_thread: run_thread: thread id 2813, thread name btu message loop started
04-09 10:33:46.724  2734  2814 I bt_osi_thread: run_thread: thread id 2814, thread name module_wrapper started
04-09 10:33:46.724  2734  2814 I bt_core_module: module_start_up Starting module "controller_module"
04-09 10:33:46.795  2711  2723 I yani_server: ifindexeth0 0 ifindexwlan0 5 ifindexp2p0 6 ifindexwlan1 0
04-09 10:33:46.795  2711  2723 I yani_server: NetLink Event '-1' Interface-Index '5' WLAN '0' Ethernet '-1' Parsed-iFill '-1' -> 'INVALID' ifIndex '1' -> 'lo'
04-09 10:33:46.795  2711  2723 I yani_kernel: yani_geteventfrom_changeaddr() Message-Id '1' Netlink event '16' Interface Index '5' -> Name 'wlan0' 
04-09 10:33:46.797  2711  2723 I yani_kernel: yani_geteventfrom_changeaddr() Message-Id '1' Netlink event '16' Interface Index '9' -> Name 'usb0' 
04-09 10:33:46.798  2711  2723 I yani_kernel: yani_geteventfrom_changeaddr() Message-Id '1' Netlink event '16' Interface Index '9' -> Name 'usb0' 
04-09 10:33:46.799  2711  2723 I yani_kernel: yani_geteventfrom_changeaddr() Message-Id '1' Netlink event '20' Interface Index '9' -> Name 'usb0' 
04-09 10:33:46.800  2711  2723 I yani_kernel: yani_geteventfrom_changeaddr() Message-Id '1' Netlink event '16' Interface Index '9' -> Name 'usb0' 
04-09 10:33:46.801  2711  2723 I yani_kernel: yani_geteventfrom_changeaddr() Message-Id '1' Netlink event '21' Interface Index '9' -> Name 'usb0' 
04-09 10:33:46.802  2711  2723 I yani_kernel: yani_geteventfrom_changeaddr() Message-Id '1' Netlink event '20' Interface Index '9' -> Name 'usb0' 
04-09 10:33:46.803  2711  2723 I yani_kernel: yani_geteventfrom_changeaddr() Message-Id '1' Netlink event '16' Interface Index '9' -> Name 'usb0' 
04-09 10:33:46.896  2734  2814 I bt_core_module: module_start_up Started module "controller_module"
04-09 10:33:46.896  2734  2814 W bt_osi_thread: run_thread: thread id 2814, thread name module_wrapper exited
04-09 10:33:46.899  2734  2812 W bt_btm  : btm_decode_ext_features_page: feature page 1 ignored
04-09 10:33:46.900  2734  2812 W bt_btm  : btm_decode_ext_features_page: feature page 2 ignored
04-09 10:33:46.900  2734  2813 I bt_btm_sec: BTM_SecRegister p_cb_info->p_le_callback == 0x0xf6e10b99
04-09 10:33:46.901  2734  2813 I bt_btm_sec: BTM_SecRegister btm_cb.api.p_le_callback = 0x0xf6e10b99 
04-09 10:33:46.903  2734  2813 I bluetoothtbd: [0408/220346.903862:INFO:ble_advertiser_hci_interface.cc(736)] Legacy advertising will be in use
04-09 10:33:46.906  2734  2813 I bluetoothtbd: [0408/220346.906493:INFO:gatt_api.cc(1005)] GATT_Register
04-09 10:33:46.906  2734  2813 I bluetoothtbd: [0408/220346.906663:INFO:gatt_api.cc(1028)] allocated gatt_if=3
04-09 10:33:46.922  2734  2813 I bt_bta_av: AVRCP version used for sdp: "avrcp14"
04-09 10:33:46.926  2734  2764 E bt_btif_storage: btif_storage_get_adapter_property: Controller ready!
04-09 10:33:46.926  2734  2764 I bt_btif_storage: btif_storage_get_adapter_property service_mask:0x40000
04-09 10:33:46.927  2734  2764 I bluetoothtbd: [0408/220346.927528:INFO:adapter.cc(551)] Adapter properties changed
04-09 10:33:46.927  2734  2764 I bluetoothtbd: [0408/220346.927634:INFO:adapter.cc(564)] Adapter address changed: CC:90:93:21:F3:85
04-09 10:33:46.927  2734  2764 I bluetoothtbd: [0408/220346.927686:INFO:adapter.cc(573)] Adapter name changed
04-09 10:33:46.928  2734  2764 I bt_btif_core: btif_enable_bluetooth_evt entered: status 0
04-09 10:33:46.928  2734  2764 W bt_btif : btif_enable_bluetooth_evt: Saving the Adapter Address
04-09 10:33:46.928  2734  2764 I bluetoothtbd: [0408/220346.928508:INFO:adapter.cc(551)] Adapter properties changed
04-09 10:33:46.928  2734  2764 I bluetoothtbd: [0408/220346.928571:INFO:adapter.cc(564)] Adapter address changed: CC:90:93:21:F3:85
04-09 10:33:46.928  2734  2764 D bt_hci  : do_postload posting postload work item
04-09 10:33:46.933  2734  2855 I bt_osi_thread: run_thread: thread id 2855, thread name btif_sock started
04-09 10:33:46.936  2734  2764 D bt_bte_conf: Device ID record 1 : primary
04-09 10:33:46.936  2734  2764 D bt_bte_conf:   vendorId            = 000f
04-09 10:33:46.936  2734  2764 D bt_bte_conf:   vendorIdSource      = 0001
04-09 10:33:46.936  2734  2764 D bt_bte_conf:   product             = 1200
04-09 10:33:46.936  2734  2764 D bt_bte_conf:   version             = 1436
04-09 10:33:46.936  2734  2764 D bt_bte_conf:   clientExecutableURL = 
04-09 10:33:46.936  2734  2764 D bt_bte_conf:   serviceDescription  = 
04-09 10:33:46.936  2734  2764 D bt_bte_conf:   documentationURL    = 
04-09 10:33:46.936  2734  2764 D bt_bte_conf: bte_load_did_conf no section named DID2.
04-09 10:33:46.936  2734  2764 I bt_btif_core: btif_enable_bluetooth_evt finished
04-09 10:33:46.936  2734  2758 I bt_stack_manager: event_start_up_stack finished
04-09 10:33:46.937  2734  2764 I bluetoothtbd: [0408/220346.937400:INFO:adapter.cc(529)] Adapter state changed: BT_STATE_ON
04-09 10:33:47.093  2730  2730 I ServiceManager: Waiting for service media.player...
04-09 10:33:47.224  2711  2723 I yani_kernel: yani_geteventfrom_changeaddr() Message-Id '1' Netlink event '16' Interface Index '9' -> Name 'usb0' 
04-09 10:33:47.225  2732  2747 E CommandListener: Message not handled: unrecognized interface usb0
04-09 10:33:47.225  2732  2747 W FrameworkListener: Handler 'Iface' error (Success)
04-09 10:33:48.093  2730  2730 I ServiceManager: Waiting for service media.player...
04-09 10:33:48.117  2732  2746 E WifiUtil: command: "SCAN" failed: FAIL-BUSY
04-09 10:33:48.217  2732  2747 E CommandListener: Message not handled: unrecognized interface usb0
04-09 10:33:48.217  2732  2747 W FrameworkListener: Handler 'Iface' error (Success)
04-09 10:33:48.476  2711  2723 I yani_server: NetLink Event '-1' Interface-Index '5' WLAN '-1' Ethernet '-1' Parsed-iFill '-1' -> 'INVALID' ifIndex '1' -> 'lo'
04-09 10:33:48.477  2711  2723 I yani_server: NetLink Event '-1' Interface-Index '5' WLAN '0' Ethernet '-1' Parsed-iFill '-1' -> 'INVALID' ifIndex '1' -> 'lo'
04-09 10:33:48.502  2711  2723 I chatty  : uid=0(root) YaniServer identical 40 lines
04-09 10:33:48.503  2711  2723 I yani_server: NetLink Event '-1' Interface-Index '5' WLAN '0' Ethernet '-1' Parsed-iFill '-1' -> 'INVALID' ifIndex '1' -> 'lo'
04-09 10:33:48.503  2711  2723 I yani_kernel: yani_geteventfrom_changeaddr() Message-Id '1' Netlink event '16' Interface Index '5' -> Name 'wlan0' 
04-09 10:33:48.504  2711  2723 I yani_kernel: yani_geteventfrom_changeaddr() Message-Id '1' Netlink event '16' Interface Index '5' -> Name 'wlan0' 
04-09 10:33:49.012  2713  2713 I SourceSwitch: SourceSwitch() Host 1 initialized...
04-09 10:33:49.094  2730  2730 I ServiceManager: Waiting for service media.player...
04-09 10:33:49.944  2734  2764 E bt_osi_config: config_save unable to open dir '/data/misc/bluedroid': No such file or directory
04-09 10:33:50.033  2788  2788 I dnsmasq : DHCPDISCOVER(usb0) 92:f7:fe:9b:4f:89 
04-09 10:33:50.033  2788  2788 I dnsmasq : DHCPOFFER(usb0) 192.168.10.5 92:f7:fe:9b:4f:89 
04-09 10:33:50.038  2788  2788 I dnsmasq : DHCPREQUEST(usb0) 192.168.10.5 92:f7:fe:9b:4f:89 
04-09 10:33:50.038  2788  2788 I dnsmasq : DHCPACK(usb0) 192.168.10.5 92:f7:fe:9b:4f:89 
04-09 10:33:50.094  2730  2730 I ServiceManager: Waiting for service media.player...
04-09 10:33:50.119  2711  2723 I yani_server: NetLink Event '-1' Interface-Index '5' WLAN '-1' Ethernet '-1' Parsed-iFill '-1' -> 'INVALID' ifIndex '1' -> 'lo'
04-09 10:33:51.049  2788  2788 I dnsmasq : DHCPDISCOVER(usb0) 92:f7:fe:9b:4f:89 
04-09 10:33:51.049  2788  2788 I dnsmasq : DHCPOFFER(usb0) 192.168.10.5 92:f7:fe:9b:4f:89 
