04-09 10:46:07.603  3176  3176 I dnsmasq : DHCP, IP range 192.168.255.250 -- 192.168.255.254, lease time 12h
04-09 10:46:07.603  2711  2723 I yani_server: doLotofWork() List of interface '4'
04-09 10:46:07.603  2711  2723 I yani_server: doLotofWork() Interface 'p2p0' ifr[0].ifr_name 'lo' ipaddress '127.0.0.1'
04-09 10:46:07.603  2711  2723 I yani_server: doLotofWork() Interface 'p2p0' ifr[1].ifr_name 'p2p0' ipaddress '192.168.255.249'
04-09 10:46:07.603  2711  2723 I yani_server: doLotofWork() returns 'REFILL WACMODE'
04-09 10:46:07.603  2711  2723 E yani_server: YANI: I am Done Wait For Event 
04-09 10:46:07.603  2711  2723 I yani_kernel: yani_geteventfrom_changeaddr() Message-Id '1' Netlink event '21' Interface Index '6' -> Name 'p2p0' 
04-09 10:46:07.603  2711  2816 I yani_server: onNetworkParametersChanged() WAC Mode '1'  Index '2' Interface 'p2p0' Status '1'
04-09 10:46:07.604  2728  2737 I MB_HANDLER: YaniAlert() Interface '4' Status '1'
04-09 10:46:07.611  2971  3006 I airplay-main: YaniAlert Interface 4 Status 1
04-09 10:46:07.611  2711  2723 I yani_server: NetLink Event '5' Interface-Index '6' WLAN '-1' Ethernet '-1' Parsed-iFill '5' -> 'P2P0 DISCONNECTED' ifIndex '2' -> 'tunl0'
04-09 10:46:07.612  2711  2723 E yani_server: YANI: I am Done Wait For Event 
04-09 10:46:07.612  2711  2816 I yani_server: onNetworkParametersChanged() WAC Mode '0'  Index '2' Interface 'p2p0' Status '0'
04-09 10:46:07.612  2711  2723 I yani_kernel: yani_geteventfrom_changeaddr() Message-Id '1' Netlink event '20' Interface Index '6' -> Name 'p2p0' 
04-09 10:46:07.612  2728  2737 I MB_HANDLER: YaniAlert() Interface '3' Status '0'
04-09 10:46:07.613  2712  2712 I lucitransport: writeRemoteMessage() MID = 124 buffer = 0#1,0#2,0#3,0#4,0
04-09 10:46:07.613  2712  2712 I luciUART: write() MID = 124  bytes = 27 data = 0#1,0#2,0#3,0#4,0 m_fd = 0x5
04-09 10:46:07.614  2729  2729 E AirableUIHelper: AirableUIHelper::YaniAlert  3 0 
04-09 10:46:07.614  2974  2993 I otamanager: YaniAlert() Interface 3 Status Down
04-09 10:46:07.615  2712  2720 E luciUART: UART:aa
04-09 10:46:07.615  2712  2720 E luciUART: UART:aa
04-09 10:46:07.615  2712  2720 E luciUART: UART:2
04-09 10:46:07.615  2712  2720 E luciUART: UART:0
04-09 10:46:07.615  2712  2720 E luciUART: UART:d0
04-09 10:46:07.615  2712  2720 E luciUART: UART:0
04-09 10:46:07.615  2712  2720 E luciUART: UART:0
04-09 10:46:07.615  2712  2720 I luciUART: Previous Packet read contd., 
04-09 10:46:07.621  2712  2720 E luciUART: UART:2
04-09 10:46:07.621  2712  2720 E luciUART: UART:0
04-09 10:46:07.621  2712  2720 E luciUART: UART:d0
04-09 10:46:07.621  2712  2720 E luciUART: UART:0
04-09 10:46:07.621  2712  2720 I chatty  : uid=0(root) UARTLUCIControl identical 2 lines
04-09 10:46:07.621  2712  2720 E luciUART: UART:0
04-09 10:46:07.621  2712  2720 E luciUART: UART:9
04-09 10:46:07.621  2712  2720 I luciUART: read() RemoteID = 43690 Command = 208 Type = 2 Status = 0 DataLen = 9
04-09 10:46:07.621  2712  2720 E luciUART: Error: full data not available yet! readBytes 0
04-09 10:46:07.621  2712  2720 E luciUART: UART:45
04-09 10:46:07.621  2712  2720 I luciUART: Previous Packet read contd., 
04-09 10:46:07.622  2712  2720 E luciUART: UART:41
04-09 10:46:07.622  2712  2720 I luciUART: Previous Packet read contd., 
04-09 10:46:07.622  2712  2720 E luciUART: UART:44
04-09 10:46:07.622  2712  2720 I luciUART: Previous Packet read contd., 
04-09 10:46:07.622  2712  2720 E luciUART: UART:5f
04-09 10:46:07.622  2712  2720 I luciUART: Previous Packet read contd., 
04-09 10:46:07.622  2712  2720 E luciUART: UART:73
04-09 10:46:07.622  2712  2720 I luciUART: Previous Packet read contd., 
04-09 10:46:07.624  2712  2721 E LUCI_SERVER: Luci Server Thread waiting for packets....
04-09 10:46:08.095  2711  2723 I yani_server: doLotofWork() List of interface '4'
04-09 10:46:08.095  2711  2723 I yani_server: doLotofWork() Interface 'p2p0' ifr[0].ifr_name 'lo' ipaddress '127.0.0.1'
04-09 10:46:08.095  2711  2723 I yani_server: doLotofWork() Interface 'p2p0' ifr[1].ifr_name 'p2p0' ipaddress '192.168.255.249'
04-09 10:46:08.095  2711  2723 I yani_server: doLotofWork() returns 'REFILL WACMODE'
04-09 10:46:08.095  2711  2723 E yani_server: YANI: I am Done Wait For Event 
04-09 10:46:08.095  2711  2723 I yani_kernel: yani_geteventfrom_changeaddr() Message-Id '1' Netlink event '16' Interface Index '6' -> Name 'p2p0' 
04-09 10:46:08.098  2732  2743 E WifiUtil: command: "SCAN" failed: FAIL-BUSY
04-09 10:46:08.098  2732  2743 W HotspotManager: hotspot already started
04-09 10:46:08.099  2711  2816 I yani_server: onNetworkParametersChanged() WAC Mode '1'  Index '2' Interface 'p2p0' Status '1'
04-09 10:46:08.108  2974  2993 I otamanager: YaniAlert() Interface 4 Status Up
04-09 10:46:08.108  2971  3006 I airplay-main: YaniAlert Interface 4 Status 1
04-09 10:46:08.108  3174  3174 I hostapd : p2p0: IEEE 802.11 channel=6 mode=ht bw=20 htcaps=0x177f vhtcaps=0x0 cf_seg0=0 cf_seg1=0
04-09 10:46:08.109  2711  2723 I yani_server: NetLink Event '-1' Interface-Index '5' WLAN '-1' Ethernet '-1' Parsed-iFill '-1' -> 'INVALID' ifIndex '1' -> 'lo'
04-09 10:46:08.109  2712  2720 E luciUART: UART:aa
04-09 10:46:08.109  2712  2720 E luciUART: UART:aa
04-09 10:46:08.109  2712  2720 E luciUART: UART:2
04-09 10:46:08.109  2712  2720 E luciUART: UART:0
04-09 10:46:08.109  2712  2720 E luciUART: UART:d0
04-09 10:46:08.110  2712  2720 E luciUART: UART:0
04-09 10:46:08.110  2712  2720 I chatty  : uid=0(root) UARTLUCIControl identical 2 lines
04-09 10:46:08.110  2712  2720 E luciUART: UART:0
04-09 10:46:08.110  2712  2720 E luciUART: UART:9
04-09 10:46:08.110  2712  2720 I luciUART: read() RemoteID = 43690 Command = 208 Type = 2 Status = 0 DataLen = 9
04-09 10:46:08.110  2712  2720 E luciUART: Error: full data not available yet! readBytes 0
04-09 10:46:08.110  2712  2720 I luciUART: Previous Packet read contd., 
04-09 10:46:08.111  2712  2720 E luciUART: UART:64
04-09 10:46:08.114  2711  2723 I yani_server: NetLink Event '-1' Interface-Index '5' WLAN '0' Ethernet '-1' Parsed-iFill '-1' -> 'INVALID' ifIndex '1' -> 'lo'
04-09 10:46:08.114  2711  2723 I yani_kernel: yani_geteventfrom_changeaddr() Message-Id '1' Netlink event '16' Interface Index '6' -> Name 'p2p0' 
04-09 10:46:08.121  2968  3172 I LibreCastControlDelegate: OnCastStatus() +++ Lyric Speaker Box 21f384:0xab421198:NOT_SETUP
04-09 10:46:08.121  2968  3172 I LibreCastControlDelegate: Device Build Number -> '1.52.272222'
04-09 10:46:08.121  2968  3172 I librecast: updateCastBuildVersion() Version 1.52.272222
04-09 10:46:08.121  2712  2712 I lucitransport: readRemoteMessage() MID char = 7 buffer = 1.52.272222
04-09 10:46:08.122  2968  3172 I LibreCastControlDelegate: Active Applications -> 0
04-09 10:46:08.122  2968  3172 I LibreCastControlDelegate: Current Cast State '2' -> 'NOT_SETUP'
04-09 10:46:08.122  2968  3172 I LibreCastControlDelegate: OnCastStatus() ---
04-09 10:46:08.123  2968  3172 I LibreCastControlDelegate: OnResponse() ReqeustID 5, error  0
04-09 10:46:08.136  2711  2723 I yani_kernel: yani_geteventfrom_changeaddr() Message-Id '1' Netlink event '16' Interface Index '6' -> Name 'p2p0' 
04-09 10:46:08.137  2967  2978 D wac-main: Netlink event
04-09 10:46:08.137  2967  2978 E wac-main: Netlink event 16 Interface Index 6 
04-09 10:46:08.137  2967  2978 E wac-main: p2p0 event Link Changed : 11043 
04-09 10:46:08.137  2967  2978 E wac-main: p2p0 Changed Up 
04-09 10:46:08.140  2968  3172 I LibreCastControlDelegate: OnCastStatus() +++ Lyric Speaker Box 21f384:0xab421198:NOT_SETUP
04-09 10:46:08.140  2968  3172 I LibreCastControlDelegate: Device Build Number -> '1.52.272222'
04-09 10:46:08.140  2968  3172 I librecast: updateCastBuildVersion() Version 1.52.272222
04-09 10:46:08.140  2712  2712 I lucitransport: readRemoteMessage() MID char = 7 buffer = 1.52.272222
04-09 10:46:08.141  2968  3172 I LibreCastControlDelegate: Active Applications -> 0
04-09 10:46:08.141  2968  3172 I LibreCastControlDelegate: Current Cast State '2' -> 'NOT_SETUP'
04-09 10:46:08.141  2968  3172 I LibreCastControlDelegate: OnCastStatus() ---
04-09 10:46:08.141  2967  2978 I wifiapi : newconn : 0xf5200718
04-09 10:46:08.148  2967  2978 I wifiapi : 'STATUS' command returned = 0
04-09 10:46:08.149  2967  2978 E wac-main: current wifi status : 10
04-09 10:46:08.150  2968  3172 I LibreCastControlDelegate: OnCastStatus() +++ Lyric Speaker Box 21f384:0xab421198:NOT_SETUP
04-09 10:46:08.150  2968  3172 I LibreCastControlDelegate: Device Build Number -> '1.52.272222'
04-09 10:46:08.150  2968  3172 I librecast: updateCastBuildVersion() Version 1.52.272222
04-09 10:46:08.151  2712  2712 I lucitransport: readRemoteMessage() MID char = 7 buffer = 1.52.272222
04-09 10:46:08.151  2968  3172 I LibreCastControlDelegate: Active Applications -> 0
04-09 10:46:08.151  2968  3172 I LibreCastControlDelegate: Current Cast State '2' -> 'NOT_SETUP'
04-09 10:46:08.151  2968  3172 I LibreCastControlDelegate: OnCastStatus() ---
04-09 10:46:08.164  3091  3091 I cast_shell: [3094:3133:INFO:gatt_client_manager_impl.cc(202)] Enabling GATT client connectability
04-09 10:46:08.164  3091  3091 I cast_shell: [3094:3133:INFO:ble_setup.cc(915)] Sign related info completed, no future EurekaInfo need sign.
04-09 10:46:08.164  3091  3091 I cast_shell: [3094:3133:INFO:gatt_client_manager_impl.cc(202)] Enabling GATT client connectability
04-09 10:46:08.164  3091  3091 I chatty  : uid=1000(chrome) /bin/logwrapper identical 1 line
04-09 10:46:08.164  3091  3091 I cast_shell: [3094:3133:INFO:gatt_client_manager_impl.cc(202)] Enabling GATT client connectability
04-09 10:46:08.168  2733  2767 E bt_btif : BTA_GATTS_AddService: rcb_idx = 0
04-09 10:46:08.168  2733  2767 I bluetoothtbd: [0408/221608.168693:INFO:gatt_api.cc(207)] GATTS_AddService
04-09 10:46:08.169  2733  2767 I bluetoothtbd: [0408/221608.169018:INFO:gatt_api.cc(317)] GATTS_AddService: service parsed correctly, now starting
04-09 10:46:08.171  3091  3091 I cast_shell: [3094:3133:INFO:ble_setup_manager.cc(744)] Started Bluetooth service
04-09 10:46:09.100  3091  3091 I cast_shell: [3094:3102:ERROR:connectivity_checker_impl.cc(265)] Connectivity check failed: 400
04-09 10:46:09.437  3091  3091 I cast_shell: [3094:3143:INFO:mdns_app_filter.cc(1403)] MdnsAppFilter: Done probing.
04-09 10:46:10.106  3091  3091 I cast_shell: [3094:3102:ERROR:connectivity_checker_impl.cc(265)] Connectivity check failed: 400
04-09 10:46:10.439  3091  3091 I cast_shell: [3094:3094:INFO:grpc_service_discovery_impl.cc(185)] Mdns discovered google RPC for [PII](D1C192D74BAB56A27A2124A0D54BB7AC).
04-09 10:46:11.113  3091  3091 I cast_shell: [3094:3102:ERROR:connectivity_checker_impl.cc(265)] Connectivity check failed: 400
04-09 10:46:11.149  2967  2978 E wac-main: Enter poll and wait
04-09 10:46:11.440  3091  3091 I cast_shell: [3094:3143:INFO:mdns_app_filter.cc(1526)] MdnsAppFilter: Done announcing.
04-09 10:46:12.119  3091  3091 I cast_shell: [3094:3102:ERROR:connectivity_checker_impl.cc(265)] Connectivity check failed: 400
04-09 10:46:13.125  3091  3091 I chatty  : uid=1000(chrome) /bin/logwrapper identical 1 line
04-09 10:46:14.131  3091  3091 I cast_shell: [3094:3102:ERROR:connectivity_checker_impl.cc(265)] Connectivity check failed: 400
04-09 10:46:14.621  3091  3091 I cast_shell: [3094:3102:INFO:parent_tracker.cc(291)] [PII](D1C192D74BAB56A27A2124A0D54BB7AC) Become root
04-09 10:46:14.621  3091  3091 I cast_shell: [3094:3102:INFO:directory_service_impl.cc(200)] This device became root
04-09 10:46:15.138  3091  3091 I cast_shell: [3094:3102:ERROR:connectivity_checker_impl.cc(265)] Connectivity check failed: 400
04-09 10:46:16.146  3091  3091 I cast_shell: [3094:3102:ERROR:connectivity_checker_impl.cc(265)] Connectivity check failed: 400
04-09 10:46:16.241  3091  3091 I cast_shell: [3094:3133:ERROR:setup_state.cc(424)] Timeout for state=SETUP_STATE_CHECKING_GLOBAL_CONNECTIVITY(50): move to state=SETUP_STATE_CHECKING_GLOBAL_CONNECTIVITY_BAD_ROUTER(52).
04-09 10:46:16.241  3091  3091 I cast_shell: [3094:3133:INFO:setup_state.cc(261)] Setup state changed: SETUP_STATE_CHECKING_GLOBAL_CONNECTIVITY (50) -> SETUP_STATE_CHECKING_GLOBAL_CONNECTIVITY_BAD_ROUTER (52)
04-09 10:46:16.245  2968  3172 I LibreCastControlDelegate: OnCastStatus() +++ Lyric Speaker Box 21f384:0xab421198:NOT_SETUP
04-09 10:46:16.245  2968  3172 I LibreCastControlDelegate: Device Build Number -> '1.52.272222'
04-09 10:46:16.245  2968  3172 I librecast: updateCastBuildVersion() Version 1.52.272222
04-09 10:46:16.245  2712  2712 I lucitransport: readRemoteMessage() MID char = 7 buffer = 1.52.272222
04-09 10:46:16.246  2968  3172 I LibreCastControlDelegate: Active Applications -> 0
04-09 10:46:16.246  2968  3172 I LibreCastControlDelegate: Current Cast State '2' -> 'NOT_SETUP'
04-09 10:46:16.246  2968  3172 I LibreCastControlDelegate: OnCastStatus() ---
04-09 10:46:17.152  3091  3091 I cast_shell: [3094:3102:ERROR:connectivity_checker_impl.cc(265)] Connectivity check failed: 400
04-09 10:46:42.057  2732  2742 E NetworkMonitor: cannot find default IPv4 route for wlan0
04-09 10:46:42.058  2732  2742 E NetworkMonitor: cannot find default IPv6 route for wlan0
04-09 10:46:45.155  2732  2742 E NetworkMonitor: no response for /bin/ping -n -I wlan0 -c 10 -w 10 8.8.8.8
04-09 10:46:45.166  2732  2742 E NetworkMonitor: no response for /bin/ping6 -n -I wlan0 -c 10 -w 10 2001:4860:4860::8888
04-09 10:46:45.169  2732  2742 E NetworkMonitor: dns resolution failed
04-09 10:46:45.170  2732  2742 I NetworkMonitor: Cast.Wifi.Failure.Type 7
04-09 10:47:04.462  3091  3091 I chatty  : uid=1000(chrome) /bin/logwrapper identical 47 lines
04-09 10:47:05.468  3091  3091 I cast_shell: [3094:3102:ERROR:connectivity_checker_impl.cc(265)] Connectivity check failed: 400
04-09 10:47:05.829  3091  3091 I cast_shell: [3094:3094:INFO:grpc_manager_impl.cc(505)] GRPC[uri=[::]:0]: num_pending_calls=0, num_active_handlers=0, num_free_handlers=0
04-09 10:47:05.829  3091  3091 I cast_shell: [3094:3094:INFO:gcm_manager.cc(269)] Disabling GCM Driver
04-09 10:47:05.830  3091  3091 I cast_shell: [3094:3094:INFO:grpc_manager_impl.cc(505)] GRPC[uri=]: num_pending_calls=0, num_active_handlers=0, num_free_handlers=0
04-09 10:47:05.895  3091  3091 I cast_shell: [3094:3094:INFO:grpc_manager_impl.cc(505)] GRPC[uri=unix:/tmp/hcp_ipc_auth.socket]: num_pending_calls=0, num_active_handlers=10, num_free_handlers=0
04-09 10:47:05.899  3091  3091 I cast_shell: [3094:3094:INFO:grpc_manager_impl.cc(505)] GRPC[uri=unix:/tmp/modular_updater/modular_update_service]: num_pending_calls=0, num_active_handlers=0, num_free_handlers=0
04-09 10:47:05.924  3091  3091 I cast_shell: [3094:3094:INFO:metrics_recorder.cc(112)] Metrics stat: total=13
04-09 10:47:05.924  3091  3091 I cast_shell: Cast.Discovery.Mdns.ResponderStarted=2
04-09 10:47:05.924  3091  3091 I cast_shell: Cast.Discovery.Mdns.ResponderStopped=1
04-09 10:47:05.924  3091  3091 I cast_shell: Cast.Discovery.Mdns.SocketCreated=4
04-09 10:47:05.924  3091  3091 I cast_shell: Cast.Discovery.Mdns.SocketDestroyed=2
04-09 10:47:05.924  3091  3091 I cast_shell: Cast.System.Timezone.ChangeSuccessful=1
04-09 10:47:05.924  3091  3091 I cast_shell: CastV2.Connection.Connect.In=1
04-09 10:47:05.924  3091  3091 I cast_shell: CastV2.Receiver.DeviceStatus.Out=5
04-09 10:47:05.924  3091  3091 I cast_shell: CastV2.Receiver.DeviceStatus.Out.Broadcast=2
04-09 10:47:05.924  3091  3091 I cast_shell: CastV2.Receiver.GetStatus.In=1
04-09 10:47:05.924  3091  3091 I cast_shell: CastV2.Resource.Provider.In=1
04-09 10:47:06.060  3091  3091 I cast_shell: [3094:3094:INFO:metrics_recorder_impl.cc(672)] Activated server experiments: []
04-09 10:47:06.061  3091  3091 I cast_shell: [3094:3094:INFO:cast_logs_metrics_provider.cc(59)] netif is ipv4
04-09 10:47:06.062  3091  3091 I cast_shell: [3094:3094:ERROR:socket_posix.cc(148)] bind() failed: Address already in use (98)
04-09 10:47:06.062  3091  3091 I cast_shell: [3094:3094:INFO:net_util_impl.cc(1041)] Platform supports dual-stack
04-09 10:47:06.072  3091  3091 I cast_shell: [3094:3094:INFO:grpc_manager_impl.cc(505)] GRPC[uri=[::]:8012]: num_pending_calls=0, num_active_handlers=1, num_free_handlers=0
04-09 10:47:06.475  3091  3091 I cast_shell: [3094:3102:ERROR:connectivity_checker_impl.cc(265)] Connectivity check failed: 400
04-09 10:47:46.180  2732  2742 E NetworkMonitor: cannot find default IPv4 route for wlan0
04-09 10:47:46.180  2732  2742 E NetworkMonitor: cannot find default IPv6 route for wlan0
04-09 10:47:49.282  2732  2742 E NetworkMonitor: no response for /bin/ping -n -I wlan0 -c 10 -w 10 8.8.8.8
04-09 10:47:49.293  2732  2742 E NetworkMonitor: no response for /bin/ping6 -n -I wlan0 -c 10 -w 10 2001:4860:4860::8888
04-09 10:47:49.294  2732  2742 E NetworkMonitor: dns resolution failed
04-09 10:48:03.852  3091  3091 I chatty  : uid=1000(chrome) /bin/logwrapper identical 57 lines
04-09 10:48:04.858  3091  3091 I cast_shell: [3094:3102:ERROR:connectivity_checker_impl.cc(265)] Connectivity check failed: 400
04-09 10:48:05.829  3091  3091 I cast_shell: [3094:3094:INFO:grpc_manager_impl.cc(505)] GRPC[uri=[::]:0]: num_pending_calls=0, num_active_handlers=0, num_free_handlers=0
04-09 10:48:05.830  3091  3091 I cast_shell: [3094:3094:INFO:grpc_manager_impl.cc(505)] GRPC[uri=]: num_pending_calls=0, num_active_handlers=0, num_free_handlers=0
04-09 10:48:05.865  3091  3091 I cast_shell: [3094:3102:ERROR:connectivity_checker_impl.cc(265)] Connectivity check failed: 400
04-09 10:48:05.895  3091  3091 I cast_shell: [3094:3094:INFO:grpc_manager_impl.cc(505)] GRPC[uri=unix:/tmp/hcp_ipc_auth.socket]: num_pending_calls=0, num_active_handlers=10, num_free_handlers=0
04-09 10:48:05.900  3091  3091 I cast_shell: [3094:3094:INFO:grpc_manager_impl.cc(505)] GRPC[uri=unix:/tmp/modular_updater/modular_update_service]: num_pending_calls=0, num_active_handlers=0, num_free_handlers=0
04-09 10:48:05.924  3091  3091 I cast_shell: [3094:3094:INFO:metrics_recorder.cc(112)] Metrics stat: total=2
04-09 10:48:05.924  3091  3091 I cast_shell: Cast.Discovery.Mdns.ResponderPing=1
04-09 10:48:05.924  3091  3091 I cast_shell: Cast.Discovery.Mdns.SocketPing=2
04-09 10:48:06.073  3091  3091 I cast_shell: [3094:3094:INFO:grpc_manager_impl.cc(505)] GRPC[uri=[::]:8012]: num_pending_calls=0, num_active_handlers=1, num_free_handlers=0
04-09 10:48:06.100  3091  3091 I cast_shell: [3094:3133:INFO:wifi_proximity.cc(177)] Request scan.
04-09 10:48:06.871  3091  3091 I cast_shell: [3094:3102:ERROR:connectivity_checker_impl.cc(265)] Connectivity check failed: 400
04-09 10:48:38.075  3091  3091 I chatty  : uid=1000(chrome) /bin/logwrapper identical 31 lines
04-09 10:48:39.082  3091  3091 I cast_shell: [3094:3102:ERROR:connectivity_checker_impl.cc(265)] Connectivity check failed: 400
04-09 10:48:39.787  2733  2814 I bt_btm_ble: btm_ble_conn_complete unable to match and resolve random address
04-09 10:48:39.790  2733  2814 W bt_smp  : smp_br_connect_callback is called on unexpected transport 2
04-09 10:48:39.790  2733  2814 W bt_btif : bta_dm_acl_change info: 0x0
04-09 10:48:39.791  2733  2767 I bluetoothtbd: [0408/221839.791017:INFO:gatt_server.cc(280)] Added connection entry for conn_id: 5 device address: 4D:86:B2:87:37:A9
04-09 10:48:39.791  2733  2767 D bt_btif_dm: remote version info [4d:86:b2:87:37:a9]: 0, 0, 0
04-09 10:48:39.791  2733  2767 I bluetoothtbd: [0408/221839.791529:INFO:adapter.cc(719)] ACL state changed: 4D:86:B2:87:37:A9 - connected: true
04-09 10:48:39.794  3091  3091 I cast_shell: [3094:3133:ERROR:bluetooth_v1_via_v2.cc(796)] Connection state changed. :a9 true
04-09 10:48:40.088  3091  3091 I cast_shell: [3094:3102:ERROR:connectivity_checker_impl.cc(265)] Connectivity check failed: 400
04-09 10:48:40.303  2733  2767 D bt_btif_scanner: btif_gatts_upstreams_evt: Unhandled event (26)
04-09 10:48:40.902  2733  2814 E bluetoothtbd: [0408/221840.902053:ERROR:gatt_sr.cc(743)] MTU request PDU with MTU size 515
04-09 10:48:40.902  2733  2814 W bt_l2cap: l2cble_set_fixed_channel_tx_data_length, request not supported
04-09 10:48:40.903  2733  2814 W bluetoothtbd: [0408/221840.902968:WARNING:gatt_utils.cc(837)] Call back not found for application conn_id=3
04-09 10:48:40.903  2733  2814 W bluetoothtbd: [0408/221840.903056:WARNING:gatt_utils.cc(837)] Call back not found for application conn_id=4
04-09 10:48:40.903  2733  2814 W bluetoothtbd: [0408/221840.903136:WARNING:gatt_utils.cc(837)] Call back not found for application conn_id=6
04-09 10:48:40.950  3091  3091 I cast_shell: [3094:3133:INFO:ble_setup.cc(322)] Record action: Setup.set_eureka_info.BLE.Locale
04-09 10:48:40.950  3091  3091 I cast_shell: [3094:3133:INFO:locale_manager.cc(576)] New locale: en-US
04-09 10:48:40.959  3091  3091 I cast_shell: [3094:3133:INFO:setup_state.cc(544)] EurekaInfoCalled: wifi_state=3, is_usable_ip_address=1, connected=0, is_initial_setup=1
04-09 10:48:40.959  3091  3091 I cast_shell: [3094:3133:INFO:setup_state.cc(261)] Setup state changed: SETUP_STATE_CHECKING_GLOBAL_CONNECTIVITY_BAD_ROUTER (52) -> SETUP_STATE_DISCONNECTED_EXTERNAL_CLIENT_ACCESSED (11)
04-09 10:48:40.959  3091  3091 I cast_shell: [3094:3118:INFO:media_manager_impl.cc(383)] TurnActive result: 0
04-09 10:48:40.968  2968  3172 I LibreCastControlDelegate: OnCastStatus() +++ Lyric Speaker Box 21f384:0xab421198:NOT_SETUP
04-09 10:48:40.968  2968  3172 I LibreCastControlDelegate: Device Build Number -> '1.52.272222'
04-09 10:48:40.968  2968  3172 I librecast: updateCastBuildVersion() Version 1.52.272222
04-09 10:48:40.968  2712  2712 I lucitransport: readRemoteMessage() MID char = 7 buffer = 1.52.272222
04-09 10:48:40.968  2968  3172 I LibreCastControlDelegate: Active Applications -> 0
04-09 10:48:40.968  2968  3172 I LibreCastControlDelegate: Current Cast State '2' -> 'NOT_SETUP'
04-09 10:48:40.968  2968  3172 I LibreCastControlDelegate: OnCastStatus() ---
04-09 10:48:40.969  2968  3172 I LibreCastControlDelegate: OnCastStatus() +++ Lyric Speaker Box 21f384:0xab421198:NOT_SETUP
04-09 10:48:40.970  2968  3172 I LibreCastControlDelegate: Device Build Number -> '1.52.272222'
04-09 10:48:40.970  2968  3172 I librecast: updateCastBuildVersion() Version 1.52.272222
04-09 10:48:40.970  2712  2712 I lucitransport: readRemoteMessage() MID char = 7 buffer = 1.52.272222
04-09 10:48:40.999  2733  2767 D bt_btif_scanner: btif_gatts_upstreams_evt: Unhandled event (26)
04-09 10:48:41.050  3091  3091 I cast_shell: [3094:3133:INFO:metrics_recorder.cc(282)] Record action: Setup.version.BLE
04-09 10:48:41.094  3091  3091 I cast_shell: [3094:3102:ERROR:connectivity_checker_impl.cc(265)] Connectivity check failed: 400
04-09 10:48:41.148  3091  3091 I cast_shell: [3094:3133:INFO:metrics_recorder.cc(282)] Record action: Setup.name_utf8.BLE
04-09 10:48:41.444  2733  2767 D bt_btif_scanner: btif_gatts_upstreams_evt: Unhandled event (26)
04-09 10:48:41.445  3091  3091 I cast_shell: [3094:3133:INFO:metrics_recorder.cc(282)] Record action: Setup.tos_accepted.BLE
04-09 10:48:41.474  3091  3091 I cast_shell: [3094:3133:INFO:metrics_recorder.cc(282)] Record action: Setup.state.BLE
04-09 10:48:41.504  3091  3091 I cast_shell: [3094:3133:INFO:metrics_recorder.cc(282)] Record action: Setup.ip_address.BLE
04-09 10:48:41.563  3091  3091 I cast_shell: [3094:3133:INFO:metrics_recorder.cc(282)] Record action: Setup.eureka_info_immutable_basic.BLE
04-09 10:48:41.608  3091  3091 I cast_shell: [3094:3133:INFO:metrics_recorder.cc(282)] Record action: Setup.eureka_info_mutable_reads.BLE
04-09 10:48:41.638  3091  3091 I cast_shell: [3094:3133:INFO:metrics_recorder.cc(282)] Record action: Setup.eureak_info_keys.BLE
04-09 10:48:41.744  3091  3091 I cast_shell: [3094:3133:INFO:metrics_recorder.cc(282)] Record action: Setup.eureka_info_immutable_basic.BLE
04-09 10:48:41.773  3091  3091 I cast_shell: [3094:3133:INFO:metrics_recorder.cc(282)] Record action: Setup.eureak_info_keys.BLE
04-09 10:48:41.954  3091  3091 I chatty  : uid=1000(chrome) /bin/logwrapper identical 2 lines
04-09 10:48:42.044  3091  3091 I cast_shell: [3094:3133:INFO:metrics_recorder.cc(282)] Record action: Setup.eureak_info_keys.BLE
04-09 10:48:42.101  3091  3091 I cast_shell: [3094:3102:ERROR:connectivity_checker_impl.cc(265)] Connectivity check failed: 400
04-09 10:48:42.119  3091  3091 I cast_shell: [3094:3133:INFO:metrics_recorder.cc(282)] Record action: Setup.eureak_info_keys.BLE
04-09 10:48:42.194  3091  3091 I cast_shell: [3094:3133:INFO:metrics_recorder.cc(282)] Record action: Setup.eureak_info_keys.BLE
04-09 10:48:42.269  3091  3091 I cast_shell: [3094:3133:INFO:metrics_recorder.cc(282)] Record action: Setup.i8n_info.BLE
04-09 10:48:42.643  3091  3091 I chatty  : uid=1000(chrome) /bin/logwrapper identical 5 lines
04-09 10:48:42.718  3091  3091 I cast_shell: [3094:3133:INFO:metrics_recorder.cc(282)] Record action: Setup.i8n_info.BLE
04-09 10:48:42.780  3091  3091 I cast_shell: [3094:3133:INFO:ble_setup.cc(322)] Record action: Setup.set_eureka_info.BLE.CountryCode
04-09 10:48:42.780  3091  3091 I cast_shell: [3094:3133:INFO:locale_manager.cc(639)] New country code: IN
04-09 10:48:42.789  2711  2723 I yani_server: NetLink Event '-1' Interface-Index '5' WLAN '-1' Ethernet '-1' Parsed-iFill '-1' -> 'INVALID' ifIndex '1' -> 'lo'
04-09 10:48:43.547  2710  2710 I wpa_supplicant: wlan0: CTRL-EVENT-REGDOM-CHANGE init=USER type=COUNTRY alpha2=IN
04-09 10:48:43.548  2711  2723 I yani_server: NetLink Event '-1' Interface-Index '5' WLAN '0' Ethernet '-1' Parsed-iFill '-1' -> 'INVALID' ifIndex '1' -> 'lo'
04-09 10:48:43.550  3091  3091 I cast_shell: [3094:3102:ERROR:connectivity_checker_impl.cc(265)] Connectivity check failed: 400
04-09 10:48:43.751  2968  3172 I LibreCastControlDelegate: OnCastStatus() +++ Lyric Speaker Box 21f384:0xab421198:NOT_SETUP
04-09 10:48:43.751  2968  3172 I LibreCastControlDelegate: Device Build Number -> '1.52.272222'
04-09 10:48:43.751  2968  3172 I librecast: updateCastBuildVersion() Version 1.52.272222
04-09 10:48:43.752  2712  2712 I lucitransport: readRemoteMessage() MID char = 7 buffer = 1.52.272222
04-09 10:48:43.752  2968  3172 I LibreCastControlDelegate: Active Applications -> 0
04-09 10:48:43.752  2968  3172 I LibreCastControlDelegate: Current Cast State '2' -> 'NOT_SETUP'
04-09 10:48:43.752  2968  3172 I LibreCastControlDelegate: OnCastStatus() ---
04-09 10:48:43.844  3091  3091 I cast_shell: [3094:3133:INFO:ble_setup.cc(322)] Record action: Setup.scan_wifi.BLE
04-09 10:48:43.845  3091  3091 I cast_shell: [3094:3133:WARNING:wifi_controller_wpa_supplicant.cc(797)] Wpa responses FAIL-BUSY, assuming it is associating, which will keep scan_results fresh.
04-09 10:48:44.556  3091  3091 I cast_shell: [3094:3102:ERROR:connectivity_checker_impl.cc(265)] Connectivity check failed: 400
04-09 10:48:46.570  3091  3091 I chatty  : uid=1000(chrome) /bin/logwrapper identical 2 lines
04-09 10:48:47.576  3091  3091 I cast_shell: [3094:3102:ERROR:connectivity_checker_impl.cc(265)] Connectivity check failed: 400
04-09 10:48:47.879  3091  3091 I cast_shell: [3094:3133:INFO:ble_setup.cc(322)] Record action: Setup.scan_wifi.BLE
04-09 10:48:47.880  3091  3091 I cast_shell: [3094:3133:WARNING:wifi_controller_wpa_supplicant.cc(797)] Wpa responses FAIL-BUSY, assuming it is associating, which will keep scan_results fresh.
04-09 10:48:48.051  2711  2723 I yani_server: NetLink Event '-1' Interface-Index '5' WLAN '0' Ethernet '-1' Parsed-iFill '-1' -> 'INVALID' ifIndex '1' -> 'lo'
04-09 10:48:48.054  2711  2723 I chatty  : uid=0(root) YaniServer identical 2 lines
04-09 10:48:48.057  2711  2723 I yani_server: NetLink Event '-1' Interface-Index '5' WLAN '0' Ethernet '-1' Parsed-iFill '-1' -> 'INVALID' ifIndex '1' -> 'lo'
04-09 10:48:48.058  2967  2978 D wac-main: Netlink event
04-09 10:48:48.058  2967  2978 E wac-main: Netlink event 16 Interface Index 5 
04-09 10:48:48.058  2967  2978 E wac-main: Enter poll and wait
04-09 10:48:48.059  2711  2723 I yani_kernel: yani_geteventfrom_changeaddr() Message-Id '1' Netlink event '16' Interface Index '5' -> Name 'wlan0' 
04-09 10:48:48.062  2967  2978 D wac-main: Netlink event
04-09 10:48:48.062  2967  2978 E wac-main: Netlink event 16 Interface Index 5 
04-09 10:48:48.062  2967  2978 E wac-main: Enter poll and wait
04-09 10:48:48.063  2711  2723 I yani_kernel: yani_geteventfrom_changeaddr() Message-Id '1' Netlink event '16' Interface Index '5' -> Name 'wlan0' 
04-09 10:48:48.065  2968  3172 I LibreCastControlDelegate: OnCastStatus() +++ Lyric Speaker Box 21f384:0xab421198:NOT_SETUP
04-09 10:48:48.065  2968  3172 I LibreCastControlDelegate: Device Build Number -> '1.52.272222'
04-09 10:48:48.065  2968  3172 I librecast: updateCastBuildVersion() Version 1.52.272222
04-09 10:48:48.066  2712  2712 I lucitransport: readRemoteMessage() MID char = 7 buffer = 1.52.272222
04-09 10:48:48.066  2968  3172 I LibreCastControlDelegate: Active Applications -> 0
04-09 10:48:48.066  2968  3172 I LibreCastControlDelegate: Current Cast State '2' -> 'NOT_SETUP'
04-09 10:48:48.066  2968  3172 I LibreCastControlDelegate: OnCastStatus() ---
04-09 10:48:48.583  3091  3091 I cast_shell: [3094:3102:ERROR:connectivity_checker_impl.cc(265)] Connectivity check failed: 400
04-09 10:48:50.306  2732  2742 E NetworkMonitor: cannot find default IPv4 route for wlan0
04-09 10:48:50.306  2732  2742 E NetworkMonitor: cannot find default IPv6 route for wlan0
04-09 10:48:50.596  3091  3091 I chatty  : uid=1000(chrome) /bin/logwrapper identical 2 lines
04-09 10:48:51.603  3091  3091 I cast_shell: [3094:3102:ERROR:connectivity_checker_impl.cc(265)] Connectivity check failed: 400
04-09 10:48:51.943  3091  3091 I cast_shell: [3094:3133:INFO:metrics_recorder.cc(282)] Record action: Setup.scan_results.BLE
04-09 10:48:52.018  3091  3091 I cast_shell: [3094:3133:INFO:metrics_recorder.cc(282)] Record action: Setup.scan_results.BLE
04-09 10:48:52.610  3091  3091 I cast_shell: [3094:3102:ERROR:connectivity_checker_impl.cc(265)] Connectivity check failed: 400
04-09 10:48:53.378  2732  2742 E NetworkMonitor: no response for /bin/ping -n -I wlan0 -c 10 -w 10 8.8.8.8
04-09 10:48:53.390  2732  2742 E NetworkMonitor: no response for /bin/ping6 -n -I wlan0 -c 10 -w 10 2001:4860:4860::8888
04-09 10:48:53.391  2732  2742 E NetworkMonitor: dns resolution failed
04-09 10:48:53.617  3091  3091 I cast_shell: [3094:3102:ERROR:connectivity_checker_impl.cc(265)] Connectivity check failed: 400
04-09 10:48:54.178  3091  3091 I cast_shell: [3094:3133:INFO:ble_setup.cc(322)] Record action: Setup.play_sound.BLE
04-09 10:48:54.179  3091  3091 I cast_shell: [3094:3112:INFO:synchronized_sound_player.cc(362)] Playing sound key 2
04-09 10:48:54.207  3091  3091 I cast_shell: [3094:3112:INFO:audio_decoder_software_wrapper.cc(86)] Using backend decoder for PCM
04-09 10:48:54.208  3091  3091 I cast_shell: [3094:3117:INFO:mixer_input_connection.cc(208)] Create 0xf41614d0 (no_delay), content type: media, focus type: media, fill size: 512, algorithm fill size: 221, channel count: 1, input sample rate: 44100, start threshold: 3087, max queue size: 8820, socket: 0xf4055e20
04-09 10:48:54.208  3091  3091 I cast_shell: [3094:3116:INFO:mixer_output_stream_alsa.cc(428)] ALSA buffer = 4096, period = 512
04-09 10:48:54.208  3091  3091 I cast_shell: [3094:3115:INFO:stream_mixer.cc(604)] Input source channel count = 1
04-09 10:48:54.208  3091  3091 I cast_shell: [3094:3115:INFO:stream_mixer.cc(607)] Dynamic channel count not enabled; using stereo
04-09 10:48:54.208  3091  3091 I cast_shell: [3094:3115:INFO:stream_mixer.cc(604)] Input source channel count = 1
04-09 10:48:54.208  3091  3091 I cast_shell: [3094:3115:INFO:stream_mixer.cc(607)] Dynamic channel count not enabled; using stereo
04-09 10:48:54.208  3091  3091 I cast_shell: [3094:3115:INFO:stream_mixer.cc(416)] Start with 0 active inputs
04-09 10:48:54.211  3091  3091 I cast_shell: [3094:3116:INFO:mixer_output_stream_alsa.cc(171)] snd_pcm_open: handle=0xf420c240
04-09 10:48:54.219  3091  3091 I cast_shell: [3094:3116:WARNING:mixer_output_stream_alsa.cc(341)] Requested sample rate (44100 Hz) does not match the actual sample rate (48000 Hz). This may lead to lower audio quality.
04-09 10:48:54.219  3091  3091 I cast_shell: [3094:3116:INFO:mixer_output_stream_alsa.cc(346)] Sample rate changed from 0 to 48000
04-09 10:48:54.220  3091  3091 I cast_shell: [3094:3116:WARNING:mixer_output_stream_alsa.cc(379)] Requested period size (512 frames) does not match the actual period size (1024 frames). This may lead to an increase in CPU usage or an increase in audio latency.
04-09 10:48:54.223  3091  3091 I cast_shell: [3094:3133:INFO:ble_setup.cc(322)] Record action: Setup.play_sound.BLE
04-09 10:48:54.223  3091  3091 I cast_shell: [3094:3116:INFO:filter_group.cc(340)] : 2ch@48000hz -> [GROUP]mix -> 2ch@48000hz
04-09 10:48:54.223  3091  3091 I cast_shell: [3094:3116:INFO:filter_group.cc(340)] [GROUP]mix: 2ch@48000hz -> [GROUP]linearize -> 2ch@48000hz
04-09 10:48:54.224  3091  3091 I cast_shell: [3094:3115:INFO:stream_mixer.cc(466)] Output 2 channels at 48000 samples per second
04-09 10:48:54.224  3091  3091 I cast_shell: [3094:3115:INFO:stream_mixer.cc(484)] Using 2 loopback channels
04-09 10:48:54.224  3091  3091 I cast_shell: [3094:3115:INFO:stream_mixer.cc(640)] Add input 0xf41614d4 to mix @ 48000 samples per second. Is primary source? = 0
04-09 10:48:54.230  3091  3091 I cast_shell: [3094:3112:INFO:synchronized_sound_player.cc(362)] Playing sound key 0
04-09 10:48:54.230  3091  3091 I cast_shell: [3094:3117:INFO:mixer_input_connection.cc(386)] Remove 0xf41614d0
04-09 10:48:54.230  3091  3091 I cast_shell: [3094:3115:INFO:mixer_input.cc(361)] no_delay(0xf41614d4): set volume limits to [0, 1]
04-09 10:48:54.230  3091  3091 I cast_shell: [3094:3115:INFO:mixer_input.cc(121)] Remixing channels for 0xf41614d4 from 1 to 2
04-09 10:48:54.230  3091  3091 I cast_shell: [3094:3115:INFO:mixer_input.cc(346)] no_delay(0xf41614d4): type volume = 1, effective multiplier = 1
04-09 10:48:54.230  3091  3091 I cast_shell: [3094:3115:INFO:mixer_input.cc(395)] no_delay(0xf41614d4): mute volume = 1, effective multiplier = 1
04-09 10:48:54.230  3091  3091 I cast_shell: [3094:3117:INFO:mixer_input_connection.cc(243)] Delete 0xf41614d0
04-09 10:48:54.231  3091  3091 I cast_shell: [3094:3102:INFO:loopback_audio_input.cc(194)] [REALIGN] loopback interrupted; reason = 4
04-09 10:48:54.231  3091  3091 I cast_shell: [3094:3115:INFO:stream_mixer.cc(683)] Remove input 0xf41614d4
04-09 10:48:54.231  3091  3091 I chatty  : uid=1000(chrome) /bin/logwrapper identical 1 line
04-09 10:48:54.231  3091  3091 I cast_shell: [3094:3115:INFO:stream_mixer.cc(683)] Remove input 0xf41614d4
04-09 10:48:54.250  3091  3091 I cast_shell: [3094:3112:INFO:audio_decoder_software_wrapper.cc(86)] Using backend decoder for PCM
04-09 10:48:54.250  3091  3091 I cast_shell: [3094:3117:INFO:mixer_input_connection.cc(208)] Create 0xf41614d0 (no_delay), content type: media, focus type: media, fill size: 512, algorithm fill size: 240, channel count: 2, input sample rate: 48000, start threshold: 3360, max queue size: 9600, socket: 0xf40210b0
04-09 10:48:54.274  3091  3091 I cast_shell: [3094:3116:INFO:mixer_output_stream_alsa.cc(293)] snd_pcm_close: handle=0xf420c240
04-09 10:48:54.275  3091  3091 I cast_shell: [3094:3115:INFO:stream_mixer.cc(604)] Input source channel count = 2
04-09 10:48:54.275  3091  3091 I cast_shell: [3094:3115:INFO:stream_mixer.cc(607)] Dynamic channel count not enabled; using stereo
04-09 10:48:54.275  3091  3091 I cast_shell: [3094:3115:INFO:stream_mixer.cc(604)] Input source channel count = 2
04-09 10:48:54.275  3091  3091 I cast_shell: [3094:3115:INFO:stream_mixer.cc(607)] Dynamic channel count not enabled; using stereo
04-09 10:48:54.275  3091  3091 I cast_shell: [3094:3115:INFO:stream_mixer.cc(416)] Start with 0 active inputs
04-09 10:48:54.278  3091  3091 I cast_shell: [3094:3116:INFO:mixer_output_stream_alsa.cc(171)] snd_pcm_open: handle=0xf4229818
04-09 10:48:54.286  3091  3091 I cast_shell: [3094:3116:INFO:mixer_output_stream_alsa.cc(346)] Sample rate changed from 48000 to 48000
04-09 10:48:54.289  3091  3091 I cast_shell: [3094:3115:INFO:stream_mixer.cc(466)] Output 2 channels at 48000 samples per second
04-09 10:48:54.289  3091  3091 I cast_shell: [3094:3115:INFO:stream_mixer.cc(484)] Using 2 loopback channels
04-09 10:48:54.289  3091  3091 I cast_shell: [3094:3116:INFO:filter_group.cc(340)] : 2ch@48000hz -> [GROUP]mix -> 2ch@48000hz
04-09 10:48:54.289  3091  3091 I cast_shell: [3094:3116:INFO:filter_group.cc(340)] [GROUP]mix: 2ch@48000hz -> [GROUP]linearize -> 2ch@48000hz
04-09 10:48:54.290  3091  3091 I cast_shell: [3094:3115:INFO:stream_mixer.cc(640)] Add input 0xf41614d4 to mix @ 48000 samples per second. Is primary source? = 0
04-09 10:48:54.290  3091  3091 I cast_shell: [3094:3115:INFO:mixer_input.cc(361)] no_delay(0xf41614d4): set volume limits to [0, 1]
04-09 10:48:54.290  3091  3091 I cast_shell: [3094:3115:INFO:mixer_input.cc(346)] no_delay(0xf41614d4): type volume = 1, effective multiplier = 1
04-09 10:48:54.290  3091  3091 I cast_shell: [3094:3115:INFO:mixer_input.cc(395)] no_delay(0xf41614d4): mute volume = 1, effective multiplier = 1
04-09 10:48:54.291  3091  3091 I cast_shell: [3094:3112:INFO:media_pipeline_backend_for_mixer.cc(276)] Audio ready to play
04-09 10:48:54.292  3091  3091 I cast_shell: [3094:3115:INFO:mixer_input_connection.cc(1053)] 0xf41614d0 ready for playback
04-09 10:48:54.292  3091  3091 I cast_shell: [3094:3115:INFO:mixer_input_connection.cc(705)] Start 0xf41614d0
04-09 10:48:54.624  3091  3091 I cast_shell: [3094:3102:ERROR:connectivity_checker_impl.cc(265)] Connectivity check failed: 400
04-09 10:48:55.630  3091  3091 I cast_shell: [3094:3102:ERROR:connectivity_checker_impl.cc(265)] Connectivity check failed: 400
04-09 10:48:55.878  3091  3091 I cast_shell: [3094:3115:INFO:mixer_input_connection.cc(589)] End of stream for 0xf41614d0
04-09 10:48:56.070  3091  3091 I cast_shell: [3094:3112:INFO:synchronized_sound_player.cc(496)] Finished playing sound
04-09 10:48:56.070  3091  3091 I cast_shell: [3094:3117:INFO:mixer_input_connection.cc(386)] Remove 0xf41614d0
04-09 10:48:56.134  3091  3091 I cast_shell: [3094:3117:INFO:mixer_input_connection.cc(243)] Delete 0xf41614d0
04-09 10:48:56.134  3091  3091 I cast_shell: [3094:3115:INFO:stream_mixer.cc(683)] Remove input 0xf41614d4
04-09 10:48:56.134  3091  3091 I cast_shell: [3094:3115:INFO:stream_mixer.cc(774)] Close timeout
04-09 10:48:56.134  3091  3091 I cast_shell: [3094:3115:INFO:stream_mixer.cc(541)] Stop
04-09 10:48:56.135  3091  3091 I cast_shell: [3094:3102:INFO:loopback_audio_input.cc(194)] [REALIGN] loopback interrupted; reason = 4
04-09 10:48:56.135  3091  3091 I cast_shell: [3094:3094:INFO:cast_receiver_mojo.cc(844)] cast event : Cast.Platform.Audio.OutputInterrupted
04-09 10:48:56.219  3091  3091 I cast_shell: [3094:3116:INFO:mixer_output_stream_alsa.cc(293)] snd_pcm_close: handle=0xf4229818
04-09 10:48:56.637  3091  3091 I cast_shell: [3094:3102:ERROR:connectivity_checker_impl.cc(265)] Connectivity check failed: 400
04-09 10:48:59.657  3091  3091 I chatty  : uid=1000(chrome) /bin/logwrapper identical 3 lines
04-09 10:49:00.663  3091  3091 I cast_shell: [3094:3102:ERROR:connectivity_checker_impl.cc(265)] Connectivity check failed: 400
04-09 10:49:00.957  2711  2723 I yani_server: NetLink Event '-1' Interface-Index '5' WLAN '-1' Ethernet '-1' Parsed-iFill '-1' -> 'INVALID' ifIndex '1' -> 'lo'
04-09 10:49:00.958  2711  2723 I yani_server: NetLink Event '-1' Interface-Index '5' WLAN '0' Ethernet '-1' Parsed-iFill '-1' -> 'INVALID' ifIndex '1' -> 'lo'
04-09 10:49:00.975  2711  2723 I chatty  : uid=0(root) YaniServer identical 27 lines
04-09 10:49:00.976  2711  2723 I yani_server: NetLink Event '-1' Interface-Index '5' WLAN '0' Ethernet '-1' Parsed-iFill '-1' -> 'INVALID' ifIndex '1' -> 'lo'
04-09 10:49:01.670  3091  3091 I cast_shell: [3094:3102:ERROR:connectivity_checker_impl.cc(265)] Connectivity check failed: 400
04-09 10:49:04.689  3091  3091 I chatty  : uid=1000(chrome) /bin/logwrapper identical 3 lines
04-09 10:49:05.695  3091  3091 I cast_shell: [3094:3102:ERROR:connectivity_checker_impl.cc(265)] Connectivity check failed: 400
04-09 10:49:05.830  3091  3091 I cast_shell: [3094:3094:INFO:grpc_manager_impl.cc(505)] GRPC[uri=[::]:0]: num_pending_calls=0, num_active_handlers=0, num_free_handlers=0
04-09 10:49:05.831  3091  3091 I cast_shell: [3094:3094:INFO:grpc_manager_impl.cc(505)] GRPC[uri=]: num_pending_calls=0, num_active_handlers=0, num_free_handlers=0
04-09 10:49:05.896  3091  3091 I cast_shell: [3094:3094:INFO:grpc_manager_impl.cc(505)] GRPC[uri=unix:/tmp/hcp_ipc_auth.socket]: num_pending_calls=0, num_active_handlers=10, num_free_handlers=0
04-09 10:49:05.901  3091  3091 I cast_shell: [3094:3094:INFO:grpc_manager_impl.cc(505)] GRPC[uri=unix:/tmp/modular_updater/modular_update_service]: num_pending_calls=0, num_active_handlers=0, num_free_handlers=0
04-09 10:49:05.925  3091  3091 I cast_shell: [3094:3094:INFO:metrics_recorder.cc(112)] Metrics stat: total=10
04-09 10:49:05.925  3091  3091 I cast_shell: Setup.eureak_info_keys.BLE=7
04-09 10:49:05.925  3091  3091 I cast_shell: Setup.eureka_info_immutable_basic.BLE=2
04-09 10:49:05.925  3091  3091 I cast_shell: Setup.eureka_info_mutable_reads.BLE=1
04-09 10:49:05.925  3091  3091 I cast_shell: Setup.i8n_info.BLE=7
04-09 10:49:05.925  3091  3091 I cast_shell: Setup.ip_address.BLE=1
04-09 10:49:05.925  3091  3091 I cast_shell: Setup.name_utf8.BLE=1
04-09 10:49:05.925  3091  3091 I cast_shell: Setup.scan_results.BLE=2
04-09 10:49:05.925  3091  3091 I cast_shell: Setup.state.BLE=1
04-09 10:49:05.925  3091  3091 I cast_shell: Setup.tos_accepted.BLE=1
04-09 10:49:05.925  3091  3091 I cast_shell: Setup.version.BLE=1
04-09 10:49:06.074  3091  3091 I cast_shell: [3094:3094:INFO:grpc_manager_impl.cc(505)] GRPC[uri=[::]:8012]: num_pending_calls=0, num_active_handlers=1, num_free_handlers=0
04-09 10:49:06.702  3091  3091 I cast_shell: [3094:3102:ERROR:connectivity_checker_impl.cc(265)] Connectivity check failed: 400
04-09 10:49:37.904  3091  3091 I chatty  : uid=1000(chrome) /bin/logwrapper identical 31 lines
04-09 10:49:38.911  3091  3091 I cast_shell: [3094:3102:ERROR:connectivity_checker_impl.cc(265)] Connectivity check failed: 400
04-09 10:49:39.321  3091  3091 I cast_shell: [3094:3133:INFO:ble_setup.cc(322)] Record action: Setup.connect_wifi.BLE
04-09 10:49:39.328  3091  3091 I cast_shell: [3094:3133:INFO:setup_manager_impl.cc(1965)] New value: pref=tos-accepted, value=1
04-09 10:49:39.328  3091  3091 I cast_shell: [3094:3133:INFO:api_connect_wifi.cc(86)] connect_wifi Auth: 7
04-09 10:49:39.328  3091  3091 I cast_shell: [3094:3133:INFO:api_connect_wifi.cc(90)] connect_wifi Cipher: 4
04-09 10:49:39.328  3091  3091 I cast_shell: [3094:3094:INFO:bluetooth_setup.cc(686)] Disabling connectability: no bonded devices.
04-09 10:49:39.328  3091  3091 I cast_shell: [3094:3094:INFO:cast_receiver_impl.cc(1100)] Leaving discovery-only mode
04-09 10:49:39.328  3091  3091 I cast_shell: [3094:3094:INFO:application_config_manager_impl.cc(566)] Enabling virtual device 9fb3a935-6767-0923-1a96-eef89fa35aeb
04-09 10:49:39.329  3091  3091 I cast_shell: [3094:3143:INFO:mdns_cast_service.cc(351)] Device discovery state is idle
04-09 10:49:39.329  3091  3091 I cast_shell: [3094:3143:INFO:mdns_util.cc(102)] Defaulting mDNS capabilities for audio-only build
04-09 10:49:39.342  3091  3091 I cast_shell: [3094:3133:INFO:wifi_controller_wpa_supplicant.cc(1188)] strongest_snr=25 wifi_interface_index=0
04-09 10:49:39.357  3091  3091 I cast_shell: [3094:3133:INFO:api_connect_wifi.cc(159)] [PII] Configuring wifi: ssid=Linksys16717_2G, auth=7, pairwise=4, id=0"
04-09 10:49:39.357  3091  3091 I cast_shell: [3094:3133:INFO:api_connect_wifi.cc(162)] Configuring wifi: otg =0, tethering_mode =0, wifi_auto_save_enabled=0
04-09 10:49:39.357  3091  3091 I cast_shell: [3094:3133:INFO:local_network_info_impl.cc(276)] CONNECTIVITY_ID changed:
04-09 10:49:39.358  2733  2767 I bluetoothtbd: [0408/221939.358709:INFO:adapter.cc(551)] Adapter properties changed
04-09 10:49:39.359  3091  3091 I cast_shell: [3094:3133:INFO:setup_state.cc(261)] Setup state changed: SETUP_STATE_DISCONNECTED_EXTERNAL_CLIENT_ACCESSED (11) -> SETUP_STATE_SCANNING (20)
04-09 10:49:39.359  3091  3091 I cast_shell: [3094:3133:INFO:bluetooth_manager.cc(115)] Record action: Cast.Bluetooth.DiscoveryMode.Disable
04-09 10:49:39.363  3091  3091 I cast_shell: [3094:3094:INFO:ccs_manager_impl.cc(1799)] Connectivity ID has changed; Will re-register CCS
04-09 10:49:39.363  3091  3091 I cast_shell: [3094:3094:INFO:ccs_manager_impl.cc(851)] Network connectivity down for CcsManager
04-09 10:49:39.363  3091  3091 I cast_shell: [3094:3133:INFO:setup_state.cc(261)] Setup state changed: SETUP_STATE_SCANNING (20) -> SETUP_STATE_CHECKING_GLOBAL_CONNECTIVITY (50)
04-09 10:49:39.363  2711  2723 I yani_server: NetLink Event '-1' Interface-Index '5' WLAN '0' Ethernet '-1' Parsed-iFill '-1' -> 'INVALID' ifIndex '1' -> 'lo'
04-09 10:49:39.373  2968  3172 I LibreCastControlDelegate: OnCastStatus() +++ Lyric Speaker Box 21f384:0xab421198:OFFLINE
04-09 10:49:39.373  2968  3172 I LibreCastControlDelegate: Device Build Number -> '1.52.272222'
04-09 10:49:39.373  2968  3172 I librecast: updateCastBuildVersion() Version 1.52.272222
04-09 10:49:39.373  2712  2712 I lucitransport: readRemoteMessage() MID char = 7 buffer = 1.52.272222
04-09 10:49:39.373  2968  3172 I LibreCastControlDelegate: Active Applications -> 0
04-09 10:49:39.373  2968  3172 I LibreCastControlDelegate: Current Cast State '3' -> 'OFFLINE'
04-09 10:49:39.373  2968  3172 I LibreCastControlDelegate: OnCastStatus() ---
04-09 10:49:39.376  2968  3172 I LibreCastControlDelegate: OnCastStatus() +++ Lyric Speaker Box 21f384:0xab421198:OFFLINE
04-09 10:49:39.376  2968  3172 I LibreCastControlDelegate: Device Build Number -> '1.52.272222'
04-09 10:49:39.376  2968  3172 I librecast: updateCastBuildVersion() Version 1.52.272222
04-09 10:49:39.376  2712  2712 I lucitransport: readRemoteMessage() MID char = 7 buffer = 1.52.272222
04-09 10:49:39.377  2968  3172 I LibreCastControlDelegate: Active Applications -> 0
04-09 10:49:39.377  2968  3172 I LibreCastControlDelegate: Current Cast State '3' -> 'OFFLINE'
04-09 10:49:39.377  2968  3172 I LibreCastControlDelegate: OnCastStatus() ---
04-09 10:49:39.378  2968  3172 I LibreCastControlDelegate: OnCastStatus() +++ Lyric Speaker Box 21f384:0xab421198:OFFLINE
04-09 10:49:39.378  2968  3172 I LibreCastControlDelegate: Device Build Number -> '1.52.272222'
04-09 10:49:39.378  2968  3172 I librecast: updateCastBuildVersion() Version 1.52.272222
04-09 10:49:39.378  2712  2712 I lucitransport: readRemoteMessage() MID char = 7 buffer = 1.52.272222
04-09 10:49:39.378  2968  3172 I LibreCastControlDelegate: Active Applications -> 0
04-09 10:49:39.378  2968  3172 I LibreCastControlDelegate: Current Cast State '3' -> 'OFFLINE'
04-09 10:49:39.379  2968  3172 I LibreCastControlDelegate: OnCastStatus() ---
04-09 10:49:39.867  3091  3091 I cast_shell: [3094:3133:INFO:metrics_recorder.cc(282)] Record action: Setup.version.BLE
04-09 10:49:39.895  3091  3091 I cast_shell: [3094:3133:INFO:metrics_recorder.cc(282)] Record action: Setup.tos_accepted.BLE
04-09 10:49:39.918  3091  3091 I cast_shell: [3094:3102:ERROR:connectivity_checker_impl.cc(265)] Connectivity check failed: 400
04-09 10:49:39.925  3091  3091 I cast_shell: [3094:3133:INFO:metrics_recorder.cc(282)] Record action: Setup.state.BLE
04-09 10:49:39.955  3091  3091 I cast_shell: [3094:3133:INFO:metrics_recorder.cc(282)] Record action: Setup.ip_address.BLE
04-09 10:49:40.335  3091  3091 I cast_shell: [3094:3094:INFO:grpc_service_discovery_impl.cc(185)] Mdns discovered google RPC for [PII](D1C192D74BAB56A27A2124A0D54BB7AC).
04-09 10:49:40.497  3091  3091 I cast_shell: [3094:3133:INFO:metrics_recorder.cc(282)] Record action: Setup.version.BLE
04-09 10:49:40.525  3091  3091 I cast_shell: [3094:3133:INFO:metrics_recorder.cc(282)] Record action: Setup.tos_accepted.BLE
04-09 10:49:40.555  3091  3091 I cast_shell: [3094:3133:INFO:metrics_recorder.cc(282)] Record action: Setup.state.BLE
04-09 10:49:40.585  3091  3091 I cast_shell: [3094:3133:INFO:metrics_recorder.cc(282)] Record action: Setup.ip_address.BLE
04-09 10:49:40.924  3091  3091 I cast_shell: [3094:3102:ERROR:connectivity_checker_impl.cc(265)] Connectivity check failed: 400
04-09 10:49:41.126  3091  3091 I cast_shell: [3094:3133:INFO:metrics_recorder.cc(282)] Record action: Setup.version.BLE
04-09 10:49:41.155  3091  3091 I cast_shell: [3094:3133:INFO:metrics_recorder.cc(282)] Record action: Setup.tos_accepted.BLE
04-09 10:49:41.183  3091  3091 I cast_shell: [3094:3133:INFO:metrics_recorder.cc(282)] Record action: Setup.state.BLE
04-09 10:49:41.215  3091  3091 I cast_shell: [3094:3133:INFO:metrics_recorder.cc(282)] Record action: Setup.ip_address.BLE
04-09 10:49:41.339  3091  3091 I cast_shell: [3094:3143:INFO:mdns_app_filter.cc(1526)] MdnsAppFilter: Done announcing.
04-09 10:49:41.755  3091  3091 I cast_shell: [3094:3133:INFO:metrics_recorder.cc(282)] Record action: Setup.version.BLE
04-09 10:49:41.801  3091  3091 I cast_shell: [3094:3133:INFO:metrics_recorder.cc(282)] Record action: Setup.tos_accepted.BLE
04-09 10:49:41.830  3091  3091 I cast_shell: [3094:3133:INFO:metrics_recorder.cc(282)] Record action: Setup.state.BLE
04-09 10:49:41.875  3091  3091 I cast_shell: [3094:3133:INFO:metrics_recorder.cc(282)] Record action: Setup.ip_address.BLE
