04-09 09:49:17.497  3073  3073 I cast_shell: [3076:3416:INFO:net_util_impl.cc(582)] IP address: [PII](192.168.1.1) MAC address: [PII](C8:B3:73:44:AE:ED)
04-09 09:49:17.499  2731  2741 E DNSResolver: Error recv: Resource temporarily unavailable
04-09 09:49:17.499  2731  2741 E DNSResolver: Error in connect: Network is unreachable
04-09 09:49:17.677  2731  2741 I HttpTimeSync: Building resolve list for clients1.google.com, total 1.
04-09 09:49:17.677  2731  2741 I HttpTimeSync: 	0: 142.251.36.142
04-09 09:49:17.982  3073  3073 I cast_shell: [3076:3114:INFO:ble_setup.cc(789)] Missing required info for sign.
04-09 09:49:18.025  3073  3073 I cast_shell: [3076:3114:INFO:ble_setup.cc(915)] Sign related info completed, no future EurekaInfo need sign.
04-09 09:49:18.043  3073  3073 I cast_shell: [system_updater_dummy.cpp(139)] CheckUpdate 139
04-09 09:49:18.043  3073  3073 I cast_shell: [system_updater_dummy.cpp(148)] CheckUpdate 148 return
04-09 09:49:18.071  2731  2741 I HttpTimeSync: Http time synced
04-09 09:49:18.118  3073  3073 I cast_shell: [3076:3111:INFO:snr_tracker.cc(50)] snr = 51
04-09 09:49:18.166  3073  3073 I cast_shell: [3076:3124:INFO:mdns_app_filter.cc(1403)] MdnsAppFilter: Done probing.
04-09 09:49:18.476  3073  3073 I cast_shell: [3076:3114:INFO:metrics_recorder.cc(282)] Record action: Setup.state.BLE
04-09 09:49:18.479  3073  3073 I cast_shell: [3076:3124:INFO:mdns_app_filter.cc(2645)] MdnsAppFilter: responses sent in 151 seconds: 1
04-09 09:49:18.481  3073  3073 I cast_shell: [3076:3076:INFO:application_config_manager_impl.cc(683)] No capability tags found for app ID CC1AD845: using default capability tags 0
04-09 09:49:18.482  3073  3073 I cast_shell: [3076:3076:INFO:application_config_manager_impl.cc(637)] Virtual device not enabled: [PII](efcac2ce-283e-72b5-6667-2ae62e48994e)
04-09 09:49:18.482  3073  3073 I cast_shell: [3076:3076:WARNING:application_config_manager_impl.cc(424)] App is not supported: id=CC1AD845
04-09 09:49:18.750  3073  3073 I cast_shell: [3076:3076:INFO:ccs_transport_gcm.cc(244)] Registered GCM handler
04-09 09:49:18.750  3073  3073 I cast_shell: [3076:3076:INFO:ccs_manager_impl.cc(1322)] Waiting for all transports to be enabled
04-09 09:49:18.754  3073  3073 I cast_shell: [3076:3076:INFO:lycra_gcm.cc(212)] Registered GCM handler
04-09 09:49:18.956  3073  3073 I cast_shell: [3076:3125:INFO:metrics_recorder.cc(282)] Cast v2 action(socket_id=efcac2ce-283e-72b5-6667-2ae62e48994e.2): CastV2.Connection.Connect.In
04-09 09:49:18.957  3073  3073 I cast_shell: [3076:3076:INFO:application_config_manager_impl.cc(683)] No capability tags found for app ID CC1AD845: using default capability tags 0
04-09 09:49:18.957  3073  3073 I cast_shell: [3076:3076:INFO:application_config_manager_impl.cc(637)] Virtual device not enabled: [PII](efcac2ce-283e-72b5-6667-2ae62e48994e)
04-09 09:49:18.957  3073  3073 I cast_shell: [3076:3076:WARNING:application_config_manager_impl.cc(424)] App is not supported: id=CC1AD845
04-09 09:49:18.958  3073  3073 I cast_shell: [3076:3114:INFO:setup_namespace_handler.cc(94)] Added a peer for setup namespace: efcac2ce-283e-72b5-6667-2ae62e48994e.2:gms_cast_prober-1
04-09 09:49:18.959  3073  3073 I cast_shell: [3076:3114:INFO:setup_state.cc(544)] EurekaInfoCalled: wifi_state=10, is_usable_ip_address=1, connected=1, is_initial_setup=0
04-09 09:49:18.966  3073  3073 I cast_shell: [3076:3140:INFO:crl_downloader.cc(155)] CRL processed.
04-09 09:49:18.970  3073  3073 I cast_shell: [3076:3140:INFO:metrics_recorder.cc(282)] cast event: Cast.CRL.DownloadSuccess
04-09 09:49:18.970  3073  3073 I cast_shell: [3076:3140:INFO:client_auth_signer.cc(211)] Cast certificate verification: CastCertError::OK
04-09 09:49:18.970  3073  3073 I cast_shell: [3076:3140:INFO:metrics_recorder.cc(282)] cast event: Cast.Auth.OK
04-09 09:49:19.067  3073  3073 I cast_shell: [system_updater_dummy.cpp(139)] CheckUpdate 139
04-09 09:49:19.067  3073  3073 I cast_shell: [system_updater_dummy.cpp(148)] CheckUpdate 148 return
04-09 09:49:19.134  3073  3073 I cast_shell: [3076:3076:INFO:mdns_util.cc(102)] Defaulting mDNS capabilities for audio-only build
04-09 09:49:19.134  3073  3073 I cast_shell: [3076:3076:INFO:mdns_util.cc(102)] Defaulting mDNS capabilities for audio-only build
04-09 09:49:19.152  2959  2973 I otamanager: OTA:curl response code : 0	
04-09 09:49:19.152  2959  2973 I otamanager: http status code : 200
04-09 09:49:19.152  2959  2973 I otamanager: OTA: contentLen :187.000000
04-09 09:49:19.156  3073  3073 I cast_shell: [3076:3114:INFO:setup_namespace_handler.cc(104)] Removed a peer for setup namespace: efcac2ce-283e-72b5-6667-2ae62e48994e.2:gms_cast_prober-1
04-09 09:49:19.157  3073  3073 I cast_shell: [3076:3125:INFO:v2_ssl_socket.cc(358)] Stop reading on pending closed socket
04-09 09:49:19.159  2959  2973 I otamanager: OTA: bytesDownloaded = 187 m_iHttpStatusCode = 200 
04-09 09:49:19.165  3073  3073 I cast_shell: [3076:3084:INFO:heartbeat_manager.cc(272)] Set HBInterval default: 1680000
04-09 09:49:19.165  2959  2973 E otamanager: OTA:error string =  No update available
04-09 09:49:19.165  2691  2691 I sh      : {
04-09 09:49:19.165  2691  2691 I sh      : 	"castVersion" : null,
04-09 09:49:19.166  2712  2712 I lucitransport: writeRemoteMessage() MID = 223 buffer = NO_UPDATE
04-09 09:49:19.166  2712  2712 I luciUART: write() MID = 223  bytes = 19 data = NO_UPDATE m_fd = 0x5
04-09 09:49:19.166  2959  2973 I otamanager: Firmware Update State Change from CheckUpdate to Idle
04-09 09:49:19.166  2691  2691 I sh      : 	"crc" : null,
04-09 09:49:19.166  2691  2691 I sh      : 	"errorCode" : 1001,
04-09 09:49:19.166  2691  2691 I sh      : 	"errorString" : "No update available",
04-09 09:49:19.182  2712  2712 I lucitransport: readRemoteMessage() MID char = 6 buffer = 1001
04-09 09:49:19.182  2712  2712 I lucitransport: readRemoteMessage() MID char = 7 buffer = 1.52.272222
04-09 09:49:19.182  2959  2973 I otamanager: OTA: DownloadHttpContent :payload =  {"device":{"brand":"COTODAMA","castVersion":"1.52.272222","deviceId":"cc909321f384","deviceType":"LS10_C4A","fwVersion":"1203","googleCast":true,"mcuVersion":"1001","model":"LSB"}}
04-09 09:49:19.182  2959  2973 I otamanager:  
04-09 09:49:19.183  2959  2973 I otamanager: OTA:------curlDownloadFirmwareXml---
04-09 09:49:19.183  2959  2973 I otamanager: OTA:isValidIpAddress: result 0
04-09 09:49:19.512  3073  3073 I cast_shell: [3076:3114:INFO:metrics_recorder.cc(282)] Record action: Setup.state.BLE
04-09 09:49:19.635  2959  2973 I otamanager: OTA:ResolveDNSName IP = 3.213.213.19
04-09 09:49:19.635  2959  2973 I otamanager: OTA:hostIp string: https://3.213.213.19/v1
04-09 09:49:19.635  2959  2973 I otamanager: OTA: trying after 2 sec 
04-09 09:49:19.643  3073  3073 I cast_shell: [3076:3076:INFO:config_downloader.cc(700)] Received Protobuf config response
04-09 09:49:19.663  3073  3073 I cast_shell: [3076:3076:INFO:application_manager_impl.cc(2024)] max_background_apps changed to: 1
04-09 09:49:19.663  3073  3073 I cast_shell: [3076:3076:ERROR:modular_update_manager_impl.cc(382)] No modular updater app ID can be found in device config.
04-09 09:49:19.673  3073  3073 I cast_shell: [3076:3076:INFO:ccs_settings.cc(262)] CcsSettings using CCS url https://clients5.google.com/cast/cloudcast/
04-09 09:49:19.695  3073  3073 I cast_shell: [3076:3076:INFO:application_config_manager_impl.cc(528)] Setting default remote control app ID: 1374D8AA
04-09 09:49:19.696  3073  3073 I cast_shell: [3076:3076:INFO:application_identification_settings.cc(410)] new ApplicationIdentificationSettings session_id: 1cc34b3d-2d50-442b-a64d-c0afe2cad6cf app_id: 38579375 flags: 7 headers: 512
04-09 09:49:19.696  3073  3073 I cast_shell: [3076:3076:WARNING:ccs_manager_impl.cc(1566)] Device does not have a weave device id
04-09 09:49:19.696  3073  3073 I cast_shell: [3076:3076:INFO:mdns_util.cc(102)] Defaulting mDNS capabilities for audio-only build
04-09 09:49:19.696  3073  3073 I cast_shell: [3076:3076:INFO:mdns_util.cc(102)] Defaulting mDNS capabilities for audio-only build
04-09 09:49:19.696  3073  3073 I cast_shell: [3076:3076:INFO:ccs_transport_https.cc(1203)] No cloud settings for register request
04-09 09:49:19.701  3073  3073 I cast_shell: [3076:3076:INFO:ccs_manager_impl.cc(1496)] Registering device with CCS: message_id = dfd9b749-cd4b-4dff-b528-aa580d05e164
04-09 09:49:19.701  3073  3073 I cast_shell: [3076:3076:INFO:ccs_manager_impl.cc(1497)] [PII] device_id = CD34AE150BAE90B60569125BEDAA9ADD
04-09 09:49:19.701  3073  3073 I cast_shell: [3076:3076:INFO:application_identification_settings.cc(410)] new ApplicationIdentificationSettings session_id: d8b00324-4788-42ed-ade7-86fc62a81f3b app_id: 38579375 flags: 7 headers: 512
04-09 09:49:19.701  3073  3073 I cast_shell: [3076:3076:INFO:robot_account_auth_manager.cc(470)] Successfully initialized JWT for 38579375
04-09 09:49:19.702  3073  3073 I cast_shell: [3076:3076:INFO:config_downloader.cc(900)] Clearing local config cache
04-09 09:49:19.704  3073  3073 I cast_shell: [3076:3076:INFO:metrics_recorder.cc(282)] Record action: Cast.DCS.DownloadSuccess
04-09 09:49:19.704  3073  3073 I cast_shell: [3076:3076:INFO:key_exchange_namespace_handler.cc(178)] Changing key_exchange_support capability
04-09 09:49:19.706  2953  3152 I LibreCastControlDelegate: OnCastStatus() +++ AAA speaker:0xab7cc198:NOT_SETUP
04-09 09:49:19.706  2953  3152 I LibreCastControlDelegate: Device Build Number -> '1.52.272222'
04-09 09:49:19.706  2953  3152 I librecast: updateCastBuildVersion() Version 1.52.272222
04-09 09:49:19.738  3073  3073 I cast_shell: [3076:3076:INFO:metrics_recorder.cc(282)] cast event: Cloud.Transport.Https.Register.Out
04-09 09:49:19.742  3073  3073 I cast_shell: [3076:3076:INFO:application_identification_settings.cc(1331)] CreateJwt completed; running all done signing callbacks.
04-09 09:49:19.742  3073  3073 I cast_shell: [3076:3076:INFO:robot_account_auth_manager.cc(496)] JWT expiry in 3600 seconds
04-09 09:49:19.742  3073  3073 I cast_shell: [3076:3076:INFO:robot_account_auth_manager.cc(384)] Sending oauth request for client_id: 0
04-09 09:49:19.742  3073  3073 I cast_shell: [3076:3076:INFO:metrics_recorder.cc(282)] cast event: Cast.Assistant.Auth.FetchToken
04-09 09:49:19.742  3073  3073 I cast_shell: [3076:3076:INFO:metrics_recorder.cc(282)] cast event: Cloud.Transport.Https.Register.Out
04-09 09:49:19.742  3073  3073 I cast_shell: [3076:3140:INFO:chromium_http_connection.cc(436)] Creating a new chromium http url loader factory
04-09 09:49:20.187  3073  3073 I cast_shell: [system_updater_dummy.cpp(139)] CheckUpdate 139
04-09 09:49:20.187  3073  3073 I cast_shell: [system_updater_dummy.cpp(148)] CheckUpdate 148 return
04-09 09:49:20.319  2952  2963 D wac-main: Netlink event
04-09 09:49:20.319  2952  2963 E wac-main: Netlink event 16 Interface Index 5 
04-09 09:49:20.319  2952  2963 E wac-main: Enter poll and wait
04-09 09:49:20.319  2711  2723 I yani_kernel: yani_geteventfrom_changeaddr() Message-Id '1' Netlink event '16' Interface Index '5' -> Name 'wlan0' 
04-09 09:49:20.324  2952  2963 D wac-main: Netlink event
04-09 09:49:20.324  2952  2963 E wac-main: Netlink event 16 Interface Index 5 
04-09 09:49:20.324  2952  2963 E wac-main: Enter poll and wait
04-09 09:49:20.327  2711  2723 I yani_server: NetLink Event '-1' Interface-Index '5' WLAN '-1' Ethernet '-1' Parsed-iFill '-1' -> 'INVALID' ifIndex '1' -> 'lo'
04-09 09:49:20.331  2953  3152 I LibreCastControlDelegate: OnCastStatus() +++ AAA speaker:0xab7cc198:NOT_SETUP
04-09 09:49:20.331  2953  3152 I LibreCastControlDelegate: Device Build Number -> '1.52.272222'
04-09 09:49:20.331  2953  3152 I librecast: updateCastBuildVersion() Version 1.52.272222
04-09 09:49:20.332  2712  2712 I lucitransport: readRemoteMessage() MID char = 7 buffer = 1.52.272222
04-09 09:49:20.332  2953  3152 I LibreCastControlDelegate: Active Applications -> 0
04-09 09:49:20.332  2953  3152 I LibreCastControlDelegate: Current Cast State '2' -> 'NOT_SETUP'
04-09 09:49:20.332  2953  3152 I LibreCastControlDelegate: OnCastStatus() ---
04-09 09:49:20.332  2711  2723 I yani_server: NetLink Event '-1' Interface-Index '5' WLAN '0' Ethernet '-1' Parsed-iFill '-1' -> 'INVALID' ifIndex '1' -> 'lo'
04-09 09:49:20.334  2711  2723 I chatty  : uid=0(root) YaniServer identical 2 lines
04-09 09:49:20.335  2711  2723 I yani_server: NetLink Event '-1' Interface-Index '5' WLAN '0' Ethernet '-1' Parsed-iFill '-1' -> 'INVALID' ifIndex '1' -> 'lo'
04-09 09:49:20.335  2711  2723 I yani_kernel: yani_geteventfrom_changeaddr() Message-Id '1' Netlink event '16' Interface Index '5' -> Name 'wlan0' 
04-09 09:49:20.467  3073  3073 I cast_shell: [3076:3076:INFO:robot_account_auth_manager.cc(525)] Got CAS response: 200
04-09 09:49:20.468  3073  3073 I cast_shell: [3076:3076:INFO:metrics_recorder.cc(282)] cast event: Cast.Assistant.AuthError.NOT_LINKED
04-09 09:49:20.468  3073  3073 I cast_shell: [3076:3076:INFO:robot_account_auth_manager.cc(776)] Current error: TOKEN_NOT_FETCHED, new error: NOT_LINKED
04-09 09:49:20.468  3073  3073 I cast_shell: [3076:3076:INFO:user_auth_impl.cc(207)] Notified all the observers of new auth tokens.
04-09 09:49:20.546  3073  3073 I cast_shell: [3076:3114:INFO:metrics_recorder.cc(282)] Record action: Setup.state.BLE
04-09 09:49:21.211  3073  3073 I cast_shell: [system_updater_dummy.cpp(139)] CheckUpdate 139
04-09 09:49:21.211  3073  3073 I cast_shell: [system_updater_dummy.cpp(148)] CheckUpdate 148 return
04-09 09:49:21.245  2959  2973 I otamanager: OTA:curl response code : 0	
04-09 09:49:21.245  2959  2973 I otamanager: http status code : 200
04-09 09:49:21.245  2959  2973 I otamanager: OTA: contentLen :187.000000
04-09 09:49:21.255  2959  2973 I otamanager: OTA: bytesDownloaded = 187 m_iHttpStatusCode = 200 
04-09 09:49:21.256  2691  2691 I sh      : }{
04-09 09:49:21.256  2959  2973 E otamanager: OTA:error string =  No update available
04-09 09:49:21.256  2691  2691 I sh      : 	"castVersion" : null,
04-09 09:49:21.256  2691  2691 I sh      : 	"crc" : null,
04-09 09:49:21.256  2691  2691 I sh      : 	"errorCode" : 1001,
04-09 09:49:21.256  2691  2691 I sh      : 	"errorString" : "No update available",
04-09 09:49:21.256  2691  2691 I sh      : 	"forceUpgrade" : true,
04-09 09:49:21.256  2691  2691 I sh      : 	"mcuOnlyUpdate" : false,
04-09 09:49:21.256  2691  2691 I sh      : 	"otapackage" : null,
04-09 09:49:21.256  2691  2691 I sh      : 	"url" : null,
04-09 09:49:21.257  2959  2973 I otamanager: Firmware Update State Change from CheckUpdate to Idle
04-09 09:49:21.259  3073  3073 I cast_shell: [system_updater_dummy.cpp(132)] CheckUpdate 132 no new version
04-09 09:49:21.259  3073  3073 I cast_shell: [3076:3083:INFO:update_engine_client_with_system_updater.cc(226)] No system force update, error_code=0
04-09 09:49:21.259  3073  3073 I cast_shell: [3076:3114:INFO:setup_state.cc(261)] Setup state changed: SETUP_STATE_CONNECTED_WIFI_NOT_SAVED (61) -> SETUP_STATE_CONNECTED (60)
04-09 09:49:21.259  3073  3073 I cast_shell: [3076:3114:INFO:setup_manager_impl.cc(1019)] Setup discoverability is disabled
04-09 09:49:21.259  3073  3073 I cast_shell: [3076:3114:INFO:ble_setup_manager.cc(758)] Clearing setup read attributes
04-09 09:49:21.259  3073  3073 I cast_shell: [3076:3114:INFO:gatt_client_manager_impl.cc(202)] Enabling GATT client connectability
04-09 09:49:21.259  3073  3073 I cast_shell: [3076:3114:INFO:ble_setup_manager.cc(620)] Stopped Bluetooth service
04-09 09:49:21.259  3073  3073 I cast_shell: [3076:3114:INFO:ble_setup.cc(423)] BLE setup stopped.
04-09 09:49:21.263  3073  3073 I cast_shell: [3076:3083:INFO:hotspot_manager.cc(211)] Stop: id=1
04-09 09:49:21.263  2731  2741 I HotspotManager: hotspot stop
04-09 09:49:21.271  3073  3073 I cast_shell: [3076:3076:INFO:cast_receiver_impl.cc(1100)] Leaving discovery-only mode
04-09 09:49:21.271  3073  3073 I cast_shell: [3076:3076:INFO:application_config_manager_impl.cc(566)] Enabling virtual device efcac2ce-283e-72b5-6667-2ae62e48994e
04-09 09:49:21.272  2953  3152 I LibreCastControlDelegate: OnCastStatus() +++ AAA speaker:0xab7cc198:READY_TO_CAST
04-09 09:49:21.273  3073  3073 I cast_shell: [3076:3124:INFO:mdns_cast_service.cc(351)] Device discovery state is idle
04-09 09:49:21.273  3073  3073 I cast_shell: [3076:3124:INFO:mdns_util.cc(102)] Defaulting mDNS capabilities for audio-only build
04-09 09:49:21.273  3073  3073 I cast_shell: [3076:3076:INFO:ble_discovery_controller.cc(121)] Starting BLE discovery
04-09 09:49:21.273  3073  3073 I cast_shell: [3076:3114:INFO:gatt_client_manager_impl.cc(202)] Enabling GATT client connectability
04-09 09:49:21.273  3073  3073 I chatty  : uid=1000(chrome) /bin/logwrapper identical 1 line
04-09 09:49:21.273  3073  3073 I cast_shell: [3076:3114:INFO:gatt_client_manager_impl.cc(202)] Enabling GATT client connectability
04-09 09:49:21.273  3073  3073 I cast_shell: [3076:3114:INFO:ble_setup_manager.cc(744)] Started Bluetooth service
04-09 09:49:21.274  2953  3152 I LibreCastControlDelegate: Cast Device Name -> 'AAA speaker'
04-09 09:49:21.274  2953  3152 I librecast: OldFriendlyName '' & New name change By Cast 'AAA speaker' isfirstbootup 56 m_updatedonebyluci 95
04-09 09:49:21.274  2953  3152 I librecast:  Difference in FriendlyName notify all  
04-09 09:49:21.279  2712  2712 I lucitransport: readRemoteMessage() MID char = 7 buffer = 1.52.272222
04-09 09:49:21.279  2953  3152 I LibreCastControlDelegate: Active Applications -> 0
04-09 09:49:21.279  2953  3152 I LibreCastControlDelegate: Current Cast State '6' -> 'READY_TO_CAST'
04-09 09:49:21.279  2953  3152 I LibreCastControlDelegate: OnCastStatus() ---
04-09 09:49:21.281  2953  3152 I LibreCastControlDelegate: OnResponse() ReqeustID 6, error  0
04-09 09:49:21.285  2734  2763 I bluetoothtbd: [0408/211921.285090:INFO:adapter.cc(551)] Adapter properties changed
04-09 09:49:21.285  2734  2763 I bluetoothtbd: [0408/211921.285304:INFO:adapter.cc(573)] Adapter name changed
04-09 09:49:21.285  3073  3073 I cast_shell: [3076:3114:INFO:bluetooth_manager.cc(1232)] [PII] Set device name to 'AAA speaker'
04-09 09:49:21.290  3073  3073 I cast_shell: [3076:3076:INFO:device_info_impl.cc(1133)] SSDP Config ID is increased: id=6
04-09 09:49:21.291  2953  3152 I LibreCastControlDelegate: OnCastStatus() +++ AAA speaker:0xab7cc198:READY_TO_CAST
04-09 09:49:21.293  3073  3073 I cast_shell: [3076:3124:INFO:mdns_util.cc(102)] Defaulting mDNS capabilities for audio-only build
04-09 09:49:21.293  3073  3073 I cast_shell: [3076:3076:INFO:ccs_manager_impl.cc(1842)] Postponing device name update while registering
04-09 09:49:21.293  2953  3152 I LibreCastControlDelegate: Cast Device Name -> 'AAA speaker'
04-09 09:49:21.294  2953  3152 I librecast: OldFriendlyName '' & New name change By Cast 'AAA speaker' isfirstbootup 56 m_updatedonebyluci 95
04-09 09:49:21.294  2953  3152 I librecast:  Difference in FriendlyName notify all  
04-09 09:49:21.294  2953  3152 I LibreCastControl: LibreCastControl_SetCastName()  name 'AAA speaker' RequestId '7' pCastControl 0xf4a00728
04-09 09:49:21.294  2712  2719 I lucitransport: writeRemoteMessage() MID = 90 buffer = AAA speaker
04-09 09:49:21.294  2712  2719 I luciUART: write() MID = 90  bytes = 21 data = AAA speaker m_fd = 0x5
04-09 09:49:21.294  3073  3073 I cast_shell: [3076:3076:INFO:mdns_manager_impl.cc(429)] Successfully updated service: type=_googlecast
04-09 09:49:21.294  3073  3073 I cast_shell: [3076:3076:INFO:virtual_device.cc(296)] Updated mDNS service for virtual device: id=efcac2ce-283e-72b5-6667-2ae62e48994e
04-09 09:49:21.295  2712  2719 I lucitransport: writeLocalMessage() MID = 90 buffer = AAA speaker
04-09 09:49:21.295  2953  3152 I LibreCastControlDelegate: Device Build Number -> '1.52.272222'
04-09 09:49:21.300  2734  2763 I bluetoothtbd: [0408/211921.300640:INFO:adapter.cc(551)] Adapter properties changed
04-09 09:49:21.300  2734  2763 I bluetoothtbd: [0408/211921.300794:INFO:adapter.cc(573)] Adapter name changed
04-09 09:49:21.301  3073  3073 I cast_shell: [3076:3114:INFO:bluetooth_manager.cc(1232)] [PII] Set device name to 'AAA speaker'
04-09 09:49:21.306  3073  3073 I cast_shell: [3076:3076:INFO:device_info_impl.cc(1133)] SSDP Config ID is increased: id=7
04-09 09:49:21.306  3073  3073 I cast_shell: [3076:3124:INFO:mdns_util.cc(102)] Defaulting mDNS capabilities for audio-only build
04-09 09:49:21.307  2953  3152 I LibreCastControlDelegate: OnCastStatus() +++ AAA speaker:0xab7cc198:READY_TO_CAST
04-09 09:49:21.308  2953  3002 I librecast: MessageBoxAlert() Msg = 90 remoteID = 16 
04-09 09:49:21.308  3073  3073 I cast_shell: [3076:3076:INFO:ccs_manager_impl.cc(1842)] Postponing device name update while registering
04-09 09:49:21.308  3073  3073 I cast_shell: [3076:3076:INFO:mdns_manager_impl.cc(429)] Successfully updated service: type=_googlecast
04-09 09:49:21.308  3073  3073 I cast_shell: [3076:3076:INFO:virtual_device.cc(296)] Updated mDNS service for virtual device: id=efcac2ce-283e-72b5-6667-2ae62e48994e
04-09 09:49:21.309  2691  2691 I sh      : MessageBoxAlert() MID 90 
04-09 09:49:21.309  2691  2691 I sh      : MessageBoxChanged() MID '90'
04-09 09:49:21.319  2734  2763 I bluetoothtbd: [0408/211921.319642:INFO:adapter.cc(551)] Adapter properties changed
04-09 09:49:21.323  3073  3073 I cast_shell: [3076:3114:INFO:bluetooth_manager.cc(1232)] [PII] Set device name to 'AAA speaker'
04-09 09:49:21.323  3073  3073 I cast_shell: [3076:3076:INFO:device_info_impl.cc(1133)] SSDP Config ID is increased: id=8
04-09 09:49:21.323  3073  3073 I cast_shell: [3076:3124:INFO:mdns_util.cc(102)] Defaulting mDNS capabilities for audio-only build
04-09 09:49:21.323  3073  3073 I cast_shell: [3076:3076:INFO:ccs_manager_impl.cc(1842)] Postponing device name update while registering
04-09 09:49:21.323  3073  3073 I cast_shell: [3076:3076:INFO:mdns_manager_impl.cc(429)] Successfully updated service: type=_googlecast
04-09 09:49:21.323  3073  3073 I cast_shell: [3076:3076:INFO:virtual_device.cc(296)] Updated mDNS service for virtual device: id=efcac2ce-283e-72b5-6667-2ae62e48994e
04-09 09:49:21.324  2953  3152 I LibreCastControlDelegate: OnCastStatus() +++ AAA speaker:0xab7cc198:READY_TO_CAST
04-09 09:49:21.325  2953  3152 I LibreCastControlDelegate: Cast Device Name -> 'AAA speaker'
04-09 09:49:21.325  2953  3152 I librecast: OldFriendlyName 'AAA speaker' & New name change By Cast 'AAA speaker' isfirstbootup 56 m_updatedonebyluci 0
04-09 09:49:21.325  2953  3152 I LibreCastControlDelegate: Device Build Number -> '1.52.272222'
04-09 09:49:21.348  2691  2691 I sh      : MessageBoxAlert() MID 90 
04-09 09:49:21.348  2691  2691 I sh      : MessageBoxChanged() MID '90'
04-09 09:49:21.348  2953  3002 I librecast: MessageBoxAlert() Msg = 90 remoteID = 16 
04-09 09:49:21.349  2712  2721 I lucitransport: readRemoteMessage() MID char = 90 buffer = AAA speaker
04-09 09:49:21.349  2953  3002 I LibreCastControl: LibreCastControl_SetCastName()  name 'AAA speaker' RequestId '9' pCastControl 0xf4a00728
04-09 09:49:21.349  2953  3002 E librecast: MessageBoxAlert() friendlyname AAA speaker
04-09 09:49:21.349  2953  3002 I LibreCastControl: MessageBoxAlert() messageBoxID 90
04-09 09:49:21.350  2953  3152 I LibreCastControlDelegate: OnResponse() ReqeustID 9, error  0
04-09 09:49:21.352  2734  2763 I bluetoothtbd: [0408/211921.352727:INFO:adapter.cc(551)] Adapter properties changed
04-09 09:49:21.352  2734  2763 I bluetoothtbd: [0408/211921.352864:INFO:adapter.cc(573)] Adapter name changed
04-09 09:49:21.352  2957  2957 I airplayluci: MessageBoxAlert: MID 90
04-09 09:49:21.353  3073  3073 I cast_shell: [3076:3114:INFO:bluetooth_manager.cc(1232)] [PII] Set device name to 'AAA speaker'
04-09 09:49:21.353  2955  2978 E Spotify-Player: Change Spotify Device name
04-09 09:49:21.353  2712  2721 E LUCI_SERVER: Luci Server Thread waiting for packets....
04-09 09:49:21.355  3073  3073 I cast_shell: [3076:3076:INFO:device_info_impl.cc(1133)] SSDP Config ID is increased: id=9
04-09 09:49:21.355  3073  3073 I cast_shell: [3076:3124:INFO:mdns_util.cc(102)] Defaulting mDNS capabilities for audio-only build
04-09 09:49:21.356  3073  3073 I cast_shell: [3076:3076:INFO:ccs_manager_impl.cc(1842)] Postponing device name update while registering
04-09 09:49:21.356  3073  3073 I cast_shell: [3076:3076:INFO:mdns_manager_impl.cc(429)] Successfully updated service: type=_googlecast
04-09 09:49:21.357  3073  3073 I cast_shell: [3076:3076:INFO:virtual_device.cc(296)] Updated mDNS service for virtual device: id=efcac2ce-283e-72b5-6667-2ae62e48994e
04-09 09:49:21.357  2953  3152 I LibreCastControlDelegate: OnCastStatus() +++ AAA speaker:0xab7cc198:READY_TO_CAST
04-09 09:49:21.358  2955  2979 E SPOTIFY : Device Name change new name = AAA speaker
04-09 09:49:21.358  2955  2979 E SPOTIFY : err = 0 
04-09 09:49:21.359  2953  3152 I LibreCastControlDelegate: Cast Device Name -> 'AAA speaker'
04-09 09:49:21.359  2953  3152 I librecast: OldFriendlyName 'AAA speaker' & New name change By Cast 'AAA speaker' isfirstbootup 56 m_updatedonebyluci 0
04-09 09:49:21.359  2953  3152 I LibreCastControlDelegate: Device Build Number -> '1.52.272222'
04-09 09:49:21.359  2953  3152 I librecast: updateCastBuildVersion() Version 1.52.272222
04-09 09:49:21.360  2712  2712 I lucitransport: readRemoteMessage() MID char = 7 buffer = 1.52.272222
04-09 09:49:21.360  2953  3152 I LibreCastControlDelegate: Active Applications -> 0
04-09 09:49:21.360  2953  3152 I LibreCastControlDelegate: Current Cast State '6' -> 'READY_TO_CAST'
04-09 09:49:21.360  2953  3152 I LibreCastControlDelegate: OnCastStatus() ---
04-09 09:49:21.364  2952  2963 D wac-main: Netlink event
04-09 09:49:21.364  2952  2963 E wac-main: Netlink event 21 Interface Index 6 
04-09 09:49:21.364  2952  2963 E wac-main: Enter poll and wait
04-09 09:49:21.364  2711  2723 I yani_kernel: yani_geteventfrom_changeaddr() Message-Id '1' Netlink event '21' Interface Index '6' -> Name 'p2p0' 
04-09 09:49:21.366  2786  2786 I dnsmasq : reading /etc/resolv.conf
04-09 09:49:21.366  2786  2786 I dnsmasq : using nameserver 8.8.4.4#53
04-09 09:49:21.366  2786  2786 I dnsmasq : using nameserver 192.168.1.1#53
04-09 09:49:21.366  2786  2786 I dnsmasq : using nameserver 192.168.50.1#53
04-09 09:49:21.366  2786  2786 I dnsmasq : using nameserver 8.8.8.8#53
04-09 09:49:21.368  2731  2741 I HotspotManager: stop hostapd
04-09 09:49:21.380  2711  2723 I yani_server: NetLink Event '5' Interface-Index '6' WLAN '-1' Ethernet '-1' Parsed-iFill '5' -> 'P2P0 DISCONNECTED' ifIndex '2' -> 'tunl0'
04-09 09:49:21.381  2711  2723 E yani_server: YANI: I am Done Wait For Event 
04-09 09:49:21.381  2711  2813 I yani_server: onNetworkParametersChanged() WAC Mode '0'  Index '2' Interface 'p2p0' Status '0'
04-09 09:49:21.381  2728  2746 I MB_HANDLER: YaniAlert() Interface '3' Status '0'
04-09 09:49:21.382  2712  2712 I lucitransport: writeRemoteMessage() MID = 124 buffer = 1#1,1#2,0#3,0#4,0
04-09 09:49:21.382  2712  2712 I luciUART: write() MID = 124  bytes = 27 data = 1#1,1#2,0#3,0#4,0 m_fd = 0x5
04-09 09:49:21.383  2729  2729 E AirableUIHelper: AirableUIHelper::YaniAlert  3 0 
04-09 09:49:21.383  2959  2968 I otamanager: YaniAlert() Interface 3 Status Down
04-09 09:49:21.384  2957  2957 I airplay-main: YaniAlert Interface 3 Status 0
04-09 09:49:21.389  2712  2720 E luciUART: UART:aa
04-09 09:49:21.389  2712  2720 E luciUART: UART:aa
04-09 09:49:21.389  2712  2720 E luciUART: UART:2
04-09 09:49:21.390  2712  2720 E luciUART: UART:0
04-09 09:49:21.390  2712  2720 E luciUART: UART:d0
04-09 09:49:21.390  2712  2720 E luciUART: UART:0
04-09 09:49:21.390  2712  2720 I chatty  : uid=0(root) UARTLUCIControl identical 2 lines
04-09 09:49:21.390  2712  2720 E luciUART: UART:0
04-09 09:49:21.390  2712  2720 E luciUART: UART:9
04-09 09:49:21.390  2712  2720 I luciUART: read() RemoteID = 43690 Command = 208 Type = 2 Status = 0 DataLen = 9
04-09 09:49:21.390  2712  2720 E luciUART: Error: full data not available yet! readBytes 0
04-09 09:49:21.390  2712  2720 I luciUART: Previous Packet read contd., 
04-09 09:49:21.390  2712  2720 E luciUART: UART:52
04-09 09:49:21.390  2712  2720 I luciUART: Previous Packet read contd., 
04-09 09:49:21.390  2712  2720 E luciUART: UART:45
04-09 09:49:21.390  2712  2720 I luciUART: Previous Packet read contd., 
04-09 09:49:21.390  2712  2720 E luciUART: UART:41
04-09 09:49:21.390  2712  2720 I luciUART: Previous Packet read contd., 
04-09 09:49:21.390  2712  2720 E luciUART: UART:44
04-09 09:49:21.390  2712  2720 I luciUART: Previous Packet read contd., 
04-09 09:49:21.391  2712  2720 E luciUART: UART:5f
04-09 09:49:21.391  2712  2720 I luciUART: Previous Packet read contd., 
04-09 09:49:21.391  2712  2720 E luciUART: UART:73
04-09 09:49:21.391  2712  2720 I luciUART: Previous Packet read contd., 
04-09 09:49:21.391  2712  2720 E luciUART: UART:73
04-09 09:49:21.391  2712  2720 I luciUART: Previous Packet read contd., 
04-09 09:49:21.391  2712  2720 E luciUART: UART:69
04-09 09:49:21.391  2712  2720 I luciUART: Previous Packet read contd., 
04-09 09:49:21.391  2712  2720 E luciUART: UART:64
04-09 09:49:21.391  2712  2721 E LUCI_SERVER: Luci Server Thread wait over MID 208....
04-09 09:49:21.391  2712  2721 E LUCI_SERVER: Got NV name : ssid
04-09 09:49:21.393  2712  2721 I luciUART: write() MID = 208  bytes = 30 data = ssid:Linksys16717_2G m_fd = 0x5
04-09 09:49:21.393  2712  2721 E LUCI_SERVER: NV_READ response= ssid:Linksys16717_2G
04-09 09:49:21.393  2712  2721 E LUCI_SERVER: Luci Server Thread waiting for packets....
04-09 09:49:21.399  2952  2963 D wac-main: Netlink event
04-09 09:49:21.399  2952  2963 E wac-main: Netlink event 16 Interface Index 6 
04-09 09:49:21.399  2952  2963 E wac-main: p2p0 event Link Changed : 1003 
04-09 09:49:21.399  2952  2963 E wac-main: p2p0 Changed down
04-09 09:49:21.400  2952  2963 E wac-main: wlan0 IP : 192.168.1.145
04-09 09:49:21.400  2711  2723 I yani_kernel: yani_geteventfrom_changeaddr() Message-Id '1' Netlink event '16' Interface Index '6' -> Name 'p2p0' 
04-09 09:49:21.402  2952  2963 E wac-main: Enter poll and wait
04-09 09:49:21.469  2731  2741 E WifiUtil: Setting interface p2p0 down.
04-09 09:49:21.470  2952  2963 D wac-main: Netlink event
04-09 09:49:21.470  2952  2963 E wac-main: Netlink event 16 Interface Index 6 
04-09 09:49:21.470  2952  2963 E wac-main: p2p0 event Link Changed : 1002 
04-09 09:49:21.470  2952  2963 E wac-main: Enter poll and wait
04-09 09:49:21.470  2711  2723 I yani_kernel: yani_geteventfrom_changeaddr() Message-Id '1' Netlink event '16' Interface Index '6' -> Name 'p2p0' 
04-09 09:49:21.582  3073  3073 I cast_shell: [3076:3114:INFO:metrics_recorder.cc(282)] Record action: Setup.state.BLE
04-09 09:49:21.676  3073  3073 I cast_shell: [3076:3114:INFO:ble_setup.cc(789)] Missing required info for sign.
04-09 09:49:21.679  3073  3073 I cast_shell: [3076:3114:INFO:gatt_client_manager_impl.cc(202)] Enabling GATT client connectability
04-09 09:49:21.680  3073  3073 I cast_shell: [3076:3114:INFO:ble_setup.cc(915)] Sign related info completed, no future EurekaInfo need sign.
04-09 09:49:22.646  2734  2811 W bt_btif : bta_gattc_conn_cback() - cif=3 connected=0 conn_id=3 reason=0x0013
04-09 09:49:22.646  2734  2811 W bt_btif : bta_gattc_conn_cback() - cif=4 connected=0 conn_id=4 reason=0x0013
04-09 09:49:22.646  2734  2811 W bt_btif : bta_gattc_conn_cback() - cif=6 connected=0 conn_id=6 reason=0x0013
04-09 09:49:22.647  2734  2811 I bt_btm_sec: btm_sec_disconnected clearing pending flag handle:128 reason:19
04-09 09:49:22.648  2734  2763 W bt_btif : btif_av_move_idle: ACL Disconnected state 0 bd_addr=52:86:46:31:3b:6f peer_bda=00:00:00:00:00:00
04-09 09:49:22.648  2734  2763 I bluetoothtbd: [0408/211922.648366:INFO:adapter.cc(719)] ACL state changed: 52:86:46:31:3B:6F - connected: false
04-09 09:49:22.649  3073  3073 I cast_shell: [3076:3114:ERROR:bluetooth_v1_via_v2.cc(796)] Connection state changed. :6f false
04-09 09:49:23.281  3073  3073 I cast_shell: [3076:3124:INFO:mdns_app_filter.cc(1526)] MdnsAppFilter: Done announcing.
04-09 09:49:23.312  2957  3465 I airplay_v2_0_6: 2022-04-09 09:49:23.312671 [AirPlayDemo] AirPlayDemoServerCopyProperty Password is <<NULL>>
04-09 09:49:23.313  2712  2712 I lucitransport: readRemoteMessage() MID char = 90 buffer = AAA speaker
04-09 09:49:23.315  2957  3440 I airplay_v2_0_6: 2022-04-09 09:49:23.315523 [AirPlay] Registering Bonjour _airplay._tcp. port 7000
04-09 09:49:23.317  2957  3465 I airplay_v2_0_6: 2022-04-09 09:49:23.317661 [AirPlayDemo] AirPlayDemoServerCopyProperty Password is <<NULL>>
04-09 09:49:23.319  2957  3465 I airplay_v2_0_6: 2022-04-09 09:49:23.319306 [AirPlayDemo] AirPlayDemoServerCopyProperty Password is <<NULL>>
04-09 09:49:23.319  2712  2712 I lucitransport: readRemoteMessage() MID char = 90 buffer = AAA speaker
04-09 09:49:23.321  2957  3440 I airplay_v2_0_6: 2022-04-09 09:49:23.321395 [AirPlay] Registering Bonjour CC909321F384@AAA speaker._raop._tcp. port 7000
04-09 09:49:23.375  3073  3073 I cast_shell: [3076:3125:INFO:metrics_recorder.cc(282)] Cast v2 action(socket_id=efcac2ce-283e-72b5-6667-2ae62e48994e.3): CastV2.Connection.Connect.In
04-09 09:49:23.384  3073  3073 I cast_shell: [3076:3076:INFO:cast_system_memory_pressure_evaluator.cc(179)] ConfigRelaxMemoryPressureThresholds, 0.1, 0.2
04-09 09:49:23.384  3073  3073 I cast_shell: [3076:3114:INFO:setup_namespace_handler.cc(94)] Added a peer for setup namespace: efcac2ce-283e-72b5-6667-2ae62e48994e.3:gms_cast_prober-1
04-09 09:49:23.384  3073  3073 I cast_shell: [3076:3114:INFO:setup_state.cc(544)] EurekaInfoCalled: wifi_state=10, is_usable_ip_address=1, connected=1, is_initial_setup=0
04-09 09:49:23.390  3073  3073 I cast_shell: [3076:3125:INFO:v2_transport.cc(458)] Added Cast V2 endpoint: id=03566e91-9aae-4981-883c-1504edfb8ed0, socket_factory_id=[PII](efcac2ce-283e-72b5-6667-2ae62e48994e)
04-09 09:49:23.390  3073  3073 I cast_shell: [3076:3076:INFO:application_manager_impl.cc(1417)] Starting background app: CC1AD845 (Default Media Receiver), session_id=03566e91-9aae-4981-883c-1504edfb8ed0
04-09 09:49:23.391  3073  3073 I cast_shell: [3076:3076:INFO:cast_media_blocker.cc(43)] UpdatePlayingState media_loading_blocked=1 media_starting_blocked=0 suspended=1 controllable=0 paused_by_user=1
04-09 09:49:23.391  3073  3073 I cast_shell: [3076:3076:INFO:application_message_handler.cc(1747)] Scheduling IpcTimerCheck
04-09 09:49:23.391  3073  3073 I cast_shell: [3076:3124:INFO:mdns_util.cc(102)] Defaulting mDNS capabilities for audio-only build
04-09 09:49:23.392  3073  3073 I cast_shell: [3468:3468:INFO:cast_content_renderer_client_internal.cc(83)] Render process started.
04-09 09:49:23.394  3073  3073 I cast_shell: [3076:3076:INFO:application_manager_impl.cc(1565)] App starting: CC1AD845 (Default Media Receiver), session_id=03566e91-9aae-4981-883c-1504edfb8ed0
04-09 09:49:23.395  3073  3073 I cast_shell: [3076:3076:INFO:application_identification_settings.cc(410)] new ApplicationIdentificationSettings session_id: 03566e91-9aae-4981-883c-1504edfb8ed0 app_id: CC1AD845 flags: 0 headers: 0
04-09 09:49:23.399  3073  3073 I cast_shell: [3076:3076:INFO:cast_media_blocker.cc(81)] MediaSessionInfoChanged media_loading_blocked=1 media_starting_blocked=0 is_suspended=1 is_controllable=0 paused_by_user=1
04-09 09:49:23.408  3073  3073 I cast_shell: [3076:3076:INFO:web_application.cc(817)] [03566e91] Supported bitstream audio codecs info: [codecs]None[spatial_rendering]None
04-09 09:49:23.408  3073  3073 I cast_shell: [3076:3076:INFO:cast_web_contents_impl.cc(242)] Load url: https://www.gstatic.com/cast/sdk/default_receiver/dogfood/app.html?skin=https://www.gstatic.com/eureka/player/0000/skins/cast/skin.css
04-09 09:49:23.412  3073  3073 I cast_shell: [3076:3076:INFO:cast_content_browser_client_internal.cc(975)] Disabling images support for application: CC1AD845
04-09 09:49:23.419  3073  3073 I cast_shell: [3076:3076:INFO:web_application.cc(991)] [03566e91] Page state changed: app=CC1AD845 page_state=LOADING
04-09 09:49:23.422  3073  3073 I cast_shell: [3076:3076:INFO:web_application.cc(585)] [03566e91] Updating app visibility to hidden for background mode.
04-09 09:49:23.423  3073  3073 I cast_shell: [3076:3076:INFO:application_manager_impl.cc(1579)] App pending: CC1AD845 (Default Media Receiver), session_id=03566e91-9aae-4981-883c-1504edfb8ed0
04-09 09:49:23.423  3073  3073 I cast_shell: [3076:3124:INFO:mdns_util.cc(102)] Defaulting mDNS capabilities for audio-only build
04-09 09:49:23.438  3073  3073 I cast_shell: [3076:3076:INFO:cast_renderer_oom_adj_manager.cc(82)] Registering renderer 3468
04-09 09:49:23.438  3073  3073 I cast_shell: [3076:3083:INFO:cast_renderer_oom_adj_manager.cc(90)] Adjusting OOM score for renderer(3468) to 400
04-09 09:49:23.439  3073  3073 I cast_shell: [3076:3083:WARNING:cast_renderer_oom_adj_manager.cc(92)] OOM score adjustment failed for renderer(3468)
04-09 09:49:23.472  3073  3073 I cast_shell: [3468:3468:INFO:media_playback_options.cc(70)] Render frame actions are blocked.
04-09 09:49:23.504  3073  3073 I cast_shell: [3468:3468:INFO:media_playback_options.cc(70)] Render frame actions are blocked.
04-09 09:49:23.504  3073  3073 I cast_shell: [3468:3468:INFO:media_caps.cc(24)] ScreenResolutionChanged resolution=0x0
04-09 09:49:23.507  3073  3073 I cast_shell: [3468:3468:INFO:media_caps.cc(54)] ScreenInfoChanged HDCP version=0 Supported EOTFs=0 DolbyVision flags=0 Screen size(mm): 0x0 cur mode HDR=0 cur mode DV=0
04-09 09:49:23.518  3073  3073 I cast_shell: [3076:3076:INFO:mdns_util.cc(102)] Defaulting mDNS capabilities for audio-only build
04-09 09:49:23.518  3073  3073 I cast_shell: [3076:3076:INFO:mdns_util.cc(102)] Defaulting mDNS capabilities for audio-only build
04-09 09:49:23.540  3073  3073 I cast_shell: [3076:3125:INFO:v2_ssl_socket.cc(358)] Stop reading on pending closed socket
04-09 09:49:23.541  3073  3073 I cast_shell: [3076:3114:INFO:setup_namespace_handler.cc(104)] Removed a peer for setup namespace: efcac2ce-283e-72b5-6667-2ae62e48994e.3:gms_cast_prober-1
04-09 09:49:24.173  3073  3073 I cast_shell: [3468:3468:INFO:cast_content_client.cc(103)] Active URL: https://www.gstatic.com/cast/sdk/default_receiver/dogfood/app.html?skin=https://www.gstatic.com/eureka/player/0000/skins/cast/skin.css&google_cast_bg=true for origin 'null'
04-09 09:49:24.186  3073  3073 I cast_shell: [3076:3076:INFO:cast_content_client.cc(103)] Active URL: https://www.gstatic.com/cast/sdk/default_receiver/dogfood/app.html?skin=https://www.gstatic.com/eureka/player/0000/skins/cast/skin.css&google_cast_bg=true for origin 'null [internally: (FD4482AE3E0A5FD9EE4B90F4E03D57E5) anonymous]'
04-09 09:49:24.190  3073  3073 I cast_shell: [3076:3140:INFO:process_memory_recorder_utils.cc(43)] CC1AD845 using 39188kB memory
04-09 09:49:24.212  3073  3073 I cast_shell: [3468:3468:INFO:feature_manager.cc(174)] Enabling bindings: 
04-09 09:49:24.235  3073  3073 I cast_shell: [3468:3468:INFO:feature_manager.cc(174)] Enabling bindings: 
04-09 09:49:25.116  3073  3073 I cast_shell: [3076:3076:INFO:CONSOLE(116)] Cast App (CC1AD845): " [  0.001s] [cast.receiver.IpcChannel] Opening platform websocket ", source: https://www.gstatic.com/cast/sdk/libs/caf_receiver/v3/cast_receiver_framework.js (116)
04-09 09:49:25.127  3073  3073 I cast_shell: [3468:3468:INFO:media_source_impl.cc(363)] isTypeSupported("video/mp4;codecs=hev1.2.4.L153.B0") -> false (not supported by HTMLMediaElement)
04-09 09:49:25.129  3073  3073 I cast_shell: [3468:3468:INFO:media_source_impl.cc(363)] isTypeSupported("video/mp4;codecs=dvhe.04.06") -> false (not supported by HTMLMediaElement)
04-09 09:49:25.129  3073  3073 I cast_shell: [3076:3076:INFO:CONSOLE(1162)] Cast App (CC1AD845): "canDisplayType(video/mp4; codecs=hev1.2.4.L153.B0; eotf=smpte2084): Codec not supported.", source:  (1162)
04-09 09:49:25.130  3073  3073 I cast_shell: [3076:3076:INFO:CONSOLE(1162)] Cast App (CC1AD845): "canDisplayType(video/mp4; codecs=dvhe.04.06): Codec not supported.", source:  (1162)
04-09 09:49:25.130  3073  3073 I cast_shell: [3468:3468:INFO:media_source_impl.cc(363)] isTypeSupported("audio/mp4;codecs=ec-3") -> false (not supported by HTMLMediaElement)
04-09 09:49:25.132  3073  3073 I cast_shell: [3076:3076:INFO:CONSOLE(1162)] Cast App (CC1AD845): "canDisplayType(audio/mp4; codecs=ec-3; spatialRendering=true): Codec not supported.", source:  (1162)
04-09 09:49:25.141  3073  3073 I cast_shell: [3468:0xae64e620]     1713 ms: Scavenge 1.8 (1.9) -> 1.6 (2.4) MB, 5.1 / 0.1 ms  (average mu = 1.000, current mu = 1.000) allocation failure 
04-09 09:49:25.149  3073  3073 I cast_shell: [3076:3076:INFO:CONSOLE(739)] Cast App (CC1AD845): "Lit is in dev mode. Not recommended for production! See https://lit.dev/msg/dev-mode for more information.", source: https://www.gstatic.com/cast/sdk/libs/caf_receiver/v3/cast_receiver_framework.js (739)
04-09 09:49:25.156  3073  3073 I cast_shell: [3076:3076:INFO:CONSOLE(36)] Cast App (CC1AD845): "Unknown queryable value: log-level-cast-receiver", source:  (36)
04-09 09:49:25.272  3073  3073 I cast_shell: [3076:3076:INFO:CONSOLE(836)] Cast App (CC1AD845): "CAST SDK CAF Version: 3.0.0103", source: https://www.gstatic.com/cast/sdk/libs/caf_receiver/v3/cast_receiver_framework.js (836)
04-09 09:49:25.293  3073  3073 I cast_shell: [3468:0xae64e620]     1865 ms: Scavenge 2.3 (2.9) -> 2.1 (3.1) MB, 6.4 / 0.0 ms  (average mu = 1.000, current mu = 1.000) allocation failure 
04-09 09:49:25.317  3073  3073 I cast_shell: [3468:3468:INFO:html_media_element.cc(538)] HTMLMediaElement(0x368a2f30)
04-09 09:49:25.372  3073  3073 I cast_shell: [3468:3468:INFO:identification_settings_manager.cc(68)] CSS URL detected and replaced with empty text URI.
04-09 09:49:25.372  3073  3073 I cast_shell: [3468:3468:INFO:identification_settings_manager.cc(169)] WillStartResourceRequest: replacement URL found
04-09 09:49:25.402  2952  3482 E wac-main: WAC timeout cb
04-09 09:49:25.402  2952  3482 E wac-main: send wac api : a5a1
04-09 09:49:25.402  2952  2963 E wac-main: API event
04-09 09:49:25.402  2952  2963 E wac-main: msg : a5a1
04-09 09:49:25.402  2952  2963 E wac-main: msg : a5a1
04-09 09:49:25.403  2952  3483 E wac-main: enter WACStartStopThread
04-09 09:49:25.403  2952  3483 E wac-main: WACStartStopThread() event -> 'wacstop' is WACServer? UP -> 'Yes' 
04-09 09:49:25.403  2952  3038 E WACBONJOUR: RemoveWACBonjourService
04-09 09:49:25.403  2952  2963 E wac-main: Enter poll and wait
04-09 09:49:25.405  2952  3038 I wifiapi : newconn : 0xf5402510
04-09 09:49:25.407  2952  3483 E WACSERVER: WACServerStop wait
04-09 09:49:25.435  2711  2723 I yani_kernel: yani_geteventfrom_changeaddr() Message-Id '1' Netlink event '16' Interface Index '7' -> Name 'p2p1' 
04-09 09:49:25.440  2731  2741 E CommandListener: Message not handled: unrecognized interface p2p1
04-09 09:49:25.440  2731  2741 W FrameworkListener: Handler 'Iface' error (Success)
04-09 09:49:25.441  2952  2963 D wac-main: Netlink event
04-09 09:49:25.441  2952  2963 E wac-main: Netlink event 16 Interface Index 7 
04-09 09:49:25.441  2952  2963 E wac-main: Enter poll and wait
04-09 09:49:25.456  2952  2963 D wac-main: Netlink event
04-09 09:49:25.456  2952  2963 E wac-main: Netlink event 16 Interface Index 7 
04-09 09:49:25.457  2952  2963 E wac-main: Enter poll and wait
04-09 09:49:25.457  2731  2741 E CommandListener: Message not handled: unrecognized interface p2p1
04-09 09:49:25.457  2731  2741 W FrameworkListener: Handler 'Iface' error (Success)
04-09 09:49:25.458  2711  2723 I yani_kernel: yani_geteventfrom_changeaddr() Message-Id '1' Netlink event '16' Interface Index '7' -> Name 'p2p1' 
04-09 09:49:25.460  2731  2741 E CommandListener: Message not handled: unrecognized interface p2p1
04-09 09:49:25.460  2731  2741 W FrameworkListener: Handler 'Iface' error (Success)
04-09 09:49:25.469  2952  3038 I wifiapi : 'DISABLE' command returned = 0
04-09 09:49:25.476  2952  3038 I wifiapi : stop hostapd
04-09 09:49:25.477  2952  3038 I wifiapi : stop dnsmasq
04-09 09:49:25.480  2952  2963 D wac-main: Netlink event
04-09 09:49:25.480  2952  2963 E wac-main: Netlink event 21 Interface Index 7 
04-09 09:49:25.480  2952  2963 E wac-main: Enter poll and wait
04-09 09:49:25.480  2731  2741 E CommandListener: Message not handled: unrecognized interface p2p1
04-09 09:49:25.480  2731  2741 W FrameworkListener: Handler 'Iface' error (Success)
04-09 09:49:25.480  2711  2723 I yani_kernel: yani_geteventfrom_changeaddr() Message-Id '1' Netlink event '21' Interface Index '7' -> Name 'p2p1' 
04-09 09:49:25.485  2952  3038 E wac-main: WACCallback() message 5 -> 'Stopped'
04-09 09:49:25.485  2712  2712 I lucitransport: writeRemoteMessage() MID = 143 buffer = 5
04-09 09:49:25.485  2712  2712 I luciUART: write() MID = 143  bytes = 11 data = 5 m_fd = 0x5
04-09 09:49:25.487  2712  2712 I lucitransport: writeLocalMessage() MID = 143 buffer = 5
04-09 09:49:25.488  2952  3038 E wac-main: send wac api : a5a1
04-09 09:49:25.488  2952  3038 E WACSERVER: _HandleState_Cleanup done
04-09 09:49:25.488  2712  2721 E LUCI_SERVER: Luci Server Thread wait over MID 143....
04-09 09:49:25.488  2712  2721 E LUCI_SERVER: Luci Server Thread waiting for packets....
04-09 09:49:25.488  2952  2963 E wac-main: API event
04-09 09:49:25.488  2952  2963 E wac-main: msg : a5a1
04-09 09:49:25.488  2952  2963 E wac-main: msg : a5a1
04-09 09:49:25.509  3073  3073 I cast_shell: [3076:3076:ERROR:cast_web_contents_impl.cc(828)] Resource "https://www.gstatic.com/cast/sdk/libs/mediaplayer/1.0.0/media_player.js" failed to load with net_error=-21, description=ERR_NETWORK_CHANGED
04-09 09:49:25.511  3073  3073 I cast_shell: [3076:3076:INFO:CONSOLE(116)] Cast App (CC1AD845): " [  0.402s] [cast.framework.common.libraryloader] library(//www.gstatic.com/cast/sdk/libs/mediaplayer/1.0.0/media_player.js) cannot be loaded ", source: https://www.gstatic.com/cast/sdk/libs/caf_receiver/v3/cast_receiver_framework.js (116)
04-09 09:49:25.511  3073  3073 I cast_shell: [3076:3076:INFO:CONSOLE(362)] Cast App (CC1AD845): "Uncaught (in promise) undefined", source: https://www.gstatic.com/cast/sdk/libs/caf_receiver/v3/cast_receiver_framework.js (362)
04-09 09:49:25.527  3073  3073 I cast_shell: [3076:3076:ERROR:cast_web_contents_impl.cc(828)] Resource "https://ajax.googleapis.com/ajax/libs/shaka-player/3.2.2/shaka-player.compiled.js" failed to load with net_error=-21, description=ERR_NETWORK_CHANGED
04-09 09:49:25.528  3073  3073 I cast_shell: [3076:3076:INFO:CONSOLE(116)] Cast App (CC1AD845): " [  0.416s] [cast.framework.common.libraryloader] library(//ajax.googleapis.com/ajax/libs/shaka-player/3.2.2/shaka-player.compiled.js) cannot be loaded ", source: https://www.gstatic.com/cast/sdk/libs/caf_receiver/v3/cast_receiver_framework.js (116)
04-09 09:49:25.539  3073  3073 I cast_shell: [3076:3076:INFO:cast_web_contents_impl.cc(712)] Finished loading page after 1376 ms, url=https://www.gstatic.com/cast/sdk/default_receiver/dogfood/app.html?skin=https://www.gstatic.com/eureka/player/0000/skins/cast/skin.css&google_cast_bg=true
04-09 09:49:25.539  3073  3073 I cast_shell: [3076:3076:INFO:web_application.cc(991)] [03566e91] Page state changed: app=CC1AD845 page_state=LOADED
04-09 09:49:25.540  3073  3073 I cast_shell: [3076:3076:INFO:CONSOLE(0)] Cast App (CC1AD845): "Uncaught (in promise) undefined", source: https://www.gstatic.com/cast/sdk/default_receiver/dogfood/app.html?skin=https://www.gstatic.com/eureka/player/0000/skins/cast/skin.css&google_cast_bg=true (0)
04-09 09:49:25.545  3073  3073 I cast_shell: [3076:3076:INFO:application_message_handler.cc(704)] Cast V2 IPC connected: app_id=CC1AD845
04-09 09:49:25.545  3073  3073 I cast_shell: [3076:3076:INFO:application_message_handler.cc(868)] Received READY message from app
04-09 09:49:25.546  3073  3073 I cast_shell: [3076:3076:INFO:application_message_handler.cc(881)] SDK capabilities: {
04-09 09:49:25.546  3073  3073 I cast_shell:    "group_capabilities_supported": true,
04-09 09:49:25.546  3073  3073 I cast_shell:    "playback_device_status_supported": true,
04-09 09:49:25.546  3073  3073 I cast_shell:    "show_media_controls_supported": true
04-09 09:49:25.546  3073  3073 I cast_shell: }
04-09 09:49:25.546  3073  3073 I cast_shell: 
04-09 09:49:27.499  3073  3073 I cast_shell: [3076:3084:INFO:parent_tracker.cc(237)] Network changed
04-09 09:49:27.499  3073  3073 I cast_shell: [3076:3084:INFO:parent_tracker.cc(132)] No need to recreate socket
04-09 09:49:27.499  3073  3073 I cast_shell: [3076:3084:INFO:parent_tracker.cc(237)] Network changed
04-09 09:49:27.499  3073  3073 I cast_shell: [3076:3084:INFO:parent_tracker.cc(132)] No need to recreate socket
04-09 09:49:27.499  3073  3073 I cast_shell: [3076:3140:INFO:net_util_impl.cc(582)] IP address: [PII](192.168.1.1) MAC address: [PII](C8:B3:73:44:AE:ED)
04-09 09:49:27.499  3073  3073 I cast_shell: [3076:3416:INFO:net_util_impl.cc(582)] IP address: [PII](192.168.1.1) MAC address: [PII](C8:B3:73:44:AE:ED)
04-09 09:49:27.502  3073  3073 I cast_shell: [3076:3076:INFO:gcm_manager.cc(238)] GCM connection lost.
04-09 09:49:28.234  3073  3073 I cast_shell: [3076:3084:INFO:heartbeat_manager.cc(272)] Set HBInterval default: 1680000
04-09 09:49:28.234  3073  3073 I cast_shell: [3076:3076:INFO:gcm_manager.cc(233)] GCM connection established.
