04-09 14:52:50.425     0     0 W         : [    1.449780@1] dwc3 ff500000.dwc3: Configuration mismatch. dr_mode forced to host
04-09 14:52:50.425     0     0 I         : [    1.954473@1] xhci-hcd xhci-hcd.0.auto: xHCI Host Controller
04-09 14:52:50.425     0     0 I         : [    1.954535@1] xhci-hcd xhci-hcd.0.auto: new USB bus registered, assigned bus number 1
04-09 14:52:50.425     0     0 I         : [    1.955810@1] xhci-hcd xhci-hcd.0.auto: hcc params 0x0220f664 hci version 0x100 quirks 0x02010010
04-09 14:52:50.425     0     0 I         : [    1.956227@1] xhci-hcd xhci-hcd.0.auto: irq 27, io mem 0xff500000
04-09 14:52:50.425     0     0 I         : [    1.957690@0] hub 1-0:1.0: USB hub found
04-09 14:52:50.425     0     0 I         : [    1.957767@0] hub 1-0:1.0: 1 port detected
04-09 14:52:50.425     0     0 I         : [    1.958295@0] xhci-hcd xhci-hcd.0.auto: xHCI Host Controller
04-09 14:52:50.425     0     0 I         : [    1.958515@0] xhci-hcd xhci-hcd.0.auto: new USB bus registered, assigned bus number 2
04-09 14:52:50.425     0     0 I         : [    1.959375@0] usb usb2: We don't know the algorithms for LPM for this host, disabling LPM.
04-09 14:52:50.425     0     0 I         : [    1.960864@0] hub 2-0:1.0: USB hub found
04-09 14:52:50.425     0     0 E         : [    1.960927@0] hub 2-0:1.0: config failed, hub doesn't have any ports! (err -19)
04-09 14:52:50.425     0     0 E         : [    1.961528@0] usb usb2: Unsupported the hub
04-09 14:52:50.425     0     0 I         : [    1.962267@0] aml_vrtc rtc: setting system clock to 2022-04-09 09:22:47 UTC (1649496167)
04-09 14:52:50.425     0     0 D         : [    1.963142@0] dwc_otg ff400000.dwc2_a: dwc_otg_driver_probe(ffffffc01d66cc00)
04-09 14:52:50.425     0     0 W [    1.963186@0] dwc_otg: usb0: type: 2 speed: 0, config: 0, dma: 0, id: 0, phy: ffe09000, ctrl: 0
04-09 14:52:50.425     0     0 D         : [    1.963524@0] dwc_otg ff400000.dwc2_a: base=0xffffff8008a40000
04-09 14:52:50.425     0     0 D         : [    1.963530@0] dwc_otg ff400000.dwc2_a: dwc_otg_device=0xffffffc01d67e600
04-09 14:52:50.425     0     0 W [    2.064186@0] dwc_otg: Core Release: 3.10a
04-09 14:52:50.425     0     0 W [    2.064228@0] dwc_otg: Setting default values for core params
04-09 14:52:50.425     0     0 W [    2.064637@0] dwc_otg: curmode: 0, host_only: 0
04-09 14:52:50.425     0     0 D         : [    2.065095@0] dwc_otg ff400000.dwc2_a: DMA config: BURST_DEFAULT
04-09 14:52:50.425     0     0 W [    2.077410@0] dwc_otg: Using Buffer DMA mode
04-09 14:52:50.425     0     0 W [    2.077434@0] dwc_otg: OTG VER PARAM: 1, OTG VER FLAG: 1
04-09 14:52:50.425     0     0 W [    2.077812@0] dwc_otg: Working on port type = SLAVE
04-09 14:52:50.425     0     0 W [    2.078298@0] dwc_otg: Dedicated Tx FIFOs mode
04-09 14:52:50.425     0     0 I [    2.080700@0] input: adc_keypad as /devices/platform/adc_keypad/input/input1
04-09 14:52:50.425     0     0 I         : [    2.082677@0] cpucore_cooling_register, max_cpu_core_num:4
04-09 14:52:50.425     0     0 I [    2.089521@0] gxbb_pm: enter meson_pm_probe!
04-09 14:52:50.425     0     0 I         : [    2.089560@0] no vddio3v3_en pin
04-09 14:52:50.425     0     0 E         : [    2.089723@0] pm-meson aml_pm: Can't get switch_clk81
04-09 14:52:50.425     0     0 I [    2.090243@0] gxbb_pm: meson_pm_probe done
04-09 14:52:50.425     0     0 I         : [    2.091022@0] ALSA device list:
04-09 14:52:50.425     0     0 I [    2.091051@0]   #0: AML-AUGESOUND
04-09 14:52:50.425     0     0 I         : [    2.091504@0] meson_uart ff804000.serial: ttyS3 use xtal(8M) 24000000 change 115200 to 115200
04-09 14:52:50.425     0     0 I         : [    2.097381@0] Freeing unused kernel memory: 6080K
04-09 14:52:50.425     0     0 I [    2.311835@1] ubi0: attaching mtd6
04-09 14:52:50.425     0     0 I [    2.521836@1] ubi0: scanning is finished
04-09 14:52:50.425     0     0 I [    2.525809@2] ubi0: attached mtd6 (name "system", size 100 MiB)
04-09 14:52:50.425     0     0 I [    2.526094@2] ubi0: PEB size: 262144 bytes (256 KiB), LEB size: 253952 bytes
04-09 14:52:50.425     0     0 I [    2.533214@2] ubi0: min./max. I/O unit sizes: 4096/4096, sub-page size 4096
04-09 14:52:50.425     0     0 I [    2.539992@2] ubi0: VID header offset: 4096 (aligned 4096), data offset: 8192
04-09 14:52:50.425     0     0 I [    2.547055@2] ubi0: good PEBs: 400, bad PEBs: 0, corrupted PEBs: 0
04-09 14:52:50.425     0     0 I [    2.553183@2] ubi0: user volume: 1, internal volumes: 1, max. volumes count: 128
04-09 14:52:50.425     0     0 I [    2.560511@2] ubi0: max/mean erase counter: 37/25, WL threshold: 4096, image sequence number: 736763309
04-09 14:52:50.425     0     0 I [    2.569895@2] ubi0: available PEBs: 0, total reserved PEBs: 400, PEBs reserved for bad PEB handling: 40
04-09 14:52:50.425     0     0 I [    2.579160@1] ubi0: background thread "ubi_bgt0d" started, PID 2142
04-09 14:52:50.425     0     0 I         : [    2.584816@2] UBIFS (ubi0:0): background thread "ubifs_bgt0_0" started, PID 2145
04-09 14:52:50.425     0     0 I         : [    2.631773@3] UBIFS (ubi0:0): UBIFS: mounted UBI device 0, volume 0, name "rootfs"
04-09 14:52:50.425     0     0 I         : [    2.633699@3] UBIFS (ubi0:0): LEB size: 253952 bytes (248 KiB), min./max. I/O unit sizes: 4096 bytes/4096 bytes
04-09 14:52:50.425     0     0 I         : [    2.643737@3] UBIFS (ubi0:0): FS size: 87867392 bytes (83 MiB, 346 LEBs), journal size 9404416 bytes (8 MiB, 38 LEBs)
04-09 14:52:50.425     0     0 I         : [    2.654232@3] UBIFS (ubi0:0): reserved for root: 0 bytes (0 KiB)
04-09 14:52:50.425     0     0 I         : [    2.660183@3] UBIFS (ubi0:0): media format: w4/r0 (latest is w4/r0), UUID DC99A6D8-69BA-4DD7-9E44-726260A6E747, small LPT model
04-09 14:52:50.425     0     0 I [    2.903463@3] init: property init
04-09 14:52:50.425     0     0 I [    2.904198@3] init: reading config file
04-09 14:52:50.425     0     0 I [    2.910946@3] init: processing action 0xaac1d808 (boot_start)
04-09 14:52:50.425     0     0 I [    2.918724@3] init: command 'boot_start' r=0
04-09 14:52:50.425     0     0 I [    2.919786@3] init: processing action 0xaac196b0 (early-init)
04-09 14:52:50.425     0     0 I [    2.924493@3] init: starting 'ueventd'
04-09 14:52:50.425     0     0 I [    2.927780@3] init: command 'start' r=0
04-09 14:52:50.425     0     0 I [    2.930632@3] init: command 'loglevel' r=0
04-09 14:52:50.426     0     0 I [    2.935559@3] init: command 'mount' r=0
04-09 14:52:50.426     0     0 I [    2.937249@2] init: starting ueventd
04-09 14:52:50.426     0     0 I [    2.938053@2] init: /sys/ rule /sys/devices/virtual/input/input* enable
04-09 14:52:50.426     0     0 I [    2.938064@2] init: /sys/ rule /sys/devices/virtual/input/input* poll_delay
04-09 14:52:50.426     0     0 I [    2.938074@2] init: /sys/ rule /sys/devices/virtual/usb_composite/* enable
04-09 14:52:50.426     0     0 I [    2.943654@2] init: adding platform device ffd0f0d0.watchdog
04-09 14:52:50.426     0     0 I [    2.944064@2] init: adding platform device reg-dummy
04-09 14:52:50.426     0     0 I [    2.944744@2] init: adding platform device cpu_iomap
04-09 14:52:50.426     0     0 I [    2.945024@2] init: adding platform device 7400000.ramoops
04-09 14:52:50.426     0     0 I [    2.945293@2] init: adding platform device bt-dev
04-09 14:52:50.426     0     0 I [    2.945894@2] init: adding platform device dummy
04-09 14:52:50.426     0     0 I [    2.993217@3] init: command 'mount' r=0
04-09 14:52:50.426     0     0 I [    3.197194@0] ubi1: attaching mtd7
04-09 14:52:50.426     0     0 I [    3.490798@0] ubi1: scanning is finished
04-09 14:52:50.426     0     0 I [    3.495164@2] ubi1: attached mtd7 (name "chrome", size 140 MiB)
04-09 14:52:50.426     0     0 I [    3.495448@2] ubi1: PEB size: 262144 bytes (256 KiB), LEB size: 253952 bytes
04-09 14:52:50.426     0     0 I [    3.502468@2] ubi1: min./max. I/O unit sizes: 4096/4096, sub-page size 4096
04-09 14:52:50.426     0     0 I [    3.509467@2] ubi1: VID header offset: 4096 (aligned 4096), data offset: 8192
04-09 14:52:50.426     0     0 I [    3.516419@2] ubi1: good PEBs: 560, bad PEBs: 0, corrupted PEBs: 0
04-09 14:52:50.426     0     0 I [    3.522542@2] ubi1: user volume: 1, internal volumes: 1, max. volumes count: 128
04-09 14:52:50.426     0     0 I [    3.529869@2] ubi1: max/mean erase counter: 35/26, WL threshold: 4096, image sequence number: 1458511589
04-09 14:52:50.426     0     0 I [    3.539340@2] ubi1: available PEBs: 0, total reserved PEBs: 560, PEBs reserved for bad PEB handling: 40
04-09 14:52:50.426     0     0 I [    3.548595@1] ubi1: background thread "ubi_bgt1d" started, PID 2555
04-09 14:52:50.426     0     0 I         : [    3.563111@2] UBIFS (ubi1:0): background thread "ubifs_bgt1_0" started, PID 2558
04-09 14:52:50.426     0     0 I         : [    3.589415@3] UBIFS (ubi1:0): recovery needed
04-09 14:52:50.426     0     0 I         : [    3.646409@1] UBIFS (ubi1:0): recovery completed
04-09 14:52:50.426     0     0 I         : [    3.646566@1] UBIFS (ubi1:0): UBIFS: mounted UBI device 1, volume 0, name "chrome"
04-09 14:52:50.426     0     0 I         : [    3.652923@1] UBIFS (ubi1:0): LEB size: 253952 bytes (248 KiB), min./max. I/O unit sizes: 4096 bytes/4096 bytes
04-09 14:52:50.426     0     0 I         : [    3.662918@1] UBIFS (ubi1:0): FS size: 128499712 bytes (122 MiB, 506 LEBs), journal size 9404416 bytes (8 MiB, 38 LEBs)
04-09 14:52:50.426     0     0 I         : [    3.673609@1] UBIFS (ubi1:0): reserved for root: 0 bytes (0 KiB)
04-09 14:52:50.426     0     0 I         : [    3.679564@1] UBIFS (ubi1:0): media format: w4/r0 (latest is w4/r0), UUID 3D7B4A1D-6849-462E-B889-C151DCC94211, small LPT model
04-09 14:52:50.426     0     0 I [    3.723096@1] ubi2: attaching mtd8
04-09 14:52:50.426     0     0 I         : [    3.889385@1]  NAND bbt detect factory Bad block at 17a40000
04-09 14:52:50.426     0     0 I         : [    3.901021@1]  NAND bbt detect factory Bad block at 18000000
04-09 14:52:50.426     0     0 I         : [    3.901085@1]  NAND bbt detect factory Bad block at 18040000
04-09 14:52:50.426     0     0 I [    4.173941@1] ubi2: scanning is finished
04-09 14:52:50.426     0     0 I [    4.178576@1] ubi2: attached mtd8 (name "data", size 213 MiB)
04-09 14:52:50.426     0     0 I [    4.178720@1] ubi2: PEB size: 262144 bytes (256 KiB), LEB size: 253952 bytes
04-09 14:52:50.426     0     0 I [    4.185690@1] ubi2: min./max. I/O unit sizes: 4096/4096, sub-page size 4096
04-09 14:52:50.426     0     0 I [    4.192585@1] ubi2: VID header offset: 4096 (aligned 4096), data offset: 8192
04-09 14:52:50.426     0     0 I [    4.199662@1] ubi2: good PEBs: 849, bad PEBs: 3, corrupted PEBs: 0
04-09 14:52:50.426     0     0 I [    4.205781@1] ubi2: user volume: 2, internal volumes: 1, max. volumes count: 128
04-09 14:52:50.426     0     0 I [    4.213117@1] ubi2: max/mean erase counter: 71/48, WL threshold: 4096, image sequence number: 1018457084
04-09 14:52:50.426     0     0 I [    4.222516@1] ubi2: available PEBs: 0, total reserved PEBs: 849, PEBs reserved for bad PEB handling: 37
04-09 14:52:50.426     0     0 I [    4.231846@2] ubi2: background thread "ubi_bgt2d" started, PID 2566
04-09 14:52:50.426     0     0 I         : [    4.245483@0] UBIFS (ubi2:0): background thread "ubifs_bgt2_0" started, PID 2569
04-09 14:52:50.426     0     0 I         : [    4.272022@3] UBIFS (ubi2:0): recovery needed
04-09 14:52:50.426     0     0 I         : [    4.339575@1] UBIFS (ubi2:0): recovery completed
04-09 14:52:50.426     0     0 I         : [    4.339773@1] UBIFS (ubi2:0): UBIFS: mounted UBI device 2, volume 0, name "factory"
04-09 14:52:50.426     0     0 I         : [    4.346180@1] UBIFS (ubi2:0): LEB size: 253952 bytes (248 KiB), min./max. I/O unit sizes: 4096 bytes/4096 bytes
04-09 14:52:50.426     0     0 I         : [    4.356169@1] UBIFS (ubi2:0): FS size: 10158080 bytes (9 MiB, 40 LEBs), journal size 2285569 bytes (2 MiB, 9 LEBs)
04-09 14:52:50.426     0     0 I         : [    4.366430@1] UBIFS (ubi2:0): reserved for root: 0 bytes (0 KiB)
04-09 14:52:50.426     0     0 I         : [    4.372384@1] UBIFS (ubi2:0): media format: w4/r0 (latest is w4/r0), UUID AD7DC8BC-6ACA-4841-8B12-7A54B54F57E7, small LPT model
04-09 14:52:50.426     0     0 I         : [    4.396085@0] UBIFS (ubi2:1): background thread "ubifs_bgt2_1" started, PID 2572
04-09 14:52:50.426     0     0 I         : [    4.421987@3] UBIFS (ubi2:1): recovery needed
04-09 14:52:50.426     0     0 I         : [    4.537577@3] UBIFS (ubi2:1): recovery completed
04-09 14:52:50.426     0     0 I         : [    4.537736@3] UBIFS (ubi2:1): UBIFS: mounted UBI device 2, volume 1, name "data"
04-09 14:52:50.426     0     0 I         : [    4.543922@3] UBIFS (ubi2:1): LEB size: 253952 bytes (248 KiB), min./max. I/O unit sizes: 4096 bytes/4096 bytes
04-09 14:52:50.426     0     0 I         : [    4.553915@3] UBIFS (ubi2:1): FS size: 189956096 bytes (181 MiB, 748 LEBs), journal size 9404416 bytes (8 MiB, 38 LEBs)
04-09 14:52:50.426     0     0 I         : [    4.564606@3] UBIFS (ubi2:1): reserved for root: 0 bytes (0 KiB)
04-09 14:52:50.426     0     0 I         : [    4.570560@3] UBIFS (ubi2:1): media format: w4/r0 (latest is w4/r0), UUID 34A475AE-5814-4337-8EB7-8868427E3B0E, small LPT model
04-09 14:52:50.426     0     0 I         : [    4.808480@1] aml_wifi wifi: [usb_power_control] Set WiFi power down
04-09 14:52:50.426     0     0 I [    4.809211@1] meson-mmc: [sdio_notify] finish
04-09 14:52:50.426     0     0 I         : [    4.813562@1] aml_wifi wifi: [wifi_power_ioctl] ioctl Set sdio wifi power down!
04-09 14:52:50.426     0     0 I         : [    4.817136@3] UBIFS (ubi0:0): background thread "ubifs_bgt0_0" stops
04-09 14:52:51.492  2585  2585 E         : found the match wifi is: sd8887
04-09 14:52:51.492  2585  2585 E         : wifi_insmod command:insmod /lib/modules/4.9.113/kernel/mrvl/mlan8887.ko 
--------- beginning of system
04-09 14:52:51.534  2605  2605 I wpa_supplicant: Successfully initialized wpa_supplicant
04-09 14:52:51.557  2605  2605 E wpa_supplicant: Could not read interface wlan0 flags: No such device
04-09 14:52:51.561  2605  2605 I wpa_supplicant: nl80211: Driver does not support authentication/association or connect commands
04-09 14:52:51.563  2605  2605 I wpa_supplicant: nl80211: deinit ifname=wlan0 disabled_11b_rates=0
04-09 14:52:51.564  2605  2605 E wpa_supplicant: Could not read interface wlan0 flags: No such device
04-09 14:52:51.566  2605  2605 E wpa_supplicant: wlan0: Failed to initialize driver interface
04-09 14:52:51.656  2585  2585 E         : wifi_insmod command:insmod /lib/modules/4.9.113/kernel/mrvl/sd8xxx.ko cal_data_cfg=mrvl/WlanCalData_ext_LS9x_291119.conf txpwrlimit_cfg=mrvl/txpwrlimit_cfg_8887.bin fw_name=mrvl/sd8887_wlan_a2_p59.bin cfg80211_wext=0xf host_mlme=1 auto_ds=2 fw_serial=1 sta_name="wlan" uap_name="p2p" ps_mode=2 max_uap_bss=2 drvdbg=0x7 reg_alpha2="00"
04-09 14:52:52.780  2585  2585 E         : Load BT driver
04-09 14:52:52.780  2585  2585 E         : found the match wifi is: (null)
04-09 14:52:52.780  2585  2585 E         : wifi_insmod command:insmod /lib/modules/4.9.113/kernel/mrvl/bt8xxx.ko fw_name=mrvl/sd8887_bt_a2_p59.bin bt_fw_serial=0
04-09 14:52:52.935  2698  2698 E writeSerialNo: Writing serial number to unifykey
04-09 14:52:52.957  2692  2692 I sh      : FACTEST:unifykey read success:20 20
04-09 14:52:52.958  2692  2692 I sh      : inbuf=de4f95ffa64d5e74b026  ret=20 serial.txt=de4f95ffa64d5e74b026 bytesread=20 strcmp=0
04-09 14:52:52.977  2690  2690 W sshd    : Failed loading /etc/dropbear/dropbear_rsa_host_key
04-09 14:52:52.977  2690  2690 W sshd    : Failed loading /etc/dropbear/dropbear_dss_host_key
04-09 14:52:52.977  2690  2690 W sshd    : Failed loading /etc/dropbear/dropbear_ecdsa_host_key
04-09 14:52:52.986  2697  2697 I ServiceManager: Waiting for service libre.EnvItems...
04-09 14:52:52.991  2690  2690 I sshd    : Not backgrounding
04-09 14:52:53.011  2699  2699 I ENV     : init 
04-09 14:52:53.012  2699  2699 I ENV     :  First boot 
04-09 14:52:53.012  2699  2699 E ENV     : fileExists:153 /lsync/env/env.db does not exist
04-09 14:52:53.018  2699  2699 D AVS_SDK :  [  1] I sdkVersion: 1.19.1
04-09 14:52:53.019  2699  2699 E ENV     :  FAILED to open:/lsync/env/tmp.db 
04-09 14:52:53.019  2699  2699 I ENV     : removeItem:79:/lsync/env/tmp.db not found
04-09 14:52:53.020  2699  2699 E ENV     : /lsync/env/env.db does not Exist.. tempStorage = 0
04-09 14:52:53.020  2699  2699 I ENV     : createUserDBFromFactoryCfg 
04-09 14:52:53.027  2699  2699 I ENV     : Using /factory/custom/factoryEnv.conf as conf file
04-09 14:52:53.027  2699  2699 I ENV     : removeItem:79:/lsync/env/env.db not found
04-09 14:52:53.027  2699  2699 E ENV     : Error removing /lsync/env/env.db
04-09 14:52:53.092  2699  2699 E ENV     : createUserDBFromFactoryCfg:307: tempStorage is undefined
04-09 14:52:53.092  2699  2699 I ENV     : Using /factory/custom/factoryEnv.conf and /lsync/env/env.db as conf and db file
04-09 14:52:53.092  2699  2699 I ENV     : init 
04-09 14:52:53.093  2699  2699 I ENV     :  First boot 
04-09 14:52:53.093  2699  2699 I ENV     : fileExists:151 /lsync/env/env.db exists
04-09 14:52:53.095  2699  2699 I ENV     : Copied /lsync/env/env.db to /lsync/env/tmp.db
04-09 14:52:53.095  2699  2699 E ENV     : /lsync/env/env.db does not Exist.. tempStorage = ab6e9db0
04-09 14:52:53.095  2699  2699 I ENV     : createUserDBFromFactoryCfg 
04-09 14:52:53.098  2699  2699 I ENV     : Using /factory/custom/factoryEnv.conf as conf file
04-09 14:52:53.098  2699  2699 I ENV     : removeItem:74:/lsync/env/env.db removed
04-09 14:52:53.098  2699  2699 I ENV     : Removed /lsync/env/env.db
04-09 14:52:53.111  2699  2699 E ENV     : createUserDBFromFactoryCfg:301: Failed at tempStorage->get_changed
04-09 14:52:53.504  2699  2699 I chatty  : uid=0(root) env_service identical 64 lines
04-09 14:52:53.511  2699  2699 E ENV     : createUserDBFromFactoryCfg:301: Failed at tempStorage->get_changed
04-09 14:52:53.513  2699  2699 E AVS_SDK :  [  1] E SQLiteStatement:SQLiteStatement::stepFailed::Executing the select did not generate a row or complete.:result=19
04-09 14:52:53.513  2699  2699 E AVS_SDK :  [  1] E SQLiteStatement:SQLiteStatement::finalizeFailed::Could release the prepared statement.:rcode=19
04-09 14:52:53.513  2699  2699 E ENV     : createUserDBFromFactoryCfg:286: Failed at m_miscStorage->put
04-09 14:52:53.519  2699  2699 E ENV     : createUserDBFromFactoryCfg:301: Failed at tempStorage->get_changed
04-09 14:52:53.703  2699  2699 I chatty  : uid=0(root) env_service identical 29 lines
04-09 14:52:53.710  2699  2699 E ENV     : createUserDBFromFactoryCfg:301: Failed at tempStorage->get_changed
04-09 14:52:53.710  2699  2699 I ENV     : Using /factory/custom/factoryEnv.conf and /lsync/env/env.db as conf and db file
04-09 14:52:53.711  2699  2699 I ENV     : fileExists:151 /lsync/env/env_bk.db exists
04-09 14:52:53.712  2699  2699 I ENV     : fileExists:151 /factory/custom/factoryEnv_bk.conf exists
04-09 14:52:53.712  2699  2699 I ENV     : removeItem:74:/lsync/env/tmp.db removed
04-09 14:52:55.947  2711  2711 I wpa_supplicant: Successfully initialized wpa_supplicant
04-09 14:52:55.959  2711  2711 I wpa_supplicant: rfkill: Cannot open RFKILL control device
04-09 14:52:55.997  2714  2714 I main_sourceswitch: ServiceManager: 0xabe56f88
04-09 14:52:55.999  2714  2714 E luci_helper: LUCIHelper: Waiting for Module Init
04-09 14:52:55.999  2714  2714 E luci_helper: LUCIHelper: Waiting for Module Init
04-09 14:52:56.000  2713  2713 E LUCI_FACTORY: LUCIFactory::registerBuiltinFactories
04-09 14:52:56.008  2713  2713 E LUCI_SERVER: IP = 0
04-09 14:52:56.029  2712  2712 E luci_helper: LUCIHelper: Waiting for Module Init
04-09 14:52:56.030  2712  2712 E luci_helper: LUCIHelper: Waiting for Module Init
04-09 14:52:56.031  2712  2712 E yani_server: YaniServer FAILED TO GET LuciHelper
04-09 14:52:56.060  2692  2692 I sh      : Simple mixer control 'Master',0
04-09 14:52:56.060  2692  2692 I sh      :   Capabilities: volume pswitch pswitch-joined
04-09 14:52:56.060  2692  2692 I sh      :   Playback channels: Front Left - Front Right
04-09 14:52:56.060  2692  2692 I sh      :   Capture channels: Front Left - Front Right
04-09 14:52:56.060  2692  2692 I sh      :   Limits: 0 - 100
04-09 14:52:56.081  2712  2712 E luci_helper: LUCIHelper: Waiting for Module Init
04-09 14:52:56.081  2712  2712 E yani_server: YaniServer FAILED TO GET LuciHelper
04-09 14:52:56.086  2692  2692 I sh      :   Front Left: 30 [30%] [-10.45dB] Playback [on]
04-09 14:52:56.086  2692  2692 I sh      :   Front Right: 30 [30%] [-10.45dB] Playback [on]
04-09 14:52:56.089  2713  2713 E luciUART: bufff write ? = 1 
04-09 14:52:56.091  2711  2711 I wpa_supplicant: MPM: Debug Dialog Token initialized 1326255627 (0x4f0d0e0b)
04-09 14:52:56.091  2713  2713 E luciUART: tcsetattr succeed
04-09 14:52:56.092  2713  2722 E LUCI_SERVER: Luci Server Thread waiting for packets....
04-09 14:52:56.095  2711  2711 I wpa_supplicant: wlan0: CTRL-EVENT-REGDOM-CHANGE init=USER type=COUNTRY alpha2=US
04-09 14:52:56.157  2710  2710 I         : [0409/022256.156333:INFO:cast_auth_check.cc(163)] Cast auth test is successful.
04-09 14:52:56.544  2712  2724 E yani_kernel: Interface status 0
04-09 14:52:56.551  2712  2724 I yani_kernel: set_device_name() Interface 'wlan0' MAC Address 'cc:90:93:21:f3:84' FriendlyName 'Lyric Speaker Box 21f384' status '0'
04-09 14:52:56.552  2712  2724 I yani_server: First boot after Factory reset! Friendly Name modified Lyric Speaker Box  -> Lyric Speaker Box 21f384
04-09 14:52:56.558  2713  2713 I lucitransport: writeRemoteMessage() MID = 90 buffer = Lyric Speaker Box 21f384
04-09 14:52:56.558  2713  2713 I luciUART: write() MID = 90  bytes = 34 data = Lyric Speaker Box 21f384 m_fd = 0x5
04-09 14:52:56.558  2713  2713 I lucitransport: writeLocalMessage() MID = 90 buffer = Lyric Speaker Box 21f384
04-09 14:52:56.558  2713  2722 E LUCI_SERVER: Luci Server Thread wait over MID 90....
04-09 14:52:56.560  2712  2724 E yani_server: Device Supports CastSetup 1
04-09 14:52:56.560  2712  2724 I yani_kernel: yani_init_net() Success Netlink socket fd 6
04-09 14:52:56.563  2712  2724 E WifiHW  : wifi_start_supplicant
04-09 14:52:56.563  2712  2724 E WifiHW  : wifi_start_ctl.start : wpa_supplicant
04-09 14:52:56.588  2713  2722 E LUCI_SERVER: Luci Server Thread waiting for packets....
04-09 14:52:56.765  2712  2724 E WifiHW  : wifi_connect_to_supplicant : wlan0
04-09 14:52:56.765  2712  2724 E WifiHW  : wifi_connect_on_socket_path1 : wlan0
04-09 14:52:56.767  2712  2724 E yani_wifi: enable_disable_net_if() Failed SIOCGIFFLAGS for interface 'wlan1' enable '0'
04-09 14:52:56.772  2712  2724 I yani_wifi: configure_wifi() SSID '' security '' passphrase '********' Country 'US'
04-09 14:52:57.951  2692  2692 I sh      : LSDeviceService: not found
04-09 14:52:58.023  2732  2732 I NetMgr  : Net_Mgr starting
04-09 14:52:58.030  2732  2732 I HotspotManager: Default WiFi Interface : wlan0
04-09 14:52:58.044  2732  2732 I NetworkMonitor: WiFi Interface : wlan0
04-09 14:52:58.044  2732  2732 I NetworkMonitor: Default WiFi Interface : wlan0
04-09 14:52:58.050  2732  2739 I NetworkMonitor: Start monitor thread
04-09 14:52:58.060  2729  2729 E         :  Start MessageBox Handler 
04-09 14:52:58.066  2732  2739 E WifiUtil: command: "SCAN" failed: FAIL-BUSY
04-09 14:52:58.071  2729  2745 E MB_HANDLER: HOST present 1
04-09 14:52:58.074  2730  2730 E UIModeManager: UIModeManager Constructor ++
04-09 14:52:58.075  2729  2745 E MB_HANDLER:  REGISTERED YANI LISTENER IN MessageBoxHandler
04-09 14:52:58.076  2729  2745 E         : External Host present 1
04-09 14:52:58.076  2729  2745 E MB_HANDLER: REGISTERED ExternalSource IN MessageBoxHandler
04-09 14:52:58.079  2729  2745 E MB_HANDLER: Check Device Support ENV_CastSetup true ENV_GoogleCast_ID true 
04-09 14:52:58.079  2713  2713 I lucitransport: readRemoteMessage() MID char = 43689 buffer = 1
04-09 14:52:58.080  2713  2713 I lucitransport: writeRemoteMessage() MID = 43690 buffer = ªªªªª
04-09 14:52:58.080  2713  2713 I luciUART: write() MID = 43690  bytes = 15 data = ªªªªª m_fd = 0x5
04-09 14:52:58.080  2729  2745 E MB_HANDLER: LUCI UART READY MSG!!
04-09 14:52:58.080  2729  2745 E MB_HANDLER: Set Default Network Status on Bootup 0#1,0#2,0#3,0#4,0!
04-09 14:52:58.080  2713  2713 I lucitransport: writeRemoteMessage() MID = 124 buffer = 0#1,0#2,0#3,0#4,0
04-09 14:52:58.080  2713  2713 I luciUART: write() MID = 124  bytes = 27 data = 0#1,0#2,0#3,0#4,0 m_fd = 0x5
04-09 14:52:58.086  2729  2745 I MB_HANDLER: Env Details: LS-Host '1' Cast-Setup 'true'
04-09 14:52:58.086  2729  2745 E MB_HANDLER: Message Handler Thread waiting for messages....
04-09 14:52:58.086  2730  2730 I AirableUIHelper: AirableUIHelper Contructor 
04-09 14:52:58.088  2730  2730 E AirableUIHelper:  Airable ENV_AirableBaseURL_ID Envitem returned failed!!!
04-09 14:52:58.088  2713  2721 E luciUART: UART:aa
04-09 14:52:58.088  2713  2721 E luciUART: UART:aa
04-09 14:52:58.088  2713  2721 E luciUART: UART:2
04-09 14:52:58.088  2713  2721 E luciUART: UART:0
04-09 14:52:58.088  2713  2721 E luciUART: UART:9
04-09 14:52:58.088  2713  2721 E luciUART: UART:0
04-09 14:52:58.088  2713  2721 I chatty  : uid=0(root) UARTLUCIControl identical 2 lines
04-09 14:52:58.089  2713  2721 E luciUART: UART:0
04-09 14:52:58.089  2713  2721 E luciUART: UART:1
04-09 14:52:58.089  2713  2721 I luciUART: read() RemoteID = 43690 Command = 9 Type = 2 Status = 0 DataLen = 1
04-09 14:52:58.089  2713  2722 I luciUART: write() MID = 9  bytes = 10 data =  m_fd = 0x5
04-09 14:52:58.089  2713  2722 E LUCI_SERVER: Luci Server Thread waiting for packets....
04-09 14:52:58.089  2713  2721 E luciUART: UART:aa
04-09 14:52:58.089  2713  2721 E luciUART: UART:1
04-09 14:52:58.089  2713  2721 E luciUART: UART:0
04-09 14:52:58.089  2713  2721 E luciUART: UART:7c
04-09 14:52:58.089  2713  2721 E luciUART: UART:0
04-09 14:52:58.089  2713  2721 I chatty  : uid=0(root) UARTLUCIControl identical 3 lines
04-09 14:52:58.090  2713  2721 E luciUART: UART:0
04-09 14:52:58.090  2713  2721 I luciUART: read() RemoteID = 43690 Command = 124 Type = 1 Status = 0 DataLen = 0
04-09 14:52:58.090  2713  2722 E LUCI_SERVER: Luci Server Thread wait over MID 124....
04-09 14:52:58.090  2713  2722 I luciUART: write() MID = 124  bytes = 27 data = 0#1,0#2,0#3,0#4,0 m_fd = 0x5
04-09 14:52:58.090  2713  2722 E LUCI_SERVER: Luci Server Thread waiting for packets....
04-09 14:52:58.090  2713  2721 E luciUART: UART:aa
04-09 14:52:58.090  2713  2721 E luciUART: UART:aa
04-09 14:52:58.091  2713  2721 E luciUART: UART:5f
04-09 14:52:58.091  2713  2721 I luciUART: Previous Packet read contd., 
04-09 14:52:58.091  2713  2721 E luciUART: UART:4d
04-09 14:52:58.091  2713  2721 I luciUART: Previous Packet read contd., 
04-09 14:52:58.091  2713  2721 E luciUART: UART:43
04-09 14:52:58.091  2713  2721 I luciUART: Previous Packet read contd., 
04-09 14:52:58.091  2713  2721 E luciUART: UART:55
04-09 14:52:58.091  2713  2721 I luciUART: Previous Packet read contd., 
04-09 14:52:58.091  2713  2721 E luciUART: UART:56
04-09 14:52:58.091  2713  2721 I luciUART: Previous Packet read contd., 
04-09 14:52:58.091  2713  2721 E luciUART: UART:65
04-09 14:52:58.091  2713  2721 I luciUART: Previous Packet read contd., 
04-09 14:52:58.091  2713  2721 E luciUART: UART:72
04-09 14:52:58.091  2713  2721 I luciUART: Previous Packet read contd., 
04-09 14:52:58.091  2713  2721 E luciUART: UART:73
04-09 14:52:58.091  2713  2721 I luciUART: Previous Packet read contd., 
04-09 14:52:58.092  2713  2721 E luciUART: UART:69
04-09 14:52:58.092  2713  2721 I luciUART: Previous Packet read contd., 
04-09 14:52:58.092  2713  2721 E luciUART: UART:6f
04-09 14:52:58.092  2713  2721 I luciUART: Previous Packet read contd., 
04-09 14:52:58.092  2713  2721 E luciUART: UART:6e
04-09 14:52:58.092  2713  2722 E LUCI_SERVER: Luci Server Thread wait over MID 208....
04-09 14:52:58.092  2713  2722 E LUCI_SERVER: Got NV name : MCUVersion
04-09 14:52:58.092  2713  2721 E luciUART: UART:aa
04-09 14:52:58.092  2713  2721 E luciUART: UART:aa
04-09 14:52:58.092  2713  2721 E luciUART: UART:2
04-09 14:52:58.092  2713  2721 E luciUART: UART:0
04-09 14:52:58.092  2713  2721 E luciUART: UART:5b
04-09 14:52:58.092  2713  2721 E luciUART: UART:0
04-09 14:52:58.093  2713  2721 I chatty  : uid=0(root) UARTLUCIControl identical 3 lines
04-09 14:52:58.093  2713  2721 E luciUART: UART:0
04-09 14:52:58.093  2713  2721 I luciUART: read() RemoteID = 43690 Command = 91 Type = 2 Status = 0 DataLen = 0
04-09 14:52:58.093  2713  2721 E luciUART: UART:aa
04-09 14:52:58.093  2713  2721 E luciUART: UART:aa
04-09 14:52:58.093  2713  2721 E luciUART: UART:2
04-09 14:52:58.093  2713  2721 E luciUART: UART:0
04-09 14:52:58.093  2713  2721 I chatty  : uid=0(root) UARTLUCIControl identical 1 line
04-09 14:52:58.093  2713  2721 E luciUART: UART:0
04-09 14:52:58.094  2713  2721 E luciUART: UART:c
04-09 14:52:58.094  2713  2721 I luciUART: read() RemoteID = 43690 Command = 208 Type = 2 Status = 0 DataLen = 12
04-09 14:52:58.094  2713  2721 E luciUART: Error: full data not available yet! readBytes 0
04-09 14:52:58.094  2713  2721 I luciUART: Previous Packet read contd., 
04-09 14:52:58.094  2713  2721 E luciUART: UART:52
04-09 14:52:58.094  2713  2721 I luciUART: Previous Packet read contd., 
04-09 14:52:58.094  2713  2721 E luciUART: UART:45
04-09 14:52:58.094  2713  2721 I luciUART: Previous Packet read contd., 
04-09 14:52:58.094  2713  2721 E luciUART: UART:41
04-09 14:52:58.094  2713  2721 I luciUART: Previous Packet read contd., 
04-09 14:52:58.094  2713  2721 E luciUART: UART:44
04-09 14:52:58.094  2713  2721 I luciUART: Previous Packet read contd., 
04-09 14:52:58.094  2713  2721 E luciUART: UART:5f
04-09 14:52:58.094  2713  2721 I luciUART: Previous Packet read contd., 
04-09 14:52:58.094  2713  2721 E luciUART: UART:43
04-09 14:52:58.094  2713  2721 I luciUART: Previous Packet read contd., 
04-09 14:52:58.094  2713  2721 E luciUART: UART:6f
04-09 14:52:58.094  2713  2721 I luciUART: Previous Packet read contd., 
04-09 14:52:58.094  2713  2721 E luciUART: UART:75
04-09 14:52:58.094  2713  2721 I luciUART: Previous Packet read contd., 
04-09 14:52:58.094  2713  2721 E luciUART: UART:6e
04-09 14:52:58.094  2713  2721 I luciUART: Previous Packet read contd., 
04-09 14:52:58.094  2713  2721 E luciUART: UART:74
04-09 14:52:58.094  2713  2721 I luciUART: Previous Packet read contd., 
04-09 14:52:58.094  2713  2721 E luciUART: UART:72
04-09 14:52:58.094  2713  2721 I luciUART: Previous Packet read contd., 
04-09 14:52:58.094  2713  2721 E luciUART: UART:79
04-09 14:52:58.095  2713  2721 E luciUART: UART:aa
04-09 14:52:58.095  2713  2721 E luciUART: UART:aa
04-09 14:52:58.095  2713  2721 E luciUART: UART:1
04-09 14:52:58.095  2713  2721 E luciUART: UART:0
04-09 14:52:58.095  2713  2721 E luciUART: UART:5
04-09 14:52:58.095  2713  2721 E luciUART: UART:0
04-09 14:52:58.095  2713  2721 I chatty  : uid=0(root) UARTLUCIControl identical 3 lines
04-09 14:52:58.095  2713  2721 E luciUART: UART:0
04-09 14:52:58.095  2713  2721 I luciUART: read() RemoteID = 43690 Command = 5 Type = 1 Status = 0 DataLen = 0
04-09 14:52:58.095  2713  2721 E luciUART: UART:aa
04-09 14:52:58.096  2713  2721 E luciUART: UART:aa
04-09 14:52:58.096  2713  2721 E luciUART: UART:1
04-09 14:52:58.096  2713  2721 E luciUART: UART:0
04-09 14:52:58.096  2713  2721 E luciUART: UART:97
04-09 14:52:58.096  2713  2721 E luciUART: UART:0
04-09 14:52:58.096  2713  2721 I chatty  : uid=0(root) UARTLUCIControl identical 3 lines
04-09 14:52:58.096  2713  2721 E luciUART: UART:0
04-09 14:52:58.096  2713  2721 I luciUART: read() RemoteID = 43690 Command = 151 Type = 1 Status = 0 DataLen = 0
04-09 14:52:58.096  2713  2721 E luciUART: UART:aa
04-09 14:52:58.096  2713  2721 E luciUART: UART:aa
04-09 14:52:58.097  2713  2721 E luciUART: UART:2
04-09 14:52:58.097  2713  2721 E luciUART: UART:0
04-09 14:52:58.097  2713  2721 E luciUART: UART:d0
04-09 14:52:58.098  2713  2721 E luciUART: UART:44
04-09 14:52:58.098  2713  2721 I luciUART: Previous Packet read contd., 
04-09 14:52:58.098  2713  2721 E luciUART: UART:5f
04-09 14:52:58.098  2713  2721 I luciUART: Previous Packet read contd., 
04-09 14:52:58.098  2713  2721 E luciUART: UART:73
04-09 14:52:58.098  2713  2721 I luciUART: Previous Packet read contd., 
04-09 14:52:58.098  2713  2721 E luciUART: UART:73
04-09 14:52:58.098  2729  2744 E MB_HANDLER: Messagebox_handler::MessageBoxAlert id = 91
04-09 14:52:58.098  2713  2721 I luciUART: Previous Packet read contd., 
04-09 14:52:58.098  2713  2721 E luciUART: UART:64
04-09 14:52:58.098  2729  2745 E MB_HANDLER: Message Handler Thread wait over MID[91]....
04-09 14:52:58.098  2713  2713 I lucitransport: readRemoteMessage() MID char = 91 buffer = (null)
04-09 14:52:58.099  2713  2721 E luciUART: UART:aa
04-09 14:52:58.099  2713  2721 E luciUART: UART:aa
04-09 14:52:58.099  2713  2721 E luciUART: UART:2
04-09 14:52:58.099  2713  2721 E luciUART: UART:0
04-09 14:52:58.099  2713  2721 E luciUART: UART:d0
04-09 14:52:58.099  2713  2721 E luciUART: UART:0
04-09 14:52:58.099  2713  2722 I luciUART: write() MID = 91  bytes = 10 data =  m_fd = 0x5
04-09 14:52:58.099  2713  2721 E luciUART: UART:0
04-09 14:52:58.099  2713  2721 E luciUART: UART:0
04-09 14:52:58.099  2713  2722 E LUCI_SERVER: Luci Server Thread wait over MID 208....
04-09 14:52:58.099  2713  2721 E luciUART: UART:0
04-09 14:52:58.099  2713  2722 E LUCI_SERVER: Got NV name : Country
04-09 14:52:58.099  2713  2721 E luciUART: UART:9
04-09 14:52:58.099  2713  2721 I luciUART: read() RemoteID = 43690 Command = 208 Type = 2 Status = 0 DataLen = 9
04-09 14:52:58.099  2713  2721 E luciUART: Error: full data not available yet! readBytes 0
04-09 14:52:58.099  2713  2721 I luciUART: Previous Packet read contd., 
04-09 14:52:58.099  2713  2721 E luciUART: UART:52
04-09 14:52:58.099  2713  2721 I luciUART: Previous Packet read contd., 
04-09 14:52:58.101  2713  2722 I luciUART: write() MID = 208  bytes = 20 data = Country:US m_fd = 0x5
04-09 14:52:58.101  2713  2722 E LUCI_SERVER: NV_READ response= Country:US
04-09 14:52:58.101  2713  2722 E LUCI_SERVER: Luci Server Thread wait over MID 5....
04-09 14:52:58.101  2713  2722 I luciUART: write() MID = 5  bytes = 22 data = eng.C4A.1203 m_fd = 0x5
04-09 14:52:58.101  2713  2722 E LUCI_SERVER: Luci Server Thread wait over MID 151....
04-09 14:52:58.101  2713  2721 E luciUART: UART:45
04-09 14:52:58.101  2713  2721 I luciUART: Previous Packet read contd., 
04-09 14:52:58.101  2713  2721 E luciUART: UART:41
04-09 14:52:58.101  2713  2721 I luciUART: Previous Packet read contd., 
04-09 14:52:58.101  2713  2721 E luciUART: UART:44
04-09 14:52:58.101  2713  2721 I luciUART: Previous Packet read contd., 
04-09 14:52:58.102  2713  2722 E WLANP2PIF: ioctl failed
04-09 14:52:58.102  2713  2722 E LUCI_SERVER: ** RSSI  = 255
04-09 14:52:58.102  2713  2722 I luciUART: write() MID = 151  bytes = 10 data =  m_fd = 0x5
04-09 14:52:58.102  2713  2722 E LUCI_SERVER: Luci Server Thread wait over MID 208....
04-09 14:52:58.102  2713  2722 E LUCI_SERVER: Got NV name : ssid
04-09 14:52:58.102  2730  2730 I UIModeManager: RegisterModeControl Mode - PlayMode ModeControl - 0xabe5cc30
04-09 14:52:58.103  2730  2730 I ServiceManager: Waiting for service media.player...
04-09 14:52:58.107  2736  2736 E dhcpcd  : eth0: interface not found or invalid
04-09 14:52:58.109  2713  2722 I luciUART: write() MID = 208  bytes = 15 data = ssid: m_fd = 0x5
04-09 14:52:58.110  2713  2722 E LUCI_SERVER: NV_READ response= ssid:
04-09 14:52:58.110  2713  2722 E LUCI_SERVER: Luci Server Thread wait over MID 208....
04-09 14:52:58.110  2713  2722 E LUCI_SERVER: Got NV name : ssid
04-09 14:52:58.110  2729  2745 E MB_HANDLER: ENV READ FAILED
04-09 14:52:58.111  2713  2722 I luciUART: write() MID = 208  bytes = 15 data = ssid: m_fd = 0x5
04-09 14:52:58.111  2713  2722 E LUCI_SERVER: NV_READ response= ssid:
04-09 14:52:58.111  2713  2722 E LUCI_SERVER: Luci Server Thread waiting for packets....
04-09 14:52:58.112  2713  2721 E luciUART: UART:aa
04-09 14:52:58.112  2713  2721 E luciUART: UART:aa
04-09 14:52:58.112  2713  2721 E luciUART: UART:2
04-09 14:52:58.113  2713  2722 E LUCI_SERVER: Luci Server Thread wait over MID 6....
04-09 14:52:58.114  2729  2744 E MB_HANDLER: Messagebox_handler::MessageBoxAlert id = 6
04-09 14:52:58.114  2713  2722 I luciUART: write() MID = 6  bytes = 10 data =  m_fd = 0x5
04-09 14:52:58.114  2713  2722 E LUCI_SERVER: Luci Server Thread waiting for packets....
04-09 14:52:58.117  2729  2745 E MB_HANDLER: MacAddress :CC:90:93:21:F3:84
04-09 14:52:58.117  2713  2713 I lucitransport: writeRemoteMessage() MID = 91 buffer = CC:90:93:21:F3:84
04-09 14:52:58.117  2713  2713 I luciUART: write() MID = 91  bytes = 27 data = CC:90:93:21:F3:84 m_fd = 0x5
04-09 14:52:58.117  2729  2745 E MB_HANDLER: Message Handler Thread wait over MID[6]....
04-09 14:52:58.118  2713  2713 I lucitransport: readRemoteMessage() MID char = 6 buffer = 1001
04-09 14:52:58.120  2736  2736 D dhcpcd  : wlan0: adding address fe80::ce90:93ff:fe21:f384
04-09 14:52:58.125  2713  2721 E luciUART: UART:aa
04-09 14:52:58.125  2713  2721 E luciUART: UART:aa
04-09 14:52:58.125  2713  2721 E luciUART: UART:2
04-09 14:52:58.125  2713  2721 E luciUART: UART:0
04-09 14:52:58.125  2713  2721 E luciUART: UART:d0
04-09 14:52:58.126  2713  2721 E luciUART: UART:0
04-09 14:52:58.126  2713  2721 I chatty  : uid=0(root) UARTLUCIControl identical 2 lines
04-09 14:52:58.126  2713  2721 E luciUART: UART:0
04-09 14:52:58.126  2713  2721 E luciUART: UART:13
04-09 14:52:58.126  2713  2721 I luciUART: read() RemoteID = 43690 Command = 208 Type = 2 Status = 0 DataLen = 19
04-09 14:52:58.127  2713  2721 E luciUART: UART:64
04-09 14:52:58.127  2713  2721 I luciUART: Previous Packet read contd., 
04-09 14:52:58.127  2713  2721 E luciUART: UART:5f
04-09 14:52:58.127  2713  2721 I luciUART: Previous Packet read contd., 
04-09 14:52:58.127  2713  2721 E luciUART: UART:78
04-09 14:52:58.127  2713  2721 I luciUART: Previous Packet read contd., 
04-09 14:52:58.130  2713  2722 I luciUART: write() MID = 208  bytes = 67 data = fwdownload_xml:https://openotaengine.libreiotcloud.com/v1 m_fd = 0x5
04-09 14:52:58.130  2713  2722 E LUCI_SERVER: NV_READ response= fwdownload_xml:https://openotaengine.libreiotcloud.com/v1
04-09 14:52:58.130  2713  2722 E LUCI_SERVER: Luci Server Thread waiting for packets....
04-09 14:52:58.146  2734  2734 I bt_btif : init
04-09 14:52:58.149  2734  2734 D bt_osi_allocation_tracker: canary initialized
04-09 14:52:58.152  2734  2757 I bt_osi_thread: run_thread: thread id 2757, thread name stack_manager started
04-09 14:52:58.152  2734  2757 I bt_stack_manager: event_init_stack is initializing the stack
04-09 14:52:58.157  2734  2757 E bt_osi_config: config_new unable to open file '/data/misc/bluedroid/bt_config.conf': No such file or directory
04-09 14:52:58.157  2734  2757 W bt_btif_config: init unable to load config file: /data/misc/bluedroid/bt_config.conf; using backup.
04-09 14:52:58.157  2734  2757 E bt_osi_config: config_new unable to open file '/data/misc/bluedroid/bt_config.bak': No such file or directory
04-09 14:52:58.157  2734  2757 W bt_btif_config: init unable to load backup; attempting to transcode legacy file.
04-09 14:52:58.159  2734  2757 E bt_btif_config_transcode: btif_config_transcode unable to load XML file '/data/misc/bluedroid/bt_config.xml': 3
04-09 14:52:58.159  2734  2757 E bt_btif_config: init unable to transcode legacy file; creating empty config.
04-09 14:52:58.164  2734  2761 I bt_osi_thread: run_thread: thread id 2761, thread name alarm_default_ca started
04-09 14:52:58.165  2734  2762 I bt_osi_thread: run_thread: thread id 2762, thread name alarm_dispatcher started
04-09 14:52:58.167  2734  2757 I bt_btif_core: btif_init_bluetooth entered
04-09 14:52:58.170  2734  2757 I bt_stack_config: init attempt to load stack conf from /etc/bluetooth/bt_stack.conf
04-09 14:52:58.180  2734  2765 I bt_osi_thread: run_thread: thread id 2765, thread name bt_jni_workqueue started
04-09 14:52:58.180  2734  2757 I bt_btif_core: btif_init_bluetooth finished
04-09 14:52:58.180  2734  2757 I bt_stack_manager: event_init_stack finished
04-09 14:52:58.181  2734  2734 I bt_osi_wakelock: wakelock_set_os_callouts set to non-native
04-09 14:52:58.183  2734  2734 I bt_btif : get_profile_interface: id = gatt
04-09 14:52:58.185  2734  2765 I bt_btif_core: run_message_loop entered
04-09 14:52:58.187  2734  2734 I bt_btif : get_profile_interface: id = a2dp
04-09 14:52:58.188  2734  2734 I bt_btif : get_profile_interface: id = a2dp_sink
04-09 14:52:58.195  2734  2769 I bt_osi_thread: run_thread: thread id 2769, thread name btif_a2dp_sink_w started
04-09 14:52:58.201  2734  2734 D a2dp_codec: init
04-09 14:52:58.204  2734  2734 D a2dp_codec: createCodec: codec SBC
04-09 14:52:58.208  2734  2734 D a2dp_codec: createCodec: codec AAC
04-09 14:52:58.210  2734  2734 D a2dp_codec: createCodec: codec aptX
04-09 14:52:58.211  2734  2734 E a2dp_vendor_aptx_encoder: A2DP_VendorLoadEncoderAptx: cannot open aptX encoder library libaptX_encoder.so: libaptX_encoder.so: cannot open shared object file: No such file or directory
04-09 14:52:58.211  2734  2734 E a2dp_vendor_aptx: init: cannot load the encoder
04-09 14:52:58.211  2734  2734 D a2dp_codec: createCodec: codec aptX-HD
04-09 14:52:58.211  2734  2734 E a2dp_vendor_aptx_hd_encoder: A2DP_VendorLoadEncoderAptxHd: cannot open aptX-HD encoder library libaptXHD_encoder.so: libaptXHD_encoder.so: cannot open shared object file: No such file or directory
04-09 14:52:58.212  2734  2734 E a2dp_vendor_aptx_hd: init: cannot load the encoder
04-09 14:52:58.213  2734  2734 D a2dp_codec: createCodec: codec LDAC
04-09 14:52:58.213  2734  2734 E a2dp_vendor_ldac_encoder: A2DP_VendorLoadEncoderLdac: cannot open LDAC encoder library libldacBT_enc.so: libldacBT_enc.so: cannot open shared object file: No such file or directory
04-09 14:52:58.213  2734  2734 E a2dp_vendor_ldac: init: cannot load the encoder
04-09 14:52:58.213  2734  2734 D a2dp_codec: createCodec: codec SBC SINK
04-09 14:52:58.213  2734  2734 D a2dp_codec: createCodec: codec AAC SINK
04-09 14:52:58.213  2734  2734 I a2dp_codec: init: initialized Source codec AAC
04-09 14:52:58.213  2734  2734 I a2dp_codec: init: initialized Source codec SBC
04-09 14:52:58.213  2734  2734 I a2dp_codec: init: initialized Sink codec AAC(Sink)
04-09 14:52:58.213  2734  2734 I a2dp_codec: init: initialized Sink codec SBC(Sink)
04-09 14:52:58.213  2734  2734 W bt_btif : ## ON A2DP IDLE ## peer_sep = 0
04-09 14:52:58.214  2734  2734 I bt_btif : get_profile_interface: id = avrcp
04-09 14:52:58.214  2734  2765 E bt_btif : btif_sm_dispatch : Invalid handle
04-09 14:52:58.215  2734  2734 I bt_btif : get_profile_interface: id = avrcp_ctrl
04-09 14:52:58.215  2734  2734 I bt_btif : get_profile_interface: id = hidhost
04-09 14:52:58.217  2732  2740 E CommandListener: Message not handled: unrecognized interface usb0
04-09 14:52:58.217  2732  2740 W FrameworkListener: Handler 'Iface' error (Success)
04-09 14:52:58.217  2732  2740 E CommandListener: Message not handled: unrecognized interface usb0
04-09 14:52:58.217  2732  2740 W FrameworkListener: Handler 'Iface' error (Success)
04-09 14:52:58.228  2734  2734 I bluetoothtbd: [0409/022258.227910:INFO:daemon.cc(168)] Daemon initialized
04-09 14:52:58.228  2734  2734 I bt_btif : enable: start restricted = 0
04-09 14:52:58.228  2734  2757 I bt_stack_manager: event_start_up_stack is bringing up the stack
04-09 14:52:58.229  2734  2757 I bt_core_module: module_start_up Starting module "btif_config_module"
04-09 14:52:58.229  2734  2757 I bt_core_module: module_start_up Started module "btif_config_module"
04-09 14:52:58.229  2734  2757 I bt_core_module: module_start_up Starting module "btsnoop_module"
04-09 14:52:58.229  2734  2757 I bt_core_module: module_start_up Started module "btsnoop_module"
04-09 14:52:58.229  2734  2757 I bt_core_module: module_start_up Starting module "hci_module"
04-09 14:52:58.229  2734  2757 I bt_hci  : hci_module_start_up
04-09 14:52:58.230  2734  2781 I bt_osi_thread: run_thread: thread id 2781, thread name hci_thread started
04-09 14:52:58.232  2734  2781 I bluetoothtbd: [0409/022258.232010:INFO:hci_layer_linux.cc(172)] hci_initialize
04-09 14:52:58.232  2734  2781 I bluetoothtbd: [0409/022258.232173:INFO:hci_layer_linux.cc(184)] Using interface hci0
04-09 14:52:58.232  2734  2781 I bluetoothtbd: [0409/022258.232237:INFO:hci_layer_linux.cc(378)] rfkill
04-09 14:52:58.232  2734  2757 D bt_hci  : hci_module_start_up starting async portion
04-09 14:52:58.237  2732  2740 E CommandListener: Message not handled: unrecognized interface usb0
04-09 14:52:58.237  2732  2740 W FrameworkListener: Handler 'Iface' error (Success)
04-09 14:52:58.237  2732  2740 E CommandListener: Message not handled: unrecognized interface usb0
04-09 14:52:58.237  2732  2740 W FrameworkListener: Handler 'Iface' error (Success)
04-09 14:52:58.237  2732  2740 E CommandListener: Message not handled: unrecognized interface usb0
04-09 14:52:58.237  2732  2740 W FrameworkListener: Handler 'Iface' error (Success)
04-09 14:52:58.237  2732  2740 E CommandListener: Message not handled: unrecognized interface usb0
04-09 14:52:58.237  2732  2740 W FrameworkListener: Handler 'Iface' error (Success)
04-09 14:52:58.250  2736  2736 D dhcpcd  : no interfaces have a carrier
04-09 14:52:58.251  2736  2736 D dhcpcd  : wlan0: waiting for carrier
04-09 14:52:58.278  2787  2787 I dnsmasq : started, version 2.51 cachesize 150
04-09 14:52:58.278  2787  2787 I dnsmasq : compile time options: no-IPv6 GNU-getopt no-DBus no-I18N DHCP no-scripts no-TFTP
04-09 14:52:58.278  2787  2787 I dnsmasq : DHCP, IP range 192.168.10.3 -- 192.168.10.10, lease time 12h
04-09 14:52:58.279  2787  2787 I dnsmasq : reading /etc/resolv.conf
04-09 14:52:58.279  2787  2787 I dnsmasq : using nameserver 8.8.8.8#53
04-09 14:52:58.279  2787  2787 I dnsmasq : read /etc/hosts - 1 addresses
04-09 14:52:58.644  2734  2781 I bluetoothtbd: [0409/022258.644541:INFO:hci_layer_linux.cc(295)] wait_hcidev
04-09 14:52:58.644  2734  2781 I bluetoothtbd: [0409/022258.644804:INFO:hci_layer_linux.cc(332)] Do poll() with timeout of 3000ms
04-09 14:52:58.646  2734  2781 I bluetoothtbd: [0409/022258.646345:INFO:hci_layer_linux.cc(228)] HCI device ready
04-09 14:52:58.646  2734  2781 I bt_hci  : event_finish_startup
04-09 14:52:58.646  2734  2757 I bt_core_module: module_start_up Started module "hci_module"
04-09 14:52:58.648  2734  2811 I bt_osi_thread: run_thread: thread id 2811, thread name bt_workqueue started
04-09 14:52:58.648  2734  2811 I bluetoothtbd: [0409/022258.648896:INFO:btu_task.cc(107)] Bluetooth chip preload is complete
04-09 14:52:58.655  2734  2811 I         : No vendor HCI socket available. Won't create SocketWriter.
04-09 14:52:58.659  2732  2740 E CommandListener: Message not handled: unrecognized interface usb0
04-09 14:52:58.659  2732  2740 W FrameworkListener: Handler 'Iface' error (Success)
04-09 14:52:58.664  2734  2811 I bluetoothtbd: [0409/022258.663995:INFO:gatt_api.cc(1005)] GATT_Register
04-09 14:52:58.665  2734  2811 I bluetoothtbd: [0409/022258.665692:INFO:gatt_api.cc(1028)] allocated gatt_if=1
04-09 14:52:58.667  2734  2811 I bluetoothtbd: [0409/022258.667239:INFO:gatt_api.cc(207)] GATTS_AddService
04-09 14:52:58.668  2734  2811 I bluetoothtbd: [0409/022258.668281:INFO:gatt_api.cc(317)] GATTS_AddService: service parsed correctly, now starting
04-09 14:52:58.669  2734  2811 E bluetoothtbd: [0409/022258.669192:ERROR:gatt_attr.cc(302)] gatt_profile_db_init:  gatt_if=1
04-09 14:52:58.676  2734  2811 I bluetoothtbd: [0409/022258.676213:INFO:gatt_api.cc(1005)] GATT_Register
04-09 14:52:58.676  2734  2811 I bluetoothtbd: [0409/022258.676358:INFO:gatt_api.cc(1028)] allocated gatt_if=2
04-09 14:52:58.676  2734  2811 I bluetoothtbd: [0409/022258.676433:INFO:gatt_api.cc(207)] GATTS_AddService
04-09 14:52:58.716  2734  2814 I bt_osi_thread: run_thread: thread id 2814, thread name module_wrapper started
04-09 14:52:58.716  2734  2814 I bt_core_module: module_start_up Starting module "controller_module"
04-09 14:52:58.775  2712  2724 I yani_server: ifindexeth0 0 ifindexwlan0 5 ifindexp2p0 6 ifindexwlan1 0
04-09 14:52:58.776  2712  2724 I yani_server: NetLink Event '-1' Interface-Index '5' WLAN '0' Ethernet '-1' Parsed-iFill '-1' -> 'INVALID' ifIndex '1' -> 'lo'
04-09 14:52:58.776  2712  2724 I yani_kernel: yani_geteventfrom_changeaddr() Message-Id '1' Netlink event '16' Interface Index '5' -> Name 'wlan0' 
04-09 14:52:58.777  2712  2724 I yani_kernel: yani_geteventfrom_changeaddr() Message-Id '1' Netlink event '16' Interface Index '9' -> Name 'usb0' 
04-09 14:52:58.778  2712  2724 I yani_kernel: yani_geteventfrom_changeaddr() Message-Id '1' Netlink event '16' Interface Index '9' -> Name 'usb0' 
04-09 14:52:58.779  2712  2724 I yani_kernel: yani_geteventfrom_changeaddr() Message-Id '1' Netlink event '20' Interface Index '9' -> Name 'usb0' 
