04-09 11:24:50.448  2969  2979 E wac-main: Netlink event 16 Interface Index 5 
04-09 11:24:50.448  3521  3521 D dhcpcd  : wlan0: adding address fe80::ce90:93ff:fe21:f384
04-09 11:24:50.448  2969  2979 E wac-main: Enter poll and wait
04-09 11:24:50.453  2710  2722 I yani_kernel: yani_geteventfrom_changeaddr() Message-Id '1' Netlink event '16' Interface Index '5' -> Name 'wlan0' 
04-09 11:24:50.548  3521  3521 E dhcpcd  : error writing DUID: /etc/dhcpcd/dhcpcd.duid: Read-only file system
04-09 11:24:50.548  3521  3521 D dhcpcd  : DUID 00:03:00:01:cc:90:93:21:f3:84
04-09 11:24:50.548  3521  3521 D dhcpcd  : wlan0: IAID 93:21:f3:84
04-09 11:24:50.692  3087  3087 I cast_shell: [3090:3130:INFO:metrics_recorder.cc(282)] Record action: Setup.version.BLE
04-09 11:24:50.721  3087  3087 I cast_shell: [3090:3130:INFO:metrics_recorder.cc(282)] Record action: Setup.tos_accepted.BLE
04-09 11:24:50.751  3087  3087 I cast_shell: [3090:3130:INFO:metrics_recorder.cc(282)] Record action: Setup.state.BLE
04-09 11:24:50.781  3087  3087 I cast_shell: [3090:3130:INFO:metrics_recorder.cc(282)] Record action: Setup.ip_address.BLE
04-09 11:24:50.790  3087  3087 I cast_shell: [3090:3098:ERROR:connectivity_checker_impl.cc(265)] Connectivity check failed: 400
04-09 11:24:50.969  3087  3087 I chatty  : uid=1000(chrome) /bin/logwrapper identical 1 line
04-09 11:24:51.063  3087  3087 I cast_shell: [3090:3098:ERROR:connectivity_checker_impl.cc(265)] Connectivity check failed: 400
04-09 11:24:51.151  3521  3521 D dhcpcd  : wlan0: soliciting an IPv6 router
04-09 11:24:51.262  2731  2745 I NetworkMonitor: turn off power-save
04-09 11:24:51.266  2731  2745 E DNSResolver: Error in connect: Network is unreachable
04-09 11:24:51.267  2731  2745 I chatty  : uid=0(root) /bin/net_mgr identical 4 lines
04-09 11:24:51.267  2731  2745 E DNSResolver: Error in connect: Network is unreachable
04-09 11:24:51.267  2731  2745 E HttpTimeSync: Error resolve name clients1.google.com
04-09 11:24:51.268  2731  2745 E HttpTimeSync: Error in curl perform, returns 6: Couldn't resolve host name
04-09 11:24:51.268  2731  2745 E HttpTimeSync: Failed in getting HTTP header from http://clients1.google.com/generate_204
04-09 11:24:51.322  3087  3087 I cast_shell: [3090:3130:INFO:metrics_recorder.cc(282)] Record action: Setup.version.BLE
04-09 11:24:51.351  3087  3087 I cast_shell: [3090:3130:INFO:metrics_recorder.cc(282)] Record action: Setup.tos_accepted.BLE
04-09 11:24:51.381  3087  3087 I cast_shell: [3090:3130:INFO:metrics_recorder.cc(282)] Record action: Setup.state.BLE
04-09 11:24:51.411  3087  3087 I cast_shell: [3090:3130:INFO:metrics_recorder.cc(282)] Record action: Setup.ip_address.BLE
04-09 11:24:51.484  3521  3521 D dhcpcd  : wlan0: soliciting a DHCP lease
04-09 11:24:51.484  3521  3521 D dhcpcd  : wlan0: sending DISCOVER (xid 0xc855a0cc), next in -773208006161329799992125400320581557432246923211688651674570895990350760730206022741386033441503888688053528917573918810300210076941015802593326786804361535192793499329447174541002320165192876116253105259369547060873824766423788178279543135588488265556504648278343680.0 seconds
04-09 11:24:51.486  2731  2744 E DNSResolver: Error in connect: Network is unreachable
04-09 11:24:51.487  2731  2744 I chatty  : uid=0(root) MonitorThread identical 4 lines
04-09 11:24:51.487  2731  2744 E DNSResolver: Error in connect: Network is unreachable
04-09 11:24:51.487  2731  2744 E HttpTimeSync: Error resolve name clients1.google.com
04-09 11:24:51.488  2731  2744 E HttpTimeSync: Error in curl perform, returns 6: Couldn't resolve host name
04-09 11:24:51.488  2731  2744 E HttpTimeSync: Failed in getting HTTP header from http://clients1.google.com/generate_204
04-09 11:24:51.797  3087  3087 I cast_shell: [3090:3098:ERROR:connectivity_checker_impl.cc(265)] Connectivity check failed: 400
04-09 11:24:51.952  3087  3087 I cast_shell: [3090:3130:INFO:metrics_recorder.cc(282)] Record action: Setup.version.BLE
04-09 11:24:51.975  3087  3087 I cast_shell: [3090:3098:ERROR:connectivity_checker_impl.cc(265)] Connectivity check failed: 400
04-09 11:24:51.981  3087  3087 I cast_shell: [3090:3130:INFO:metrics_recorder.cc(282)] Record action: Setup.tos_accepted.BLE
04-09 11:24:52.011  3087  3087 I cast_shell: [3090:3130:INFO:metrics_recorder.cc(282)] Record action: Setup.state.BLE
04-09 11:24:52.041  3087  3087 I cast_shell: [3090:3130:INFO:metrics_recorder.cc(282)] Record action: Setup.ip_address.BLE
04-09 11:24:52.069  3087  3087 I cast_shell: [3090:3098:ERROR:connectivity_checker_impl.cc(265)] Connectivity check failed: 400
04-09 11:24:52.488  2731  2744 E DNSResolver: Error in connect: Network is unreachable
04-09 11:24:52.489  2731  2744 I chatty  : uid=0(root) MonitorThread identical 4 lines
04-09 11:24:52.489  2731  2744 E DNSResolver: Error in connect: Network is unreachable
04-09 11:24:52.489  2731  2744 E HttpTimeSync: Error resolve name clients1.google.com
04-09 11:24:52.490  2731  2744 E HttpTimeSync: Error in curl perform, returns 6: Couldn't resolve host name
04-09 11:24:52.490  2731  2744 E HttpTimeSync: Failed in getting HTTP header from http://clients1.google.com/generate_204
04-09 11:24:52.522  3521  3521 D dhcpcd  : wlan0: received OFFER with xid 0xc855a0cc
04-09 11:24:52.522  3521  3521 D dhcpcd  : wlan0: offered 192.168.1.145 from 192.168.1.1
04-09 11:24:52.522  3521  3521 D dhcpcd  : wlan0: requesting lease of 192.168.1.145
04-09 11:24:52.522  3521  3521 D dhcpcd  : wlan0: sending REQUEST (xid 0xc855a0cc), next in -773208006161329799992125400320581557432246923211688651674570895990350760730206022741386033441503888688053528917573918810300210076941015802593326786804361535192793499329447174541002320165192876116253105259369547060873824766423788178279543135588488265556504648278343680.0 seconds
04-09 11:24:52.583  3087  3087 I cast_shell: [3090:3130:INFO:metrics_recorder.cc(282)] Record action: Setup.version.BLE
04-09 11:24:52.611  3087  3087 I cast_shell: [3090:3130:INFO:metrics_recorder.cc(282)] Record action: Setup.tos_accepted.BLE
04-09 11:24:52.641  3087  3087 I cast_shell: [3090:3130:INFO:metrics_recorder.cc(282)] Record action: Setup.state.BLE
04-09 11:24:52.672  3087  3087 I cast_shell: [3090:3130:INFO:metrics_recorder.cc(282)] Record action: Setup.ip_address.BLE
04-09 11:24:52.805  3087  3087 I cast_shell: [3090:3098:ERROR:connectivity_checker_impl.cc(265)] Connectivity check failed: 400
04-09 11:24:52.980  3087  3087 I chatty  : uid=1000(chrome) /bin/logwrapper identical 1 line
04-09 11:24:53.075  3087  3087 I cast_shell: [3090:3098:ERROR:connectivity_checker_impl.cc(265)] Connectivity check failed: 400
04-09 11:24:53.198  3087  3087 I cast_shell: [3090:3130:INFO:metrics_recorder.cc(282)] Record action: Setup.version.BLE
04-09 11:24:53.226  3087  3087 I cast_shell: [3090:3130:INFO:metrics_recorder.cc(282)] Record action: Setup.tos_accepted.BLE
04-09 11:24:53.256  3087  3087 I cast_shell: [3090:3130:INFO:metrics_recorder.cc(282)] Record action: Setup.state.BLE
04-09 11:24:53.272  3087  3087 I cast_shell: [3090:3098:INFO:parent_tracker.cc(237)] Network changed
04-09 11:24:53.272  3087  3087 I cast_shell: [3090:3098:INFO:parent_tracker.cc(120)] Can't use IPv4
04-09 11:24:53.272  3087  3087 I cast_shell: [3090:3098:INFO:parent_tracker.cc(135)] Now using local address [PII](fe80::ce90:93ff:fe21:f384)
04-09 11:24:53.272  3087  3087 I cast_shell: [3090:3098:INFO:directory_service_impl.cc(200)] This device became root
04-09 11:24:53.272  3087  3087 I cast_shell: [3090:3098:INFO:parent_tracker.cc(237)] Network changed
04-09 11:24:53.272  3087  3087 I cast_shell: [3090:3098:INFO:parent_tracker.cc(120)] Can't use IPv4
04-09 11:24:53.272  3087  3087 I cast_shell: [3090:3098:INFO:parent_tracker.cc(132)] No need to recreate socket
04-09 11:24:53.272  3087  3087 I cast_shell: [3090:3130:INFO:local_network_info_impl.cc(435)] LNID_W changed:
04-09 11:24:53.286  3087  3087 I cast_shell: [3090:3130:INFO:metrics_recorder.cc(282)] Record action: Setup.ip_address.BLE
04-09 11:24:53.490  2731  2744 E DNSResolver: Error in connect: Network is unreachable
04-09 11:24:53.490  2731  2744 I chatty  : uid=0(root) MonitorThread identical 4 lines
04-09 11:24:53.491  2731  2744 E DNSResolver: Error in connect: Network is unreachable
04-09 11:24:53.491  2731  2744 E HttpTimeSync: Error resolve name clients1.google.com
04-09 11:24:53.492  2731  2744 E HttpTimeSync: Error in curl perform, returns 6: Couldn't resolve host name
04-09 11:24:53.492  2731  2744 E HttpTimeSync: Failed in getting HTTP header from http://clients1.google.com/generate_204
04-09 11:24:53.811  3087  3087 I cast_shell: [3090:3098:ERROR:connectivity_checker_impl.cc(265)] Connectivity check failed: 400
04-09 11:24:53.827  3087  3087 I cast_shell: [3090:3130:INFO:metrics_recorder.cc(282)] Record action: Setup.version.BLE
04-09 11:24:53.856  3087  3087 I cast_shell: [3090:3130:INFO:metrics_recorder.cc(282)] Record action: Setup.tos_accepted.BLE
04-09 11:24:53.886  3087  3087 I cast_shell: [3090:3130:INFO:metrics_recorder.cc(282)] Record action: Setup.state.BLE
04-09 11:24:53.915  3087  3087 I cast_shell: [3090:3130:INFO:metrics_recorder.cc(282)] Record action: Setup.ip_address.BLE
04-09 11:24:53.986  3087  3087 I cast_shell: [3090:3098:ERROR:connectivity_checker_impl.cc(265)] Connectivity check failed: 400
04-09 11:24:54.081  3087  3087 I cast_shell: [3090:3098:ERROR:connectivity_checker_impl.cc(265)] Connectivity check failed: 400
04-09 11:24:54.457  3087  3087 I cast_shell: [3090:3130:INFO:metrics_recorder.cc(282)] Record action: Setup.version.BLE
04-09 11:24:54.486  3087  3087 I cast_shell: [3090:3130:INFO:metrics_recorder.cc(282)] Record action: Setup.tos_accepted.BLE
04-09 11:24:54.492  2731  2744 E DNSResolver: Error in connect: Network is unreachable
04-09 11:24:54.492  2731  2744 I chatty  : uid=0(root) MonitorThread identical 4 lines
04-09 11:24:54.493  2731  2744 E DNSResolver: Error in connect: Network is unreachable
04-09 11:24:54.493  2731  2744 E HttpTimeSync: Error resolve name clients1.google.com
04-09 11:24:54.494  2731  2744 E HttpTimeSync: Error in curl perform, returns 6: Couldn't resolve host name
04-09 11:24:54.494  2731  2744 E HttpTimeSync: Failed in getting HTTP header from http://clients1.google.com/generate_204
04-09 11:24:54.516  3087  3087 I cast_shell: [3090:3130:INFO:metrics_recorder.cc(282)] Record action: Setup.state.BLE
04-09 11:24:54.546  3087  3087 I cast_shell: [3090:3130:INFO:metrics_recorder.cc(282)] Record action: Setup.ip_address.BLE
04-09 11:24:54.818  3087  3087 I cast_shell: [3090:3098:ERROR:connectivity_checker_impl.cc(265)] Connectivity check failed: 400
04-09 11:24:54.993  3087  3087 I chatty  : uid=1000(chrome) /bin/logwrapper identical 1 line
04-09 11:24:55.086  3087  3087 I cast_shell: [3090:3098:ERROR:connectivity_checker_impl.cc(265)] Connectivity check failed: 400
04-09 11:24:55.088  3087  3087 I cast_shell: [3090:3130:INFO:metrics_recorder.cc(282)] Record action: Setup.version.BLE
04-09 11:24:55.117  3087  3087 I cast_shell: [3090:3130:INFO:metrics_recorder.cc(282)] Record action: Setup.tos_accepted.BLE
04-09 11:24:55.147  3087  3087 I cast_shell: [3090:3130:INFO:metrics_recorder.cc(282)] Record action: Setup.state.BLE
04-09 11:24:55.176  3087  3087 I cast_shell: [3090:3130:INFO:metrics_recorder.cc(282)] Record action: Setup.ip_address.BLE
04-09 11:24:55.314  3521  3521 D dhcpcd  : wlan0: Router Advertisement from fe80::cab3:73ff:fe44:aeed
04-09 11:24:55.315  3521  3521 D dhcpcd  : wlan0: adding address fd70:d3e7:6555:0:ce90:93ff:fe21:f384/64
04-09 11:24:55.315  3521  3521 D dhcpcd  : wlan0: adding address fd70:d3e7:6555:0:c820:fcf9:7654:448a/64
04-09 11:24:55.315  3521  3521 D dhcpcd  : wlan0: adding route to fd70:d3e7:6555::/64
04-09 11:24:55.316  3521  3521 D dhcpcd  : wlan0: requesting DHCPv6 information
04-09 11:24:55.494  2731  2744 E DNSResolver: Error in connect: Network is unreachable
04-09 11:24:55.495  2731  2744 I chatty  : uid=0(root) MonitorThread identical 4 lines
04-09 11:24:55.495  2731  2744 E DNSResolver: Error in connect: Network is unreachable
04-09 11:24:55.495  2731  2744 E HttpTimeSync: Error resolve name clients1.google.com
04-09 11:24:55.496  2731  2744 E HttpTimeSync: Error in curl perform, returns 6: Couldn't resolve host name
04-09 11:24:55.496  2731  2744 E HttpTimeSync: Failed in getting HTTP header from http://clients1.google.com/generate_204
04-09 11:24:55.717  3087  3087 I cast_shell: [3090:3130:INFO:metrics_recorder.cc(282)] Record action: Setup.version.BLE
04-09 11:24:55.746  3087  3087 I cast_shell: [3090:3130:INFO:metrics_recorder.cc(282)] Record action: Setup.tos_accepted.BLE
04-09 11:24:55.776  3087  3087 I cast_shell: [3090:3130:INFO:metrics_recorder.cc(282)] Record action: Setup.state.BLE
04-09 11:24:55.805  3087  3087 I cast_shell: [3090:3130:INFO:metrics_recorder.cc(282)] Record action: Setup.ip_address.BLE
04-09 11:24:55.825  3087  3087 I cast_shell: [3090:3098:ERROR:connectivity_checker_impl.cc(265)] Connectivity check failed: 400
04-09 11:24:56.092  3087  3087 I chatty  : uid=1000(chrome) /bin/logwrapper identical 2 lines
04-09 11:24:56.278  3087  3087 I cast_shell: [3090:3098:ERROR:connectivity_checker_impl.cc(265)] Connectivity check failed: 400
04-09 11:24:56.347  3087  3087 I cast_shell: [3090:3130:INFO:metrics_recorder.cc(282)] Record action: Setup.version.BLE
04-09 11:24:56.375  3087  3087 I cast_shell: [3090:3130:INFO:metrics_recorder.cc(282)] Record action: Setup.tos_accepted.BLE
04-09 11:24:56.421  3087  3087 I cast_shell: [3090:3130:INFO:metrics_recorder.cc(282)] Record action: Setup.state.BLE
04-09 11:24:56.465  3087  3087 I cast_shell: [3090:3130:INFO:metrics_recorder.cc(282)] Record action: Setup.ip_address.BLE
04-09 11:24:56.496  2731  2744 E DNSResolver: Error in connect: Network is unreachable
04-09 11:24:56.496  2731  2744 I chatty  : uid=0(root) MonitorThread identical 4 lines
04-09 11:24:56.497  2731  2744 E DNSResolver: Error in connect: Network is unreachable
04-09 11:24:56.497  2731  2744 E HttpTimeSync: Error resolve name clients1.google.com
04-09 11:24:56.497  2731  2744 E HttpTimeSync: Error in curl perform, returns 6: Couldn't resolve host name
04-09 11:24:56.498  2731  2744 E HttpTimeSync: Failed in getting HTTP header from http://clients1.google.com/generate_204
04-09 11:24:56.514  2731  2745 I NetworkMonitor: turn off power-save
04-09 11:24:56.518  2731  2745 E DNSResolver: Error in connect: Network is unreachable
04-09 11:24:56.519  2731  2745 I chatty  : uid=0(root) /bin/net_mgr identical 4 lines
04-09 11:24:56.519  2731  2745 E DNSResolver: Error in connect: Network is unreachable
04-09 11:24:56.519  2731  2745 E HttpTimeSync: Error resolve name clients1.google.com
04-09 11:24:56.520  2731  2745 E HttpTimeSync: Error in curl perform, returns 6: Couldn't resolve host name
04-09 11:24:56.520  2731  2745 E HttpTimeSync: Failed in getting HTTP header from http://clients1.google.com/generate_204
04-09 11:24:56.640  2731  2745 I NetworkMonitor: turn off power-save
04-09 11:24:56.644  2731  2745 E DNSResolver: Error in connect: Network is unreachable
04-09 11:24:56.645  2731  2745 I chatty  : uid=0(root) /bin/net_mgr identical 4 lines
04-09 11:24:56.645  2731  2745 E DNSResolver: Error in connect: Network is unreachable
04-09 11:24:56.645  2731  2745 E HttpTimeSync: Error resolve name clients1.google.com
04-09 11:24:56.646  2731  2745 E HttpTimeSync: Error in curl perform, returns 6: Couldn't resolve host name
04-09 11:24:56.646  2731  2745 E HttpTimeSync: Failed in getting HTTP header from http://clients1.google.com/generate_204
04-09 11:24:56.647  2731  2745 I NetworkMonitor: turn off power-save
04-09 11:24:56.650  2731  2745 E DNSResolver: Error in connect: Network is unreachable
04-09 11:24:56.651  2731  2745 I chatty  : uid=0(root) /bin/net_mgr identical 4 lines
04-09 11:24:56.651  2731  2745 E DNSResolver: Error in connect: Network is unreachable
04-09 11:24:56.651  2731  2745 E HttpTimeSync: Error resolve name clients1.google.com
04-09 11:24:56.652  2731  2745 E HttpTimeSync: Error in curl perform, returns 6: Couldn't resolve host name
04-09 11:24:56.652  2731  2745 E HttpTimeSync: Failed in getting HTTP header from http://clients1.google.com/generate_204
04-09 11:24:56.702  2731  2745 I NetworkMonitor: turn off power-save
04-09 11:24:56.707  2731  2745 E DNSResolver: Error in connect: Network is unreachable
04-09 11:24:56.707  2731  2745 I chatty  : uid=0(root) /bin/net_mgr identical 4 lines
04-09 11:24:56.707  2731  2745 E DNSResolver: Error in connect: Network is unreachable
04-09 11:24:56.707  2731  2745 E HttpTimeSync: Error resolve name clients1.google.com
04-09 11:24:56.708  2731  2745 E HttpTimeSync: Error in curl perform, returns 6: Couldn't resolve host name
04-09 11:24:56.708  2731  2745 E HttpTimeSync: Failed in getting HTTP header from http://clients1.google.com/generate_204
04-09 11:24:56.831  3087  3087 I cast_shell: [3090:3098:ERROR:connectivity_checker_impl.cc(265)] Connectivity check failed: 400
04-09 11:24:57.004  3087  3087 I cast_shell: [3090:3098:ERROR:connectivity_checker_impl.cc(265)] Connectivity check failed: 400
04-09 11:24:57.006  3087  3087 I cast_shell: [3090:3130:INFO:metrics_recorder.cc(282)] Record action: Setup.version.BLE
04-09 11:24:57.036  3087  3087 I cast_shell: [3090:3130:INFO:metrics_recorder.cc(282)] Record action: Setup.tos_accepted.BLE
04-09 11:24:57.066  3087  3087 I cast_shell: [3090:3130:INFO:metrics_recorder.cc(282)] Record action: Setup.state.BLE
04-09 11:24:57.096  3087  3087 I cast_shell: [3090:3130:INFO:metrics_recorder.cc(282)] Record action: Setup.ip_address.BLE
04-09 11:24:57.098  3087  3087 I cast_shell: [3090:3098:ERROR:connectivity_checker_impl.cc(265)] Connectivity check failed: 400
04-09 11:24:57.284  3087  3087 I cast_shell: [3090:3098:ERROR:connectivity_checker_impl.cc(265)] Connectivity check failed: 400
04-09 11:24:57.442  3521  3521 D dhcpcd  : wlan0: sending REQUEST (xid 0xc855a0cc), next in -773207677128092057954174483932558612410443788219509361735109997400640110807441408896107418437088861987217054907049464864132168550705220900010286844739763814865674676036570658788871909174004272225916984025307043270102431459934389501641800156189476292145289173957345280.0 seconds
04-09 11:24:57.498  2731  2744 E DNSResolver: Error in connect: Network is unreachable
04-09 11:24:57.498  2731  2744 I chatty  : uid=0(root) MonitorThread identical 4 lines
04-09 11:24:57.498  2731  2744 E DNSResolver: Error in connect: Network is unreachable
04-09 11:24:57.498  2731  2744 E HttpTimeSync: Error resolve name clients1.google.com
04-09 11:24:57.499  2731  2744 E HttpTimeSync: Error in curl perform, returns 6: Couldn't resolve host name
04-09 11:24:57.500  2731  2744 E HttpTimeSync: Failed in getting HTTP header from http://clients1.google.com/generate_204
04-09 11:24:57.637  3087  3087 I cast_shell: [3090:3130:INFO:metrics_recorder.cc(282)] Record action: Setup.version.BLE
04-09 11:24:57.666  3087  3087 I cast_shell: [3090:3130:INFO:metrics_recorder.cc(282)] Record action: Setup.tos_accepted.BLE
04-09 11:24:57.696  3087  3087 I cast_shell: [3090:3130:INFO:metrics_recorder.cc(282)] Record action: Setup.state.BLE
04-09 11:24:57.725  3087  3087 I cast_shell: [3090:3130:INFO:metrics_recorder.cc(282)] Record action: Setup.ip_address.BLE
04-09 11:24:57.837  3087  3087 I cast_shell: [3090:3098:ERROR:connectivity_checker_impl.cc(265)] Connectivity check failed: 400
04-09 11:24:58.010  3087  3087 I chatty  : uid=1000(chrome) /bin/logwrapper identical 1 line
04-09 11:24:58.104  3087  3087 I cast_shell: [3090:3098:ERROR:connectivity_checker_impl.cc(265)] Connectivity check failed: 400
04-09 11:24:58.267  3087  3087 I cast_shell: [3090:3130:INFO:metrics_recorder.cc(282)] Record action: Setup.version.BLE
04-09 11:24:58.290  3087  3087 I cast_shell: [3090:3098:ERROR:connectivity_checker_impl.cc(265)] Connectivity check failed: 400
04-09 11:24:58.296  3087  3087 I cast_shell: [3090:3130:INFO:metrics_recorder.cc(282)] Record action: Setup.tos_accepted.BLE
04-09 11:24:58.327  3087  3087 I cast_shell: [3090:3130:INFO:metrics_recorder.cc(282)] Record action: Setup.state.BLE
04-09 11:24:58.371  3087  3087 I cast_shell: [3090:3130:INFO:metrics_recorder.cc(282)] Record action: Setup.ip_address.BLE
04-09 11:24:58.500  2731  2744 E DNSResolver: Error in connect: Network is unreachable
04-09 11:24:58.500  2731  2744 I chatty  : uid=0(root) MonitorThread identical 4 lines
04-09 11:24:58.500  2731  2744 E DNSResolver: Error in connect: Network is unreachable
04-09 11:24:58.500  2731  2744 E HttpTimeSync: Error resolve name clients1.google.com
04-09 11:24:58.502  2731  2744 E HttpTimeSync: Error in curl perform, returns 6: Couldn't resolve host name
04-09 11:24:58.502  2731  2744 E HttpTimeSync: Failed in getting HTTP header from http://clients1.google.com/generate_204
04-09 11:24:58.712  3087  3087 I cast_shell: [3090:3098:INFO:parent_tracker.cc(237)] Network changed
04-09 11:24:58.713  3087  3087 I cast_shell: [3090:3098:INFO:parent_tracker.cc(120)] Can't use IPv4
04-09 11:24:58.713  3087  3087 I cast_shell: [3090:3098:INFO:parent_tracker.cc(135)] Now using local address [PII](fd70:d3e7:6555:0:c8f3:81e2:8b92:3bd5)
04-09 11:24:58.713  3087  3087 I cast_shell: [3090:3098:INFO:directory_service_impl.cc(200)] This device became root
04-09 11:24:58.713  3087  3087 I cast_shell: [3090:3098:INFO:parent_tracker.cc(237)] Network changed
04-09 11:24:58.714  3087  3087 I cast_shell: [3090:3098:INFO:parent_tracker.cc(120)] Can't use IPv4
04-09 11:24:58.714  3087  3087 I cast_shell: [3090:3098:INFO:parent_tracker.cc(132)] No need to recreate socket
04-09 11:24:58.843  3087  3087 I cast_shell: [3090:3098:ERROR:connectivity_checker_impl.cc(265)] Connectivity check failed: 400
04-09 11:24:58.897  3087  3087 I cast_shell: [3090:3130:INFO:metrics_recorder.cc(282)] Record action: Setup.version.BLE
04-09 11:24:58.925  3087  3087 I cast_shell: [3090:3130:INFO:metrics_recorder.cc(282)] Record action: Setup.tos_accepted.BLE
04-09 11:24:58.956  3087  3087 I cast_shell: [3090:3130:INFO:metrics_recorder.cc(282)] Record action: Setup.state.BLE
04-09 11:24:58.985  3087  3087 I cast_shell: [3090:3130:INFO:metrics_recorder.cc(282)] Record action: Setup.ip_address.BLE
04-09 11:24:59.016  3087  3087 I cast_shell: [3090:3098:ERROR:connectivity_checker_impl.cc(265)] Connectivity check failed: 400
04-09 11:24:59.110  3087  3087 I chatty  : uid=1000(chrome) /bin/logwrapper identical 1 line
04-09 11:24:59.296  3087  3087 I cast_shell: [3090:3098:ERROR:connectivity_checker_impl.cc(265)] Connectivity check failed: 400
04-09 11:24:59.502  2731  2744 E DNSResolver: Error in connect: Network is unreachable
04-09 11:24:59.502  2731  2744 I chatty  : uid=0(root) MonitorThread identical 4 lines
04-09 11:24:59.503  2731  2744 E DNSResolver: Error in connect: Network is unreachable
04-09 11:24:59.503  2731  2744 E HttpTimeSync: Error resolve name clients1.google.com
04-09 11:24:59.504  2731  2744 E HttpTimeSync: Error in curl perform, returns 6: Couldn't resolve host name
04-09 11:24:59.504  2731  2744 E HttpTimeSync: Failed in getting HTTP header from http://clients1.google.com/generate_204
04-09 11:24:59.511  3087  3087 I cast_shell: [3090:3130:INFO:metrics_recorder.cc(282)] Record action: Setup.version.BLE
04-09 11:24:59.540  3087  3087 I cast_shell: [3090:3130:INFO:metrics_recorder.cc(282)] Record action: Setup.tos_accepted.BLE
04-09 11:24:59.570  3087  3087 I cast_shell: [3090:3130:INFO:metrics_recorder.cc(282)] Record action: Setup.state.BLE
04-09 11:24:59.601  3087  3087 I cast_shell: [3090:3130:INFO:metrics_recorder.cc(282)] Record action: Setup.ip_address.BLE
04-09 11:24:59.850  3087  3087 I cast_shell: [3090:3098:ERROR:connectivity_checker_impl.cc(265)] Connectivity check failed: 400
04-09 11:25:00.022  3087  3087 I chatty  : uid=1000(chrome) /bin/logwrapper identical 1 line
04-09 11:25:00.116  3087  3087 I cast_shell: [3090:3098:ERROR:connectivity_checker_impl.cc(265)] Connectivity check failed: 400
04-09 11:25:00.142  3087  3087 I cast_shell: [3090:3130:INFO:metrics_recorder.cc(282)] Record action: Setup.version.BLE
04-09 11:25:00.171  3087  3087 I cast_shell: [3090:3130:INFO:metrics_recorder.cc(282)] Record action: Setup.tos_accepted.BLE
04-09 11:25:00.201  3087  3087 I cast_shell: [3090:3130:INFO:metrics_recorder.cc(282)] Record action: Setup.state.BLE
04-09 11:25:00.231  3087  3087 I cast_shell: [3090:3130:INFO:metrics_recorder.cc(282)] Record action: Setup.ip_address.BLE
04-09 11:25:00.302  3087  3087 I cast_shell: [3090:3098:ERROR:connectivity_checker_impl.cc(265)] Connectivity check failed: 400
04-09 11:25:00.504  2731  2744 E DNSResolver: Error in connect: Network is unreachable
04-09 11:25:00.504  2731  2744 I chatty  : uid=0(root) MonitorThread identical 4 lines
04-09 11:25:00.505  2731  2744 E DNSResolver: Error in connect: Network is unreachable
04-09 11:25:00.505  2731  2744 E HttpTimeSync: Error resolve name clients1.google.com
04-09 11:25:00.506  2731  2744 E HttpTimeSync: Error in curl perform, returns 6: Couldn't resolve host name
04-09 11:25:00.506  2731  2744 E HttpTimeSync: Failed in getting HTTP header from http://clients1.google.com/generate_204
04-09 11:25:00.759  3087  3087 I cast_shell: [3090:3130:INFO:metrics_recorder.cc(282)] Record action: Setup.version.BLE
04-09 11:25:00.785  3087  3087 I cast_shell: [3090:3130:INFO:metrics_recorder.cc(282)] Record action: Setup.tos_accepted.BLE
04-09 11:25:00.815  3087  3087 I cast_shell: [3090:3130:INFO:metrics_recorder.cc(282)] Record action: Setup.state.BLE
04-09 11:25:00.845  3087  3087 I cast_shell: [3090:3130:INFO:metrics_recorder.cc(282)] Record action: Setup.ip_address.BLE
04-09 11:25:00.856  3087  3087 I cast_shell: [3090:3098:ERROR:connectivity_checker_impl.cc(265)] Connectivity check failed: 400
04-09 11:25:01.121  3087  3087 I chatty  : uid=1000(chrome) /bin/logwrapper identical 2 lines
04-09 11:25:01.308  3087  3087 I cast_shell: [3090:3098:ERROR:connectivity_checker_impl.cc(265)] Connectivity check failed: 400
04-09 11:25:01.387  3087  3087 I cast_shell: [3090:3130:INFO:metrics_recorder.cc(282)] Record action: Setup.version.BLE
04-09 11:25:01.416  3087  3087 I cast_shell: [3090:3130:INFO:metrics_recorder.cc(282)] Record action: Setup.tos_accepted.BLE
04-09 11:25:01.445  3087  3087 I cast_shell: [3090:3130:INFO:metrics_recorder.cc(282)] Record action: Setup.state.BLE
04-09 11:25:01.475  3087  3087 I cast_shell: [3090:3130:INFO:metrics_recorder.cc(282)] Record action: Setup.ip_address.BLE
04-09 11:25:01.506  2731  2744 E DNSResolver: Error in connect: Network is unreachable
04-09 11:25:01.506  2731  2744 I chatty  : uid=0(root) MonitorThread identical 4 lines
04-09 11:25:01.506  2731  2744 E DNSResolver: Error in connect: Network is unreachable
04-09 11:25:01.506  2731  2744 E HttpTimeSync: Error resolve name clients1.google.com
04-09 11:25:01.507  2731  2744 E HttpTimeSync: Error in curl perform, returns 6: Couldn't resolve host name
04-09 11:25:01.507  2731  2744 E HttpTimeSync: Failed in getting HTTP header from http://clients1.google.com/generate_204
04-09 11:25:01.730  3087  3087 I cast_shell: [3090:3098:ERROR:connectivity_checker_impl.cc(265)] Connectivity check failed: 400
04-09 11:25:01.745  3087  3087 I cast_shell: [3090:3090:INFO:grpc_manager_impl.cc(505)] GRPC[uri=[::]:0]: num_pending_calls=0, num_active_handlers=0, num_free_handlers=0
04-09 11:25:01.747  3087  3087 I cast_shell: [3090:3090:INFO:grpc_manager_impl.cc(505)] GRPC[uri=]: num_pending_calls=0, num_active_handlers=0, num_free_handlers=0
04-09 11:25:01.812  3087  3087 I cast_shell: [3090:3090:INFO:grpc_manager_impl.cc(505)] GRPC[uri=unix:/tmp/hcp_ipc_auth.socket]: num_pending_calls=0, num_active_handlers=10, num_free_handlers=0
04-09 11:25:01.818  3087  3087 I cast_shell: [3090:3090:INFO:grpc_manager_impl.cc(505)] GRPC[uri=unix:/tmp/modular_updater/modular_update_service]: num_pending_calls=0, num_active_handlers=0, num_free_handlers=0
04-09 11:25:01.837  3087  3087 I cast_shell: [3090:3090:INFO:metrics_recorder.cc(112)] Metrics stat: total=7
04-09 11:25:01.837  3087  3087 I cast_shell: Setup.eureka_info.Local=1
04-09 11:25:01.837  3087  3087 I cast_shell: Setup.eureka_info.Local.200=1
04-09 11:25:01.837  3087  3087 I cast_shell: Setup.ip_address.BLE=61
04-09 11:25:01.837  3087  3087 I cast_shell: Setup.scan_results.BLE=2
04-09 11:25:01.837  3087  3087 I cast_shell: Setup.state.BLE=61
04-09 11:25:01.837  3087  3087 I cast_shell: Setup.tos_accepted.BLE=61
04-09 11:25:01.837  3087  3087 I cast_shell: Setup.version.BLE=61
04-09 11:25:01.862  3087  3087 I cast_shell: [3090:3098:ERROR:connectivity_checker_impl.cc(265)] Connectivity check failed: 400
04-09 11:25:01.973  3087  3087 I cast_shell: [3090:3090:INFO:grpc_manager_impl.cc(505)] GRPC[uri=[::]:8012]: num_pending_calls=0, num_active_handlers=1, num_free_handlers=0
04-09 11:25:02.018  3087  3087 I cast_shell: [3090:3130:INFO:metrics_recorder.cc(282)] Record action: Setup.version.BLE
04-09 11:25:02.035  3087  3087 I cast_shell: [3090:3098:ERROR:connectivity_checker_impl.cc(265)] Connectivity check failed: 400
04-09 11:25:02.045  3087  3087 I cast_shell: [3090:3130:INFO:metrics_recorder.cc(282)] Record action: Setup.tos_accepted.BLE
04-09 11:25:02.075  3087  3087 I cast_shell: [3090:3130:INFO:metrics_recorder.cc(282)] Record action: Setup.state.BLE
04-09 11:25:02.105  3087  3087 I cast_shell: [3090:3130:INFO:metrics_recorder.cc(282)] Record action: Setup.ip_address.BLE
04-09 11:25:02.127  3087  3087 I cast_shell: [3090:3098:ERROR:connectivity_checker_impl.cc(265)] Connectivity check failed: 400
04-09 11:25:02.313  3087  3087 I cast_shell: [3090:3098:ERROR:connectivity_checker_impl.cc(265)] Connectivity check failed: 400
04-09 11:25:02.508  2731  2744 E DNSResolver: Error in connect: Network is unreachable
04-09 11:25:02.508  2731  2744 I chatty  : uid=0(root) MonitorThread identical 4 lines
04-09 11:25:02.508  2731  2744 E DNSResolver: Error in connect: Network is unreachable
04-09 11:25:02.508  2731  2744 E HttpTimeSync: Error resolve name clients1.google.com
04-09 11:25:02.509  2731  2744 E HttpTimeSync: Error in curl perform, returns 6: Couldn't resolve host name
04-09 11:25:02.510  2731  2744 E HttpTimeSync: Failed in getting HTTP header from http://clients1.google.com/generate_204
04-09 11:25:02.632  3087  3087 I cast_shell: [3090:3130:INFO:metrics_recorder.cc(282)] Record action: Setup.version.BLE
04-09 11:25:02.661  3087  3087 I cast_shell: [3090:3130:INFO:metrics_recorder.cc(282)] Record action: Setup.tos_accepted.BLE
04-09 11:25:02.690  3087  3087 I cast_shell: [3090:3130:INFO:metrics_recorder.cc(282)] Record action: Setup.state.BLE
04-09 11:25:02.720  3087  3087 I cast_shell: [3090:3130:INFO:metrics_recorder.cc(282)] Record action: Setup.ip_address.BLE
04-09 11:25:02.736  3087  3087 I cast_shell: [3090:3098:ERROR:connectivity_checker_impl.cc(265)] Connectivity check failed: 400
04-09 11:25:03.040  3087  3087 I chatty  : uid=1000(chrome) /bin/logwrapper identical 2 lines
04-09 11:25:03.133  3087  3087 I cast_shell: [3090:3098:ERROR:connectivity_checker_impl.cc(265)] Connectivity check failed: 400
04-09 11:25:03.246  3087  3087 I cast_shell: [3090:3130:INFO:metrics_recorder.cc(282)] Record action: Setup.version.BLE
04-09 11:25:03.276  3087  3087 I cast_shell: [3090:3130:INFO:metrics_recorder.cc(282)] Record action: Setup.tos_accepted.BLE
04-09 11:25:03.305  3087  3087 I cast_shell: [3090:3130:INFO:metrics_recorder.cc(282)] Record action: Setup.state.BLE
04-09 11:25:03.319  3087  3087 I cast_shell: [3090:3098:ERROR:connectivity_checker_impl.cc(265)] Connectivity check failed: 400
04-09 11:25:03.335  3087  3087 I cast_shell: [3090:3130:INFO:metrics_recorder.cc(282)] Record action: Setup.ip_address.BLE
04-09 11:25:03.510  2731  2744 E DNSResolver: Error in connect: Network is unreachable
04-09 11:25:03.510  2731  2744 I chatty  : uid=0(root) MonitorThread identical 4 lines
04-09 11:25:03.510  2731  2744 E DNSResolver: Error in connect: Network is unreachable
04-09 11:25:03.510  2731  2744 E HttpTimeSync: Error resolve name clients1.google.com
04-09 11:25:03.511  2731  2744 E HttpTimeSync: Error in curl perform, returns 6: Couldn't resolve host name
04-09 11:25:03.511  2731  2744 E HttpTimeSync: Failed in getting HTTP header from http://clients1.google.com/generate_204
04-09 11:25:03.743  3087  3087 I cast_shell: [3090:3098:ERROR:connectivity_checker_impl.cc(265)] Connectivity check failed: 400
04-09 11:25:03.861  3087  3087 I cast_shell: [3090:3130:INFO:metrics_recorder.cc(282)] Record action: Setup.version.BLE
04-09 11:25:03.875  3087  3087 I cast_shell: [3090:3098:ERROR:connectivity_checker_impl.cc(265)] Connectivity check failed: 400
04-09 11:25:03.890  3087  3087 I cast_shell: [3090:3130:INFO:metrics_recorder.cc(282)] Record action: Setup.tos_accepted.BLE
04-09 11:25:03.921  3087  3087 I cast_shell: [3090:3130:INFO:metrics_recorder.cc(282)] Record action: Setup.state.BLE
04-09 11:25:03.951  3087  3087 I cast_shell: [3090:3130:INFO:metrics_recorder.cc(282)] Record action: Setup.ip_address.BLE
04-09 11:25:04.047  3087  3087 I cast_shell: [3090:3098:ERROR:connectivity_checker_impl.cc(265)] Connectivity check failed: 400
04-09 11:25:04.139  3087  3087 I chatty  : uid=1000(chrome) /bin/logwrapper identical 1 line
04-09 11:25:04.325  3087  3087 I cast_shell: [3090:3098:ERROR:connectivity_checker_impl.cc(265)] Connectivity check failed: 400
04-09 11:25:04.478  3087  3087 I cast_shell: [3090:3130:INFO:metrics_recorder.cc(282)] Record action: Setup.version.BLE
04-09 11:25:04.506  3087  3087 I cast_shell: [3090:3130:INFO:metrics_recorder.cc(282)] Record action: Setup.tos_accepted.BLE
04-09 11:25:04.512  2731  2744 E DNSResolver: Error in connect: Network is unreachable
04-09 11:25:04.512  2731  2744 I chatty  : uid=0(root) MonitorThread identical 4 lines
04-09 11:25:04.512  2731  2744 E DNSResolver: Error in connect: Network is unreachable
04-09 11:25:04.512  2731  2744 E HttpTimeSync: Error resolve name clients1.google.com
04-09 11:25:04.513  2731  2744 E HttpTimeSync: Error in curl perform, returns 6: Couldn't resolve host name
04-09 11:25:04.513  2731  2744 E HttpTimeSync: Failed in getting HTTP header from http://clients1.google.com/generate_204
04-09 11:25:04.536  3087  3087 I cast_shell: [3090:3130:INFO:metrics_recorder.cc(282)] Record action: Setup.state.BLE
04-09 11:25:04.565  3087  3087 I cast_shell: [3090:3130:INFO:metrics_recorder.cc(282)] Record action: Setup.ip_address.BLE
04-09 11:25:04.749  3087  3087 I cast_shell: [3090:3098:ERROR:connectivity_checker_impl.cc(265)] Connectivity check failed: 400
04-09 11:25:04.881  3087  3087 I chatty  : uid=1000(chrome) /bin/logwrapper identical 1 line
04-09 11:25:05.052  3087  3087 I cast_shell: [3090:3098:ERROR:connectivity_checker_impl.cc(265)] Connectivity check failed: 400
04-09 11:25:05.107  3087  3087 I cast_shell: [3090:3130:INFO:metrics_recorder.cc(282)] Record action: Setup.version.BLE
04-09 11:25:05.135  3087  3087 I cast_shell: [3090:3130:INFO:metrics_recorder.cc(282)] Record action: Setup.tos_accepted.BLE
04-09 11:25:05.145  3087  3087 I cast_shell: [3090:3098:ERROR:connectivity_checker_impl.cc(265)] Connectivity check failed: 400
04-09 11:25:05.165  3087  3087 I cast_shell: [3090:3130:INFO:metrics_recorder.cc(282)] Record action: Setup.state.BLE
04-09 11:25:05.211  3087  3087 I cast_shell: [3090:3130:INFO:metrics_recorder.cc(282)] Record action: Setup.ip_address.BLE
04-09 11:25:05.331  3087  3087 I cast_shell: [3090:3098:ERROR:connectivity_checker_impl.cc(265)] Connectivity check failed: 400
04-09 11:25:05.514  2731  2744 E DNSResolver: Error in connect: Network is unreachable
04-09 11:25:05.514  2731  2744 I chatty  : uid=0(root) MonitorThread identical 4 lines
04-09 11:25:05.514  2731  2744 E DNSResolver: Error in connect: Network is unreachable
04-09 11:25:05.514  2731  2744 E HttpTimeSync: Error resolve name clients1.google.com
04-09 11:25:05.515  2731  2744 E HttpTimeSync: Error in curl perform, returns 6: Couldn't resolve host name
04-09 11:25:05.515  2731  2744 E HttpTimeSync: Failed in getting HTTP header from http://clients1.google.com/generate_204
04-09 11:25:05.613  3521  3521 D dhcpcd  : wlan0: sending REQUEST (xid 0xc855a0cc), next in -773207677128092057954174483932558612410443788219509361735109997400640110807441408896107418437088861987217054907049464864132168550705220900010286844739763814865674676036570658788871909174004272225916984025307043270102431459934389501641800156189476292145289173957345280.0 seconds
04-09 11:25:05.661  3521  3521 D dhcpcd  : wlan0: received ACK with xid 0xc855a0cc
04-09 11:25:05.661  3521  3521 D dhcpcd  : wlan0: acknowledged 192.168.1.145 from 192.168.1.1
04-09 11:25:05.661  3521  3521 D dhcpcd  : wlan0: leased 192.168.1.145 for 86400 seconds
04-09 11:25:05.662  3521  3521 D dhcpcd  : wlan0: adding route to 192.168.1.0/24
04-09 11:25:05.662  3521  3521 D dhcpcd  : wlan0: adding default route via 192.168.1.1
04-09 11:25:05.663  2969  2979 D wac-main: Netlink event
04-09 11:25:05.663  2969  2979 E wac-main: Netlink event 20 Interface Index 5 
04-09 11:25:05.663  2969  2979 E wac-main: Enter poll and wait
04-09 11:25:05.663  2710  2722 I yani_kernel: yani_geteventfrom_changeaddr() Message-Id '1' Netlink event '20' Interface Index '5' -> Name 'wlan0' 
04-09 11:25:05.670  2731  2745 I NetworkMonitor: turn off power-save
04-09 11:25:05.673  2710  2722 I yani_server: NetLink Event '2' Interface-Index '5' WLAN '-1' Ethernet '-1' Parsed-iFill '2' -> 'WLAN0 CONNECTED' ifIndex '1' -> 'lo'
04-09 11:25:05.700  2711  2719 E luciUART: UART:aa
04-09 11:25:05.700  2711  2719 E luciUART: UART:aa
04-09 11:25:05.700  2711  2719 E luciUART: UART:2
04-09 11:25:05.700  2711  2719 E luciUART: UART:0
04-09 11:25:05.700  2711  2719 E luciUART: UART:d0
04-09 11:25:05.700  2711  2719 E luciUART: UART:0
04-09 11:25:05.700  2711  2719 I chatty  : uid=0(root) UARTLUCIControl identical 2 lines
04-09 11:25:05.700  2711  2719 E luciUART: UART:0
04-09 11:25:05.700  2711  2719 E luciUART: UART:9
04-09 11:25:05.700  2711  2719 I luciUART: read() RemoteID = 43690 Command = 208 Type = 2 Status = 0 DataLen = 9
04-09 11:25:05.700  2711  2719 E luciUART: Error: full data not available yet! readBytes 0
04-09 11:25:05.700  2711  2719 I luciUART: Previous Packet read contd., 
04-09 11:25:05.700  2711  2719 E luciUART: UART:52
04-09 11:25:05.700  2711  2719 I luciUART: Previous Packet read contd., 
04-09 11:25:05.700  2711  2719 E luciUART: UART:45
04-09 11:25:05.700  2711  2719 I luciUART: Previous Packet read contd., 
04-09 11:25:05.700  2711  2719 E luciUART: UART:41
04-09 11:25:05.700  2711  2719 I luciUART: Previous Packet read contd., 
04-09 11:25:05.701  2711  2719 E luciUART: UART:44
04-09 11:25:05.701  2711  2719 I luciUART: Previous Packet read contd., 
04-09 11:25:05.701  2711  2719 E luciUART: UART:5f
04-09 11:25:05.701  2711  2719 I luciUART: Previous Packet read contd., 
04-09 11:25:05.701  2711  2719 E luciUART: UART:73
04-09 11:25:05.701  2711  2719 I luciUART: Previous Packet read contd., 
04-09 11:25:05.701  2711  2719 E luciUART: UART:73
04-09 11:25:05.701  2711  2719 E luciUART: UART:69
04-09 11:25:05.701  2711  2719 I luciUART: Previous Packet read contd., 
04-09 11:25:05.701  2711  2719 E luciUART: UART:64
04-09 11:25:05.701  2711  2720 E LUCI_SERVER: Luci Server Thread wait over MID 208....
04-09 11:25:05.701  2711  2720 E LUCI_SERVER: Got NV name : ssid
04-09 11:25:05.738  3087  3087 I cast_shell: [3090:3130:INFO:metrics_recorder.cc(282)] Record action: Setup.version.BLE
04-09 11:25:05.765  3087  3087 I cast_shell: [3090:3130:INFO:metrics_recorder.cc(282)] Record action: Setup.tos_accepted.BLE
04-09 11:25:05.778  2972  3581 I airplay-main: checkACPAvailability() err 0 -> Present!
04-09 11:25:05.778  2972  3581 D airplay-main: arguments[0] -> airplay_v2 -> airplay_v2
04-09 11:25:05.779  2972  3581 D airplay-main: arguments[1] -> -n -> -n
04-09 11:25:05.779  2972  3581 D airplay-main: arguments[2] -> Lyric Speaker Box 21f384 -> Lyric Speaker Box 21f384
04-09 11:25:05.779  2972  3581 D airplay-main: arguments[3] -> -z -> -z
04-09 11:25:05.779  2972  3581 D airplay-main: arguments[4] -> 1 -> 1
04-09 11:25:05.780  2972  3581 D airplay-main: arguments[5] -> -d -> -d
04-09 11:25:05.780  2972  3581 D airplay-main: arguments[6] -> 47617500 -> 47617500
04-09 11:25:05.780  2972  3581 D airplay-main: Total Number of Arguments 7
04-09 11:25:05.790  2972  3581 I airplay_v2_0_6: 2022-04-08 22:55:05.789604 [AirPlayDemo] homedir /data/ sUserPreferencesDirectoryPath /data//.airplaydemo 
04-09 11:25:05.797  3087  3087 I cast_shell: [3090:3130:INFO:metrics_recorder.cc(282)] Record action: Setup.state.BLE
04-09 11:25:05.826  3087  3087 I cast_shell: [3090:3130:INFO:metrics_recorder.cc(282)] Record action: Setup.ip_address.BLE
04-09 11:25:05.869  2972  3581 I airplay-main: checkACPAvailability() err 0 -> Present!
04-09 11:25:05.883  2731  2745 I HttpTimeSync: Building resolve list for clients1.google.com, total 1.
04-09 11:25:05.883  2731  2745 I HttpTimeSync: 	0: 142.251.36.142
04-09 11:25:05.950  2972  3605 I airplay_v2_0_6: 2022-04-08 22:55:05.949470 [AirPlayDemo] *********** AirPlayDemoPlatformSetProperty:homeIntegrationData value - 
04-09 11:25:05.950  2972  3605 I airplay_v2_0_6:     +0000: 62706c69 73743030 d101025f 10114343 |bplist00^^^_^^CC| (67 bytes)
04-09 11:25:05.950  2972  3605 I airplay_v2_0_6:     +0010: 3a39303a 39333a32 313a4633 3a3834d0 |:90:93:21:F3:84^|
04-09 11:25:05.950  2972  3605 I airplay_v2_0_6:     +0020: 080b1f00 00000000 00010100 00000000 |^^^^^^^^^^^^^^^^|
04-09 11:25:05.950  2972  3605 I airplay_v2_0_6:     +0030: 00000300 00000000 00000000 00000000 |^^^^^^^^^^^^^^^^|
04-09 11:25:05.950  2972  3605 I airplay_v2_0_6:     +0040: 000020                              |^^              |
04-09 11:25:05.951  2972  3603 I airplay_v2_0_6: 2022-04-08 22:55:05.951764 [AirPlayDemo] AirPlayDemoServerCopyProperty Password is <<NULL>>
04-09 11:25:05.961  2972  3605 I airplay_v2_0_6: 2022-04-08 22:55:05.961072 [AirPlayDemo] *********** AirPlayDemoPlatformSetProperty:homeIntegrationData value - 
04-09 11:25:05.961  2972  3605 I airplay_v2_0_6:     +0000: 62706c69 73743030 d101025f 10114343 |bplist00^^^_^^CC| (165 bytes)
04-09 11:25:05.961  2972  3605 I airplay_v2_0_6:     +0010: 3a39303a 39333a32 313a4633 3a3834d3 |:90:93:21:F3:84^
04-09 11:25:05.961  2972  3605 I airplay_v2_0_6: |
04-09 11:25:05.961  2972  3605 I airplay_v2_0_6:     +0020: 03040501 06075a69 64656e74 69666965 |^^^^^^Zidentifie|
04-09 11:25:05.961  2972  3605 I airplay_v2_0_6:     +0030: 7252736b 52706b4f 102082e0 effc7ee7 |rRskRpkO^ ^^^^~^|
04-09 11:25:05.961  2972  3605 I airplay_v2_0_6:     +0040: aa5c9a74 8c4bca90 76bbfdf5 6e35727e |^\^t^K^^v^^^n5r~|
04-09 11:25:05.961  2972  3605 I airplay_v2_0_6:     +0050: 68b32eb0 a038cc8c b6244f10 2088c3cb |
04-09 11:25:05.961  2972  3605 I airplay_v2_0_6: h^.^^8^^^$O^ ^^^|
04-09 11:25:05.961  2972  3605 I airplay_v2_0_6:     +0060: 2722899a 7c37642b a8fa2d91 bbb7b179 |'"^^|7d+^^-^^^^y|
04-09 11:25:05.961  2972  3605 I airplay_v2_0_6:     +0070: bf8b4e40 feead968 05bd23f8 cd080b1f |^^N@^^^h^^#^^^^^|
04-09 11:25:05.961  2972  3605 I airplay_v2_0_6:     +0080: 26313437 5a000000 00000001 01000000 |&147Z^^^^^^^^^^^|
04-09 11:25:05.961  2972  3605 I airplay_v2_0_6:     +0090: 
04-09 11:25:05.961  2972  3605 I airplay_v2_0_6: 00000000 08000000 00000000 00000000 |^^^^^^^^^^^^^^^^|
04-09 11:25:05.961  2972  3605 I airplay_v2_0_6:     +00A0: 00000000 7d                         |^^^^}           |
04-09 11:25:05.962  2711  2711 I lucitransport: readRemoteMessage() MID char = 90 buffer = Lyric Speaker Box 21f384
04-09 11:25:05.963  2972  3581 I airplay_v2_0_6: 2022-04-08 22:55:05.963476 [AirPlay] Registering Bonjour _airplay._tcp. port 7000
04-09 11:25:05.966  2972  3605 I airplay_v2_0_6: 2022-04-08 22:55:05.966210 [AirPlayDemo] AirPlayDemoServerCopyProperty Password is <<NULL>>
04-09 11:25:05.968  2972  3603 I airplay_v2_0_6: 2022-04-08 22:55:05.968159 [AirPlayDemo] AirPlayDemoServerCopyProperty Password is <<NULL>>
04-09 11:25:05.968  2711  2711 I lucitransport: readRemoteMessage() MID char = 90 buffer = Lyric Speaker Box 21f384
04-09 11:25:05.970  2972  3581 I airplay_v2_0_6: 2022-04-08 22:55:05.970066 [AirPlay] Registering Bonjour CC909321F384@Lyric Speaker Box 21f384._raop._tcp. port 7000
04-09 11:25:05.970  2972  3581 I airplay_v2_0_6: 2022-04-08 22:55:05.970200 [AirPlay] AirPlay servers started
04-09 11:25:08.164  2731  2745 I HttpTimeSync: Http time synced
04-09 11:25:08.303  3087  3087 I cast_shell: [3090:3130:INFO:metrics_recorder.cc(282)] Record action: Setup.version.BLE
04-09 11:25:08.331  3087  3087 I cast_shell: [3090:3130:INFO:metrics_recorder.cc(282)] Record action: Setup.tos_accepted.BLE
04-09 11:25:08.361  3087  3087 I cast_shell: [3090:3130:INFO:metrics_recorder.cc(282)] Record action: Setup.state.BLE
04-09 11:25:08.391  3087  3087 I cast_shell: [3090:3130:INFO:metrics_recorder.cc(282)] Record action: Setup.ip_address.BLE
04-09 11:25:08.554  3087  3087 I cast_shell: [3090:3098:INFO:connectivity_checker_impl.cc(144)] Change check url=http://connectivitycheck.gstatic.com/generate_204
04-09 11:25:08.554  3087  3087 I cast_shell: [3090:3098:INFO:connectivity_checker_impl.cc(148)] Global connection is: Up
04-09 11:25:08.555  3087  3087 I cast_shell: [3090:3130:WARNING:setup_manager_impl.cc(1100)] NAT not supported, no captive portal support.
04-09 11:25:08.556  3090  3103 E         : OOBE CheckUpdate
04-09 11:25:08.564  3087  3087 I cast_shell: [3090:3090:INFO:cloud_settings_manager.cc(431)] Connectivity established. Reconciling cloud settings.
04-09 11:25:08.564  3087  3087 I cast_shell: [3090:3090:INFO:cloud_settings_manager.cc(195)] Cloud settings is disabled.
04-09 11:25:08.564  3087  3087 I cast_shell: [3090:3090:INFO:api_reboot.cc(321)] active_activities count=0
04-09 11:25:08.564  3087  3087 I cast_shell: [3090:3090:INFO:lycra_gcm.cc(121)] Registering GCM handler.
04-09 11:25:08.565  3087  3087 I cast_shell: [3090:3090:INFO:gcm_manager.cc(258)] Enabling GCM Driver
04-09 11:25:08.565  3087  3087 I cast_shell: [3090:3090:INFO:ccs_transport_gcm.cc(102)] Registering GCM handler
04-09 11:25:08.565  3087  3087 I cast_shell: [3090:3103:INFO:update_engine_client_with_system_updater.cc(216)] Network first connected, check system force update
04-09 11:25:08.565  3087  3087 I cast_shell: [system_updater_dummy.cpp(109)] CheckUpdate
04-09 11:25:08.565  3087  3087 I cast_shell: [3090:3141:INFO:v2_transport.cc(681)] V2TransportImpl::CreatSelfSignedCertificateWithKey called.
04-09 11:25:08.568  3087  3087 I cast_shell: [3090:3090:INFO:cast_receiver_impl.cc(1093)] Entering discovery-only mode
04-09 11:25:08.568  3087  3087 I cast_shell: [3090:3090:INFO:application_config_manager_impl.cc(575)] Disabling virtual device 68567a6e-8cb6-d71b-fe23-98ce721b245f
04-09 11:25:08.568  3087  3087 I cast_shell: [3090:3140:INFO:mdns_cast_service.cc(351)] Device discovery state is setup-only
04-09 11:25:08.568  3087  3087 I cast_shell: [3090:3140:INFO:mdns_util.cc(102)] Defaulting mDNS capabilities for audio-only build
04-09 11:25:08.571  2710  2722 I yani_server: NetLink Event '-1' Interface-Index '5' WLAN '0' Ethernet '-1' Parsed-iFill '-1' -> 'INVALID' ifIndex '1' -> 'lo'
04-09 11:25:08.576  2976  2988 I otamanager: cast_updater_threadEntry() Response 'CheckUpdate' Current Firmware Update state 'Idle'
04-09 11:25:08.576  2976  2988 I otamanager: checkUpdate_l
04-09 11:25:08.576  2976  2988 I otamanager: Firmware Update State Change from Idle to CheckUpdate
04-09 11:25:08.576  2711  2711 I lucitransport: readRemoteMessage() MID char = 232 buffer = TRUE
04-09 11:25:08.576  2976  2988 E otamanager: lo not valid Interface for MAC ID
04-09 11:25:08.577  2976  2988 D otamanager: OTA: wlan IP = 192.168.1.145
04-09 11:25:08.577  2976  2988 I otamanager: OTA:checkIP mac = cc909321f384  IP = 192.168.1.145 
04-09 11:25:08.578  2976  2988 I otamanager: DownloadHttpContent firmware version = eng.C4A.1203
04-09 11:25:08.582  2711  2711 I lucitransport: readRemoteMessage() MID char = 6 buffer = 1001
04-09 11:25:08.582  2711  2711 I lucitransport: readRemoteMessage() MID char = 7 buffer = 1.52.272222
04-09 11:25:08.583  2976  2988 I otamanager: OTA: DownloadHttpContent :payload =  {"device":{"brand":"COTODAMA","castVersion":"1.52.272222","deviceId":"cc909321f384","deviceType":"LS10_C4A","fwVersion":"1203","googleCast":true,"mcuVersion":"1001","model":"LSB"}}
04-09 11:25:08.583  2976  2988 I otamanager:  
04-09 11:25:08.583  2976  2988 I otamanager: OTA:------curlDownloadFirmwareXml---
04-09 11:25:08.583  2976  2988 I otamanager: OTA:isValidIpAddress: result 0
04-09 11:25:08.588  3087  3087 I cast_shell: [3090:3090:INFO:device_info_impl.cc(1094)] Primary netif changed: new=wlan0, old=usb0
04-09 11:25:08.588  3087  3087 I cast_shell: [3090:3090:INFO:device_info_impl.cc(1103)] Primary IP address changed: netif=wlan0, new=192.168.1.145, old=192.168.10.1
04-09 11:25:08.589  3087  3087 I cast_shell: [3090:3130:WARNING:setup_manager_impl.cc(1136)] NAT not supported, no captive portal support.
04-09 11:25:08.589  3087  3087 I cast_shell: [3090:3090:INFO:cast_receiver_impl.cc(1612)] mDNS Discovery stopped.
04-09 11:25:08.589  3087  3087 I cast_shell: [3090:3090:INFO:cast_receiver_impl.cc(1679)] Network is globally connected. Schedule config downloading if necessary.
04-09 11:25:08.590  3087  3087 I cast_shell: [3090:3090:INFO:cast_receiver_impl.cc(1685)] Network is globally connected. Schedule crl downloading if necessary.
