04-09 09:49:04.490  3073  3073 I cast_shell: [3076:3076:INFO:application_config_manager_impl.cc(566)] Enabling virtual device efcac2ce-283e-72b5-6667-2ae62e48994e
04-09 09:49:04.490  3073  3073 I cast_shell: [3076:3124:INFO:mdns_cast_service.cc(351)] Device discovery state is idle
04-09 09:49:04.491  3073  3073 I cast_shell: [3076:3124:INFO:mdns_util.cc(102)] Defaulting mDNS capabilities for audio-only build
04-09 09:49:04.505  3073  3073 I cast_shell: [3076:3114:INFO:wifi_controller_wpa_supplicant.cc(1188)] strongest_snr=25 wifi_interface_index=0
04-09 09:49:04.523  2734  2763 I bluetoothtbd: [0408/211904.523508:INFO:adapter.cc(551)] Adapter properties changed
04-09 09:49:04.524  3073  3073 I cast_shell: [3076:3114:INFO:api_connect_wifi.cc(159)] [PII] Configuring wifi: ssid=Linksys16717_2G, auth=7, pairwise=4, id=0"
04-09 09:49:04.524  3073  3073 I cast_shell: [3076:3114:INFO:api_connect_wifi.cc(162)] Configuring wifi: otg =0, tethering_mode =0, wifi_auto_save_enabled=0
04-09 09:49:04.524  3073  3073 I cast_shell: [3076:3114:INFO:local_network_info_impl.cc(276)] CONNECTIVITY_ID changed:
04-09 09:49:04.524  3073  3073 I cast_shell: [3076:3114:INFO:setup_state.cc(261)] Setup state changed: SETUP_STATE_DISCONNECTED_EXTERNAL_CLIENT_ACCESSED (11) -> SETUP_STATE_SCANNING (20)
04-09 09:49:04.524  3073  3073 I cast_shell: [3076:3076:INFO:ccs_manager_impl.cc(1799)] Connectivity ID has changed; Will re-register CCS
04-09 09:49:04.524  3073  3073 I cast_shell: [3076:3076:INFO:ccs_manager_impl.cc(851)] Network connectivity down for CcsManager
04-09 09:49:04.524  3073  3073 I cast_shell: [3076:3114:INFO:bluetooth_manager.cc(115)] Record action: Cast.Bluetooth.DiscoveryMode.Disable
04-09 09:49:04.524  2711  2723 I yani_server: NetLink Event '-1' Interface-Index '5' WLAN '-1' Ethernet '-1' Parsed-iFill '-1' -> 'INVALID' ifIndex '1' -> 'lo'
04-09 09:49:04.532  3073  3073 I cast_shell: [3076:3114:INFO:setup_state.cc(261)] Setup state changed: SETUP_STATE_SCANNING (20) -> SETUP_STATE_CHECKING_GLOBAL_CONNECTIVITY (50)
04-09 09:49:04.538  2953  3152 I LibreCastControlDelegate: OnCastStatus() +++ Lyric Speaker Box 21f384:0xab7cc198:OFFLINE
04-09 09:49:04.538  2953  3152 I LibreCastControlDelegate: Device Build Number -> '1.52.272222'
04-09 09:49:04.538  2953  3152 I librecast: updateCastBuildVersion() Version 1.52.272222
04-09 09:49:04.538  2712  2712 I lucitransport: readRemoteMessage() MID char = 7 buffer = 1.52.272222
04-09 09:49:04.539  2953  3152 I LibreCastControlDelegate: Active Applications -> 0
04-09 09:49:04.539  2953  3152 I LibreCastControlDelegate: Current Cast State '3' -> 'OFFLINE'
04-09 09:49:04.539  2953  3152 I LibreCastControlDelegate: OnCastStatus() ---
04-09 09:49:04.541  2953  3152 I LibreCastControlDelegate: OnCastStatus() +++ Lyric Speaker Box 21f384:0xab7cc198:OFFLINE
04-09 09:49:04.541  2953  3152 I LibreCastControlDelegate: Device Build Number -> '1.52.272222'
04-09 09:49:04.541  2953  3152 I librecast: updateCastBuildVersion() Version 1.52.272222
04-09 09:49:04.541  2712  2712 I lucitransport: readRemoteMessage() MID char = 7 buffer = 1.52.272222
04-09 09:49:04.542  2953  3152 I LibreCastControlDelegate: Active Applications -> 0
04-09 09:49:04.542  2953  3152 I LibreCastControlDelegate: Current Cast State '3' -> 'OFFLINE'
04-09 09:49:04.542  2953  3152 I LibreCastControlDelegate: OnCastStatus() ---
04-09 09:49:04.543  2953  3152 I LibreCastControlDelegate: OnCastStatus() +++ Lyric Speaker Box 21f384:0xab7cc198:OFFLINE
04-09 09:49:04.543  2953  3152 I LibreCastControlDelegate: Device Build Number -> '1.52.272222'
04-09 09:49:04.543  2953  3152 I librecast: updateCastBuildVersion() Version 1.52.272222
04-09 09:49:04.543  2712  2712 I lucitransport: readRemoteMessage() MID char = 7 buffer = 1.52.272222
04-09 09:49:04.543  2953  3152 I LibreCastControlDelegate: Active Applications -> 0
04-09 09:49:04.544  2953  3152 I LibreCastControlDelegate: Current Cast State '3' -> 'OFFLINE'
04-09 09:49:04.544  2953  3152 I LibreCastControlDelegate: OnCastStatus() ---
04-09 09:49:04.871  3073  3073 I cast_shell: [3076:3084:ERROR:connectivity_checker_impl.cc(265)] Connectivity check failed: 400
04-09 09:49:05.041  3073  3073 I cast_shell: [3076:3114:INFO:metrics_recorder.cc(282)] Record action: Setup.version.BLE
04-09 09:49:05.071  3073  3073 I cast_shell: [3076:3114:INFO:metrics_recorder.cc(282)] Record action: Setup.tos_accepted.BLE
04-09 09:49:05.101  3073  3073 I cast_shell: [3076:3114:INFO:metrics_recorder.cc(282)] Record action: Setup.state.BLE
04-09 09:49:05.132  3073  3073 I cast_shell: [3076:3114:INFO:metrics_recorder.cc(282)] Record action: Setup.ip_address.BLE
04-09 09:49:05.496  3073  3073 I cast_shell: [3076:3076:INFO:grpc_service_discovery_impl.cc(185)] Mdns discovered google RPC for [PII](CD34AE150BAE90B60569125BEDAA9ADD).
04-09 09:49:05.671  3073  3073 I cast_shell: [3076:3114:INFO:metrics_recorder.cc(282)] Record action: Setup.version.BLE
04-09 09:49:05.701  3073  3073 I cast_shell: [3076:3114:INFO:metrics_recorder.cc(282)] Record action: Setup.tos_accepted.BLE
04-09 09:49:05.729  3073  3073 I cast_shell: [3076:3114:INFO:metrics_recorder.cc(282)] Record action: Setup.state.BLE
04-09 09:49:05.761  3073  3073 I cast_shell: [3076:3114:INFO:metrics_recorder.cc(282)] Record action: Setup.ip_address.BLE
04-09 09:49:05.877  3073  3073 I cast_shell: [3076:3084:ERROR:connectivity_checker_impl.cc(265)] Connectivity check failed: 400
04-09 09:49:06.301  3073  3073 I cast_shell: [3076:3114:INFO:metrics_recorder.cc(282)] Record action: Setup.version.BLE
04-09 09:49:06.331  3073  3073 I cast_shell: [3076:3114:INFO:metrics_recorder.cc(282)] Record action: Setup.tos_accepted.BLE
04-09 09:49:06.361  3073  3073 I cast_shell: [3076:3114:INFO:metrics_recorder.cc(282)] Record action: Setup.state.BLE
04-09 09:49:06.391  3073  3073 I cast_shell: [3076:3114:INFO:metrics_recorder.cc(282)] Record action: Setup.ip_address.BLE
04-09 09:49:06.500  3073  3073 I cast_shell: [3076:3124:INFO:mdns_app_filter.cc(1526)] MdnsAppFilter: Done announcing.
04-09 09:49:06.884  3073  3073 I cast_shell: [3076:3084:ERROR:connectivity_checker_impl.cc(265)] Connectivity check failed: 400
04-09 09:49:06.931  3073  3073 I cast_shell: [3076:3114:INFO:metrics_recorder.cc(282)] Record action: Setup.version.BLE
04-09 09:49:06.991  3073  3073 I cast_shell: [3076:3114:INFO:metrics_recorder.cc(282)] Record action: Setup.tos_accepted.BLE
04-09 09:49:07.022  3073  3073 I cast_shell: [3076:3114:INFO:metrics_recorder.cc(282)] Record action: Setup.state.BLE
04-09 09:49:07.051  3073  3073 I cast_shell: [3076:3114:INFO:metrics_recorder.cc(282)] Record action: Setup.ip_address.BLE
04-09 09:49:07.591  3073  3073 I cast_shell: [3076:3114:INFO:metrics_recorder.cc(282)] Record action: Setup.version.BLE
04-09 09:49:07.621  3073  3073 I cast_shell: [3076:3114:INFO:metrics_recorder.cc(282)] Record action: Setup.tos_accepted.BLE
04-09 09:49:07.651  3073  3073 I cast_shell: [3076:3114:INFO:metrics_recorder.cc(282)] Record action: Setup.state.BLE
04-09 09:49:07.681  3073  3073 I cast_shell: [3076:3114:INFO:metrics_recorder.cc(282)] Record action: Setup.ip_address.BLE
04-09 09:49:07.888  2710  2710 I wpa_supplicant: wlan0: Selected BSS :ef (level:-45 noise:-62 frequency:2427)
04-09 09:49:07.891  3073  3073 I cast_shell: [3076:3084:ERROR:connectivity_checker_impl.cc(265)] Connectivity check failed: 400
04-09 09:49:07.891  2952  2963 D wac-main: Netlink event
04-09 09:49:07.891  2952  2963 E wac-main: Netlink event 16 Interface Index 5 
04-09 09:49:07.891  2952  2963 E wac-main: Enter poll and wait
04-09 09:49:07.891  2952  2963 D wac-main: Netlink event
04-09 09:49:07.891  2952  2963 E wac-main: Netlink event 16 Interface Index 5 
04-09 09:49:07.891  2952  2963 E wac-main: Enter poll and wait
04-09 09:49:07.896  2711  2723 I yani_server: NetLink Event '-1' Interface-Index '5' WLAN '0' Ethernet '-1' Parsed-iFill '-1' -> 'INVALID' ifIndex '1' -> 'lo'
04-09 09:49:07.897  2711  2723 I chatty  : uid=0(root) YaniServer identical 1 line
04-09 09:49:07.897  2711  2723 I yani_server: NetLink Event '-1' Interface-Index '5' WLAN '0' Ethernet '-1' Parsed-iFill '-1' -> 'INVALID' ifIndex '1' -> 'lo'
04-09 09:49:07.912  2710  2710 I wpa_supplicant: wlan0: Trying to associate with c8:b3:73:44:ae:ef (SSID='Linksys16717_2G' freq=2427 MHz)
04-09 09:49:07.914  2711  2723 I yani_server: NetLink Event '-1' Interface-Index '5' WLAN '-1' Ethernet '-1' Parsed-iFill '-1' -> 'INVALID' ifIndex '1' -> 'lo'
04-09 09:49:07.937  3154  3154 I hostapd : p2p0: IEEE 802.11 driver had channel switch: freq=2427, ht=1, vht_ch=0x0, offset=0, width=1 (20 MHz), cf1=2427, cf2=0
04-09 09:49:07.973  3041  3041 I hostapd : p2p1: IEEE 802.11 driver had channel switch: freq=2427, ht=1, vht_ch=0x0, offset=0, width=1 (20 MHz), cf1=2427, cf2=0
04-09 09:49:07.974  2952  2963 D wac-main: Netlink event
04-09 09:49:07.974  2952  2963 E wac-main: Netlink event 16 Interface Index 5 
04-09 09:49:07.974  2952  2963 E wac-main: Enter poll and wait
04-09 09:49:07.974  2711  2723 I yani_kernel: yani_geteventfrom_changeaddr() Message-Id '1' Netlink event '16' Interface Index '5' -> Name 'wlan0' 
04-09 09:49:07.974  2952  2963 D wac-main: Netlink event
04-09 09:49:07.974  2952  2963 E wac-main: Netlink event 16 Interface Index 5 
04-09 09:49:07.974  2952  2963 E wac-main: Enter poll and wait
04-09 09:49:07.974  2952  2963 D wac-main: Netlink event
04-09 09:49:07.974  2952  2963 E wac-main: Netlink event 16 Interface Index 5 
04-09 09:49:07.974  2952  2963 E wac-main: Enter poll and wait
04-09 09:49:07.974  2952  2963 D wac-main: Netlink event
04-09 09:49:07.983  2711  2723 I yani_server: NetLink Event '-1' Interface-Index '5' WLAN '-1' Ethernet '-1' Parsed-iFill '-1' -> 'INVALID' ifIndex '1' -> 'lo'
04-09 09:49:07.983  2711  2723 I yani_server: NetLink Event '-1' Interface-Index '5' WLAN '0' Ethernet '-1' Parsed-iFill '-1' -> 'INVALID' ifIndex '1' -> 'lo'
04-09 09:49:07.983  2711  2723 I yani_kernel: yani_geteventfrom_changeaddr() Message-Id '1' Netlink event '16' Interface Index '5' -> Name 'wlan0' 
04-09 09:49:07.986  2711  2723 I chatty  : uid=0(root) YaniServer identical 3 lines
04-09 09:49:07.987  2711  2723 I yani_kernel: yani_geteventfrom_changeaddr() Message-Id '1' Netlink event '16' Interface Index '5' -> Name 'wlan0' 
04-09 09:49:08.220  3073  3073 I cast_shell: [3076:3114:INFO:metrics_recorder.cc(282)] Record action: Setup.version.BLE
04-09 09:49:08.251  3073  3073 I cast_shell: [3076:3114:INFO:metrics_recorder.cc(282)] Record action: Setup.tos_accepted.BLE
04-09 09:49:08.281  3073  3073 I cast_shell: [3076:3114:INFO:metrics_recorder.cc(282)] Record action: Setup.state.BLE
04-09 09:49:08.311  3073  3073 I cast_shell: [3076:3114:INFO:metrics_recorder.cc(282)] Record action: Setup.ip_address.BLE
04-09 09:49:08.836  3073  3073 I cast_shell: [3076:3114:INFO:metrics_recorder.cc(282)] Record action: Setup.version.BLE
04-09 09:49:08.865  3073  3073 I cast_shell: [3076:3114:INFO:metrics_recorder.cc(282)] Record action: Setup.tos_accepted.BLE
04-09 09:49:08.896  3073  3073 I cast_shell: [3076:3114:INFO:metrics_recorder.cc(282)] Record action: Setup.state.BLE
04-09 09:49:08.898  3073  3073 I cast_shell: [3076:3084:ERROR:connectivity_checker_impl.cc(265)] Connectivity check failed: 400
04-09 09:49:08.926  3073  3073 I cast_shell: [3076:3114:INFO:metrics_recorder.cc(282)] Record action: Setup.ip_address.BLE
04-09 09:49:08.952  2710  2710 I wpa_supplicant: wlan0: WPA: RX message 1 of 4-Way Handshake from c8:b3:73:44:ae:ef (ver=2)
04-09 09:49:08.952  2710  2710 I wpa_supplicant: wlan0: WPA: Sending EAPOL-Key 2/4
04-09 09:49:08.953  2711  2723 I yani_server: NetLink Event '-1' Interface-Index '5' WLAN '-1' Ethernet '-1' Parsed-iFill '-1' -> 'INVALID' ifIndex '1' -> 'lo'
04-09 09:49:08.954  2711  2723 I yani_server: NetLink Event '-1' Interface-Index '5' WLAN '0' Ethernet '-1' Parsed-iFill '-1' -> 'INVALID' ifIndex '1' -> 'lo'
04-09 09:49:08.971  2710  2710 I wpa_supplicant: wlan0: WPA: RX message 3 of 4-Way Handshake from c8:b3:73:44:ae:ef (ver=2)
04-09 09:49:08.971  2710  2710 I wpa_supplicant: wlan0: WPA: Sending EAPOL-Key 4/4
04-09 09:49:08.973  2711  2723 I yani_server: NetLink Event '-1' Interface-Index '5' WLAN '0' Ethernet '-1' Parsed-iFill '-1' -> 'INVALID' ifIndex '1' -> 'lo'
04-09 09:49:08.973  2952  2963 D wac-main: Netlink event
04-09 09:49:08.973  2952  2963 E wac-main: Netlink event 16 Interface Index 5 
04-09 09:49:08.974  2952  2963 E wac-main: Enter poll and wait
04-09 09:49:08.974  2710  2710 I wpa_supplicant: wlan0: WPA: Key negotiation completed with c8:b3:73:44:ae:ef [PTK=CCMP GTK=TKIP]
04-09 09:49:08.975  2710  2710 I wpa_supplicant: wlan0: CTRL-EVENT-CONNECTED - Connection to c8:b3:73:44:ae:ef completed [id=0 id_str=]
04-09 09:49:08.975  3073  3073 I cast_shell: [3076:3126:INFO:wifi_controller_wpa_supplicant.cc(634)] After connection, current_wifi_index=0
04-09 09:49:08.975  2735  2735 D dhcpcd  : wlan0: carrier acquired
04-09 09:49:08.978  2952  2963 D wac-main: Netlink event
04-09 09:49:08.979  2952  2963 E wac-main: Netlink event 16 Interface Index 5 
04-09 09:49:08.988  2711  2723 I yani_server: NetLink Event '-1' Interface-Index '5' WLAN '0' Ethernet '-1' Parsed-iFill '-1' -> 'INVALID' ifIndex '1' -> 'lo'
04-09 09:49:08.989  2711  2723 I yani_server: NetLink Event '-1' Interface-Index '5' WLAN '0' Ethernet '-1' Parsed-iFill '-1' -> 'INVALID' ifIndex '1' -> 'lo'
04-09 09:49:08.991  2711  2723 I yani_server: NetLink Event '-1' Interface-Index '5' WLAN '7' Ethernet '-1' Parsed-iFill '7' -> 'WLAN0 LINKUP' ifIndex '1' -> 'lo'
04-09 09:49:08.991  2711  2723 I yani_server: saveConfig:537:wlan0
04-09 09:49:08.992  2711  2723 I wifiapi : newconn : 0xacec4be8
04-09 09:49:08.992  2711  2723 I yani_server: saveConfig:544:got handle successfully
04-09 09:49:08.992  2711  2723 I wifiapi : 'STATUS' command returned = 0
04-09 09:49:08.995  2711  2723 I wifiapi : 'SAVE_CONFIG' command returned = 0
04-09 09:49:08.995  2711  2723 E yani_server: wlan0 Status=8 SaveConfig returns=0
04-09 09:49:08.995  2711  2723 I yani_server: SaveConfig return value=0
04-09 09:49:08.995  2711  2723 E WLANP2PIF: WlanP2pif: current chan = 4
04-09 09:49:08.997  2691  2691 I sh      : saveConfig:538:wlan0wlan0 Status=8 SaveConfig returns=0
04-09 09:49:08.997  2711  2723 E yani_wifi: set txpower chan : 4 country : US
04-09 09:49:08.997  2711  2723 E yani_wifi: nrates = 7
04-09 09:49:09.466  3073  3073 I cast_shell: [3076:3114:INFO:metrics_recorder.cc(282)] Record action: Setup.version.BLE
04-09 09:49:09.496  3073  3073 I cast_shell: [3076:3114:INFO:metrics_recorder.cc(282)] Record action: Setup.tos_accepted.BLE
04-09 09:49:09.541  3073  3073 I cast_shell: [3076:3114:INFO:metrics_recorder.cc(282)] Record action: Setup.state.BLE
04-09 09:49:09.571  3073  3073 I cast_shell: [3076:3114:INFO:metrics_recorder.cc(282)] Record action: Setup.ip_address.BLE
04-09 09:49:09.904  3073  3073 I cast_shell: [3076:3084:ERROR:connectivity_checker_impl.cc(265)] Connectivity check failed: 400
04-09 09:49:10.008  2711  2723 I yani_autoip: start_autoip() Interface 'wlan0' Is AutoIP Required 'Yes' Thread-Running 'No' 
04-09 09:49:10.009  2711  2723 E yani_server: YANI: I am Done Wait For Event 
04-09 09:49:10.009  2711  2723 I yani_kernel: yani_geteventfrom_changeaddr() Message-Id '1' Netlink event '16' Interface Index '5' -> Name 'wlan0' 
04-09 09:49:10.011  2711  3336 I yani_autoip: Setting autoiptimer to 70000
04-09 09:49:10.012  2711  2723 I yani_kernel: yani_geteventfrom_changeaddr() Message-Id '1' Netlink event '16' Interface Index '5' -> Name 'wlan0' 
04-09 09:49:10.013  2711  2723 I yani_kernel: yani_geteventfrom_changeaddr() Message-Id '1' Netlink event '16' Interface Index '5' -> Name 'wlan0' 
04-09 09:49:10.022  3335  3335 E dhcpcd  : control_open: Connection refused
04-09 09:49:10.023  3335  3335 E dhcpcd  : eth0: interface not found or invalid
04-09 09:49:10.025  2952  2963 D wac-main: Netlink event
04-09 09:49:10.025  2952  2963 E wac-main: Netlink event 16 Interface Index 5 
04-09 09:49:10.025  3335  3335 D dhcpcd  : wlan0: adding address fe80::ce90:93ff:fe21:f384
04-09 09:49:10.025  2952  2963 E wac-main: Enter poll and wait
04-09 09:49:10.025  2711  2723 I yani_kernel: yani_geteventfrom_changeaddr() Message-Id '1' Netlink event '16' Interface Index '5' -> Name 'wlan0' 
04-09 09:49:10.112  3073  3073 I cast_shell: [3076:3114:INFO:metrics_recorder.cc(282)] Record action: Setup.version.BLE
04-09 09:49:10.125  3335  3335 E dhcpcd  : error writing DUID: /etc/dhcpcd/dhcpcd.duid: Read-only file system
04-09 09:49:10.125  3335  3335 D dhcpcd  : DUID 00:03:00:01:cc:90:93:21:f3:84
04-09 09:49:10.125  3335  3335 D dhcpcd  : wlan0: IAID 93:21:f3:84
04-09 09:49:10.141  3073  3073 I cast_shell: [3076:3114:INFO:metrics_recorder.cc(282)] Record action: Setup.tos_accepted.BLE
04-09 09:49:10.171  3073  3073 I cast_shell: [3076:3114:INFO:metrics_recorder.cc(282)] Record action: Setup.state.BLE
04-09 09:49:10.200  3073  3073 I cast_shell: [3076:3114:INFO:metrics_recorder.cc(282)] Record action: Setup.ip_address.BLE
04-09 09:49:10.378  3335  3335 D dhcpcd  : wlan0: soliciting a DHCP lease
04-09 09:49:10.378  3335  3335 D dhcpcd  : wlan0: sending DISCOVER (xid 0xac60e0a5), next in -801421979140238052910892536148520691279290308279632109368342979217684942565476335056730519744025441419927162291620145429568756205611227431591504070218702556040807441249572327008765947051159884036931681183371926142712338332294410063282082008506420124788363880367652864.0 seconds
04-09 09:49:10.466  3335  3335 D dhcpcd  : wlan0: soliciting an IPv6 router
04-09 09:49:10.741  3073  3073 I cast_shell: [3076:3114:INFO:metrics_recorder.cc(282)] Record action: Setup.version.BLE
04-09 09:49:10.771  3073  3073 I cast_shell: [3076:3114:INFO:metrics_recorder.cc(282)] Record action: Setup.tos_accepted.BLE
04-09 09:49:10.801  3073  3073 I cast_shell: [3076:3114:INFO:metrics_recorder.cc(282)] Record action: Setup.state.BLE
04-09 09:49:10.812  2731  2741 I NetworkMonitor: turn off power-save
04-09 09:49:10.818  2731  2741 E DNSResolver: Error in connect: Network is unreachable
04-09 09:49:10.818  2731  2741 I chatty  : uid=0(root) /bin/net_mgr identical 4 lines
04-09 09:49:10.818  2731  2741 E DNSResolver: Error in connect: Network is unreachable
04-09 09:49:10.819  2731  2741 E HttpTimeSync: Error resolve name clients1.google.com
04-09 09:49:10.831  3073  3073 I cast_shell: [3076:3114:INFO:metrics_recorder.cc(282)] Record action: Setup.ip_address.BLE
04-09 09:49:10.836  2731  2741 E HttpTimeSync: Error in curl perform, returns 6: Couldn't resolve host name
04-09 09:49:10.838  2731  2741 E HttpTimeSync: Failed in getting HTTP header from http://clients1.google.com/generate_204
04-09 09:49:10.911  3073  3073 I cast_shell: [3076:3084:ERROR:connectivity_checker_impl.cc(265)] Connectivity check failed: 400
04-09 09:49:11.001  3335  3335 D dhcpcd  : wlan0: Router Advertisement from fe80::cab3:73ff:fe44:aeed
04-09 09:49:11.002  3335  3335 D dhcpcd  : wlan0: adding address fd70:d3e7:6555:0:ce90:93ff:fe21:f384/64
04-09 09:49:11.002  3335  3335 D dhcpcd  : wlan0: adding address fd70:d3e7:6555:0:6528:efe0:abb1:815d/64
04-09 09:49:11.003  3335  3335 D dhcpcd  : wlan0: adding route to fd70:d3e7:6555::/64
04-09 09:49:11.004  3335  3335 D dhcpcd  : wlan0: requesting DHCPv6 information
04-09 09:49:11.358  3073  3073 I cast_shell: [3076:3114:INFO:metrics_recorder.cc(282)] Record action: Setup.eureka_info.Local
04-09 09:49:11.359  3073  3073 I cast_shell: [3076:3114:INFO:metrics_recorder.cc(282)] Record action: Setup.eureka_info.Local.200
04-09 09:49:11.360  2731  2740 E DNSResolver: Error in connect: Network is unreachable
04-09 09:49:11.360  2731  2740 I chatty  : uid=0(root) MonitorThread identical 4 lines
04-09 09:49:11.360  2731  2740 E DNSResolver: Error in connect: Network is unreachable
04-09 09:49:11.360  2731  2740 E HttpTimeSync: Error resolve name clients1.google.com
04-09 09:49:11.362  2731  2740 E HttpTimeSync: Error in curl perform, returns 6: Couldn't resolve host name
04-09 09:49:11.362  2731  2740 E HttpTimeSync: Failed in getting HTTP header from http://clients1.google.com/generate_204
04-09 09:49:11.371  3073  3073 I cast_shell: [3076:3114:INFO:metrics_recorder.cc(282)] Record action: Setup.version.BLE
04-09 09:49:11.401  3073  3073 I cast_shell: [3076:3114:INFO:metrics_recorder.cc(282)] Record action: Setup.tos_accepted.BLE
04-09 09:49:11.431  3073  3073 I cast_shell: [3076:3114:INFO:metrics_recorder.cc(282)] Record action: Setup.state.BLE
04-09 09:49:11.461  3073  3073 I cast_shell: [3076:3114:INFO:metrics_recorder.cc(282)] Record action: Setup.ip_address.BLE
04-09 09:49:11.918  3073  3073 I cast_shell: [3076:3084:ERROR:connectivity_checker_impl.cc(265)] Connectivity check failed: 400
04-09 09:49:12.001  3073  3073 I cast_shell: [3076:3114:INFO:metrics_recorder.cc(282)] Record action: Setup.version.BLE
04-09 09:49:12.046  3073  3073 I cast_shell: [3076:3114:INFO:metrics_recorder.cc(282)] Record action: Setup.tos_accepted.BLE
04-09 09:49:12.075  3073  3073 I cast_shell: [3076:3114:INFO:metrics_recorder.cc(282)] Record action: Setup.state.BLE
04-09 09:49:12.105  3073  3073 I cast_shell: [3076:3114:INFO:metrics_recorder.cc(282)] Record action: Setup.ip_address.BLE
04-09 09:49:12.190  2731  2741 I NetworkMonitor: turn off power-save
04-09 09:49:12.194  2731  2741 E DNSResolver: Error in connect: Network is unreachable
04-09 09:49:12.194  2731  2741 I chatty  : uid=0(root) /bin/net_mgr identical 4 lines
04-09 09:49:12.194  2731  2741 E DNSResolver: Error in connect: Network is unreachable
04-09 09:49:12.195  2731  2741 E HttpTimeSync: Error resolve name clients1.google.com
04-09 09:49:12.196  2731  2741 E HttpTimeSync: Error in curl perform, returns 6: Couldn't resolve host name
04-09 09:49:12.196  2731  2741 E HttpTimeSync: Failed in getting HTTP header from http://clients1.google.com/generate_204
04-09 09:49:12.351  2731  2741 I NetworkMonitor: turn off power-save
04-09 09:49:12.355  2731  2741 E DNSResolver: Error in connect: Network is unreachable
04-09 09:49:12.355  2731  2741 I chatty  : uid=0(root) /bin/net_mgr identical 4 lines
04-09 09:49:12.355  2731  2741 E DNSResolver: Error in connect: Network is unreachable
04-09 09:49:12.355  2731  2741 E HttpTimeSync: Error resolve name clients1.google.com
04-09 09:49:12.357  2731  2741 E HttpTimeSync: Error in curl perform, returns 6: Couldn't resolve host name
04-09 09:49:12.357  2731  2741 E HttpTimeSync: Failed in getting HTTP header from http://clients1.google.com/generate_204
04-09 09:49:12.362  2731  2740 E DNSResolver: Error in connect: Network is unreachable
04-09 09:49:12.363  2731  2740 I chatty  : uid=0(root) MonitorThread identical 4 lines
04-09 09:49:12.363  2731  2740 E DNSResolver: Error in connect: Network is unreachable
04-09 09:49:12.363  2731  2740 E HttpTimeSync: Error resolve name clients1.google.com
04-09 09:49:12.364  2731  2740 E HttpTimeSync: Error in curl perform, returns 6: Couldn't resolve host name
04-09 09:49:12.364  2731  2740 E HttpTimeSync: Failed in getting HTTP header from http://clients1.google.com/generate_204
04-09 09:49:12.380  2731  2741 I NetworkMonitor: turn off power-save
04-09 09:49:12.388  2731  2741 E DNSResolver: Error in connect: Network is unreachable
04-09 09:49:12.388  2731  2741 I chatty  : uid=0(root) /bin/net_mgr identical 4 lines
04-09 09:49:12.388  2731  2741 E DNSResolver: Error in connect: Network is unreachable
04-09 09:49:12.388  2731  2741 E HttpTimeSync: Error resolve name clients1.google.com
04-09 09:49:12.389  2731  2741 E HttpTimeSync: Error in curl perform, returns 6: Couldn't resolve host name
04-09 09:49:12.389  2731  2741 E HttpTimeSync: Failed in getting HTTP header from http://clients1.google.com/generate_204
04-09 09:49:12.509  2731  2741 I NetworkMonitor: turn off power-save
04-09 09:49:12.513  2731  2741 E DNSResolver: Error in connect: Network is unreachable
04-09 09:49:12.514  2731  2741 I chatty  : uid=0(root) /bin/net_mgr identical 4 lines
04-09 09:49:12.514  2731  2741 E DNSResolver: Error in connect: Network is unreachable
04-09 09:49:12.514  2731  2741 E HttpTimeSync: Error resolve name clients1.google.com
04-09 09:49:12.515  2731  2741 E HttpTimeSync: Error in curl perform, returns 6: Couldn't resolve host name
04-09 09:49:12.515  2731  2741 E HttpTimeSync: Failed in getting HTTP header from http://clients1.google.com/generate_204
04-09 09:49:12.646  3073  3073 I cast_shell: [3076:3114:INFO:metrics_recorder.cc(282)] Record action: Setup.version.BLE
04-09 09:49:12.676  3073  3073 I cast_shell: [3076:3114:INFO:metrics_recorder.cc(282)] Record action: Setup.tos_accepted.BLE
04-09 09:49:12.706  3073  3073 I cast_shell: [3076:3114:INFO:metrics_recorder.cc(282)] Record action: Setup.state.BLE
04-09 09:49:12.736  3073  3073 I cast_shell: [3076:3114:INFO:metrics_recorder.cc(282)] Record action: Setup.ip_address.BLE
04-09 09:49:12.924  3073  3073 I cast_shell: [3076:3084:ERROR:connectivity_checker_impl.cc(265)] Connectivity check failed: 400
04-09 09:49:13.291  3073  3073 I cast_shell: [3076:3114:INFO:metrics_recorder.cc(282)] Record action: Setup.version.BLE
04-09 09:49:13.321  3073  3073 I cast_shell: [3076:3114:INFO:metrics_recorder.cc(282)] Record action: Setup.tos_accepted.BLE
04-09 09:49:13.351  3073  3073 I cast_shell: [3076:3114:INFO:metrics_recorder.cc(282)] Record action: Setup.state.BLE
04-09 09:49:13.364  2731  2740 E DNSResolver: Error in connect: Network is unreachable
04-09 09:49:13.365  2731  2740 I chatty  : uid=0(root) MonitorThread identical 4 lines
04-09 09:49:13.365  2731  2740 E DNSResolver: Error in connect: Network is unreachable
04-09 09:49:13.365  2731  2740 E HttpTimeSync: Error resolve name clients1.google.com
04-09 09:49:13.366  2731  2740 E HttpTimeSync: Error in curl perform, returns 6: Couldn't resolve host name
04-09 09:49:13.366  2731  2740 E HttpTimeSync: Failed in getting HTTP header from http://clients1.google.com/generate_204
04-09 09:49:13.381  3073  3073 I cast_shell: [3076:3114:INFO:metrics_recorder.cc(282)] Record action: Setup.ip_address.BLE
04-09 09:49:13.921  3073  3073 I cast_shell: [3076:3114:INFO:metrics_recorder.cc(282)] Record action: Setup.version.BLE
04-09 09:49:13.930  3073  3073 I cast_shell: [3076:3084:ERROR:connectivity_checker_impl.cc(265)] Connectivity check failed: 400
04-09 09:49:13.951  3073  3073 I cast_shell: [3076:3114:INFO:metrics_recorder.cc(282)] Record action: Setup.tos_accepted.BLE
04-09 09:49:13.981  3073  3073 I cast_shell: [3076:3114:INFO:metrics_recorder.cc(282)] Record action: Setup.state.BLE
04-09 09:49:14.011  3073  3073 I cast_shell: [3076:3114:INFO:metrics_recorder.cc(282)] Record action: Setup.ip_address.BLE
04-09 09:49:14.366  2731  2740 E DNSResolver: Error in connect: Network is unreachable
04-09 09:49:14.367  2731  2740 I chatty  : uid=0(root) MonitorThread identical 4 lines
04-09 09:49:14.367  2731  2740 E DNSResolver: Error in connect: Network is unreachable
04-09 09:49:14.367  2731  2740 E HttpTimeSync: Error resolve name clients1.google.com
04-09 09:49:14.368  2731  2740 E HttpTimeSync: Error in curl perform, returns 6: Couldn't resolve host name
04-09 09:49:14.368  2731  2740 E HttpTimeSync: Failed in getting HTTP header from http://clients1.google.com/generate_204
04-09 09:49:14.512  3073  3073 I cast_shell: [3076:3084:INFO:parent_tracker.cc(237)] Network changed
04-09 09:49:14.512  3073  3073 I cast_shell: [3076:3084:INFO:parent_tracker.cc(120)] Can't use IPv4
04-09 09:49:14.512  3073  3073 I cast_shell: [3076:3084:INFO:parent_tracker.cc(135)] Now using local address [PII](fd70:d3e7:6555:0:9122:eefc:bc0c:67f1)
04-09 09:49:14.512  3073  3073 I cast_shell: [3076:3084:INFO:directory_service_impl.cc(200)] This device became root
04-09 09:49:14.513  3073  3073 I cast_shell: [3076:3084:INFO:parent_tracker.cc(237)] Network changed
04-09 09:49:14.514  3073  3073 I cast_shell: [3076:3084:INFO:parent_tracker.cc(120)] Can't use IPv4
04-09 09:49:14.514  3073  3073 I cast_shell: [3076:3084:INFO:parent_tracker.cc(132)] No need to recreate socket
04-09 09:49:14.525  3073  3073 I cast_shell: [3076:3114:INFO:local_network_info_impl.cc(435)] LNID_W changed:
04-09 09:49:14.533  3073  3073 I cast_shell: [3076:3114:ERROR:setup_state.cc(424)] Timeout for state=SETUP_STATE_CHECKING_GLOBAL_CONNECTIVITY(50): move to state=SETUP_STATE_CHECKING_GLOBAL_CONNECTIVITY_BAD_ROUTER_WIFI_NOT_SAVED(51).
04-09 09:49:14.533  3073  3073 I cast_shell: [3076:3114:INFO:setup_state.cc(261)] Setup state changed: SETUP_STATE_CHECKING_GLOBAL_CONNECTIVITY (50) -> SETUP_STATE_CHECKING_GLOBAL_CONNECTIVITY_BAD_ROUTER_WIFI_NOT_SAVED (51)
04-09 09:49:14.537  2953  3152 I LibreCastControlDelegate: OnCastStatus() +++ Lyric Speaker Box 21f384:0xab7cc198:OFFLINE
04-09 09:49:14.537  2953  3152 I LibreCastControlDelegate: Device Build Number -> '1.52.272222'
04-09 09:49:14.537  2953  3152 I librecast: updateCastBuildVersion() Version 1.52.272222
04-09 09:49:14.537  2712  2712 I lucitransport: readRemoteMessage() MID char = 7 buffer = 1.52.272222
04-09 09:49:14.537  2953  3152 I LibreCastControlDelegate: Active Applications -> 0
04-09 09:49:14.537  2953  3152 I LibreCastControlDelegate: Current Cast State '3' -> 'OFFLINE'
04-09 09:49:14.537  2953  3152 I LibreCastControlDelegate: OnCastStatus() ---
04-09 09:49:14.551  3073  3073 I cast_shell: [3076:3114:INFO:metrics_recorder.cc(282)] Record action: Setup.version.BLE
04-09 09:49:14.581  3073  3073 I cast_shell: [3076:3114:INFO:metrics_recorder.cc(282)] Record action: Setup.tos_accepted.BLE
04-09 09:49:14.611  3073  3073 I cast_shell: [3076:3114:INFO:metrics_recorder.cc(282)] Record action: Setup.state.BLE
04-09 09:49:14.641  3073  3073 I cast_shell: [3076:3114:INFO:metrics_recorder.cc(282)] Record action: Setup.ip_address.BLE
04-09 09:49:14.937  3073  3073 I cast_shell: [3076:3084:ERROR:connectivity_checker_impl.cc(265)] Connectivity check failed: 400
04-09 09:49:15.145  3335  3335 D dhcpcd  : wlan0: sending DISCOVER (xid 0xac60e0a5), next in -801421648975242148930633060092345723659466701444705060701294422473780959485245013146602724766538327283105732618176173091306366189533641911063400956443564604037722915080706977676056972526474556400806889042072472338317124133039712775658132998378267607875779057885904896.0 seconds
04-09 09:49:15.165  3073  3073 I cast_shell: [3076:3114:INFO:metrics_recorder.cc(282)] Record action: Setup.version.BLE
04-09 09:49:15.196  3073  3073 I cast_shell: [3076:3114:INFO:metrics_recorder.cc(282)] Record action: Setup.tos_accepted.BLE
04-09 09:49:15.205  3335  3335 D dhcpcd  : wlan0: received OFFER with xid 0xac60e0a5
04-09 09:49:15.205  3335  3335 D dhcpcd  : wlan0: offered 192.168.1.145 from 192.168.1.1
04-09 09:49:15.205  3335  3335 D dhcpcd  : wlan0: requesting lease of 192.168.1.145
04-09 09:49:15.205  3335  3335 D dhcpcd  : wlan0: sending REQUEST (xid 0xac60e0a5), next in -801421979140238052910892536148520691279290308279632109368342979217684942565476335056730519744025441419927162291620145429568756205611227431591504070218702556040807441249572327008765947051159884036931681183371926142712338332294410063282082008506420124788363880367652864.0 seconds
04-09 09:49:15.225  3073  3073 I cast_shell: [3076:3114:INFO:metrics_recorder.cc(282)] Record action: Setup.state.BLE
04-09 09:49:15.255  3073  3073 I cast_shell: [3076:3114:INFO:metrics_recorder.cc(282)] Record action: Setup.ip_address.BLE
04-09 09:49:15.306  3335  3335 D dhcpcd  : wlan0: received ACK with xid 0xac60e0a5
04-09 09:49:15.306  3335  3335 D dhcpcd  : wlan0: acknowledged 192.168.1.145 from 192.168.1.1
04-09 09:49:15.306  3335  3335 D dhcpcd  : wlan0: leased 192.168.1.145 for 86400 seconds
04-09 09:49:15.308  3335  3335 D dhcpcd  : wlan0: adding route to 192.168.1.0/24
04-09 09:49:15.308  3335  3335 D dhcpcd  : wlan0: adding default route via 192.168.1.1
04-09 09:49:15.309  2952  2963 D wac-main: Netlink event
04-09 09:49:15.309  2952  2963 E wac-main: Netlink event 20 Interface Index 5 
04-09 09:49:15.309  2952  2963 E wac-main: Enter poll and wait
04-09 09:49:15.309  2711  2723 I yani_kernel: yani_geteventfrom_changeaddr() Message-Id '1' Netlink event '20' Interface Index '5' -> Name 'wlan0' 
04-09 09:49:15.311  2731  2741 I NetworkMonitor: turn off power-save
04-09 09:49:15.312  2711  2723 I yani_server: NetLink Event '2' Interface-Index '5' WLAN '-1' Ethernet '-1' Parsed-iFill '2' -> 'WLAN0 CONNECTED' ifIndex '1' -> 'lo'
04-09 09:49:15.329  2712  2712 I lucitransport: writeRemoteMessage() MID = 124 buffer = 1#1,1#2,0#3,1#4,1
04-09 09:49:15.329  2712  2712 I luciUART: write() MID = 124  bytes = 27 data = 1#1,1#2,0#3,1#4,1 m_fd = 0x5
04-09 09:49:15.329  2729  2729 E AirableUIHelper: AirableUIHelper::YaniAlert  1 1 
04-09 09:49:15.329  2729  2729 E AirableUIHelper: Wlan is up
04-09 09:49:15.329  2959  2968 I otamanager: YaniAlert() Interface 1 Status Up
04-09 09:49:15.330  2959  2968 I otamanager: CreateFirmwareUpdateTimerOnYaniAlert done
04-09 09:49:15.330  2957  2957 I airplay-main: YaniAlert Interface 1 Status 1
04-09 09:49:15.331  2712  2712 I lucitransport: readRemoteMessage() MID char = 90 buffer = Lyric Speaker Box 21f384
04-09 09:49:15.335  2712  2720 E luciUART: UART:aa
04-09 09:49:15.335  2712  2720 E luciUART: UART:aa
04-09 09:49:15.335  2712  2720 E luciUART: UART:2
04-09 09:49:15.337  2712  2720 E luciUART: UART:0
04-09 09:49:15.337  2712  2720 E luciUART: UART:d0
04-09 09:49:15.337  2712  2720 E luciUART: UART:0
04-09 09:49:15.337  2712  2720 I chatty  : uid=0(root) UARTLUCIControl identical 2 lines
04-09 09:49:15.337  2712  2720 E luciUART: UART:0
04-09 09:49:15.337  2712  2720 E luciUART: UART:9
04-09 09:49:15.337  2712  2720 I luciUART: read() RemoteID = 43690 Command = 208 Type = 2 Status = 0 DataLen = 9
04-09 09:49:15.414  2957  3389 I airplay-main: checkACPAvailability() err 0 -> Present!
04-09 09:49:15.414  2957  3389 D airplay-main: arguments[0] -> airplay_v2 -> airplay_v2
04-09 09:49:15.415  2957  3389 D airplay-main: arguments[1] -> -n -> -n
04-09 09:49:15.415  2957  3389 D airplay-main: arguments[2] -> Lyric Speaker Box 21f384 -> Lyric Speaker Box 21f384
04-09 09:49:15.415  2957  3389 D airplay-main: arguments[3] -> -z -> -z
04-09 09:49:15.415  2957  3389 D airplay-main: arguments[4] -> 1 -> 1
04-09 09:49:15.415  2957  3389 D airplay-main: arguments[5] -> -d -> -d
04-09 09:49:15.415  2957  3389 D airplay-main: arguments[6] -> 47617500 -> 47617500
04-09 09:49:15.415  2957  3389 D airplay-main: Total Number of Arguments 7
04-09 09:49:15.426  2957  3389 I airplay_v2_0_6: 2022-04-08 21:19:15.425220 [AirPlayDemo] homedir /data/ sUserPreferencesDirectoryPath /data//.airplaydemo 
04-09 09:49:15.502  2957  3389 I airplay-main: checkACPAvailability() err 0 -> Present!
04-09 09:49:15.586  2957  3411 I airplay_v2_0_6: 2022-04-08 21:19:15.586410 [AirPlayDemo] *********** AirPlayDemoPlatformSetProperty:homeIntegrationData value - 
04-09 09:49:15.586  2957  3411 I airplay_v2_0_6:     +0000: 62706c69 73743030 d101025f 10114343 |bplist00^^^_^^CC| (67 bytes)
04-09 09:49:15.586  2957  3411 I airplay_v2_0_6:     +0010: 3a39303a 39333a32 313a4633 3a3834d0 |:90:93:21:F3:84^|
04-09 09:49:15.586  2957  3411 I airplay_v2_0_6:     +0020: 080b1f00 00000000 00010100 00000000 |^^^^^^^^^^^^^^^^|
04-09 09:49:15.586  2957  3411 I airplay_v2_0_6:     +0030: 00000300 00000000 00000000 00000000 |^^^^^^^^^^^^^^^^|
04-09 09:49:15.586  2957  3411 I airplay_v2_0_6:     +0040: 000020                              |^^              |
04-09 09:49:15.589  2957  3413 I airplay_v2_0_6: 2022-04-08 21:19:15.588904 [AirPlayDemo] AirPlayDemoServerCopyProperty Password is <<NULL>>
04-09 09:49:15.599  2957  3411 I airplay_v2_0_6: 2022-04-08 21:19:15.599062 [AirPlayDemo] *********** AirPlayDemoPlatformSetProperty:homeIntegrationData value - 
04-09 09:49:15.599  2957  3411 I airplay_v2_0_6:     +0000: 62706c69 73743030 d101025f 10114343 |bplist00^^^_^^CC| (165 bytes)
04-09 09:49:15.599  2957  3411 I airplay_v2_0_6:     +0010: 3a39303a 39333a32 313a4633 3a3834d3 |:90:93:21:F3:84^
04-09 09:49:15.599  2957  3411 I airplay_v2_0_6: |
04-09 09:49:15.599  2957  3411 I airplay_v2_0_6:     +0020: 03040501 06075a69 64656e74 69666965 |^^^^^^Zidentifie|
04-09 09:49:15.599  2957  3411 I airplay_v2_0_6:     +0030: 7252736b 52706b4f 1020dbac 20c89ea1 |rRskRpkO^ ^^ ^^^|
04-09 09:49:15.599  2957  3411 I airplay_v2_0_6:     +0040: 4df688d8 6b7c9f74 cc8df027 ba52d31d |M^^^k|^t^^^'^R^^|
04-09 09:49:15.599  2957  3411 I airplay_v2_0_6:     +0050: 84ddc955 245d7feb dc8b4f10 20045bb5 |
04-09 09:49:15.599  2957  3411 I airplay_v2_0_6: ^^^U$]^^^^O^ ^[^|
04-09 09:49:15.599  2957  3411 I airplay_v2_0_6:     +0060: 62e32915 2484e814 c3b4c0de f0ad89c0 |b^)^$^^^^^^^^^^^|
04-09 09:49:15.599  2957  3411 I airplay_v2_0_6:     +0070: 42ac48e5 c0b3b9b2 33f2db8d ca080b1f |B^H^^^^^3^^^^^^^|
04-09 09:49:15.599  2957  3411 I airplay_v2_0_6:     +0080: 26313437 5a000000 00000001 01000000 |&147Z^^^^^^^^^^^|
04-09 09:49:15.599  2957  3411 I airplay_v2_0_6:     +0090: 
04-09 09:49:15.599  2957  3411 I airplay_v2_0_6: 00000000 08000000 00000000 00000000 |^^^^^^^^^^^^^^^^|
04-09 09:49:15.599  2957  3411 I airplay_v2_0_6:     +00A0: 00000000 7d                         |^^^^}           |
04-09 09:49:15.600  2712  2712 I lucitransport: readRemoteMessage() MID char = 90 buffer = Lyric Speaker Box 21f384
04-09 09:49:15.602  2957  3389 I airplay_v2_0_6: 2022-04-08 21:19:15.601800 [AirPlay] Registering Bonjour _airplay._tcp. port 7000
04-09 09:49:15.603  2957  3413 I airplay_v2_0_6: 2022-04-08 21:19:15.603773 [AirPlayDemo] AirPlayDemoServerCopyProperty Password is <<NULL>>
04-09 09:49:15.605  2957  3411 I airplay_v2_0_6: 2022-04-08 21:19:15.605248 [AirPlayDemo] AirPlayDemoServerCopyProperty Password is <<NULL>>
04-09 09:49:15.605  2712  2712 I lucitransport: readRemoteMessage() MID char = 90 buffer = Lyric Speaker Box 21f384
04-09 09:49:15.607  2957  3389 I airplay_v2_0_6: 2022-04-08 21:19:15.607418 [AirPlay] Registering Bonjour CC909321F384@Lyric Speaker Box 21f384._raop._tcp. port 7000
04-09 09:49:15.607  2957  3389 I airplay_v2_0_6: 2022-04-08 21:19:15.607567 [AirPlay] AirPlay servers started
04-09 09:49:15.795  3073  3073 I cast_shell: [3076:3114:INFO:metrics_recorder.cc(282)] Record action: Setup.version.BLE
04-09 09:49:15.987  3073  3073 I cast_shell: [3076:3114:INFO:metrics_recorder.cc(282)] Record action: Setup.tos_accepted.BLE
04-09 09:49:16.017  3073  3073 I cast_shell: [3076:3114:INFO:metrics_recorder.cc(282)] Record action: Setup.state.BLE
04-09 09:49:16.047  3073  3073 I cast_shell: [3076:3114:INFO:metrics_recorder.cc(282)] Record action: Setup.ip_address.BLE
04-09 09:49:16.572  3073  3073 I cast_shell: [3076:3114:INFO:metrics_recorder.cc(282)] Record action: Setup.version.BLE
04-09 09:49:16.617  3073  3073 I cast_shell: [3076:3114:INFO:metrics_recorder.cc(282)] Record action: Setup.tos_accepted.BLE
04-09 09:49:16.647  3073  3073 I cast_shell: [3076:3114:INFO:metrics_recorder.cc(282)] Record action: Setup.state.BLE
04-09 09:49:16.677  3073  3073 I cast_shell: [3076:3114:INFO:metrics_recorder.cc(282)] Record action: Setup.ip_address.BLE
04-09 09:49:16.981  3073  3073 I cast_shell: [3076:3084:INFO:connectivity_checker_impl.cc(144)] Change check url=http://connectivitycheck.gstatic.com/generate_204
04-09 09:49:16.982  3073  3073 I cast_shell: [3076:3084:INFO:connectivity_checker_impl.cc(148)] Global connection is: Up
04-09 09:49:16.982  3076  3083 E         : OOBE CheckUpdate
04-09 09:49:16.982  3073  3073 I cast_shell: [3076:3076:INFO:api_reboot.cc(321)] active_activities count=0
04-09 09:49:16.982  3073  3073 I cast_shell: [3076:3076:INFO:ccs_transport_gcm.cc(102)] Registering GCM handler
04-09 09:49:16.982  3073  3073 I cast_shell: [3076:3076:INFO:gcm_manager.cc(258)] Enabling GCM Driver
04-09 09:49:16.982  3073  3073 I cast_shell: [3076:3076:INFO:cloud_settings_manager.cc(431)] Connectivity established. Reconciling cloud settings.
04-09 09:49:16.982  3073  3073 I cast_shell: [3076:3076:INFO:cloud_settings_manager.cc(195)] Cloud settings is disabled.
04-09 09:49:16.982  3073  3073 I cast_shell: [3076:3076:INFO:lycra_gcm.cc(121)] Registering GCM handler.
04-09 09:49:16.982  3073  3073 I cast_shell: [3076:3114:WARNING:setup_manager_impl.cc(1100)] NAT not supported, no captive portal support.
04-09 09:49:16.982  3073  3073 I cast_shell: [3076:3083:INFO:update_engine_client_with_system_updater.cc(216)] Network first connected, check system force update
04-09 09:49:16.991  3073  3073 I cast_shell: [3076:3076:INFO:cast_receiver_impl.cc(1093)] Entering discovery-only mode
04-09 09:49:16.992  3073  3073 I cast_shell: [3076:3076:INFO:application_config_manager_impl.cc(575)] Disabling virtual device efcac2ce-283e-72b5-6667-2ae62e48994e
04-09 09:49:16.992  3073  3073 I cast_shell: [3076:3124:INFO:mdns_cast_service.cc(351)] Device discovery state is setup-only
04-09 09:49:16.992  3073  3073 I cast_shell: [3076:3124:INFO:mdns_util.cc(102)] Defaulting mDNS capabilities for audio-only build
04-09 09:49:16.995  3073  3073 I cast_shell: [3076:3089:ERROR:unix_stream_client_socket.cc(52)] Cannot connect unix socket: /dev/socket/panel: No such file or directory (2)
04-09 09:49:16.995  3073  3073 I cast_shell: [3076:3089:ERROR:led_controller_ipc.cc(84)] Could not create IPC client for socket: /dev/socket/panel
04-09 09:49:16.998  3073  3073 I cast_shell: [3076:3076:INFO:device_info_impl.cc(1094)] Primary netif changed: new=wlan0, old=usb0
04-09 09:49:17.004  3073  3073 I cast_shell: [3076:3076:INFO:device_info_impl.cc(1103)] Primary IP address changed: netif=wlan0, new=192.168.1.145, old=192.168.10.1
04-09 09:49:17.004  3073  3073 I cast_shell: [3076:3076:INFO:cast_receiver_impl.cc(1612)] mDNS Discovery stopped.
04-09 09:49:17.004  3073  3073 I cast_shell: [3076:3076:INFO:cast_receiver_impl.cc(1679)] Network is globally connected. Schedule config downloading if necessary.
04-09 09:49:17.017  3073  3073 I cast_shell: [3076:3125:INFO:transport_creds.cc(151)] Self-signed certificate created: CN=efcac2ce-283e-72b5-6667-2ae62e48994e
04-09 09:49:17.018  2953  3152 I LibreCastControlDelegate: OnCastStatus() +++ Lyric Speaker Box 21f384:0xab7cc198:NOT_SETUP
04-09 09:49:17.018  2953  3152 I LibreCastControlDelegate: Device Build Number -> '1.52.272222'
04-09 09:49:17.018  2953  3152 I librecast: updateCastBuildVersion() Version 1.52.272222
04-09 09:49:17.019  2712  2712 I lucitransport: readRemoteMessage() MID char = 7 buffer = 1.52.272222
04-09 09:49:17.019  2953  3152 I LibreCastControlDelegate: Active Applications -> 0
04-09 09:49:17.019  2953  3152 I LibreCastControlDelegate: Current Cast State '2' -> 'NOT_SETUP'
04-09 09:49:17.019  2953  3152 I LibreCastControlDelegate: OnCastStatus() ---
04-09 09:49:17.019  2953  3152 I LibreCastControlDelegate: OnCastStatus() +++ Lyric Speaker Box 21f384:0xab7cc198:NOT_SETUP
04-09 09:49:17.039  2955  2979 I SPOTIFY : ConnectionNotify event(0-Login, 1-Logout, rest Error) = 7 
04-09 09:49:17.056  3073  3073 I cast_shell: [3076:3076:INFO:config_downloader.cc(489)] Downloading config: headers (excl. auth) ='Accept: application/protobuf', url=https://clients5.google.com/cast/chromecast/device/baseconfig?m=LSB&M=COTODAMA&p=LS10+Platform&b=1.52.272222&c=wifi&r=beta-channel&pt=3&ln=&d=DE4F95FFA64D5E74B026&at=1
04-09 09:49:17.141  3073  3073 I cast_shell: [3076:3127:INFO:multizone_manager.cc(2131)] Updated leader quality: 49807413
04-09 09:49:17.142  2959  2973 E otamanager: lo not valid Interface for MAC ID
04-09 09:49:17.142  2959  2973 D otamanager: OTA: wlan IP = 192.168.1.145
04-09 09:49:17.142  2959  2973 I otamanager: OTA:checkIP mac = cc909321f384  IP = 192.168.1.145 
04-09 09:49:17.144  2959  2973 I otamanager: DownloadHttpContent firmware version = eng.C4A.1203
04-09 09:49:17.149  3073  3073 I cast_shell: [3076:3124:INFO:mdns_app_filter.cc(1120)] Skipping IPv6 interface that also has an IPv4 address: wlan0
04-09 09:49:17.149  3073  3073 I chatty  : uid=1000(chrome) /bin/logwrapper identical 2 lines
04-09 09:49:17.149  3073  3073 I cast_shell: [3076:3124:INFO:mdns_app_filter.cc(1120)] Skipping IPv6 interface that also has an IPv4 address: wlan0
04-09 09:49:17.149  3073  3073 I cast_shell: [3076:3124:INFO:metrics_recorder.cc(282)] cast event: Cast.Discovery.Mdns.SocketCreated
04-09 09:49:17.152  3073  3073 I cast_shell: [3076:3076:INFO:mdns_manager_impl.cc(429)] Successfully updated service: type=_googlezone
04-09 09:49:17.153  2712  2712 I lucitransport: readRemoteMessage() MID char = 6 buffer = 1001
04-09 09:49:17.154  2712  2712 I lucitransport: readRemoteMessage() MID char = 7 buffer = 1.52.272222
04-09 09:49:17.155  2959  2973 I otamanager: OTA: DownloadHttpContent :payload =  {"device":{"brand":"COTODAMA","castVersion":"1.52.272222","deviceId":"cc909321f384","deviceType":"LS10_C4A","fwVersion":"1203","googleCast":true,"mcuVersion":"1001","model":"LSB"}}
04-09 09:49:17.155  2959  2973 I otamanager:  
04-09 09:49:17.155  2959  2973 I otamanager: OTA:------curlDownloadFirmwareXml---
04-09 09:49:17.155  2959  2973 I otamanager: OTA:isValidIpAddress: result 0
04-09 09:49:17.217  3073  3073 I cast_shell: [3076:3114:INFO:metrics_recorder.cc(282)] Record action: Setup.version.BLE
04-09 09:49:17.246  3073  3073 I cast_shell: [3076:3114:INFO:metrics_recorder.cc(282)] Record action: Setup.tos_accepted.BLE
04-09 09:49:17.277  3073  3073 I cast_shell: [3076:3114:INFO:metrics_recorder.cc(282)] Record action: Setup.state.BLE
04-09 09:49:17.307  3073  3073 I cast_shell: [3076:3114:INFO:metrics_recorder.cc(282)] Record action: Setup.ip_address.BLE
04-09 09:49:17.355  3073  3073 I cast_shell: [3076:3114:INFO:ble_setup.cc(322)] Record action: Setup.set_eureka_info.BLE
04-09 09:49:17.357  3073  3073 I cast_shell: [3076:3114:INFO:timezone_settings.cc(288)] Setting system timezone to Asia/Kolkata
04-09 09:49:17.357  3073  3073 I cast_shell: [3076:3127:INFO:multizone_group.cc(357)] Change name for group [PII](CD34AE150BAE90B60569125BEDAA9ADD) to [PII](AAA speaker)
04-09 09:49:17.357  3073  3073 I cast_shell: [3076:3114:INFO:locale_manager.cc(511)] New timezone: Asia/Kolkata
04-09 09:49:17.357  3073  3073 I cast_shell: [3076:3114:INFO:locale_manager.cc(539)] New time format: 24-hour
04-09 09:49:17.362  3073  3073 I cast_shell: [3076:3076:INFO:device_info_impl.cc(1133)] SSDP Config ID is increased: id=4
04-09 09:49:17.365  3073  3073 I cast_shell: [3076:3076:INFO:device_info_impl.cc(1133)] SSDP Config ID is increased: id=5
04-09 09:49:17.367  3073  3073 I cast_shell: [3076:3114:INFO:metrics_recorder.cc(282)] cast event: Cast.System.Timezone.ChangeSuccessful
04-09 09:49:17.369  2734  2763 I bluetoothtbd: [0408/211917.368908:INFO:adapter.cc(551)] Adapter properties changed
04-09 09:49:17.369  2734  2763 I bluetoothtbd: [0408/211917.369100:INFO:adapter.cc(573)] Adapter name changed
04-09 09:49:17.369  3073  3073 I cast_shell: [3076:3114:INFO:bluetooth_manager.cc(1232)] [PII] Set device name to 'AAA speaker'
04-09 09:49:17.382  2953  3152 I LibreCastControlDelegate: Active Applications -> 0
04-09 09:49:17.382  2953  3152 I LibreCastControlDelegate: Current Cast State '2' -> 'NOT_SETUP'
04-09 09:49:17.382  2953  3152 I LibreCastControlDelegate: OnCastStatus() ---
04-09 09:49:17.382  2953  3152 I LibreCastControlDelegate: OnCastStatus() +++ AAA speaker:0xab7cc198:NOT_SETUP
04-09 09:49:17.382  2953  3152 I LibreCastControlDelegate: Device Build Number -> '1.52.272222'
04-09 09:49:17.382  2953  3152 I librecast: updateCastBuildVersion() Version 1.52.272222
04-09 09:49:17.383  2712  2712 I lucitransport: readRemoteMessage() MID char = 7 buffer = 1.52.272222
04-09 09:49:17.383  2953  3152 I LibreCastControlDelegate: Active Applications -> 0
04-09 09:49:17.383  2953  3152 I LibreCastControlDelegate: Current Cast State '2' -> 'NOT_SETUP'
04-09 09:49:17.383  2953  3152 I LibreCastControlDelegate: OnCastStatus() ---
04-09 09:49:17.384  2953  3152 I LibreCastControlDelegate: OnCastStatus() +++ AAA speaker:0xab7cc198:NOT_SETUP
04-09 09:49:17.384  2953  3152 I LibreCastControlDelegate: Device Build Number -> '1.52.272222'
04-09 09:49:17.384  2953  3152 I librecast: updateCastBuildVersion() Version 1.52.272222
04-09 09:49:17.427  3073  3073 I cast_shell: [3076:3114:INFO:ble_setup.cc(322)] Record action: Setup.save_wifi.BLE
04-09 09:49:17.429  3073  3073 I cast_shell: [3076:3114:INFO:wifi_controller_wpa_supplicant.cc(692)] Clear bssid from config for network id 0
04-09 09:49:17.432  3073  3073 I cast_shell: [3076:3114:INFO:setup_manager_impl.cc(1725)] Report action: Wifi.FirstConfigured
04-09 09:49:17.486  3073  3073 I cast_shell: [3076:3084:INFO:parent_tracker.cc(237)] Network changed
04-09 09:49:17.486  3073  3073 I cast_shell: [3076:3084:INFO:parent_tracker.cc(135)] Now using local address [PII](192.168.1.145)
04-09 09:49:17.486  3073  3073 I cast_shell: [3076:3084:INFO:directory_service_impl.cc(200)] This device became root
04-09 09:49:17.487  3073  3073 I cast_shell: [3076:3084:INFO:parent_tracker.cc(237)] Network changed
04-09 09:49:17.487  3073  3073 I cast_shell: [3076:3084:INFO:parent_tracker.cc(132)] No need to recreate socket
04-09 09:49:17.491  3073  3073 I cast_shell: [3076:3416:INFO:net_util_impl.cc(582)] IP address: [PII](192.168.1.1) MAC address: [PII](C8:B3:73:44:AE:ED)
04-09 09:49:17.491  3073  3073 I cast_shell: [3076:3416:INFO:local_network_info_impl.cc(346)] LNID changed:
04-09 09:49:17.491  3073  3073 I cast_shell: [3076:3076:INFO:ccs_manager_impl.cc(1789)] LNID has changed; Will re-register CCS
