04-09 09:52:52.159  2977  3001 I otamanager: OTAManager connected to CastUpdater via  /tmp/socket/system_updater
04-09 09:52:52.160  2977  3001 I otamanager: cast_updater_threadEntry socket handle 5
04-09 09:52:52.175  3079  3079 I cast_shell: [3082:3082:INFO:secure_storage_impl.cc(107)] Secure storage initialized.
04-09 09:52:52.175  3079  3079 I cast_shell: [3082:3082:INFO:ccs_manager_impl.cc(851)] Network connectivity down for CcsManager
04-09 09:52:52.245  2970  2980 D wac-main: Netlink event
04-09 09:52:52.245  2970  2980 E wac-main: Netlink event 16 Interface Index 6 
04-09 09:52:52.245  2970  2980 E wac-main: p2p0 event Link Changed : 1002 
04-09 09:52:52.245  2970  2980 E wac-main: Enter poll and wait
04-09 09:52:52.245  2711  2723 I yani_kernel: yani_geteventfrom_changeaddr() Message-Id '1' Netlink event '16' Interface Index '6' -> Name 'p2p0' 
04-09 09:52:52.247  2731  2745 I HotspotManager: setSSID <SSID omitted> visible
04-09 09:52:52.247  2731  2745 E WifiUtil: command: "SCAN" failed: FAIL-BUSY
04-09 09:52:52.247  2731  2745 I HotspotManager: hotspot start
04-09 09:52:52.248  2731  2745 E WifiUtil: Setting interface p2p0 up.
04-09 09:52:52.248  2731  2745 E WifiUtil: ioctl SIOCGIWFREQ fails for wlan0 Bad address
04-09 09:52:52.249  2970  2980 D wac-main: Netlink event
04-09 09:52:52.249  2970  2980 E wac-main: Netlink event 16 Interface Index 6 
04-09 09:52:52.250  2970  2980 E wac-main: p2p0 event Link Changed : 1003 
04-09 09:52:52.250  2970  2980 E wac-main: Enter poll and wait
04-09 09:52:52.250  2711  2723 I yani_kernel: yani_geteventfrom_changeaddr() Message-Id '1' Netlink event '16' Interface Index '6' -> Name 'p2p0' 
04-09 09:52:52.252  3079  3079 I cast_shell: [3082:3121:INFO:setup_state.cc(261)] Setup state changed: SETUP_STATE_UNKNOWN (0) -> SETUP_STATE_CHECKING_GLOBAL_CONNECTIVITY (50)
04-09 09:52:52.255  3079  3079 I cast_shell: [3082:3121:INFO:gatt_client_manager_impl.cc(202)] Enabling GATT client connectability
04-09 09:52:52.474  2971  3052 I LibreCastControl: LibreCastControl_init() Socket Initialized
04-09 09:52:52.486  2971  3052 E LibreCastControl: PULSAR:CreateCastControlThread:18
04-09 09:52:52.486  2971  3052 E LibreCastControl: Create LibreCastLUCITimerThreadInit 
04-09 09:52:52.486  2971  3154 E LibreCastControl: PULSAR:Run:23
04-09 09:52:52.487  2971  3155 E LibreCastControl: Timer Sem Wait Start iCastPlayerstate = 0 
04-09 09:52:52.502  2691  2691 I sh      : [0408/212252.501543:INFO:cast_control_impl.cc(744)] CastControl has started running.
04-09 09:52:52.502  2691  2691 I sh      : [0408/212252.502407:INFO:cast_control_impl.cc(745)] Attempting to connect CastMessageService. socket=/tmp/cast-control
04-09 09:52:52.505  2971  3154 I LibreCastControlDelegate: OnCastStatus() +++ :0xaca23198:STARTING
04-09 09:52:52.505  2691  2691 I sh      : [0408/212252.505334:INFO:cast_control_socket.cc(64)] Successfully connected Cast Control Socket
04-09 09:52:52.505  2971  3154 E LibreCastControlDelegate: OnCastStatus:177
04-09 09:52:52.507  2971  3154 I LibreCastControl: LibreCastControl_SetCastName()  name 'Lyric Speaker Box 21f384' RequestId '1' pCastControl 0xf4800728
04-09 09:52:52.507  2971  3154 I LibreCastControlDelegate: Active Applications -> 0
04-09 09:52:52.507  2971  3154 I LibreCastControlDelegate: Current Cast State '1' -> 'STARTING'
04-09 09:52:52.507  2971  3154 I LibreCastControlDelegate: OnCastStatus() ---
04-09 09:52:52.507  2691  2691 I sh      : [0408/212252.507324:INFO:cast_message_service_impl.cc(185)] Sending connect message!
04-09 09:52:52.511  3079  3079 I cast_shell: [3082:3132:INFO:metrics_recorder.cc(282)] Cast v2 action(socket_id=domain-socket@/tmp/cast-control.1): CastV2.Connection.Connect.In
04-09 09:52:52.511  3079  3079 I cast_shell: [3082:3082:INFO:resource_namespace_handler.cc(307)] Setting resource provider: sender_id=domain-socket@/tmp/cast-control.1:system-0
04-09 09:52:52.512  2691  2691 I sh      : [0408/212252.512757:INFO:cast_message_service_impl.cc(1007)] CastMessageServiceImpl matched versions
04-09 09:52:52.740  2731  2745 I WifiUtil: get p2p0 channel 6 (2437MHz)
04-09 09:52:52.740  2731  2745 I HotspotManager: start hostapd at channel=6 SSID=<SSID omitted> hidden_ssid=0
04-09 09:52:52.744  3079  3079 I cast_shell: [3082:3121:INFO:ble_setup.cc(1106)] Cleared generated LAT.
04-09 09:52:52.744  3079  3079 I cast_shell: [3082:3121:INFO:setup_namespace_handler.cc(94)] Added a peer for setup namespace: domain-socket@/tmp/cast-control.1:system-0
04-09 09:52:52.750  2970  2980 D wac-main: Netlink event
04-09 09:52:52.750  2970  2980 E wac-main: Netlink event 20 Interface Index 6 
04-09 09:52:52.750  2970  2980 E wac-main: Enter poll and wait
04-09 09:52:52.750  2970  2980 D wac-main: Netlink event
04-09 09:52:52.750  2970  2980 E wac-main: Netlink event 21 Interface Index 6 
04-09 09:52:52.750  2970  2980 E wac-main: Enter poll and wait
04-09 09:52:52.751  2711  2723 I yani_kernel: yani_geteventfrom_changeaddr() Message-Id '1' Netlink event '20' Interface Index '6' -> Name 'p2p0' 
04-09 09:52:52.778  2971  3154 I LibreCastControlDelegate: OnResponse() ReqeustID 1, error  0
04-09 09:52:52.781  2971  3154 I LibreCastControlDelegate: OnCastStatus() +++ LSB9270:0xaca23198:NOT_SETUP
04-09 09:52:52.781  2971  3154 I LibreCastControlDelegate: Device Build Number -> '1.52.272222'
04-09 09:52:52.781  2971  3154 I librecast: updateCastBuildVersion() Version 1.52.272222
04-09 09:52:52.781  2712  2719 I lucitransport: readRemoteMessage() MID char = 7 buffer = (null)
04-09 09:52:52.782  2971  3154 E librecast: librecast::updateCastBuildVersion Cast build version number = 1.52.272222
04-09 09:52:52.782  2971  3154 E librecast: castVersion = 1.52.272222
04-09 09:52:52.782  2712  2719 I lucitransport: writeRemoteMessage() MID = 7 buffer = 1.52.272222
04-09 09:52:52.782  2712  2719 I luciUART: write() MID = 7  bytes = 21 data = 1.52.272222 m_fd = 0x5
04-09 09:52:52.786  2711  2723 I yani_server: NetLink Event '6' Interface-Index '6' WLAN '-1' Ethernet '-1' Parsed-iFill '6' -> 'P2P0 CONNECTED' ifIndex '2' -> 'tunl0'
04-09 09:52:52.790  2971  3154 I LibreCastControlDelegate: Active Applications -> 0
04-09 09:52:52.790  2971  3154 I LibreCastControlDelegate: Current Cast State '2' -> 'NOT_SETUP'
04-09 09:52:52.790  2971  3154 I LibreCastControlDelegate: OnCastStatus() ---
04-09 09:52:52.790  2971  3154 I LibreCastControlDelegate: OnCastStatus() +++ LSB9270:0xaca23198:NOT_SETUP
04-09 09:52:52.790  2971  3154 I LibreCastControlDelegate: Device Build Number -> '1.52.272222'
04-09 09:52:52.790  2971  3154 I librecast: updateCastBuildVersion() Version 1.52.272222
04-09 09:52:52.792  2971  3154 I LibreCastControlDelegate: Active Applications -> 0
04-09 09:52:52.792  2971  3154 I LibreCastControlDelegate: Current Cast State '2' -> 'NOT_SETUP'
04-09 09:52:52.794  2971  3154 I LibreCastControl: LibreCastControl_SetMultizoneAudioOutputDelay() delay '80000' usecs RequestId '3' pCastControl 0xf4800728
04-09 09:52:52.794  2971  3154 I LibreCastControlDelegate: MultizoneDelay request ID 3 with delay 80000 usecs
04-09 09:52:52.794  2971  3154 I LibreCastControlDelegate: OnCastStatus() ---
04-09 09:52:52.794  2971  3154 I LibreCastControlDelegate: OnCastStatus() +++ Lyric Speaker Box 21f384:0xaca23198:NOT_SETUP
04-09 09:52:52.794  2971  3154 I LibreCastControlDelegate: Device Build Number -> '1.52.272222'
04-09 09:52:52.794  2971  3154 I librecast: updateCastBuildVersion() Version 1.52.272222
04-09 09:52:52.795  2712  2719 I lucitransport: readRemoteMessage() MID char = 7 buffer = 1.52.272222
04-09 09:52:52.804  2691  2691 I sh      : [0408/212252.804477:INFO:cast_message_service_impl.cc(1073)] Sent PlatformSettingsRegister message
04-09 09:52:52.804  2971  3154 I LibreCastControlDelegate: OnControlConnected()
04-09 09:52:52.827  2971  3154 I LibreCastControl: LibreCastControl_RequestGVAStatus() RequestId '5' pCastControl 0xf4800728
04-09 09:52:52.828  2691  2691 I sh      : [0408/212252.827197:INFO:cast_message_service_impl.cc(1076)] CastMessageServiceImpl is ready
04-09 09:52:52.828  3079  3079 I cast_shell: [3082:3082:INFO:assistant_namespace_handler.cc(144)] Added a status listening peer for assistant namespace: domain-socket@/tmp/cast-control.1:system-0
04-09 09:52:52.829  2971  3154 I LibreCastControlDelegate: OnResponse() ReqeustID 5, error  0
04-09 09:52:52.900  3079  3079 I cast_shell: [3082:3082:INFO:crypto_manager.cc(278)] Public key: MIIBCgKCAQEAlA72VIojOQ1MbuaBKW6nIkSX/75jkNx7gZOpD4L5P7QWxOPrbT18JiMWqCU6KZ48GsYF3eRJ6Zhd+9b/fX9JwwVVDczoJgk9OXpfcK98gELARaqcRAcH9TCroW0LJDj0K/GnZdbWoxjeKHsQ0FWMAUCYM7qe8X73tvEf5z7okx0X7ccS9CX6P9rM7/xS1vZuEJkRDD3T05loevbOi17x2AG/SX+6XxM/LSnq6nFzet0DhcwDCBplrOU2IUnmPBlySRsSydyKfcHe+cP6e1r+VeaQAya6bUOcaK4GZ56NI5Pos+x+buYh5xDueFKpF6p+wnw05SIE6hdKy/5nhm9coQIDAQAB
04-09 09:52:52.900  3079  3079 I cast_shell: [3082:3082:INFO:crypto_manager.cc(289)] Public modulus: lA72VIojOQ1MbuaBKW6nIkSX_75jkNx7gZOpD4L5P7QWxOPrbT18JiMWqCU6KZ48GsYF3eRJ6Zhd-9b_fX9JwwVVDczoJgk9OXpfcK98gELARaqcRAcH9TCroW0LJDj0K_GnZdbWoxjeKHsQ0FWMAUCYM7qe8X73tvEf5z7okx0X7ccS9CX6P9rM7_xS1vZuEJkRDD3T05loevbOi17x2AG_SX-6XxM_LSnq6nFzet0DhcwDCBplrOU2IUnmPBlySRsSydyKfcHe-cP6e1r-VeaQAya6bUOcaK4GZ56NI5Pos-x-buYh5xDueFKpF6p-wnw05SIE6hdKy_5nhm9coQ
04-09 09:52:52.900  3079  3079 I cast_shell: [3082:3082:INFO:crypto_manager.cc(294)] Public exponent: AQAB
04-09 09:52:53.580  3079  3079 I cast_shell: [3082:3134:INFO:multizone_manager.cc(1889)] Initial discovery complete
04-09 09:52:53.581  3079  3079 I cast_shell: [3082:3131:INFO:mdns_app_filter.cc(1605)] Re-probing due to newly registered service '3': _googlezone
04-09 09:52:53.581  3079  3079 I cast_shell: [3082:3082:INFO:mdns_manager_impl.cc(311)] Successfully registered service: type=_googlezone
04-09 09:52:53.635  2711  2723 I yani_server: doLotofWork() List of interface '4'
04-09 09:52:53.635  2711  2723 I yani_server: doLotofWork() Interface 'p2p0' ifr[0].ifr_name 'lo' ipaddress '127.0.0.1'
04-09 09:52:53.635  2711  2723 I yani_server: doLotofWork() Interface 'p2p0' ifr[1].ifr_name 'p2p0' ipaddress '192.168.255.249'
04-09 09:52:53.635  2711  2723 I yani_server: doLotofWork() returns 'REFILL WACMODE'
04-09 09:52:53.635  2711  2723 E yani_server: YANI: I am Done Wait For Event 
04-09 09:52:53.635  2711  2723 I yani_kernel: yani_geteventfrom_changeaddr() Message-Id '1' Netlink event '21' Interface Index '6' -> Name 'p2p0' 
04-09 09:52:53.636  3158  3158 I dnsmasq : started, version 2.51 DNS disabled
04-09 09:52:53.636  3158  3158 I dnsmasq : compile time options: no-IPv6 GNU-getopt no-DBus no-I18N DHCP no-scripts no-TFTP
04-09 09:52:53.636  3158  3158 I dnsmasq : DHCP, IP range 192.168.255.250 -- 192.168.255.254, lease time 12h
04-09 09:52:53.636  2711  2815 I yani_server: onNetworkParametersChanged() WAC Mode '1'  Index '2' Interface 'p2p0' Status '1'
04-09 09:52:53.637  2728  2746 I MB_HANDLER: YaniAlert() Interface '4' Status '1'
04-09 09:52:53.646  3079  3079 I cast_shell: [3082:3121:INFO:ble_setup.cc(789)] Missing required info for sign.
04-09 09:52:53.647  2729  2729 E AirableUIHelper: AirableUIHelper::YaniAlert  4 1 
04-09 09:52:53.648  2977  2994 I otamanager: YaniAlert() Interface 4 Status Up
04-09 09:52:53.648  2973  2973 I airplay-main: YaniAlert Interface 4 Status 1
04-09 09:52:53.649  2711  2723 I yani_server: NetLink Event '5' Interface-Index '6' WLAN '-1' Ethernet '-1' Parsed-iFill '5' -> 'P2P0 DISCONNECTED' ifIndex '2' -> 'tunl0'
04-09 09:52:53.649  2971  3154 I LibreCastControlDelegate: OnCastStatus() +++ Lyric Speaker Box 21f384:0xaca23198:NOT_SETUP
04-09 09:52:53.649  2971  3154 I LibreCastControlDelegate: Device Build Number -> '1.52.272222'
04-09 09:52:53.649  2971  3154 I librecast: updateCastBuildVersion() Version 1.52.272222
04-09 09:52:53.650  2712  2719 I lucitransport: readRemoteMessage() MID char = 7 buffer = 1.52.272222
04-09 09:52:53.650  2971  3154 I LibreCastControlDelegate: Active Applications -> 0
04-09 09:52:53.650  2971  3154 I LibreCastControlDelegate: Current Cast State '2' -> 'NOT_SETUP'
04-09 09:52:53.650  2971  3154 I LibreCastControlDelegate: OnCastStatus() ---
04-09 09:52:53.651  2711  2723 E yani_server: YANI: I am Done Wait For Event 
04-09 09:52:53.651  2711  2723 I yani_kernel: yani_geteventfrom_changeaddr() Message-Id '1' Netlink event '20' Interface Index '6' -> Name 'p2p0' 
04-09 09:52:53.651  2711  2815 I yani_server: onNetworkParametersChanged() WAC Mode '0'  Index '2' Interface 'p2p0' Status '0'
04-09 09:52:53.651  2728  2746 I MB_HANDLER: YaniAlert() Interface '3' Status '0'
04-09 09:52:53.651  2712  2719 I lucitransport: writeRemoteMessage() MID = 124 buffer = 0#1,0#2,0#3,0#4,0
04-09 09:52:53.652  2712  2719 I luciUART: write() MID = 124  bytes = 27 data = 0#1,0#2,0#3,0#4,0 m_fd = 0x5
04-09 09:52:53.652  2729  2729 E AirableUIHelper: AirableUIHelper::YaniAlert  3 0 
04-09 09:52:53.653  2712  2720 E luciUART: UART:aa
04-09 09:52:53.653  2712  2720 E luciUART: UART:aa
04-09 09:52:53.653  2712  2720 E luciUART: UART:2
04-09 09:52:53.653  2712  2720 E luciUART: UART:0
04-09 09:52:53.653  2712  2720 E luciUART: UART:d0
04-09 09:52:53.653  2712  2720 E luciUART: UART:0
04-09 09:52:53.654  2711  2723 I yani_server: NetLink Event '6' Interface-Index '6' WLAN '-1' Ethernet '-1' Parsed-iFill '6' -> 'P2P0 CONNECTED' ifIndex '2' -> 'tunl0'
04-09 09:52:53.654  2712  2720 E luciUART: UART:0
04-09 09:52:53.654  2712  2720 I chatty  : uid=0(root) UARTLUCIControl identical 1 line
04-09 09:52:53.654  2712  2720 E luciUART: UART:0
04-09 09:52:53.654  2712  2720 E luciUART: UART:9
04-09 09:52:53.654  2712  2720 I luciUART: read() RemoteID = 43690 Command = 208 Type = 2 Status = 0 DataLen = 9
04-09 09:52:53.654  2712  2720 E luciUART: Error: full data not available yet! readBytes 0
04-09 09:52:53.654  2712  2720 I luciUART: Previous Packet read contd., 
04-09 09:52:53.654  2712  2720 E luciUART: UART:52
04-09 09:52:53.654  2712  2720 I luciUART: Previous Packet read contd., 
04-09 09:52:53.654  2712  2720 E luciUART: UART:45
04-09 09:52:53.654  2712  2720 I luciUART: Previous Packet read contd., 
04-09 09:52:53.654  2712  2720 E luciUART: UART:5f
04-09 09:52:53.654  2712  2720 I luciUART: Previous Packet read contd., 
04-09 09:52:53.656  2712  2721 I luciUART: write() MID = 208  bytes = 15 data = ssid: m_fd = 0x5
04-09 09:52:53.656  2712  2721 E LUCI_SERVER: NV_READ response= ssid:
04-09 09:52:53.656  2712  2721 E LUCI_SERVER: Luci Server Thread waiting for packets....
04-09 09:52:53.661  2970  2980 D wac-main: Netlink event
04-09 09:52:53.661  2970  2980 E wac-main: Netlink event 16 Interface Index 6 
04-09 09:52:53.661  2970  2980 E wac-main: p2p0 event Link Changed : 1002 
04-09 09:52:53.661  2970  2980 E wac-main: Enter poll and wait
04-09 09:52:53.663  2712  2720 E luciUART: UART:aa
04-09 09:52:53.663  2712  2720 E luciUART: UART:aa
04-09 09:52:53.663  2712  2720 E luciUART: UART:2
04-09 09:52:53.663  2712  2720 E luciUART: UART:0
04-09 09:52:53.663  2712  2720 E luciUART: UART:d0
04-09 09:52:53.663  2712  2720 E luciUART: UART:0
04-09 09:52:53.663  2712  2720 I chatty  : uid=0(root) UARTLUCIControl identical 2 lines
04-09 09:52:53.663  2712  2720 E luciUART: UART:0
04-09 09:52:53.664  2712  2720 E luciUART: UART:9
04-09 09:52:53.664  2712  2720 I luciUART: read() RemoteID = 43690 Command = 208 Type = 2 Status = 0 DataLen = 9
04-09 09:52:53.664  2712  2720 E luciUART: Error: full data not available yet! readBytes 0
04-09 09:52:53.664  2712  2720 I luciUART: Previous Packet read contd., 
04-09 09:52:53.664  2712  2720 E luciUART: UART:52
04-09 09:52:53.664  2712  2720 I luciUART: Previous Packet read contd., 
04-09 09:52:53.664  2712  2720 E luciUART: UART:45
04-09 09:52:53.664  2712  2720 I luciUART: Previous Packet read contd., 
04-09 09:52:53.664  2712  2720 E luciUART: UART:41
04-09 09:52:53.664  2712  2720 I luciUART: Previous Packet read contd., 
04-09 09:52:53.664  2712  2720 E luciUART: UART:44
04-09 09:52:53.664  2712  2720 I luciUART: Previous Packet read contd., 
04-09 09:52:53.664  2712  2720 E luciUART: UART:5f
04-09 09:52:53.664  2712  2720 I luciUART: Previous Packet read contd., 
04-09 09:52:53.664  2712  2720 E luciUART: UART:73
04-09 09:52:53.664  2712  2720 I luciUART: Previous Packet read contd., 
04-09 09:52:53.664  2712  2720 E luciUART: UART:73
04-09 09:52:53.664  2712  2720 I luciUART: Previous Packet read contd., 
04-09 09:52:53.664  2712  2720 E luciUART: UART:69
04-09 09:52:53.664  2712  2720 I luciUART: Previous Packet read contd., 
04-09 09:52:53.664  2712  2720 E luciUART: UART:64
04-09 09:52:53.664  2712  2721 E LUCI_SERVER: Luci Server Thread wait over MID 208....
04-09 09:52:53.664  2712  2721 E LUCI_SERVER: Got NV name : ssid
04-09 09:52:53.666  2712  2721 I luciUART: write() MID = 208  bytes = 15 data = ssid: m_fd = 0x5
04-09 09:52:53.666  2712  2721 E LUCI_SERVER: NV_READ response= ssid:
04-09 09:52:53.666  2712  2721 E LUCI_SERVER: Luci Server Thread waiting for packets....
04-09 09:52:54.132  2731  2745 E WifiUtil: command: "SCAN" failed: FAIL-BUSY
04-09 09:52:54.132  2731  2745 W HotspotManager: hotspot already started
04-09 09:52:54.133  2711  2723 I yani_server: doLotofWork() List of interface '4'
04-09 09:52:54.133  2711  2723 I yani_server: doLotofWork() Interface 'p2p0' ifr[0].ifr_name 'lo' ipaddress '127.0.0.1'
04-09 09:52:54.133  2711  2723 I yani_server: doLotofWork() Interface 'p2p0' ifr[1].ifr_name 'p2p0' ipaddress '192.168.255.249'
04-09 09:52:54.133  2711  2723 I yani_server: doLotofWork() returns 'REFILL WACMODE'
04-09 09:52:54.133  2711  2723 E yani_server: YANI: I am Done Wait For Event 
04-09 09:52:54.133  2711  2723 I yani_kernel: yani_geteventfrom_changeaddr() Message-Id '1' Netlink event '16' Interface Index '6' -> Name 'p2p0' 
04-09 09:52:54.133  2711  2815 I yani_server: onNetworkParametersChanged() WAC Mode '1'  Index '2' Interface 'p2p0' Status '1'
04-09 09:52:54.133  2728  2746 I MB_HANDLER: YaniAlert() Interface '4' Status '1'
04-09 09:52:54.143  2712  2720 E luciUART: UART:aa
04-09 09:52:54.143  2712  2720 E luciUART: UART:aa
04-09 09:52:54.143  2712  2720 E luciUART: UART:2
04-09 09:52:54.143  2712  2720 E luciUART: UART:0
04-09 09:52:54.143  2712  2720 E luciUART: UART:d0
04-09 09:52:54.143  2712  2720 E luciUART: UART:0
04-09 09:52:54.143  2712  2720 I chatty  : uid=0(root) UARTLUCIControl identical 2 lines
04-09 09:52:54.143  2712  2720 E luciUART: UART:0
04-09 09:52:54.143  2712  2720 E luciUART: UART:9
04-09 09:52:54.143  2712  2720 I luciUART: read() RemoteID = 43690 Command = 208 Type = 2 Status = 0 DataLen = 9
04-09 09:52:54.143  2712  2720 E luciUART: Error: full data not available yet! readBytes 0
04-09 09:52:54.143  2712  2720 I luciUART: Previous Packet read contd., 
04-09 09:52:54.143  2712  2720 E luciUART: UART:52
04-09 09:52:54.143  2712  2720 I luciUART: Previous Packet read contd., 
04-09 09:52:54.143  2712  2720 E luciUART: UART:45
04-09 09:52:54.143  2712  2720 I luciUART: Previous Packet read contd., 
04-09 09:52:54.143  2712  2720 E luciUART: UART:41
04-09 09:52:54.143  2712  2720 I luciUART: Previous Packet read contd., 
04-09 09:52:54.143  2712  2720 E luciUART: UART:44
04-09 09:52:54.143  2712  2720 I luciUART: Previous Packet read contd., 
04-09 09:52:54.143  2712  2720 E luciUART: UART:5f
04-09 09:52:54.143  2712  2720 I luciUART: Previous Packet read contd., 
04-09 09:52:54.143  2712  2720 E luciUART: UART:73
04-09 09:52:54.143  2712  2720 I luciUART: Previous Packet read contd., 
04-09 09:52:54.143  2712  2720 E luciUART: UART:73
04-09 09:52:54.143  2712  2720 I luciUART: Previous Packet read contd., 
04-09 09:52:54.143  2712  2720 E luciUART: UART:69
04-09 09:52:54.143  2712  2720 I luciUART: Previous Packet read contd., 
04-09 09:52:54.143  2712  2720 E luciUART: UART:64
04-09 09:52:54.143  2712  2721 E LUCI_SERVER: Luci Server Thread wait over MID 208....
04-09 09:52:54.144  2712  2721 E LUCI_SERVER: Got NV name : ssid
04-09 09:52:54.145  2712  2721 I luciUART: write() MID = 208  bytes = 15 data = ssid: m_fd = 0x5
04-09 09:52:54.145  2712  2721 E LUCI_SERVER: NV_READ response= ssid:
04-09 09:52:54.161  2970  2980 D wac-main: Netlink event
04-09 09:52:54.161  2970  2980 E wac-main: Netlink event 16 Interface Index 6 
04-09 09:52:54.161  2970  2980 E wac-main: p2p0 event Link Changed : 1003 
04-09 09:52:54.161  2970  2980 E wac-main: Enter poll and wait
04-09 09:52:54.162  2711  2723 I yani_kernel: yani_geteventfrom_changeaddr() Message-Id '1' Netlink event '16' Interface Index '6' -> Name 'p2p0' 
04-09 09:52:54.164  3156  3156 I hostapd : p2p0: IEEE 802.11 channel=6 mode=ht bw=20 htcaps=0x177f vhtcaps=0x0 cf_seg0=0 cf_seg1=0
04-09 09:52:54.185  2970  2980 D wac-main: Netlink event
04-09 09:52:54.185  2970  2980 E wac-main: Netlink event 16 Interface Index 6 
04-09 09:52:54.185  2970  2980 E wac-main: p2p0 event Link Changed : 11043 
04-09 09:52:54.185  2970  2980 E wac-main: p2p0 Changed Up 
04-09 09:52:54.186  2711  2723 I yani_kernel: yani_geteventfrom_changeaddr() Message-Id '1' Netlink event '16' Interface Index '6' -> Name 'p2p0' 
04-09 09:52:54.187  2970  2980 I wifiapi : newconn : 0xf5200718
04-09 09:52:54.195  3079  3079 I cast_shell: [3082:3121:INFO:gatt_client_manager_impl.cc(202)] Enabling GATT client connectability
04-09 09:52:54.195  3079  3079 I cast_shell: [3082:3121:INFO:ble_setup.cc(915)] Sign related info completed, no future EurekaInfo need sign.
04-09 09:52:54.195  3079  3079 I cast_shell: [3082:3121:INFO:gatt_client_manager_impl.cc(202)] Enabling GATT client connectability
04-09 09:52:54.195  3079  3079 I chatty  : uid=1000(chrome) /bin/logwrapper identical 1 line
04-09 09:52:54.195  3079  3079 I cast_shell: [3082:3121:INFO:gatt_client_manager_impl.cc(202)] Enabling GATT client connectability
04-09 09:52:54.197  2734  2761 E bt_btif : BTA_GATTS_AddService: rcb_idx = 0
04-09 09:52:54.197  2734  2761 I bluetoothtbd: [0408/212254.197734:INFO:gatt_api.cc(207)] GATTS_AddService
04-09 09:52:54.198  2734  2761 I bluetoothtbd: [0408/212254.198055:INFO:gatt_api.cc(317)] GATTS_AddService: service parsed correctly, now starting
04-09 09:52:54.200  2970  2980 I wifiapi : 'STATUS' command returned = 0
04-09 09:52:54.200  2970  2980 E wac-main: current wifi status : 10
04-09 09:52:54.202  3079  3079 I cast_shell: [3082:3121:INFO:ble_setup_manager.cc(744)] Started Bluetooth service
04-09 09:52:54.560  3079  3079 I cast_shell: [3082:3090:INFO:parent_tracker.cc(291)] [PII](92F31D1DA33173FA12027719FB57ADA6) Become root
04-09 09:52:54.560  3079  3079 I cast_shell: [3082:3090:INFO:directory_service_impl.cc(200)] This device became root
04-09 09:52:55.118  3079  3079 I cast_shell: [3082:3090:ERROR:connectivity_checker_impl.cc(265)] Connectivity check failed: 400
04-09 09:52:55.550  3079  3079 I cast_shell: [3082:3131:INFO:mdns_app_filter.cc(1403)] MdnsAppFilter: Done probing.
04-09 09:52:56.125  3079  3079 I cast_shell: [3082:3090:ERROR:connectivity_checker_impl.cc(265)] Connectivity check failed: 400
04-09 09:52:56.553  3079  3079 I cast_shell: [3082:3082:INFO:grpc_service_discovery_impl.cc(185)] Mdns discovered google RPC for [PII](92F31D1DA33173FA12027719FB57ADA6).
04-09 09:52:57.131  3079  3079 I cast_shell: [3082:3090:ERROR:connectivity_checker_impl.cc(265)] Connectivity check failed: 400
04-09 09:52:57.201  2970  2980 E wac-main: Enter poll and wait
04-09 09:52:57.554  3079  3079 I cast_shell: [3082:3131:INFO:mdns_app_filter.cc(1526)] MdnsAppFilter: Done announcing.
04-09 09:52:58.137  3079  3079 I cast_shell: [3082:3090:ERROR:connectivity_checker_impl.cc(265)] Connectivity check failed: 400
04-09 09:53:01.156  3079  3079 I chatty  : uid=1000(chrome) /bin/logwrapper identical 3 lines
04-09 09:53:02.163  3079  3079 I cast_shell: [3082:3090:ERROR:connectivity_checker_impl.cc(265)] Connectivity check failed: 400
04-09 09:53:02.261  3079  3079 I cast_shell: [3082:3121:ERROR:setup_state.cc(424)] Timeout for state=SETUP_STATE_CHECKING_GLOBAL_CONNECTIVITY(50): move to state=SETUP_STATE_CHECKING_GLOBAL_CONNECTIVITY_BAD_ROUTER(52).
04-09 09:53:02.261  3079  3079 I cast_shell: [3082:3121:INFO:setup_state.cc(261)] Setup state changed: SETUP_STATE_CHECKING_GLOBAL_CONNECTIVITY (50) -> SETUP_STATE_CHECKING_GLOBAL_CONNECTIVITY_BAD_ROUTER (52)
04-09 09:53:02.265  2971  3154 I LibreCastControlDelegate: OnCastStatus() +++ Lyric Speaker Box 21f384:0xaca23198:NOT_SETUP
04-09 09:53:02.265  2971  3154 I LibreCastControlDelegate: Device Build Number -> '1.52.272222'
04-09 09:53:02.265  2971  3154 I librecast: updateCastBuildVersion() Version 1.52.272222
04-09 09:53:02.265  2712  2719 I lucitransport: readRemoteMessage() MID char = 7 buffer = 1.52.272222
04-09 09:53:02.266  2971  3154 I LibreCastControlDelegate: Active Applications -> 0
04-09 09:53:02.266  2971  3154 I LibreCastControlDelegate: Current Cast State '2' -> 'NOT_SETUP'
04-09 09:53:02.266  2971  3154 I LibreCastControlDelegate: OnCastStatus() ---
04-09 09:53:03.170  3079  3079 I cast_shell: [3082:3090:ERROR:connectivity_checker_impl.cc(265)] Connectivity check failed: 400
04-09 09:53:28.146  2731  2744 E NetworkMonitor: cannot find default IPv4 route for wlan0
04-09 09:53:28.147  2731  2744 E NetworkMonitor: cannot find default IPv6 route for wlan0
04-09 09:53:31.231  2731  2744 E NetworkMonitor: no response for /bin/ping -n -I wlan0 -c 10 -w 10 8.8.8.8
04-09 09:53:31.242  2731  2744 E NetworkMonitor: no response for /bin/ping6 -n -I wlan0 -c 10 -w 10 2001:4860:4860::8888
04-09 09:53:31.245  2731  2744 E NetworkMonitor: dns resolution failed
04-09 09:53:31.245  2731  2744 I NetworkMonitor: Cast.Wifi.Failure.Type 7
04-09 09:53:50.477  3079  3079 I chatty  : uid=1000(chrome) /bin/logwrapper identical 47 lines
04-09 09:53:51.484  3079  3079 I cast_shell: [3082:3090:ERROR:connectivity_checker_impl.cc(265)] Connectivity check failed: 400
04-09 09:53:51.906  3079  3079 I cast_shell: [3082:3082:INFO:grpc_manager_impl.cc(505)] GRPC[uri=[::]:0]: num_pending_calls=0, num_active_handlers=0, num_free_handlers=0
04-09 09:53:51.906  3079  3079 I cast_shell: [3082:3082:INFO:gcm_manager.cc(269)] Disabling GCM Driver
04-09 09:53:51.907  3079  3079 I cast_shell: [3082:3082:INFO:grpc_manager_impl.cc(505)] GRPC[uri=]: num_pending_calls=0, num_active_handlers=0, num_free_handlers=0
04-09 09:53:51.954  3079  3079 I cast_shell: [3082:3082:INFO:grpc_manager_impl.cc(505)] GRPC[uri=unix:/tmp/hcp_ipc_auth.socket]: num_pending_calls=0, num_active_handlers=10, num_free_handlers=0
04-09 09:53:51.960  3079  3079 I cast_shell: [3082:3082:INFO:grpc_manager_impl.cc(505)] GRPC[uri=unix:/tmp/modular_updater/modular_update_service]: num_pending_calls=0, num_active_handlers=0, num_free_handlers=0
04-09 09:53:51.983  3079  3079 I cast_shell: [3082:3082:INFO:metrics_recorder.cc(112)] Metrics stat: total=13
04-09 09:53:51.983  3079  3079 I cast_shell: Cast.Discovery.Mdns.ResponderStarted=2
04-09 09:53:51.983  3079  3079 I cast_shell: Cast.Discovery.Mdns.ResponderStopped=1
04-09 09:53:51.983  3079  3079 I cast_shell: Cast.Discovery.Mdns.SocketCreated=4
04-09 09:53:51.983  3079  3079 I cast_shell: Cast.Discovery.Mdns.SocketDestroyed=2
04-09 09:53:51.983  3079  3079 I cast_shell: Cast.System.Timezone.ChangeSuccessful=1
04-09 09:53:51.983  3079  3079 I cast_shell: CastV2.Connection.Connect.In=1
04-09 09:53:51.983  3079  3079 I cast_shell: CastV2.Receiver.DeviceStatus.Out=5
04-09 09:53:51.983  3079  3079 I cast_shell: CastV2.Receiver.DeviceStatus.Out.Broadcast=2
04-09 09:53:51.983  3079  3079 I cast_shell: CastV2.Receiver.GetStatus.In=1
04-09 09:53:51.983  3079  3079 I cast_shell: CastV2.Resource.Provider.In=1
04-09 09:53:52.087  3079  3079 I cast_shell: [3082:3082:INFO:metrics_recorder_impl.cc(672)] Activated server experiments: []
04-09 09:53:52.089  3079  3079 I cast_shell: [3082:3082:INFO:cast_logs_metrics_provider.cc(59)] netif is ipv4
04-09 09:53:52.089  3079  3079 I cast_shell: [3082:3082:ERROR:socket_posix.cc(148)] bind() failed: Address already in use (98)
04-09 09:53:52.090  3079  3079 I cast_shell: [3082:3082:INFO:net_util_impl.cc(1041)] Platform supports dual-stack
04-09 09:53:52.110  3079  3079 I cast_shell: [3082:3082:INFO:grpc_manager_impl.cc(505)] GRPC[uri=[::]:8012]: num_pending_calls=0, num_active_handlers=1, num_free_handlers=0
04-09 09:53:52.490  3079  3079 I cast_shell: [3082:3090:ERROR:connectivity_checker_impl.cc(265)] Connectivity check failed: 400
04-09 09:54:32.255  2731  2744 E NetworkMonitor: cannot find default IPv4 route for wlan0
04-09 09:54:32.255  2731  2744 E NetworkMonitor: cannot find default IPv6 route for wlan0
04-09 09:54:35.326  2731  2744 E NetworkMonitor: no response for /bin/ping -n -I wlan0 -c 10 -w 10 8.8.8.8
04-09 09:54:35.337  2731  2744 E NetworkMonitor: no response for /bin/ping6 -n -I wlan0 -c 10 -w 10 2001:4860:4860::8888
04-09 09:54:35.339  2731  2744 E NetworkMonitor: dns resolution failed
04-09 09:54:50.870  3079  3079 I chatty  : uid=1000(chrome) /bin/logwrapper identical 58 lines
04-09 09:54:51.876  3079  3079 I cast_shell: [3082:3090:ERROR:connectivity_checker_impl.cc(265)] Connectivity check failed: 400
04-09 09:54:51.907  3079  3079 I cast_shell: [3082:3082:INFO:grpc_manager_impl.cc(505)] GRPC[uri=[::]:0]: num_pending_calls=0, num_active_handlers=0, num_free_handlers=0
04-09 09:54:51.908  3079  3079 I cast_shell: [3082:3082:INFO:grpc_manager_impl.cc(505)] GRPC[uri=]: num_pending_calls=0, num_active_handlers=0, num_free_handlers=0
04-09 09:54:51.955  3079  3079 I cast_shell: [3082:3082:INFO:grpc_manager_impl.cc(505)] GRPC[uri=unix:/tmp/hcp_ipc_auth.socket]: num_pending_calls=0, num_active_handlers=10, num_free_handlers=0
04-09 09:54:51.960  3079  3079 I cast_shell: [3082:3082:INFO:grpc_manager_impl.cc(505)] GRPC[uri=unix:/tmp/modular_updater/modular_update_service]: num_pending_calls=0, num_active_handlers=0, num_free_handlers=0
04-09 09:54:51.983  3079  3079 I cast_shell: [3082:3082:INFO:metrics_recorder.cc(112)] Metrics stat: total=2
04-09 09:54:51.983  3079  3079 I cast_shell: Cast.Discovery.Mdns.ResponderPing=1
04-09 09:54:51.983  3079  3079 I cast_shell: Cast.Discovery.Mdns.SocketPing=2
04-09 09:54:52.111  3079  3079 I cast_shell: [3082:3082:INFO:grpc_manager_impl.cc(505)] GRPC[uri=[::]:8012]: num_pending_calls=0, num_active_handlers=1, num_free_handlers=0
04-09 09:54:52.130  3079  3079 I cast_shell: [3082:3121:INFO:wifi_proximity.cc(177)] Request scan.
04-09 09:54:52.883  3079  3079 I cast_shell: [3082:3090:ERROR:connectivity_checker_impl.cc(265)] Connectivity check failed: 400
04-09 09:54:53.890  3079  3079 I chatty  : uid=1000(chrome) /bin/logwrapper identical 1 line
04-09 09:54:54.896  3079  3079 I cast_shell: [3082:3090:ERROR:connectivity_checker_impl.cc(265)] Connectivity check failed: 400
04-09 09:54:55.385  2734  2813 I bt_btm_ble: btm_ble_conn_complete unable to match and resolve random address
04-09 09:54:55.387  2734  2813 W bt_smp  : smp_br_connect_callback is called on unexpected transport 2
04-09 09:54:55.388  2734  2813 W bt_btif : bta_dm_acl_change info: 0x0
04-09 09:54:55.388  2734  2761 I bluetoothtbd: [0408/212455.388368:INFO:gatt_server.cc(280)] Added connection entry for conn_id: 5 device address: 67:17:7D:8A:F3:7A
04-09 09:54:55.388  2734  2761 D bt_btif_dm: remote version info [67:17:7d:8a:f3:7a]: 0, 0, 0
04-09 09:54:55.388  2734  2761 I bluetoothtbd: [0408/212455.388854:INFO:adapter.cc(719)] ACL state changed: 67:17:7D:8A:F3:7A - connected: true
04-09 09:54:55.390  3079  3079 I cast_shell: [3082:3121:ERROR:bluetooth_v1_via_v2.cc(796)] Connection state changed. :7a true
04-09 09:54:55.903  3079  3079 I cast_shell: [3082:3090:ERROR:connectivity_checker_impl.cc(265)] Connectivity check failed: 400
04-09 09:54:55.925  2734  2761 D bt_btif_scanner: btif_gatts_upstreams_evt: Unhandled event (26)
04-09 09:54:56.517  2734  2813 E bluetoothtbd: [0408/212456.517038:ERROR:gatt_sr.cc(743)] MTU request PDU with MTU size 515
04-09 09:54:56.517  2734  2813 W bt_l2cap: l2cble_set_fixed_channel_tx_data_length, request not supported
04-09 09:54:56.518  2734  2813 W bluetoothtbd: [0408/212456.517973:WARNING:gatt_utils.cc(837)] Call back not found for application conn_id=3
04-09 09:54:56.518  2734  2813 W bluetoothtbd: [0408/212456.518061:WARNING:gatt_utils.cc(837)] Call back not found for application conn_id=4
04-09 09:54:56.518  2734  2813 W bluetoothtbd: [0408/212456.518144:WARNING:gatt_utils.cc(837)] Call back not found for application conn_id=6
04-09 09:54:56.549  3079  3079 I cast_shell: [3082:3121:INFO:ble_setup.cc(322)] Record action: Setup.set_eureka_info.BLE.Locale
04-09 09:54:56.549  3079  3079 I cast_shell: [3082:3121:INFO:locale_manager.cc(576)] New locale: en-US
04-09 09:54:56.558  3079  3079 I cast_shell: [3082:3121:INFO:setup_state.cc(544)] EurekaInfoCalled: wifi_state=3, is_usable_ip_address=1, connected=0, is_initial_setup=1
04-09 09:54:56.558  3079  3079 I cast_shell: [3082:3121:INFO:setup_state.cc(261)] Setup state changed: SETUP_STATE_CHECKING_GLOBAL_CONNECTIVITY_BAD_ROUTER (52) -> SETUP_STATE_DISCONNECTED_EXTERNAL_CLIENT_ACCESSED (11)
04-09 09:54:56.558  3079  3079 I cast_shell: [3082:3106:INFO:media_manager_impl.cc(383)] TurnActive result: 0
04-09 09:54:56.569  2971  3154 I LibreCastControlDelegate: OnCastStatus() +++ Lyric Speaker Box 21f384:0xaca23198:NOT_SETUP
04-09 09:54:56.569  2971  3154 I LibreCastControlDelegate: Device Build Number -> '1.52.272222'
04-09 09:54:56.569  2971  3154 I librecast: updateCastBuildVersion() Version 1.52.272222
04-09 09:54:56.569  2712  2719 I lucitransport: readRemoteMessage() MID char = 7 buffer = 1.52.272222
04-09 09:54:56.570  2971  3154 I LibreCastControlDelegate: Active Applications -> 0
04-09 09:54:56.570  2971  3154 I LibreCastControlDelegate: Current Cast State '2' -> 'NOT_SETUP'
04-09 09:54:56.570  2971  3154 I LibreCastControlDelegate: OnCastStatus() ---
04-09 09:54:56.570  2971  3154 I LibreCastControlDelegate: OnCastStatus() +++ Lyric Speaker Box 21f384:0xaca23198:NOT_SETUP
04-09 09:54:56.570  2971  3154 I LibreCastControlDelegate: Device Build Number -> '1.52.272222'
04-09 09:54:56.570  2971  3154 I librecast: updateCastBuildVersion() Version 1.52.272222
04-09 09:54:56.570  2712  2719 I lucitransport: readRemoteMessage() MID char = 7 buffer = 1.52.272222
04-09 09:54:56.594  3079  3079 I cast_shell: [3082:3121:INFO:metrics_recorder.cc(282)] Record action: Setup.version.BLE
04-09 09:54:56.609  3079  3079 I cast_shell: [3082:3121:INFO:metrics_recorder.cc(282)] Record action: Setup.name_utf8.BLE
04-09 09:54:56.669  3079  3079 I cast_shell: [3082:3121:INFO:metrics_recorder.cc(282)] Record action: Setup.tos_accepted.BLE
04-09 09:54:56.684  3079  3079 I cast_shell: [3082:3121:INFO:metrics_recorder.cc(282)] Record action: Setup.state.BLE
04-09 09:54:56.699  3079  3079 I cast_shell: [3082:3121:INFO:metrics_recorder.cc(282)] Record action: Setup.ip_address.BLE
04-09 09:54:56.729  3079  3079 I cast_shell: [3082:3121:INFO:metrics_recorder.cc(282)] Record action: Setup.eureka_info_immutable_basic.BLE
04-09 09:54:56.766  3079  3079 I cast_shell: [3082:3121:INFO:metrics_recorder.cc(282)] Record action: Setup.eureka_info_mutable_reads.BLE
04-09 09:54:56.781  3079  3079 I cast_shell: [3082:3121:INFO:metrics_recorder.cc(282)] Record action: Setup.eureak_info_keys.BLE
04-09 09:54:56.871  3079  3079 I cast_shell: [3082:3121:INFO:metrics_recorder.cc(282)] Record action: Setup.eureka_info_immutable_basic.BLE
04-09 09:54:56.892  2734  2761 D bt_btif_scanner: btif_gatts_upstreams_evt: Unhandled event (26)
04-09 09:54:56.910  3079  3079 I cast_shell: [3082:3090:ERROR:connectivity_checker_impl.cc(265)] Connectivity check failed: 400
04-09 09:54:56.942  3079  3079 I cast_shell: [3082:3121:INFO:metrics_recorder.cc(282)] Record action: Setup.eureak_info_keys.BLE
04-09 09:54:57.138  3079  3079 I cast_shell: [3082:3121:INFO:metrics_recorder.cc(282)] Record action: Setup.eureak_info_keys.BLE
04-09 09:54:57.343  2734  2761 D bt_btif_scanner: btif_gatts_upstreams_evt: Unhandled event (26)
04-09 09:54:57.344  3079  3079 I cast_shell: [3082:3121:INFO:metrics_recorder.cc(282)] Record action: Setup.eureak_info_keys.BLE
04-09 09:54:57.509  3079  3079 I chatty  : uid=1000(chrome) /bin/logwrapper identical 2 lines
04-09 09:54:57.584  3079  3079 I cast_shell: [3082:3121:INFO:metrics_recorder.cc(282)] Record action: Setup.eureak_info_keys.BLE
04-09 09:54:57.659  3079  3079 I cast_shell: [3082:3121:INFO:metrics_recorder.cc(282)] Record action: Setup.i8n_info.BLE
04-09 09:54:57.809  3079  3079 I chatty  : uid=1000(chrome) /bin/logwrapper identical 2 lines
04-09 09:54:57.884  3079  3079 I cast_shell: [3082:3121:INFO:metrics_recorder.cc(282)] Record action: Setup.i8n_info.BLE
04-09 09:54:57.916  3079  3079 I cast_shell: [3082:3090:ERROR:connectivity_checker_impl.cc(265)] Connectivity check failed: 400
04-09 09:54:57.959  3079  3079 I cast_shell: [3082:3121:INFO:metrics_recorder.cc(282)] Record action: Setup.i8n_info.BLE
04-09 09:54:58.034  3079  3079 I chatty  : uid=1000(chrome) /bin/logwrapper identical 1 line
04-09 09:54:58.109  3079  3079 I cast_shell: [3082:3121:INFO:metrics_recorder.cc(282)] Record action: Setup.i8n_info.BLE
04-09 09:54:58.167  3079  3079 I cast_shell: [3082:3121:INFO:ble_setup.cc(322)] Record action: Setup.set_eureka_info.BLE.CountryCode
04-09 09:54:58.168  3079  3079 I cast_shell: [3082:3121:INFO:locale_manager.cc(639)] New country code: IN
04-09 09:54:58.174  2710  2710 I wpa_supplicant: wlan0: CTRL-EVENT-REGDOM-CHANGE init=USER type=COUNTRY alpha2=IN
04-09 09:54:58.176  2711  2723 I yani_server: NetLink Event '-1' Interface-Index '5' WLAN '-1' Ethernet '-1' Parsed-iFill '-1' -> 'INVALID' ifIndex '1' -> 'lo'
04-09 09:54:58.181  2711  2723 I yani_server: NetLink Event '-1' Interface-Index '5' WLAN '0' Ethernet '-1' Parsed-iFill '-1' -> 'INVALID' ifIndex '1' -> 'lo'
04-09 09:54:58.183  2971  3154 I LibreCastControlDelegate: OnCastStatus() +++ Lyric Speaker Box 21f384:0xaca23198:NOT_SETUP
04-09 09:54:58.183  2971  3154 I LibreCastControlDelegate: Device Build Number -> '1.52.272222'
04-09 09:54:58.183  2971  3154 I librecast: updateCastBuildVersion() Version 1.52.272222
04-09 09:54:58.184  2712  2719 I lucitransport: readRemoteMessage() MID char = 7 buffer = 1.52.272222
04-09 09:54:58.184  2971  3154 I LibreCastControlDelegate: Active Applications -> 0
04-09 09:54:58.184  2971  3154 I LibreCastControlDelegate: Current Cast State '2' -> 'NOT_SETUP'
04-09 09:54:58.184  2971  3154 I LibreCastControlDelegate: OnCastStatus() ---
04-09 09:54:58.923  3079  3079 I cast_shell: [3082:3090:ERROR:connectivity_checker_impl.cc(265)] Connectivity check failed: 400
04-09 09:54:59.233  3079  3079 I cast_shell: [3082:3121:INFO:ble_setup.cc(322)] Record action: Setup.scan_wifi.BLE
04-09 09:54:59.233  3079  3079 I cast_shell: [3082:3121:WARNING:wifi_controller_wpa_supplicant.cc(797)] Wpa responses FAIL-BUSY, assuming it is associating, which will keep scan_results fresh.
04-09 09:54:59.929  3079  3079 I cast_shell: [3082:3090:ERROR:connectivity_checker_impl.cc(265)] Connectivity check failed: 400
04-09 09:55:00.936  3079  3079 I cast_shell: [3082:3090:ERROR:connectivity_checker_impl.cc(265)] Connectivity check failed: 400
04-09 09:55:01.528  2711  2723 I yani_server: NetLink Event '-1' Interface-Index '5' WLAN '0' Ethernet '-1' Parsed-iFill '-1' -> 'INVALID' ifIndex '1' -> 'lo'
04-09 09:55:01.529  2711  2723 I yani_server: NetLink Event '-1' Interface-Index '5' WLAN '0' Ethernet '-1' Parsed-iFill '-1' -> 'INVALID' ifIndex '1' -> 'lo'
04-09 09:55:01.531  2970  2980 D wac-main: Netlink event
04-09 09:55:01.531  2970  2980 E wac-main: Netlink event 16 Interface Index 5 
04-09 09:55:01.531  2970  2980 E wac-main: Enter poll and wait
04-09 09:55:01.531  2970  2980 D wac-main: Netlink event
04-09 09:55:01.531  2970  2980 E wac-main: Netlink event 16 Interface Index 5 
04-09 09:55:01.531  2970  2980 E wac-main: Enter poll and wait
04-09 09:55:01.543  2711  2723 I yani_server: NetLink Event '-1' Interface-Index '5' WLAN '0' Ethernet '-1' Parsed-iFill '-1' -> 'INVALID' ifIndex '1' -> 'lo'
04-09 09:55:01.545  2711  2723 I chatty  : uid=0(root) YaniServer identical 3 lines
04-09 09:55:01.546  2711  2723 I yani_server: NetLink Event '-1' Interface-Index '5' WLAN '0' Ethernet '-1' Parsed-iFill '-1' -> 'INVALID' ifIndex '1' -> 'lo'
04-09 09:55:01.546  2711  2723 I yani_kernel: yani_geteventfrom_changeaddr() Message-Id '1' Netlink event '16' Interface Index '5' -> Name 'wlan0' 
04-09 09:55:01.547  2711  2723 I yani_kernel: yani_geteventfrom_changeaddr() Message-Id '1' Netlink event '16' Interface Index '5' -> Name 'wlan0' 
04-09 09:55:01.550  2971  3154 I LibreCastControlDelegate: OnCastStatus() +++ Lyric Speaker Box 21f384:0xaca23198:NOT_SETUP
04-09 09:55:01.550  2971  3154 I LibreCastControlDelegate: Device Build Number -> '1.52.272222'
04-09 09:55:01.550  2971  3154 I librecast: updateCastBuildVersion() Version 1.52.272222
04-09 09:55:01.551  2712  2719 I lucitransport: readRemoteMessage() MID char = 7 buffer = 1.52.272222
04-09 09:55:01.551  2971  3154 I LibreCastControlDelegate: Active Applications -> 0
04-09 09:55:01.551  2971  3154 I LibreCastControlDelegate: Current Cast State '2' -> 'NOT_SETUP'
04-09 09:55:01.551  2971  3154 I LibreCastControlDelegate: OnCastStatus() ---
04-09 09:55:01.943  3079  3079 I cast_shell: [3082:3090:ERROR:connectivity_checker_impl.cc(265)] Connectivity check failed: 400
04-09 09:55:02.949  3079  3079 I cast_shell: [3082:3090:ERROR:connectivity_checker_impl.cc(265)] Connectivity check failed: 400
04-09 09:55:03.267  3079  3079 I cast_shell: [3082:3121:INFO:ble_setup.cc(322)] Record action: Setup.scan_wifi.BLE
04-09 09:55:03.271  2711  2723 I yani_server: NetLink Event '-1' Interface-Index '5' WLAN '-1' Ethernet '-1' Parsed-iFill '-1' -> 'INVALID' ifIndex '1' -> 'lo'
04-09 09:55:03.956  3079  3079 I cast_shell: [3082:3090:ERROR:connectivity_checker_impl.cc(265)] Connectivity check failed: 400
04-09 09:55:04.963  3079  3079 I chatty  : uid=1000(chrome) /bin/logwrapper identical 1 line
04-09 09:55:05.969  3079  3079 I cast_shell: [3082:3090:ERROR:connectivity_checker_impl.cc(265)] Connectivity check failed: 400
04-09 09:55:06.650  2711  2723 I yani_server: NetLink Event '-1' Interface-Index '5' WLAN '0' Ethernet '-1' Parsed-iFill '-1' -> 'INVALID' ifIndex '1' -> 'lo'
04-09 09:55:06.660  2711  2723 I chatty  : uid=0(root) YaniServer identical 8 lines
04-09 09:55:06.661  2711  2723 I yani_server: NetLink Event '-1' Interface-Index '5' WLAN '0' Ethernet '-1' Parsed-iFill '-1' -> 'INVALID' ifIndex '1' -> 'lo'
04-09 09:55:06.662  2971  3154 I LibreCastControlDelegate: OnCastStatus() +++ Lyric Speaker Box 21f384:0xaca23198:NOT_SETUP
04-09 09:55:06.662  2971  3154 I LibreCastControlDelegate: Device Build Number -> '1.52.272222'
04-09 09:55:06.662  2971  3154 I librecast: updateCastBuildVersion() Version 1.52.272222
04-09 09:55:06.662  2970  2980 D wac-main: Netlink event
04-09 09:55:06.662  2970  2980 E wac-main: Netlink event 16 Interface Index 5 
04-09 09:55:06.662  2970  2980 E wac-main: Enter poll and wait
04-09 09:55:06.662  2712  2719 I lucitransport: readRemoteMessage() MID char = 7 buffer = 1.52.272222
04-09 09:55:06.662  2971  3154 I LibreCastControlDelegate: Active Applications -> 0
04-09 09:55:06.662  2971  3154 I LibreCastControlDelegate: Current Cast State '2' -> 'NOT_SETUP'
04-09 09:55:06.662  2971  3154 I LibreCastControlDelegate: OnCastStatus() ---
04-09 09:55:06.664  2711  2723 I yani_server: NetLink Event '-1' Interface-Index '5' WLAN '0' Ethernet '-1' Parsed-iFill '-1' -> 'INVALID' ifIndex '1' -> 'lo'
04-09 09:55:06.665  2970  2980 D wac-main: Netlink event
04-09 09:55:06.665  2970  2980 E wac-main: Netlink event 16 Interface Index 5 
04-09 09:55:06.665  2970  2980 E wac-main: Enter poll and wait
04-09 09:55:06.667  2711  2723 I yani_server: NetLink Event '-1' Interface-Index '5' WLAN '0' Ethernet '-1' Parsed-iFill '-1' -> 'INVALID' ifIndex '1' -> 'lo'
04-09 09:55:06.683  2711  2723 I chatty  : uid=0(root) YaniServer identical 8 lines
04-09 09:55:06.684  2711  2723 I yani_server: NetLink Event '-1' Interface-Index '5' WLAN '0' Ethernet '-1' Parsed-iFill '-1' -> 'INVALID' ifIndex '1' -> 'lo'
04-09 09:55:06.684  2711  2723 I yani_kernel: yani_geteventfrom_changeaddr() Message-Id '1' Netlink event '16' Interface Index '5' -> Name 'wlan0' 
04-09 09:55:06.685  2711  2723 I yani_kernel: yani_geteventfrom_changeaddr() Message-Id '1' Netlink event '16' Interface Index '5' -> Name 'wlan0' 
04-09 09:55:06.976  3079  3079 I cast_shell: [3082:3090:ERROR:connectivity_checker_impl.cc(265)] Connectivity check failed: 400
04-09 09:55:07.333  3079  3079 I cast_shell: [3082:3121:INFO:metrics_recorder.cc(282)] Record action: Setup.scan_results.BLE
04-09 09:55:07.408  3079  3079 I cast_shell: [3082:3121:INFO:metrics_recorder.cc(282)] Record action: Setup.scan_results.BLE
04-09 09:55:07.982  3079  3079 I cast_shell: [3082:3090:ERROR:connectivity_checker_impl.cc(265)] Connectivity check failed: 400
04-09 09:55:08.989  3079  3079 I cast_shell: [3082:3090:ERROR:connectivity_checker_impl.cc(265)] Connectivity check failed: 400
04-09 09:55:09.567  3079  3079 I cast_shell: [3082:3121:INFO:ble_setup.cc(322)] Record action: Setup.play_sound.BLE
04-09 09:55:09.568  3079  3079 I cast_shell: [3082:3099:INFO:synchronized_sound_player.cc(362)] Playing sound key 2
04-09 09:55:09.611  3079  3079 I cast_shell: [3082:3099:INFO:audio_decoder_software_wrapper.cc(86)] Using backend decoder for PCM
04-09 09:55:09.613  3079  3079 I cast_shell: [3082:3105:INFO:mixer_input_connection.cc(208)] Create 0xf3e71d40 (no_delay), content type: media, focus type: media, fill size: 512, algorithm fill size: 221, channel count: 1, input sample rate: 44100, start threshold: 3087, max queue size: 8820, socket: 0xf1045580
04-09 09:55:09.613  3079  3079 I cast_shell: [3082:3104:INFO:mixer_output_stream_alsa.cc(428)] ALSA buffer = 4096, period = 512
04-09 09:55:09.613  3079  3079 I cast_shell: [3082:3103:INFO:stream_mixer.cc(604)] Input source channel count = 1
04-09 09:55:09.613  3079  3079 I cast_shell: [3082:3103:INFO:stream_mixer.cc(607)] Dynamic channel count not enabled; using stereo
04-09 09:55:09.613  3079  3079 I cast_shell: [3082:3103:INFO:stream_mixer.cc(604)] Input source channel count = 1
04-09 09:55:09.613  3079  3079 I cast_shell: [3082:3103:INFO:stream_mixer.cc(607)] Dynamic channel count not enabled; using stereo
04-09 09:55:09.613  3079  3079 I cast_shell: [3082:3103:INFO:stream_mixer.cc(416)] Start with 0 active inputs
04-09 09:55:09.618  3079  3079 I cast_shell: [3082:3121:INFO:ble_setup.cc(322)] Record action: Setup.play_sound.BLE
04-09 09:55:09.620  3079  3079 I cast_shell: [3082:3104:INFO:mixer_output_stream_alsa.cc(171)] snd_pcm_open: handle=0xf3f1dbf0
04-09 09:55:09.626  3079  3079 I cast_shell: [3082:3099:INFO:synchronized_sound_player.cc(362)] Playing sound key 0
04-09 09:55:09.626  3079  3079 I cast_shell: [3082:3105:INFO:mixer_input_connection.cc(386)] Remove 0xf3e71d40
04-09 09:55:09.631  3079  3079 I cast_shell: [3082:3104:WARNING:mixer_output_stream_alsa.cc(341)] Requested sample rate (44100 Hz) does not match the actual sample rate (48000 Hz). This may lead to lower audio quality.
04-09 09:55:09.631  3079  3079 I cast_shell: [3082:3104:INFO:mixer_output_stream_alsa.cc(346)] Sample rate changed from 0 to 48000
04-09 09:55:09.631  3079  3079 I cast_shell: [3082:3104:WARNING:mixer_output_stream_alsa.cc(379)] Requested period size (512 frames) does not match the actual period size (1024 frames). This may lead to an increase in CPU usage or an increase in audio latency.
04-09 09:55:09.631  3079  3079 I cast_shell: [3082:3104:INFO:filter_group.cc(340)] : 2ch@48000hz -> [GROUP]mix -> 2ch@48000hz
04-09 09:55:09.631  3079  3079 I cast_shell: [3082:3104:INFO:filter_group.cc(340)] [GROUP]mix: 2ch@48000hz -> [GROUP]linearize -> 2ch@48000hz
04-09 09:55:09.631  3079  3079 I cast_shell: [3082:3103:INFO:stream_mixer.cc(466)] Output 2 channels at 48000 samples per second
04-09 09:55:09.631  3079  3079 I cast_shell: [3082:3103:INFO:stream_mixer.cc(484)] Using 2 loopback channels
04-09 09:55:09.631  3079  3079 I cast_shell: [3082:3103:INFO:stream_mixer.cc(640)] Add input 0xf3e71d44 to mix @ 48000 samples per second. Is primary source? = 0
04-09 09:55:09.638  3079  3079 I cast_shell: [3082:3105:INFO:mixer_input_connection.cc(243)] Delete 0xf3e71d40
04-09 09:55:09.638  3079  3079 I cast_shell: [3082:3090:INFO:loopback_audio_input.cc(194)] [REALIGN] loopback interrupted; reason = 4
04-09 09:55:09.639  3079  3079 I cast_shell: [3082:3103:INFO:mixer_input.cc(361)] no_delay(0xf3e71d44): set volume limits to [0, 1]
04-09 09:55:09.639  3079  3079 I cast_shell: [3082:3103:INFO:mixer_input.cc(121)] Remixing channels for 0xf3e71d44 from 1 to 2
04-09 09:55:09.639  3079  3079 I cast_shell: [3082:3103:INFO:mixer_input.cc(346)] no_delay(0xf3e71d44): type volume = 1, effective multiplier = 1
04-09 09:55:09.649  3079  3079 I cast_shell: [3082:3099:INFO:audio_decoder_software_wrapper.cc(86)] Using backend decoder for PCM
04-09 09:55:09.649  3079  3079 I cast_shell: [3082:3105:INFO:mixer_input_connection.cc(208)] Create 0xf3e71d40 (no_delay), content type: media, focus type: media, fill size: 512, algorithm fill size: 240, channel count: 2, input sample rate: 48000, start threshold: 3360, max queue size: 9600, socket: 0xf1018320
04-09 09:55:09.700  3079  3079 I cast_shell: [3082:3104:INFO:mixer_output_stream_alsa.cc(293)] snd_pcm_close: handle=0xf3f1dbf0
04-09 09:55:09.701  3079  3079 I cast_shell: [3082:3103:INFO:stream_mixer.cc(604)] Input source channel count = 2
