04-09 09:52:51.108  3019  3019 I sh      : Info: PostInstall(): Verified: 9ad64d7bbc019b7df806c981d02984f41df0f531 process.json
04-09 09:52:51.135  3019  3019 I sh      : Info: PostInstall(): Verified: 8aa86838a19280c5fc46f4cc3dc3fe969d6cafce process_manager
04-09 09:52:51.138  3019  3019 I sh      : Info: PostInstall(): Verified: c25f6c874c4e8013d85db646bfba65a155a806f5 resources/inspector/main/main.js
04-09 09:52:51.139  3019  3019 I sh      : Info: PostInstall(): Verified: da39a3ee5e6b4b0d3255bfef95601890afd80709 setup/http/.dummy
04-09 09:52:51.141  3019  3019 I sh      : Info: PostInstall(): Verified: 801b2570021e2760cd6730de30071aebd9f5158b setup/http/audio/audio.html
04-09 09:52:51.143  3019  3019 I sh      : Info: PostInstall(): Verified: 4aae69dca77c81a6a19181124a01ef403b088cc8 setup/http/audio/css/main.css
04-09 09:52:51.146  3019  3019 I sh      : Info: PostInstall(): Verified: 01a9e53b6cd4692e6c288392bf4bdd9603c5e45a setup/http/audio/data/config.json
04-09 09:52:51.147  3019  3019 I sh      : Info: PostInstall(): Verified: 0423952e9750b5b4e5e0a4ad4ba8c3b19a32e4f1 setup/http/audio/favicon.ico
04-09 09:52:51.150  3019  3019 I sh      : Info: PostInstall(): Verified: 4a2e549068fac4c7019c6f5950f961cb8f45e867 setup/http/audio/js/audio.js
04-09 09:52:51.151  3019  3019 I sh      : Info: PostInstall(): Verified: 488e70c0bd8f32e55dccff3ec6de0660fc58d5b4 setup/http/audio/js/json-stringify-pretty-compact.js
04-09 09:52:51.156  3019  3019 I sh      : Info: PostInstall(): Verified: 48590ae1c3bbf8facb1619c1c762bb78fca99c8a snapshot_blob.bin
04-09 09:52:51.196  3019  3019 I sh      : Info: PostInstall(): Verified: 07acf09cefae3554a741667403d911f94b22a7d4 update_engine
04-09 09:52:51.198  3019  3019 I sh      : Info: PostInstall(): Verified: e05ef1cc2cdb0a31bc7ada56aa635f3d655fe2e7 watchdog/wd.dmp
04-09 09:52:51.198  3019  3019 I sh      : Info: PostInstall(): PostInstall validation OK
04-09 09:52:51.199  3019  3019 I sh      : Info: main(): Post-Installation validation succeeded
04-09 09:52:51.255  3066  3066 I sh      : test: not integer: LSB
04-09 09:52:51.276  3066  3066 I sh      : test: not integer: d256
04-09 09:52:51.277  3066  3066 I sh      : Model : LSB, SSID-Suffix : d256
04-09 09:52:51.340  3067  3067 I cast_cli: [0408/212251.339490:INFO:package_utils.cc(186)] Run process_manager: /bin/logwrapper /system/chrome/process_manager --async --accept-resource-provider=true --alsa-enable-upsampling=true --alsa-output-avail-min=256 --alsa-output-buffer-size=4096 --alsa-output-period-size=512 --alsa-output-start-threshold=2048 --default-eureka-name-prefix=LSB --enable-background-apps=true --enable-hi-res-audio-support=true --enable-multizone=true --netif-for-unique-ids=wlan0 --ota-directory=/data/chrome/cache/ --setup-ssid-suffix=d256 --setup-support-guest-mode=0 --wpa-supplicant-unix-socket-path=/dev/socket/wpa_wlan0
04-09 09:52:51.367  3073  3073 I process_manager: [0408/212251.367189:INFO:process_manager.cc(348)] process manager initialized
04-09 09:52:51.367  3073  3073 I process_manager: [0408/212251.367645:INFO:process_manager.cc(399)] Process manager is starting
04-09 09:52:51.369  3073  3073 I process_manager: [0408/212251.368177:INFO:process_manager.cc(409)] Process manager successfully started with pid 3075
04-09 09:52:51.370  3067  3067 I cast_cli: [0408/212251.370708:INFO:cast_cli.cc(433)] Process manager successfully started as daemon
04-09 09:52:51.397  3075  3075 I process_manager: [0408/212251.397174:INFO:process_manager.cc(348)] process manager initialized
04-09 09:52:51.397  3075  3075 I process_manager: [0408/212251.397762:INFO:process_manager.cc(475)] Resuming manager from a previous state
04-09 09:52:51.432  3075  3075 I process_manager: [0408/212251.432341:INFO:package_utils.cc(186)] Run update_engine: /bin/logwrapper /system/chrome/update_engine --foreground --netif-for-unique-ids=eth0 --omaha-beta-app-id={c71af7c9-fb75-4084-9bb1-6483fae36524} --omaha-prod-app-id={c71af7c9-fb75-4084-9bb1-6483fae36524} --ota-directory=/chrome/cache/ --update-engine-unix-socket-path=/tmp/socket/updater --v=4 --netif-for-unique-ids=wlan0 --ota-directory=/data/chrome/cache/
04-09 09:52:51.433  3075  3075 I process_manager: [0408/212251.433386:INFO:package_utils.cc(186)] Run crash_uploader: /bin/logwrapper /system/chrome/crash_uploader
04-09 09:52:51.443  3075  3075 I process_manager: [0408/212251.434324:INFO:package_utils.cc(186)] Run cast_shell: /bin/logwrapper /system/chrome/cast_shell --accept-resource-provider=true --alsa-enable-upsampling=false --app-config-path=/fakeapp.conf --blink-platform-log-channels=Media --cast-control-unix-socket-path=/tmp/cast-control --default-eureka-name-prefix=Google Cast Speaker --disable-dial=true --disable-images-for-app-id=*|1B11061A --enable-background-apps=false --idle-screen=false --js-flags=--trace_gc --netif-for-unique-ids=eth0 --no-daily-reboot=true --ota-directory=/chrome/cache/ --setup-support-guest-mode=0 --skip-gpu-data-loading --update-engine-unix-socket-path=/tmp/socket/updater --accept-resource-provider=true --alsa-enable-upsampling=true --alsa-output-avail-min=256 --alsa-output-buffer-size=4096 --alsa-output-period-size=512 --alsa-output-start-threshold=2048 --default-eureka-name-prefix=LSB --enable-background-apps=true --enable-hi-res-audio-support=true --enable-multizone=true --netif-for-unique-ids=wlan0 --ota-directory=/data/chrome/cache/ --setup-ssid-suffix=d256 --setup-support-guest-mode=0 --wpa-supplicant-unix-socket-path=/dev/socket/wpa_wlan0
04-09 09:52:51.458  3078  3078 I crash_uploader: [0408/212251.457502:INFO:crash_uploader.cc(45)] Starting crash uploader...
04-09 09:52:51.459  3078  3078 I crash_uploader: [0408/212251.459324:ERROR:synchronized_minidump_manager.cc(251)] Lockfile did not parse correctly. 
04-09 09:52:51.467  3077  3077 I update_engine: [0408/212251.466946:INFO:main.cc(149)] Eureka Update Engine starting
04-09 09:52:51.468  3077  3077 I update_engine: [0408/212251.468070:INFO:update_check_scheduler.cc(77)] Next update check in 2700 seconds
04-09 09:52:51.468  3077  3077 I update_engine: [0408/212251.468368:INFO:string_based_ipc_server.cc(75)] Start IPC server: /tmp/socket/updater
04-09 09:52:51.468  3077  3077 I update_engine: [0408/212251.468779:INFO:unix_stream_server_socket.cc(62)] Unix server socket is created: /tmp/socket/updater
04-09 09:52:51.666  3079  3079 I cast_shell: [3082:3082:ERROR:pref_service_helper.cc(79)] Cannot initialize chromecast config: /data/chrome/.eureka.conf, pref_error=6
04-09 09:52:51.668  3079  3079 I cast_shell: [3082:3082:WARNING:discardable_shared_memory_manager.cc(194)] Less than 64MB of free space in temporary directory for shared memory files: 32
04-09 09:52:51.681  3079  3079 I cast_shell: Fontconfig warning: "/etc/fonts/fonts.conf", line 80: unknown element "blank"
04-09 09:52:51.866  3079  3079 I cast_shell: [3082:3082:INFO:cast_system_memory_pressure_evaluator.cc(167)] AdjustMemoryFractions: critical_memory_fraction_=0.25, moderate_memory_fraction_=0.4
04-09 09:52:51.873  3079  3079 I cast_shell: [3082:3082:INFO:cast_window_manager_aura.cc(198)] Starting window manager, bounds: 0,0 1x1
04-09 09:52:51.880  3079  3079 I cast_shell: [3082:3099:ERROR:mixer_connection.cc(91)] Failed to connect to mixer service: -102
04-09 09:52:51.881  3079  3079 I cast_shell: [3082:3082:WARNING:client_auth_manager.cc(94)] Old certificate is empty.
04-09 09:52:51.881  3079  3079 I cast_shell: [3082:3082:INFO:device_info_impl.cc(135)] [PII] Weave device ID: 
04-09 09:52:51.882  3079  3079 I cast_shell: [3082:3082:INFO:device_info_impl.cc(406)] MAC address for wlan0: CC:90:93:21:F3:84
04-09 09:52:51.882  3079  3079 I cast_shell: [3082:3082:INFO:device_info_impl.cc(431)] Device model id: COTODAMA.LS10 Platform.LSB
04-09 09:52:51.882  3079  3079 I cast_shell: [3082:3082:INFO:device_info_impl.cc(466)] Control Notifications: 0
04-09 09:52:51.882  3079  3079 I cast_shell: [3082:3082:ERROR:device_info_impl.cc(145)] Cannot read file: /data/bootid
04-09 09:52:51.882  3079  3079 I cast_shell: [3082:3082:INFO:device_info_impl.cc(482)] SSDP Boot ID: 0
04-09 09:52:51.882  3079  3079 I cast_shell: [3082:3082:INFO:device_info_impl.cc(486)] SSDP Config ID: 1
04-09 09:52:51.883  3079  3079 I cast_shell: [3082:3082:WARNING:secure_storage_impl.cc(85)] Device key not available yet.
04-09 09:52:51.883  3079  3079 I cast_shell: [3082:3082:INFO:cast_power_manager_provider.cc(26)] Creating DummyCastPowerManagerProvider
04-09 09:52:51.883  3079  3079 I cast_shell: [3082:3082:WARNING:auth_provider_impl.cc(72)] No IoT client_id found on the device. If device was FDRed please ignore this warning.
04-09 09:52:51.883  3079  3079 I cast_shell: [3082:3082:INFO:file_provider_impl.cc(67)] Initialized file provider with base dir: /data/chrome/auth
04-09 09:52:51.883  3079  3079 I cast_shell: [3082:3082:INFO:cast_power_manager_provider.cc(26)] Creating DummyCastPowerManagerProvider
04-09 09:52:51.883  3079  3079 I cast_shell: [3082:3082:INFO:cast_power_manager_provider.cc(26)] Creating DummyCastPowerManagerProvider
04-09 09:52:51.884  3079  3079 I cast_shell: [3082:3082:INFO:hds_broker_impl.cc(121)] HDS type registered type.googleapis.com/home.hds.proto.device.config.RefreshConfigRequest
04-09 09:52:51.884  3079  3079 I cast_shell: [3082:3082:INFO:preload_initiator_mdns.cc(92)] Preload type: mdns
04-09 09:52:51.884  3079  3079 I cast_shell: [3082:3082:WARNING:hds_settings.cc(104)] HDS URL has not been set through command line.
04-09 09:52:51.885  3079  3079 I cast_shell: [3082:3082:WARNING:volume_map.cc(55)] No cast audio config found; using default volume map.
04-09 09:52:51.885  3079  3079 I cast_shell: [3082:3082:INFO:saved_volumes.cc(63)] No saved volumes found
04-09 09:52:51.885  3079  3079 I cast_shell: [3082:3082:INFO:saved_volumes.cc(70)] Invalid JSON from /etc/cast_audio.json
04-09 09:52:51.886  3079  3079 I cast_shell: [3082:3103:INFO:stream_mixer.cc(194)] StreamMixer
04-09 09:52:51.886  3079  3079 I cast_shell: [3082:3103:INFO:stream_mixer.cc(222)] Mixer health checker started
04-09 09:52:51.886  3079  3079 I cast_shell: [3082:3104:INFO:stream_mixer.cc(121)] Actual priority = 99, policy = 1
04-09 09:52:51.886  3079  3079 I cast_shell: [3082:3103:WARNING:post_processing_pipeline_parser.cc(65)] No post-processing config found at /etc/cast_audio.json.
04-09 09:52:51.886  3079  3079 I cast_shell: [3082:3103:WARNING:post_processing_pipeline_parser.cc(133)] No post-processor description found for "mix" in /etc/cast_audio.json. Using passthrough.
04-09 09:52:51.886  3079  3079 I cast_shell: [3082:3103:INFO:mixer_pipeline.cc(103)] 2 input channels to 'mix' group
04-09 09:52:51.886  3079  3079 I cast_shell: [3082:3103:WARNING:post_processing_pipeline_parser.cc(133)] No post-processor description found for "linearize" in /etc/cast_audio.json. Using passthrough.
04-09 09:52:51.886  3079  3079 I cast_shell: [3082:3103:INFO:mixer_pipeline.cc(124)] 2 input channels to 'linearize' group
04-09 09:52:51.887  3079  3079 I cast_shell: [3082:3105:INFO:audio_socket_service_uds.cc(44)] Using endpoint /tmp/mixer-service
04-09 09:52:51.887  3079  3079 I cast_shell: [3082:3103:INFO:alsa_volume_control.cc(43)] Opening mixer element "Master" on device "default"
04-09 09:52:51.894  3079  3079 I cast_shell: [3082:3103:INFO:alsa_volume_control.cc(219)] Volume device = default, element = Master
04-09 09:52:51.894  3079  3079 I cast_shell: [3082:3103:INFO:alsa_volume_control.cc(221)] Mute device = default, element = Master
04-09 09:52:51.894  3079  3079 I cast_shell: [3082:3103:INFO:alsa_volume_control.cc(234)] Idle device = default, elements = []
04-09 09:52:51.894  3079  3079 I cast_shell: [3082:3103:INFO:alsa_volume_control.cc(43)] Opening mixer element "Master" on device "default"
04-09 09:52:51.897  3079  3079 I cast_shell: [3082:3090:INFO:parent_tracker.cc(90)] [PII](92F31D1DA33173FA12027719FB57ADA6) has hash 3153005413, root wait is 2.65884 s
04-09 09:52:51.898  3079  3079 I cast_shell: [3082:3082:INFO:multizone_manager.cc(330)] Multizone features are enabled
04-09 09:52:51.898  3079  3079 I cast_shell: [3082:3082:INFO:cast_power_manager_provider.cc(26)] Creating DummyCastPowerManagerProvider
04-09 09:52:51.898  3079  3079 I cast_shell: [3082:3090:INFO:parent_tracker.cc(120)] Can't use IPv4
04-09 09:52:51.898  3079  3079 I cast_shell: [3082:3082:INFO:update_engine_client_with_ipc.cc(343)] Using IPC UpdateEngineClient
04-09 09:52:51.898  3079  3079 I cast_shell: [3082:3090:INFO:parent_tracker.cc(124)] Can't use IPv6
04-09 09:52:51.898  3079  3079 I cast_shell: [3082:3090:ERROR:parent_tracker.cc(125)] No valid interface for multicast
04-09 09:52:51.898  3079  3079 I cast_shell: [3082:3090:INFO:directory_service_impl.cc(168)] Boot count is now 1
04-09 09:52:51.899  3079  3079 I cast_shell: [3082:3090:ERROR:socket_posix.cc(148)] bind() failed: Address already in use (98)
04-09 09:52:51.899  3082  3082 E         : Create
04-09 09:52:51.899  3082  3082 E         : OOBE IsSupported
04-09 09:52:51.899  3079  3079 I cast_shell: [3082:3090:ERROR:tcp_listener.cc(64)] Listen failed: net::ERR_ADDRESS_IN_USE : 0.0.0.0:10101
04-09 09:52:51.899  3079  3079 I cast_shell: [3082:3090:ERROR:directory_service_impl.cc(213)] TCP listener error: -1
04-09 09:52:51.901  3079  3079 I cast_shell: [3082:3082:INFO:chromecast_service_client_default.cc(75)] System updater is supported, and this is first setup.
04-09 09:52:51.901  3079  3079 I cast_shell: [3082:3082:INFO:managed_mode_service.cc(345)] Starting in managed mode: 0
04-09 09:52:51.902  3079  3079 I cast_shell: [3082:3082:INFO:platform_client_auth_creds.cc(114)] Loaded client certificate. Key len = 2048 bits. Chain len = 2 (source FROM_CERT).
04-09 09:52:51.904  3079  3079 I cast_shell: [3082:3082:INFO:grpc_manager_impl.cc(245)] Registered service chromecast.LocalCloudcastService
04-09 09:52:51.904  3079  3079 I cast_shell: [3082:3082:INFO:grpc_manager_impl.cc(262)] Registered a handler ExecuteActionScript for service chromecast.LocalCloudcastService
04-09 09:52:51.904  3079  3079 I cast_shell: [3082:3082:INFO:grpc_manager_impl.cc(262)] Registered a handler ObserveDeviceStatus for service chromecast.LocalCloudcastService
04-09 09:52:51.904  3079  3079 I cast_shell: [3082:3082:INFO:grpc_manager_impl.cc(262)] Registered a handler GetDeviceStatus for service chromecast.LocalCloudcastService
04-09 09:52:51.905  3079  3079 I cast_shell: [3082:3082:INFO:grpc_manager_impl.cc(505)] GRPC[uri=[::]:0]: num_pending_calls=0, num_active_handlers=0, num_free_handlers=0
04-09 09:52:51.905  3079  3079 I cast_shell: [3082:3082:INFO:cast_power_manager_provider.cc(26)] Creating DummyCastPowerManagerProvider
04-09 09:52:51.905  3079  3079 I cast_shell: [3082:3082:INFO:cast_power_manager_provider.cc(26)] Creating DummyCastPowerManagerProvider
04-09 09:52:51.905  3079  3079 I cast_shell: [3082:3082:INFO:gcm_manager.cc(140)] GCM Dir = /data/chrome/gcm
04-09 09:52:51.905  3079  3079 I cast_shell: [3082:3082:INFO:gcm_manager.cc(258)] Enabling GCM Driver
04-09 09:52:51.906  3079  3079 I cast_shell: [3082:3082:INFO:grpc_manager_impl.cc(505)] GRPC[uri=]: num_pending_calls=0, num_active_handlers=0, num_free_handlers=0
04-09 09:52:51.906  3079  3079 I cast_shell: [3082:3082:INFO:lycra_gcm.cc(117)] Deferring GCM registration until connectivity is up.
04-09 09:52:51.948  3079  3079 I cast_shell: [3082:3082:WARNING:cloud_settings_manager.cc(513)] Cannot initialize device settings config: /data/chrome/cloud_settings/cloud_settings.prefs, pref_error=6
04-09 09:52:51.949  3079  3079 I cast_shell: [3082:3082:INFO:cloud_settings_manager.cc(195)] Cloud settings is disabled.
04-09 09:52:51.949  3079  3079 I cast_shell: [3082:3082:INFO:pref_metrics_manager.cc(66)] PrefMetricsManager started.
04-09 09:52:51.950  3079  3079 I cast_shell: [3082:3082:INFO:pref_control_service_impl.cc(142)] Loading prefs from /data/chrome/pref_control/pref_control.prefs
04-09 09:52:51.950  3079  3079 I cast_shell: [3082:3082:INFO:pref_control_service_impl.cc(602)] Registering pref Pref [Name:motion_sensing_pref,RestoreValue:1,ForceEnableParent:1,Value:1,Optin:1]
04-09 09:52:51.950  3079  3079 I cast_shell: [3082:3082:INFO:pref_control_service_impl.cc(602)] Registering pref Pref [Name:sleep_sensing_pref,RestoreValue:0,ForceEnableParent:1,Value:1,Optin:0]
04-09 09:52:51.951  3079  3079 I cast_shell: [3082:3082:INFO:pref_control_service_impl.cc(602)] Registering pref Pref [Name:sleep_disturbance_pref,RestoreValue:1,ForceEnableParent:0,Value:1,Optin:0]
04-09 09:52:51.951  3079  3079 I cast_shell: [3082:3082:INFO:pref_control_service_impl.cc(602)] Registering pref Pref [Name:sleep_coaching_pref,RestoreValue:1,ForceEnableParent:0,Value:1,Optin:0]
04-09 09:52:51.951  3079  3079 I cast_shell: [3082:3082:INFO:pref_control_service_impl.cc(602)] Registering pref Pref [Name:gesture_sensing_pref,RestoreValue:0,ForceEnableParent:1,Value:1,Optin:0]
04-09 09:52:51.951  3079  3079 I cast_shell: [3082:3082:INFO:pref_control_service_impl.cc(602)] Registering pref Pref [Name:play_and_pause_gesture_pref,RestoreValue:1,ForceEnableParent:0,Value:1,Optin:0]
04-09 09:52:51.951  3079  3079 I cast_shell: [3082:3082:INFO:pref_control_service_impl.cc(602)] Registering pref Pref [Name:snooze_alarm_gesture_pref,RestoreValue:1,ForceEnableParent:0,Value:1,Optin:0]
04-09 09:52:51.951  3079  3079 I cast_shell: [3082:3082:INFO:pref_control_service_impl.cc(602)] Registering pref Pref [Name:stop_timers_gesture_pref,RestoreValue:1,ForceEnableParent:0,Value:1,Optin:0]
04-09 09:52:51.952  3079  3079 I cast_shell: [3082:3082:INFO:pref_metrics_manager.cc(94)] Adding motion_sensing_pref to PrefMetricsManager.
04-09 09:52:51.952  3079  3079 I cast_shell: [3082:3082:INFO:pref_metrics_manager.cc(94)] Adding sleep_sensing_pref to PrefMetricsManager.
04-09 09:52:51.952  3079  3079 I cast_shell: [3082:3082:INFO:pref_metrics_manager.cc(94)] Adding sleep_disturbance_pref to PrefMetricsManager.
04-09 09:52:51.952  3079  3079 I cast_shell: [3082:3082:INFO:pref_metrics_manager.cc(94)] Adding sleep_coaching_pref to PrefMetricsManager.
04-09 09:52:51.952  3079  3079 I cast_shell: [3082:3082:INFO:pref_metrics_manager.cc(94)] Adding gesture_sensing_pref to PrefMetricsManager.
04-09 09:52:51.952  3079  3079 I cast_shell: [3082:3082:INFO:pref_metrics_manager.cc(94)] Adding play_and_pause_gesture_pref to PrefMetricsManager.
04-09 09:52:51.952  3079  3079 I cast_shell: [3082:3082:INFO:pref_metrics_manager.cc(94)] Adding snooze_alarm_gesture_pref to PrefMetricsManager.
04-09 09:52:51.952  3079  3079 I cast_shell: [3082:3082:INFO:pref_metrics_manager.cc(94)] Adding stop_timers_gesture_pref to PrefMetricsManager.
04-09 09:52:51.952  3079  3079 I cast_shell: [3082:3082:INFO:pref_control_service_impl.cc(107)] PrefControlService constructed.
04-09 09:52:51.953  3079  3079 I cast_shell: [3082:3082:INFO:grpc_manager_impl.cc(245)] Registered service chromecast.grpc_discovery.GrpcDiscoveryService
04-09 09:52:51.953  3079  3079 I cast_shell: [3082:3082:INFO:grpc_manager_impl.cc(262)] Registered a handler GetServiceInfo for service chromecast.grpc_discovery.GrpcDiscoveryService
04-09 09:52:51.954  3079  3079 I cast_shell: [3082:3082:INFO:grpc_manager_impl.cc(505)] GRPC[uri=unix:/tmp/hcp_ipc_auth.socket]: num_pending_calls=0, num_active_handlers=0, num_free_handlers=0
04-09 09:52:51.954  3079  3079 I cast_shell: [3082:3082:INFO:grpc_manager_impl.cc(245)] Registered service usonia.ipc.Auth
04-09 09:52:51.954  3079  3079 I cast_shell: [3082:3118:INFO:common_time.cc(128)] New common clock leader 92F31D1DA33173FA12027719FB57ADA6, is_this_device = 1, IP = [::1]:10006, quality = 0
04-09 09:52:51.954  3079  3079 I cast_shell: [3082:3118:INFO:common_time.cc(158)] Set this device as common time source
04-09 09:52:51.954  3079  3079 I cast_shell: [3082:3082:INFO:grpc_manager_impl.cc(262)] Registered a handler Sign for service usonia.ipc.Auth
04-09 09:52:51.955  3079  3079 I cast_shell: [3082:3082:INFO:grpc_manager_impl.cc(262)] Registered a handler Verify for service usonia.ipc.Auth
04-09 09:52:51.955  3079  3079 I cast_shell: [3082:3082:INFO:grpc_manager_impl.cc(262)] Registered a handler AuthReady for service usonia.ipc.Auth
04-09 09:52:51.955  3079  3079 I cast_shell: [3082:3082:INFO:grpc_manager_impl.cc(245)] Registered service usonia.ipc.DistributedServiceDiscovery
04-09 09:52:51.955  3079  3079 I cast_shell: [3082:3082:INFO:grpc_manager_impl.cc(262)] Registered a handler UpdateServiceObservers for service usonia.ipc.DistributedServiceDiscovery
04-09 09:52:51.955  3079  3079 I cast_shell: [3082:3082:INFO:grpc_manager_impl.cc(262)] Registered a handler FetchAllPeerAddressList for service usonia.ipc.DistributedServiceDiscovery
04-09 09:52:51.955  3079  3079 I cast_shell: [3082:3082:INFO:grpc_manager_impl.cc(262)] Registered a handler ResolvePeerAddress for service usonia.ipc.DistributedServiceDiscovery
04-09 09:52:51.955  3079  3079 I cast_shell: [3082:3082:INFO:grpc_manager_impl.cc(262)] Registered a handler AddService for service usonia.ipc.DistributedServiceDiscovery
04-09 09:52:51.955  3079  3079 I cast_shell: [3082:3082:INFO:grpc_manager_impl.cc(262)] Registered a handler IsServiceAllowed for service usonia.ipc.DistributedServiceDiscovery
04-09 09:52:51.958  3079  3079 I cast_shell: [3082:3082:INFO:grpc_manager_impl.cc(317)] Grpc server started in port 1
04-09 09:52:51.958  3079  3079 I cast_shell: [3082:3082:INFO:sensor_pref_manager.cc(84)] SensorPrefManager is disabled.
04-09 09:52:51.958  3079  3079 I cast_shell: [3082:3082:INFO:remote_ducking_receiver.cc(183)] remote ducking: starting receiver.
04-09 09:52:51.959  3079  3079 I cast_shell: [3082:3082:INFO:grpc_manager_impl.cc(505)] GRPC[uri=unix:/tmp/modular_updater/modular_update_service]: num_pending_calls=0, num_active_handlers=0, num_free_handlers=0
04-09 09:52:51.959  3079  3079 I cast_shell: [3082:3082:INFO:cast_power_manager_provider.cc(26)] Creating DummyCastPowerManagerProvider
04-09 09:52:51.966  3079  3079 I cast_shell: [3082:3082:INFO:timezone_settings.cc(288)] Setting system timezone to America/Los_Angeles
04-09 09:52:51.967  3079  3079 I cast_shell: [3082:3082:INFO:daily_reboot_impl.cc(172)] Daily reboot is disabled
04-09 09:52:51.967  3079  3079 I cast_shell: [3082:3082:INFO:api_reboot.cc(321)] active_activities count=1
04-09 09:52:51.968  3079  3079 I cast_shell: [3082:3089:INFO:gamma_utils.cc(31)] Gamma calibration file is not present, use default LUT
04-09 09:52:51.968  3079  3079 I cast_shell: [3082:3082:INFO:cast_power_manager_provider.cc(26)] Creating DummyCastPowerManagerProvider
04-09 09:52:51.968  3079  3079 I chatty  : uid=1000(chrome) /bin/logwrapper identical 1 line
04-09 09:52:51.968  3079  3079 I cast_shell: [3082:3082:INFO:cast_power_manager_provider.cc(26)] Creating DummyCastPowerManagerProvider
04-09 09:52:51.970  3079  3079 I cast_shell: [3082:3089:INFO:tuning_manager.cc(118)] No file found at /etc/cast_audio.json
04-09 09:52:51.970  3079  3079 I cast_shell: [3082:3089:INFO:tuning_manager.cc(130)] No file found at /etc/cast_audio.json
04-09 09:52:51.970  3079  3079 I cast_shell: [3082:3082:INFO:setup_api_registry.cc(192)] Register external API: audio/delete_config
04-09 09:52:51.971  3079  3079 I cast_shell: [3082:3082:INFO:setup_api_registry.cc(192)] Register external API: audio/get_avail_processors
04-09 09:52:51.971  3079  3079 I cast_shell: [3082:3082:INFO:setup_api_registry.cc(192)] Register external API: audio/get_config
04-09 09:52:51.971  3079  3079 I cast_shell: [3082:3082:INFO:setup_api_registry.cc(192)] Register external API: audio/get_default_config
04-09 09:52:51.971  3079  3079 I cast_shell: [3082:3082:INFO:setup_api_registry.cc(192)] Register external API: audio/set_params
04-09 09:52:51.971  3079  3079 I cast_shell: [3082:3082:INFO:capture_service_dummy.cc(11)] Dummy CaptureService.
04-09 09:52:51.975  3079  3079 I cast_shell: [3082:3082:INFO:setup_api_registry.cc(192)] Register external API: auto_media_volume
04-09 09:52:51.976  3079  3079 I cast_shell: [3082:3082:INFO:cast_thread_health_check.cc(53)] Receiver health check timeout: 15 seconds.
04-09 09:52:51.976  3079  3079 I cast_shell: [3082:3082:INFO:file_util.cc(28)] base_assistant_dir = /data/chrome
04-09 09:52:51.977  3079  3079 I cast_shell: [3082:3082:INFO:chromecast_service.cc(2189)] Geolocation changed to: 0
04-09 09:52:51.977  3079  3079 I cast_shell: [3082:3082:INFO:chromecast_service.cc(2229)] AoGH feature is: 0
04-09 09:52:51.977  3079  3079 I cast_shell: [3082:3082:INFO:chromecast_service.cc(2248)] Playback disruption feature is: 0
04-09 09:52:51.982  3079  3079 I cast_shell: [3082:3082:INFO:metrics_recorder.cc(112)] Metrics stat: total=0
04-09 09:52:51.983  3079  3079 I cast_shell: [3082:3106:INFO:media_manager_impl.cc(1043)] New device volume control type: new_type=1, old_type=0
04-09 09:52:51.983  3079  3079 I cast_shell: [3082:3106:INFO:media_manager_impl.cc(1066)] New device volume step interval: new_interval=0.02, old_interval=0
04-09 09:52:51.983  3079  3079 I cast_shell: [3082:3106:ERROR:media_manager_impl.cc(1294)] GetScreenResolution failed.
04-09 09:52:51.983  3079  3079 I cast_shell: [3082:3106:INFO:media_manager_impl.cc(343)] Media manager is initialized.
04-09 09:52:51.983  3079  3079 I cast_shell: [3082:3082:INFO:media_manager_impl.cc(269)] IsHdmiPlatform: 0
04-09 09:52:51.984  3079  3079 I cast_shell: [3082:3082:INFO:hds_settings.cc(136)] HdsSettings using HDS url https://preprod-home-devices.sandbox.google.com/
04-09 09:52:51.985  3079  3079 I cast_shell: [3082:3082:INFO:client_auth_creds.cc(173)] Device cert: 4D8AC5B9056A76852E4F FA:8F:CA:87:13:D1
04-09 09:52:51.985  3079  3079 I cast_shell: [3082:3082:INFO:client_auth_creds.cc(182)] Intermediate cert: LSB
04-09 09:52:51.985  3079  3079 I cast_shell: [3082:3082:INFO:client_auth_creds.cc(182)] Intermediate cert: Amlogic GVA Manufacturer Cert
04-09 09:52:51.986  3079  3079 I cast_shell: [3082:3082:INFO:client_auth_creds.cc(226)] Imported client auth cert.
04-09 09:52:51.986  3079  3079 I cast_shell: [3082:3082:INFO:client_auth_creds.cc(237)] Imported client auth private key
04-09 09:52:51.986  3079  3079 I cast_shell: [3082:3082:INFO:client_auth_signer.cc(155)] Created singleton instance of ClientAuthSigner.
04-09 09:52:51.986  3079  3079 I cast_shell: [3082:3082:INFO:client_auth_manager.cc(119)] Storing the certificate first used by the device.
04-09 09:52:52.016  3079  3079 I cast_shell: [3082:3082:WARNING:application_config_manager_impl.cc(253)] Cannot read application config file: /fakeapp.conf
04-09 09:52:52.016  3079  3079 I cast_shell: [3082:3082:INFO:application_manager_impl.cc(398)] Application manager is initialized.
04-09 09:52:52.017  3079  3079 I cast_shell: [3082:3082:INFO:mdns_cast_service.cc(156)] Device discovery state is idle
04-09 09:52:52.018  3079  3079 I cast_shell: [3082:3082:INFO:mdns_manager_impl.cc(177)] MdnsManager is initialized
04-09 09:52:52.018  3079  3079 I cast_shell: [3082:3131:INFO:mdns_app_filter.cc(573)] MdnsAppFilter initialized
04-09 09:52:52.018  3079  3079 I cast_shell: [3082:3131:INFO:discovered_service_client.cc(102)] Registering new service PTR listener: _googlecast._tcp.local
04-09 09:52:52.019  3079  3079 I cast_shell: [3082:3082:INFO:config_downloader.cc(239)] Set config periodic interval: min=300, max=420
04-09 09:52:52.019  3079  3079 I cast_shell: [3082:3082:INFO:crl_downloader.cc(274)] Set CRL periodic interval: min=2160, max=2880
04-09 09:52:52.019  3079  3079 I cast_shell: [3082:3082:INFO:hds_broker_impl.cc(121)] HDS type registered type.googleapis.com/home.hds.proto.device.relayedcasting.RelayedCastingPleaseConnectRequest
04-09 09:52:52.020  3079  3079 I cast_shell: [3082:3082:INFO:mdns_util.cc(102)] Defaulting mDNS capabilities for audio-only build
04-09 09:52:52.020  3079  3079 I cast_shell: [3082:3082:INFO:virtual_device_manager.cc(138)] Added virtual device: id=[PII](39670884-7026-a715-b840-1e45d8e11553)
04-09 09:52:52.020  3079  3079 I cast_shell: [3082:3082:INFO:ccs_manager_impl.cc(522)] Added CCS device
04-09 09:52:52.020  3079  3079 I cast_shell: [3082:3082:INFO:ccs_manager_impl.cc(523)] [PII] device_id=92F31D1DA33173FA12027719FB57ADA6
04-09 09:52:52.021  3079  3079 I cast_shell: [3082:3082:INFO:ccs_manager_impl.cc(838)] Device model revision set to 0
04-09 09:52:52.021  3079  3079 I cast_shell: [3082:3132:INFO:v2_transport.cc(458)] Added Cast V2 endpoint: id=Tr@n$p0rt-0, socket_factory_id=[PII](*)
04-09 09:52:52.021  3079  3079 I cast_shell: [3082:3131:INFO:discovered_service_client.cc(102)] Registering new service PTR listener: _googlerpc._tcp.local
04-09 09:52:52.021  3079  3079 I cast_shell: [3082:3132:INFO:endpoint_with_namespace_handler.cc(103)] Added a namespace handler: local_id=Tr@n$p0rt-0, namespace=urn:x-cast:com.google.cast.tp.connection
04-09 09:52:52.021  3079  3079 I cast_shell: [3082:3132:INFO:endpoint_with_namespace_handler.cc(103)] Added a namespace handler: local_id=Tr@n$p0rt-0, namespace=urn:x-cast:com.google.cast.tp.heartbeat
04-09 09:52:52.021  3079  3079 I cast_shell: [3082:3132:INFO:endpoint_with_namespace_handler.cc(103)] Added a namespace handler: local_id=Tr@n$p0rt-0, namespace=urn:x-cast:com.google.cast.tp.deviceauth
04-09 09:52:52.021  3079  3079 I cast_shell: [3082:3132:INFO:v2_transport.cc(335)] V2Transport initialized.
04-09 09:52:52.021  3079  3079 I cast_shell: [3082:3132:INFO:v2_transport.cc(411)] Added socket factory: id=domain-socket@/tmp/cast-control
04-09 09:52:52.021  3079  3079 I cast_shell: [3082:3132:INFO:v2_transport.cc(411)] Added socket factory: id=opencast-socket
04-09 09:52:52.021  3079  3079 I cast_shell: [3082:3132:INFO:v2_transport.cc(458)] Added Cast V2 endpoint: id=receiver-39670884-7026-a715-b840-1e45d8e11553, socket_factory_id=[PII](39670884-7026-a715-b840-1e45d8e11553)
04-09 09:52:52.021  3079  3079 I cast_shell: [3082:3132:INFO:endpoint_with_namespace_handler.cc(103)] Added a namespace handler: local_id=receiver-39670884-7026-a715-b840-1e45d8e11553, namespace=urn:x-cast:com.google.cast.receiver
04-09 09:52:52.021  3079  3079 I cast_shell: [3082:3132:INFO:endpoint_with_namespace_handler.cc(103)] Added a namespace handler: local_id=receiver-39670884-7026-a715-b840-1e45d8e11553, namespace=urn:x-cast:com.google.cast.receiver.discovery
04-09 09:52:52.025  3079  3079 I cast_shell: [3082:3121:INFO:net_util_shlib_support.cc(51)] Wifi interface found: wlan0
04-09 09:52:52.026  3079  3079 I cast_shell: [3082:3121:INFO:net_util_shlib_support.cc(51)] Wifi interface found: p2p0
04-09 09:52:52.026  3079  3079 I cast_shell: [3082:3121:INFO:net_util_shlib_support.cc(51)] Wifi interface found: p2p1
04-09 09:52:52.030  3079  3079 I cast_shell: [3082:3082:INFO:locale_manager.cc(274)] Current time format: 12-hour
04-09 09:52:52.030  3079  3079 I cast_shell: [3082:3082:INFO:locale_manager.cc(639)] New country code: 00
04-09 09:52:52.030  3079  3079 I cast_shell: [3082:3121:INFO:setup_api_registry.cc(192)] Register external API: connect_wifi
04-09 09:52:52.030  3079  3079 I cast_shell: [3082:3082:INFO:setup_manager_impl.cc(645)] Initial activation date cached value: 
04-09 09:52:52.030  3079  3079 I cast_shell: [3082:3082:INFO:hds_broker_impl.cc(121)] HDS type registered type.googleapis.com/home.cloud.biz.EnterWeavePairingModeRequest
04-09 09:52:52.034  3079  3079 I cast_shell: [3082:3121:INFO:setup_api_registry.cc(192)] Register external API: offer
04-09 09:52:52.034  3079  3079 I cast_shell: [3082:3082:INFO:multizone_manager.cc(371)] Using SSL for control data
04-09 09:52:52.034  3079  3079 I cast_shell: [3082:3121:INFO:setup_api_registry.cc(192)] Register external API: play_sound
04-09 09:52:52.034  3079  3079 I cast_shell: [3082:3121:INFO:setup_api_registry.cc(192)] Register external API: resume_cast
04-09 09:52:52.034  3079  3079 I cast_shell: [3082:3121:INFO:setup_api_registry.cc(192)] Register external API: save_wifi
04-09 09:52:52.034  3079  3079 I cast_shell: [3082:3121:INFO:setup_api_registry.cc(192)] Register external API: scan_results
04-09 09:52:52.034  3079  3079 I cast_shell: [3082:3121:INFO:setup_api_registry.cc(192)] Register external API: scan_wifi
04-09 09:52:52.034  3079  3079 I cast_shell: [3082:3121:INFO:setup_api_registry.cc(192)] Register external API: start_nat
04-09 09:52:52.034  3079  3079 I cast_shell: [3082:3121:INFO:setup_api_registry.cc(192)] Register external API: supported_timezones
04-09 09:52:52.034  3079  3079 I cast_shell: [3082:3121:INFO:setup_api_registry.cc(192)] Register external API: supported_locales
04-09 09:52:52.034  3079  3079 I cast_shell: [3082:3121:INFO:setup_api_registry.cc(192)] Register external API: suspend_cast
04-09 09:52:52.042  2711  2723 I yani_server: NetLink Event '-1' Interface-Index '5' WLAN '-1' Ethernet '-1' Parsed-iFill '-1' -> 'INVALID' ifIndex '1' -> 'lo'
04-09 09:52:52.045  2711  2723 I yani_server: NetLink Event '-1' Interface-Index '5' WLAN '0' Ethernet '-1' Parsed-iFill '-1' -> 'INVALID' ifIndex '1' -> 'lo'
04-09 09:52:52.062  2734  2813 I bluetoothtbd: [0408/212252.061976:INFO:gatt_api.cc(1005)] GATT_Register
04-09 09:52:52.062  2734  2813 I bluetoothtbd: [0408/212252.062192:INFO:gatt_api.cc(1028)] allocated gatt_if=4
04-09 09:52:52.067  2734  2813 E bt_btif : register application first_unuse rcb_idx = 0
04-09 09:52:52.067  2734  2813 I bluetoothtbd: [0408/212252.067110:INFO:gatt_api.cc(1005)] GATT_Register
04-09 09:52:52.067  2734  2813 I bluetoothtbd: [0408/212252.067241:INFO:gatt_api.cc(1028)] allocated gatt_if=5
04-09 09:52:52.074  2734  2761 I bluetoothtbd: [0408/212252.074552:INFO:adapter.cc(551)] Adapter properties changed
04-09 09:52:52.074  2734  2761 I bluetoothtbd: [0408/212252.074736:INFO:adapter.cc(573)] Adapter name changed
04-09 09:52:52.075  3079  3079 I cast_shell: [3082:3082:INFO:input_manager_impl.cc(284)] RegisterInput: device_id: cast, type: 0, state: 0
04-09 09:52:52.075  3079  3079 I cast_shell: [3082:3082:INFO:input_manager_impl.cc(308)] NotifyInputConnect: device_id: cast, sample_rate: 0, num_channels: 0
04-09 09:52:52.075  3079  3079 I cast_shell: [3082:3082:INFO:input_manager_impl.cc(370)] SetActiveInput: cast
04-09 09:52:52.075  3079  3079 I cast_shell: [3082:3132:INFO:endpoint_with_namespace_handler.cc(103)] Added a namespace handler: local_id=receiver-39670884-7026-a715-b840-1e45d8e11553, namespace=urn:x-cast:com.google.cast.audio.input
04-09 09:52:52.076  3079  3079 I cast_shell: [3082:3082:INFO:bluetooth_setup.cc(690)] Disabling connectability.
04-09 09:52:52.076  2734  2813 I bluetoothtbd: [0408/212252.076309:INFO:gatt_api.cc(1005)] GATT_Register
04-09 09:52:52.076  2734  2813 I bluetoothtbd: [0408/212252.076505:INFO:gatt_api.cc(1028)] allocated gatt_if=6
04-09 09:52:52.077  3079  3079 I cast_shell: [3082:3082:INFO:input_manager_impl.cc(284)] RegisterInput: device_id: bluetooth, type: 1, state: 0
04-09 09:52:52.077  3079  3079 I cast_shell: [3082:3082:INFO:robot_account_auth_manager.cc(295)] No backend type specified. Getting COS URL based on the build type instead.
04-09 09:52:52.077  3079  3079 I cast_shell: [3082:3082:INFO:robot_account_auth_manager.cc(312)] Auth url: https://clients5.google.com/cast/orchestration/googleoauthtoken?rt=b
04-09 09:52:52.078  2734  2813 I bluetoothtbd: [0408/212252.078739:INFO:btif_ble_advertiser.cc(90)] RegisterAdvertiserCb status: 0 , adveriser_id: 0
04-09 09:52:52.079  3079  3079 I cast_shell: [3082:3132:INFO:endpoint_with_namespace_handler.cc(103)] Added a namespace handler: local_id=receiver-39670884-7026-a715-b840-1e45d8e11553, namespace=urn:x-cast:com.google.cast.assistant
04-09 09:52:52.079  3079  3079 I cast_shell: [3082:3082:WARNING:robot_account_auth_manager.cc(463)] Failed to initialize JWT for 38579375
04-09 09:52:52.079  3079  3079 I cast_shell: [3082:3132:INFO:endpoint_with_namespace_handler.cc(103)] Added a namespace handler: local_id=receiver-39670884-7026-a715-b840-1e45d8e11553, namespace=urn:x-cast:com.google.cast.companionauth
04-09 09:52:52.079  3079  3079 I cast_shell: [3082:3132:INFO:endpoint_with_namespace_handler.cc(103)] Added a namespace handler: local_id=receiver-39670884-7026-a715-b840-1e45d8e11553, namespace=urn:x-cast:com.google.cast.companion
04-09 09:52:52.079  3079  3079 I cast_shell: [3082:3082:INFO:queryable_data_registrar.cc(52)] Registering queryable data for managed mode as: 0
04-09 09:52:52.079  3079  3079 I cast_shell: [3082:3082:INFO:queryable_data_registrar.cc(59)] Registering enable_hls_sample_aes=1
04-09 09:52:52.079  3079  3079 I cast_shell: [3082:3132:INFO:endpoint_with_namespace_handler.cc(103)] Added a namespace handler: local_id=receiver-39670884-7026-a715-b840-1e45d8e11553, namespace=urn:x-cast:com.google.cast.timesync
04-09 09:52:52.079  3079  3079 I cast_shell: [3082:3082:INFO:queryable_data_registrar.cc(64)] Registering hls_sample_aes_init_segment
04-09 09:52:52.079  3079  3079 I cast_shell: [3082:3082:INFO:queryable_data_registrar.cc(70)] Registering visual-punt-on-platform-supported
04-09 09:52:52.079  3079  3079 I cast_shell: [3082:3082:INFO:hds_broker_impl.cc(121)] HDS type registered type.googleapis.com/home.hds.proto.device.cast.ManagedModeCommandRequest
04-09 09:52:52.079  3079  3079 I cast_shell: [3082:3082:INFO:grpc_manager_impl.cc(245)] Registered service chromecast.modular_update.ModularUpdateService
04-09 09:52:52.081  3079  3079 I cast_shell: [3082:3099:ERROR:cast_media_shlib.cc(80)] snd_hctl_find_elem failed to find the rate offset element.
04-09 09:52:52.081  3079  3079 I cast_shell: [3082:3121:INFO:gatt_client_manager_impl.cc(202)] Enabling GATT client connectability
04-09 09:52:52.081  3079  3079 I cast_shell: [3082:3121:INFO:setup_api_registry.cc(192)] Register external API: input/status
04-09 09:52:52.081  3079  3079 I cast_shell: [3082:3121:INFO:setup_api_registry.cc(192)] Register external API: input/set_active
04-09 09:52:52.081  3079  3079 I cast_shell: [3082:3121:INFO:setup_api_registry.cc(192)] Register external API: input/debug_register
04-09 09:52:52.081  3079  3079 I cast_shell: [3082:3121:INFO:setup_api_registry.cc(192)] Register external API: input/debug_connect
04-09 09:52:52.081  3079  3079 I cast_shell: [3082:3121:INFO:setup_api_registry.cc(192)] Register external API: input/debug_disconnect
04-09 09:52:52.081  2734  2761 I bluetoothtbd: [0408/212252.079256:INFO:adapter.cc(551)] Adapter properties changed
04-09 09:52:52.081  3079  3079 I cast_shell: [3082:3121:INFO:bluetooth_manager.cc(115)] Record action: Cast.Bluetooth.DiscoveryMode.Disable
04-09 09:52:52.082  3079  3079 I cast_shell: [3082:3121:INFO:setup_api_registry.cc(192)] Register external API: bluetooth/api
04-09 09:52:52.082  3079  3079 I cast_shell: [3082:3121:INFO:setup_api_registry.cc(192)] Register external API: bluetooth/bond
04-09 09:52:52.082  3079  3079 I cast_shell: [3082:3121:INFO:setup_api_registry.cc(192)] Register external API: bluetooth/connect
04-09 09:52:52.082  3079  3079 I cast_shell: [3082:3121:INFO:setup_api_registry.cc(192)] Register external API: bluetooth/discovery
04-09 09:52:52.082  3079  3079 I cast_shell: [3082:3121:INFO:setup_api_registry.cc(192)] Register external API: bluetooth/get_bonded
04-09 09:52:52.082  3079  3079 I cast_shell: [3082:3121:INFO:setup_api_registry.cc(192)] Register external API: bluetooth/scan
04-09 09:52:52.082  3079  3079 I cast_shell: [3082:3121:INFO:setup_api_registry.cc(192)] Register external API: bluetooth/scan_results
04-09 09:52:52.082  3079  3079 I cast_shell: [3082:3121:INFO:setup_api_registry.cc(192)] Register external API: bluetooth/set_connectable
04-09 09:52:52.082  3079  3079 I cast_shell: [3082:3121:INFO:setup_api_registry.cc(192)] Register external API: bluetooth/status
04-09 09:52:52.082  3079  3079 I cast_shell: [3082:3121:INFO:setup_api_registry.cc(192)] Register external API: bluetooth/le/connect
04-09 09:52:52.082  3079  3079 I cast_shell: [3082:3121:INFO:setup_api_registry.cc(192)] Register external API: bluetooth/le/pause_scan
04-09 09:52:52.082  3079  3079 I cast_shell: [3082:3121:INFO:setup_api_registry.cc(192)] Register external API: bluetooth/le/set_scan_parameters
04-09 09:52:52.082  3079  3079 I cast_shell: [3082:3121:INFO:setup_api_registry.cc(192)] Register external API: bluetooth/le/scan
04-09 09:52:52.083  3079  3079 I cast_shell: [3082:3121:INFO:setup_api_registry.cc(192)] Register external API: bluetooth/le/scan_results
04-09 09:52:52.083  3079  3079 I cast_shell: [3082:3121:INFO:setup_api_registry.cc(192)] Register external API: bluetooth/debug
04-09 09:52:52.083  3079  3079 I cast_shell: [3082:3082:ERROR:server.cc(243)] XDG_RUNTIME_DIR not set in the environment
04-09 09:52:52.083  3079  3079 I cast_shell: [3082:3082:ERROR:wayland_server_controller.cc(27)] Wayland server creation failed
04-09 09:52:52.083  3079  3079 I cast_shell: [3082:3121:INFO:setup_api_registry.cc(192)] Register external API: accessory/debug
04-09 09:52:52.083  3079  3079 I cast_shell: [3082:3082:WARNING:cast_metrics_service_client.cc(134)] Empty client id from platform, assuming this is the first boot up of a new device.
04-09 09:52:52.083  3079  3079 I cast_shell: [3082:3082:INFO:cast_metrics_service_client.cc(93)] Metrics client ID set: 864f883a-2363-4b16-932b-52f08b3d8e11
04-09 09:52:52.084  3079  3079 I cast_shell: [3082:3082:INFO:device_info_impl.cc(970)] Metrics client ID: 864f883a-2363-4b16-932b-52f08b3d8e11
04-09 09:52:52.084  2734  2761 I bluetoothtbd: [0408/212252.084315:INFO:adapter.cc(551)] Adapter properties changed
04-09 09:52:52.084  2734  2761 I bluetoothtbd: [0408/212252.084715:INFO:adapter.cc(551)] Adapter properties changed
04-09 09:52:52.084  2734  2761 E bluetoothtbd: [0408/212252.084838:ERROR:adapter.cc(608)] Invalid property length: 512
04-09 09:52:52.085  2734  2761 I bluetoothtbd: [0408/212252.085017:INFO:adapter.cc(551)] Adapter properties changed
04-09 09:52:52.085  2734  2761 I bluetoothtbd: [0408/212252.085185:INFO:adapter.cc(551)] Adapter properties changed
04-09 09:52:52.085  2734  2761 I bluetoothtbd: [0408/212252.085253:INFO:adapter.cc(573)] Adapter name changed
04-09 09:52:52.085  3079  3079 I cast_shell: [3082:3082:INFO:cast_metrics_service_client.cc(93)] Metrics client ID set: 864f883a-2363-4b16-932b-52f08b3d8e11
04-09 09:52:52.085  3079  3079 I cast_shell: [3082:3082:INFO:device_info_impl.cc(970)] Metrics client ID: 864f883a-2363-4b16-932b-52f08b3d8e11
04-09 09:52:52.085  3079  3079 I cast_shell: [3082:3121:INFO:bluetooth_manager.cc(1232)] [PII] Set device name to 'LSB9270'
04-09 09:52:52.085  3079  3079 I cast_shell: [3082:3121:INFO:wifi_proximity.cc(177)] Request scan.
04-09 09:52:52.088  3079  3079 I cast_shell: [3082:3089:INFO:crypto_manager.cc(75)] Creating private key: size=2048
04-09 09:52:52.088  3079  3079 I cast_shell: [3082:3082:INFO:cast_receiver_impl.cc(828)] Cast receiver started.
04-09 09:52:52.088  3079  3079 I cast_shell: [3082:3082:WARNING:cast_receiver_impl.cc(1126)] Network is not globally connected. Don't schedule config downloading yet.
04-09 09:52:52.088  3079  3079 I cast_shell: [3082:3082:INFO:ccs_manager_impl.cc(663)] Starting cloud ipc activity with CCS
04-09 09:52:52.088  3079  3079 I cast_shell: [3082:3082:INFO:ccs_manager_impl.cc(1286)] CcsManagerImpl opt_in.cloud_ipc pref changed: 1
04-09 09:52:52.088  3079  3079 I cast_shell: [3082:3132:ERROR:socket_posix.cc(148)] bind() failed: Address already in use (98)
04-09 09:52:52.088  3079  3079 I cast_shell: [3082:3082:INFO:ccs_manager_impl.cc(1322)] Waiting for all transports to be enabled
04-09 09:52:52.088  3079  3079 I cast_shell: [3082:3082:INFO:ccs_transport_gcm.cc(94)] Deferring GCM registration until connectivity is up
04-09 09:52:52.088  3079  3079 I cast_shell: [3082:3132:INFO:v2_ssl_socket.cc(775)] IPv6 socket probably supports both IPv4 and IPv6
04-09 09:52:52.088  3079  3079 I cast_shell: [3082:3082:INFO:multizone_manager.cc(2397)] Resuming MultizoneManager
04-09 09:52:52.088  3079  3079 I cast_shell: [3082:3082:INFO:cast_receiver_impl.cc(934)] Cast receiver resumed.
04-09 09:52:52.092  3079  3079 I cast_shell: [3082:3132:INFO:v2_unix_domain_socket_factory.cc(84)] Cast V2 Unix domain socket is listening: path=/tmp/cast-control
04-09 09:52:52.094  3079  3079 I cast_shell: [3082:3129:ERROR:socket_posix.cc(148)] bind() failed: Address already in use (98)
04-09 09:52:52.094  3079  3079 I cast_shell: [3082:3090:ERROR:service_manager.cc(210)] Failed to resolve service name: cast_assistant
04-09 09:52:52.094  3079  3079 I cast_shell: [3082:3129:INFO:cast_web_server.cc(210)] Http server for Cast receiver started: port=8008
04-09 09:52:52.095  3079  3079 I cast_shell: [3082:3132:ERROR:broadcast_filter.cc(70)] Failed to join broadcast filter multicast group
04-09 09:52:52.096  3079  3079 I cast_shell: [3082:3132:WARNING:broadcast_filter.cc(120)] Failed to enable BroadcastFilter
04-09 09:52:52.099  3079  3079 I cast_shell: [3082:3143:INFO:external_mojo_broker.cc(405)] Initializing external mojo broker at: /tmp/cast_mojo_broker
04-09 09:52:52.102  3079  3079 I cast_shell: [3082:3093:ERROR:cast_audio_input_json.cc(33)] Failed to read JSON file: /etc/cast_audio_input.json
04-09 09:52:52.102  3079  3079 I cast_shell: [3082:3093:ERROR:channel_selector_reader.cc(44)] Failed to read audio input json
04-09 09:52:52.102  3079  3079 I cast_shell: [3082:3093:INFO:auto_volume.cc(107)] Auto volume is disabled
04-09 09:52:52.106  3079  3079 I cast_shell: [system_updater_dummy.cpp(79)] Initialize
04-09 09:52:52.106  3079  3079 I cast_shell: [system_updater_dummy.cpp(29)] system_updater_socket_create
04-09 09:52:52.109  3079  3079 I cast_shell: [3082:3082:INFO:audio_focus_manager_impl.cc(27)] use_media_starting_block: 0
04-09 09:52:52.110  3079  3079 I cast_shell: [3082:3082:INFO:grpc_auth_manager_in_process.cc(135)] Initializing Auth.
04-09 09:52:52.110  3079  3079 I cast_shell: [3082:3082:INFO:grpc_manager_impl.cc(505)] GRPC[uri=[::]:8012]: num_pending_calls=0, num_active_handlers=0, num_free_handlers=0
04-09 09:52:52.111  3079  3079 I cast_shell: [3082:3131:INFO:metrics_recorder.cc(282)] cast event: Cast.Discovery.Mdns.SocketCreated
04-09 09:52:52.111  3079  3079 I cast_shell: [3082:3131:INFO:mdns_app_filter.cc(1254)] Created mDNS socket for interface:name=p2p1, address=192.168.2.1, index=7
04-09 09:52:52.111  3079  3079 I cast_shell: [3082:3131:INFO:metrics_recorder.cc(282)] cast event: Cast.Discovery.Mdns.SocketCreated
04-09 09:52:52.111  3079  3079 I cast_shell: [3082:3131:INFO:mdns_app_filter.cc(1254)] Created mDNS socket for interface:name=usb0, address=192.168.10.1, index=9
04-09 09:52:52.111  3079  3079 I cast_shell: [3082:3131:INFO:mdns_app_filter.cc(977)] MdnsAppFilter is starting.
04-09 09:52:52.111  3079  3079 I cast_shell: [3082:3131:INFO:metrics_recorder.cc(282)] cast event: Cast.Discovery.Mdns.ResponderStarted
04-09 09:52:52.112  3079  3079 I cast_shell: [3082:3131:INFO:mdns_cast_service.cc(351)] Device discovery state is setup-only
04-09 09:52:52.113  3079  3079 I cast_shell: [3082:3092:WARNING:crl_downloader.cc(136)] CRL failed to restore.
04-09 09:52:52.113  3079  3079 I cast_shell: [3082:3082:INFO:grpc_manager_impl.cc(317)] Grpc server started in port 8012
04-09 09:52:52.114  3079  3079 I cast_shell: [3082:3082:INFO:ccs_manager_impl.cc(851)] Network connectivity down for CcsManager
04-09 09:52:52.117  3079  3079 I cast_shell: [3082:3102:INFO:cast_auth_api_adaptor.cc(82)] CastAuth: init with library: libcast_auth.so
04-09 09:52:52.118  3079  3079 I cast_shell: [3082:3082:INFO:mdns_manager_impl.cc(468)] Setting new conflict callback
04-09 09:52:52.118  3079  3079 I cast_shell: [3082:3082:INFO:mdns_util.cc(102)] Defaulting mDNS capabilities for audio-only build
04-09 09:52:52.120  3079  3079 I cast_shell: [3082:3082:INFO:ccs_manager_impl.cc(1322)] Waiting for all transports to be enabled
04-09 09:52:52.120  3079  3079 I cast_shell: [3082:3082:INFO:bluetooth_setup.cc(690)] Disabling connectability.
04-09 09:52:52.120  3079  3079 I cast_shell: [3082:3102:INFO:cast_auth_api_adaptor.cc(93)] CastAuth: common module initialization successful.
04-09 09:52:52.120  3079  3079 I cast_shell: [3082:3102:INFO:cast_auth_api_adaptor.cc(98)] CastAuth: model-based module initialization successful.
04-09 09:52:52.120  3079  3079 I cast_shell: [3082:3121:INFO:ble_setup.cc(388)] BLE setup initialized.
04-09 09:52:52.120  3079  3079 I cast_shell: [3082:3082:INFO:input_manager_impl.cc(468)] Using virtual device 39670884-7026-a715-b840-1e45d8e11553
04-09 09:52:52.120  3079  3079 I cast_shell: [3082:3131:INFO:mdns_app_filter.cc(1605)] Re-probing due to newly registered service '1': _googlerpc
04-09 09:52:52.120  3079  3079 I cast_shell: [3082:3132:INFO:endpoint_with_namespace_handler.cc(103)] Added a namespace handler: local_id=receiver-39670884-7026-a715-b840-1e45d8e11553, namespace=urn:x-cast:com.google.cast.setup
04-09 09:52:52.127  3079  3079 I cast_shell: [3082:3131:INFO:mdns_app_filter.cc(1254)] Created mDNS socket for interface:name=p2p1, address=192.168.2.1, index=7
04-09 09:52:52.128  3079  3079 I cast_shell: [3082:3131:INFO:metrics_recorder.cc(282)] cast event: Cast.Discovery.Mdns.SocketCreated
04-09 09:52:52.128  3079  3079 I cast_shell: [3082:3131:INFO:mdns_app_filter.cc(1254)] Created mDNS socket for interface:name=usb0, address=192.168.10.1, index=9
04-09 09:52:52.128  3079  3079 I cast_shell: [3082:3131:INFO:discovered_service_client.cc(78)] Primary interface for service discovery has changed: ifindex=9
04-09 09:52:52.130  3079  3079 I cast_shell: [3082:3092:INFO:hotspot_manager.cc(198)] Starting request id=1 ssid=LSB9270.d256, hidden=0
04-09 09:52:52.130  3079  3079 I cast_shell: [3082:3121:INFO:gatt_client_manager_impl.cc(202)] Enabling GATT client connectability
