04-09 11:28:11.293  3082  3082 I process_manager: [0408/225811.292873:INFO:process_manager.cc(348)] process manager initialized
04-09 11:28:11.293  3082  3082 I process_manager: [0408/225811.293463:INFO:process_manager.cc(475)] Resuming manager from a previous state
04-09 11:28:11.326  3082  3082 I process_manager: [0408/225811.326172:INFO:package_utils.cc(186)] Run update_engine: /bin/logwrapper /system/chrome/update_engine --foreground --netif-for-unique-ids=eth0 --omaha-beta-app-id={c71af7c9-fb75-4084-9bb1-6483fae36524} --omaha-prod-app-id={c71af7c9-fb75-4084-9bb1-6483fae36524} --ota-directory=/chrome/cache/ --update-engine-unix-socket-path=/tmp/socket/updater --v=4 --netif-for-unique-ids=wlan0 --ota-directory=/data/chrome/cache/
04-09 11:28:11.327  3082  3082 I process_manager: [0408/225811.327192:INFO:package_utils.cc(186)] Run crash_uploader: /bin/logwrapper /system/chrome/crash_uploader
04-09 11:28:11.328  3082  3082 I process_manager: [0408/225811.328157:INFO:package_utils.cc(186)] Run cast_shell: /bin/logwrapper /system/chrome/cast_shell --accept-resource-provider=true --alsa-enable-upsampling=false --app-config-path=/fakeapp.conf --blink-platform-log-channels=Media --cast-control-unix-socket-path=/tmp/cast-control --default-eureka-name-prefix=Google Cast Speaker --disable-dial=true --disable-images-for-app-id=*|1B11061A --enable-background-apps=false --idle-screen=false --js-flags=--trace_gc --netif-for-unique-ids=eth0 --no-daily-reboot=true --ota-directory=/chrome/cache/ --setup-support-guest-mode=0 --skip-gpu-data-loading --update-engine-unix-socket-path=/tmp/socket/updater --accept-resource-provider=true --alsa-enable-upsampling=true --alsa-output-avail-min=256 --alsa-output-buffer-size=4096 --alsa-output-period-size=512 --alsa-output-start-threshold=2048 --default-eureka-name-prefix=LSB --enable-background-apps=true --enable-hi-res-audio-support=true --enable-multizone=true --netif-for-unique-ids=wlan0 --ota-directory=/data/chrome/cache/ --setup-ssid-suffix=d256 --setup-support-guest-mode=0 --wpa-supplicant-unix-socket-path=/dev/socket/wpa_wlan0
04-09 11:28:11.352  3085  3085 I crash_uploader: [0408/225811.351290:INFO:crash_uploader.cc(45)] Starting crash uploader...
04-09 11:28:11.354  3085  3085 I crash_uploader: [0408/225811.354078:ERROR:synchronized_minidump_manager.cc(251)] Lockfile did not parse correctly. 
04-09 11:28:11.358  3084  3084 I update_engine: [0408/225811.357982:INFO:main.cc(149)] Eureka Update Engine starting
04-09 11:28:11.359  3084  3084 I update_engine: [0408/225811.359242:INFO:update_check_scheduler.cc(77)] Next update check in 2700 seconds
04-09 11:28:11.359  3084  3084 I update_engine: [0408/225811.359549:INFO:string_based_ipc_server.cc(75)] Start IPC server: /tmp/socket/updater
04-09 11:28:11.360  3084  3084 I update_engine: [0408/225811.359925:INFO:unix_stream_server_socket.cc(62)] Unix server socket is created: /tmp/socket/updater
04-09 11:28:11.560  3086  3086 I cast_shell: [3089:3089:ERROR:pref_service_helper.cc(79)] Cannot initialize chromecast config: /data/chrome/.eureka.conf, pref_error=6
04-09 11:28:11.562  3086  3086 I cast_shell: [3089:3089:WARNING:discardable_shared_memory_manager.cc(194)] Less than 64MB of free space in temporary directory for shared memory files: 32
04-09 11:28:11.575  3086  3086 I cast_shell: Fontconfig warning: "/etc/fonts/fonts.conf", line 80: unknown element "blank"
04-09 11:28:11.761  3086  3086 I cast_shell: [3089:3089:INFO:cast_system_memory_pressure_evaluator.cc(167)] AdjustMemoryFractions: critical_memory_fraction_=0.25, moderate_memory_fraction_=0.4
04-09 11:28:11.767  3086  3086 I cast_shell: [3089:3089:INFO:cast_window_manager_aura.cc(198)] Starting window manager, bounds: 0,0 1x1
04-09 11:28:11.774  3086  3086 I cast_shell: [3089:3108:ERROR:mixer_connection.cc(91)] Failed to connect to mixer service: -102
04-09 11:28:11.774  3086  3086 I cast_shell: [3089:3089:WARNING:client_auth_manager.cc(94)] Old certificate is empty.
04-09 11:28:11.775  3086  3086 I cast_shell: [3089:3089:INFO:device_info_impl.cc(135)] [PII] Weave device ID: 
04-09 11:28:11.778  3086  3086 I cast_shell: [3089:3089:INFO:device_info_impl.cc(406)] MAC address for wlan0: CC:90:93:21:F3:84
04-09 11:28:11.778  3086  3086 I cast_shell: [3089:3089:INFO:device_info_impl.cc(431)] Device model id: COTODAMA.LS10 Platform.LSB
04-09 11:28:11.778  3086  3086 I cast_shell: [3089:3089:INFO:device_info_impl.cc(466)] Control Notifications: 0
04-09 11:28:11.778  3086  3086 I cast_shell: [3089:3089:ERROR:device_info_impl.cc(145)] Cannot read file: /data/bootid
04-09 11:28:11.778  3086  3086 I cast_shell: [3089:3089:INFO:device_info_impl.cc(482)] SSDP Boot ID: 0
04-09 11:28:11.778  3086  3086 I cast_shell: [3089:3089:INFO:device_info_impl.cc(486)] SSDP Config ID: 1
04-09 11:28:11.778  3086  3086 I cast_shell: [3089:3089:WARNING:secure_storage_impl.cc(85)] Device key not available yet.
04-09 11:28:11.778  3086  3086 I cast_shell: [3089:3089:INFO:cast_power_manager_provider.cc(26)] Creating DummyCastPowerManagerProvider
04-09 11:28:11.778  3086  3086 I cast_shell: [3089:3089:WARNING:auth_provider_impl.cc(72)] No IoT client_id found on the device. If device was FDRed please ignore this warning.
04-09 11:28:11.778  3086  3086 I cast_shell: [3089:3089:INFO:file_provider_impl.cc(67)] Initialized file provider with base dir: /data/chrome/auth
04-09 11:28:11.778  3086  3086 I cast_shell: [3089:3089:INFO:cast_power_manager_provider.cc(26)] Creating DummyCastPowerManagerProvider
04-09 11:28:11.779  3086  3086 I cast_shell: [3089:3111:INFO:stream_mixer.cc(194)] StreamMixer
04-09 11:28:11.779  3086  3086 I cast_shell: [3089:3111:INFO:stream_mixer.cc(222)] Mixer health checker started
04-09 11:28:11.779  3086  3086 I cast_shell: [3089:3111:WARNING:post_processing_pipeline_parser.cc(65)] No post-processing config found at /etc/cast_audio.json.
04-09 11:28:11.779  3086  3086 I cast_shell: [3089:3111:WARNING:post_processing_pipeline_parser.cc(133)] No post-processor description found for "mix" in /etc/cast_audio.json. Using passthrough.
04-09 11:28:11.779  3086  3086 I cast_shell: [3089:3111:INFO:mixer_pipeline.cc(103)] 2 input channels to 'mix' group
04-09 11:28:11.779  3086  3086 I cast_shell: [3089:3112:INFO:stream_mixer.cc(121)] Actual priority = 99, policy = 1
04-09 11:28:11.779  3086  3086 I cast_shell: [3089:3111:WARNING:post_processing_pipeline_parser.cc(133)] No post-processor description found for "linearize" in /etc/cast_audio.json. Using passthrough.
04-09 11:28:11.779  3086  3086 I cast_shell: [3089:3111:INFO:mixer_pipeline.cc(124)] 2 input channels to 'linearize' group
04-09 11:28:11.780  3086  3086 I cast_shell: [3089:3111:INFO:alsa_volume_control.cc(43)] Opening mixer element "Master" on device "default"
04-09 11:28:11.783  3086  3086 I cast_shell: [3089:3113:INFO:audio_socket_service_uds.cc(44)] Using endpoint /tmp/mixer-service
04-09 11:28:11.785  3086  3086 I cast_shell: [3089:3111:INFO:alsa_volume_control.cc(219)] Volume device = default, element = Master
04-09 11:28:11.786  3086  3086 I cast_shell: [3089:3111:INFO:alsa_volume_control.cc(221)] Mute device = default, element = Master
04-09 11:28:11.786  3086  3086 I cast_shell: [3089:3111:INFO:alsa_volume_control.cc(234)] Idle device = default, elements = []
04-09 11:28:11.786  3086  3086 I cast_shell: [3089:3111:INFO:alsa_volume_control.cc(43)] Opening mixer element "Master" on device "default"
04-09 11:28:11.790  3089  3089 E         : Create
04-09 11:28:11.790  3089  3089 E         : OOBE IsSupported
04-09 11:28:11.790  3086  3086 I cast_shell: [3089:3089:INFO:multizone_manager.cc(330)] Multizone features are enabled
04-09 11:28:11.790  3086  3086 I cast_shell: [3089:3089:INFO:cast_power_manager_provider.cc(26)] Creating DummyCastPowerManagerProvider
04-09 11:28:11.790  3086  3086 I cast_shell: [3089:3089:INFO:update_engine_client_with_ipc.cc(343)] Using IPC UpdateEngineClient
04-09 11:28:11.791  3086  3086 I cast_shell: [3089:3097:INFO:parent_tracker.cc(90)] [PII](DFFA6592D55D2D5E14068E9447CA6B61) has hash 1166477267, root wait is 7.28408 s
04-09 11:28:11.791  3086  3086 I cast_shell: [3089:3097:INFO:parent_tracker.cc(120)] Can't use IPv4
04-09 11:28:11.791  3086  3086 I cast_shell: [3089:3097:INFO:parent_tracker.cc(124)] Can't use IPv6
04-09 11:28:11.791  3086  3086 I cast_shell: [3089:3097:ERROR:parent_tracker.cc(125)] No valid interface for multicast
04-09 11:28:11.793  3086  3086 I cast_shell: [3089:3097:INFO:directory_service_impl.cc(168)] Boot count is now 1
04-09 11:28:11.793  3086  3086 I cast_shell: [3089:3097:ERROR:socket_posix.cc(148)] bind() failed: Address already in use (98)
04-09 11:28:11.793  3086  3086 I cast_shell: [3089:3097:ERROR:tcp_listener.cc(64)] Listen failed: net::ERR_ADDRESS_IN_USE : 0.0.0.0:10101
04-09 11:28:11.793  3086  3086 I cast_shell: [3089:3097:ERROR:directory_service_impl.cc(213)] TCP listener error: -1
04-09 11:28:11.793  3086  3086 I cast_shell: [3089:3089:INFO:chromecast_service_client_default.cc(75)] System updater is supported, and this is first setup.
04-09 11:28:11.794  3086  3086 I cast_shell: [3089:3089:INFO:managed_mode_service.cc(345)] Starting in managed mode: 0
04-09 11:28:11.795  3086  3086 I cast_shell: [3089:3089:INFO:platform_client_auth_creds.cc(114)] Loaded client certificate. Key len = 2048 bits. Chain len = 2 (source FROM_CERT).
04-09 11:28:11.797  3086  3086 I cast_shell: [3089:3089:INFO:grpc_manager_impl.cc(262)] Registered a handler GetDeviceStatus for service chromecast.LocalCloudcastService
04-09 11:28:11.797  3086  3086 I cast_shell: [3089:3089:INFO:grpc_manager_impl.cc(505)] GRPC[uri=[::]:0]: num_pending_calls=0, num_active_handlers=0, num_free_handlers=0
04-09 11:28:11.798  3086  3086 I cast_shell: [3089:3089:INFO:cast_power_manager_provider.cc(26)] Creating DummyCastPowerManagerProvider
04-09 11:28:11.798  3086  3086 I cast_shell: [3089:3089:INFO:cast_power_manager_provider.cc(26)] Creating DummyCastPowerManagerProvider
04-09 11:28:11.798  3086  3086 I cast_shell: [3089:3089:INFO:gcm_manager.cc(140)] GCM Dir = /data/chrome/gcm
04-09 11:28:11.798  3086  3086 I cast_shell: [3089:3089:INFO:gcm_manager.cc(258)] Enabling GCM Driver
04-09 11:28:11.799  3086  3086 I cast_shell: [3089:3089:INFO:grpc_manager_impl.cc(505)] GRPC[uri=]: num_pending_calls=0, num_active_handlers=0, num_free_handlers=0
04-09 11:28:11.799  3086  3086 I cast_shell: [3089:3089:INFO:lycra_gcm.cc(117)] Deferring GCM registration until connectivity is up.
04-09 11:28:11.899  3086  3086 I cast_shell: [3089:3089:WARNING:cloud_settings_manager.cc(513)] Cannot initialize device settings config: /data/chrome/cloud_settings/cloud_settings.prefs, pref_error=6
04-09 11:28:11.900  3086  3086 I cast_shell: [3089:3089:INFO:cloud_settings_manager.cc(195)] Cloud settings is disabled.
04-09 11:28:11.900  3086  3086 I cast_shell: [3089:3089:INFO:pref_metrics_manager.cc(66)] PrefMetricsManager started.
04-09 11:28:11.901  3086  3086 I cast_shell: [3089:3089:INFO:pref_control_service_impl.cc(142)] Loading prefs from /data/chrome/pref_control/pref_control.prefs
04-09 11:28:11.901  3086  3086 I cast_shell: [3089:3089:INFO:pref_control_service_impl.cc(602)] Registering pref Pref [Name:motion_sensing_pref,RestoreValue:1,ForceEnableParent:1,Value:1,Optin:1]
04-09 11:28:11.901  3086  3086 I cast_shell: [3089:3089:INFO:pref_control_service_impl.cc(602)] Registering pref Pref [Name:sleep_sensing_pref,RestoreValue:0,ForceEnableParent:1,Value:1,Optin:0]
04-09 11:28:11.901  3086  3086 I cast_shell: [3089:3089:INFO:pref_control_service_impl.cc(602)] Registering pref Pref [Name:sleep_disturbance_pref,RestoreValue:1,ForceEnableParent:0,Value:1,Optin:0]
04-09 11:28:11.901  3086  3086 I cast_shell: [3089:3089:INFO:pref_control_service_impl.cc(602)] Registering pref Pref [Name:sleep_coaching_pref,RestoreValue:1,ForceEnableParent:0,Value:1,Optin:0]
04-09 11:28:11.901  3086  3086 I cast_shell: [3089:3089:INFO:pref_control_service_impl.cc(602)] Registering pref Pref [Name:gesture_sensing_pref,RestoreValue:0,ForceEnableParent:1,Value:1,Optin:0]
04-09 11:28:11.901  3086  3086 I cast_shell: [3089:3089:INFO:pref_control_service_impl.cc(602)] Registering pref Pref [Name:play_and_pause_gesture_pref,RestoreValue:1,ForceEnableParent:0,Value:1,Optin:0]
04-09 11:28:11.901  3086  3086 I cast_shell: [3089:3089:INFO:pref_control_service_impl.cc(602)] Registering pref Pref [Name:snooze_alarm_gesture_pref,RestoreValue:1,ForceEnableParent:0,Value:1,Optin:0]
04-09 11:28:11.901  3086  3086 I cast_shell: [3089:3089:INFO:pref_control_service_impl.cc(602)] Registering pref Pref [Name:stop_timers_gesture_pref,RestoreValue:1,ForceEnableParent:0,Value:1,Optin:0]
04-09 11:28:11.901  3086  3086 I cast_shell: [3089:3089:INFO:pref_metrics_manager.cc(94)] Adding motion_sensing_pref to PrefMetricsManager.
04-09 11:28:11.901  3086  3086 I cast_shell: [3089:3089:INFO:pref_metrics_manager.cc(94)] Adding sleep_sensing_pref to PrefMetricsManager.
04-09 11:28:11.901  3086  3086 I cast_shell: [3089:3089:INFO:pref_metrics_manager.cc(94)] Adding sleep_disturbance_pref to PrefMetricsManager.
04-09 11:28:11.902  3086  3086 I cast_shell: [3089:3089:INFO:pref_metrics_manager.cc(94)] Adding sleep_coaching_pref to PrefMetricsManager.
04-09 11:28:11.902  3086  3086 I cast_shell: [3089:3089:INFO:grpc_manager_impl.cc(245)] Registered service chromecast.grpc_discovery.GrpcDiscoveryService
04-09 11:28:11.902  3086  3086 I cast_shell: [3089:3089:INFO:grpc_manager_impl.cc(262)] Registered a handler GetServiceInfo for service chromecast.grpc_discovery.GrpcDiscoveryService
04-09 11:28:11.903  3086  3086 I cast_shell: [3089:3089:INFO:grpc_manager_impl.cc(505)] GRPC[uri=unix:/tmp/hcp_ipc_auth.socket]: num_pending_calls=0, num_active_handlers=0, num_free_handlers=0
04-09 11:28:11.903  3086  3086 I cast_shell: [3089:3126:INFO:common_time.cc(128)] New common clock leader DFFA6592D55D2D5E14068E9447CA6B61, is_this_device = 1, IP = [::1]:10006, quality = 0
04-09 11:28:11.903  3086  3086 I cast_shell: [3089:3126:INFO:common_time.cc(158)] Set this device as common time source
04-09 11:28:11.904  3086  3086 I cast_shell: [3089:3089:INFO:grpc_manager_impl.cc(245)] Registered service usonia.ipc.Auth
04-09 11:28:11.904  3086  3086 I cast_shell: [3089:3089:INFO:grpc_manager_impl.cc(262)] Registered a handler Sign for service usonia.ipc.Auth
04-09 11:28:11.904  3086  3086 I cast_shell: [3089:3089:INFO:grpc_manager_impl.cc(262)] Registered a handler Verify for service usonia.ipc.Auth
04-09 11:28:11.904  3086  3086 I cast_shell: [3089:3089:INFO:grpc_manager_impl.cc(262)] Registered a handler AuthReady for service usonia.ipc.Auth
04-09 11:28:11.904  3086  3086 I cast_shell: [3089:3089:INFO:grpc_manager_impl.cc(245)] Registered service usonia.ipc.DistributedServiceDiscovery
04-09 11:28:11.904  3086  3086 I cast_shell: [3089:3089:INFO:grpc_manager_impl.cc(262)] Registered a handler UpdateServiceObservers for service usonia.ipc.DistributedServiceDiscovery
04-09 11:28:11.904  3086  3086 I cast_shell: [3089:3089:INFO:grpc_manager_impl.cc(262)] Registered a handler FetchAllPeerAddressList for service usonia.ipc.DistributedServiceDiscovery
04-09 11:28:11.904  3086  3086 I cast_shell: [3089:3089:INFO:grpc_manager_impl.cc(262)] Registered a handler ResolvePeerAddress for service usonia.ipc.DistributedServiceDiscovery
04-09 11:28:11.904  3086  3086 I cast_shell: [3089:3089:INFO:grpc_manager_impl.cc(262)] Registered a handler AddService for service usonia.ipc.DistributedServiceDiscovery
04-09 11:28:11.907  3086  3086 I cast_shell: [3089:3089:INFO:grpc_manager_impl.cc(317)] Grpc server started in port 1
04-09 11:28:11.907  3086  3086 I cast_shell: [3089:3089:INFO:sensor_pref_manager.cc(84)] SensorPrefManager is disabled.
04-09 11:28:11.908  3086  3086 I cast_shell: [3089:3089:INFO:remote_ducking_receiver.cc(183)] remote ducking: starting receiver.
04-09 11:28:11.908  3086  3086 I cast_shell: [3089:3089:INFO:grpc_manager_impl.cc(505)] GRPC[uri=unix:/tmp/modular_updater/modular_update_service]: num_pending_calls=0, num_active_handlers=0, num_free_handlers=0
04-09 11:28:11.908  3086  3086 I cast_shell: [3089:3089:INFO:cast_power_manager_provider.cc(26)] Creating DummyCastPowerManagerProvider
04-09 11:28:11.915  3086  3086 I cast_shell: [3089:3089:INFO:timezone_settings.cc(288)] Setting system timezone to America/Los_Angeles
04-09 11:28:11.916  3086  3086 I cast_shell: [3089:3089:INFO:daily_reboot_impl.cc(172)] Daily reboot is disabled
04-09 11:28:11.916  3086  3086 I cast_shell: [3089:3089:INFO:api_reboot.cc(321)] active_activities count=1
04-09 11:28:11.917  3086  3086 I cast_shell: [3089:3104:INFO:gamma_utils.cc(31)] Gamma calibration file is not present, use default LUT
04-09 11:28:11.917  3086  3086 I cast_shell: [3089:3089:INFO:cast_power_manager_provider.cc(26)] Creating DummyCastPowerManagerProvider
04-09 11:28:11.917  3086  3086 I chatty  : uid=1000(chrome) /bin/logwrapper identical 1 line
04-09 11:28:11.917  3086  3086 I cast_shell: [3089:3089:INFO:cast_power_manager_provider.cc(26)] Creating DummyCastPowerManagerProvider
04-09 11:28:11.920  3086  3086 I cast_shell: [3089:3104:INFO:tuning_manager.cc(118)] No file found at /etc/cast_audio.json
04-09 11:28:11.920  3086  3086 I cast_shell: [3089:3104:INFO:tuning_manager.cc(130)] No file found at /etc/cast_audio.json
04-09 11:28:11.920  3086  3086 I cast_shell: [3089:3089:INFO:setup_api_registry.cc(192)] Register external API: audio/delete_config
04-09 11:28:11.920  3086  3086 I cast_shell: [3089:3089:INFO:setup_api_registry.cc(192)] Register external API: audio/get_avail_processors
04-09 11:28:11.920  3086  3086 I cast_shell: [3089:3089:INFO:setup_api_registry.cc(192)] Register external API: audio/get_config
04-09 11:28:11.920  3086  3086 I cast_shell: [3089:3089:INFO:setup_api_registry.cc(192)] Register external API: audio/get_default_config
04-09 11:28:11.920  3086  3086 I cast_shell: [3089:3089:INFO:setup_api_registry.cc(192)] Register external API: audio/set_params
04-09 11:28:11.920  3086  3086 I cast_shell: [3089:3089:INFO:setup_api_registry.cc(192)] Register external API: audio/set_config
04-09 11:28:11.921  3086  3086 I cast_shell: [3089:3089:INFO:setup_api_registry.cc(192)] Register external API: user_eq/set_equalizer
04-09 11:28:11.921  3086  3086 I cast_shell: [3089:3089:INFO:capture_service_dummy.cc(11)] Dummy CaptureService.
04-09 11:28:11.925  3086  3086 I cast_shell: [3089:3089:INFO:setup_api_registry.cc(192)] Register external API: auto_media_volume
04-09 11:28:11.925  3086  3086 I cast_shell: [3089:3089:INFO:cast_thread_health_check.cc(53)] Receiver health check timeout: 15 seconds.
04-09 11:28:11.925  3086  3086 I cast_shell: [3089:3089:INFO:file_util.cc(28)] base_assistant_dir = /data/chrome
04-09 11:28:11.926  3086  3086 I cast_shell: [3089:3089:INFO:chromecast_service.cc(2189)] Geolocation changed to: 0
04-09 11:28:11.926  3086  3086 I cast_shell: [3089:3089:INFO:chromecast_service.cc(2229)] AoGH feature is: 0
04-09 11:28:11.926  3086  3086 I cast_shell: [3089:3089:INFO:chromecast_service.cc(2248)] Playback disruption feature is: 0
04-09 11:28:11.932  3086  3086 I cast_shell: [3089:3089:INFO:metrics_recorder.cc(112)] Metrics stat: total=0
04-09 11:28:11.932  3086  3086 I cast_shell: [3089:3114:INFO:media_manager_impl.cc(1043)] New device volume control type: new_type=1, old_type=0
04-09 11:28:11.932  3086  3086 I cast_shell: [3089:3114:INFO:media_manager_impl.cc(1066)] New device volume step interval: new_interval=0.02, old_interval=0
04-09 11:28:11.932  3086  3086 I cast_shell: [3089:3114:ERROR:media_manager_impl.cc(1294)] GetScreenResolution failed.
04-09 11:28:11.932  3086  3086 I cast_shell: [3089:3114:INFO:media_manager_impl.cc(343)] Media manager is initialized.
04-09 11:28:11.932  3086  3086 I cast_shell: [3089:3089:INFO:media_manager_impl.cc(269)] IsHdmiPlatform: 0
04-09 11:28:11.933  3086  3086 I cast_shell: [3089:3089:INFO:hds_settings.cc(136)] HdsSettings using HDS url https://preprod-home-devices.sandbox.google.com/
04-09 11:28:11.934  3086  3086 I cast_shell: [3089:3089:INFO:client_auth_creds.cc(173)] Device cert: 4D8AC5B9056A76852E4F FA:8F:CA:87:13:D1
04-09 11:28:11.935  3086  3086 I cast_shell: [3089:3089:INFO:client_auth_creds.cc(182)] Intermediate cert: LSB
04-09 11:28:11.935  3086  3086 I cast_shell: [3089:3089:INFO:client_auth_creds.cc(182)] Intermediate cert: Amlogic GVA Manufacturer Cert
04-09 11:28:11.935  3086  3086 I cast_shell: [3089:3089:INFO:client_auth_creds.cc(226)] Imported client auth cert.
04-09 11:28:11.935  3086  3086 I cast_shell: [3089:3089:INFO:client_auth_creds.cc(237)] Imported client auth private key
04-09 11:28:11.935  3086  3086 I cast_shell: [3089:3089:INFO:client_auth_signer.cc(155)] Created singleton instance of ClientAuthSigner.
04-09 11:28:11.935  3086  3086 I cast_shell: [3089:3089:INFO:client_auth_manager.cc(119)] Storing the certificate first used by the device.
04-09 11:28:11.991  3086  3086 I cast_shell: [3089:3089:WARNING:application_config_manager_impl.cc(253)] Cannot read application config file: /fakeapp.conf
04-09 11:28:11.991  3086  3086 I cast_shell: [3089:3089:INFO:application_manager_impl.cc(398)] Application manager is initialized.
04-09 11:28:11.992  3086  3086 I cast_shell: [3089:3089:INFO:mdns_cast_service.cc(156)] Device discovery state is idle
04-09 11:28:11.992  3086  3086 I cast_shell: [3089:3089:INFO:mdns_manager_impl.cc(177)] MdnsManager is initialized
04-09 11:28:11.993  3086  3086 I cast_shell: [3089:3139:INFO:mdns_app_filter.cc(573)] MdnsAppFilter initialized
04-09 11:28:11.993  3086  3086 I cast_shell: [3089:3139:INFO:discovered_service_client.cc(102)] Registering new service PTR listener: _googlecast._tcp.local
04-09 11:28:11.994  3086  3086 I cast_shell: [3089:3089:INFO:config_downloader.cc(239)] Set config periodic interval: min=300, max=420
04-09 11:28:11.994  3086  3086 I cast_shell: [3089:3089:INFO:crl_downloader.cc(274)] Set CRL periodic interval: min=2160, max=2880
04-09 11:28:11.994  3086  3086 I cast_shell: [3089:3140:INFO:v2_transport.cc(458)] Added Cast V2 endpoint: id=Tr@n$p0rt-0, socket_factory_id=[PII](*)
04-09 11:28:11.994  3086  3086 I cast_shell: [3089:3140:INFO:endpoint_with_namespace_handler.cc(103)] Added a namespace handler: local_id=Tr@n$p0rt-0, namespace=urn:x-cast:com.google.cast.tp.connection
04-09 11:28:11.994  3086  3086 I cast_shell: [3089:3140:INFO:endpoint_with_namespace_handler.cc(103)] Added a namespace handler: local_id=Tr@n$p0rt-0, namespace=urn:x-cast:com.google.cast.tp.heartbeat
04-09 11:28:11.994  3086  3086 I cast_shell: [3089:3140:INFO:endpoint_with_namespace_handler.cc(103)] Added a namespace handler: local_id=Tr@n$p0rt-0, namespace=urn:x-cast:com.google.cast.tp.deviceauth
04-09 11:28:11.994  3086  3086 I cast_shell: [3089:3140:INFO:v2_transport.cc(335)] V2Transport initialized.
04-09 11:28:11.994  3086  3086 I cast_shell: [3089:3089:INFO:hds_broker_impl.cc(121)] HDS type registered type.googleapis.com/home.hds.proto.device.relayedcasting.RelayedCastingPleaseConnectRequest
04-09 11:28:11.994  3086  3086 I cast_shell: [3089:3140:INFO:v2_transport.cc(411)] Added socket factory: id=domain-socket@/tmp/cast-control
04-09 11:28:12.007  3086  3086 I cast_shell: [3089:3089:INFO:setup_manager_impl.cc(645)] Initial activation date cached value: 
04-09 11:28:12.007  3086  3086 I cast_shell: [3089:3089:INFO:hds_broker_impl.cc(121)] HDS type registered type.googleapis.com/google.internal.home.foyer.v1.resources.IsDeviceReadyRequest
04-09 11:28:12.007  3086  3086 I cast_shell: [3089:3089:INFO:hds_broker_impl.cc(121)] HDS type registered type.googleapis.com/home.cloud.biz.EnterWeavePairingModeRequest
04-09 11:28:12.009  2711  2711 I wpa_supplicant: wlan0: CTRL-EVENT-REGDOM-CHANGE init=CORE type=WORLD
04-09 11:28:12.011  3086  3086 I cast_shell: [3089:3142:INFO:multizone_group.cc(357)] Change name for group [PII](DFFA6592D55D2D5E14068E9447CA6B61) to [PII](LSB2332)
04-09 11:28:12.011  2712  2724 I yani_server: NetLink Event '-1' Interface-Index '5' WLAN '-1' Ethernet '-1' Parsed-iFill '-1' -> 'INVALID' ifIndex '1' -> 'lo'
04-09 11:28:12.011  3086  3086 I cast_shell: [3089:3139:INFO:discovered_service_client.cc(102)] Registering new service PTR listener: _googlezone._tcp.local
04-09 11:28:12.011  3086  3086 I cast_shell: [3089:3142:INFO:setup_api_registry.cc(192)] Register external API: multizone/aux_in
04-09 11:28:12.011  3086  3086 I cast_shell: [3089:3142:INFO:setup_api_registry.cc(192)] Register external API: multizone/disband_group
04-09 11:28:12.011  3086  3086 I cast_shell: [3089:3142:INFO:setup_api_registry.cc(192)] Register external API: multizone/join_group
04-09 11:28:12.011  3086  3086 I cast_shell: [3089:3142:INFO:setup_api_registry.cc(192)] Register external API: multizone/leave_group
04-09 11:28:12.011  3086  3086 I cast_shell: [3089:3142:INFO:setup_api_registry.cc(192)] Register external API: multizone/set_audio_output_delay
04-09 11:28:12.011  3086  3086 I cast_shell: [3089:3140:INFO:endpoint_with_namespace_handler.cc(103)] Added a namespace handler: local_id=receiver-f55c8e33-a8f2-09c4-b9bf-812c64f21fb3, namespace=urn:x-cast:com.google.cast.multizone
04-09 11:28:12.018  2712  2724 I yani_server: NetLink Event '-1' Interface-Index '5' WLAN '0' Ethernet '-1' Parsed-iFill '-1' -> 'INVALID' ifIndex '1' -> 'lo'
04-09 11:28:12.034  2735  2814 I bluetoothtbd: [0408/225812.034673:INFO:gatt_api.cc(1005)] GATT_Register
04-09 11:28:12.034  2735  2814 I bluetoothtbd: [0408/225812.034892:INFO:gatt_api.cc(1028)] allocated gatt_if=4
04-09 11:28:12.040  2735  2814 E bt_btif : register application first_unuse rcb_idx = 0
04-09 11:28:12.040  2735  2814 I bluetoothtbd: [0408/225812.040545:INFO:gatt_api.cc(1005)] GATT_Register
04-09 11:28:12.040  2735  2814 I bluetoothtbd: [0408/225812.040664:INFO:gatt_api.cc(1028)] allocated gatt_if=5
04-09 11:28:12.047  2735  2764 I bluetoothtbd: [0408/225812.047708:INFO:adapter.cc(551)] Adapter properties changed
04-09 11:28:12.047  2735  2764 I bluetoothtbd: [0408/225812.047891:INFO:adapter.cc(573)] Adapter name changed
04-09 11:28:12.048  3086  3086 I cast_shell: [3089:3089:INFO:input_manager_impl.cc(284)] RegisterInput: device_id: cast, type: 0, state: 0
04-09 11:28:12.049  3086  3086 I cast_shell: [3089:3089:INFO:input_manager_impl.cc(308)] NotifyInputConnect: device_id: cast, sample_rate: 0, num_channels: 0
04-09 11:28:12.049  3086  3086 I cast_shell: [3089:3089:INFO:input_manager_impl.cc(370)] SetActiveInput: cast
04-09 11:28:12.049  3086  3086 I cast_shell: [3089:3140:INFO:endpoint_with_namespace_handler.cc(103)] Added a namespace handler: local_id=receiver-f55c8e33-a8f2-09c4-b9bf-812c64f21fb3, namespace=urn:x-cast:com.google.cast.audio.input
04-09 11:28:12.049  2735  2764 I bluetoothtbd: [0408/225812.049580:INFO:adapter.cc(551)] Adapter properties changed
04-09 11:28:12.050  2735  2814 I bluetoothtbd: [0408/225812.049973:INFO:gatt_api.cc(1005)] GATT_Register
04-09 11:28:12.050  2735  2814 I bluetoothtbd: [0408/225812.050063:INFO:gatt_api.cc(1028)] allocated gatt_if=6
04-09 11:28:12.051  3086  3086 I cast_shell: [3089:3089:INFO:bluetooth_setup.cc(690)] Disabling connectability.
04-09 11:28:12.051  3086  3086 I cast_shell: [3089:3089:INFO:input_manager_impl.cc(284)] RegisterInput: device_id: bluetooth, type: 1, state: 0
04-09 11:28:12.052  2735  2764 I bluetoothtbd: [0408/225812.052046:INFO:adapter.cc(551)] Adapter properties changed
04-09 11:28:12.052  3086  3086 I cast_shell: [3089:3140:INFO:endpoint_with_namespace_handler.cc(103)] Added a namespace handler: local_id=receiver-f55c8e33-a8f2-09c4-b9bf-812c64f21fb3, namespace=urn:x-cast:com.google.cast.assistant
04-09 11:28:12.052  3086  3086 I cast_shell: [3089:3089:INFO:robot_account_auth_manager.cc(295)] No backend type specified. Getting COS URL based on the build type instead.
04-09 11:28:12.052  3086  3086 I cast_shell: [3089:3089:INFO:robot_account_auth_manager.cc(312)] Auth url: https://clients5.google.com/cast/orchestration/googleoauthtoken?rt=b
04-09 11:28:12.052  3086  3086 I cast_shell: [3089:3089:WARNING:robot_account_auth_manager.cc(463)] Failed to initialize JWT for 38579375
04-09 11:28:12.052  3086  3086 I cast_shell: [3089:3089:INFO:queryable_data_registrar.cc(52)] Registering queryable data for managed mode as: 0
04-09 11:28:12.052  3086  3086 I cast_shell: [3089:3089:INFO:queryable_data_registrar.cc(59)] Registering enable_hls_sample_aes=1
04-09 11:28:12.052  3086  3086 I cast_shell: [3089:3089:INFO:queryable_data_registrar.cc(64)] Registering hls_sample_aes_init_segment
04-09 11:28:12.053  3086  3086 I cast_shell: [3089:3140:INFO:endpoint_with_namespace_handler.cc(103)] Added a namespace handler: local_id=receiver-f55c8e33-a8f2-09c4-b9bf-812c64f21fb3, namespace=urn:x-cast:com.google.cast.companionauth
04-09 11:28:12.053  2735  2814 I bluetoothtbd: [0408/225812.053172:INFO:btif_ble_advertiser.cc(90)] RegisterAdvertiserCb status: 0 , adveriser_id: 0
04-09 11:28:12.053  3086  3086 I cast_shell: [3089:3089:INFO:queryable_data_registrar.cc(70)] Registering visual-punt-on-platform-supported
04-09 11:28:12.053  3086  3086 I cast_shell: [3089:3089:INFO:grpc_manager_impl.cc(262)] Registered a handler SendHttpRequest for service chromecast.modular_update.ModularUpdateService
04-09 11:28:12.054  3086  3086 I cast_shell: [3089:3089:INFO:grpc_manager_impl.cc(262)] Registered a handler SynchronousUpdateProgress for service chromecast.modular_update.ModularUpdateService
04-09 11:28:12.054  3086  3086 I cast_shell: [3089:3089:INFO:grpc_manager_impl.cc(262)] Registered a handler ReportInstalledManifestVersion for service chromecast.modular_update.ModularUpdateService
04-09 11:28:12.054  3086  3086 I cast_shell: [3089:3089:INFO:grpc_manager_impl.cc(262)] Registered a handler ReportMetricsEvent for service chromecast.modular_update.ModularUpdateService
04-09 11:28:12.054  3086  3086 I cast_shell: [3089:3089:INFO:grpc_manager_impl.cc(262)] Registered a handler StreamHttpRequest for service chromecast.modular_update.ModularUpdateService
04-09 11:28:12.054  2735  2764 I bluetoothtbd: [0408/225812.054195:INFO:adapter.cc(551)] Adapter properties changed
04-09 11:28:12.054  2735  2764 E bluetoothtbd: [0408/225812.054308:ERROR:adapter.cc(608)] Invalid property length: 512
04-09 11:28:12.054  3086  3086 I cast_shell: E0408 22:58:12.054237761    3089 server_chttp2.cc:40]        {"created":"@1649483892.054034552","description":"No address added out of total 1 resolved","file":"../../third_party/grpc/src/src/core/ext/transport/chttp2/server/chttp2_server.cc","file_line":397,"referenced_errors":[{"created":"@1649483892.054026344","description":"Unable to configure socket","fd":152,"file":"../../third_party/grpc/src/src/core/lib/iomgr/tcp_server_utils_posix_common.cc","file_line":216,"referenced_errors":[{"created":"@1649483892.053988136","description":"No such file or directory","errno":2,"file":"../../third_party/grpc/src/src/core/lib/iomgr/tcp_server_utils_posix_common.cc","file_line":189,"os_error":"No such file or directory","syscall":"bind"}]}]}
04-09 11:28:12.054  3086  3086 I cast_shell: [3089:3089:ERROR:grpc_manager_impl.cc(311)] Could not start Grpc server.
04-09 11:28:12.055  3086  3086 I cast_shell: [3089:3129:INFO:gatt_client_manager_impl.cc(202)] Enabling GATT client connectability
04-09 11:28:12.060  3086  3086 I cast_shell: [3089:3089:INFO:cast_metrics_service_client.cc(93)] Metrics client ID set: 82883500-4c28-42e6-a77b-4cd246cd16bf
04-09 11:28:12.060  3086  3086 I cast_shell: [3089:3089:INFO:device_info_impl.cc(970)] Metrics client ID: 82883500-4c28-42e6-a77b-4cd246cd16bf
04-09 11:28:12.060  3086  3086 I cast_shell: [3089:3089:INFO:cast_metrics_service_client.cc(93)] Metrics client ID set: 82883500-4c28-42e6-a77b-4cd246cd16bf
04-09 11:28:12.061  3086  3086 I cast_shell: [3089:3089:INFO:device_info_impl.cc(970)] Metrics client ID: 82883500-4c28-42e6-a77b-4cd246cd16bf
04-09 11:28:12.067  2733  2742 I HotspotManager: setting interface MAC addr
04-09 11:28:12.070  3086  3086 I cast_shell: [3089:3104:INFO:crypto_manager.cc(75)] Creating private key: size=2048
04-09 11:28:12.070  3086  3086 I cast_shell: [3089:3089:INFO:cast_receiver_impl.cc(828)] Cast receiver started.
04-09 11:28:12.070  3086  3086 I cast_shell: [3089:3089:WARNING:cast_receiver_impl.cc(1126)] Network is not globally connected. Don't schedule config downloading yet.
04-09 11:28:12.071  3086  3086 I cast_shell: [3089:3140:INFO:v2_unix_domain_socket_factory.cc(84)] Cast V2 Unix domain socket is listening: path=/tmp/cast-control
04-09 11:28:12.071  3086  3086 I cast_shell: [3089:3089:INFO:ccs_manager_impl.cc(663)] Starting cloud ipc activity with CCS
04-09 11:28:12.071  3086  3086 I cast_shell: [3089:3089:INFO:ccs_manager_impl.cc(1286)] CcsManagerImpl opt_in.cloud_ipc pref changed: 1
04-09 11:28:12.071  3086  3086 I cast_shell: [3089:3089:INFO:ccs_manager_impl.cc(1322)] Waiting for all transports to be enabled
04-09 11:28:12.071  3086  3086 I cast_shell: [3089:3089:INFO:ccs_transport_gcm.cc(94)] Deferring GCM registration until connectivity is up
04-09 11:28:12.071  3086  3086 I cast_shell: [3089:3089:INFO:multizone_manager.cc(2397)] Resuming MultizoneManager
04-09 11:28:12.071  3086  3086 I cast_shell: [3089:3089:INFO:cast_receiver_impl.cc(934)] Cast receiver resumed.
04-09 11:28:12.071  3086  3086 I cast_shell: [3089:3089:WARNING:cast_receiver_impl.cc(1138)] Network is not globally connected. Don't schedule CRL downloading yet.
04-09 11:28:12.071  3086  3086 I cast_shell: [3089:3089:INFO:chromecast_service.cc(1935)] Network is disconnected, reconnecting Wifi.
04-09 11:28:12.071  3086  3086 I cast_shell: [3089:3129:INFO:ble_setup.cc(388)] BLE setup initialized.
04-09 11:28:12.071  3086  3086 I cast_shell: [3089:3137:ERROR:socket_posix.cc(148)] bind() failed: Address already in use (98)
04-09 11:28:12.071  3086  3086 I cast_shell: [3089:3089:WARNING:chromecast_service.cc(1807)] TOS not accepted yet
04-09 11:28:12.071  3086  3086 I cast_shell: [3089:3140:ERROR:socket_posix.cc(148)] bind() failed: Address already in use (98)
04-09 11:28:12.071  3086  3086 I cast_shell: [3089:3140:INFO:v2_ssl_socket.cc(775)] IPv6 socket probably supports both IPv4 and IPv6
04-09 11:28:12.071  3086  3086 I cast_shell: [3089:3138:ERROR:socket_posix.cc(148)] bind() failed: Address already in use (98)
04-09 11:28:12.071  3086  3086 I cast_shell: [3089:3129:INFO:setup_manager_impl.cc(923)] Setup discoverability is enabled
04-09 11:28:12.071  3086  3086 I cast_shell: [3089:3129:INFO:hotspot_manager.cc(151)] Start: id=1 SSID=LSB2332.d256, hidden=0
04-09 11:28:12.071  3086  3086 I cast_shell: [3089:3129:INFO:gatt_client_manager_impl.cc(202)] Enabling GATT client connectability
04-09 11:28:12.071  3086  3086 I cast_shell: [3089:3129:INFO:ble_setup.cc(1096)] LAT flag change 0
04-09 11:28:12.071  3086  3086 I cast_shell: [3089:3137:INFO:cast_web_server.cc(210)] Http server for Cast receiver started: port=8008
04-09 11:28:12.071  3086  3086 I cast_shell: [3089:3089:INFO:cast_receiver_impl.cc(1093)] Entering discovery-only mode
04-09 11:28:12.073  3086  3086 I cast_shell: [3089:3152:INFO:external_mojo_broker.cc(405)] Initializing external mojo broker at: /tmp/cast_mojo_broker
04-09 11:28:12.075  3086  3086 I cast_shell: [3089:3096:ERROR:cast_audio_input_json.cc(33)] Failed to read JSON file: /etc/cast_audio_input.json
04-09 11:28:12.075  3086  3086 I cast_shell: [3089:3096:ERROR:channel_selector_reader.cc(44)] Failed to read audio input json
04-09 11:28:12.075  3086  3086 I cast_shell: [3089:3096:INFO:auto_volume.cc(107)] Auto volume is disabled
04-09 11:28:12.078  3086  3086 I cast_shell: [3089:3089:INFO:audio_focus_manager_impl.cc(27)] use_media_starting_block: 0
04-09 11:28:12.079  3086  3086 I cast_shell: [3089:3089:INFO:grpc_auth_manager_in_process.cc(135)] Initializing Auth.
04-09 11:28:12.079  3086  3086 I cast_shell: [3089:3089:INFO:grpc_manager_impl.cc(505)] GRPC[uri=[::]:8012]: num_pending_calls=0, num_active_handlers=0, num_free_handlers=0
04-09 11:28:12.083  3086  3086 I cast_shell: [3089:3089:INFO:grpc_manager_impl.cc(317)] Grpc server started in port 8012
04-09 11:28:12.083  3086  3086 I cast_shell: [3089:3089:INFO:ccs_manager_impl.cc(851)] Network connectivity down for CcsManager
04-09 11:28:12.088  3086  3086 I cast_shell: [3089:3110:INFO:cast_auth_api_adaptor.cc(82)] CastAuth: init with library: libcast_auth.so
04-09 11:28:12.088  3086  3086 I cast_shell: [3089:3089:INFO:mdns_manager_impl.cc(468)] Setting new conflict callback
04-09 11:28:12.088  3086  3086 I cast_shell: [3089:3129:INFO:ble_setup.cc(789)] Missing required info for sign.
04-09 11:28:12.088  3086  3086 I cast_shell: [3089:3089:INFO:mdns_util.cc(102)] Defaulting mDNS capabilities for audio-only build
04-09 11:28:12.088  3086  3086 I cast_shell: [3089:3089:INFO:ccs_manager_impl.cc(1322)] Waiting for all transports to be enabled
04-09 11:28:12.088  3086  3086 I cast_shell: [3089:3089:INFO:bluetooth_setup.cc(690)] Disabling connectability.
04-09 11:28:12.088  3086  3086 I cast_shell: [3089:3089:INFO:input_manager_impl.cc(468)] Using virtual device f55c8e33-a8f2-09c4-b9bf-812c64f21fb3
04-09 11:28:12.088  3086  3086 I cast_shell: [3089:3110:INFO:cast_auth_api_adaptor.cc(93)] CastAuth: common module initialization successful.
04-09 11:28:12.088  3086  3086 I cast_shell: [3089:3110:INFO:cast_auth_api_adaptor.cc(98)] CastAuth: model-based module initialization successful.
04-09 11:28:12.092  3086  3086 I cast_shell: [3089:3089:INFO:virtual_device_manager.cc(247)] Virtual device [PII](f55c8e33-a8f2-09c4-b9bf-812c64f21fb3) using Cast V2 port 8009
04-09 11:28:12.097  3086  3086 I cast_shell: [3089:3089:INFO:metrics_recorder.cc(282)] cast event: Cast.System.Timezone.ChangeSuccessful
04-09 11:28:12.097  3086  3086 I cast_shell: [3089:3089:WARNING:channel_selector_impl.cc(113)] Cannot get selected channels from json, will use the previous value {0,1}.
04-09 11:28:12.131  3086  3086 I cast_shell: [3089:3089:INFO:secure_storage_impl.cc(107)] Secure storage initialized.
04-09 11:28:12.132  3086  3086 I cast_shell: [3089:3089:INFO:ccs_manager_impl.cc(851)] Network connectivity down for CcsManager
04-09 11:28:12.218  2963  2973 D wac-main: Netlink event
04-09 11:28:12.218  2963  2973 E wac-main: Netlink event 16 Interface Index 6 
04-09 11:28:12.218  2963  2973 E wac-main: p2p0 event Link Changed : 1002 
04-09 11:28:12.218  2963  2973 E wac-main: Enter poll and wait
04-09 11:28:12.219  2712  2724 I yani_kernel: yani_geteventfrom_changeaddr() Message-Id '1' Netlink event '16' Interface Index '6' -> Name 'p2p0' 
04-09 11:28:12.223  3086  3086 I cast_shell: [3089:3139:INFO:metrics_recorder.cc(282)] cast event: Cast.Discovery.Mdns.SocketCreated
04-09 11:28:12.223  3086  3086 I cast_shell: [3089:3139:INFO:mdns_app_filter.cc(1254)] Created mDNS socket for interface:name=p2p1, address=192.168.2.1, index=7
04-09 11:28:12.231  3086  3086 I cast_shell: [3089:3140:ERROR:broadcast_filter.cc(70)] Failed to join broadcast filter multicast group
04-09 11:28:12.231  3086  3086 I cast_shell: [3089:3140:WARNING:broadcast_filter.cc(120)] Failed to enable BroadcastFilter
04-09 11:28:12.231  3086  3086 I cast_shell: [3089:3140:INFO:endpoint_with_namespace_handler.cc(103)] Added a namespace handler: local_id=receiver-f55c8e33-a8f2-09c4-b9bf-812c64f21fb3, namespace=urn:x-cast:com.google.cast.setup
04-09 11:28:12.231  3086  3086 I cast_shell: [system_updater_dummy.cpp(79)] Initialize
04-09 11:28:12.231  3086  3086 I cast_shell: [system_updater_dummy.cpp(29)] system_updater_socket_create
04-09 11:28:12.231  3086  3086 I cast_shell: [3089:3096:WARNING:crl_downloader.cc(136)] CRL failed to restore.
04-09 11:28:12.232  3086  3086 I cast_shell: [3089:3089:INFO:device_info_impl.cc(1094)] Primary netif changed: new=usb0, old=
04-09 11:28:12.232  3086  3086 I cast_shell: [3089:3089:INFO:device_info_impl.cc(1103)] Primary IP address changed: netif=usb0, new=192.168.10.1, old=
04-09 11:28:12.232  2733  2742 I HotspotManager: setSSID <SSID omitted> visible
04-09 11:28:12.232  3086  3086 I cast_shell: [3089:3089:INFO:cast_receiver_impl.cc(1612)] mDNS Discovery stopped.
04-09 11:28:12.233  3086  3086 I cast_shell: [3089:3089:INFO:cast_receiver_impl.cc(1667)] Network is globally disconnected. Refresh CcsManager
04-09 11:28:12.233  3086  3086 I cast_shell: [3089:3089:INFO:iot_auth_manager_wrapper.cc(307)] Network provider informed of disconnected network status.
04-09 11:28:12.233  3086  3086 I cast_shell: [3089:3139:INFO:metrics_recorder.cc(282)] cast event: Cast.Discovery.Mdns.SocketCreated
04-09 11:28:12.233  3086  3086 I cast_shell: [3089:3139:INFO:mdns_app_filter.cc(1254)] Created mDNS socket for interface:name=usb0, address=192.168.10.1, index=9
04-09 11:28:12.233  3086  3086 I cast_shell: [3089:3139:INFO:mdns_app_filter.cc(977)] MdnsAppFilter is starting.
04-09 11:28:12.233  3086  3086 I cast_shell: [3089:3139:INFO:metrics_recorder.cc(282)] cast event: Cast.Discovery.Mdns.ResponderStarted
04-09 11:28:12.234  3086  3086 I cast_shell: [3089:3139:INFO:mdns_cast_service.cc(351)] Device discovery state is setup-only
04-09 11:28:12.235  3086  3086 I cast_shell: [3089:3139:INFO:mdns_app_filter.cc(1605)] Re-probing due to newly registered service '1': _googlerpc
04-09 11:28:12.235  3086  3086 I cast_shell: [3089:3139:INFO:mdns_app_filter.cc(1605)] Re-probing due to newly registered service '2': _googlecast
04-09 11:28:12.235  3086  3086 I cast_shell: [3089:3139:INFO:mdns_util.cc(102)] Defaulting mDNS capabilities for audio-only build
04-09 11:28:12.235  3086  3086 I cast_shell: [3089:3139:INFO:mdns_util.cc(102)] Defaulting mDNS capabilities for audio-only build
04-09 11:28:12.235  3086  3086 I cast_shell: [3089:3139:INFO:mdns_app_filter.cc(1702)] MdnsAppFilter is stopping
04-09 11:28:12.235  3086  3086 I cast_shell: [3089:3139:INFO:metrics_recorder.cc(282)] cast event: Cast.Discovery.Mdns.ResponderStopped
04-09 11:28:12.235  3086  3086 I cast_shell: [3089:3139:INFO:mdns_app_filter.cc(1709)] MdnsAppFilter is stopping; closing socket: address=192.168.2.1
04-09 11:28:12.235  3086  3086 I cast_shell: [3089:3139:INFO:metrics_recorder.cc(282)] cast event: Cast.Discovery.Mdns.SocketDestroyed
04-09 11:28:12.235  3086  3086 I cast_shell: [3089:3139:INFO:mdns_app_filter.cc(1709)] MdnsAppFilter is stopping; closing socket: address=192.168.10.1
04-09 11:28:12.235  3086  3086 I cast_shell: [3089:3139:INFO:metrics_recorder.cc(282)] cast event: Cast.Discovery.Mdns.SocketDestroyed
04-09 11:28:12.235  3086  3086 I cast_shell: [3089:3089:INFO:mdns_manager_impl.cc(311)] Successfully registered service: type=_googlerpc
04-09 11:28:12.235  3086  3086 I cast_shell: [3089:3089:INFO:mdns_manager_impl.cc(311)] Successfully registered service: type=_googlecast
04-09 11:28:12.236  3086  3086 I cast_shell: [3089:3089:INFO:virtual_device.cc(254)] Registered mDNS service for virtual device: id=f55c8e33-a8f2-09c4-b9bf-812c64f21fb3
04-09 11:28:12.240  2733  2742 E WifiUtil: command: "SCAN" failed: FAIL-BUSY
04-09 11:28:12.240  2733  2742 I HotspotManager: hotspot start
04-09 11:28:12.240  3086  3086 I cast_shell: [3089:3129:INFO:setup_state.cc(261)] Setup state changed: SETUP_STATE_UNKNOWN (0) -> SETUP_STATE_CHECKING_GLOBAL_CONNECTIVITY (50)
04-09 11:28:12.240  3086  3086 I cast_shell: [3089:3129:INFO:gatt_client_manager_impl.cc(202)] Enabling GATT client connectability
04-09 11:28:12.248  2733  2742 E WifiUtil: Setting interface p2p0 up.
04-09 11:28:12.248  2733  2742 E WifiUtil: ioctl SIOCGIWFREQ fails for wlan0 Bad address
04-09 11:28:12.248  2963  2973 D wac-main: Netlink event
04-09 11:28:12.249  2963  2973 E wac-main: Netlink event 16 Interface Index 6 
04-09 11:28:12.249  2963  2973 E wac-main: p2p0 event Link Changed : 1003 
04-09 11:28:12.249  2963  2973 E wac-main: Enter poll and wait
04-09 11:28:12.249  2712  2724 I yani_kernel: yani_geteventfrom_changeaddr() Message-Id '1' Netlink event '16' Interface Index '6' -> Name 'p2p0' 
04-09 11:28:12.257  2970  2993 I otamanager: OTAManager connected to CastUpdater via  /tmp/socket/system_updater
04-09 11:28:12.257  2970  2993 I otamanager: cast_updater_threadEntry socket handle 5
04-09 11:28:12.384  2964  3008 I LibreCastControl: LibreCastControl_init() Socket Initialized
04-09 11:28:12.394  2964  3008 E LibreCastControl: PULSAR:CreateCastControlThread:18
04-09 11:28:12.394  2964  3008 E LibreCastControl: Create LibreCastLUCITimerThreadInit 
04-09 11:28:12.394  2964  3164 E LibreCastControl: PULSAR:Run:23
04-09 11:28:12.395  2964  3165 E LibreCastControl: Timer Sem Wait Start iCastPlayerstate = 0 
04-09 11:28:12.409  2692  2692 I sh      : [0408/225812.408116:INFO:cast_control_impl.cc(744)] CastControl has started running.
04-09 11:28:12.409  2692  2692 I sh      : [0408/225812.409021:INFO:cast_control_impl.cc(745)] Attempting to connect CastMessageService. socket=/tmp/cast-control
04-09 11:28:12.412  2964  3164 I LibreCastControlDelegate: OnCastStatus() +++ :0xac01b198:STARTING
04-09 11:28:12.412  2692  2692 I sh      : [0408/225812.411945:INFO:cast_control_socket.cc(64)] Successfully connected Cast Control Socket
04-09 11:28:12.412  2964  3164 E LibreCastControlDelegate: OnCastStatus:177
04-09 11:28:12.413  2964  3164 I LibreCastControl: LibreCastControl_SetCastName()  name 'Lyric Speaker Box 21f384' RequestId '1' pCastControl 0xf4d00728
04-09 11:28:12.413  2964  3164 I LibreCastControlDelegate: Active Applications -> 0
04-09 11:28:12.413  2964  3164 I LibreCastControlDelegate: Current Cast State '1' -> 'STARTING'
04-09 11:28:12.413  2964  3164 I LibreCastControlDelegate: OnCastStatus() ---
04-09 11:28:12.414  2692  2692 I sh      : [0408/225812.413925:INFO:cast_message_service_impl.cc(185)] Sending connect message!
04-09 11:28:12.417  3086  3086 I cast_shell: [3089:3140:INFO:metrics_recorder.cc(282)] Cast v2 action(socket_id=domain-socket@/tmp/cast-control.1): CastV2.Connection.Connect.In
04-09 11:28:12.418  3086  3086 I cast_shell: [3089:3089:INFO:resource_namespace_handler.cc(307)] Setting resource provider: sender_id=domain-socket@/tmp/cast-control.1:system-0
04-09 11:28:12.419  2692  2692 I sh      : [0408/225812.419114:INFO:cast_message_service_impl.cc(1007)] CastMessageServiceImpl matched versions
04-09 11:28:12.712  2733  2742 I WifiUtil: get p2p0 channel 6 (2437MHz)
04-09 11:28:12.712  2733  2742 I HotspotManager: start hostapd at channel=6 SSID=<SSID omitted> hidden_ssid=0
04-09 11:28:12.716  2735  2764 I bluetoothtbd: [0408/225812.716165:INFO:adapter.cc(551)] Adapter properties changed
04-09 11:28:12.716  2735  2764 I bluetoothtbd: [0408/225812.716430:INFO:adapter.cc(573)] Adapter name changed
04-09 11:28:12.718  3086  3086 I cast_shell: [3089:3129:INFO:bluetooth_manager.cc(1232)] [PII] Set device name to 'LSB2332'
04-09 11:28:12.719  2735  2764 I bluetoothtbd: [0408/225812.719237:INFO:adapter.cc(551)] Adapter properties changed
04-09 11:28:12.722  3086  3086 I cast_shell: [3089:3129:INFO:bluetooth_manager.cc(115)] Record action: Cast.Bluetooth.DiscoveryMode.Disable
04-09 11:28:12.722  3086  3086 I cast_shell: [3089:3129:INFO:ble_setup.cc(1096)] LAT flag change 0
04-09 11:28:12.731  3086  3086 I cast_shell: [3089:3139:INFO:metrics_recorder.cc(282)] cast event: Cast.Discovery.Mdns.SocketCreated
04-09 11:28:12.731  3086  3086 I cast_shell: [3089:3139:INFO:mdns_app_filter.cc(1254)] Created mDNS socket for interface:name=p2p1, address=192.168.2.1, index=7
04-09 11:28:12.782  2964  3164 I LibreCastControl: LibreCastControl_RequestGVAStatus() RequestId '4' pCastControl 0xf4d00728
04-09 11:28:12.783  2692  2692 I sh      : [0408/225812.782952:INFO:cast_message_service_impl.cc(1076)] CastMessageServiceImpl is ready
04-09 11:28:12.784  3086  3086 I cast_shell: [3089:3089:INFO:assistant_namespace_handler.cc(144)] Added a status listening peer for assistant namespace: domain-socket@/tmp/cast-control.1:system-0
04-09 11:28:12.784  2964  3164 I LibreCastControlDelegate: OnResponse() ReqeustID 4, error  0
04-09 11:28:13.555  3086  3086 I cast_shell: [3089:3142:INFO:multizone_manager.cc(1889)] Initial discovery complete
04-09 11:28:13.556  3086  3086 I cast_shell: [3089:3139:INFO:mdns_app_filter.cc(1605)] Re-probing due to newly registered service '3': _googlezone
04-09 11:28:13.556  3086  3086 I cast_shell: [3089:3089:INFO:mdns_manager_impl.cc(311)] Successfully registered service: type=_googlezone
04-09 11:28:13.606  2712  2724 I yani_server: doLotofWork() List of interface '4'
04-09 11:28:13.606  2712  2724 I yani_server: doLotofWork() Interface 'p2p0' ifr[0].ifr_name 'lo' ipaddress '127.0.0.1'
04-09 11:28:13.606  2712  2724 I yani_server: doLotofWork() Interface 'p2p0' ifr[1].ifr_name 'p2p0' ipaddress '192.168.255.249'
04-09 11:28:13.606  2712  2724 I yani_server: doLotofWork() returns 'REFILL WACMODE'
04-09 11:28:13.606  2712  2724 E yani_server: YANI: I am Done Wait For Event 
04-09 11:28:13.606  2712  2724 I yani_kernel: yani_geteventfrom_changeaddr() Message-Id '1' Netlink event '21' Interface Index '6' -> Name 'p2p0' 
04-09 11:28:13.607  2712  2816 I yani_server: onNetworkParametersChanged() WAC Mode '1'  Index '2' Interface 'p2p0' Status '1'
04-09 11:28:13.607  3173  3173 I dnsmasq : started, version 2.51 DNS disabled
04-09 11:28:13.608  3173  3173 I dnsmasq : compile time options: no-IPv6 GNU-getopt no-DBus no-I18N DHCP no-scripts no-TFTP
04-09 11:28:13.608  3173  3173 I dnsmasq : DHCP, IP range 192.168.255.250 -- 192.168.255.254, lease time 12h
04-09 11:28:13.618  3086  3086 I cast_shell: [3089:3142:INFO:multizone_group.cc(357)] Change name for group [PII](DFFA6592D55D2D5E14068E9447CA6B61) to [PII](Lyric Speaker Box 21f384)
