04-07 21:24:53.671  3096  3096 I cast_shell: [3099:3099:INFO:grpc_service_discovery_impl.cc(185)] Mdns discovered google RPC for [PII](E712EA5590E7A569201BB157EE4B8F5F).
04-07 21:24:53.849  3096  3096 I cast_shell: [3099:3138:INFO:metrics_recorder.cc(282)] Record action: Setup.state.BLE
04-07 21:24:54.288  3096  3096 I cast_shell: [3099:3099:INFO:config_downloader.cc(700)] Received Protobuf config response
04-07 21:24:54.310  3096  3096 I cast_shell: [system_updater_dummy.cpp(139)] CheckUpdate 139
04-07 21:24:54.310  3096  3096 I cast_shell: [system_updater_dummy.cpp(148)] CheckUpdate 148 return
04-07 21:24:54.311  3096  3096 I cast_shell: [3099:3099:INFO:application_manager_impl.cc(2024)] max_background_apps changed to: 1
04-07 21:24:54.311  3096  3096 I cast_shell: [3099:3099:ERROR:modular_update_manager_impl.cc(382)] No modular updater app ID can be found in device config.
04-07 21:24:54.321  3096  3096 I cast_shell: [3099:3099:INFO:ccs_settings.cc(262)] CcsSettings using CCS url https://clients5.google.com/cast/cloudcast/
04-07 21:24:54.343  3096  3096 I cast_shell: [3099:3099:INFO:application_config_manager_impl.cc(528)] Setting default remote control app ID: 1374D8AA
04-07 21:24:54.344  3096  3096 I cast_shell: [3099:3099:INFO:application_identification_settings.cc(410)] new ApplicationIdentificationSettings session_id: 7f880c56-5060-41de-b0cd-d60f0a50bf7d app_id: 38579375 flags: 7 headers: 512
04-07 21:24:54.344  3096  3096 I cast_shell: [3099:3099:WARNING:ccs_manager_impl.cc(1566)] Device does not have a weave device id
04-07 21:24:54.344  3096  3096 I cast_shell: [3099:3099:INFO:mdns_util.cc(102)] Defaulting mDNS capabilities for audio-only build
04-07 21:24:54.344  3096  3096 I cast_shell: [3099:3099:INFO:mdns_util.cc(102)] Defaulting mDNS capabilities for audio-only build
04-07 21:24:54.344  3096  3096 I cast_shell: [3099:3099:INFO:ccs_transport_https.cc(1203)] No cloud settings for register request
04-07 21:24:54.350  3096  3096 I cast_shell: [3099:3099:INFO:ccs_manager_impl.cc(1496)] Registering device with CCS: message_id = 4082dfbf-f9d9-4e4b-9b67-24d8e301338d
04-07 21:24:54.350  3096  3096 I cast_shell: [3099:3099:INFO:ccs_manager_impl.cc(1497)] [PII] device_id = E712EA5590E7A569201BB157EE4B8F5F
04-07 21:24:54.350  3096  3096 I cast_shell: [3099:3099:INFO:application_identification_settings.cc(410)] new ApplicationIdentificationSettings session_id: 86caa7bb-746b-4e82-bc64-54b11333fd30 app_id: 38579375 flags: 7 headers: 512
04-07 21:24:54.350  3096  3096 I cast_shell: [3099:3099:INFO:robot_account_auth_manager.cc(470)] Successfully initialized JWT for 38579375
04-07 21:24:54.350  3096  3096 I cast_shell: [3099:3099:INFO:config_downloader.cc(900)] Clearing local config cache
04-07 21:24:54.352  3096  3096 I cast_shell: [3099:3099:INFO:metrics_recorder.cc(282)] Record action: Cast.DCS.DownloadSuccess
04-07 21:24:54.352  3096  3096 I cast_shell: [3099:3099:INFO:key_exchange_namespace_handler.cc(178)] Changing key_exchange_support capability
04-07 21:24:54.354  2966  3174 I LibreCastControlDelegate: OnCastStatus() +++ AAA speaker:0xabd84198:NOT_SETUP
04-07 21:24:54.354  2966  3174 I LibreCastControlDelegate: Device Build Number -> '1.52.272222'
04-07 21:24:54.354  2966  3174 I librecast: updateCastBuildVersion() Version 1.52.272222
04-07 21:24:54.354  2711  2711 I lucitransport: readRemoteMessage() MID char = 7 buffer = 1.52.272222
04-07 21:24:54.355  2966  3174 I LibreCastControlDelegate: Active Applications -> 0
04-07 21:24:54.355  2966  3174 I LibreCastControlDelegate: Current Cast State '2' -> 'NOT_SETUP'
04-07 21:24:54.355  2966  3174 I LibreCastControlDelegate: OnCastStatus() ---
04-07 21:24:54.357  3096  3096 I cast_shell: [3099:3099:INFO:mdns_util.cc(102)] Defaulting mDNS capabilities for audio-only build
04-07 21:24:54.358  3096  3096 I cast_shell: [3099:3099:INFO:chromecast_service.cc(2229)] AoGH feature is: 0
04-07 21:24:54.358  3096  3096 I cast_shell: [3099:3099:INFO:chromecast_service.cc(2189)] Geolocation changed to: 0
04-07 21:24:54.358  3096  3096 I cast_shell: [3099:3099:INFO:lycra_transport.cc(301)] Feature flag changed: false
04-07 21:24:54.358  3096  3096 I cast_shell: [3099:3099:INFO:chromecast_service.cc(2248)] Playback disruption feature is: 1
04-07 21:24:54.358  3096  3096 I cast_shell: [3099:3099:INFO:playback_disruption_service.cc(328)] Playback disruption service enabled and running
04-07 21:24:54.358  3096  3096 I cast_shell: [3099:3099:INFO:ccs_manager_impl.cc(864)] Re-registering single CCS device
04-07 21:24:54.358  3096  3096 I cast_shell: [3099:3099:WARNING:ccs_manager_impl.cc(1566)] Device does not have a weave device id
04-07 21:24:54.358  3096  3096 I cast_shell: [3099:3099:INFO:mdns_util.cc(102)] Defaulting mDNS capabilities for audio-only build
04-07 21:24:54.358  3096  3096 I cast_shell: [3099:3099:INFO:mdns_util.cc(102)] Defaulting mDNS capabilities for audio-only build
04-07 21:24:54.358  3096  3096 I cast_shell: [3099:3099:INFO:ccs_transport_https.cc(1203)] No cloud settings for register request
04-07 21:24:54.385  3096  3096 I cast_shell: [3099:3099:INFO:robot_account_auth_manager.cc(496)] JWT expiry in 3600 seconds
04-07 21:24:54.385  3096  3096 I cast_shell: [3099:3099:INFO:metrics_recorder.cc(282)] cast event: Cloud.Transport.Https.Register.Out
04-07 21:24:54.388  3096  3096 I cast_shell: [3099:3099:INFO:robot_account_auth_manager.cc(384)] Sending oauth request for client_id: 0
04-07 21:24:54.388  3096  3096 I cast_shell: [3099:3099:INFO:metrics_recorder.cc(282)] cast event: Cast.Assistant.Auth.FetchToken
04-07 21:24:54.388  3096  3096 I cast_shell: [3099:3099:INFO:metrics_recorder.cc(282)] cast event: Cloud.Transport.Https.Register.Out
04-07 21:24:54.389  3096  3096 I cast_shell: [3099:3109:INFO:chromium_http_connection.cc(436)] Creating a new chromium http url loader factory
04-07 21:24:54.465  3096  3096 I cast_shell: [3099:3109:INFO:crl_downloader.cc(155)] CRL processed.
04-07 21:24:54.468  3096  3096 I cast_shell: [3099:3109:INFO:metrics_recorder.cc(282)] cast event: Cast.CRL.DownloadSuccess
04-07 21:24:54.469  3096  3096 I cast_shell: [3099:3109:INFO:client_auth_signer.cc(211)] Cast certificate verification: CastCertError::OK
04-07 21:24:54.469  3096  3096 I cast_shell: [3099:3109:INFO:metrics_recorder.cc(282)] cast event: Cast.Auth.OK
04-07 21:24:54.738  2965  2975 D wac-main: Netlink event
04-07 21:24:54.738  2965  2975 E wac-main: Netlink event 16 Interface Index 5 
04-07 21:24:54.738  2965  2975 E wac-main: Enter poll and wait
04-07 21:24:54.738  2965  2975 D wac-main: Netlink event
04-07 21:24:54.738  2965  2975 E wac-main: Netlink event 16 Interface Index 5 
04-07 21:24:54.738  2965  2975 E wac-main: Enter poll and wait
04-07 21:24:54.740  2710  2722 I yani_server: NetLink Event '-1' Interface-Index '5' WLAN '0' Ethernet '-1' Parsed-iFill '-1' -> 'INVALID' ifIndex '1' -> 'lo'
04-07 21:24:54.747  2710  2722 I chatty  : uid=0(root) YaniServer identical 9 lines
04-07 21:24:54.748  2710  2722 I yani_server: NetLink Event '-1' Interface-Index '5' WLAN '0' Ethernet '-1' Parsed-iFill '-1' -> 'INVALID' ifIndex '1' -> 'lo'
04-07 21:24:54.748  2710  2722 I yani_kernel: yani_geteventfrom_changeaddr() Message-Id '1' Netlink event '16' Interface Index '5' -> Name 'wlan0' 
04-07 21:24:54.749  2710  2722 I yani_kernel: yani_geteventfrom_changeaddr() Message-Id '1' Netlink event '16' Interface Index '5' -> Name 'wlan0' 
04-07 21:24:54.759  2966  3174 I LibreCastControlDelegate: OnCastStatus() +++ AAA speaker:0xabd84198:NOT_SETUP
04-07 21:24:54.759  2966  3174 I LibreCastControlDelegate: Device Build Number -> '1.52.272222'
04-07 21:24:54.759  2966  3174 I librecast: updateCastBuildVersion() Version 1.52.272222
04-07 21:24:54.759  2711  2711 I lucitransport: readRemoteMessage() MID char = 7 buffer = 1.52.272222
04-07 21:24:54.760  2966  3174 I LibreCastControlDelegate: Active Applications -> 0
04-07 21:24:54.760  2966  3174 I LibreCastControlDelegate: Current Cast State '2' -> 'NOT_SETUP'
04-07 21:24:54.760  2966  3174 I LibreCastControlDelegate: OnCastStatus() ---
04-07 21:24:54.852  3096  3096 I cast_shell: [3099:3149:INFO:metrics_recorder.cc(282)] Cast v2 action(socket_id=09b2041d-5a67-b905-f088-5ee8bb7aaab7.2): CastV2.Connection.Connect.In
04-07 21:24:54.852  3096  3096 I cast_shell: [3099:3099:INFO:application_config_manager_impl.cc(637)] Virtual device not enabled: [PII](09b2041d-5a67-b905-f088-5ee8bb7aaab7)
04-07 21:24:54.852  3096  3096 I cast_shell: [3099:3099:WARNING:application_config_manager_impl.cc(424)] App is not supported: id=CC1AD845
04-07 21:24:54.853  3096  3096 I cast_shell: [3099:3138:INFO:setup_namespace_handler.cc(94)] Added a peer for setup namespace: 09b2041d-5a67-b905-f088-5ee8bb7aaab7.2:gms_cast_prober-2
04-07 21:24:54.854  3096  3096 I cast_shell: [3099:3138:INFO:setup_state.cc(544)] EurekaInfoCalled: wifi_state=10, is_usable_ip_address=1, connected=1, is_initial_setup=0
04-07 21:24:54.885  3096  3096 I cast_shell: [3099:3138:INFO:metrics_recorder.cc(282)] Record action: Setup.state.BLE
04-07 21:24:55.069  3096  3096 I cast_shell: [3099:3099:INFO:mdns_util.cc(102)] Defaulting mDNS capabilities for audio-only build
04-07 21:24:55.069  3096  3096 I cast_shell: [3099:3099:INFO:mdns_util.cc(102)] Defaulting mDNS capabilities for audio-only build
04-07 21:24:55.084  3096  3096 I cast_shell: [3099:3099:INFO:robot_account_auth_manager.cc(525)] Got CAS response: 200
04-07 21:24:55.084  3096  3096 I cast_shell: [3099:3099:INFO:metrics_recorder.cc(282)] cast event: Cast.Assistant.AuthError.NOT_LINKED
04-07 21:24:55.084  3096  3096 I cast_shell: [3099:3099:INFO:robot_account_auth_manager.cc(776)] Current error: TOKEN_NOT_FETCHED, new error: NOT_LINKED
04-07 21:24:55.084  3096  3096 I cast_shell: [3099:3099:INFO:user_auth_impl.cc(207)] Notified all the observers of new auth tokens.
04-07 21:24:55.103  3096  3096 I cast_shell: [3099:3149:INFO:v2_ssl_socket.cc(358)] Stop reading on pending closed socket
04-07 21:24:55.103  3096  3096 I cast_shell: [3099:3138:INFO:setup_namespace_handler.cc(104)] Removed a peer for setup namespace: 09b2041d-5a67-b905-f088-5ee8bb7aaab7.2:gms_cast_prober-2
04-07 21:24:55.306  2972  3003 I otamanager: OTA:curl response code : 0	
04-07 21:24:55.306  2972  3003 I otamanager: http status code : 200
04-07 21:24:55.306  2972  3003 I otamanager: OTA: contentLen :187.000000
04-07 21:24:55.314  2972  3003 I otamanager: OTA: bytesDownloaded = 187 m_iHttpStatusCode = 200 
04-07 21:24:55.318  2690  2690 I sh      : {
04-07 21:24:55.318  2972  3003 E otamanager: OTA:error string =  No update available
04-07 21:24:55.319  2690  2690 I sh      : 	"castVersion" : null,
04-07 21:24:55.319  2690  2690 I sh      : 	"crc" : null,
04-07 21:24:55.319  2690  2690 I sh      : 	"errorCode" : 1001,
04-07 21:24:55.319  2690  2690 I sh      : 	"errorString" : "No update available",
04-07 21:24:55.319  2690  2690 I sh      : 	"forceUpgrade" : true,
04-07 21:24:55.319  2690  2690 I sh      : 	"mcuOnlyUpdate" : false,
04-07 21:24:55.319  2690  2690 I sh      : 	"otapackage" : null,
04-07 21:24:55.319  2690  2690 I sh      : 	"url" : null,
04-07 21:24:55.319  2690  2690 I sh      : 	"version" : null
04-07 21:24:55.319  2972  3003 I otamanager: Firmware Update State Change from CheckUpdate to Idle
04-07 21:24:55.320  3099  3105 E         : OOBE CheckUpdate
04-07 21:24:55.326  2972  3003 I otamanager: cast_updater_threadEntry() Response 'CheckUpdate' Current Firmware Update state 'Idle'
04-07 21:24:55.326  2972  3003 I otamanager: checkUpdate_l
04-07 21:24:55.326  2972  3003 I otamanager: Firmware Update State Change from Idle to CheckUpdate
04-07 21:24:55.326  2711  2711 I lucitransport: readRemoteMessage() MID char = 232 buffer = TRUE
04-07 21:24:55.327  3096  3096 I cast_shell: [system_updater_dummy.cpp(132)] CheckUpdate 132 no new version
04-07 21:24:55.327  3096  3096 I cast_shell: [3099:3105:INFO:update_engine_client_with_system_updater.cc(226)] No system force update, error_code=0
04-07 21:24:55.327  3096  3096 I cast_shell: [3099:3105:INFO:update_engine_client_with_system_updater.cc(167)] Checking system force update.
04-07 21:24:55.327  3096  3096 I cast_shell: [system_updater_dummy.cpp(109)] CheckUpdate
04-07 21:24:55.327  3096  3096 I cast_shell: [system_updater_dummy.cpp(148)] CheckUpdate 148 return
04-07 21:24:55.327  3096  3096 I chatty  : uid=1000(chrome) /bin/logwrapper identical 1 line
04-07 21:24:55.327  3096  3096 I cast_shell: [system_updater_dummy.cpp(148)] CheckUpdate 148 return
04-07 21:24:55.327  2972  3003 E otamanager: lo not valid Interface for MAC ID
04-07 21:24:55.327  2972  3003 D otamanager: OTA: wlan IP = 192.168.1.106
04-07 21:24:55.327  2972  3003 I otamanager: OTA:checkIP mac = cc909321f384  IP = 192.168.1.106 
04-07 21:24:55.328  2972  3003 I otamanager: DownloadHttpContent firmware version = eng.C4A.1203
04-07 21:24:55.332  2711  2711 I lucitransport: readRemoteMessage() MID char = 6 buffer = (null)
04-07 21:24:55.332  2711  2711 I lucitransport: readRemoteMessage() MID char = 7 buffer = 1.52.272222
04-07 21:24:55.332  2972  3003 I otamanager: OTA: DownloadHttpContent :payload =  {"device":{"brand":"COTODAMA","castVersion":"1.52.272222","deviceId":"cc909321f384","deviceType":"LS10_C4A","fwVersion":"1203","googleCast":true,"mcuVersion":"0.0","model":"LSB"}}
04-07 21:24:55.332  2972  3003 I otamanager:  
04-07 21:24:55.332  2972  3003 I otamanager: OTA:------curlDownloadFirmwareXml---
04-07 21:24:55.332  2972  3003 I otamanager: OTA:isValidIpAddress: result 0
04-07 21:24:55.502  2972  3003 I otamanager: OTA:ResolveDNSName IP = 52.21.105.210
04-07 21:24:55.503  2972  3003 I otamanager: OTA:hostIp string: https://52.21.105.210/v1
04-07 21:24:55.503  2972  3003 I otamanager: OTA: trying after 2 sec 
04-07 21:24:55.919  3096  3096 I cast_shell: [3099:3138:INFO:metrics_recorder.cc(282)] Record action: Setup.state.BLE
04-07 21:24:56.358  3096  3096 I cast_shell: [system_updater_dummy.cpp(139)] CheckUpdate 139
04-07 21:24:56.358  3096  3096 I cast_shell: [system_updater_dummy.cpp(148)] CheckUpdate 148 return
04-07 21:24:56.371  3096  3096 I cast_shell: [3099:3148:INFO:mdns_app_filter.cc(1526)] MdnsAppFilter: Done announcing.
04-07 21:24:56.954  3096  3096 I cast_shell: [3099:3138:INFO:metrics_recorder.cc(282)] Record action: Setup.state.BLE
04-07 21:24:57.255  2972  3003 I otamanager: OTA:curl response code : 0	
04-07 21:24:57.255  2972  3003 I otamanager: http status code : 200
04-07 21:24:57.255  2972  3003 I otamanager: OTA: contentLen :187.000000
04-07 21:24:57.262  2972  3003 I otamanager: OTA: bytesDownloaded = 187 m_iHttpStatusCode = 200 
04-07 21:24:57.265  2690  2690 I sh      : }{
04-07 21:24:57.265  2972  3003 E otamanager: OTA:error string =  No update available
04-07 21:24:57.265  2690  2690 I sh      : 	"castVersion" : null,
04-07 21:24:57.265  2690  2690 I sh      : 	"crc" : null,
04-07 21:24:57.265  2690  2690 I sh      : 	"errorCode" : 1001,
04-07 21:24:57.265  2690  2690 I sh      : 	"errorString" : "No update available",
04-07 21:24:57.265  2690  2690 I sh      : 	"forceUpgrade" : true,
04-07 21:24:57.265  2690  2690 I sh      : 	"mcuOnlyUpdate" : false,
04-07 21:24:57.265  2690  2690 I sh      : 	"otapackage" : null,
04-07 21:24:57.265  2690  2690 I sh      : 	"url" : null,
04-07 21:24:57.265  2711  2711 I lucitransport: writeRemoteMessage() MID = 223 buffer = NO_UPDATE
04-07 21:24:57.265  2711  2711 I luciUART: write() MID = 223  bytes = 19 data = NO_UPDATE m_fd = 0x5
04-07 21:24:57.265  2972  3003 I otamanager: Firmware Update State Change from CheckUpdate to Idle
04-07 21:24:57.267  3096  3096 I cast_shell: [system_updater_dummy.cpp(132)] CheckUpdate 132 no new version
04-07 21:24:57.267  3096  3096 I cast_shell: [3099:3105:INFO:update_engine_client_with_system_updater.cc(226)] No system force update, error_code=0
04-07 21:24:57.272  2729  2740 I HotspotManager: hotspot stop
04-07 21:24:57.272  2729  2740 I HotspotManager: stop dnsmasq
04-07 21:24:57.272  3178  3178 I dnsmasq : exiting on receipt of SIGTERM
04-07 21:24:57.274  3096  3096 I cast_shell: [3099:3138:INFO:setup_state.cc(261)] Setup state changed: SETUP_STATE_CONNECTED_WIFI_NOT_SAVED (61) -> SETUP_STATE_CONNECTED (60)
04-07 21:24:57.274  3096  3096 I cast_shell: [3099:3138:INFO:setup_manager_impl.cc(1019)] Setup discoverability is disabled
04-07 21:24:57.274  3096  3096 I cast_shell: [3099:3138:INFO:ble_setup_manager.cc(758)] Clearing setup read attributes
04-07 21:24:57.274  3096  3096 I cast_shell: [3099:3138:INFO:gatt_client_manager_impl.cc(202)] Enabling GATT client connectability
04-07 21:24:57.274  3096  3096 I cast_shell: [3099:3138:INFO:ble_setup_manager.cc(620)] Stopped Bluetooth service
04-07 21:24:57.287  3096  3096 I cast_shell: [3099:3099:INFO:ble_discovery_controller.cc(121)] Starting BLE discovery
04-07 21:24:57.287  3096  3096 I cast_shell: [3099:3099:INFO:cast_receiver_impl.cc(1100)] Leaving discovery-only mode
04-07 21:24:57.287  3096  3096 I cast_shell: [3099:3099:INFO:application_config_manager_impl.cc(566)] Enabling virtual device 09b2041d-5a67-b905-f088-5ee8bb7aaab7
04-07 21:24:57.288  2966  3174 I LibreCastControlDelegate: OnCastStatus() +++ AAA speaker:0xabd84198:READY_TO_CAST
04-07 21:24:57.289  3096  3096 I cast_shell: [3099:3138:INFO:gatt_client_manager_impl.cc(202)] Enabling GATT client connectability
04-07 21:24:57.289  3096  3096 I chatty  : uid=1000(chrome) /bin/logwrapper identical 1 line
04-07 21:24:57.289  3096  3096 I cast_shell: [3099:3138:INFO:gatt_client_manager_impl.cc(202)] Enabling GATT client connectability
04-07 21:24:57.289  3096  3096 I cast_shell: [3099:3138:INFO:ble_setup_manager.cc(744)] Started Bluetooth service
04-07 21:24:57.289  2966  3174 I LibreCastControlDelegate: Cast Device Name -> 'AAA speaker'
04-07 21:24:57.289  2966  3174 I librecast: OldFriendlyName '' & New name change By Cast 'AAA speaker' isfirstbootup 56 m_updatedonebyluci 95
04-07 21:24:57.301  2730  2760 I bluetoothtbd: [0407/085457.301069:INFO:adapter.cc(551)] Adapter properties changed
04-07 21:24:57.301  2730  2760 I bluetoothtbd: [0407/085457.301251:INFO:adapter.cc(573)] Adapter name changed
04-07 21:24:57.301  3096  3096 I cast_shell: [3099:3138:INFO:bluetooth_manager.cc(1232)] [PII] Set device name to 'AAA speaker'
04-07 21:24:57.303  3096  3096 I cast_shell: [3099:3148:INFO:mdns_cast_service.cc(351)] Device discovery state is idle
04-07 21:24:57.303  3096  3096 I cast_shell: [3099:3148:INFO:mdns_util.cc(102)] Defaulting mDNS capabilities for audio-only build
04-07 21:24:57.313  3096  3096 I cast_shell: [3099:3099:INFO:device_info_impl.cc(1133)] SSDP Config ID is increased: id=7
04-07 21:24:57.313  3096  3096 I cast_shell: [3099:3099:INFO:ccs_manager_impl.cc(1842)] Postponing device name update while registering
04-07 21:24:57.313  3096  3096 I cast_shell: [3099:3148:INFO:mdns_util.cc(102)] Defaulting mDNS capabilities for audio-only build
04-07 21:24:57.314  2966  3174 I LibreCastControlDelegate: OnCastStatus() +++ AAA speaker:0xabd84198:READY_TO_CAST
04-07 21:24:57.315  3096  3096 I cast_shell: [3099:3099:INFO:mdns_manager_impl.cc(429)] Successfully updated service: type=_googlecast
04-07 21:24:57.315  3096  3096 I cast_shell: [3099:3099:INFO:virtual_device.cc(296)] Updated mDNS service for virtual device: id=09b2041d-5a67-b905-f088-5ee8bb7aaab7
04-07 21:24:57.315  2966  3174 I LibreCastControlDelegate: Cast Device Name -> 'AAA speaker'
04-07 21:24:57.316  2966  3174 I librecast: OldFriendlyName '' & New name change By Cast 'AAA speaker' isfirstbootup 56 m_updatedonebyluci 95
04-07 21:24:57.316  2966  3174 I librecast:  Difference in FriendlyName notify all  
04-07 21:24:57.316  2966  3174 I LibreCastControl: LibreCastControl_SetCastName()  name 'AAA speaker' RequestId '7' pCastControl 0xf4800728
04-07 21:24:57.316  2711  2718 I lucitransport: writeRemoteMessage() MID = 90 buffer = AAA speaker
04-07 21:24:57.316  2711  2718 I luciUART: write() MID = 90  bytes = 21 data = AAA speaker m_fd = 0x5
04-07 21:24:57.328  2966  3016 I librecast: MessageBoxAlert() Msg = 90 remoteID = 16 
04-07 21:24:57.329  3096  3096 I cast_shell: [3099:3099:INFO:ccs_manager_impl.cc(1842)] Postponing device name update while registering
04-07 21:24:57.329  2711  2720 I lucitransport: readRemoteMessage() MID char = 90 buffer = AAA speaker
04-07 21:24:57.329  2966  3016 I LibreCastControl: LibreCastControl_SetCastName()  name 'AAA speaker' RequestId '8' pCastControl 0xf4800728
04-07 21:24:57.329  2966  3016 E librecast: MessageBoxAlert() friendlyname AAA speaker
04-07 21:24:57.329  2966  3016 I LibreCastControl: MessageBoxAlert() messageBoxID 90
04-07 21:24:57.329  3096  3096 I cast_shell: [3099:3148:INFO:mdns_util.cc(102)] Defaulting mDNS capabilities for audio-only build
04-07 21:24:57.330  2690  2690 I sh      : MessageBoxAlert() MID 90 
04-07 21:24:57.330  2690  2690 I sh      : MessageBoxChanged() MID '90'
04-07 21:24:57.330  2968  3034 I airplayluci: MessageBoxAlert: MID 90
04-07 21:24:57.331  3096  3096 I cast_shell: [3099:3099:INFO:mdns_manager_impl.cc(429)] Successfully updated service: type=_googlecast
04-07 21:24:57.331  3096  3096 I cast_shell: [3099:3099:INFO:virtual_device.cc(296)] Updated mDNS service for virtual device: id=09b2041d-5a67-b905-f088-5ee8bb7aaab7
04-07 21:24:57.332  2969  3000 E Spotify-Player: Change Spotify Device name
04-07 21:24:57.332  2711  2720 E LUCI_SERVER: Luci Server Thread wait over MID 90....
04-07 21:24:57.333  2966  3174 I LibreCastControlDelegate: OnCastStatus() +++ AAA speaker:0xabd84198:READY_TO_CAST
04-07 21:24:57.333  2968  3633 I airplay_v2_0_6: 2022-04-07 21:24:57.333746 [AirPlay] Deregistered Bonjour _airplay._tcp. for restart
04-07 21:24:57.334  2966  3174 I LibreCastControlDelegate: Cast Device Name -> 'AAA speaker'
04-07 21:24:57.334  2966  3174 I librecast: OldFriendlyName 'AAA speaker' & New name change By Cast 'AAA speaker' isfirstbootup 56 m_updatedonebyluci 0
04-07 21:24:57.334  2966  3174 I LibreCastControlDelegate: Device Build Number -> '1.52.272222'
04-07 21:24:57.334  2966  3174 I librecast: updateCastBuildVersion() Version 1.52.272222
04-07 21:24:57.334  2968  3633 I airplay_v2_0_6: 2022-04-07 21:24:57.334050 [AirPlay] Deregistered Bonjour _raop._tcp. for restart
04-07 21:24:57.334  2711  2711 I lucitransport: readRemoteMessage() MID char = 7 buffer = 1.52.272222
04-07 21:24:57.334  2969  3001 I SPOTIFY : ConnectionNotify event(0-Login, 1-Logout, rest Error) = 6 
04-07 21:24:57.334  2969  3001 E SPOTIFY : Device Name change new name = AAA speaker
04-07 21:24:57.334  2969  3001 E SPOTIFY : err = 0 
04-07 21:24:57.334  2966  3174 I LibreCastControlDelegate: Active Applications -> 0
04-07 21:24:57.334  2966  3174 I LibreCastControlDelegate: Current Cast State '6' -> 'READY_TO_CAST'
04-07 21:24:57.372  2966  3016 I librecast: MessageBoxAlert() Msg = 90 remoteID = 16 
04-07 21:24:57.373  2965  2975 D wac-main: Netlink event
04-07 21:24:57.373  2965  2975 E wac-main: Netlink event 21 Interface Index 6 
04-07 21:24:57.373  2965  2975 E wac-main: Enter poll and wait
04-07 21:24:57.373  2710  2722 I yani_kernel: yani_geteventfrom_changeaddr() Message-Id '1' Netlink event '21' Interface Index '6' -> Name 'p2p0' 
04-07 21:24:57.375  2782  2782 I dnsmasq : reading /etc/resolv.conf
04-07 21:24:57.375  2782  2782 I dnsmasq : using nameserver 8.8.4.4#53
04-07 21:24:57.375  2782  2782 I dnsmasq : using nameserver 192.168.1.1#53
04-07 21:24:57.375  2782  2782 I dnsmasq : using nameserver 192.168.50.1#53
04-07 21:24:57.375  2782  2782 I dnsmasq : using nameserver 8.8.8.8#53
04-07 21:24:57.375  2711  2720 I lucitransport: readRemoteMessage() MID char = 90 buffer = AAA speaker
04-07 21:24:57.384  3096  3096 I cast_shell: [3099:3099:INFO:device_info_impl.cc(1133)] SSDP Config ID is increased: id=10
04-07 21:24:57.391  2730  2760 I bluetoothtbd: [0407/085457.391893:INFO:adapter.cc(551)] Adapter properties changed
04-07 21:24:57.392  2730  2760 I bluetoothtbd: [0407/085457.392067:INFO:adapter.cc(573)] Adapter name changed
04-07 21:24:57.392  2966  3174 I LibreCastControlDelegate: OnCastStatus() +++ AAA speaker:0xabd84198:READY_TO_CAST
04-07 21:24:57.392  2968  3034 I airplayluci: MessageBoxAlert: MID 90
04-07 21:24:57.393  2969  3000 E Spotify-Player: Change Spotify Device name
04-07 21:24:57.393  2966  3174 I LibreCastControlDelegate: Cast Device Name -> 'AAA speaker'
04-07 21:24:57.393  2966  3174 I librecast: OldFriendlyName 'AAA speaker' & New name change By Cast 'AAA speaker' isfirstbootup 56 m_updatedonebyluci 0
04-07 21:24:57.393  2966  3174 I LibreCastControlDelegate: Device Build Number -> '1.52.272222'
04-07 21:24:57.394  2966  3174 I librecast: updateCastBuildVersion() Version 1.52.272222
04-07 21:24:57.394  2710  2722 I yani_server: NetLink Event '5' Interface-Index '6' WLAN '-1' Ethernet '-1' Parsed-iFill '5' -> 'P2P0 DISCONNECTED' ifIndex '2' -> 'tunl0'
04-07 21:24:57.397  2969  3001 E SPOTIFY : Device Name change new name = AAA speaker
04-07 21:24:57.397  2969  3001 E SPOTIFY : err = 0 
04-07 21:24:57.402  2710  2722 E yani_server: YANI: I am Done Wait For Event 
04-07 21:24:57.402  2710  2786 I yani_server: onNetworkParametersChanged() WAC Mode '0'  Index '2' Interface 'p2p0' Status '0'
04-07 21:24:57.402  2725  2735 I MB_HANDLER: YaniAlert() Interface '3' Status '0'
04-07 21:24:57.403  2711  2711 I lucitransport: writeRemoteMessage() MID = 124 buffer = 1#1,1#2,0#3,0#4,0
04-07 21:24:57.403  2711  2711 I luciUART: write() MID = 124  bytes = 27 data = 1#1,1#2,0#3,0#4,0 m_fd = 0x5
04-07 21:24:57.404  2726  2726 E AirableUIHelper: AirableUIHelper::YaniAlert  3 0 
04-07 21:24:57.404  2972  2992 I otamanager: YaniAlert() Interface 3 Status Down
04-07 21:24:57.404  2968  3034 I airplay-main: YaniAlert Interface 3 Status 0
04-07 21:24:57.411  2711  2719 E luciUART: UART:aa
04-07 21:24:57.411  2711  2719 E luciUART: UART:aa
04-07 21:24:57.411  2711  2719 E luciUART: UART:2
04-07 21:24:57.412  2711  2719 E luciUART: UART:0
04-07 21:24:57.412  2711  2719 E luciUART: UART:d0
04-07 21:24:57.412  2711  2719 E luciUART: UART:0
04-07 21:24:57.412  2711  2719 I chatty  : uid=0(root) UARTLUCIControl identical 1 line
04-07 21:24:57.412  2711  2719 E luciUART: UART:0
04-07 21:24:57.412  2965  2975 D wac-main: Netlink event
04-07 21:24:57.412  2965  2975 E wac-main: Netlink event 16 Interface Index 6 
04-07 21:24:57.413  2965  2975 E wac-main: p2p0 event Link Changed : 1003 
04-07 21:24:57.413  2965  2975 E wac-main: p2p0 Changed down
04-07 21:24:57.413  2965  2975 E wac-main: wlan0 IP : 192.168.1.106
04-07 21:24:57.413  2710  2722 I yani_kernel: yani_geteventfrom_changeaddr() Message-Id '1' Netlink event '16' Interface Index '6' -> Name 'p2p0' 
04-07 21:24:57.413  2711  2719 E luciUART: UART:0
04-07 21:24:57.413  2711  2719 E luciUART: UART:9
04-07 21:24:57.413  2711  2719 I luciUART: read() RemoteID = 43690 Command = 208 Type = 2 Status = 0 DataLen = 9
04-07 21:24:57.413  2711  2719 E luciUART: Error: full data not available yet! readBytes 0
04-07 21:24:57.413  2711  2719 I luciUART: Previous Packet read contd., 
04-07 21:24:57.413  2711  2719 E luciUART: UART:52
04-07 21:24:57.413  2711  2719 I luciUART: Previous Packet read contd., 
04-07 21:24:57.413  2711  2719 E luciUART: UART:45
04-07 21:24:57.413  2711  2719 I luciUART: Previous Packet read contd., 
04-07 21:24:57.413  2711  2719 E luciUART: UART:41
04-07 21:24:57.413  2711  2719 I luciUART: Previous Packet read contd., 
04-07 21:24:57.413  2711  2719 E luciUART: UART:44
04-07 21:24:57.413  2711  2719 I luciUART: Previous Packet read contd., 
04-07 21:24:57.413  2711  2719 E luciUART: UART:5f
04-07 21:24:57.413  2711  2719 I luciUART: Previous Packet read contd., 
04-07 21:24:57.413  2711  2719 E luciUART: UART:73
04-07 21:24:57.413  2711  2719 I luciUART: Previous Packet read contd., 
04-07 21:24:57.413  2711  2719 E luciUART: UART:73
04-07 21:24:57.413  2711  2719 I luciUART: Previous Packet read contd., 
04-07 21:24:57.413  2711  2719 E luciUART: UART:69
04-07 21:24:57.413  2711  2719 I luciUART: Previous Packet read contd., 
04-07 21:24:57.413  2711  2719 E luciUART: UART:64
04-07 21:24:57.414  2711  2720 E LUCI_SERVER: Luci Server Thread wait over MID 208....
04-07 21:24:57.414  2711  2720 E LUCI_SERVER: Got NV name : ssid
04-07 21:24:57.415  2965  2975 E wac-main: Enter poll and wait
04-07 21:24:57.417  2711  2720 I luciUART: write() MID = 208  bytes = 30 data = ssid:Linksys16717_2G m_fd = 0x5
04-07 21:24:57.417  2711  2720 E LUCI_SERVER: NV_READ response= ssid:Linksys16717_2G
04-07 21:24:57.417  2711  2720 E LUCI_SERVER: Luci Server Thread waiting for packets....
04-07 21:24:57.478  2729  2740 E WifiUtil: Setting interface p2p0 down.
04-07 21:24:57.479  2965  2975 D wac-main: Netlink event
04-07 21:24:57.479  2965  2975 E wac-main: Netlink event 16 Interface Index 6 
04-07 21:24:57.479  2965  2975 E wac-main: p2p0 event Link Changed : 1002 
04-07 21:24:57.479  2965  2975 E wac-main: Enter poll and wait
04-07 21:24:57.479  2710  2722 I yani_kernel: yani_geteventfrom_changeaddr() Message-Id '1' Netlink event '16' Interface Index '6' -> Name 'p2p0' 
04-07 21:24:57.990  3096  3096 I cast_shell: [3099:3138:INFO:metrics_recorder.cc(282)] Record action: Setup.state.BLE
04-07 21:24:58.071  3537  3537 D dhcpcd  : wlan0: Router Advertisement from fe80::cab3:73ff:fe44:aeed
04-07 21:24:58.072  3537  3537 D dhcpcd  : wlan0: adding address fd70:d3e7:6555:0:ce90:93ff:fe21:f384/64
04-07 21:24:58.072  3537  3537 D dhcpcd  : wlan0: adding address fd70:d3e7:6555:0:998f:e657:c7bd:1c53/64
04-07 21:24:58.073  3537  3537 D dhcpcd  : wlan0: adding route to fd70:d3e7:6555::/64
04-07 21:24:58.073  3537  3537 D dhcpcd  : wlan0: requesting DHCPv6 information
04-07 21:24:58.268  3096  3096 I cast_shell: [3099:3138:INFO:ble_setup.cc(789)] Missing required info for sign.
04-07 21:24:58.272  3096  3096 I cast_shell: [3099:3138:INFO:gatt_client_manager_impl.cc(202)] Enabling GATT client connectability
04-07 21:24:58.272  3096  3096 I cast_shell: [3099:3138:INFO:ble_setup.cc(915)] Sign related info completed, no future EurekaInfo need sign.
04-07 21:24:58.837  3096  3096 I cast_shell: [3099:3099:INFO:metrics_recorder.cc(282)] cast event: Cloud.Transport.Https.Register.Out.Success
04-07 21:24:58.837  3096  3096 I cast_shell: [3099:3099:WARNING:ccs_transport_util.cc(409)] Auth info absent from the config reply from CCS.
04-07 21:24:58.837  3096  3096 I cast_shell: [3099:3099:WARNING:ccs_transport_util.cc(313)] Missing SensingSettings in the CCS config.
04-07 21:24:58.837  3096  3096 I cast_shell: [3099:3099:INFO:metrics_recorder.cc(282)] cast event: Cloud.Transport.Https.Config.In
04-07 21:24:58.837  3096  3096 I cast_shell: [3099:3099:INFO:ccs_manager_impl.cc(1150)] Handling CONFIG message from CCS.
04-07 21:24:58.837  3096  3096 I cast_shell: [3099:3099:INFO:ccs_manager_impl.cc(1151)] [PII] device_id=E712EA5590E7A569201BB157EE4B8F5F
04-07 21:24:58.837  3096  3096 I cast_shell: [3099:3099:INFO:metrics_recorder.cc(282)] Record action: Cloud.Transport.Https.LinkedStatus.NotLinked
04-07 21:24:58.837  3096  3096 I cast_shell: [3099:3099:INFO:structure_info_from_home_graph.cc(53)] received config from home graph. Will use it: 1
04-07 21:24:58.837  3096  3096 I cast_shell: [3099:3099:INFO:structure_info_from_home_graph.cc(59)] Num devices in the structure: 0
04-07 21:24:58.837  3096  3096 I cast_shell: [3099:3099:INFO:ccs_heartbeat_listener.cc(56)] Setting heartbeat interval from CCS: 120000ms
04-07 21:24:58.840  3096  3096 I cast_shell: [3099:3107:INFO:heartbeat_manager.cc(306)] Set client HB: 120000
04-07 21:24:58.840  3096  3096 I cast_shell: [3099:3107:INFO:heartbeat_manager.cc(311)] ResettingConnection bc: 1680000
04-07 21:24:58.840  3096  3096 I cast_shell: [3099:3107:INFO:heartbeat_manager.cc(332)] ResetConnection: %d5
04-07 21:24:58.846  3096  3096 I cast_shell: [3099:3099:INFO:user_auth_impl.cc(267)] linked status: NOT_LINKED
04-07 21:24:58.846  3096  3096 I cast_shell: [3099:3099:INFO:robot_account_auth_manager.cc(320)] V1 AuthManager received a UpdateAuthToken request
04-07 21:24:58.846  3096  3096 I cast_shell: [3099:3099:INFO:ccs_transport_https.cc(1352)] No cloud settings in response
04-07 21:24:58.846  3096  3096 I cast_shell: [3099:3099:INFO:gcm_manager.cc(238)] GCM connection lost.
04-07 21:24:59.054  2730  2845 W bt_btif : bta_gattc_conn_cback() - cif=3 connected=0 conn_id=3 reason=0x0013
04-07 21:24:59.054  2730  2845 W bt_btif : bta_gattc_conn_cback() - cif=4 connected=0 conn_id=4 reason=0x0013
04-07 21:24:59.054  2730  2845 W bt_btif : bta_gattc_conn_cback() - cif=6 connected=0 conn_id=6 reason=0x0013
04-07 21:24:59.055  2730  2845 I bt_btm_sec: btm_sec_disconnected clearing pending flag handle:128 reason:19
04-07 21:24:59.056  2730  2760 W bt_btif : btif_av_move_idle: ACL Disconnected state 0 bd_addr=69:fb:90:92:75:0d peer_bda=00:00:00:00:00:00
04-07 21:24:59.056  2730  2760 I bluetoothtbd: [0407/085459.056284:INFO:adapter.cc(719)] ACL state changed: 69:FB:90:92:75:0D - connected: false
04-07 21:24:59.057  3096  3096 I cast_shell: [3099:3138:ERROR:bluetooth_v1_via_v2.cc(796)] Connection state changed. :0d false
04-07 21:24:59.207  2729  2740 I NetworkMonitor: turn off power-save
04-07 21:24:59.316  3096  3096 I cast_shell: [3099:3148:INFO:mdns_app_filter.cc(1526)] MdnsAppFilter: Done announcing.
04-07 21:24:59.336  2968  3668 I airplay_v2_0_6: 2022-04-07 21:24:59.336122 [AirPlayDemo] AirPlayDemoServerCopyProperty Password is <<NULL>>
04-07 21:24:59.337  2711  2711 I lucitransport: readRemoteMessage() MID char = 90 buffer = AAA speaker
04-07 21:24:59.338  2968  3633 I airplay_v2_0_6: 2022-04-07 21:24:59.338772 [AirPlay] Registering Bonjour _airplay._tcp. port 7000
04-07 21:24:59.340  2968  3668 I airplay_v2_0_6: 2022-04-07 21:24:59.340500 [AirPlayDemo] AirPlayDemoServerCopyProperty Password is <<NULL>>
04-07 21:24:59.342  2968  3668 I airplay_v2_0_6: 2022-04-07 21:24:59.342238 [AirPlayDemo] AirPlayDemoServerCopyProperty Password is <<NULL>>
04-07 21:24:59.343  2711  2711 I lucitransport: readRemoteMessage() MID char = 90 buffer = AAA speaker
04-07 21:24:59.344  2968  3633 I airplay_v2_0_6: 2022-04-07 21:24:59.344589 [AirPlay] Registering Bonjour CC909321F384@AAA speaker._raop._tcp. port 7000
04-07 21:24:59.559  2729  2740 I NetworkMonitor: turn off power-save
04-07 21:24:59.657  2729  2740 I chatty  : uid=0(root) /bin/net_mgr identical 1 line
04-07 21:24:59.661  3096  3096 I cast_shell: [3099:3099:ERROR:ccs_transport_https.cc(1775)] Received response code -1 for message_id = 95a0cd4d-7a69-460b-b304-e2230b0774ca - 
04-07 21:24:59.661  3096  3096 I cast_shell: [3099:3099:INFO:metrics_recorder.cc(282)] cast event: Cloud.Transport.Https.Register.Out.Error
04-07 21:24:59.661  3096  3096 I cast_shell: [3099:3099:INFO:ccs_manager_impl.cc(2529)] Scheduling next register for device in time: 57.962 s
04-07 21:24:59.753  2729  2740 I NetworkMonitor: turn off power-save
04-07 21:25:01.415  3669  3669 E wac-main: WAC timeout cb
04-07 21:25:01.415  3669  3669 E wac-main: send wac api : a5a1
04-07 21:25:01.416  2965  2975 E wac-main: API event
04-07 21:25:01.416  2965  2975 E wac-main: msg : a5a1
04-07 21:25:01.416  2965  2975 E wac-main: msg : a5a1
04-07 21:25:01.416  2965  2975 E wac-main: Enter poll and wait
04-07 21:25:01.416  2965  3670 E wac-main: enter WACStartStopThread
04-07 21:25:01.416  2965  3670 E wac-main: WACStartStopThread() event -> 'wacstop' is WACServer? UP -> 'Yes' 
04-07 21:25:01.416  2965  3670 E WACSERVER: WACServerStop wait
04-07 21:25:01.416  2965  2985 E WACBONJOUR: RemoveWACBonjourService
04-07 21:25:01.419  2965  2985 I wifiapi : newconn : 0xf4802510
04-07 21:25:01.440  2965  2975 D wac-main: Netlink event
04-07 21:25:01.440  2965  2975 E wac-main: Netlink event 16 Interface Index 7 
04-07 21:25:01.440  2965  2975 E wac-main: Enter poll and wait
04-07 21:25:01.441  2710  2722 I yani_kernel: yani_geteventfrom_changeaddr() Message-Id '1' Netlink event '16' Interface Index '7' -> Name 'p2p1' 
04-07 21:25:01.447  2729  2740 E CommandListener: Message not handled: unrecognized interface p2p1
04-07 21:25:01.447  2729  2740 W FrameworkListener: Handler 'Iface' error (Success)
04-07 21:25:01.448  2965  2975 D wac-main: Netlink event
04-07 21:25:01.448  2965  2975 E wac-main: Netlink event 16 Interface Index 7 
04-07 21:25:01.448  2965  2975 E wac-main: Enter poll and wait
04-07 21:25:01.449  2729  2740 E CommandListener: Message not handled: unrecognized interface p2p1
04-07 21:25:01.449  2729  2740 W FrameworkListener: Handler 'Iface' error (Success)
04-07 21:25:01.450  2710  2722 I yani_kernel: yani_geteventfrom_changeaddr() Message-Id '1' Netlink event '16' Interface Index '7' -> Name 'p2p1' 
04-07 21:25:01.453  2729  2740 E CommandListener: Message not handled: unrecognized interface p2p1
04-07 21:25:01.453  2729  2740 W FrameworkListener: Handler 'Iface' error (Success)
04-07 21:25:01.462  2965  2985 I wifiapi : 'DISABLE' command returned = 0
04-07 21:25:01.465  2965  2985 I wifiapi : stop hostapd
04-07 21:25:01.465  2965  2985 I wifiapi : stop dnsmasq
04-07 21:25:01.467  2965  2975 D wac-main: Netlink event
04-07 21:25:01.467  2965  2975 E wac-main: Netlink event 21 Interface Index 7 
04-07 21:25:01.467  2965  2975 E wac-main: Enter poll and wait
04-07 21:25:01.467  2729  2740 E CommandListener: Message not handled: unrecognized interface p2p1
04-07 21:25:01.467  2729  2740 W FrameworkListener: Handler 'Iface' error (Success)
04-07 21:25:01.468  2710  2722 I yani_kernel: yani_geteventfrom_changeaddr() Message-Id '1' Netlink event '21' Interface Index '7' -> Name 'p2p1' 
04-07 21:25:01.468  2965  2985 E wac-main: WACCallback() message 5 -> 'Stopped'
04-07 21:25:01.469  2711  2711 I lucitransport: writeRemoteMessage() MID = 143 buffer = 5
04-07 21:25:01.469  2711  2711 I luciUART: write() MID = 143  bytes = 11 data = 5 m_fd = 0x5
04-07 21:25:01.471  2711  2711 I lucitransport: writeLocalMessage() MID = 143 buffer = 5
04-07 21:25:01.471  2711  2720 E LUCI_SERVER: Luci Server Thread wait over MID 143....
04-07 21:25:01.472  2711  2720 E LUCI_SERVER: Luci Server Thread waiting for packets....
04-07 21:25:01.472  2965  2985 E wac-main: send wac api : a5a1
04-07 21:25:01.472  2965  2975 E wac-main: API event
04-07 21:25:01.843  3096  3096 I cast_shell: [3099:3099:INFO:robot_account_auth_manager.cc(384)] Sending oauth request for client_id: 2
04-07 21:25:01.843  3096  3096 I cast_shell: [3099:3099:INFO:metrics_recorder.cc(282)] cast event: Cast.Assistant.Auth.FetchToken
04-07 21:25:01.844  3096  3096 I cast_shell: [3099:3105:INFO:chromium_http_connection.cc(436)] Creating a new chromium http url loader factory
04-07 21:25:02.612  3096  3096 I cast_shell: [3099:3099:INFO:robot_account_auth_manager.cc(525)] Got CAS response: 200
04-07 21:25:02.612  3096  3096 I cast_shell: [3099:3099:INFO:metrics_recorder.cc(282)] cast event: Cast.Assistant.AuthError.NOT_LINKED
04-07 21:25:02.612  3096  3096 I cast_shell: [3099:3099:INFO:robot_account_auth_manager.cc(776)] Current error: NOT_LINKED, new error: NOT_LINKED
04-07 21:25:02.689  3096  3096 I cast_shell: [3099:3099:INFO:grpc_manager_impl.cc(505)] GRPC[uri=[::]:0]: num_pending_calls=0, num_active_handlers=0, num_free_handlers=0
04-07 21:25:02.689  3096  3096 I cast_shell: [3099:3099:INFO:grpc_manager_impl.cc(515)] GRPC[uri=[::]:0]: service_name=chromecast.LocalCloudcastService, rpc_name=ExecuteActionScript, num_active_handlers=0, num_free_handlers=0
04-07 21:25:02.689  3096  3096 I cast_shell: [3099:3099:INFO:grpc_manager_impl.cc(515)] GRPC[uri=[::]:0]: service_name=chromecast.LocalCloudcastService, rpc_name=GetDeviceStatus, num_active_handlers=0, num_free_handlers=0
04-07 21:25:02.689  3096  3096 I cast_shell: [3099:3099:INFO:grpc_manager_impl.cc(515)] GRPC[uri=[::]:0]: service_name=chromecast.LocalCloudcastService, rpc_name=ObserveDeviceStatus, num_active_handlers=0, num_free_handlers=0
04-07 21:25:02.689  3096  3096 I cast_shell: [3099:3099:INFO:grpc_manager_impl.cc(505)] GRPC[uri=]: num_pending_calls=0, num_active_handlers=0, num_free_handlers=0
04-07 21:25:02.722  3096  3096 I cast_shell: [3099:3099:INFO:grpc_manager_impl.cc(505)] GRPC[uri=unix:/tmp/hcp_ipc_auth.socket]: num_pending_calls=0, num_active_handlers=10, num_free_handlers=0
04-07 21:25:02.722  3096  3096 I cast_shell: [3099:3099:INFO:grpc_manager_impl.cc(515)] GRPC[uri=unix:/tmp/hcp_ipc_auth.socket]: service_name=usonia.ipc.Auth, rpc_name=AuthReady, num_active_handlers=1, num_free_handlers=0
04-07 21:25:02.722  3096  3096 I cast_shell: [3099:3099:INFO:grpc_manager_impl.cc(515)] GRPC[uri=unix:/tmp/hcp_ipc_auth.socket]: service_name=usonia.ipc.Auth, rpc_name=Sign, num_active_handlers=1, num_free_handlers=0
04-07 21:25:02.722  3096  3096 I cast_shell: [3099:3099:INFO:grpc_manager_impl.cc(515)] GRPC[uri=unix:/tmp/hcp_ipc_auth.socket]: service_name=usonia.ipc.Auth, rpc_name=Verify, num_active_handlers=1, num_free_handlers=0
04-07 21:25:02.722  3096  3096 I cast_shell: [3099:3099:INFO:grpc_manager_impl.cc(515)] GRPC[uri=unix:/tmp/hcp_ipc_auth.socket]: service_name=usonia.ipc.DistributedServiceDiscovery, rpc_name=AddService, num_active_handlers=1, num_free_handlers=0
04-07 21:25:02.722  3096  3096 I cast_shell: [3099:3099:INFO:grpc_manager_impl.cc(515)] GRPC[uri=unix:/tmp/hcp_ipc_auth.socket]: service_name=usonia.ipc.DistributedServiceDiscovery, rpc_name=FetchAllPeerAddressList, num_active_handlers=1, num_free_handlers=0
04-07 21:25:02.722  3096  3096 I cast_shell: [3099:3099:INFO:grpc_manager_impl.cc(515)] GRPC[uri=unix:/tmp/hcp_ipc_auth.socket]: service_name=usonia.ipc.DistributedServiceDiscovery, rpc_name=IsServiceAllowed, num_active_handlers=1, num_free_handlers=0
04-07 21:25:02.722  3096  3096 I cast_shell: [3099:3099:INFO:grpc_manager_impl.cc(515)] GRPC[uri=unix:/tmp/hcp_ipc_auth.socket]: service_name=usonia.ipc.DistributedServiceDiscovery, rpc_name=ResolvePeerAddress, num_active_handlers=1, num_free_handlers=0
04-07 21:25:02.722  3096  3096 I cast_shell: [3099:3099:INFO:grpc_manager_impl.cc(515)] GRPC[uri=unix:/tmp/hcp_ipc_auth.socket]: service_name=usonia.ipc.DistributedServiceDiscovery, rpc_name=UpdateServiceObservers, num_active_handlers=1, num_free_handlers=0
04-07 21:25:02.722  3096  3096 I cast_shell: [3099:3099:INFO:grpc_manager_impl.cc(515)] GRPC[uri=unix:/tmp/hcp_ipc_auth.socket]: service_name=usonia.ipc.LeaderElector, rpc_name=LeaderElection, num_active_handlers=1, num_free_handlers=0
04-07 21:25:02.722  3096  3096 I cast_shell: [3099:3099:INFO:grpc_manager_impl.cc(515)] GRPC[uri=unix:/tmp/hcp_ipc_auth.socket]: service_name=usonia.ipc.TimeSynchronizer, rpc_name=ObserveCommonTime, num_active_handlers=1, num_free_handlers=0
04-07 21:25:02.727  3096  3096 I cast_shell: [3099:3099:INFO:grpc_manager_impl.cc(505)] GRPC[uri=unix:/tmp/modular_updater/modular_update_service]: num_pending_calls=0, num_active_handlers=0, num_free_handlers=0
04-07 21:25:02.727  3096  3096 I cast_shell: [3099:3099:INFO:grpc_manager_impl.cc(515)] GRPC[uri=unix:/tmp/modular_updater/modular_update_service]: service_name=chromecast.modular_update.ModularUpdateService, rpc_name=GetCastInfo, num_active_handlers=0, num_free_handlers=0
04-07 21:25:02.727  3096  3096 I cast_shell: [3099:3099:INFO:grpc_manager_impl.cc(515)] GRPC[uri=unix:/tmp/modular_updater/modular_update_service]: service_name=chromecast.modular_update.ModularUpdateService, rpc_name=ReportInstalledManifestVersion, num_active_handlers=0, num_free_handlers=0
04-07 21:25:02.727  3096  3096 I cast_shell: [3099:3099:INFO:grpc_manager_impl.cc(515)] GRPC[uri=unix:/tmp/modular_updater/modular_update_service]: service_name=chromecast.modular_update.ModularUpdateService, rpc_name=ReportMetricsEvent, num_active_handlers=0, num_free_handlers=0
04-07 21:25:02.727  3096  3096 I cast_shell: [3099:3099:INFO:grpc_manager_impl.cc(515)] GRPC[uri=unix:/tmp/modular_updater/modular_update_service]: service_name=chromecast.modular_update.ModularUpdateService, rpc_name=SendHttpRequest, num_active_handlers=0, num_free_handlers=0
04-07 21:25:02.727  3096  3096 I cast_shell: [3099:3099:INFO:grpc_manager_impl.cc(515)] GRPC[uri=unix:/tmp/modular_updater/modular_update_service]: service_name=chromecast.modular_update.ModularUpdateService, rpc_name=StreamHttpRequest, num_active_handlers=0, num_free_handlers=0
04-07 21:25:02.727  3096  3096 I cast_shell: [3099:3099:INFO:grpc_manager_impl.cc(515)] GRPC[uri=unix:/tmp/modular_updater/modular_update_service]: service_name=chromecast.modular_update.ModularUpdateService, rpc_name=SynchronousUpdateProgress, num_active_handlers=0, num_free_handlers=0
04-07 21:25:02.750  3096  3096 I cast_shell: [3099:3099:INFO:metrics_recorder.cc(112)] Metrics stat: total=38
04-07 21:25:02.750  3096  3096 I cast_shell: Cast.Assistant.Auth.FetchToken=2
04-07 21:25:02.750  3096  3096 I cast_shell: Cast.Assistant.AuthError.NOT_LINKED=2
04-07 21:25:02.750  3096  3096 I cast_shell: Cast.Auth.OK=2
04-07 21:25:02.750  3096  3096 I cast_shell: Cast.CRL.DownloadSuccess=2
04-07 21:25:02.750  3096  3096 I cast_shell: Cast.DCS.DownloadSuccess=1
04-07 21:25:02.750  3096  3096 I cast_shell: Cast.Discovery.Ble.Enabled=1
04-07 21:25:02.750  3096  3096 I cast_shell: Cast.Discovery.Mdns.ResponderStarted=1
04-07 21:25:02.750  3096  3096 I cast_shell: Cast.Discovery.Mdns.ResponderStopped=1
04-07 21:25:02.750  3096  3096 I cast_shell: Cast.Discovery.Mdns.SocketCreated=3
04-07 21:25:02.750  3096  3096 I cast_shell: Cast.Discovery.Mdns.SocketDestroyed=2
04-07 21:25:02.900  3096  3096 I cast_shell: [3099:3099:INFO:grpc_manager_impl.cc(505)] GRPC[uri=[::]:8012]: num_pending_calls=0, num_active_handlers=1, num_free_handlers=0
04-07 21:25:02.901  3096  3096 I cast_shell: [3099:3099:INFO:grpc_manager_impl.cc(515)] GRPC[uri=[::]:8012]: service_name=chromecast.grpc_discovery.GrpcDiscoveryService, rpc_name=GetServiceInfo, num_active_handlers=1, num_free_handlers=0
04-07 21:25:02.920  3096  3096 I cast_shell: [3099:3138:INFO:wifi_proximity.cc(177)] Request scan.
04-07 21:25:03.473  3096  3096 I cast_shell: [3099:3107:INFO:parent_tracker.cc(237)] Network changed
04-07 21:25:03.473  3096  3096 I cast_shell: [3099:3107:INFO:parent_tracker.cc(132)] No need to recreate socket
04-07 21:25:03.473  3096  3096 I cast_shell: [3099:3107:INFO:parent_tracker.cc(237)] Network changed
04-07 21:25:03.473  3096  3096 I cast_shell: [3099:3107:INFO:parent_tracker.cc(132)] No need to recreate socket
04-07 21:25:03.477  3096  3096 I cast_shell: [3099:3105:INFO:net_util_impl.cc(582)] IP address: [PII](192.168.1.1) MAC address: [PII](C8:B3:73:44:AE:ED)
04-07 21:25:03.478  3096  3096 I cast_shell: [3099:3105:INFO:net_util_impl.cc(582)] IP address: [PII](192.168.1.1) MAC address: [PII](C8:B3:73:44:AE:ED)
04-07 21:25:03.479  3096  3096 I cast_shell: [3099:3099:INFO:gcm_manager.cc(238)] GCM connection lost.
04-07 21:25:06.208  3096  3096 I cast_shell: [3099:3107:INFO:heartbeat_manager.cc(268)] Set HBInterval from client: 120000
04-07 21:25:06.209  3096  3096 I cast_shell: [3099:3099:INFO:gcm_manager.cc(233)] GCM connection established.
04-07 21:25:08.693  3096  3096 I cast_shell: [3099:3099:INFO:cast_system_memory_pressure_evaluator.cc(179)] ConfigRelaxMemoryPressureThresholds, 0.1, 0.2
04-07 21:25:08.696  3096  3096 I cast_shell: [3099:3148:INFO:mdns_app_filter.cc(2645)] MdnsAppFilter: responses sent in 245 seconds: 1
04-07 21:25:08.698  3096  3096 I cast_shell: [3686:3686:INFO:cast_content_renderer_client_internal.cc(83)] Render process started.
04-07 21:25:08.704  3096  3096 I cast_shell: [3099:3099:INFO:application_manager_impl.cc(1417)] Starting background app: CC1AD845 (Default Media Receiver), session_id=55d3c76e-7f94-41e3-b918-c06309a8efa6
04-07 21:25:08.704  3096  3096 I cast_shell: [3099:3149:INFO:v2_transport.cc(458)] Added Cast V2 endpoint: id=55d3c76e-7f94-41e3-b918-c06309a8efa6, socket_factory_id=[PII](09b2041d-5a67-b905-f088-5ee8bb7aaab7)
04-07 21:25:08.704  3096  3096 I cast_shell: [3099:3099:INFO:cast_media_blocker.cc(43)] UpdatePlayingState media_loading_blocked=1 media_starting_blocked=0 suspended=1 controllable=0 paused_by_user=1
04-07 21:25:08.704  3096  3096 I cast_shell: [3099:3099:INFO:application_message_handler.cc(1747)] Scheduling IpcTimerCheck
04-07 21:25:08.705  3096  3096 I cast_shell: [3099:3099:INFO:application_manager_impl.cc(1565)] App starting: CC1AD845 (Default Media Receiver), session_id=55d3c76e-7f94-41e3-b918-c06309a8efa6
04-07 21:25:08.705  3096  3096 I cast_shell: [3099:3148:INFO:mdns_util.cc(102)] Defaulting mDNS capabilities for audio-only build
04-07 21:25:08.705  3096  3096 I cast_shell: [3099:3099:INFO:application_identification_settings.cc(410)] new ApplicationIdentificationSettings session_id: 55d3c76e-7f94-41e3-b918-c06309a8efa6 app_id: CC1AD845 flags: 0 headers: 0
04-07 21:25:08.707  3096  3096 I cast_shell: [3099:3099:INFO:cast_media_blocker.cc(81)] MediaSessionInfoChanged media_loading_blocked=1 media_starting_blocked=0 is_suspended=1 is_controllable=0 paused_by_user=1
04-07 21:25:08.715  3096  3096 I cast_shell: [3099:3099:INFO:web_application.cc(817)] [55d3c76e] Supported bitstream audio codecs info: [codecs]None[spatial_rendering]None
04-07 21:25:08.715  3096  3096 I cast_shell: [3099:3099:INFO:cast_web_contents_impl.cc(242)] Load url: https://www.gstatic.com/cast/sdk/default_receiver/dogfood/app.html?skin=https://www.gstatic.com/eureka/player/0000/skins/cast/skin.css
04-07 21:25:08.716  3096  3096 I cast_shell: [3099:3099:INFO:cast_content_browser_client_internal.cc(975)] Disabling images support for application: CC1AD845
