04-09 09:52:31.408     0     0 I         : [    1.404573@1] Key type dns_resolver registered
04-09 09:52:31.408     0     0 I         : [    1.405865@1] Registered swp emulation handler
04-09 09:52:31.408     0     0 I         : [    1.405901@1] Registered cp15_barrier emulation handler
04-09 09:52:31.408     0     0 I         : [    1.406287@1] Registered setend emulation handler
04-09 09:52:31.408     0     0 I         : [    1.406868@1] disable EAS feature
04-09 09:52:31.408     0     0 I         : [    1.407878@1] registered taskstats version 1
04-09 09:52:31.408     0     0 W         : [    1.417522@1] dwc3 ff500000.dwc3: Configuration mismatch. dr_mode forced to host
04-09 09:52:31.408     0     0 I         : [    1.922208@1] xhci-hcd xhci-hcd.0.auto: xHCI Host Controller
04-09 09:52:31.408     0     0 I         : [    1.922271@1] xhci-hcd xhci-hcd.0.auto: new USB bus registered, assigned bus number 1
04-09 09:52:31.408     0     0 I         : [    1.923567@1] xhci-hcd xhci-hcd.0.auto: hcc params 0x0220f664 hci version 0x100 quirks 0x02010010
04-09 09:52:31.408     0     0 I         : [    1.923975@1] xhci-hcd xhci-hcd.0.auto: irq 27, io mem 0xff500000
04-09 09:52:31.408     0     0 I         : [    1.925525@2] hub 1-0:1.0: USB hub found
04-09 09:52:31.408     0     0 I         : [    1.925594@2] hub 1-0:1.0: 1 port detected
04-09 09:52:31.408     0     0 I         : [    1.926140@2] xhci-hcd xhci-hcd.0.auto: xHCI Host Controller
04-09 09:52:31.408     0     0 I         : [    1.926353@2] xhci-hcd xhci-hcd.0.auto: new USB bus registered, assigned bus number 2
04-09 09:52:31.409     0     0 I         : [    1.927268@2] usb usb2: We don't know the algorithms for LPM for this host, disabling LPM.
04-09 09:52:31.409     0     0 I         : [    1.928718@1] hub 2-0:1.0: USB hub found
04-09 09:52:31.409     0     0 E         : [    1.928780@1] hub 2-0:1.0: config failed, hub doesn't have any ports! (err -19)
04-09 09:52:31.409     0     0 E         : [    1.929383@1] usb usb2: Unsupported the hub
04-09 09:52:31.409     0     0 I         : [    1.930112@1] aml_vrtc rtc: setting system clock to 2022-04-09 04:22:28 UTC (1649478148)
04-09 09:52:31.409     0     0 D         : [    1.930986@1] dwc_otg ff400000.dwc2_a: dwc_otg_driver_probe(ffffffc01d690c00)
04-09 09:52:31.409     0     0 W [    1.931033@1] dwc_otg: usb0: type: 2 speed: 0, config: 0, dma: 0, id: 0, phy: ffe09000, ctrl: 0
04-09 09:52:31.409     0     0 D         : [    1.931395@1] dwc_otg ff400000.dwc2_a: base=0xffffff8008a40000
04-09 09:52:31.409     0     0 D         : [    1.931401@1] dwc_otg ff400000.dwc2_a: dwc_otg_device=0xffffffc01bd01400
04-09 09:52:31.409     0     0 W [    2.031686@1] dwc_otg: Core Release: 3.10a
04-09 09:52:31.409     0     0 W [    2.031723@1] dwc_otg: Setting default values for core params
04-09 09:52:31.409     0     0 W [    2.032141@1] dwc_otg: curmode: 0, host_only: 0
04-09 09:52:31.409     0     0 D         : [    2.032595@1] dwc_otg ff400000.dwc2_a: DMA config: BURST_DEFAULT
04-09 09:52:31.409     0     0 W [    2.044907@1] dwc_otg: Using Buffer DMA mode
04-09 09:52:31.409     0     0 W [    2.044930@1] dwc_otg: OTG VER PARAM: 1, OTG VER FLAG: 1
04-09 09:52:31.409     0     0 W [    2.045315@1] dwc_otg: Working on port type = SLAVE
04-09 09:52:31.409     0     0 W [    2.045801@1] dwc_otg: Dedicated Tx FIFOs mode
04-09 09:52:31.409     0     0 I [    2.048220@1] input: adc_keypad as /devices/platform/adc_keypad/input/input1
04-09 09:52:31.409     0     0 I         : [    2.050012@3] cpucore_cooling_register, max_cpu_core_num:4
04-09 09:52:31.409     0     0 I [    2.056417@3] gxbb_pm: enter meson_pm_probe!
04-09 09:52:31.409     0     0 I         : [    2.056455@3] no vddio3v3_en pin
04-09 09:52:31.409     0     0 E         : [    2.056622@3] pm-meson aml_pm: Can't get switch_clk81
04-09 09:52:31.409     0     0 I [    2.057144@3] gxbb_pm: meson_pm_probe done
04-09 09:52:31.409     0     0 I         : [    2.057883@3] ALSA device list:
04-09 09:52:31.409     0     0 I [    2.057908@3]   #0: AML-AUGESOUND
04-09 09:52:31.409     0     0 I         : [    2.058397@3] meson_uart ff804000.serial: ttyS3 use xtal(8M) 24000000 change 115200 to 115200
04-09 09:52:31.409     0     0 I         : [    2.064299@3] Freeing unused kernel memory: 6080K
04-09 09:52:31.409     0     0 I [    2.279353@0] ubi0: attaching mtd6
04-09 09:52:31.409     0     0 I [    2.489291@0] ubi0: scanning is finished
04-09 09:52:31.409     0     0 I [    2.493172@3] ubi0: attached mtd6 (name "system", size 100 MiB)
04-09 09:52:31.409     0     0 I [    2.493459@3] ubi0: PEB size: 262144 bytes (256 KiB), LEB size: 253952 bytes
04-09 09:52:31.409     0     0 I [    2.500579@3] ubi0: min./max. I/O unit sizes: 4096/4096, sub-page size 4096
04-09 09:52:31.409     0     0 I [    2.507356@3] ubi0: VID header offset: 4096 (aligned 4096), data offset: 8192
04-09 09:52:31.409     0     0 I [    2.514420@3] ubi0: good PEBs: 400, bad PEBs: 0, corrupted PEBs: 0
04-09 09:52:31.409     0     0 I [    2.520548@3] ubi0: user volume: 1, internal volumes: 1, max. volumes count: 128
04-09 09:52:31.409     0     0 I [    2.527877@3] ubi0: max/mean erase counter: 37/25, WL threshold: 4096, image sequence number: 736763309
04-09 09:52:31.409     0     0 I [    2.537260@3] ubi0: available PEBs: 0, total reserved PEBs: 400, PEBs reserved for bad PEB handling: 40
04-09 09:52:31.409     0     0 I [    2.546517@0] ubi0: background thread "ubi_bgt0d" started, PID 2141
04-09 09:52:31.409     0     0 I         : [    2.552501@3] UBIFS (ubi0:0): background thread "ubifs_bgt0_0" started, PID 2143
04-09 09:52:31.409     0     0 I         : [    2.599285@2] UBIFS (ubi0:0): UBIFS: mounted UBI device 0, volume 0, name "rootfs"
04-09 09:52:31.409     0     0 I         : [    2.601213@2] UBIFS (ubi0:0): LEB size: 253952 bytes (248 KiB), min./max. I/O unit sizes: 4096 bytes/4096 bytes
04-09 09:52:31.409     0     0 I         : [    2.611247@2] UBIFS (ubi0:0): FS size: 87867392 bytes (83 MiB, 346 LEBs), journal size 9404416 bytes (8 MiB, 38 LEBs)
04-09 09:52:31.409     0     0 I         : [    2.621742@2] UBIFS (ubi0:0): reserved for root: 0 bytes (0 KiB)
04-09 09:52:31.409     0     0 I         : [    2.627695@2] UBIFS (ubi0:0): media format: w4/r0 (latest is w4/r0), UUID DC99A6D8-69BA-4DD7-9E44-726260A6E747, small LPT model
04-09 09:52:31.409     0     0 I [    2.887571@2] init: property init
04-09 09:52:31.409     0     0 I [    2.888322@2] init: reading config file
04-09 09:52:31.409     0     0 I [    2.895067@2] init: processing action 0xaaec4808 (boot_start)
04-09 09:52:31.409     0     0 I [    2.902836@2] init: command 'boot_start' r=0
04-09 09:52:31.409     0     0 I [    2.903881@2] init: processing action 0xaaec06b0 (early-init)
04-09 09:52:31.409     0     0 I [    2.908575@2] init: starting 'ueventd'
04-09 09:52:31.409     0     0 I [    2.911867@2] init: command 'start' r=0
04-09 09:52:31.409     0     0 I [    2.914770@2] init: command 'loglevel' r=0
04-09 09:52:31.409     0     0 I [    2.919664@2] init: command 'mount' r=0
04-09 09:52:31.409     0     0 I [    2.921529@1] init: starting ueventd
04-09 09:52:31.409     0     0 I [    2.922297@1] init: /sys/ rule /sys/devices/virtual/input/input* enable
04-09 09:52:31.409     0     0 I [    2.922310@1] init: /sys/ rule /sys/devices/virtual/input/input* poll_delay
04-09 09:52:31.409     0     0 I [    2.922319@1] init: /sys/ rule /sys/devices/virtual/usb_composite/* enable
04-09 09:52:31.409     0     0 I [    2.927937@1] init: adding platform device ffd0f0d0.watchdog
04-09 09:52:31.409     0     0 I [    2.928343@1] init: adding platform device reg-dummy
04-09 09:52:31.409     0     0 I [    2.929012@1] init: adding platform device cpu_iomap
04-09 09:52:31.409     0     0 I [    2.929286@1] init: adding platform device 7400000.ramoops
04-09 09:52:31.409     0     0 I [    2.929556@1] init: adding platform device bt-dev
04-09 09:52:31.409     0     0 I [    2.930131@1] init: adding platform device dummy
04-09 09:52:31.409     0     0 I [    2.977321@2] init: command 'mount' r=0
04-09 09:52:31.409     0     0 I [    3.191827@1] ubi1: attaching mtd7
04-09 09:52:31.409     0     0 I [    3.485660@1] ubi1: scanning is finished
04-09 09:52:31.409     0     0 I [    3.489967@3] ubi1: attached mtd7 (name "chrome", size 140 MiB)
04-09 09:52:31.409     0     0 I [    3.490259@3] ubi1: PEB size: 262144 bytes (256 KiB), LEB size: 253952 bytes
04-09 09:52:31.409     0     0 I [    3.497382@3] ubi1: min./max. I/O unit sizes: 4096/4096, sub-page size 4096
04-09 09:52:31.409     0     0 I [    3.504156@3] ubi1: VID header offset: 4096 (aligned 4096), data offset: 8192
04-09 09:52:31.409     0     0 I [    3.511220@3] ubi1: good PEBs: 560, bad PEBs: 0, corrupted PEBs: 0
04-09 09:52:31.409     0     0 I [    3.517348@3] ubi1: user volume: 1, internal volumes: 1, max. volumes count: 128
04-09 09:52:31.409     0     0 I [    3.524680@3] ubi1: max/mean erase counter: 34/25, WL threshold: 4096, image sequence number: 1458511589
04-09 09:52:31.409     0     0 I [    3.534146@3] ubi1: available PEBs: 0, total reserved PEBs: 560, PEBs reserved for bad PEB handling: 40
04-09 09:52:31.409     0     0 I [    3.543473@2] ubi1: background thread "ubi_bgt1d" started, PID 2553
04-09 09:52:31.409     0     0 I         : [    3.557696@3] UBIFS (ubi1:0): background thread "ubifs_bgt1_0" started, PID 2557
04-09 09:52:31.409     0     0 I         : [    3.584123@1] UBIFS (ubi1:0): recovery needed
04-09 09:52:31.410     0     0 I         : [    3.642123@1] UBIFS (ubi1:0): recovery completed
04-09 09:52:31.410     0     0 I         : [    3.642314@1] UBIFS (ubi1:0): UBIFS: mounted UBI device 1, volume 0, name "chrome"
04-09 09:52:31.410     0     0 I         : [    3.648639@1] UBIFS (ubi1:0): LEB size: 253952 bytes (248 KiB), min./max. I/O unit sizes: 4096 bytes/4096 bytes
04-09 09:52:31.410     0     0 I         : [    3.658635@1] UBIFS (ubi1:0): FS size: 128499712 bytes (122 MiB, 506 LEBs), journal size 9404416 bytes (8 MiB, 38 LEBs)
04-09 09:52:31.410     0     0 I         : [    3.669326@1] UBIFS (ubi1:0): reserved for root: 0 bytes (0 KiB)
04-09 09:52:31.410     0     0 I         : [    3.675279@1] UBIFS (ubi1:0): media format: w4/r0 (latest is w4/r0), UUID 3D7B4A1D-6849-462E-B889-C151DCC94211, small LPT model
04-09 09:52:31.410     0     0 I [    3.718957@1] ubi2: attaching mtd8
04-09 09:52:31.410     0     0 I         : [    3.885310@1]  NAND bbt detect factory Bad block at 17a40000
04-09 09:52:31.410     0     0 I         : [    3.896904@1]  NAND bbt detect factory Bad block at 18000000
04-09 09:52:31.410     0     0 I         : [    3.896965@1]  NAND bbt detect factory Bad block at 18040000
04-09 09:52:31.410     0     0 I [    4.169872@1] ubi2: scanning is finished
04-09 09:52:31.410     0     0 I [    4.174692@0] ubi2: attached mtd8 (name "data", size 213 MiB)
04-09 09:52:31.410     0     0 I [    4.174809@0] ubi2: PEB size: 262144 bytes (256 KiB), LEB size: 253952 bytes
04-09 09:52:31.410     0     0 I [    4.181814@0] ubi2: min./max. I/O unit sizes: 4096/4096, sub-page size 4096
04-09 09:52:31.410     0     0 I [    4.188706@0] ubi2: VID header offset: 4096 (aligned 4096), data offset: 8192
04-09 09:52:31.410     0     0 I [    4.195774@0] ubi2: good PEBs: 849, bad PEBs: 3, corrupted PEBs: 0
04-09 09:52:31.410     0     0 I [    4.201897@0] ubi2: user volume: 2, internal volumes: 1, max. volumes count: 128
04-09 09:52:31.410     0     0 I [    4.209225@0] ubi2: max/mean erase counter: 65/45, WL threshold: 4096, image sequence number: 1018457084
04-09 09:52:31.410     0     0 I [    4.218632@0] ubi2: available PEBs: 0, total reserved PEBs: 849, PEBs reserved for bad PEB handling: 37
04-09 09:52:31.410     0     0 I [    4.227951@1] ubi2: background thread "ubi_bgt2d" started, PID 2564
04-09 09:52:31.410     0     0 I         : [    4.241583@3] UBIFS (ubi2:0): background thread "ubifs_bgt2_0" started, PID 2568
04-09 09:52:31.410     0     0 I         : [    4.268027@2] UBIFS (ubi2:0): recovery needed
04-09 09:52:31.410     0     0 I         : [    4.337164@1] UBIFS (ubi2:0): recovery completed
04-09 09:52:31.410     0     0 I         : [    4.337342@1] UBIFS (ubi2:0): UBIFS: mounted UBI device 2, volume 0, name "factory"
04-09 09:52:31.410     0     0 I         : [    4.343811@1] UBIFS (ubi2:0): LEB size: 253952 bytes (248 KiB), min./max. I/O unit sizes: 4096 bytes/4096 bytes
04-09 09:52:31.410     0     0 I         : [    4.353757@1] UBIFS (ubi2:0): FS size: 10158080 bytes (9 MiB, 40 LEBs), journal size 2285569 bytes (2 MiB, 9 LEBs)
04-09 09:52:31.410     0     0 I         : [    4.364017@1] UBIFS (ubi2:0): reserved for root: 0 bytes (0 KiB)
04-09 09:52:31.410     0     0 I         : [    4.369971@1] UBIFS (ubi2:0): media format: w4/r0 (latest is w4/r0), UUID AD7DC8BC-6ACA-4841-8B12-7A54B54F57E7, small LPT model
04-09 09:52:31.410     0     0 I         : [    4.393569@3] UBIFS (ubi2:1): background thread "ubifs_bgt2_1" started, PID 2571
04-09 09:52:31.410     0     0 I         : [    4.419382@0] UBIFS (ubi2:1): recovery needed
04-09 09:52:31.410     0     0 I         : [    4.489674@2] UBIFS (ubi2:1): recovery completed
04-09 09:52:31.410     0     0 I         : [    4.489832@2] UBIFS (ubi2:1): UBIFS: mounted UBI device 2, volume 1, name "data"
04-09 09:52:31.410     0     0 I         : [    4.496023@2] UBIFS (ubi2:1): LEB size: 253952 bytes (248 KiB), min./max. I/O unit sizes: 4096 bytes/4096 bytes
04-09 09:52:31.410     0     0 I         : [    4.506015@2] UBIFS (ubi2:1): FS size: 189956096 bytes (181 MiB, 748 LEBs), journal size 9404416 bytes (8 MiB, 38 LEBs)
04-09 09:52:31.410     0     0 I         : [    4.516706@2] UBIFS (ubi2:1): reserved for root: 0 bytes (0 KiB)
04-09 09:52:31.410     0     0 I         : [    4.522659@2] UBIFS (ubi2:1): media format: w4/r0 (latest is w4/r0), UUID 34A475AE-5814-4337-8EB7-8868427E3B0E, small LPT model
04-09 09:52:31.410     0     0 I         : [    4.760900@0] aml_wifi wifi: [usb_power_control] Set WiFi power down
04-09 09:52:31.410     0     0 I [    4.761629@0] meson-mmc: [sdio_notify] finish
04-09 09:52:31.410     0     0 I         : [    4.766009@0] aml_wifi wifi: [wifi_power_ioctl] ioctl Set sdio wifi power down!
04-09 09:52:31.410     0     0 I         : [    4.769461@3] UBIFS (ubi0:0): background thread "ubifs_bgt0_0" stops
04-09 09:52:32.477  2584  2584 E         : found the match wifi is: sd8887
04-09 09:52:32.477  2584  2584 E         : wifi_insmod command:insmod /lib/modules/4.9.113/kernel/mrvl/mlan8887.ko 
--------- beginning of system
04-09 09:52:32.535  2605  2605 I wpa_supplicant: Successfully initialized wpa_supplicant
04-09 09:52:32.565  2605  2605 E wpa_supplicant: Could not read interface wlan0 flags: No such device
04-09 09:52:32.567  2605  2605 I wpa_supplicant: nl80211: Driver does not support authentication/association or connect commands
04-09 09:52:32.573  2605  2605 I wpa_supplicant: nl80211: deinit ifname=wlan0 disabled_11b_rates=0
04-09 09:52:32.575  2605  2605 E wpa_supplicant: Could not read interface wlan0 flags: No such device
04-09 09:52:32.577  2605  2605 E wpa_supplicant: wlan0: Failed to initialize driver interface
04-09 09:52:32.645  2584  2584 E         : wifi_insmod command:insmod /lib/modules/4.9.113/kernel/mrvl/sd8xxx.ko cal_data_cfg=mrvl/WlanCalData_ext_LS9x_291119.conf txpwrlimit_cfg=mrvl/txpwrlimit_cfg_8887.bin fw_name=mrvl/sd8887_wlan_a2_p59.bin cfg80211_wext=0xf host_mlme=1 auto_ds=2 fw_serial=1 sta_name="wlan" uap_name="p2p" ps_mode=2 max_uap_bss=2 drvdbg=0x7 reg_alpha2="00"
04-09 09:52:33.758  2584  2584 E         : Load BT driver
04-09 09:52:33.759  2584  2584 E         : found the match wifi is: (null)
04-09 09:52:33.759  2584  2584 E         : wifi_insmod command:insmod /lib/modules/4.9.113/kernel/mrvl/bt8xxx.ko fw_name=mrvl/sd8887_bt_a2_p59.bin bt_fw_serial=0
04-09 09:52:33.898  2689  2689 W sshd    : Failed loading /etc/dropbear/dropbear_rsa_host_key
04-09 09:52:33.898  2689  2689 W sshd    : Failed loading /etc/dropbear/dropbear_dss_host_key
04-09 09:52:33.899  2689  2689 W sshd    : Failed loading /etc/dropbear/dropbear_ecdsa_host_key
04-09 09:52:33.904  2689  2689 I sshd    : Not backgrounding
04-09 09:52:33.926  2697  2697 E writeSerialNo: Writing serial number to unifykey
04-09 09:52:33.957  2691  2691 I sh      : FACTEST:unifykey read success:20 20
04-09 09:52:33.957  2691  2691 I sh      : inbuf=de4f95ffa64d5e74b026  ret=20 serial.txt=de4f95ffa64d5e74b026 bytesread=20 strcmp=0
04-09 09:52:33.977  2695  2695 I ServiceManager: Waiting for service libre.EnvItems...
04-09 09:52:34.003  2698  2698 I ENV     : init 
04-09 09:52:34.004  2698  2698 I ENV     :  First boot 
04-09 09:52:34.004  2698  2698 E ENV     : fileExists:153 /lsync/env/env.db does not exist
04-09 09:52:34.010  2698  2698 D AVS_SDK :  [  1] I sdkVersion: 1.19.1
04-09 09:52:34.010  2698  2698 E ENV     :  FAILED to open:/lsync/env/tmp.db 
04-09 09:52:34.011  2698  2698 I ENV     : removeItem:79:/lsync/env/tmp.db not found
04-09 09:52:34.012  2698  2698 E ENV     : /lsync/env/env.db does not Exist.. tempStorage = 0
04-09 09:52:34.012  2698  2698 I ENV     : createUserDBFromFactoryCfg 
04-09 09:52:34.019  2698  2698 I ENV     : Using /factory/custom/factoryEnv.conf as conf file
04-09 09:52:34.019  2698  2698 I ENV     : removeItem:79:/lsync/env/env.db not found
04-09 09:52:34.019  2698  2698 E ENV     : Error removing /lsync/env/env.db
04-09 09:52:34.082  2698  2698 E ENV     : createUserDBFromFactoryCfg:307: tempStorage is undefined
04-09 09:52:34.083  2698  2698 I ENV     : Using /factory/custom/factoryEnv.conf and /lsync/env/env.db as conf and db file
04-09 09:52:34.083  2698  2698 I ENV     : init 
04-09 09:52:34.083  2698  2698 I ENV     :  First boot 
04-09 09:52:34.083  2698  2698 I ENV     : fileExists:151 /lsync/env/env.db exists
04-09 09:52:34.085  2698  2698 I ENV     : Copied /lsync/env/env.db to /lsync/env/tmp.db
04-09 09:52:34.086  2698  2698 E ENV     : /lsync/env/env.db does not Exist.. tempStorage = abe6adb0
04-09 09:52:34.086  2698  2698 I ENV     : createUserDBFromFactoryCfg 
04-09 09:52:34.088  2698  2698 I ENV     : Using /factory/custom/factoryEnv.conf as conf file
04-09 09:52:34.089  2698  2698 I ENV     : removeItem:74:/lsync/env/env.db removed
04-09 09:52:34.089  2698  2698 I ENV     : Removed /lsync/env/env.db
04-09 09:52:34.102  2698  2698 E ENV     : createUserDBFromFactoryCfg:301: Failed at tempStorage->get_changed
04-09 09:52:34.498  2698  2698 I chatty  : uid=0(root) env_service identical 64 lines
04-09 09:52:34.503  2698  2698 E ENV     : createUserDBFromFactoryCfg:301: Failed at tempStorage->get_changed
04-09 09:52:34.505  2698  2698 E AVS_SDK :  [  1] E SQLiteStatement:SQLiteStatement::stepFailed::Executing the select did not generate a row or complete.:result=19
04-09 09:52:34.505  2698  2698 E AVS_SDK :  [  1] E SQLiteStatement:SQLiteStatement::finalizeFailed::Could release the prepared statement.:rcode=19
04-09 09:52:34.505  2698  2698 E ENV     : createUserDBFromFactoryCfg:286: Failed at m_miscStorage->put
04-09 09:52:34.511  2698  2698 E ENV     : createUserDBFromFactoryCfg:301: Failed at tempStorage->get_changed
04-09 09:52:34.696  2698  2698 I chatty  : uid=0(root) env_service identical 29 lines
04-09 09:52:34.702  2698  2698 E ENV     : createUserDBFromFactoryCfg:301: Failed at tempStorage->get_changed
04-09 09:52:34.702  2698  2698 I ENV     : Using /factory/custom/factoryEnv.conf and /lsync/env/env.db as conf and db file
04-09 09:52:34.703  2698  2698 I ENV     : fileExists:151 /lsync/env/env_bk.db exists
04-09 09:52:34.704  2698  2698 I ENV     : fileExists:151 /factory/custom/factoryEnv_bk.conf exists
04-09 09:52:34.704  2698  2698 I ENV     : removeItem:74:/lsync/env/tmp.db removed
04-09 09:52:36.944  2710  2710 I wpa_supplicant: Successfully initialized wpa_supplicant
04-09 09:52:36.956  2710  2710 I wpa_supplicant: rfkill: Cannot open RFKILL control device
04-09 09:52:37.002  2713  2713 I main_sourceswitch: ServiceManager: 0xac03df88
04-09 09:52:37.003  2712  2712 E LUCI_FACTORY: LUCIFactory::registerBuiltinFactories
04-09 09:52:37.004  2713  2713 E luci_helper: LUCIHelper: Waiting for Module Init
04-09 09:52:37.005  2713  2713 E luci_helper: LUCIHelper: Waiting for Module Init
04-09 09:52:37.015  2711  2711 E luci_helper: LUCIHelper: Waiting for Module Init
04-09 09:52:37.015  2712  2712 E LUCI_SERVER: IP = 0
04-09 09:52:37.015  2711  2711 E luci_helper: LUCIHelper: Waiting for Module Init
04-09 09:52:37.016  2711  2711 E yani_server: YaniServer FAILED TO GET LuciHelper
04-09 09:52:37.046  2710  2710 I wpa_supplicant: MPM: Debug Dialog Token initialized 3271444013 (0xc2fe462d)
04-09 09:52:37.052  2710  2710 I wpa_supplicant: wlan0: CTRL-EVENT-REGDOM-CHANGE init=USER type=COUNTRY alpha2=US
04-09 09:52:37.066  2711  2711 E luci_helper: LUCIHelper: Waiting for Module Init
04-09 09:52:37.067  2711  2711 E yani_server: YaniServer FAILED TO GET LuciHelper
04-09 09:52:37.068  2691  2691 I sh      : Simple mixer control 'Master',0
04-09 09:52:37.068  2691  2691 I sh      :   Capabilities: volume pswitch pswitch-joined
04-09 09:52:37.068  2691  2691 I sh      :   Playback channels: Front Left - Front Right
04-09 09:52:37.068  2691  2691 I sh      :   Capture channels: Front Left - Front Right
04-09 09:52:37.068  2691  2691 I sh      :   Limits: 0 - 100
04-09 09:52:37.085  2691  2691 I sh      :   Front Left: 30 [30%] [-10.45dB] Playback [on]
04-09 09:52:37.085  2691  2691 I sh      :   Front Right: 30 [30%] [-10.45dB] Playback [on]
04-09 09:52:37.089  2712  2712 E luciUART: bufff write ? = 1 
04-09 09:52:37.091  2712  2712 E luciUART: tcsetattr succeed
04-09 09:52:37.092  2712  2721 E LUCI_SERVER: Luci Server Thread waiting for packets....
04-09 09:52:37.156  2709  2709 I         : [0408/212237.156141:INFO:cast_auth_check.cc(163)] Cast auth test is successful.
04-09 09:52:37.526  2711  2723 E yani_kernel: Interface status 0
04-09 09:52:37.533  2711  2723 I yani_kernel: set_device_name() Interface 'wlan0' MAC Address 'cc:90:93:21:f3:84' FriendlyName 'Lyric Speaker Box 21f384' status '0'
04-09 09:52:37.534  2711  2723 I yani_server: First boot after Factory reset! Friendly Name modified Lyric Speaker Box  -> Lyric Speaker Box 21f384
04-09 09:52:37.540  2712  2712 I lucitransport: writeRemoteMessage() MID = 90 buffer = Lyric Speaker Box 21f384
04-09 09:52:37.540  2712  2712 I luciUART: write() MID = 90  bytes = 34 data = Lyric Speaker Box 21f384 m_fd = 0x5
04-09 09:52:37.540  2712  2712 I lucitransport: writeLocalMessage() MID = 90 buffer = Lyric Speaker Box 21f384
04-09 09:52:37.540  2712  2721 E LUCI_SERVER: Luci Server Thread wait over MID 90....
04-09 09:52:37.542  2711  2723 E yani_server: Device Supports CastSetup 1
04-09 09:52:37.542  2711  2723 I yani_kernel: yani_init_net() Success Netlink socket fd 6
04-09 09:52:37.545  2711  2723 E WifiHW  : wifi_start_supplicant
04-09 09:52:37.545  2711  2723 E WifiHW  : wifi_start_ctl.start : wpa_supplicant
04-09 09:52:37.570  2712  2721 E LUCI_SERVER: Luci Server Thread waiting for packets....
04-09 09:52:37.746  2711  2723 E WifiHW  : wifi_connect_to_supplicant : wlan0
04-09 09:52:37.746  2711  2723 E WifiHW  : wifi_connect_on_socket_path1 : wlan0
04-09 09:52:37.749  2711  2723 E yani_wifi: enable_disable_net_if() Failed SIOCGIFFLAGS for interface 'wlan1' enable '0'
04-09 09:52:37.754  2711  2723 I yani_wifi: configure_wifi() SSID '' security '' passphrase '********' Country 'US'
04-09 09:52:38.950  2691  2691 I sh      : LSDeviceService: not found
04-09 09:52:39.070  2731  2731 I NetMgr  : Net_Mgr starting
04-09 09:52:39.079  2735  2735 E dhcpcd  : eth0: interface not found or invalid
04-09 09:52:39.083  2731  2731 I HotspotManager: Default WiFi Interface : wlan0
04-09 09:52:39.087  2735  2735 D dhcpcd  : wlan0: adding address fe80::ce90:93ff:fe21:f384
04-09 09:52:39.094  2731  2731 I NetworkMonitor: WiFi Interface : wlan0
04-09 09:52:39.094  2731  2731 I NetworkMonitor: Default WiFi Interface : wlan0
04-09 09:52:39.095  2728  2728 E         :  Start MessageBox Handler 
04-09 09:52:39.096  2731  2744 I NetworkMonitor: Start monitor thread
04-09 09:52:39.104  2729  2729 E UIModeManager: UIModeManager Constructor ++
04-09 09:52:39.114  2734  2734 I bt_btif : init
04-09 09:52:39.116  2734  2734 D bt_osi_allocation_tracker: canary initialized
04-09 09:52:39.119  2734  2750 I bt_osi_thread: run_thread: thread id 2750, thread name stack_manager started
04-09 09:52:39.120  2734  2750 I bt_stack_manager: event_init_stack is initializing the stack
04-09 09:52:39.126  2731  2744 E WifiUtil: command: "SCAN" failed: FAIL-BUSY
04-09 09:52:39.126  2728  2747 E MB_HANDLER: HOST present 1
04-09 09:52:39.128  2729  2729 I AirableUIHelper: AirableUIHelper Contructor 
04-09 09:52:39.130  2728  2747 E MB_HANDLER:  REGISTERED YANI LISTENER IN MessageBoxHandler
04-09 09:52:39.131  2729  2729 E AirableUIHelper:  Airable ENV_AirableBaseURL_ID Envitem returned failed!!!
04-09 09:52:39.131  2728  2747 E         : External Host present 1
04-09 09:52:39.131  2728  2747 E MB_HANDLER: REGISTERED ExternalSource IN MessageBoxHandler
04-09 09:52:39.134  2729  2729 E AirableUIHelper:  Airable ENV_AirableSecret_ID Envitem returned failed!!!
04-09 09:52:39.134  2729  2729 E AirableUIHelper: Airable Secret =  
04-09 09:52:39.136  2728  2747 E MB_HANDLER: Check Device Support ENV_CastSetup true ENV_GoogleCast_ID true 
04-09 09:52:39.137  2712  2712 I lucitransport: readRemoteMessage() MID char = 43689 buffer = 1
04-09 09:52:39.137  2712  2719 I lucitransport: writeRemoteMessage() MID = 43690 buffer = ªªªªª
04-09 09:52:39.137  2712  2719 I luciUART: write() MID = 43690  bytes = 15 data = ªªªªª m_fd = 0x5
04-09 09:52:39.137  2728  2747 E MB_HANDLER: LUCI UART READY MSG!!
04-09 09:52:39.137  2728  2747 E MB_HANDLER: Set Default Network Status on Bootup 0#1,0#2,0#3,0#4,0!
04-09 09:52:39.138  2712  2719 I lucitransport: writeRemoteMessage() MID = 124 buffer = 0#1,0#2,0#3,0#4,0
04-09 09:52:39.138  2712  2719 I luciUART: write() MID = 124  bytes = 27 data = 0#1,0#2,0#3,0#4,0 m_fd = 0x5
04-09 09:52:39.138  2712  2712 I lucitransport: readRemoteMessage() MID char = 43689 buffer = 1
04-09 09:52:39.138  2712  2719 I lucitransport: readRemoteMessage() MID char = 38 buffer = (null)
04-09 09:52:39.138  2712  2712 I lucitransport: readRemoteMessage() MID char = 35 buffer = 0
04-09 09:52:39.138  2728  2747 E MB_HANDLER: connected_cnt =0
04-09 09:52:39.138  2712  2712 I lucitransport: writeRemoteMessage() MID = 35 buffer = 1
04-09 09:52:39.140  2734  2750 E bt_osi_config: config_new unable to open file '/data/misc/bluedroid/bt_config.conf': No such file or directory
04-09 09:52:39.140  2734  2750 W bt_btif_config: init unable to load config file: /data/misc/bluedroid/bt_config.conf; using backup.
04-09 09:52:39.141  2734  2750 E bt_osi_config: config_new unable to open file '/data/misc/bluedroid/bt_config.bak': No such file or directory
04-09 09:52:39.141  2734  2750 W bt_btif_config: init unable to load backup; attempting to transcode legacy file.
04-09 09:52:39.143  2734  2750 E bt_btif_config_transcode: btif_config_transcode unable to load XML file '/data/misc/bluedroid/bt_config.xml': 3
04-09 09:52:39.143  2728  2747 E MB_HANDLER: boot_after_factory : 1
04-09 09:52:39.144  2729  2729 I UIModeManager: RegisterModeControl Mode - PlayMode ModeControl - 0xabbdac30
04-09 09:52:39.144  2729  2729 I ServiceManager: Waiting for service media.player...
04-09 09:52:39.146  2728  2747 I MB_HANDLER: Env Details: LS-Host '1' Cast-Setup 'true'
04-09 09:52:39.146  2728  2747 E MB_HANDLER: Message Handler Thread waiting for messages....
04-09 09:52:39.147  2734  2750 E bt_btif_config: init unable to transcode legacy file; creating empty config.
04-09 09:52:39.148  2712  2720 E luciUART: UART:aa
04-09 09:52:39.148  2734  2757 I bt_osi_thread: run_thread: thread id 2757, thread name alarm_default_ca started
04-09 09:52:39.148  2712  2720 E luciUART: UART:aa
04-09 09:52:39.148  2712  2720 E luciUART: UART:2
04-09 09:52:39.148  2712  2720 E luciUART: UART:0
04-09 09:52:39.148  2712  2720 E luciUART: UART:9
04-09 09:52:39.148  2712  2720 E luciUART: UART:0
04-09 09:52:39.148  2712  2720 I chatty  : uid=0(root) UARTLUCIControl identical 2 lines
04-09 09:52:39.148  2712  2720 E luciUART: UART:0
04-09 09:52:39.153  2712  2720 E luciUART: UART:45
04-09 09:52:39.154  2712  2720 I luciUART: Previous Packet read contd., 
04-09 09:52:39.154  2712  2720 E luciUART: UART:41
04-09 09:52:39.154  2712  2720 I luciUART: Previous Packet read contd., 
04-09 09:52:39.154  2712  2720 E luciUART: UART:44
04-09 09:52:39.154  2712  2720 I luciUART: Previous Packet read contd., 
04-09 09:52:39.154  2712  2720 E luciUART: UART:5f
04-09 09:52:39.154  2712  2720 I luciUART: Previous Packet read contd., 
04-09 09:52:39.154  2712  2720 E luciUART: UART:4d
04-09 09:52:39.154  2712  2720 I luciUART: Previous Packet read contd., 
04-09 09:52:39.154  2712  2720 E luciUART: UART:43
04-09 09:52:39.154  2712  2720 I luciUART: Previous Packet read contd., 
04-09 09:52:39.154  2712  2720 E luciUART: UART:55
04-09 09:52:39.154  2712  2720 I luciUART: Previous Packet read contd., 
04-09 09:52:39.154  2712  2720 E luciUART: UART:56
04-09 09:52:39.154  2712  2720 I luciUART: Previous Packet read contd., 
04-09 09:52:39.154  2712  2720 E luciUART: UART:72
04-09 09:52:39.154  2712  2720 E luciUART: UART:73
04-09 09:52:39.154  2712  2720 E luciUART: UART:69
04-09 09:52:39.154  2712  2720 E luciUART: UART:6f
04-09 09:52:39.154  2712  2720 I luciUART: Previous Packet read contd., 
04-09 09:52:39.154  2712  2720 E luciUART: UART:aa
04-09 09:52:39.154  2712  2721 E LUCI_SERVER: Luci Server Thread wait over MID 208....
04-09 09:52:39.154  2712  2720 E luciUART: UART:aa
04-09 09:52:39.154  2712  2720 E luciUART: UART:2
04-09 09:52:39.154  2712  2721 E LUCI_SERVER: Got NV name : MCUVersion
04-09 09:52:39.154  2712  2720 E luciUART: UART:5b
04-09 09:52:39.154  2712  2720 E luciUART: UART:0
04-09 09:52:39.154  2712  2720 I chatty  : uid=0(root) UARTLUCIControl identical 2 lines
04-09 09:52:39.154  2712  2720 E luciUART: UART:0
04-09 09:52:39.154  2712  2720 I luciUART: read() RemoteID = 43690 Command = 91 Type = 2 Status = 0 DataLen = 0
04-09 09:52:39.154  2712  2720 E luciUART: UART:aa
04-09 09:52:39.154  2712  2720 E luciUART: UART:2
04-09 09:52:39.154  2712  2720 E luciUART: UART:d0
04-09 09:52:39.154  2712  2720 E luciUART: UART:0
04-09 09:52:39.154  2712  2720 I chatty  : uid=0(root) UARTLUCIControl identical 1 line
04-09 09:52:39.154  2712  2720 E luciUART: UART:0
04-09 09:52:39.154  2712  2720 E luciUART: UART:c
04-09 09:52:39.154  2712  2720 I luciUART: read() RemoteID = 43690 Command = 208 Type = 2 Status = 0 DataLen = 12
04-09 09:52:39.154  2712  2720 E luciUART: UART:52
04-09 09:52:39.154  2712  2720 I luciUART: Previous Packet read contd., 
04-09 09:52:39.154  2712  2720 E luciUART: UART:45
04-09 09:52:39.154  2712  2720 I luciUART: Previous Packet read contd., 
04-09 09:52:39.154  2712  2720 E luciUART: UART:44
04-09 09:52:39.154  2712  2720 I luciUART: Previous Packet read contd., 
04-09 09:52:39.155  2712  2720 E luciUART: UART:43
04-09 09:52:39.155  2712  2720 I luciUART: Previous Packet read contd., 
04-09 09:52:39.155  2712  2720 E luciUART: UART:6f
04-09 09:52:39.155  2712  2720 E luciUART: UART:6e
04-09 09:52:39.155  2712  2720 I luciUART: Previous Packet read contd., 
04-09 09:52:39.155  2712  2720 E luciUART: UART:74
04-09 09:52:39.155  2712  2720 E luciUART: UART:72
04-09 09:52:39.155  2712  2720 I luciUART: Previous Packet read contd., 
04-09 09:52:39.155  2712  2720 E luciUART: UART:79
04-09 09:52:39.155  2712  2720 E luciUART: UART:aa
04-09 09:52:39.155  2712  2720 E luciUART: UART:aa
04-09 09:52:39.155  2712  2720 E luciUART: UART:1
04-09 09:52:39.155  2712  2720 E luciUART: UART:0
04-09 09:52:39.155  2712  2720 E luciUART: UART:5
04-09 09:52:39.155  2712  2720 E luciUART: UART:0
04-09 09:52:39.156  2712  2720 I chatty  : uid=0(root) UARTLUCIControl identical 3 lines
04-09 09:52:39.156  2712  2720 E luciUART: UART:0
04-09 09:52:39.156  2712  2720 I luciUART: read() RemoteID = 43690 Command = 5 Type = 1 Status = 0 DataLen = 0
04-09 09:52:39.156  2712  2720 E luciUART: UART:aa
04-09 09:52:39.156  2712  2720 E luciUART: UART:aa
04-09 09:52:39.156  2712  2720 E luciUART: UART:1
04-09 09:52:39.156  2712  2720 E luciUART: UART:0
04-09 09:52:39.156  2712  2720 E luciUART: UART:97
04-09 09:52:39.156  2712  2720 E luciUART: UART:0
04-09 09:52:39.159  2712  2720 E luciUART: UART:0
04-09 09:52:39.174  2712  2720 E luciUART: UART:aa
04-09 09:52:39.174  2712  2720 E luciUART: UART:aa
04-09 09:52:39.174  2712  2720 E luciUART: UART:2
04-09 09:52:39.174  2712  2720 E luciUART: UART:0
04-09 09:52:39.174  2712  2720 E luciUART: UART:6
04-09 09:52:39.174  2712  2720 E luciUART: UART:0
04-09 09:52:39.175  2712  2720 I chatty  : uid=0(root) UARTLUCIControl identical 2 lines
04-09 09:52:39.175  2712  2720 E luciUART: UART:0
04-09 09:52:39.175  2712  2720 E luciUART: UART:4
04-09 09:52:39.175  2712  2720 I luciUART: read() RemoteID = 43690 Command = 6 Type = 2 Status = 0 DataLen = 4
04-09 09:52:39.176  2712  2720 E luciUART: Error: full data not available yet! readBytes 0
04-09 09:52:39.176  2712  2720 I luciUART: Previous Packet read contd., 
04-09 09:52:39.176  2712  2720 E luciUART: UART:31
04-09 09:52:39.176  2712  2720 I luciUART: Previous Packet read contd., 
04-09 09:52:39.176  2712  2720 E luciUART: UART:30
04-09 09:52:39.176  2712  2720 I luciUART: Previous Packet read contd., 
04-09 09:52:39.176  2712  2720 E luciUART: UART:aa
04-09 09:52:39.176  2712  2720 E luciUART: UART:aa
04-09 09:52:39.177  2734  2734 I bt_osi_wakelock: wakelock_set_os_callouts set to non-native
04-09 09:52:39.177  2712  2712 I lucitransport: readRemoteMessage() MID char = 6 buffer = 1001
04-09 09:52:39.178  2712  2720 E luciUART: UART:6f
04-09 09:52:39.178  2712  2720 I luciUART: Previous Packet read contd., 
04-09 09:52:39.178  2712  2720 E luciUART: UART:77
04-09 09:52:39.178  2712  2720 I luciUART: Previous Packet read contd., 
04-09 09:52:39.178  2712  2720 E luciUART: UART:6e
04-09 09:52:39.178  2712  2720 I luciUART: Previous Packet read contd., 
04-09 09:52:39.178  2712  2720 E luciUART: UART:6c
04-09 09:52:39.178  2712  2720 I luciUART: Previous Packet read contd., 
04-09 09:52:39.178  2712  2720 E luciUART: UART:6f
04-09 09:52:39.178  2712  2720 I luciUART: Previous Packet read contd., 
04-09 09:52:39.178  2712  2720 E luciUART: UART:61
04-09 09:52:39.178  2712  2720 I luciUART: Previous Packet read contd., 
04-09 09:52:39.178  2712  2720 E luciUART: UART:64
04-09 09:52:39.178  2712  2720 I luciUART: Previous Packet read contd., 
04-09 09:52:39.178  2712  2720 E luciUART: UART:5f
04-09 09:52:39.178  2712  2720 I luciUART: Previous Packet read contd., 
04-09 09:52:39.178  2712  2720 E luciUART: UART:78
04-09 09:52:39.178  2712  2720 I luciUART: Previous Packet read contd., 
04-09 09:52:39.178  2712  2720 E luciUART: UART:6d
04-09 09:52:39.178  2712  2720 I luciUART: Previous Packet read contd., 
04-09 09:52:39.178  2712  2720 E luciUART: UART:6c
04-09 09:52:39.178  2712  2721 E LUCI_SERVER: Luci Server Thread wait over MID 208....
04-09 09:52:39.178  2712  2721 E LUCI_SERVER: Got NV name : fwdownload_xml
04-09 09:52:39.181  2734  2734 I bt_btif : get_profile_interface: id = gatt
04-09 09:52:39.182  2712  2721 I luciUART: write() MID = 208  bytes = 67 data = fwdownload_xml:https://openotaengine.libreiotcloud.com/v1 m_fd = 0x5
04-09 09:52:39.182  2712  2721 E LUCI_SERVER: NV_READ response= fwdownload_xml:https://openotaengine.libreiotcloud.com/v1
04-09 09:52:39.182  2712  2721 E LUCI_SERVER: Luci Server Thread waiting for packets....
04-09 09:52:39.185  2728  2747 E MB_HANDLER: Message Handler Thread waiting for messages....
04-09 09:52:39.192  2734  2734 I bt_btif : get_profile_interface: id = a2dp
04-09 09:52:39.193  2734  2734 I bt_btif : get_profile_interface: id = a2dp_sink
04-09 09:52:39.198  2734  2768 I bt_osi_thread: run_thread: thread id 2768, thread name btif_a2dp_sink_w started
04-09 09:52:39.201  2734  2734 D a2dp_codec: init
04-09 09:52:39.202  2734  2734 D a2dp_codec: createCodec: codec SBC
04-09 09:52:39.205  2734  2734 D a2dp_codec: createCodec: codec AAC
04-09 09:52:39.205  2734  2734 D a2dp_codec: createCodec: codec aptX
04-09 09:52:39.206  2731  2745 E CommandListener: Message not handled: unrecognized interface usb0
04-09 09:52:39.206  2734  2734 E a2dp_vendor_aptx_encoder: A2DP_VendorLoadEncoderAptx: cannot open aptX encoder library libaptX_encoder.so: libaptX_encoder.so: cannot open shared object file: No such file or directory
04-09 09:52:39.206  2734  2734 E a2dp_vendor_aptx: init: cannot load the encoder
04-09 09:52:39.206  2731  2745 W FrameworkListener: Handler 'Iface' error (Success)
04-09 09:52:39.206  2734  2734 D a2dp_codec: createCodec: codec aptX-HD
04-09 09:52:39.207  2731  2745 E CommandListener: Message not handled: unrecognized interface usb0
04-09 09:52:39.207  2731  2745 W FrameworkListener: Handler 'Iface' error (Success)
04-09 09:52:39.207  2734  2734 E a2dp_vendor_aptx_hd_encoder: A2DP_VendorLoadEncoderAptxHd: cannot open aptX-HD encoder library libaptXHD_encoder.so: libaptXHD_encoder.so: cannot open shared object file: No such file or directory
04-09 09:52:39.208  2734  2734 E a2dp_vendor_aptx_hd: init: cannot load the encoder
04-09 09:52:39.209  2734  2734 D a2dp_codec: createCodec: codec LDAC
04-09 09:52:39.209  2734  2734 E a2dp_vendor_ldac_encoder: A2DP_VendorLoadEncoderLdac: cannot open LDAC encoder library libldacBT_enc.so: libldacBT_enc.so: cannot open shared object file: No such file or directory
04-09 09:52:39.209  2734  2734 E a2dp_vendor_ldac: init: cannot load the encoder
04-09 09:52:39.209  2734  2734 D a2dp_codec: createCodec: codec SBC SINK
04-09 09:52:39.209  2734  2734 D a2dp_codec: createCodec: codec AAC SINK
04-09 09:52:39.209  2734  2734 I a2dp_codec: init: initialized Source codec AAC
04-09 09:52:39.209  2734  2734 I a2dp_codec: init: initialized Source codec SBC
04-09 09:52:39.209  2734  2734 I a2dp_codec: init: initialized Sink codec AAC(Sink)
04-09 09:52:39.209  2734  2734 I a2dp_codec: init: initialized Sink codec SBC(Sink)
04-09 09:52:39.209  2734  2734 W bt_btif : ## ON A2DP IDLE ## peer_sep = 0
04-09 09:52:39.211  2734  2761 E bt_btif : btif_sm_dispatch : Invalid handle
04-09 09:52:39.216  2734  2734 I bt_btif : get_profile_interface: id = avrcp
04-09 09:52:39.217  2734  2734 I bt_btif : get_profile_interface: id = avrcp_ctrl
04-09 09:52:39.218  2734  2734 I bt_btif : get_profile_interface: id = hidhost
04-09 09:52:39.219  2731  2745 E CommandListener: Message not handled: unrecognized interface usb0
04-09 09:52:39.219  2731  2745 W FrameworkListener: Handler 'Iface' error (Success)
04-09 09:52:39.223  2731  2745 E CommandListener: Message not handled: unrecognized interface usb0
04-09 09:52:39.223  2731  2745 W FrameworkListener: Handler 'Iface' error (Success)
04-09 09:52:39.226  2731  2745 E CommandListener: Message not handled: unrecognized interface usb0
04-09 09:52:39.227  2731  2745 W FrameworkListener: Handler 'Iface' error (Success)
04-09 09:52:39.229  2731  2745 E CommandListener: Message not handled: unrecognized interface usb0
04-09 09:52:39.229  2731  2745 W FrameworkListener: Handler 'Iface' error (Success)
04-09 09:52:39.230  2734  2734 I bluetoothtbd: [0408/212239.230232:INFO:daemon.cc(168)] Daemon initialized
04-09 09:52:39.230  2734  2734 I bt_btif : enable: start restricted = 0
04-09 09:52:39.231  2734  2750 I bt_stack_manager: event_start_up_stack is bringing up the stack
04-09 09:52:39.231  2734  2750 I bt_core_module: module_start_up Starting module "btif_config_module"
04-09 09:52:39.231  2734  2750 I bt_core_module: module_start_up Started module "btif_config_module"
04-09 09:52:39.231  2734  2750 I bt_core_module: module_start_up Starting module "btsnoop_module"
04-09 09:52:39.231  2734  2750 I bt_core_module: module_start_up Started module "btsnoop_module"
04-09 09:52:39.231  2734  2750 I bt_core_module: module_start_up Starting module "hci_module"
04-09 09:52:39.231  2734  2750 I bt_hci  : hci_module_start_up
04-09 09:52:39.233  2734  2779 I bt_osi_thread: run_thread: thread id 2779, thread name hci_thread started
04-09 09:52:39.234  2734  2750 D bt_hci  : hci_module_start_up starting async portion
04-09 09:52:39.235  2734  2779 I bluetoothtbd: [0408/212239.235023:INFO:hci_layer_linux.cc(172)] hci_initialize
04-09 09:52:39.235  2734  2779 I bluetoothtbd: [0408/212239.235170:INFO:hci_layer_linux.cc(184)] Using interface hci0
04-09 09:52:39.235  2734  2779 I bluetoothtbd: [0408/212239.235240:INFO:hci_layer_linux.cc(378)] rfkill
04-09 09:52:39.266  2735  2735 D dhcpcd  : no interfaces have a carrier
04-09 09:52:39.266  2735  2735 D dhcpcd  : wlan0: waiting for carrier
04-09 09:52:39.278  2788  2788 I dnsmasq : started, version 2.51 cachesize 150
04-09 09:52:39.278  2788  2788 I dnsmasq : compile time options: no-IPv6 GNU-getopt no-DBus no-I18N DHCP no-scripts no-TFTP
04-09 09:52:39.278  2788  2788 I dnsmasq : DHCP, IP range 192.168.10.3 -- 192.168.10.10, lease time 12h
04-09 09:52:39.279  2788  2788 I dnsmasq : reading /etc/resolv.conf
04-09 09:52:39.279  2788  2788 I dnsmasq : using nameserver 8.8.8.8#53
04-09 09:52:39.279  2788  2788 I dnsmasq : read /etc/hosts - 1 addresses
04-09 09:52:39.642  2731  2745 E CommandListener: Message not handled: unrecognized interface usb0
04-09 09:52:39.642  2731  2745 W FrameworkListener: Handler 'Iface' error (Success)
04-09 09:52:39.648  2734  2779 I bluetoothtbd: [0408/212239.648522:INFO:hci_layer_linux.cc(295)] wait_hcidev
04-09 09:52:39.648  2734  2779 I bluetoothtbd: [0408/212239.648756:INFO:hci_layer_linux.cc(332)] Do poll() with timeout of 3000ms
04-09 09:52:39.650  2734  2779 I bluetoothtbd: [0408/212239.650307:INFO:hci_layer_linux.cc(228)] HCI device ready
04-09 09:52:39.650  2734  2779 I bt_hci  : event_finish_startup
04-09 09:52:39.650  2734  2750 I bt_core_module: module_start_up Started module "hci_module"
04-09 09:52:39.652  2734  2812 I bt_osi_thread: run_thread: thread id 2812, thread name bt_workqueue started
04-09 09:52:39.653  2734  2812 I bluetoothtbd: [0408/212239.653190:INFO:btu_task.cc(107)] Bluetooth chip preload is complete
04-09 09:52:39.659  2734  2812 I         : No vendor HCI socket available. Won't create SocketWriter.
04-09 09:52:39.668  2734  2812 I bluetoothtbd: [0408/212239.667962:INFO:gatt_api.cc(1005)] GATT_Register
04-09 09:52:39.669  2734  2812 I bluetoothtbd: [0408/212239.669657:INFO:gatt_api.cc(1028)] allocated gatt_if=1
04-09 09:52:39.671  2734  2812 I bluetoothtbd: [0408/212239.671207:INFO:gatt_api.cc(207)] GATTS_AddService
04-09 09:52:39.672  2734  2812 I bluetoothtbd: [0408/212239.672260:INFO:gatt_api.cc(317)] GATTS_AddService: service parsed correctly, now starting
04-09 09:52:39.673  2734  2812 E bluetoothtbd: [0408/212239.673155:ERROR:gatt_attr.cc(302)] gatt_profile_db_init:  gatt_if=1
04-09 09:52:39.680  2734  2812 I bluetoothtbd: [0408/212239.680179:INFO:gatt_api.cc(1005)] GATT_Register
04-09 09:52:39.680  2734  2812 I bluetoothtbd: [0408/212239.680306:INFO:gatt_api.cc(1028)] allocated gatt_if=2
04-09 09:52:39.680  2734  2812 I bluetoothtbd: [0408/212239.680353:INFO:gatt_api.cc(207)] GATTS_AddService
04-09 09:52:39.680  2734  2812 I bluetoothtbd: [0408/212239.680431:INFO:gatt_api.cc(317)] GATTS_AddService: service parsed correctly, now starting
04-09 09:52:39.728  2734  2814 I bt_osi_thread: run_thread: thread id 2814, thread name module_wrapper started
04-09 09:52:39.728  2734  2814 I bt_core_module: module_start_up Starting module "controller_module"
04-09 09:52:39.757  2711  2723 I yani_server: ifindexeth0 0 ifindexwlan0 5 ifindexp2p0 6 ifindexwlan1 0
04-09 09:52:39.758  2711  2723 I yani_server: NetLink Event '-1' Interface-Index '5' WLAN '0' Ethernet '-1' Parsed-iFill '-1' -> 'INVALID' ifIndex '1' -> 'lo'
04-09 09:52:39.758  2711  2723 I yani_kernel: yani_geteventfrom_changeaddr() Message-Id '1' Netlink event '16' Interface Index '5' -> Name 'wlan0' 
04-09 09:52:39.759  2711  2723 I yani_kernel: yani_geteventfrom_changeaddr() Message-Id '1' Netlink event '16' Interface Index '9' -> Name 'usb0' 
04-09 09:52:39.760  2711  2723 I yani_kernel: yani_geteventfrom_changeaddr() Message-Id '1' Netlink event '16' Interface Index '9' -> Name 'usb0' 
04-09 09:52:39.761  2711  2723 I yani_kernel: yani_geteventfrom_changeaddr() Message-Id '1' Netlink event '20' Interface Index '9' -> Name 'usb0' 
04-09 09:52:39.762  2711  2723 I yani_kernel: yani_geteventfrom_changeaddr() Message-Id '1' Netlink event '16' Interface Index '9' -> Name 'usb0' 
04-09 09:52:39.763  2711  2723 I yani_kernel: yani_geteventfrom_changeaddr() Message-Id '1' Netlink event '21' Interface Index '9' -> Name 'usb0' 
04-09 09:52:39.764  2711  2723 I yani_kernel: yani_geteventfrom_changeaddr() Message-Id '1' Netlink event '20' Interface Index '9' -> Name 'usb0' 
04-09 09:52:39.765  2711  2723 I yani_kernel: yani_geteventfrom_changeaddr() Message-Id '1' Netlink event '16' Interface Index '9' -> Name 'usb0' 
04-09 09:52:39.899  2734  2814 I bt_core_module: module_start_up Started module "controller_module"
04-09 09:52:39.900  2734  2814 W bt_osi_thread: run_thread: thread id 2814, thread name module_wrapper exited
04-09 09:52:39.903  2734  2812 W bt_btm  : btm_decode_ext_features_page: feature page 1 ignored
04-09 09:52:39.903  2734  2812 W bt_btm  : btm_decode_ext_features_page: feature page 2 ignored
04-09 09:52:39.904  2734  2813 I bt_btm_sec: BTM_SecRegister p_cb_info->p_le_callback == 0x0xf6d1cb99
04-09 09:52:39.905  2734  2813 I bt_btm_sec: BTM_SecRegister btm_cb.api.p_le_callback = 0x0xf6d1cb99 
04-09 09:52:39.907  2734  2813 I bluetoothtbd: [0408/212239.907494:INFO:ble_advertiser_hci_interface.cc(736)] Legacy advertising will be in use
04-09 09:52:39.909  2734  2813 I bluetoothtbd: [0408/212239.909879:INFO:gatt_api.cc(1005)] GATT_Register
04-09 09:52:39.910  2734  2813 I bluetoothtbd: [0408/212239.910012:INFO:gatt_api.cc(1028)] allocated gatt_if=3
04-09 09:52:39.930  2734  2761 E bt_btif_storage: btif_storage_get_adapter_property: Controller ready!
04-09 09:52:39.930  2734  2761 I bt_btif_storage: btif_storage_get_adapter_property service_mask:0x40000
04-09 09:52:39.931  2734  2761 I bluetoothtbd: [0408/212239.931171:INFO:adapter.cc(551)] Adapter properties changed
04-09 09:52:39.931  2734  2761 I bluetoothtbd: [0408/212239.931364:INFO:adapter.cc(564)] Adapter address changed: CC:90:93:21:F3:85
04-09 09:52:39.931  2734  2761 I bluetoothtbd: [0408/212239.931408:INFO:adapter.cc(573)] Adapter name changed
04-09 09:52:39.932  2734  2761 I bt_btif_core: btif_enable_bluetooth_evt entered: status 0
04-09 09:52:39.932  2734  2761 W bt_btif : btif_enable_bluetooth_evt: Saving the Adapter Address
04-09 09:52:39.932  2734  2813 I bt_bta_av: AVRCP version used for sdp: "avrcp14"
04-09 09:52:39.932  2734  2761 I bluetoothtbd: [0408/212239.932324:INFO:adapter.cc(551)] Adapter properties changed
04-09 09:52:39.932  2734  2761 I bluetoothtbd: [0408/212239.932439:INFO:adapter.cc(564)] Adapter address changed: CC:90:93:21:F3:85
04-09 09:52:39.932  2734  2761 D bt_hci  : do_postload posting postload work item
04-09 09:52:39.938  2734  2855 I bt_osi_thread: run_thread: thread id 2855, thread name btif_sock started
04-09 09:52:39.944  2734  2761 D bt_bte_conf: Device ID record 1 : primary
04-09 09:52:39.944  2734  2761 D bt_bte_conf:   vendorId            = 000f
04-09 09:52:39.944  2734  2761 D bt_bte_conf:   vendorIdSource      = 0001
04-09 09:52:39.944  2734  2761 D bt_bte_conf:   product             = 1200
04-09 09:52:39.944  2734  2761 D bt_bte_conf:   version             = 1436
04-09 09:52:39.944  2734  2761 D bt_bte_conf:   clientExecutableURL = 
04-09 09:52:39.944  2734  2761 D bt_bte_conf:   serviceDescription  = 
04-09 09:52:39.944  2734  2761 D bt_bte_conf:   documentationURL    = 
04-09 09:52:39.944  2734  2761 D bt_bte_conf: bte_load_did_conf no section named DID2.
04-09 09:52:39.944  2734  2750 I bt_stack_manager: event_start_up_stack finished
04-09 09:52:39.944  2734  2761 I bt_btif_core: btif_enable_bluetooth_evt finished
04-09 09:52:39.946  2734  2761 I bluetoothtbd: [0408/212239.946151:INFO:adapter.cc(529)] Adapter state changed: BT_STATE_ON
04-09 09:52:40.145  2729  2729 I ServiceManager: Waiting for service media.player...
04-09 09:52:40.221  2711  2723 I yani_kernel: yani_geteventfrom_changeaddr() Message-Id '1' Netlink event '16' Interface Index '9' -> Name 'usb0' 
04-09 09:52:40.221  2731  2745 E CommandListener: Message not handled: unrecognized interface usb0
04-09 09:52:40.221  2731  2745 W FrameworkListener: Handler 'Iface' error (Success)
04-09 09:52:41.127  2731  2744 E WifiUtil: command: "SCAN" failed: FAIL-BUSY
04-09 09:52:41.145  2729  2729 I ServiceManager: Waiting for service media.player...
04-09 09:52:41.245  2731  2745 E CommandListener: Message not handled: unrecognized interface usb0
04-09 09:52:41.245  2731  2745 W FrameworkListener: Handler 'Iface' error (Success)
04-09 09:52:41.544  2711  2723 I yani_server: NetLink Event '-1' Interface-Index '5' WLAN '-1' Ethernet '-1' Parsed-iFill '-1' -> 'INVALID' ifIndex '1' -> 'lo'
