04-09 09:23:02.652  3077  3077 I cast_shell: [3080:3080:INFO:multizone_setup.cc(328)] Configured audio output delay changed. User delay = 0 s, OEM delay = 0.08 s, HDMI delay = 0 s
04-09 09:23:02.653  2966  3155 I LibreCastControlDelegate: OnResponse() ReqeustID 3, error  0
04-09 09:23:02.653  2691  2691 I sh      : [0408/205302.653737:INFO:cast_message_service_impl.cc(1067)] Received initial receiver info
04-09 09:23:02.653  2966  3155 I LibreCastControlDelegate: OnControlConnected()
04-09 09:23:02.653  2691  2691 I sh      : [0408/205302.653836:INFO:cast_message_service_impl.cc(1073)] Sent PlatformSettingsRegister message
04-09 09:23:02.676  2966  3155 I LibreCastControl: LibreCastControl_RequestGVAStatus() RequestId '5' pCastControl 0xf4900728
04-09 09:23:02.676  2691  2691 I sh      : [0408/205302.676102:INFO:cast_message_service_impl.cc(1076)] CastMessageServiceImpl is ready
04-09 09:23:02.677  3077  3077 I cast_shell: [3080:3080:INFO:assistant_namespace_handler.cc(144)] Added a status listening peer for assistant namespace: domain-socket@/tmp/cast-control.1:system-0
04-09 09:23:02.677  2966  3155 I LibreCastControlDelegate: OnResponse() ReqeustID 5, error  0
04-09 09:23:03.402  3077  3077 I cast_shell: [3080:3130:INFO:mdns_app_filter.cc(1403)] MdnsAppFilter: Done probing.
04-09 09:23:03.411  3077  3077 I cast_shell: [3080:3080:INFO:crypto_manager.cc(278)] Public key: MIIBCgKCAQEApjSKIMLT6mMW1/00l2OigFWlA6un/E2QfI2ytNPzSzJcB1YxkC4JE890d1Ti/3tB4GkMA2GRRfu8AKNyn2tgnO9QesQKCqZiCq0wrgo3gOHr4NQ+Nv6dbp2xQt0B5FYwBmMw+52tftB/tOZFcOCbrbc3krjER0o5ysCmb3xHIPtwSalYb87EyOV5XqnQ/053BiyqObpgRE1UXa/dQoWlSmC5dK7zG1MSN8ZTkzLk+fJgDUrIoABbph3nQv3ieHbRu8+rghscu1E8T8ntvERBupYYLelZwmtkSPrB8IShgRbz1G99zWFkMHtEhNvIl0ohTPg5GxEjmycGMekZg2tbswIDAQAB
04-09 09:23:03.411  3077  3077 I cast_shell: [3080:3080:INFO:crypto_manager.cc(289)] Public modulus: pjSKIMLT6mMW1_00l2OigFWlA6un_E2QfI2ytNPzSzJcB1YxkC4JE890d1Ti_3tB4GkMA2GRRfu8AKNyn2tgnO9QesQKCqZiCq0wrgo3gOHr4NQ-Nv6dbp2xQt0B5FYwBmMw-52tftB_tOZFcOCbrbc3krjER0o5ysCmb3xHIPtwSalYb87EyOV5XqnQ_053BiyqObpgRE1UXa_dQoWlSmC5dK7zG1MSN8ZTkzLk-fJgDUrIoABbph3nQv3ieHbRu8-rghscu1E8T8ntvERBupYYLelZwmtkSPrB8IShgRbz1G99zWFkMHtEhNvIl0ohTPg5GxEjmycGMekZg2tbsw
04-09 09:23:03.411  3077  3077 I cast_shell: [3080:3080:INFO:crypto_manager.cc(294)] Public exponent: AQAB
04-09 09:23:03.429  3077  3077 I cast_shell: [3080:3133:INFO:multizone_manager.cc(1889)] Initial discovery complete
04-09 09:23:03.430  3077  3077 I cast_shell: [3080:3130:INFO:mdns_app_filter.cc(1605)] Re-probing due to newly registered service '3': _googlezone
04-09 09:23:03.430  3077  3077 I cast_shell: [3080:3080:INFO:mdns_manager_impl.cc(311)] Successfully registered service: type=_googlezone
04-09 09:23:03.480  3159  3159 I dnsmasq : started, version 2.51 DNS disabled
04-09 09:23:03.481  3159  3159 I dnsmasq : compile time options: no-IPv6 GNU-getopt no-DBus no-I18N DHCP no-scripts no-TFTP
04-09 09:23:03.481  3159  3159 I dnsmasq : DHCP, IP range 192.168.255.250 -- 192.168.255.254, lease time 12h
04-09 09:23:03.481  2711  2723 I yani_server: doLotofWork() List of interface '4'
04-09 09:23:03.481  2711  2723 I yani_server: doLotofWork() Interface 'p2p0' ifr[0].ifr_name 'lo' ipaddress '127.0.0.1'
04-09 09:23:03.481  2711  2723 I yani_server: doLotofWork() Interface 'p2p0' ifr[1].ifr_name 'p2p0' ipaddress '192.168.255.249'
04-09 09:23:03.481  2711  2723 I yani_server: doLotofWork() returns 'REFILL WACMODE'
04-09 09:23:03.481  2711  2723 E yani_server: YANI: I am Done Wait For Event 
04-09 09:23:03.481  2711  2813 I yani_server: onNetworkParametersChanged() WAC Mode '1'  Index '2' Interface 'p2p0' Status '1'
04-09 09:23:03.481  2711  2723 I yani_kernel: yani_geteventfrom_changeaddr() Message-Id '1' Netlink event '21' Interface Index '6' -> Name 'p2p0' 
04-09 09:23:03.481  2729  2729 E AirableUIHelper: AirableUIHelper::YaniAlert  4 1 
04-09 09:23:03.485  3077  3077 I cast_shell: [3080:3120:INFO:ble_setup.cc(789)] Missing required info for sign.
04-09 09:23:03.486  2712  2719 I lucitransport: writeRemoteMessage() MID = 124 buffer = 4#1,0#2,0#3,1#4,1
04-09 09:23:03.486  2712  2719 I luciUART: write() MID = 124  bytes = 27 data = 4#1,0#2,0#3,1#4,1 m_fd = 0x5
04-09 09:23:03.487  2972  2987 I otamanager: YaniAlert() Interface 4 Status Up
04-09 09:23:03.487  2711  2723 I yani_server: NetLink Event '5' Interface-Index '6' WLAN '-1' Ethernet '-1' Parsed-iFill '5' -> 'P2P0 DISCONNECTED' ifIndex '2' -> 'tunl0'
04-09 09:23:03.488  2968  3009 I airplay-main: YaniAlert Interface 4 Status 1
04-09 09:23:03.489  2711  2723 E yani_server: YANI: I am Done Wait For Event 
04-09 09:23:03.489  2711  2723 I yani_kernel: yani_geteventfrom_changeaddr() Message-Id '1' Netlink event '20' Interface Index '6' -> Name 'p2p0' 
04-09 09:23:03.489  2711  2813 I yani_server: onNetworkParametersChanged() WAC Mode '0'  Index '2' Interface 'p2p0' Status '0'
04-09 09:23:03.496  2965  2975 D wac-main: Netlink event
04-09 09:23:03.496  2965  2975 E wac-main: Netlink event 16 Interface Index 6 
04-09 09:23:03.496  2965  2975 E wac-main: p2p0 event Link Changed : 1002 
04-09 09:23:03.496  2965  2975 E wac-main: Enter poll and wait
04-09 09:23:03.498  2712  2720 E luciUART: UART:aa
04-09 09:23:03.499  2712  2720 E luciUART: UART:aa
04-09 09:23:03.499  2712  2720 E luciUART: UART:2
04-09 09:23:03.499  2712  2720 E luciUART: UART:0
04-09 09:23:03.499  2712  2720 E luciUART: UART:d0
04-09 09:23:03.499  2712  2720 E luciUART: UART:0
04-09 09:23:03.499  2712  2720 I chatty  : uid=0(root) UARTLUCIControl identical 2 lines
04-09 09:23:03.499  2712  2720 E luciUART: UART:0
04-09 09:23:03.499  2712  2720 E luciUART: UART:9
04-09 09:23:03.499  2712  2720 I luciUART: read() RemoteID = 43690 Command = 208 Type = 2 Status = 0 DataLen = 9
04-09 09:23:03.499  2712  2720 E luciUART: Error: full data not available yet! readBytes 0
04-09 09:23:03.499  2712  2720 I luciUART: Previous Packet read contd., 
04-09 09:23:03.499  2712  2720 E luciUART: UART:52
04-09 09:23:03.499  2712  2720 I luciUART: Previous Packet read contd., 
04-09 09:23:03.499  2712  2720 E luciUART: UART:45
04-09 09:23:03.499  2712  2720 I luciUART: Previous Packet read contd., 
04-09 09:23:03.499  2712  2720 E luciUART: UART:41
04-09 09:23:03.499  2712  2720 I luciUART: Previous Packet read contd., 
04-09 09:23:03.499  2712  2720 E luciUART: UART:44
04-09 09:23:03.500  2712  2720 I luciUART: Previous Packet read contd., 
04-09 09:23:03.500  2712  2720 E luciUART: UART:5f
04-09 09:23:03.500  2712  2720 I luciUART: Previous Packet read contd., 
04-09 09:23:03.500  2712  2720 E luciUART: UART:73
04-09 09:23:03.500  2712  2720 I luciUART: Previous Packet read contd., 
04-09 09:23:03.500  2712  2720 E luciUART: UART:73
04-09 09:23:03.500  2712  2720 I luciUART: Previous Packet read contd., 
04-09 09:23:03.500  2712  2720 E luciUART: UART:69
04-09 09:23:03.500  2712  2720 I luciUART: Previous Packet read contd., 
04-09 09:23:03.500  2712  2720 E luciUART: UART:64
04-09 09:23:03.500  2712  2721 E LUCI_SERVER: Luci Server Thread wait over MID 208....
04-09 09:23:03.500  2712  2721 E LUCI_SERVER: Got NV name : ssid
04-09 09:23:03.500  2712  2720 E luciUART: UART:aa
04-09 09:23:03.500  2712  2720 E luciUART: UART:aa
04-09 09:23:03.501  2712  2721 I luciUART: write() MID = 208  bytes = 15 data = ssid: m_fd = 0x5
04-09 09:23:03.502  2712  2721 E LUCI_SERVER: NV_READ response= ssid:
04-09 09:23:03.502  2712  2721 E LUCI_SERVER: Luci Server Thread waiting for packets....
04-09 09:23:03.502  2712  2720 E luciUART: UART:2
04-09 09:23:03.502  2712  2720 E luciUART: UART:0
04-09 09:23:03.502  2712  2720 E luciUART: UART:d0
04-09 09:23:03.502  2712  2720 E luciUART: UART:0
04-09 09:23:03.502  2712  2720 I chatty  : uid=0(root) UARTLUCIControl identical 2 lines
04-09 09:23:03.502  2712  2720 E luciUART: UART:0
04-09 09:23:03.502  2712  2720 E luciUART: UART:9
04-09 09:23:03.502  2712  2720 I luciUART: read() RemoteID = 43690 Command = 208 Type = 2 Status = 0 DataLen = 9
04-09 09:23:03.502  2712  2720 E luciUART: Error: full data not available yet! readBytes 0
04-09 09:23:03.502  2712  2720 I luciUART: Previous Packet read contd., 
04-09 09:23:03.502  2712  2720 E luciUART: UART:52
04-09 09:23:03.502  2712  2720 I luciUART: Previous Packet read contd., 
04-09 09:23:03.502  2712  2720 E luciUART: UART:45
04-09 09:23:03.502  2712  2720 I luciUART: Previous Packet read contd., 
04-09 09:23:03.502  2712  2720 E luciUART: UART:41
04-09 09:23:03.502  2712  2720 I luciUART: Previous Packet read contd., 
04-09 09:23:03.502  2712  2720 E luciUART: UART:44
04-09 09:23:03.502  2712  2720 I luciUART: Previous Packet read contd., 
04-09 09:23:03.502  2712  2720 E luciUART: UART:5f
04-09 09:23:03.502  2712  2720 I luciUART: Previous Packet read contd., 
04-09 09:23:03.502  2712  2720 E luciUART: UART:73
04-09 09:23:03.502  2712  2720 I luciUART: Previous Packet read contd., 
04-09 09:23:03.502  2712  2720 E luciUART: UART:64
04-09 09:23:03.971  2711  2723 I yani_server: doLotofWork() List of interface '4'
04-09 09:23:03.972  2711  2723 I yani_server: doLotofWork() Interface 'p2p0' ifr[0].ifr_name 'lo' ipaddress '127.0.0.1'
04-09 09:23:03.972  2711  2723 I yani_server: doLotofWork() Interface 'p2p0' ifr[1].ifr_name 'p2p0' ipaddress '192.168.255.249'
04-09 09:23:03.972  2711  2723 I yani_server: doLotofWork() returns 'REFILL WACMODE'
04-09 09:23:03.972  2711  2723 E yani_server: YANI: I am Done Wait For Event 
04-09 09:23:03.972  2711  2723 I yani_kernel: yani_geteventfrom_changeaddr() Message-Id '1' Netlink event '16' Interface Index '6' -> Name 'p2p0' 
04-09 09:23:03.972  2711  2813 I yani_server: onNetworkParametersChanged() WAC Mode '1'  Index '2' Interface 'p2p0' Status '1'
04-09 09:23:03.972  2729  2729 E AirableUIHelper: AirableUIHelper::YaniAlert  4 1 
04-09 09:23:03.995  2711  2723 I yani_server: NetLink Event '-1' Interface-Index '5' WLAN '0' Ethernet '-1' Parsed-iFill '-1' -> 'INVALID' ifIndex '1' -> 'lo'
04-09 09:23:03.995  2711  2723 I yani_kernel: yani_geteventfrom_changeaddr() Message-Id '1' Netlink event '16' Interface Index '6' -> Name 'p2p0' 
04-09 09:23:03.996  3157  3157 I hostapd : p2p0: IEEE 802.11 channel=6 mode=ht bw=20 htcaps=0x177f vhtcaps=0x0 cf_seg0=0 cf_seg1=0
04-09 09:23:04.022  3077  3077 I cast_shell: [3080:3120:INFO:gatt_client_manager_impl.cc(202)] Enabling GATT client connectability
04-09 09:23:04.026  3077  3077 I cast_shell: [3080:3120:INFO:ble_setup.cc(915)] Sign related info completed, no future EurekaInfo need sign.
04-09 09:23:04.027  3077  3077 I cast_shell: [3080:3120:INFO:gatt_client_manager_impl.cc(202)] Enabling GATT client connectability
04-09 09:23:04.028  2711  2723 I yani_kernel: yani_geteventfrom_changeaddr() Message-Id '1' Netlink event '16' Interface Index '6' -> Name 'p2p0' 
04-09 09:23:04.029  2965  2975 D wac-main: Netlink event
04-09 09:23:04.029  2965  2975 E wac-main: Netlink event 16 Interface Index 6 
04-09 09:23:04.029  2965  2975 E wac-main: p2p0 event Link Changed : 11043 
04-09 09:23:04.029  2965  2975 E wac-main: p2p0 Changed Up 
04-09 09:23:04.030  2965  2975 I wifiapi : newconn : 0xf4e00718
04-09 09:23:04.031  2965  2975 I wifiapi : 'STATUS' command returned = 0
04-09 09:23:04.031  2965  2975 E wac-main: current wifi status : 10
04-09 09:23:04.031  3077  3077 I cast_shell: [3080:3120:INFO:gatt_client_manager_impl.cc(202)] Enabling GATT client connectability
04-09 09:23:04.032  3077  3077 I cast_shell: [3080:3120:INFO:gatt_client_manager_impl.cc(202)] Enabling GATT client connectability
04-09 09:23:04.036  2734  2765 E bt_btif : BTA_GATTS_AddService: rcb_idx = 0
04-09 09:23:04.036  2734  2765 I bluetoothtbd: [0408/205304.036105:INFO:gatt_api.cc(207)] GATTS_AddService
04-09 09:23:04.036  2734  2765 I bluetoothtbd: [0408/205304.036469:INFO:gatt_api.cc(317)] GATTS_AddService: service parsed correctly, now starting
04-09 09:23:04.040  3077  3077 I cast_shell: [3080:3120:INFO:ble_setup_manager.cc(744)] Started Bluetooth service
04-09 09:23:04.964  3077  3077 I cast_shell: [3080:3088:ERROR:connectivity_checker_impl.cc(265)] Connectivity check failed: 400
04-09 09:23:05.320  3077  3077 I cast_shell: [3080:3130:INFO:mdns_app_filter.cc(1403)] MdnsAppFilter: Done probing.
04-09 09:23:05.971  3077  3077 I cast_shell: [3080:3088:ERROR:connectivity_checker_impl.cc(265)] Connectivity check failed: 400
04-09 09:23:05.989  3077  3077 I cast_shell: [3080:3088:INFO:parent_tracker.cc(291)] [PII](07080DC0C57D73C7A5E535E1F1C1BDF3) Become root
04-09 09:23:05.989  3077  3077 I cast_shell: [3080:3088:INFO:directory_service_impl.cc(200)] This device became root
04-09 09:23:06.325  3077  3077 I cast_shell: [3080:3080:INFO:grpc_service_discovery_impl.cc(185)] Mdns discovered google RPC for [PII](07080DC0C57D73C7A5E535E1F1C1BDF3).
04-09 09:23:06.978  3077  3077 I cast_shell: [3080:3088:ERROR:connectivity_checker_impl.cc(265)] Connectivity check failed: 400
04-09 09:23:07.031  2965  2975 E wac-main: Enter poll and wait
04-09 09:23:07.326  3077  3077 I cast_shell: [3080:3130:INFO:mdns_app_filter.cc(1526)] MdnsAppFilter: Done announcing.
04-09 09:23:07.984  3077  3077 I cast_shell: [3080:3088:ERROR:connectivity_checker_impl.cc(265)] Connectivity check failed: 400
04-09 09:23:11.004  3077  3077 I chatty  : uid=1000(chrome) /bin/logwrapper identical 3 lines
04-09 09:23:12.012  3077  3077 I cast_shell: [3080:3088:ERROR:connectivity_checker_impl.cc(265)] Connectivity check failed: 400
04-09 09:23:12.105  3077  3077 I cast_shell: [3080:3120:ERROR:setup_state.cc(424)] Timeout for state=SETUP_STATE_CHECKING_GLOBAL_CONNECTIVITY(50): move to state=SETUP_STATE_CHECKING_GLOBAL_CONNECTIVITY_BAD_ROUTER(52).
04-09 09:23:12.105  3077  3077 I cast_shell: [3080:3120:INFO:setup_state.cc(261)] Setup state changed: SETUP_STATE_CHECKING_GLOBAL_CONNECTIVITY (50) -> SETUP_STATE_CHECKING_GLOBAL_CONNECTIVITY_BAD_ROUTER (52)
04-09 09:23:12.109  2966  3155 I LibreCastControlDelegate: OnCastStatus() +++ Lyric Speaker Box 21f384:0xabdd3198:NOT_SETUP
04-09 09:23:12.109  2966  3155 I LibreCastControlDelegate: Device Build Number -> '1.52.272222'
04-09 09:23:12.109  2966  3155 I librecast: updateCastBuildVersion() Version 1.52.272222
04-09 09:23:12.109  2712  2719 I lucitransport: readRemoteMessage() MID char = 7 buffer = 1.52.272222
04-09 09:23:12.110  2966  3155 I LibreCastControlDelegate: Active Applications -> 0
04-09 09:23:12.110  2966  3155 I LibreCastControlDelegate: Current Cast State '2' -> 'NOT_SETUP'
04-09 09:23:12.110  2966  3155 I LibreCastControlDelegate: OnCastStatus() ---
04-09 09:23:13.017  3077  3077 I cast_shell: [3080:3088:ERROR:connectivity_checker_impl.cc(265)] Connectivity check failed: 400
04-09 09:23:38.049  2731  2739 E NetworkMonitor: cannot find default IPv4 route for wlan0
04-09 09:23:38.049  2731  2739 E NetworkMonitor: cannot find default IPv6 route for wlan0
04-09 09:23:41.127  2731  2739 E NetworkMonitor: no response for /bin/ping -n -I wlan0 -c 10 -w 10 8.8.8.8
04-09 09:23:41.138  2731  2739 E NetworkMonitor: no response for /bin/ping6 -n -I wlan0 -c 10 -w 10 2001:4860:4860::8888
04-09 09:23:41.141  2731  2739 E NetworkMonitor: dns resolution failed
04-09 09:23:41.141  2731  2739 I NetworkMonitor: Cast.Wifi.Failure.Type 7
04-09 09:24:00.327  3077  3077 I chatty  : uid=1000(chrome) /bin/logwrapper identical 47 lines
04-09 09:24:01.334  3077  3077 I cast_shell: [3080:3088:ERROR:connectivity_checker_impl.cc(265)] Connectivity check failed: 400
04-09 09:24:01.777  3077  3077 I cast_shell: [3080:3080:INFO:grpc_manager_impl.cc(505)] GRPC[uri=[::]:0]: num_pending_calls=0, num_active_handlers=0, num_free_handlers=0
04-09 09:24:01.777  3077  3077 I cast_shell: [3080:3080:INFO:gcm_manager.cc(269)] Disabling GCM Driver
04-09 09:24:01.778  3077  3077 I cast_shell: [3080:3080:INFO:grpc_manager_impl.cc(505)] GRPC[uri=]: num_pending_calls=0, num_active_handlers=0, num_free_handlers=0
04-09 09:24:01.807  3077  3077 I cast_shell: [3080:3080:INFO:grpc_manager_impl.cc(505)] GRPC[uri=unix:/tmp/hcp_ipc_auth.socket]: num_pending_calls=0, num_active_handlers=10, num_free_handlers=0
04-09 09:24:01.810  3077  3077 I cast_shell: [3080:3080:INFO:grpc_manager_impl.cc(505)] GRPC[uri=unix:/tmp/modular_updater/modular_update_service]: num_pending_calls=0, num_active_handlers=0, num_free_handlers=0
04-09 09:24:01.829  3077  3077 I cast_shell: [3080:3080:INFO:metrics_recorder.cc(112)] Metrics stat: total=13
04-09 09:24:01.829  3077  3077 I cast_shell: Cast.Discovery.Mdns.ResponderStarted=2
04-09 09:24:01.829  3077  3077 I cast_shell: Cast.Discovery.Mdns.ResponderStopped=1
04-09 09:24:01.829  3077  3077 I cast_shell: Cast.Discovery.Mdns.SocketCreated=4
04-09 09:24:01.829  3077  3077 I cast_shell: Cast.Discovery.Mdns.SocketDestroyed=2
04-09 09:24:01.829  3077  3077 I cast_shell: Cast.System.Timezone.ChangeSuccessful=1
04-09 09:24:01.829  3077  3077 I cast_shell: CastV2.Connection.Connect.In=1
04-09 09:24:01.829  3077  3077 I cast_shell: CastV2.Receiver.DeviceStatus.Out=5
04-09 09:24:01.829  3077  3077 I cast_shell: CastV2.Receiver.DeviceStatus.Out.Broadcast=2
04-09 09:24:01.829  3077  3077 I cast_shell: CastV2.Receiver.GetStatus.In=1
04-09 09:24:01.829  3077  3077 I cast_shell: CastV2.Resource.Provider.In=1
04-09 09:24:01.935  3077  3077 I cast_shell: [3080:3080:INFO:metrics_recorder_impl.cc(672)] Activated server experiments: []
04-09 09:24:01.937  3077  3077 I cast_shell: [3080:3080:INFO:cast_logs_metrics_provider.cc(59)] netif is ipv4
04-09 09:24:01.938  3077  3077 I cast_shell: [3080:3080:ERROR:socket_posix.cc(148)] bind() failed: Address already in use (98)
04-09 09:24:01.938  3077  3077 I cast_shell: [3080:3080:INFO:net_util_impl.cc(1041)] Platform supports dual-stack
04-09 09:24:01.954  3077  3077 I cast_shell: [3080:3080:INFO:grpc_manager_impl.cc(505)] GRPC[uri=[::]:8012]: num_pending_calls=0, num_active_handlers=1, num_free_handlers=0
04-09 09:24:02.340  3077  3077 I cast_shell: [3080:3088:ERROR:connectivity_checker_impl.cc(265)] Connectivity check failed: 400
04-09 09:24:42.152  2731  2739 E NetworkMonitor: cannot find default IPv4 route for wlan0
04-09 09:24:42.153  2731  2739 E NetworkMonitor: cannot find default IPv6 route for wlan0
04-09 09:24:45.254  2731  2739 E NetworkMonitor: no response for /bin/ping -n -I wlan0 -c 10 -w 10 8.8.8.8
04-09 09:24:45.265  2731  2739 E NetworkMonitor: no response for /bin/ping6 -n -I wlan0 -c 10 -w 10 2001:4860:4860::8888
04-09 09:24:45.267  2731  2739 E NetworkMonitor: dns resolution failed
04-09 09:24:53.683  3077  3077 I chatty  : uid=1000(chrome) /bin/logwrapper identical 51 lines
04-09 09:24:54.690  3077  3077 I cast_shell: [3080:3088:ERROR:connectivity_checker_impl.cc(265)] Connectivity check failed: 400
04-09 09:24:55.438  2734  2812 I bt_btm_ble: btm_ble_conn_complete unable to match and resolve random address
04-09 09:24:55.440  2734  2765 I bluetoothtbd: [0408/205455.440491:INFO:gatt_server.cc(280)] Added connection entry for conn_id: 5 device address: 74:1F:F4:22:53:1A
04-09 09:24:55.440  2734  2812 W bt_smp  : smp_br_connect_callback is called on unexpected transport 2
04-09 09:24:55.440  2734  2812 W bt_btif : bta_dm_acl_change info: 0x0
04-09 09:24:55.441  2734  2765 D bt_btif_dm: remote version info [74:1f:f4:22:53:1a]: 0, 0, 0
04-09 09:24:55.441  2734  2765 I bluetoothtbd: [0408/205455.441361:INFO:adapter.cc(719)] ACL state changed: 74:1F:F4:22:53:1A - connected: true
04-09 09:24:55.441  3077  3077 I cast_shell: [3080:3120:ERROR:bluetooth_v1_via_v2.cc(796)] Connection state changed. :1a true
04-09 09:24:55.697  3077  3077 I cast_shell: [3080:3088:ERROR:connectivity_checker_impl.cc(265)] Connectivity check failed: 400
04-09 09:24:55.968  2734  2765 D bt_btif_scanner: btif_gatts_upstreams_evt: Unhandled event (26)
04-09 09:24:56.544  2734  2812 E bluetoothtbd: [0408/205456.544493:ERROR:gatt_sr.cc(743)] MTU request PDU with MTU size 515
04-09 09:24:56.545  2734  2812 W bt_l2cap: l2cble_set_fixed_channel_tx_data_length, request not supported
04-09 09:24:56.545  2734  2812 W bluetoothtbd: [0408/205456.545422:WARNING:gatt_utils.cc(837)] Call back not found for application conn_id=3
04-09 09:24:56.545  2734  2812 W bluetoothtbd: [0408/205456.545531:WARNING:gatt_utils.cc(837)] Call back not found for application conn_id=4
04-09 09:24:56.545  2734  2812 W bluetoothtbd: [0408/205456.545622:WARNING:gatt_utils.cc(837)] Call back not found for application conn_id=6
04-09 09:24:56.582  3077  3077 I cast_shell: [3080:3120:INFO:ble_setup.cc(322)] Record action: Setup.set_eureka_info.BLE.Locale
04-09 09:24:56.582  3077  3077 I cast_shell: [3080:3120:INFO:locale_manager.cc(576)] New locale: en-US
04-09 09:24:56.584  3077  3077 I cast_shell: [3080:3105:INFO:media_manager_impl.cc(383)] TurnActive result: 0
04-09 09:24:56.588  3077  3077 I cast_shell: [3080:3120:INFO:setup_state.cc(544)] EurekaInfoCalled: wifi_state=3, is_usable_ip_address=1, connected=0, is_initial_setup=1
04-09 09:24:56.588  3077  3077 I cast_shell: [3080:3120:INFO:setup_state.cc(261)] Setup state changed: SETUP_STATE_CHECKING_GLOBAL_CONNECTIVITY_BAD_ROUTER (52) -> SETUP_STATE_DISCONNECTED_EXTERNAL_CLIENT_ACCESSED (11)
04-09 09:24:56.590  2966  3155 I LibreCastControlDelegate: OnCastStatus() +++ Lyric Speaker Box 21f384:0xabdd3198:NOT_SETUP
04-09 09:24:56.590  2966  3155 I LibreCastControlDelegate: Device Build Number -> '1.52.272222'
04-09 09:24:56.590  2966  3155 I librecast: updateCastBuildVersion() Version 1.52.272222
04-09 09:24:56.591  2712  2719 I lucitransport: readRemoteMessage() MID char = 7 buffer = 1.52.272222
04-09 09:24:56.591  2966  3155 I LibreCastControlDelegate: Active Applications -> 0
04-09 09:24:56.591  2966  3155 I LibreCastControlDelegate: Current Cast State '2' -> 'NOT_SETUP'
04-09 09:24:56.591  2966  3155 I LibreCastControlDelegate: OnCastStatus() ---
04-09 09:24:56.592  2966  3155 I LibreCastControlDelegate: OnCastStatus() +++ Lyric Speaker Box 21f384:0xabdd3198:NOT_SETUP
04-09 09:24:56.638  2734  2765 D bt_btif_scanner: btif_gatts_upstreams_evt: Unhandled event (26)
04-09 09:24:56.689  3077  3077 I cast_shell: [3080:3120:INFO:metrics_recorder.cc(282)] Record action: Setup.version.BLE
04-09 09:24:56.703  3077  3077 I cast_shell: [3080:3088:ERROR:connectivity_checker_impl.cc(265)] Connectivity check failed: 400
04-09 09:24:56.786  3077  3077 I cast_shell: [3080:3120:INFO:metrics_recorder.cc(282)] Record action: Setup.name_utf8.BLE
04-09 09:24:57.093  2734  2765 D bt_btif_scanner: btif_gatts_upstreams_evt: Unhandled event (26)
04-09 09:24:57.094  3077  3077 I cast_shell: [3080:3120:INFO:metrics_recorder.cc(282)] Record action: Setup.tos_accepted.BLE
04-09 09:24:57.124  3077  3077 I cast_shell: [3080:3120:INFO:metrics_recorder.cc(282)] Record action: Setup.state.BLE
04-09 09:24:57.155  3077  3077 I cast_shell: [3080:3120:INFO:metrics_recorder.cc(282)] Record action: Setup.ip_address.BLE
04-09 09:24:57.214  3077  3077 I cast_shell: [3080:3120:INFO:metrics_recorder.cc(282)] Record action: Setup.eureka_info_immutable_basic.BLE
04-09 09:24:57.259  3077  3077 I cast_shell: [3080:3120:INFO:metrics_recorder.cc(282)] Record action: Setup.eureka_info_mutable_reads.BLE
04-09 09:24:57.289  3077  3077 I cast_shell: [3080:3120:INFO:metrics_recorder.cc(282)] Record action: Setup.eureak_info_keys.BLE
04-09 09:24:57.394  3077  3077 I cast_shell: [3080:3120:INFO:metrics_recorder.cc(282)] Record action: Setup.eureka_info_immutable_basic.BLE
04-09 09:24:57.424  3077  3077 I cast_shell: [3080:3120:INFO:metrics_recorder.cc(282)] Record action: Setup.eureak_info_keys.BLE
04-09 09:24:57.574  3077  3077 I chatty  : uid=1000(chrome) /bin/logwrapper identical 2 lines
04-09 09:24:57.649  3077  3077 I cast_shell: [3080:3120:INFO:metrics_recorder.cc(282)] Record action: Setup.eureak_info_keys.BLE
04-09 09:24:57.709  3077  3077 I cast_shell: [3080:3088:ERROR:connectivity_checker_impl.cc(265)] Connectivity check failed: 400
04-09 09:24:57.724  3077  3077 I cast_shell: [3080:3120:INFO:metrics_recorder.cc(282)] Record action: Setup.eureak_info_keys.BLE
04-09 09:24:57.799  3077  3077 I cast_shell: [3080:3120:INFO:metrics_recorder.cc(282)] Record action: Setup.eureak_info_keys.BLE
04-09 09:24:57.874  3077  3077 I cast_shell: [3080:3120:INFO:metrics_recorder.cc(282)] Record action: Setup.i8n_info.BLE
04-09 09:24:58.264  3077  3077 I chatty  : uid=1000(chrome) /bin/logwrapper identical 5 lines
04-09 09:24:58.339  3077  3077 I cast_shell: [3080:3120:INFO:metrics_recorder.cc(282)] Record action: Setup.i8n_info.BLE
04-09 09:24:58.384  3077  3077 I cast_shell: [3080:3120:INFO:ble_setup.cc(322)] Record action: Setup.set_eureka_info.BLE.CountryCode
04-09 09:24:58.384  3077  3077 I cast_shell: [3080:3120:INFO:locale_manager.cc(639)] New country code: IN
04-09 09:24:58.395  2711  2723 I yani_server: NetLink Event '-1' Interface-Index '5' WLAN '-1' Ethernet '-1' Parsed-iFill '-1' -> 'INVALID' ifIndex '1' -> 'lo'
04-09 09:24:58.398  2966  3155 I LibreCastControlDelegate: OnCastStatus() +++ Lyric Speaker Box 21f384:0xabdd3198:NOT_SETUP
04-09 09:24:58.398  2966  3155 I LibreCastControlDelegate: Device Build Number -> '1.52.272222'
04-09 09:24:58.398  2966  3155 I librecast: updateCastBuildVersion() Version 1.52.272222
04-09 09:24:58.398  2712  2719 I lucitransport: readRemoteMessage() MID char = 7 buffer = 1.52.272222
04-09 09:24:58.398  2966  3155 I LibreCastControlDelegate: Active Applications -> 0
04-09 09:24:58.398  2966  3155 I LibreCastControlDelegate: Current Cast State '2' -> 'NOT_SETUP'
04-09 09:24:58.398  2966  3155 I LibreCastControlDelegate: OnCastStatus() ---
04-09 09:24:59.112  2710  2710 I wpa_supplicant: wlan0: CTRL-EVENT-REGDOM-CHANGE init=USER type=COUNTRY alpha2=IN
04-09 09:24:59.113  2711  2723 I yani_server: NetLink Event '-1' Interface-Index '5' WLAN '0' Ethernet '-1' Parsed-iFill '-1' -> 'INVALID' ifIndex '1' -> 'lo'
04-09 09:24:59.115  3077  3077 I cast_shell: [3080:3088:ERROR:connectivity_checker_impl.cc(265)] Connectivity check failed: 400
04-09 09:24:59.434  3077  3077 I cast_shell: [3080:3120:INFO:ble_setup.cc(322)] Record action: Setup.scan_wifi.BLE
04-09 09:24:59.435  3077  3077 I cast_shell: [3080:3120:WARNING:wifi_controller_wpa_supplicant.cc(797)] Wpa responses FAIL-BUSY, assuming it is associating, which will keep scan_results fresh.
04-09 09:25:00.122  3077  3077 I cast_shell: [3080:3088:ERROR:connectivity_checker_impl.cc(265)] Connectivity check failed: 400
04-09 09:25:01.128  3077  3077 I cast_shell: [3080:3088:ERROR:connectivity_checker_impl.cc(265)] Connectivity check failed: 400
04-09 09:25:01.779  3077  3077 I cast_shell: [3080:3080:INFO:grpc_manager_impl.cc(505)] GRPC[uri=[::]:0]: num_pending_calls=0, num_active_handlers=0, num_free_handlers=0
04-09 09:25:01.779  3077  3077 I cast_shell: [3080:3080:INFO:grpc_manager_impl.cc(505)] GRPC[uri=]: num_pending_calls=0, num_active_handlers=0, num_free_handlers=0
04-09 09:25:01.807  3077  3077 I cast_shell: [3080:3080:INFO:grpc_manager_impl.cc(505)] GRPC[uri=unix:/tmp/hcp_ipc_auth.socket]: num_pending_calls=0, num_active_handlers=10, num_free_handlers=0
04-09 09:25:01.810  3077  3077 I cast_shell: [3080:3080:INFO:grpc_manager_impl.cc(505)] GRPC[uri=unix:/tmp/modular_updater/modular_update_service]: num_pending_calls=0, num_active_handlers=0, num_free_handlers=0
04-09 09:25:01.829  3077  3077 I cast_shell: [3080:3080:INFO:metrics_recorder.cc(112)] Metrics stat: total=11
04-09 09:25:01.829  3077  3077 I cast_shell: Cast.Discovery.Mdns.ResponderPing=1
04-09 09:25:01.829  3077  3077 I cast_shell: Cast.Discovery.Mdns.SocketPing=2
04-09 09:25:01.829  3077  3077 I cast_shell: Setup.eureak_info_keys.BLE=7
04-09 09:25:01.829  3077  3077 I cast_shell: Setup.eureka_info_immutable_basic.BLE=2
04-09 09:25:01.829  3077  3077 I cast_shell: Setup.eureka_info_mutable_reads.BLE=1
04-09 09:25:01.829  3077  3077 I cast_shell: Setup.i8n_info.BLE=7
04-09 09:25:01.829  3077  3077 I cast_shell: Setup.ip_address.BLE=1
04-09 09:25:01.829  3077  3077 I cast_shell: Setup.name_utf8.BLE=1
04-09 09:25:01.829  3077  3077 I cast_shell: Setup.state.BLE=1
04-09 09:25:01.829  3077  3077 I cast_shell: Setup.tos_accepted.BLE=1
04-09 09:25:01.955  3077  3077 I cast_shell: [3080:3080:INFO:grpc_manager_impl.cc(505)] GRPC[uri=[::]:8012]: num_pending_calls=0, num_active_handlers=1, num_free_handlers=0
04-09 09:25:01.971  3077  3077 I cast_shell: [3080:3120:INFO:wifi_proximity.cc(177)] Request scan.
04-09 09:25:02.135  3077  3077 I cast_shell: [3080:3088:ERROR:connectivity_checker_impl.cc(265)] Connectivity check failed: 400
04-09 09:25:03.141  3077  3077 I cast_shell: [3080:3088:ERROR:connectivity_checker_impl.cc(265)] Connectivity check failed: 400
04-09 09:25:03.470  3077  3077 I cast_shell: [3080:3120:INFO:ble_setup.cc(322)] Record action: Setup.scan_wifi.BLE
04-09 09:25:03.470  3077  3077 I cast_shell: [3080:3120:WARNING:wifi_controller_wpa_supplicant.cc(797)] Wpa responses FAIL-BUSY, assuming it is associating, which will keep scan_results fresh.
04-09 09:25:03.619  2711  2723 I yani_server: NetLink Event '-1' Interface-Index '5' WLAN '0' Ethernet '-1' Parsed-iFill '-1' -> 'INVALID' ifIndex '1' -> 'lo'
04-09 09:25:03.620  2965  2975 D wac-main: Netlink event
04-09 09:25:03.620  2965  2975 E wac-main: Netlink event 16 Interface Index 5 
04-09 09:25:03.621  2965  2975 E wac-main: Enter poll and wait
04-09 09:25:03.621  2965  2975 D wac-main: Netlink event
04-09 09:25:03.621  2965  2975 E wac-main: Netlink event 16 Interface Index 5 
04-09 09:25:03.621  2965  2975 E wac-main: Enter poll and wait
04-09 09:25:03.628  2711  2723 I yani_server: NetLink Event '-1' Interface-Index '5' WLAN '0' Ethernet '-1' Parsed-iFill '-1' -> 'INVALID' ifIndex '1' -> 'lo'
04-09 09:25:03.635  2711  2723 I chatty  : uid=0(root) YaniServer identical 3 lines
04-09 09:25:03.637  2711  2723 I yani_server: NetLink Event '-1' Interface-Index '5' WLAN '0' Ethernet '-1' Parsed-iFill '-1' -> 'INVALID' ifIndex '1' -> 'lo'
04-09 09:25:03.638  2966  3155 I LibreCastControlDelegate: OnCastStatus() +++ Lyric Speaker Box 21f384:0xabdd3198:NOT_SETUP
04-09 09:25:03.638  2966  3155 I LibreCastControlDelegate: Device Build Number -> '1.52.272222'
04-09 09:25:03.638  2966  3155 I librecast: updateCastBuildVersion() Version 1.52.272222
04-09 09:25:03.638  2712  2719 I lucitransport: readRemoteMessage() MID char = 7 buffer = 1.52.272222
04-09 09:25:03.639  2966  3155 I LibreCastControlDelegate: Active Applications -> 0
04-09 09:25:03.639  2966  3155 I LibreCastControlDelegate: Current Cast State '2' -> 'NOT_SETUP'
04-09 09:25:03.639  2966  3155 I LibreCastControlDelegate: OnCastStatus() ---
04-09 09:25:03.639  2711  2723 I yani_server: NetLink Event '-1' Interface-Index '5' WLAN '0' Ethernet '-1' Parsed-iFill '-1' -> 'INVALID' ifIndex '1' -> 'lo'
04-09 09:25:03.639  2711  2723 I yani_kernel: yani_geteventfrom_changeaddr() Message-Id '1' Netlink event '16' Interface Index '5' -> Name 'wlan0' 
04-09 09:25:03.641  2711  2723 I yani_kernel: yani_geteventfrom_changeaddr() Message-Id '1' Netlink event '16' Interface Index '5' -> Name 'wlan0' 
04-09 09:25:04.148  3077  3077 I cast_shell: [3080:3088:ERROR:connectivity_checker_impl.cc(265)] Connectivity check failed: 400
04-09 09:25:06.160  3077  3077 I chatty  : uid=1000(chrome) /bin/logwrapper identical 2 lines
04-09 09:25:07.167  3077  3077 I cast_shell: [3080:3088:ERROR:connectivity_checker_impl.cc(265)] Connectivity check failed: 400
04-09 09:25:07.533  3077  3077 I cast_shell: [3080:3120:INFO:metrics_recorder.cc(282)] Record action: Setup.scan_results.BLE
04-09 09:25:07.608  3077  3077 I cast_shell: [3080:3120:INFO:metrics_recorder.cc(282)] Record action: Setup.scan_results.BLE
04-09 09:25:08.174  3077  3077 I cast_shell: [3080:3088:ERROR:connectivity_checker_impl.cc(265)] Connectivity check failed: 400
04-09 09:25:09.180  3077  3077 I cast_shell: [3080:3088:ERROR:connectivity_checker_impl.cc(265)] Connectivity check failed: 400
04-09 09:25:09.769  3077  3077 I cast_shell: [3080:3120:INFO:ble_setup.cc(322)] Record action: Setup.play_sound.BLE
04-09 09:25:09.773  3077  3077 I cast_shell: [3080:3099:INFO:synchronized_sound_player.cc(362)] Playing sound key 2
04-09 09:25:09.825  3077  3077 I cast_shell: [3080:3099:INFO:audio_decoder_software_wrapper.cc(86)] Using backend decoder for PCM
04-09 09:25:09.825  3077  3077 I cast_shell: [3080:3104:INFO:mixer_input_connection.cc(208)] Create 0xf555f040 (no_delay), content type: media, focus type: media, fill size: 512, algorithm fill size: 221, channel count: 1, input sample rate: 44100, start threshold: 3087, max queue size: 8820, socket: 0xf2529300
04-09 09:25:09.825  3077  3077 I cast_shell: [3080:3103:INFO:mixer_output_stream_alsa.cc(428)] ALSA buffer = 4096, period = 512
04-09 09:25:09.825  3077  3077 I cast_shell: [3080:3102:INFO:stream_mixer.cc(604)] Input source channel count = 1
04-09 09:25:09.825  3077  3077 I cast_shell: [3080:3102:INFO:stream_mixer.cc(607)] Dynamic channel count not enabled; using stereo
04-09 09:25:09.825  3077  3077 I cast_shell: [3080:3102:INFO:stream_mixer.cc(604)] Input source channel count = 1
04-09 09:25:09.825  3077  3077 I cast_shell: [3080:3102:INFO:stream_mixer.cc(607)] Dynamic channel count not enabled; using stereo
04-09 09:25:09.825  3077  3077 I cast_shell: [3080:3102:INFO:stream_mixer.cc(416)] Start with 0 active inputs
04-09 09:25:09.829  3077  3077 I cast_shell: [3080:3120:INFO:ble_setup.cc(322)] Record action: Setup.play_sound.BLE
04-09 09:25:09.830  3077  3077 I cast_shell: [3080:3103:INFO:mixer_output_stream_alsa.cc(171)] snd_pcm_open: handle=0xf411e390
04-09 09:25:09.831  3077  3077 I cast_shell: [3080:3099:INFO:synchronized_sound_player.cc(362)] Playing sound key 0
04-09 09:25:09.831  3077  3077 I cast_shell: [3080:3104:INFO:mixer_input_connection.cc(386)] Remove 0xf555f040
04-09 09:25:09.836  3077  3077 I cast_shell: [3080:3103:WARNING:mixer_output_stream_alsa.cc(341)] Requested sample rate (44100 Hz) does not match the actual sample rate (48000 Hz). This may lead to lower audio quality.
04-09 09:25:09.836  3077  3077 I cast_shell: [3080:3103:INFO:mixer_output_stream_alsa.cc(346)] Sample rate changed from 0 to 48000
04-09 09:25:09.837  3077  3077 I cast_shell: [3080:3103:WARNING:mixer_output_stream_alsa.cc(379)] Requested period size (512 frames) does not match the actual period size (1024 frames). This may lead to an increase in CPU usage or an increase in audio latency.
04-09 09:25:09.839  3077  3077 I cast_shell: [3080:3102:INFO:stream_mixer.cc(466)] Output 2 channels at 48000 samples per second
04-09 09:25:09.839  3077  3077 I cast_shell: [3080:3103:INFO:filter_group.cc(340)] : 2ch@48000hz -> [GROUP]mix -> 2ch@48000hz
04-09 09:25:09.839  3077  3077 I cast_shell: [3080:3103:INFO:filter_group.cc(340)] [GROUP]mix: 2ch@48000hz -> [GROUP]linearize -> 2ch@48000hz
04-09 09:25:09.839  3077  3077 I cast_shell: [3080:3102:INFO:stream_mixer.cc(484)] Using 2 loopback channels
04-09 09:25:09.840  3077  3077 I cast_shell: [3080:3102:INFO:stream_mixer.cc(640)] Add input 0xf555f044 to mix @ 48000 samples per second. Is primary source? = 0
04-09 09:25:09.845  3077  3077 I cast_shell: [3080:3102:INFO:mixer_input.cc(361)] no_delay(0xf555f044): set volume limits to [0, 1]
04-09 09:25:09.845  3077  3077 I cast_shell: [3080:3102:INFO:mixer_input.cc(121)] Remixing channels for 0xf555f044 from 1 to 2
04-09 09:25:09.847  3077  3077 I cast_shell: [3080:3104:INFO:mixer_input_connection.cc(243)] Delete 0xf555f040
04-09 09:25:09.847  3077  3077 I cast_shell: [3080:3088:INFO:loopback_audio_input.cc(194)] [REALIGN] loopback interrupted; reason = 4
04-09 09:25:09.848  3077  3077 I cast_shell: [3080:3080:INFO:cast_receiver_mojo.cc(844)] cast event : Cast.Platform.Audio.OutputInterrupted
04-09 09:25:09.848  3077  3077 I cast_shell: [3080:3102:INFO:mixer_input.cc(346)] no_delay(0xf555f044): type volume = 1, effective multiplier = 1
04-09 09:25:09.848  3077  3077 I cast_shell: [3080:3102:INFO:mixer_input.cc(395)] no_delay(0xf555f044): mute volume = 1, effective multiplier = 1
04-09 09:25:09.848  3077  3077 I cast_shell: [3080:3102:INFO:stream_mixer.cc(683)] Remove input 0xf555f044
04-09 09:25:09.848  3077  3077 I chatty  : uid=1000(chrome) /bin/logwrapper identical 2 lines
04-09 09:25:09.848  3077  3077 I cast_shell: [3080:3102:INFO:stream_mixer.cc(683)] Remove input 0xf555f044
04-09 09:25:09.848  3077  3077 I cast_shell: [3080:3102:INFO:stream_mixer.cc(774)] Close timeout
04-09 09:25:09.848  3077  3077 I cast_shell: [3080:3102:INFO:stream_mixer.cc(541)] Stop
04-09 09:25:09.854  3077  3077 I cast_shell: [3080:3099:INFO:audio_decoder_software_wrapper.cc(86)] Using backend decoder for PCM
04-09 09:25:09.854  3077  3077 I cast_shell: [3080:3104:INFO:mixer_input_connection.cc(208)] Create 0xf555f040 (no_delay), content type: media, focus type: media, fill size: 512, algorithm fill size: 240, channel count: 2, input sample rate: 48000, start threshold: 3360, max queue size: 9600, socket: 0xf251f930
04-09 09:25:09.894  3077  3077 I cast_shell: [3080:3103:INFO:mixer_output_stream_alsa.cc(293)] snd_pcm_close: handle=0xf411e390
04-09 09:25:09.909  3077  3077 I cast_shell: [3080:3102:INFO:stream_mixer.cc(604)] Input source channel count = 2
04-09 09:25:09.909  3077  3077 I cast_shell: [3080:3102:INFO:stream_mixer.cc(607)] Dynamic channel count not enabled; using stereo
04-09 09:25:09.909  3077  3077 I cast_shell: [3080:3102:INFO:stream_mixer.cc(604)] Input source channel count = 2
04-09 09:25:09.909  3077  3077 I cast_shell: [3080:3102:INFO:stream_mixer.cc(607)] Dynamic channel count not enabled; using stereo
04-09 09:25:09.909  3077  3077 I cast_shell: [3080:3102:INFO:stream_mixer.cc(416)] Start with 0 active inputs
04-09 09:25:09.909  3077  3077 I cast_shell: [3080:3103:INFO:mixer_output_stream_alsa.cc(171)] snd_pcm_open: handle=0xf410dcf0
04-09 09:25:09.909  3077  3077 I cast_shell: [3080:3103:INFO:mixer_output_stream_alsa.cc(346)] Sample rate changed from 48000 to 48000
04-09 09:25:09.910  3077  3077 I cast_shell: [3080:3103:INFO:filter_group.cc(340)] : 2ch@48000hz -> [GROUP]mix -> 2ch@48000hz
04-09 09:25:09.910  3077  3077 I cast_shell: [3080:3103:INFO:filter_group.cc(340)] [GROUP]mix: 2ch@48000hz -> [GROUP]linearize -> 2ch@48000hz
04-09 09:25:09.910  3077  3077 I cast_shell: [3080:3102:INFO:stream_mixer.cc(466)] Output 2 channels at 48000 samples per second
04-09 09:25:10.187  3077  3077 I cast_shell: [3080:3088:ERROR:connectivity_checker_impl.cc(265)] Connectivity check failed: 400
04-09 09:25:11.193  3077  3077 I cast_shell: [3080:3088:ERROR:connectivity_checker_impl.cc(265)] Connectivity check failed: 400
04-09 09:25:11.496  3077  3077 I cast_shell: [3080:3102:INFO:mixer_input_connection.cc(589)] End of stream for 0xf555f040
04-09 09:25:11.688  3077  3077 I cast_shell: [3080:3099:INFO:synchronized_sound_player.cc(496)] Finished playing sound
04-09 09:25:11.688  3077  3077 I cast_shell: [3080:3104:INFO:mixer_input_connection.cc(386)] Remove 0xf555f040
04-09 09:25:11.752  3077  3077 I cast_shell: [3080:3104:INFO:mixer_input_connection.cc(243)] Delete 0xf555f040
04-09 09:25:11.752  3077  3077 I cast_shell: [3080:3102:INFO:stream_mixer.cc(683)] Remove input 0xf555f044
04-09 09:25:11.752  3077  3077 I cast_shell: [3080:3102:INFO:stream_mixer.cc(774)] Close timeout
04-09 09:25:11.752  3077  3077 I cast_shell: [3080:3102:INFO:stream_mixer.cc(541)] Stop
04-09 09:25:11.753  3077  3077 I cast_shell: [3080:3088:INFO:loopback_audio_input.cc(194)] [REALIGN] loopback interrupted; reason = 4
04-09 09:25:11.753  3077  3077 I cast_shell: [3080:3080:INFO:cast_receiver_mojo.cc(844)] cast event : Cast.Platform.Audio.OutputInterrupted
04-09 09:25:11.837  3077  3077 I cast_shell: [3080:3103:INFO:mixer_output_stream_alsa.cc(293)] snd_pcm_close: handle=0xf410dcf0
04-09 09:25:12.199  3077  3077 I cast_shell: [3080:3088:ERROR:connectivity_checker_impl.cc(265)] Connectivity check failed: 400
04-09 09:25:21.260  3077  3077 I chatty  : uid=1000(chrome) /bin/logwrapper identical 9 lines
04-09 09:25:22.266  3077  3077 I cast_shell: [3080:3088:ERROR:connectivity_checker_impl.cc(265)] Connectivity check failed: 400
04-09 09:25:22.829  3077  3077 I cast_shell: [3080:3120:INFO:ble_setup.cc(322)] Record action: Setup.connect_wifi.BLE
04-09 09:25:22.836  3077  3077 I cast_shell: [3080:3120:INFO:setup_manager_impl.cc(1965)] New value: pref=tos-accepted, value=1
04-09 09:25:22.836  3077  3077 I cast_shell: [3080:3120:INFO:api_connect_wifi.cc(86)] connect_wifi Auth: 7
04-09 09:25:22.836  3077  3077 I cast_shell: [3080:3120:INFO:api_connect_wifi.cc(90)] connect_wifi Cipher: 4
04-09 09:25:22.836  3077  3077 I cast_shell: [3080:3080:INFO:bluetooth_setup.cc(686)] Disabling connectability: no bonded devices.
04-09 09:25:22.836  3077  3077 I cast_shell: [3080:3080:INFO:cast_receiver_impl.cc(1100)] Leaving discovery-only mode
04-09 09:25:22.836  3077  3077 I cast_shell: [3080:3080:INFO:application_config_manager_impl.cc(566)] Enabling virtual device 7a8440b9-ce1d-35a2-e355-5db6072ea8ff
04-09 09:25:22.837  3077  3077 I cast_shell: [3080:3130:INFO:mdns_cast_service.cc(351)] Device discovery state is idle
04-09 09:25:22.837  3077  3077 I cast_shell: [3080:3130:INFO:mdns_util.cc(102)] Defaulting mDNS capabilities for audio-only build
04-09 09:25:22.851  3077  3077 I cast_shell: [3080:3120:INFO:wifi_controller_wpa_supplicant.cc(1188)] strongest_snr=22 wifi_interface_index=0
04-09 09:25:22.868  2734  2765 I bluetoothtbd: [0408/205522.868765:INFO:adapter.cc(551)] Adapter properties changed
04-09 09:25:22.869  3077  3077 I cast_shell: [3080:3120:INFO:api_connect_wifi.cc(159)] [PII] Configuring wifi: ssid=Linksys16717_2G, auth=7, pairwise=4, id=0"
04-09 09:25:22.869  3077  3077 I cast_shell: [3080:3120:INFO:api_connect_wifi.cc(162)] Configuring wifi: otg =0, tethering_mode =0, wifi_auto_save_enabled=0
04-09 09:25:22.869  3077  3077 I cast_shell: [3080:3120:INFO:local_network_info_impl.cc(276)] CONNECTIVITY_ID changed:
04-09 09:25:22.869  3077  3077 I cast_shell: [3080:3120:INFO:setup_state.cc(261)] Setup state changed: SETUP_STATE_DISCONNECTED_EXTERNAL_CLIENT_ACCESSED (11) -> SETUP_STATE_SCANNING (20)
04-09 09:25:22.869  3077  3077 I cast_shell: [3080:3080:INFO:ccs_manager_impl.cc(1799)] Connectivity ID has changed; Will re-register CCS
04-09 09:25:22.869  3077  3077 I cast_shell: [3080:3080:INFO:ccs_manager_impl.cc(851)] Network connectivity down for CcsManager
04-09 09:25:22.869  3077  3077 I cast_shell: [3080:3120:INFO:bluetooth_manager.cc(115)] Record action: Cast.Bluetooth.DiscoveryMode.Disable
04-09 09:25:22.870  2711  2723 I yani_server: NetLink Event '-1' Interface-Index '5' WLAN '-1' Ethernet '-1' Parsed-iFill '-1' -> 'INVALID' ifIndex '1' -> 'lo'
04-09 09:25:22.878  3077  3077 I cast_shell: [3080:3120:INFO:setup_state.cc(261)] Setup state changed: SETUP_STATE_SCANNING (20) -> SETUP_STATE_CHECKING_GLOBAL_CONNECTIVITY (50)
04-09 09:25:22.883  2966  3155 I LibreCastControlDelegate: OnCastStatus() +++ Lyric Speaker Box 21f384:0xabdd3198:OFFLINE
04-09 09:25:22.883  2966  3155 I LibreCastControlDelegate: Device Build Number -> '1.52.272222'
04-09 09:25:22.883  2966  3155 I librecast: updateCastBuildVersion() Version 1.52.272222
04-09 09:25:22.883  2712  2719 I lucitransport: readRemoteMessage() MID char = 7 buffer = 1.52.272222
04-09 09:25:22.883  2966  3155 I LibreCastControlDelegate: Active Applications -> 0
04-09 09:25:22.883  2966  3155 I LibreCastControlDelegate: Current Cast State '3' -> 'OFFLINE'
04-09 09:25:22.883  2966  3155 I LibreCastControlDelegate: OnCastStatus() ---
04-09 09:25:22.885  2966  3155 I LibreCastControlDelegate: OnCastStatus() +++ Lyric Speaker Box 21f384:0xabdd3198:OFFLINE
04-09 09:25:22.885  2966  3155 I LibreCastControlDelegate: Device Build Number -> '1.52.272222'
04-09 09:25:22.885  2966  3155 I librecast: updateCastBuildVersion() Version 1.52.272222
04-09 09:25:22.886  2712  2719 I lucitransport: readRemoteMessage() MID char = 7 buffer = 1.52.272222
04-09 09:25:22.886  2966  3155 I LibreCastControlDelegate: Active Applications -> 0
04-09 09:25:22.886  2966  3155 I LibreCastControlDelegate: Current Cast State '3' -> 'OFFLINE'
04-09 09:25:22.886  2966  3155 I LibreCastControlDelegate: OnCastStatus() ---
04-09 09:25:22.887  2966  3155 I LibreCastControlDelegate: OnCastStatus() +++ Lyric Speaker Box 21f384:0xabdd3198:OFFLINE
04-09 09:25:22.887  2966  3155 I LibreCastControlDelegate: Device Build Number -> '1.52.272222'
04-09 09:25:22.887  2966  3155 I librecast: updateCastBuildVersion() Version 1.52.272222
04-09 09:25:22.887  2712  2719 I lucitransport: readRemoteMessage() MID char = 7 buffer = 1.52.272222
04-09 09:25:22.887  2966  3155 I LibreCastControlDelegate: Active Applications -> 0
04-09 09:25:22.887  2966  3155 I LibreCastControlDelegate: Current Cast State '3' -> 'OFFLINE'
04-09 09:25:22.887  2966  3155 I LibreCastControlDelegate: OnCastStatus() ---
04-09 09:25:23.272  3077  3077 I cast_shell: [3080:3088:ERROR:connectivity_checker_impl.cc(265)] Connectivity check failed: 400
04-09 09:25:23.402  3077  3077 I cast_shell: [3080:3120:INFO:metrics_recorder.cc(282)] Record action: Setup.version.BLE
04-09 09:25:23.433  3077  3077 I cast_shell: [3080:3120:INFO:metrics_recorder.cc(282)] Record action: Setup.tos_accepted.BLE
04-09 09:25:23.462  3077  3077 I cast_shell: [3080:3120:INFO:metrics_recorder.cc(282)] Record action: Setup.state.BLE
04-09 09:25:23.493  3077  3077 I cast_shell: [3080:3120:INFO:metrics_recorder.cc(282)] Record action: Setup.ip_address.BLE
04-09 09:25:23.843  3077  3077 I cast_shell: [3080:3080:INFO:grpc_service_discovery_impl.cc(185)] Mdns discovered google RPC for [PII](07080DC0C57D73C7A5E535E1F1C1BDF3).
04-09 09:25:24.062  3077  3077 I cast_shell: [3080:3120:INFO:metrics_recorder.cc(282)] Record action: Setup.version.BLE
04-09 09:25:24.093  3077  3077 I cast_shell: [3080:3120:INFO:metrics_recorder.cc(282)] Record action: Setup.tos_accepted.BLE
04-09 09:25:24.122  3077  3077 I cast_shell: [3080:3120:INFO:metrics_recorder.cc(282)] Record action: Setup.state.BLE
04-09 09:25:24.168  3077  3077 I cast_shell: [3080:3120:INFO:metrics_recorder.cc(282)] Record action: Setup.ip_address.BLE
04-09 09:25:24.279  3077  3077 I cast_shell: [3080:3088:ERROR:connectivity_checker_impl.cc(265)] Connectivity check failed: 400
04-09 09:25:24.707  3077  3077 I cast_shell: [3080:3120:INFO:metrics_recorder.cc(282)] Record action: Setup.version.BLE
04-09 09:25:24.738  3077  3077 I cast_shell: [3080:3120:INFO:metrics_recorder.cc(282)] Record action: Setup.tos_accepted.BLE
04-09 09:25:24.767  3077  3077 I cast_shell: [3080:3120:INFO:metrics_recorder.cc(282)] Record action: Setup.state.BLE
04-09 09:25:24.798  3077  3077 I cast_shell: [3080:3120:INFO:metrics_recorder.cc(282)] Record action: Setup.ip_address.BLE
04-09 09:25:24.845  3077  3077 I cast_shell: [3080:3130:INFO:mdns_app_filter.cc(1526)] MdnsAppFilter: Done announcing.
04-09 09:25:25.286  3077  3077 I cast_shell: [3080:3088:ERROR:connectivity_checker_impl.cc(265)] Connectivity check failed: 400
04-09 09:25:25.338  3077  3077 I cast_shell: [3080:3120:INFO:metrics_recorder.cc(282)] Record action: Setup.version.BLE
04-09 09:25:25.368  3077  3077 I cast_shell: [3080:3120:INFO:metrics_recorder.cc(282)] Record action: Setup.tos_accepted.BLE
04-09 09:25:25.398  3077  3077 I cast_shell: [3080:3120:INFO:metrics_recorder.cc(282)] Record action: Setup.state.BLE
04-09 09:25:25.428  3077  3077 I cast_shell: [3080:3120:INFO:metrics_recorder.cc(282)] Record action: Setup.ip_address.BLE
04-09 09:25:25.967  3077  3077 I cast_shell: [3080:3120:INFO:metrics_recorder.cc(282)] Record action: Setup.version.BLE
04-09 09:25:26.012  3077  3077 I cast_shell: [3080:3120:INFO:metrics_recorder.cc(282)] Record action: Setup.tos_accepted.BLE
04-09 09:25:26.041  3077  3077 I cast_shell: [3080:3120:INFO:metrics_recorder.cc(282)] Record action: Setup.state.BLE
04-09 09:25:26.072  3077  3077 I cast_shell: [3080:3120:INFO:metrics_recorder.cc(282)] Record action: Setup.ip_address.BLE
04-09 09:25:26.293  3077  3077 I cast_shell: [3080:3088:ERROR:connectivity_checker_impl.cc(265)] Connectivity check failed: 400
04-09 09:25:26.346  2965  2975 D wac-main: Netlink event
04-09 09:25:26.346  2965  2975 E wac-main: Netlink event 16 Interface Index 5 
04-09 09:25:26.346  2965  2975 E wac-main: Enter poll and wait
04-09 09:25:26.347  2711  2723 I yani_kernel: yani_geteventfrom_changeaddr() Message-Id '1' Netlink event '16' Interface Index '5' -> Name 'wlan0' 
04-09 09:25:26.349  2710  2710 I wpa_supplicant: wlan0: Selected BSS :ef (level:-51 noise:-65 frequency:2427)
04-09 09:25:26.351  2710  2710 I wpa_supplicant: wlan0: SME: Trying to authenticate with c8:b3:73:44:ae:ef (SSID='Linksys16717_2G' freq=2427 MHz)
04-09 09:25:26.356  2711  2723 I yani_server: NetLink Event '-1' Interface-Index '5' WLAN '-1' Ethernet '-1' Parsed-iFill '-1' -> 'INVALID' ifIndex '1' -> 'lo'
04-09 09:25:26.357  2711  2723 I yani_server: NetLink Event '-1' Interface-Index '5' WLAN '0' Ethernet '-1' Parsed-iFill '-1' -> 'INVALID' ifIndex '1' -> 'lo'
04-09 09:25:26.357  2711  2723 I yani_server: NetLink Event '-1' Interface-Index '5' WLAN '0' Ethernet '-1' Parsed-iFill '-1' -> 'INVALID' ifIndex '1' -> 'lo'
04-09 09:25:26.359  2965  2975 D wac-main: Netlink event
04-09 09:25:26.359  2965  2975 E wac-main: Netlink event 16 Interface Index 5 
04-09 09:25:26.359  2965  2975 E wac-main: Enter poll and wait
04-09 09:25:26.367  2711  2723 I yani_server: NetLink Event '-1' Interface-Index '5' WLAN '0' Ethernet '-1' Parsed-iFill '-1' -> 'INVALID' ifIndex '1' -> 'lo'
04-09 09:25:26.368  2710  2710 I wpa_supplicant: wlan0: Trying to associate with c8:b3:73:44:ae:ef (SSID='Linksys16717_2G' freq=2427 MHz)
