04-09 10:23:22.526  3081  3081 I cast_shell: [3084:3124:INFO:metrics_recorder.cc(282)] Record action: Setup.version.BLE
04-09 10:23:22.556  3081  3081 I cast_shell: [3084:3124:INFO:metrics_recorder.cc(282)] Record action: Setup.tos_accepted.BLE
04-09 10:23:22.585  3081  3081 I cast_shell: [3084:3124:INFO:metrics_recorder.cc(282)] Record action: Setup.state.BLE
04-09 10:23:22.615  3081  3081 I cast_shell: [3084:3124:INFO:metrics_recorder.cc(282)] Record action: Setup.ip_address.BLE
04-09 10:23:22.996  3081  3081 I cast_shell: [3084:3084:INFO:grpc_service_discovery_impl.cc(185)] Mdns discovered google RPC for [PII](748CE0D67B38F435A32B07F869260CA6).
04-09 10:23:23.128  3081  3081 I cast_shell: [3084:3092:ERROR:connectivity_checker_impl.cc(265)] Connectivity check failed: 400
04-09 10:23:23.155  3081  3081 I cast_shell: [3084:3124:INFO:metrics_recorder.cc(282)] Record action: Setup.version.BLE
04-09 10:23:23.186  3081  3081 I cast_shell: [3084:3124:INFO:metrics_recorder.cc(282)] Record action: Setup.tos_accepted.BLE
04-09 10:23:23.215  3081  3081 I cast_shell: [3084:3124:INFO:metrics_recorder.cc(282)] Record action: Setup.state.BLE
04-09 10:23:23.246  3081  3081 I cast_shell: [3084:3124:INFO:metrics_recorder.cc(282)] Record action: Setup.ip_address.BLE
04-09 10:23:23.785  3081  3081 I cast_shell: [3084:3124:INFO:metrics_recorder.cc(282)] Record action: Setup.version.BLE
04-09 10:23:23.815  3081  3081 I cast_shell: [3084:3124:INFO:metrics_recorder.cc(282)] Record action: Setup.tos_accepted.BLE
04-09 10:23:23.845  3081  3081 I cast_shell: [3084:3124:INFO:metrics_recorder.cc(282)] Record action: Setup.state.BLE
04-09 10:23:23.875  3081  3081 I cast_shell: [3084:3124:INFO:metrics_recorder.cc(282)] Record action: Setup.ip_address.BLE
04-09 10:23:23.999  3081  3081 I cast_shell: [3084:3134:INFO:mdns_app_filter.cc(1526)] MdnsAppFilter: Done announcing.
04-09 10:23:24.135  3081  3081 I cast_shell: [3084:3092:ERROR:connectivity_checker_impl.cc(265)] Connectivity check failed: 400
04-09 10:23:24.416  3081  3081 I cast_shell: [3084:3124:INFO:metrics_recorder.cc(282)] Record action: Setup.version.BLE
04-09 10:23:24.446  3081  3081 I cast_shell: [3084:3124:INFO:metrics_recorder.cc(282)] Record action: Setup.tos_accepted.BLE
04-09 10:23:24.476  3081  3081 I cast_shell: [3084:3124:INFO:metrics_recorder.cc(282)] Record action: Setup.state.BLE
04-09 10:23:24.521  3081  3081 I cast_shell: [3084:3124:INFO:metrics_recorder.cc(282)] Record action: Setup.ip_address.BLE
04-09 10:23:25.061  3081  3081 I cast_shell: [3084:3124:INFO:metrics_recorder.cc(282)] Record action: Setup.version.BLE
04-09 10:23:25.120  3081  3081 I cast_shell: [3084:3124:INFO:metrics_recorder.cc(282)] Record action: Setup.tos_accepted.BLE
04-09 10:23:25.141  3081  3081 I cast_shell: [3084:3092:ERROR:connectivity_checker_impl.cc(265)] Connectivity check failed: 400
04-09 10:23:25.150  3081  3081 I cast_shell: [3084:3124:INFO:metrics_recorder.cc(282)] Record action: Setup.state.BLE
04-09 10:23:25.181  3081  3081 I cast_shell: [3084:3124:INFO:metrics_recorder.cc(282)] Record action: Setup.ip_address.BLE
04-09 10:23:25.371  2964  2974 D wac-main: Netlink event
04-09 10:23:25.371  2964  2974 E wac-main: Netlink event 16 Interface Index 5 
04-09 10:23:25.371  2964  2974 E wac-main: Enter poll and wait
04-09 10:23:25.371  2711  2723 I yani_kernel: yani_geteventfrom_changeaddr() Message-Id '1' Netlink event '16' Interface Index '5' -> Name 'wlan0' 
04-09 10:23:25.374  2710  2710 I wpa_supplicant: wlan0: Selected BSS :ef (level:-45 noise:-60 frequency:2427)
04-09 10:23:25.376  2710  2710 I wpa_supplicant: wlan0: SME: Trying to authenticate with c8:b3:73:44:ae:ef (SSID='Linksys16717_2G' freq=2427 MHz)
04-09 10:23:25.382  2964  2974 D wac-main: Netlink event
04-09 10:23:25.382  2964  2974 E wac-main: Netlink event 16 Interface Index 5 
04-09 10:23:25.382  2964  2974 E wac-main: Enter poll and wait
04-09 10:23:25.384  2711  2723 I yani_server: NetLink Event '-1' Interface-Index '5' WLAN '-1' Ethernet '-1' Parsed-iFill '-1' -> 'INVALID' ifIndex '1' -> 'lo'
04-09 10:23:25.384  2711  2723 I yani_server: NetLink Event '-1' Interface-Index '5' WLAN '0' Ethernet '-1' Parsed-iFill '-1' -> 'INVALID' ifIndex '1' -> 'lo'
04-09 10:23:25.400  2710  2710 I wpa_supplicant: wlan0: Trying to associate with c8:b3:73:44:ae:ef (SSID='Linksys16717_2G' freq=2427 MHz)
04-09 10:23:25.406  2711  2723 I chatty  : uid=0(root) YaniServer identical 16 lines
04-09 10:23:25.407  2711  2723 I yani_server: NetLink Event '-1' Interface-Index '5' WLAN '0' Ethernet '-1' Parsed-iFill '-1' -> 'INVALID' ifIndex '1' -> 'lo'
04-09 10:23:25.407  2711  2723 I yani_kernel: yani_geteventfrom_changeaddr() Message-Id '1' Netlink event '16' Interface Index '5' -> Name 'wlan0' 
04-09 10:23:25.428  3162  3162 I hostapd : p2p0: IEEE 802.11 driver had channel switch: freq=2427, ht=1, vht_ch=0x0, offset=0, width=1 (20 MHz), cf1=2427, cf2=0
04-09 10:23:25.463  3049  3049 I hostapd : p2p1: IEEE 802.11 driver had channel switch: freq=2427, ht=1, vht_ch=0x0, offset=0, width=1 (20 MHz), cf1=2427, cf2=0
04-09 10:23:25.465  2710  2710 I wpa_supplicant: wlan0: Associated with c8:b3:73:44:ae:ef
04-09 10:23:25.465  2710  2710 I wpa_supplicant: wlan0: CTRL-EVENT-SUBNET-STATUS-UPDATE status=0
04-09 10:23:25.465  2964  2974 D wac-main: Netlink event
04-09 10:23:25.465  2964  2974 E wac-main: Netlink event 16 Interface Index 5 
04-09 10:23:25.465  2964  2974 E wac-main: Enter poll and wait
04-09 10:23:25.465  2964  2974 D wac-main: Netlink event
04-09 10:23:25.465  2964  2974 E wac-main: Netlink event 16 Interface Index 5 
04-09 10:23:25.465  2964  2974 E wac-main: Enter poll and wait
04-09 10:23:25.465  2964  2974 D wac-main: Netlink event
04-09 10:23:25.465  2964  2974 E wac-main: Netlink event 16 Interface Index 5 
04-09 10:23:25.467  2964  2974 E wac-main: Netlink event 16 Interface Index 5 
04-09 10:23:25.467  2964  2974 E wac-main: Enter poll and wait
04-09 10:23:25.467  2964  2974 D wac-main: Netlink event
04-09 10:23:25.467  2964  2974 E wac-main: Netlink event 16 Interface Index 5 
04-09 10:23:25.467  2964  2974 E wac-main: Enter poll and wait
04-09 10:23:25.467  2964  2974 D wac-main: Netlink event
04-09 10:23:25.467  2964  2974 E wac-main: Netlink event 16 Interface Index 5 
04-09 10:23:25.467  2964  2974 E wac-main: Enter poll and wait
04-09 10:23:25.468  2711  2723 I yani_server: NetLink Event '-1' Interface-Index '5' WLAN '-1' Ethernet '-1' Parsed-iFill '-1' -> 'INVALID' ifIndex '1' -> 'lo'
04-09 10:23:25.469  2711  2723 I yani_server: NetLink Event '-1' Interface-Index '5' WLAN '0' Ethernet '-1' Parsed-iFill '-1' -> 'INVALID' ifIndex '1' -> 'lo'
04-09 10:23:25.469  2711  2723 I yani_kernel: yani_geteventfrom_changeaddr() Message-Id '1' Netlink event '16' Interface Index '5' -> Name 'wlan0' 
04-09 10:23:25.479  2711  2723 I chatty  : uid=0(root) YaniServer identical 4 lines
04-09 10:23:25.485  2711  2723 I yani_kernel: yani_geteventfrom_changeaddr() Message-Id '1' Netlink event '16' Interface Index '5' -> Name 'wlan0' 
04-09 10:23:25.489  2965  3160 I LibreCastControlDelegate: OnCastStatus() +++ Lyric Speaker Box 21f384:0xacb98198:OFFLINE
04-09 10:23:25.490  2965  3160 I LibreCastControlDelegate: Device Build Number -> '1.52.272222'
04-09 10:23:25.490  2965  3160 I librecast: updateCastBuildVersion() Version 1.52.272222
04-09 10:23:25.490  2712  2712 I lucitransport: readRemoteMessage() MID char = 7 buffer = 1.52.272222
04-09 10:23:25.490  2965  3160 I LibreCastControlDelegate: Active Applications -> 0
04-09 10:23:25.490  2965  3160 I LibreCastControlDelegate: Current Cast State '3' -> 'OFFLINE'
04-09 10:23:25.490  2965  3160 I LibreCastControlDelegate: OnCastStatus() ---
04-09 10:23:25.706  3081  3081 I cast_shell: [3084:3124:INFO:metrics_recorder.cc(282)] Record action: Setup.version.BLE
04-09 10:23:25.736  3081  3081 I cast_shell: [3084:3124:INFO:metrics_recorder.cc(282)] Record action: Setup.tos_accepted.BLE
04-09 10:23:25.766  3081  3081 I cast_shell: [3084:3124:INFO:metrics_recorder.cc(282)] Record action: Setup.state.BLE
04-09 10:23:25.796  3081  3081 I cast_shell: [3084:3124:INFO:metrics_recorder.cc(282)] Record action: Setup.ip_address.BLE
04-09 10:23:26.148  3081  3081 I cast_shell: [3084:3092:ERROR:connectivity_checker_impl.cc(265)] Connectivity check failed: 400
04-09 10:23:26.336  3081  3081 I cast_shell: [3084:3124:INFO:metrics_recorder.cc(282)] Record action: Setup.version.BLE
04-09 10:23:26.365  3081  3081 I cast_shell: [3084:3124:INFO:metrics_recorder.cc(282)] Record action: Setup.tos_accepted.BLE
04-09 10:23:26.395  3081  3081 I cast_shell: [3084:3124:INFO:metrics_recorder.cc(282)] Record action: Setup.state.BLE
04-09 10:23:26.425  3081  3081 I cast_shell: [3084:3124:INFO:metrics_recorder.cc(282)] Record action: Setup.ip_address.BLE
04-09 10:23:26.445  2710  2710 I wpa_supplicant: wlan0: WPA: RX message 1 of 4-Way Handshake from c8:b3:73:44:ae:ef (ver=2)
04-09 10:23:26.445  2710  2710 I wpa_supplicant: wlan0: WPA: Sending EAPOL-Key 2/4
04-09 10:23:26.447  2711  2723 I yani_server: NetLink Event '-1' Interface-Index '5' WLAN '-1' Ethernet '-1' Parsed-iFill '-1' -> 'INVALID' ifIndex '1' -> 'lo'
04-09 10:23:26.448  2711  2723 I yani_server: NetLink Event '-1' Interface-Index '5' WLAN '0' Ethernet '-1' Parsed-iFill '-1' -> 'INVALID' ifIndex '1' -> 'lo'
04-09 10:23:26.457  2710  2710 I wpa_supplicant: wlan0: WPA: RX message 3 of 4-Way Handshake from c8:b3:73:44:ae:ef (ver=2)
04-09 10:23:26.457  2710  2710 I wpa_supplicant: wlan0: WPA: Sending EAPOL-Key 4/4
04-09 10:23:26.459  2964  2974 D wac-main: Netlink event
04-09 10:23:26.459  2964  2974 E wac-main: Netlink event 16 Interface Index 5 
04-09 10:23:26.460  2964  2974 E wac-main: Enter poll and wait
04-09 10:23:26.464  2711  2723 I yani_server: NetLink Event '-1' Interface-Index '5' WLAN '0' Ethernet '-1' Parsed-iFill '-1' -> 'INVALID' ifIndex '1' -> 'lo'
04-09 10:23:26.465  2710  2710 I wpa_supplicant: wlan0: WPA: Key negotiation completed with c8:b3:73:44:ae:ef [PTK=CCMP GTK=TKIP]
04-09 10:23:26.465  2710  2710 I wpa_supplicant: wlan0: CTRL-EVENT-CONNECTED - Connection to c8:b3:73:44:ae:ef completed [id=0 id_str=]
04-09 10:23:26.465  2711  2723 I yani_server: NetLink Event '-1' Interface-Index '5' WLAN '0' Ethernet '-1' Parsed-iFill '-1' -> 'INVALID' ifIndex '1' -> 'lo'
04-09 10:23:26.466  2735  2735 D dhcpcd  : wlan0: carrier acquired
04-09 10:23:26.470  2964  2974 D wac-main: Netlink event
04-09 10:23:26.470  2964  2974 E wac-main: Netlink event 16 Interface Index 5 
04-09 10:23:26.470  2964  2974 E wac-main: Enter poll and wait
04-09 10:23:26.470  2964  2974 D wac-main: Netlink event
04-09 10:23:26.470  2964  2974 E wac-main: Netlink event 16 Interface Index 5 
04-09 10:23:26.470  2964  2974 E wac-main: Enter poll and wait
04-09 10:23:26.470  3081  3081 I cast_shell: [3084:3136:INFO:wifi_controller_wpa_supplicant.cc(634)] After connection, current_wifi_index=0
04-09 10:23:26.476  2965  3160 I LibreCastControlDelegate: OnCastStatus() +++ Lyric Speaker Box 21f384:0xacb98198:OFFLINE
04-09 10:23:26.476  2965  3160 I LibreCastControlDelegate: Device Build Number -> '1.52.272222'
04-09 10:23:26.476  2965  3160 I librecast: updateCastBuildVersion() Version 1.52.272222
04-09 10:23:26.476  2712  2712 I lucitransport: readRemoteMessage() MID char = 7 buffer = 1.52.272222
04-09 10:23:26.477  2965  3160 I LibreCastControlDelegate: Active Applications -> 0
04-09 10:23:26.477  2965  3160 I LibreCastControlDelegate: Current Cast State '3' -> 'OFFLINE'
04-09 10:23:26.477  2965  3160 I LibreCastControlDelegate: OnCastStatus() ---
04-09 10:23:26.479  2711  2723 I yani_server: NetLink Event '-1' Interface-Index '5' WLAN '0' Ethernet '-1' Parsed-iFill '-1' -> 'INVALID' ifIndex '1' -> 'lo'
04-09 10:23:26.484  2711  2723 I yani_server: NetLink Event '-1' Interface-Index '5' WLAN '7' Ethernet '-1' Parsed-iFill '7' -> 'WLAN0 LINKUP' ifIndex '1' -> 'lo'
04-09 10:23:26.484  2711  2723 I yani_server: saveConfig:537:wlan0
04-09 10:23:26.485  2711  2723 I wifiapi : newconn : 0xab309be8
04-09 10:23:26.485  2711  2723 I yani_server: saveConfig:544:got handle successfully
04-09 10:23:26.485  2711  2723 I wifiapi : 'STATUS' command returned = 0
04-09 10:23:26.488  2711  2723 I wifiapi : 'SAVE_CONFIG' command returned = 0
04-09 10:23:26.489  2711  2723 E yani_server: wlan0 Status=8 SaveConfig returns=0
04-09 10:23:26.489  2711  2723 I yani_server: SaveConfig return value=0
04-09 10:23:26.489  2711  2723 E WLANP2PIF: WlanP2pif: current chan = 4
04-09 10:23:26.491  2711  2723 E yani_wifi: set txpower chan : 4 country : US
04-09 10:23:26.491  2711  2723 E yani_wifi: nrates = 7
04-09 10:23:26.491  2691  2691 I sh      : saveConfig:538:wlan0wlan0 Status=8 SaveConfig returns=0
04-09 10:23:26.965  3081  3081 I cast_shell: [3084:3124:INFO:metrics_recorder.cc(282)] Record action: Setup.version.BLE
04-09 10:23:26.995  3081  3081 I cast_shell: [3084:3124:INFO:metrics_recorder.cc(282)] Record action: Setup.tos_accepted.BLE
04-09 10:23:27.025  3081  3081 I cast_shell: [3084:3124:INFO:metrics_recorder.cc(282)] Record action: Setup.state.BLE
04-09 10:23:27.055  3081  3081 I cast_shell: [3084:3124:INFO:metrics_recorder.cc(282)] Record action: Setup.ip_address.BLE
04-09 10:23:27.154  3081  3081 I cast_shell: [3084:3092:ERROR:connectivity_checker_impl.cc(265)] Connectivity check failed: 400
04-09 10:23:27.498  2711  2723 I yani_autoip: start_autoip() Interface 'wlan0' Is AutoIP Required 'Yes' Thread-Running 'No' 
04-09 10:23:27.498  2711  2723 E yani_server: YANI: I am Done Wait For Event 
04-09 10:23:27.498  2711  2723 I yani_kernel: yani_geteventfrom_changeaddr() Message-Id '1' Netlink event '16' Interface Index '5' -> Name 'wlan0' 
04-09 10:23:27.499  2711  3345 I yani_autoip: Setting autoiptimer to 70000
04-09 10:23:27.501  2711  2723 I yani_kernel: yani_geteventfrom_changeaddr() Message-Id '1' Netlink event '16' Interface Index '5' -> Name 'wlan0' 
04-09 10:23:27.502  2711  2723 I yani_kernel: yani_geteventfrom_changeaddr() Message-Id '1' Netlink event '16' Interface Index '5' -> Name 'wlan0' 
04-09 10:23:27.512  3344  3344 E dhcpcd  : control_open: Connection refused
04-09 10:23:27.513  3344  3344 E dhcpcd  : eth0: interface not found or invalid
04-09 10:23:27.514  2964  2974 D wac-main: Netlink event
04-09 10:23:27.514  2964  2974 E wac-main: Netlink event 16 Interface Index 5 
04-09 10:23:27.514  3344  3344 D dhcpcd  : wlan0: adding address fe80::ce90:93ff:fe21:f384
04-09 10:23:27.514  2964  2974 E wac-main: Enter poll and wait
04-09 10:23:27.518  2711  2723 I yani_kernel: yani_geteventfrom_changeaddr() Message-Id '1' Netlink event '16' Interface Index '5' -> Name 'wlan0' 
04-09 10:23:27.595  3081  3081 I cast_shell: [3084:3124:INFO:metrics_recorder.cc(282)] Record action: Setup.version.BLE
04-09 10:23:27.614  3344  3344 E dhcpcd  : error writing DUID: /etc/dhcpcd/dhcpcd.duid: Read-only file system
04-09 10:23:27.614  3344  3344 D dhcpcd  : DUID 00:03:00:01:cc:90:93:21:f3:84
04-09 10:23:27.615  3344  3344 D dhcpcd  : wlan0: IAID 93:21:f3:84
04-09 10:23:27.620  3344  3344 D dhcpcd  : wlan0: soliciting an IPv6 router
04-09 10:23:27.625  3081  3081 I cast_shell: [3084:3124:INFO:metrics_recorder.cc(282)] Record action: Setup.tos_accepted.BLE
04-09 10:23:27.655  3081  3081 I cast_shell: [3084:3124:INFO:metrics_recorder.cc(282)] Record action: Setup.state.BLE
04-09 10:23:27.685  3081  3081 I cast_shell: [3084:3124:INFO:metrics_recorder.cc(282)] Record action: Setup.ip_address.BLE
04-09 10:23:28.161  3081  3081 I cast_shell: [3084:3092:ERROR:connectivity_checker_impl.cc(265)] Connectivity check failed: 400
04-09 10:23:28.225  3081  3081 I cast_shell: [3084:3124:INFO:metrics_recorder.cc(282)] Record action: Setup.version.BLE
04-09 10:23:28.285  3081  3081 I cast_shell: [3084:3124:INFO:metrics_recorder.cc(282)] Record action: Setup.tos_accepted.BLE
04-09 10:23:28.309  2732  2745 I NetworkMonitor: turn off power-save
04-09 10:23:28.316  2732  2745 E DNSResolver: Error in connect: Network is unreachable
04-09 10:23:28.317  2732  2745 I chatty  : uid=0(root) /bin/net_mgr identical 4 lines
04-09 10:23:28.317  2732  2745 E DNSResolver: Error in connect: Network is unreachable
04-09 10:23:28.317  2732  2745 E HttpTimeSync: Error resolve name clients1.google.com
04-09 10:23:28.320  3081  3081 I cast_shell: [3084:3124:INFO:metrics_recorder.cc(282)] Record action: Setup.state.BLE
04-09 10:23:28.334  2732  2745 E HttpTimeSync: Error in curl perform, returns 6: Couldn't resolve host name
04-09 10:23:28.336  2732  2745 E HttpTimeSync: Failed in getting HTTP header from http://clients1.google.com/generate_204
04-09 10:23:28.346  3081  3081 I cast_shell: [3084:3124:INFO:metrics_recorder.cc(282)] Record action: Setup.ip_address.BLE
04-09 10:23:28.389  3344  3344 D dhcpcd  : wlan0: Router Advertisement from fe80::cab3:73ff:fe44:aeed
04-09 10:23:28.390  3344  3344 D dhcpcd  : wlan0: adding address fd70:d3e7:6555:0:ce90:93ff:fe21:f384/64
04-09 10:23:28.390  3344  3344 D dhcpcd  : wlan0: adding address fd70:d3e7:6555:0:956f:1020:4a69:f650/64
04-09 10:23:28.391  3344  3344 D dhcpcd  : wlan0: adding route to fd70:d3e7:6555::/64
04-09 10:23:28.391  3344  3344 D dhcpcd  : wlan0: requesting DHCPv6 information
04-09 10:23:28.474  3081  3081 I cast_shell: [3084:3124:INFO:metrics_recorder.cc(282)] Record action: Setup.eureka_info.Local
04-09 10:23:28.474  3081  3081 I cast_shell: [3084:3124:INFO:metrics_recorder.cc(282)] Record action: Setup.eureka_info.Local.200
04-09 10:23:28.475  2732  2744 E DNSResolver: Error in connect: Network is unreachable
04-09 10:23:28.476  2732  2744 I chatty  : uid=0(root) MonitorThread identical 4 lines
04-09 10:23:28.476  2732  2744 E DNSResolver: Error in connect: Network is unreachable
04-09 10:23:28.476  2732  2744 E HttpTimeSync: Error resolve name clients1.google.com
04-09 10:23:28.477  2732  2744 E HttpTimeSync: Error in curl perform, returns 6: Couldn't resolve host name
04-09 10:23:28.477  2732  2744 E HttpTimeSync: Failed in getting HTTP header from http://clients1.google.com/generate_204
04-09 10:23:28.613  3344  3344 D dhcpcd  : wlan0: soliciting a DHCP lease
04-09 10:23:28.613  3344  3344 D dhcpcd  : wlan0: sending DISCOVER (xid 0x318cc285), next in -44043022681882126950663873692888994269336616415231434731952372349504058568750765310763296118306184700097098953803885356701428131496333660958441010611027367203913204644861291796685080261924443318775568720305038338826774056427828893057073384761819802919329780495024128.0 seconds
04-09 10:23:28.870  3081  3081 I cast_shell: [3084:3124:INFO:metrics_recorder.cc(282)] Record action: Setup.version.BLE
04-09 10:23:28.900  3081  3081 I cast_shell: [3084:3124:INFO:metrics_recorder.cc(282)] Record action: Setup.tos_accepted.BLE
04-09 10:23:28.930  3081  3081 I cast_shell: [3084:3124:INFO:metrics_recorder.cc(282)] Record action: Setup.state.BLE
04-09 10:23:28.960  3081  3081 I cast_shell: [3084:3124:INFO:metrics_recorder.cc(282)] Record action: Setup.ip_address.BLE
04-09 10:23:29.168  3081  3081 I cast_shell: [3084:3092:ERROR:connectivity_checker_impl.cc(265)] Connectivity check failed: 400
04-09 10:23:29.465  2732  2745 I NetworkMonitor: turn off power-save
04-09 10:23:29.469  2732  2745 E DNSResolver: Error in connect: Network is unreachable
04-09 10:23:29.469  2732  2745 I chatty  : uid=0(root) /bin/net_mgr identical 4 lines
04-09 10:23:29.469  2732  2745 E DNSResolver: Error in connect: Network is unreachable
04-09 10:23:29.469  2732  2745 E HttpTimeSync: Error resolve name clients1.google.com
04-09 10:23:29.470  2732  2745 E HttpTimeSync: Error in curl perform, returns 6: Couldn't resolve host name
04-09 10:23:29.470  2732  2745 E HttpTimeSync: Failed in getting HTTP header from http://clients1.google.com/generate_204
04-09 10:23:29.478  2732  2744 E DNSResolver: Error in connect: Network is unreachable
04-09 10:23:29.478  2732  2744 I chatty  : uid=0(root) MonitorThread identical 4 lines
04-09 10:23:29.478  2732  2744 E DNSResolver: Error in connect: Network is unreachable
04-09 10:23:29.478  2732  2744 E HttpTimeSync: Error resolve name clients1.google.com
04-09 10:23:29.479  2732  2744 E HttpTimeSync: Error in curl perform, returns 6: Couldn't resolve host name
04-09 10:23:29.479  2732  2744 E HttpTimeSync: Failed in getting HTTP header from http://clients1.google.com/generate_204
04-09 10:23:29.500  3081  3081 I cast_shell: [3084:3124:INFO:metrics_recorder.cc(282)] Record action: Setup.version.BLE
04-09 10:23:29.530  3081  3081 I cast_shell: [3084:3124:INFO:metrics_recorder.cc(282)] Record action: Setup.tos_accepted.BLE
04-09 10:23:29.560  3081  3081 I cast_shell: [3084:3124:INFO:metrics_recorder.cc(282)] Record action: Setup.state.BLE
04-09 10:23:29.590  3081  3081 I cast_shell: [3084:3124:INFO:metrics_recorder.cc(282)] Record action: Setup.ip_address.BLE
04-09 10:23:29.945  2732  2745 I NetworkMonitor: turn off power-save
04-09 10:23:29.949  2732  2745 E DNSResolver: Error in connect: Network is unreachable
04-09 10:23:29.950  2732  2745 I chatty  : uid=0(root) /bin/net_mgr identical 4 lines
04-09 10:23:29.950  2732  2745 E DNSResolver: Error in connect: Network is unreachable
04-09 10:23:29.950  2732  2745 E HttpTimeSync: Error resolve name clients1.google.com
04-09 10:23:29.951  2732  2745 E HttpTimeSync: Error in curl perform, returns 6: Couldn't resolve host name
04-09 10:23:29.951  2732  2745 E HttpTimeSync: Failed in getting HTTP header from http://clients1.google.com/generate_204
04-09 10:23:30.130  3081  3081 I cast_shell: [3084:3124:INFO:metrics_recorder.cc(282)] Record action: Setup.version.BLE
04-09 10:23:30.160  3081  3081 I cast_shell: [3084:3124:INFO:metrics_recorder.cc(282)] Record action: Setup.tos_accepted.BLE
04-09 10:23:30.175  3081  3081 I cast_shell: [3084:3092:ERROR:connectivity_checker_impl.cc(265)] Connectivity check failed: 400
04-09 10:23:30.190  3081  3081 I cast_shell: [3084:3124:INFO:metrics_recorder.cc(282)] Record action: Setup.state.BLE
04-09 10:23:30.220  3081  3081 I cast_shell: [3084:3124:INFO:metrics_recorder.cc(282)] Record action: Setup.ip_address.BLE
04-09 10:23:30.263  2732  2745 I NetworkMonitor: turn off power-save
04-09 10:23:30.268  2732  2745 E DNSResolver: Error in connect: Network is unreachable
04-09 10:23:30.269  2732  2745 I chatty  : uid=0(root) /bin/net_mgr identical 4 lines
04-09 10:23:30.269  2732  2745 E DNSResolver: Error in connect: Network is unreachable
04-09 10:23:30.269  2732  2745 E HttpTimeSync: Error resolve name clients1.google.com
04-09 10:23:30.271  2732  2745 E HttpTimeSync: Error in curl perform, returns 6: Couldn't resolve host name
04-09 10:23:30.271  2732  2745 E HttpTimeSync: Failed in getting HTTP header from http://clients1.google.com/generate_204
04-09 10:23:30.359  2732  2745 I NetworkMonitor: turn off power-save
04-09 10:23:30.362  2732  2745 E DNSResolver: Error in connect: Network is unreachable
04-09 10:23:30.363  2732  2745 I chatty  : uid=0(root) /bin/net_mgr identical 4 lines
04-09 10:23:30.363  2732  2745 E DNSResolver: Error in connect: Network is unreachable
04-09 10:23:30.363  2732  2745 E HttpTimeSync: Error resolve name clients1.google.com
04-09 10:23:30.364  2732  2745 E HttpTimeSync: Error in curl perform, returns 6: Couldn't resolve host name
04-09 10:23:30.365  2732  2745 E HttpTimeSync: Failed in getting HTTP header from http://clients1.google.com/generate_204
04-09 10:23:30.479  2732  2744 E DNSResolver: Error in connect: Network is unreachable
04-09 10:23:30.480  2732  2744 I chatty  : uid=0(root) MonitorThread identical 4 lines
04-09 10:23:30.480  2732  2744 E DNSResolver: Error in connect: Network is unreachable
04-09 10:23:30.480  2732  2744 E HttpTimeSync: Error resolve name clients1.google.com
04-09 10:23:30.481  2732  2744 E HttpTimeSync: Error in curl perform, returns 6: Couldn't resolve host name
04-09 10:23:30.481  2732  2744 E HttpTimeSync: Failed in getting HTTP header from http://clients1.google.com/generate_204
04-09 10:23:30.760  3081  3081 I cast_shell: [3084:3124:INFO:metrics_recorder.cc(282)] Record action: Setup.version.BLE
04-09 10:23:30.790  3081  3081 I cast_shell: [3084:3124:INFO:metrics_recorder.cc(282)] Record action: Setup.tos_accepted.BLE
04-09 10:23:30.820  3081  3081 I cast_shell: [3084:3124:INFO:metrics_recorder.cc(282)] Record action: Setup.state.BLE
04-09 10:23:30.850  3081  3081 I cast_shell: [3084:3124:INFO:metrics_recorder.cc(282)] Record action: Setup.ip_address.BLE
04-09 10:23:31.182  3081  3081 I cast_shell: [3084:3092:ERROR:connectivity_checker_impl.cc(265)] Connectivity check failed: 400
04-09 10:23:31.391  3081  3081 I cast_shell: [3084:3124:INFO:metrics_recorder.cc(282)] Record action: Setup.version.BLE
04-09 10:23:31.420  3081  3081 I cast_shell: [3084:3124:INFO:metrics_recorder.cc(282)] Record action: Setup.tos_accepted.BLE
04-09 10:23:31.450  3081  3081 I cast_shell: [3084:3124:INFO:metrics_recorder.cc(282)] Record action: Setup.state.BLE
04-09 10:23:31.480  3081  3081 I cast_shell: [3084:3124:INFO:metrics_recorder.cc(282)] Record action: Setup.ip_address.BLE
04-09 10:23:31.481  2732  2744 E DNSResolver: Error in connect: Network is unreachable
04-09 10:23:31.482  2732  2744 I chatty  : uid=0(root) MonitorThread identical 4 lines
04-09 10:23:31.482  2732  2744 E DNSResolver: Error in connect: Network is unreachable
04-09 10:23:31.482  2732  2744 E HttpTimeSync: Error resolve name clients1.google.com
04-09 10:23:31.483  2732  2744 E HttpTimeSync: Error in curl perform, returns 6: Couldn't resolve host name
04-09 10:23:31.483  2732  2744 E HttpTimeSync: Failed in getting HTTP header from http://clients1.google.com/generate_204
04-09 10:23:32.020  3081  3081 I cast_shell: [3084:3124:INFO:metrics_recorder.cc(282)] Record action: Setup.version.BLE
04-09 10:23:32.030  3081  3081 I cast_shell: [3084:3124:ERROR:setup_state.cc(424)] Timeout for state=SETUP_STATE_CHECKING_GLOBAL_CONNECTIVITY(50): move to state=SETUP_STATE_CHECKING_GLOBAL_CONNECTIVITY_BAD_ROUTER_WIFI_NOT_SAVED(51).
04-09 10:23:32.030  3081  3081 I cast_shell: [3084:3124:INFO:setup_state.cc(261)] Setup state changed: SETUP_STATE_CHECKING_GLOBAL_CONNECTIVITY (50) -> SETUP_STATE_CHECKING_GLOBAL_CONNECTIVITY_BAD_ROUTER_WIFI_NOT_SAVED (51)
04-09 10:23:32.033  2965  3160 I LibreCastControlDelegate: OnCastStatus() +++ Lyric Speaker Box 21f384:0xacb98198:OFFLINE
04-09 10:23:32.033  2965  3160 I LibreCastControlDelegate: Device Build Number -> '1.52.272222'
04-09 10:23:32.033  2965  3160 I librecast: updateCastBuildVersion() Version 1.52.272222
04-09 10:23:32.034  2712  2712 I lucitransport: readRemoteMessage() MID char = 7 buffer = 1.52.272222
04-09 10:23:32.034  2965  3160 I LibreCastControlDelegate: Active Applications -> 0
04-09 10:23:32.034  2965  3160 I LibreCastControlDelegate: Current Cast State '3' -> 'OFFLINE'
04-09 10:23:32.034  2965  3160 I LibreCastControlDelegate: OnCastStatus() ---
04-09 10:23:32.050  3081  3081 I cast_shell: [3084:3124:INFO:metrics_recorder.cc(282)] Record action: Setup.tos_accepted.BLE
04-09 10:23:32.080  3081  3081 I cast_shell: [3084:3124:INFO:metrics_recorder.cc(282)] Record action: Setup.state.BLE
04-09 10:23:32.110  3081  3081 I cast_shell: [3084:3124:INFO:metrics_recorder.cc(282)] Record action: Setup.ip_address.BLE
04-09 10:23:32.188  3081  3081 I cast_shell: [3084:3092:ERROR:connectivity_checker_impl.cc(265)] Connectivity check failed: 400
04-09 10:23:32.373  3081  3081 I cast_shell: [3084:3092:INFO:parent_tracker.cc(237)] Network changed
04-09 10:23:32.373  3081  3081 I cast_shell: [3084:3092:INFO:parent_tracker.cc(120)] Can't use IPv4
04-09 10:23:32.373  3081  3081 I cast_shell: [3084:3092:INFO:parent_tracker.cc(135)] Now using local address [PII](fd70:d3e7:6555:0:784e:f17f:4c66:e85f)
04-09 10:23:32.373  3081  3081 I cast_shell: [3084:3092:INFO:directory_service_impl.cc(200)] This device became root
04-09 10:23:32.373  3081  3081 I cast_shell: [3084:3124:INFO:local_network_info_impl.cc(435)] LNID_W changed:
04-09 10:23:32.374  3081  3081 I cast_shell: [3084:3092:INFO:parent_tracker.cc(237)] Network changed
04-09 10:23:32.374  3081  3081 I cast_shell: [3084:3092:INFO:parent_tracker.cc(120)] Can't use IPv4
04-09 10:23:32.374  3081  3081 I cast_shell: [3084:3092:INFO:parent_tracker.cc(132)] No need to recreate socket
04-09 10:23:32.483  2732  2744 E DNSResolver: Error in connect: Network is unreachable
04-09 10:23:32.484  2732  2744 I chatty  : uid=0(root) MonitorThread identical 4 lines
04-09 10:23:32.484  2732  2744 E DNSResolver: Error in connect: Network is unreachable
04-09 10:23:32.484  2732  2744 E HttpTimeSync: Error resolve name clients1.google.com
04-09 10:23:32.485  2732  2744 E HttpTimeSync: Error in curl perform, returns 6: Couldn't resolve host name
04-09 10:23:32.485  2732  2744 E HttpTimeSync: Failed in getting HTTP header from http://clients1.google.com/generate_204
04-09 10:23:32.650  3081  3081 I cast_shell: [3084:3124:INFO:metrics_recorder.cc(282)] Record action: Setup.version.BLE
04-09 10:23:32.679  3081  3081 I cast_shell: [3084:3124:INFO:metrics_recorder.cc(282)] Record action: Setup.tos_accepted.BLE
04-09 10:23:32.708  3081  3081 I cast_shell: [3084:3124:INFO:metrics_recorder.cc(282)] Record action: Setup.state.BLE
04-09 10:23:32.739  3081  3081 I cast_shell: [3084:3124:INFO:metrics_recorder.cc(282)] Record action: Setup.ip_address.BLE
04-09 10:23:33.196  3081  3081 I cast_shell: [3084:3092:ERROR:connectivity_checker_impl.cc(265)] Connectivity check failed: 400
04-09 10:23:33.281  3081  3081 I cast_shell: [3084:3124:INFO:metrics_recorder.cc(282)] Record action: Setup.version.BLE
04-09 10:23:33.309  3081  3081 I cast_shell: [3084:3124:INFO:metrics_recorder.cc(282)] Record action: Setup.tos_accepted.BLE
04-09 10:23:33.339  3081  3081 I cast_shell: [3084:3124:INFO:metrics_recorder.cc(282)] Record action: Setup.state.BLE
04-09 10:23:33.368  3081  3081 I cast_shell: [3084:3124:INFO:metrics_recorder.cc(282)] Record action: Setup.ip_address.BLE
04-09 10:23:33.473  3344  3344 D dhcpcd  : wlan0: sending DISCOVER (xid 0x318cc285), next in -44043001950849043384637728507245798175354616006323559372505667460366842394012755267985104655883760034646534493394573340955034107096905259930080964412622618644061630968800689200356761493089598880431165204394080435098814685506698489760847703358186443549988358847463424.0 seconds
04-09 10:23:33.485  2732  2744 E DNSResolver: Error in connect: Network is unreachable
04-09 10:23:33.486  2732  2744 I chatty  : uid=0(root) MonitorThread identical 4 lines
04-09 10:23:33.486  2732  2744 E DNSResolver: Error in connect: Network is unreachable
04-09 10:23:33.486  2732  2744 E HttpTimeSync: Error resolve name clients1.google.com
04-09 10:23:33.487  2732  2744 E HttpTimeSync: Error in curl perform, returns 6: Couldn't resolve host name
04-09 10:23:33.487  2732  2744 E HttpTimeSync: Failed in getting HTTP header from http://clients1.google.com/generate_204
04-09 10:23:33.910  3081  3081 I cast_shell: [3084:3124:INFO:metrics_recorder.cc(282)] Record action: Setup.version.BLE
04-09 10:23:33.938  3081  3081 I cast_shell: [3084:3124:INFO:metrics_recorder.cc(282)] Record action: Setup.tos_accepted.BLE
04-09 10:23:33.968  3081  3081 I cast_shell: [3084:3124:INFO:metrics_recorder.cc(282)] Record action: Setup.state.BLE
04-09 10:23:33.998  3081  3081 I cast_shell: [3084:3124:INFO:metrics_recorder.cc(282)] Record action: Setup.ip_address.BLE
04-09 10:23:34.202  3081  3081 I cast_shell: [3084:3092:ERROR:connectivity_checker_impl.cc(265)] Connectivity check failed: 400
04-09 10:23:34.487  2732  2744 E DNSResolver: Error in connect: Network is unreachable
04-09 10:23:34.488  2732  2744 I chatty  : uid=0(root) MonitorThread identical 4 lines
04-09 10:23:34.488  2732  2744 E DNSResolver: Error in connect: Network is unreachable
04-09 10:23:34.488  2732  2744 E HttpTimeSync: Error resolve name clients1.google.com
04-09 10:23:34.489  2732  2744 E HttpTimeSync: Error in curl perform, returns 6: Couldn't resolve host name
04-09 10:23:34.489  2732  2744 E HttpTimeSync: Failed in getting HTTP header from http://clients1.google.com/generate_204
04-09 10:23:34.532  3344  3344 D dhcpcd  : wlan0: received OFFER with xid 0x318cc285
04-09 10:23:34.532  3344  3344 D dhcpcd  : wlan0: offered 192.168.1.145 from 192.168.1.1
04-09 10:23:34.532  3344  3344 D dhcpcd  : wlan0: requesting lease of 192.168.1.145
04-09 10:23:34.532  3344  3344 D dhcpcd  : wlan0: sending REQUEST (xid 0x318cc285), next in -44043022681882126950663873692888994269336616415231434731952372349504058568750765310763296118306184700097098953803885356701428131496333660958441010611027367203913204644861291796685080261924443318775568720305038338826774056427828893057073384761819802919329780495024128.0 seconds
04-09 10:23:34.540  3081  3081 I cast_shell: [3084:3124:INFO:metrics_recorder.cc(282)] Record action: Setup.version.BLE
04-09 10:23:34.583  3081  3081 I cast_shell: [3084:3124:INFO:metrics_recorder.cc(282)] Record action: Setup.tos_accepted.BLE
04-09 10:23:34.613  3081  3081 I cast_shell: [3084:3124:INFO:metrics_recorder.cc(282)] Record action: Setup.state.BLE
04-09 10:23:34.638  3344  3344 D dhcpcd  : wlan0: received ACK with xid 0x318cc285
04-09 10:23:34.638  3344  3344 D dhcpcd  : wlan0: acknowledged 192.168.1.145 from 192.168.1.1
04-09 10:23:34.638  3344  3344 D dhcpcd  : wlan0: leased 192.168.1.145 for 86400 seconds
04-09 10:23:34.639  3344  3344 D dhcpcd  : wlan0: adding route to 192.168.1.0/24
04-09 10:23:34.640  3344  3344 D dhcpcd  : wlan0: adding default route via 192.168.1.1
04-09 10:23:34.641  2964  2974 D wac-main: Netlink event
04-09 10:23:34.641  2964  2974 E wac-main: Netlink event 20 Interface Index 5 
04-09 10:23:34.641  2964  2974 E wac-main: Enter poll and wait
04-09 10:23:34.641  2711  2723 I yani_kernel: yani_geteventfrom_changeaddr() Message-Id '1' Netlink event '20' Interface Index '5' -> Name 'wlan0' 
04-09 10:23:34.642  2732  2745 I NetworkMonitor: turn off power-save
04-09 10:23:34.649  3081  3081 I cast_shell: [3084:3124:INFO:metrics_recorder.cc(282)] Record action: Setup.ip_address.BLE
04-09 10:23:34.653  2711  2723 I yani_server: NetLink Event '2' Interface-Index '5' WLAN '-1' Ethernet '-1' Parsed-iFill '2' -> 'WLAN0 CONNECTED' ifIndex '1' -> 'lo'
04-09 10:23:34.653  2711  2723 I yani_server: doLotofWork() List of interface '5'
04-09 10:23:34.653  2711  2723 I yani_server: doLotofWork() Interface 'wlan0' ifr[0].ifr_name 'lo' ipaddress '127.0.0.1'
04-09 10:23:34.653  2711  2723 I yani_server: doLotofWork() Interface 'wlan0' ifr[1].ifr_name 'wlan0' ipaddress '192.168.1.145'
04-09 10:23:34.653  2711  2723 E yani_server: YANI GOT IP FOR IFACE=wlan0 IP=192.168.1.145 mstatus=0 mifacetype=1
04-09 10:23:34.653  2711  2723 I yani_server: doLotofWork() returns 'REFILL IP ASSIGNED'
04-09 10:23:34.653  2711  2723 I yani_autoip: stop_autoip() Thread-Running 'Yes'
04-09 10:23:34.653  2711  2813 I yani_server: onNetworkParametersChanged() WAC Mode '1'  Index '1' Interface 'wlan0' Status '1'
04-09 10:23:34.653  2711  3345 E yani_autoip: Force Exit AutoIP thread bytes '1' value 'q'
04-09 10:23:34.653  2711  3345 I yani_autoip: Exiting AutoIP thread return poll status 1
04-09 10:23:34.653  2728  2741 I MB_HANDLER: YaniAlert() Interface '1' Status '1'
04-09 10:23:34.666  2712  2712 I lucitransport: writeRemoteMessage() MID = 124 buffer = 1#1,1#2,0#3,1#4,1
04-09 10:23:34.666  2712  2712 I luciUART: write() MID = 124  bytes = 27 data = 1#1,1#2,0#3,1#4,1 m_fd = 0x5
04-09 10:23:34.666  2729  2729 E AirableUIHelper: AirableUIHelper::YaniAlert  1 1 
04-09 10:23:34.666  2729  2729 E AirableUIHelper: Wlan is up
04-09 10:23:34.667  2971  2981 I otamanager: YaniAlert() Interface 1 Status Up
04-09 10:23:34.667  2971  2981 I otamanager: CreateFirmwareUpdateTimerOnYaniAlert done
04-09 10:23:34.667  2967  2967 I airplay-main: YaniAlert Interface 1 Status 1
04-09 10:23:34.669  2712  2712 I lucitransport: readRemoteMessage() MID char = 90 buffer = Lyric Speaker Box 21f384
04-09 10:23:34.673  2712  2720 E luciUART: UART:aa
04-09 10:23:34.673  2712  2720 E luciUART: UART:aa
04-09 10:23:34.673  2712  2720 E luciUART: UART:2
04-09 10:23:34.673  2712  2720 E luciUART: UART:0
04-09 10:23:34.673  2712  2720 E luciUART: UART:d0
04-09 10:23:34.673  2712  2720 E luciUART: UART:0
04-09 10:23:34.674  2712  2720 I chatty  : uid=0(root) UARTLUCIControl identical 2 lines
04-09 10:23:34.674  2712  2720 E luciUART: UART:0
04-09 10:23:34.674  2712  2720 E luciUART: UART:9
04-09 10:23:34.674  2712  2720 I luciUART: read() RemoteID = 43690 Command = 208 Type = 2 Status = 0 DataLen = 9
04-09 10:23:34.674  2712  2720 E luciUART: Error: full data not available yet! readBytes 0
04-09 10:23:34.674  2712  2720 I luciUART: Previous Packet read contd., 
04-09 10:23:34.674  2712  2720 E luciUART: UART:52
04-09 10:23:34.674  2712  2720 I luciUART: Previous Packet read contd., 
04-09 10:23:34.674  2712  2720 E luciUART: UART:45
04-09 10:23:34.674  2712  2720 I luciUART: Previous Packet read contd., 
04-09 10:23:34.674  2712  2720 E luciUART: UART:41
04-09 10:23:34.674  2712  2720 I luciUART: Previous Packet read contd., 
04-09 10:23:34.674  2712  2720 E luciUART: UART:44
04-09 10:23:34.674  2712  2720 I luciUART: Previous Packet read contd., 
04-09 10:23:34.674  2712  2720 E luciUART: UART:5f
04-09 10:23:34.674  2712  2720 I luciUART: Previous Packet read contd., 
04-09 10:23:34.674  2712  2720 E luciUART: UART:73
04-09 10:23:34.674  2712  2720 I luciUART: Previous Packet read contd., 
04-09 10:23:34.674  2712  2720 E luciUART: UART:73
04-09 10:23:34.674  2712  2720 I luciUART: Previous Packet read contd., 
04-09 10:23:34.752  2967  3401 I airplay-main: checkACPAvailability() err 0 -> Present!
04-09 10:23:34.752  2967  3401 D airplay-main: arguments[0] -> airplay_v2 -> airplay_v2
04-09 10:23:34.752  2967  3401 D airplay-main: arguments[1] -> -n -> -n
04-09 10:23:34.753  2967  3401 D airplay-main: arguments[2] -> Lyric Speaker Box 21f384 -> Lyric Speaker Box 21f384
04-09 10:23:34.753  2967  3401 D airplay-main: arguments[3] -> -z -> -z
04-09 10:23:34.753  2967  3401 D airplay-main: arguments[4] -> 1 -> 1
04-09 10:23:34.753  2967  3401 D airplay-main: arguments[5] -> -d -> -d
04-09 10:23:34.753  2967  3401 D airplay-main: arguments[6] -> 47617500 -> 47617500
04-09 10:23:34.753  2967  3401 D airplay-main: Total Number of Arguments 7
04-09 10:23:34.764  2967  3401 I airplay_v2_0_6: 2022-04-08 21:53:34.763083 [AirPlayDemo] homedir /data/ sUserPreferencesDirectoryPath /data//.airplaydemo 
04-09 10:23:34.783  3081  3081 I cast_shell: [3084:3084:INFO:grpc_manager_impl.cc(505)] GRPC[uri=[::]:0]: num_pending_calls=0, num_active_handlers=0, num_free_handlers=0
04-09 10:23:34.785  3081  3081 I cast_shell: [3084:3084:INFO:grpc_manager_impl.cc(505)] GRPC[uri=]: num_pending_calls=0, num_active_handlers=0, num_free_handlers=0
04-09 10:23:34.840  2967  3401 I airplay-main: checkACPAvailability() err 0 -> Present!
04-09 10:23:34.849  3081  3081 I cast_shell: [3084:3084:INFO:grpc_manager_impl.cc(505)] GRPC[uri=unix:/tmp/hcp_ipc_auth.socket]: num_pending_calls=0, num_active_handlers=10, num_free_handlers=0
04-09 10:23:34.853  3081  3081 I cast_shell: [3084:3084:INFO:grpc_manager_impl.cc(505)] GRPC[uri=unix:/tmp/modular_updater/modular_update_service]: num_pending_calls=0, num_active_handlers=0, num_free_handlers=0
04-09 10:23:34.854  2732  2745 I HttpTimeSync: Building resolve list for clients1.google.com, total 1.
04-09 10:23:34.854  2732  2745 I HttpTimeSync: 	0: 142.251.36.142
04-09 10:23:34.878  3081  3081 I cast_shell: [3084:3084:INFO:metrics_recorder.cc(112)] Metrics stat: total=6
04-09 10:23:34.878  3081  3081 I cast_shell: Setup.eureka_info.Local=1
04-09 10:23:34.878  3081  3081 I cast_shell: Setup.eureka_info.Local.200=1
04-09 10:23:34.878  3081  3081 I cast_shell: Setup.ip_address.BLE=20
04-09 10:23:34.878  3081  3081 I cast_shell: Setup.state.BLE=20
04-09 10:23:34.878  3081  3081 I cast_shell: Setup.tos_accepted.BLE=20
04-09 10:23:34.878  3081  3081 I cast_shell: Setup.version.BLE=20
04-09 10:23:34.924  2967  3423 I airplay_v2_0_6: 2022-04-08 21:53:34.924563 [AirPlayDemo] *********** AirPlayDemoPlatformSetProperty:homeIntegrationData value - 
04-09 10:23:34.924  2967  3423 I airplay_v2_0_6:     +0000: 62706c69 73743030 d101025f 10114343 |bplist00^^^_^^CC| (67 bytes)
04-09 10:23:34.924  2967  3423 I airplay_v2_0_6:     +0010: 3a39303a 39333a32 313a4633 3a3834d0 |:90:93:21:F3:84^|
04-09 10:23:34.924  2967  3423 I airplay_v2_0_6:     +0020: 080b1f00 00000000 00010100 00000000 |^^^^^^^^^^^^^^^^|
04-09 10:23:34.924  2967  3423 I airplay_v2_0_6:     +0030: 00000300 00000000 00000000 00000000 |^^^^^^^^^^^^^^^^|
04-09 10:23:34.924  2967  3423 I airplay_v2_0_6:     +0040: 000020                              |^^              |
04-09 10:23:34.927  2967  3425 I airplay_v2_0_6: 2022-04-08 21:53:34.927086 [AirPlayDemo] AirPlayDemoServerCopyProperty Password is <<NULL>>
04-09 10:23:34.937  2967  3423 I airplay_v2_0_6: 2022-04-08 21:53:34.937159 [AirPlayDemo] *********** AirPlayDemoPlatformSetProperty:homeIntegrationData value - 
04-09 10:23:34.937  2967  3423 I airplay_v2_0_6:     +0000: 62706c69 73743030 d101025f 10114343 |bplist00^^^_^^CC| (165 bytes)
04-09 10:23:34.937  2967  3423 I airplay_v2_0_6:     +0010: 3a39303a 39333a32 313a4633 3a3834d3 |:90:93:21:F3:84^
04-09 10:23:34.937  2967  3423 I airplay_v2_0_6: |
04-09 10:23:34.937  2967  3423 I airplay_v2_0_6:     +0020: 03040501 06075a69 64656e74 69666965 |^^^^^^Zidentifie|
04-09 10:23:34.937  2967  3423 I airplay_v2_0_6:     +0030: 7252736b 52706b4f 1020585f c6c32fea |rRskRpkO^ X_^^/^|
04-09 10:23:34.937  2967  3423 I airplay_v2_0_6:     +0040: 348b7b35 fcfe4800 22b222fe e5f9142a |4^{5^^H^"^"^^^^*|
04-09 10:23:34.937  2967  3423 I airplay_v2_0_6:     +0050: 74b5c73f 41c6f9e1 03574f10 2021c08b |
04-09 10:23:34.937  2967  3423 I airplay_v2_0_6: t^^?A^^^^WO^ !^^|
04-09 10:23:34.937  2967  3423 I airplay_v2_0_6:     +0060: 0c94c127 e71c9297 baeb4d0d df486a47 |^^^'^^^^^^M^^HjG|
04-09 10:23:34.937  2967  3423 I airplay_v2_0_6:     +0070: e2b4e233 a1c68ed7 0c0d2516 40080b1f |^^^3^^^^^^%^@^^^|
04-09 10:23:34.937  2967  3423 I airplay_v2_0_6:     +0080: 26313437 5a000000 00000001 01000000 |&147Z^^^^^^^^^^^|
04-09 10:23:34.937  2967  3423 I airplay_v2_0_6:     +0090: 
04-09 10:23:34.937  2967  3423 I airplay_v2_0_6: 00000000 08000000 00000000 00000000 |^^^^^^^^^^^^^^^^|
04-09 10:23:34.937  2967  3423 I airplay_v2_0_6:     +00A0: 00000000 7d                         |^^^^}           |
04-09 10:23:34.938  2712  2712 I lucitransport: readRemoteMessage() MID char = 90 buffer = Lyric Speaker Box 21f384
04-09 10:23:34.940  2967  3401 I airplay_v2_0_6: 2022-04-08 21:53:34.939607 [AirPlay] Registering Bonjour _airplay._tcp. port 7000
04-09 10:23:34.941  2967  3423 I airplay_v2_0_6: 2022-04-08 21:53:34.941788 [AirPlayDemo] AirPlayDemoServerCopyProperty Password is <<NULL>>
04-09 10:23:34.943  2967  3425 I airplay_v2_0_6: 2022-04-08 21:53:34.943242 [AirPlayDemo] AirPlayDemoServerCopyProperty Password is <<NULL>>
04-09 10:23:34.943  2712  2712 I lucitransport: readRemoteMessage() MID char = 90 buffer = Lyric Speaker Box 21f384
04-09 10:23:34.945  2967  3401 I airplay_v2_0_6: 2022-04-08 21:53:34.945111 [AirPlay] Registering Bonjour CC909321F384@Lyric Speaker Box 21f384._raop._tcp. port 7000
04-09 10:23:34.945  2967  3401 I airplay_v2_0_6: 2022-04-08 21:53:34.945243 [AirPlay] AirPlay servers started
04-09 10:23:35.021  3081  3081 I cast_shell: [3084:3084:INFO:grpc_manager_impl.cc(505)] GRPC[uri=[::]:8012]: num_pending_calls=0, num_active_handlers=1, num_free_handlers=0
04-09 10:23:35.184  3081  3081 I cast_shell: [3084:3124:INFO:metrics_recorder.cc(282)] Record action: Setup.version.BLE
04-09 10:23:35.197  2732  2745 I HttpTimeSync: Http time synced
04-09 10:23:35.213  3081  3081 I cast_shell: [3084:3124:INFO:metrics_recorder.cc(282)] Record action: Setup.tos_accepted.BLE
04-09 10:23:35.243  3081  3081 I cast_shell: [3084:3124:INFO:metrics_recorder.cc(282)] Record action: Setup.state.BLE
04-09 10:23:35.273  3081  3081 I cast_shell: [3084:3124:INFO:metrics_recorder.cc(282)] Record action: Setup.ip_address.BLE
04-09 10:23:37.564  2968  2986 I SPOTIFY : ConnectionNotify event(0-Login, 1-Logout, rest Error) = 7 
04-09 10:23:37.759  3081  3081 I cast_shell: [3084:3124:INFO:metrics_recorder.cc(282)] Record action: Setup.version.BLE
04-09 10:23:37.788  3081  3081 I cast_shell: [3084:3124:INFO:metrics_recorder.cc(282)] Record action: Setup.tos_accepted.BLE
04-09 10:23:37.818  3081  3081 I cast_shell: [3084:3124:INFO:metrics_recorder.cc(282)] Record action: Setup.state.BLE
04-09 10:23:37.848  3081  3081 I cast_shell: [3084:3124:INFO:metrics_recorder.cc(282)] Record action: Setup.ip_address.BLE
04-09 10:23:38.037  3081  3081 I cast_shell: [3084:3092:INFO:connectivity_checker_impl.cc(144)] Change check url=http://connectivitycheck.gstatic.com/generate_204
04-09 10:23:38.037  3081  3081 I cast_shell: [3084:3092:INFO:connectivity_checker_impl.cc(148)] Global connection is: Up
04-09 10:23:38.041  3084  3091 E         : OOBE CheckUpdate
04-09 10:23:38.045  3081  3081 I cast_shell: [3084:3124:WARNING:setup_manager_impl.cc(1100)] NAT not supported, no captive portal support.
04-09 10:23:38.045  3081  3081 I cast_shell: [3084:3084:INFO:cloud_settings_manager.cc(431)] Connectivity established. Reconciling cloud settings.
04-09 10:23:38.045  3081  3081 I cast_shell: [3084:3084:INFO:cloud_settings_manager.cc(195)] Cloud settings is disabled.
04-09 10:23:38.045  3081  3081 I cast_shell: [3084:3084:INFO:api_reboot.cc(321)] active_activities count=0
04-09 10:23:38.045  3081  3081 I cast_shell: [3084:3084:INFO:lycra_gcm.cc(121)] Registering GCM handler.
04-09 10:23:38.045  3081  3081 I cast_shell: [3084:3084:INFO:gcm_manager.cc(258)] Enabling GCM Driver
04-09 10:23:38.045  3081  3081 I cast_shell: [3084:3084:INFO:ccs_transport_gcm.cc(102)] Registering GCM handler
04-09 10:23:38.045  3081  3081 I cast_shell: [3084:3135:INFO:v2_transport.cc(681)] V2TransportImpl::CreatSelfSignedCertificateWithKey called.
04-09 10:23:38.045  3081  3081 I cast_shell: [3084:3124:INFO:setup_state.cc(261)] Setup state changed: SETUP_STATE_CHECKING_GLOBAL_CONNECTIVITY_BAD_ROUTER_WIFI_NOT_SAVED (51) -> SETUP_STATE_CONNECTED_WIFI_NOT_SAVED (61)
04-09 10:23:38.045  3081  3081 I cast_shell: [3084:3084:INFO:cast_receiver_impl.cc(1093)] Entering discovery-only mode
04-09 10:23:38.049  2711  2723 I yani_server: NetLink Event '-1' Interface-Index '5' WLAN '0' Ethernet '-1' Parsed-iFill '-1' -> 'INVALID' ifIndex '1' -> 'lo'
04-09 10:23:38.053  2971  2988 I otamanager: cast_updater_threadEntry() Response 'CheckUpdate' Current Firmware Update state 'Idle'
04-09 10:23:38.053  2971  2988 I otamanager: checkUpdate_l
04-09 10:23:38.053  2971  2988 I otamanager: Firmware Update State Change from Idle to CheckUpdate
04-09 10:23:38.054  2712  2712 I lucitransport: readRemoteMessage() MID char = 232 buffer = TRUE
04-09 10:23:38.054  2971  2988 E otamanager: lo not valid Interface for MAC ID
04-09 10:23:38.054  2971  2988 D otamanager: OTA: wlan IP = 192.168.1.145
04-09 10:23:38.054  2971  2988 I otamanager: OTA:checkIP mac = cc909321f384  IP = 192.168.1.145 
04-09 10:23:38.055  3081  3081 I cast_shell: [3084:3102:ERROR:unix_stream_client_socket.cc(52)] Cannot connect unix socket: /dev/socket/panel: No such file or directory (2)
04-09 10:23:38.055  3081  3081 I cast_shell: [3084:3102:ERROR:led_controller_ipc.cc(84)] Could not create IPC client for socket: /dev/socket/panel
04-09 10:23:38.056  2971  2988 I otamanager: DownloadHttpContent firmware version = eng.C4A.1203
04-09 10:23:38.059  2712  2712 I lucitransport: readRemoteMessage() MID char = 6 buffer = 1001
04-09 10:23:38.060  2712  2712 I lucitransport: readRemoteMessage() MID char = 7 buffer = 1.52.272222
04-09 10:23:38.060  2971  2988 I otamanager: OTA: DownloadHttpContent :payload =  {"device":{"brand":"COTODAMA","castVersion":"1.52.272222","deviceId":"cc909321f384","deviceType":"LS10_C4A","fwVersion":"1203","googleCast":true,"mcuVersion":"1001","model":"LSB"}}
04-09 10:23:38.060  2971  2988 I otamanager:  
04-09 10:23:38.061  2971  2988 I otamanager: OTA:------curlDownloadFirmwareXml---
04-09 10:23:38.061  2971  2988 I otamanager: OTA:isValidIpAddress: result 0
04-09 10:23:38.066  3081  3081 I cast_shell: [3084:3084:INFO:device_info_impl.cc(1094)] Primary netif changed: new=wlan0, old=usb0
04-09 10:23:38.066  3081  3081 I cast_shell: [3084:3084:INFO:device_info_impl.cc(1103)] Primary IP address changed: netif=wlan0, new=192.168.1.145, old=192.168.10.1
04-09 10:23:38.071  3081  3081 I cast_shell: [3084:3134:INFO:mdns_app_filter.cc(1702)] MdnsAppFilter is stopping
04-09 10:23:38.071  3081  3081 I cast_shell: [3084:3134:INFO:metrics_recorder.cc(282)] cast event: Cast.Discovery.Mdns.ResponderStopped
04-09 10:23:38.071  3081  3081 I cast_shell: [3084:3134:INFO:mdns_app_filter.cc(1709)] MdnsAppFilter is stopping; closing socket: address=192.168.2.1
04-09 10:23:38.071  3081  3081 I cast_shell: [3084:3134:INFO:metrics_recorder.cc(282)] cast event: Cast.Discovery.Mdns.SocketDestroyed
04-09 10:23:38.071  3081  3081 I cast_shell: [3084:3134:INFO:mdns_app_filter.cc(1709)] MdnsAppFilter is stopping; closing socket: address=192.168.10.1
04-09 10:23:38.071  3081  3081 I cast_shell: [3084:3134:INFO:metrics_recorder.cc(282)] cast event: Cast.Discovery.Mdns.SocketDestroyed
04-09 10:23:38.071  3081  3081 I cast_shell: [3084:3084:INFO:cast_receiver_impl.cc(1612)] mDNS Discovery stopped.
