04-09 10:20:35.646  3081  3081 I cast_shell: [3084:3134:INFO:metrics_recorder.cc(282)] cast event: Cast.Discovery.Mdns.SocketCreated
04-09 10:20:35.646  3081  3081 I cast_shell: [3084:3134:INFO:mdns_app_filter.cc(1254)] Created mDNS socket for interface:name=p2p1, address=192.168.2.1, index=7
04-09 10:20:35.650  2964  2974 D wac-main: Netlink event
04-09 10:20:35.650  3081  3081 I cast_shell: [3084:3134:INFO:metrics_recorder.cc(282)] cast event: Cast.Discovery.Mdns.SocketCreated
04-09 10:20:35.650  2964  2974 E wac-main: Netlink event 20 Interface Index 6 
04-09 10:20:35.650  2964  2974 E wac-main: Enter poll and wait
04-09 10:20:35.650  3081  3081 I cast_shell: [3084:3134:INFO:mdns_app_filter.cc(1254)] Created mDNS socket for interface:name=usb0, address=192.168.10.1, index=9
04-09 10:20:35.650  2964  2974 D wac-main: Netlink event
04-09 10:20:35.650  3081  3081 I cast_shell: [3084:3134:INFO:mdns_app_filter.cc(977)] MdnsAppFilter is starting.
04-09 10:20:35.661  3081  3081 I cast_shell: [3084:3124:INFO:setup_namespace_handler.cc(94)] Added a peer for setup namespace: domain-socket@/tmp/cast-control.1:system-0
04-09 10:20:35.663  3081  3081 I cast_shell: [3084:3137:INFO:multizone_group.cc(357)] Change name for group [PII](748CE0D67B38F435A32B07F869260CA6) to [PII](Lyric Speaker Box 21f384)
04-09 10:20:35.663  3081  3081 I cast_shell: [3084:3084:INFO:device_info_impl.cc(1133)] SSDP Config ID is increased: id=2
04-09 10:20:35.671  2733  2763 I bluetoothtbd: [0408/215035.671470:INFO:adapter.cc(551)] Adapter properties changed
04-09 10:20:35.679  2712  2712 I lucitransport: readRemoteMessage() MID char = 7 buffer = (null)
04-09 10:20:35.680  2711  2723 I yani_server: NetLink Event '6' Interface-Index '6' WLAN '-1' Ethernet '-1' Parsed-iFill '6' -> 'P2P0 CONNECTED' ifIndex '2' -> 'tunl0'
04-09 10:20:35.685  2711  2723 I yani_server: doLotofWork() List of interface '4'
04-09 10:20:35.685  2711  2723 I yani_server: doLotofWork() Interface 'p2p0' ifr[0].ifr_name 'lo' ipaddress '127.0.0.1'
04-09 10:20:35.685  2711  2723 I yani_server: doLotofWork() Interface 'p2p0' ifr[1].ifr_name 'p2p0' ipaddress '192.168.255.249'
04-09 10:20:35.685  2711  2723 I yani_server: doLotofWork() returns 'REFILL WACMODE'
04-09 10:20:35.685  2711  2723 E yani_server: YANI: I am Done Wait For Event 
04-09 10:20:35.685  2711  2723 I yani_kernel: yani_geteventfrom_changeaddr() Message-Id '1' Netlink event '21' Interface Index '6' -> Name 'p2p0' 
04-09 10:20:35.685  2711  2813 I yani_server: onNetworkParametersChanged() WAC Mode '1'  Index '2' Interface 'p2p0' Status '1'
04-09 10:20:35.686  2728  2741 I MB_HANDLER: YaniAlert() Interface '4' Status '1'
04-09 10:20:35.688  2712  2712 I lucitransport: writeRemoteMessage() MID = 124 buffer = 4#1,0#2,0#3,1#4,1
04-09 10:20:35.688  2712  2712 I luciUART: write() MID = 124  bytes = 27 data = 4#1,0#2,0#3,1#4,1 m_fd = 0x5
04-09 10:20:35.688  2729  2729 E AirableUIHelper: AirableUIHelper::YaniAlert  4 1 
04-09 10:20:35.689  2965  3160 E librecast: librecast::updateCastBuildVersion Cast build version number = 1.52.272222
04-09 10:20:35.689  2965  3160 E librecast: castVersion = 1.52.272222
04-09 10:20:35.689  2971  2981 I otamanager: YaniAlert() Interface 4 Status Up
04-09 10:20:35.689  2712  2712 I lucitransport: writeRemoteMessage() MID = 7 buffer = 1.52.272222
04-09 10:20:35.689  2712  2712 I luciUART: write() MID = 7  bytes = 21 data = 1.52.272222 m_fd = 0x5
04-09 10:20:35.690  2967  2967 I airplay-main: YaniAlert Interface 4 Status 1
04-09 10:20:35.693  3162  3162 I hostapd : IEEE 802.11: Steering disabled
04-09 10:20:35.697  2712  2720 E luciUART: UART:aa
04-09 10:20:35.697  2712  2720 E luciUART: UART:aa
04-09 10:20:35.697  2712  2720 E luciUART: UART:2
04-09 10:20:35.697  2712  2720 E luciUART: UART:0
04-09 10:20:35.697  2712  2720 E luciUART: UART:d0
04-09 10:20:35.697  2712  2720 E luciUART: UART:0
04-09 10:20:35.697  2712  2720 I chatty  : uid=0(root) UARTLUCIControl identical 2 lines
04-09 10:20:35.697  2712  2720 E luciUART: UART:0
04-09 10:20:35.697  2712  2720 E luciUART: UART:9
04-09 10:20:35.697  2712  2720 I luciUART: read() RemoteID = 43690 Command = 208 Type = 2 Status = 0 DataLen = 9
04-09 10:20:35.697  2712  2720 E luciUART: Error: full data not available yet! readBytes 0
04-09 10:20:35.697  2965  3160 I LibreCastControlDelegate: Active Applications -> 0
04-09 10:20:35.697  2712  2720 E luciUART: UART:52
04-09 10:20:35.697  2712  2720 I luciUART: Previous Packet read contd., 
04-09 10:20:35.697  2712  2720 E luciUART: UART:45
04-09 10:20:35.697  2712  2720 I luciUART: Previous Packet read contd., 
04-09 10:20:35.697  2965  3160 I LibreCastControlDelegate: Current Cast State '2' -> 'NOT_SETUP'
04-09 10:20:35.697  2965  3160 I LibreCastControlDelegate: OnCastStatus() ---
04-09 10:20:35.697  2712  2720 E luciUART: UART:41
04-09 10:20:35.697  2712  2720 I luciUART: Previous Packet read contd., 
04-09 10:20:35.697  2712  2720 E luciUART: UART:44
04-09 10:20:35.697  2712  2720 I luciUART: Previous Packet read contd., 
04-09 10:20:35.697  2712  2720 E luciUART: UART:5f
04-09 10:20:35.697  2712  2720 I luciUART: Previous Packet read contd., 
04-09 10:20:35.698  2712  2720 E luciUART: UART:73
04-09 10:20:35.698  2712  2720 I luciUART: Previous Packet read contd., 
04-09 10:20:35.698  2712  2720 E luciUART: UART:73
04-09 10:20:35.698  2712  2720 I luciUART: Previous Packet read contd., 
04-09 10:20:35.698  2712  2720 E luciUART: UART:69
04-09 10:20:35.698  2712  2720 I luciUART: Previous Packet read contd., 
04-09 10:20:35.698  2712  2720 E luciUART: UART:64
04-09 10:20:35.698  2712  2721 E LUCI_SERVER: Luci Server Thread wait over MID 208....
04-09 10:20:35.698  2712  2721 E LUCI_SERVER: Got NV name : ssid
04-09 10:20:35.698  2711  2723 I yani_server: NetLink Event '5' Interface-Index '6' WLAN '-1' Ethernet '-1' Parsed-iFill '5' -> 'P2P0 DISCONNECTED' ifIndex '2' -> 'tunl0'
04-09 10:20:35.699  2711  2723 E yani_server: YANI: I am Done Wait For Event 
04-09 10:20:35.699  2965  3160 I LibreCastControlDelegate: OnCastStatus() +++ Lyric Speaker Box 21f384:0xacb98198:NOT_SETUP
04-09 10:20:35.699  2965  3160 I LibreCastControlDelegate: Device Build Number -> '1.52.272222'
04-09 10:20:35.699  2711  2723 I yani_kernel: yani_geteventfrom_changeaddr() Message-Id '1' Netlink event '20' Interface Index '6' -> Name 'p2p0' 
04-09 10:20:35.699  2965  3160 I librecast: updateCastBuildVersion() Version 1.52.272222
04-09 10:20:35.699  2711  2813 I yani_server: onNetworkParametersChanged() WAC Mode '0'  Index '2' Interface 'p2p0' Status '0'
04-09 10:20:35.699  2712  2712 I lucitransport: readRemoteMessage() MID char = 7 buffer = 1.52.272222
04-09 10:20:35.700  2728  2741 I MB_HANDLER: YaniAlert() Interface '3' Status '0'
04-09 10:20:35.700  2965  3160 I LibreCastControlDelegate: Active Applications -> 0
04-09 10:20:35.700  2965  3160 I LibreCastControlDelegate: Current Cast State '2' -> 'NOT_SETUP'
04-09 10:20:35.702  2712  2712 I lucitransport: writeRemoteMessage() MID = 124 buffer = 0#1,0#2,0#3,0#4,0
04-09 10:20:35.702  2712  2712 I luciUART: write() MID = 124  bytes = 27 data = 0#1,0#2,0#3,0#4,0 m_fd = 0x5
04-09 10:20:35.702  2729  2729 E AirableUIHelper: AirableUIHelper::YaniAlert  3 0 
04-09 10:20:35.702  2971  2981 I otamanager: YaniAlert() Interface 3 Status Down
04-09 10:20:35.703  2965  3160 I LibreCastControl: LibreCastControl_SetMultizoneAudioOutputDelay() delay '80000' usecs RequestId '3' pCastControl 0xf4700728
04-09 10:20:35.703  2965  3160 I LibreCastControlDelegate: MultizoneDelay request ID 3 with delay 80000 usecs
04-09 10:20:35.703  2965  3160 I LibreCastControlDelegate: OnCastStatus() ---
04-09 10:20:35.703  2967  2967 I airplay-main: YaniAlert Interface 3 Status 0
04-09 10:20:35.703  2965  3160 I LibreCastControlDelegate: OnCastStatus() +++ Lyric Speaker Box 21f384:0xacb98198:NOT_SETUP
04-09 10:20:35.735  2965  3160 I LibreCastControl: LibreCastControl_RequestGVAStatus() RequestId '5' pCastControl 0xf4700728
04-09 10:20:35.735  2691  2691 I sh      : [0408/215035.735640:INFO:cast_message_service_impl.cc(1076)] CastMessageServiceImpl is ready
04-09 10:20:35.735  2965  3160 I LibreCastControlDelegate: OnResponse() ReqeustID 3, error  0
04-09 10:20:35.737  3081  3081 I cast_shell: [3084:3084:INFO:assistant_namespace_handler.cc(144)] Added a status listening peer for assistant namespace: domain-socket@/tmp/cast-control.1:system-0
04-09 10:20:35.737  2965  3160 I LibreCastControlDelegate: OnResponse() ReqeustID 5, error  0
04-09 10:20:36.485  3081  3081 I cast_shell: [3084:3137:INFO:multizone_manager.cc(1889)] Initial discovery complete
04-09 10:20:36.486  3081  3081 I cast_shell: [3084:3134:INFO:mdns_app_filter.cc(1605)] Re-probing due to newly registered service '3': _googlezone
04-09 10:20:36.486  3081  3081 I cast_shell: [3084:3084:INFO:mdns_manager_impl.cc(311)] Successfully registered service: type=_googlezone
04-09 10:20:36.535  3164  3164 I dnsmasq : started, version 2.51 DNS disabled
04-09 10:20:36.535  3164  3164 I dnsmasq : compile time options: no-IPv6 GNU-getopt no-DBus no-I18N DHCP no-scripts no-TFTP
04-09 10:20:36.535  3164  3164 I dnsmasq : DHCP, IP range 192.168.255.250 -- 192.168.255.254, lease time 12h
04-09 10:20:36.536  2711  2723 I yani_server: doLotofWork() List of interface '4'
04-09 10:20:36.536  2711  2723 I yani_server: doLotofWork() Interface 'p2p0' ifr[0].ifr_name 'lo' ipaddress '127.0.0.1'
04-09 10:20:36.536  2711  2723 I yani_server: doLotofWork() Interface 'p2p0' ifr[1].ifr_name 'p2p0' ipaddress '192.168.255.249'
04-09 10:20:36.536  2711  2723 I yani_server: doLotofWork() returns 'REFILL WACMODE'
04-09 10:20:36.537  2711  2723 E yani_server: YANI: I am Done Wait For Event 
04-09 10:20:36.537  2711  2813 I yani_server: onNetworkParametersChanged() WAC Mode '1'  Index '2' Interface 'p2p0' Status '1'
04-09 10:20:36.537  2728  2741 I MB_HANDLER: YaniAlert() Interface '4' Status '1'
04-09 10:20:36.538  3081  3081 I cast_shell: [3084:3124:INFO:ble_setup.cc(789)] Missing required info for sign.
04-09 10:20:36.539  2712  2712 I lucitransport: writeRemoteMessage() MID = 124 buffer = 4#1,0#2,0#3,1#4,1
04-09 10:20:36.539  2712  2712 I luciUART: write() MID = 124  bytes = 27 data = 4#1,0#2,0#3,1#4,1 m_fd = 0x5
04-09 10:20:36.539  2729  2729 E AirableUIHelper: AirableUIHelper::YaniAlert  4 1 
04-09 10:20:36.540  2971  2981 I otamanager: YaniAlert() Interface 4 Status Up
04-09 10:20:36.540  2967  2967 I airplay-main: YaniAlert Interface 4 Status 1
04-09 10:20:36.546  2712  2720 E luciUART: UART:aa
04-09 10:20:36.546  2712  2720 E luciUART: UART:aa
04-09 10:20:36.546  2712  2720 E luciUART: UART:2
04-09 10:20:36.546  2712  2720 E luciUART: UART:0
04-09 10:20:36.546  2712  2720 E luciUART: UART:d0
04-09 10:20:36.546  2712  2720 E luciUART: UART:0
04-09 10:20:36.547  2712  2720 I chatty  : uid=0(root) UARTLUCIControl identical 2 lines
04-09 10:20:36.547  2712  2720 E luciUART: UART:0
04-09 10:20:36.547  2712  2720 E luciUART: UART:9
04-09 10:20:36.547  2712  2720 I luciUART: read() RemoteID = 43690 Command = 208 Type = 2 Status = 0 DataLen = 9
04-09 10:20:36.547  2712  2720 E luciUART: Error: full data not available yet! readBytes 0
04-09 10:20:36.547  2712  2720 I luciUART: Previous Packet read contd., 
04-09 10:20:36.547  2712  2720 E luciUART: UART:52
04-09 10:20:36.547  2712  2720 I luciUART: Previous Packet read contd., 
04-09 10:20:36.547  2712  2720 E luciUART: UART:45
04-09 10:20:36.547  2712  2720 I luciUART: Previous Packet read contd., 
04-09 10:20:36.547  2712  2720 E luciUART: UART:41
04-09 10:20:36.547  2712  2720 I luciUART: Previous Packet read contd., 
04-09 10:20:36.547  2712  2720 E luciUART: UART:44
04-09 10:20:36.547  2712  2720 I luciUART: Previous Packet read contd., 
04-09 10:20:36.547  2712  2720 E luciUART: UART:5f
04-09 10:20:36.547  2712  2720 I luciUART: Previous Packet read contd., 
04-09 10:20:36.547  2712  2720 E luciUART: UART:73
04-09 10:20:36.547  2712  2720 I luciUART: Previous Packet read contd., 
04-09 10:20:36.547  2712  2720 E luciUART: UART:73
04-09 10:20:36.547  2712  2720 I luciUART: Previous Packet read contd., 
04-09 10:20:36.548  2712  2720 E luciUART: UART:69
04-09 10:20:36.548  2712  2720 I luciUART: Previous Packet read contd., 
04-09 10:20:36.548  2712  2720 E luciUART: UART:64
04-09 10:20:36.548  2712  2721 E LUCI_SERVER: Luci Server Thread wait over MID 208....
04-09 10:20:36.548  2712  2721 E LUCI_SERVER: Got NV name : ssid
04-09 10:20:36.549  2712  2721 I luciUART: write() MID = 208  bytes = 15 data = ssid: m_fd = 0x5
04-09 10:20:36.549  2712  2721 E LUCI_SERVER: NV_READ response= ssid:
04-09 10:20:36.549  2712  2721 E LUCI_SERVER: Luci Server Thread waiting for packets....
04-09 10:20:36.550  2964  2974 D wac-main: Netlink event
04-09 10:20:36.550  2964  2974 E wac-main: Netlink event 16 Interface Index 6 
04-09 10:20:36.550  2964  2974 E wac-main: p2p0 event Link Changed : 1002 
04-09 10:20:36.550  2964  2974 E wac-main: Enter poll and wait
04-09 10:20:36.550  2711  2723 I yani_kernel: yani_geteventfrom_changeaddr() Message-Id '1' Netlink event '16' Interface Index '6' -> Name 'p2p0' 
04-09 10:20:37.031  2732  2745 E WifiUtil: command: "SCAN" failed: FAIL-BUSY
04-09 10:20:37.032  2732  2745 W HotspotManager: hotspot already started
04-09 10:20:37.041  2965  3160 I LibreCastControlDelegate: OnCastStatus() +++ Lyric Speaker Box 21f384:0xacb98198:NOT_SETUP
04-09 10:20:37.041  2965  3160 I LibreCastControlDelegate: Device Build Number -> '1.52.272222'
04-09 10:20:37.041  2965  3160 I librecast: updateCastBuildVersion() Version 1.52.272222
04-09 10:20:37.041  2712  2712 I lucitransport: readRemoteMessage() MID char = 7 buffer = 1.52.272222
04-09 10:20:37.042  2711  2723 I yani_server: NetLink Event '-1' Interface-Index '5' WLAN '-1' Ethernet '-1' Parsed-iFill '-1' -> 'INVALID' ifIndex '1' -> 'lo'
04-09 10:20:37.042  2965  3160 I LibreCastControlDelegate: Active Applications -> 0
04-09 10:20:37.042  2965  3160 I LibreCastControlDelegate: Current Cast State '2' -> 'NOT_SETUP'
04-09 10:20:37.042  2965  3160 I LibreCastControlDelegate: OnCastStatus() ---
04-09 10:20:37.079  2964  2974 D wac-main: Netlink event
04-09 10:20:37.079  2964  2974 E wac-main: Netlink event 16 Interface Index 6 
04-09 10:20:37.080  2964  2974 E wac-main: p2p0 event Link Changed : 11043 
04-09 10:20:37.080  2964  2974 E wac-main: p2p0 Changed Up 
04-09 10:20:37.080  2711  2723 I yani_kernel: yani_geteventfrom_changeaddr() Message-Id '1' Netlink event '16' Interface Index '6' -> Name 'p2p0' 
04-09 10:20:37.080  2964  2974 I wifiapi : newconn : 0xf5200718
04-09 10:20:37.085  2964  2974 I wifiapi : 'STATUS' command returned = 0
04-09 10:20:37.085  2964  2974 E wac-main: current wifi status : 10
04-09 10:20:37.095  3081  3081 I cast_shell: [3084:3124:INFO:gatt_client_manager_impl.cc(202)] Enabling GATT client connectability
04-09 10:20:37.099  3081  3081 I cast_shell: [3084:3124:INFO:ble_setup.cc(915)] Sign related info completed, no future EurekaInfo need sign.
04-09 10:20:37.100  3081  3081 I cast_shell: [3084:3124:INFO:gatt_client_manager_impl.cc(202)] Enabling GATT client connectability
04-09 10:20:37.100  3081  3081 I chatty  : uid=1000(chrome) /bin/logwrapper identical 1 line
04-09 10:20:37.100  3081  3081 I cast_shell: [3084:3124:INFO:gatt_client_manager_impl.cc(202)] Enabling GATT client connectability
04-09 10:20:37.101  2733  2763 E bt_btif : BTA_GATTS_AddService: rcb_idx = 0
04-09 10:20:37.101  2733  2763 I bluetoothtbd: [0408/215037.101205:INFO:gatt_api.cc(207)] GATTS_AddService
04-09 10:20:37.101  2733  2763 I bluetoothtbd: [0408/215037.101828:INFO:gatt_api.cc(317)] GATTS_AddService: service parsed correctly, now starting
04-09 10:20:37.102  3081  3081 I cast_shell: [3084:3124:INFO:ble_setup_manager.cc(744)] Started Bluetooth service
04-09 10:20:38.029  3081  3081 I cast_shell: [3084:3092:ERROR:connectivity_checker_impl.cc(265)] Connectivity check failed: 400
04-09 10:20:38.448  3081  3081 I cast_shell: [3084:3134:INFO:mdns_app_filter.cc(1403)] MdnsAppFilter: Done probing.
04-09 10:20:39.036  3081  3081 I cast_shell: [3084:3092:ERROR:connectivity_checker_impl.cc(265)] Connectivity check failed: 400
04-09 10:20:39.453  3081  3081 I cast_shell: [3084:3084:INFO:grpc_service_discovery_impl.cc(185)] Mdns discovered google RPC for [PII](748CE0D67B38F435A32B07F869260CA6).
04-09 10:20:40.042  3081  3081 I cast_shell: [3084:3092:ERROR:connectivity_checker_impl.cc(265)] Connectivity check failed: 400
04-09 10:20:40.085  2964  2974 E wac-main: Enter poll and wait
04-09 10:20:40.454  3081  3081 I cast_shell: [3084:3134:INFO:mdns_app_filter.cc(1526)] MdnsAppFilter: Done announcing.
04-09 10:20:40.861  3081  3081 I cast_shell: [3084:3092:INFO:parent_tracker.cc(291)] [PII](748CE0D67B38F435A32B07F869260CA6) Become root
04-09 10:20:40.861  3081  3081 I cast_shell: [3084:3092:INFO:directory_service_impl.cc(200)] This device became root
04-09 10:20:41.048  3081  3081 I cast_shell: [3084:3092:ERROR:connectivity_checker_impl.cc(265)] Connectivity check failed: 400
04-09 10:20:44.067  3081  3081 I chatty  : uid=1000(chrome) /bin/logwrapper identical 3 lines
04-09 10:20:45.075  3081  3081 I cast_shell: [3084:3092:ERROR:connectivity_checker_impl.cc(265)] Connectivity check failed: 400
04-09 10:20:45.166  3081  3081 I cast_shell: [3084:3124:ERROR:setup_state.cc(424)] Timeout for state=SETUP_STATE_CHECKING_GLOBAL_CONNECTIVITY(50): move to state=SETUP_STATE_CHECKING_GLOBAL_CONNECTIVITY_BAD_ROUTER(52).
04-09 10:20:45.166  3081  3081 I cast_shell: [3084:3124:INFO:setup_state.cc(261)] Setup state changed: SETUP_STATE_CHECKING_GLOBAL_CONNECTIVITY (50) -> SETUP_STATE_CHECKING_GLOBAL_CONNECTIVITY_BAD_ROUTER (52)
04-09 10:20:45.169  2965  3160 I LibreCastControlDelegate: OnCastStatus() +++ Lyric Speaker Box 21f384:0xacb98198:NOT_SETUP
04-09 10:20:45.170  2965  3160 I LibreCastControlDelegate: Device Build Number -> '1.52.272222'
04-09 10:20:45.170  2965  3160 I librecast: updateCastBuildVersion() Version 1.52.272222
04-09 10:20:45.170  2712  2712 I lucitransport: readRemoteMessage() MID char = 7 buffer = 1.52.272222
04-09 10:20:45.170  2965  3160 I LibreCastControlDelegate: Active Applications -> 0
04-09 10:20:45.170  2965  3160 I LibreCastControlDelegate: Current Cast State '2' -> 'NOT_SETUP'
04-09 10:20:45.170  2965  3160 I LibreCastControlDelegate: OnCastStatus() ---
04-09 10:20:46.082  3081  3081 I cast_shell: [3084:3092:ERROR:connectivity_checker_impl.cc(265)] Connectivity check failed: 400
04-09 10:21:11.123  2732  2744 E NetworkMonitor: cannot find default IPv4 route for wlan0
04-09 10:21:11.124  2732  2744 E NetworkMonitor: cannot find default IPv6 route for wlan0
04-09 10:21:14.231  2732  2744 E NetworkMonitor: no response for /bin/ping -n -I wlan0 -c 10 -w 10 8.8.8.8
04-09 10:21:14.242  2732  2744 E NetworkMonitor: no response for /bin/ping6 -n -I wlan0 -c 10 -w 10 2001:4860:4860::8888
04-09 10:21:14.245  2732  2744 E NetworkMonitor: dns resolution failed
04-09 10:21:14.246  2732  2744 I NetworkMonitor: Cast.Wifi.Failure.Type 7
04-09 10:21:33.391  3081  3081 I chatty  : uid=1000(chrome) /bin/logwrapper identical 47 lines
04-09 10:21:34.398  3081  3081 I cast_shell: [3084:3092:ERROR:connectivity_checker_impl.cc(265)] Connectivity check failed: 400
04-09 10:21:34.781  3081  3081 I cast_shell: [3084:3084:INFO:grpc_manager_impl.cc(505)] GRPC[uri=[::]:0]: num_pending_calls=0, num_active_handlers=0, num_free_handlers=0
04-09 10:21:34.782  3081  3081 I cast_shell: [3084:3084:INFO:gcm_manager.cc(269)] Disabling GCM Driver
04-09 10:21:34.783  3081  3081 I cast_shell: [3084:3084:INFO:grpc_manager_impl.cc(505)] GRPC[uri=]: num_pending_calls=0, num_active_handlers=0, num_free_handlers=0
04-09 10:21:34.848  3081  3081 I cast_shell: [3084:3084:INFO:grpc_manager_impl.cc(505)] GRPC[uri=unix:/tmp/hcp_ipc_auth.socket]: num_pending_calls=0, num_active_handlers=10, num_free_handlers=0
04-09 10:21:34.852  3081  3081 I cast_shell: [3084:3084:INFO:grpc_manager_impl.cc(505)] GRPC[uri=unix:/tmp/modular_updater/modular_update_service]: num_pending_calls=0, num_active_handlers=0, num_free_handlers=0
04-09 10:21:34.877  3081  3081 I cast_shell: [3084:3084:INFO:metrics_recorder.cc(112)] Metrics stat: total=13
04-09 10:21:34.877  3081  3081 I cast_shell: Cast.Discovery.Mdns.ResponderStarted=2
04-09 10:21:34.877  3081  3081 I cast_shell: Cast.Discovery.Mdns.ResponderStopped=1
04-09 10:21:34.877  3081  3081 I cast_shell: Cast.Discovery.Mdns.SocketCreated=4
04-09 10:21:34.877  3081  3081 I cast_shell: Cast.Discovery.Mdns.SocketDestroyed=2
04-09 10:21:34.877  3081  3081 I cast_shell: Cast.System.Timezone.ChangeSuccessful=1
04-09 10:21:34.877  3081  3081 I cast_shell: CastV2.Connection.Connect.In=1
04-09 10:21:34.877  3081  3081 I cast_shell: CastV2.Receiver.DeviceStatus.Out=5
04-09 10:21:34.877  3081  3081 I cast_shell: CastV2.Receiver.DeviceStatus.Out.Broadcast=2
04-09 10:21:34.877  3081  3081 I cast_shell: CastV2.Receiver.GetStatus.In=1
04-09 10:21:34.877  3081  3081 I cast_shell: CastV2.Resource.Provider.In=1
04-09 10:21:34.994  3081  3081 I cast_shell: [3084:3084:INFO:metrics_recorder_impl.cc(672)] Activated server experiments: []
04-09 10:21:34.996  3081  3081 I cast_shell: [3084:3084:INFO:cast_logs_metrics_provider.cc(59)] netif is ipv4
04-09 10:21:34.997  3081  3081 I cast_shell: [3084:3084:ERROR:socket_posix.cc(148)] bind() failed: Address already in use (98)
04-09 10:21:34.997  3081  3081 I cast_shell: [3084:3084:INFO:net_util_impl.cc(1041)] Platform supports dual-stack
04-09 10:21:35.019  3081  3081 I cast_shell: [3084:3084:INFO:grpc_manager_impl.cc(505)] GRPC[uri=[::]:8012]: num_pending_calls=0, num_active_handlers=1, num_free_handlers=0
04-09 10:21:35.405  3081  3081 I cast_shell: [3084:3092:ERROR:connectivity_checker_impl.cc(265)] Connectivity check failed: 400
04-09 10:22:15.257  2732  2744 E NetworkMonitor: cannot find default IPv4 route for wlan0
04-09 10:22:15.257  2732  2744 E NetworkMonitor: cannot find default IPv6 route for wlan0
04-09 10:22:18.359  2732  2744 E NetworkMonitor: no response for /bin/ping -n -I wlan0 -c 10 -w 10 8.8.8.8
04-09 10:22:18.370  2732  2744 E NetworkMonitor: no response for /bin/ping6 -n -I wlan0 -c 10 -w 10 2001:4860:4860::8888
04-09 10:22:18.371  2732  2744 E NetworkMonitor: dns resolution failed
04-09 10:22:20.704  3081  3081 I chatty  : uid=1000(chrome) /bin/logwrapper identical 45 lines
04-09 10:22:21.711  3081  3081 I cast_shell: [3084:3092:ERROR:connectivity_checker_impl.cc(265)] Connectivity check failed: 400
04-09 10:22:22.286  2733  2811 I bt_btm_ble: btm_ble_conn_complete unable to match and resolve random address
04-09 10:22:22.289  2733  2811 W bt_smp  : smp_br_connect_callback is called on unexpected transport 2
04-09 10:22:22.289  2733  2811 W bt_btif : bta_dm_acl_change info: 0x0
04-09 10:22:22.289  2733  2763 I bluetoothtbd: [0408/215222.289529:INFO:gatt_server.cc(280)] Added connection entry for conn_id: 5 device address: 42:5A:B8:F0:A7:E0
04-09 10:22:22.289  2733  2763 D bt_btif_dm: remote version info [42:5a:b8:f0:a7:e0]: 0, 0, 0
04-09 10:22:22.289  2733  2763 I bluetoothtbd: [0408/215222.289926:INFO:adapter.cc(719)] ACL state changed: 42:5A:B8:F0:A7:E0 - connected: true
04-09 10:22:22.292  3081  3081 I cast_shell: [3084:3124:ERROR:bluetooth_v1_via_v2.cc(796)] Connection state changed. :e0 true
04-09 10:22:22.718  3081  3081 I cast_shell: [3084:3092:ERROR:connectivity_checker_impl.cc(265)] Connectivity check failed: 400
04-09 10:22:22.806  2733  2763 D bt_btif_scanner: btif_gatts_upstreams_evt: Unhandled event (26)
04-09 10:22:23.405  2733  2811 E bluetoothtbd: [0408/215223.405126:ERROR:gatt_sr.cc(743)] MTU request PDU with MTU size 515
04-09 10:22:23.405  2733  2811 W bt_l2cap: l2cble_set_fixed_channel_tx_data_length, request not supported
04-09 10:22:23.406  2733  2811 W bluetoothtbd: [0408/215223.406067:WARNING:gatt_utils.cc(837)] Call back not found for application conn_id=3
04-09 10:22:23.406  2733  2811 W bluetoothtbd: [0408/215223.406152:WARNING:gatt_utils.cc(837)] Call back not found for application conn_id=4
04-09 10:22:23.406  2733  2811 W bluetoothtbd: [0408/215223.406233:WARNING:gatt_utils.cc(837)] Call back not found for application conn_id=6
04-09 10:22:23.444  3081  3081 I cast_shell: [3084:3124:INFO:ble_setup.cc(322)] Record action: Setup.set_eureka_info.BLE.Locale
04-09 10:22:23.444  3081  3081 I cast_shell: [3084:3124:INFO:locale_manager.cc(576)] New locale: en-US
04-09 10:22:23.456  3081  3081 I cast_shell: [3084:3124:INFO:setup_state.cc(544)] EurekaInfoCalled: wifi_state=3, is_usable_ip_address=1, connected=0, is_initial_setup=1
04-09 10:22:23.456  3081  3081 I cast_shell: [3084:3124:INFO:setup_state.cc(261)] Setup state changed: SETUP_STATE_CHECKING_GLOBAL_CONNECTIVITY_BAD_ROUTER (52) -> SETUP_STATE_DISCONNECTED_EXTERNAL_CLIENT_ACCESSED (11)
04-09 10:22:23.456  3081  3081 I cast_shell: [3084:3109:INFO:media_manager_impl.cc(383)] TurnActive result: 0
04-09 10:22:23.461  2965  3160 I LibreCastControlDelegate: OnCastStatus() +++ Lyric Speaker Box 21f384:0xacb98198:NOT_SETUP
04-09 10:22:23.461  2965  3160 I LibreCastControlDelegate: Device Build Number -> '1.52.272222'
04-09 10:22:23.461  2965  3160 I librecast: updateCastBuildVersion() Version 1.52.272222
04-09 10:22:23.461  2712  2712 I lucitransport: readRemoteMessage() MID char = 7 buffer = 1.52.272222
04-09 10:22:23.462  2965  3160 I LibreCastControlDelegate: Active Applications -> 0
04-09 10:22:23.462  2965  3160 I LibreCastControlDelegate: Current Cast State '2' -> 'NOT_SETUP'
04-09 10:22:23.462  2965  3160 I LibreCastControlDelegate: OnCastStatus() ---
04-09 10:22:23.462  2965  3160 I LibreCastControlDelegate: OnCastStatus() +++ Lyric Speaker Box 21f384:0xacb98198:NOT_SETUP
04-09 10:22:23.462  2965  3160 I LibreCastControlDelegate: Device Build Number -> '1.52.272222'
04-09 10:22:23.462  2965  3160 I librecast: updateCastBuildVersion() Version 1.52.272222
04-09 10:22:23.463  2712  2712 I lucitransport: readRemoteMessage() MID char = 7 buffer = 1.52.272222
04-09 10:22:23.487  2733  2763 D bt_btif_scanner: btif_gatts_upstreams_evt: Unhandled event (26)
04-09 10:22:23.538  3081  3081 I cast_shell: [3084:3124:INFO:metrics_recorder.cc(282)] Record action: Setup.version.BLE
04-09 10:22:23.636  3081  3081 I cast_shell: [3084:3124:INFO:metrics_recorder.cc(282)] Record action: Setup.name_utf8.BLE
04-09 10:22:23.725  3081  3081 I cast_shell: [3084:3092:ERROR:connectivity_checker_impl.cc(265)] Connectivity check failed: 400
04-09 10:22:23.938  2733  2763 D bt_btif_scanner: btif_gatts_upstreams_evt: Unhandled event (26)
04-09 10:22:23.940  3081  3081 I cast_shell: [3084:3124:INFO:metrics_recorder.cc(282)] Record action: Setup.tos_accepted.BLE
04-09 10:22:23.969  3081  3081 I cast_shell: [3084:3124:INFO:metrics_recorder.cc(282)] Record action: Setup.state.BLE
04-09 10:22:23.999  3081  3081 I cast_shell: [3084:3124:INFO:metrics_recorder.cc(282)] Record action: Setup.ip_address.BLE
04-09 10:22:24.074  3081  3081 I cast_shell: [3084:3124:INFO:metrics_recorder.cc(282)] Record action: Setup.eureka_info_immutable_basic.BLE
04-09 10:22:24.119  3081  3081 I cast_shell: [3084:3124:INFO:metrics_recorder.cc(282)] Record action: Setup.eureka_info_mutable_reads.BLE
04-09 10:22:24.149  3081  3081 I cast_shell: [3084:3124:INFO:metrics_recorder.cc(282)] Record action: Setup.eureak_info_keys.BLE
04-09 10:22:24.254  3081  3081 I cast_shell: [3084:3124:INFO:metrics_recorder.cc(282)] Record action: Setup.eureka_info_immutable_basic.BLE
04-09 10:22:24.284  3081  3081 I cast_shell: [3084:3124:INFO:metrics_recorder.cc(282)] Record action: Setup.eureak_info_keys.BLE
04-09 10:22:24.584  3081  3081 I chatty  : uid=1000(chrome) /bin/logwrapper identical 4 lines
04-09 10:22:24.659  3081  3081 I cast_shell: [3084:3124:INFO:metrics_recorder.cc(282)] Record action: Setup.eureak_info_keys.BLE
04-09 10:22:24.731  3081  3081 I cast_shell: [3084:3092:ERROR:connectivity_checker_impl.cc(265)] Connectivity check failed: 400
04-09 10:22:24.734  3081  3081 I cast_shell: [3084:3124:INFO:metrics_recorder.cc(282)] Record action: Setup.i8n_info.BLE
04-09 10:22:25.109  3081  3081 I chatty  : uid=1000(chrome) /bin/logwrapper identical 5 lines
04-09 10:22:25.184  3081  3081 I cast_shell: [3084:3124:INFO:metrics_recorder.cc(282)] Record action: Setup.i8n_info.BLE
04-09 10:22:25.260  3081  3081 I cast_shell: [3084:3124:INFO:ble_setup.cc(322)] Record action: Setup.set_eureka_info.BLE.CountryCode
04-09 10:22:25.260  3081  3081 I cast_shell: [3084:3124:INFO:locale_manager.cc(639)] New country code: IN
04-09 10:22:25.261  2710  2710 I wpa_supplicant: wlan0: CTRL-EVENT-REGDOM-CHANGE init=USER type=COUNTRY alpha2=IN
04-09 10:22:25.265  2711  2723 I yani_server: NetLink Event '-1' Interface-Index '5' WLAN '-1' Ethernet '-1' Parsed-iFill '-1' -> 'INVALID' ifIndex '1' -> 'lo'
04-09 10:22:25.268  2711  2723 I yani_server: NetLink Event '-1' Interface-Index '5' WLAN '0' Ethernet '-1' Parsed-iFill '-1' -> 'INVALID' ifIndex '1' -> 'lo'
04-09 10:22:25.270  2965  3160 I LibreCastControlDelegate: OnCastStatus() +++ Lyric Speaker Box 21f384:0xacb98198:NOT_SETUP
04-09 10:22:25.270  2965  3160 I LibreCastControlDelegate: Device Build Number -> '1.52.272222'
04-09 10:22:25.270  2965  3160 I librecast: updateCastBuildVersion() Version 1.52.272222
04-09 10:22:25.270  2712  2712 I lucitransport: readRemoteMessage() MID char = 7 buffer = 1.52.272222
04-09 10:22:25.271  2965  3160 I LibreCastControlDelegate: Active Applications -> 0
04-09 10:22:25.271  2965  3160 I LibreCastControlDelegate: Current Cast State '2' -> 'NOT_SETUP'
04-09 10:22:25.271  2965  3160 I LibreCastControlDelegate: OnCastStatus() ---
04-09 10:22:25.737  3081  3081 I cast_shell: [3084:3092:ERROR:connectivity_checker_impl.cc(265)] Connectivity check failed: 400
04-09 10:22:26.323  3081  3081 I cast_shell: [3084:3124:INFO:ble_setup.cc(322)] Record action: Setup.scan_wifi.BLE
04-09 10:22:26.324  3081  3081 I cast_shell: [3084:3124:WARNING:wifi_controller_wpa_supplicant.cc(797)] Wpa responses FAIL-BUSY, assuming it is associating, which will keep scan_results fresh.
04-09 10:22:26.744  3081  3081 I cast_shell: [3084:3092:ERROR:connectivity_checker_impl.cc(265)] Connectivity check failed: 400
04-09 10:22:27.750  3081  3081 I cast_shell: [3084:3092:ERROR:connectivity_checker_impl.cc(265)] Connectivity check failed: 400
04-09 10:22:28.751  2711  2723 I yani_server: NetLink Event '-1' Interface-Index '5' WLAN '0' Ethernet '-1' Parsed-iFill '-1' -> 'INVALID' ifIndex '1' -> 'lo'
04-09 10:22:28.752  2964  2974 D wac-main: Netlink event
04-09 10:22:28.752  2964  2974 E wac-main: Netlink event 16 Interface Index 5 
04-09 10:22:28.753  2964  2974 E wac-main: Enter poll and wait
04-09 10:22:28.753  2964  2974 D wac-main: Netlink event
04-09 10:22:28.753  2964  2974 E wac-main: Netlink event 16 Interface Index 5 
04-09 10:22:28.753  2964  2974 E wac-main: Enter poll and wait
04-09 10:22:28.758  2711  2723 I yani_server: NetLink Event '-1' Interface-Index '5' WLAN '0' Ethernet '-1' Parsed-iFill '-1' -> 'INVALID' ifIndex '1' -> 'lo'
04-09 10:22:28.760  2711  2723 I chatty  : uid=0(root) YaniServer identical 1 line
04-09 10:22:28.761  2711  2723 I yani_server: NetLink Event '-1' Interface-Index '5' WLAN '0' Ethernet '-1' Parsed-iFill '-1' -> 'INVALID' ifIndex '1' -> 'lo'
04-09 10:22:28.765  2965  3160 I LibreCastControlDelegate: OnCastStatus() +++ Lyric Speaker Box 21f384:0xacb98198:NOT_SETUP
04-09 10:22:28.765  2965  3160 I LibreCastControlDelegate: Device Build Number -> '1.52.272222'
04-09 10:22:28.765  2965  3160 I librecast: updateCastBuildVersion() Version 1.52.272222
04-09 10:22:28.765  2712  2712 I lucitransport: readRemoteMessage() MID char = 7 buffer = 1.52.272222
04-09 10:22:28.766  2965  3160 I LibreCastControlDelegate: Active Applications -> 0
04-09 10:22:28.766  2965  3160 I LibreCastControlDelegate: Current Cast State '2' -> 'NOT_SETUP'
04-09 10:22:28.766  2965  3160 I LibreCastControlDelegate: OnCastStatus() ---
04-09 10:22:28.769  2711  2723 I yani_server: NetLink Event '-1' Interface-Index '5' WLAN '0' Ethernet '-1' Parsed-iFill '-1' -> 'INVALID' ifIndex '1' -> 'lo'
04-09 10:22:28.770  2711  2723 I yani_server: NetLink Event '-1' Interface-Index '5' WLAN '0' Ethernet '-1' Parsed-iFill '-1' -> 'INVALID' ifIndex '1' -> 'lo'
04-09 10:22:28.770  2711  2723 I yani_kernel: yani_geteventfrom_changeaddr() Message-Id '1' Netlink event '16' Interface Index '5' -> Name 'wlan0' 
04-09 10:22:28.772  2711  2723 I yani_kernel: yani_geteventfrom_changeaddr() Message-Id '1' Netlink event '16' Interface Index '5' -> Name 'wlan0' 
04-09 10:22:28.775  3081  3081 I cast_shell: [3084:3092:ERROR:connectivity_checker_impl.cc(265)] Connectivity check failed: 400
04-09 10:22:29.781  3081  3081 I cast_shell: [3084:3092:ERROR:connectivity_checker_impl.cc(265)] Connectivity check failed: 400
04-09 10:22:30.358  2710  2710 I wpa_supplicant: wlan0: CTRL-EVENT-SCAN-FAILED ret=-11
04-09 10:22:30.359  3081  3081 I cast_shell: [3084:3124:INFO:ble_setup.cc(322)] Record action: Setup.scan_wifi.BLE
04-09 10:22:30.359  2711  2723 I yani_server: NetLink Event '-1' Interface-Index '5' WLAN '-1' Ethernet '-1' Parsed-iFill '-1' -> 'INVALID' ifIndex '1' -> 'lo'
04-09 10:22:30.365  2965  3160 I LibreCastControlDelegate: OnCastStatus() +++ Lyric Speaker Box 21f384:0xacb98198:NOT_SETUP
04-09 10:22:30.365  2965  3160 I LibreCastControlDelegate: Device Build Number -> '1.52.272222'
04-09 10:22:30.365  2965  3160 I librecast: updateCastBuildVersion() Version 1.52.272222
04-09 10:22:30.365  2712  2712 I lucitransport: readRemoteMessage() MID char = 7 buffer = 1.52.272222
04-09 10:22:30.365  2965  3160 I LibreCastControlDelegate: Active Applications -> 0
04-09 10:22:30.365  2965  3160 I LibreCastControlDelegate: Current Cast State '2' -> 'NOT_SETUP'
04-09 10:22:30.365  2965  3160 I LibreCastControlDelegate: OnCastStatus() ---
04-09 10:22:30.788  3081  3081 I cast_shell: [3084:3092:ERROR:connectivity_checker_impl.cc(265)] Connectivity check failed: 400
04-09 10:22:32.801  3081  3081 I chatty  : uid=1000(chrome) /bin/logwrapper identical 2 lines
04-09 10:22:33.808  3081  3081 I cast_shell: [3084:3092:ERROR:connectivity_checker_impl.cc(265)] Connectivity check failed: 400
04-09 10:22:34.423  3081  3081 I cast_shell: [3084:3124:INFO:metrics_recorder.cc(282)] Record action: Setup.scan_results.BLE
04-09 10:22:34.498  3081  3081 I cast_shell: [3084:3124:INFO:metrics_recorder.cc(282)] Record action: Setup.scan_results.BLE
04-09 10:22:34.782  3081  3081 I cast_shell: [3084:3084:INFO:grpc_manager_impl.cc(505)] GRPC[uri=[::]:0]: num_pending_calls=0, num_active_handlers=0, num_free_handlers=0
04-09 10:22:34.784  3081  3081 I cast_shell: [3084:3084:INFO:grpc_manager_impl.cc(505)] GRPC[uri=]: num_pending_calls=0, num_active_handlers=0, num_free_handlers=0
04-09 10:22:34.814  3081  3081 I cast_shell: [3084:3092:ERROR:connectivity_checker_impl.cc(265)] Connectivity check failed: 400
04-09 10:22:34.848  3081  3081 I cast_shell: [3084:3084:INFO:grpc_manager_impl.cc(505)] GRPC[uri=unix:/tmp/hcp_ipc_auth.socket]: num_pending_calls=0, num_active_handlers=10, num_free_handlers=0
04-09 10:22:34.853  3081  3081 I cast_shell: [3084:3084:INFO:grpc_manager_impl.cc(505)] GRPC[uri=unix:/tmp/modular_updater/modular_update_service]: num_pending_calls=0, num_active_handlers=0, num_free_handlers=0
04-09 10:22:34.877  3081  3081 I cast_shell: [3084:3084:INFO:metrics_recorder.cc(112)] Metrics stat: total=12
04-09 10:22:34.877  3081  3081 I cast_shell: Cast.Discovery.Mdns.ResponderPing=1
04-09 10:22:34.877  3081  3081 I cast_shell: Cast.Discovery.Mdns.SocketPing=2
04-09 10:22:34.877  3081  3081 I cast_shell: Setup.eureak_info_keys.BLE=7
04-09 10:22:34.877  3081  3081 I cast_shell: Setup.eureka_info_immutable_basic.BLE=2
04-09 10:22:34.877  3081  3081 I cast_shell: Setup.eureka_info_mutable_reads.BLE=1
04-09 10:22:34.877  3081  3081 I cast_shell: Setup.i8n_info.BLE=7
04-09 10:22:34.877  3081  3081 I cast_shell: Setup.ip_address.BLE=1
04-09 10:22:34.877  3081  3081 I cast_shell: Setup.name_utf8.BLE=1
04-09 10:22:34.877  3081  3081 I cast_shell: Setup.scan_results.BLE=2
04-09 10:22:34.877  3081  3081 I cast_shell: Setup.state.BLE=1
04-09 10:22:34.991  3081  3081 I cast_shell: [3084:3124:INFO:wifi_proximity.cc(177)] Request scan.
04-09 10:22:35.020  3081  3081 I cast_shell: [3084:3084:INFO:grpc_manager_impl.cc(505)] GRPC[uri=[::]:8012]: num_pending_calls=0, num_active_handlers=1, num_free_handlers=0
04-09 10:22:35.821  3081  3081 I cast_shell: [3084:3092:ERROR:connectivity_checker_impl.cc(265)] Connectivity check failed: 400
04-09 10:22:36.644  3081  3081 I cast_shell: [3084:3124:INFO:ble_setup.cc(322)] Record action: Setup.play_sound.BLE
04-09 10:22:36.645  3081  3081 I cast_shell: [3084:3103:INFO:synchronized_sound_player.cc(362)] Playing sound key 2
04-09 10:22:36.673  3081  3081 I cast_shell: [3084:3103:INFO:audio_decoder_software_wrapper.cc(86)] Using backend decoder for PCM
04-09 10:22:36.673  3081  3081 I cast_shell: [3084:3108:INFO:mixer_input_connection.cc(208)] Create 0xf4f5bfa0 (no_delay), content type: media, focus type: media, fill size: 512, algorithm fill size: 221, channel count: 1, input sample rate: 44100, start threshold: 3087, max queue size: 8820, socket: 0xf1f22a10
04-09 10:22:36.673  3081  3081 I cast_shell: [3084:3107:INFO:mixer_output_stream_alsa.cc(428)] ALSA buffer = 4096, period = 512
04-09 10:22:36.673  3081  3081 I cast_shell: [3084:3106:INFO:stream_mixer.cc(604)] Input source channel count = 1
04-09 10:22:36.673  3081  3081 I cast_shell: [3084:3106:INFO:stream_mixer.cc(607)] Dynamic channel count not enabled; using stereo
04-09 10:22:36.673  3081  3081 I cast_shell: [3084:3106:INFO:stream_mixer.cc(604)] Input source channel count = 1
04-09 10:22:36.673  3081  3081 I cast_shell: [3084:3106:INFO:stream_mixer.cc(607)] Dynamic channel count not enabled; using stereo
04-09 10:22:36.673  3081  3081 I cast_shell: [3084:3106:INFO:stream_mixer.cc(416)] Start with 0 active inputs
04-09 10:22:36.679  3081  3081 I cast_shell: [3084:3107:INFO:mixer_output_stream_alsa.cc(171)] snd_pcm_open: handle=0xf3b0e910
04-09 10:22:36.687  3081  3081 I cast_shell: [3084:3107:WARNING:mixer_output_stream_alsa.cc(341)] Requested sample rate (44100 Hz) does not match the actual sample rate (48000 Hz). This may lead to lower audio quality.
04-09 10:22:36.687  3081  3081 I cast_shell: [3084:3107:INFO:mixer_output_stream_alsa.cc(346)] Sample rate changed from 0 to 48000
04-09 10:22:36.687  3081  3081 I cast_shell: [3084:3107:WARNING:mixer_output_stream_alsa.cc(379)] Requested period size (512 frames) does not match the actual period size (1024 frames). This may lead to an increase in CPU usage or an increase in audio latency.
04-09 10:22:36.690  3081  3081 I cast_shell: [3084:3106:INFO:stream_mixer.cc(466)] Output 2 channels at 48000 samples per second
04-09 10:22:36.690  3081  3081 I cast_shell: [3084:3106:INFO:stream_mixer.cc(484)] Using 2 loopback channels
04-09 10:22:36.690  3081  3081 I cast_shell: [3084:3107:INFO:filter_group.cc(340)] : 2ch@48000hz -> [GROUP]mix -> 2ch@48000hz
04-09 10:22:36.690  3081  3081 I cast_shell: [3084:3107:INFO:filter_group.cc(340)] [GROUP]mix: 2ch@48000hz -> [GROUP]linearize -> 2ch@48000hz
04-09 10:22:36.690  3081  3081 I cast_shell: [3084:3106:INFO:stream_mixer.cc(640)] Add input 0xf4f5bfa4 to mix @ 48000 samples per second. Is primary source? = 0
04-09 10:22:36.695  3081  3081 I cast_shell: [3084:3106:INFO:mixer_input.cc(361)] no_delay(0xf4f5bfa4): set volume limits to [0, 1]
04-09 10:22:36.695  3081  3081 I cast_shell: [3084:3106:INFO:mixer_input.cc(121)] Remixing channels for 0xf4f5bfa4 from 1 to 2
04-09 10:22:36.695  3081  3081 I cast_shell: [3084:3106:INFO:mixer_input.cc(346)] no_delay(0xf4f5bfa4): type volume = 1, effective multiplier = 1
04-09 10:22:36.695  3081  3081 I cast_shell: [3084:3106:INFO:mixer_input.cc(395)] no_delay(0xf4f5bfa4): mute volume = 1, effective multiplier = 1
04-09 10:22:36.696  3081  3081 I cast_shell: [3084:3106:INFO:mixer_input_connection.cc(1053)] 0xf4f5bfa0 ready for playback
04-09 10:22:36.696  3081  3081 I cast_shell: [3084:3103:INFO:media_pipeline_backend_for_mixer.cc(276)] Audio ready to play
04-09 10:22:36.697  3081  3081 I cast_shell: [3084:3106:INFO:mixer_input_connection.cc(705)] Start 0xf4f5bfa0
04-09 10:22:36.704  3081  3081 I cast_shell: [3084:3124:INFO:ble_setup.cc(322)] Record action: Setup.play_sound.BLE
04-09 10:22:36.704  3081  3081 I cast_shell: [3084:3103:INFO:synchronized_sound_player.cc(362)] Playing sound key 0
04-09 10:22:36.705  3081  3081 I cast_shell: [3084:3108:INFO:mixer_input_connection.cc(386)] Remove 0xf4f5bfa0
04-09 10:22:36.727  3081  3081 I cast_shell: [3084:3103:INFO:audio_decoder_software_wrapper.cc(86)] Using backend decoder for PCM
04-09 10:22:36.727  3081  3081 I cast_shell: [3084:3108:INFO:mixer_input_connection.cc(208)] Create 0xf4f5ef98 (no_delay), content type: media, focus type: media, fill size: 512, algorithm fill size: 240, channel count: 2, input sample rate: 48000, start threshold: 3360, max queue size: 9600, socket: 0xf1f22940
04-09 10:22:36.743  3081  3081 I cast_shell: [3084:3108:INFO:mixer_input_connection.cc(243)] Delete 0xf4f5bfa0
04-09 10:22:36.744  3081  3081 I cast_shell: [3084:3106:INFO:stream_mixer.cc(683)] Remove input 0xf4f5bfa4
04-09 10:22:36.744  3081  3081 I chatty  : uid=1000(chrome) /bin/logwrapper identical 1 line
04-09 10:22:36.744  3081  3081 I cast_shell: [3084:3106:INFO:stream_mixer.cc(683)] Remove input 0xf4f5bfa4
04-09 10:22:36.744  3081  3081 I cast_shell: [3084:3106:INFO:stream_mixer.cc(604)] Input source channel count = 2
04-09 10:22:36.744  3081  3081 I cast_shell: [3084:3103:INFO:media_pipeline_backend_for_mixer.cc(276)] Audio ready to play
04-09 10:22:36.745  3081  3081 I cast_shell: [3084:3106:INFO:stream_mixer.cc(607)] Dynamic channel count not enabled; using stereo
04-09 10:22:36.745  3081  3081 I cast_shell: [3084:3106:INFO:stream_mixer.cc(640)] Add input 0xf4f5ef9c to mix @ 48000 samples per second. Is primary source? = 0
04-09 10:22:36.745  3081  3081 I cast_shell: [3084:3106:INFO:mixer_input.cc(361)] no_delay(0xf4f5ef9c): set volume limits to [0, 1]
04-09 10:22:36.745  3081  3081 I cast_shell: [3084:3106:INFO:mixer_input.cc(346)] no_delay(0xf4f5ef9c): type volume = 1, effective multiplier = 1
04-09 10:22:36.745  3081  3081 I cast_shell: [3084:3106:INFO:mixer_input.cc(395)] no_delay(0xf4f5ef9c): mute volume = 1, effective multiplier = 1
04-09 10:22:36.764  3081  3081 I cast_shell: [3084:3106:INFO:mixer_input_connection.cc(705)] Start 0xf4f5ef98
04-09 10:22:36.826  3081  3081 I cast_shell: [3084:3092:ERROR:connectivity_checker_impl.cc(265)] Connectivity check failed: 400
04-09 10:22:37.832  3081  3081 I cast_shell: [3084:3092:ERROR:connectivity_checker_impl.cc(265)] Connectivity check failed: 400
04-09 10:22:38.364  3081  3081 I cast_shell: [3084:3106:INFO:mixer_input_connection.cc(589)] End of stream for 0xf4f5ef98
04-09 10:22:38.556  3081  3081 I cast_shell: [3084:3103:INFO:synchronized_sound_player.cc(496)] Finished playing sound
04-09 10:22:38.556  3081  3081 I cast_shell: [3084:3108:INFO:mixer_input_connection.cc(386)] Remove 0xf4f5ef98
04-09 10:22:38.620  3081  3081 I cast_shell: [3084:3108:INFO:mixer_input_connection.cc(243)] Delete 0xf4f5ef98
04-09 10:22:38.620  3081  3081 I cast_shell: [3084:3106:INFO:stream_mixer.cc(683)] Remove input 0xf4f5ef9c
04-09 10:22:38.620  3081  3081 I cast_shell: [3084:3106:INFO:stream_mixer.cc(774)] Close timeout
04-09 10:22:38.620  3081  3081 I cast_shell: [3084:3106:INFO:stream_mixer.cc(541)] Stop
04-09 10:22:38.621  3081  3081 I cast_shell: [3084:3092:INFO:loopback_audio_input.cc(194)] [REALIGN] loopback interrupted; reason = 4
04-09 10:22:38.621  3081  3081 I cast_shell: [3084:3084:INFO:cast_receiver_mojo.cc(844)] cast event : Cast.Platform.Audio.OutputInterrupted
04-09 10:22:38.705  3081  3081 I cast_shell: [3084:3107:INFO:mixer_output_stream_alsa.cc(293)] snd_pcm_close: handle=0xf3b0e910
04-09 10:22:38.839  3081  3081 I cast_shell: [3084:3092:ERROR:connectivity_checker_impl.cc(265)] Connectivity check failed: 400
04-09 10:23:19.382  2732  2744 E NetworkMonitor: cannot find default IPv4 route for wlan0
04-09 10:23:19.383  2732  2744 E NetworkMonitor: cannot find default IPv6 route for wlan0
04-09 10:23:20.109  3081  3081 I chatty  : uid=1000(chrome) /bin/logwrapper identical 41 lines
04-09 10:23:21.115  3081  3081 I cast_shell: [3084:3092:ERROR:connectivity_checker_impl.cc(265)] Connectivity check failed: 400
04-09 10:23:21.982  3081  3081 I cast_shell: [3084:3124:INFO:ble_setup.cc(322)] Record action: Setup.connect_wifi.BLE
04-09 10:23:21.988  3081  3081 I cast_shell: [3084:3124:INFO:setup_manager_impl.cc(1965)] New value: pref=tos-accepted, value=1
04-09 10:23:21.988  3081  3081 I cast_shell: [3084:3124:INFO:api_connect_wifi.cc(86)] connect_wifi Auth: 7
04-09 10:23:21.988  3081  3081 I cast_shell: [3084:3124:INFO:api_connect_wifi.cc(90)] connect_wifi Cipher: 4
04-09 10:23:21.989  3081  3081 I cast_shell: [3084:3084:INFO:bluetooth_setup.cc(686)] Disabling connectability: no bonded devices.
04-09 10:23:21.989  3081  3081 I cast_shell: [3084:3084:INFO:cast_receiver_impl.cc(1100)] Leaving discovery-only mode
04-09 10:23:21.989  3081  3081 I cast_shell: [3084:3084:INFO:application_config_manager_impl.cc(566)] Enabling virtual device 574f0213-c1ae-a91b-482b-590ff72f989a
04-09 10:23:21.990  3081  3081 I cast_shell: [3084:3134:INFO:mdns_cast_service.cc(351)] Device discovery state is idle
04-09 10:23:21.990  3081  3081 I cast_shell: [3084:3134:INFO:mdns_util.cc(102)] Defaulting mDNS capabilities for audio-only build
04-09 10:23:22.004  3081  3081 I cast_shell: [3084:3124:INFO:wifi_controller_wpa_supplicant.cc(1188)] strongest_snr=25 wifi_interface_index=0
04-09 10:23:22.022  2733  2763 I bluetoothtbd: [0408/215322.022263:INFO:adapter.cc(551)] Adapter properties changed
04-09 10:23:22.022  3081  3081 I cast_shell: [3084:3124:INFO:api_connect_wifi.cc(159)] [PII] Configuring wifi: ssid=Linksys16717_2G, auth=7, pairwise=4, id=0"
04-09 10:23:22.022  3081  3081 I cast_shell: [3084:3124:INFO:api_connect_wifi.cc(162)] Configuring wifi: otg =0, tethering_mode =0, wifi_auto_save_enabled=0
04-09 10:23:22.022  3081  3081 I cast_shell: [3084:3124:INFO:local_network_info_impl.cc(276)] CONNECTIVITY_ID changed:
04-09 10:23:22.022  3081  3081 I cast_shell: [3084:3124:INFO:setup_state.cc(261)] Setup state changed: SETUP_STATE_DISCONNECTED_EXTERNAL_CLIENT_ACCESSED (11) -> SETUP_STATE_SCANNING (20)
04-09 10:23:22.022  3081  3081 I cast_shell: [3084:3084:INFO:ccs_manager_impl.cc(1799)] Connectivity ID has changed; Will re-register CCS
04-09 10:23:22.022  3081  3081 I cast_shell: [3084:3084:INFO:ccs_manager_impl.cc(851)] Network connectivity down for CcsManager
04-09 10:23:22.022  3081  3081 I cast_shell: [3084:3124:INFO:bluetooth_manager.cc(115)] Record action: Cast.Bluetooth.DiscoveryMode.Disable
04-09 10:23:22.023  2711  2723 I yani_server: NetLink Event '-1' Interface-Index '5' WLAN '0' Ethernet '-1' Parsed-iFill '-1' -> 'INVALID' ifIndex '1' -> 'lo'
04-09 10:23:22.027  3081  3081 I cast_shell: [3084:3124:INFO:setup_state.cc(261)] Setup state changed: SETUP_STATE_SCANNING (20) -> SETUP_STATE_CHECKING_GLOBAL_CONNECTIVITY (50)
04-09 10:23:22.033  2965  3160 I LibreCastControlDelegate: OnCastStatus() +++ Lyric Speaker Box 21f384:0xacb98198:OFFLINE
04-09 10:23:22.033  2965  3160 I LibreCastControlDelegate: Device Build Number -> '1.52.272222'
04-09 10:23:22.033  2965  3160 I librecast: updateCastBuildVersion() Version 1.52.272222
04-09 10:23:22.034  2712  2712 I lucitransport: readRemoteMessage() MID char = 7 buffer = 1.52.272222
04-09 10:23:22.034  2965  3160 I LibreCastControlDelegate: Active Applications -> 0
04-09 10:23:22.034  2965  3160 I LibreCastControlDelegate: Current Cast State '3' -> 'OFFLINE'
04-09 10:23:22.034  2965  3160 I LibreCastControlDelegate: OnCastStatus() ---
04-09 10:23:22.036  2965  3160 I LibreCastControlDelegate: OnCastStatus() +++ Lyric Speaker Box 21f384:0xacb98198:OFFLINE
04-09 10:23:22.036  2965  3160 I LibreCastControlDelegate: Device Build Number -> '1.52.272222'
04-09 10:23:22.036  2965  3160 I librecast: updateCastBuildVersion() Version 1.52.272222
04-09 10:23:22.036  2712  2712 I lucitransport: readRemoteMessage() MID char = 7 buffer = 1.52.272222
04-09 10:23:22.037  2965  3160 I LibreCastControlDelegate: Active Applications -> 0
04-09 10:23:22.037  2965  3160 I LibreCastControlDelegate: Current Cast State '3' -> 'OFFLINE'
04-09 10:23:22.037  2965  3160 I LibreCastControlDelegate: OnCastStatus() ---
04-09 10:23:22.037  2965  3160 I LibreCastControlDelegate: OnCastStatus() +++ Lyric Speaker Box 21f384:0xacb98198:OFFLINE
04-09 10:23:22.037  2965  3160 I LibreCastControlDelegate: Device Build Number -> '1.52.272222'
04-09 10:23:22.037  2965  3160 I librecast: updateCastBuildVersion() Version 1.52.272222
04-09 10:23:22.037  2712  2712 I lucitransport: readRemoteMessage() MID char = 7 buffer = 1.52.272222
04-09 10:23:22.121  3081  3081 I cast_shell: [3084:3092:ERROR:connectivity_checker_impl.cc(265)] Connectivity check failed: 400
04-09 10:23:22.454  2732  2744 E NetworkMonitor: no response for /bin/ping -n -I wlan0 -c 10 -w 10 8.8.8.8
04-09 10:23:22.466  2732  2744 E NetworkMonitor: no response for /bin/ping6 -n -I wlan0 -c 10 -w 10 2001:4860:4860::8888
04-09 10:23:22.467  2732  2744 E NetworkMonitor: dns resolution failed
04-09 10:23:22.467  2732  2744 I NetworkMonitor: deauth disabled
