04-09 10:03:29.231  3082  3082 I cast_shell: [3085:3124:INFO:metrics_recorder.cc(282)] Record action: Setup.tos_accepted.BLE
04-09 10:03:29.260  3082  3082 I cast_shell: [3085:3124:INFO:metrics_recorder.cc(282)] Record action: Setup.state.BLE
04-09 10:03:29.291  3082  3082 I cast_shell: [3085:3124:INFO:metrics_recorder.cc(282)] Record action: Setup.ip_address.BLE
04-09 10:03:29.424  3082  3082 I cast_shell: [3085:3093:ERROR:connectivity_checker_impl.cc(265)] Connectivity check failed: 400
04-09 10:03:29.457  2731  2744 E WifiUtil: command: "SCAN" failed: FAIL-BUSY
04-09 10:03:29.846  3082  3082 I cast_shell: [3085:3124:INFO:metrics_recorder.cc(282)] Record action: Setup.version.BLE
04-09 10:03:29.891  3082  3082 I cast_shell: [3085:3124:INFO:metrics_recorder.cc(282)] Record action: Setup.tos_accepted.BLE
04-09 10:03:29.921  3082  3082 I cast_shell: [3085:3124:INFO:metrics_recorder.cc(282)] Record action: Setup.state.BLE
04-09 10:03:29.950  3082  3082 I cast_shell: [3085:3124:INFO:metrics_recorder.cc(282)] Record action: Setup.ip_address.BLE
04-09 10:03:30.292  2711  2723 I yani_server: NetLink Event '-1' Interface-Index '5' WLAN '0' Ethernet '-1' Parsed-iFill '-1' -> 'INVALID' ifIndex '1' -> 'lo'
04-09 10:03:30.294  2953  2964 D wac-main: Netlink event
04-09 10:03:30.294  2953  2964 E wac-main: Netlink event 16 Interface Index 5 
04-09 10:03:30.294  2953  2964 E wac-main: Enter poll and wait
04-09 10:03:30.294  2953  2964 D wac-main: Netlink event
04-09 10:03:30.294  2953  2964 E wac-main: Netlink event 16 Interface Index 5 
04-09 10:03:30.294  2953  2964 E wac-main: Enter poll and wait
04-09 10:03:30.299  2711  2723 I yani_server: NetLink Event '-1' Interface-Index '5' WLAN '0' Ethernet '-1' Parsed-iFill '-1' -> 'INVALID' ifIndex '1' -> 'lo'
04-09 10:03:30.305  2711  2723 I chatty  : uid=0(root) YaniServer identical 2 lines
04-09 10:03:30.305  2711  2723 I yani_server: NetLink Event '-1' Interface-Index '5' WLAN '0' Ethernet '-1' Parsed-iFill '-1' -> 'INVALID' ifIndex '1' -> 'lo'
04-09 10:03:30.306  2711  2723 I yani_kernel: yani_geteventfrom_changeaddr() Message-Id '1' Netlink event '16' Interface Index '5' -> Name 'wlan0' 
04-09 10:03:30.308  2954  3161 I LibreCastControlDelegate: OnCastStatus() +++ Lyric Speaker Box 21f384:0xac7a6198:OFFLINE
04-09 10:03:30.308  2954  3161 I LibreCastControlDelegate: Device Build Number -> '1.52.272222'
04-09 10:03:30.308  2954  3161 I librecast: updateCastBuildVersion() Version 1.52.272222
04-09 10:03:30.308  2712  2712 I lucitransport: readRemoteMessage() MID char = 7 buffer = 1.52.272222
04-09 10:03:30.308  2954  3161 I LibreCastControlDelegate: Active Applications -> 0
04-09 10:03:30.308  2954  3161 I LibreCastControlDelegate: Current Cast State '3' -> 'OFFLINE'
04-09 10:03:30.308  2954  3161 I LibreCastControlDelegate: OnCastStatus() ---
04-09 10:03:30.309  2711  2723 I yani_kernel: yani_geteventfrom_changeaddr() Message-Id '1' Netlink event '16' Interface Index '5' -> Name 'wlan0' 
04-09 10:03:30.430  3082  3082 I cast_shell: [3085:3093:ERROR:connectivity_checker_impl.cc(265)] Connectivity check failed: 400
04-09 10:03:30.491  3082  3082 I cast_shell: [3085:3124:INFO:metrics_recorder.cc(282)] Record action: Setup.version.BLE
04-09 10:03:30.521  3082  3082 I cast_shell: [3085:3124:INFO:metrics_recorder.cc(282)] Record action: Setup.tos_accepted.BLE
04-09 10:03:30.551  3082  3082 I cast_shell: [3085:3124:INFO:metrics_recorder.cc(282)] Record action: Setup.state.BLE
04-09 10:03:30.581  3082  3082 I cast_shell: [3085:3124:INFO:metrics_recorder.cc(282)] Record action: Setup.ip_address.BLE
04-09 10:03:31.106  3082  3082 I cast_shell: [3085:3124:INFO:metrics_recorder.cc(282)] Record action: Setup.version.BLE
04-09 10:03:31.135  3082  3082 I cast_shell: [3085:3124:INFO:metrics_recorder.cc(282)] Record action: Setup.tos_accepted.BLE
04-09 10:03:31.165  3082  3082 I cast_shell: [3085:3124:INFO:metrics_recorder.cc(282)] Record action: Setup.state.BLE
04-09 10:03:31.195  3082  3082 I cast_shell: [3085:3124:INFO:metrics_recorder.cc(282)] Record action: Setup.ip_address.BLE
04-09 10:03:31.435  3082  3082 I cast_shell: [3085:3093:ERROR:connectivity_checker_impl.cc(265)] Connectivity check failed: 400
04-09 10:03:31.735  3082  3082 I cast_shell: [3085:3124:INFO:metrics_recorder.cc(282)] Record action: Setup.version.BLE
04-09 10:03:31.766  3082  3082 I cast_shell: [3085:3124:INFO:metrics_recorder.cc(282)] Record action: Setup.tos_accepted.BLE
04-09 10:03:31.795  3082  3082 I cast_shell: [3085:3124:INFO:metrics_recorder.cc(282)] Record action: Setup.state.BLE
04-09 10:03:31.825  3082  3082 I cast_shell: [3085:3124:INFO:metrics_recorder.cc(282)] Record action: Setup.ip_address.BLE
04-09 10:03:32.366  3082  3082 I cast_shell: [3085:3124:INFO:metrics_recorder.cc(282)] Record action: Setup.version.BLE
04-09 10:03:32.396  3082  3082 I cast_shell: [3085:3124:INFO:metrics_recorder.cc(282)] Record action: Setup.tos_accepted.BLE
04-09 10:03:32.425  3082  3082 I cast_shell: [3085:3124:INFO:metrics_recorder.cc(282)] Record action: Setup.state.BLE
04-09 10:03:32.442  3082  3082 I cast_shell: [3085:3093:ERROR:connectivity_checker_impl.cc(265)] Connectivity check failed: 400
04-09 10:03:32.455  3082  3082 I cast_shell: [3085:3124:INFO:metrics_recorder.cc(282)] Record action: Setup.ip_address.BLE
04-09 10:03:32.995  3082  3082 I cast_shell: [3085:3124:INFO:metrics_recorder.cc(282)] Record action: Setup.version.BLE
04-09 10:03:33.025  3082  3082 I cast_shell: [3085:3124:INFO:metrics_recorder.cc(282)] Record action: Setup.tos_accepted.BLE
04-09 10:03:33.055  3082  3082 I cast_shell: [3085:3124:INFO:metrics_recorder.cc(282)] Record action: Setup.state.BLE
04-09 10:03:33.085  3082  3082 I cast_shell: [3085:3124:INFO:metrics_recorder.cc(282)] Record action: Setup.ip_address.BLE
04-09 10:03:33.448  3082  3082 I cast_shell: [3085:3093:ERROR:connectivity_checker_impl.cc(265)] Connectivity check failed: 400
04-09 10:03:33.625  3082  3082 I cast_shell: [3085:3124:INFO:metrics_recorder.cc(282)] Record action: Setup.version.BLE
04-09 10:03:33.655  3082  3082 I cast_shell: [3085:3124:INFO:metrics_recorder.cc(282)] Record action: Setup.tos_accepted.BLE
04-09 10:03:33.685  3082  3082 I cast_shell: [3085:3124:INFO:metrics_recorder.cc(282)] Record action: Setup.state.BLE
04-09 10:03:33.730  3082  3082 I cast_shell: [3085:3124:INFO:metrics_recorder.cc(282)] Record action: Setup.ip_address.BLE
04-09 10:03:34.271  3082  3082 I cast_shell: [3085:3124:INFO:metrics_recorder.cc(282)] Record action: Setup.version.BLE
04-09 10:03:34.300  3082  3082 I cast_shell: [3085:3124:INFO:metrics_recorder.cc(282)] Record action: Setup.tos_accepted.BLE
04-09 10:03:34.330  3082  3082 I cast_shell: [3085:3124:INFO:metrics_recorder.cc(282)] Record action: Setup.state.BLE
04-09 10:03:34.360  3082  3082 I cast_shell: [3085:3124:INFO:metrics_recorder.cc(282)] Record action: Setup.ip_address.BLE
04-09 10:03:34.455  3082  3082 I cast_shell: [3085:3093:ERROR:connectivity_checker_impl.cc(265)] Connectivity check failed: 400
04-09 10:03:34.901  3082  3082 I cast_shell: [3085:3124:INFO:metrics_recorder.cc(282)] Record action: Setup.version.BLE
04-09 10:03:34.931  3082  3082 I cast_shell: [3085:3124:INFO:metrics_recorder.cc(282)] Record action: Setup.tos_accepted.BLE
04-09 10:03:34.960  3082  3082 I cast_shell: [3085:3124:INFO:metrics_recorder.cc(282)] Record action: Setup.state.BLE
04-09 10:03:34.990  3082  3082 I cast_shell: [3085:3124:INFO:metrics_recorder.cc(282)] Record action: Setup.ip_address.BLE
04-09 10:03:35.292  2711  2723 I yani_server: NetLink Event '-1' Interface-Index '5' WLAN '-1' Ethernet '-1' Parsed-iFill '-1' -> 'INVALID' ifIndex '1' -> 'lo'
04-09 10:03:35.461  3082  3082 I cast_shell: [3085:3093:ERROR:connectivity_checker_impl.cc(265)] Connectivity check failed: 400
04-09 10:03:35.530  3082  3082 I cast_shell: [3085:3124:INFO:metrics_recorder.cc(282)] Record action: Setup.version.BLE
04-09 10:03:35.560  3082  3082 I cast_shell: [3085:3124:INFO:metrics_recorder.cc(282)] Record action: Setup.tos_accepted.BLE
04-09 10:03:35.590  3082  3082 I cast_shell: [3085:3124:INFO:metrics_recorder.cc(282)] Record action: Setup.state.BLE
04-09 10:03:35.620  3082  3082 I cast_shell: [3085:3124:INFO:metrics_recorder.cc(282)] Record action: Setup.ip_address.BLE
04-09 10:03:36.160  3082  3082 I cast_shell: [3085:3124:INFO:metrics_recorder.cc(282)] Record action: Setup.version.BLE
04-09 10:03:36.189  3082  3082 I cast_shell: [3085:3124:INFO:metrics_recorder.cc(282)] Record action: Setup.tos_accepted.BLE
04-09 10:03:36.219  3082  3082 I cast_shell: [3085:3124:INFO:metrics_recorder.cc(282)] Record action: Setup.state.BLE
04-09 10:03:36.249  3082  3082 I cast_shell: [3085:3124:INFO:metrics_recorder.cc(282)] Record action: Setup.ip_address.BLE
04-09 10:03:36.468  3082  3082 I cast_shell: [3085:3093:ERROR:connectivity_checker_impl.cc(265)] Connectivity check failed: 400
04-09 10:03:36.790  3082  3082 I cast_shell: [3085:3124:INFO:metrics_recorder.cc(282)] Record action: Setup.version.BLE
04-09 10:03:36.824  3082  3082 I cast_shell: [3085:3124:ERROR:setup_state.cc(424)] Timeout for state=SETUP_STATE_CHECKING_GLOBAL_CONNECTIVITY(50): move to state=SETUP_STATE_CHECKING_GLOBAL_CONNECTIVITY_BAD_ROUTER_WIFI_NOT_SAVED(51).
04-09 10:03:36.824  3082  3082 I cast_shell: [3085:3124:INFO:setup_state.cc(261)] Setup state changed: SETUP_STATE_CHECKING_GLOBAL_CONNECTIVITY (50) -> SETUP_STATE_CHECKING_GLOBAL_CONNECTIVITY_BAD_ROUTER_WIFI_NOT_SAVED (51)
04-09 10:03:36.828  2954  3161 I LibreCastControlDelegate: OnCastStatus() +++ Lyric Speaker Box 21f384:0xac7a6198:OFFLINE
04-09 10:03:36.828  2954  3161 I LibreCastControlDelegate: Device Build Number -> '1.52.272222'
04-09 10:03:36.828  2954  3161 I librecast: updateCastBuildVersion() Version 1.52.272222
04-09 10:03:36.829  2712  2712 I lucitransport: readRemoteMessage() MID char = 7 buffer = 1.52.272222
04-09 10:03:36.829  2954  3161 I LibreCastControlDelegate: Active Applications -> 0
04-09 10:03:36.829  2954  3161 I LibreCastControlDelegate: Current Cast State '3' -> 'OFFLINE'
04-09 10:03:36.829  2954  3161 I LibreCastControlDelegate: OnCastStatus() ---
04-09 10:03:36.834  3082  3082 I cast_shell: [3085:3124:INFO:metrics_recorder.cc(282)] Record action: Setup.tos_accepted.BLE
04-09 10:03:36.864  3082  3082 I cast_shell: [3085:3124:INFO:metrics_recorder.cc(282)] Record action: Setup.state.BLE
04-09 10:03:36.894  3082  3082 I cast_shell: [3085:3124:INFO:metrics_recorder.cc(282)] Record action: Setup.ip_address.BLE
04-09 10:03:37.420  3082  3082 I cast_shell: [3085:3124:INFO:metrics_recorder.cc(282)] Record action: Setup.version.BLE
04-09 10:03:37.449  3082  3082 I cast_shell: [3085:3124:INFO:metrics_recorder.cc(282)] Record action: Setup.tos_accepted.BLE
04-09 10:03:37.474  3082  3082 I cast_shell: [3085:3093:ERROR:connectivity_checker_impl.cc(265)] Connectivity check failed: 400
04-09 10:03:37.479  3082  3082 I cast_shell: [3085:3124:INFO:metrics_recorder.cc(282)] Record action: Setup.state.BLE
04-09 10:03:37.509  3082  3082 I cast_shell: [3085:3124:INFO:metrics_recorder.cc(282)] Record action: Setup.ip_address.BLE
04-09 10:03:38.050  3082  3082 I cast_shell: [3085:3124:INFO:metrics_recorder.cc(282)] Record action: Setup.version.BLE
04-09 10:03:38.079  3082  3082 I cast_shell: [3085:3124:INFO:metrics_recorder.cc(282)] Record action: Setup.tos_accepted.BLE
04-09 10:03:38.109  3082  3082 I cast_shell: [3085:3124:INFO:metrics_recorder.cc(282)] Record action: Setup.state.BLE
04-09 10:03:38.140  3082  3082 I cast_shell: [3085:3124:INFO:metrics_recorder.cc(282)] Record action: Setup.ip_address.BLE
04-09 10:03:38.481  3082  3082 I cast_shell: [3085:3093:ERROR:connectivity_checker_impl.cc(265)] Connectivity check failed: 400
04-09 10:03:38.681  3082  3082 I cast_shell: [3085:3124:INFO:metrics_recorder.cc(282)] Record action: Setup.version.BLE
04-09 10:03:38.709  3082  3082 I cast_shell: [3085:3124:INFO:metrics_recorder.cc(282)] Record action: Setup.tos_accepted.BLE
04-09 10:03:38.739  3082  3082 I cast_shell: [3085:3124:INFO:metrics_recorder.cc(282)] Record action: Setup.state.BLE
04-09 10:03:38.769  3082  3082 I cast_shell: [3085:3124:INFO:metrics_recorder.cc(282)] Record action: Setup.ip_address.BLE
04-09 10:03:38.788  2710  2710 I wpa_supplicant: wlan0: Selected BSS :ef (level:-45 noise:-61 frequency:2427)
04-09 10:03:38.791  2710  2710 I wpa_supplicant: wlan0: SME: Trying to authenticate with c8:b3:73:44:ae:ef (SSID='Linksys16717_2G' freq=2427 MHz)
04-09 10:03:38.794  2711  2723 I yani_server: NetLink Event '-1' Interface-Index '5' WLAN '0' Ethernet '-1' Parsed-iFill '-1' -> 'INVALID' ifIndex '1' -> 'lo'
04-09 10:03:38.794  2711  2723 I yani_server: NetLink Event '-1' Interface-Index '5' WLAN '0' Ethernet '-1' Parsed-iFill '-1' -> 'INVALID' ifIndex '1' -> 'lo'
04-09 10:03:38.795  2953  2964 D wac-main: Netlink event
04-09 10:03:38.795  2953  2964 E wac-main: Netlink event 16 Interface Index 5 
04-09 10:03:38.795  2953  2964 E wac-main: Enter poll and wait
04-09 10:03:38.795  2953  2964 D wac-main: Netlink event
04-09 10:03:38.795  2953  2964 E wac-main: Netlink event 16 Interface Index 5 
04-09 10:03:38.795  2953  2964 E wac-main: Enter poll and wait
04-09 10:03:38.798  2711  2723 I yani_server: NetLink Event '-1' Interface-Index '5' WLAN '0' Ethernet '-1' Parsed-iFill '-1' -> 'INVALID' ifIndex '1' -> 'lo'
04-09 10:03:38.803  2710  2710 I wpa_supplicant: wlan0: Trying to associate with c8:b3:73:44:ae:ef (SSID='Linksys16717_2G' freq=2427 MHz)
04-09 10:03:38.808  2711  2723 I chatty  : uid=0(root) YaniServer identical 10 lines
04-09 10:03:38.809  2711  2723 I yani_server: NetLink Event '-1' Interface-Index '5' WLAN '0' Ethernet '-1' Parsed-iFill '-1' -> 'INVALID' ifIndex '1' -> 'lo'
04-09 10:03:38.809  2711  2723 I yani_kernel: yani_geteventfrom_changeaddr() Message-Id '1' Netlink event '16' Interface Index '5' -> Name 'wlan0' 
04-09 10:03:38.810  2711  2723 I yani_kernel: yani_geteventfrom_changeaddr() Message-Id '1' Netlink event '16' Interface Index '5' -> Name 'wlan0' 
04-09 10:03:38.826  3163  3163 I hostapd : p2p0: IEEE 802.11 driver had channel switch: freq=2427, ht=1, vht_ch=0x0, offset=0, width=1 (20 MHz), cf1=2427, cf2=0
04-09 10:03:38.827  3023  3023 I hostapd : p2p1: IEEE 802.11 driver had channel switch: freq=2427, ht=1, vht_ch=0x0, offset=0, width=1 (20 MHz), cf1=2427, cf2=0
04-09 10:03:38.828  2710  2710 I wpa_supplicant: wlan0: Associated with c8:b3:73:44:ae:ef
04-09 10:03:38.829  2710  2710 I wpa_supplicant: wlan0: CTRL-EVENT-SUBNET-STATUS-UPDATE status=0
04-09 10:03:38.829  2953  2964 D wac-main: Netlink event
04-09 10:03:38.829  2953  2964 E wac-main: Netlink event 16 Interface Index 5 
04-09 10:03:38.829  2953  2964 E wac-main: Enter poll and wait
04-09 10:03:38.829  2953  2964 D wac-main: Netlink event
04-09 10:03:38.829  2953  2964 E wac-main: Netlink event 16 Interface Index 5 
04-09 10:03:38.829  2953  2964 E wac-main: Enter poll and wait
04-09 10:03:38.829  2953  2964 D wac-main: Netlink event
04-09 10:03:38.829  2953  2964 E wac-main: Netlink event 16 Interface Index 5 
04-09 10:03:38.829  2953  2964 E wac-main: Enter poll and wait
04-09 10:03:38.836  2954  3161 I LibreCastControlDelegate: OnCastStatus() +++ Lyric Speaker Box 21f384:0xac7a6198:OFFLINE
04-09 10:03:38.836  2954  3161 I LibreCastControlDelegate: Device Build Number -> '1.52.272222'
04-09 10:03:38.836  2954  3161 I librecast: updateCastBuildVersion() Version 1.52.272222
04-09 10:03:38.837  2712  2712 I lucitransport: readRemoteMessage() MID char = 7 buffer = 1.52.272222
04-09 10:03:38.837  2954  3161 I LibreCastControlDelegate: Active Applications -> 0
04-09 10:03:38.837  2954  3161 I LibreCastControlDelegate: Current Cast State '3' -> 'OFFLINE'
04-09 10:03:38.837  2954  3161 I LibreCastControlDelegate: OnCastStatus() ---
04-09 10:03:38.837  2711  2723 I yani_server: NetLink Event '-1' Interface-Index '5' WLAN '0' Ethernet '-1' Parsed-iFill '-1' -> 'INVALID' ifIndex '1' -> 'lo'
04-09 10:03:38.837  2711  2723 I yani_kernel: yani_geteventfrom_changeaddr() Message-Id '1' Netlink event '16' Interface Index '5' -> Name 'wlan0' 
04-09 10:03:38.839  2710  2710 I wpa_supplicant: wlan0: WPA: RX message 1 of 4-Way Handshake from c8:b3:73:44:ae:ef (ver=2)
04-09 10:03:38.841  2711  2723 I yani_server: NetLink Event '-1' Interface-Index '5' WLAN '-1' Ethernet '-1' Parsed-iFill '-1' -> 'INVALID' ifIndex '1' -> 'lo'
04-09 10:03:38.842  2711  2723 I yani_server: NetLink Event '-1' Interface-Index '5' WLAN '0' Ethernet '-1' Parsed-iFill '-1' -> 'INVALID' ifIndex '1' -> 'lo'
04-09 10:03:38.842  2711  2723 I yani_kernel: yani_geteventfrom_changeaddr() Message-Id '1' Netlink event '16' Interface Index '5' -> Name 'wlan0' 
04-09 10:03:38.844  2711  2723 I chatty  : uid=0(root) YaniServer identical 2 lines
04-09 10:03:38.845  2711  2723 I yani_kernel: yani_geteventfrom_changeaddr() Message-Id '1' Netlink event '16' Interface Index '5' -> Name 'wlan0' 
04-09 10:03:38.855  2710  2710 I wpa_supplicant: wlan0: WPA: RX message 3 of 4-Way Handshake from c8:b3:73:44:ae:ef (ver=2)
04-09 10:03:38.855  2710  2710 I wpa_supplicant: wlan0: WPA: Sending EAPOL-Key 4/4
04-09 10:03:38.857  2711  2723 I yani_server: NetLink Event '-1' Interface-Index '5' WLAN '-1' Ethernet '-1' Parsed-iFill '-1' -> 'INVALID' ifIndex '1' -> 'lo'
04-09 10:03:38.857  2953  2964 D wac-main: Netlink event
04-09 10:03:38.857  2953  2964 E wac-main: Netlink event 16 Interface Index 5 
04-09 10:03:38.857  2953  2964 E wac-main: Enter poll and wait
04-09 10:03:38.858  2710  2710 I wpa_supplicant: wlan0: WPA: Key negotiation completed with c8:b3:73:44:ae:ef [PTK=CCMP GTK=TKIP]
04-09 10:03:38.858  2710  2710 I wpa_supplicant: wlan0: CTRL-EVENT-CONNECTED - Connection to c8:b3:73:44:ae:ef completed [id=0 id_str=]
04-09 10:03:38.858  3082  3082 I cast_shell: [3085:3136:INFO:wifi_controller_wpa_supplicant.cc(634)] After connection, current_wifi_index=0
04-09 10:03:38.859  2736  2736 D dhcpcd  : wlan0: carrier acquired
04-09 10:03:38.862  2953  2964 D wac-main: Netlink event
04-09 10:03:38.863  2953  2964 E wac-main: Netlink event 16 Interface Index 5 
04-09 10:03:38.863  2953  2964 E wac-main: Enter poll and wait
04-09 10:03:38.863  2953  2964 D wac-main: Netlink event
04-09 10:03:38.863  2953  2964 E wac-main: Netlink event 16 Interface Index 5 
04-09 10:03:38.863  2953  2964 E wac-main: Enter poll and wait
04-09 10:03:38.865  2954  3161 I LibreCastControlDelegate: OnCastStatus() +++ Lyric Speaker Box 21f384:0xac7a6198:OFFLINE
04-09 10:03:38.865  2954  3161 I LibreCastControlDelegate: Device Build Number -> '1.52.272222'
04-09 10:03:38.865  2954  3161 I librecast: updateCastBuildVersion() Version 1.52.272222
04-09 10:03:38.866  2712  2712 I lucitransport: readRemoteMessage() MID char = 7 buffer = 1.52.272222
04-09 10:03:38.866  2954  3161 I LibreCastControlDelegate: Active Applications -> 0
04-09 10:03:38.866  2954  3161 I LibreCastControlDelegate: Current Cast State '3' -> 'OFFLINE'
04-09 10:03:38.866  2954  3161 I LibreCastControlDelegate: OnCastStatus() ---
04-09 10:03:38.867  2711  2723 I yani_server: NetLink Event '-1' Interface-Index '5' WLAN '0' Ethernet '-1' Parsed-iFill '-1' -> 'INVALID' ifIndex '1' -> 'lo'
04-09 10:03:38.867  2711  2723 I yani_server: NetLink Event '-1' Interface-Index '5' WLAN '0' Ethernet '-1' Parsed-iFill '-1' -> 'INVALID' ifIndex '1' -> 'lo'
04-09 10:03:38.868  2711  2723 I yani_server: NetLink Event '-1' Interface-Index '5' WLAN '7' Ethernet '-1' Parsed-iFill '7' -> 'WLAN0 LINKUP' ifIndex '1' -> 'lo'
04-09 10:03:38.868  2711  2723 I yani_server: saveConfig:537:wlan0
04-09 10:03:38.868  2711  2723 I wifiapi : newconn : 0xac173be8
04-09 10:03:38.868  2711  2723 I yani_server: saveConfig:544:got handle successfully
04-09 10:03:38.869  2711  2723 I wifiapi : 'STATUS' command returned = 0
04-09 10:03:38.871  2711  2723 I wifiapi : 'SAVE_CONFIG' command returned = 0
04-09 10:03:38.872  2711  2723 E yani_server: wlan0 Status=8 SaveConfig returns=0
04-09 10:03:38.872  2711  2723 I yani_server: SaveConfig return value=0
04-09 10:03:38.872  2711  2723 E WLANP2PIF: WlanP2pif: current chan = 4
04-09 10:03:38.874  2691  2691 I sh      : saveConfig:538:wlan0wlan0 Status=8 SaveConfig returns=0
04-09 10:03:38.874  2711  2723 E yani_wifi: set txpower chan : 4 country : US
04-09 10:03:38.874  2711  2723 E yani_wifi: nrates = 7
04-09 10:03:39.310  3082  3082 I cast_shell: [3085:3124:INFO:metrics_recorder.cc(282)] Record action: Setup.version.BLE
04-09 10:03:39.340  3082  3082 I cast_shell: [3085:3124:INFO:metrics_recorder.cc(282)] Record action: Setup.tos_accepted.BLE
04-09 10:03:39.369  3082  3082 I cast_shell: [3085:3124:INFO:metrics_recorder.cc(282)] Record action: Setup.state.BLE
04-09 10:03:39.399  3082  3082 I cast_shell: [3085:3124:INFO:metrics_recorder.cc(282)] Record action: Setup.ip_address.BLE
04-09 10:03:39.488  3082  3082 I cast_shell: [3085:3093:ERROR:connectivity_checker_impl.cc(265)] Connectivity check failed: 400
04-09 10:03:39.855  2710  2710 I wpa_supplicant: wlan0: WPA: Group rekeying completed [GTK=TKIP]
04-09 10:03:39.881  2711  2723 I yani_autoip: start_autoip() Interface 'wlan0' Is AutoIP Required 'Yes' Thread-Running 'No' 
04-09 10:03:39.881  2711  2723 E yani_server: YANI: I am Done Wait For Event 
04-09 10:03:39.882  2711  2723 I yani_server: NetLink Event '-1' Interface-Index '5' WLAN '0' Ethernet '-1' Parsed-iFill '-1' -> 'INVALID' ifIndex '1' -> 'lo'
04-09 10:03:39.882  2711  2723 I yani_kernel: yani_geteventfrom_changeaddr() Message-Id '1' Netlink event '16' Interface Index '5' -> Name 'wlan0' 
04-09 10:03:39.883  2711  3401 I yani_autoip: Setting autoiptimer to 70000
04-09 10:03:39.885  2711  2723 I yani_kernel: yani_geteventfrom_changeaddr() Message-Id '1' Netlink event '16' Interface Index '5' -> Name 'wlan0' 
04-09 10:03:39.886  2711  2723 I yani_kernel: yani_geteventfrom_changeaddr() Message-Id '1' Netlink event '16' Interface Index '5' -> Name 'wlan0' 
04-09 10:03:39.894  3400  3400 E dhcpcd  : control_open: Connection refused
04-09 10:03:39.895  3400  3400 E dhcpcd  : eth0: interface not found or invalid
04-09 10:03:39.896  2953  2964 D wac-main: Netlink event
04-09 10:03:39.896  2953  2964 E wac-main: Netlink event 16 Interface Index 5 
04-09 10:03:39.896  3400  3400 D dhcpcd  : wlan0: adding address fe80::ce90:93ff:fe21:f384
04-09 10:03:39.896  2953  2964 E wac-main: Enter poll and wait
04-09 10:03:39.901  2711  2723 I yani_kernel: yani_geteventfrom_changeaddr() Message-Id '1' Netlink event '16' Interface Index '5' -> Name 'wlan0' 
04-09 10:03:39.940  3082  3082 I cast_shell: [3085:3124:INFO:metrics_recorder.cc(282)] Record action: Setup.version.BLE
04-09 10:03:39.969  3082  3082 I cast_shell: [3085:3124:INFO:metrics_recorder.cc(282)] Record action: Setup.tos_accepted.BLE
04-09 10:03:39.998  3400  3400 E dhcpcd  : error writing DUID: /etc/dhcpcd/dhcpcd.duid: Read-only file system
04-09 10:03:39.998  3400  3400 D dhcpcd  : DUID 00:03:00:01:cc:90:93:21:f3:84
04-09 10:03:39.998  3400  3400 D dhcpcd  : wlan0: IAID 93:21:f3:84
04-09 10:03:39.999  3082  3082 I cast_shell: [3085:3124:INFO:metrics_recorder.cc(282)] Record action: Setup.state.BLE
04-09 10:03:40.029  3082  3082 I cast_shell: [3085:3124:INFO:metrics_recorder.cc(282)] Record action: Setup.ip_address.BLE
04-09 10:03:40.406  2731  2745 I NetworkMonitor: turn off power-save
04-09 10:03:40.412  2731  2745 E DNSResolver: Error in connect: Network is unreachable
04-09 10:03:40.413  2731  2745 I chatty  : uid=0(root) /bin/net_mgr identical 4 lines
04-09 10:03:40.413  2731  2745 E DNSResolver: Error in connect: Network is unreachable
04-09 10:03:40.413  2731  2745 E HttpTimeSync: Error resolve name clients1.google.com
04-09 10:03:40.430  2731  2745 E HttpTimeSync: Error in curl perform, returns 6: Couldn't resolve host name
04-09 10:03:40.432  2731  2745 E HttpTimeSync: Failed in getting HTTP header from http://clients1.google.com/generate_204
04-09 10:03:40.464  3082  3082 I cast_shell: [3085:3124:INFO:metrics_recorder.cc(282)] Record action: Setup.eureka_info.Local
04-09 10:03:40.465  3082  3082 I cast_shell: [3085:3124:INFO:metrics_recorder.cc(282)] Record action: Setup.eureka_info.Local.200
04-09 10:03:40.467  2731  2744 E DNSResolver: Error in connect: Network is unreachable
04-09 10:03:40.467  2731  2744 I chatty  : uid=0(root) MonitorThread identical 4 lines
04-09 10:03:40.467  2731  2744 E DNSResolver: Error in connect: Network is unreachable
04-09 10:03:40.467  2731  2744 E HttpTimeSync: Error resolve name clients1.google.com
04-09 10:03:40.470  2731  2744 E HttpTimeSync: Error in curl perform, returns 6: Couldn't resolve host name
04-09 10:03:40.470  2731  2744 E HttpTimeSync: Failed in getting HTTP header from http://clients1.google.com/generate_204
04-09 10:03:40.478  3400  3400 D dhcpcd  : wlan0: soliciting an IPv6 router
04-09 10:03:40.495  3082  3082 I cast_shell: [3085:3093:ERROR:connectivity_checker_impl.cc(265)] Connectivity check failed: 400
04-09 10:03:40.546  3400  3400 D dhcpcd  : wlan0: Router Advertisement from fe80::cab3:73ff:fe44:aeed
04-09 10:03:40.547  3400  3400 D dhcpcd  : wlan0: adding address fd70:d3e7:6555:0:ce90:93ff:fe21:f384/64
04-09 10:03:40.547  3400  3400 D dhcpcd  : wlan0: adding address fd70:d3e7:6555:0:912c:c768:c3fb:9721/64
04-09 10:03:40.548  3400  3400 D dhcpcd  : wlan0: adding route to fd70:d3e7:6555::/64
04-09 10:03:40.548  3400  3400 D dhcpcd  : wlan0: requesting DHCPv6 information
04-09 10:03:40.555  3082  3082 I cast_shell: [3085:3124:INFO:metrics_recorder.cc(282)] Record action: Setup.version.BLE
04-09 10:03:40.585  3082  3082 I cast_shell: [3085:3124:INFO:metrics_recorder.cc(282)] Record action: Setup.tos_accepted.BLE
04-09 10:03:40.614  3082  3082 I cast_shell: [3085:3124:INFO:metrics_recorder.cc(282)] Record action: Setup.state.BLE
04-09 10:03:40.623  3400  3400 D dhcpcd  : wlan0: soliciting a DHCP lease
04-09 10:03:40.623  3400  3400 D dhcpcd  : wlan0: sending DISCOVER (xid 0x80694b79), next in -553542084306828757458518440564471863102941873697051523734028989486138773038845104690981903935485901561230438787424451477065567877181515951425143346050588108571575740277191689220959653650957870838113675972986678817880904256525616777967708252851063237055243770623164416.0 seconds
04-09 10:03:40.644  3082  3082 I cast_shell: [3085:3124:INFO:metrics_recorder.cc(282)] Record action: Setup.ip_address.BLE
04-09 10:03:41.170  3082  3082 I cast_shell: [3085:3124:INFO:metrics_recorder.cc(282)] Record action: Setup.version.BLE
04-09 10:03:41.199  3082  3082 I cast_shell: [3085:3124:INFO:metrics_recorder.cc(282)] Record action: Setup.tos_accepted.BLE
04-09 10:03:41.229  3082  3082 I cast_shell: [3085:3124:INFO:metrics_recorder.cc(282)] Record action: Setup.state.BLE
04-09 10:03:41.259  3082  3082 I cast_shell: [3085:3124:INFO:metrics_recorder.cc(282)] Record action: Setup.ip_address.BLE
04-09 10:03:41.470  2731  2744 E DNSResolver: Error in connect: Network is unreachable
04-09 10:03:41.471  2731  2744 I chatty  : uid=0(root) MonitorThread identical 4 lines
04-09 10:03:41.471  2731  2744 E DNSResolver: Error in connect: Network is unreachable
04-09 10:03:41.471  2731  2744 E HttpTimeSync: Error resolve name clients1.google.com
04-09 10:03:41.472  2731  2744 E HttpTimeSync: Error in curl perform, returns 6: Couldn't resolve host name
04-09 10:03:41.472  2731  2744 E HttpTimeSync: Failed in getting HTTP header from http://clients1.google.com/generate_204
04-09 10:03:41.502  3082  3082 I cast_shell: [3085:3093:ERROR:connectivity_checker_impl.cc(265)] Connectivity check failed: 400
04-09 10:03:41.641  3400  3400 D dhcpcd  : wlan0: received OFFER with xid 0x80694b79
04-09 10:03:41.641  3400  3400 D dhcpcd  : wlan0: offered 192.168.1.145 from 192.168.1.1
04-09 10:03:41.641  3400  3400 D dhcpcd  : wlan0: requesting lease of 192.168.1.145
04-09 10:03:41.641  3400  3400 D dhcpcd  : wlan0: sending REQUEST (xid 0x80694b79), next in -553542084306828757458518440564471863102941873697051523734028989486138773038845104690981903935485901561230438787424451477065567877181515951425143346050588108571575740277191689220959653650957870838113675972986678817880904256525616777967708252851063237055243770623164416.0 seconds
04-09 10:03:41.683  2731  2745 I NetworkMonitor: turn off power-save
04-09 10:03:41.689  2731  2745 E DNSResolver: Error in connect: Network is unreachable
04-09 10:03:41.689  2731  2745 I chatty  : uid=0(root) /bin/net_mgr identical 4 lines
04-09 10:03:41.689  2731  2745 E DNSResolver: Error in connect: Network is unreachable
04-09 10:03:41.689  2731  2745 E HttpTimeSync: Error resolve name clients1.google.com
04-09 10:03:41.690  2731  2745 E HttpTimeSync: Error in curl perform, returns 6: Couldn't resolve host name
04-09 10:03:41.690  2731  2745 E HttpTimeSync: Failed in getting HTTP header from http://clients1.google.com/generate_204
04-09 10:03:41.747  3400  3400 D dhcpcd  : wlan0: received ACK with xid 0x80694b79
04-09 10:03:41.747  3400  3400 D dhcpcd  : wlan0: acknowledged 192.168.1.145 from 192.168.1.1
04-09 10:03:41.747  3400  3400 D dhcpcd  : wlan0: leased 192.168.1.145 for 86400 seconds
04-09 10:03:41.749  3400  3400 D dhcpcd  : wlan0: adding route to 192.168.1.0/24
04-09 10:03:41.749  3400  3400 D dhcpcd  : wlan0: adding default route via 192.168.1.1
04-09 10:03:41.750  2953  2964 D wac-main: Netlink event
04-09 10:03:41.750  2953  2964 E wac-main: Netlink event 20 Interface Index 5 
04-09 10:03:41.750  2953  2964 E wac-main: Enter poll and wait
04-09 10:03:41.750  2711  2723 I yani_kernel: yani_geteventfrom_changeaddr() Message-Id '1' Netlink event '20' Interface Index '5' -> Name 'wlan0' 
04-09 10:03:41.751  2731  2745 I NetworkMonitor: turn off power-save
04-09 10:03:41.753  2711  2723 I yani_server: NetLink Event '2' Interface-Index '5' WLAN '-1' Ethernet '-1' Parsed-iFill '2' -> 'WLAN0 CONNECTED' ifIndex '1' -> 'lo'
04-09 10:03:41.771  2712  2712 I lucitransport: writeRemoteMessage() MID = 124 buffer = 1#1,1#2,0#3,1#4,1
04-09 10:03:41.771  2712  2712 I luciUART: write() MID = 124  bytes = 27 data = 1#1,1#2,0#3,1#4,1 m_fd = 0x5
04-09 10:03:41.771  2729  2729 E AirableUIHelper: AirableUIHelper::YaniAlert  1 1 
04-09 10:03:41.771  2729  2729 E AirableUIHelper: Wlan is up
04-09 10:03:41.772  2960  2972 I otamanager: YaniAlert() Interface 1 Status Up
04-09 10:03:41.772  2960  2972 I otamanager: CreateFirmwareUpdateTimerOnYaniAlert done
04-09 10:03:41.772  2959  2959 I airplay-main: YaniAlert Interface 1 Status 1
04-09 10:03:41.773  2712  2712 I lucitransport: readRemoteMessage() MID char = 90 buffer = Lyric Speaker Box 21f384
04-09 10:03:41.778  2712  2720 E luciUART: UART:aa
04-09 10:03:41.778  2712  2720 E luciUART: UART:aa
04-09 10:03:41.778  2712  2720 E luciUART: UART:2
04-09 10:03:41.778  2712  2720 E luciUART: UART:0
04-09 10:03:41.779  2712  2720 E luciUART: UART:d0
04-09 10:03:41.779  2712  2720 E luciUART: UART:0
04-09 10:03:41.779  2712  2720 I chatty  : uid=0(root) UARTLUCIControl identical 2 lines
04-09 10:03:41.779  2712  2720 E luciUART: UART:0
04-09 10:03:41.779  2712  2720 E luciUART: UART:9
04-09 10:03:41.779  2712  2720 I luciUART: read() RemoteID = 43690 Command = 208 Type = 2 Status = 0 DataLen = 9
04-09 10:03:41.779  2712  2720 E luciUART: Error: full data not available yet! readBytes 0
04-09 10:03:41.779  2712  2720 I luciUART: Previous Packet read contd., 
04-09 10:03:41.779  2712  2720 E luciUART: UART:52
04-09 10:03:41.779  2712  2720 I luciUART: Previous Packet read contd., 
04-09 10:03:41.779  2712  2720 E luciUART: UART:45
04-09 10:03:41.779  2712  2720 I luciUART: Previous Packet read contd., 
04-09 10:03:41.779  2712  2720 E luciUART: UART:41
04-09 10:03:41.779  2712  2720 I luciUART: Previous Packet read contd., 
04-09 10:03:41.779  2712  2720 E luciUART: UART:44
04-09 10:03:41.780  2712  2720 E luciUART: UART:73
04-09 10:03:41.780  2712  2720 I luciUART: Previous Packet read contd., 
04-09 10:03:41.780  2712  2720 E luciUART: UART:69
04-09 10:03:41.780  2712  2720 I luciUART: Previous Packet read contd., 
04-09 10:03:41.780  2712  2720 E luciUART: UART:64
04-09 10:03:41.780  2712  2721 E LUCI_SERVER: Luci Server Thread wait over MID 208....
04-09 10:03:41.780  2712  2721 E LUCI_SERVER: Got NV name : ssid
04-09 10:03:41.782  2712  2721 I luciUART: write() MID = 208  bytes = 30 data = ssid:Linksys16717_2G m_fd = 0x5
04-09 10:03:41.782  2712  2721 E LUCI_SERVER: NV_READ response= ssid:Linksys16717_2G
04-09 10:03:41.782  2712  2721 E LUCI_SERVER: Luci Server Thread waiting for packets....
04-09 10:03:41.785  3082  3082 I cast_shell: [3085:3124:INFO:metrics_recorder.cc(282)] Record action: Setup.version.BLE
04-09 10:03:41.829  3082  3082 I cast_shell: [3085:3124:INFO:metrics_recorder.cc(282)] Record action: Setup.tos_accepted.BLE
04-09 10:03:41.852  2959  3441 I airplay-main: checkACPAvailability() err 0 -> Present!
04-09 10:03:41.852  2959  3441 D airplay-main: arguments[0] -> airplay_v2 -> airplay_v2
04-09 10:03:41.853  2959  3441 D airplay-main: arguments[1] -> -n -> -n
04-09 10:03:41.853  2959  3441 D airplay-main: arguments[2] -> Lyric Speaker Box 21f384 -> Lyric Speaker Box 21f384
04-09 10:03:41.853  2959  3441 D airplay-main: arguments[3] -> -z -> -z
04-09 10:03:41.853  2959  3441 D airplay-main: arguments[4] -> 1 -> 1
04-09 10:03:41.854  2959  3441 D airplay-main: arguments[5] -> -d -> -d
04-09 10:03:41.854  2959  3441 D airplay-main: arguments[6] -> 47617500 -> 47617500
04-09 10:03:41.854  2959  3441 D airplay-main: Total Number of Arguments 7
04-09 10:03:41.859  3082  3082 I cast_shell: [3085:3124:INFO:metrics_recorder.cc(282)] Record action: Setup.state.BLE
04-09 10:03:41.867  2959  3441 I airplay_v2_0_6: 2022-04-08 21:33:41.865888 [AirPlayDemo] homedir /data/ sUserPreferencesDirectoryPath /data//.airplaydemo 
04-09 10:03:41.889  3082  3082 I cast_shell: [3085:3124:INFO:metrics_recorder.cc(282)] Record action: Setup.ip_address.BLE
04-09 10:03:41.943  2959  3441 I airplay-main: checkACPAvailability() err 0 -> Present!
04-09 10:03:41.957  2731  2745 I HttpTimeSync: Building resolve list for clients1.google.com, total 1.
04-09 10:03:41.957  2731  2745 I HttpTimeSync: 	0: 142.251.36.142
04-09 10:03:42.023  2959  3463 I airplay_v2_0_6: 2022-04-08 21:33:42.023654 [AirPlayDemo] *********** AirPlayDemoPlatformSetProperty:homeIntegrationData value - 
04-09 10:03:42.023  2959  3463 I airplay_v2_0_6:     +0000: 62706c69 73743030 d101025f 10114343 |bplist00^^^_^^CC| (67 bytes)
04-09 10:03:42.023  2959  3463 I airplay_v2_0_6:     +0010: 3a39303a 39333a32 313a4633 3a3834d0 |:90:93:21:F3:84^|
04-09 10:03:42.023  2959  3463 I airplay_v2_0_6:     +0020: 080b1f00 00000000 00010100 00000000 |^^^^^^^^^^^^^^^^|
04-09 10:03:42.023  2959  3463 I airplay_v2_0_6:     +0030: 00000300 00000000 00000000 00000000 |^^^^^^^^^^^^^^^^|
04-09 10:03:42.023  2959  3463 I airplay_v2_0_6:     +0040: 000020                              |^^              |
04-09 10:03:42.026  2959  3465 I airplay_v2_0_6: 2022-04-08 21:33:42.026251 [AirPlayDemo] AirPlayDemoServerCopyProperty Password is <<NULL>>
04-09 10:03:42.036  2959  3463 I airplay_v2_0_6: 2022-04-08 21:33:42.036085 [AirPlayDemo] *********** AirPlayDemoPlatformSetProperty:homeIntegrationData value - 
04-09 10:03:42.036  2959  3463 I airplay_v2_0_6:     +0000: 62706c69 73743030 d101025f 10114343 |bplist00^^^_^^CC| (165 bytes)
04-09 10:03:42.036  2959  3463 I airplay_v2_0_6:     +0010: 3a39303a 39333a32 313a4633 3a3834d3 |:90:93:21:F3:84^
04-09 10:03:42.036  2959  3463 I airplay_v2_0_6: |
04-09 10:03:42.036  2959  3463 I airplay_v2_0_6:     +0020: 03040501 06075a69 64656e74 69666965 |^^^^^^Zidentifie|
04-09 10:03:42.036  2959  3463 I airplay_v2_0_6:     +0030: 7252736b 52706b4f 10203362 7ed92ed2 |rRskRpkO^ 3b~^.^|
04-09 10:03:42.036  2959  3463 I airplay_v2_0_6:     +0040: d2a49bda 30b93f2b 94c2277c aad78b4a |^^^^0^?+^^'|^^^J|
04-09 10:03:42.036  2959  3463 I airplay_v2_0_6:     +0050: 552efdc5 b63cfc01 fbff4f10 20adf902 |
04-09 10:03:42.036  2959  3463 I airplay_v2_0_6: U.^^^<^^^^O^ ^^^|
04-09 10:03:42.036  2959  3463 I airplay_v2_0_6:     +0060: a041616a a47fe682 de7cb23f 4b2519ff |^Aaj^^^^^|^?K%^^|
04-09 10:03:42.036  2959  3463 I airplay_v2_0_6:     +0070: 7dc8f453 05ecf477 3808cbee bb080b1f |}^^S^^^w8^^^^^^^|
04-09 10:03:42.036  2959  3463 I airplay_v2_0_6:     +0080: 26313437 5a000000 00000001 01000000 |&147Z^^^^^^^^^^^|
04-09 10:03:42.036  2959  3463 I airplay_v2_0_6:     +0090: 
04-09 10:03:42.036  2959  3463 I airplay_v2_0_6: 00000000 08000000 00000000 00000000 |^^^^^^^^^^^^^^^^|
04-09 10:03:42.036  2959  3463 I airplay_v2_0_6:     +00A0: 00000000 7d                         |^^^^}           |
04-09 10:03:42.037  2712  2712 I lucitransport: readRemoteMessage() MID char = 90 buffer = Lyric Speaker Box 21f384
04-09 10:03:42.038  2959  3441 I airplay_v2_0_6: 2022-04-08 21:33:42.038361 [AirPlay] Registering Bonjour _airplay._tcp. port 7000
04-09 10:03:42.040  2959  3463 I airplay_v2_0_6: 2022-04-08 21:33:42.040374 [AirPlayDemo] AirPlayDemoServerCopyProperty Password is <<NULL>>
04-09 10:03:42.041  2959  3465 I airplay_v2_0_6: 2022-04-08 21:33:42.041828 [AirPlayDemo] AirPlayDemoServerCopyProperty Password is <<NULL>>
04-09 10:03:42.042  2712  2712 I lucitransport: readRemoteMessage() MID char = 90 buffer = Lyric Speaker Box 21f384
04-09 10:03:42.043  2959  3441 I airplay_v2_0_6: 2022-04-08 21:33:42.043713 [AirPlay] Registering Bonjour CC909321F384@Lyric Speaker Box 21f384._raop._tcp. port 7000
04-09 10:03:42.043  2959  3441 I airplay_v2_0_6: 2022-04-08 21:33:42.043853 [AirPlay] AirPlay servers started
04-09 10:03:42.297  2731  2745 I HttpTimeSync: Http time synced
04-09 10:03:42.298  2731  2745 I NetworkMonitor: turn off power-save
04-09 10:03:42.430  3082  3082 I cast_shell: [3085:3124:INFO:metrics_recorder.cc(282)] Record action: Setup.version.BLE
04-09 10:03:42.459  3082  3082 I cast_shell: [3085:3124:INFO:metrics_recorder.cc(282)] Record action: Setup.tos_accepted.BLE
04-09 10:03:43.835  3082  3082 I cast_shell: [3085:3124:INFO:metrics_recorder.cc(282)] Record action: Setup.state.BLE
04-09 10:03:43.865  3082  3082 I cast_shell: [3085:3124:INFO:metrics_recorder.cc(282)] Record action: Setup.ip_address.BLE
04-09 10:03:44.406  3082  3082 I cast_shell: [3085:3124:INFO:metrics_recorder.cc(282)] Record action: Setup.version.BLE
04-09 10:03:44.435  3082  3082 I cast_shell: [3085:3124:INFO:metrics_recorder.cc(282)] Record action: Setup.tos_accepted.BLE
04-09 10:03:44.465  3082  3082 I cast_shell: [3085:3124:INFO:metrics_recorder.cc(282)] Record action: Setup.state.BLE
04-09 10:03:44.495  3082  3082 I cast_shell: [3085:3124:INFO:metrics_recorder.cc(282)] Record action: Setup.ip_address.BLE
04-09 10:03:44.738  3082  3082 I cast_shell: [3085:3093:INFO:connectivity_checker_impl.cc(144)] Change check url=http://connectivitycheck.gstatic.com/generate_204
04-09 10:03:44.744  3085  3095 E         : OOBE CheckUpdate
04-09 10:03:44.745  3082  3082 I cast_shell: [3085:3093:INFO:connectivity_checker_impl.cc(148)] Global connection is: Up
04-09 10:03:44.745  3082  3082 I cast_shell: [3085:3085:INFO:ccs_transport_gcm.cc(102)] Registering GCM handler
04-09 10:03:44.745  3082  3082 I cast_shell: [3085:3085:INFO:gcm_manager.cc(258)] Enabling GCM Driver
04-09 10:03:44.745  3082  3082 I cast_shell: [3085:3085:INFO:lycra_gcm.cc(121)] Registering GCM handler.
04-09 10:03:44.745  3082  3082 I cast_shell: [3085:3085:INFO:api_reboot.cc(321)] active_activities count=0
04-09 10:03:44.745  3082  3082 I cast_shell: [3085:3085:INFO:cloud_settings_manager.cc(431)] Connectivity established. Reconciling cloud settings.
04-09 10:03:44.746  3082  3082 I cast_shell: [3085:3085:INFO:cloud_settings_manager.cc(195)] Cloud settings is disabled.
04-09 10:03:44.746  3082  3082 I cast_shell: [3085:3124:WARNING:setup_manager_impl.cc(1100)] NAT not supported, no captive portal support.
04-09 10:03:44.746  3082  3082 I cast_shell: [3085:3135:INFO:v2_transport.cc(681)] V2TransportImpl::CreatSelfSignedCertificateWithKey called.
04-09 10:03:44.746  3082  3082 I cast_shell: [3085:3095:INFO:update_engine_client_with_system_updater.cc(216)] Network first connected, check system force update
04-09 10:03:44.746  3082  3082 I cast_shell: [system_updater_dummy.cpp(109)] CheckUpdate
04-09 10:03:44.777  3082  3082 I cast_shell: [3085:3134:INFO:mdns_app_filter.cc(1702)] MdnsAppFilter is stopping
04-09 10:03:44.779  2712  2712 I lucitransport: readRemoteMessage() MID char = 6 buffer = 1001
04-09 10:03:44.779  2712  2712 I lucitransport: readRemoteMessage() MID char = 7 buffer = 1.52.272222
04-09 10:03:44.780  3082  3082 I cast_shell: [3085:3134:INFO:metrics_recorder.cc(282)] cast event: Cast.Discovery.Mdns.ResponderStopped
04-09 10:03:44.780  2960  2977 I otamanager: OTA: DownloadHttpContent :payload =  {"device":{"brand":"COTODAMA","castVersion":"1.52.272222","deviceId":"cc909321f384","deviceType":"LS10_C4A","fwVersion":"1203","googleCast":true,"mcuVersion":"1001","model":"LSB"}}
04-09 10:03:44.780  2960  2977 I otamanager:  
04-09 10:03:44.780  2960  2977 I otamanager: OTA:------curlDownloadFirmwareXml---
04-09 10:03:44.780  2960  2977 I otamanager: OTA:isValidIpAddress: result 0
04-09 10:03:44.780  3082  3082 I cast_shell: [3085:3134:INFO:mdns_app_filter.cc(1709)] MdnsAppFilter is stopping; closing socket: address=192.168.2.1
04-09 10:03:44.781  3082  3082 I cast_shell: [3085:3134:INFO:mdns_app_filter.cc(1709)] MdnsAppFilter is stopping; closing socket: address=192.168.10.1
04-09 10:03:44.782  3082  3082 I cast_shell: [3085:3134:INFO:metrics_recorder.cc(282)] cast event: Cast.Discovery.Mdns.SocketDestroyed
04-09 10:03:44.795  3082  3082 I cast_shell: [3085:3135:INFO:transport_creds.cc(151)] Self-signed certificate created: CN=2cec482d-81db-be4d-3d6f-59c6d1e36b0e
04-09 10:03:44.795  2954  3161 I LibreCastControlDelegate: OnCastStatus() +++ Lyric Speaker Box 21f384:0xac7a6198:NOT_SETUP
04-09 10:03:44.795  2954  3161 I LibreCastControlDelegate: Device Build Number -> '1.52.272222'
04-09 10:03:44.795  2954  3161 I librecast: updateCastBuildVersion() Version 1.52.272222
04-09 10:03:44.796  2712  2712 I lucitransport: readRemoteMessage() MID char = 7 buffer = 1.52.272222
04-09 10:03:44.796  2954  3161 I LibreCastControlDelegate: Active Applications -> 0
04-09 10:03:44.796  2954  3161 I LibreCastControlDelegate: Current Cast State '2' -> 'NOT_SETUP'
04-09 10:03:44.796  2954  3161 I LibreCastControlDelegate: OnCastStatus() ---
04-09 10:03:44.796  2954  3161 I LibreCastControlDelegate: OnCastStatus() +++ Lyric Speaker Box 21f384:0xac7a6198:NOT_SETUP
04-09 10:03:44.796  2954  3161 I LibreCastControlDelegate: Device Build Number -> '1.52.272222'
04-09 10:03:44.796  2954  3161 I librecast: updateCastBuildVersion() Version 1.52.272222
04-09 10:03:44.797  2712  2712 I lucitransport: readRemoteMessage() MID char = 7 buffer = 1.52.272222
04-09 10:03:44.813  3082  3082 I cast_shell: [3085:3085:INFO:config_downloader.cc(489)] Downloading config: headers (excl. auth) ='Accept: application/protobuf', url=https://clients5.google.com/cast/chromecast/device/baseconfig?m=LSB&M=COTODAMA&p=LS10+Platform&b=1.52.272222&c=wifi&r=beta-channel&pt=3&ln=&d=DE4F95FFA64D5E74B026&at=1
04-09 10:03:44.818  2956  2982 I SPOTIFY : ConnectionNotify event(0-Login, 1-Logout, rest Error) = 7 
04-09 10:03:44.902  3082  3082 I cast_shell: [3085:3137:INFO:multizone_manager.cc(2131)] Updated leader quality: 49807412
04-09 10:03:44.905  3082  3082 I cast_shell: [3085:3134:INFO:mdns_app_filter.cc(1120)] Skipping IPv6 interface that also has an IPv4 address: wlan0
04-09 10:03:44.905  3082  3082 I chatty  : uid=1000(chrome) /bin/logwrapper identical 2 lines
04-09 10:03:44.905  3082  3082 I cast_shell: [3085:3134:INFO:mdns_app_filter.cc(1120)] Skipping IPv6 interface that also has an IPv4 address: wlan0
04-09 10:03:44.905  3082  3082 I cast_shell: [3085:3134:INFO:metrics_recorder.cc(282)] cast event: Cast.Discovery.Mdns.SocketCreated
04-09 10:03:44.905  3082  3082 I cast_shell: [3085:3134:INFO:mdns_app_filter.cc(1254)] Created mDNS socket for interface:name=wlan0, address=192.168.1.145, index=5
04-09 10:03:44.906  3082  3082 I cast_shell: [3085:3134:INFO:metrics_recorder.cc(282)] cast event: Cast.Discovery.Mdns.SocketCreated
04-09 10:03:44.906  3082  3082 I cast_shell: [3085:3134:INFO:mdns_app_filter.cc(1254)] Created mDNS socket for interface:name=p2p1, address=192.168.2.1, index=7
04-09 10:03:44.906  3082  3082 I cast_shell: [3085:3134:INFO:metrics_recorder.cc(282)] cast event: Cast.Discovery.Mdns.SocketCreated
04-09 10:03:44.906  3082  3082 I cast_shell: [3085:3134:INFO:mdns_app_filter.cc(1254)] Created mDNS socket for interface:name=usb0, address=192.168.10.1, index=9
04-09 10:03:44.906  3082  3082 I cast_shell: [3085:3134:INFO:mdns_app_filter.cc(977)] MdnsAppFilter is starting.
04-09 10:03:44.906  3082  3082 I cast_shell: [3085:3134:INFO:metrics_recorder.cc(282)] cast event: Cast.Discovery.Mdns.ResponderStarted
04-09 10:03:44.906  3082  3082 I cast_shell: [3085:3134:INFO:discovered_service_client.cc(78)] Primary interface for service discovery has changed: ifindex=5
04-09 10:03:44.908  3082  3082 I cast_shell: [3085:3134:INFO:mdns_app_filter.cc(1120)] Skipping IPv6 interface that also has an IPv4 address: wlan0
04-09 10:03:44.908  3082  3082 I chatty  : uid=1000(chrome) /bin/logwrapper identical 2 lines
04-09 10:03:44.908  3082  3082 I cast_shell: [3085:3134:INFO:mdns_app_filter.cc(1120)] Skipping IPv6 interface that also has an IPv4 address: wlan0
04-09 10:03:44.908  3082  3082 I cast_shell: [3085:3085:INFO:mdns_manager_impl.cc(429)] Successfully updated service: type=_googlezone
04-09 10:03:44.976  2960  2977 I otamanager: OTA:ResolveDNSName IP = 34.195.98.179
04-09 10:03:44.976  2960  2977 I otamanager: OTA:hostIp string: https://34.195.98.179/v1
04-09 10:03:44.976  2960  2977 I otamanager: OTA: trying after 2 sec 
04-09 10:03:45.036  3082  3082 I cast_shell: [3085:3124:INFO:metrics_recorder.cc(282)] Record action: Setup.version.BLE
04-09 10:03:45.065  3082  3082 I cast_shell: [3085:3124:INFO:metrics_recorder.cc(282)] Record action: Setup.tos_accepted.BLE
04-09 10:03:45.095  3082  3082 I cast_shell: [3085:3124:INFO:metrics_recorder.cc(282)] Record action: Setup.state.BLE
04-09 10:03:45.125  3082  3082 I cast_shell: [3085:3124:INFO:metrics_recorder.cc(282)] Record action: Setup.ip_address.BLE
04-09 10:03:45.159  3082  3082 I cast_shell: [3085:3124:INFO:ble_setup.cc(322)] Record action: Setup.set_eureka_info.BLE
04-09 10:03:45.165  3082  3082 I cast_shell: [3085:3124:INFO:timezone_settings.cc(288)] Setting system timezone to Asia/Kolkata
04-09 10:03:45.165  3082  3082 I cast_shell: [3085:3137:INFO:multizone_group.cc(357)] Change name for group [PII](765C33A78AAC80C58F32442F885EF9C3) to [PII](Bedroom speaker 2)
04-09 10:03:45.165  3082  3082 I cast_shell: [3085:3124:INFO:locale_manager.cc(511)] New timezone: Asia/Kolkata
04-09 10:03:45.165  3082  3082 I cast_shell: [3085:3124:INFO:locale_manager.cc(539)] New time format: 24-hour
04-09 10:03:45.165  3082  3082 I cast_shell: [3085:3124:INFO:metrics_recorder.cc(282)] cast event: Cast.System.Timezone.ChangeSuccessful
04-09 10:03:45.167  3082  3082 I cast_shell: [3085:3085:INFO:device_info_impl.cc(1133)] SSDP Config ID is increased: id=4
04-09 10:03:45.167  2734  2762 I bluetoothtbd: [0408/213345.167747:INFO:adapter.cc(551)] Adapter properties changed
04-09 10:03:45.167  2734  2762 I bluetoothtbd: [0408/213345.167867:INFO:adapter.cc(573)] Adapter name changed
04-09 10:03:45.168  3082  3082 I cast_shell: [3085:3124:INFO:bluetooth_manager.cc(1232)] [PII] Set device name to 'Bedroom speaker 2'
04-09 10:03:45.168  3082  3082 I cast_shell: [3085:3085:INFO:device_info_impl.cc(1133)] SSDP Config ID is increased: id=5
04-09 10:03:45.181  2954  3161 I LibreCastControlDelegate: Active Applications -> 0
04-09 10:03:45.181  2954  3161 I LibreCastControlDelegate: Current Cast State '2' -> 'NOT_SETUP'
04-09 10:03:45.181  2954  3161 I LibreCastControlDelegate: OnCastStatus() ---
04-09 10:03:45.181  3082  3082 I cast_shell: [3085:3085:INFO:mdns_manager_impl.cc(429)] Successfully updated service: type=_googlecast
04-09 10:03:45.182  3082  3082 I cast_shell: [3085:3085:INFO:virtual_device.cc(296)] Updated mDNS service for virtual device: id=2cec482d-81db-be4d-3d6f-59c6d1e36b0e
04-09 10:03:45.231  3082  3082 I cast_shell: [3085:3124:INFO:ble_setup.cc(322)] Record action: Setup.save_wifi.BLE
04-09 10:03:45.232  3082  3082 I cast_shell: [3085:3124:INFO:wifi_controller_wpa_supplicant.cc(692)] Clear bssid from config for network id 0
04-09 10:03:45.235  3082  3082 I cast_shell: [3085:3124:INFO:setup_manager_impl.cc(1725)] Report action: Wifi.FirstConfigured
04-09 10:03:45.742  3082  3082 I cast_shell: [3085:3124:INFO:ble_setup.cc(789)] Missing required info for sign.
04-09 10:03:45.781  3082  3082 I cast_shell: [system_updater_dummy.cpp(139)] CheckUpdate 139
04-09 10:03:45.781  3082  3082 I cast_shell: [system_updater_dummy.cpp(148)] CheckUpdate 148 return
04-09 10:03:45.785  3082  3082 I cast_shell: [3085:3124:INFO:ble_setup.cc(915)] Sign related info completed, no future EurekaInfo need sign.
04-09 10:03:45.802  3082  3082 I cast_shell: [3085:3093:INFO:parent_tracker.cc(237)] Network changed
04-09 10:03:45.802  3082  3082 I cast_shell: [3085:3093:INFO:parent_tracker.cc(135)] Now using local address [PII](192.168.1.145)
04-09 10:03:45.802  3082  3082 I cast_shell: [3085:3093:INFO:directory_service_impl.cc(200)] This device became root
04-09 10:03:45.802  3082  3082 I cast_shell: [3085:3124:INFO:local_network_info_impl.cc(435)] LNID_W changed:
