04-09 09:46:46.029  2987  2987 I sh      : Info: PostInstall(): Verified: 48590ae1c3bbf8facb1619c1c762bb78fca99c8a snapshot_blob.bin
04-09 09:46:46.070  2987  2987 I sh      : Info: PostInstall(): Verified: 07acf09cefae3554a741667403d911f94b22a7d4 update_engine
04-09 09:46:46.072  2987  2987 I sh      : Info: PostInstall(): Verified: e05ef1cc2cdb0a31bc7ada56aa635f3d655fe2e7 watchdog/wd.dmp
04-09 09:46:46.072  2987  2987 I sh      : Info: PostInstall(): PostInstall validation OK
04-09 09:46:46.072  2987  2987 I sh      : Info: main(): Post-Installation validation succeeded
04-09 09:46:46.128  3060  3060 I sh      : test: not integer: LSB
04-09 09:46:46.150  3060  3060 I sh      : test: not integer: d256
04-09 09:46:46.151  3060  3060 I sh      : Model : LSB, SSID-Suffix : d256
04-09 09:46:46.214  3061  3061 I cast_cli: [0408/211646.213688:INFO:package_utils.cc(186)] Run process_manager: /bin/logwrapper /system/chrome/process_manager --async --accept-resource-provider=true --alsa-enable-upsampling=true --alsa-output-avail-min=256 --alsa-output-buffer-size=4096 --alsa-output-period-size=512 --alsa-output-start-threshold=2048 --default-eureka-name-prefix=LSB --enable-background-apps=true --enable-hi-res-audio-support=true --enable-multizone=true --netif-for-unique-ids=wlan0 --ota-directory=/data/chrome/cache/ --setup-ssid-suffix=d256 --setup-support-guest-mode=0 --wpa-supplicant-unix-socket-path=/dev/socket/wpa_wlan0
04-09 09:46:46.242  3067  3067 I process_manager: [0408/211646.241363:INFO:process_manager.cc(348)] process manager initialized
04-09 09:46:46.242  3067  3067 I process_manager: [0408/211646.241779:INFO:process_manager.cc(399)] Process manager is starting
04-09 09:46:46.243  3067  3067 I process_manager: [0408/211646.242382:INFO:process_manager.cc(409)] Process manager successfully started with pid 3069
04-09 09:46:46.245  3061  3061 I cast_cli: [0408/211646.244859:INFO:cast_cli.cc(433)] Process manager successfully started as daemon
04-09 09:46:46.271  3069  3069 I process_manager: [0408/211646.270926:INFO:process_manager.cc(348)] process manager initialized
04-09 09:46:46.271  3069  3069 I process_manager: [0408/211646.271523:INFO:process_manager.cc(475)] Resuming manager from a previous state
04-09 09:46:46.304  3069  3069 I process_manager: [0408/211646.304290:INFO:package_utils.cc(186)] Run update_engine: /bin/logwrapper /system/chrome/update_engine --foreground --netif-for-unique-ids=eth0 --omaha-beta-app-id={c71af7c9-fb75-4084-9bb1-6483fae36524} --omaha-prod-app-id={c71af7c9-fb75-4084-9bb1-6483fae36524} --ota-directory=/chrome/cache/ --update-engine-unix-socket-path=/tmp/socket/updater --v=4 --netif-for-unique-ids=wlan0 --ota-directory=/data/chrome/cache/
04-09 09:46:46.305  3069  3069 I process_manager: [0408/211646.305317:INFO:package_utils.cc(186)] Run crash_uploader: /bin/logwrapper /system/chrome/crash_uploader
04-09 09:46:46.306  3069  3069 I process_manager: [0408/211646.306299:INFO:package_utils.cc(186)] Run cast_shell: /bin/logwrapper /system/chrome/cast_shell --accept-resource-provider=true --alsa-enable-upsampling=false --app-config-path=/fakeapp.conf --blink-platform-log-channels=Media --cast-control-unix-socket-path=/tmp/cast-control --default-eureka-name-prefix=Google Cast Speaker --disable-dial=true --disable-images-for-app-id=*|1B11061A --enable-background-apps=false --idle-screen=false --js-flags=--trace_gc --netif-for-unique-ids=eth0 --no-daily-reboot=true --ota-directory=/chrome/cache/ --setup-support-guest-mode=0 --skip-gpu-data-loading --update-engine-unix-socket-path=/tmp/socket/updater --accept-resource-provider=true --alsa-enable-upsampling=true --alsa-output-avail-min=256 --alsa-output-buffer-size=4096 --alsa-output-period-size=512 --alsa-output-start-threshold=2048 --default-eureka-name-prefix=LSB --enable-background-apps=true --enable-hi-res-audio-support=true --enable-multizone=true --netif-for-unique-ids=wlan0 --ota-directory=/data/chrome/cache/ --setup-ssid-suffix=d256 --setup-support-guest-mode=0 --wpa-supplicant-unix-socket-path=/dev/socket/wpa_wlan0
04-09 09:46:46.330  3072  3072 I crash_uploader: [0408/211646.329673:INFO:crash_uploader.cc(45)] Starting crash uploader...
04-09 09:46:46.332  3072  3072 I crash_uploader: [0408/211646.332299:ERROR:synchronized_minidump_manager.cc(251)] Lockfile did not parse correctly. 
04-09 09:46:46.336  3071  3071 I update_engine: [0408/211646.336077:INFO:main.cc(149)] Eureka Update Engine starting
04-09 09:46:46.337  3071  3071 I update_engine: [0408/211646.337363:INFO:update_check_scheduler.cc(77)] Next update check in 2700 seconds
04-09 09:46:46.337  3071  3071 I update_engine: [0408/211646.337625:INFO:string_based_ipc_server.cc(75)] Start IPC server: /tmp/socket/updater
04-09 09:46:46.338  3071  3071 I update_engine: [0408/211646.337953:INFO:unix_stream_server_socket.cc(62)] Unix server socket is created: /tmp/socket/updater
04-09 09:46:46.540  3073  3073 I cast_shell: [3076:3076:ERROR:pref_service_helper.cc(79)] Cannot initialize chromecast config: /data/chrome/.eureka.conf, pref_error=6
04-09 09:46:46.542  3073  3073 I cast_shell: [3076:3076:WARNING:discardable_shared_memory_manager.cc(194)] Less than 64MB of free space in temporary directory for shared memory files: 32
04-09 09:46:46.555  3073  3073 I cast_shell: Fontconfig warning: "/etc/fonts/fonts.conf", line 80: unknown element "blank"
04-09 09:46:46.743  3073  3073 I cast_shell: [3076:3076:INFO:cast_system_memory_pressure_evaluator.cc(167)] AdjustMemoryFractions: critical_memory_fraction_=0.25, moderate_memory_fraction_=0.4
04-09 09:46:46.750  3073  3073 I cast_shell: [3076:3076:INFO:cast_window_manager_aura.cc(198)] Starting window manager, bounds: 0,0 1x1
04-09 09:46:46.759  3073  3073 I cast_shell: [3076:3093:ERROR:mixer_connection.cc(91)] Failed to connect to mixer service: -102
04-09 09:46:46.760  3073  3073 I cast_shell: [3076:3076:WARNING:client_auth_manager.cc(94)] Old certificate is empty.
04-09 09:46:46.760  3073  3073 I cast_shell: [3076:3076:INFO:device_info_impl.cc(135)] [PII] Weave device ID: 
04-09 09:46:46.760  3073  3073 I cast_shell: [3076:3076:INFO:device_info_impl.cc(406)] MAC address for wlan0: CC:90:93:21:F3:84
04-09 09:46:46.761  3073  3073 I cast_shell: [3076:3076:INFO:device_info_impl.cc(431)] Device model id: COTODAMA.LS10 Platform.LSB
04-09 09:46:46.761  3073  3073 I cast_shell: [3076:3076:INFO:device_info_impl.cc(466)] Control Notifications: 0
04-09 09:46:46.761  3073  3073 I cast_shell: [3076:3076:ERROR:device_info_impl.cc(145)] Cannot read file: /data/bootid
04-09 09:46:46.761  3073  3073 I cast_shell: [3076:3076:INFO:device_info_impl.cc(482)] SSDP Boot ID: 0
04-09 09:46:46.761  3073  3073 I cast_shell: [3076:3076:INFO:device_info_impl.cc(486)] SSDP Config ID: 1
04-09 09:46:46.761  3073  3073 I cast_shell: [3076:3076:WARNING:secure_storage_impl.cc(85)] Device key not available yet.
04-09 09:46:46.761  3073  3073 I cast_shell: [3076:3076:INFO:cast_power_manager_provider.cc(26)] Creating DummyCastPowerManagerProvider
04-09 09:46:46.761  3073  3073 I cast_shell: [3076:3076:WARNING:auth_provider_impl.cc(72)] No IoT client_id found on the device. If device was FDRed please ignore this warning.
04-09 09:46:46.761  3073  3073 I cast_shell: [3076:3076:INFO:file_provider_impl.cc(67)] Initialized file provider with base dir: /data/chrome/auth
04-09 09:46:46.762  3073  3073 I cast_shell: [3076:3076:INFO:cast_power_manager_provider.cc(26)] Creating DummyCastPowerManagerProvider
04-09 09:46:46.762  3073  3073 I cast_shell: [3076:3076:INFO:cast_power_manager_provider.cc(26)] Creating DummyCastPowerManagerProvider
04-09 09:46:46.762  3073  3073 I cast_shell: [3076:3076:INFO:hds_broker_impl.cc(121)] HDS type registered type.googleapis.com/home.hds.proto.device.config.RefreshConfigRequest
04-09 09:46:46.762  3073  3073 I cast_shell: [3076:3076:INFO:preload_initiator_mdns.cc(92)] Preload type: mdns
04-09 09:46:46.762  3073  3073 I cast_shell: [3076:3076:WARNING:hds_settings.cc(104)] HDS URL has not been set through command line.
04-09 09:46:46.763  3073  3073 I cast_shell: [3076:3076:WARNING:volume_map.cc(55)] No cast audio config found; using default volume map.
04-09 09:46:46.763  3073  3073 I cast_shell: [3076:3076:INFO:saved_volumes.cc(63)] No saved volumes found
04-09 09:46:46.763  3073  3073 I cast_shell: [3076:3076:INFO:saved_volumes.cc(70)] Invalid JSON from /etc/cast_audio.json
04-09 09:46:46.764  3073  3073 I cast_shell: [3076:3096:INFO:stream_mixer.cc(194)] StreamMixer
04-09 09:46:46.765  3073  3073 I cast_shell: [3076:3096:INFO:stream_mixer.cc(222)] Mixer health checker started
04-09 09:46:46.765  3073  3073 I cast_shell: [3076:3097:INFO:stream_mixer.cc(121)] Actual priority = 99, policy = 1
04-09 09:46:46.765  3073  3073 I cast_shell: [3076:3096:WARNING:post_processing_pipeline_parser.cc(65)] No post-processing config found at /etc/cast_audio.json.
04-09 09:46:46.765  3073  3073 I cast_shell: [3076:3096:WARNING:post_processing_pipeline_parser.cc(133)] No post-processor description found for "mix" in /etc/cast_audio.json. Using passthrough.
04-09 09:46:46.765  3073  3073 I cast_shell: [3076:3096:INFO:mixer_pipeline.cc(103)] 2 input channels to 'mix' group
04-09 09:46:46.765  3073  3073 I cast_shell: [3076:3096:WARNING:post_processing_pipeline_parser.cc(133)] No post-processor description found for "linearize" in /etc/cast_audio.json. Using passthrough.
04-09 09:46:46.765  3073  3073 I cast_shell: [3076:3096:INFO:mixer_pipeline.cc(124)] 2 input channels to 'linearize' group
04-09 09:46:46.765  3073  3073 I cast_shell: [3076:3096:INFO:alsa_volume_control.cc(43)] Opening mixer element "Master" on device "default"
04-09 09:46:46.765  3073  3073 I cast_shell: [3076:3098:INFO:audio_socket_service_uds.cc(44)] Using endpoint /tmp/mixer-service
04-09 09:46:46.771  3073  3073 I cast_shell: [3076:3096:INFO:alsa_volume_control.cc(219)] Volume device = default, element = Master
04-09 09:46:46.771  3073  3073 I cast_shell: [3076:3096:INFO:alsa_volume_control.cc(221)] Mute device = default, element = Master
04-09 09:46:46.771  3073  3073 I cast_shell: [3076:3096:INFO:alsa_volume_control.cc(234)] Idle device = default, elements = []
04-09 09:46:46.771  3073  3073 I cast_shell: [3076:3096:INFO:alsa_volume_control.cc(43)] Opening mixer element "Master" on device "default"
04-09 09:46:46.774  3073  3073 I cast_shell: [3076:3076:INFO:multizone_manager.cc(330)] Multizone features are enabled
04-09 09:46:46.775  3073  3073 I cast_shell: [3076:3076:INFO:cast_power_manager_provider.cc(26)] Creating DummyCastPowerManagerProvider
04-09 09:46:46.775  3073  3073 I cast_shell: [3076:3076:INFO:update_engine_client_with_ipc.cc(343)] Using IPC UpdateEngineClient
04-09 09:46:46.776  3076  3076 E         : Create
04-09 09:46:46.776  3076  3076 E         : OOBE IsSupported
04-09 09:46:46.776  3073  3073 I cast_shell: [3076:3084:INFO:parent_tracker.cc(90)] [PII](CD34AE150BAE90B60569125BEDAA9ADD) has hash 971425529, root wait is 7.73822 s
04-09 09:46:46.776  3073  3073 I cast_shell: [3076:3084:INFO:parent_tracker.cc(120)] Can't use IPv4
04-09 09:46:46.777  3073  3073 I cast_shell: [3076:3084:INFO:parent_tracker.cc(124)] Can't use IPv6
04-09 09:46:46.777  3073  3073 I cast_shell: [3076:3084:ERROR:parent_tracker.cc(125)] No valid interface for multicast
04-09 09:46:46.777  3073  3073 I cast_shell: [3076:3084:INFO:directory_service_impl.cc(168)] Boot count is now 1
04-09 09:46:46.777  3073  3073 I cast_shell: [3076:3084:ERROR:socket_posix.cc(148)] bind() failed: Address already in use (98)
04-09 09:46:46.778  3073  3073 I cast_shell: [3076:3084:ERROR:tcp_listener.cc(64)] Listen failed: net::ERR_ADDRESS_IN_USE : 0.0.0.0:10101
04-09 09:46:46.778  3073  3073 I cast_shell: [3076:3084:ERROR:directory_service_impl.cc(213)] TCP listener error: -1
04-09 09:46:46.780  3073  3073 I cast_shell: [3076:3076:INFO:chromecast_service_client_default.cc(75)] System updater is supported, and this is first setup.
04-09 09:46:46.780  3073  3073 I cast_shell: [3076:3076:INFO:managed_mode_service.cc(345)] Starting in managed mode: 0
04-09 09:46:46.781  3073  3073 I cast_shell: [3076:3076:INFO:platform_client_auth_creds.cc(114)] Loaded client certificate. Key len = 2048 bits. Chain len = 2 (source FROM_CERT).
04-09 09:46:46.783  3073  3073 I cast_shell: [3076:3076:INFO:grpc_manager_impl.cc(245)] Registered service chromecast.LocalCloudcastService
04-09 09:46:46.783  3073  3073 I cast_shell: [3076:3076:INFO:grpc_manager_impl.cc(262)] Registered a handler ExecuteActionScript for service chromecast.LocalCloudcastService
04-09 09:46:46.783  3073  3073 I cast_shell: [3076:3076:INFO:grpc_manager_impl.cc(262)] Registered a handler ObserveDeviceStatus for service chromecast.LocalCloudcastService
04-09 09:46:46.783  3073  3073 I cast_shell: [3076:3076:INFO:grpc_manager_impl.cc(262)] Registered a handler GetDeviceStatus for service chromecast.LocalCloudcastService
04-09 09:46:46.784  3073  3073 I cast_shell: [3076:3076:INFO:grpc_manager_impl.cc(505)] GRPC[uri=[::]:0]: num_pending_calls=0, num_active_handlers=0, num_free_handlers=0
04-09 09:46:46.784  3073  3073 I cast_shell: [3076:3076:INFO:cast_power_manager_provider.cc(26)] Creating DummyCastPowerManagerProvider
04-09 09:46:46.784  3073  3073 I cast_shell: [3076:3076:INFO:cast_power_manager_provider.cc(26)] Creating DummyCastPowerManagerProvider
04-09 09:46:46.784  3073  3073 I cast_shell: [3076:3076:INFO:gcm_manager.cc(140)] GCM Dir = /data/chrome/gcm
04-09 09:46:46.784  3073  3073 I cast_shell: [3076:3076:INFO:gcm_manager.cc(258)] Enabling GCM Driver
04-09 09:46:46.785  3073  3073 I cast_shell: [3076:3076:INFO:grpc_manager_impl.cc(505)] GRPC[uri=]: num_pending_calls=0, num_active_handlers=0, num_free_handlers=0
04-09 09:46:46.785  3073  3073 I cast_shell: [3076:3076:INFO:lycra_gcm.cc(117)] Deferring GCM registration until connectivity is up.
04-09 09:46:46.798  3073  3073 I cast_shell: [3076:3076:WARNING:cloud_settings_manager.cc(513)] Cannot initialize device settings config: /data/chrome/cloud_settings/cloud_settings.prefs, pref_error=6
04-09 09:46:46.798  3073  3073 I cast_shell: [3076:3076:INFO:cloud_settings_manager.cc(195)] Cloud settings is disabled.
04-09 09:46:46.798  3073  3073 I cast_shell: [3076:3076:INFO:pref_metrics_manager.cc(66)] PrefMetricsManager started.
04-09 09:46:46.799  3073  3073 I cast_shell: [3076:3076:INFO:pref_control_service_impl.cc(142)] Loading prefs from /data/chrome/pref_control/pref_control.prefs
04-09 09:46:46.799  3073  3073 I cast_shell: [3076:3076:INFO:pref_control_service_impl.cc(602)] Registering pref Pref [Name:motion_sensing_pref,RestoreValue:1,ForceEnableParent:1,Value:1,Optin:1]
04-09 09:46:46.800  3073  3073 I cast_shell: [3076:3076:INFO:pref_control_service_impl.cc(602)] Registering pref Pref [Name:sleep_sensing_pref,RestoreValue:0,ForceEnableParent:1,Value:1,Optin:0]
04-09 09:46:46.800  3073  3073 I cast_shell: [3076:3076:INFO:pref_control_service_impl.cc(602)] Registering pref Pref [Name:sleep_disturbance_pref,RestoreValue:1,ForceEnableParent:0,Value:1,Optin:0]
04-09 09:46:46.800  3073  3073 I cast_shell: [3076:3076:INFO:pref_control_service_impl.cc(602)] Registering pref Pref [Name:sleep_coaching_pref,RestoreValue:1,ForceEnableParent:0,Value:1,Optin:0]
04-09 09:46:46.800  3073  3073 I cast_shell: [3076:3076:INFO:pref_control_service_impl.cc(602)] Registering pref Pref [Name:gesture_sensing_pref,RestoreValue:0,ForceEnableParent:1,Value:1,Optin:0]
04-09 09:46:46.800  3073  3073 I cast_shell: [3076:3076:INFO:pref_control_service_impl.cc(602)] Registering pref Pref [Name:play_and_pause_gesture_pref,RestoreValue:1,ForceEnableParent:0,Value:1,Optin:0]
04-09 09:46:46.800  3073  3073 I cast_shell: [3076:3076:INFO:pref_control_service_impl.cc(602)] Registering pref Pref [Name:snooze_alarm_gesture_pref,RestoreValue:1,ForceEnableParent:0,Value:1,Optin:0]
04-09 09:46:46.800  3073  3073 I cast_shell: [3076:3076:INFO:pref_control_service_impl.cc(602)] Registering pref Pref [Name:stop_timers_gesture_pref,RestoreValue:1,ForceEnableParent:0,Value:1,Optin:0]
04-09 09:46:46.800  3073  3073 I cast_shell: [3076:3076:INFO:pref_metrics_manager.cc(94)] Adding motion_sensing_pref to PrefMetricsManager.
04-09 09:46:46.800  3073  3073 I cast_shell: [3076:3076:INFO:pref_metrics_manager.cc(94)] Adding sleep_sensing_pref to PrefMetricsManager.
04-09 09:46:46.800  3073  3073 I cast_shell: [3076:3076:INFO:pref_metrics_manager.cc(94)] Adding sleep_disturbance_pref to PrefMetricsManager.
04-09 09:46:46.801  3073  3073 I cast_shell: [3076:3076:INFO:pref_metrics_manager.cc(94)] Adding sleep_coaching_pref to PrefMetricsManager.
04-09 09:46:46.801  3073  3073 I cast_shell: [3076:3076:INFO:pref_metrics_manager.cc(94)] Adding gesture_sensing_pref to PrefMetricsManager.
04-09 09:46:46.801  3073  3073 I cast_shell: [3076:3076:INFO:pref_metrics_manager.cc(94)] Adding play_and_pause_gesture_pref to PrefMetricsManager.
04-09 09:46:46.801  3073  3073 I cast_shell: [3076:3076:INFO:pref_metrics_manager.cc(94)] Adding snooze_alarm_gesture_pref to PrefMetricsManager.
04-09 09:46:46.801  3073  3073 I cast_shell: [3076:3076:INFO:pref_metrics_manager.cc(94)] Adding stop_timers_gesture_pref to PrefMetricsManager.
04-09 09:46:46.801  3073  3073 I cast_shell: [3076:3076:INFO:pref_control_service_impl.cc(107)] PrefControlService constructed.
04-09 09:46:46.801  3073  3073 I cast_shell: [3076:3076:INFO:grpc_manager_impl.cc(245)] Registered service chromecast.grpc_discovery.GrpcDiscoveryService
04-09 09:46:46.801  3073  3073 I cast_shell: [3076:3076:INFO:grpc_manager_impl.cc(262)] Registered a handler GetServiceInfo for service chromecast.grpc_discovery.GrpcDiscoveryService
04-09 09:46:46.802  3073  3073 I cast_shell: [3076:3076:INFO:grpc_manager_impl.cc(505)] GRPC[uri=unix:/tmp/hcp_ipc_auth.socket]: num_pending_calls=0, num_active_handlers=0, num_free_handlers=0
04-09 09:46:46.803  3073  3073 I cast_shell: [3076:3111:INFO:common_time.cc(128)] New common clock leader CD34AE150BAE90B60569125BEDAA9ADD, is_this_device = 1, IP = [::1]:10006, quality = 0
04-09 09:46:46.803  3073  3073 I cast_shell: [3076:3111:INFO:common_time.cc(158)] Set this device as common time source
04-09 09:46:46.803  3073  3073 I cast_shell: [3076:3076:INFO:grpc_manager_impl.cc(245)] Registered service usonia.ipc.Auth
04-09 09:46:46.803  3073  3073 I cast_shell: [3076:3076:INFO:grpc_manager_impl.cc(262)] Registered a handler Sign for service usonia.ipc.Auth
04-09 09:46:46.804  3073  3073 I cast_shell: [3076:3076:INFO:grpc_manager_impl.cc(262)] Registered a handler Verify for service usonia.ipc.Auth
04-09 09:46:46.804  3073  3073 I cast_shell: [3076:3076:INFO:grpc_manager_impl.cc(262)] Registered a handler AuthReady for service usonia.ipc.Auth
04-09 09:46:46.804  3073  3073 I cast_shell: [3076:3076:INFO:grpc_manager_impl.cc(245)] Registered service usonia.ipc.DistributedServiceDiscovery
04-09 09:46:46.804  3073  3073 I cast_shell: [3076:3076:INFO:grpc_manager_impl.cc(262)] Registered a handler UpdateServiceObservers for service usonia.ipc.DistributedServiceDiscovery
04-09 09:46:46.804  3073  3073 I cast_shell: [3076:3076:INFO:grpc_manager_impl.cc(262)] Registered a handler FetchAllPeerAddressList for service usonia.ipc.DistributedServiceDiscovery
04-09 09:46:46.804  3073  3073 I cast_shell: [3076:3076:INFO:grpc_manager_impl.cc(262)] Registered a handler ResolvePeerAddress for service usonia.ipc.DistributedServiceDiscovery
04-09 09:46:46.804  3073  3073 I cast_shell: [3076:3076:INFO:grpc_manager_impl.cc(262)] Registered a handler AddService for service usonia.ipc.DistributedServiceDiscovery
04-09 09:46:46.805  3073  3073 I cast_shell: [3076:3076:INFO:grpc_manager_impl.cc(262)] Registered a handler IsServiceAllowed for service usonia.ipc.DistributedServiceDiscovery
04-09 09:46:46.805  3073  3073 I cast_shell: [3076:3076:INFO:grpc_manager_impl.cc(245)] Registered service usonia.ipc.LeaderElector
04-09 09:46:46.805  3073  3073 I cast_shell: [3076:3076:INFO:grpc_manager_impl.cc(262)] Registered a handler LeaderElection for service usonia.ipc.LeaderElector
04-09 09:46:46.805  3073  3073 I cast_shell: [3076:3076:INFO:grpc_manager_impl.cc(245)] Registered service usonia.ipc.TimeSynchronizer
04-09 09:46:46.805  3073  3073 I cast_shell: [3076:3076:INFO:grpc_manager_impl.cc(262)] Registered a handler ObserveCommonTime for service usonia.ipc.TimeSynchronizer
04-09 09:46:46.806  3073  3073 I cast_shell: [3076:3076:INFO:grpc_manager_impl.cc(317)] Grpc server started in port 1
04-09 09:46:46.806  3073  3073 I cast_shell: [3076:3076:INFO:sensor_pref_manager.cc(84)] SensorPrefManager is disabled.
04-09 09:46:46.807  3073  3073 I cast_shell: [3076:3076:INFO:remote_ducking_receiver.cc(183)] remote ducking: starting receiver.
04-09 09:46:46.808  3073  3073 I cast_shell: [3076:3076:INFO:grpc_manager_impl.cc(505)] GRPC[uri=unix:/tmp/modular_updater/modular_update_service]: num_pending_calls=0, num_active_handlers=0, num_free_handlers=0
04-09 09:46:46.808  3073  3073 I cast_shell: [3076:3076:INFO:cast_power_manager_provider.cc(26)] Creating DummyCastPowerManagerProvider
04-09 09:46:46.815  3073  3073 I cast_shell: [3076:3076:INFO:timezone_settings.cc(288)] Setting system timezone to America/Los_Angeles
04-09 09:46:46.815  3073  3073 I cast_shell: [3076:3076:INFO:daily_reboot_impl.cc(172)] Daily reboot is disabled
04-09 09:46:46.815  3073  3073 I cast_shell: [3076:3076:INFO:api_reboot.cc(321)] active_activities count=1
04-09 09:46:46.816  3073  3073 I cast_shell: [3076:3076:INFO:cast_power_manager_provider.cc(26)] Creating DummyCastPowerManagerProvider
04-09 09:46:46.816  3073  3073 I cast_shell: [3076:3076:INFO:cast_power_manager_provider.cc(26)] Creating DummyCastPowerManagerProvider
04-09 09:46:46.816  3073  3073 I cast_shell: [3076:3089:INFO:gamma_utils.cc(31)] Gamma calibration file is not present, use default LUT
04-09 09:46:46.816  3073  3073 I cast_shell: [3076:3076:INFO:cast_power_manager_provider.cc(26)] Creating DummyCastPowerManagerProvider
04-09 09:46:46.816  3073  3073 I cast_shell: [3076:3076:INFO:setup_api_registry.cc(192)] Register external API: audio/delete_config
04-09 09:46:46.816  3073  3073 I cast_shell: [3076:3076:INFO:setup_api_registry.cc(192)] Register external API: audio/get_avail_processors
04-09 09:46:46.816  3073  3073 I cast_shell: [3076:3076:INFO:setup_api_registry.cc(192)] Register external API: audio/get_config
04-09 09:46:46.816  3073  3073 I cast_shell: [3076:3076:INFO:setup_api_registry.cc(192)] Register external API: audio/get_default_config
04-09 09:46:46.816  3073  3073 I cast_shell: [3076:3076:INFO:setup_api_registry.cc(192)] Register external API: audio/set_params
04-09 09:46:46.816  3073  3073 I cast_shell: [3076:3076:INFO:setup_api_registry.cc(192)] Register external API: audio/set_config
04-09 09:46:46.818  3073  3073 I cast_shell: [3076:3076:INFO:setup_api_registry.cc(192)] Register external API: user_eq/set_equalizer
04-09 09:46:46.818  3073  3073 I cast_shell: [3076:3076:INFO:capture_service_dummy.cc(11)] Dummy CaptureService.
04-09 09:46:46.818  3073  3073 I cast_shell: [3076:3089:INFO:tuning_manager.cc(118)] No file found at /etc/cast_audio.json
04-09 09:46:46.818  3073  3073 I cast_shell: [3076:3089:INFO:tuning_manager.cc(130)] No file found at /etc/cast_audio.json
04-09 09:46:46.820  3073  3073 I cast_shell: [3076:3076:INFO:setup_api_registry.cc(192)] Register external API: auto_media_volume
04-09 09:46:46.821  3073  3073 I cast_shell: [3076:3076:INFO:cast_thread_health_check.cc(53)] Receiver health check timeout: 15 seconds.
04-09 09:46:46.821  3073  3073 I cast_shell: [3076:3076:INFO:file_util.cc(28)] base_assistant_dir = /data/chrome
04-09 09:46:46.821  3073  3073 I cast_shell: [3076:3076:INFO:chromecast_service.cc(2189)] Geolocation changed to: 0
04-09 09:46:46.821  3073  3073 I cast_shell: [3076:3076:INFO:chromecast_service.cc(2229)] AoGH feature is: 0
04-09 09:46:46.821  3073  3073 I cast_shell: [3076:3076:INFO:chromecast_service.cc(2248)] Playback disruption feature is: 0
04-09 09:46:46.825  3073  3073 I cast_shell: [3076:3076:INFO:metrics_recorder.cc(112)] Metrics stat: total=0
04-09 09:46:46.826  3073  3073 I cast_shell: [3076:3099:INFO:media_manager_impl.cc(1043)] New device volume control type: new_type=1, old_type=0
04-09 09:46:46.827  3073  3073 I cast_shell: [3076:3099:INFO:media_manager_impl.cc(1066)] New device volume step interval: new_interval=0.02, old_interval=0
04-09 09:46:46.827  3073  3073 I cast_shell: [3076:3099:ERROR:media_manager_impl.cc(1294)] GetScreenResolution failed.
04-09 09:46:46.827  3073  3073 I cast_shell: [3076:3099:INFO:media_manager_impl.cc(343)] Media manager is initialized.
04-09 09:46:46.827  3073  3073 I cast_shell: [3076:3076:INFO:media_manager_impl.cc(269)] IsHdmiPlatform: 0
04-09 09:46:46.828  3073  3073 I cast_shell: [3076:3076:INFO:hds_settings.cc(136)] HdsSettings using HDS url https://preprod-home-devices.sandbox.google.com/
04-09 09:46:46.829  3073  3073 I cast_shell: [3076:3076:INFO:client_auth_creds.cc(173)] Device cert: 4D8AC5B9056A76852E4F FA:8F:CA:87:13:D1
04-09 09:46:46.829  3073  3073 I cast_shell: [3076:3076:INFO:client_auth_creds.cc(182)] Intermediate cert: LSB
04-09 09:46:46.829  3073  3073 I cast_shell: [3076:3076:INFO:client_auth_creds.cc(182)] Intermediate cert: Amlogic GVA Manufacturer Cert
04-09 09:46:46.829  3073  3073 I cast_shell: [3076:3076:INFO:client_auth_creds.cc(226)] Imported client auth cert.
04-09 09:46:46.829  3073  3073 I cast_shell: [3076:3076:INFO:client_auth_creds.cc(237)] Imported client auth private key
04-09 09:46:46.829  3073  3073 I cast_shell: [3076:3076:INFO:client_auth_signer.cc(155)] Created singleton instance of ClientAuthSigner.
04-09 09:46:46.829  3073  3073 I cast_shell: [3076:3076:INFO:client_auth_manager.cc(119)] Storing the certificate first used by the device.
04-09 09:46:46.870  3073  3073 I cast_shell: [3076:3076:WARNING:application_config_manager_impl.cc(253)] Cannot read application config file: /fakeapp.conf
04-09 09:46:46.870  3073  3073 I cast_shell: [3076:3076:INFO:application_manager_impl.cc(398)] Application manager is initialized.
04-09 09:46:46.870  3073  3073 I cast_shell: [3076:3076:INFO:mdns_cast_service.cc(156)] Device discovery state is idle
04-09 09:46:46.871  3073  3073 I cast_shell: [3076:3076:INFO:mdns_manager_impl.cc(177)] MdnsManager is initialized
04-09 09:46:46.871  3073  3073 I cast_shell: [3076:3124:INFO:mdns_app_filter.cc(573)] MdnsAppFilter initialized
04-09 09:46:46.872  3073  3073 I cast_shell: [3076:3124:INFO:discovered_service_client.cc(102)] Registering new service PTR listener: _googlecast._tcp.local
04-09 09:46:46.872  3073  3073 I cast_shell: [3076:3076:INFO:config_downloader.cc(239)] Set config periodic interval: min=300, max=420
04-09 09:46:46.872  3073  3073 I cast_shell: [3076:3076:INFO:crl_downloader.cc(274)] Set CRL periodic interval: min=2160, max=2880
04-09 09:46:46.872  3073  3073 I cast_shell: [3076:3076:INFO:hds_broker_impl.cc(121)] HDS type registered type.googleapis.com/home.hds.proto.device.relayedcasting.RelayedCastingPleaseConnectRequest
04-09 09:46:46.873  3073  3073 I cast_shell: [3076:3125:INFO:v2_transport.cc(458)] Added Cast V2 endpoint: id=Tr@n$p0rt-0, socket_factory_id=[PII](*)
04-09 09:46:46.873  3073  3073 I cast_shell: [3076:3125:INFO:endpoint_with_namespace_handler.cc(103)] Added a namespace handler: local_id=Tr@n$p0rt-0, namespace=urn:x-cast:com.google.cast.tp.connection
04-09 09:46:46.873  3073  3073 I cast_shell: [3076:3125:INFO:endpoint_with_namespace_handler.cc(103)] Added a namespace handler: local_id=Tr@n$p0rt-0, namespace=urn:x-cast:com.google.cast.tp.heartbeat
04-09 09:46:46.873  3073  3073 I cast_shell: [3076:3125:INFO:endpoint_with_namespace_handler.cc(103)] Added a namespace handler: local_id=Tr@n$p0rt-0, namespace=urn:x-cast:com.google.cast.tp.deviceauth
04-09 09:46:46.873  3073  3073 I cast_shell: [3076:3125:INFO:v2_transport.cc(335)] V2Transport initialized.
04-09 09:46:46.873  3073  3073 I cast_shell: [3076:3125:INFO:v2_transport.cc(411)] Added socket factory: id=domain-socket@/tmp/cast-control
04-09 09:46:46.873  3073  3073 I cast_shell: [3076:3125:INFO:v2_transport.cc(411)] Added socket factory: id=opencast-socket
04-09 09:46:46.873  3073  3073 I cast_shell: [3076:3076:INFO:mdns_util.cc(102)] Defaulting mDNS capabilities for audio-only build
04-09 09:46:46.873  3073  3073 I cast_shell: [3076:3125:INFO:v2_transport.cc(458)] Added Cast V2 endpoint: id=receiver-efcac2ce-283e-72b5-6667-2ae62e48994e, socket_factory_id=[PII](efcac2ce-283e-72b5-6667-2ae62e48994e)
04-09 09:46:46.873  3073  3073 I cast_shell: [3076:3125:INFO:endpoint_with_namespace_handler.cc(103)] Added a namespace handler: local_id=receiver-efcac2ce-283e-72b5-6667-2ae62e48994e, namespace=urn:x-cast:com.google.cast.receiver
04-09 09:46:46.874  3073  3073 I cast_shell: [3076:3125:INFO:endpoint_with_namespace_handler.cc(103)] Added a namespace handler: local_id=receiver-efcac2ce-283e-72b5-6667-2ae62e48994e, namespace=urn:x-cast:com.google.cast.receiver.discovery
04-09 09:46:46.874  3073  3073 I cast_shell: [3076:3125:INFO:endpoint_with_namespace_handler.cc(103)] Added a namespace handler: local_id=receiver-efcac2ce-283e-72b5-6667-2ae62e48994e, namespace=urn:x-cast:com.google.cast.receiver.debug
04-09 09:46:46.874  3073  3073 I cast_shell: [3076:3125:INFO:v2_transport.cc(411)] Added socket factory: id=efcac2ce-283e-72b5-6667-2ae62e48994e
04-09 09:46:46.874  3073  3073 I cast_shell: [3076:3076:INFO:virtual_device_manager.cc(138)] Added virtual device: id=[PII](efcac2ce-283e-72b5-6667-2ae62e48994e)
04-09 09:46:46.874  3073  3073 I cast_shell: [3076:3076:INFO:ccs_manager_impl.cc(522)] Added CCS device
04-09 09:46:46.874  3073  3073 I cast_shell: [3076:3076:INFO:ccs_manager_impl.cc(523)] [PII] device_id=CD34AE150BAE90B60569125BEDAA9ADD
04-09 09:46:46.874  3073  3073 I cast_shell: [3076:3125:INFO:endpoint_with_namespace_handler.cc(103)] Added a namespace handler: local_id=receiver-efcac2ce-283e-72b5-6667-2ae62e48994e, namespace=urn:x-cast:com.google.cast.receiver.key_exchange
04-09 09:46:46.874  3073  3073 I cast_shell: [3076:3125:INFO:endpoint_with_namespace_handler.cc(103)] Added a namespace handler: local_id=receiver-efcac2ce-283e-72b5-6667-2ae62e48994e, namespace=urn:x-cast:com.google.cast.broadcast
04-09 09:46:46.879  3073  3073 I cast_shell: [3076:3114:INFO:net_util_shlib_support.cc(51)] Wifi interface found: wlan0
04-09 09:46:46.879  3073  3073 I cast_shell: [3076:3114:INFO:net_util_shlib_support.cc(51)] Wifi interface found: p2p0
04-09 09:46:46.879  3073  3073 I cast_shell: [3076:3114:INFO:net_util_shlib_support.cc(51)] Wifi interface found: p2p1
04-09 09:46:46.879  3073  3073 I cast_shell: [3076:3114:INFO:net_util_shlib_support.cc(51)] Wifi interface found: wfd0
04-09 09:46:46.879  3073  3073 I cast_shell: [3076:3114:INFO:wifi_controller_wpa_supplicant.cc(456)] Wifi is active: wifi_netif=wlan0
04-09 09:46:46.879  3073  3073 I cast_shell: [3076:3114:INFO:wpa_ctrl_wrapper_impl.cc(64)] wpa_ctrl is open: path=/dev/socket/wpa_wlan0, is_monitor=0
04-09 09:46:46.882  3073  3073 I cast_shell: [3076:3114:INFO:setup_api_registry.cc(192)] Register external API: set_network
04-09 09:46:46.882  3073  3073 I cast_shell: [3076:3114:INFO:setup_api_registry.cc(192)] Register external API: set_network_ssid
04-09 09:46:46.882  3073  3073 I cast_shell: [3076:3114:INFO:setup_api_registry.cc(192)] Register external API: get_app_device_id
04-09 09:46:46.882  3073  3073 I cast_shell: [3076:3114:INFO:setup_api_registry.cc(192)] Register external API: send_log_report
04-09 09:46:46.882  3073  3073 I cast_shell: [3076:3114:INFO:setup_api_registry.cc(192)] Register external API: accept_tos
04-09 09:46:46.882  3073  3073 I cast_shell: [3076:3114:INFO:setup_api_registry.cc(192)] Register external API: configured_networks
04-09 09:46:46.882  3073  3073 I cast_shell: [3076:3114:INFO:setup_api_registry.cc(192)] Register external API: connect_wifi
04-09 09:46:46.882  3073  3073 I cast_shell: [3076:3114:INFO:setup_api_registry.cc(192)] Register external API: forget_wifi
04-09 09:46:46.882  3073  3073 I cast_shell: [3076:3114:INFO:setup_api_registry.cc(192)] Register external API: offer
04-09 09:46:46.882  3073  3073 I cast_shell: [3076:3114:INFO:setup_api_registry.cc(192)] Register external API: play_sound
04-09 09:46:46.883  3073  3073 I cast_shell: [3076:3127:INFO:multizone_group.cc(357)] Change name for group [PII](CD34AE150BAE90B60569125BEDAA9ADD) to [PII](LSB4260)
04-09 09:46:46.883  3073  3073 I cast_shell: [3076:3125:INFO:endpoint_with_namespace_handler.cc(103)] Added a namespace handler: local_id=receiver-efcac2ce-283e-72b5-6667-2ae62e48994e, namespace=urn:x-cast:com.google.cast.multizone
04-09 09:46:46.883  3073  3073 I cast_shell: [3076:3124:INFO:discovered_service_client.cc(102)] Registering new service PTR listener: _googlezone._tcp.local
04-09 09:46:46.884  3073  3073 I cast_shell: [3076:3127:INFO:setup_api_registry.cc(192)] Register external API: multizone/aux_in
04-09 09:46:46.884  3073  3073 I cast_shell: [3076:3127:INFO:setup_api_registry.cc(192)] Register external API: multizone/disband_group
04-09 09:46:46.884  3073  3073 I cast_shell: [3076:3127:INFO:setup_api_registry.cc(192)] Register external API: multizone/join_group
04-09 09:46:46.884  3073  3073 I cast_shell: [3076:3127:INFO:setup_api_registry.cc(192)] Register external API: multizone/leave_group
04-09 09:46:46.884  3073  3073 I cast_shell: [3076:3127:INFO:setup_api_registry.cc(192)] Register external API: multizone/set_audio_output_delay
04-09 09:46:46.885  3073  3073 I cast_shell: [3076:3114:INFO:setup_api_registry.cc(192)] Register external API: test_internet_download_speed
04-09 09:46:46.885  3073  3073 I cast_shell: [3076:3114:INFO:setup_api_registry.cc(192)] Register external API: test_udp_throughput
04-09 09:46:46.886  3073  3073 I cast_shell: [3076:3114:INFO:setup_api_registry.cc(192)] Register external API: debug/trigger_weave_pairing
04-09 09:46:46.886  3073  3073 I cast_shell: [3076:3114:INFO:setup_api_registry.cc(192)] Register external API: get_local_authorization_token
04-09 09:46:46.886  3073  3073 I cast_shell: [3076:3114:INFO:setup_manager_impl.cc(820)] Initially Set WPA3 support: disable
04-09 09:46:46.886  3073  3073 I cast_shell: [3076:3114:INFO:setup_manager_impl.cc(825)] Initially Set WiFi power-save: disable
04-09 09:46:46.889  2710  2710 I wpa_supplicant: wlan0: CTRL-EVENT-REGDOM-CHANGE init=CORE type=WORLD
04-09 09:46:46.892  2711  2723 I yani_server: NetLink Event '-1' Interface-Index '5' WLAN '-1' Ethernet '-1' Parsed-iFill '-1' -> 'INVALID' ifIndex '1' -> 'lo'
04-09 09:46:46.900  2711  2723 I yani_server: NetLink Event '-1' Interface-Index '5' WLAN '0' Ethernet '-1' Parsed-iFill '-1' -> 'INVALID' ifIndex '1' -> 'lo'
04-09 09:46:46.909  2734  2811 I bluetoothtbd: [0408/211646.908948:INFO:gatt_api.cc(1005)] GATT_Register
04-09 09:46:46.909  2734  2811 I bluetoothtbd: [0408/211646.909157:INFO:gatt_api.cc(1028)] allocated gatt_if=4
04-09 09:46:46.914  2734  2811 E bt_btif : register application first_unuse rcb_idx = 0
04-09 09:46:46.914  2734  2811 I bluetoothtbd: [0408/211646.914654:INFO:gatt_api.cc(1005)] GATT_Register
04-09 09:46:46.914  2734  2811 I bluetoothtbd: [0408/211646.914784:INFO:gatt_api.cc(1028)] allocated gatt_if=5
04-09 09:46:46.921  2734  2763 I bluetoothtbd: [0408/211646.921160:INFO:adapter.cc(551)] Adapter properties changed
04-09 09:46:46.921  2734  2763 I bluetoothtbd: [0408/211646.921346:INFO:adapter.cc(573)] Adapter name changed
04-09 09:46:46.921  2734  2811 I bluetoothtbd: [0408/211646.921640:INFO:gatt_api.cc(1005)] GATT_Register
04-09 09:46:46.921  2734  2811 I bluetoothtbd: [0408/211646.921777:INFO:gatt_api.cc(1028)] allocated gatt_if=6
04-09 09:46:46.922  3073  3073 I cast_shell: [3076:3076:INFO:input_manager_impl.cc(284)] RegisterInput: device_id: cast, type: 0, state: 0
04-09 09:46:46.923  3073  3073 I cast_shell: [3076:3076:INFO:input_manager_impl.cc(308)] NotifyInputConnect: device_id: cast, sample_rate: 0, num_channels: 0
04-09 09:46:46.923  3073  3073 I cast_shell: [3076:3076:INFO:input_manager_impl.cc(370)] SetActiveInput: cast
04-09 09:46:46.923  3073  3073 I cast_shell: [3076:3125:INFO:endpoint_with_namespace_handler.cc(103)] Added a namespace handler: local_id=receiver-efcac2ce-283e-72b5-6667-2ae62e48994e, namespace=urn:x-cast:com.google.cast.audio.input
04-09 09:46:46.923  3073  3073 I cast_shell: [3076:3076:INFO:bluetooth_setup.cc(690)] Disabling connectability.
04-09 09:46:46.923  3073  3073 I cast_shell: [3076:3076:INFO:input_manager_impl.cc(284)] RegisterInput: device_id: bluetooth, type: 1, state: 0
04-09 09:46:46.923  2734  2763 I bluetoothtbd: [0408/211646.923943:INFO:adapter.cc(551)] Adapter properties changed
04-09 09:46:46.924  3073  3073 I cast_shell: [3076:3125:INFO:endpoint_with_namespace_handler.cc(103)] Added a namespace handler: local_id=receiver-efcac2ce-283e-72b5-6667-2ae62e48994e, namespace=urn:x-cast:com.google.cast.assistant
04-09 09:46:46.924  3073  3073 I cast_shell: [3076:3076:INFO:robot_account_auth_manager.cc(295)] No backend type specified. Getting COS URL based on the build type instead.
04-09 09:46:46.924  3073  3073 I cast_shell: [3076:3125:INFO:endpoint_with_namespace_handler.cc(103)] Added a namespace handler: local_id=receiver-efcac2ce-283e-72b5-6667-2ae62e48994e, namespace=urn:x-cast:com.google.cast.companionauth
04-09 09:46:46.924  3073  3073 I cast_shell: [3076:3076:INFO:robot_account_auth_manager.cc(312)] Auth url: https://clients5.google.com/cast/orchestration/googleoauthtoken?rt=b
04-09 09:46:46.924  3073  3073 I cast_shell: [3076:3125:INFO:endpoint_with_namespace_handler.cc(103)] Added a namespace handler: local_id=receiver-efcac2ce-283e-72b5-6667-2ae62e48994e, namespace=urn:x-cast:com.google.cast.companion
04-09 09:46:46.926  2734  2811 I bluetoothtbd: [0408/211646.926727:INFO:btif_ble_advertiser.cc(90)] RegisterAdvertiserCb status: 0 , adveriser_id: 0
04-09 09:46:46.927  3073  3073 I cast_shell: [3076:3076:INFO:grpc_manager_impl.cc(245)] Registered service chromecast.modular_update.ModularUpdateService
04-09 09:46:46.927  3073  3073 I cast_shell: [3076:3114:INFO:gatt_client_manager_impl.cc(202)] Enabling GATT client connectability
04-09 09:46:46.927  3073  3073 I cast_shell: [3076:3076:INFO:grpc_manager_impl.cc(262)] Registered a handler GetCastInfo for service chromecast.modular_update.ModularUpdateService
04-09 09:46:46.927  3073  3073 I cast_shell: [3076:3076:INFO:grpc_manager_impl.cc(262)] Registered a handler SendHttpRequest for service chromecast.modular_update.ModularUpdateService
04-09 09:46:46.927  3073  3073 I cast_shell: [3076:3114:INFO:setup_api_registry.cc(192)] Register external API: input/status
04-09 09:46:46.927  3073  3073 I cast_shell: [3076:3076:INFO:grpc_manager_impl.cc(262)] Registered a handler SynchronousUpdateProgress for service chromecast.modular_update.ModularUpdateService
04-09 09:46:46.927  3073  3073 I cast_shell: [3076:3114:INFO:setup_api_registry.cc(192)] Register external API: input/set_active
04-09 09:46:46.927  3073  3073 I cast_shell: [3076:3076:INFO:grpc_manager_impl.cc(262)] Registered a handler ReportInstalledManifestVersion for service chromecast.modular_update.ModularUpdateService
04-09 09:46:46.930  2734  2763 I bluetoothtbd: [0408/211646.930369:INFO:adapter.cc(551)] Adapter properties changed
04-09 09:46:46.930  2734  2763 I bluetoothtbd: [0408/211646.930542:INFO:adapter.cc(573)] Adapter name changed
04-09 09:46:46.930  3073  3073 I cast_shell: [3076:3093:ERROR:cast_media_shlib.cc(80)] snd_hctl_find_elem failed to find the rate offset element.
04-09 09:46:46.930  3073  3073 I cast_shell: [3076:3114:INFO:bluetooth_manager.cc(1232)] [PII] Set device name to 'LSB4260'
04-09 09:46:46.930  3073  3073 I cast_shell: [3076:3114:INFO:wifi_proximity.cc(177)] Request scan.
04-09 09:46:46.934  3073  3073 I cast_shell: [3076:3076:ERROR:server.cc(243)] XDG_RUNTIME_DIR not set in the environment
04-09 09:46:46.934  3073  3073 I cast_shell: [3076:3076:ERROR:wayland_server_controller.cc(27)] Wayland server creation failed
04-09 09:46:46.935  3073  3073 I cast_shell: [3076:3076:WARNING:cast_metrics_service_client.cc(134)] Empty client id from platform, assuming this is the first boot up of a new device.
04-09 09:46:46.935  3073  3073 I cast_shell: [3076:3076:INFO:cast_metrics_service_client.cc(93)] Metrics client ID set: 94113c67-c5c1-413d-889a-92b72eac90b8
04-09 09:46:46.935  3073  3073 I cast_shell: [3076:3076:INFO:device_info_impl.cc(970)] Metrics client ID: 94113c67-c5c1-413d-889a-92b72eac90b8
04-09 09:46:46.937  3073  3073 I cast_shell: [3076:3076:INFO:cast_metrics_service_client.cc(93)] Metrics client ID set: 94113c67-c5c1-413d-889a-92b72eac90b8
04-09 09:46:46.937  3073  3073 I cast_shell: [3076:3076:INFO:device_info_impl.cc(970)] Metrics client ID: 94113c67-c5c1-413d-889a-92b72eac90b8
04-09 09:46:46.939  3073  3073 I cast_shell: [3076:3089:INFO:crypto_manager.cc(75)] Creating private key: size=2048
04-09 09:46:46.960  3073  3073 I cast_shell: [3076:3076:INFO:cast_receiver_impl.cc(828)] Cast receiver started.
04-09 09:46:46.961  3073  3073 I cast_shell: [3076:3125:INFO:v2_unix_domain_socket_factory.cc(84)] Cast V2 Unix domain socket is listening: path=/tmp/cast-control
04-09 09:46:46.961  3073  3073 I cast_shell: [3076:3076:WARNING:cast_receiver_impl.cc(1126)] Network is not globally connected. Don't schedule config downloading yet.
04-09 09:46:46.961  3073  3073 I cast_shell: [3076:3076:INFO:ccs_manager_impl.cc(663)] Starting cloud ipc activity with CCS
04-09 09:46:46.961  3073  3073 I cast_shell: [3076:3076:INFO:ccs_manager_impl.cc(1286)] CcsManagerImpl opt_in.cloud_ipc pref changed: 1
04-09 09:46:46.961  3073  3073 I cast_shell: [3076:3076:INFO:ccs_manager_impl.cc(1322)] Waiting for all transports to be enabled
04-09 09:46:46.961  3073  3073 I cast_shell: [3076:3076:INFO:ccs_transport_gcm.cc(94)] Deferring GCM registration until connectivity is up
04-09 09:46:46.961  3073  3073 I cast_shell: [3076:3076:INFO:multizone_manager.cc(2397)] Resuming MultizoneManager
04-09 09:46:46.961  3073  3073 I cast_shell: [3076:3076:INFO:cast_receiver_impl.cc(934)] Cast receiver resumed.
04-09 09:46:46.961  3073  3073 I cast_shell: [3076:3076:WARNING:cast_receiver_impl.cc(1138)] Network is not globally connected. Don't schedule CRL downloading yet.
04-09 09:46:46.961  3073  3073 I cast_shell: [3076:3125:ERROR:socket_posix.cc(148)] bind() failed: Address already in use (98)
04-09 09:46:46.965  3073  3073 I cast_shell: [3076:3122:INFO:cast_web_server.cc(210)] Http server for Cast receiver started: port=8008
04-09 09:46:46.966  3073  3073 I cast_shell: [3076:3084:ERROR:service_manager.cc(210)] Failed to resolve service name: cast_assistant
04-09 09:46:46.967  3073  3073 I cast_shell: [3076:3123:INFO:cast_web_server.cc(210)] Http server for Cast receiver started: port=8443
04-09 09:46:46.968  3073  3073 I cast_shell: [3076:3139:INFO:external_mojo_broker.cc(405)] Initializing external mojo broker at: /tmp/cast_mojo_broker
04-09 09:46:46.971  3073  3073 I cast_shell: [3076:3141:ERROR:cast_audio_input_json.cc(33)] Failed to read JSON file: /etc/cast_audio_input.json
04-09 09:46:46.971  3073  3073 I cast_shell: [3076:3141:ERROR:channel_selector_reader.cc(44)] Failed to read audio input json
04-09 09:46:46.971  3073  3073 I cast_shell: [3076:3141:INFO:auto_volume.cc(107)] Auto volume is disabled
04-09 09:46:46.972  3073  3073 I cast_shell: [3076:3076:INFO:audio_focus_manager_impl.cc(27)] use_media_starting_block: 0
04-09 09:46:46.973  3073  3073 I cast_shell: [3076:3076:INFO:grpc_auth_manager_in_process.cc(135)] Initializing Auth.
04-09 09:46:46.974  3073  3073 I cast_shell: [3076:3076:INFO:grpc_manager_impl.cc(505)] GRPC[uri=[::]:8012]: num_pending_calls=0, num_active_handlers=0, num_free_handlers=0
04-09 09:46:46.977  3073  3073 I cast_shell: [3076:3076:INFO:grpc_manager_impl.cc(317)] Grpc server started in port 8012
04-09 09:46:46.977  3073  3073 I cast_shell: [3076:3076:INFO:ccs_manager_impl.cc(851)] Network connectivity down for CcsManager
04-09 09:46:46.983  2734  2763 I bluetoothtbd: [0408/211646.983439:INFO:adapter.cc(551)] Adapter properties changed
04-09 09:46:46.983  2734  2763 I bluetoothtbd: [0408/211646.983585:INFO:adapter.cc(573)] Adapter name changed
04-09 09:46:46.983  2734  2763 I bluetoothtbd: [0408/211646.983743:INFO:adapter.cc(551)] Adapter properties changed
04-09 09:46:46.984  3073  3073 I cast_shell: [3076:3124:INFO:mdns_app_filter.cc(1605)] Re-probing due to newly registered service '1': _googlerpc
04-09 09:46:46.984  3073  3073 I cast_shell: [3076:3095:INFO:cast_auth_api_adaptor.cc(82)] CastAuth: init with library: libcast_auth.so
04-09 09:46:46.984  3073  3073 I cast_shell: [3076:3076:INFO:mdns_manager_impl.cc(468)] Setting new conflict callback
04-09 09:46:46.984  3073  3073 I cast_shell: [3076:3076:INFO:mdns_util.cc(102)] Defaulting mDNS capabilities for audio-only build
04-09 09:46:46.984  3073  3073 I cast_shell: [3076:3076:INFO:ccs_manager_impl.cc(1322)] Waiting for all transports to be enabled
04-09 09:46:46.984  3073  3073 I cast_shell: [3076:3076:INFO:bluetooth_setup.cc(690)] Disabling connectability.
04-09 09:46:46.984  3073  3073 I cast_shell: [3076:3076:INFO:input_manager_impl.cc(468)] Using virtual device efcac2ce-283e-72b5-6667-2ae62e48994e
04-09 09:46:47.031  3073  3073 I cast_shell: [3076:3076:INFO:secure_storage_impl.cc(107)] Secure storage initialized.
04-09 09:46:47.032  3073  3073 I cast_shell: [3076:3076:INFO:ccs_manager_impl.cc(851)] Network connectivity down for CcsManager
04-09 09:46:47.100  2952  2963 D wac-main: Netlink event
04-09 09:46:47.100  2952  2963 E wac-main: Netlink event 16 Interface Index 6 
04-09 09:46:47.100  2952  2963 E wac-main: p2p0 event Link Changed : 1002 
04-09 09:46:47.100  2952  2963 E wac-main: Enter poll and wait
04-09 09:46:47.101  2711  2723 I yani_kernel: yani_geteventfrom_changeaddr() Message-Id '1' Netlink event '16' Interface Index '6' -> Name 'p2p0' 
04-09 09:46:47.114  3073  3073 I cast_shell: [3076:3125:ERROR:broadcast_filter.cc(70)] Failed to join broadcast filter multicast group
04-09 09:46:47.114  3073  3073 I cast_shell: [3076:3125:WARNING:broadcast_filter.cc(120)] Failed to enable BroadcastFilter
04-09 09:46:47.114  3073  3073 I cast_shell: [3076:3125:INFO:endpoint_with_namespace_handler.cc(103)] Added a namespace handler: local_id=receiver-efcac2ce-283e-72b5-6667-2ae62e48994e, namespace=urn:x-cast:com.google.cast.setup
04-09 09:46:47.114  3073  3073 I cast_shell: [system_updater_dummy.cpp(79)] Initialize
04-09 09:46:47.114  3073  3073 I cast_shell: [system_updater_dummy.cpp(29)] system_updater_socket_create
04-09 09:46:47.114  3073  3073 I cast_shell: [3076:3141:WARNING:crl_downloader.cc(136)] CRL failed to restore.
04-09 09:46:47.114  3073  3073 I cast_shell: [3076:3076:INFO:device_info_impl.cc(1094)] Primary netif changed: new=usb0, old=
04-09 09:46:47.114  3073  3073 I cast_shell: [3076:3076:INFO:device_info_impl.cc(1103)] Primary IP address changed: netif=usb0, new=192.168.10.1, old=
04-09 09:46:47.120  3073  3073 I cast_shell: [3076:3076:INFO:cast_receiver_impl.cc(1612)] mDNS Discovery stopped.
04-09 09:46:47.120  3073  3073 I cast_shell: [3076:3076:INFO:cast_receiver_impl.cc(1667)] Network is globally disconnected. Refresh CcsManager
04-09 09:46:47.120  3073  3073 I cast_shell: [3076:3076:INFO:iot_auth_manager_wrapper.cc(307)] Network provider informed of disconnected network status.
04-09 09:46:47.120  3073  3073 I cast_shell: [3076:3124:INFO:mdns_app_filter.cc(1702)] MdnsAppFilter is stopping
04-09 09:46:47.120  3073  3073 I cast_shell: [3076:3124:INFO:metrics_recorder.cc(282)] cast event: Cast.Discovery.Mdns.ResponderStopped
04-09 09:46:47.120  3073  3073 I cast_shell: [3076:3124:INFO:mdns_app_filter.cc(1709)] MdnsAppFilter is stopping; closing socket: address=192.168.2.1
04-09 09:46:47.120  3073  3073 I cast_shell: [3076:3124:INFO:metrics_recorder.cc(282)] cast event: Cast.Discovery.Mdns.SocketDestroyed
04-09 09:46:47.120  3073  3073 I cast_shell: [3076:3124:INFO:mdns_app_filter.cc(1709)] MdnsAppFilter is stopping; closing socket: address=192.168.10.1
04-09 09:46:47.120  3073  3073 I cast_shell: [3076:3124:INFO:metrics_recorder.cc(282)] cast event: Cast.Discovery.Mdns.SocketDestroyed
04-09 09:46:47.125  3073  3073 I cast_shell: [3076:3124:INFO:metrics_recorder.cc(282)] cast event: Cast.Discovery.Mdns.SocketCreated
04-09 09:46:47.125  3073  3073 I cast_shell: [3076:3124:INFO:mdns_app_filter.cc(1254)] Created mDNS socket for interface:name=p2p1, address=192.168.2.1, index=7
04-09 09:46:47.125  3073  3073 I cast_shell: [3076:3124:INFO:metrics_recorder.cc(282)] cast event: Cast.Discovery.Mdns.SocketCreated
04-09 09:46:47.125  3073  3073 I cast_shell: [3076:3124:INFO:mdns_app_filter.cc(1254)] Created mDNS socket for interface:name=usb0, address=192.168.10.1, index=9
04-09 09:46:47.125  3073  3073 I cast_shell: [3076:3124:INFO:mdns_app_filter.cc(977)] MdnsAppFilter is starting.
04-09 09:46:47.125  3073  3073 I cast_shell: [3076:3124:INFO:metrics_recorder.cc(282)] cast event: Cast.Discovery.Mdns.ResponderStarted
04-09 09:46:47.125  3073  3073 I cast_shell: [3076:3124:INFO:discovered_service_client.cc(78)] Primary interface for service discovery has changed: ifindex=9
04-09 09:46:47.127  2731  2741 E WifiUtil: Setting interface p2p0 up.
04-09 09:46:47.127  3073  3073 I cast_shell: [3076:3114:INFO:ble_setup.cc(1106)] Cleared generated LAT.
04-09 09:46:47.127  3073  3073 I cast_shell: [3076:3114:WARNING:setup_manager_impl.cc(1136)] NAT not supported, no captive portal support.
04-09 09:46:47.127  2731  2741 E WifiUtil: ioctl SIOCGIWFREQ fails for wlan0 Bad address
