04-09 14:46:55.381     0     0 I         : [    1.948615@1] xhci-hcd xhci-hcd.0.auto: new USB bus registered, assigned bus number 1
04-09 14:46:55.381     0     0 I         : [    1.949925@1] xhci-hcd xhci-hcd.0.auto: hcc params 0x0220f664 hci version 0x100 quirks 0x02010010
04-09 14:46:55.381     0     0 I         : [    1.950339@1] xhci-hcd xhci-hcd.0.auto: irq 27, io mem 0xff500000
04-09 14:46:55.381     0     0 I         : [    1.951848@3] hub 1-0:1.0: USB hub found
04-09 14:46:55.381     0     0 I         : [    1.951919@3] hub 1-0:1.0: 1 port detected
04-09 14:46:55.381     0     0 I         : [    1.952450@3] xhci-hcd xhci-hcd.0.auto: xHCI Host Controller
04-09 14:46:55.381     0     0 I         : [    1.952671@3] xhci-hcd xhci-hcd.0.auto: new USB bus registered, assigned bus number 2
04-09 14:46:55.381     0     0 I         : [    1.953533@3] usb usb2: We don't know the algorithms for LPM for this host, disabling LPM.
04-09 14:46:55.381     0     0 I         : [    1.955033@0] hub 2-0:1.0: USB hub found
04-09 14:46:55.381     0     0 E         : [    1.955099@0] hub 2-0:1.0: config failed, hub doesn't have any ports! (err -19)
04-09 14:46:55.381     0     0 E         : [    1.955696@0] usb usb2: Unsupported the hub
04-09 14:46:55.381     0     0 I         : [    1.956433@0] aml_vrtc rtc: setting system clock to 2022-04-09 09:16:52 UTC (1649495812)
04-09 14:46:55.381     0     0 D         : [    1.957312@0] dwc_otg ff400000.dwc2_a: dwc_otg_driver_probe(ffffffc01d690c00)
04-09 14:46:55.381     0     0 W [    1.957359@0] dwc_otg: usb0: type: 2 speed: 0, config: 0, dma: 0, id: 0, phy: ffe09000, ctrl: 0
04-09 14:46:55.381     0     0 D         : [    1.957689@0] dwc_otg ff400000.dwc2_a: base=0xffffff8008a40000
04-09 14:46:55.381     0     0 D         : [    1.957695@0] dwc_otg ff400000.dwc2_a: dwc_otg_device=0xffffffc01c78d000
04-09 14:46:55.381     0     0 W [    2.058108@0] dwc_otg: Core Release: 3.10a
04-09 14:46:55.381     0     0 W [    2.058151@0] dwc_otg: Setting default values for core params
04-09 14:46:55.381     0     0 W [    2.058562@0] dwc_otg: curmode: 0, host_only: 0
04-09 14:46:55.381     0     0 D         : [    2.059019@0] dwc_otg ff400000.dwc2_a: DMA config: BURST_DEFAULT
04-09 14:46:55.381     0     0 W [    2.071331@0] dwc_otg: Using Buffer DMA mode
04-09 14:46:55.382     0     0 W [    2.071354@0] dwc_otg: OTG VER PARAM: 1, OTG VER FLAG: 1
04-09 14:46:55.382     0     0 W [    2.071737@0] dwc_otg: Working on port type = SLAVE
04-09 14:46:55.382     0     0 W [    2.072223@0] dwc_otg: Dedicated Tx FIFOs mode
04-09 14:46:55.382     0     0 I [    2.074707@0] input: adc_keypad as /devices/platform/adc_keypad/input/input1
04-09 14:46:55.382     0     0 I         : [    2.076566@3] cpucore_cooling_register, max_cpu_core_num:4
04-09 14:46:55.382     0     0 I [    2.082982@0] gxbb_pm: enter meson_pm_probe!
04-09 14:46:55.382     0     0 I         : [    2.083020@0] no vddio3v3_en pin
04-09 14:46:55.382     0     0 E         : [    2.083181@0] pm-meson aml_pm: Can't get switch_clk81
04-09 14:46:55.382     0     0 I [    2.083703@0] gxbb_pm: meson_pm_probe done
04-09 14:46:55.382     0     0 I         : [    2.084430@0] ALSA device list:
04-09 14:46:55.382     0     0 I [    2.084456@0]   #0: AML-AUGESOUND
04-09 14:46:55.382     0     0 I         : [    2.084998@0] meson_uart ff804000.serial: ttyS3 use xtal(8M) 24000000 change 115200 to 115200
04-09 14:46:55.382     0     0 I         : [    2.090960@0] Freeing unused kernel memory: 6080K
04-09 14:46:55.382     0     0 I [    2.306343@0] ubi0: attaching mtd6
04-09 14:46:55.382     0     0 I [    2.516249@0] ubi0: scanning is finished
04-09 14:46:55.382     0     0 I [    2.520157@0] ubi0: attached mtd6 (name "system", size 100 MiB)
04-09 14:46:55.382     0     0 I [    2.520450@0] ubi0: PEB size: 262144 bytes (256 KiB), LEB size: 253952 bytes
04-09 14:46:55.382     0     0 I [    2.527457@0] ubi0: min./max. I/O unit sizes: 4096/4096, sub-page size 4096
04-09 14:46:55.382     0     0 I [    2.534345@0] ubi0: VID header offset: 4096 (aligned 4096), data offset: 8192
04-09 14:46:55.382     0     0 I [    2.541411@0] ubi0: good PEBs: 400, bad PEBs: 0, corrupted PEBs: 0
04-09 14:46:55.382     0     0 I [    2.547539@0] ubi0: user volume: 1, internal volumes: 1, max. volumes count: 128
04-09 14:46:55.382     0     0 I [    2.554871@0] ubi0: max/mean erase counter: 37/25, WL threshold: 4096, image sequence number: 736763309
04-09 14:46:55.382     0     0 I [    2.564185@0] ubi0: available PEBs: 0, total reserved PEBs: 400, PEBs reserved for bad PEB handling: 40
04-09 14:46:55.382     0     0 I [    2.573510@3] ubi0: background thread "ubi_bgt0d" started, PID 2141
04-09 14:46:55.382     0     0 I         : [    2.579250@1] UBIFS (ubi0:0): background thread "ubifs_bgt0_0" started, PID 2144
04-09 14:46:55.382     0     0 I         : [    2.626502@2] UBIFS (ubi0:0): UBIFS: mounted UBI device 0, volume 0, name "rootfs"
04-09 14:46:55.382     0     0 I         : [    2.628429@2] UBIFS (ubi0:0): LEB size: 253952 bytes (248 KiB), min./max. I/O unit sizes: 4096 bytes/4096 bytes
04-09 14:46:55.382     0     0 I         : [    2.638463@2] UBIFS (ubi0:0): FS size: 87867392 bytes (83 MiB, 346 LEBs), journal size 9404416 bytes (8 MiB, 38 LEBs)
04-09 14:46:55.382     0     0 I         : [    2.648957@2] UBIFS (ubi0:0): reserved for root: 0 bytes (0 KiB)
04-09 14:46:55.382     0     0 I         : [    2.654911@2] UBIFS (ubi0:0): media format: w4/r0 (latest is w4/r0), UUID DC99A6D8-69BA-4DD7-9E44-726260A6E747, small LPT model
04-09 14:46:55.382     0     0 I [    2.910031@3] init: property init
04-09 14:46:55.382     0     0 I [    2.910771@3] init: reading config file
04-09 14:46:55.382     0     0 I [    2.917503@3] init: processing action 0xaaf3c808 (boot_start)
04-09 14:46:55.382     0     0 I [    2.925243@3] init: command 'boot_start' r=0
04-09 14:46:55.382     0     0 I [    2.926285@3] init: processing action 0xaaf386b0 (early-init)
04-09 14:46:55.382     0     0 I [    2.930974@3] init: starting 'ueventd'
04-09 14:46:55.382     0     0 I [    2.934301@3] init: command 'start' r=0
04-09 14:46:55.382     0     0 I [    2.937278@3] init: command 'loglevel' r=0
04-09 14:46:55.382     0     0 I [    2.942068@3] init: command 'mount' r=0
04-09 14:46:55.382     0     0 I [    2.943800@2] init: starting ueventd
04-09 14:46:55.382     0     0 I [    2.944561@2] init: /sys/ rule /sys/devices/virtual/input/input* enable
04-09 14:46:55.382     0     0 I [    2.944572@2] init: /sys/ rule /sys/devices/virtual/input/input* poll_delay
04-09 14:46:55.382     0     0 I [    2.944582@2] init: /sys/ rule /sys/devices/virtual/usb_composite/* enable
04-09 14:46:55.382     0     0 I [    2.950035@2] init: adding platform device ffd0f0d0.watchdog
04-09 14:46:55.382     0     0 I [    2.950436@2] init: adding platform device reg-dummy
04-09 14:46:55.382     0     0 I [    2.951082@2] init: adding platform device cpu_iomap
04-09 14:46:55.382     0     0 I [    2.951381@2] init: adding platform device 7400000.ramoops
04-09 14:46:55.382     0     0 I [    2.951642@2] init: adding platform device bt-dev
04-09 14:46:55.382     0     0 I [    2.952215@2] init: adding platform device dummy
04-09 14:46:55.382     0     0 I [    2.999697@3] init: command 'mount' r=0
04-09 14:46:55.382     0     0 I [    3.203504@1] ubi1: attaching mtd7
04-09 14:46:55.382     0     0 I [    3.497251@1] ubi1: scanning is finished
04-09 14:46:55.382     0     0 I [    3.501668@0] ubi1: attached mtd7 (name "chrome", size 140 MiB)
04-09 14:46:55.382     0     0 I [    3.501958@0] ubi1: PEB size: 262144 bytes (256 KiB), LEB size: 253952 bytes
04-09 14:46:55.382     0     0 I [    3.508965@0] ubi1: min./max. I/O unit sizes: 4096/4096, sub-page size 4096
04-09 14:46:55.382     0     0 I [    3.515853@0] ubi1: VID header offset: 4096 (aligned 4096), data offset: 8192
04-09 14:46:55.382     0     0 I [    3.522919@0] ubi1: good PEBs: 560, bad PEBs: 0, corrupted PEBs: 0
04-09 14:46:55.382     0     0 I [    3.529047@0] ubi1: user volume: 1, internal volumes: 1, max. volumes count: 128
04-09 14:46:55.382     0     0 I [    3.536374@0] ubi1: max/mean erase counter: 35/26, WL threshold: 4096, image sequence number: 1458511589
04-09 14:46:55.382     0     0 I [    3.545779@0] ubi1: available PEBs: 0, total reserved PEBs: 560, PEBs reserved for bad PEB handling: 40
04-09 14:46:55.382     0     0 I [    3.555103@2] ubi1: background thread "ubi_bgt1d" started, PID 2553
04-09 14:46:55.382     0     0 I         : [    3.569532@0] UBIFS (ubi1:0): background thread "ubifs_bgt1_0" started, PID 2557
04-09 14:46:55.382     0     0 I         : [    3.595860@3] UBIFS (ubi1:0): recovery needed
04-09 14:46:55.382     0     0 I         : [    3.652103@3] UBIFS (ubi1:0): recovery completed
04-09 14:46:55.382     0     0 I         : [    3.652258@3] UBIFS (ubi1:0): UBIFS: mounted UBI device 1, volume 0, name "chrome"
04-09 14:46:55.382     0     0 I         : [    3.658621@3] UBIFS (ubi1:0): LEB size: 253952 bytes (248 KiB), min./max. I/O unit sizes: 4096 bytes/4096 bytes
04-09 14:46:55.382     0     0 I         : [    3.668616@3] UBIFS (ubi1:0): FS size: 128499712 bytes (122 MiB, 506 LEBs), journal size 9404416 bytes (8 MiB, 38 LEBs)
04-09 14:46:55.382     0     0 I         : [    3.679308@3] UBIFS (ubi1:0): reserved for root: 0 bytes (0 KiB)
04-09 14:46:55.382     0     0 I         : [    3.685364@3] UBIFS (ubi1:0): media format: w4/r0 (latest is w4/r0), UUID 3D7B4A1D-6849-462E-B889-C151DCC94211, small LPT model
04-09 14:46:55.382     0     0 I [    3.728622@3] ubi2: attaching mtd8
04-09 14:46:55.382     0     0 I         : [    3.895323@3]  NAND bbt detect factory Bad block at 17a40000
04-09 14:46:55.382     0     0 I         : [    3.906925@3]  NAND bbt detect factory Bad block at 18000000
04-09 14:46:55.382     0     0 I         : [    3.906982@3]  NAND bbt detect factory Bad block at 18040000
04-09 14:46:55.382     0     0 I [    4.180149@3] ubi2: scanning is finished
04-09 14:46:55.382     0     0 I [    4.185142@1] ubi2: attached mtd8 (name "data", size 213 MiB)
04-09 14:46:55.382     0     0 I [    4.185256@1] ubi2: PEB size: 262144 bytes (256 KiB), LEB size: 253952 bytes
04-09 14:46:55.382     0     0 I [    4.192270@1] ubi2: min./max. I/O unit sizes: 4096/4096, sub-page size 4096
04-09 14:46:55.382     0     0 I [    4.199155@1] ubi2: VID header offset: 4096 (aligned 4096), data offset: 8192
04-09 14:46:55.382     0     0 I [    4.206218@1] ubi2: good PEBs: 849, bad PEBs: 3, corrupted PEBs: 0
04-09 14:46:55.383     0     0 I [    4.212345@1] ubi2: user volume: 2, internal volumes: 1, max. volumes count: 128
04-09 14:46:55.383     0     0 I [    4.219705@1] ubi2: max/mean erase counter: 70/48, WL threshold: 4096, image sequence number: 1018457084
04-09 14:46:55.383     0     0 I [    4.229079@1] ubi2: available PEBs: 0, total reserved PEBs: 849, PEBs reserved for bad PEB handling: 37
04-09 14:46:55.383     0     0 I [    4.238399@3] ubi2: background thread "ubi_bgt2d" started, PID 2564
04-09 14:46:55.383     0     0 I         : [    4.252123@2] UBIFS (ubi2:0): background thread "ubifs_bgt2_0" started, PID 2568
04-09 14:46:55.383     0     0 I         : [    4.278624@0] UBIFS (ubi2:0): recovery needed
04-09 14:46:55.383     0     0 I         : [    4.344884@3] UBIFS (ubi2:0): recovery completed
04-09 14:46:55.383     0     0 I         : [    4.345050@3] UBIFS (ubi2:0): UBIFS: mounted UBI device 2, volume 0, name "factory"
04-09 14:46:55.383     0     0 I         : [    4.351484@3] UBIFS (ubi2:0): LEB size: 253952 bytes (248 KiB), min./max. I/O unit sizes: 4096 bytes/4096 bytes
04-09 14:46:55.383     0     0 I         : [    4.361594@3] UBIFS (ubi2:0): FS size: 10158080 bytes (9 MiB, 40 LEBs), journal size 2285569 bytes (2 MiB, 9 LEBs)
04-09 14:46:55.383     0     0 I         : [    4.371741@3] UBIFS (ubi2:0): reserved for root: 0 bytes (0 KiB)
04-09 14:46:55.383     0     0 I         : [    4.377694@3] UBIFS (ubi2:0): media format: w4/r0 (latest is w4/r0), UUID AD7DC8BC-6ACA-4841-8B12-7A54B54F57E7, small LPT model
04-09 14:46:55.383     0     0 I         : [    4.401122@2] UBIFS (ubi2:1): background thread "ubifs_bgt2_1" started, PID 2571
04-09 14:46:55.383     0     0 I         : [    4.426893@1] UBIFS (ubi2:1): recovery needed
04-09 14:46:55.383     0     0 I         : [    4.488999@3] UBIFS (ubi2:1): recovery completed
04-09 14:46:55.383     0     0 I         : [    4.489164@3] UBIFS (ubi2:1): UBIFS: mounted UBI device 2, volume 1, name "data"
04-09 14:46:55.383     0     0 I         : [    4.495349@3] UBIFS (ubi2:1): LEB size: 253952 bytes (248 KiB), min./max. I/O unit sizes: 4096 bytes/4096 bytes
04-09 14:46:55.383     0     0 I         : [    4.505336@3] UBIFS (ubi2:1): FS size: 189956096 bytes (181 MiB, 748 LEBs), journal size 9404416 bytes (8 MiB, 38 LEBs)
04-09 14:46:55.383     0     0 I         : [    4.516028@3] UBIFS (ubi2:1): reserved for root: 0 bytes (0 KiB)
04-09 14:46:55.383     0     0 I         : [    4.522071@3] UBIFS (ubi2:1): media format: w4/r0 (latest is w4/r0), UUID 34A475AE-5814-4337-8EB7-8868427E3B0E, small LPT model
04-09 14:46:55.383     0     0 I         : [    4.760570@2] aml_wifi wifi: [usb_power_control] Set WiFi power down
04-09 14:46:55.383     0     0 I [    4.761340@2] meson-mmc: [sdio_notify] finish
04-09 14:46:55.383     0     0 I         : [    4.765630@2] aml_wifi wifi: [wifi_power_ioctl] ioctl Set sdio wifi power down!
04-09 14:46:55.383     0     0 I         : [    4.769280@3] UBIFS (ubi0:0): background thread "ubifs_bgt0_0" stops
04-09 14:46:56.467  2584  2584 E         : found the match wifi is: sd8887
04-09 14:46:56.467  2584  2584 E         : wifi_insmod command:insmod /lib/modules/4.9.113/kernel/mrvl/mlan8887.ko 
--------- beginning of system
04-09 14:46:56.491  2604  2604 I wpa_supplicant: Successfully initialized wpa_supplicant
04-09 14:46:56.520  2604  2604 E wpa_supplicant: Could not read interface wlan0 flags: No such device
04-09 14:46:56.523  2604  2604 I wpa_supplicant: nl80211: Driver does not support authentication/association or connect commands
04-09 14:46:56.525  2604  2604 I wpa_supplicant: nl80211: deinit ifname=wlan0 disabled_11b_rates=0
04-09 14:46:56.526  2604  2604 E wpa_supplicant: Could not read interface wlan0 flags: No such device
04-09 14:46:56.527  2604  2604 E wpa_supplicant: wlan0: Failed to initialize driver interface
04-09 14:46:56.615  2584  2584 E         : wifi_insmod command:insmod /lib/modules/4.9.113/kernel/mrvl/sd8xxx.ko cal_data_cfg=mrvl/WlanCalData_ext_LS9x_291119.conf txpwrlimit_cfg=mrvl/txpwrlimit_cfg_8887.bin fw_name=mrvl/sd8887_wlan_a2_p59.bin cfg80211_wext=0xf host_mlme=1 auto_ds=2 fw_serial=1 sta_name="wlan" uap_name="p2p" ps_mode=2 max_uap_bss=2 drvdbg=0x7 reg_alpha2="00"
04-09 14:46:57.733  2584  2584 E         : Load BT driver
04-09 14:46:57.733  2584  2584 E         : found the match wifi is: (null)
04-09 14:46:57.733  2584  2584 E         : wifi_insmod command:insmod /lib/modules/4.9.113/kernel/mrvl/bt8xxx.ko fw_name=mrvl/sd8887_bt_a2_p59.bin bt_fw_serial=0
04-09 14:46:57.867  2688  2688 W sshd    : Failed loading /etc/dropbear/dropbear_rsa_host_key
04-09 14:46:57.868  2688  2688 W sshd    : Failed loading /etc/dropbear/dropbear_dss_host_key
04-09 14:46:57.868  2688  2688 W sshd    : Failed loading /etc/dropbear/dropbear_ecdsa_host_key
04-09 14:46:57.872  2688  2688 I sshd    : Not backgrounding
04-09 14:46:57.900  2696  2696 E writeSerialNo: Writing serial number to unifykey
04-09 14:46:57.926  2694  2694 I ServiceManager: Waiting for service libre.EnvItems...
04-09 14:46:57.927  2690  2690 I sh      : FACTEST:unifykey read success:20 20
04-09 14:46:57.927  2690  2690 I sh      : inbuf=de4f95ffa64d5e74b026  ret=20 serial.txt=de4f95ffa64d5e74b026 bytesread=20 strcmp=0
04-09 14:46:57.982  2697  2697 I ENV     : init 
04-09 14:46:57.984  2697  2697 I ENV     :  First boot 
04-09 14:46:57.985  2697  2697 E ENV     : fileExists:153 /lsync/env/env.db does not exist
04-09 14:46:57.998  2697  2697 D AVS_SDK :  [  1] I sdkVersion: 1.19.1
04-09 14:46:57.998  2697  2697 E ENV     :  FAILED to open:/lsync/env/tmp.db 
04-09 14:46:58.000  2697  2697 I ENV     : removeItem:79:/lsync/env/tmp.db not found
04-09 14:46:58.002  2697  2697 E ENV     : /lsync/env/env.db does not Exist.. tempStorage = 0
04-09 14:46:58.002  2697  2697 I ENV     : createUserDBFromFactoryCfg 
04-09 14:46:58.022  2697  2697 I ENV     : Using /factory/custom/factoryEnv.conf as conf file
04-09 14:46:58.022  2697  2697 I ENV     : removeItem:79:/lsync/env/env.db not found
04-09 14:46:58.022  2697  2697 E ENV     : Error removing /lsync/env/env.db
04-09 14:46:58.161  2697  2697 E ENV     : createUserDBFromFactoryCfg:307: tempStorage is undefined
04-09 14:46:58.162  2697  2697 I ENV     : Using /factory/custom/factoryEnv.conf and /lsync/env/env.db as conf and db file
04-09 14:46:58.162  2697  2697 I ENV     : init 
04-09 14:46:58.162  2697  2697 I ENV     :  First boot 
04-09 14:46:58.163  2697  2697 I ENV     : fileExists:151 /lsync/env/env.db exists
04-09 14:46:58.168  2697  2697 I ENV     : Copied /lsync/env/env.db to /lsync/env/tmp.db
04-09 14:46:58.170  2697  2697 E ENV     : /lsync/env/env.db does not Exist.. tempStorage = abbe1db0
04-09 14:46:58.170  2697  2697 I ENV     : createUserDBFromFactoryCfg 
04-09 14:46:58.179  2697  2697 I ENV     : Using /factory/custom/factoryEnv.conf as conf file
04-09 14:46:58.180  2697  2697 I ENV     : removeItem:74:/lsync/env/env.db removed
04-09 14:46:58.180  2697  2697 I ENV     : Removed /lsync/env/env.db
04-09 14:46:58.193  2697  2697 E ENV     : createUserDBFromFactoryCfg:301: Failed at tempStorage->get_changed
04-09 14:46:58.572  2697  2697 I chatty  : uid=0(root) env_service identical 64 lines
04-09 14:46:58.578  2697  2697 E ENV     : createUserDBFromFactoryCfg:301: Failed at tempStorage->get_changed
04-09 14:46:58.579  2697  2697 E AVS_SDK :  [  1] E SQLiteStatement:SQLiteStatement::stepFailed::Executing the select did not generate a row or complete.:result=19
04-09 14:46:58.579  2697  2697 E AVS_SDK :  [  1] E SQLiteStatement:SQLiteStatement::finalizeFailed::Could release the prepared statement.:rcode=19
04-09 14:46:58.580  2697  2697 E ENV     : createUserDBFromFactoryCfg:286: Failed at m_miscStorage->put
04-09 14:46:58.585  2697  2697 E ENV     : createUserDBFromFactoryCfg:301: Failed at tempStorage->get_changed
04-09 14:46:58.767  2697  2697 I chatty  : uid=0(root) env_service identical 29 lines
04-09 14:46:58.774  2697  2697 E ENV     : createUserDBFromFactoryCfg:301: Failed at tempStorage->get_changed
04-09 14:46:58.774  2697  2697 I ENV     : Using /factory/custom/factoryEnv.conf and /lsync/env/env.db as conf and db file
04-09 14:46:58.775  2697  2697 I ENV     : fileExists:151 /lsync/env/env_bk.db exists
04-09 14:46:58.776  2697  2697 I ENV     : fileExists:151 /factory/custom/factoryEnv_bk.conf exists
04-09 14:46:58.776  2697  2697 I ENV     : removeItem:74:/lsync/env/tmp.db removed
04-09 14:47:00.910  2709  2709 I wpa_supplicant: Successfully initialized wpa_supplicant
04-09 14:47:00.925  2709  2709 I wpa_supplicant: rfkill: Cannot open RFKILL control device
04-09 14:47:00.957  2711  2711 E LUCI_FACTORY: LUCIFactory::registerBuiltinFactories
04-09 14:47:00.965  2711  2711 E LUCI_SERVER: IP = 0
04-09 14:47:00.975  2712  2712 I main_sourceswitch: ServiceManager: 0xaba18f88
04-09 14:47:00.977  2712  2712 E luci_helper: LUCIHelper: Waiting for Module Init
04-09 14:47:00.978  2712  2712 E luci_helper: LUCIHelper: Waiting for Module Init
04-09 14:47:00.990  2710  2710 E luci_helper: LUCIHelper: Waiting for Module Init
04-09 14:47:00.991  2710  2710 E luci_helper: LUCIHelper: Waiting for Module Init
04-09 14:47:00.992  2710  2710 E yani_server: YaniServer FAILED TO GET LuciHelper
04-09 14:47:01.021  2690  2690 I sh      : Simple mixer control 'Master',0
04-09 14:47:01.021  2690  2690 I sh      :   Capabilities: volume pswitch pswitch-joined
04-09 14:47:01.021  2690  2690 I sh      :   Playback channels: Front Left - Front Right
04-09 14:47:01.021  2690  2690 I sh      :   Capture channels: Front Left - Front Right
04-09 14:47:01.021  2690  2690 I sh      :   Limits: 0 - 100
04-09 14:47:01.039  2690  2690 I sh      :   Front Left: 30 [30%] [-10.45dB] Playback [on]
04-09 14:47:01.040  2690  2690 I sh      :   Front Right: 30 [30%] [-10.45dB] Playback [on]
04-09 14:47:01.046  2711  2711 E luciUART: bufff write ? = 1 
04-09 14:47:01.048  2711  2711 E luciUART: tcsetattr succeed
04-09 14:47:01.048  2709  2709 I wpa_supplicant: MPM: Debug Dialog Token initialized 1891585592 (0x70bf4e38)
04-09 14:47:01.055  2711  2722 E LUCI_SERVER: Luci Server Thread waiting for packets....
04-09 14:47:01.056  2709  2709 I wpa_supplicant: wlan0: CTRL-EVENT-REGDOM-CHANGE init=USER type=COUNTRY alpha2=US
04-09 14:47:01.129  2708  2708 I         : [0409/021701.128711:INFO:cast_auth_check.cc(163)] Cast auth test is successful.
04-09 14:47:01.461  2710  2719 E yani_kernel: Interface status 0
04-09 14:47:01.468  2710  2719 I yani_kernel: set_device_name() Interface 'wlan0' MAC Address 'cc:90:93:21:f3:84' FriendlyName 'Lyric Speaker Box 21f384' status '0'
04-09 14:47:01.469  2710  2719 I yani_server: First boot after Factory reset! Friendly Name modified Lyric Speaker Box  -> Lyric Speaker Box 21f384
04-09 14:47:01.475  2711  2720 I lucitransport: writeRemoteMessage() MID = 90 buffer = Lyric Speaker Box 21f384
04-09 14:47:01.475  2711  2720 I luciUART: write() MID = 90  bytes = 34 data = Lyric Speaker Box 21f384 m_fd = 0x5
04-09 14:47:01.475  2711  2711 I lucitransport: writeLocalMessage() MID = 90 buffer = Lyric Speaker Box 21f384
04-09 14:47:01.475  2711  2722 E LUCI_SERVER: Luci Server Thread wait over MID 90....
04-09 14:47:01.477  2710  2719 E yani_server: Device Supports CastSetup 1
04-09 14:47:01.477  2710  2719 I yani_kernel: yani_init_net() Success Netlink socket fd 6
04-09 14:47:01.481  2710  2719 E WifiHW  : wifi_start_supplicant
04-09 14:47:01.481  2710  2719 E WifiHW  : wifi_start_ctl.start : wpa_supplicant
04-09 14:47:01.504  2711  2722 E LUCI_SERVER: Luci Server Thread waiting for packets....
04-09 14:47:01.682  2710  2719 E WifiHW  : wifi_connect_to_supplicant : wlan0
04-09 14:47:01.683  2710  2719 E WifiHW  : wifi_connect_on_socket_path1 : wlan0
04-09 14:47:01.685  2710  2719 E yani_wifi: enable_disable_net_if() Failed SIOCGIFFLAGS for interface 'wlan1' enable '0'
04-09 14:47:01.690  2710  2719 I yani_wifi: configure_wifi() SSID '' security '' passphrase '********' Country 'US'
04-09 14:47:02.919  2690  2690 I sh      : LSDeviceService: not found
04-09 14:47:03.019  2728  2728 E         :  Start MessageBox Handler 
04-09 14:47:03.028  2729  2729 E UIModeManager: UIModeManager Constructor ++
04-09 14:47:03.033  2729  2729 I AirableUIHelper: AirableUIHelper Contructor 
04-09 14:47:03.035  2729  2729 E AirableUIHelper:  Airable ENV_AirableBaseURL_ID Envitem returned failed!!!
04-09 14:47:03.037  2732  2732 I NetMgr  : Net_Mgr starting
04-09 14:47:03.040  2729  2729 E AirableUIHelper:  Airable ENV_AirableSecret_ID Envitem returned failed!!!
04-09 14:47:03.040  2729  2729 E AirableUIHelper: Airable Secret =  
04-09 14:47:03.040  2728  2740 E MB_HANDLER: HOST present 1
04-09 14:47:03.043  2728  2740 E MB_HANDLER:  REGISTERED YANI LISTENER IN MessageBoxHandler
04-09 14:47:03.044  2728  2740 E         : External Host present 1
04-09 14:47:03.044  2728  2740 E MB_HANDLER: REGISTERED ExternalSource IN MessageBoxHandler
04-09 14:47:03.045  2732  2732 I HotspotManager: Default WiFi Interface : wlan0
04-09 14:47:03.047  2736  2736 E dhcpcd  : eth0: interface not found or invalid
04-09 14:47:03.048  2728  2740 E MB_HANDLER: Check Device Support ENV_CastSetup true ENV_GoogleCast_ID true 
04-09 14:47:03.048  2711  2711 I lucitransport: readRemoteMessage() MID char = 43689 buffer = 1
04-09 14:47:03.049  2711  2720 I lucitransport: writeRemoteMessage() MID = 43690 buffer = ªªªªª
04-09 14:47:03.049  2728  2740 E MB_HANDLER: LUCI UART READY MSG!!
04-09 14:47:03.049  2728  2740 E MB_HANDLER: Set Default Network Status on Bootup 0#1,0#2,0#3,0#4,0!
04-09 14:47:03.050  2711  2720 I lucitransport: readRemoteMessage() MID char = 43689 buffer = 1
04-09 14:47:03.051  2711  2720 I lucitransport: readRemoteMessage() MID char = 38 buffer = (null)
04-09 14:47:03.052  2711  2720 I lucitransport: readRemoteMessage() MID char = 35 buffer = 0
04-09 14:47:03.052  2728  2740 E MB_HANDLER: connected_cnt =0
04-09 14:47:03.053  2711  2720 I lucitransport: writeRemoteMessage() MID = 35 buffer = 1
04-09 14:47:03.054  2728  2740 E MB_HANDLER: boot_after_factory : 1
04-09 14:47:03.056  2729  2729 I UIModeManager: RegisterModeControl Mode - PlayMode ModeControl - 0xab025c30
04-09 14:47:03.058  2729  2729 I ServiceManager: Waiting for service media.player...
04-09 14:47:03.058  2728  2740 I MB_HANDLER: Env Details: LS-Host '1' Cast-Setup 'true'
04-09 14:47:03.058  2728  2740 E MB_HANDLER: Message Handler Thread waiting for messages....
04-09 14:47:03.059  2711  2721 E luciUART: UART:aa
04-09 14:47:03.059  2711  2721 E luciUART: UART:aa
04-09 14:47:03.059  2711  2721 E luciUART: UART:2
04-09 14:47:03.059  2711  2721 E luciUART: UART:0
04-09 14:47:03.059  2711  2721 E luciUART: UART:9
04-09 14:47:03.059  2711  2721 E luciUART: UART:0
04-09 14:47:03.060  2711  2721 I chatty  : uid=0(root) UARTLUCIControl identical 2 lines
04-09 14:47:03.060  2711  2721 E luciUART: UART:0
04-09 14:47:03.060  2711  2721 E luciUART: UART:1
04-09 14:47:03.060  2711  2721 I luciUART: read() RemoteID = 43690 Command = 9 Type = 2 Status = 0 DataLen = 1
04-09 14:47:03.060  2711  2721 E luciUART: Error: full data not available yet! readBytes 0
04-09 14:47:03.060  2711  2721 I luciUART: Previous Packet read contd., 
04-09 14:47:03.060  2711  2721 E luciUART: UART:31
04-09 14:47:03.060  2711  2721 E luciUART: UART:aa
04-09 14:47:03.060  2711  2721 E luciUART: UART:aa
04-09 14:47:03.060  2711  2722 E LUCI_SERVER: Luci Server Thread wait over MID 9....
04-09 14:47:03.060  2711  2721 E luciUART: UART:1
04-09 14:47:03.060  2711  2721 E luciUART: UART:0
04-09 14:47:03.060  2711  2721 E luciUART: UART:7c
04-09 14:47:03.060  2711  2721 E luciUART: UART:0
04-09 14:47:03.060  2711  2722 I luciUART: write() MID = 9  bytes = 10 data =  m_fd = 0x5
04-09 14:47:03.060  2711  2721 E luciUART: UART:0
04-09 14:47:03.061  2711  2721 E luciUART: UART:f
04-09 14:47:03.061  2711  2721 I luciUART: read() RemoteID = 43690 Command = 208 Type = 2 Status = 0 DataLen = 15
04-09 14:47:03.061  2711  2721 E luciUART: Error: full data not available yet! readBytes 0
04-09 14:47:03.061  2711  2721 I luciUART: Previous Packet read contd., 
04-09 14:47:03.061  2732  2732 I NetworkMonitor: WiFi Interface : wlan0
04-09 14:47:03.061  2711  2721 E luciUART: UART:52
04-09 14:47:03.061  2732  2732 I NetworkMonitor: Default WiFi Interface : wlan0
04-09 14:47:03.061  2711  2721 I luciUART: Previous Packet read contd., 
04-09 14:47:03.061  2711  2721 E luciUART: UART:45
04-09 14:47:03.061  2711  2721 I luciUART: Previous Packet read contd., 
04-09 14:47:03.061  2711  2721 E luciUART: UART:41
04-09 14:47:03.061  2711  2721 I luciUART: Previous Packet read contd., 
04-09 14:47:03.061  2711  2721 E luciUART: UART:44
04-09 14:47:03.061  2711  2721 I luciUART: Previous Packet read contd., 
04-09 14:47:03.061  2711  2721 E luciUART: UART:5f
04-09 14:47:03.062  2711  2721 E luciUART: UART:56
04-09 14:47:03.062  2711  2721 I luciUART: Previous Packet read contd., 
04-09 14:47:03.062  2711  2721 E luciUART: UART:65
04-09 14:47:03.062  2711  2721 I luciUART: Previous Packet read contd., 
04-09 14:47:03.062  2711  2721 E luciUART: UART:72
04-09 14:47:03.062  2711  2721 I luciUART: Previous Packet read contd., 
04-09 14:47:03.062  2711  2721 E luciUART: UART:73
04-09 14:47:03.062  2711  2721 I luciUART: Previous Packet read contd., 
04-09 14:47:03.062  2711  2721 E luciUART: UART:69
04-09 14:47:03.062  2711  2721 I luciUART: Previous Packet read contd., 
04-09 14:47:03.064  2711  2721 E luciUART: UART:0
04-09 14:47:03.068  2711  2722 I luciUART: write() MID = 208  bytes = 21 data = MCUVersion: m_fd = 0x5
04-09 14:47:03.068  2711  2722 E LUCI_SERVER: NV_READ response= MCUVersion:
04-09 14:47:03.068  2711  2722 E LUCI_SERVER: Luci Server Thread wait over MID 91....
04-09 14:47:03.068  2711  2722 E LUCI_SERVER: setting mid[91] to NULL
04-09 14:47:03.068  2732  2744 I NetworkMonitor: Start monitor thread
04-09 14:47:03.069  2728  2739 E MB_HANDLER: Messagebox_handler::MessageBoxAlert id = 91
04-09 14:47:03.070  2728  2740 E MB_HANDLER: Message Handler Thread wait over MID[91]....
04-09 14:47:03.070  2711  2722 I luciUART: write() MID = 91  bytes = 10 data =  m_fd = 0x5
04-09 14:47:03.070  2711  2722 E LUCI_SERVER: Luci Server Thread wait over MID 208....
04-09 14:47:03.070  2711  2722 E LUCI_SERVER: Got NV name : Country
04-09 14:47:03.070  2711  2720 I lucitransport: readRemoteMessage() MID char = 91 buffer = (null)
04-09 14:47:03.071  2711  2721 E luciUART: UART:0
04-09 14:47:03.071  2711  2721 I chatty  : uid=0(root) UARTLUCIControl identical 3 lines
04-09 14:47:03.071  2711  2721 E luciUART: UART:0
04-09 14:47:03.071  2711  2721 I luciUART: read() RemoteID = 43690 Command = 151 Type = 1 Status = 0 DataLen = 0
04-09 14:47:03.071  2711  2721 E luciUART: UART:aa
04-09 14:47:03.071  2711  2721 E luciUART: UART:aa
04-09 14:47:03.071  2711  2721 E luciUART: UART:2
04-09 14:47:03.071  2711  2721 E luciUART: UART:0
04-09 14:47:03.071  2711  2721 E luciUART: UART:d0
04-09 14:47:03.071  2711  2721 E luciUART: UART:0
04-09 14:47:03.072  2711  2721 I chatty  : uid=0(root) UARTLUCIControl identical 2 lines
04-09 14:47:03.072  2711  2721 E luciUART: UART:0
04-09 14:47:03.072  2711  2721 E luciUART: UART:9
04-09 14:47:03.072  2711  2721 I luciUART: read() RemoteID = 43690 Command = 208 Type = 2 Status = 0 DataLen = 9
04-09 14:47:03.072  2711  2721 E luciUART: Error: full data not available yet! readBytes 0
04-09 14:47:03.072  2711  2721 I luciUART: Previous Packet read contd., 
04-09 14:47:03.072  2711  2721 E luciUART: UART:52
04-09 14:47:03.072  2711  2721 I luciUART: Previous Packet read contd., 
04-09 14:47:03.072  2711  2721 E luciUART: UART:45
04-09 14:47:03.072  2711  2721 I luciUART: Previous Packet read contd., 
04-09 14:47:03.072  2711  2721 E luciUART: UART:41
04-09 14:47:03.072  2711  2721 I luciUART: Previous Packet read contd., 
04-09 14:47:03.072  2711  2721 E luciUART: UART:44
04-09 14:47:03.072  2711  2721 I luciUART: Previous Packet read contd., 
04-09 14:47:03.072  2711  2721 E luciUART: UART:5f
04-09 14:47:03.072  2711  2721 I luciUART: Previous Packet read contd., 
04-09 14:47:03.072  2711  2721 E luciUART: UART:73
04-09 14:47:03.072  2728  2740 E MB_HANDLER: ENV READ FAILED
04-09 14:47:03.072  2711  2721 I luciUART: Previous Packet read contd., 
04-09 14:47:03.072  2711  2721 E luciUART: UART:73
04-09 14:47:03.072  2711  2721 I luciUART: Previous Packet read contd., 
04-09 14:47:03.072  2711  2721 E luciUART: UART:69
04-09 14:47:03.072  2711  2721 I luciUART: Previous Packet read contd., 
04-09 14:47:03.072  2711  2721 E luciUART: UART:64
04-09 14:47:03.072  2711  2721 E luciUART: UART:aa
04-09 14:47:03.072  2711  2721 E luciUART: UART:aa
04-09 14:47:03.072  2711  2721 E luciUART: UART:2
04-09 14:47:03.072  2711  2721 E luciUART: UART:0
04-09 14:47:03.072  2711  2721 E luciUART: UART:d0
04-09 14:47:03.072  2711  2721 E luciUART: UART:0
04-09 14:47:03.072  2711  2721 I chatty  : uid=0(root) UARTLUCIControl identical 2 lines
04-09 14:47:03.072  2711  2721 E luciUART: UART:0
04-09 14:47:03.072  2711  2721 E luciUART: UART:9
04-09 14:47:03.072  2711  2721 I luciUART: read() RemoteID = 43690 Command = 208 Type = 2 Status = 0 DataLen = 9
04-09 14:47:03.072  2711  2721 E luciUART: UART:52
04-09 14:47:03.072  2711  2721 I luciUART: Previous Packet read contd., 
04-09 14:47:03.072  2711  2721 E luciUART: UART:45
04-09 14:47:03.072  2711  2721 I luciUART: Previous Packet read contd., 
04-09 14:47:03.072  2711  2721 E luciUART: UART:41
04-09 14:47:03.072  2711  2721 E luciUART: UART:44
04-09 14:47:03.072  2711  2721 I luciUART: Previous Packet read contd., 
04-09 14:47:03.072  2711  2721 E luciUART: UART:69
04-09 14:47:03.072  2711  2721 I luciUART: Previous Packet read contd., 
04-09 14:47:03.073  2711  2722 I luciUART: write() MID = 208  bytes = 20 data = Country:US m_fd = 0x5
04-09 14:47:03.073  2711  2722 E LUCI_SERVER: NV_READ response= Country:US
04-09 14:47:03.073  2711  2722 E LUCI_SERVER: Luci Server Thread wait over MID 5....
04-09 14:47:03.073  2711  2722 I luciUART: write() MID = 5  bytes = 22 data = eng.C4A.1203 m_fd = 0x5
04-09 14:47:03.073  2711  2722 E LUCI_SERVER: Luci Server Thread wait over MID 151....
04-09 14:47:03.074  2728  2740 E MB_HANDLER: MacAddress :CC:90:93:21:F3:84
04-09 14:47:03.074  2711  2720 I lucitransport: writeRemoteMessage() MID = 91 buffer = CC:90:93:21:F3:84
04-09 14:47:03.074  2711  2720 I luciUART: write() MID = 91  bytes = 27 data = CC:90:93:21:F3:84 m_fd = 0x5
04-09 14:47:03.076  2732  2744 E WifiUtil: command: "SCAN" failed: FAIL-BUSY
04-09 14:47:03.076  2711  2722 E WLANP2PIF: ioctl failed
04-09 14:47:03.076  2711  2722 E LUCI_SERVER: ** RSSI  = 255
04-09 14:47:03.076  2711  2722 I luciUART: write() MID = 151  bytes = 10 data =  m_fd = 0x5
04-09 14:47:03.076  2711  2722 E LUCI_SERVER: Luci Server Thread wait over MID 208....
04-09 14:47:03.076  2711  2722 E LUCI_SERVER: Got NV name : ssid
04-09 14:47:03.077  2728  2740 E MB_HANDLER: Message Handler Thread waiting for messages....
04-09 14:47:03.078  2711  2722 I luciUART: write() MID = 208  bytes = 15 data = ssid: m_fd = 0x5
04-09 14:47:03.078  2711  2722 E LUCI_SERVER: NV_READ response= ssid:
04-09 14:47:03.078  2711  2722 E LUCI_SERVER: Luci Server Thread wait over MID 208....
04-09 14:47:03.078  2711  2722 E LUCI_SERVER: Got NV name : ssid
04-09 14:47:03.079  2711  2722 I luciUART: write() MID = 208  bytes = 15 data = ssid: m_fd = 0x5
04-09 14:47:03.079  2711  2722 E LUCI_SERVER: NV_READ response= ssid:
04-09 14:47:03.079  2711  2722 E LUCI_SERVER: Luci Server Thread waiting for packets....
04-09 14:47:03.087  2711  2721 E luciUART: UART:aa
04-09 14:47:03.087  2711  2721 E luciUART: UART:aa
04-09 14:47:03.087  2711  2721 E luciUART: UART:2
04-09 14:47:03.088  2711  2721 E luciUART: UART:0
04-09 14:47:03.088  2711  2721 E luciUART: UART:6
04-09 14:47:03.088  2711  2721 E luciUART: UART:0
04-09 14:47:03.088  2711  2721 I chatty  : uid=0(root) UARTLUCIControl identical 2 lines
04-09 14:47:03.088  2711  2721 E luciUART: UART:0
04-09 14:47:03.088  2711  2721 E luciUART: UART:4
04-09 14:47:03.088  2711  2721 I luciUART: read() RemoteID = 43690 Command = 6 Type = 2 Status = 0 DataLen = 4
04-09 14:47:03.088  2711  2721 E luciUART: Error: full data not available yet! readBytes 0
04-09 14:47:03.088  2711  2721 I luciUART: Previous Packet read contd., 
04-09 14:47:03.088  2711  2721 E luciUART: UART:31
04-09 14:47:03.088  2711  2721 I luciUART: Previous Packet read contd., 
04-09 14:47:03.088  2711  2721 E luciUART: UART:30
04-09 14:47:03.088  2711  2721 I luciUART: Previous Packet read contd., 
04-09 14:47:03.088  2711  2721 E luciUART: UART:30
04-09 14:47:03.088  2711  2721 I luciUART: Previous Packet read contd., 
04-09 14:47:03.088  2711  2721 E luciUART: UART:aa
04-09 14:47:03.089  2711  2721 E luciUART: UART:aa
04-09 14:47:03.089  2711  2721 E luciUART: UART:2
04-09 14:47:03.089  2728  2739 E MB_HANDLER: Messagebox_handler::MessageBoxAlert id = 6
04-09 14:47:03.089  2711  2721 E luciUART: UART:0
04-09 14:47:03.089  2711  2721 E luciUART: UART:d0
04-09 14:47:03.089  2711  2721 E luciUART: UART:0
04-09 14:47:03.090  2728  2740 E MB_HANDLER: Message Handler Thread wait over MID[6]....
04-09 14:47:03.091  2711  2720 I lucitransport: readRemoteMessage() MID char = 6 buffer = 1001
04-09 14:47:03.091  2711  2721 E luciUART: UART:0
04-09 14:47:03.092  2711  2721 I chatty  : uid=0(root) UARTLUCIControl identical 1 line
04-09 14:47:03.092  2711  2721 E luciUART: UART:0
04-09 14:47:03.092  2711  2721 E luciUART: UART:13
04-09 14:47:03.092  2711  2721 I luciUART: read() RemoteID = 43690 Command = 208 Type = 2 Status = 0 DataLen = 19
04-09 14:47:03.092  2711  2721 E luciUART: Error: full data not available yet! readBytes 0
04-09 14:47:03.092  2711  2721 I luciUART: Previous Packet read contd., 
04-09 14:47:03.092  2711  2721 E luciUART: UART:52
04-09 14:47:03.092  2711  2721 I luciUART: Previous Packet read contd., 
04-09 14:47:03.101  2711  2722 I luciUART: write() MID = 208  bytes = 67 data = fwdownload_xml:https://openotaengine.libreiotcloud.com/v1 m_fd = 0x5
04-09 14:47:03.101  2711  2722 E LUCI_SERVER: NV_READ response= fwdownload_xml:https://openotaengine.libreiotcloud.com/v1
04-09 14:47:03.101  2711  2722 E LUCI_SERVER: Luci Server Thread waiting for packets....
04-09 14:47:03.119  2734  2734 I bt_btif : init
04-09 14:47:03.122  2734  2734 D bt_osi_allocation_tracker: canary initialized
04-09 14:47:03.124  2734  2760 I bt_osi_thread: run_thread: thread id 2760, thread name stack_manager started
04-09 14:47:03.125  2734  2760 I bt_stack_manager: event_init_stack is initializing the stack
04-09 14:47:03.129  2734  2760 E bt_osi_config: config_new unable to open file '/data/misc/bluedroid/bt_config.conf': No such file or directory
04-09 14:47:03.129  2734  2760 W bt_btif_config: init unable to load config file: /data/misc/bluedroid/bt_config.conf; using backup.
04-09 14:47:03.130  2734  2760 E bt_osi_config: config_new unable to open file '/data/misc/bluedroid/bt_config.bak': No such file or directory
04-09 14:47:03.130  2734  2760 W bt_btif_config: init unable to load backup; attempting to transcode legacy file.
04-09 14:47:03.131  2734  2760 E bt_btif_config_transcode: btif_config_transcode unable to load XML file '/data/misc/bluedroid/bt_config.xml': 3
04-09 14:47:03.132  2734  2760 E bt_btif_config: init unable to transcode legacy file; creating empty config.
04-09 14:47:03.133  2734  2763 I bt_osi_thread: run_thread: thread id 2763, thread name alarm_default_ca started
04-09 14:47:03.133  2734  2765 I bt_osi_thread: run_thread: thread id 2765, thread name alarm_dispatcher started
04-09 14:47:03.136  2734  2760 I bt_btif_core: btif_init_bluetooth entered
04-09 14:47:03.139  2734  2760 I bt_stack_config: init attempt to load stack conf from /etc/bluetooth/bt_stack.conf
04-09 14:47:03.141  2734  2766 I bt_osi_thread: run_thread: thread id 2766, thread name bt_jni_workqueue started
04-09 14:47:03.141  2734  2760 I bt_btif_core: btif_init_bluetooth finished
04-09 14:47:03.141  2734  2766 I bt_btif_core: run_message_loop entered
04-09 14:47:03.141  2734  2760 I bt_stack_manager: event_init_stack finished
04-09 14:47:03.143  2734  2734 I bt_osi_wakelock: wakelock_set_os_callouts set to non-native
04-09 14:47:03.147  2734  2734 I bt_btif : get_profile_interface: id = gatt
04-09 14:47:03.150  2734  2734 I bt_btif : get_profile_interface: id = a2dp
04-09 14:47:03.150  2734  2734 I bt_btif : get_profile_interface: id = a2dp_sink
04-09 14:47:03.156  2734  2771 I bt_osi_thread: run_thread: thread id 2771, thread name btif_a2dp_sink_w started
04-09 14:47:03.161  2734  2734 D a2dp_codec: init
04-09 14:47:03.163  2734  2734 D a2dp_codec: createCodec: codec SBC
04-09 14:47:03.165  2732  2745 E CommandListener: Message not handled: unrecognized interface usb0
04-09 14:47:03.165  2732  2745 W FrameworkListener: Handler 'Iface' error (Success)
04-09 14:47:03.165  2732  2745 E CommandListener: Message not handled: unrecognized interface usb0
04-09 14:47:03.165  2732  2745 W FrameworkListener: Handler 'Iface' error (Success)
04-09 14:47:03.165  2734  2734 D a2dp_codec: createCodec: codec AAC
04-09 14:47:03.166  2734  2734 D a2dp_codec: createCodec: codec aptX
04-09 14:47:03.167  2734  2734 E a2dp_vendor_aptx_encoder: A2DP_VendorLoadEncoderAptx: cannot open aptX encoder library libaptX_encoder.so: libaptX_encoder.so: cannot open shared object file: No such file or directory
04-09 14:47:03.168  2734  2734 E a2dp_vendor_aptx: init: cannot load the encoder
04-09 14:47:03.168  2734  2734 D a2dp_codec: createCodec: codec aptX-HD
04-09 14:47:03.168  2734  2734 E a2dp_vendor_aptx_hd_encoder: A2DP_VendorLoadEncoderAptxHd: cannot open aptX-HD encoder library libaptXHD_encoder.so: libaptXHD_encoder.so: cannot open shared object file: No such file or directory
04-09 14:47:03.168  2734  2734 E a2dp_vendor_aptx_hd: init: cannot load the encoder
04-09 14:47:03.169  2734  2734 D a2dp_codec: createCodec: codec LDAC
04-09 14:47:03.170  2734  2734 E a2dp_vendor_ldac_encoder: A2DP_VendorLoadEncoderLdac: cannot open LDAC encoder library libldacBT_enc.so: libldacBT_enc.so: cannot open shared object file: No such file or directory
04-09 14:47:03.170  2734  2734 E a2dp_vendor_ldac: init: cannot load the encoder
04-09 14:47:03.170  2734  2734 D a2dp_codec: createCodec: codec SBC SINK
04-09 14:47:03.170  2734  2734 D a2dp_codec: createCodec: codec AAC SINK
04-09 14:47:03.170  2734  2734 I a2dp_codec: init: initialized Source codec AAC
04-09 14:47:03.170  2734  2734 I a2dp_codec: init: initialized Source codec SBC
04-09 14:47:03.171  2734  2734 I bt_btif : get_profile_interface: id = avrcp
04-09 14:47:03.172  2734  2734 I bt_btif : get_profile_interface: id = avrcp_ctrl
04-09 14:47:03.173  2734  2734 I bt_btif : get_profile_interface: id = hidhost
04-09 14:47:03.188  2734  2734 I bluetoothtbd: [0409/021703.188368:INFO:daemon.cc(168)] Daemon initialized
04-09 14:47:03.189  2734  2734 I bt_btif : enable: start restricted = 0
04-09 14:47:03.189  2732  2745 E CommandListener: Message not handled: unrecognized interface usb0
04-09 14:47:03.189  2734  2760 I bt_stack_manager: event_start_up_stack is bringing up the stack
04-09 14:47:03.189  2732  2745 W FrameworkListener: Handler 'Iface' error (Success)
04-09 14:47:03.189  2734  2760 I bt_core_module: module_start_up Starting module "btif_config_module"
04-09 14:47:03.189  2734  2760 I bt_core_module: module_start_up Started module "btif_config_module"
04-09 14:47:03.189  2734  2760 I bt_core_module: module_start_up Starting module "btsnoop_module"
04-09 14:47:03.189  2734  2760 I bt_core_module: module_start_up Started module "btsnoop_module"
04-09 14:47:03.190  2734  2760 I bt_core_module: module_start_up Starting module "hci_module"
04-09 14:47:03.190  2734  2760 I bt_hci  : hci_module_start_up
04-09 14:47:03.190  2734  2782 I bt_osi_thread: run_thread: thread id 2782, thread name hci_thread started
04-09 14:47:03.191  2734  2760 D bt_hci  : hci_module_start_up starting async portion
04-09 14:47:03.192  2734  2782 I bluetoothtbd: [0409/021703.192294:INFO:hci_layer_linux.cc(172)] hci_initialize
04-09 14:47:03.192  2734  2782 I bluetoothtbd: [0409/021703.192413:INFO:hci_layer_linux.cc(184)] Using interface hci0
04-09 14:47:03.192  2734  2782 I bluetoothtbd: [0409/021703.192529:INFO:hci_layer_linux.cc(378)] rfkill
04-09 14:47:03.192  2732  2745 E CommandListener: Message not handled: unrecognized interface usb0
04-09 14:47:03.192  2732  2745 W FrameworkListener: Handler 'Iface' error (Success)
04-09 14:47:03.192  2732  2745 E CommandListener: Message not handled: unrecognized interface usb0
04-09 14:47:03.192  2732  2745 W FrameworkListener: Handler 'Iface' error (Success)
04-09 14:47:03.198  2732  2745 E CommandListener: Message not handled: unrecognized interface usb0
04-09 14:47:03.198  2732  2745 W FrameworkListener: Handler 'Iface' error (Success)
04-09 14:47:03.212  2736  2736 D dhcpcd  : no interfaces have a carrier
04-09 14:47:03.215  2736  2736 D dhcpcd  : wlan0: waiting for carrier
04-09 14:47:03.239  2788  2788 I dnsmasq : started, version 2.51 cachesize 150
04-09 14:47:03.239  2788  2788 I dnsmasq : compile time options: no-IPv6 GNU-getopt no-DBus no-I18N DHCP no-scripts no-TFTP
04-09 14:47:03.239  2788  2788 I dnsmasq : DHCP, IP range 192.168.10.3 -- 192.168.10.10, lease time 12h
04-09 14:47:03.240  2788  2788 I dnsmasq : reading /etc/resolv.conf
04-09 14:47:03.240  2788  2788 I dnsmasq : using nameserver 8.8.8.8#53
04-09 14:47:03.240  2788  2788 I dnsmasq : read /etc/hosts - 1 addresses
04-09 14:47:03.607  2732  2745 E CommandListener: Message not handled: unrecognized interface usb0
04-09 14:47:03.607  2732  2745 W FrameworkListener: Handler 'Iface' error (Success)
04-09 14:47:03.608  2734  2782 I bluetoothtbd: [0409/021703.608606:INFO:hci_layer_linux.cc(295)] wait_hcidev
04-09 14:47:03.608  2734  2782 I bluetoothtbd: [0409/021703.608825:INFO:hci_layer_linux.cc(332)] Do poll() with timeout of 3000ms
04-09 14:47:03.610  2734  2782 I bluetoothtbd: [0409/021703.610420:INFO:hci_layer_linux.cc(228)] HCI device ready
04-09 14:47:03.610  2734  2782 I bt_hci  : event_finish_startup
04-09 14:47:03.610  2734  2760 I bt_core_module: module_start_up Started module "hci_module"
04-09 14:47:03.612  2734  2812 I bt_osi_thread: run_thread: thread id 2812, thread name bt_workqueue started
04-09 14:47:03.613  2734  2812 I bluetoothtbd: [0409/021703.613306:INFO:btu_task.cc(107)] Bluetooth chip preload is complete
04-09 14:47:03.619  2734  2812 I         : No vendor HCI socket available. Won't create SocketWriter.
04-09 14:47:03.628  2734  2812 I bluetoothtbd: [0409/021703.628024:INFO:gatt_api.cc(1005)] GATT_Register
04-09 14:47:03.629  2734  2812 I bluetoothtbd: [0409/021703.629734:INFO:gatt_api.cc(1028)] allocated gatt_if=1
04-09 14:47:03.631  2734  2812 I bluetoothtbd: [0409/021703.631289:INFO:gatt_api.cc(207)] GATTS_AddService
04-09 14:47:03.632  2734  2812 I bluetoothtbd: [0409/021703.632326:INFO:gatt_api.cc(317)] GATTS_AddService: service parsed correctly, now starting
04-09 14:47:03.633  2734  2812 E bluetoothtbd: [0409/021703.633212:ERROR:gatt_attr.cc(302)] gatt_profile_db_init:  gatt_if=1
04-09 14:47:03.640  2734  2812 I bluetoothtbd: [0409/021703.640254:INFO:gatt_api.cc(1005)] GATT_Register
04-09 14:47:03.640  2734  2812 I bluetoothtbd: [0409/021703.640396:INFO:gatt_api.cc(1028)] allocated gatt_if=2
04-09 14:47:03.640  2734  2812 I bluetoothtbd: [0409/021703.640476:INFO:gatt_api.cc(207)] GATTS_AddService
04-09 14:47:03.640  2734  2812 I bluetoothtbd: [0409/021703.640536:INFO:gatt_api.cc(317)] GATTS_AddService: service parsed correctly, now starting
04-09 14:47:03.693  2710  2719 I yani_server: ifindexeth0 0 ifindexwlan0 5 ifindexp2p0 6 ifindexwlan1 0
04-09 14:47:03.694  2710  2719 I yani_server: NetLink Event '-1' Interface-Index '5' WLAN '0' Ethernet '-1' Parsed-iFill '-1' -> 'INVALID' ifIndex '1' -> 'lo'
04-09 14:47:03.694  2710  2719 I yani_kernel: yani_geteventfrom_changeaddr() Message-Id '1' Netlink event '16' Interface Index '5' -> Name 'wlan0' 
04-09 14:47:03.695  2710  2719 I yani_kernel: yani_geteventfrom_changeaddr() Message-Id '1' Netlink event '16' Interface Index '9' -> Name 'usb0' 
04-09 14:47:03.696  2710  2719 I yani_kernel: yani_geteventfrom_changeaddr() Message-Id '1' Netlink event '16' Interface Index '9' -> Name 'usb0' 
04-09 14:47:03.697  2710  2719 I yani_kernel: yani_geteventfrom_changeaddr() Message-Id '1' Netlink event '20' Interface Index '9' -> Name 'usb0' 
04-09 14:47:03.698  2710  2719 I yani_kernel: yani_geteventfrom_changeaddr() Message-Id '1' Netlink event '16' Interface Index '9' -> Name 'usb0' 
04-09 14:47:03.699  2710  2719 I yani_kernel: yani_geteventfrom_changeaddr() Message-Id '1' Netlink event '21' Interface Index '9' -> Name 'usb0' 
04-09 14:47:03.700  2710  2719 I yani_kernel: yani_geteventfrom_changeaddr() Message-Id '1' Netlink event '20' Interface Index '9' -> Name 'usb0' 
04-09 14:47:03.701  2710  2719 I yani_kernel: yani_geteventfrom_changeaddr() Message-Id '1' Netlink event '16' Interface Index '9' -> Name 'usb0' 
04-09 14:47:03.704  2734  2853 I bt_osi_thread: run_thread: thread id 2853, thread name module_wrapper started
04-09 14:47:03.704  2734  2853 I bt_core_module: module_start_up Starting module "controller_module"
04-09 14:47:03.879  2734  2853 I bt_core_module: module_start_up Started module "controller_module"
04-09 14:47:03.879  2734  2853 W bt_osi_thread: run_thread: thread id 2853, thread name module_wrapper exited
04-09 14:47:03.883  2734  2812 W bt_btm  : btm_decode_ext_features_page: feature page 1 ignored
04-09 14:47:03.883  2734  2812 W bt_btm  : btm_decode_ext_features_page: feature page 2 ignored
04-09 14:47:03.884  2734  2813 I bt_btm_sec: BTM_SecRegister p_cb_info->p_le_callback == 0x0xf6bd6b99
04-09 14:47:03.885  2734  2813 I bt_btm_sec: BTM_SecRegister btm_cb.api.p_le_callback = 0x0xf6bd6b99 
04-09 14:47:03.887  2734  2813 I bluetoothtbd: [0409/021703.886978:INFO:ble_advertiser_hci_interface.cc(736)] Legacy advertising will be in use
04-09 14:47:03.889  2734  2813 I bluetoothtbd: [0409/021703.889440:INFO:gatt_api.cc(1005)] GATT_Register
04-09 14:47:03.889  2734  2813 I bluetoothtbd: [0409/021703.889625:INFO:gatt_api.cc(1028)] allocated gatt_if=3
04-09 14:47:03.909  2734  2766 E bt_btif_storage: btif_storage_get_adapter_property: Controller ready!
04-09 14:47:03.909  2734  2766 I bt_btif_storage: btif_storage_get_adapter_property service_mask:0x40000
04-09 14:47:03.910  2734  2766 I bluetoothtbd: [0409/021703.910611:INFO:adapter.cc(551)] Adapter properties changed
04-09 14:47:03.910  2734  2766 I bluetoothtbd: [0409/021703.910787:INFO:adapter.cc(564)] Adapter address changed: CC:90:93:21:F3:85
04-09 14:47:03.910  2734  2813 I bt_bta_av: AVRCP version used for sdp: "avrcp14"
