04-09 11:11:26.615  3095  3095 I cast_shell: [3098:3137:INFO:metrics_recorder.cc(282)] Record action: Setup.version.BLE
04-09 11:11:26.645  3095  3095 I cast_shell: [3098:3137:INFO:metrics_recorder.cc(282)] Record action: Setup.tos_accepted.BLE
04-09 11:11:26.675  3095  3095 I cast_shell: [3098:3137:INFO:metrics_recorder.cc(282)] Record action: Setup.state.BLE
04-09 11:11:26.705  3095  3095 I cast_shell: [3098:3137:INFO:metrics_recorder.cc(282)] Record action: Setup.ip_address.BLE
04-09 11:11:27.233  3095  3095 I cast_shell: [3098:3106:ERROR:connectivity_checker_impl.cc(265)] Connectivity check failed: 400
04-09 11:11:27.245  3095  3095 I cast_shell: [3098:3137:INFO:metrics_recorder.cc(282)] Record action: Setup.version.BLE
04-09 11:11:27.275  3095  3095 I cast_shell: [3098:3137:INFO:metrics_recorder.cc(282)] Record action: Setup.tos_accepted.BLE
04-09 11:11:27.305  3095  3095 I cast_shell: [3098:3137:INFO:metrics_recorder.cc(282)] Record action: Setup.state.BLE
04-09 11:11:27.335  3095  3095 I cast_shell: [3098:3137:INFO:metrics_recorder.cc(282)] Record action: Setup.ip_address.BLE
04-09 11:11:27.613  2965  2975 D wac-main: Netlink event
04-09 11:11:27.613  2710  2722 I yani_kernel: yani_geteventfrom_changeaddr() Message-Id '1' Netlink event '16' Interface Index '5' -> Name 'wlan0' 
04-09 11:11:27.613  2965  2975 E wac-main: Netlink event 16 Interface Index 5 
04-09 11:11:27.613  2965  2975 E wac-main: Enter poll and wait
04-09 11:11:27.613  2965  2975 D wac-main: Netlink event
04-09 11:11:27.613  2965  2975 E wac-main: Netlink event 16 Interface Index 5 
04-09 11:11:27.613  2965  2975 E wac-main: Enter poll and wait
04-09 11:11:27.618  2709  2709 I wpa_supplicant: wlan0: Selected BSS :ef (level:-46 noise:-64 frequency:2427)
04-09 11:11:27.620  2709  2709 I wpa_supplicant: wlan0: SME: Trying to authenticate with c8:b3:73:44:ae:ef (SSID='Linksys16717_2G' freq=2427 MHz)
04-09 11:11:27.622  2710  2722 I yani_server: NetLink Event '-1' Interface-Index '5' WLAN '-1' Ethernet '-1' Parsed-iFill '-1' -> 'INVALID' ifIndex '1' -> 'lo'
04-09 11:11:27.623  2710  2722 I yani_server: NetLink Event '-1' Interface-Index '5' WLAN '0' Ethernet '-1' Parsed-iFill '-1' -> 'INVALID' ifIndex '1' -> 'lo'
04-09 11:11:27.630  2710  2722 I chatty  : uid=0(root) YaniServer identical 3 lines
04-09 11:11:27.631  2710  2722 I yani_server: NetLink Event '-1' Interface-Index '5' WLAN '0' Ethernet '-1' Parsed-iFill '-1' -> 'INVALID' ifIndex '1' -> 'lo'
04-09 11:11:27.631  2710  2722 I yani_kernel: yani_geteventfrom_changeaddr() Message-Id '1' Netlink event '16' Interface Index '5' -> Name 'wlan0' 
04-09 11:11:27.633  2709  2709 I wpa_supplicant: wlan0: Trying to associate with c8:b3:73:44:ae:ef (SSID='Linksys16717_2G' freq=2427 MHz)
04-09 11:11:27.635  2710  2722 I yani_server: NetLink Event '-1' Interface-Index '5' WLAN '-1' Ethernet '-1' Parsed-iFill '-1' -> 'INVALID' ifIndex '1' -> 'lo'
04-09 11:11:27.660  3176  3176 I hostapd : p2p0: IEEE 802.11 driver had channel switch: freq=2427, ht=1, vht_ch=0x0, offset=0, width=1 (20 MHz), cf1=2427, cf2=0
04-09 11:11:27.683  2988  2988 I hostapd : p2p1: IEEE 802.11 driver had channel switch: freq=2427, ht=1, vht_ch=0x0, offset=0, width=1 (20 MHz), cf1=2427, cf2=0
04-09 11:11:27.685  2710  2722 I yani_kernel: yani_geteventfrom_changeaddr() Message-Id '1' Netlink event '16' Interface Index '5' -> Name 'wlan0' 
04-09 11:11:27.686  2965  2975 D wac-main: Netlink event
04-09 11:11:27.686  2965  2975 E wac-main: Netlink event 16 Interface Index 5 
04-09 11:11:27.687  2965  2975 E wac-main: Enter poll and wait
04-09 11:11:27.687  2965  2975 D wac-main: Netlink event
04-09 11:11:27.687  2965  2975 E wac-main: Netlink event 16 Interface Index 5 
04-09 11:11:27.687  2965  2975 E wac-main: Enter poll and wait
04-09 11:11:27.687  2965  2975 D wac-main: Netlink event
04-09 11:11:27.687  2965  2975 E wac-main: Netlink event 16 Interface Index 5 
04-09 11:11:27.687  2965  2975 E wac-main: Enter poll and wait
04-09 11:11:27.687  2965  2975 D wac-main: Netlink event
04-09 11:11:27.693  2710  2722 I yani_server: NetLink Event '-1' Interface-Index '5' WLAN '-1' Ethernet '-1' Parsed-iFill '-1' -> 'INVALID' ifIndex '1' -> 'lo'
04-09 11:11:27.703  2710  2722 I yani_kernel: yani_geteventfrom_changeaddr() Message-Id '1' Netlink event '16' Interface Index '5' -> Name 'wlan0' 
04-09 11:11:27.704  2710  2722 I yani_kernel: yani_geteventfrom_changeaddr() Message-Id '1' Netlink event '16' Interface Index '5' -> Name 'wlan0' 
04-09 11:11:27.710  2709  2709 I wpa_supplicant: wlan0: WPA: RX message 3 of 4-Way Handshake from c8:b3:73:44:ae:ef (ver=2)
04-09 11:11:27.710  2709  2709 I wpa_supplicant: wlan0: WPA: Sending EAPOL-Key 4/4
04-09 11:11:27.712  2710  2722 I yani_server: NetLink Event '-1' Interface-Index '5' WLAN '-1' Ethernet '-1' Parsed-iFill '-1' -> 'INVALID' ifIndex '1' -> 'lo'
04-09 11:11:27.713  2709  2709 I wpa_supplicant: wlan0: WPA: Key negotiation completed with c8:b3:73:44:ae:ef [PTK=CCMP GTK=TKIP]
04-09 11:11:27.713  2709  2709 I wpa_supplicant: wlan0: CTRL-EVENT-CONNECTED - Connection to c8:b3:73:44:ae:ef completed [id=0 id_str=]
04-09 11:11:27.713  2965  2975 D wac-main: Netlink event
04-09 11:11:27.713  2965  2975 E wac-main: Netlink event 16 Interface Index 5 
04-09 11:11:27.713  2965  2975 E wac-main: Enter poll and wait
04-09 11:11:27.713  2735  2735 D dhcpcd  : wlan0: carrier acquired
04-09 11:11:27.715  2965  2975 D wac-main: Netlink event
04-09 11:11:27.715  2965  2975 E wac-main: Netlink event 16 Interface Index 5 
04-09 11:11:27.715  2965  2975 E wac-main: Enter poll and wait
04-09 11:11:27.717  3095  3095 I cast_shell: [3098:3150:INFO:wifi_controller_wpa_supplicant.cc(634)] After connection, current_wifi_index=0
04-09 11:11:27.719  2710  2722 I yani_server: NetLink Event '-1' Interface-Index '5' WLAN '0' Ethernet '-1' Parsed-iFill '-1' -> 'INVALID' ifIndex '1' -> 'lo'
04-09 11:11:27.720  2966  3174 I LibreCastControlDelegate: OnCastStatus() +++ Lyric Speaker Box 21f384:0xac106198:OFFLINE
04-09 11:11:27.720  2966  3174 I LibreCastControlDelegate: Device Build Number -> '1.52.272222'
04-09 11:11:27.720  2966  3174 I librecast: updateCastBuildVersion() Version 1.52.272222
04-09 11:11:27.720  2711  2718 I lucitransport: readRemoteMessage() MID char = 7 buffer = 1.52.272222
04-09 11:11:27.721  2966  3174 I LibreCastControlDelegate: Active Applications -> 0
04-09 11:11:27.721  2966  3174 I LibreCastControlDelegate: Current Cast State '3' -> 'OFFLINE'
04-09 11:11:27.721  2966  3174 I LibreCastControlDelegate: OnCastStatus() ---
04-09 11:11:27.722  2710  2722 I yani_server: NetLink Event '-1' Interface-Index '5' WLAN '0' Ethernet '-1' Parsed-iFill '-1' -> 'INVALID' ifIndex '1' -> 'lo'
04-09 11:11:27.723  2710  2722 I yani_server: NetLink Event '-1' Interface-Index '5' WLAN '7' Ethernet '-1' Parsed-iFill '7' -> 'WLAN0 LINKUP' ifIndex '1' -> 'lo'
04-09 11:11:27.723  2710  2722 I yani_server: saveConfig:537:wlan0
04-09 11:11:27.723  2710  2722 I wifiapi : newconn : 0xabc4cb48
04-09 11:11:27.723  2710  2722 I yani_server: saveConfig:544:got handle successfully
04-09 11:11:27.724  2710  2722 I wifiapi : 'STATUS' command returned = 0
04-09 11:11:27.727  2710  2722 I wifiapi : 'SAVE_CONFIG' command returned = 0
04-09 11:11:27.727  2710  2722 E yani_server: wlan0 Status=8 SaveConfig returns=0
04-09 11:11:27.727  2710  2722 I yani_server: SaveConfig return value=0
04-09 11:11:27.728  2710  2722 E WLANP2PIF: WlanP2pif: current chan = 4
04-09 11:11:27.730  2690  2690 I sh      : saveConfig:538:wlan0wlan0 Status=8 SaveConfig returns=0
04-09 11:11:27.730  2710  2722 E yani_wifi: set txpower chan : 4 country : US
04-09 11:11:27.730  2710  2722 E yani_wifi: nrates = 7
04-09 11:11:27.875  3095  3095 I cast_shell: [3098:3137:INFO:metrics_recorder.cc(282)] Record action: Setup.version.BLE
04-09 11:11:27.905  3095  3095 I cast_shell: [3098:3137:INFO:metrics_recorder.cc(282)] Record action: Setup.tos_accepted.BLE
04-09 11:11:27.950  3095  3095 I cast_shell: [3098:3137:INFO:metrics_recorder.cc(282)] Record action: Setup.state.BLE
04-09 11:11:27.980  3095  3095 I cast_shell: [3098:3137:INFO:metrics_recorder.cc(282)] Record action: Setup.ip_address.BLE
04-09 11:11:28.239  3095  3095 I cast_shell: [3098:3106:ERROR:connectivity_checker_impl.cc(265)] Connectivity check failed: 400
04-09 11:11:28.520  3095  3095 I cast_shell: [3098:3137:INFO:metrics_recorder.cc(282)] Record action: Setup.version.BLE
04-09 11:11:28.550  3095  3095 I cast_shell: [3098:3137:INFO:metrics_recorder.cc(282)] Record action: Setup.tos_accepted.BLE
04-09 11:11:28.580  3095  3095 I cast_shell: [3098:3137:INFO:metrics_recorder.cc(282)] Record action: Setup.state.BLE
04-09 11:11:28.610  3095  3095 I cast_shell: [3098:3137:INFO:metrics_recorder.cc(282)] Record action: Setup.ip_address.BLE
04-09 11:11:28.739  2710  2722 I yani_autoip: start_autoip() Interface 'wlan0' Is AutoIP Required 'Yes' Thread-Running 'No' 
04-09 11:11:28.739  2710  2722 E yani_server: YANI: I am Done Wait For Event 
04-09 11:11:28.739  2710  2722 I yani_kernel: yani_geteventfrom_changeaddr() Message-Id '1' Netlink event '16' Interface Index '5' -> Name 'wlan0' 
04-09 11:11:28.741  2710  3368 I yani_autoip: Setting autoiptimer to 70000
04-09 11:11:28.742  2710  2722 I yani_kernel: yani_geteventfrom_changeaddr() Message-Id '1' Netlink event '16' Interface Index '5' -> Name 'wlan0' 
04-09 11:11:28.743  2710  2722 I yani_kernel: yani_geteventfrom_changeaddr() Message-Id '1' Netlink event '16' Interface Index '5' -> Name 'wlan0' 
04-09 11:11:28.754  3367  3367 E dhcpcd  : control_open: Connection refused
04-09 11:11:28.755  3367  3367 E dhcpcd  : eth0: interface not found or invalid
04-09 11:11:28.756  2965  2975 D wac-main: Netlink event
04-09 11:11:28.756  3367  3367 D dhcpcd  : wlan0: adding address fe80::ce90:93ff:fe21:f384
04-09 11:11:28.756  2965  2975 E wac-main: Netlink event 16 Interface Index 5 
04-09 11:11:28.756  2965  2975 E wac-main: Enter poll and wait
04-09 11:11:28.760  2710  2722 I yani_kernel: yani_geteventfrom_changeaddr() Message-Id '1' Netlink event '16' Interface Index '5' -> Name 'wlan0' 
04-09 11:11:28.855  3367  3367 E dhcpcd  : error writing DUID: /etc/dhcpcd/dhcpcd.duid: Read-only file system
04-09 11:11:28.855  3367  3367 D dhcpcd  : DUID 00:03:00:01:cc:90:93:21:f3:84
04-09 11:11:28.855  3367  3367 D dhcpcd  : wlan0: IAID 93:21:f3:84
04-09 11:11:29.150  3095  3095 I cast_shell: [3098:3137:INFO:metrics_recorder.cc(282)] Record action: Setup.version.BLE
04-09 11:11:29.180  3095  3095 I cast_shell: [3098:3137:INFO:metrics_recorder.cc(282)] Record action: Setup.tos_accepted.BLE
04-09 11:11:29.210  3095  3095 I cast_shell: [3098:3137:INFO:metrics_recorder.cc(282)] Record action: Setup.state.BLE
04-09 11:11:29.240  3095  3095 I cast_shell: [3098:3137:INFO:metrics_recorder.cc(282)] Record action: Setup.ip_address.BLE
04-09 11:11:29.246  3095  3095 I cast_shell: [3098:3106:ERROR:connectivity_checker_impl.cc(265)] Connectivity check failed: 400
04-09 11:11:29.373  2731  2748 I NetworkMonitor: turn off power-save
04-09 11:11:29.378  2731  2748 E DNSResolver: Error in connect: Network is unreachable
04-09 11:11:29.379  2731  2748 I chatty  : uid=0(root) /bin/net_mgr identical 4 lines
04-09 11:11:29.379  2731  2748 E DNSResolver: Error in connect: Network is unreachable
04-09 11:11:29.379  2731  2748 E HttpTimeSync: Error resolve name clients1.google.com
04-09 11:11:29.396  2731  2748 E HttpTimeSync: Error in curl perform, returns 6: Couldn't resolve host name
04-09 11:11:29.398  2731  2748 E HttpTimeSync: Failed in getting HTTP header from http://clients1.google.com/generate_204
04-09 11:11:29.507  3095  3095 I cast_shell: [3098:3137:INFO:metrics_recorder.cc(282)] Record action: Setup.eureka_info.Local
04-09 11:11:29.507  3095  3095 I cast_shell: [3098:3137:INFO:metrics_recorder.cc(282)] Record action: Setup.eureka_info.Local.200
04-09 11:11:29.509  2731  2747 E DNSResolver: Error in connect: Network is unreachable
04-09 11:11:29.509  2731  2747 I chatty  : uid=0(root) MonitorThread identical 4 lines
04-09 11:11:29.509  2731  2747 E DNSResolver: Error in connect: Network is unreachable
04-09 11:11:29.509  2731  2747 E HttpTimeSync: Error resolve name clients1.google.com
04-09 11:11:29.510  2731  2747 E HttpTimeSync: Error in curl perform, returns 6: Couldn't resolve host name
04-09 11:11:29.510  2731  2747 E HttpTimeSync: Failed in getting HTTP header from http://clients1.google.com/generate_204
04-09 11:11:29.565  3367  3367 D dhcpcd  : wlan0: soliciting a DHCP lease
04-09 11:11:29.565  3367  3367 D dhcpcd  : wlan0: sending DISCOVER (xid 0xf13e7ddd), next in -2157740392804785715487100687631110933449323752790574016429445264740517153895797948688871527412145886390852255785134649592997446357008500788963027564403889147998135682496640607618150937897237965063427788863377819647057676942921777676503759466458002769697754341026299904.0 seconds
04-09 11:11:29.572  3367  3367 D dhcpcd  : wlan0: soliciting an IPv6 router
04-09 11:11:29.684  3367  3367 D dhcpcd  : wlan0: Router Advertisement from fe80::cab3:73ff:fe44:aeed
04-09 11:11:29.685  3367  3367 D dhcpcd  : wlan0: adding address fd70:d3e7:6555:0:ce90:93ff:fe21:f384/64
04-09 11:11:29.685  3367  3367 D dhcpcd  : wlan0: adding address fd70:d3e7:6555:0:a90e:11a2:c6fd:1fba/64
04-09 11:11:29.686  3367  3367 D dhcpcd  : wlan0: adding route to fd70:d3e7:6555::/64
04-09 11:11:29.687  3367  3367 D dhcpcd  : wlan0: requesting DHCPv6 information
04-09 11:11:29.780  3095  3095 I cast_shell: [3098:3137:INFO:metrics_recorder.cc(282)] Record action: Setup.version.BLE
04-09 11:11:29.810  3095  3095 I cast_shell: [3098:3137:INFO:metrics_recorder.cc(282)] Record action: Setup.tos_accepted.BLE
04-09 11:11:29.840  3095  3095 I cast_shell: [3098:3137:INFO:metrics_recorder.cc(282)] Record action: Setup.state.BLE
04-09 11:11:29.870  3095  3095 I cast_shell: [3098:3137:INFO:metrics_recorder.cc(282)] Record action: Setup.ip_address.BLE
04-09 11:11:30.252  3095  3095 I cast_shell: [3098:3106:ERROR:connectivity_checker_impl.cc(265)] Connectivity check failed: 400
04-09 11:11:30.410  3095  3095 I cast_shell: [3098:3137:INFO:metrics_recorder.cc(282)] Record action: Setup.version.BLE
04-09 11:11:30.440  3095  3095 I cast_shell: [3098:3137:INFO:metrics_recorder.cc(282)] Record action: Setup.tos_accepted.BLE
04-09 11:11:30.470  3095  3095 I cast_shell: [3098:3137:INFO:metrics_recorder.cc(282)] Record action: Setup.state.BLE
04-09 11:11:30.500  3095  3095 I cast_shell: [3098:3137:INFO:metrics_recorder.cc(282)] Record action: Setup.ip_address.BLE
04-09 11:11:30.510  2731  2747 E DNSResolver: Error in connect: Network is unreachable
04-09 11:11:30.511  2731  2747 I chatty  : uid=0(root) MonitorThread identical 4 lines
04-09 11:11:30.511  2731  2747 E DNSResolver: Error in connect: Network is unreachable
04-09 11:11:30.511  2731  2747 E HttpTimeSync: Error resolve name clients1.google.com
04-09 11:11:30.512  2731  2747 E HttpTimeSync: Error in curl perform, returns 6: Couldn't resolve host name
04-09 11:11:30.512  2731  2747 E HttpTimeSync: Failed in getting HTTP header from http://clients1.google.com/generate_204
04-09 11:11:30.609  3367  3367 D dhcpcd  : wlan0: received OFFER with xid 0xf13e7ddd
04-09 11:11:30.609  3367  3367 D dhcpcd  : wlan0: offered 192.168.1.145 from 192.168.1.1
04-09 11:11:30.609  3367  3367 D dhcpcd  : wlan0: requesting lease of 192.168.1.145
04-09 11:11:30.609  3367  3367 D dhcpcd  : wlan0: sending REQUEST (xid 0xf13e7ddd), next in -2157740392804785715487100687631110933449323752790574016429445264740517153895797948688871527412145886390852255785134649592997446357008500788963027564403889147998135682496640607618150937897237965063427788863377819647057676942921777676503759466458002769697754341026299904.0 seconds
04-09 11:11:30.712  3367  3367 D dhcpcd  : wlan0: received ACK with xid 0xf13e7ddd
04-09 11:11:30.712  3367  3367 D dhcpcd  : wlan0: acknowledged 192.168.1.145 from 192.168.1.1
04-09 11:11:30.712  3367  3367 D dhcpcd  : wlan0: leased 192.168.1.145 for 86400 seconds
04-09 11:11:30.714  2965  2975 D wac-main: Netlink event
04-09 11:11:30.714  2965  2975 E wac-main: Netlink event 20 Interface Index 5 
04-09 11:11:30.714  2965  2975 E wac-main: Enter poll and wait
04-09 11:11:30.715  2710  2722 I yani_kernel: yani_geteventfrom_changeaddr() Message-Id '1' Netlink event '20' Interface Index '5' -> Name 'wlan0' 
04-09 11:11:30.716  2710  2722 I yani_server: NetLink Event '2' Interface-Index '5' WLAN '-1' Ethernet '-1' Parsed-iFill '2' -> 'WLAN0 CONNECTED' ifIndex '1' -> 'lo'
04-09 11:11:30.717  3367  3367 D dhcpcd  : wlan0: adding route to 192.168.1.0/24
04-09 11:11:30.717  3367  3367 D dhcpcd  : wlan0: adding default route via 192.168.1.1
04-09 11:11:30.718  2731  2748 I NetworkMonitor: turn off power-save
04-09 11:11:30.725  2710  2722 I yani_server: doLotofWork() List of interface '5'
04-09 11:11:30.725  2710  2722 I yani_server: doLotofWork() Interface 'wlan0' ifr[0].ifr_name 'lo' ipaddress '127.0.0.1'
04-09 11:11:30.725  2710  2722 I yani_server: doLotofWork() Interface 'wlan0' ifr[1].ifr_name 'wlan0' ipaddress '192.168.1.145'
04-09 11:11:30.725  2710  2722 E yani_server: YANI GOT IP FOR IFACE=wlan0 IP=192.168.1.145 mstatus=0 mifacetype=1
04-09 11:11:30.725  2710  2722 I yani_server: doLotofWork() returns 'REFILL IP ASSIGNED'
04-09 11:11:30.725  2710  2722 I yani_autoip: stop_autoip() Thread-Running 'Yes'
04-09 11:11:30.725  2710  2814 I yani_server: onNetworkParametersChanged() WAC Mode '1'  Index '1' Interface 'wlan0' Status '1'
04-09 11:11:30.726  2710  3368 E yani_autoip: Force Exit AutoIP thread bytes '1' value 'q'
04-09 11:11:30.726  2710  3368 I yani_autoip: Exiting AutoIP thread return poll status 1
04-09 11:11:30.746  2711  2719 E luciUART: UART:aa
04-09 11:11:30.746  2711  2719 E luciUART: UART:aa
04-09 11:11:30.746  2711  2719 E luciUART: UART:2
04-09 11:11:30.746  2711  2719 E luciUART: UART:0
04-09 11:11:30.746  2711  2719 E luciUART: UART:d0
04-09 11:11:30.746  2711  2719 E luciUART: UART:0
04-09 11:11:30.747  2711  2719 I chatty  : uid=0(root) UARTLUCIControl identical 2 lines
04-09 11:11:30.747  2711  2719 E luciUART: UART:0
04-09 11:11:30.747  2711  2719 E luciUART: UART:9
04-09 11:11:30.747  2711  2719 I luciUART: read() RemoteID = 43690 Command = 208 Type = 2 Status = 0 DataLen = 9
04-09 11:11:30.749  2711  2720 I luciUART: write() MID = 208  bytes = 30 data = ssid:Linksys16717_2G m_fd = 0x5
04-09 11:11:30.749  2711  2720 E LUCI_SERVER: NV_READ response= ssid:Linksys16717_2G
04-09 11:11:30.749  2711  2720 E LUCI_SERVER: Luci Server Thread waiting for packets....
04-09 11:11:30.825  2968  3404 I airplay-main: checkACPAvailability() err 0 -> Present!
04-09 11:11:30.825  2968  3404 D airplay-main: arguments[0] -> airplay_v2 -> airplay_v2
04-09 11:11:30.826  2968  3404 D airplay-main: arguments[1] -> -n -> -n
04-09 11:11:30.826  2968  3404 D airplay-main: arguments[2] -> Lyric Speaker Box 21f384 -> Lyric Speaker Box 21f384
04-09 11:11:30.826  2968  3404 D airplay-main: arguments[3] -> -z -> -z
04-09 11:11:30.826  2968  3404 D airplay-main: arguments[4] -> 1 -> 1
04-09 11:11:30.826  2968  3404 D airplay-main: arguments[5] -> -d -> -d
04-09 11:11:30.826  2968  3404 D airplay-main: arguments[6] -> 47617500 -> 47617500
04-09 11:11:30.826  2968  3404 D airplay-main: Total Number of Arguments 7
04-09 11:11:30.837  2968  3404 I airplay_v2_0_6: 2022-04-08 22:41:30.835735 [AirPlayDemo] homedir /data/ sUserPreferencesDirectoryPath /data//.airplaydemo 
04-09 11:11:30.896  2731  2748 I HttpTimeSync: Building resolve list for clients1.google.com, total 1.
04-09 11:11:30.896  2731  2748 I HttpTimeSync: 	0: 142.251.36.142
04-09 11:11:30.913  2968  3404 I airplay-main: checkACPAvailability() err 0 -> Present!
04-09 11:11:30.994  2968  3426 I airplay_v2_0_6: 2022-04-08 22:41:30.994127 [AirPlayDemo] *********** AirPlayDemoPlatformSetProperty:homeIntegrationData value - 
04-09 11:11:30.994  2968  3426 I airplay_v2_0_6:     +0000: 62706c69 73743030 d101025f 10114343 |bplist00^^^_^^CC| (67 bytes)
04-09 11:11:30.994  2968  3426 I airplay_v2_0_6:     +0010: 3a39303a 39333a32 313a4633 3a3834d0 |:90:93:21:F3:84^|
04-09 11:11:30.994  2968  3426 I airplay_v2_0_6:     +0020: 080b1f00 00000000 00010100 00000000 |^^^^^^^^^^^^^^^^|
04-09 11:11:30.994  2968  3426 I airplay_v2_0_6:     +0030: 00000300 00000000 00000000 00000000 |^^^^^^^^^^^^^^^^|
04-09 11:11:30.994  2968  3426 I airplay_v2_0_6:     +0040: 000020                              |^^              |
04-09 11:11:30.996  2968  3428 I airplay_v2_0_6: 2022-04-08 22:41:30.996731 [AirPlayDemo] AirPlayDemoServerCopyProperty Password is <<NULL>>
04-09 11:11:31.006  2968  3426 I airplay_v2_0_6: 2022-04-08 22:41:31.006542 [AirPlayDemo] *********** AirPlayDemoPlatformSetProperty:homeIntegrationData value - 
04-09 11:11:31.006  2968  3426 I airplay_v2_0_6:     +0000: 62706c69 73743030 d101025f 10114343 |bplist00^^^_^^CC| (165 bytes)
04-09 11:11:31.006  2968  3426 I airplay_v2_0_6:     +0010: 3a39303a 39333a32 313a4633 3a3834d3 |:90:93:21:F3:84^
04-09 11:11:31.006  2968  3426 I airplay_v2_0_6: |
04-09 11:11:31.006  2968  3426 I airplay_v2_0_6:     +0020: 03040501 06075a69 64656e74 69666965 |^^^^^^Zidentifie|
04-09 11:11:31.006  2968  3426 I airplay_v2_0_6:     +0030: 7252736b 52706b4f 102016a6 cca5e91a |rRskRpkO^ ^^^^^^|
04-09 11:11:31.006  2968  3426 I airplay_v2_0_6:     +0040: a186a875 d84162f8 da4ee4c0 34db6138 |^^^u^Ab^^N^^4^a8|
04-09 11:11:31.006  2968  3426 I airplay_v2_0_6:     +0050: a24e516d 5adc2e72 86504f10 20da3722 |
04-09 11:11:31.006  2968  3426 I airplay_v2_0_6: ^NQmZ^.r^PO^ ^7"|
04-09 11:11:31.006  2968  3426 I airplay_v2_0_6:     +0060: 0d424090 44a01f30 7c6709bc d7f0761d |^B@^D^^0|g^^^^v^|
04-09 11:11:31.006  2968  3426 I airplay_v2_0_6:     +0070: f7fc99ff 58a67f4f 7785ba6f 0c080b1f |^^^^X^^Ow^^o^^^^|
04-09 11:11:31.006  2968  3426 I airplay_v2_0_6:     +0080: 26313437 5a000000 00000001 01000000 |&147Z^^^^^^^^^^^|
04-09 11:11:31.006  2968  3426 I airplay_v2_0_6:     +0090: 
04-09 11:11:31.006  2968  3426 I airplay_v2_0_6: 00000000 08000000 00000000 00000000 |^^^^^^^^^^^^^^^^|
04-09 11:11:31.006  2968  3426 I airplay_v2_0_6:     +00A0: 00000000 7d                         |^^^^}           |
04-09 11:11:31.007  2711  2718 I lucitransport: readRemoteMessage() MID char = 90 buffer = Lyric Speaker Box 21f384
04-09 11:11:31.009  2968  3404 I airplay_v2_0_6: 2022-04-08 22:41:31.008890 [AirPlay] Registering Bonjour _airplay._tcp. port 7000
04-09 11:11:31.010  2968  3426 I airplay_v2_0_6: 2022-04-08 22:41:31.010901 [AirPlayDemo] AirPlayDemoServerCopyProperty Password is <<NULL>>
04-09 11:11:31.012  2968  3428 I airplay_v2_0_6: 2022-04-08 22:41:31.012393 [AirPlayDemo] AirPlayDemoServerCopyProperty Password is <<NULL>>
04-09 11:11:31.012  2711  2718 I lucitransport: readRemoteMessage() MID char = 90 buffer = Lyric Speaker Box 21f384
04-09 11:11:31.018  2968  3404 I airplay_v2_0_6: 2022-04-08 22:41:31.018590 [AirPlay] Registering Bonjour CC909321F384@Lyric Speaker Box 21f384._raop._tcp. port 7000
04-09 11:11:31.018  2968  3404 I airplay_v2_0_6: 2022-04-08 22:41:31.018708 [AirPlay] AirPlay servers started
04-09 11:11:31.040  3095  3095 I cast_shell: [3098:3137:INFO:metrics_recorder.cc(282)] Record action: Setup.version.BLE
04-09 11:11:31.070  3095  3095 I cast_shell: [3098:3137:INFO:metrics_recorder.cc(282)] Record action: Setup.tos_accepted.BLE
04-09 11:11:31.100  3095  3095 I cast_shell: [3098:3137:INFO:metrics_recorder.cc(282)] Record action: Setup.state.BLE
04-09 11:11:31.130  3095  3095 I cast_shell: [3098:3137:INFO:metrics_recorder.cc(282)] Record action: Setup.ip_address.BLE
04-09 11:11:31.255  2731  2748 I HttpTimeSync: Http time synced
04-09 11:11:31.391  2731  2748 I NetworkMonitor: turn off power-save
04-09 11:11:31.396  3095  3095 I cast_shell: [3098:3106:ERROR:connectivity_checker_impl.cc(265)] Connectivity check failed: 400
04-09 11:11:31.897  3095  3095 I cast_shell: [3098:3137:INFO:metrics_recorder.cc(282)] Record action: Setup.version.BLE
04-09 11:11:31.927  3095  3095 I cast_shell: [3098:3137:INFO:metrics_recorder.cc(282)] Record action: Setup.tos_accepted.BLE
04-09 11:11:31.957  3095  3095 I cast_shell: [3098:3137:INFO:metrics_recorder.cc(282)] Record action: Setup.state.BLE
04-09 11:11:31.987  3095  3095 I cast_shell: [3098:3137:INFO:metrics_recorder.cc(282)] Record action: Setup.ip_address.BLE
04-09 11:11:32.247  2969  2996 I SPOTIFY : ConnectionNotify event(0-Login, 1-Logout, rest Error) = 7 
04-09 11:11:32.527  3095  3095 I cast_shell: [3098:3137:INFO:metrics_recorder.cc(282)] Record action: Setup.version.BLE
04-09 11:11:32.557  3095  3095 I cast_shell: [3098:3137:INFO:metrics_recorder.cc(282)] Record action: Setup.tos_accepted.BLE
04-09 11:11:32.587  3095  3095 I cast_shell: [3098:3137:INFO:metrics_recorder.cc(282)] Record action: Setup.state.BLE
04-09 11:11:32.617  3095  3095 I cast_shell: [3098:3137:INFO:metrics_recorder.cc(282)] Record action: Setup.ip_address.BLE
04-09 11:11:33.157  3095  3095 I cast_shell: [3098:3137:INFO:metrics_recorder.cc(282)] Record action: Setup.version.BLE
04-09 11:11:33.187  3095  3095 I cast_shell: [3098:3137:INFO:metrics_recorder.cc(282)] Record action: Setup.tos_accepted.BLE
04-09 11:11:33.218  3095  3095 I cast_shell: [3098:3137:INFO:metrics_recorder.cc(282)] Record action: Setup.state.BLE
04-09 11:11:33.248  3095  3095 I cast_shell: [3098:3137:INFO:metrics_recorder.cc(282)] Record action: Setup.ip_address.BLE
04-09 11:11:33.494  3095  3095 I cast_shell: [3098:3106:INFO:connectivity_checker_impl.cc(144)] Change check url=http://connectivitycheck.gstatic.com/generate_204
04-09 11:11:33.494  3095  3095 I cast_shell: [3098:3106:INFO:connectivity_checker_impl.cc(148)] Global connection is: Up
04-09 11:11:33.499  3098  3108 E         : OOBE CheckUpdate
04-09 11:11:33.500  3095  3095 I cast_shell: [3098:3098:INFO:api_reboot.cc(321)] active_activities count=0
04-09 11:11:33.500  3095  3095 I cast_shell: [3098:3098:INFO:cloud_settings_manager.cc(431)] Connectivity established. Reconciling cloud settings.
04-09 11:11:33.500  3095  3095 I cast_shell: [3098:3098:INFO:cloud_settings_manager.cc(195)] Cloud settings is disabled.
04-09 11:11:33.500  3095  3095 I cast_shell: [3098:3098:INFO:ccs_transport_gcm.cc(102)] Registering GCM handler
04-09 11:11:33.500  3095  3095 I cast_shell: [3098:3098:INFO:gcm_manager.cc(258)] Enabling GCM Driver
04-09 11:11:33.500  3095  3095 I cast_shell: [3098:3098:INFO:lycra_gcm.cc(121)] Registering GCM handler.
04-09 11:11:33.500  3095  3095 I cast_shell: [3098:3137:WARNING:setup_manager_impl.cc(1100)] NAT not supported, no captive portal support.
04-09 11:11:33.500  3095  3095 I cast_shell: [3098:3148:INFO:v2_transport.cc(681)] V2TransportImpl::CreatSelfSignedCertificateWithKey called.
04-09 11:11:33.500  3095  3095 I cast_shell: [3098:3108:INFO:update_engine_client_with_system_updater.cc(216)] Network first connected, check system force update
04-09 11:11:33.500  3095  3095 I cast_shell: [system_updater_dummy.cpp(109)] CheckUpdate
04-09 11:11:33.501  2710  2722 I yani_server: NetLink Event '-1' Interface-Index '5' WLAN '0' Ethernet '-1' Parsed-iFill '-1' -> 'INVALID' ifIndex '1' -> 'lo'
04-09 11:11:33.507  3095  3095 I cast_shell: [3098:3137:INFO:setup_state.cc(261)] Setup state changed: SETUP_STATE_CHECKING_GLOBAL_CONNECTIVITY (50) -> SETUP_STATE_CONNECTED_WIFI_NOT_SAVED (61)
04-09 11:11:33.510  3095  3095 I cast_shell: [3098:3098:INFO:cast_receiver_impl.cc(1093)] Entering discovery-only mode
04-09 11:11:33.510  3095  3095 I cast_shell: [3098:3098:INFO:application_config_manager_impl.cc(575)] Disabling virtual device 12cf4ae1-0c19-2522-5b48-9a4643d4c007
04-09 11:11:33.510  3095  3095 I cast_shell: [3098:3147:INFO:mdns_cast_service.cc(351)] Device discovery state is setup-only
04-09 11:11:33.510  3095  3095 I cast_shell: [3098:3147:INFO:mdns_util.cc(102)] Defaulting mDNS capabilities for audio-only build
04-09 11:11:33.513  3095  3095 I cast_shell: [3098:3098:INFO:device_info_impl.cc(1094)] Primary netif changed: new=wlan0, old=usb0
04-09 11:11:33.513  3095  3095 I cast_shell: [3098:3115:ERROR:unix_stream_client_socket.cc(52)] Cannot connect unix socket: /dev/socket/panel: No such file or directory (2)
04-09 11:11:33.515  2972  3002 I otamanager: cast_updater_threadEntry() Response 'CheckUpdate' Current Firmware Update state 'Idle'
04-09 11:11:33.527  2966  3174 I librecast: updateCastBuildVersion() Version 1.52.272222
04-09 11:11:33.527  2711  2718 I lucitransport: readRemoteMessage() MID char = 7 buffer = 1.52.272222
04-09 11:11:33.528  3095  3095 I cast_shell: [3098:3147:INFO:mdns_app_filter.cc(1702)] MdnsAppFilter is stopping
04-09 11:11:33.528  3095  3095 I cast_shell: [3098:3147:INFO:metrics_recorder.cc(282)] cast event: Cast.Discovery.Mdns.ResponderStopped
04-09 11:11:33.529  3095  3095 I cast_shell: [3098:3147:INFO:mdns_app_filter.cc(1709)] MdnsAppFilter is stopping; closing socket: address=192.168.2.1
04-09 11:11:33.529  3095  3095 I cast_shell: [3098:3147:INFO:metrics_recorder.cc(282)] cast event: Cast.Discovery.Mdns.SocketDestroyed
04-09 11:11:33.529  3095  3095 I cast_shell: [3098:3147:INFO:mdns_app_filter.cc(1709)] MdnsAppFilter is stopping; closing socket: address=192.168.10.1
04-09 11:11:33.529  3095  3095 I cast_shell: [3098:3147:INFO:metrics_recorder.cc(282)] cast event: Cast.Discovery.Mdns.SocketDestroyed
04-09 11:11:33.531  2966  3174 I LibreCastControlDelegate: Active Applications -> 0
04-09 11:11:33.531  2966  3174 I LibreCastControlDelegate: Current Cast State '2' -> 'NOT_SETUP'
04-09 11:11:33.531  2966  3174 I LibreCastControlDelegate: OnCastStatus() ---
04-09 11:11:33.535  3095  3095 I cast_shell: [3098:3098:INFO:cast_receiver_impl.cc(1685)] Network is globally connected. Schedule crl downloading if necessary.
04-09 11:11:33.535  3095  3095 I cast_shell: [3098:3098:INFO:crl_downloader.cc(366)] Downloading crl: url=https://clients5.google.com/cast/chromecast/device/crl
04-09 11:11:33.537  3095  3095 I cast_shell: [3098:3098:INFO:cast_receiver_impl.cc(1695)] Network is globally connected. Refreshing CcsManager.
04-09 11:11:33.539  3095  3095 I cast_shell: [3098:3098:INFO:iot_auth_manager_wrapper.cc(311)] Network provider informed of connected network status.
04-09 11:11:33.575  3095  3095 I cast_shell: [3098:3098:INFO:config_downloader.cc(489)] Downloading config: headers (excl. auth) ='Accept: application/protobuf', url=https://clients5.google.com/cast/chromecast/device/baseconfig?m=LSB&M=COTODAMA&p=LS10+Platform&b=1.52.272222&c=wifi&r=beta-channel&pt=3&ln=&d=DE4F95FFA64D5E74B026&at=1
04-09 11:11:33.656  3095  3095 I cast_shell: [3098:3149:INFO:multizone_manager.cc(2131)] Updated leader quality: 49807407
04-09 11:11:33.661  3095  3095 I cast_shell: [3098:3147:INFO:mdns_app_filter.cc(1120)] Skipping IPv6 interface that also has an IPv4 address: wlan0
04-09 11:11:33.661  3095  3095 I chatty  : uid=1000(chrome) /bin/logwrapper identical 2 lines
04-09 11:11:33.661  3095  3095 I cast_shell: [3098:3147:INFO:mdns_app_filter.cc(1120)] Skipping IPv6 interface that also has an IPv4 address: wlan0
04-09 11:11:33.661  3095  3095 I cast_shell: [3098:3147:INFO:metrics_recorder.cc(282)] cast event: Cast.Discovery.Mdns.SocketCreated
04-09 11:11:33.661  3095  3095 I cast_shell: [3098:3147:INFO:mdns_app_filter.cc(1254)] Created mDNS socket for interface:name=wlan0, address=192.168.1.145, index=5
04-09 11:11:33.661  3095  3095 I cast_shell: [3098:3147:INFO:metrics_recorder.cc(282)] cast event: Cast.Discovery.Mdns.SocketCreated
04-09 11:11:33.661  3095  3095 I cast_shell: [3098:3147:INFO:mdns_app_filter.cc(1254)] Created mDNS socket for interface:name=p2p1, address=192.168.2.1, index=7
04-09 11:11:33.662  3095  3095 I cast_shell: [3098:3147:INFO:metrics_recorder.cc(282)] cast event: Cast.Discovery.Mdns.SocketCreated
04-09 11:11:33.662  3095  3095 I cast_shell: [3098:3147:INFO:mdns_app_filter.cc(1254)] Created mDNS socket for interface:name=usb0, address=192.168.10.1, index=9
04-09 11:11:33.662  3095  3095 I cast_shell: [3098:3147:INFO:mdns_app_filter.cc(977)] MdnsAppFilter is starting.
04-09 11:11:33.665  3095  3095 I cast_shell: [3098:3098:INFO:mdns_manager_impl.cc(429)] Successfully updated service: type=_googlezone
04-09 11:11:33.749  2972  3002 I otamanager: OTA:ResolveDNSName IP = 34.227.156.126
04-09 11:11:33.749  2972  3002 I otamanager: OTA:hostIp string: https://34.227.156.126/v1
04-09 11:11:33.749  2972  3002 I otamanager: OTA: trying after 2 sec 
04-09 11:11:33.786  3095  3095 I cast_shell: [3098:3137:INFO:metrics_recorder.cc(282)] Record action: Setup.version.BLE
04-09 11:11:33.817  3095  3095 I cast_shell: [3098:3137:INFO:metrics_recorder.cc(282)] Record action: Setup.tos_accepted.BLE
04-09 11:11:33.843  3095  3095 I cast_shell: [3098:3106:INFO:parent_tracker.cc(237)] Network changed
04-09 11:11:33.843  3095  3095 I cast_shell: [3098:3106:INFO:parent_tracker.cc(135)] Now using local address [PII](192.168.1.145)
04-09 11:11:33.843  3095  3095 I cast_shell: [3098:3106:INFO:directory_service_impl.cc(200)] This device became root
04-09 11:11:33.843  3095  3095 I cast_shell: [3098:3106:INFO:parent_tracker.cc(237)] Network changed
04-09 11:11:33.843  3095  3095 I cast_shell: [3098:3137:INFO:local_network_info_impl.cc(435)] LNID_W changed:
04-09 11:11:33.845  3095  3095 I cast_shell: [3098:3106:INFO:parent_tracker.cc(132)] No need to recreate socket
04-09 11:11:33.847  3095  3095 I cast_shell: [3098:3137:INFO:metrics_recorder.cc(282)] Record action: Setup.state.BLE
04-09 11:11:33.851  3095  3095 I cast_shell: [3098:3429:INFO:net_util_impl.cc(582)] IP address: [PII](192.168.1.1) MAC address: [PII](C8:B3:73:44:AE:ED)
04-09 11:11:33.852  3095  3095 I cast_shell: [3098:3429:INFO:local_network_info_impl.cc(346)] LNID changed:
04-09 11:11:33.852  3095  3095 I cast_shell: [3098:3098:INFO:ccs_manager_impl.cc(1789)] LNID has changed; Will re-register CCS
04-09 11:11:33.857  3095  3095 I cast_shell: [3098:3429:INFO:net_util_impl.cc(582)] IP address: [PII](192.168.1.1) MAC address: [PII](C8:B3:73:44:AE:ED)
04-09 11:11:33.877  3095  3095 I cast_shell: [3098:3137:INFO:metrics_recorder.cc(282)] Record action: Setup.ip_address.BLE
04-09 11:11:33.940  3095  3095 I cast_shell: [3098:3137:INFO:ble_setup.cc(322)] Record action: Setup.set_eureka_info.BLE
04-09 11:11:33.942  3095  3095 I cast_shell: [3098:3137:INFO:timezone_settings.cc(288)] Setting system timezone to Asia/Kolkata
04-09 11:11:33.942  3095  3095 I cast_shell: [3098:3149:INFO:multizone_group.cc(357)] Change name for group [PII](0F3B2F7F358AE34A905AD5A55C3C271E) to [PII](Bedroom speaker 2)
04-09 11:11:33.942  3095  3095 I cast_shell: [3098:3137:INFO:locale_manager.cc(511)] New timezone: Asia/Kolkata
04-09 11:11:33.942  3095  3095 I cast_shell: [3098:3137:INFO:locale_manager.cc(539)] New time format: 24-hour
04-09 11:11:33.943  3095  3095 I cast_shell: [3098:3098:INFO:device_info_impl.cc(1133)] SSDP Config ID is increased: id=4
04-09 11:11:33.946  3095  3095 I cast_shell: [3098:3098:INFO:device_info_impl.cc(1133)] SSDP Config ID is increased: id=5
04-09 11:11:33.948  2733  2763 I bluetoothtbd: [0408/224133.947952:INFO:adapter.cc(551)] Adapter properties changed
04-09 11:11:33.948  2733  2763 I bluetoothtbd: [0408/224133.948086:INFO:adapter.cc(573)] Adapter name changed
04-09 11:11:33.949  3095  3095 I cast_shell: [3098:3137:INFO:bluetooth_manager.cc(1232)] [PII] Set device name to 'Bedroom speaker 2'
04-09 11:11:33.956  2733  2763 I bluetoothtbd: [0408/224133.956339:INFO:adapter.cc(551)] Adapter properties changed
04-09 11:11:33.967  2966  3174 I LibreCastControlDelegate: OnCastStatus() +++ Bedroom speaker 2:0xac106198:NOT_SETUP
04-09 11:11:33.967  2966  3174 I LibreCastControlDelegate: Device Build Number -> '1.52.272222'
04-09 11:11:33.967  2966  3174 I librecast: updateCastBuildVersion() Version 1.52.272222
04-09 11:11:33.967  2711  2718 I lucitransport: readRemoteMessage() MID char = 7 buffer = 1.52.272222
04-09 11:11:33.967  2966  3174 I LibreCastControlDelegate: Active Applications -> 0
04-09 11:11:33.967  2966  3174 I LibreCastControlDelegate: Current Cast State '2' -> 'NOT_SETUP'
04-09 11:11:33.967  2966  3174 I LibreCastControlDelegate: OnCastStatus() ---
04-09 11:11:33.968  3095  3095 I cast_shell: [3098:3147:INFO:mdns_util.cc(102)] Defaulting mDNS capabilities for audio-only build
04-09 11:11:34.028  3095  3095 I cast_shell: [3098:3137:INFO:ble_setup.cc(322)] Record action: Setup.save_wifi.BLE
04-09 11:11:34.029  3095  3095 I cast_shell: [3098:3137:INFO:wifi_controller_wpa_supplicant.cc(692)] Clear bssid from config for network id 0
04-09 11:11:34.032  3095  3095 I cast_shell: [3098:3137:INFO:setup_manager_impl.cc(1725)] Report action: Wifi.FirstConfigured
04-09 11:11:34.496  3095  3095 I cast_shell: [3098:3137:INFO:ble_setup.cc(789)] Missing required info for sign.
04-09 11:11:34.527  3095  3095 I cast_shell: [system_updater_dummy.cpp(139)] CheckUpdate 139
04-09 11:11:34.527  3095  3095 I cast_shell: [system_updater_dummy.cpp(148)] CheckUpdate 148 return
04-09 11:11:34.539  3095  3095 I cast_shell: [3098:3137:INFO:ble_setup.cc(915)] Sign related info completed, no future EurekaInfo need sign.
04-09 11:11:34.958  3095  3095 I cast_shell: [3098:3147:INFO:mdns_app_filter.cc(1403)] MdnsAppFilter: Done probing.
04-09 11:11:35.076  3095  3095 I cast_shell: [3098:3137:INFO:metrics_recorder.cc(282)] Record action: Setup.state.BLE
04-09 11:11:35.340  3095  3095 I cast_shell: [3098:3098:INFO:ccs_transport_gcm.cc(244)] Registered GCM handler
04-09 11:11:35.340  3095  3095 I cast_shell: [3098:3098:INFO:ccs_manager_impl.cc(1322)] Waiting for all transports to be enabled
04-09 11:11:35.364  3095  3095 I cast_shell: [3098:3134:INFO:snr_tracker.cc(50)] snr = 48
04-09 11:11:35.437  3095  3095 I cast_shell: [3098:3098:INFO:lycra_gcm.cc(212)] Registered GCM handler
04-09 11:11:35.511  2972  3002 I otamanager: OTA:curl response code : 0	
04-09 11:11:35.511  2972  3002 I otamanager: http status code : 200
04-09 11:11:35.511  2972  3002 I otamanager: OTA: contentLen :187.000000
04-09 11:11:35.519  2972  3002 I otamanager: OTA: bytesDownloaded = 187 m_iHttpStatusCode = 200 
04-09 11:11:35.525  2690  2690 I sh      : {
04-09 11:11:35.525  2972  3002 E otamanager: OTA:error string =  No update available
04-09 11:11:35.525  2690  2690 I sh      : 	"castVersion" : null,
04-09 11:11:35.525  2690  2690 I sh      : 	"crc" : null,
04-09 11:11:35.525  2690  2690 I sh      : 	"errorCode" : 1001,
04-09 11:11:35.525  2690  2690 I sh      : 	"errorString" : "No update available",
04-09 11:11:35.525  2690  2690 I sh      : 	"forceUpgrade" : true,
04-09 11:11:35.525  2690  2690 I sh      : 	"mcuOnlyUpdate" : false,
04-09 11:11:35.525  2690  2690 I sh      : 	"otapackage" : null,
04-09 11:11:35.525  2690  2690 I sh      : 	"url" : null,
04-09 11:11:35.525  2690  2690 I sh      : 	"version" : null
04-09 11:11:35.526  3098  3108 E         : OOBE CheckUpdate
04-09 11:11:35.531  3095  3095 I cast_shell: [system_updater_dummy.cpp(132)] CheckUpdate 132 no new version
04-09 11:11:35.531  3095  3095 I cast_shell: [3098:3108:INFO:update_engine_client_with_system_updater.cc(226)] No system force update, error_code=0
04-09 11:11:35.531  3095  3095 I cast_shell: [3098:3108:INFO:update_engine_client_with_system_updater.cc(167)] Checking system force update.
04-09 11:11:35.531  3095  3095 I cast_shell: [system_updater_dummy.cpp(109)] CheckUpdate
04-09 11:11:35.534  2972  3002 I otamanager: cast_updater_threadEntry() Response 'CheckUpdate' Current Firmware Update state 'Idle'
04-09 11:11:35.534  2972  3002 I otamanager: checkUpdate_l
04-09 11:11:35.534  2972  3002 I otamanager: Firmware Update State Change from Idle to CheckUpdate
04-09 11:11:35.534  3095  3095 I cast_shell: [system_updater_dummy.cpp(148)] CheckUpdate 148 return
04-09 11:11:35.534  3095  3095 I chatty  : uid=1000(chrome) /bin/logwrapper identical 1 line
04-09 11:11:35.534  3095  3095 I cast_shell: [system_updater_dummy.cpp(148)] CheckUpdate 148 return
04-09 11:11:35.534  2711  2718 I lucitransport: readRemoteMessage() MID char = 232 buffer = TRUE
04-09 11:11:35.535  2972  3002 E otamanager: lo not valid Interface for MAC ID
04-09 11:11:35.535  2972  3002 D otamanager: OTA: wlan IP = 192.168.1.145
04-09 11:11:35.535  2972  3002 I otamanager: OTA:checkIP mac = cc909321f384  IP = 192.168.1.145 
04-09 11:11:35.542  2972  3002 I otamanager: DownloadHttpContent firmware version = eng.C4A.1203
04-09 11:11:35.546  2711  2718 I lucitransport: readRemoteMessage() MID char = 6 buffer = 1001
04-09 11:11:35.547  2711  2718 I lucitransport: readRemoteMessage() MID char = 7 buffer = 1.52.272222
04-09 11:11:35.547  2972  3002 I otamanager: OTA: DownloadHttpContent :payload =  {"device":{"brand":"COTODAMA","castVersion":"1.52.272222","deviceId":"cc909321f384","deviceType":"LS10_C4A","fwVersion":"1203","googleCast":true,"mcuVersion":"1001","model":"LSB"}}
04-09 11:11:35.547  2972  3002 I otamanager:  
04-09 11:11:35.547  2972  3002 I otamanager: OTA:------curlDownloadFirmwareXml---
04-09 11:11:35.547  2972  3002 I otamanager: OTA:isValidIpAddress: result 0
04-09 11:11:35.713  2972  3002 I otamanager: OTA:ResolveDNSName IP = 34.227.156.126
04-09 11:11:35.714  2972  3002 I otamanager: OTA:hostIp string: https://34.227.156.126/v1
04-09 11:11:35.714  2972  3002 I otamanager: OTA: trying after 2 sec 
04-09 11:11:35.718  3095  3095 I cast_shell: [3098:3444:INFO:crl_downloader.cc(155)] CRL processed.
04-09 11:11:35.721  3095  3095 I cast_shell: [3098:3444:INFO:metrics_recorder.cc(282)] cast event: Cast.CRL.DownloadSuccess
04-09 11:11:35.722  3095  3095 I cast_shell: [3098:3444:INFO:client_auth_signer.cc(211)] Cast certificate verification: CastCertError::OK
04-09 11:11:35.722  3095  3095 I cast_shell: [3098:3444:INFO:metrics_recorder.cc(282)] cast event: Cast.Auth.OK
04-09 11:11:35.733  3095  3095 I cast_shell: [3098:3098:INFO:gcm_manager.cc(233)] GCM connection established.
04-09 11:11:35.733  3095  3095 I cast_shell: [3098:3106:INFO:heartbeat_manager.cc(272)] Set HBInterval default: 1680000
04-09 11:11:35.966  3095  3095 I cast_shell: [3098:3098:INFO:grpc_service_discovery_impl.cc(185)] Mdns discovered google RPC for [PII](0F3B2F7F358AE34A905AD5A55C3C271E).
04-09 11:11:36.084  3095  3095 I cast_shell: [3098:3098:INFO:grpc_manager_impl.cc(505)] GRPC[uri=[::]:0]: num_pending_calls=0, num_active_handlers=0, num_free_handlers=0
04-09 11:11:36.086  3095  3095 I cast_shell: [3098:3098:INFO:grpc_manager_impl.cc(505)] GRPC[uri=]: num_pending_calls=0, num_active_handlers=0, num_free_handlers=0
04-09 11:11:36.111  3095  3095 I cast_shell: [3098:3137:INFO:metrics_recorder.cc(282)] Record action: Setup.state.BLE
04-09 11:11:36.170  3095  3095 I cast_shell: [3098:3098:INFO:grpc_manager_impl.cc(505)] GRPC[uri=unix:/tmp/hcp_ipc_auth.socket]: num_pending_calls=0, num_active_handlers=10, num_free_handlers=0
04-09 11:11:36.176  3095  3095 I cast_shell: [3098:3098:INFO:grpc_manager_impl.cc(505)] GRPC[uri=unix:/tmp/modular_updater/modular_update_service]: num_pending_calls=0, num_active_handlers=0, num_free_handlers=0
04-09 11:11:36.199  3095  3095 I cast_shell: [3098:3098:INFO:metrics_recorder.cc(112)] Metrics stat: total=14
04-09 11:11:36.199  3095  3095 I cast_shell: Cast.Auth.OK=1
04-09 11:11:36.199  3095  3095 I cast_shell: Cast.CRL.DownloadSuccess=1
04-09 11:11:36.199  3095  3095 I cast_shell: Cast.Discovery.Mdns.ResponderStarted=1
04-09 11:11:36.199  3095  3095 I cast_shell: Cast.Discovery.Mdns.ResponderStopped=1
04-09 11:11:36.199  3095  3095 I cast_shell: Cast.Discovery.Mdns.SocketCreated=3
04-09 11:11:36.199  3095  3095 I cast_shell: Cast.Discovery.Mdns.SocketDestroyed=2
04-09 11:11:36.199  3095  3095 I cast_shell: Cast.System.Timezone.ChangeSuccessful=1
04-09 11:11:36.199  3095  3095 I cast_shell: Setup.eureka_info.Local=1
04-09 11:11:36.199  3095  3095 I cast_shell: Setup.eureka_info.Local.200=1
04-09 11:11:36.199  3095  3095 I cast_shell: Setup.ip_address.BLE=15
04-09 11:11:36.350  3095  3095 I cast_shell: [3098:3098:INFO:grpc_manager_impl.cc(505)] GRPC[uri=[::]:8012]: num_pending_calls=0, num_active_handlers=1, num_free_handlers=0
04-09 11:11:36.543  3095  3095 I cast_shell: [system_updater_dummy.cpp(139)] CheckUpdate 139
04-09 11:11:36.543  3095  3095 I cast_shell: [system_updater_dummy.cpp(148)] CheckUpdate 148 return
04-09 11:11:36.547  3095  3095 I cast_shell: [3098:3098:INFO:config_downloader.cc(700)] Received Protobuf config response
04-09 11:11:36.570  3095  3095 I cast_shell: [3098:3098:INFO:application_manager_impl.cc(2024)] max_background_apps changed to: 1
04-09 11:11:36.570  3095  3095 I cast_shell: [3098:3098:ERROR:modular_update_manager_impl.cc(382)] No modular updater app ID can be found in device config.
04-09 11:11:36.580  3095  3095 I cast_shell: [3098:3098:INFO:ccs_settings.cc(262)] CcsSettings using CCS url https://clients5.google.com/cast/cloudcast/
04-09 11:11:36.602  3095  3095 I cast_shell: [3098:3098:INFO:application_config_manager_impl.cc(528)] Setting default remote control app ID: 1374D8AA
04-09 11:11:36.603  3095  3095 I cast_shell: [3098:3098:INFO:application_identification_settings.cc(410)] new ApplicationIdentificationSettings session_id: 2da22634-650c-4547-97fb-7b8ca737930a app_id: 38579375 flags: 7 headers: 512
04-09 11:11:36.603  3095  3095 I cast_shell: [3098:3098:WARNING:ccs_manager_impl.cc(1566)] Device does not have a weave device id
04-09 11:11:36.603  3095  3095 I cast_shell: [3098:3098:INFO:mdns_util.cc(102)] Defaulting mDNS capabilities for audio-only build
04-09 11:11:36.603  3095  3095 I cast_shell: [3098:3098:INFO:mdns_util.cc(102)] Defaulting mDNS capabilities for audio-only build
04-09 11:11:36.603  3095  3095 I cast_shell: [3098:3098:INFO:ccs_transport_https.cc(1203)] No cloud settings for register request
04-09 11:11:36.611  3095  3095 I cast_shell: [3098:3098:INFO:ccs_manager_impl.cc(1496)] Registering device with CCS: message_id = c5f9d582-e9c8-4885-872b-c003a3e32467
04-09 11:11:36.611  3095  3095 I cast_shell: [3098:3098:INFO:ccs_manager_impl.cc(1497)] [PII] device_id = 0F3B2F7F358AE34A905AD5A55C3C271E
04-09 11:11:36.611  3095  3095 I cast_shell: [3098:3098:INFO:application_identification_settings.cc(410)] new ApplicationIdentificationSettings session_id: 4545e410-1953-4c9f-b5a3-f418e1754268 app_id: 38579375 flags: 7 headers: 512
04-09 11:11:36.611  3095  3095 I cast_shell: [3098:3098:INFO:robot_account_auth_manager.cc(470)] Successfully initialized JWT for 38579375
04-09 11:11:36.611  3095  3095 I cast_shell: [3098:3098:INFO:config_downloader.cc(900)] Clearing local config cache
04-09 11:11:36.611  3095  3095 I cast_shell: [3098:3098:INFO:metrics_recorder.cc(282)] Record action: Cast.DCS.DownloadSuccess
04-09 11:11:36.611  3095  3095 I cast_shell: [3098:3098:INFO:key_exchange_namespace_handler.cc(178)] Changing key_exchange_support capability
04-09 11:11:36.613  2966  3174 I LibreCastControlDelegate: OnCastStatus() +++ Bedroom speaker 2:0xac106198:NOT_SETUP
04-09 11:11:36.613  2966  3174 I LibreCastControlDelegate: Device Build Number -> '1.52.272222'
04-09 11:11:36.613  2966  3174 I librecast: updateCastBuildVersion() Version 1.52.272222
04-09 11:11:36.613  2711  2718 I lucitransport: readRemoteMessage() MID char = 7 buffer = 1.52.272222
04-09 11:11:36.613  2966  3174 I LibreCastControlDelegate: Active Applications -> 0
04-09 11:11:36.613  2966  3174 I LibreCastControlDelegate: Current Cast State '2' -> 'NOT_SETUP'
04-09 11:11:36.613  2966  3174 I LibreCastControlDelegate: OnCastStatus() ---
04-09 11:11:36.616  3095  3095 I cast_shell: [3098:3098:INFO:mdns_util.cc(102)] Defaulting mDNS capabilities for audio-only build
04-09 11:11:36.617  3095  3095 I cast_shell: [3098:3098:INFO:chromecast_service.cc(2229)] AoGH feature is: 0
04-09 11:11:36.617  3095  3095 I cast_shell: [3098:3098:INFO:chromecast_service.cc(2189)] Geolocation changed to: 0
04-09 11:11:36.617  3095  3095 I cast_shell: [3098:3098:INFO:lycra_transport.cc(301)] Feature flag changed: false
04-09 11:11:36.617  3095  3095 I cast_shell: [3098:3098:INFO:chromecast_service.cc(2248)] Playback disruption feature is: 1
04-09 11:11:36.617  3095  3095 I cast_shell: [3098:3147:INFO:mdns_util.cc(102)] Defaulting mDNS capabilities for audio-only build
04-09 11:11:36.617  3095  3095 I cast_shell: [3098:3098:INFO:playback_disruption_service.cc(328)] Playback disruption service enabled and running
04-09 11:11:36.617  3095  3095 I cast_shell: [3098:3098:INFO:ccs_manager_impl.cc(864)] Re-registering single CCS device
04-09 11:11:36.617  3095  3095 I cast_shell: [3098:3098:WARNING:ccs_manager_impl.cc(1566)] Device does not have a weave device id
04-09 11:11:36.617  3095  3095 I cast_shell: [3098:3098:INFO:mdns_util.cc(102)] Defaulting mDNS capabilities for audio-only build
04-09 11:11:36.617  3095  3095 I cast_shell: [3098:3098:INFO:mdns_util.cc(102)] Defaulting mDNS capabilities for audio-only build
04-09 11:11:36.644  3095  3095 I cast_shell: [3098:3098:INFO:metrics_recorder.cc(282)] cast event: Cloud.Transport.Https.Register.Out
04-09 11:11:36.645  3095  3095 I cast_shell: [3098:3098:INFO:application_identification_settings.cc(1331)] CreateJwt completed; running all done signing callbacks.
04-09 11:11:36.645  3095  3095 I cast_shell: [3098:3098:INFO:robot_account_auth_manager.cc(496)] JWT expiry in 3600 seconds
04-09 11:11:36.645  3095  3095 I cast_shell: [3098:3098:INFO:robot_account_auth_manager.cc(384)] Sending oauth request for client_id: 0
