04-09 10:49:52.686  2711  2723 I yani_server: NetLink Event '-1' Interface-Index '5' WLAN '0' Ethernet '-1' Parsed-iFill '-1' -> 'INVALID' ifIndex '1' -> 'lo'
04-09 10:49:52.687  2968  3172 I LibreCastControlDelegate: OnCastStatus() +++ Bedroom speaker 2:0xab421198:NOT_SETUP
04-09 10:49:52.687  2968  3172 I LibreCastControlDelegate: Device Build Number -> '1.52.272222'
04-09 10:49:52.687  2968  3172 I librecast: updateCastBuildVersion() Version 1.52.272222
04-09 10:49:52.687  2712  2712 I lucitransport: readRemoteMessage() MID char = 7 buffer = 1.52.272222
04-09 10:49:52.687  2968  3172 I LibreCastControlDelegate: Active Applications -> 0
04-09 10:49:52.687  2968  3172 I LibreCastControlDelegate: Current Cast State '2' -> 'NOT_SETUP'
04-09 10:49:52.687  2968  3172 I LibreCastControlDelegate: OnCastStatus() ---
04-09 10:49:52.688  2711  2723 I yani_server: NetLink Event '-1' Interface-Index '5' WLAN '0' Ethernet '-1' Parsed-iFill '-1' -> 'INVALID' ifIndex '1' -> 'lo'
04-09 10:49:52.688  2711  2723 I yani_kernel: yani_geteventfrom_changeaddr() Message-Id '1' Netlink event '16' Interface Index '5' -> Name 'wlan0' 
04-09 10:49:52.689  2711  2723 I yani_kernel: yani_geteventfrom_changeaddr() Message-Id '1' Netlink event '16' Interface Index '5' -> Name 'wlan0' 
04-09 10:49:53.041  3091  3091 I cast_shell: [3094:3133:INFO:metrics_recorder.cc(282)] Record action: Setup.state.BLE
04-09 10:49:53.297  3091  3091 I cast_shell: [system_updater_dummy.cpp(139)] CheckUpdate 139
04-09 10:49:53.297  3091  3091 I cast_shell: [system_updater_dummy.cpp(148)] CheckUpdate 148 return
04-09 10:49:53.345  2974  2997 I otamanager: OTA:curl response code : 0	
04-09 10:49:53.345  2974  2997 I otamanager: http status code : 200
04-09 10:49:53.345  2974  2997 I otamanager: OTA: contentLen :187.000000
04-09 10:49:53.355  2974  2997 I otamanager: OTA: bytesDownloaded = 187 m_iHttpStatusCode = 200 
04-09 10:49:53.355  2691  2691 I sh      : }{
04-09 10:49:53.355  2691  2691 I sh      : 	"castVersion" : null,
04-09 10:49:53.355  2974  2997 E otamanager: OTA:error string =  No update available
04-09 10:49:53.355  2691  2691 I sh      : 	"crc" : null,
04-09 10:49:53.355  2691  2691 I sh      : 	"errorCode" : 1001,
04-09 10:49:53.355  2691  2691 I sh      : 	"errorString" : "No update available",
04-09 10:49:53.355  2691  2691 I sh      : 	"forceUpgrade" : true,
04-09 10:49:53.355  2691  2691 I sh      : 	"mcuOnlyUpdate" : false,
04-09 10:49:53.355  2691  2691 I sh      : 	"version" : null
04-09 10:49:53.356  2712  2712 I lucitransport: writeRemoteMessage() MID = 223 buffer = NO_UPDATE
04-09 10:49:53.356  2712  2712 I luciUART: write() MID = 223  bytes = 19 data = NO_UPDATE m_fd = 0x5
04-09 10:49:53.356  2974  2997 I otamanager: Firmware Update State Change from CheckUpdate to Idle
04-09 10:49:53.357  3091  3091 I cast_shell: [system_updater_dummy.cpp(132)] CheckUpdate 132 no new version
04-09 10:49:53.358  3091  3091 I cast_shell: [3094:3100:INFO:update_engine_client_with_system_updater.cc(226)] No system force update, error_code=0
04-09 10:49:53.362  3091  3091 I cast_shell: [3094:3133:INFO:setup_state.cc(261)] Setup state changed: SETUP_STATE_CONNECTED_WIFI_NOT_SAVED (61) -> SETUP_STATE_CONNECTED (60)
04-09 10:49:53.362  3091  3091 I cast_shell: [3094:3133:INFO:setup_manager_impl.cc(1019)] Setup discoverability is disabled
04-09 10:49:53.362  3091  3091 I cast_shell: [3094:3133:INFO:ble_setup_manager.cc(758)] Clearing setup read attributes
04-09 10:49:53.362  3091  3091 I cast_shell: [3094:3133:INFO:gatt_client_manager_impl.cc(202)] Enabling GATT client connectability
04-09 10:49:53.362  3091  3091 I cast_shell: [3094:3133:INFO:ble_setup_manager.cc(620)] Stopped Bluetooth service
04-09 10:49:53.362  3091  3091 I cast_shell: [3094:3133:INFO:ble_setup.cc(423)] BLE setup stopped.
04-09 10:49:53.362  3091  3091 I cast_shell: [3094:3100:INFO:hotspot_manager.cc(211)] Stop: id=1
04-09 10:49:47.113  2732  2743 I chatty  : uid=0(root) /bin/net_mgr identical 2 lines
04-09 10:49:47.510  2732  2743 I NetworkMonitor: turn off power-save
04-09 10:49:53.362  2732  2743 I HotspotManager: hotspot stop
04-09 10:49:53.362  2732  2743 I HotspotManager: stop dnsmasq
04-09 10:49:53.370  3091  3091 I cast_shell: [3094:3143:INFO:mdns_cast_service.cc(351)] Device discovery state is idle
04-09 10:49:53.370  3091  3091 I cast_shell: [3094:3143:INFO:mdns_util.cc(102)] Defaulting mDNS capabilities for audio-only build
04-09 10:49:53.370  3091  3091 I cast_shell: [3094:3133:INFO:gatt_client_manager_impl.cc(202)] Enabling GATT client connectability
04-09 10:49:53.371  3091  3091 I cast_shell: [3094:3094:INFO:ble_discovery_controller.cc(121)] Starting BLE discovery
04-09 10:49:53.371  3091  3091 I cast_shell: [3094:3133:INFO:gatt_client_manager_impl.cc(202)] Enabling GATT client connectability
04-09 10:49:53.371  3091  3091 I cast_shell: [3094:3133:INFO:ble_setup_manager.cc(744)] Started Bluetooth service
04-09 10:49:53.372  2968  3172 I LibreCastControlDelegate: OnCastStatus() +++ Bedroom speaker 2:0xab421198:READY_TO_CAST
04-09 10:49:53.373  2968  3172 I LibreCastControlDelegate: Cast Device Name -> 'Bedroom speaker 2'
04-09 10:49:53.373  2968  3172 I librecast: OldFriendlyName '' & New name change By Cast 'Bedroom speaker 2' isfirstbootup 56 m_updatedonebyluci 95
04-09 10:49:53.373  2968  3172 I librecast:  Difference in FriendlyName notify all  
04-09 10:49:53.373  2968  3172 I LibreCastControl: LibreCastControl_SetCastName()  name 'Bedroom speaker 2' RequestId '6' pCastControl 0xf5200728
04-09 10:49:53.373  2712  2712 I lucitransport: writeRemoteMessage() MID = 90 buffer = Bedroom speaker 2
04-09 10:49:53.373  2712  2712 I luciUART: write() MID = 90  bytes = 27 data = Bedroom speaker 2 m_fd = 0x5
04-09 10:49:53.374  2712  2712 I lucitransport: writeLocalMessage() MID = 90 buffer = Bedroom speaker 2
04-09 10:49:53.374  2712  2721 E LUCI_SERVER: Luci Server Thread wait over MID 90....
04-09 10:49:53.379  2968  3172 I LibreCastControlDelegate: Device Build Number -> '1.52.272222'
04-09 10:49:53.379  2968  3172 I librecast: updateCastBuildVersion() Version 1.52.272222
04-09 10:49:53.380  2712  2712 I lucitransport: readRemoteMessage() MID char = 7 buffer = 1.52.272222
04-09 10:49:53.380  2968  3172 I LibreCastControlDelegate: Active Applications -> 0
04-09 10:49:53.380  2968  3172 I LibreCastControlDelegate: Current Cast State '6' -> 'READY_TO_CAST'
04-09 10:49:53.380  2968  3172 I LibreCastControlDelegate: OnCastStatus() ---
04-09 10:49:53.383  2968  3172 I LibreCastControlDelegate: OnResponse() ReqeustID 6, error  0
04-09 10:49:53.384  2733  2767 I bluetoothtbd: [0408/221953.384596:INFO:adapter.cc(551)] Adapter properties changed
04-09 10:49:53.384  2733  2767 I bluetoothtbd: [0408/221953.384767:INFO:adapter.cc(573)] Adapter name changed
04-09 10:49:53.385  3091  3091 I cast_shell: [3094:3133:INFO:bluetooth_manager.cc(1232)] [PII] Set device name to 'Bedroom speaker 2'
04-09 10:49:53.389  3091  3091 I cast_shell: [3094:3094:INFO:device_info_impl.cc(1133)] SSDP Config ID is increased: id=6
04-09 10:49:53.391  2968  3172 I LibreCastControlDelegate: OnCastStatus() +++ Bedroom speaker 2:0xab421198:READY_TO_CAST
04-09 10:49:53.393  3091  3091 I cast_shell: [3094:3143:INFO:mdns_util.cc(102)] Defaulting mDNS capabilities for audio-only build
04-09 10:49:53.394  2968  3172 I LibreCastControlDelegate: Cast Device Name -> 'Bedroom speaker 2'
04-09 10:49:53.394  2968  3172 I librecast: OldFriendlyName '' & New name change By Cast 'Bedroom speaker 2' isfirstbootup 56 m_updatedonebyluci 95
04-09 10:49:53.394  2968  3172 I librecast:  Difference in FriendlyName notify all  
04-09 10:49:53.394  2968  3172 I LibreCastControl: LibreCastControl_SetCastName()  name 'Bedroom speaker 2' RequestId '7' pCastControl 0xf5200728
04-09 10:49:53.394  2712  2712 I lucitransport: writeRemoteMessage() MID = 90 buffer = Bedroom speaker 2
04-09 10:49:53.394  2712  2712 I luciUART: write() MID = 90  bytes = 27 data = Bedroom speaker 2 m_fd = 0x5
04-09 10:49:53.395  2712  2712 I lucitransport: writeLocalMessage() MID = 90 buffer = Bedroom speaker 2
04-09 10:49:53.395  2968  3172 I LibreCastControlDelegate: Device Build Number -> '1.52.272222'
04-09 10:49:53.395  2968  3172 I librecast: updateCastBuildVersion() Version 1.52.272222
04-09 10:49:53.395  2712  2712 I lucitransport: readRemoteMessage() MID char = 7 buffer = 1.52.272222
04-09 10:49:53.406  3091  3091 I cast_shell: [3094:3094:INFO:device_info_impl.cc(1133)] SSDP Config ID is increased: id=7
04-09 10:49:53.407  2968  3172 I LibreCastControlDelegate: OnCastStatus() +++ Bedroom speaker 2:0xab421198:READY_TO_CAST
04-09 10:49:53.408  2691  2691 I sh      : MessageBoxAlert() MID 90 
04-09 10:49:53.408  2691  2691 I sh      : MessageBoxChanged() MID '90'
04-09 10:49:53.409  3091  3091 I cast_shell: [3094:3094:INFO:ccs_manager_impl.cc(1842)] Postponing device name update while registering
04-09 10:49:53.409  3091  3091 I cast_shell: [3094:3143:INFO:mdns_util.cc(102)] Defaulting mDNS capabilities for audio-only build
04-09 10:49:53.409  3091  3091 I cast_shell: [3094:3094:INFO:mdns_manager_impl.cc(429)] Successfully updated service: type=_googlecast
04-09 10:49:53.409  3091  3091 I cast_shell: [3094:3094:INFO:virtual_device.cc(296)] Updated mDNS service for virtual device: id=9fb3a935-6767-0923-1a96-eef89fa35aeb
04-09 10:49:53.409  2968  3172 I LibreCastControlDelegate: Cast Device Name -> 'Bedroom speaker 2'
04-09 10:49:53.409  2968  3172 I librecast: OldFriendlyName '' & New name change By Cast 'Bedroom speaker 2' isfirstbootup 56 m_updatedonebyluci 95
04-09 10:49:53.409  2968  3172 I librecast:  Difference in FriendlyName notify all  
04-09 10:49:53.409  2968  3172 I LibreCastControl: LibreCastControl_SetCastName()  name 'Bedroom speaker 2' RequestId '8' pCastControl 0xf5200728
04-09 10:49:53.413  2968  3017 I LibreCastControl: LibreCastControl_SetCastName()  name 'Bedroom speaker 2' RequestId '9' pCastControl 0xf5200728
04-09 10:49:53.413  2968  3017 E librecast: MessageBoxAlert() friendlyname Bedroom speaker 2
04-09 10:49:53.413  2968  3017 I LibreCastControl: MessageBoxAlert() messageBoxID 90
04-09 10:49:53.414  3091  3091 I cast_shell: [3094:3133:INFO:bluetooth_manager.cc(1232)] [PII] Set device name to 'Bedroom speaker 2'
04-09 10:49:53.414  2733  2767 I bluetoothtbd: [0408/221953.414449:INFO:adapter.cc(551)] Adapter properties changed
04-09 10:49:53.414  2971  3006 I airplayluci: MessageBoxAlert: MID 90
04-09 10:49:53.414  2733  2767 I bluetoothtbd: [0408/221953.414603:INFO:adapter.cc(573)] Adapter name changed
04-09 10:49:53.415  2971  3507 I airplay_v2_0_6: 2022-04-09 10:49:53.415217 [AirPlay] Deregistered Bonjour _airplay._tcp. for restart
04-09 10:49:53.415  2971  3507 I airplay_v2_0_6: 2022-04-09 10:49:53.415591 [AirPlay] Deregistered Bonjour _raop._tcp. for restart
04-09 10:49:53.459  2691  2691 I sh      : MessageBoxAlert() MID 90 
04-09 10:49:53.460  2691  2691 I sh      : MessageBoxChanged() MID '90'
04-09 10:49:53.460  2968  3017 I librecast: MessageBoxAlert() Msg = 90 remoteID = 16 
04-09 10:49:53.460  2712  2721 I lucitransport: readRemoteMessage() MID char = 90 buffer = Bedroom speaker 2
04-09 10:49:53.460  2968  3017 I LibreCastControl: LibreCastControl_SetCastName()  name 'Bedroom speaker 2' RequestId '10' pCastControl 0xf5200728
04-09 10:49:53.460  2968  3017 E librecast: MessageBoxAlert() friendlyname Bedroom speaker 2
04-09 10:49:53.460  2968  3017 I LibreCastControl: MessageBoxAlert() messageBoxID 90
04-09 10:49:53.462  2968  3172 I LibreCastControlDelegate: OnResponse() ReqeustID 10, error  0
04-09 10:49:53.462  2971  3006 I airplayluci: MessageBoxAlert: MID 90
04-09 10:49:53.462  2970  2991 E Spotify-Player: Change Spotify Device name
04-09 10:49:53.463  2967  2978 D wac-main: Netlink event
04-09 10:49:53.463  2789  2789 I dnsmasq : reading /etc/resolv.conf
04-09 10:49:53.463  2789  2789 I dnsmasq : using nameserver 8.8.4.4#53
04-09 10:49:53.463  2789  2789 I dnsmasq : using nameserver 192.168.1.1#53
04-09 10:49:53.463  2967  2978 E wac-main: Netlink event 21 Interface Index 6 
04-09 10:49:53.463  2789  2789 I dnsmasq : using nameserver 192.168.50.1#53
04-09 10:49:53.463  2967  2978 E wac-main: Enter poll and wait
04-09 10:49:53.463  2789  2789 I dnsmasq : using nameserver 8.8.8.8#53
04-09 10:49:53.463  2711  2723 I yani_kernel: yani_geteventfrom_changeaddr() Message-Id '1' Netlink event '21' Interface Index '6' -> Name 'p2p0' 
04-09 10:49:53.464  2712  2721 E LUCI_SERVER: Luci Server Thread wait over MID 90....
04-09 10:49:53.466  2970  2992 E SPOTIFY : Device Name change new name = Bedroom speaker 2
04-09 10:49:53.466  2970  2992 E SPOTIFY : err = 0 
04-09 10:49:53.466  2732  2743 I HotspotManager: stop hostapd
04-09 10:49:53.468  3091  3091 I cast_shell: [3094:3094:INFO:device_info_impl.cc(1133)] SSDP Config ID is increased: id=10
04-09 10:49:53.468  3091  3091 I cast_shell: [3094:3094:INFO:ccs_manager_impl.cc(1842)] Postponing device name update while registering
04-09 10:49:53.468  3091  3091 I cast_shell: [3094:3143:INFO:mdns_util.cc(102)] Defaulting mDNS capabilities for audio-only build
04-09 10:49:53.469  2711  2723 I yani_server: NetLink Event '5' Interface-Index '6' WLAN '-1' Ethernet '-1' Parsed-iFill '5' -> 'P2P0 DISCONNECTED' ifIndex '2' -> 'tunl0'
04-09 10:49:53.469  3091  3091 I cast_shell: [3094:3094:INFO:mdns_manager_impl.cc(429)] Successfully updated service: type=_googlecast
04-09 10:49:53.469  3091  3091 I cast_shell: [3094:3094:INFO:virtual_device.cc(296)] Updated mDNS service for virtual device: id=9fb3a935-6767-0923-1a96-eef89fa35aeb
04-09 10:49:53.470  2711  2723 E yani_server: YANI: I am Done Wait For Event 
04-09 10:49:53.470  2711  2816 I yani_server: onNetworkParametersChanged() WAC Mode '0'  Index '2' Interface 'p2p0' Status '0'
04-09 10:49:53.471  2728  2737 I MB_HANDLER: YaniAlert() Interface '3' Status '0'
04-09 10:49:53.471  2712  2712 I lucitransport: writeRemoteMessage() MID = 124 buffer = 1#1,1#2,0#3,0#4,0
04-09 10:49:53.471  2712  2712 I luciUART: write() MID = 124  bytes = 27 data = 1#1,1#2,0#3,0#4,0 m_fd = 0x5
04-09 10:49:53.472  2729  2729 E AirableUIHelper: AirableUIHelper::YaniAlert  3 0 
04-09 10:49:53.472  2974  2993 I otamanager: YaniAlert() Interface 3 Status Down
04-09 10:49:53.472  2971  3006 I airplay-main: YaniAlert Interface 3 Status 0
04-09 10:49:53.476  2733  2767 I bluetoothtbd: [0408/221953.476810:INFO:adapter.cc(551)] Adapter properties changed
04-09 10:49:53.476  2733  2767 I bluetoothtbd: [0408/221953.476970:INFO:adapter.cc(573)] Adapter name changed
04-09 10:49:53.477  3091  3091 I cast_shell: [3094:3133:INFO:bluetooth_manager.cc(1232)] [PII] Set device name to 'Bedroom speaker 2'
04-09 10:49:53.478  2968  3172 I LibreCastControlDelegate: OnCastStatus() +++ Bedroom speaker 2:0xab421198:READY_TO_CAST
04-09 10:49:53.480  2712  2720 E luciUART: UART:aa
04-09 10:49:53.480  2712  2720 E luciUART: UART:aa
04-09 10:49:53.481  2712  2720 E luciUART: UART:2
04-09 10:49:53.481  2712  2720 E luciUART: UART:0
04-09 10:49:53.481  2712  2720 E luciUART: UART:d0
04-09 10:49:53.481  2712  2720 E luciUART: UART:0
04-09 10:49:53.481  2712  2720 I chatty  : uid=0(root) UARTLUCIControl identical 2 lines
04-09 10:49:53.481  2712  2720 E luciUART: UART:0
04-09 10:49:53.481  2712  2720 E luciUART: UART:9
04-09 10:49:53.481  2712  2720 I luciUART: read() RemoteID = 43690 Command = 208 Type = 2 Status = 0 DataLen = 9
04-09 10:49:53.481  2712  2720 E luciUART: Error: full data not available yet! readBytes 0
04-09 10:49:53.481  2712  2720 I luciUART: Previous Packet read contd., 
04-09 10:49:53.481  2712  2720 E luciUART: UART:52
04-09 10:49:53.481  2712  2720 I luciUART: Previous Packet read contd., 
04-09 10:49:53.481  2712  2720 E luciUART: UART:45
04-09 10:49:53.482  2712  2720 E luciUART: UART:5f
04-09 10:49:53.482  2712  2720 I luciUART: Previous Packet read contd., 
04-09 10:49:53.482  2712  2720 E luciUART: UART:73
04-09 10:49:53.482  2712  2720 I luciUART: Previous Packet read contd., 
04-09 10:49:53.482  2712  2720 E luciUART: UART:73
04-09 10:49:53.482  2712  2720 I luciUART: Previous Packet read contd., 
04-09 10:49:53.482  2712  2720 E luciUART: UART:69
04-09 10:49:53.483  2712  2720 I luciUART: Previous Packet read contd., 
04-09 10:49:53.483  2712  2720 E luciUART: UART:64
04-09 10:49:53.484  2968  3172 I LibreCastControlDelegate: Cast Device Name -> 'Bedroom speaker 2'
04-09 10:49:53.484  2968  3172 I librecast: OldFriendlyName 'Bedroom speaker 2' & New name change By Cast 'Bedroom speaker 2' isfirstbootup 56 m_updatedonebyluci 0
04-09 10:49:53.484  2968  3172 I LibreCastControlDelegate: Device Build Number -> '1.52.272222'
04-09 10:49:53.484  2968  3172 I librecast: updateCastBuildVersion() Version 1.52.272222
04-09 10:49:53.484  2712  2712 I lucitransport: readRemoteMessage() MID char = 7 buffer = 1.52.272222
04-09 10:49:53.484  2968  3172 I LibreCastControlDelegate: Active Applications -> 0
04-09 10:49:53.484  2968  3172 I LibreCastControlDelegate: Current Cast State '6' -> 'READY_TO_CAST'
04-09 10:49:53.484  2968  3172 I LibreCastControlDelegate: OnCastStatus() ---
04-09 10:49:53.505  2967  2978 D wac-main: Netlink event
04-09 10:49:53.505  2967  2978 E wac-main: Netlink event 16 Interface Index 6 
04-09 10:49:53.509  2711  2723 I yani_kernel: yani_geteventfrom_changeaddr() Message-Id '1' Netlink event '16' Interface Index '6' -> Name 'p2p0' 
04-09 10:49:53.509  2967  2978 E wac-main: p2p0 event Link Changed : 1003 
04-09 10:49:53.510  2967  2978 E wac-main: p2p0 Changed down
04-09 10:49:53.510  2967  2978 E wac-main: wlan0 IP : 192.168.1.145
04-09 10:49:53.511  2967  2978 E wac-main: Enter poll and wait
04-09 10:49:53.517  2691  2691 I sh      : MessageBoxAlert() MID 90 
04-09 10:49:53.517  2691  2691 I sh      : MessageBoxChanged() MID '90'
04-09 10:49:53.517  2968  3017 I librecast: MessageBoxAlert() Msg = 90 remoteID = 16 
04-09 10:49:53.518  2712  2721 I lucitransport: readRemoteMessage() MID char = 90 buffer = Bedroom speaker 2
04-09 10:49:53.518  2968  3017 I LibreCastControl: LibreCastControl_SetCastName()  name 'Bedroom speaker 2' RequestId '11' pCastControl 0xf5200728
04-09 10:49:53.518  2968  3017 E librecast: MessageBoxAlert() friendlyname Bedroom speaker 2
04-09 10:49:53.518  2968  3017 I LibreCastControl: MessageBoxAlert() messageBoxID 90
04-09 10:49:53.518  2971  3006 I airplayluci: MessageBoxAlert: MID 90
04-09 10:49:53.524  2968  3172 I LibreCastControlDelegate: OnResponse() ReqeustID 11, error  0
04-09 10:49:53.524  2970  2991 E Spotify-Player: Change Spotify Device name
04-09 10:49:53.525  2712  2721 E LUCI_SERVER: Luci Server Thread wait over MID 208....
04-09 10:49:53.525  2712  2721 E LUCI_SERVER: Got NV name : ssid
04-09 10:49:53.526  2733  2767 I bluetoothtbd: [0408/221953.526218:INFO:adapter.cc(551)] Adapter properties changed
04-09 10:49:53.526  2733  2767 I bluetoothtbd: [0408/221953.526374:INFO:adapter.cc(573)] Adapter name changed
04-09 10:49:53.528  3091  3091 I cast_shell: [3094:3133:INFO:bluetooth_manager.cc(1232)] [PII] Set device name to 'Bedroom speaker 2'
04-09 10:49:53.531  2968  3172 I LibreCastControlDelegate: OnCastStatus() +++ Bedroom speaker 2:0xab421198:READY_TO_CAST
04-09 10:49:53.532  2968  3172 I LibreCastControlDelegate: Cast Device Name -> 'Bedroom speaker 2'
04-09 10:49:53.532  2968  3172 I librecast: OldFriendlyName 'Bedroom speaker 2' & New name change By Cast 'Bedroom speaker 2' isfirstbootup 56 m_updatedonebyluci 0
04-09 10:49:53.532  2968  3172 I LibreCastControlDelegate: Device Build Number -> '1.52.272222'
04-09 10:49:53.532  2968  3172 I librecast: updateCastBuildVersion() Version 1.52.272222
04-09 10:49:53.532  2712  2712 I lucitransport: readRemoteMessage() MID char = 7 buffer = 1.52.272222
04-09 10:49:53.532  2968  3172 I LibreCastControlDelegate: Active Applications -> 0
04-09 10:49:53.532  2968  3172 I LibreCastControlDelegate: Current Cast State '6' -> 'READY_TO_CAST'
04-09 10:49:53.532  2968  3172 I LibreCastControlDelegate: OnCastStatus() ---
04-09 10:49:53.533  2970  2992 E SPOTIFY : Device Name change new name = Bedroom speaker 2
04-09 10:49:53.533  2970  2992 E SPOTIFY : err = 0 
04-09 10:49:53.567  2732  2743 E WifiUtil: Setting interface p2p0 down.
04-09 10:49:53.568  2967  2978 D wac-main: Netlink event
04-09 10:49:53.568  2967  2978 E wac-main: Netlink event 16 Interface Index 6 
04-09 10:49:53.568  2967  2978 E wac-main: p2p0 event Link Changed : 1002 
04-09 10:49:53.568  2967  2978 E wac-main: Enter poll and wait
04-09 10:49:53.568  2711  2723 I yani_kernel: yani_geteventfrom_changeaddr() Message-Id '1' Netlink event '16' Interface Index '6' -> Name 'p2p0' 
04-09 10:49:53.830  3091  3091 I cast_shell: [3094:3133:INFO:ble_setup.cc(789)] Missing required info for sign.
04-09 10:49:53.833  3091  3091 I cast_shell: [3094:3133:INFO:gatt_client_manager_impl.cc(202)] Enabling GATT client connectability
04-09 10:49:53.833  3091  3091 I cast_shell: [3094:3133:INFO:ble_setup.cc(915)] Sign related info completed, no future EurekaInfo need sign.
04-09 10:49:54.076  3091  3091 I cast_shell: [3094:3133:INFO:metrics_recorder.cc(282)] Record action: Setup.state.BLE
04-09 10:49:54.568  3091  3091 I cast_shell: [3094:3144:INFO:metrics_recorder.cc(282)] Cast v2 action(socket_id=9fb3a935-6767-0923-1a96-eef89fa35aeb.2): CastV2.Connection.Connect.In
04-09 10:49:54.569  3091  3091 I cast_shell: [3094:3133:INFO:setup_namespace_handler.cc(94)] Added a peer for setup namespace: 9fb3a935-6767-0923-1a96-eef89fa35aeb.2:gms_cast_prober-1
04-09 10:49:54.570  3091  3091 I cast_shell: [3094:3133:INFO:setup_state.cc(544)] EurekaInfoCalled: wifi_state=10, is_usable_ip_address=1, connected=1, is_initial_setup=0
04-09 10:49:54.576  3091  3091 I cast_shell: [3094:3094:INFO:cast_system_memory_pressure_evaluator.cc(179)] ConfigRelaxMemoryPressureThresholds, 0.1, 0.2
04-09 10:49:54.583  3091  3091 I cast_shell: [3535:3535:INFO:cast_content_renderer_client_internal.cc(83)] Render process started.
04-09 10:49:54.585  3091  3091 I cast_shell: [3094:3094:INFO:application_manager_impl.cc(1417)] Starting background app: CC1AD845 (Default Media Receiver), session_id=c1b6bcd7-5c24-4e61-b29d-72b755ff41ee
04-09 10:49:54.586  3091  3091 I cast_shell: [3094:3144:INFO:v2_transport.cc(458)] Added Cast V2 endpoint: id=c1b6bcd7-5c24-4e61-b29d-72b755ff41ee, socket_factory_id=[PII](9fb3a935-6767-0923-1a96-eef89fa35aeb)
04-09 10:49:54.587  3091  3091 I cast_shell: [3094:3094:INFO:cast_media_blocker.cc(43)] UpdatePlayingState media_loading_blocked=1 media_starting_blocked=0 suspended=1 controllable=0 paused_by_user=1
04-09 10:49:54.587  3091  3091 I cast_shell: [3094:3094:INFO:application_message_handler.cc(1747)] Scheduling IpcTimerCheck
04-09 10:49:54.587  3091  3091 I cast_shell: [3094:3094:INFO:application_manager_impl.cc(1565)] App starting: CC1AD845 (Default Media Receiver), session_id=c1b6bcd7-5c24-4e61-b29d-72b755ff41ee
04-09 10:49:54.587  3091  3091 I cast_shell: [3094:3143:INFO:mdns_util.cc(102)] Defaulting mDNS capabilities for audio-only build
04-09 10:49:54.588  3091  3091 I cast_shell: [3094:3094:INFO:application_identification_settings.cc(410)] new ApplicationIdentificationSettings session_id: c1b6bcd7-5c24-4e61-b29d-72b755ff41ee app_id: CC1AD845 flags: 0 headers: 0
04-09 10:49:54.591  3091  3091 I cast_shell: [3094:3094:INFO:cast_media_blocker.cc(81)] MediaSessionInfoChanged media_loading_blocked=1 media_starting_blocked=0 is_suspended=1 is_controllable=0 paused_by_user=1
04-09 10:49:54.598  3091  3091 I cast_shell: [3094:3094:INFO:web_application.cc(817)] [c1b6bcd7] Supported bitstream audio codecs info: [codecs]None[spatial_rendering]None
04-09 10:49:54.598  3091  3091 I cast_shell: [3094:3094:INFO:cast_web_contents_impl.cc(242)] Load url: https://www.gstatic.com/cast/sdk/default_receiver/dogfood/app.html?skin=https://www.gstatic.com/eureka/player/0000/skins/cast/skin.css
04-09 10:49:54.601  3091  3091 I cast_shell: [3094:3094:INFO:cast_content_browser_client_internal.cc(975)] Disabling images support for application: CC1AD845
04-09 10:49:54.608  3091  3091 I cast_shell: [3094:3094:INFO:web_application.cc(991)] [c1b6bcd7] Page state changed: app=CC1AD845 page_state=LOADING
04-09 10:49:54.613  3091  3091 I cast_shell: [3094:3094:INFO:cast_renderer_oom_adj_manager.cc(82)] Registering renderer 3535
04-09 10:49:54.613  3091  3091 I cast_shell: [3094:3100:INFO:cast_renderer_oom_adj_manager.cc(90)] Adjusting OOM score for renderer(3535) to 400
04-09 10:49:54.613  3091  3091 I cast_shell: [3094:3094:INFO:web_application.cc(585)] [c1b6bcd7] Updating app visibility to hidden for background mode.
04-09 10:49:54.613  3091  3091 I cast_shell: [3094:3100:WARNING:cast_renderer_oom_adj_manager.cc(92)] OOM score adjustment failed for renderer(3535)
04-09 10:49:54.614  3091  3091 I cast_shell: [3094:3143:INFO:mdns_util.cc(102)] Defaulting mDNS capabilities for audio-only build
04-09 10:49:54.614  3091  3091 I cast_shell: [3094:3094:INFO:application_manager_impl.cc(1579)] App pending: CC1AD845 (Default Media Receiver), session_id=c1b6bcd7-5c24-4e61-b29d-72b755ff41ee
04-09 10:49:54.615  3091  3091 I cast_shell: [3094:3094:INFO:mdns_util.cc(102)] Defaulting mDNS capabilities for audio-only build
04-09 10:49:54.615  3091  3091 I cast_shell: [3094:3094:INFO:mdns_util.cc(102)] Defaulting mDNS capabilities for audio-only build
04-09 10:49:54.647  3091  3091 I cast_shell: [3535:3535:INFO:media_playback_options.cc(70)] Render frame actions are blocked.
04-09 10:49:54.679  3091  3091 I cast_shell: [3535:3535:INFO:media_playback_options.cc(70)] Render frame actions are blocked.
04-09 10:49:54.683  3091  3091 I cast_shell: [3535:3535:INFO:media_caps.cc(24)] ScreenResolutionChanged resolution=0x0
04-09 10:49:54.683  3091  3091 I cast_shell: [3535:3535:INFO:media_caps.cc(54)] ScreenInfoChanged HDCP version=0 Supported EOTFs=0 DolbyVision flags=0 Screen size(mm): 0x0 cur mode HDR=0 cur mode DV=0
04-09 10:49:54.740  3091  3091 I cast_shell: [3094:3144:INFO:v2_ssl_socket.cc(358)] Stop reading on pending closed socket
04-09 10:49:54.740  3091  3091 I cast_shell: [3094:3133:INFO:setup_namespace_handler.cc(104)] Removed a peer for setup namespace: 9fb3a935-6767-0923-1a96-eef89fa35aeb.2:gms_cast_prober-1
04-09 10:49:55.140  2733  2814 W bt_btif : bta_gattc_conn_cback() - cif=3 connected=0 conn_id=3 reason=0x0013
04-09 10:49:55.140  2733  2814 W bt_btif : bta_gattc_conn_cback() - cif=4 connected=0 conn_id=4 reason=0x0013
04-09 10:49:55.140  2733  2814 W bt_btif : bta_gattc_conn_cback() - cif=6 connected=0 conn_id=6 reason=0x0013
04-09 10:49:55.141  2733  2814 I bt_btm_sec: btm_sec_disconnected clearing pending flag handle:128 reason:19
04-09 10:49:55.142  2733  2767 W bt_btif : btif_av_move_idle: ACL Disconnected state 0 bd_addr=4d:86:b2:87:37:a9 peer_bda=00:00:00:00:00:00
04-09 10:49:55.142  2733  2767 I bluetoothtbd: [0408/221955.142600:INFO:adapter.cc(719)] ACL state changed: 4D:86:B2:87:37:A9 - connected: false
04-09 10:49:55.144  3091  3091 I cast_shell: [3094:3133:ERROR:bluetooth_v1_via_v2.cc(796)] Connection state changed. :a9 false
04-09 10:49:55.378  3091  3091 I cast_shell: [3094:3143:INFO:mdns_app_filter.cc(1526)] MdnsAppFilter: Done announcing.
04-09 10:49:55.417  2971  3549 I airplay_v2_0_6: 2022-04-09 10:49:55.417576 [AirPlayDemo] AirPlayDemoServerCopyProperty Password is <<NULL>>
04-09 10:49:55.418  2712  2712 I lucitransport: readRemoteMessage() MID char = 90 buffer = Bedroom speaker 2
04-09 10:49:55.420  2971  3507 I airplay_v2_0_6: 2022-04-09 10:49:55.420308 [AirPlay] Registering Bonjour _airplay._tcp. port 7000
04-09 10:49:55.422  2971  3549 I airplay_v2_0_6: 2022-04-09 10:49:55.422271 [AirPlayDemo] AirPlayDemoServerCopyProperty Password is <<NULL>>
04-09 10:49:55.424  2971  3549 I airplay_v2_0_6: 2022-04-09 10:49:55.423916 [AirPlayDemo] AirPlayDemoServerCopyProperty Password is <<NULL>>
04-09 10:49:55.424  2712  2712 I lucitransport: readRemoteMessage() MID char = 90 buffer = Bedroom speaker 2
04-09 10:49:55.426  2971  3507 I airplay_v2_0_6: 2022-04-09 10:49:55.425997 [AirPlay] Registering Bonjour CC909321F384@Bedroom speaker 2._raop._tcp. port 7000
04-09 10:49:55.513  3091  3091 I cast_shell: [3535:3535:INFO:cast_content_client.cc(103)] Active URL: https://www.gstatic.com/cast/sdk/default_receiver/dogfood/app.html?skin=https://www.gstatic.com/eureka/player/0000/skins/cast/skin.css&google_cast_bg=true for origin 'null'
04-09 10:49:55.526  3091  3091 I cast_shell: [3094:3094:INFO:cast_content_client.cc(103)] Active URL: https://www.gstatic.com/cast/sdk/default_receiver/dogfood/app.html?skin=https://www.gstatic.com/eureka/player/0000/skins/cast/skin.css&google_cast_bg=true for origin 'null [internally: (C2C01172E4A09C06087C7837FF604338) anonymous]'
04-09 10:49:55.531  3091  3091 I cast_shell: [3094:3100:INFO:process_memory_recorder_utils.cc(43)] CC1AD845 using 40080kB memory
04-09 10:49:55.544  3091  3091 I cast_shell: [3535:3535:INFO:feature_manager.cc(174)] Enabling bindings: 
04-09 10:49:55.567  3091  3091 I cast_shell: [3535:3535:INFO:feature_manager.cc(174)] Enabling bindings: 
04-09 10:49:56.437  3091  3091 I cast_shell: [3094:3094:INFO:CONSOLE(116)] Cast App (CC1AD845): " [  0.002s] [cast.receiver.IpcChannel] Opening platform websocket ", source: https://www.gstatic.com/cast/sdk/libs/caf_receiver/v3/cast_receiver_framework.js (116)
04-09 10:49:56.448  3091  3091 I cast_shell: [3535:3535:INFO:media_source_impl.cc(363)] isTypeSupported("video/mp4;codecs=hev1.2.4.L153.B0") -> false (not supported by HTMLMediaElement)
04-09 10:49:56.449  3091  3091 I cast_shell: [3535:3535:INFO:media_source_impl.cc(363)] isTypeSupported("video/mp4;codecs=dvhe.04.06") -> false (not supported by HTMLMediaElement)
04-09 10:49:56.449  3091  3091 I cast_shell: [3094:3094:INFO:CONSOLE(1162)] Cast App (CC1AD845): "canDisplayType(video/mp4; codecs=hev1.2.4.L153.B0; eotf=smpte2084): Codec not supported.", source:  (1162)
04-09 10:49:56.450  3091  3091 I cast_shell: [3094:3094:INFO:CONSOLE(1162)] Cast App (CC1AD845): "canDisplayType(video/mp4; codecs=dvhe.04.06): Codec not supported.", source:  (1162)
04-09 10:49:56.451  3091  3091 I cast_shell: [3535:3535:INFO:media_source_impl.cc(363)] isTypeSupported("audio/mp4;codecs=ec-3") -> false (not supported by HTMLMediaElement)
04-09 10:49:56.452  3091  3091 I cast_shell: [3094:3094:INFO:CONSOLE(1162)] Cast App (CC1AD845): "canDisplayType(audio/mp4; codecs=ec-3; spatialRendering=true): Codec not supported.", source:  (1162)
04-09 10:49:56.462  3091  3091 I cast_shell: [3535:0xaf0135e0]     1853 ms: Scavenge 1.8 (1.9) -> 1.6 (2.4) MB, 4.9 / 0.1 ms  (average mu = 1.000, current mu = 1.000) allocation failure 
04-09 10:49:56.469  3091  3091 I cast_shell: [3094:3094:INFO:CONSOLE(739)] Cast App (CC1AD845): "Lit is in dev mode. Not recommended for production! See https://lit.dev/msg/dev-mode for more information.", source: https://www.gstatic.com/cast/sdk/libs/caf_receiver/v3/cast_receiver_framework.js (739)
04-09 10:49:56.476  3091  3091 I cast_shell: [3094:3094:INFO:CONSOLE(36)] Cast App (CC1AD845): "Unknown queryable value: log-level-cast-receiver", source:  (36)
04-09 10:49:56.586  3091  3091 I cast_shell: [3094:3094:INFO:CONSOLE(836)] Cast App (CC1AD845): "CAST SDK CAF Version: 3.0.0103", source: https://www.gstatic.com/cast/sdk/libs/caf_receiver/v3/cast_receiver_framework.js (836)
04-09 10:49:56.606  3091  3091 I cast_shell: [3535:0xaf0135e0]     1997 ms: Scavenge 2.3 (2.9) -> 2.1 (3.1) MB, 6.2 / 0.0 ms  (average mu = 1.000, current mu = 1.000) allocation failure 
04-09 10:49:56.629  3091  3091 I cast_shell: [3535:3535:INFO:html_media_element.cc(538)] HTMLMediaElement(0x52282f30)
04-09 10:49:56.683  3091  3091 I cast_shell: [3535:3535:INFO:identification_settings_manager.cc(68)] CSS URL detected and replaced with empty text URI.
04-09 10:49:56.683  3091  3091 I cast_shell: [3535:3535:INFO:identification_settings_manager.cc(169)] WillStartResourceRequest: replacement URL found
04-09 10:49:56.943  3091  3091 I cast_shell: [3094:3144:INFO:metrics_recorder.cc(282)] Cast v2 action(socket_id=9fb3a935-6767-0923-1a96-eef89fa35aeb.3): CastV2.Connection.Connect.In
04-09 10:49:56.952  3091  3091 I cast_shell: [3094:3133:INFO:setup_namespace_handler.cc(94)] Added a peer for setup namespace: 9fb3a935-6767-0923-1a96-eef89fa35aeb.3:gms_cast_prober-1
04-09 10:49:56.953  3091  3091 I cast_shell: [3094:3133:INFO:setup_state.cc(544)] EurekaInfoCalled: wifi_state=10, is_usable_ip_address=1, connected=1, is_initial_setup=0
04-09 10:49:56.964  3091  3091 I cast_shell: [3094:3094:INFO:mdns_util.cc(102)] Defaulting mDNS capabilities for audio-only build
04-09 10:49:56.964  3091  3091 I cast_shell: [3094:3094:INFO:mdns_util.cc(102)] Defaulting mDNS capabilities for audio-only build
04-09 10:49:57.037  3091  3091 I cast_shell: [3094:3133:INFO:setup_namespace_handler.cc(104)] Removed a peer for setup namespace: 9fb3a935-6767-0923-1a96-eef89fa35aeb.3:gms_cast_prober-1
04-09 10:49:57.038  3091  3091 I cast_shell: [3094:3144:INFO:v2_ssl_socket.cc(358)] Stop reading on pending closed socket
04-09 10:49:57.117  3091  3091 I cast_shell: [3094:3094:INFO:CONSOLE(109)] Cast App (CC1AD845): "CAST SDK MPL Version: 1.0.0.113", source: https://www.gstatic.com/cast/sdk/libs/mediaplayer/1.0.0/media_player.js (109)
04-09 10:49:57.120  3091  3091 I cast_shell: [3094:3094:INFO:CONSOLE(36)] Cast App (CC1AD845): "Unknown queryable value: log-level-mpl", source:  (36)
04-09 10:49:57.511  3550  3550 E wac-main: WAC timeout cb
04-09 10:49:57.512  3550  3550 E wac-main: send wac api : a5a1
04-09 10:49:57.512  2967  2978 E wac-main: API event
04-09 10:49:57.512  2967  2978 E wac-main: msg : a5a1
04-09 10:49:57.512  2967  2978 E wac-main: msg : a5a1
04-09 10:49:57.512  2967  3551 E wac-main: enter WACStartStopThread
04-09 10:49:57.512  2967  3551 E wac-main: WACStartStopThread() event -> 'wacstop' is WACServer? UP -> 'Yes' 
04-09 10:49:57.512  2967  3551 E WACSERVER: WACServerStop wait
04-09 10:49:57.512  2967  2978 E wac-main: Enter poll and wait
04-09 10:49:57.512  2967  3055 E WACBONJOUR: RemoveWACBonjourService
04-09 10:49:57.514  2967  3055 I wifiapi : newconn : 0xf5302510
04-09 10:49:57.536  2967  2978 D wac-main: Netlink event
04-09 10:49:57.536  2967  2978 E wac-main: Netlink event 16 Interface Index 7 
04-09 10:49:57.536  2967  2978 E wac-main: Enter poll and wait
04-09 10:49:57.537  2711  2723 I yani_kernel: yani_geteventfrom_changeaddr() Message-Id '1' Netlink event '16' Interface Index '7' -> Name 'p2p1' 
04-09 10:49:57.538  2732  2743 E CommandListener: Message not handled: unrecognized interface p2p1
04-09 10:49:57.538  2732  2743 W FrameworkListener: Handler 'Iface' error (Success)
04-09 10:49:57.562  2967  2978 D wac-main: Netlink event
04-09 10:49:57.562  2732  2743 E CommandListener: Message not handled: unrecognized interface p2p1
04-09 10:49:57.563  2732  2743 W FrameworkListener: Handler 'Iface' error (Success)
04-09 10:49:57.563  2711  2723 I yani_kernel: yani_geteventfrom_changeaddr() Message-Id '1' Netlink event '16' Interface Index '7' -> Name 'p2p1' 
04-09 10:49:57.563  2967  2978 E wac-main: Netlink event 16 Interface Index 7 
04-09 10:49:57.563  2967  2978 E wac-main: Enter poll and wait
04-09 10:49:57.569  2732  2743 E CommandListener: Message not handled: unrecognized interface p2p1
04-09 10:49:57.569  2732  2743 W FrameworkListener: Handler 'Iface' error (Success)
04-09 10:49:57.569  2967  3055 I wifiapi : 'DISABLE' command returned = 0
04-09 10:49:57.570  2967  3055 I wifiapi : stop hostapd
04-09 10:49:57.571  2967  3055 I wifiapi : stop dnsmasq
04-09 10:49:57.573  2967  2978 D wac-main: Netlink event
04-09 10:49:57.573  2967  2978 E wac-main: Netlink event 21 Interface Index 7 
04-09 10:49:57.573  2967  2978 E wac-main: Enter poll and wait
04-09 10:49:57.573  2711  2723 I yani_kernel: yani_geteventfrom_changeaddr() Message-Id '1' Netlink event '21' Interface Index '7' -> Name 'p2p1' 
04-09 10:49:57.574  2732  2743 E CommandListener: Message not handled: unrecognized interface p2p1
04-09 10:49:57.574  2732  2743 W FrameworkListener: Handler 'Iface' error (Success)
04-09 10:49:57.577  2967  3055 E wac-main: WACCallback() message 5 -> 'Stopped'
04-09 10:49:57.577  2712  2712 I lucitransport: writeRemoteMessage() MID = 143 buffer = 5
04-09 10:49:57.577  2712  2712 I luciUART: write() MID = 143  bytes = 11 data = 5 m_fd = 0x5
04-09 10:49:57.580  2712  2712 I lucitransport: writeLocalMessage() MID = 143 buffer = 5
04-09 10:49:57.580  2712  2721 E LUCI_SERVER: Luci Server Thread wait over MID 143....
04-09 10:49:57.580  2712  2721 E LUCI_SERVER: Luci Server Thread waiting for packets....
04-09 10:49:57.580  2967  3055 E wac-main: send wac api : a5a1
04-09 10:49:57.580  2967  3055 E WACSERVER: _HandleState_Cleanup done
04-09 10:49:57.580  2967  2978 E wac-main: API event
04-09 10:49:57.580  2967  2978 E wac-main: msg : a5a1
04-09 10:49:57.580  2967  2978 E wac-main: msg : a5a1
04-09 10:49:57.580  2967  2978 E wac-main: Enter poll and wait
04-09 10:49:57.580  2967  3551 E WACSERVER: WACServerStop done
04-09 10:49:57.581  2967  3551 E wac-main: exit WACStartStopThread
04-09 10:49:57.610  3091  3091 I cast_shell: [3094:3094:ERROR:cast_web_contents_impl.cc(828)] Resource "https://clients3.google.com/cast/senderconfig/config?hw=mpl&id=7156378730837895" failed to load with net_error=-21, description=ERR_NETWORK_CHANGED
04-09 10:49:57.621  3091  3091 I cast_shell: [3094:3094:INFO:CONSOLE(82)] Cast App (CC1AD845): " [  0.497s] [cast.player.common.Experimentation] Failed to download experimentation flags. ", source: https://www.gstatic.com/cast/sdk/libs/mediaplayer/1.0.0/media_player.js (82)
04-09 10:49:57.622  3091  3091 I cast_shell: [3094:3094:ERROR:cast_web_contents_impl.cc(828)] Resource "https://ajax.googleapis.com/ajax/libs/shaka-player/3.2.2/shaka-player.compiled.js" failed to load with net_error=-21, description=ERR_NETWORK_CHANGED
04-09 10:49:57.624  3091  3091 I cast_shell: [3094:3094:INFO:CONSOLE(116)] Cast App (CC1AD845): " [  1.195s] [cast.framework.common.libraryloader] library(//ajax.googleapis.com/ajax/libs/shaka-player/3.2.2/shaka-player.compiled.js) cannot be loaded ", source: https://www.gstatic.com/cast/sdk/libs/caf_receiver/v3/cast_receiver_framework.js (116)
04-09 10:49:57.638  3091  3091 I cast_shell: [3094:3094:INFO:cast_web_contents_impl.cc(712)] Finished loading page after 2137 ms, url=https://www.gstatic.com/cast/sdk/default_receiver/dogfood/app.html?skin=https://www.gstatic.com/eureka/player/0000/skins/cast/skin.css&google_cast_bg=true
04-09 10:49:57.638  3091  3091 I cast_shell: [3094:3094:INFO:web_application.cc(991)] [c1b6bcd7] Page state changed: app=CC1AD845 page_state=LOADED
04-09 10:49:57.641  3091  3091 I cast_shell: [3094:3094:INFO:CONSOLE(0)] Cast App (CC1AD845): "Uncaught (in promise) undefined", source: https://www.gstatic.com/cast/sdk/default_receiver/dogfood/app.html?skin=https://www.gstatic.com/eureka/player/0000/skins/cast/skin.css&google_cast_bg=true (0)
04-09 10:49:57.644  3091  3091 I cast_shell: [3094:3094:INFO:application_message_handler.cc(704)] Cast V2 IPC connected: app_id=CC1AD845
04-09 10:49:57.645  3091  3091 I cast_shell: [3094:3094:INFO:application_message_handler.cc(868)] Received READY message from app
04-09 10:49:57.646  3091  3091 I cast_shell: [3094:3094:INFO:application_message_handler.cc(881)] SDK capabilities: {
04-09 10:49:57.646  3091  3091 I cast_shell:    "group_capabilities_supported": true,
04-09 10:49:57.646  3091  3091 I cast_shell:    "playback_device_status_supported": true,
04-09 10:49:57.646  3091  3091 I cast_shell:    "show_media_controls_supported": true
04-09 10:49:57.646  3091  3091 I cast_shell: }
04-09 10:49:57.646  3091  3091 I cast_shell: 
04-09 10:49:58.134  3091  3091 I cast_shell: [3094:3143:INFO:mdns_app_filter.cc(2645)] MdnsAppFilter: responses sent in 231 seconds: 1
04-09 10:49:59.588  3091  3091 I cast_shell: [3094:3102:INFO:parent_tracker.cc(237)] Network changed
04-09 10:49:59.588  3091  3091 I cast_shell: [3094:3102:INFO:parent_tracker.cc(132)] No need to recreate socket
04-09 10:49:59.588  3091  3091 I cast_shell: [3094:3102:INFO:parent_tracker.cc(237)] Network changed
04-09 10:49:59.588  3091  3091 I cast_shell: [3094:3102:INFO:parent_tracker.cc(132)] No need to recreate socket
04-09 10:49:59.588  3091  3091 I cast_shell: [3094:3109:INFO:net_util_impl.cc(582)] IP address: [PII](192.168.1.1) MAC address: [PII](C8:B3:73:44:AE:ED)
04-09 10:49:59.588  3091  3091 I cast_shell: [3094:3464:INFO:net_util_impl.cc(582)] IP address: [PII](192.168.1.1) MAC address: [PII](C8:B3:73:44:AE:ED)
04-09 10:49:59.591  3091  3091 I cast_shell: [3094:3094:INFO:gcm_manager.cc(238)] GCM connection lost.
04-09 10:50:00.347  3091  3091 I cast_shell: [3094:3102:INFO:heartbeat_manager.cc(272)] Set HBInterval default: 1680000
04-09 10:50:00.347  3091  3091 I cast_shell: [3094:3094:INFO:gcm_manager.cc(233)] GCM connection established.
04-09 10:50:04.740  3091  3091 I cast_shell: [3535:0xaf0135e0]    10131 ms: Mark-sweep (reduce) 2.6 (3.4) -> 2.0 (3.1) MB, 15.9 / 0.3 ms  (+ 10.8 ms in 10 steps since start of marking, biggest step 1.7 ms, walltime since start of marking 48 ms) (average mu = 1.000, current mu = 1.000) finalize incremental marking via task GC in old space requested
04-09 10:50:04.960  3091  3091 I cast_shell: [3094:3094:INFO:metrics_recorder.cc(282)] cast event: Cloud.Transport.Https.Register.Out.Success
04-09 10:50:04.960  3091  3091 I cast_shell: [3094:3094:WARNING:ccs_transport_util.cc(409)] Auth info absent from the config reply from CCS.
04-09 10:50:04.960  3091  3091 I cast_shell: [3094:3094:WARNING:ccs_transport_util.cc(313)] Missing SensingSettings in the CCS config.
04-09 10:50:04.960  3091  3091 I cast_shell: [3094:3094:INFO:metrics_recorder.cc(282)] cast event: Cloud.Transport.Https.Config.In
04-09 10:50:04.960  3091  3091 I cast_shell: [3094:3094:INFO:ccs_manager_impl.cc(1150)] Handling CONFIG message from CCS.
04-09 10:50:04.960  3091  3091 I cast_shell: [3094:3094:INFO:ccs_manager_impl.cc(1151)] [PII] device_id=D1C192D74BAB56A27A2124A0D54BB7AC
04-09 10:50:04.960  3091  3091 I cast_shell: [3094:3094:INFO:metrics_recorder.cc(282)] Record action: Cloud.Transport.Https.LinkedStatus.NotLinked
04-09 10:50:04.960  3091  3091 I cast_shell: [3094:3094:INFO:structure_info_from_home_graph.cc(53)] received config from home graph. Will use it: 1
04-09 10:50:04.960  3091  3091 I cast_shell: [3094:3094:INFO:structure_info_from_home_graph.cc(59)] Num devices in the structure: 0
04-09 10:50:04.960  3091  3091 I cast_shell: [3094:3094:INFO:ccs_heartbeat_listener.cc(56)] Setting heartbeat interval from CCS: 120000ms
04-09 10:50:04.961  3091  3091 I cast_shell: [3094:3102:INFO:heartbeat_manager.cc(306)] Set client HB: 120000
04-09 10:50:04.961  3091  3091 I cast_shell: [3094:3102:INFO:heartbeat_manager.cc(311)] ResettingConnection bc: 1680000
04-09 10:50:04.961  3091  3091 I cast_shell: [3094:3102:INFO:heartbeat_manager.cc(332)] ResetConnection: %d5
04-09 10:50:04.962  3091  3091 I cast_shell: [3094:3094:INFO:user_auth_impl.cc(267)] linked status: NOT_LINKED
04-09 10:50:04.963  3091  3091 I cast_shell: [3094:3094:INFO:robot_account_auth_manager.cc(320)] V1 AuthManager received a UpdateAuthToken request
04-09 10:50:04.963  3091  3091 I cast_shell: [3094:3094:INFO:ccs_transport_https.cc(1352)] No cloud settings in response
04-09 10:50:04.963  3091  3091 I cast_shell: [3094:3094:INFO:gcm_manager.cc(238)] GCM connection lost.
04-09 10:50:04.983  3091  3091 I cast_shell: [3094:3094:ERROR:ccs_transport_https.cc(1775)] Received response code 409 for message_id = 8cf89131-2f00-4156-aa72-9428b4106023 - 
04-09 10:50:04.984  3091  3091 I cast_shell: [3094:3094:INFO:metrics_recorder.cc(282)] cast event: Cloud.Transport.Https.Register.Out.Error
04-09 10:50:04.984  3091  3091 I cast_shell: [3094:3094:INFO:ccs_manager_impl.cc(2529)] Scheduling next register for device in time: 57.303 s
04-09 10:50:05.372  3091  3091 I cast_shell: [3535:0xaf0135e0]    10764 ms: Mark-sweep (reduce) 2.0 (3.1) -> 2.0 (3.1) MB, 4.2 / 0.2 ms  (+ 25.6 ms in 6 steps since start of marking, biggest step 19.8 ms, walltime since start of marking 32 ms) (average mu = 0.955, current mu = 0.955) finalize incremental marking via task GC in old space requested
04-09 10:50:06.168  3091  3091 I cast_shell: [3094:3094:INFO:grpc_manager_impl.cc(505)] GRPC[uri=[::]:0]: num_pending_calls=0, num_active_handlers=0, num_free_handlers=0
04-09 10:50:06.168  3091  3091 I cast_shell: [3094:3094:INFO:grpc_manager_impl.cc(515)] GRPC[uri=[::]:0]: service_name=chromecast.LocalCloudcastService, rpc_name=ExecuteActionScript, num_active_handlers=0, num_free_handlers=0
04-09 10:50:06.169  3091  3091 I cast_shell: [3094:3094:INFO:grpc_manager_impl.cc(515)] GRPC[uri=[::]:0]: service_name=chromecast.LocalCloudcastService, rpc_name=GetDeviceStatus, num_active_handlers=0, num_free_handlers=0
04-09 10:50:06.169  3091  3091 I cast_shell: [3094:3094:INFO:grpc_manager_impl.cc(515)] GRPC[uri=[::]:0]: service_name=chromecast.LocalCloudcastService, rpc_name=ObserveDeviceStatus, num_active_handlers=0, num_free_handlers=0
04-09 10:50:06.169  3091  3091 I cast_shell: [3094:3094:INFO:grpc_manager_impl.cc(505)] GRPC[uri=]: num_pending_calls=0, num_active_handlers=0, num_free_handlers=0
04-09 10:50:06.234  3091  3091 I cast_shell: [3094:3094:INFO:grpc_manager_impl.cc(505)] GRPC[uri=unix:/tmp/hcp_ipc_auth.socket]: num_pending_calls=0, num_active_handlers=10, num_free_handlers=0
04-09 10:50:06.234  3091  3091 I cast_shell: [3094:3094:INFO:grpc_manager_impl.cc(515)] GRPC[uri=unix:/tmp/hcp_ipc_auth.socket]: service_name=usonia.ipc.Auth, rpc_name=AuthReady, num_active_handlers=1, num_free_handlers=0
04-09 10:50:06.234  3091  3091 I cast_shell: [3094:3094:INFO:grpc_manager_impl.cc(515)] GRPC[uri=unix:/tmp/hcp_ipc_auth.socket]: service_name=usonia.ipc.Auth, rpc_name=Sign, num_active_handlers=1, num_free_handlers=0
04-09 10:50:06.234  3091  3091 I cast_shell: [3094:3094:INFO:grpc_manager_impl.cc(515)] GRPC[uri=unix:/tmp/hcp_ipc_auth.socket]: service_name=usonia.ipc.Auth, rpc_name=Verify, num_active_handlers=1, num_free_handlers=0
04-09 10:50:06.234  3091  3091 I cast_shell: [3094:3094:INFO:grpc_manager_impl.cc(515)] GRPC[uri=unix:/tmp/hcp_ipc_auth.socket]: service_name=usonia.ipc.DistributedServiceDiscovery, rpc_name=AddService, num_active_handlers=1, num_free_handlers=0
04-09 10:50:06.234  3091  3091 I cast_shell: [3094:3094:INFO:grpc_manager_impl.cc(515)] GRPC[uri=unix:/tmp/hcp_ipc_auth.socket]: service_name=usonia.ipc.DistributedServiceDiscovery, rpc_name=FetchAllPeerAddressList, num_active_handlers=1, num_free_handlers=0
04-09 10:50:06.234  3091  3091 I cast_shell: [3094:3094:INFO:grpc_manager_impl.cc(515)] GRPC[uri=unix:/tmp/hcp_ipc_auth.socket]: service_name=usonia.ipc.DistributedServiceDiscovery, rpc_name=IsServiceAllowed, num_active_handlers=1, num_free_handlers=0
04-09 10:50:06.235  3091  3091 I cast_shell: [3094:3094:INFO:grpc_manager_impl.cc(515)] GRPC[uri=unix:/tmp/hcp_ipc_auth.socket]: service_name=usonia.ipc.DistributedServiceDiscovery, rpc_name=ResolvePeerAddress, num_active_handlers=1, num_free_handlers=0
04-09 10:50:06.235  3091  3091 I cast_shell: [3094:3094:INFO:grpc_manager_impl.cc(515)] GRPC[uri=unix:/tmp/hcp_ipc_auth.socket]: service_name=usonia.ipc.DistributedServiceDiscovery, rpc_name=UpdateServiceObservers, num_active_handlers=1, num_free_handlers=0
04-09 10:50:06.235  3091  3091 I cast_shell: [3094:3094:INFO:grpc_manager_impl.cc(515)] GRPC[uri=unix:/tmp/hcp_ipc_auth.socket]: service_name=usonia.ipc.LeaderElector, rpc_name=LeaderElection, num_active_handlers=1, num_free_handlers=0
04-09 10:50:06.235  3091  3091 I cast_shell: [3094:3094:INFO:grpc_manager_impl.cc(515)] GRPC[uri=unix:/tmp/hcp_ipc_auth.socket]: service_name=usonia.ipc.TimeSynchronizer, rpc_name=ObserveCommonTime, num_active_handlers=1, num_free_handlers=0
04-09 10:50:06.238  3091  3091 I cast_shell: [3094:3094:INFO:grpc_manager_impl.cc(505)] GRPC[uri=unix:/tmp/modular_updater/modular_update_service]: num_pending_calls=0, num_active_handlers=0, num_free_handlers=0
04-09 10:50:06.238  3091  3091 I cast_shell: [3094:3094:INFO:grpc_manager_impl.cc(515)] GRPC[uri=unix:/tmp/modular_updater/modular_update_service]: service_name=chromecast.modular_update.ModularUpdateService, rpc_name=GetCastInfo, num_active_handlers=0, num_free_handlers=0
04-09 10:50:06.239  3091  3091 I cast_shell: [3094:3094:INFO:grpc_manager_impl.cc(515)] GRPC[uri=unix:/tmp/modular_updater/modular_update_service]: service_name=chromecast.modular_update.ModularUpdateService, rpc_name=ReportInstalledManifestVersion, num_active_handlers=0, num_free_handlers=0
04-09 10:50:06.239  3091  3091 I cast_shell: [3094:3094:INFO:grpc_manager_impl.cc(515)] GRPC[uri=unix:/tmp/modular_updater/modular_update_service]: service_name=chromecast.modular_update.ModularUpdateService, rpc_name=ReportMetricsEvent, num_active_handlers=0, num_free_handlers=0
04-09 10:50:06.239  3091  3091 I cast_shell: [3094:3094:INFO:grpc_manager_impl.cc(515)] GRPC[uri=unix:/tmp/modular_updater/modular_update_service]: service_name=chromecast.modular_update.ModularUpdateService, rpc_name=SendHttpRequest, num_active_handlers=0, num_free_handlers=0
04-09 10:50:06.239  3091  3091 I cast_shell: [3094:3094:INFO:grpc_manager_impl.cc(515)] GRPC[uri=unix:/tmp/modular_updater/modular_update_service]: service_name=chromecast.modular_update.ModularUpdateService, rpc_name=StreamHttpRequest, num_active_handlers=0, num_free_handlers=0
