04-09 10:26:50.398     0     0 I         : [    1.414590@2] Key type dns_resolver registered
04-09 10:26:50.398     0     0 I         : [    1.415874@2] Registered swp emulation handler
04-09 10:26:50.398     0     0 I         : [    1.415911@2] Registered cp15_barrier emulation handler
04-09 10:26:50.398     0     0 I         : [    1.416293@2] Registered setend emulation handler
04-09 10:26:50.398     0     0 I         : [    1.416808@2] disable EAS feature
04-09 10:26:50.398     0     0 I         : [    1.417870@2] registered taskstats version 1
04-09 10:26:50.398     0     0 W         : [    1.427569@2] dwc3 ff500000.dwc3: Configuration mismatch. dr_mode forced to host
04-09 10:26:50.398     0     0 I         : [    1.932256@2] xhci-hcd xhci-hcd.0.auto: xHCI Host Controller
04-09 10:26:50.398     0     0 I         : [    1.932377@2] xhci-hcd xhci-hcd.0.auto: new USB bus registered, assigned bus number 1
04-09 10:26:50.398     0     0 I         : [    1.933593@2] xhci-hcd xhci-hcd.0.auto: hcc params 0x0220f664 hci version 0x100 quirks 0x02010010
04-09 10:26:50.398     0     0 I         : [    1.933996@2] xhci-hcd xhci-hcd.0.auto: irq 27, io mem 0xff500000
04-09 10:26:50.398     0     0 I         : [    1.935580@0] hub 1-0:1.0: USB hub found
04-09 10:26:50.398     0     0 I         : [    1.935654@0] hub 1-0:1.0: 1 port detected
04-09 10:26:50.398     0     0 I         : [    1.936166@0] xhci-hcd xhci-hcd.0.auto: xHCI Host Controller
04-09 10:26:50.398     0     0 I         : [    1.936401@0] xhci-hcd xhci-hcd.0.auto: new USB bus registered, assigned bus number 2
04-09 10:26:50.398     0     0 I         : [    1.937231@0] usb usb2: We don't know the algorithms for LPM for this host, disabling LPM.
04-09 10:26:50.398     0     0 I         : [    1.938799@1] hub 2-0:1.0: USB hub found
04-09 10:26:50.398     0     0 E         : [    1.938866@1] hub 2-0:1.0: config failed, hub doesn't have any ports! (err -19)
04-09 10:26:50.398     0     0 E         : [    1.939468@1] usb usb2: Unsupported the hub
04-09 10:26:50.398     0     0 I         : [    1.940246@1] aml_vrtc rtc: setting system clock to 2022-04-09 04:56:47 UTC (1649480207)
04-09 10:26:50.398     0     0 D         : [    1.941031@1] dwc_otg ff400000.dwc2_a: dwc_otg_driver_probe(ffffffc01d630c00)
04-09 10:26:50.398     0     0 W [    1.941077@1] dwc_otg: usb0: type: 2 speed: 0, config: 0, dma: 0, id: 0, phy: ffe09000, ctrl: 0
04-09 10:26:50.398     0     0 D         : [    1.941463@1] dwc_otg ff400000.dwc2_a: base=0xffffff8008a40000
04-09 10:26:50.398     0     0 D         : [    1.941469@1] dwc_otg ff400000.dwc2_a: dwc_otg_device=0xffffffc01c792e00
04-09 10:26:50.398     0     0 W [    2.041994@0] dwc_otg: Core Release: 3.10a
04-09 10:26:50.398     0     0 W [    2.042039@0] dwc_otg: Setting default values for core params
04-09 10:26:50.398     0     0 W [    2.042477@0] dwc_otg: curmode: 0, host_only: 0
04-09 10:26:50.398     0     0 D         : [    2.042905@0] dwc_otg ff400000.dwc2_a: DMA config: BURST_DEFAULT
04-09 10:26:50.398     0     0 W [    2.055218@0] dwc_otg: Using Buffer DMA mode
04-09 10:26:50.398     0     0 W [    2.055241@0] dwc_otg: OTG VER PARAM: 1, OTG VER FLAG: 1
04-09 10:26:50.398     0     0 W [    2.055623@0] dwc_otg: Working on port type = SLAVE
04-09 10:26:50.398     0     0 W [    2.056109@0] dwc_otg: Dedicated Tx FIFOs mode
04-09 10:26:50.398     0     0 I [    2.058542@0] input: adc_keypad as /devices/platform/adc_keypad/input/input1
04-09 10:26:50.398     0     0 I         : [    2.060569@0] cpucore_cooling_register, max_cpu_core_num:4
04-09 10:26:50.398     0     0 I [    2.067401@0] gxbb_pm: enter meson_pm_probe!
04-09 10:26:50.398     0     0 I         : [    2.067439@0] no vddio3v3_en pin
04-09 10:26:50.398     0     0 E         : [    2.067603@0] pm-meson aml_pm: Can't get switch_clk81
04-09 10:26:50.398     0     0 I [    2.068125@0] gxbb_pm: meson_pm_probe done
04-09 10:26:50.398     0     0 I         : [    2.068855@0] ALSA device list:
04-09 10:26:50.398     0     0 I [    2.068881@0]   #0: AML-AUGESOUND
04-09 10:26:50.398     0     0 I         : [    2.069380@0] meson_uart ff804000.serial: ttyS3 use xtal(8M) 24000000 change 115200 to 115200
04-09 10:26:50.398     0     0 I         : [    2.075317@0] Freeing unused kernel memory: 6080K
04-09 10:26:50.398     0     0 I [    2.289283@3] ubi0: attaching mtd6
04-09 10:26:50.398     0     0 I [    2.499399@3] ubi0: scanning is finished
04-09 10:26:50.398     0     0 I [    2.503462@1] ubi0: attached mtd6 (name "system", size 100 MiB)
04-09 10:26:50.398     0     0 I [    2.503750@1] ubi0: PEB size: 262144 bytes (256 KiB), LEB size: 253952 bytes
04-09 10:26:50.398     0     0 I [    2.510757@1] ubi0: min./max. I/O unit sizes: 4096/4096, sub-page size 4096
04-09 10:26:50.398     0     0 I [    2.517645@1] ubi0: VID header offset: 4096 (aligned 4096), data offset: 8192
04-09 10:26:50.398     0     0 I [    2.524710@1] ubi0: good PEBs: 400, bad PEBs: 0, corrupted PEBs: 0
04-09 10:26:50.398     0     0 I [    2.530838@1] ubi0: user volume: 1, internal volumes: 1, max. volumes count: 128
04-09 10:26:50.398     0     0 I [    2.538166@1] ubi0: max/mean erase counter: 37/25, WL threshold: 4096, image sequence number: 736763309
04-09 10:26:50.398     0     0 I [    2.547484@1] ubi0: available PEBs: 0, total reserved PEBs: 400, PEBs reserved for bad PEB handling: 40
04-09 10:26:50.398     0     0 I [    2.556808@0] ubi0: background thread "ubi_bgt0d" started, PID 2141
04-09 10:26:50.398     0     0 I         : [    2.562650@2] UBIFS (ubi0:0): background thread "ubifs_bgt0_0" started, PID 2144
04-09 10:26:50.398     0     0 I         : [    2.607268@3] UBIFS (ubi0:0): UBIFS: mounted UBI device 0, volume 0, name "rootfs"
04-09 10:26:50.398     0     0 I         : [    2.609200@3] UBIFS (ubi0:0): LEB size: 253952 bytes (248 KiB), min./max. I/O unit sizes: 4096 bytes/4096 bytes
04-09 10:26:50.398     0     0 I         : [    2.619233@3] UBIFS (ubi0:0): FS size: 87867392 bytes (83 MiB, 346 LEBs), journal size 9404416 bytes (8 MiB, 38 LEBs)
04-09 10:26:50.398     0     0 I         : [    2.629730@3] UBIFS (ubi0:0): reserved for root: 0 bytes (0 KiB)
04-09 10:26:50.398     0     0 I         : [    2.635683@3] UBIFS (ubi0:0): media format: w4/r0 (latest is w4/r0), UUID DC99A6D8-69BA-4DD7-9E44-726260A6E747, small LPT model
04-09 10:26:50.398     0     0 I [    2.879429@3] init: property init
04-09 10:26:50.398     0     0 I [    2.880162@3] init: reading config file
04-09 10:26:50.398     0     0 I [    2.886964@3] init: processing action 0xaaea0808 (boot_start)
04-09 10:26:50.399     0     0 I [    2.894754@3] init: command 'boot_start' r=0
04-09 10:26:50.399     0     0 I [    2.895809@3] init: processing action 0xaae9c6b0 (early-init)
04-09 10:26:50.399     0     0 I [    2.900502@3] init: starting 'ueventd'
04-09 10:26:50.399     0     0 I [    2.903808@3] init: command 'start' r=0
04-09 10:26:50.399     0     0 I [    2.906694@3] init: command 'loglevel' r=0
04-09 10:26:50.399     0     0 I [    2.911601@3] init: command 'mount' r=0
04-09 10:26:50.399     0     0 I [    2.913398@0] init: starting ueventd
04-09 10:26:50.399     0     0 I [    2.914195@0] init: /sys/ rule /sys/devices/virtual/input/input* enable
04-09 10:26:50.399     0     0 I [    2.914207@0] init: /sys/ rule /sys/devices/virtual/input/input* poll_delay
04-09 10:26:50.399     0     0 I [    2.914217@0] init: /sys/ rule /sys/devices/virtual/usb_composite/* enable
04-09 10:26:50.399     0     0 I [    2.919858@0] init: adding platform device ffd0f0d0.watchdog
04-09 10:26:50.399     0     0 I [    2.920274@0] init: adding platform device reg-dummy
04-09 10:26:50.399     0     0 I [    2.920927@0] init: adding platform device cpu_iomap
04-09 10:26:50.399     0     0 I [    2.921224@0] init: adding platform device 7400000.ramoops
04-09 10:26:50.399     0     0 I [    2.921494@0] init: adding platform device bt-dev
04-09 10:26:50.399     0     0 I [    2.922058@0] init: adding platform device dummy
04-09 10:26:50.399     0     0 I [    2.969224@3] init: command 'mount' r=0
04-09 10:26:50.399     0     0 I [    3.182970@3] ubi1: attaching mtd7
04-09 10:26:50.399     0     0 I [    3.476557@3] ubi1: scanning is finished
04-09 10:26:50.399     0     0 I [    3.481155@1] ubi1: attached mtd7 (name "chrome", size 140 MiB)
04-09 10:26:50.399     0     0 I [    3.481445@1] ubi1: PEB size: 262144 bytes (256 KiB), LEB size: 253952 bytes
04-09 10:26:50.399     0     0 I [    3.488453@1] ubi1: min./max. I/O unit sizes: 4096/4096, sub-page size 4096
04-09 10:26:50.399     0     0 I [    3.495340@1] ubi1: VID header offset: 4096 (aligned 4096), data offset: 8192
04-09 10:26:50.399     0     0 I [    3.502406@1] ubi1: good PEBs: 560, bad PEBs: 0, corrupted PEBs: 0
04-09 10:26:50.399     0     0 I [    3.508533@1] ubi1: user volume: 1, internal volumes: 1, max. volumes count: 128
04-09 10:26:50.399     0     0 I [    3.515862@1] ubi1: max/mean erase counter: 34/25, WL threshold: 4096, image sequence number: 1458511589
04-09 10:26:50.399     0     0 I [    3.525266@1] ubi1: available PEBs: 0, total reserved PEBs: 560, PEBs reserved for bad PEB handling: 40
04-09 10:26:50.399     0     0 I [    3.534592@0] ubi1: background thread "ubi_bgt1d" started, PID 2555
04-09 10:26:50.399     0     0 I         : [    3.549073@1] UBIFS (ubi1:0): background thread "ubifs_bgt1_0" started, PID 2558
04-09 10:26:50.399     0     0 I         : [    3.575899@3] UBIFS (ubi1:0): recovery needed
04-09 10:26:50.399     0     0 I         : [    3.614983@0] UBIFS (ubi1:0): recovery completed
04-09 10:26:50.399     0     0 I         : [    3.615139@0] UBIFS (ubi1:0): UBIFS: mounted UBI device 1, volume 0, name "chrome"
04-09 10:26:50.399     0     0 I         : [    3.621490@0] UBIFS (ubi1:0): LEB size: 253952 bytes (248 KiB), min./max. I/O unit sizes: 4096 bytes/4096 bytes
04-09 10:26:50.399     0     0 I         : [    3.631490@0] UBIFS (ubi1:0): FS size: 128499712 bytes (122 MiB, 506 LEBs), journal size 9404416 bytes (8 MiB, 38 LEBs)
04-09 10:26:50.399     0     0 I         : [    3.642282@0] UBIFS (ubi1:0): reserved for root: 0 bytes (0 KiB)
04-09 10:26:50.399     0     0 I         : [    3.648139@0] UBIFS (ubi1:0): media format: w4/r0 (latest is w4/r0), UUID 3D7B4A1D-6849-462E-B889-C151DCC94211, small LPT model
04-09 10:26:50.399     0     0 I [    3.691642@3] ubi2: attaching mtd8
04-09 10:26:50.399     0     0 I         : [    3.857925@3]  NAND bbt detect factory Bad block at 17a40000
04-09 10:26:50.399     0     0 I         : [    3.869539@3]  NAND bbt detect factory Bad block at 18000000
04-09 10:26:50.399     0     0 I         : [    3.869599@3]  NAND bbt detect factory Bad block at 18040000
04-09 10:26:50.399     0     0 I [    4.142434@3] ubi2: scanning is finished
04-09 10:26:50.399     0     0 I [    4.147243@2] ubi2: attached mtd8 (name "data", size 213 MiB)
04-09 10:26:50.399     0     0 I [    4.147355@2] ubi2: PEB size: 262144 bytes (256 KiB), LEB size: 253952 bytes
04-09 10:26:50.399     0     0 I [    4.154371@2] ubi2: min./max. I/O unit sizes: 4096/4096, sub-page size 4096
04-09 10:26:50.399     0     0 I [    4.161248@2] ubi2: VID header offset: 4096 (aligned 4096), data offset: 8192
04-09 10:26:50.399     0     0 I [    4.168317@2] ubi2: good PEBs: 849, bad PEBs: 3, corrupted PEBs: 0
04-09 10:26:50.399     0     0 I [    4.174446@2] ubi2: user volume: 2, internal volumes: 1, max. volumes count: 128
04-09 10:26:50.399     0     0 I [    4.181778@2] ubi2: max/mean erase counter: 65/45, WL threshold: 4096, image sequence number: 1018457084
04-09 10:26:50.399     0     0 I [    4.191174@2] ubi2: available PEBs: 0, total reserved PEBs: 849, PEBs reserved for bad PEB handling: 37
04-09 10:26:50.399     0     0 I [    4.200499@3] ubi2: background thread "ubi_bgt2d" started, PID 2566
04-09 10:26:50.399     0     0 I         : [    4.214481@2] UBIFS (ubi2:0): background thread "ubifs_bgt2_0" started, PID 2569
04-09 10:26:50.399     0     0 I         : [    4.240703@1] UBIFS (ubi2:0): recovery needed
04-09 10:26:50.399     0     0 I         : [    4.323457@1] UBIFS (ubi2:0): recovery completed
04-09 10:26:50.399     0     0 I         : [    4.323630@1] UBIFS (ubi2:0): UBIFS: mounted UBI device 2, volume 0, name "factory"
04-09 10:26:50.399     0     0 I         : [    4.330056@1] UBIFS (ubi2:0): LEB size: 253952 bytes (248 KiB), min./max. I/O unit sizes: 4096 bytes/4096 bytes
04-09 10:26:50.399     0     0 I         : [    4.340052@1] UBIFS (ubi2:0): FS size: 10158080 bytes (9 MiB, 40 LEBs), journal size 2285569 bytes (2 MiB, 9 LEBs)
04-09 10:26:50.399     0     0 I         : [    4.350311@1] UBIFS (ubi2:0): reserved for root: 0 bytes (0 KiB)
04-09 10:26:50.399     0     0 I         : [    4.356267@1] UBIFS (ubi2:0): media format: w4/r0 (latest is w4/r0), UUID AD7DC8BC-6ACA-4841-8B12-7A54B54F57E7, small LPT model
04-09 10:26:50.399     0     0 I         : [    4.379873@2] UBIFS (ubi2:1): background thread "ubifs_bgt2_1" started, PID 2572
04-09 10:26:50.399     0     0 I         : [    4.405750@3] UBIFS (ubi2:1): recovery needed
04-09 10:26:50.399     0     0 I         : [    4.488773@3] UBIFS (ubi2:1): recovery completed
04-09 10:26:50.399     0     0 I         : [    4.488935@3] UBIFS (ubi2:1): UBIFS: mounted UBI device 2, volume 1, name "data"
04-09 10:26:50.399     0     0 I         : [    4.495112@3] UBIFS (ubi2:1): LEB size: 253952 bytes (248 KiB), min./max. I/O unit sizes: 4096 bytes/4096 bytes
04-09 10:26:50.399     0     0 I         : [    4.505109@3] UBIFS (ubi2:1): FS size: 189956096 bytes (181 MiB, 748 LEBs), journal size 9404416 bytes (8 MiB, 38 LEBs)
04-09 10:26:50.399     0     0 I         : [    4.515801@3] UBIFS (ubi2:1): reserved for root: 0 bytes (0 KiB)
04-09 10:26:50.399     0     0 I         : [    4.521754@3] UBIFS (ubi2:1): media format: w4/r0 (latest is w4/r0), UUID 34A475AE-5814-4337-8EB7-8868427E3B0E, small LPT model
04-09 10:26:50.399     0     0 I         : [    4.760512@2] aml_wifi wifi: [usb_power_control] Set WiFi power down
04-09 10:26:50.399     0     0 I [    4.761232@2] meson-mmc: [sdio_notify] finish
04-09 10:26:50.399     0     0 I         : [    4.765605@2] aml_wifi wifi: [wifi_power_ioctl] ioctl Set sdio wifi power down!
04-09 10:26:50.399     0     0 I         : [    4.769130@3] UBIFS (ubi0:0): background thread "ubifs_bgt0_0" stops
04-09 10:26:51.471  2585  2585 E         : found the match wifi is: sd8887
04-09 10:26:51.471  2585  2585 E         : wifi_insmod command:insmod /lib/modules/4.9.113/kernel/mrvl/mlan8887.ko 
--------- beginning of system
04-09 10:26:51.509  2605  2605 I wpa_supplicant: Successfully initialized wpa_supplicant
04-09 10:26:51.545  2605  2605 E wpa_supplicant: Could not read interface wlan0 flags: No such device
04-09 10:26:51.548  2605  2605 I wpa_supplicant: nl80211: Driver does not support authentication/association or connect commands
04-09 10:26:51.550  2605  2605 I wpa_supplicant: nl80211: deinit ifname=wlan0 disabled_11b_rates=0
04-09 10:26:51.552  2605  2605 E wpa_supplicant: Could not read interface wlan0 flags: No such device
04-09 10:26:51.553  2605  2605 E wpa_supplicant: wlan0: Failed to initialize driver interface
04-09 10:26:51.631  2585  2585 E         : wifi_insmod command:insmod /lib/modules/4.9.113/kernel/mrvl/sd8xxx.ko cal_data_cfg=mrvl/WlanCalData_ext_LS9x_291119.conf txpwrlimit_cfg=mrvl/txpwrlimit_cfg_8887.bin fw_name=mrvl/sd8887_wlan_a2_p59.bin cfg80211_wext=0xf host_mlme=1 auto_ds=2 fw_serial=1 sta_name="wlan" uap_name="p2p" ps_mode=2 max_uap_bss=2 drvdbg=0x7 reg_alpha2="00"
04-09 10:26:52.762  2585  2585 E         : Load BT driver
04-09 10:26:52.763  2585  2585 E         : found the match wifi is: (null)
04-09 10:26:52.763  2585  2585 E         : wifi_insmod command:insmod /lib/modules/4.9.113/kernel/mrvl/bt8xxx.ko fw_name=mrvl/sd8887_bt_a2_p59.bin bt_fw_serial=0
04-09 10:26:52.892  2689  2689 W sshd    : Failed loading /etc/dropbear/dropbear_rsa_host_key
04-09 10:26:52.892  2689  2689 W sshd    : Failed loading /etc/dropbear/dropbear_dss_host_key
04-09 10:26:52.892  2689  2689 W sshd    : Failed loading /etc/dropbear/dropbear_ecdsa_host_key
04-09 10:26:52.897  2689  2689 I sshd    : Not backgrounding
04-09 10:26:52.916  2695  2695 I ServiceManager: Waiting for service libre.EnvItems...
04-09 10:26:52.920  2697  2697 E writeSerialNo: Writing serial number to unifykey
04-09 10:26:52.944  2692  2692 I sh      : FACTEST:unifykey read success:20 20
04-09 10:26:52.944  2692  2692 I sh      : inbuf=de4f95ffa64d5e74b026  ret=20 serial.txt=de4f95ffa64d5e74b026 bytesread=20 strcmp=0
04-09 10:26:53.009  2698  2698 I ENV     : init 
04-09 10:26:53.011  2698  2698 I ENV     :  First boot 
04-09 10:26:53.012  2698  2698 E ENV     : fileExists:153 /lsync/env/env.db does not exist
04-09 10:26:53.021  2698  2698 D AVS_SDK :  [  1] I sdkVersion: 1.19.1
04-09 10:26:53.021  2698  2698 E ENV     :  FAILED to open:/lsync/env/tmp.db 
04-09 10:26:53.023  2698  2698 I ENV     : removeItem:79:/lsync/env/tmp.db not found
04-09 10:26:53.024  2698  2698 E ENV     : /lsync/env/env.db does not Exist.. tempStorage = 0
04-09 10:26:53.025  2698  2698 I ENV     : createUserDBFromFactoryCfg 
04-09 10:26:53.037  2698  2698 I ENV     : Using /factory/custom/factoryEnv.conf as conf file
04-09 10:26:53.038  2698  2698 I ENV     : removeItem:79:/lsync/env/env.db not found
04-09 10:26:53.038  2698  2698 E ENV     : Error removing /lsync/env/env.db
04-09 10:26:53.139  2698  2698 E ENV     : createUserDBFromFactoryCfg:307: tempStorage is undefined
04-09 10:26:53.140  2698  2698 I ENV     : Using /factory/custom/factoryEnv.conf and /lsync/env/env.db as conf and db file
04-09 10:26:53.140  2698  2698 I ENV     : init 
04-09 10:26:53.140  2698  2698 I ENV     :  First boot 
04-09 10:26:53.140  2698  2698 I ENV     : fileExists:151 /lsync/env/env.db exists
04-09 10:26:53.144  2698  2698 I ENV     : Copied /lsync/env/env.db to /lsync/env/tmp.db
04-09 10:26:53.145  2698  2698 E ENV     : /lsync/env/env.db does not Exist.. tempStorage = aae96db0
04-09 10:26:53.145  2698  2698 I ENV     : createUserDBFromFactoryCfg 
04-09 10:26:53.151  2698  2698 I ENV     : Using /factory/custom/factoryEnv.conf as conf file
04-09 10:26:53.152  2698  2698 I ENV     : removeItem:74:/lsync/env/env.db removed
04-09 10:26:53.152  2698  2698 I ENV     : Removed /lsync/env/env.db
04-09 10:26:53.178  2698  2698 E ENV     : createUserDBFromFactoryCfg:301: Failed at tempStorage->get_changed
04-09 10:26:53.571  2698  2698 I chatty  : uid=0(root) env_service identical 64 lines
04-09 10:26:53.579  2698  2698 E ENV     : createUserDBFromFactoryCfg:301: Failed at tempStorage->get_changed
04-09 10:26:53.581  2698  2698 E AVS_SDK :  [  1] E SQLiteStatement:SQLiteStatement::stepFailed::Executing the select did not generate a row or complete.:result=19
04-09 10:26:53.581  2698  2698 E AVS_SDK :  [  1] E SQLiteStatement:SQLiteStatement::finalizeFailed::Could release the prepared statement.:rcode=19
04-09 10:26:53.581  2698  2698 E ENV     : createUserDBFromFactoryCfg:286: Failed at m_miscStorage->put
04-09 10:26:53.587  2698  2698 E ENV     : createUserDBFromFactoryCfg:301: Failed at tempStorage->get_changed
04-09 10:26:53.768  2698  2698 I chatty  : uid=0(root) env_service identical 29 lines
04-09 10:26:53.775  2698  2698 E ENV     : createUserDBFromFactoryCfg:301: Failed at tempStorage->get_changed
04-09 10:26:53.775  2698  2698 I ENV     : Using /factory/custom/factoryEnv.conf and /lsync/env/env.db as conf and db file
04-09 10:26:53.776  2698  2698 I ENV     : fileExists:151 /lsync/env/env_bk.db exists
04-09 10:26:53.777  2698  2698 I ENV     : fileExists:151 /factory/custom/factoryEnv_bk.conf exists
04-09 10:26:53.777  2698  2698 I ENV     : removeItem:74:/lsync/env/tmp.db removed
04-09 10:26:55.935  2710  2710 I wpa_supplicant: Successfully initialized wpa_supplicant
04-09 10:26:55.946  2710  2710 I wpa_supplicant: rfkill: Cannot open RFKILL control device
04-09 10:26:55.985  2713  2713 I main_sourceswitch: ServiceManager: 0xaaceaf88
04-09 10:26:55.987  2713  2713 E luci_helper: LUCIHelper: Waiting for Module Init
04-09 10:26:55.987  2713  2713 E luci_helper: LUCIHelper: Waiting for Module Init
04-09 10:26:55.992  2712  2712 E LUCI_FACTORY: LUCIFactory::registerBuiltinFactories
04-09 10:26:55.999  2712  2712 E LUCI_SERVER: IP = 0
04-09 10:26:56.020  2711  2711 E luci_helper: LUCIHelper: Waiting for Module Init
04-09 10:26:56.020  2711  2711 E luci_helper: LUCIHelper: Waiting for Module Init
04-09 10:26:56.020  2711  2711 E yani_server: YaniServer FAILED TO GET LuciHelper
04-09 10:26:56.051  2692  2692 I sh      : Simple mixer control 'Master',0
04-09 10:26:56.051  2692  2692 I sh      :   Capabilities: volume pswitch pswitch-joined
04-09 10:26:56.051  2692  2692 I sh      :   Playback channels: Front Left - Front Right
04-09 10:26:56.051  2692  2692 I sh      :   Capture channels: Front Left - Front Right
04-09 10:26:56.051  2692  2692 I sh      :   Limits: 0 - 100
04-09 10:26:56.066  2710  2710 I wpa_supplicant: MPM: Debug Dialog Token initialized 3447470917 (0xcd7c3b45)
04-09 10:26:56.071  2711  2711 E luci_helper: LUCIHelper: Waiting for Module Init
04-09 10:26:56.071  2711  2711 E yani_server: YaniServer FAILED TO GET LuciHelper
04-09 10:26:56.074  2710  2710 I wpa_supplicant: wlan0: CTRL-EVENT-REGDOM-CHANGE init=USER type=COUNTRY alpha2=US
04-09 10:26:56.077  2692  2692 I sh      :   Front Left: 30 [30%] [-10.45dB] Playback [on]
04-09 10:26:56.077  2692  2692 I sh      :   Front Right: 30 [30%] [-10.45dB] Playback [on]
04-09 10:26:56.081  2712  2712 E luciUART: bufff write ? = 1 
04-09 10:26:56.083  2712  2712 E luciUART: tcsetattr succeed
04-09 10:26:56.083  2712  2721 E LUCI_SERVER: Luci Server Thread waiting for packets....
04-09 10:26:56.157  2709  2709 I         : [0408/215656.157197:INFO:cast_auth_check.cc(163)] Cast auth test is successful.
04-09 10:26:56.531  2711  2723 E yani_kernel: Interface status 0
04-09 10:26:56.538  2711  2723 I yani_kernel: set_device_name() Interface 'wlan0' MAC Address 'cc:90:93:21:f3:84' FriendlyName 'Lyric Speaker Box 21f384' status '0'
04-09 10:26:56.539  2711  2723 I yani_server: First boot after Factory reset! Friendly Name modified Lyric Speaker Box  -> Lyric Speaker Box 21f384
04-09 10:26:56.545  2712  2712 I lucitransport: writeRemoteMessage() MID = 90 buffer = Lyric Speaker Box 21f384
04-09 10:26:56.545  2712  2712 I luciUART: write() MID = 90  bytes = 34 data = Lyric Speaker Box 21f384 m_fd = 0x5
04-09 10:26:56.545  2712  2712 I lucitransport: writeLocalMessage() MID = 90 buffer = Lyric Speaker Box 21f384
04-09 10:26:56.546  2712  2721 E LUCI_SERVER: Luci Server Thread wait over MID 90....
04-09 10:26:56.552  2711  2723 E yani_server: Device Supports CastSetup 1
04-09 10:26:56.553  2711  2723 I yani_kernel: yani_init_net() Success Netlink socket fd 6
04-09 10:26:56.556  2711  2723 E WifiHW  : wifi_start_supplicant
04-09 10:26:56.557  2711  2723 E WifiHW  : wifi_start_ctl.start : wpa_supplicant
04-09 10:26:56.572  2712  2721 E LUCI_SERVER: Luci Server Thread waiting for packets....
04-09 10:26:56.758  2711  2723 E WifiHW  : wifi_connect_to_supplicant : wlan0
04-09 10:26:56.758  2711  2723 E WifiHW  : wifi_connect_on_socket_path1 : wlan0
04-09 10:26:56.761  2711  2723 E yani_wifi: enable_disable_net_if() Failed SIOCGIFFLAGS for interface 'wlan1' enable '0'
04-09 10:26:56.766  2711  2723 I yani_wifi: configure_wifi() SSID '' security '' passphrase '********' Country 'US'
04-09 10:26:57.942  2692  2692 I sh      : LSDeviceService: not found
04-09 10:26:58.019  2731  2731 I NetMgr  : Net_Mgr starting
04-09 10:26:58.040  2731  2731 I HotspotManager: Default WiFi Interface : wlan0
04-09 10:26:58.049  2731  2731 I NetworkMonitor: WiFi Interface : wlan0
04-09 10:26:58.049  2731  2731 I NetworkMonitor: Default WiFi Interface : wlan0
04-09 10:26:58.057  2735  2735 E dhcpcd  : eth0: interface not found or invalid
04-09 10:26:58.058  2731  2739 I NetworkMonitor: Start monitor thread
04-09 10:26:58.064  2735  2735 D dhcpcd  : wlan0: adding address fe80::ce90:93ff:fe21:f384
04-09 10:26:58.067  2728  2728 E         :  Start MessageBox Handler 
04-09 10:26:58.075  2729  2729 E UIModeManager: UIModeManager Constructor ++
04-09 10:26:58.080  2728  2742 E MB_HANDLER: HOST present 1
04-09 10:26:58.094  2728  2742 E MB_HANDLER:  REGISTERED YANI LISTENER IN MessageBoxHandler
04-09 10:26:58.096  2728  2742 E         : External Host present 1
04-09 10:26:58.096  2728  2742 E MB_HANDLER: REGISTERED ExternalSource IN MessageBoxHandler
04-09 10:26:58.097  2731  2739 E WifiUtil: command: "SCAN" failed: FAIL-BUSY
04-09 10:26:58.100  2729  2729 I AirableUIHelper: AirableUIHelper Contructor 
04-09 10:26:58.100  2728  2742 E MB_HANDLER: Check Device Support ENV_CastSetup true ENV_GoogleCast_ID true 
04-09 10:26:58.100  2712  2712 I lucitransport: readRemoteMessage() MID char = 43689 buffer = 1
04-09 10:26:58.101  2712  2712 I lucitransport: writeRemoteMessage() MID = 43690 buffer = ªªªªª
04-09 10:26:58.101  2712  2712 I luciUART: write() MID = 43690  bytes = 15 data = ªªªªª m_fd = 0x5
04-09 10:26:58.101  2728  2742 E MB_HANDLER: LUCI UART READY MSG!!
04-09 10:26:58.101  2728  2742 E MB_HANDLER: Set Default Network Status on Bootup 0#1,0#2,0#3,0#4,0!
04-09 10:26:58.101  2712  2712 I lucitransport: writeRemoteMessage() MID = 124 buffer = 0#1,0#2,0#3,0#4,0
04-09 10:26:58.101  2712  2712 I luciUART: write() MID = 124  bytes = 27 data = 0#1,0#2,0#3,0#4,0 m_fd = 0x5
04-09 10:26:58.102  2712  2712 I lucitransport: readRemoteMessage() MID char = 43689 buffer = 1
04-09 10:26:58.102  2712  2712 I lucitransport: readRemoteMessage() MID char = 38 buffer = (null)
04-09 10:26:58.103  2712  2712 I lucitransport: readRemoteMessage() MID char = 35 buffer = 0
04-09 10:26:58.108  2728  2742 I MB_HANDLER: Env Details: LS-Host '1' Cast-Setup 'true'
04-09 10:26:58.108  2728  2742 E MB_HANDLER: Message Handler Thread waiting for messages....
04-09 10:26:58.108  2729  2729 E AirableUIHelper:  Airable ENV_AirableBaseURL_ID Envitem returned failed!!!
04-09 10:26:58.110  2729  2729 E AirableUIHelper:  Airable ENV_AirableSecret_ID Envitem returned failed!!!
04-09 10:26:58.110  2729  2729 E AirableUIHelper: Airable Secret =  
04-09 10:26:58.112  2712  2720 E luciUART: UART:aa
04-09 10:26:58.112  2712  2720 E luciUART: UART:aa
04-09 10:26:58.112  2712  2720 E luciUART: UART:2
04-09 10:26:58.112  2712  2720 E luciUART: UART:0
04-09 10:26:58.112  2712  2720 E luciUART: UART:9
04-09 10:26:58.112  2712  2720 E luciUART: UART:0
04-09 10:26:58.112  2712  2720 I chatty  : uid=0(root) UARTLUCIControl identical 2 lines
04-09 10:26:58.112  2712  2720 E luciUART: UART:0
04-09 10:26:58.112  2712  2720 E luciUART: UART:1
04-09 10:26:58.112  2712  2720 I luciUART: read() RemoteID = 43690 Command = 9 Type = 2 Status = 0 DataLen = 1
04-09 10:26:58.113  2712  2720 E luciUART: UART:0
04-09 10:26:58.113  2712  2720 I luciUART: read() RemoteID = 43690 Command = 124 Type = 1 Status = 0 DataLen = 0
04-09 10:26:58.113  2712  2721 E LUCI_SERVER: Luci Server Thread wait over MID 124....
04-09 10:26:58.114  2712  2721 I luciUART: write() MID = 124  bytes = 27 data = 0#1,0#2,0#3,0#4,0 m_fd = 0x5
04-09 10:26:58.114  2712  2720 E luciUART: UART:aa
04-09 10:26:58.114  2712  2720 E luciUART: UART:0
04-09 10:26:58.114  2712  2720 I chatty  : uid=0(root) UARTLUCIControl identical 2 lines
04-09 10:26:58.114  2712  2720 E luciUART: UART:0
04-09 10:26:58.119  2712  2721 I luciUART: write() MID = 208  bytes = 21 data = MCUVersion: m_fd = 0x5
04-09 10:26:58.119  2712  2721 E LUCI_SERVER: NV_READ response= MCUVersion:
04-09 10:26:58.119  2712  2721 E LUCI_SERVER: Luci Server Thread wait over MID 91....
04-09 10:26:58.119  2712  2721 E LUCI_SERVER: setting mid[91] to NULL
04-09 10:26:58.119  2712  2720 E luciUART: UART:0
04-09 10:26:58.119  2712  2720 I chatty  : uid=0(root) UARTLUCIControl identical 2 lines
04-09 10:26:58.119  2712  2720 E luciUART: UART:0
04-09 10:26:58.120  2712  2720 E luciUART: UART:c
04-09 10:26:58.120  2712  2720 I luciUART: read() RemoteID = 43690 Command = 208 Type = 2 Status = 0 DataLen = 12
04-09 10:26:58.131  2728  2742 E MB_HANDLER: MacAddress :CC:90:93:21:F3:84
04-09 10:26:58.131  2712  2712 I lucitransport: writeRemoteMessage() MID = 91 buffer = CC:90:93:21:F3:84
04-09 10:26:58.131  2712  2712 I luciUART: write() MID = 91  bytes = 27 data = CC:90:93:21:F3:84 m_fd = 0x5
04-09 10:26:58.131  2728  2742 E MB_HANDLER: Message Handler Thread waiting for messages....
04-09 10:26:58.134  2733  2733 D bt_osi_allocation_tracker: canary initialized
04-09 10:26:58.137  2733  2757 I bt_osi_thread: run_thread: thread id 2757, thread name stack_manager started
04-09 10:26:58.138  2733  2757 I bt_stack_manager: event_init_stack is initializing the stack
04-09 10:26:58.140  2712  2720 E luciUART: UART:aa
04-09 10:26:58.140  2712  2720 E luciUART: UART:aa
04-09 10:26:58.140  2712  2720 E luciUART: UART:2
04-09 10:26:58.140  2712  2720 E luciUART: UART:0
04-09 10:26:58.140  2712  2720 E luciUART: UART:d0
04-09 10:26:58.140  2712  2720 E luciUART: UART:0
04-09 10:26:58.140  2712  2720 I chatty  : uid=0(root) UARTLUCIControl identical 2 lines
04-09 10:26:58.140  2712  2720 E luciUART: UART:0
04-09 10:26:58.140  2712  2720 E luciUART: UART:9
04-09 10:26:58.140  2712  2720 I luciUART: read() RemoteID = 43690 Command = 208 Type = 2 Status = 0 DataLen = 9
04-09 10:26:58.141  2712  2720 E luciUART: UART:aa
04-09 10:26:58.142  2712  2720 E luciUART: UART:6
04-09 10:26:58.142  2712  2720 E luciUART: UART:0
04-09 10:26:58.142  2712  2720 I chatty  : uid=0(root) UARTLUCIControl identical 2 lines
04-09 10:26:58.142  2712  2720 E luciUART: UART:0
04-09 10:26:58.142  2712  2720 E luciUART: UART:4
04-09 10:26:58.142  2712  2720 I luciUART: read() RemoteID = 43690 Command = 6 Type = 2 Status = 0 DataLen = 4
04-09 10:26:58.142  2712  2720 E luciUART: Error: full data not available yet! readBytes 0
04-09 10:26:58.142  2712  2720 I luciUART: Previous Packet read contd., 
04-09 10:26:58.142  2712  2720 E luciUART: UART:31
04-09 10:26:58.142  2712  2720 I luciUART: Previous Packet read contd., 
04-09 10:26:58.142  2712  2720 E luciUART: UART:30
04-09 10:26:58.142  2712  2720 I luciUART: Previous Packet read contd., 
04-09 10:26:58.142  2712  2720 E luciUART: UART:30
04-09 10:26:58.142  2712  2720 I luciUART: Previous Packet read contd., 
04-09 10:26:58.142  2712  2720 E luciUART: UART:31
04-09 10:26:58.142  2712  2720 E luciUART: UART:aa
04-09 10:26:58.142  2712  2720 E luciUART: UART:aa
04-09 10:26:58.142  2712  2720 E luciUART: UART:2
04-09 10:26:58.142  2712  2720 E luciUART: UART:0
04-09 10:26:58.143  2733  2757 E bt_osi_config: config_new unable to open file '/data/misc/bluedroid/bt_config.conf': No such file or directory
04-09 10:26:58.143  2712  2721 I luciUART: write() MID = 208  bytes = 15 data = ssid: m_fd = 0x5
04-09 10:26:58.143  2712  2721 E LUCI_SERVER: NV_READ response= ssid:
04-09 10:26:58.143  2712  2721 E LUCI_SERVER: Luci Server Thread wait over MID 6....
04-09 10:26:58.143  2712  2720 E luciUART: UART:d0
04-09 10:26:58.143  2712  2720 E luciUART: UART:0
04-09 10:26:58.143  2712  2720 I chatty  : uid=0(root) UARTLUCIControl identical 2 lines
04-09 10:26:58.143  2712  2720 E luciUART: UART:0
04-09 10:26:58.143  2712  2720 E luciUART: UART:13
04-09 10:26:58.144  2712  2720 I luciUART: Previous Packet read contd., 
04-09 10:26:58.144  2712  2720 E luciUART: UART:41
04-09 10:26:58.144  2733  2757 W bt_btif_config: init unable to load config file: /data/misc/bluedroid/bt_config.conf; using backup.
04-09 10:26:58.144  2712  2720 E luciUART: UART:5f
04-09 10:26:58.144  2733  2757 E bt_osi_config: config_new unable to open file '/data/misc/bluedroid/bt_config.bak': No such file or directory
04-09 10:26:58.144  2733  2757 W bt_btif_config: init unable to load backup; attempting to transcode legacy file.
04-09 10:26:58.144  2728  2742 E MB_HANDLER: Message Handler Thread wait over MID[6]....
04-09 10:26:58.144  2712  2712 I lucitransport: readRemoteMessage() MID char = 6 buffer = 1001
04-09 10:26:58.144  2712  2721 I luciUART: write() MID = 6  bytes = 10 data =  m_fd = 0x5
04-09 10:26:58.144  2712  2720 E luciUART: UART:77
04-09 10:26:58.144  2712  2720 I luciUART: Previous Packet read contd., 
04-09 10:26:58.144  2712  2721 E LUCI_SERVER: Luci Server Thread waiting for packets....
04-09 10:26:58.144  2712  2720 E luciUART: UART:64
04-09 10:26:58.144  2712  2720 I luciUART: Previous Packet read contd., 
04-09 10:26:58.144  2712  2720 E luciUART: UART:6f
04-09 10:26:58.144  2712  2720 I luciUART: Previous Packet read contd., 
04-09 10:26:58.144  2712  2720 E luciUART: UART:77
04-09 10:26:58.144  2712  2720 I luciUART: Previous Packet read contd., 
04-09 10:26:58.144  2712  2720 E luciUART: UART:6e
04-09 10:26:58.151  2733  2757 I bt_btif_core: btif_init_bluetooth entered
04-09 10:26:58.156  2733  2757 I bt_stack_config: init attempt to load stack conf from /etc/bluetooth/bt_stack.conf
04-09 10:26:58.156  2728  2742 E MB_HANDLER: Message Handler Thread waiting for messages....
04-09 10:26:58.157  2712  2721 I luciUART: write() MID = 208  bytes = 67 data = fwdownload_xml:https://openotaengine.libreiotcloud.com/v1 m_fd = 0x5
04-09 10:26:58.157  2712  2721 E LUCI_SERVER: NV_READ response= fwdownload_xml:https://openotaengine.libreiotcloud.com/v1
04-09 10:26:58.157  2712  2721 E LUCI_SERVER: Luci Server Thread waiting for packets....
04-09 10:26:58.158  2733  2763 I bt_osi_thread: run_thread: thread id 2763, thread name bt_jni_workqueue started
04-09 10:26:58.158  2733  2757 I bt_btif_core: btif_init_bluetooth finished
04-09 10:26:58.158  2733  2757 I bt_stack_manager: event_init_stack finished
04-09 10:26:58.159  2733  2733 I bt_osi_wakelock: wakelock_set_os_callouts set to non-native
04-09 10:26:58.160  2733  2733 I bt_btif : get_profile_interface: id = gatt
04-09 10:26:58.164  2733  2733 I bt_btif : get_profile_interface: id = a2dp
04-09 10:26:58.164  2733  2763 I bt_btif_core: run_message_loop entered
04-09 10:26:58.165  2733  2733 I bt_btif : get_profile_interface: id = a2dp_sink
04-09 10:26:58.176  2733  2767 I bt_osi_thread: run_thread: thread id 2767, thread name btif_a2dp_sink_w started
04-09 10:26:58.184  2733  2733 D a2dp_codec: init
04-09 10:26:58.185  2733  2733 D a2dp_codec: createCodec: codec SBC
04-09 10:26:58.187  2733  2733 D a2dp_codec: createCodec: codec AAC
04-09 10:26:58.188  2733  2733 D a2dp_codec: createCodec: codec aptX
04-09 10:26:58.188  2733  2733 E a2dp_vendor_aptx_encoder: A2DP_VendorLoadEncoderAptx: cannot open aptX encoder library libaptX_encoder.so: libaptX_encoder.so: cannot open shared object file: No such file or directory
04-09 10:26:58.189  2733  2733 E a2dp_vendor_aptx: init: cannot load the encoder
04-09 10:26:58.189  2733  2733 D a2dp_codec: createCodec: codec aptX-HD
04-09 10:26:58.190  2731  2740 E CommandListener: Message not handled: unrecognized interface usb0
04-09 10:26:58.190  2731  2740 W FrameworkListener: Handler 'Iface' error (Success)
04-09 10:26:58.193  2731  2740 E CommandListener: Message not handled: unrecognized interface usb0
04-09 10:26:58.193  2731  2740 W FrameworkListener: Handler 'Iface' error (Success)
04-09 10:26:58.193  2733  2733 E a2dp_vendor_aptx_hd_encoder: A2DP_VendorLoadEncoderAptxHd: cannot open aptX-HD encoder library libaptXHD_encoder.so: libaptXHD_encoder.so: cannot open shared object file: No such file or directory
04-09 10:26:58.193  2733  2733 E a2dp_vendor_aptx_hd: init: cannot load the encoder
04-09 10:26:58.194  2733  2733 D a2dp_codec: createCodec: codec LDAC
04-09 10:26:58.194  2733  2733 E a2dp_vendor_ldac_encoder: A2DP_VendorLoadEncoderLdac: cannot open LDAC encoder library libldacBT_enc.so: libldacBT_enc.so: cannot open shared object file: No such file or directory
04-09 10:26:58.194  2733  2733 E a2dp_vendor_ldac: init: cannot load the encoder
04-09 10:26:58.195  2733  2733 D a2dp_codec: createCodec: codec SBC SINK
04-09 10:26:58.195  2733  2733 D a2dp_codec: createCodec: codec AAC SINK
04-09 10:26:58.195  2733  2733 I a2dp_codec: init: initialized Source codec AAC
04-09 10:26:58.196  2733  2733 I bt_btif : get_profile_interface: id = avrcp
04-09 10:26:58.203  2731  2740 E CommandListener: Message not handled: unrecognized interface usb0
04-09 10:26:58.203  2731  2740 W FrameworkListener: Handler 'Iface' error (Success)
04-09 10:26:58.203  2731  2740 E CommandListener: Message not handled: unrecognized interface usb0
04-09 10:26:58.204  2731  2740 W FrameworkListener: Handler 'Iface' error (Success)
04-09 10:26:58.208  2731  2740 E CommandListener: Message not handled: unrecognized interface usb0
04-09 10:26:58.208  2731  2740 W FrameworkListener: Handler 'Iface' error (Success)
04-09 10:26:58.210  2731  2740 E CommandListener: Message not handled: unrecognized interface usb0
04-09 10:26:58.210  2731  2740 W FrameworkListener: Handler 'Iface' error (Success)
04-09 10:26:58.211  2733  2733 I bluetoothtbd: [0408/215658.211079:INFO:daemon.cc(168)] Daemon initialized
04-09 10:26:58.211  2733  2733 I bt_btif : enable: start restricted = 0
04-09 10:26:58.211  2733  2757 I bt_stack_manager: event_start_up_stack is bringing up the stack
04-09 10:26:58.211  2733  2757 I bt_core_module: module_start_up Starting module "btif_config_module"
04-09 10:26:58.211  2733  2757 I bt_core_module: module_start_up Started module "btif_config_module"
04-09 10:26:58.211  2733  2757 I bt_core_module: module_start_up Starting module "btsnoop_module"
04-09 10:26:58.212  2733  2757 I bt_core_module: module_start_up Started module "btsnoop_module"
04-09 10:26:58.212  2733  2757 I bt_core_module: module_start_up Starting module "hci_module"
04-09 10:26:58.212  2733  2757 I bt_hci  : hci_module_start_up
04-09 10:26:58.213  2733  2779 I bt_osi_thread: run_thread: thread id 2779, thread name hci_thread started
04-09 10:26:58.214  2733  2757 D bt_hci  : hci_module_start_up starting async portion
04-09 10:26:58.215  2733  2779 I bluetoothtbd: [0408/215658.215075:INFO:hci_layer_linux.cc(172)] hci_initialize
04-09 10:26:58.215  2733  2779 I bluetoothtbd: [0408/215658.215212:INFO:hci_layer_linux.cc(184)] Using interface hci0
04-09 10:26:58.215  2733  2779 I bluetoothtbd: [0408/215658.215276:INFO:hci_layer_linux.cc(378)] rfkill
04-09 10:26:58.246  2735  2735 D dhcpcd  : no interfaces have a carrier
04-09 10:26:58.247  2735  2735 D dhcpcd  : wlan0: waiting for carrier
04-09 10:26:58.253  2786  2786 I dnsmasq : started, version 2.51 cachesize 150
04-09 10:26:58.253  2786  2786 I dnsmasq : compile time options: no-IPv6 GNU-getopt no-DBus no-I18N DHCP no-scripts no-TFTP
04-09 10:26:58.253  2786  2786 I dnsmasq : DHCP, IP range 192.168.10.3 -- 192.168.10.10, lease time 12h
04-09 10:26:58.254  2786  2786 I dnsmasq : reading /etc/resolv.conf
04-09 10:26:58.254  2786  2786 I dnsmasq : using nameserver 8.8.8.8#53
04-09 10:26:58.254  2786  2786 I dnsmasq : read /etc/hosts - 1 addresses
04-09 10:26:58.630  2733  2779 I bluetoothtbd: [0408/215658.630328:INFO:hci_layer_linux.cc(295)] wait_hcidev
04-09 10:26:58.630  2733  2779 I bluetoothtbd: [0408/215658.630609:INFO:hci_layer_linux.cc(332)] Do poll() with timeout of 3000ms
04-09 10:26:58.633  2733  2779 I bluetoothtbd: [0408/215658.633129:INFO:hci_layer_linux.cc(228)] HCI device ready
04-09 10:26:58.633  2733  2779 I bt_hci  : event_finish_startup
04-09 10:26:58.633  2733  2757 I bt_core_module: module_start_up Started module "hci_module"
04-09 10:26:58.635  2733  2810 I bt_osi_thread: run_thread: thread id 2810, thread name bt_workqueue started
04-09 10:26:58.635  2733  2810 I bluetoothtbd: [0408/215658.635593:INFO:btu_task.cc(107)] Bluetooth chip preload is complete
04-09 10:26:58.642  2733  2810 I         : No vendor HCI socket available. Won't create SocketWriter.
04-09 10:26:58.650  2733  2810 I bluetoothtbd: [0408/215658.650251:INFO:gatt_api.cc(1005)] GATT_Register
04-09 10:26:58.651  2733  2810 I bluetoothtbd: [0408/215658.651934:INFO:gatt_api.cc(1028)] allocated gatt_if=1
04-09 10:26:58.653  2733  2810 I bluetoothtbd: [0408/215658.653488:INFO:gatt_api.cc(207)] GATTS_AddService
04-09 10:26:58.654  2731  2740 E CommandListener: Message not handled: unrecognized interface usb0
04-09 10:26:58.654  2731  2740 W FrameworkListener: Handler 'Iface' error (Success)
04-09 10:26:58.654  2733  2810 I bluetoothtbd: [0408/215658.654732:INFO:gatt_api.cc(317)] GATTS_AddService: service parsed correctly, now starting
04-09 10:26:58.656  2733  2810 E bluetoothtbd: [0408/215658.655747:ERROR:gatt_attr.cc(302)] gatt_profile_db_init:  gatt_if=1
04-09 10:26:58.662  2733  2810 I bluetoothtbd: [0408/215658.662919:INFO:gatt_api.cc(1005)] GATT_Register
04-09 10:26:58.663  2733  2810 I bluetoothtbd: [0408/215658.663069:INFO:gatt_api.cc(1028)] allocated gatt_if=2
04-09 10:26:58.663  2733  2810 I bluetoothtbd: [0408/215658.663120:INFO:gatt_api.cc(207)] GATTS_AddService
04-09 10:26:58.726  2733  2812 I bt_osi_thread: run_thread: thread id 2812, thread name module_wrapper started
04-09 10:26:58.726  2733  2812 I bt_core_module: module_start_up Starting module "controller_module"
04-09 10:26:58.769  2711  2723 I yani_server: ifindexeth0 0 ifindexwlan0 5 ifindexp2p0 6 ifindexwlan1 0
04-09 10:26:58.769  2711  2723 I yani_server: NetLink Event '-1' Interface-Index '5' WLAN '0' Ethernet '-1' Parsed-iFill '-1' -> 'INVALID' ifIndex '1' -> 'lo'
04-09 10:26:58.769  2711  2723 I yani_kernel: yani_geteventfrom_changeaddr() Message-Id '1' Netlink event '16' Interface Index '5' -> Name 'wlan0' 
04-09 10:26:58.771  2711  2723 I yani_kernel: yani_geteventfrom_changeaddr() Message-Id '1' Netlink event '16' Interface Index '9' -> Name 'usb0' 
04-09 10:26:58.772  2711  2723 I yani_kernel: yani_geteventfrom_changeaddr() Message-Id '1' Netlink event '16' Interface Index '9' -> Name 'usb0' 
04-09 10:26:58.773  2711  2723 I yani_kernel: yani_geteventfrom_changeaddr() Message-Id '1' Netlink event '20' Interface Index '9' -> Name 'usb0' 
04-09 10:26:58.774  2711  2723 I yani_kernel: yani_geteventfrom_changeaddr() Message-Id '1' Netlink event '16' Interface Index '9' -> Name 'usb0' 
04-09 10:26:58.775  2711  2723 I yani_kernel: yani_geteventfrom_changeaddr() Message-Id '1' Netlink event '21' Interface Index '9' -> Name 'usb0' 
04-09 10:26:58.776  2711  2723 I yani_kernel: yani_geteventfrom_changeaddr() Message-Id '1' Netlink event '20' Interface Index '9' -> Name 'usb0' 
04-09 10:26:58.777  2711  2723 I yani_kernel: yani_geteventfrom_changeaddr() Message-Id '1' Netlink event '16' Interface Index '9' -> Name 'usb0' 
04-09 10:26:58.901  2733  2812 I bt_core_module: module_start_up Started module "controller_module"
04-09 10:26:58.901  2733  2812 W bt_osi_thread: run_thread: thread id 2812, thread name module_wrapper exited
04-09 10:26:58.905  2733  2810 W bt_btm  : btm_decode_ext_features_page: feature page 1 ignored
04-09 10:26:58.905  2733  2810 W bt_btm  : btm_decode_ext_features_page: feature page 2 ignored
04-09 10:26:58.906  2733  2811 I bt_btm_sec: BTM_SecRegister p_cb_info->p_le_callback == 0x0xf6992b99
04-09 10:26:58.907  2733  2811 I bt_btm_sec: BTM_SecRegister btm_cb.api.p_le_callback = 0x0xf6992b99 
04-09 10:26:58.909  2733  2811 I bluetoothtbd: [0408/215658.908965:INFO:ble_advertiser_hci_interface.cc(736)] Legacy advertising will be in use
04-09 10:26:58.911  2733  2811 I bluetoothtbd: [0408/215658.911400:INFO:gatt_api.cc(1005)] GATT_Register
04-09 10:26:58.911  2733  2811 I bluetoothtbd: [0408/215658.911553:INFO:gatt_api.cc(1028)] allocated gatt_if=3
04-09 10:26:58.935  2733  2811 I bt_bta_av: AVRCP version used for sdp: "avrcp14"
04-09 10:26:58.939  2733  2763 E bt_btif_storage: btif_storage_get_adapter_property: Controller ready!
04-09 10:26:58.939  2733  2763 I bt_btif_storage: btif_storage_get_adapter_property service_mask:0x40000
04-09 10:26:58.940  2733  2763 I bluetoothtbd: [0408/215658.940601:INFO:adapter.cc(551)] Adapter properties changed
04-09 10:26:58.940  2733  2763 I bluetoothtbd: [0408/215658.940743:INFO:adapter.cc(564)] Adapter address changed: CC:90:93:21:F3:85
04-09 10:26:58.940  2733  2763 I bluetoothtbd: [0408/215658.940789:INFO:adapter.cc(573)] Adapter name changed
04-09 10:26:58.941  2733  2763 I bt_btif_core: btif_enable_bluetooth_evt entered: status 0
04-09 10:26:58.941  2733  2763 W bt_btif : btif_enable_bluetooth_evt: Saving the Adapter Address
04-09 10:26:58.941  2733  2763 I bluetoothtbd: [0408/215658.941658:INFO:adapter.cc(551)] Adapter properties changed
04-09 10:26:58.941  2733  2763 I bluetoothtbd: [0408/215658.941746:INFO:adapter.cc(564)] Adapter address changed: CC:90:93:21:F3:85
04-09 10:26:58.941  2733  2763 D bt_hci  : do_postload posting postload work item
04-09 10:26:58.946  2733  2853 I bt_osi_thread: run_thread: thread id 2853, thread name btif_sock started
04-09 10:26:58.949  2733  2763 D bt_bte_conf: Device ID record 1 : primary
04-09 10:26:58.949  2733  2763 D bt_bte_conf:   vendorId            = 000f
04-09 10:26:58.949  2733  2763 D bt_bte_conf:   vendorIdSource      = 0001
04-09 10:26:58.949  2733  2763 D bt_bte_conf:   product             = 1200
04-09 10:26:58.949  2733  2763 D bt_bte_conf:   version             = 1436
04-09 10:26:58.949  2733  2763 D bt_bte_conf:   clientExecutableURL = 
04-09 10:26:58.949  2733  2763 D bt_bte_conf:   serviceDescription  = 
04-09 10:26:58.949  2733  2763 D bt_bte_conf:   documentationURL    = 
04-09 10:26:58.949  2733  2763 D bt_bte_conf: bte_load_did_conf no section named DID2.
04-09 10:26:58.949  2733  2763 I bt_btif_core: btif_enable_bluetooth_evt finished
04-09 10:26:58.950  2733  2757 I bt_stack_manager: event_start_up_stack finished
04-09 10:26:58.950  2733  2763 I bluetoothtbd: [0408/215658.950669:INFO:adapter.cc(529)] Adapter state changed: BT_STATE_ON
04-09 10:26:59.127  2729  2729 I ServiceManager: Waiting for service media.player...
04-09 10:27:00.098  2731  2739 E WifiUtil: command: "SCAN" failed: FAIL-BUSY
04-09 10:27:00.106  2731  2740 E CommandListener: Message not handled: unrecognized interface usb0
04-09 10:27:00.107  2731  2740 W FrameworkListener: Handler 'Iface' error (Success)
04-09 10:27:00.128  2729  2729 I ServiceManager: Waiting for service media.player...
04-09 10:27:00.414  2711  2723 I yani_server: NetLink Event '-1' Interface-Index '5' WLAN '-1' Ethernet '-1' Parsed-iFill '-1' -> 'INVALID' ifIndex '1' -> 'lo'
04-09 10:27:00.415  2711  2723 I yani_server: NetLink Event '-1' Interface-Index '5' WLAN '0' Ethernet '-1' Parsed-iFill '-1' -> 'INVALID' ifIndex '1' -> 'lo'
04-09 10:27:00.437  2711  2723 I chatty  : uid=0(root) YaniServer identical 34 lines
04-09 10:27:00.437  2711  2723 I yani_server: NetLink Event '-1' Interface-Index '5' WLAN '0' Ethernet '-1' Parsed-iFill '-1' -> 'INVALID' ifIndex '1' -> 'lo'
04-09 10:27:00.438  2711  2723 I yani_kernel: yani_geteventfrom_changeaddr() Message-Id '1' Netlink event '16' Interface Index '5' -> Name 'wlan0' 
04-09 10:27:00.439  2711  2723 I yani_kernel: yani_geteventfrom_changeaddr() Message-Id '1' Netlink event '16' Interface Index '5' -> Name 'wlan0' 
04-09 10:27:00.989  2713  2713 I SourceSwitch: SourceSwitch() Host 1 initialized...
04-09 10:27:01.128  2729  2729 I ServiceManager: Waiting for service media.player...
04-09 10:27:01.971  2733  2763 E bt_osi_config: config_save unable to open dir '/data/misc/bluedroid': No such file or directory
04-09 10:27:02.042  2786  2786 I dnsmasq : DHCPDISCOVER(usb0) a2:84:f5:f3:ca:79 
04-09 10:27:02.043  2786  2786 I dnsmasq : DHCPOFFER(usb0) 192.168.10.4 a2:84:f5:f3:ca:79 
04-09 10:27:02.043  2786  2786 I dnsmasq : DHCPDISCOVER(usb0) a2:84:f5:f3:ca:79 
04-09 10:27:02.043  2786  2786 I dnsmasq : DHCPOFFER(usb0) 192.168.10.4 a2:84:f5:f3:ca:79 
04-09 10:27:02.047  2786  2786 I dnsmasq : DHCPREQUEST(usb0) 192.168.10.4 a2:84:f5:f3:ca:79 
04-09 10:27:02.047  2786  2786 I dnsmasq : DHCPACK(usb0) 192.168.10.4 a2:84:f5:f3:ca:79 
04-09 10:27:02.050  2786  2786 I dnsmasq : DHCPREQUEST(usb0) 192.168.10.4 a2:84:f5:f3:ca:79 
04-09 10:27:02.050  2786  2786 I dnsmasq : DHCPACK(usb0) 192.168.10.4 a2:84:f5:f3:ca:79 
04-09 10:27:02.100  2711  2723 I yani_server: NetLink Event '-1' Interface-Index '5' WLAN '-1' Ethernet '-1' Parsed-iFill '-1' -> 'INVALID' ifIndex '1' -> 'lo'
04-09 10:27:02.128  2729  2729 I ServiceManager: Waiting for service media.player...
04-09 10:27:03.063  2692  2692 I sh      : btaudioplayer: not found
04-09 10:27:03.132  2692  2692 I sh      : *** play mode control constructor end 
04-09 10:27:03.132  2729  2729 E BrowseModeControl: Read env failed
04-09 10:27:03.132  2729  2729 I UIModeManager: RegisterModeControl Mode - BrowseMode ModeControl - 0xaaf54830
04-09 10:27:03.132  2729  2729 E DefaultBrowser: m_ItemsCount = 7 
04-09 10:27:03.133  2729  2729 E SDCardBrowser: SDCARD Browser constructor mounting vfat first
04-09 10:27:03.134  2729  2729 E SDCardBrowser: 3 GOTOP  Sytem return value = -1
04-09 10:27:03.134  2729  2729 E SDCardBrowser: mounting vfat failed, try ntfs, return value = -1
04-09 10:27:03.136  2729  2729 I ServiceManager: Waiting for service media.player...
04-09 10:27:03.155  2692  2692 I sh      : /dev/block/sd*: No such file or directory
04-09 10:27:04.117  2731  2739 I NetworkMonitor: Number of APs is 34
04-09 10:27:04.118  2731  2739 I NetworkMonitor: Number of APs with same essid 0
04-09 10:27:04.138  2729  2729 I ServiceManager: Waiting for service media.player...
