04-09 09:59:36.419     0     0 I         : [    1.424819@2] Registered swp emulation handler
04-09 09:59:36.419     0     0 I         : [    1.424858@2] Registered cp15_barrier emulation handler
04-09 09:59:36.419     0     0 I         : [    1.425238@2] Registered setend emulation handler
04-09 09:59:36.419     0     0 I         : [    1.425759@2] disable EAS feature
04-09 09:59:36.419     0     0 I         : [    1.426791@2] registered taskstats version 1
04-09 09:59:36.419     0     0 W         : [    1.436453@2] dwc3 ff500000.dwc3: Configuration mismatch. dr_mode forced to host
04-09 09:59:36.419     0     0 I         : [    1.941134@2] xhci-hcd xhci-hcd.0.auto: xHCI Host Controller
04-09 09:59:36.419     0     0 I         : [    1.941195@2] xhci-hcd xhci-hcd.0.auto: new USB bus registered, assigned bus number 1
04-09 09:59:36.419     0     0 I         : [    1.942384@2] xhci-hcd xhci-hcd.0.auto: hcc params 0x0220f664 hci version 0x100 quirks 0x02010010
04-09 09:59:36.419     0     0 I         : [    1.942874@2] xhci-hcd xhci-hcd.0.auto: irq 27, io mem 0xff500000
04-09 09:59:36.419     0     0 I         : [    1.944364@0] hub 1-0:1.0: USB hub found
04-09 09:59:36.419     0     0 I         : [    1.944436@0] hub 1-0:1.0: 1 port detected
04-09 09:59:36.419     0     0 I         : [    1.944955@0] xhci-hcd xhci-hcd.0.auto: xHCI Host Controller
04-09 09:59:36.419     0     0 I         : [    1.945192@0] xhci-hcd xhci-hcd.0.auto: new USB bus registered, assigned bus number 2
04-09 09:59:36.419     0     0 I         : [    1.946022@0] usb usb2: We don't know the algorithms for LPM for this host, disabling LPM.
04-09 09:59:36.419     0     0 I         : [    1.947565@0] hub 2-0:1.0: USB hub found
04-09 09:59:36.419     0     0 E         : [    1.947626@0] hub 2-0:1.0: config failed, hub doesn't have any ports! (err -19)
04-09 09:59:36.419     0     0 E         : [    1.948235@0] usb usb2: Unsupported the hub
04-09 09:59:36.419     0     0 I         : [    1.948978@0] aml_vrtc rtc: setting system clock to 2022-04-09 04:29:33 UTC (1649478573)
04-09 09:59:36.419     0     0 D         : [    1.949802@0] dwc_otg ff400000.dwc2_a: dwc_otg_driver_probe(ffffffc01d66cc00)
04-09 09:59:36.419     0     0 W [    1.949848@0] dwc_otg: usb0: type: 2 speed: 0, config: 0, dma: 0, id: 0, phy: ffe09000, ctrl: 0
04-09 09:59:36.419     0     0 D         : [    1.950227@0] dwc_otg ff400000.dwc2_a: base=0xffffff8008a40000
04-09 09:59:36.419     0     0 D         : [    1.950233@0] dwc_otg ff400000.dwc2_a: dwc_otg_device=0xffffffc01c78b000
04-09 09:59:36.419     0     0 W [    2.050676@0] dwc_otg: Core Release: 3.10a
04-09 09:59:36.420     0     0 W [    2.050712@0] dwc_otg: Setting default values for core params
04-09 09:59:36.420     0     0 W [    2.051126@0] dwc_otg: curmode: 0, host_only: 0
04-09 09:59:36.420     0     0 D         : [    2.051611@0] dwc_otg ff400000.dwc2_a: DMA config: BURST_DEFAULT
04-09 09:59:36.420     0     0 W [    2.063927@0] dwc_otg: Using Buffer DMA mode
04-09 09:59:36.420     0     0 W [    2.063950@0] dwc_otg: OTG VER PARAM: 1, OTG VER FLAG: 1
04-09 09:59:36.420     0     0 W [    2.064327@0] dwc_otg: Working on port type = SLAVE
04-09 09:59:36.420     0     0 W [    2.064812@0] dwc_otg: Dedicated Tx FIFOs mode
04-09 09:59:36.420     0     0 I [    2.067202@0] input: adc_keypad as /devices/platform/adc_keypad/input/input1
04-09 09:59:36.420     0     0 I         : [    2.069201@0] cpucore_cooling_register, max_cpu_core_num:4
04-09 09:59:36.420     0     0 I [    2.076002@0] gxbb_pm: enter meson_pm_probe!
04-09 09:59:36.420     0     0 I         : [    2.076043@0] no vddio3v3_en pin
04-09 09:59:36.420     0     0 E         : [    2.076202@0] pm-meson aml_pm: Can't get switch_clk81
04-09 09:59:36.420     0     0 I [    2.076725@0] gxbb_pm: meson_pm_probe done
04-09 09:59:36.420     0     0 I         : [    2.077465@0] ALSA device list:
04-09 09:59:36.420     0     0 I [    2.077491@0]   #0: AML-AUGESOUND
04-09 09:59:36.420     0     0 I         : [    2.077981@0] meson_uart ff804000.serial: ttyS3 use xtal(8M) 24000000 change 115200 to 115200
04-09 09:59:36.420     0     0 I         : [    2.083896@0] Freeing unused kernel memory: 6080K
04-09 09:59:36.420     0     0 I [    2.300798@3] ubi0: attaching mtd6
04-09 09:59:36.420     0     0 I [    2.510960@3] ubi0: scanning is finished
04-09 09:59:36.420     0     0 I [    2.514903@0] ubi0: attached mtd6 (name "system", size 100 MiB)
04-09 09:59:36.420     0     0 I [    2.515187@0] ubi0: PEB size: 262144 bytes (256 KiB), LEB size: 253952 bytes
04-09 09:59:36.420     0     0 I [    2.522198@0] ubi0: min./max. I/O unit sizes: 4096/4096, sub-page size 4096
04-09 09:59:36.420     0     0 I [    2.529083@0] ubi0: VID header offset: 4096 (aligned 4096), data offset: 8192
04-09 09:59:36.420     0     0 I [    2.536148@0] ubi0: good PEBs: 400, bad PEBs: 0, corrupted PEBs: 0
04-09 09:59:36.420     0     0 I [    2.542276@0] ubi0: user volume: 1, internal volumes: 1, max. volumes count: 128
04-09 09:59:36.420     0     0 I [    2.549606@0] ubi0: max/mean erase counter: 37/25, WL threshold: 4096, image sequence number: 736763309
04-09 09:59:36.420     0     0 I [    2.558923@0] ubi0: available PEBs: 0, total reserved PEBs: 400, PEBs reserved for bad PEB handling: 40
04-09 09:59:36.420     0     0 I [    2.568249@2] ubi0: background thread "ubi_bgt0d" started, PID 2142
04-09 09:59:36.420     0     0 I         : [    2.573990@0] UBIFS (ubi0:0): background thread "ubifs_bgt0_0" started, PID 2145
04-09 09:59:36.420     0     0 I         : [    2.620411@1] UBIFS (ubi0:0): UBIFS: mounted UBI device 0, volume 0, name "rootfs"
04-09 09:59:36.420     0     0 I         : [    2.622337@1] UBIFS (ubi0:0): LEB size: 253952 bytes (248 KiB), min./max. I/O unit sizes: 4096 bytes/4096 bytes
04-09 09:59:36.420     0     0 I         : [    2.632363@1] UBIFS (ubi0:0): FS size: 87867392 bytes (83 MiB, 346 LEBs), journal size 9404416 bytes (8 MiB, 38 LEBs)
04-09 09:59:36.420     0     0 I         : [    2.642868@1] UBIFS (ubi0:0): reserved for root: 0 bytes (0 KiB)
04-09 09:59:36.420     0     0 I         : [    2.648820@1] UBIFS (ubi0:0): media format: w4/r0 (latest is w4/r0), UUID DC99A6D8-69BA-4DD7-9E44-726260A6E747, small LPT model
04-09 09:59:36.420     0     0 I [    2.900178@2] init: property init
04-09 09:59:36.420     0     0 I [    2.900926@2] init: reading config file
04-09 09:59:36.420     0     0 I [    2.907686@2] init: processing action 0xaacbc808 (boot_start)
04-09 09:59:36.420     0     0 I [    2.915469@2] init: command 'boot_start' r=0
04-09 09:59:36.420     0     0 I [    2.916512@2] init: processing action 0xaacb86b0 (early-init)
04-09 09:59:36.420     0     0 I [    2.921207@2] init: starting 'ueventd'
04-09 09:59:36.420     0     0 I [    2.924516@2] init: command 'start' r=0
04-09 09:59:36.420     0     0 I [    2.927419@2] init: command 'loglevel' r=0
04-09 09:59:36.420     0     0 I [    2.932364@2] init: command 'mount' r=0
04-09 09:59:36.420     0     0 I [    2.934124@3] init: starting ueventd
04-09 09:59:36.420     0     0 I [    2.934895@3] init: /sys/ rule /sys/devices/virtual/input/input* enable
04-09 09:59:36.420     0     0 I [    2.934907@3] init: /sys/ rule /sys/devices/virtual/input/input* poll_delay
04-09 09:59:36.420     0     0 I [    2.934916@3] init: /sys/ rule /sys/devices/virtual/usb_composite/* enable
04-09 09:59:36.420     0     0 I [    2.940525@3] init: adding platform device ffd0f0d0.watchdog
04-09 09:59:36.420     0     0 I [    2.940950@3] init: adding platform device reg-dummy
04-09 09:59:36.420     0     0 I [    2.941615@3] init: adding platform device cpu_iomap
04-09 09:59:36.420     0     0 I [    2.941947@3] init: adding platform device 7400000.ramoops
04-09 09:59:36.420     0     0 I [    2.942204@3] init: adding platform device bt-dev
04-09 09:59:36.420     0     0 I [    2.942785@3] init: adding platform device dummy
04-09 09:59:36.420     0     0 I [    2.989924@2] init: command 'mount' r=0
04-09 09:59:36.420     0     0 I [    3.194131@1] ubi1: attaching mtd7
04-09 09:59:36.420     0     0 I [    3.487803@1] ubi1: scanning is finished
04-09 09:59:36.420     0     0 I [    3.492140@2] ubi1: attached mtd7 (name "chrome", size 140 MiB)
04-09 09:59:36.420     0     0 I [    3.492426@2] ubi1: PEB size: 262144 bytes (256 KiB), LEB size: 253952 bytes
04-09 09:59:36.420     0     0 I [    3.499438@2] ubi1: min./max. I/O unit sizes: 4096/4096, sub-page size 4096
04-09 09:59:36.420     0     0 I [    3.506323@2] ubi1: VID header offset: 4096 (aligned 4096), data offset: 8192
04-09 09:59:36.420     0     0 I [    3.513387@2] ubi1: good PEBs: 560, bad PEBs: 0, corrupted PEBs: 0
04-09 09:59:36.420     0     0 I [    3.519515@2] ubi1: user volume: 1, internal volumes: 1, max. volumes count: 128
04-09 09:59:36.420     0     0 I [    3.526846@2] ubi1: max/mean erase counter: 34/25, WL threshold: 4096, image sequence number: 1458511589
04-09 09:59:36.420     0     0 I [    3.536247@2] ubi1: available PEBs: 0, total reserved PEBs: 560, PEBs reserved for bad PEB handling: 40
04-09 09:59:36.420     0     0 I [    3.545568@3] ubi1: background thread "ubi_bgt1d" started, PID 2555
04-09 09:59:36.420     0     0 I         : [    3.560084@2] UBIFS (ubi1:0): background thread "ubifs_bgt1_0" started, PID 2558
04-09 09:59:36.420     0     0 I         : [    3.586949@0] UBIFS (ubi1:0): recovery needed
04-09 09:59:36.420     0     0 I         : [    3.646698@3] UBIFS (ubi1:0): recovery completed
04-09 09:59:36.420     0     0 I         : [    3.646851@3] UBIFS (ubi1:0): UBIFS: mounted UBI device 1, volume 0, name "chrome"
04-09 09:59:36.420     0     0 I         : [    3.653331@3] UBIFS (ubi1:0): LEB size: 253952 bytes (248 KiB), min./max. I/O unit sizes: 4096 bytes/4096 bytes
04-09 09:59:36.420     0     0 I         : [    3.663209@3] UBIFS (ubi1:0): FS size: 128499712 bytes (122 MiB, 506 LEBs), journal size 9404416 bytes (8 MiB, 38 LEBs)
04-09 09:59:36.420     0     0 I         : [    3.673899@3] UBIFS (ubi1:0): reserved for root: 0 bytes (0 KiB)
04-09 09:59:36.420     0     0 I         : [    3.679852@3] UBIFS (ubi1:0): media format: w4/r0 (latest is w4/r0), UUID 3D7B4A1D-6849-462E-B889-C151DCC94211, small LPT model
04-09 09:59:36.420     0     0 I [    3.723287@3] ubi2: attaching mtd8
04-09 09:59:36.420     0     0 I         : [    3.889971@3]  NAND bbt detect factory Bad block at 17a40000
04-09 09:59:36.420     0     0 I         : [    3.901564@3]  NAND bbt detect factory Bad block at 18000000
04-09 09:59:36.420     0     0 I         : [    3.901623@3]  NAND bbt detect factory Bad block at 18040000
04-09 09:59:36.421     0     0 I [    4.175058@3] ubi2: scanning is finished
04-09 09:59:36.421     0     0 I [    4.180029@1] ubi2: attached mtd8 (name "data", size 213 MiB)
04-09 09:59:36.421     0     0 I [    4.180148@1] ubi2: PEB size: 262144 bytes (256 KiB), LEB size: 253952 bytes
04-09 09:59:36.421     0     0 I [    4.187156@1] ubi2: min./max. I/O unit sizes: 4096/4096, sub-page size 4096
04-09 09:59:36.421     0     0 I [    4.194047@1] ubi2: VID header offset: 4096 (aligned 4096), data offset: 8192
04-09 09:59:36.421     0     0 I [    4.201110@1] ubi2: good PEBs: 849, bad PEBs: 3, corrupted PEBs: 0
04-09 09:59:36.421     0     0 I [    4.207236@1] ubi2: user volume: 2, internal volumes: 1, max. volumes count: 128
04-09 09:59:36.421     0     0 I [    4.214567@1] ubi2: max/mean erase counter: 65/45, WL threshold: 4096, image sequence number: 1018457084
04-09 09:59:36.421     0     0 I [    4.223967@1] ubi2: available PEBs: 0, total reserved PEBs: 849, PEBs reserved for bad PEB handling: 37
04-09 09:59:36.421     0     0 I [    4.233301@0] ubi2: background thread "ubi_bgt2d" started, PID 2565
04-09 09:59:36.421     0     0 I         : [    4.247110@2] UBIFS (ubi2:0): background thread "ubifs_bgt2_0" started, PID 2569
04-09 09:59:36.421     0     0 I         : [    4.273722@1] UBIFS (ubi2:0): recovery needed
04-09 09:59:36.421     0     0 I         : [    4.345781@0] UBIFS (ubi2:0): recovery completed
04-09 09:59:36.421     0     0 I         : [    4.345940@0] UBIFS (ubi2:0): UBIFS: mounted UBI device 2, volume 0, name "factory"
04-09 09:59:36.421     0     0 I         : [    4.352377@0] UBIFS (ubi2:0): LEB size: 253952 bytes (248 KiB), min./max. I/O unit sizes: 4096 bytes/4096 bytes
04-09 09:59:36.421     0     0 I         : [    4.362374@0] UBIFS (ubi2:0): FS size: 10158080 bytes (9 MiB, 40 LEBs), journal size 2285569 bytes (2 MiB, 9 LEBs)
04-09 09:59:36.421     0     0 I         : [    4.372665@0] UBIFS (ubi2:0): reserved for root: 0 bytes (0 KiB)
04-09 09:59:36.421     0     0 I         : [    4.378590@0] UBIFS (ubi2:0): media format: w4/r0 (latest is w4/r0), UUID AD7DC8BC-6ACA-4841-8B12-7A54B54F57E7, small LPT model
04-09 09:59:36.421     0     0 I         : [    4.402307@2] UBIFS (ubi2:1): background thread "ubifs_bgt2_1" started, PID 2572
04-09 09:59:36.421     0     0 I         : [    4.428164@3] UBIFS (ubi2:1): recovery needed
04-09 09:59:36.421     0     0 I         : [    4.518885@0] UBIFS (ubi2:1): recovery completed
04-09 09:59:36.421     0     0 I         : [    4.519055@0] UBIFS (ubi2:1): UBIFS: mounted UBI device 2, volume 1, name "data"
04-09 09:59:36.421     0     0 I         : [    4.525229@0] UBIFS (ubi2:1): LEB size: 253952 bytes (248 KiB), min./max. I/O unit sizes: 4096 bytes/4096 bytes
04-09 09:59:36.421     0     0 I         : [    4.535221@0] UBIFS (ubi2:1): FS size: 189956096 bytes (181 MiB, 748 LEBs), journal size 9404416 bytes (8 MiB, 38 LEBs)
04-09 09:59:36.421     0     0 I         : [    4.545912@0] UBIFS (ubi2:1): reserved for root: 0 bytes (0 KiB)
04-09 09:59:36.421     0     0 I         : [    4.551866@0] UBIFS (ubi2:1): media format: w4/r0 (latest is w4/r0), UUID 34A475AE-5814-4337-8EB7-8868427E3B0E, small LPT model
04-09 09:59:36.421     0     0 I         : [    4.791152@0] aml_wifi wifi: [usb_power_control] Set WiFi power down
04-09 09:59:36.421     0     0 I [    4.791905@0] meson-mmc: [sdio_notify] finish
04-09 09:59:36.421     0     0 I         : [    4.796215@0] aml_wifi wifi: [wifi_power_ioctl] ioctl Set sdio wifi power down!
04-09 09:59:36.421     0     0 I         : [    4.799932@1] UBIFS (ubi0:0): background thread "ubifs_bgt0_0" stops
04-09 09:59:37.491  2585  2585 E         : found the match wifi is: sd8887
04-09 09:59:37.491  2585  2585 E         : wifi_insmod command:insmod /lib/modules/4.9.113/kernel/mrvl/mlan8887.ko 
--------- beginning of system
04-09 09:59:37.526  2604  2604 I wpa_supplicant: Successfully initialized wpa_supplicant
04-09 09:59:37.556  2604  2604 E wpa_supplicant: Could not read interface wlan0 flags: No such device
04-09 09:59:37.559  2604  2604 I wpa_supplicant: nl80211: Driver does not support authentication/association or connect commands
04-09 09:59:37.561  2604  2604 I wpa_supplicant: nl80211: deinit ifname=wlan0 disabled_11b_rates=0
04-09 09:59:37.563  2604  2604 E wpa_supplicant: Could not read interface wlan0 flags: No such device
04-09 09:59:37.564  2604  2604 E wpa_supplicant: wlan0: Failed to initialize driver interface
04-09 09:59:37.657  2585  2585 E         : wifi_insmod command:insmod /lib/modules/4.9.113/kernel/mrvl/sd8xxx.ko cal_data_cfg=mrvl/WlanCalData_ext_LS9x_291119.conf txpwrlimit_cfg=mrvl/txpwrlimit_cfg_8887.bin fw_name=mrvl/sd8887_wlan_a2_p59.bin cfg80211_wext=0xf host_mlme=1 auto_ds=2 fw_serial=1 sta_name="wlan" uap_name="p2p" ps_mode=2 max_uap_bss=2 drvdbg=0x7 reg_alpha2="00"
04-09 09:59:38.789  2585  2585 E         : Load BT driver
04-09 09:59:38.789  2585  2585 E         : found the match wifi is: (null)
04-09 09:59:38.789  2585  2585 E         : wifi_insmod command:insmod /lib/modules/4.9.113/kernel/mrvl/bt8xxx.ko fw_name=mrvl/sd8887_bt_a2_p59.bin bt_fw_serial=0
04-09 09:59:38.917  2696  2696 E writeSerialNo: Writing serial number to unifykey
04-09 09:59:38.943  2691  2691 I sh      : FACTEST:unifykey read success:20 20
04-09 09:59:38.944  2691  2691 I sh      : inbuf=de4f95ffa64d5e74b026  ret=20 serial.txt=de4f95ffa64d5e74b026 bytesread=20 strcmp=0
04-09 09:59:38.964  2694  2694 I ServiceManager: Waiting for service libre.EnvItems...
04-09 09:59:38.972  2689  2689 W sshd    : Failed loading /etc/dropbear/dropbear_rsa_host_key
04-09 09:59:38.972  2689  2689 W sshd    : Failed loading /etc/dropbear/dropbear_dss_host_key
04-09 09:59:38.972  2689  2689 W sshd    : Failed loading /etc/dropbear/dropbear_ecdsa_host_key
04-09 09:59:38.977  2689  2689 I sshd    : Not backgrounding
04-09 09:59:39.016  2697  2697 I ENV     : init 
04-09 09:59:39.017  2697  2697 I ENV     :  First boot 
04-09 09:59:39.018  2697  2697 E ENV     : fileExists:153 /lsync/env/env.db does not exist
04-09 09:59:39.024  2697  2697 D AVS_SDK :  [  1] I sdkVersion: 1.19.1
04-09 09:59:39.024  2697  2697 E ENV     :  FAILED to open:/lsync/env/tmp.db 
04-09 09:59:39.025  2697  2697 I ENV     : removeItem:79:/lsync/env/tmp.db not found
04-09 09:59:39.025  2697  2697 E ENV     : /lsync/env/env.db does not Exist.. tempStorage = 0
04-09 09:59:39.025  2697  2697 I ENV     : createUserDBFromFactoryCfg 
04-09 09:59:39.032  2697  2697 I ENV     : Using /factory/custom/factoryEnv.conf as conf file
04-09 09:59:39.032  2697  2697 I ENV     : removeItem:79:/lsync/env/env.db not found
04-09 09:59:39.032  2697  2697 E ENV     : Error removing /lsync/env/env.db
04-09 09:59:39.097  2697  2697 E ENV     : createUserDBFromFactoryCfg:307: tempStorage is undefined
04-09 09:59:39.097  2697  2697 I ENV     : Using /factory/custom/factoryEnv.conf and /lsync/env/env.db as conf and db file
04-09 09:59:39.097  2697  2697 I ENV     : init 
04-09 09:59:39.097  2697  2697 I ENV     :  First boot 
04-09 09:59:39.097  2697  2697 I ENV     : fileExists:151 /lsync/env/env.db exists
04-09 09:59:39.099  2697  2697 I ENV     : Copied /lsync/env/env.db to /lsync/env/tmp.db
04-09 09:59:39.100  2697  2697 E ENV     : /lsync/env/env.db does not Exist.. tempStorage = ac47ddb0
04-09 09:59:39.100  2697  2697 I ENV     : createUserDBFromFactoryCfg 
04-09 09:59:39.102  2697  2697 I ENV     : Using /factory/custom/factoryEnv.conf as conf file
04-09 09:59:39.103  2697  2697 I ENV     : removeItem:74:/lsync/env/env.db removed
04-09 09:59:39.103  2697  2697 I ENV     : Removed /lsync/env/env.db
04-09 09:59:39.115  2697  2697 E ENV     : createUserDBFromFactoryCfg:301: Failed at tempStorage->get_changed
04-09 09:59:39.507  2697  2697 I chatty  : uid=0(root) env_service identical 64 lines
04-09 09:59:39.512  2697  2697 E ENV     : createUserDBFromFactoryCfg:301: Failed at tempStorage->get_changed
04-09 09:59:39.514  2697  2697 E AVS_SDK :  [  1] E SQLiteStatement:SQLiteStatement::stepFailed::Executing the select did not generate a row or complete.:result=19
04-09 09:59:39.514  2697  2697 E AVS_SDK :  [  1] E SQLiteStatement:SQLiteStatement::finalizeFailed::Could release the prepared statement.:rcode=19
04-09 09:59:39.514  2697  2697 E ENV     : createUserDBFromFactoryCfg:286: Failed at m_miscStorage->put
04-09 09:59:39.520  2697  2697 E ENV     : createUserDBFromFactoryCfg:301: Failed at tempStorage->get_changed
04-09 09:59:39.706  2697  2697 I chatty  : uid=0(root) env_service identical 29 lines
04-09 09:59:39.712  2697  2697 E ENV     : createUserDBFromFactoryCfg:301: Failed at tempStorage->get_changed
04-09 09:59:39.712  2697  2697 I ENV     : Using /factory/custom/factoryEnv.conf and /lsync/env/env.db as conf and db file
04-09 09:59:39.713  2697  2697 I ENV     : fileExists:151 /lsync/env/env_bk.db exists
04-09 09:59:39.714  2697  2697 I ENV     : fileExists:151 /factory/custom/factoryEnv_bk.conf exists
04-09 09:59:39.715  2697  2697 I ENV     : removeItem:74:/lsync/env/tmp.db removed
04-09 09:59:41.955  2710  2710 I wpa_supplicant: Successfully initialized wpa_supplicant
04-09 09:59:41.970  2710  2710 I wpa_supplicant: rfkill: Cannot open RFKILL control device
04-09 09:59:42.003  2712  2712 E LUCI_FACTORY: LUCIFactory::registerBuiltinFactories
04-09 09:59:42.008  2713  2713 I main_sourceswitch: ServiceManager: 0xab56bf88
04-09 09:59:42.010  2713  2713 E luci_helper: LUCIHelper: Waiting for Module Init
04-09 09:59:42.010  2713  2713 E luci_helper: LUCIHelper: Waiting for Module Init
04-09 09:59:42.011  2712  2712 E LUCI_SERVER: IP = 0
04-09 09:59:42.034  2711  2711 E luci_helper: LUCIHelper: Waiting for Module Init
04-09 09:59:42.035  2711  2711 E luci_helper: LUCIHelper: Waiting for Module Init
04-09 09:59:42.035  2711  2711 E yani_server: YaniServer FAILED TO GET LuciHelper
04-09 09:59:42.064  2691  2691 I sh      : Simple mixer control 'Master',0
04-09 09:59:42.064  2691  2691 I sh      :   Capabilities: volume pswitch pswitch-joined
04-09 09:59:42.064  2691  2691 I sh      :   Playback channels: Front Left - Front Right
04-09 09:59:42.064  2691  2691 I sh      :   Capture channels: Front Left - Front Right
04-09 09:59:42.064  2691  2691 I sh      :   Limits: 0 - 100
04-09 09:59:42.085  2691  2691 I sh      :   Front Left: 30 [30%] [-10.45dB] Playback [on]
04-09 09:59:42.085  2691  2691 I sh      :   Front Right: 30 [30%] [-10.45dB] Playback [on]
04-09 09:59:42.086  2711  2711 E luci_helper: LUCIHelper: Waiting for Module Init
04-09 09:59:42.086  2711  2711 E yani_server: YaniServer FAILED TO GET LuciHelper
04-09 09:59:42.089  2712  2712 E luciUART: bufff write ? = 1 
04-09 09:59:42.091  2712  2712 E luciUART: tcsetattr succeed
04-09 09:59:42.092  2712  2721 E LUCI_SERVER: Luci Server Thread waiting for packets....
04-09 09:59:42.098  2710  2710 I wpa_supplicant: MPM: Debug Dialog Token initialized 986072752 (0x3ac646b0)
04-09 09:59:42.106  2710  2710 I wpa_supplicant: wlan0: CTRL-EVENT-REGDOM-CHANGE init=USER type=COUNTRY alpha2=US
04-09 09:59:42.170  2709  2709 I         : [0408/212942.170159:INFO:cast_auth_check.cc(163)] Cast auth test is successful.
04-09 09:59:42.545  2711  2723 E yani_kernel: Interface status 0
04-09 09:59:42.552  2711  2723 I yani_kernel: set_device_name() Interface 'wlan0' MAC Address 'cc:90:93:21:f3:84' FriendlyName 'Lyric Speaker Box 21f384' status '0'
04-09 09:59:42.553  2711  2723 I yani_server: First boot after Factory reset! Friendly Name modified Lyric Speaker Box  -> Lyric Speaker Box 21f384
04-09 09:59:42.559  2712  2712 I lucitransport: writeRemoteMessage() MID = 90 buffer = Lyric Speaker Box 21f384
04-09 09:59:42.559  2712  2712 I luciUART: write() MID = 90  bytes = 34 data = Lyric Speaker Box 21f384 m_fd = 0x5
04-09 09:59:42.560  2712  2712 I lucitransport: writeLocalMessage() MID = 90 buffer = Lyric Speaker Box 21f384
04-09 09:59:42.560  2712  2721 E LUCI_SERVER: Luci Server Thread wait over MID 90....
04-09 09:59:42.561  2711  2723 E yani_server: Device Supports CastSetup 1
04-09 09:59:42.562  2711  2723 I yani_kernel: yani_init_net() Success Netlink socket fd 6
04-09 09:59:42.565  2711  2723 E WifiHW  : wifi_start_supplicant
04-09 09:59:42.565  2711  2723 E WifiHW  : wifi_start_ctl.start : wpa_supplicant
04-09 09:59:42.590  2712  2721 E LUCI_SERVER: Luci Server Thread waiting for packets....
04-09 09:59:42.766  2711  2723 E WifiHW  : wifi_connect_to_supplicant : wlan0
04-09 09:59:42.766  2711  2723 E WifiHW  : wifi_connect_on_socket_path1 : wlan0
04-09 09:59:42.769  2711  2723 E yani_wifi: enable_disable_net_if() Failed SIOCGIFFLAGS for interface 'wlan1' enable '0'
04-09 09:59:42.774  2711  2723 I yani_wifi: configure_wifi() SSID '' security '' passphrase '********' Country 'US'
04-09 09:59:43.957  2691  2691 I sh      : LSDeviceService: not found
04-09 09:59:44.057  2731  2731 I NetMgr  : Net_Mgr starting
04-09 09:59:44.065  2731  2731 I HotspotManager: Default WiFi Interface : wlan0
04-09 09:59:44.067  2728  2728 E         :  Start MessageBox Handler 
04-09 09:59:44.071  2729  2729 E UIModeManager: UIModeManager Constructor ++
04-09 09:59:44.076  2731  2731 I NetworkMonitor: WiFi Interface : wlan0
04-09 09:59:44.076  2731  2731 I NetworkMonitor: Default WiFi Interface : wlan0
04-09 09:59:44.079  2731  2744 I NetworkMonitor: Start monitor thread
04-09 09:59:44.080  2729  2729 I AirableUIHelper: AirableUIHelper Contructor 
04-09 09:59:44.084  2729  2729 E AirableUIHelper:  Airable ENV_AirableBaseURL_ID Envitem returned failed!!!
04-09 09:59:44.086  2729  2729 E AirableUIHelper:  Airable ENV_AirableSecret_ID Envitem returned failed!!!
04-09 09:59:44.086  2729  2729 E AirableUIHelper: Airable Secret =  
04-09 09:59:44.092  2728  2741 E MB_HANDLER: HOST present 1
04-09 09:59:44.094  2728  2741 E MB_HANDLER:  REGISTERED YANI LISTENER IN MessageBoxHandler
04-09 09:59:44.096  2729  2729 I UIModeManager: RegisterModeControl Mode - PlayMode ModeControl - 0xab509c30
04-09 09:59:44.097  2729  2729 I ServiceManager: Waiting for service media.player...
04-09 09:59:44.098  2728  2741 E         : External Host present 1
04-09 09:59:44.098  2728  2741 E MB_HANDLER: REGISTERED ExternalSource IN MessageBoxHandler
04-09 09:59:44.102  2728  2741 E MB_HANDLER: Check Device Support ENV_CastSetup true ENV_GoogleCast_ID true 
04-09 09:59:44.113  2712  2720 E luciUART: UART:0
04-09 09:59:44.114  2712  2720 E luciUART: UART:9
04-09 09:59:44.114  2712  2720 E luciUART: UART:0
04-09 09:59:44.114  2712  2720 I chatty  : uid=0(root) UARTLUCIControl identical 2 lines
04-09 09:59:44.114  2712  2720 E luciUART: UART:0
04-09 09:59:44.114  2712  2720 E luciUART: UART:1
04-09 09:59:44.114  2712  2720 I luciUART: read() RemoteID = 43690 Command = 9 Type = 2 Status = 0 DataLen = 1
04-09 09:59:44.114  2712  2720 E luciUART: Error: full data not available yet! readBytes 0
04-09 09:59:44.114  2712  2720 I luciUART: Previous Packet read contd., 
04-09 09:59:44.114  2712  2720 E luciUART: UART:31
04-09 09:59:44.115  2712  2720 E luciUART: UART:f
04-09 09:59:44.115  2712  2720 I luciUART: read() RemoteID = 43690 Command = 208 Type = 2 Status = 0 DataLen = 15
04-09 09:59:44.115  2712  2720 E luciUART: Error: full data not available yet! readBytes 0
04-09 09:59:44.115  2712  2720 I luciUART: Previous Packet read contd., 
04-09 09:59:44.115  2712  2720 E luciUART: UART:52
04-09 09:59:44.115  2712  2720 E luciUART: UART:45
04-09 09:59:44.115  2712  2720 E luciUART: UART:41
04-09 09:59:44.116  2712  2720 E luciUART: UART:44
04-09 09:59:44.116  2712  2720 I luciUART: Previous Packet read contd., 
04-09 09:59:44.116  2712  2720 E luciUART: UART:5f
04-09 09:59:44.116  2712  2720 I luciUART: Previous Packet read contd., 
04-09 09:59:44.116  2712  2720 E luciUART: UART:43
04-09 09:59:44.116  2712  2720 I luciUART: Previous Packet read contd., 
04-09 09:59:44.116  2712  2720 E luciUART: UART:55
04-09 09:59:44.116  2712  2720 I luciUART: Previous Packet read contd., 
04-09 09:59:44.116  2712  2720 E luciUART: UART:56
04-09 09:59:44.116  2712  2720 I luciUART: Previous Packet read contd., 
04-09 09:59:44.116  2712  2720 E luciUART: UART:65
04-09 09:59:44.116  2712  2720 I luciUART: Previous Packet read contd., 
04-09 09:59:44.116  2731  2744 E WifiUtil: command: "SCAN" failed: FAIL-BUSY
04-09 09:59:44.117  2712  2720 E luciUART: UART:72
04-09 09:59:44.117  2712  2720 I luciUART: Previous Packet read contd., 
04-09 09:59:44.117  2712  2720 E luciUART: UART:73
04-09 09:59:44.117  2712  2720 I luciUART: Previous Packet read contd., 
04-09 09:59:44.117  2712  2720 E luciUART: UART:69
04-09 09:59:44.117  2712  2720 I luciUART: Previous Packet read contd., 
04-09 09:59:44.117  2712  2720 E luciUART: UART:6f
04-09 09:59:44.118  2712  2721 I luciUART: write() MID = 208  bytes = 21 data = MCUVersion: m_fd = 0x5
04-09 09:59:44.118  2712  2721 E LUCI_SERVER: NV_READ response= MCUVersion:
04-09 09:59:44.119  2712  2721 E LUCI_SERVER: Luci Server Thread waiting for packets....
04-09 09:59:44.119  2712  2720 E luciUART: UART:0
04-09 09:59:44.119  2712  2720 I chatty  : uid=0(root) UARTLUCIControl identical 1 line
04-09 09:59:44.119  2712  2720 E luciUART: UART:0
04-09 09:59:44.119  2712  2720 I luciUART: read() RemoteID = 43690 Command = 91 Type = 2 Status = 0 DataLen = 0
04-09 09:59:44.119  2712  2720 E luciUART: UART:aa
04-09 09:59:44.119  2712  2721 E LUCI_SERVER: Luci Server Thread wait over MID 91....
04-09 09:59:44.119  2712  2720 E luciUART: UART:aa
04-09 09:59:44.120  2712  2720 E luciUART: UART:0
04-09 09:59:44.120  2712  2720 I chatty  : uid=0(root) UARTLUCIControl identical 3 lines
04-09 09:59:44.120  2712  2720 E luciUART: UART:0
04-09 09:59:44.120  2712  2720 I luciUART: read() RemoteID = 43690 Command = 5 Type = 1 Status = 0 DataLen = 0
04-09 09:59:44.120  2712  2720 E luciUART: UART:aa
04-09 09:59:44.120  2712  2720 E luciUART: UART:aa
04-09 09:59:44.120  2712  2720 E luciUART: UART:1
04-09 09:59:44.120  2712  2720 E luciUART: UART:0
04-09 09:59:44.121  2712  2720 E luciUART: UART:97
04-09 09:59:44.121  2712  2720 E luciUART: UART:0
04-09 09:59:44.121  2712  2720 I chatty  : uid=0(root) UARTLUCIControl identical 3 lines
04-09 09:59:44.121  2712  2720 E luciUART: UART:0
04-09 09:59:44.121  2712  2720 I luciUART: read() RemoteID = 43690 Command = 151 Type = 1 Status = 0 DataLen = 0
04-09 09:59:44.121  2712  2720 E luciUART: UART:aa
04-09 09:59:44.121  2712  2720 E luciUART: UART:aa
04-09 09:59:44.121  2712  2720 E luciUART: UART:2
04-09 09:59:44.121  2712  2720 E luciUART: UART:0
04-09 09:59:44.121  2712  2720 E luciUART: UART:d0
04-09 09:59:44.122  2736  2736 D dhcpcd  : wlan0: adding address fe80::ce90:93ff:fe21:f384
04-09 09:59:44.122  2712  2720 E luciUART: UART:0
04-09 09:59:44.122  2712  2720 I chatty  : uid=0(root) UARTLUCIControl identical 2 lines
04-09 09:59:44.122  2712  2720 E luciUART: UART:0
04-09 09:59:44.122  2712  2720 E luciUART: UART:9
04-09 09:59:44.122  2712  2720 I luciUART: read() RemoteID = 43690 Command = 208 Type = 2 Status = 0 DataLen = 9
04-09 09:59:44.122  2712  2720 E luciUART: Error: full data not available yet! readBytes 0
04-09 09:59:44.122  2712  2720 I luciUART: Previous Packet read contd., 
04-09 09:59:44.122  2712  2720 E luciUART: UART:52
04-09 09:59:44.122  2712  2720 I luciUART: Previous Packet read contd., 
04-09 09:59:44.126  2712  2721 I luciUART: write() MID = 208  bytes = 15 data = ssid: m_fd = 0x5
04-09 09:59:44.126  2712  2721 E LUCI_SERVER: NV_READ response= ssid:
04-09 09:59:44.126  2712  2721 E LUCI_SERVER: Luci Server Thread waiting for packets....
04-09 09:59:44.127  2712  2712 I lucitransport: writeRemoteMessage() MID = 91 buffer = CC:90:93:21:F3:84
04-09 09:59:44.127  2712  2712 I luciUART: write() MID = 91  bytes = 27 data = CC:90:93:21:F3:84 m_fd = 0x5
04-09 09:59:44.127  2728  2741 E MB_HANDLER: Message Handler Thread waiting for messages....
04-09 09:59:44.137  2712  2720 E luciUART: UART:aa
04-09 09:59:44.137  2712  2720 E luciUART: UART:aa
04-09 09:59:44.137  2712  2720 E luciUART: UART:2
04-09 09:59:44.137  2712  2720 E luciUART: UART:0
04-09 09:59:44.138  2712  2720 E luciUART: UART:d0
04-09 09:59:44.138  2712  2720 E luciUART: UART:0
04-09 09:59:44.138  2712  2720 I chatty  : uid=0(root) UARTLUCIControl identical 2 lines
04-09 09:59:44.138  2712  2720 E luciUART: UART:0
04-09 09:59:44.138  2712  2720 E luciUART: UART:9
04-09 09:59:44.138  2712  2720 I luciUART: read() RemoteID = 43690 Command = 208 Type = 2 Status = 0 DataLen = 9
04-09 09:59:44.138  2712  2720 E luciUART: Error: full data not available yet! readBytes 0
04-09 09:59:44.138  2712  2720 I luciUART: Previous Packet read contd., 
04-09 09:59:44.138  2712  2720 E luciUART: UART:52
04-09 09:59:44.138  2712  2720 I luciUART: Previous Packet read contd., 
04-09 09:59:44.138  2712  2720 E luciUART: UART:45
04-09 09:59:44.138  2712  2720 I luciUART: Previous Packet read contd., 
04-09 09:59:44.138  2712  2720 E luciUART: UART:41
04-09 09:59:44.138  2712  2720 I luciUART: Previous Packet read contd., 
04-09 09:59:44.138  2712  2720 E luciUART: UART:44
04-09 09:59:44.138  2712  2720 I luciUART: Previous Packet read contd., 
04-09 09:59:44.138  2712  2720 E luciUART: UART:5f
04-09 09:59:44.138  2712  2720 I luciUART: Previous Packet read contd., 
04-09 09:59:44.139  2712  2720 E luciUART: UART:73
04-09 09:59:44.139  2712  2720 I luciUART: Previous Packet read contd., 
04-09 09:59:44.139  2712  2720 E luciUART: UART:73
04-09 09:59:44.139  2712  2720 I luciUART: Previous Packet read contd., 
04-09 09:59:44.139  2712  2720 E luciUART: UART:69
04-09 09:59:44.139  2712  2720 I luciUART: Previous Packet read contd., 
04-09 09:59:44.139  2712  2720 E luciUART: UART:64
04-09 09:59:44.139  2712  2721 E LUCI_SERVER: Luci Server Thread wait over MID 208....
04-09 09:59:44.139  2712  2721 E LUCI_SERVER: Got NV name : ssid
04-09 09:59:44.141  2712  2721 I luciUART: write() MID = 208  bytes = 15 data = ssid: m_fd = 0x5
04-09 09:59:44.141  2712  2721 E LUCI_SERVER: NV_READ response= ssid:
04-09 09:59:44.141  2712  2720 E luciUART: UART:aa
04-09 09:59:44.141  2712  2721 E LUCI_SERVER: Luci Server Thread waiting for packets....
04-09 09:59:44.141  2712  2720 E luciUART: UART:aa
04-09 09:59:44.141  2712  2720 E luciUART: UART:2
04-09 09:59:44.141  2712  2720 E luciUART: UART:0
04-09 09:59:44.141  2712  2720 E luciUART: UART:6
04-09 09:59:44.142  2712  2712 I lucitransport: readRemoteMessage() MID char = 6 buffer = 1001
04-09 09:59:44.142  2712  2720 E luciUART: UART:41
04-09 09:59:44.142  2712  2720 I luciUART: Previous Packet read contd., 
04-09 09:59:44.142  2712  2720 E luciUART: UART:44
04-09 09:59:44.142  2712  2720 I luciUART: Previous Packet read contd., 
04-09 09:59:44.142  2712  2720 E luciUART: UART:5f
04-09 09:59:44.142  2712  2720 I luciUART: Previous Packet read contd., 
04-09 09:59:44.142  2712  2720 E luciUART: UART:66
04-09 09:59:44.142  2712  2720 I luciUART: Previous Packet read contd., 
04-09 09:59:44.142  2712  2720 E luciUART: UART:77
04-09 09:59:44.142  2712  2720 I luciUART: Previous Packet read contd., 
04-09 09:59:44.142  2712  2720 E luciUART: UART:64
04-09 09:59:44.142  2712  2720 I luciUART: Previous Packet read contd., 
04-09 09:59:44.149  2734  2734 D bt_osi_allocation_tracker: canary initialized
04-09 09:59:44.153  2712  2721 I luciUART: write() MID = 208  bytes = 67 data = fwdownload_xml:https://openotaengine.libreiotcloud.com/v1 m_fd = 0x5
04-09 09:59:44.153  2712  2721 E LUCI_SERVER: NV_READ response= fwdownload_xml:https://openotaengine.libreiotcloud.com/v1
04-09 09:59:44.153  2728  2741 E MB_HANDLER: Message Handler Thread waiting for messages....
04-09 09:59:44.153  2712  2721 E LUCI_SERVER: Luci Server Thread waiting for packets....
04-09 09:59:44.153  2734  2755 I bt_osi_thread: run_thread: thread id 2755, thread name stack_manager started
04-09 09:59:44.155  2734  2755 I bt_stack_manager: event_init_stack is initializing the stack
04-09 09:59:44.160  2734  2755 E bt_osi_config: config_new unable to open file '/data/misc/bluedroid/bt_config.conf': No such file or directory
04-09 09:59:44.160  2734  2755 W bt_btif_config: init unable to load config file: /data/misc/bluedroid/bt_config.conf; using backup.
04-09 09:59:44.160  2734  2755 E bt_osi_config: config_new unable to open file '/data/misc/bluedroid/bt_config.bak': No such file or directory
04-09 09:59:44.160  2734  2755 W bt_btif_config: init unable to load backup; attempting to transcode legacy file.
04-09 09:59:44.162  2734  2755 E bt_btif_config_transcode: btif_config_transcode unable to load XML file '/data/misc/bluedroid/bt_config.xml': 3
04-09 09:59:44.162  2734  2755 E bt_btif_config: init unable to transcode legacy file; creating empty config.
04-09 09:59:44.163  2734  2759 I bt_osi_thread: run_thread: thread id 2759, thread name alarm_default_ca started
04-09 09:59:44.163  2734  2760 I bt_osi_thread: run_thread: thread id 2760, thread name alarm_dispatcher started
04-09 09:59:44.166  2734  2755 I bt_btif_core: btif_init_bluetooth entered
04-09 09:59:44.169  2734  2755 I bt_stack_config: init attempt to load stack conf from /etc/bluetooth/bt_stack.conf
04-09 09:59:44.171  2734  2762 I bt_osi_thread: run_thread: thread id 2762, thread name bt_jni_workqueue started
04-09 09:59:44.171  2734  2755 I bt_btif_core: btif_init_bluetooth finished
04-09 09:59:44.171  2734  2755 I bt_stack_manager: event_init_stack finished
04-09 09:59:44.173  2734  2734 I bt_osi_wakelock: wakelock_set_os_callouts set to non-native
04-09 09:59:44.173  2734  2762 I bt_btif_core: run_message_loop entered
04-09 09:59:44.176  2734  2734 I bt_btif : get_profile_interface: id = gatt
04-09 09:59:44.181  2734  2734 I bt_btif : get_profile_interface: id = a2dp
04-09 09:59:44.182  2734  2734 I bt_btif : get_profile_interface: id = a2dp_sink
04-09 09:59:44.190  2734  2766 I bt_osi_thread: run_thread: thread id 2766, thread name btif_a2dp_sink_w started
04-09 09:59:44.195  2734  2734 D a2dp_codec: init
04-09 09:59:44.201  2734  2734 D a2dp_codec: createCodec: codec SBC
04-09 09:59:44.204  2731  2745 E CommandListener: Message not handled: unrecognized interface usb0
04-09 09:59:44.204  2731  2745 W FrameworkListener: Handler 'Iface' error (Success)
04-09 09:59:44.204  2731  2745 E CommandListener: Message not handled: unrecognized interface usb0
04-09 09:59:44.204  2731  2745 W FrameworkListener: Handler 'Iface' error (Success)
04-09 09:59:44.205  2734  2734 D a2dp_codec: createCodec: codec AAC
04-09 09:59:44.207  2734  2734 D a2dp_codec: createCodec: codec aptX
04-09 09:59:44.208  2734  2734 E a2dp_vendor_aptx_encoder: A2DP_VendorLoadEncoderAptx: cannot open aptX encoder library libaptX_encoder.so: libaptX_encoder.so: cannot open shared object file: No such file or directory
04-09 09:59:44.208  2734  2734 E a2dp_vendor_aptx: init: cannot load the encoder
04-09 09:59:44.208  2734  2734 D a2dp_codec: createCodec: codec aptX-HD
04-09 09:59:44.210  2734  2734 E a2dp_vendor_aptx_hd_encoder: A2DP_VendorLoadEncoderAptxHd: cannot open aptX-HD encoder library libaptXHD_encoder.so: libaptXHD_encoder.so: cannot open shared object file: No such file or directory
04-09 09:59:44.210  2734  2734 E a2dp_vendor_aptx_hd: init: cannot load the encoder
04-09 09:59:44.211  2734  2734 D a2dp_codec: createCodec: codec LDAC
04-09 09:59:44.212  2734  2734 E a2dp_vendor_ldac_encoder: A2DP_VendorLoadEncoderLdac: cannot open LDAC encoder library libldacBT_enc.so: libldacBT_enc.so: cannot open shared object file: No such file or directory
04-09 09:59:44.212  2734  2734 E a2dp_vendor_ldac: init: cannot load the encoder
04-09 09:59:44.212  2734  2734 D a2dp_codec: createCodec: codec SBC SINK
04-09 09:59:44.212  2734  2734 D a2dp_codec: createCodec: codec AAC SINK
04-09 09:59:44.212  2734  2734 I a2dp_codec: init: initialized Source codec AAC
04-09 09:59:44.212  2734  2734 I a2dp_codec: init: initialized Source codec SBC
04-09 09:59:44.212  2734  2734 I a2dp_codec: init: initialized Sink codec AAC(Sink)
04-09 09:59:44.212  2734  2734 I a2dp_codec: init: initialized Sink codec SBC(Sink)
04-09 09:59:44.212  2734  2734 I bt_btif : get_profile_interface: id = avrcp
04-09 09:59:44.213  2734  2762 E bt_btif : btif_sm_dispatch : Invalid handle
04-09 09:59:44.214  2734  2734 I bt_btif : get_profile_interface: id = avrcp_ctrl
04-09 09:59:44.215  2734  2734 I bt_btif : get_profile_interface: id = hidhost
04-09 09:59:44.219  2731  2745 E CommandListener: Message not handled: unrecognized interface usb0
04-09 09:59:44.219  2731  2745 W FrameworkListener: Handler 'Iface' error (Success)
04-09 09:59:44.223  2731  2745 E CommandListener: Message not handled: unrecognized interface usb0
04-09 09:59:44.223  2731  2745 W FrameworkListener: Handler 'Iface' error (Success)
04-09 09:59:44.226  2731  2745 E CommandListener: Message not handled: unrecognized interface usb0
04-09 09:59:44.226  2731  2745 W FrameworkListener: Handler 'Iface' error (Success)
04-09 09:59:44.226  2734  2734 I bluetoothtbd: [0408/212944.226749:INFO:daemon.cc(168)] Daemon initialized
04-09 09:59:44.227  2734  2734 I bt_btif : enable: start restricted = 0
04-09 09:59:44.227  2734  2755 I bt_stack_manager: event_start_up_stack is bringing up the stack
04-09 09:59:44.227  2734  2755 I bt_core_module: module_start_up Starting module "btif_config_module"
04-09 09:59:44.227  2734  2755 I bt_core_module: module_start_up Started module "btif_config_module"
04-09 09:59:44.227  2734  2755 I bt_core_module: module_start_up Starting module "btsnoop_module"
04-09 09:59:44.227  2734  2755 I bt_core_module: module_start_up Started module "btsnoop_module"
04-09 09:59:44.228  2731  2745 E CommandListener: Message not handled: unrecognized interface usb0
04-09 09:59:44.228  2731  2745 W FrameworkListener: Handler 'Iface' error (Success)
04-09 09:59:44.228  2734  2755 I bt_core_module: module_start_up Starting module "hci_module"
04-09 09:59:44.228  2734  2755 I bt_hci  : hci_module_start_up
04-09 09:59:44.235  2734  2779 I bt_osi_thread: run_thread: thread id 2779, thread name hci_thread started
04-09 09:59:44.236  2734  2755 D bt_hci  : hci_module_start_up starting async portion
04-09 09:59:44.236  2734  2779 I bluetoothtbd: [0408/212944.236799:INFO:hci_layer_linux.cc(172)] hci_initialize
04-09 09:59:44.236  2734  2779 I bluetoothtbd: [0408/212944.236955:INFO:hci_layer_linux.cc(184)] Using interface hci0
04-09 09:59:44.237  2734  2779 I bluetoothtbd: [0408/212944.237023:INFO:hci_layer_linux.cc(378)] rfkill
04-09 09:59:44.277  2736  2736 D dhcpcd  : no interfaces have a carrier
04-09 09:59:44.277  2736  2736 D dhcpcd  : wlan0: waiting for carrier
04-09 09:59:44.291  2786  2786 I dnsmasq : started, version 2.51 cachesize 150
04-09 09:59:44.291  2786  2786 I dnsmasq : compile time options: no-IPv6 GNU-getopt no-DBus no-I18N DHCP no-scripts no-TFTP
04-09 09:59:44.291  2786  2786 I dnsmasq : DHCP, IP range 192.168.10.3 -- 192.168.10.10, lease time 12h
04-09 09:59:44.292  2786  2786 I dnsmasq : reading /etc/resolv.conf
04-09 09:59:44.292  2786  2786 I dnsmasq : using nameserver 8.8.8.8#53
04-09 09:59:44.292  2786  2786 I dnsmasq : read /etc/hosts - 1 addresses
04-09 09:59:44.645  2731  2745 E CommandListener: Message not handled: unrecognized interface usb0
04-09 09:59:44.645  2731  2745 W FrameworkListener: Handler 'Iface' error (Success)
04-09 09:59:44.650  2734  2779 I bluetoothtbd: [0408/212944.650534:INFO:hci_layer_linux.cc(295)] wait_hcidev
04-09 09:59:44.650  2734  2779 I bluetoothtbd: [0408/212944.650787:INFO:hci_layer_linux.cc(332)] Do poll() with timeout of 3000ms
04-09 09:59:44.652  2734  2779 I bluetoothtbd: [0408/212944.652346:INFO:hci_layer_linux.cc(228)] HCI device ready
04-09 09:59:44.652  2734  2779 I bt_hci  : event_finish_startup
04-09 09:59:44.652  2734  2755 I bt_core_module: module_start_up Started module "hci_module"
04-09 09:59:44.654  2734  2811 I bt_osi_thread: run_thread: thread id 2811, thread name bt_workqueue started
04-09 09:59:44.654  2734  2811 I bluetoothtbd: [0408/212944.654741:INFO:btu_task.cc(107)] Bluetooth chip preload is complete
04-09 09:59:44.661  2734  2811 I         : No vendor HCI socket available. Won't create SocketWriter.
04-09 09:59:44.670  2734  2811 I bluetoothtbd: [0408/212944.669495:INFO:gatt_api.cc(1005)] GATT_Register
04-09 09:59:44.671  2734  2811 I bluetoothtbd: [0408/212944.671205:INFO:gatt_api.cc(1028)] allocated gatt_if=1
04-09 09:59:44.672  2734  2811 I bluetoothtbd: [0408/212944.672762:INFO:gatt_api.cc(207)] GATTS_AddService
04-09 09:59:44.673  2734  2811 I bluetoothtbd: [0408/212944.673811:INFO:gatt_api.cc(317)] GATTS_AddService: service parsed correctly, now starting
04-09 09:59:44.675  2734  2811 E bluetoothtbd: [0408/212944.674689:ERROR:gatt_attr.cc(302)] gatt_profile_db_init:  gatt_if=1
04-09 09:59:44.681  2734  2811 I bluetoothtbd: [0408/212944.681714:INFO:gatt_api.cc(1005)] GATT_Register
04-09 09:59:44.681  2734  2811 I bluetoothtbd: [0408/212944.681844:INFO:gatt_api.cc(1028)] allocated gatt_if=2
04-09 09:59:44.681  2734  2811 I bluetoothtbd: [0408/212944.681905:INFO:gatt_api.cc(207)] GATTS_AddService
04-09 09:59:44.681  2734  2811 I bluetoothtbd: [0408/212944.681958:INFO:gatt_api.cc(317)] GATTS_AddService: service parsed correctly, now starting
04-09 09:59:44.685  2734  2812 I bt_osi_thread: run_thread: thread id 2812, thread name btu message loop started
04-09 09:59:44.706  2734  2813 I bt_osi_thread: run_thread: thread id 2813, thread name module_wrapper started
04-09 09:59:44.706  2734  2813 I bt_core_module: module_start_up Starting module "controller_module"
04-09 09:59:44.777  2711  2723 I yani_server: ifindexeth0 0 ifindexwlan0 5 ifindexp2p0 6 ifindexwlan1 0
04-09 09:59:44.778  2711  2723 I yani_server: NetLink Event '-1' Interface-Index '5' WLAN '0' Ethernet '-1' Parsed-iFill '-1' -> 'INVALID' ifIndex '1' -> 'lo'
04-09 09:59:44.778  2711  2723 I yani_kernel: yani_geteventfrom_changeaddr() Message-Id '1' Netlink event '16' Interface Index '5' -> Name 'wlan0' 
04-09 09:59:44.779  2711  2723 I yani_kernel: yani_geteventfrom_changeaddr() Message-Id '1' Netlink event '16' Interface Index '9' -> Name 'usb0' 
04-09 09:59:44.780  2711  2723 I yani_kernel: yani_geteventfrom_changeaddr() Message-Id '1' Netlink event '16' Interface Index '9' -> Name 'usb0' 
04-09 09:59:44.781  2711  2723 I yani_kernel: yani_geteventfrom_changeaddr() Message-Id '1' Netlink event '20' Interface Index '9' -> Name 'usb0' 
04-09 09:59:44.782  2711  2723 I yani_kernel: yani_geteventfrom_changeaddr() Message-Id '1' Netlink event '16' Interface Index '9' -> Name 'usb0' 
04-09 09:59:44.783  2711  2723 I yani_kernel: yani_geteventfrom_changeaddr() Message-Id '1' Netlink event '21' Interface Index '9' -> Name 'usb0' 
04-09 09:59:44.784  2711  2723 I yani_kernel: yani_geteventfrom_changeaddr() Message-Id '1' Netlink event '20' Interface Index '9' -> Name 'usb0' 
04-09 09:59:44.785  2711  2723 I yani_kernel: yani_geteventfrom_changeaddr() Message-Id '1' Netlink event '16' Interface Index '9' -> Name 'usb0' 
04-09 09:59:44.868  2734  2813 I bt_core_module: module_start_up Started module "controller_module"
04-09 09:59:44.868  2734  2813 W bt_osi_thread: run_thread: thread id 2813, thread name module_wrapper exited
04-09 09:59:44.871  2734  2811 W bt_btm  : btm_decode_ext_features_page: feature page 1 ignored
04-09 09:59:44.871  2734  2811 W bt_btm  : btm_decode_ext_features_page: feature page 2 ignored
04-09 09:59:44.872  2734  2812 I bt_btm_sec: BTM_SecRegister p_cb_info->p_le_callback == 0x0xf6ed3b99
04-09 09:59:44.873  2734  2812 I bt_btm_sec: BTM_SecRegister btm_cb.api.p_le_callback = 0x0xf6ed3b99 
04-09 09:59:44.875  2734  2812 I bluetoothtbd: [0408/212944.875785:INFO:ble_advertiser_hci_interface.cc(736)] Legacy advertising will be in use
04-09 09:59:44.878  2734  2812 I bluetoothtbd: [0408/212944.878151:INFO:gatt_api.cc(1005)] GATT_Register
04-09 09:59:44.878  2734  2812 I bluetoothtbd: [0408/212944.878331:INFO:gatt_api.cc(1028)] allocated gatt_if=3
04-09 09:59:44.897  2734  2762 E bt_btif_storage: btif_storage_get_adapter_property: Controller ready!
04-09 09:59:44.898  2734  2762 I bt_btif_storage: btif_storage_get_adapter_property service_mask:0x40000
04-09 09:59:44.899  2734  2762 I bluetoothtbd: [0408/212944.898951:INFO:adapter.cc(551)] Adapter properties changed
04-09 09:59:44.899  2734  2762 I bluetoothtbd: [0408/212944.899142:INFO:adapter.cc(564)] Adapter address changed: CC:90:93:21:F3:85
04-09 09:59:44.899  2734  2762 I bluetoothtbd: [0408/212944.899189:INFO:adapter.cc(573)] Adapter name changed
04-09 09:59:44.899  2734  2762 I bt_btif_core: btif_enable_bluetooth_evt entered: status 0
04-09 09:59:44.900  2734  2762 W bt_btif : btif_enable_bluetooth_evt: Saving the Adapter Address
04-09 09:59:44.900  2734  2812 I bt_bta_av: AVRCP version used for sdp: "avrcp14"
04-09 09:59:44.900  2734  2762 I bluetoothtbd: [0408/212944.900123:INFO:adapter.cc(551)] Adapter properties changed
04-09 09:59:44.900  2734  2762 I bluetoothtbd: [0408/212944.900206:INFO:adapter.cc(564)] Adapter address changed: CC:90:93:21:F3:85
04-09 09:59:44.900  2734  2762 D bt_hci  : do_postload posting postload work item
04-09 09:59:44.905  2734  2854 I bt_osi_thread: run_thread: thread id 2854, thread name btif_sock started
04-09 09:59:44.910  2734  2762 D bt_bte_conf: Device ID record 1 : primary
04-09 09:59:44.910  2734  2762 D bt_bte_conf:   vendorId            = 000f
04-09 09:59:44.910  2734  2762 D bt_bte_conf:   vendorIdSource      = 0001
04-09 09:59:44.910  2734  2762 D bt_bte_conf:   product             = 1200
04-09 09:59:44.910  2734  2762 D bt_bte_conf:   version             = 1436
04-09 09:59:44.910  2734  2762 D bt_bte_conf:   clientExecutableURL = 
04-09 09:59:44.910  2734  2762 D bt_bte_conf:   serviceDescription  = 
04-09 09:59:44.910  2734  2762 D bt_bte_conf:   documentationURL    = 
04-09 09:59:44.910  2734  2762 D bt_bte_conf: bte_load_did_conf no section named DID2.
04-09 09:59:44.910  2734  2762 I bt_btif_core: btif_enable_bluetooth_evt finished
04-09 09:59:44.910  2734  2755 I bt_stack_manager: event_start_up_stack finished
04-09 09:59:44.911  2734  2762 I bluetoothtbd: [0408/212944.911589:INFO:adapter.cc(529)] Adapter state changed: BT_STATE_ON
04-09 09:59:45.097  2729  2729 I ServiceManager: Waiting for service media.player...
04-09 09:59:45.234  2711  2723 I yani_kernel: yani_geteventfrom_changeaddr() Message-Id '1' Netlink event '16' Interface Index '9' -> Name 'usb0' 
04-09 09:59:45.235  2731  2745 E CommandListener: Message not handled: unrecognized interface usb0
04-09 09:59:45.235  2731  2745 W FrameworkListener: Handler 'Iface' error (Success)
04-09 09:59:46.098  2729  2729 I ServiceManager: Waiting for service media.player...
04-09 09:59:46.117  2731  2744 E WifiUtil: command: "SCAN" failed: FAIL-BUSY
