01-01 05:30:28.090  2710  2722 I yani_kernel: yani_geteventfrom_changeaddr() Message-Id '1' Netlink event '16' Interface Index '6' -> Name 'p2p0' 
01-01 05:30:28.098  3096  3096 I cast_shell: [3099:3148:INFO:metrics_recorder.cc(282)] cast event: Cast.Discovery.Mdns.SocketCreated
01-01 05:30:28.098  3096  3096 I cast_shell: [3099:3148:INFO:mdns_app_filter.cc(1254)] Created mDNS socket for interface:name=usb0, address=192.168.10.1, index=9
01-01 05:30:28.098  3096  3096 I cast_shell: [3099:3148:INFO:mdns_app_filter.cc(977)] MdnsAppFilter is starting.
01-01 05:30:28.098  3096  3096 I cast_shell: [3099:3148:INFO:metrics_recorder.cc(282)] cast event: Cast.Discovery.Mdns.ResponderStarted
01-01 05:30:28.098  3096  3096 I cast_shell: [3099:3148:INFO:mdns_cast_service.cc(351)] Device discovery state is setup-only
01-01 05:30:28.098  3096  3096 I cast_shell: [3099:3148:INFO:mdns_app_filter.cc(1605)] Re-probing due to newly registered service '1': _googlerpc
01-01 05:30:28.107  2729  2740 E WifiUtil: command: "SCAN" failed: FAIL-BUSY
01-01 05:30:28.107  2729  2740 I HotspotManager: hotspot start
01-01 05:30:28.107  2729  2740 E WifiUtil: Setting interface p2p0 up.
01-01 05:30:28.108  2729  2740 E WifiUtil: ioctl SIOCGIWFREQ fails for wlan0 Bad address
01-01 05:30:28.109  2710  2722 I yani_kernel: yani_geteventfrom_changeaddr() Message-Id '1' Netlink event '16' Interface Index '6' -> Name 'p2p0' 
01-01 05:30:28.109  2965  2975 D wac-main: Netlink event
01-01 05:30:28.109  2965  2975 E wac-main: Netlink event 16 Interface Index 6 
01-01 05:30:28.109  2965  2975 E wac-main: p2p0 event Link Changed : 1003 
01-01 05:30:28.109  2965  2975 E wac-main: Enter poll and wait
01-01 05:30:28.138  2972  3003 I otamanager: OTAManager connected to CastUpdater via  /tmp/socket/system_updater
01-01 05:30:28.138  2972  3003 I otamanager: cast_updater_threadEntry socket handle 5
01-01 05:30:28.421  2966  3015 I LibreCastControl: LibreCastControl_init() Socket Initialized
01-01 05:30:28.430  2966  3015 E LibreCastControl: PULSAR:CreateCastControlThread:18
01-01 05:30:28.431  2966  3015 E LibreCastControl: Create LibreCastLUCITimerThreadInit 
01-01 05:30:28.431  2966  3174 E LibreCastControl: PULSAR:Run:23
01-01 05:30:28.431  2966  3175 E LibreCastControl: Timer Sem Wait Start iCastPlayerstate = 0 
01-01 05:30:28.445  2690  2690 I sh      : [1231/160028.444210:INFO:cast_control_impl.cc(744)] CastControl has started running.
01-01 05:30:28.445  2690  2690 I sh      : [1231/160028.445081:INFO:cast_control_impl.cc(745)] Attempting to connect CastMessageService. socket=/tmp/cast-control
01-01 05:30:28.448  2966  3174 I LibreCastControlDelegate: OnCastStatus() +++ :0xabd84198:STARTING
01-01 05:30:28.448  2690  2690 I sh      : [1231/160028.447959:INFO:cast_control_socket.cc(64)] Successfully connected Cast Control Socket
01-01 05:30:28.448  2966  3174 E LibreCastControlDelegate: OnCastStatus:177
01-01 05:30:28.449  2966  3174 I LibreCastControl: LibreCastControl_SetCastName()  name 'Lyric Speaker Box 21f384' RequestId '1' pCastControl 0xf4800728
01-01 05:30:28.449  2966  3174 I LibreCastControlDelegate: Active Applications -> 0
01-01 05:30:28.449  2966  3174 I LibreCastControlDelegate: Current Cast State '1' -> 'STARTING'
01-01 05:30:28.449  2966  3174 I LibreCastControlDelegate: OnCastStatus() ---
01-01 05:30:28.450  2690  2690 I sh      : [1231/160028.449933:INFO:cast_message_service_impl.cc(185)] Sending connect message!
01-01 05:30:28.454  3096  3096 I cast_shell: [3099:3149:INFO:metrics_recorder.cc(282)] Cast v2 action(socket_id=domain-socket@/tmp/cast-control.1): CastV2.Connection.Connect.In
01-01 05:30:28.454  3096  3096 I cast_shell: [3099:3099:INFO:resource_namespace_handler.cc(307)] Setting resource provider: sender_id=domain-socket@/tmp/cast-control.1:system-0
01-01 05:30:28.455  2690  2690 I sh      : [1231/160028.454932:INFO:cast_message_service_impl.cc(1007)] CastMessageServiceImpl matched versions
01-01 05:30:28.584  2729  2740 I WifiUtil: get p2p0 channel 6 (2437MHz)
01-01 05:30:28.584  2729  2740 I HotspotManager: start hostapd at channel=6 SSID=<SSID omitted> hidden_ssid=0
01-01 05:30:28.592  3096  3096 I cast_shell: [3099:3148:INFO:metrics_recorder.cc(282)] cast event: Cast.Discovery.Mdns.SocketCreated
01-01 05:30:28.592  2730  2760 I bluetoothtbd: [1231/160028.592666:INFO:adapter.cc(551)] Adapter properties changed
01-01 05:30:28.592  3096  3096 I cast_shell: [3099:3148:INFO:mdns_app_filter.cc(1254)] Created mDNS socket for interface:name=p2p1, address=192.168.2.1, index=7
01-01 05:30:28.592  3096  3096 I cast_shell: [3099:3148:INFO:metrics_recorder.cc(282)] cast event: Cast.Discovery.Mdns.SocketCreated
01-01 05:30:28.592  3096  3096 I cast_shell: [3099:3148:INFO:mdns_app_filter.cc(1254)] Created mDNS socket for interface:name=usb0, address=192.168.10.1, index=9
01-01 05:30:28.592  3096  3096 I cast_shell: [3099:3148:INFO:mdns_app_filter.cc(977)] MdnsAppFilter is starting.
01-01 05:30:28.592  2730  2760 I bluetoothtbd: [1231/160028.592778:INFO:adapter.cc(573)] Adapter name changed
01-01 05:30:28.592  3096  3096 I cast_shell: [3099:3148:INFO:metrics_recorder.cc(282)] cast event: Cast.Discovery.Mdns.ResponderStarted
01-01 05:30:28.592  3096  3096 I cast_shell: [3099:3148:INFO:discovered_service_client.cc(78)] Primary interface for service discovery has changed: ifindex=9
01-01 05:30:28.597  3096  3096 I cast_shell: [3099:3138:INFO:ble_setup.cc(1106)] Cleared generated LAT.
01-01 05:30:28.598  3096  3096 I cast_shell: [3099:3138:WARNING:setup_manager_impl.cc(1136)] NAT not supported, no captive portal support.
01-01 05:30:28.598  3096  3096 I cast_shell: [3099:3138:INFO:setup_namespace_handler.cc(94)] Added a peer for setup namespace: domain-socket@/tmp/cast-control.1:system-0
01-01 05:30:28.601  3096  3096 I cast_shell: [3099:3138:INFO:gatt_client_manager_impl.cc(202)] Enabling GATT client connectability
01-01 05:30:28.605  3096  3096 I cast_shell: [3099:3138:INFO:ble_setup.cc(915)] Sign related info completed, no future EurekaInfo need sign.
01-01 05:30:28.606  3096  3096 I cast_shell: [3099:3138:INFO:gatt_client_manager_impl.cc(202)] Enabling GATT client connectability
01-01 05:30:28.606  3096  3096 I chatty  : uid=1000(chrome) /bin/logwrapper identical 1 line
01-01 05:30:28.607  3096  3096 I cast_shell: [3099:3138:INFO:gatt_client_manager_impl.cc(202)] Enabling GATT client connectability
01-01 05:30:28.611  2730  2760 E bt_btif : BTA_GATTS_AddService: rcb_idx = 0
01-01 05:30:28.611  2730  2760 I bluetoothtbd: [1231/160028.611269:INFO:gatt_api.cc(207)] GATTS_AddService
01-01 05:30:28.611  2730  2760 I bluetoothtbd: [1231/160028.611676:INFO:gatt_api.cc(317)] GATTS_AddService: service parsed correctly, now starting
01-01 05:30:28.613  3096  3096 I cast_shell: [3099:3138:INFO:ble_setup_manager.cc(744)] Started Bluetooth service
01-01 05:30:28.618  3176  3176 I hostapd : IEEE 802.11: Steering disabled
01-01 05:30:28.621  2710  2722 I yani_server: NetLink Event '6' Interface-Index '6' WLAN '-1' Ethernet '-1' Parsed-iFill '6' -> 'P2P0 CONNECTED' ifIndex '2' -> 'tunl0'
01-01 05:30:28.622  3096  3096 I cast_shell: [3099:3099:INFO:device_info_impl.cc(1133)] SSDP Config ID is increased: id=4
01-01 05:30:28.623  2730  2760 I bluetoothtbd: [1231/160028.623887:INFO:adapter.cc(551)] Adapter properties changed
01-01 05:30:28.624  2730  2760 I bluetoothtbd: [1231/160028.624020:INFO:adapter.cc(573)] Adapter name changed
01-01 05:30:28.624  3096  3096 I cast_shell: [3099:3148:INFO:mdns_util.cc(102)] Defaulting mDNS capabilities for audio-only build
01-01 05:30:28.624  3096  3096 I cast_shell: [3099:3138:INFO:bluetooth_manager.cc(1232)] [PII] Set device name to 'Lyric Speaker Box 21f384'
01-01 05:30:28.624  3096  3096 I cast_shell: [3099:3099:INFO:mdns_manager_impl.cc(429)] Successfully updated service: type=_googlecast
01-01 05:30:28.624  3096  3096 I cast_shell: [3099:3099:INFO:virtual_device.cc(296)] Updated mDNS service for virtual device: id=09b2041d-5a67-b905-f088-5ee8bb7aaab7
01-01 05:30:28.625  2966  3174 I LibreCastControlDelegate: OnResponse() ReqeustID 1, error  0
01-01 05:30:28.626  2966  3174 I LibreCastControlDelegate: OnCastStatus() +++ Lyric Speaker Box 21f384:0xabd84198:NOT_SETUP
01-01 05:30:28.626  2966  3174 I LibreCastControlDelegate: Device Build Number -> '1.52.272222'
01-01 05:30:28.626  2966  3174 I librecast: updateCastBuildVersion() Version 1.52.272222
01-01 05:30:28.626  2711  2711 I lucitransport: readRemoteMessage() MID char = 7 buffer = (null)
01-01 05:30:28.629  2966  3174 E librecast: librecast::updateCastBuildVersion Cast build version number = 1.52.272222
01-01 05:30:28.629  2966  3174 E librecast: castVersion = 1.52.272222
01-01 05:30:28.630  2711  2711 I lucitransport: writeRemoteMessage() MID = 7 buffer = 1.52.272222
01-01 05:30:28.630  2711  2711 I luciUART: write() MID = 7  bytes = 21 data = 1.52.272222 m_fd = 0x5
01-01 05:30:28.637  2966  3174 I LibreCastControlDelegate: Active Applications -> 0
01-01 05:30:28.637  2966  3174 I LibreCastControlDelegate: Current Cast State '2' -> 'NOT_SETUP'
01-01 05:30:28.637  2966  3174 I LibreCastControlDelegate: OnCastStatus() ---
01-01 05:30:28.667  2966  3174 I LibreCastControl: LibreCastControl_RequestGVAStatus() RequestId '5' pCastControl 0xf4800728
01-01 05:30:28.669  2690  2690 I sh      : [1231/160028.668089:INFO:cast_message_service_impl.cc(1076)] CastMessageServiceImpl is ready
01-01 05:30:28.669  3096  3096 I cast_shell: [3099:3099:INFO:assistant_namespace_handler.cc(144)] Added a status listening peer for assistant namespace: domain-socket@/tmp/cast-control.1:system-0
01-01 05:30:28.669  2966  3174 I LibreCastControlDelegate: OnResponse() ReqeustID 5, error  0
01-01 05:30:29.427  3096  3096 I cast_shell: [3099:3151:INFO:multizone_manager.cc(1889)] Initial discovery complete
01-01 05:30:29.428  3096  3096 I cast_shell: [3099:3148:INFO:mdns_app_filter.cc(1605)] Re-probing due to newly registered service '3': _googlezone
01-01 05:30:29.428  3096  3096 I cast_shell: [3099:3099:INFO:mdns_manager_impl.cc(311)] Successfully registered service: type=_googlezone
01-01 05:30:29.477  2710  2722 I yani_server: doLotofWork() List of interface '4'
01-01 05:30:29.477  2710  2722 I yani_server: doLotofWork() Interface 'p2p0' ifr[0].ifr_name 'lo' ipaddress '127.0.0.1'
01-01 05:30:29.477  2710  2722 I yani_server: doLotofWork() Interface 'p2p0' ifr[1].ifr_name 'p2p0' ipaddress '192.168.255.249'
01-01 05:30:29.477  2710  2722 I yani_server: doLotofWork() returns 'REFILL WACMODE'
01-01 05:30:29.477  2710  2722 E yani_server: YANI: I am Done Wait For Event 
01-01 05:30:29.477  2710  2722 I yani_kernel: yani_geteventfrom_changeaddr() Message-Id '1' Netlink event '21' Interface Index '6' -> Name 'p2p0' 
01-01 05:30:29.478  2710  2786 I yani_server: onNetworkParametersChanged() WAC Mode '1'  Index '2' Interface 'p2p0' Status '1'
01-01 05:30:29.479  3178  3178 I dnsmasq : started, version 2.51 DNS disabled
01-01 05:30:29.479  3178  3178 I dnsmasq : compile time options: no-IPv6 GNU-getopt no-DBus no-I18N DHCP no-scripts no-TFTP
01-01 05:30:29.479  3178  3178 I dnsmasq : DHCP, IP range 192.168.255.250 -- 192.168.255.254, lease time 12h
01-01 05:30:29.479  2725  2735 I MB_HANDLER: YaniAlert() Interface '4' Status '1'
01-01 05:30:29.487  2710  2722 I yani_server: NetLink Event '5' Interface-Index '6' WLAN '-1' Ethernet '-1' Parsed-iFill '5' -> 'P2P0 DISCONNECTED' ifIndex '2' -> 'tunl0'
01-01 05:30:29.488  2710  2722 E yani_server: YANI: I am Done Wait For Event 
01-01 05:30:29.488  2710  2722 I yani_kernel: yani_geteventfrom_changeaddr() Message-Id '1' Netlink event '20' Interface Index '6' -> Name 'p2p0' 
01-01 05:30:29.489  2711  2711 I lucitransport: writeRemoteMessage() MID = 124 buffer = 4#1,0#2,0#3,1#4,1
01-01 05:30:29.489  2711  2711 I luciUART: write() MID = 124  bytes = 27 data = 4#1,0#2,0#3,1#4,1 m_fd = 0x5
01-01 05:30:29.490  2726  2726 E AirableUIHelper: AirableUIHelper::YaniAlert  4 1 
01-01 05:30:29.499  2965  2975 D wac-main: Netlink event
01-01 05:30:29.499  2965  2975 E wac-main: Netlink event 16 Interface Index 6 
01-01 05:30:29.499  2965  2975 E wac-main: p2p0 event Link Changed : 1002 
01-01 05:30:29.499  2965  2975 E wac-main: Enter poll and wait
01-01 05:30:29.503  2711  2719 E luciUART: UART:aa
01-01 05:30:29.503  2711  2719 E luciUART: UART:aa
01-01 05:30:29.503  2711  2719 E luciUART: UART:2
01-01 05:30:29.503  2711  2719 E luciUART: UART:0
01-01 05:30:29.503  2711  2719 E luciUART: UART:d0
01-01 05:30:29.503  2711  2719 E luciUART: UART:0
01-01 05:30:29.503  2711  2719 I chatty  : uid=0(root) UARTLUCIControl identical 2 lines
01-01 05:30:29.503  2711  2719 E luciUART: UART:0
01-01 05:30:29.503  2711  2719 E luciUART: UART:9
01-01 05:30:29.504  2711  2719 I luciUART: read() RemoteID = 43690 Command = 208 Type = 2 Status = 0 DataLen = 9
01-01 05:30:29.504  2711  2719 E luciUART: Error: full data not available yet! readBytes 0
01-01 05:30:29.504  2711  2719 I luciUART: Previous Packet read contd., 
01-01 05:30:29.504  2711  2719 E luciUART: UART:52
01-01 05:30:29.504  2711  2719 I luciUART: Previous Packet read contd., 
01-01 05:30:29.504  2711  2719 E luciUART: UART:45
01-01 05:30:29.504  2711  2719 I luciUART: Previous Packet read contd., 
01-01 05:30:29.504  2711  2719 E luciUART: UART:41
01-01 05:30:29.504  2711  2719 I luciUART: Previous Packet read contd., 
01-01 05:30:29.504  2711  2719 E luciUART: UART:44
01-01 05:30:29.504  2711  2719 I luciUART: Previous Packet read contd., 
01-01 05:30:29.504  2711  2719 E luciUART: UART:5f
01-01 05:30:29.504  2711  2719 I luciUART: Previous Packet read contd., 
01-01 05:30:29.504  2711  2719 E luciUART: UART:73
01-01 05:30:29.504  2711  2719 I luciUART: Previous Packet read contd., 
01-01 05:30:29.504  2711  2719 E luciUART: UART:73
01-01 05:30:29.504  2711  2719 I luciUART: Previous Packet read contd., 
01-01 05:30:29.504  2711  2719 E luciUART: UART:69
01-01 05:30:29.504  2711  2719 I luciUART: Previous Packet read contd., 
01-01 05:30:29.504  2711  2719 E luciUART: UART:64
01-01 05:30:29.504  2711  2719 E luciUART: UART:aa
01-01 05:30:29.504  2711  2720 E LUCI_SERVER: Luci Server Thread wait over MID 208....
01-01 05:30:29.504  2711  2720 E LUCI_SERVER: Got NV name : ssid
01-01 05:30:29.973  2710  2722 I yani_server: doLotofWork() List of interface '4'
01-01 05:30:29.974  2710  2722 I yani_server: doLotofWork() Interface 'p2p0' ifr[0].ifr_name 'lo' ipaddress '127.0.0.1'
01-01 05:30:29.974  2710  2722 I yani_server: doLotofWork() Interface 'p2p0' ifr[1].ifr_name 'p2p0' ipaddress '192.168.255.249'
01-01 05:30:29.974  2710  2722 I yani_server: doLotofWork() returns 'REFILL WACMODE'
01-01 05:30:29.974  2710  2722 E yani_server: YANI: I am Done Wait For Event 
01-01 05:30:29.974  2710  2722 I yani_kernel: yani_geteventfrom_changeaddr() Message-Id '1' Netlink event '16' Interface Index '6' -> Name 'p2p0' 
01-01 05:30:29.977  2729  2740 E WifiUtil: command: "SCAN" failed: FAIL-BUSY
01-01 05:30:29.977  2729  2740 W HotspotManager: hotspot already started
01-01 05:30:29.977  2710  2786 I yani_server: onNetworkParametersChanged() WAC Mode '1'  Index '2' Interface 'p2p0' Status '1'
01-01 05:30:29.986  2711  2711 I lucitransport: readRemoteMessage() MID char = 7 buffer = 1.52.272222
01-01 05:30:29.986  2966  3174 I LibreCastControlDelegate: Active Applications -> 0
01-01 05:30:29.987  2966  3174 I LibreCastControlDelegate: Current Cast State '2' -> 'NOT_SETUP'
01-01 05:30:29.987  2966  3174 I LibreCastControlDelegate: OnCastStatus() ---
01-01 05:30:29.987  2711  2719 E luciUART: UART:aa
01-01 05:30:29.987  2710  2722 I yani_server: NetLink Event '-1' Interface-Index '5' WLAN '-1' Ethernet '-1' Parsed-iFill '-1' -> 'INVALID' ifIndex '1' -> 'lo'
01-01 05:30:29.989  2711  2719 E luciUART: UART:aa
01-01 05:30:29.989  2711  2719 E luciUART: UART:2
01-01 05:30:29.989  2711  2719 E luciUART: UART:0
01-01 05:30:29.989  2711  2719 E luciUART: UART:d0
01-01 05:30:29.989  2711  2719 E luciUART: UART:0
01-01 05:30:29.989  2711  2719 E luciUART: UART:0
01-01 05:30:30.010  3176  3176 I hostapd : p2p0: IEEE 802.11 channel=6 mode=ht bw=20 htcaps=0x177f vhtcaps=0x0 cf_seg0=0 cf_seg1=0
01-01 05:30:30.023  2710  2722 I yani_kernel: yani_geteventfrom_changeaddr() Message-Id '1' Netlink event '16' Interface Index '6' -> Name 'p2p0' 
01-01 05:30:30.023  2965  2975 D wac-main: Netlink event
01-01 05:30:30.023  2965  2975 E wac-main: Netlink event 16 Interface Index 6 
01-01 05:30:30.023  2965  2975 E wac-main: p2p0 event Link Changed : 11043 
01-01 05:30:30.023  2965  2975 E wac-main: p2p0 Changed Up 
01-01 05:30:30.025  2965  2975 I wifiapi : newconn : 0xf4a00718
01-01 05:30:30.026  2965  2975 I wifiapi : 'STATUS' command returned = 0
01-01 05:30:30.027  2965  2975 E wac-main: current wifi status : 10
01-01 05:30:30.963  3096  3096 I cast_shell: [3099:3107:ERROR:connectivity_checker_impl.cc(265)] Connectivity check failed: 400
01-01 05:30:31.242  3096  3096 I cast_shell: [3099:3148:INFO:mdns_app_filter.cc(1403)] MdnsAppFilter: Done probing.
01-01 05:30:31.970  3096  3096 I cast_shell: [3099:3107:ERROR:connectivity_checker_impl.cc(265)] Connectivity check failed: 400
01-01 05:30:32.246  3096  3096 I cast_shell: [3099:3099:INFO:grpc_service_discovery_impl.cc(185)] Mdns discovered google RPC for [PII](E712EA5590E7A569201BB157EE4B8F5F).
01-01 05:30:32.976  3096  3096 I cast_shell: [3099:3107:ERROR:connectivity_checker_impl.cc(265)] Connectivity check failed: 400
01-01 05:30:33.027  2965  2975 E wac-main: Enter poll and wait
01-01 05:30:33.249  3096  3096 I cast_shell: [3099:3148:INFO:mdns_app_filter.cc(1526)] MdnsAppFilter: Done announcing.
01-01 05:30:33.982  3096  3096 I cast_shell: [3099:3107:ERROR:connectivity_checker_impl.cc(265)] Connectivity check failed: 400
01-01 05:30:34.989  3096  3096 I chatty  : uid=1000(chrome) /bin/logwrapper identical 1 line
01-01 05:30:35.995  3096  3096 I cast_shell: [3099:3107:ERROR:connectivity_checker_impl.cc(265)] Connectivity check failed: 400
01-01 05:30:36.893  3096  3096 I cast_shell: [3099:3107:INFO:parent_tracker.cc(291)] [PII](E712EA5590E7A569201BB157EE4B8F5F) Become root
01-01 05:30:36.893  3096  3096 I cast_shell: [3099:3107:INFO:directory_service_impl.cc(200)] This device became root
01-01 05:30:37.001  3096  3096 I cast_shell: [3099:3107:ERROR:connectivity_checker_impl.cc(265)] Connectivity check failed: 400
01-01 05:30:38.009  3096  3096 I cast_shell: [3099:3107:ERROR:connectivity_checker_impl.cc(265)] Connectivity check failed: 400
01-01 05:30:38.117  3096  3096 I cast_shell: [3099:3138:ERROR:setup_state.cc(424)] Timeout for state=SETUP_STATE_CHECKING_GLOBAL_CONNECTIVITY(50): move to state=SETUP_STATE_CHECKING_GLOBAL_CONNECTIVITY_BAD_ROUTER(52).
01-01 05:30:38.117  3096  3096 I cast_shell: [3099:3138:INFO:setup_state.cc(261)] Setup state changed: SETUP_STATE_CHECKING_GLOBAL_CONNECTIVITY (50) -> SETUP_STATE_CHECKING_GLOBAL_CONNECTIVITY_BAD_ROUTER (52)
01-01 05:30:38.122  2966  3174 I LibreCastControlDelegate: OnCastStatus() +++ Lyric Speaker Box 21f384:0xabd84198:NOT_SETUP
01-01 05:30:38.122  2966  3174 I LibreCastControlDelegate: Device Build Number -> '1.52.272222'
01-01 05:30:38.122  2966  3174 I librecast: updateCastBuildVersion() Version 1.52.272222
01-01 05:30:38.122  2711  2711 I lucitransport: readRemoteMessage() MID char = 7 buffer = 1.52.272222
01-01 05:30:38.122  2966  3174 I LibreCastControlDelegate: Active Applications -> 0
01-01 05:30:38.122  2966  3174 I LibreCastControlDelegate: Current Cast State '2' -> 'NOT_SETUP'
01-01 05:30:38.122  2966  3174 I LibreCastControlDelegate: OnCastStatus() ---
01-01 05:30:39.015  3096  3096 I cast_shell: [3099:3107:ERROR:connectivity_checker_impl.cc(265)] Connectivity check failed: 400
01-01 05:31:04.127  2729  2739 E NetworkMonitor: cannot find default IPv4 route for wlan0
01-01 05:31:04.128  2729  2739 E NetworkMonitor: cannot find default IPv6 route for wlan0
01-01 05:31:07.209  2729  2739 E NetworkMonitor: no response for /bin/ping -n -I wlan0 -c 10 -w 10 8.8.8.8
01-01 05:31:07.220  2729  2739 E NetworkMonitor: no response for /bin/ping6 -n -I wlan0 -c 10 -w 10 2001:4860:4860::8888
01-01 05:31:07.223  2729  2739 E NetworkMonitor: dns resolution failed
01-01 05:31:07.224  2729  2739 I NetworkMonitor: Cast.Wifi.Failure.Type 7
01-01 05:31:26.321  3096  3096 I chatty  : uid=1000(chrome) /bin/logwrapper identical 47 lines
01-01 05:31:27.328  3096  3096 I cast_shell: [3099:3107:ERROR:connectivity_checker_impl.cc(265)] Connectivity check failed: 400
01-01 05:31:27.742  3096  3096 I cast_shell: [3099:3099:INFO:grpc_manager_impl.cc(505)] GRPC[uri=[::]:0]: num_pending_calls=0, num_active_handlers=0, num_free_handlers=0
01-01 05:31:27.742  3096  3096 I cast_shell: [3099:3099:INFO:gcm_manager.cc(269)] Disabling GCM Driver
01-01 05:31:27.744  3096  3096 I cast_shell: [3099:3099:INFO:grpc_manager_impl.cc(505)] GRPC[uri=]: num_pending_calls=0, num_active_handlers=0, num_free_handlers=0
01-01 05:31:27.775  3096  3096 I cast_shell: [3099:3099:INFO:grpc_manager_impl.cc(505)] GRPC[uri=unix:/tmp/hcp_ipc_auth.socket]: num_pending_calls=0, num_active_handlers=10, num_free_handlers=0
01-01 05:31:27.780  3096  3096 I cast_shell: [3099:3099:INFO:grpc_manager_impl.cc(505)] GRPC[uri=unix:/tmp/modular_updater/modular_update_service]: num_pending_calls=0, num_active_handlers=0, num_free_handlers=0
01-01 05:31:27.804  3096  3096 I cast_shell: [3099:3099:INFO:metrics_recorder.cc(112)] Metrics stat: total=13
01-01 05:31:27.804  3096  3096 I cast_shell: Cast.Discovery.Mdns.ResponderStarted=2
01-01 05:31:27.804  3096  3096 I cast_shell: Cast.Discovery.Mdns.ResponderStopped=1
01-01 05:31:27.804  3096  3096 I cast_shell: Cast.Discovery.Mdns.SocketCreated=4
01-01 05:31:27.804  3096  3096 I cast_shell: Cast.Discovery.Mdns.SocketDestroyed=2
01-01 05:31:27.804  3096  3096 I cast_shell: Cast.System.Timezone.ChangeSuccessful=1
01-01 05:31:27.804  3096  3096 I cast_shell: CastV2.Connection.Connect.In=1
01-01 05:31:27.804  3096  3096 I cast_shell: CastV2.Receiver.DeviceStatus.Out=5
01-01 05:31:27.804  3096  3096 I cast_shell: CastV2.Receiver.DeviceStatus.Out.Broadcast=2
01-01 05:31:27.804  3096  3096 I cast_shell: CastV2.Receiver.GetStatus.In=1
01-01 05:31:27.804  3096  3096 I cast_shell: CastV2.Resource.Provider.In=1
01-01 05:31:27.936  3096  3096 I cast_shell: [3099:3099:INFO:metrics_recorder_impl.cc(672)] Activated server experiments: []
01-01 05:31:27.938  3096  3096 I cast_shell: [3099:3099:INFO:cast_logs_metrics_provider.cc(59)] netif is ipv4
01-01 05:31:27.938  3096  3096 I cast_shell: [3099:3099:ERROR:socket_posix.cc(148)] bind() failed: Address already in use (98)
01-01 05:31:27.939  3096  3096 I cast_shell: [3099:3099:INFO:net_util_impl.cc(1041)] Platform supports dual-stack
01-01 05:31:27.954  3096  3096 I cast_shell: [3099:3099:INFO:grpc_manager_impl.cc(505)] GRPC[uri=[::]:8012]: num_pending_calls=0, num_active_handlers=1, num_free_handlers=0
01-01 05:31:28.334  3096  3096 I cast_shell: [3099:3107:ERROR:connectivity_checker_impl.cc(265)] Connectivity check failed: 400
01-01 05:32:08.234  2729  2739 E NetworkMonitor: cannot find default IPv4 route for wlan0
01-01 05:32:08.234  2729  2739 E NetworkMonitor: cannot find default IPv6 route for wlan0
01-01 05:32:11.336  2729  2739 E NetworkMonitor: no response for /bin/ping -n -I wlan0 -c 10 -w 10 8.8.8.8
01-01 05:32:11.348  2729  2739 E NetworkMonitor: no response for /bin/ping6 -n -I wlan0 -c 10 -w 10 2001:4860:4860::8888
01-01 05:32:11.349  2729  2739 E NetworkMonitor: dns resolution failed
01-01 05:32:26.718  3096  3096 I chatty  : uid=1000(chrome) /bin/logwrapper identical 58 lines
01-01 05:32:27.725  3096  3096 I cast_shell: [3099:3107:ERROR:connectivity_checker_impl.cc(265)] Connectivity check failed: 400
01-01 05:32:27.743  3096  3096 I cast_shell: [3099:3099:INFO:grpc_manager_impl.cc(505)] GRPC[uri=[::]:0]: num_pending_calls=0, num_active_handlers=0, num_free_handlers=0
01-01 05:32:27.744  3096  3096 I cast_shell: [3099:3099:INFO:grpc_manager_impl.cc(505)] GRPC[uri=]: num_pending_calls=0, num_active_handlers=0, num_free_handlers=0
01-01 05:32:27.776  3096  3096 I cast_shell: [3099:3099:INFO:grpc_manager_impl.cc(505)] GRPC[uri=unix:/tmp/hcp_ipc_auth.socket]: num_pending_calls=0, num_active_handlers=10, num_free_handlers=0
01-01 05:32:27.781  3096  3096 I cast_shell: [3099:3099:INFO:grpc_manager_impl.cc(505)] GRPC[uri=unix:/tmp/modular_updater/modular_update_service]: num_pending_calls=0, num_active_handlers=0, num_free_handlers=0
01-01 05:32:27.804  3096  3096 I cast_shell: [3099:3099:INFO:metrics_recorder.cc(112)] Metrics stat: total=2
01-01 05:32:27.804  3096  3096 I cast_shell: Cast.Discovery.Mdns.ResponderPing=1
01-01 05:32:27.804  3096  3096 I cast_shell: Cast.Discovery.Mdns.SocketPing=2
01-01 05:32:27.955  3096  3096 I cast_shell: [3099:3099:INFO:grpc_manager_impl.cc(505)] GRPC[uri=[::]:8012]: num_pending_calls=0, num_active_handlers=1, num_free_handlers=0
01-01 05:32:27.974  3096  3096 I cast_shell: [3099:3138:INFO:wifi_proximity.cc(177)] Request scan.
01-01 05:32:28.732  3096  3096 I cast_shell: [3099:3107:ERROR:connectivity_checker_impl.cc(265)] Connectivity check failed: 400
01-01 05:33:12.360  2729  2739 E NetworkMonitor: cannot find default IPv4 route for wlan0
01-01 05:33:12.361  2729  2739 E NetworkMonitor: cannot find default IPv6 route for wlan0
01-01 05:33:15.432  2729  2739 E NetworkMonitor: no response for /bin/ping -n -I wlan0 -c 10 -w 10 8.8.8.8
01-01 05:33:15.444  2729  2739 E NetworkMonitor: no response for /bin/ping6 -n -I wlan0 -c 10 -w 10 2001:4860:4860::8888
01-01 05:33:15.445  2729  2739 E NetworkMonitor: dns resolution failed
01-01 05:33:21.072  3096  3096 I chatty  : uid=1000(chrome) /bin/logwrapper identical 52 lines
01-01 05:33:22.079  3096  3096 I cast_shell: [3099:3107:ERROR:connectivity_checker_impl.cc(265)] Connectivity check failed: 400
01-01 05:33:23.038  2710  2722 I yani_server: NetLink Event '-1' Interface-Index '5' WLAN '-1' Ethernet '-1' Parsed-iFill '-1' -> 'INVALID' ifIndex '1' -> 'lo'
01-01 05:33:23.040  2710  2722 I yani_server: NetLink Event '-1' Interface-Index '5' WLAN '0' Ethernet '-1' Parsed-iFill '-1' -> 'INVALID' ifIndex '1' -> 'lo'
01-01 05:33:23.076  2710  2722 I chatty  : uid=0(root) YaniServer identical 54 lines
01-01 05:33:23.076  2710  2722 I yani_server: NetLink Event '-1' Interface-Index '5' WLAN '0' Ethernet '-1' Parsed-iFill '-1' -> 'INVALID' ifIndex '1' -> 'lo'
01-01 05:33:23.086  3096  3096 I cast_shell: [3099:3107:ERROR:connectivity_checker_impl.cc(265)] Connectivity check failed: 400
01-01 05:33:26.105  3096  3096 I chatty  : uid=1000(chrome) /bin/logwrapper identical 3 lines
01-01 05:33:27.112  3096  3096 I cast_shell: [3099:3107:ERROR:connectivity_checker_impl.cc(265)] Connectivity check failed: 400
01-01 05:33:27.745  3096  3096 I cast_shell: [3099:3099:INFO:grpc_manager_impl.cc(505)] GRPC[uri=[::]:0]: num_pending_calls=0, num_active_handlers=0, num_free_handlers=0
01-01 05:33:27.745  3096  3096 I cast_shell: [3099:3099:INFO:grpc_manager_impl.cc(505)] GRPC[uri=]: num_pending_calls=0, num_active_handlers=0, num_free_handlers=0
01-01 05:33:27.777  3096  3096 I cast_shell: [3099:3099:INFO:grpc_manager_impl.cc(505)] GRPC[uri=unix:/tmp/hcp_ipc_auth.socket]: num_pending_calls=0, num_active_handlers=10, num_free_handlers=0
01-01 05:33:27.782  3096  3096 I cast_shell: [3099:3099:INFO:grpc_manager_impl.cc(505)] GRPC[uri=unix:/tmp/modular_updater/modular_update_service]: num_pending_calls=0, num_active_handlers=0, num_free_handlers=0
01-01 05:33:27.805  3096  3096 I cast_shell: [3099:3099:INFO:metrics_recorder.cc(112)] Metrics stat: total=0
01-01 05:33:27.956  3096  3096 I cast_shell: [3099:3099:INFO:grpc_manager_impl.cc(505)] GRPC[uri=[::]:8012]: num_pending_calls=0, num_active_handlers=1, num_free_handlers=0
01-01 05:33:28.119  3096  3096 I cast_shell: [3099:3107:ERROR:connectivity_checker_impl.cc(265)] Connectivity check failed: 400
01-01 05:33:32.145  3096  3096 I chatty  : uid=1000(chrome) /bin/logwrapper identical 4 lines
01-01 05:33:33.151  3096  3096 I cast_shell: [3099:3107:ERROR:connectivity_checker_impl.cc(265)] Connectivity check failed: 400
01-01 05:33:33.411  2730  2845 I bt_btm_ble: btm_ble_conn_complete unable to match and resolve random address
01-01 05:33:33.414  2730  2760 I bluetoothtbd: [1231/160333.414053:INFO:gatt_server.cc(280)] Added connection entry for conn_id: 5 device address: 69:FB:90:92:75:0D
01-01 05:33:33.414  2730  2845 W bt_smp  : smp_br_connect_callback is called on unexpected transport 2
01-01 05:33:33.414  2730  2845 W bt_btif : bta_dm_acl_change info: 0x0
01-01 05:33:33.415  3096  3096 I cast_shell: [3099:3138:ERROR:bluetooth_v1_via_v2.cc(796)] Connection state changed. :0d true
01-01 05:33:33.415  2730  2760 D bt_btif_dm: remote version info [69:fb:90:92:75:0d]: 0, 0, 0
01-01 05:33:33.415  2730  2760 I bluetoothtbd: [1231/160333.415463:INFO:adapter.cc(719)] ACL state changed: 69:FB:90:92:75:0D - connected: true
01-01 05:33:33.916  2730  2760 D bt_btif_scanner: btif_gatts_upstreams_evt: Unhandled event (26)
01-01 05:33:34.158  3096  3096 I cast_shell: [3099:3107:ERROR:connectivity_checker_impl.cc(265)] Connectivity check failed: 400
01-01 05:33:34.493  2730  2845 E bluetoothtbd: [1231/160334.493048:ERROR:gatt_sr.cc(743)] MTU request PDU with MTU size 515
01-01 05:33:34.493  2730  2845 W bt_l2cap: l2cble_set_fixed_channel_tx_data_length, request not supported
01-01 05:33:34.494  2730  2845 W bluetoothtbd: [1231/160334.493972:WARNING:gatt_utils.cc(837)] Call back not found for application conn_id=3
01-01 05:33:34.494  2730  2845 W bluetoothtbd: [1231/160334.494059:WARNING:gatt_utils.cc(837)] Call back not found for application conn_id=4
01-01 05:33:34.494  2730  2845 W bluetoothtbd: [1231/160334.494139:WARNING:gatt_utils.cc(837)] Call back not found for application conn_id=6
01-01 05:33:34.519  3096  3096 I cast_shell: [3099:3138:INFO:ble_setup.cc(322)] Record action: Setup.set_eureka_info.BLE.Locale
01-01 05:33:34.519  3096  3096 I cast_shell: [3099:3138:INFO:locale_manager.cc(576)] New locale: en-US
01-01 05:33:34.534  3096  3096 I cast_shell: [3099:3138:INFO:setup_state.cc(544)] EurekaInfoCalled: wifi_state=3, is_usable_ip_address=1, connected=0, is_initial_setup=1
01-01 05:33:34.534  3096  3096 I cast_shell: [3099:3138:INFO:setup_state.cc(261)] Setup state changed: SETUP_STATE_CHECKING_GLOBAL_CONNECTIVITY_BAD_ROUTER (52) -> SETUP_STATE_DISCONNECTED_EXTERNAL_CLIENT_ACCESSED (11)
01-01 05:33:34.534  3096  3096 I cast_shell: [3099:3123:INFO:media_manager_impl.cc(383)] TurnActive result: 0
01-01 05:33:34.539  2966  3174 I LibreCastControlDelegate: OnCastStatus() +++ Lyric Speaker Box 21f384:0xabd84198:NOT_SETUP
01-01 05:33:34.539  2966  3174 I LibreCastControlDelegate: Device Build Number -> '1.52.272222'
01-01 05:33:34.539  2966  3174 I librecast: updateCastBuildVersion() Version 1.52.272222
01-01 05:33:34.539  2711  2711 I lucitransport: readRemoteMessage() MID char = 7 buffer = 1.52.272222
01-01 05:33:34.539  2966  3174 I LibreCastControlDelegate: Active Applications -> 0
01-01 05:33:34.539  2966  3174 I LibreCastControlDelegate: Current Cast State '2' -> 'NOT_SETUP'
01-01 05:33:34.539  2966  3174 I LibreCastControlDelegate: OnCastStatus() ---
01-01 05:33:34.540  2966  3174 I LibreCastControlDelegate: OnCastStatus() +++ Lyric Speaker Box 21f384:0xabd84198:NOT_SETUP
01-01 05:33:34.540  2966  3174 I LibreCastControlDelegate: Device Build Number -> '1.52.272222'
01-01 05:33:34.540  2966  3174 I librecast: updateCastBuildVersion() Version 1.52.272222
01-01 05:33:34.540  2711  2711 I lucitransport: readRemoteMessage() MID char = 7 buffer = 1.52.272222
01-01 05:33:34.547  3096  3096 I cast_shell: [3099:3138:INFO:metrics_recorder.cc(282)] Record action: Setup.version.BLE
01-01 05:33:34.590  2730  2760 D bt_btif_scanner: btif_gatts_upstreams_evt: Unhandled event (26)
01-01 05:33:34.641  3096  3096 I cast_shell: [3099:3138:INFO:metrics_recorder.cc(282)] Record action: Setup.name_utf8.BLE
01-01 05:33:34.983  3096  3096 I cast_shell: [3099:3138:INFO:metrics_recorder.cc(282)] Record action: Setup.tos_accepted.BLE
01-01 05:33:35.033  2730  2760 D bt_btif_scanner: btif_gatts_upstreams_evt: Unhandled event (26)
01-01 05:33:35.050  3096  3096 I cast_shell: [3099:3138:INFO:metrics_recorder.cc(282)] Record action: Setup.state.BLE
01-01 05:33:35.080  3096  3096 I cast_shell: [3099:3138:INFO:metrics_recorder.cc(282)] Record action: Setup.ip_address.BLE
01-01 05:33:35.140  3096  3096 I cast_shell: [3099:3138:INFO:metrics_recorder.cc(282)] Record action: Setup.eureka_info_immutable_basic.BLE
01-01 05:33:35.164  3096  3096 I cast_shell: [3099:3107:ERROR:connectivity_checker_impl.cc(265)] Connectivity check failed: 400
01-01 05:33:35.185  3096  3096 I cast_shell: [3099:3138:INFO:metrics_recorder.cc(282)] Record action: Setup.eureka_info_mutable_reads.BLE
01-01 05:33:35.215  3096  3096 I cast_shell: [3099:3138:INFO:metrics_recorder.cc(282)] Record action: Setup.eureak_info_keys.BLE
01-01 05:33:35.320  3096  3096 I cast_shell: [3099:3138:INFO:metrics_recorder.cc(282)] Record action: Setup.eureka_info_immutable_basic.BLE
01-01 05:33:35.365  3096  3096 I cast_shell: [3099:3138:INFO:metrics_recorder.cc(282)] Record action: Setup.eureak_info_keys.BLE
01-01 05:33:35.665  3096  3096 I chatty  : uid=1000(chrome) /bin/logwrapper identical 4 lines
01-01 05:33:35.740  3096  3096 I cast_shell: [3099:3138:INFO:metrics_recorder.cc(282)] Record action: Setup.eureak_info_keys.BLE
01-01 05:33:35.830  3096  3096 I cast_shell: [3099:3138:INFO:metrics_recorder.cc(282)] Record action: Setup.i8n_info.BLE
01-01 05:33:36.070  3096  3096 I chatty  : uid=1000(chrome) /bin/logwrapper identical 3 lines
01-01 05:33:36.145  3096  3096 I cast_shell: [3099:3138:INFO:metrics_recorder.cc(282)] Record action: Setup.i8n_info.BLE
01-01 05:33:36.170  3096  3096 I cast_shell: [3099:3107:ERROR:connectivity_checker_impl.cc(265)] Connectivity check failed: 400
01-01 05:33:36.250  3096  3096 I cast_shell: [3099:3138:INFO:metrics_recorder.cc(282)] Record action: Setup.i8n_info.BLE
01-01 05:33:36.325  3096  3096 I cast_shell: [3099:3138:INFO:metrics_recorder.cc(282)] Record action: Setup.i8n_info.BLE
01-01 05:33:36.383  3096  3096 I cast_shell: [3099:3138:INFO:ble_setup.cc(322)] Record action: Setup.set_eureka_info.BLE.CountryCode
01-01 05:33:36.384  3096  3096 I cast_shell: [3099:3138:INFO:locale_manager.cc(639)] New country code: IN
01-01 05:33:36.391  2709  2709 I wpa_supplicant: wlan0: CTRL-EVENT-REGDOM-CHANGE init=USER type=COUNTRY alpha2=IN
01-01 05:33:36.393  2710  2722 I yani_server: NetLink Event '-1' Interface-Index '5' WLAN '0' Ethernet '-1' Parsed-iFill '-1' -> 'INVALID' ifIndex '1' -> 'lo'
01-01 05:33:36.399  2710  2722 I yani_server: NetLink Event '-1' Interface-Index '5' WLAN '0' Ethernet '-1' Parsed-iFill '-1' -> 'INVALID' ifIndex '1' -> 'lo'
01-01 05:33:36.401  2966  3174 I LibreCastControlDelegate: OnCastStatus() +++ Lyric Speaker Box 21f384:0xabd84198:NOT_SETUP
01-01 05:33:36.401  2966  3174 I LibreCastControlDelegate: Device Build Number -> '1.52.272222'
01-01 05:33:36.401  2966  3174 I librecast: updateCastBuildVersion() Version 1.52.272222
01-01 05:33:36.401  2711  2711 I lucitransport: readRemoteMessage() MID char = 7 buffer = 1.52.272222
01-01 05:33:36.401  2966  3174 I LibreCastControlDelegate: Active Applications -> 0
01-01 05:33:36.401  2966  3174 I LibreCastControlDelegate: Current Cast State '2' -> 'NOT_SETUP'
01-01 05:33:36.401  2966  3174 I LibreCastControlDelegate: OnCastStatus() ---
01-01 05:33:37.177  3096  3096 I cast_shell: [3099:3107:ERROR:connectivity_checker_impl.cc(265)] Connectivity check failed: 400
01-01 05:33:37.434  3096  3096 I cast_shell: [3099:3138:INFO:ble_setup.cc(322)] Record action: Setup.scan_wifi.BLE
01-01 05:33:37.435  3096  3096 I cast_shell: [3099:3138:WARNING:wifi_controller_wpa_supplicant.cc(797)] Wpa responses FAIL-BUSY, assuming it is associating, which will keep scan_results fresh.
01-01 05:33:38.184  3096  3096 I cast_shell: [3099:3107:ERROR:connectivity_checker_impl.cc(265)] Connectivity check failed: 400
01-01 05:33:39.190  3096  3096 I cast_shell: [3099:3107:ERROR:connectivity_checker_impl.cc(265)] Connectivity check failed: 400
01-01 05:33:39.450  2729  2739 E WifiUtil: command: "SCAN" failed: FAIL-BUSY
01-01 05:33:39.919  2710  2722 I yani_server: NetLink Event '-1' Interface-Index '5' WLAN '0' Ethernet '-1' Parsed-iFill '-1' -> 'INVALID' ifIndex '1' -> 'lo'
01-01 05:33:39.923  2710  2722 I chatty  : uid=0(root) YaniServer identical 3 lines
01-01 05:33:39.927  2710  2722 I yani_server: NetLink Event '-1' Interface-Index '5' WLAN '0' Ethernet '-1' Parsed-iFill '-1' -> 'INVALID' ifIndex '1' -> 'lo'
01-01 05:33:39.927  2965  2975 D wac-main: Netlink event
01-01 05:33:39.927  2965  2975 E wac-main: Netlink event 16 Interface Index 5 
01-01 05:33:39.927  2965  2975 E wac-main: Enter poll and wait
01-01 05:33:39.927  2965  2975 D wac-main: Netlink event
01-01 05:33:39.927  2965  2975 E wac-main: Netlink event 16 Interface Index 5 
01-01 05:33:39.927  2965  2975 E wac-main: Enter poll and wait
01-01 05:33:39.930  2966  3174 I LibreCastControlDelegate: OnCastStatus() +++ Lyric Speaker Box 21f384:0xabd84198:NOT_SETUP
01-01 05:33:39.930  2966  3174 I LibreCastControlDelegate: Device Build Number -> '1.52.272222'
01-01 05:33:39.931  2966  3174 I librecast: updateCastBuildVersion() Version 1.52.272222
01-01 05:33:39.931  2711  2711 I lucitransport: readRemoteMessage() MID char = 7 buffer = 1.52.272222
01-01 05:33:39.931  2966  3174 I LibreCastControlDelegate: Active Applications -> 0
01-01 05:33:39.938  2710  2722 I yani_server: NetLink Event '-1' Interface-Index '5' WLAN '0' Ethernet '-1' Parsed-iFill '-1' -> 'INVALID' ifIndex '1' -> 'lo'
01-01 05:33:39.959  2710  2722 I chatty  : uid=0(root) YaniServer identical 31 lines
01-01 05:33:39.959  2710  2722 I yani_server: NetLink Event '-1' Interface-Index '5' WLAN '0' Ethernet '-1' Parsed-iFill '-1' -> 'INVALID' ifIndex '1' -> 'lo'
01-01 05:33:39.959  2710  2722 I yani_kernel: yani_geteventfrom_changeaddr() Message-Id '1' Netlink event '16' Interface Index '5' -> Name 'wlan0' 
01-01 05:33:39.960  2710  2722 I yani_kernel: yani_geteventfrom_changeaddr() Message-Id '1' Netlink event '16' Interface Index '5' -> Name 'wlan0' 
01-01 05:33:40.197  3096  3096 I cast_shell: [3099:3107:ERROR:connectivity_checker_impl.cc(265)] Connectivity check failed: 400
01-01 05:33:41.203  3096  3096 I cast_shell: [3099:3107:ERROR:connectivity_checker_impl.cc(265)] Connectivity check failed: 400
01-01 05:33:41.469  2709  2709 I wpa_supplicant: wlan0: CTRL-EVENT-SCAN-FAILED ret=-11
01-01 05:33:41.469  3096  3096 I cast_shell: [3099:3138:INFO:ble_setup.cc(322)] Record action: Setup.scan_wifi.BLE
01-01 05:33:41.472  2710  2722 I yani_server: NetLink Event '-1' Interface-Index '5' WLAN '-1' Ethernet '-1' Parsed-iFill '-1' -> 'INVALID' ifIndex '1' -> 'lo'
01-01 05:33:41.476  2966  3174 I LibreCastControlDelegate: OnCastStatus() +++ Lyric Speaker Box 21f384:0xabd84198:NOT_SETUP
01-01 05:33:41.476  2966  3174 I LibreCastControlDelegate: Device Build Number -> '1.52.272222'
01-01 05:33:41.476  2966  3174 I librecast: updateCastBuildVersion() Version 1.52.272222
01-01 05:33:41.476  2711  2711 I lucitransport: readRemoteMessage() MID char = 7 buffer = 1.52.272222
01-01 05:33:41.476  2966  3174 I LibreCastControlDelegate: Active Applications -> 0
01-01 05:33:41.476  2966  3174 I LibreCastControlDelegate: Current Cast State '2' -> 'NOT_SETUP'
01-01 05:33:41.476  2966  3174 I LibreCastControlDelegate: OnCastStatus() ---
01-01 05:33:42.210  3096  3096 I cast_shell: [3099:3107:ERROR:connectivity_checker_impl.cc(265)] Connectivity check failed: 400
01-01 05:33:44.223  3096  3096 I chatty  : uid=1000(chrome) /bin/logwrapper identical 2 lines
01-01 05:33:45.230  3096  3096 I cast_shell: [3099:3107:ERROR:connectivity_checker_impl.cc(265)] Connectivity check failed: 400
01-01 05:33:45.533  3096  3096 I cast_shell: [3099:3138:INFO:metrics_recorder.cc(282)] Record action: Setup.scan_results.BLE
01-01 05:33:45.607  3096  3096 I cast_shell: [3099:3138:INFO:metrics_recorder.cc(282)] Record action: Setup.scan_results.BLE
01-01 05:33:46.236  3096  3096 I cast_shell: [3099:3107:ERROR:connectivity_checker_impl.cc(265)] Connectivity check failed: 400
01-01 05:33:47.243  3096  3096 I cast_shell: [3099:3107:ERROR:connectivity_checker_impl.cc(265)] Connectivity check failed: 400
01-01 05:33:47.740  3096  3096 I cast_shell: [3099:3138:INFO:ble_setup.cc(322)] Record action: Setup.play_sound.BLE
01-01 05:33:47.743  3096  3096 I cast_shell: [3099:3116:INFO:synchronized_sound_player.cc(362)] Playing sound key 2
01-01 05:33:47.783  3096  3096 I cast_shell: [3099:3138:INFO:ble_setup.cc(322)] Record action: Setup.play_sound.BLE
01-01 05:33:47.786  3096  3096 I cast_shell: [3099:3116:INFO:synchronized_sound_player.cc(362)] Playing sound key 0
01-01 05:33:47.833  3096  3096 I cast_shell: [3099:3116:INFO:audio_decoder_software_wrapper.cc(86)] Using backend decoder for PCM
01-01 05:33:47.834  3096  3096 I cast_shell: [3099:3122:INFO:mixer_input_connection.cc(208)] Create 0xf3da62c0 (no_delay), content type: media, focus type: media, fill size: 512, algorithm fill size: 240, channel count: 2, input sample rate: 48000, start threshold: 3360, max queue size: 9600, socket: 0xf511bbe0
01-01 05:33:47.834  3096  3096 I cast_shell: [3099:3121:INFO:mixer_output_stream_alsa.cc(428)] ALSA buffer = 4096, period = 512
01-01 05:33:47.834  3096  3096 I cast_shell: [3099:3120:INFO:stream_mixer.cc(604)] Input source channel count = 2
01-01 05:33:47.834  3096  3096 I cast_shell: [3099:3120:INFO:stream_mixer.cc(607)] Dynamic channel count not enabled; using stereo
01-01 05:33:47.834  3096  3096 I cast_shell: [3099:3120:INFO:stream_mixer.cc(604)] Input source channel count = 2
01-01 05:33:47.834  3096  3096 I cast_shell: [3099:3120:INFO:stream_mixer.cc(607)] Dynamic channel count not enabled; using stereo
01-01 05:33:47.834  3096  3096 I cast_shell: [3099:3120:INFO:stream_mixer.cc(416)] Start with 0 active inputs
01-01 05:33:47.837  3096  3096 I cast_shell: [3099:3121:INFO:mixer_output_stream_alsa.cc(171)] snd_pcm_open: handle=0xf3322d58
01-01 05:33:47.845  3096  3096 I cast_shell: [3099:3121:INFO:mixer_output_stream_alsa.cc(346)] Sample rate changed from 0 to 48000
01-01 05:33:47.845  3096  3096 I cast_shell: [3099:3121:WARNING:mixer_output_stream_alsa.cc(379)] Requested period size (512 frames) does not match the actual period size (1024 frames). This may lead to an increase in CPU usage or an increase in audio latency.
01-01 05:33:47.848  3096  3096 I cast_shell: [3099:3120:INFO:stream_mixer.cc(466)] Output 2 channels at 48000 samples per second
01-01 05:33:47.848  3096  3096 I cast_shell: [3099:3120:INFO:stream_mixer.cc(484)] Using 2 loopback channels
01-01 05:33:47.848  3096  3096 I cast_shell: [3099:3121:INFO:filter_group.cc(340)] : 2ch@48000hz -> [GROUP]mix -> 2ch@48000hz
01-01 05:33:47.848  3096  3096 I cast_shell: [3099:3121:INFO:filter_group.cc(340)] [GROUP]mix: 2ch@48000hz -> [GROUP]linearize -> 2ch@48000hz
01-01 05:33:47.849  3096  3096 I cast_shell: [3099:3120:INFO:stream_mixer.cc(640)] Add input 0xf3da62c4 to mix @ 48000 samples per second. Is primary source? = 0
01-01 05:33:47.849  3096  3096 I cast_shell: [3099:3120:INFO:mixer_input.cc(361)] no_delay(0xf3da62c4): set volume limits to [0, 1]
01-01 05:33:47.849  3096  3096 I cast_shell: [3099:3120:INFO:mixer_input.cc(346)] no_delay(0xf3da62c4): type volume = 1, effective multiplier = 1
01-01 05:33:47.849  3096  3096 I cast_shell: [3099:3120:INFO:mixer_input.cc(395)] no_delay(0xf3da62c4): mute volume = 1, effective multiplier = 1
01-01 05:33:47.852  3096  3096 I cast_shell: [3099:3120:INFO:mixer_input_connection.cc(1053)] 0xf3da62c0 ready for playback
01-01 05:33:47.852  3096  3096 I cast_shell: [3099:3116:INFO:media_pipeline_backend_for_mixer.cc(276)] Audio ready to play
01-01 05:33:47.880  3096  3096 I cast_shell: [3099:3120:INFO:mixer_input_connection.cc(705)] Start 0xf3da62c0
01-01 05:33:48.249  3096  3096 I cast_shell: [3099:3107:ERROR:connectivity_checker_impl.cc(265)] Connectivity check failed: 400
01-01 05:33:49.255  3096  3096 I cast_shell: [3099:3107:ERROR:connectivity_checker_impl.cc(265)] Connectivity check failed: 400
01-01 05:33:49.480  3096  3096 I cast_shell: [3099:3120:INFO:mixer_input_connection.cc(589)] End of stream for 0xf3da62c0
01-01 05:33:49.672  3096  3096 I cast_shell: [3099:3116:INFO:synchronized_sound_player.cc(496)] Finished playing sound
01-01 05:33:49.672  3096  3096 I cast_shell: [3099:3122:INFO:mixer_input_connection.cc(386)] Remove 0xf3da62c0
01-01 05:33:49.736  3096  3096 I cast_shell: [3099:3122:INFO:mixer_input_connection.cc(243)] Delete 0xf3da62c0
01-01 05:33:49.736  3096  3096 I cast_shell: [3099:3120:INFO:stream_mixer.cc(683)] Remove input 0xf3da62c4
01-01 05:33:49.736  3096  3096 I cast_shell: [3099:3120:INFO:stream_mixer.cc(774)] Close timeout
01-01 05:33:49.736  3096  3096 I cast_shell: [3099:3120:INFO:stream_mixer.cc(541)] Stop
01-01 05:33:49.736  3096  3096 I cast_shell: [3099:3107:INFO:loopback_audio_input.cc(194)] [REALIGN] loopback interrupted; reason = 4
01-01 05:33:49.737  3096  3096 I cast_shell: [3099:3099:INFO:cast_receiver_mojo.cc(844)] cast event : Cast.Platform.Audio.OutputInterrupted
01-01 05:33:49.821  3096  3096 I cast_shell: [3099:3121:INFO:mixer_output_stream_alsa.cc(293)] snd_pcm_close: handle=0xf3322d58
01-01 05:33:50.261  3096  3096 I cast_shell: [3099:3107:ERROR:connectivity_checker_impl.cc(265)] Connectivity check failed: 400
01-01 05:33:59.321  3096  3096 I chatty  : uid=1000(chrome) /bin/logwrapper identical 9 lines
01-01 05:34:00.328  3096  3096 I cast_shell: [3099:3107:ERROR:connectivity_checker_impl.cc(265)] Connectivity check failed: 400
01-01 05:34:00.971  3096  3096 I cast_shell: [3099:3138:INFO:ble_setup.cc(322)] Record action: Setup.connect_wifi.BLE
01-01 05:34:00.978  3096  3096 I cast_shell: [3099:3138:INFO:setup_manager_impl.cc(1965)] New value: pref=tos-accepted, value=1
01-01 05:34:00.978  3096  3096 I cast_shell: [3099:3138:INFO:api_connect_wifi.cc(86)] connect_wifi Auth: 7
01-01 05:34:00.978  3096  3096 I cast_shell: [3099:3138:INFO:api_connect_wifi.cc(90)] connect_wifi Cipher: 4
01-01 05:34:00.978  3096  3096 I cast_shell: [3099:3099:INFO:bluetooth_setup.cc(686)] Disabling connectability: no bonded devices.
01-01 05:34:00.978  3096  3096 I cast_shell: [3099:3099:INFO:cast_receiver_impl.cc(1100)] Leaving discovery-only mode
01-01 05:34:00.978  3096  3096 I cast_shell: [3099:3099:INFO:application_config_manager_impl.cc(566)] Enabling virtual device 09b2041d-5a67-b905-f088-5ee8bb7aaab7
01-01 05:34:00.979  3096  3096 I cast_shell: [3099:3148:INFO:mdns_cast_service.cc(351)] Device discovery state is idle
01-01 05:34:00.979  3096  3096 I cast_shell: [3099:3148:INFO:mdns_util.cc(102)] Defaulting mDNS capabilities for audio-only build
01-01 05:34:00.995  3096  3096 I cast_shell: [3099:3138:INFO:wifi_controller_wpa_supplicant.cc(1188)] strongest_snr=23 wifi_interface_index=0
01-01 05:34:01.011  2730  2760 I bluetoothtbd: [1231/160401.011486:INFO:adapter.cc(551)] Adapter properties changed
01-01 05:34:01.012  3096  3096 I cast_shell: [3099:3138:INFO:api_connect_wifi.cc(159)] [PII] Configuring wifi: ssid=Linksys16717_2G, auth=7, pairwise=4, id=0"
01-01 05:34:01.012  3096  3096 I cast_shell: [3099:3138:INFO:api_connect_wifi.cc(162)] Configuring wifi: otg =0, tethering_mode =0, wifi_auto_save_enabled=0
01-01 05:34:01.012  3096  3096 I cast_shell: [3099:3138:INFO:local_network_info_impl.cc(276)] CONNECTIVITY_ID changed:
01-01 05:34:01.012  2710  2722 I yani_server: NetLink Event '-1' Interface-Index '5' WLAN '0' Ethernet '-1' Parsed-iFill '-1' -> 'INVALID' ifIndex '1' -> 'lo'
01-01 05:34:01.013  3096  3096 I cast_shell: [3099:3138:INFO:setup_state.cc(261)] Setup state changed: SETUP_STATE_DISCONNECTED_EXTERNAL_CLIENT_ACCESSED (11) -> SETUP_STATE_SCANNING (20)
01-01 05:34:01.013  3096  3096 I cast_shell: [3099:3138:INFO:bluetooth_manager.cc(115)] Record action: Cast.Bluetooth.DiscoveryMode.Disable
01-01 05:34:01.013  3096  3096 I cast_shell: [3099:3099:INFO:ccs_manager_impl.cc(1799)] Connectivity ID has changed; Will re-register CCS
01-01 05:34:01.013  3096  3096 I cast_shell: [3099:3099:INFO:ccs_manager_impl.cc(851)] Network connectivity down for CcsManager
01-01 05:34:01.022  3096  3096 I cast_shell: [3099:3138:INFO:setup_state.cc(261)] Setup state changed: SETUP_STATE_SCANNING (20) -> SETUP_STATE_CHECKING_GLOBAL_CONNECTIVITY (50)
01-01 05:34:01.029  2966  3174 I LibreCastControlDelegate: OnCastStatus() +++ Lyric Speaker Box 21f384:0xabd84198:OFFLINE
01-01 05:34:01.029  2966  3174 I LibreCastControlDelegate: Device Build Number -> '1.52.272222'
01-01 05:34:01.029  2966  3174 I librecast: updateCastBuildVersion() Version 1.52.272222
01-01 05:34:01.029  2711  2711 I lucitransport: readRemoteMessage() MID char = 7 buffer = 1.52.272222
01-01 05:34:01.029  2966  3174 I LibreCastControlDelegate: Active Applications -> 0
01-01 05:34:01.030  2966  3174 I LibreCastControlDelegate: Current Cast State '3' -> 'OFFLINE'
01-01 05:34:01.030  2966  3174 I LibreCastControlDelegate: OnCastStatus() ---
01-01 05:34:01.031  2966  3174 I LibreCastControlDelegate: OnCastStatus() +++ Lyric Speaker Box 21f384:0xabd84198:OFFLINE
01-01 05:34:01.031  2966  3174 I LibreCastControlDelegate: Device Build Number -> '1.52.272222'
01-01 05:34:01.031  2966  3174 I librecast: updateCastBuildVersion() Version 1.52.272222
