04-09 10:37:09.331  3083  3083 I cast_shell: [3086:3086:INFO:device_info_impl.cc(1133)] SSDP Config ID is increased: id=5
04-09 10:37:09.372  3083  3083 I cast_shell: [3086:3137:INFO:multizone_manager.cc(2131)] Updated leader quality: 49807409
04-09 10:37:09.376  3083  3083 I cast_shell: [3086:3137:INFO:multizone_group.cc(357)] Change name for group [PII](AB5F13CC61E4DFB91E148ADD071BB1E6) to [PII](AAA speaker)
04-09 10:37:09.376  3083  3083 I cast_shell: [3086:3134:INFO:mdns_app_filter.cc(1120)] Skipping IPv6 interface that also has an IPv4 address: wlan0
04-09 10:37:09.376  3083  3083 I chatty  : uid=1000(chrome) /bin/logwrapper identical 2 lines
04-09 10:37:09.376  3083  3083 I cast_shell: [3086:3134:INFO:mdns_app_filter.cc(1120)] Skipping IPv6 interface that also has an IPv4 address: wlan0
04-09 10:37:09.377  3083  3083 I cast_shell: [3086:3134:INFO:metrics_recorder.cc(282)] cast event: Cast.Discovery.Mdns.SocketCreated
04-09 10:37:09.377  3083  3083 I cast_shell: [3086:3134:INFO:mdns_app_filter.cc(1254)] Created mDNS socket for interface:name=wlan0, address=192.168.1.145, index=5
04-09 10:37:09.377  3083  3083 I cast_shell: [3086:3134:INFO:metrics_recorder.cc(282)] cast event: Cast.Discovery.Mdns.SocketCreated
04-09 10:37:09.377  3083  3083 I cast_shell: [3086:3134:INFO:mdns_app_filter.cc(1254)] Created mDNS socket for interface:name=p2p1, address=192.168.2.1, index=7
04-09 10:37:09.377  3083  3083 I cast_shell: [3086:3134:INFO:metrics_recorder.cc(282)] cast event: Cast.Discovery.Mdns.SocketCreated
04-09 10:37:09.377  3083  3083 I cast_shell: [3086:3134:INFO:mdns_app_filter.cc(1254)] Created mDNS socket for interface:name=usb0, address=192.168.10.1, index=9
04-09 10:37:09.384  2963  3162 I LibreCastControlDelegate: OnCastStatus() +++ Lyric Speaker Box 21f384:0xace3c198:NOT_SETUP
04-09 10:37:09.384  2963  3162 I LibreCastControlDelegate: Device Build Number -> '1.52.272222'
04-09 10:37:09.384  2963  3162 I librecast: updateCastBuildVersion() Version 1.52.272222
04-09 10:37:09.384  3083  3083 I cast_shell: [3086:3124:INFO:bluetooth_manager.cc(1232)] [PII] Set device name to 'AAA speaker'
04-09 10:37:09.384  3083  3083 I cast_shell: [3086:3124:INFO:metrics_recorder.cc(282)] cast event: Cast.System.Timezone.ChangeSuccessful
04-09 10:37:09.384  2712  2719 I lucitransport: readRemoteMessage() MID char = 7 buffer = 1.52.272222
04-09 10:37:09.384  2963  3162 I LibreCastControlDelegate: Active Applications -> 0
04-09 10:37:09.384  2963  3162 I LibreCastControlDelegate: Current Cast State '2' -> 'NOT_SETUP'
04-09 10:37:09.384  2963  3162 I LibreCastControlDelegate: OnCastStatus() ---
04-09 10:37:09.385  2963  3162 I LibreCastControlDelegate: OnCastStatus() +++ AAA speaker:0xace3c198:NOT_SETUP
04-09 10:37:09.385  2963  3162 I LibreCastControlDelegate: Device Build Number -> '1.52.272222'
04-09 10:37:09.385  2963  3162 I librecast: updateCastBuildVersion() Version 1.52.272222
04-09 10:37:09.385  2712  2719 I lucitransport: readRemoteMessage() MID char = 7 buffer = 1.52.272222
04-09 10:37:09.385  2963  3162 I LibreCastControlDelegate: Active Applications -> 0
04-09 10:37:09.385  2963  3162 I LibreCastControlDelegate: Current Cast State '2' -> 'NOT_SETUP'
04-09 10:37:09.388  3083  3083 I cast_shell: [3086:3124:INFO:wifi_controller_wpa_supplicant.cc(692)] Clear bssid from config for network id 0
04-09 10:37:09.392  3083  3083 I cast_shell: [3086:3124:INFO:setup_manager_impl.cc(1725)] Report action: Wifi.FirstConfigured
04-09 10:37:09.393  2963  3162 I LibreCastControlDelegate: OnCastStatus() +++ AAA speaker:0xace3c198:NOT_SETUP
04-09 10:37:09.393  2963  3162 I LibreCastControlDelegate: Device Build Number -> '1.52.272222'
04-09 10:37:09.393  2963  3162 I librecast: updateCastBuildVersion() Version 1.52.272222
04-09 10:37:09.393  2712  2719 I lucitransport: readRemoteMessage() MID char = 7 buffer = 1.52.272222
04-09 10:37:09.393  2963  3162 I LibreCastControlDelegate: Active Applications -> 0
04-09 10:37:09.393  2963  3162 I LibreCastControlDelegate: Current Cast State '2' -> 'NOT_SETUP'
04-09 10:37:09.393  2963  3162 I LibreCastControlDelegate: OnCastStatus() ---
04-09 10:37:09.394  2963  3162 I LibreCastControlDelegate: OnCastStatus() +++ AAA speaker:0xace3c198:NOT_SETUP
04-09 10:37:09.394  2963  3162 I LibreCastControlDelegate: Device Build Number -> '1.52.272222'
04-09 10:37:09.518  2969  2995 I otamanager: OTA:ResolveDNSName IP = 52.45.59.166
04-09 10:37:09.519  2969  2995 I otamanager: OTA:hostIp string: https://52.45.59.166/v1
04-09 10:37:09.519  2969  2995 I otamanager: OTA: trying after 2 sec 
04-09 10:37:09.663  3083  3083 I cast_shell: [3086:3094:INFO:parent_tracker.cc(237)] Network changed
04-09 10:37:09.664  3083  3083 I cast_shell: [3086:3094:INFO:parent_tracker.cc(135)] Now using local address [PII](192.168.1.145)
04-09 10:37:09.664  3083  3083 I cast_shell: [3086:3094:INFO:directory_service_impl.cc(200)] This device became root
04-09 10:37:09.665  3083  3083 I cast_shell: [3086:3094:INFO:parent_tracker.cc(237)] Network changed
04-09 10:37:09.665  3083  3083 I cast_shell: [3086:3094:INFO:parent_tracker.cc(132)] No need to recreate socket
04-09 10:37:09.666  3083  3083 I cast_shell: [3086:3124:INFO:local_network_info_impl.cc(435)] LNID_W changed:
04-09 10:37:09.668  3083  3083 I cast_shell: [3086:3096:INFO:net_util_impl.cc(582)] IP address: [PII](192.168.1.1) MAC address: [PII](C8:B3:73:44:AE:ED)
04-09 10:37:09.669  3083  3083 I cast_shell: [3086:3096:INFO:local_network_info_impl.cc(346)] LNID changed:
04-09 10:37:09.669  3083  3083 I cast_shell: [3086:3086:INFO:ccs_manager_impl.cc(1789)] LNID has changed; Will re-register CCS
04-09 10:37:09.674  3083  3083 I cast_shell: [3086:3096:INFO:net_util_impl.cc(582)] IP address: [PII](192.168.1.1) MAC address: [PII](C8:B3:73:44:AE:ED)
04-09 10:37:10.192  3083  3083 I cast_shell: [3086:3134:INFO:mdns_app_filter.cc(1403)] MdnsAppFilter: Done probing.
04-09 10:37:10.214  3083  3083 I cast_shell: [3086:3124:INFO:ble_setup.cc(789)] Missing required info for sign.
04-09 10:37:10.252  3083  3083 I cast_shell: [system_updater_dummy.cpp(139)] CheckUpdate 139
04-09 10:37:10.252  3083  3083 I cast_shell: [system_updater_dummy.cpp(148)] CheckUpdate 148 return
04-09 10:37:10.257  3083  3083 I cast_shell: [3086:3124:INFO:ble_setup.cc(915)] Sign related info completed, no future EurekaInfo need sign.
04-09 10:37:10.439  3083  3083 I cast_shell: [3086:3124:INFO:metrics_recorder.cc(282)] Record action: Setup.state.BLE
04-09 10:37:10.935  3083  3083 I cast_shell: [3086:3086:INFO:application_config_manager_impl.cc(683)] No capability tags found for app ID CC1AD845: using default capability tags 0
04-09 10:37:10.935  3083  3083 I cast_shell: [3086:3086:INFO:application_config_manager_impl.cc(637)] Virtual device not enabled: [PII](1d6cf37e-ee8f-4eb5-faa6-6928fdfff1d2)
04-09 10:37:10.935  3083  3083 I cast_shell: [3086:3086:WARNING:application_config_manager_impl.cc(424)] App is not supported: id=CC1AD845
04-09 10:37:10.935  3083  3083 I cast_shell: [3086:3134:INFO:mdns_app_filter.cc(2645)] MdnsAppFilter: responses sent in 190 seconds: 1
04-09 10:37:10.981  3083  3083 I cast_shell: [3086:3121:INFO:snr_tracker.cc(50)] snr = 52
04-09 10:37:11.201  3083  3083 I cast_shell: [3086:3086:INFO:grpc_service_discovery_impl.cc(185)] Mdns discovered google RPC for [PII](AB5F13CC61E4DFB91E148ADD071BB1E6).
04-09 10:37:11.276  3083  3083 I cast_shell: [system_updater_dummy.cpp(139)] CheckUpdate 139
04-09 10:37:11.276  3083  3083 I cast_shell: [system_updater_dummy.cpp(148)] CheckUpdate 148 return
04-09 10:37:11.341  3083  3083 I cast_shell: [3086:3086:INFO:lycra_gcm.cc(212)] Registered GCM handler
04-09 10:37:11.342  3083  3083 I cast_shell: [3086:3086:INFO:ccs_transport_gcm.cc(244)] Registered GCM handler
04-09 10:37:11.343  3083  3083 I cast_shell: [3086:3086:INFO:ccs_manager_impl.cc(1322)] Waiting for all transports to be enabled
04-09 10:37:11.473  3083  3083 I cast_shell: [3086:3124:INFO:metrics_recorder.cc(282)] Record action: Setup.state.BLE
04-09 10:37:11.551  3083  3083 I cast_shell: [3086:3096:INFO:crl_downloader.cc(155)] CRL processed.
04-09 10:37:11.553  3083  3083 I cast_shell: [3086:3096:INFO:metrics_recorder.cc(282)] cast event: Cast.CRL.DownloadSuccess
04-09 10:37:11.555  3083  3083 I cast_shell: [3086:3096:INFO:client_auth_signer.cc(211)] Cast certificate verification: CastCertError::OK
04-09 10:37:11.556  3083  3083 I cast_shell: [3086:3096:INFO:metrics_recorder.cc(282)] cast event: Cast.Auth.OK
04-09 10:37:11.564  3083  3083 I cast_shell: [3086:3094:INFO:heartbeat_manager.cc(272)] Set HBInterval default: 1680000
04-09 10:37:11.564  3083  3083 I cast_shell: [3086:3086:INFO:gcm_manager.cc(233)] GCM connection established.
04-09 10:37:12.076  3083  3083 I cast_shell: [3086:3086:INFO:config_downloader.cc(700)] Received Protobuf config response
04-09 10:37:12.093  3083  3083 I cast_shell: [3086:3086:INFO:application_manager_impl.cc(2024)] max_background_apps changed to: 1
04-09 10:37:12.093  3083  3083 I cast_shell: [3086:3086:ERROR:modular_update_manager_impl.cc(382)] No modular updater app ID can be found in device config.
04-09 10:37:12.103  3083  3083 I cast_shell: [3086:3086:INFO:ccs_settings.cc(262)] CcsSettings using CCS url https://clients5.google.com/cast/cloudcast/
04-09 10:37:12.126  3083  3083 I cast_shell: [3086:3086:INFO:application_config_manager_impl.cc(528)] Setting default remote control app ID: 1374D8AA
04-09 10:37:12.126  3083  3083 I cast_shell: [3086:3086:INFO:application_identification_settings.cc(410)] new ApplicationIdentificationSettings session_id: 7680258c-1f25-432a-affb-2186ac6f96b5 app_id: 38579375 flags: 7 headers: 512
04-09 10:37:12.126  3083  3083 I cast_shell: [3086:3086:WARNING:ccs_manager_impl.cc(1566)] Device does not have a weave device id
04-09 10:37:12.126  3083  3083 I cast_shell: [3086:3086:INFO:mdns_util.cc(102)] Defaulting mDNS capabilities for audio-only build
04-09 10:37:12.126  3083  3083 I cast_shell: [3086:3086:INFO:mdns_util.cc(102)] Defaulting mDNS capabilities for audio-only build
04-09 10:37:12.127  3083  3083 I cast_shell: [3086:3086:INFO:ccs_transport_https.cc(1203)] No cloud settings for register request
04-09 10:37:12.129  3083  3083 I cast_shell: [3086:3086:INFO:ccs_manager_impl.cc(1496)] Registering device with CCS: message_id = ae0e6fb7-86ce-42a4-8dd1-a1b1b621b006
04-09 10:37:12.129  3083  3083 I cast_shell: [3086:3086:INFO:ccs_manager_impl.cc(1497)] [PII] device_id = AB5F13CC61E4DFB91E148ADD071BB1E6
04-09 10:37:12.129  3083  3083 I cast_shell: [3086:3086:INFO:application_identification_settings.cc(410)] new ApplicationIdentificationSettings session_id: 49526829-13d2-47f7-823d-1187a168296e app_id: 38579375 flags: 7 headers: 512
04-09 10:37:12.129  3083  3083 I cast_shell: [3086:3086:INFO:robot_account_auth_manager.cc(470)] Successfully initialized JWT for 38579375
04-09 10:37:12.129  3083  3083 I cast_shell: [3086:3086:INFO:config_downloader.cc(900)] Clearing local config cache
04-09 10:37:12.135  3083  3083 I cast_shell: [3086:3086:INFO:metrics_recorder.cc(282)] Record action: Cast.DCS.DownloadSuccess
04-09 10:37:12.135  3083  3083 I cast_shell: [3086:3086:INFO:key_exchange_namespace_handler.cc(178)] Changing key_exchange_support capability
04-09 10:37:12.136  2963  3162 I LibreCastControlDelegate: OnCastStatus() +++ AAA speaker:0xace3c198:NOT_SETUP
04-09 10:37:12.137  2963  3162 I LibreCastControlDelegate: Device Build Number -> '1.52.272222'
04-09 10:37:12.137  2963  3162 I librecast: updateCastBuildVersion() Version 1.52.272222
04-09 10:37:12.140  3083  3083 I cast_shell: [3086:3086:INFO:mdns_util.cc(102)] Defaulting mDNS capabilities for audio-only build
04-09 10:37:12.140  3083  3083 I cast_shell: [3086:3086:INFO:chromecast_service.cc(2229)] AoGH feature is: 0
04-09 10:37:12.140  3083  3083 I cast_shell: [3086:3134:INFO:mdns_util.cc(102)] Defaulting mDNS capabilities for audio-only build
04-09 10:37:12.140  3083  3083 I cast_shell: [3086:3086:INFO:chromecast_service.cc(2189)] Geolocation changed to: 0
04-09 10:37:12.140  3083  3083 I cast_shell: [3086:3086:INFO:lycra_transport.cc(301)] Feature flag changed: false
04-09 10:37:12.141  3083  3083 I cast_shell: [3086:3086:INFO:chromecast_service.cc(2248)] Playback disruption feature is: 1
04-09 10:37:12.141  3083  3083 I cast_shell: [3086:3086:INFO:playback_disruption_service.cc(328)] Playback disruption service enabled and running
04-09 10:37:12.141  3083  3083 I cast_shell: [3086:3086:INFO:ccs_manager_impl.cc(864)] Re-registering single CCS device
04-09 10:37:12.141  3083  3083 I cast_shell: [3086:3086:WARNING:ccs_manager_impl.cc(1566)] Device does not have a weave device id
04-09 10:37:12.141  3083  3083 I cast_shell: [3086:3086:INFO:mdns_util.cc(102)] Defaulting mDNS capabilities for audio-only build
04-09 10:37:12.141  3083  3083 I cast_shell: [3086:3086:INFO:mdns_util.cc(102)] Defaulting mDNS capabilities for audio-only build
04-09 10:37:12.141  3083  3083 I cast_shell: [3086:3086:INFO:ccs_transport_https.cc(1203)] No cloud settings for register request
04-09 10:37:12.141  3083  3083 I cast_shell: [3086:3086:INFO:application_identification_settings.cc(1120)] CreateJwt in progress; storing callback.
04-09 10:37:12.141  3083  3083 I cast_shell: [3086:3086:INFO:ccs_manager_impl.cc(1496)] Registering device with CCS: message_id = 9d2171eb-2c32-4984-b476-df3921a3f783
04-09 10:37:12.141  3083  3083 I cast_shell: [3086:3086:INFO:ccs_manager_impl.cc(1497)] [PII] device_id = AB5F13CC61E4DFB91E148ADD071BB1E6
04-09 10:37:12.169  3083  3083 I cast_shell: [3086:3086:INFO:robot_account_auth_manager.cc(496)] JWT expiry in 3600 seconds
04-09 10:37:12.169  3083  3083 I cast_shell: [3086:3086:INFO:metrics_recorder.cc(282)] cast event: Cloud.Transport.Https.Register.Out
04-09 10:37:12.170  3083  3083 I cast_shell: [3086:3086:INFO:robot_account_auth_manager.cc(384)] Sending oauth request for client_id: 0
04-09 10:37:12.171  3083  3083 I cast_shell: [3086:3086:INFO:metrics_recorder.cc(282)] cast event: Cast.Assistant.Auth.FetchToken
04-09 10:37:12.171  3083  3083 I cast_shell: [3086:3096:INFO:chromium_http_connection.cc(436)] Creating a new chromium http url loader factory
04-09 10:37:12.171  3083  3083 I cast_shell: [3086:3086:INFO:metrics_recorder.cc(282)] cast event: Cloud.Transport.Https.Register.Out
04-09 10:37:12.300  3083  3083 I cast_shell: [system_updater_dummy.cpp(139)] CheckUpdate 139
04-09 10:37:12.300  3083  3083 I cast_shell: [system_updater_dummy.cpp(148)] CheckUpdate 148 return
04-09 10:37:12.451  3083  3083 I cast_shell: [3086:3086:INFO:robot_account_auth_manager.cc(525)] Got CAS response: 200
04-09 10:37:12.452  3083  3083 I cast_shell: [3086:3086:INFO:metrics_recorder.cc(282)] cast event: Cast.Assistant.AuthError.NOT_LINKED
04-09 10:37:12.452  3083  3083 I cast_shell: [3086:3086:INFO:robot_account_auth_manager.cc(776)] Current error: TOKEN_NOT_FETCHED, new error: NOT_LINKED
04-09 10:37:12.452  3083  3083 I cast_shell: [3086:3086:INFO:user_auth_impl.cc(207)] Notified all the observers of new auth tokens.
04-09 10:37:12.508  3083  3083 I cast_shell: [3086:3124:INFO:metrics_recorder.cc(282)] Record action: Setup.state.BLE
04-09 10:37:12.551  2962  2973 D wac-main: Netlink event
04-09 10:37:12.551  2962  2973 E wac-main: Netlink event 16 Interface Index 5 
04-09 10:37:12.551  2962  2973 E wac-main: Enter poll and wait
04-09 10:37:12.551  2962  2973 D wac-main: Netlink event
04-09 10:37:12.551  2962  2973 E wac-main: Netlink event 16 Interface Index 5 
04-09 10:37:12.551  2962  2973 E wac-main: Enter poll and wait
04-09 10:37:12.554  2711  2723 I yani_server: NetLink Event '-1' Interface-Index '5' WLAN '0' Ethernet '-1' Parsed-iFill '-1' -> 'INVALID' ifIndex '1' -> 'lo'
04-09 10:37:12.559  2711  2723 I chatty  : uid=0(root) YaniServer identical 3 lines
04-09 10:37:12.561  2711  2723 I yani_server: NetLink Event '-1' Interface-Index '5' WLAN '0' Ethernet '-1' Parsed-iFill '-1' -> 'INVALID' ifIndex '1' -> 'lo'
04-09 10:37:12.561  2963  3162 I LibreCastControlDelegate: OnCastStatus() +++ AAA speaker:0xace3c198:NOT_SETUP
04-09 10:37:12.561  2963  3162 I LibreCastControlDelegate: Device Build Number -> '1.52.272222'
04-09 10:37:12.561  2963  3162 I librecast: updateCastBuildVersion() Version 1.52.272222
04-09 10:37:12.562  2712  2719 I lucitransport: readRemoteMessage() MID char = 7 buffer = 1.52.272222
04-09 10:37:12.562  2963  3162 I LibreCastControlDelegate: Active Applications -> 0
04-09 10:37:12.562  2963  3162 I LibreCastControlDelegate: Current Cast State '2' -> 'NOT_SETUP'
04-09 10:37:12.562  2963  3162 I LibreCastControlDelegate: OnCastStatus() ---
04-09 10:37:12.563  2711  2723 I yani_server: NetLink Event '-1' Interface-Index '5' WLAN '0' Ethernet '-1' Parsed-iFill '-1' -> 'INVALID' ifIndex '1' -> 'lo'
04-09 10:37:12.564  2711  2723 I chatty  : uid=0(root) YaniServer identical 1 line
04-09 10:37:12.565  2711  2723 I yani_server: NetLink Event '-1' Interface-Index '5' WLAN '0' Ethernet '-1' Parsed-iFill '-1' -> 'INVALID' ifIndex '1' -> 'lo'
04-09 10:37:12.565  2711  2723 I yani_kernel: yani_geteventfrom_changeaddr() Message-Id '1' Netlink event '16' Interface Index '5' -> Name 'wlan0' 
04-09 10:37:12.566  2711  2723 I yani_kernel: yani_geteventfrom_changeaddr() Message-Id '1' Netlink event '16' Interface Index '5' -> Name 'wlan0' 
04-09 10:37:13.246  2969  2995 I otamanager: OTA:curl response code : 0	
04-09 10:37:13.246  2969  2995 I otamanager: http status code : 200
04-09 10:37:13.246  2969  2995 I otamanager: OTA: contentLen :187.000000
04-09 10:37:13.253  2969  2995 I otamanager: OTA: bytesDownloaded = 187 m_iHttpStatusCode = 200 
04-09 10:37:13.258  2691  2691 I sh      : {
04-09 10:37:13.258  2969  2995 E otamanager: OTA:error string =  No update available
04-09 10:37:13.258  2691  2691 I sh      : 	"castVersion" : null,
04-09 10:37:13.258  2691  2691 I sh      : 	"crc" : null,
04-09 10:37:13.258  2691  2691 I sh      : 	"errorCode" : 1001,
04-09 10:37:13.258  2691  2691 I sh      : 	"errorString" : "No update available",
04-09 10:37:13.258  2691  2691 I sh      : 	"forceUpgrade" : true,
04-09 10:37:13.258  2691  2691 I sh      : 	"mcuOnlyUpdate" : false,
04-09 10:37:13.258  2691  2691 I sh      : 	"otapackage" : null,
04-09 10:37:13.258  2691  2691 I sh      : 	"url" : null,
04-09 10:37:13.258  2712  2719 I lucitransport: writeRemoteMessage() MID = 223 buffer = NO_UPDATE
04-09 10:37:13.259  2712  2719 I luciUART: write() MID = 223  bytes = 19 data = NO_UPDATE m_fd = 0x5
04-09 10:37:13.259  2969  2995 I otamanager: Firmware Update State Change from CheckUpdate to Idle
04-09 10:37:13.259  3086  3098 E         : OOBE CheckUpdate
04-09 10:37:13.265  3083  3083 I cast_shell: [system_updater_dummy.cpp(132)] CheckUpdate 132 no new version
04-09 10:37:13.265  3083  3083 I cast_shell: [3086:3098:INFO:update_engine_client_with_system_updater.cc(226)] No system force update, error_code=0
04-09 10:37:13.265  3083  3083 I cast_shell: [3086:3098:INFO:update_engine_client_with_system_updater.cc(167)] Checking system force update.
04-09 10:37:13.265  3083  3083 I cast_shell: [system_updater_dummy.cpp(109)] CheckUpdate
04-09 10:37:13.265  2969  2995 I otamanager: cast_updater_threadEntry() Response 'CheckUpdate' Current Firmware Update state 'Idle'
04-09 10:37:13.265  2969  2995 I otamanager: checkUpdate_l
04-09 10:37:13.265  2969  2995 I otamanager: Firmware Update State Change from Idle to CheckUpdate
04-09 10:37:13.265  3083  3083 I cast_shell: [system_updater_dummy.cpp(148)] CheckUpdate 148 return
04-09 10:37:13.265  3083  3083 I cast_shell: [system_updater_dummy.cpp(148)] CheckUpdate 148 return
04-09 10:37:13.266  2969  2995 E otamanager: lo not valid Interface for MAC ID
04-09 10:37:13.266  2969  2995 I otamanager: OTA:checkIP mac = cc909321f384  IP = 192.168.1.145 
04-09 10:37:13.268  2969  2995 I otamanager: DownloadHttpContent firmware version = eng.C4A.1203
04-09 10:37:13.271  2712  2719 I lucitransport: readRemoteMessage() MID char = 6 buffer = 1001
04-09 10:37:13.271  2712  2719 I lucitransport: readRemoteMessage() MID char = 7 buffer = 1.52.272222
04-09 10:37:13.272  2969  2995 I otamanager: OTA: DownloadHttpContent :payload =  {"device":{"brand":"COTODAMA","castVersion":"1.52.272222","deviceId":"cc909321f384","deviceType":"LS10_C4A","fwVersion":"1203","googleCast":true,"mcuVersion":"1001","model":"LSB"}}
04-09 10:37:13.272  2969  2995 I otamanager:  
04-09 10:37:13.272  2969  2995 I otamanager: OTA:------curlDownloadFirmwareXml---
04-09 10:37:13.272  2969  2995 I otamanager: OTA:isValidIpAddress: result 0
04-09 10:37:13.458  2969  2995 I otamanager: OTA:ResolveDNSName IP = 52.45.59.166
04-09 10:37:13.458  2969  2995 I otamanager: OTA:hostIp string: https://52.45.59.166/v1
04-09 10:37:13.458  2969  2995 I otamanager: OTA: trying after 2 sec 
04-09 10:37:13.543  3083  3083 I cast_shell: [3086:3124:INFO:metrics_recorder.cc(282)] Record action: Setup.state.BLE
04-09 10:37:14.149  3083  3083 I cast_shell: [3086:3134:INFO:mdns_app_filter.cc(1526)] MdnsAppFilter: Done announcing.
04-09 10:37:14.284  3083  3083 I cast_shell: [system_updater_dummy.cpp(139)] CheckUpdate 139
04-09 10:37:14.284  3083  3083 I cast_shell: [system_updater_dummy.cpp(148)] CheckUpdate 148 return
04-09 10:37:14.579  3083  3083 I cast_shell: [3086:3124:INFO:metrics_recorder.cc(282)] Record action: Setup.state.BLE
04-09 10:37:15.088  2969  2995 I otamanager: OTA:curl response code : 0	
04-09 10:37:15.088  2969  2995 I otamanager: http status code : 200
04-09 10:37:15.088  2969  2995 I otamanager: OTA: contentLen :187.000000
04-09 10:37:15.098  2969  2995 I otamanager: OTA: bytesDownloaded = 187 m_iHttpStatusCode = 200 
04-09 10:37:15.098  2691  2691 I sh      : }{
04-09 10:37:15.098  2969  2995 E otamanager: OTA:error string =  No update available
04-09 10:37:15.098  2691  2691 I sh      : 	"castVersion" : null,
04-09 10:37:15.098  2691  2691 I sh      : 	"crc" : null,
04-09 10:37:15.098  2691  2691 I sh      : 	"errorCode" : 1001,
04-09 10:37:15.098  2691  2691 I sh      : 	"errorString" : "No update available",
04-09 10:37:15.098  2691  2691 I sh      : 	"forceUpgrade" : true,
04-09 10:37:15.098  2691  2691 I sh      : 	"mcuOnlyUpdate" : false,
04-09 10:37:15.098  2691  2691 I sh      : 	"otapackage" : null,
04-09 10:37:15.098  2691  2691 I sh      : 	"url" : null,
04-09 10:37:15.099  2969  2995 I otamanager: Firmware Update State Change from CheckUpdate to Idle
04-09 10:37:15.100  3083  3083 I cast_shell: [system_updater_dummy.cpp(132)] CheckUpdate 132 no new version
04-09 10:37:15.103  3083  3083 I cast_shell: [3086:3098:INFO:update_engine_client_with_system_updater.cc(226)] No system force update, error_code=0
04-09 10:37:15.103  3083  3083 I cast_shell: [3086:3124:INFO:setup_state.cc(261)] Setup state changed: SETUP_STATE_CONNECTED_WIFI_NOT_SAVED (61) -> SETUP_STATE_CONNECTED (60)
04-09 10:37:15.103  3083  3083 I cast_shell: [3086:3124:INFO:setup_manager_impl.cc(1019)] Setup discoverability is disabled
04-09 10:37:15.103  3083  3083 I cast_shell: [3086:3124:INFO:ble_setup_manager.cc(758)] Clearing setup read attributes
04-09 10:37:15.103  3083  3083 I cast_shell: [3086:3124:INFO:gatt_client_manager_impl.cc(202)] Enabling GATT client connectability
04-09 10:37:15.103  3083  3083 I cast_shell: [3086:3124:INFO:ble_setup_manager.cc(620)] Stopped Bluetooth service
04-09 10:37:15.103  3083  3083 I cast_shell: [3086:3124:INFO:ble_setup.cc(423)] BLE setup stopped.
04-09 10:37:07.638  2732  2747 I chatty  : uid=0(root) /bin/net_mgr identical 2 lines
04-09 10:37:07.664  2732  2747 I NetworkMonitor: turn off power-save
04-09 10:37:15.104  2732  2747 I HotspotManager: hotspot stop
04-09 10:37:15.104  2732  2747 I HotspotManager: stop dnsmasq
04-09 10:37:15.120  2963  3162 I LibreCastControlDelegate: OnCastStatus() +++ AAA speaker:0xace3c198:READY_TO_CAST
04-09 10:37:15.121  2963  3162 I LibreCastControlDelegate: Cast Device Name -> 'AAA speaker'
04-09 10:37:15.121  2963  3162 I librecast: OldFriendlyName '' & New name change By Cast 'AAA speaker' isfirstbootup 56 m_updatedonebyluci 95
04-09 10:37:15.121  2963  3162 I librecast:  Difference in FriendlyName notify all  
04-09 10:37:15.121  2963  3162 I LibreCastControl: LibreCastControl_SetCastName()  name 'AAA speaker' RequestId '6' pCastControl 0xf4b00728
04-09 10:37:15.121  2712  2719 I lucitransport: writeRemoteMessage() MID = 90 buffer = AAA speaker
04-09 10:37:15.121  2712  2719 I luciUART: write() MID = 90  bytes = 21 data = AAA speaker m_fd = 0x5
04-09 10:37:15.121  3083  3083 I cast_shell: [3086:3124:INFO:gatt_client_manager_impl.cc(202)] Enabling GATT client connectability
04-09 10:37:15.122  3083  3083 I cast_shell: [3086:3124:INFO:gatt_client_manager_impl.cc(202)] Enabling GATT client connectability
04-09 10:37:15.136  3083  3083 I cast_shell: [3086:3086:INFO:ccs_manager_impl.cc(1842)] Postponing device name update while registering
04-09 10:37:15.136  2963  3162 I LibreCastControlDelegate: OnCastStatus() +++ AAA speaker:0xace3c198:READY_TO_CAST
04-09 10:37:15.137  3083  3083 I cast_shell: [3086:3134:INFO:mdns_util.cc(102)] Defaulting mDNS capabilities for audio-only build
04-09 10:37:15.138  2963  3162 I LibreCastControlDelegate: Cast Device Name -> 'AAA speaker'
04-09 10:37:15.138  2963  3162 I librecast: OldFriendlyName '' & New name change By Cast 'AAA speaker' isfirstbootup 56 m_updatedonebyluci 95
04-09 10:37:15.138  2963  3162 I librecast:  Difference in FriendlyName notify all  
04-09 10:37:15.139  2963  3162 I LibreCastControl: LibreCastControl_SetCastName()  name 'AAA speaker' RequestId '7' pCastControl 0xf4b00728
04-09 10:37:15.139  2712  2719 I lucitransport: writeRemoteMessage() MID = 90 buffer = AAA speaker
04-09 10:37:15.139  2712  2719 I luciUART: write() MID = 90  bytes = 21 data = AAA speaker m_fd = 0x5
04-09 10:37:15.139  2712  2719 I lucitransport: writeLocalMessage() MID = 90 buffer = AAA speaker
04-09 10:37:15.139  2963  3162 I LibreCastControlDelegate: Device Build Number -> '1.52.272222'
04-09 10:37:15.139  2963  3162 I librecast: updateCastBuildVersion() Version 1.52.272222
04-09 10:37:15.140  2712  2719 I lucitransport: readRemoteMessage() MID char = 7 buffer = 1.52.272222
04-09 10:37:15.149  3083  3083 I cast_shell: [3086:3124:INFO:bluetooth_manager.cc(1232)] [PII] Set device name to 'AAA speaker'
04-09 10:37:15.153  2963  3162 I LibreCastControlDelegate: OnCastStatus() +++ AAA speaker:0xace3c198:READY_TO_CAST
04-09 10:37:15.154  3083  3083 I cast_shell: [3086:3134:INFO:mdns_util.cc(102)] Defaulting mDNS capabilities for audio-only build
04-09 10:37:15.154  2963  3162 I LibreCastControlDelegate: Cast Device Name -> 'AAA speaker'
04-09 10:37:15.155  2963  3162 I librecast: OldFriendlyName '' & New name change By Cast 'AAA speaker' isfirstbootup 56 m_updatedonebyluci 95
04-09 10:37:15.155  2963  3162 I librecast:  Difference in FriendlyName notify all  
04-09 10:37:15.155  2963  3162 I LibreCastControl: LibreCastControl_SetCastName()  name 'AAA speaker' RequestId '8' pCastControl 0xf4b00728
04-09 10:37:15.155  2712  2719 I lucitransport: writeRemoteMessage() MID = 90 buffer = AAA speaker
04-09 10:37:15.155  2712  2719 I luciUART: write() MID = 90  bytes = 21 data = AAA speaker m_fd = 0x5
04-09 10:37:15.155  2712  2719 I lucitransport: writeLocalMessage() MID = 90 buffer = AAA speaker
04-09 10:37:15.155  2963  3162 I LibreCastControlDelegate: Device Build Number -> '1.52.272222'
04-09 10:37:15.160  2734  2764 I bluetoothtbd: [0408/220715.160667:INFO:adapter.cc(551)] Adapter properties changed
04-09 10:37:15.160  2734  2764 I bluetoothtbd: [0408/220715.160824:INFO:adapter.cc(573)] Adapter name changed
04-09 10:37:15.161  3083  3083 I cast_shell: [3086:3124:INFO:bluetooth_manager.cc(1232)] [PII] Set device name to 'AAA speaker'
04-09 10:37:15.162  2691  2691 I sh      : MessageBoxAlert() MID 90 
04-09 10:37:15.162  2691  2691 I sh      : MessageBoxChanged() MID '90'
04-09 10:37:15.162  2963  3031 I librecast: MessageBoxAlert() Msg = 90 remoteID = 16 
04-09 10:37:15.162  2712  2721 I lucitransport: readRemoteMessage() MID char = 90 buffer = AAA speaker
04-09 10:37:15.162  2963  3031 I LibreCastControl: LibreCastControl_SetCastName()  name 'AAA speaker' RequestId '9' pCastControl 0xf4b00728
04-09 10:37:15.162  2963  3031 E librecast: MessageBoxAlert() friendlyname AAA speaker
04-09 10:37:15.203  2691  2691 I sh      : MessageBoxAlert() MID 90 
04-09 10:37:15.203  2691  2691 I sh      : MessageBoxChanged() MID '90'
04-09 10:37:15.204  2963  3031 I librecast: MessageBoxAlert() Msg = 90 remoteID = 16 
04-09 10:37:15.204  2712  2721 I lucitransport: readRemoteMessage() MID char = 90 buffer = AAA speaker
04-09 10:37:15.205  2962  2973 D wac-main: Netlink event
04-09 10:37:15.205  2962  2973 E wac-main: Netlink event 21 Interface Index 6 
04-09 10:37:15.205  2962  2973 E wac-main: Enter poll and wait
04-09 10:37:15.205  2711  2723 I yani_kernel: yani_geteventfrom_changeaddr() Message-Id '1' Netlink event '21' Interface Index '6' -> Name 'p2p0' 
04-09 10:37:15.207  2788  2788 I dnsmasq : reading /etc/resolv.conf
04-09 10:37:15.207  2788  2788 I dnsmasq : using nameserver 8.8.4.4#53
04-09 10:37:15.207  2788  2788 I dnsmasq : using nameserver 192.168.1.1#53
04-09 10:37:15.207  2788  2788 I dnsmasq : using nameserver 192.168.50.1#53
04-09 10:37:15.207  2788  2788 I dnsmasq : using nameserver 8.8.8.8#53
04-09 10:37:15.211  2963  3162 I LibreCastControlDelegate: OnResponse() ReqeustID 10, error  0
04-09 10:37:15.214  3083  3083 I cast_shell: [3086:3086:INFO:device_info_impl.cc(1133)] SSDP Config ID is increased: id=10
04-09 10:37:15.215  3083  3083 I cast_shell: [3086:3086:INFO:ccs_manager_impl.cc(1842)] Postponing device name update while registering
04-09 10:37:15.215  3083  3083 I cast_shell: [3086:3134:INFO:mdns_util.cc(102)] Defaulting mDNS capabilities for audio-only build
04-09 10:37:15.215  3083  3083 I cast_shell: [3086:3086:INFO:mdns_manager_impl.cc(429)] Successfully updated service: type=_googlecast
04-09 10:37:15.215  3083  3083 I cast_shell: [3086:3086:INFO:virtual_device.cc(296)] Updated mDNS service for virtual device: id=1d6cf37e-ee8f-4eb5-faa6-6928fdfff1d2
04-09 10:37:15.216  2966  2996 E Spotify-Player: Change Spotify Device name
04-09 10:37:15.217  2712  2721 E LUCI_SERVER: Luci Server Thread wait over MID 90....
04-09 10:37:15.219  2711  2723 I yani_server: NetLink Event '5' Interface-Index '6' WLAN '-1' Ethernet '-1' Parsed-iFill '5' -> 'P2P0 DISCONNECTED' ifIndex '2' -> 'tunl0'
04-09 10:37:15.221  2711  2723 E yani_server: YANI: I am Done Wait For Event 
04-09 10:37:15.223  2712  2712 I luciUART: write() MID = 124  bytes = 27 data = 1#1,1#2,0#3,0#4,0 m_fd = 0x5
04-09 10:37:15.224  2730  2730 E AirableUIHelper: AirableUIHelper::YaniAlert  3 0 
04-09 10:37:15.224  3083  3083 I cast_shell: [3086:3124:INFO:bluetooth_manager.cc(1232)] [PII] Set device name to 'AAA speaker'
04-09 10:37:15.225  2969  2992 I otamanager: YaniAlert() Interface 3 Status Down
04-09 10:37:15.225  2965  2965 I airplay-main: YaniAlert Interface 3 Status 0
04-09 10:37:15.226  2963  3162 I LibreCastControlDelegate: OnCastStatus() +++ AAA speaker:0xace3c198:READY_TO_CAST
04-09 10:37:15.228  2963  3162 I LibreCastControlDelegate: Cast Device Name -> 'AAA speaker'
04-09 10:37:15.228  2963  3162 I librecast: OldFriendlyName 'AAA speaker' & New name change By Cast 'AAA speaker' isfirstbootup 56 m_updatedonebyluci 0
04-09 10:37:15.228  2963  3162 I LibreCastControlDelegate: Device Build Number -> '1.52.272222'
04-09 10:37:15.228  2963  3162 I librecast: updateCastBuildVersion() Version 1.52.272222
04-09 10:37:15.229  2712  2712 I lucitransport: readRemoteMessage() MID char = 7 buffer = 1.52.272222
04-09 10:37:15.231  2963  3162 I LibreCastControlDelegate: Active Applications -> 0
04-09 10:37:15.231  2963  3162 I LibreCastControlDelegate: Current Cast State '6' -> 'READY_TO_CAST'
04-09 10:37:15.231  2963  3162 I LibreCastControlDelegate: OnCastStatus() ---
04-09 10:37:15.232  2712  2720 E luciUART: UART:aa
04-09 10:37:15.232  2966  2997 E SPOTIFY : Device Name change new name = AAA speaker
04-09 10:37:15.232  2966  2997 E SPOTIFY : err = 0 
04-09 10:37:15.232  2712  2720 E luciUART: UART:aa
04-09 10:37:15.232  2712  2720 E luciUART: UART:2
04-09 10:37:15.232  2712  2720 E luciUART: UART:0
04-09 10:37:15.232  2712  2720 E luciUART: UART:d0
04-09 10:37:15.232  2712  2720 E luciUART: UART:0
04-09 10:37:15.232  2712  2720 I chatty  : uid=0(root) UARTLUCIControl identical 2 lines
04-09 10:37:15.232  2712  2720 E luciUART: UART:0
04-09 10:37:15.232  2712  2720 E luciUART: UART:9
04-09 10:37:15.253  2691  2691 I sh      : MessageBoxAlert() MID 90 
04-09 10:37:15.254  2691  2691 I sh      : MessageBoxChanged() MID '90'
04-09 10:37:15.254  2963  3031 I librecast: MessageBoxAlert() Msg = 90 remoteID = 16 
04-09 10:37:15.254  2712  2721 I lucitransport: readRemoteMessage() MID char = 90 buffer = AAA speaker
04-09 10:37:15.254  2963  3031 I LibreCastControl: LibreCastControl_SetCastName()  name 'AAA speaker' RequestId '11' pCastControl 0xf4b00728
04-09 10:37:15.254  2963  3031 E librecast: MessageBoxAlert() friendlyname AAA speaker
04-09 10:37:15.254  2963  3031 I LibreCastControl: MessageBoxAlert() messageBoxID 90
04-09 10:37:15.256  2965  2965 I airplayluci: MessageBoxAlert: MID 90
04-09 10:37:15.257  2966  2996 E Spotify-Player: Change Spotify Device name
04-09 10:37:15.257  2712  2721 E LUCI_SERVER: Luci Server Thread wait over MID 208....
04-09 10:37:15.257  2712  2721 E LUCI_SERVER: Got NV name : ssid
04-09 10:37:15.258  2963  3162 I LibreCastControlDelegate: OnResponse() ReqeustID 11, error  0
04-09 10:37:15.259  2712  2721 I luciUART: write() MID = 208  bytes = 30 data = ssid:Linksys16717_2G m_fd = 0x5
04-09 10:37:15.259  2712  2721 E LUCI_SERVER: NV_READ response= ssid:Linksys16717_2G
04-09 10:37:15.259  2712  2721 E LUCI_SERVER: Luci Server Thread waiting for packets....
04-09 10:37:15.262  2962  2973 D wac-main: Netlink event
04-09 10:37:15.263  2962  2973 E wac-main: Netlink event 16 Interface Index 6 
04-09 10:37:15.263  2962  2973 E wac-main: p2p0 event Link Changed : 1003 
04-09 10:37:15.269  2966  2997 E SPOTIFY : Device Name change new name = AAA speaker
04-09 10:37:15.269  2966  2997 E SPOTIFY : err = 0 
04-09 10:37:15.270  3083  3083 I cast_shell: [3086:3124:INFO:bluetooth_manager.cc(1232)] [PII] Set device name to 'AAA speaker'
04-09 10:37:15.271  3083  3083 I cast_shell: [3086:3086:INFO:ccs_manager_impl.cc(1842)] Postponing device name update while registering
04-09 10:37:15.271  3083  3083 I cast_shell: [3086:3134:INFO:mdns_util.cc(102)] Defaulting mDNS capabilities for audio-only build
04-09 10:37:15.271  2962  2973 E wac-main: Enter poll and wait
04-09 10:37:15.272  2963  3162 I LibreCastControlDelegate: OnCastStatus() +++ AAA speaker:0xace3c198:READY_TO_CAST
04-09 10:37:15.273  3083  3083 I cast_shell: [3086:3086:INFO:mdns_manager_impl.cc(429)] Successfully updated service: type=_googlecast
04-09 10:37:15.274  3083  3083 I cast_shell: [3086:3086:INFO:virtual_device.cc(296)] Updated mDNS service for virtual device: id=1d6cf37e-ee8f-4eb5-faa6-6928fdfff1d2
04-09 10:37:15.274  2963  3162 I LibreCastControlDelegate: Cast Device Name -> 'AAA speaker'
04-09 10:37:15.274  2963  3162 I librecast: OldFriendlyName 'AAA speaker' & New name change By Cast 'AAA speaker' isfirstbootup 56 m_updatedonebyluci 0
04-09 10:37:15.274  2963  3162 I LibreCastControlDelegate: Device Build Number -> '1.52.272222'
04-09 10:37:15.274  2963  3162 I librecast: updateCastBuildVersion() Version 1.52.272222
04-09 10:37:15.274  2712  2712 I lucitransport: readRemoteMessage() MID char = 7 buffer = 1.52.272222
04-09 10:37:15.274  2963  3162 I LibreCastControlDelegate: Active Applications -> 0
04-09 10:37:15.274  2963  3162 I LibreCastControlDelegate: Current Cast State '6' -> 'READY_TO_CAST'
04-09 10:37:15.274  2963  3162 I LibreCastControlDelegate: OnCastStatus() ---
04-09 10:37:15.310  2732  2747 E WifiUtil: Setting interface p2p0 down.
04-09 10:37:15.310  2962  2973 D wac-main: Netlink event
04-09 10:37:15.310  2962  2973 E wac-main: Netlink event 16 Interface Index 6 
04-09 10:37:15.310  2962  2973 E wac-main: p2p0 event Link Changed : 1002 
04-09 10:37:15.310  2962  2973 E wac-main: Enter poll and wait
04-09 10:37:15.311  2711  2723 I yani_kernel: yani_geteventfrom_changeaddr() Message-Id '1' Netlink event '16' Interface Index '6' -> Name 'p2p0' 
04-09 10:37:15.613  3083  3083 I cast_shell: [3086:3124:INFO:metrics_recorder.cc(282)] Record action: Setup.state.BLE
04-09 10:37:16.105  3083  3083 I cast_shell: [3086:3124:INFO:ble_setup.cc(789)] Missing required info for sign.
04-09 10:37:16.109  3083  3083 I cast_shell: [3086:3124:INFO:gatt_client_manager_impl.cc(202)] Enabling GATT client connectability
04-09 10:37:16.109  3083  3083 I cast_shell: [3086:3124:INFO:ble_setup.cc(915)] Sign related info completed, no future EurekaInfo need sign.
04-09 10:37:16.615  3083  3083 I cast_shell: [3086:3086:INFO:metrics_recorder.cc(282)] cast event: Cloud.Transport.Https.Register.Out.Success
04-09 10:37:16.615  3083  3083 I cast_shell: [3086:3086:INFO:ccs_manager_impl.cc(2485)] Succesfully registered with CCS
04-09 10:37:16.615  3083  3083 I cast_shell: [3086:3086:INFO:ccs_manager_impl.cc(2661)] Local device version is ahead of server; will attempt update
04-09 10:37:16.616  3083  3083 I cast_shell: [3086:3086:INFO:ccs_manager_impl.cc(1757)] Updating device info with CCS: message_id = 9a601a57-03eb-498b-ae8a-cacbabde7633
04-09 10:37:16.616  3083  3083 I cast_shell: [3086:3086:INFO:ccs_manager_impl.cc(1758)] [PII] CCS device_id = AB5F13CC61E4DFB91E148ADD071BB1E6 device_name = AAA speaker
04-09 10:37:16.621  3083  3083 I cast_shell: [3086:3086:WARNING:ccs_transport_util.cc(409)] Auth info absent from the config reply from CCS.
04-09 10:37:16.621  3083  3083 I cast_shell: [3086:3086:WARNING:ccs_transport_util.cc(313)] Missing SensingSettings in the CCS config.
04-09 10:37:16.621  3083  3083 I cast_shell: [3086:3086:INFO:metrics_recorder.cc(282)] cast event: Cloud.Transport.Https.Config.In
04-09 10:37:16.621  3083  3083 I cast_shell: [3086:3086:INFO:ccs_manager_impl.cc(1150)] Handling CONFIG message from CCS.
04-09 10:37:16.621  3083  3083 I cast_shell: [3086:3086:INFO:ccs_manager_impl.cc(1151)] [PII] device_id=AB5F13CC61E4DFB91E148ADD071BB1E6
04-09 10:37:16.622  3083  3083 I cast_shell: [3086:3086:INFO:metrics_recorder.cc(282)] Record action: Cloud.Transport.Https.LinkedStatus.NotLinked
04-09 10:37:16.622  3083  3083 I cast_shell: [3086:3086:INFO:structure_info_from_home_graph.cc(53)] received config from home graph. Will use it: 1
04-09 10:37:16.622  3083  3083 I cast_shell: [3086:3086:INFO:structure_info_from_home_graph.cc(59)] Num devices in the structure: 0
04-09 10:37:16.622  3083  3083 I cast_shell: [3086:3086:INFO:ccs_heartbeat_listener.cc(56)] Setting heartbeat interval from CCS: 120000ms
04-09 10:37:16.624  3083  3083 I cast_shell: [3086:3094:INFO:heartbeat_manager.cc(306)] Set client HB: 120000
04-09 10:37:16.625  3083  3083 I cast_shell: [3086:3094:INFO:heartbeat_manager.cc(311)] ResettingConnection bc: 1680000
04-09 10:37:16.625  3083  3083 I cast_shell: [3086:3094:INFO:heartbeat_manager.cc(332)] ResetConnection: %d5
04-09 10:37:16.626  3083  3083 I cast_shell: [3086:3086:INFO:user_auth_impl.cc(267)] linked status: NOT_LINKED
04-09 10:37:16.626  3083  3083 I cast_shell: [3086:3086:INFO:robot_account_auth_manager.cc(320)] V1 AuthManager received a UpdateAuthToken request
04-09 10:37:16.626  3083  3083 I cast_shell: [3086:3086:INFO:ccs_transport_https.cc(1352)] No cloud settings in response
04-09 10:37:16.626  3083  3083 I cast_shell: [3086:3086:INFO:metrics_recorder.cc(282)] cast event: Cloud.Transport.Https.Update.Out
04-09 10:37:16.627  3083  3083 I cast_shell: [3086:3086:INFO:gcm_manager.cc(238)] GCM connection lost.
04-09 10:37:16.692  2734  2813 W bt_btif : bta_gattc_conn_cback() - cif=3 connected=0 conn_id=3 reason=0x0013
04-09 10:37:16.692  2734  2813 W bt_btif : bta_gattc_conn_cback() - cif=4 connected=0 conn_id=4 reason=0x0013
04-09 10:37:16.692  2734  2813 W bt_btif : bta_gattc_conn_cback() - cif=6 connected=0 conn_id=6 reason=0x0013
04-09 10:37:16.694  2734  2813 I bt_btm_sec: btm_sec_disconnected clearing pending flag handle:128 reason:19
04-09 10:37:16.694  2734  2764 W bt_btif : btif_av_move_idle: ACL Disconnected state 0 bd_addr=6a:d3:a9:50:79:06 peer_bda=00:00:00:00:00:00
04-09 10:37:16.694  2734  2764 I bluetoothtbd: [0408/220716.694846:INFO:adapter.cc(719)] ACL state changed: 6A:D3:A9:50:79:06 - connected: false
04-09 10:37:16.696  3083  3083 I cast_shell: [3086:3124:ERROR:bluetooth_v1_via_v2.cc(796)] Connection state changed. :06 false
04-09 10:37:16.887  3083  3083 I cast_shell: [3086:3086:ERROR:ccs_transport_https.cc(1775)] Received response code 409 for message_id = ae0e6fb7-86ce-42a4-8dd1-a1b1b621b006 - 
04-09 10:37:16.887  3083  3083 I cast_shell: [3086:3086:INFO:metrics_recorder.cc(282)] cast event: Cloud.Transport.Https.Register.Out.Error
04-09 10:37:17.129  3083  3083 I cast_shell: [3086:3134:INFO:mdns_app_filter.cc(1526)] MdnsAppFilter: Done announcing.
04-09 10:37:17.166  2965  3491 I airplay_v2_0_6: 2022-04-09 10:37:17.166091 [AirPlayDemo] AirPlayDemoServerCopyProperty Password is <<NULL>>
04-09 10:37:17.167  2712  2712 I lucitransport: readRemoteMessage() MID char = 90 buffer = AAA speaker
04-09 10:37:17.168  2965  3465 I airplay_v2_0_6: 2022-04-09 10:37:17.168833 [AirPlay] Registering Bonjour _airplay._tcp. port 7000
04-09 10:37:17.170  2965  3491 I airplay_v2_0_6: 2022-04-09 10:37:17.170632 [AirPlayDemo] AirPlayDemoServerCopyProperty Password is <<NULL>>
04-09 10:37:17.172  2965  3491 I airplay_v2_0_6: 2022-04-09 10:37:17.172100 [AirPlayDemo] AirPlayDemoServerCopyProperty Password is <<NULL>>
04-09 10:37:17.172  2712  2712 I lucitransport: readRemoteMessage() MID char = 90 buffer = AAA speaker
04-09 10:37:17.174  2965  3465 I airplay_v2_0_6: 2022-04-09 10:37:17.174032 [AirPlay] Registering Bonjour CC909321F384@AAA speaker._raop._tcp. port 7000
04-09 10:37:17.476  3083  3083 I cast_shell: [3086:3086:INFO:metrics_recorder.cc(282)] cast event: Cloud.Transport.Https.Update.Out.Success
04-09 10:37:17.476  3083  3083 I cast_shell: [3086:3086:INFO:ccs_manager_impl.cc(2569)] Successfully updated with CCS
04-09 10:37:19.271  2962  3492 E wac-main: WAC timeout cb
04-09 10:37:19.271  2962  3492 E wac-main: send wac api : a5a1
04-09 10:37:19.271  2962  2973 E wac-main: API event
04-09 10:37:19.272  2962  2973 E wac-main: msg : a5a1
04-09 10:37:19.272  2962  2973 E wac-main: msg : a5a1
04-09 10:37:19.272  2962  3493 E wac-main: enter WACStartStopThread
04-09 10:37:19.272  2962  3493 E wac-main: WACStartStopThread() event -> 'wacstop' is WACServer? UP -> 'Yes' 
04-09 10:37:19.272  2962  2973 E wac-main: Enter poll and wait
04-09 10:37:19.272  2962  2981 E WACBONJOUR: RemoveWACBonjourService
04-09 10:37:19.273  2962  2981 I wifiapi : newconn : 0xf46024e8
04-09 10:37:19.274  2962  3493 E WACSERVER: WACServerStop wait
04-09 10:37:19.302  2711  2723 I yani_kernel: yani_geteventfrom_changeaddr() Message-Id '1' Netlink event '16' Interface Index '7' -> Name 'p2p1' 
04-09 10:37:19.303  2732  2747 E CommandListener: Message not handled: unrecognized interface p2p1
04-09 10:37:19.303  2732  2747 W FrameworkListener: Handler 'Iface' error (Success)
04-09 10:37:19.303  2962  2973 D wac-main: Netlink event
04-09 10:37:19.304  2962  2973 E wac-main: Netlink event 16 Interface Index 7 
04-09 10:37:19.304  2962  2973 E wac-main: Enter poll and wait
04-09 10:37:19.317  2711  2723 I yani_kernel: yani_geteventfrom_changeaddr() Message-Id '1' Netlink event '16' Interface Index '7' -> Name 'p2p1' 
04-09 10:37:19.317  2732  2747 E CommandListener: Message not handled: unrecognized interface p2p1
04-09 10:37:19.317  2732  2747 W FrameworkListener: Handler 'Iface' error (Success)
04-09 10:37:19.317  2962  2973 D wac-main: Netlink event
04-09 10:37:19.317  2962  2973 E wac-main: Netlink event 16 Interface Index 7 
04-09 10:37:19.320  2732  2747 E CommandListener: Message not handled: unrecognized interface p2p1
04-09 10:37:19.320  2732  2747 W FrameworkListener: Handler 'Iface' error (Success)
04-09 10:37:19.325  2962  2981 I wifiapi : 'DISABLE' command returned = 0
04-09 10:37:19.325  2962  2981 I wifiapi : stop hostapd
04-09 10:37:19.326  2962  2981 I wifiapi : stop dnsmasq
04-09 10:37:19.327  2732  2747 E CommandListener: Message not handled: unrecognized interface p2p1
04-09 10:37:19.327  2732  2747 W FrameworkListener: Handler 'Iface' error (Success)
04-09 10:37:19.327  2711  2723 I yani_kernel: yani_geteventfrom_changeaddr() Message-Id '1' Netlink event '21' Interface Index '7' -> Name 'p2p1' 
04-09 10:37:19.328  2962  2973 D wac-main: Netlink event
04-09 10:37:19.328  2962  2973 E wac-main: Netlink event 21 Interface Index 7 
04-09 10:37:19.328  2962  2973 E wac-main: Enter poll and wait
04-09 10:37:19.331  2962  2981 E wac-main: WACCallback() message 5 -> 'Stopped'
04-09 10:37:19.331  2712  2712 I lucitransport: writeRemoteMessage() MID = 143 buffer = 5
04-09 10:37:19.332  2712  2712 I luciUART: write() MID = 143  bytes = 11 data = 5 m_fd = 0x5
04-09 10:37:19.335  2712  2712 I lucitransport: writeLocalMessage() MID = 143 buffer = 5
04-09 10:37:19.336  2712  2721 E LUCI_SERVER: Luci Server Thread wait over MID 143....
04-09 10:37:19.336  2712  2721 E LUCI_SERVER: Luci Server Thread waiting for packets....
04-09 10:37:19.336  2962  2981 E wac-main: send wac api : a5a1
04-09 10:37:19.336  2962  2981 E WACSERVER: _HandleState_Cleanup done
04-09 10:37:19.336  2962  3493 E WACSERVER: WACServerStop done
04-09 10:37:19.336  2962  3493 E wac-main: exit WACStartStopThread
04-09 10:37:19.336  2962  2973 E wac-main: API event
04-09 10:37:19.336  2962  2973 E wac-main: msg : a5a1
04-09 10:37:19.336  2962  2973 E wac-main: msg : a5a1
04-09 10:37:19.336  2962  2973 E wac-main: Enter poll and wait
04-09 10:37:19.631  3083  3083 I cast_shell: [3086:3086:INFO:robot_account_auth_manager.cc(384)] Sending oauth request for client_id: 2
04-09 10:37:19.631  3083  3083 I cast_shell: [3086:3086:INFO:metrics_recorder.cc(282)] cast event: Cast.Assistant.Auth.FetchToken
04-09 10:37:19.631  3083  3083 I cast_shell: [3086:3098:INFO:chromium_http_connection.cc(436)] Creating a new chromium http url loader factory
04-09 10:37:20.381  3083  3083 I cast_shell: [3086:3086:INFO:robot_account_auth_manager.cc(525)] Got CAS response: 200
04-09 10:37:20.381  3083  3083 I cast_shell: [3086:3086:INFO:metrics_recorder.cc(282)] cast event: Cast.Assistant.AuthError.NOT_LINKED
04-09 10:37:20.381  3083  3083 I cast_shell: [3086:3086:INFO:robot_account_auth_manager.cc(776)] Current error: NOT_LINKED, new error: NOT_LINKED
04-09 10:37:21.340  3083  3083 I cast_shell: [3086:3096:INFO:net_util_impl.cc(582)] IP address: [PII](192.168.1.1) MAC address: [PII](C8:B3:73:44:AE:ED)
04-09 10:37:21.340  3083  3083 I cast_shell: [3086:3094:INFO:parent_tracker.cc(237)] Network changed
04-09 10:37:21.340  3083  3083 I cast_shell: [3086:3094:INFO:parent_tracker.cc(132)] No need to recreate socket
04-09 10:37:21.340  3083  3083 I cast_shell: [3086:3094:INFO:parent_tracker.cc(237)] Network changed
04-09 10:37:21.341  3083  3083 I cast_shell: [3086:3094:INFO:parent_tracker.cc(132)] No need to recreate socket
04-09 10:37:21.343  3083  3083 I cast_shell: [3086:3098:INFO:net_util_impl.cc(582)] IP address: [PII](192.168.1.1) MAC address: [PII](C8:B3:73:44:AE:ED)
04-09 10:37:21.346  3083  3083 I cast_shell: [3086:3086:INFO:gcm_manager.cc(238)] GCM connection lost.
04-09 10:37:22.111  3083  3083 I cast_shell: [3086:3086:INFO:gcm_manager.cc(233)] GCM connection established.
04-09 10:37:22.112  3083  3083 I cast_shell: [3086:3094:INFO:heartbeat_manager.cc(268)] Set HBInterval from client: 120000
04-09 10:37:30.464  3083  3083 I cast_shell: [3086:3086:INFO:robot_account_auth_manager.cc(384)] Sending oauth request for client_id: 0
04-09 10:37:30.465  3083  3083 I cast_shell: [3086:3086:INFO:metrics_recorder.cc(282)] cast event: Cast.Assistant.Auth.FetchToken
04-09 10:37:30.465  3083  3083 I cast_shell: [3086:3096:INFO:chromium_http_connection.cc(436)] Creating a new chromium http url loader factory
04-09 10:37:30.696  3083  3083 I cast_shell: [3086:3086:INFO:robot_account_auth_manager.cc(525)] Got CAS response: 200
04-09 10:37:30.696  3083  3083 I cast_shell: [3086:3086:INFO:metrics_recorder.cc(282)] cast event: Cast.Assistant.AuthError.NOT_LINKED
04-09 10:37:30.696  3083  3083 I cast_shell: [3086:3086:INFO:robot_account_auth_manager.cc(776)] Current error: NOT_LINKED, new error: NOT_LINKED
04-09 10:37:41.030  3083  3083 I cast_shell: [3086:3121:INFO:snr_tracker.cc(50)] snr = 51
04-09 10:37:50.926  3083  3083 I cast_shell: [3086:3134:INFO:mdns_app_filter.cc(2645)] MdnsAppFilter: responses sent in 39 seconds: 1
04-09 10:37:50.929  3083  3083 I cast_shell: [3086:3086:INFO:cast_system_memory_pressure_evaluator.cc(179)] ConfigRelaxMemoryPressureThresholds, 0.1, 0.2
04-09 10:37:50.936  3083  3083 I cast_shell: [3508:3508:INFO:cast_content_renderer_client_internal.cc(83)] Render process started.
04-09 10:37:50.942  3083  3083 I cast_shell: [3086:3086:INFO:application_manager_impl.cc(1417)] Starting background app: CC1AD845 (Default Media Receiver), session_id=68796fc8-872a-4d54-84cb-51bb41362eac
04-09 10:37:50.943  3083  3083 I cast_shell: [3086:3135:INFO:v2_transport.cc(458)] Added Cast V2 endpoint: id=68796fc8-872a-4d54-84cb-51bb41362eac, socket_factory_id=[PII](1d6cf37e-ee8f-4eb5-faa6-6928fdfff1d2)
