04-09 10:13:15.066  2998  2998 I sh      : Info: PostInstall(): Verified: 488e70c0bd8f32e55dccff3ec6de0660fc58d5b4 setup/http/audio/js/json-stringify-pretty-compact.js
04-09 10:13:15.071  2998  2998 I sh      : Info: PostInstall(): Verified: 48590ae1c3bbf8facb1619c1c762bb78fca99c8a snapshot_blob.bin
04-09 10:13:15.111  2998  2998 I sh      : Info: PostInstall(): Verified: 07acf09cefae3554a741667403d911f94b22a7d4 update_engine
04-09 10:13:15.113  2998  2998 I sh      : Info: PostInstall(): Verified: e05ef1cc2cdb0a31bc7ada56aa635f3d655fe2e7 watchdog/wd.dmp
04-09 10:13:15.113  2998  2998 I sh      : Info: PostInstall(): PostInstall validation OK
04-09 10:13:15.113  2998  2998 I sh      : Info: main(): Post-Installation validation succeeded
04-09 10:13:15.170  3057  3057 I sh      : test: not integer: LSB
04-09 10:13:15.191  3057  3057 I sh      : test: not integer: d256
04-09 10:13:15.192  3057  3057 I sh      : Model : LSB, SSID-Suffix : d256
04-09 10:13:15.255  3058  3058 I cast_cli: [0408/214315.254977:INFO:package_utils.cc(186)] Run process_manager: /bin/logwrapper /system/chrome/process_manager --async --accept-resource-provider=true --alsa-enable-upsampling=true --alsa-output-avail-min=256 --alsa-output-buffer-size=4096 --alsa-output-period-size=512 --alsa-output-start-threshold=2048 --default-eureka-name-prefix=LSB --enable-background-apps=true --enable-hi-res-audio-support=true --enable-multizone=true --netif-for-unique-ids=wlan0 --ota-directory=/data/chrome/cache/ --setup-ssid-suffix=d256 --setup-support-guest-mode=0 --wpa-supplicant-unix-socket-path=/dev/socket/wpa_wlan0
04-09 10:13:15.283  3064  3064 I process_manager: [0408/214315.282864:INFO:process_manager.cc(348)] process manager initialized
04-09 10:13:15.283  3064  3064 I process_manager: [0408/214315.283295:INFO:process_manager.cc(399)] Process manager is starting
04-09 10:13:15.284  3064  3064 I process_manager: [0408/214315.283808:INFO:process_manager.cc(409)] Process manager successfully started with pid 3066
04-09 10:13:15.286  3058  3058 I cast_cli: [0408/214315.286486:INFO:cast_cli.cc(433)] Process manager successfully started as daemon
04-09 10:13:15.314  3066  3066 I process_manager: [0408/214315.313373:INFO:process_manager.cc(348)] process manager initialized
04-09 10:13:15.314  3066  3066 I process_manager: [0408/214315.313962:INFO:process_manager.cc(475)] Resuming manager from a previous state
04-09 10:13:15.347  3066  3066 I process_manager: [0408/214315.347521:INFO:package_utils.cc(186)] Run update_engine: /bin/logwrapper /system/chrome/update_engine --foreground --netif-for-unique-ids=eth0 --omaha-beta-app-id={c71af7c9-fb75-4084-9bb1-6483fae36524} --omaha-prod-app-id={c71af7c9-fb75-4084-9bb1-6483fae36524} --ota-directory=/chrome/cache/ --update-engine-unix-socket-path=/tmp/socket/updater --v=4 --netif-for-unique-ids=wlan0 --ota-directory=/data/chrome/cache/
04-09 10:13:15.348  3066  3066 I process_manager: [0408/214315.348596:INFO:package_utils.cc(186)] Run crash_uploader: /bin/logwrapper /system/chrome/crash_uploader
04-09 10:13:15.349  3066  3066 I process_manager: [0408/214315.349530:INFO:package_utils.cc(186)] Run cast_shell: /bin/logwrapper /system/chrome/cast_shell --accept-resource-provider=true --alsa-enable-upsampling=false --app-config-path=/fakeapp.conf --blink-platform-log-channels=Media --cast-control-unix-socket-path=/tmp/cast-control --default-eureka-name-prefix=Google Cast Speaker --disable-dial=true --disable-images-for-app-id=*|1B11061A --enable-background-apps=false --idle-screen=false --js-flags=--trace_gc --netif-for-unique-ids=eth0 --no-daily-reboot=true --ota-directory=/chrome/cache/ --setup-support-guest-mode=0 --skip-gpu-data-loading --update-engine-unix-socket-path=/tmp/socket/updater --accept-resource-provider=true --alsa-enable-upsampling=true --alsa-output-avail-min=256 --alsa-output-buffer-size=4096 --alsa-output-period-size=512 --alsa-output-start-threshold=2048 --default-eureka-name-prefix=LSB --enable-background-apps=true --enable-hi-res-audio-support=true --enable-multizone=true --netif-for-unique-ids=wlan0 --ota-directory=/data/chrome/cache/ --setup-ssid-suffix=d256 --setup-support-guest-mode=0 --wpa-supplicant-unix-socket-path=/dev/socket/wpa_wlan0
04-09 10:13:15.376  3069  3069 I crash_uploader: [0408/214315.372299:INFO:crash_uploader.cc(45)] Starting crash uploader...
04-09 10:13:15.377  3069  3069 I crash_uploader: [0408/214315.377431:ERROR:synchronized_minidump_manager.cc(251)] Lockfile did not parse correctly. 
04-09 10:13:15.379  3068  3068 I update_engine: [0408/214315.378541:INFO:main.cc(149)] Eureka Update Engine starting
04-09 10:13:15.379  3068  3068 I update_engine: [0408/214315.379652:INFO:update_check_scheduler.cc(77)] Next update check in 2700 seconds
04-09 10:13:15.379  3068  3068 I update_engine: [0408/214315.379887:INFO:string_based_ipc_server.cc(75)] Start IPC server: /tmp/socket/updater
04-09 10:13:15.380  3068  3068 I update_engine: [0408/214315.380170:INFO:unix_stream_server_socket.cc(62)] Unix server socket is created: /tmp/socket/updater
04-09 10:13:15.597  3070  3070 I cast_shell: [3073:3073:ERROR:pref_service_helper.cc(79)] Cannot initialize chromecast config: /data/chrome/.eureka.conf, pref_error=6
04-09 10:13:15.598  3070  3070 I cast_shell: [3073:3073:WARNING:discardable_shared_memory_manager.cc(194)] Less than 64MB of free space in temporary directory for shared memory files: 32
04-09 10:13:15.612  3070  3070 I cast_shell: Fontconfig warning: "/etc/fonts/fonts.conf", line 80: unknown element "blank"
04-09 10:13:15.797  3070  3070 I cast_shell: [3073:3073:INFO:cast_system_memory_pressure_evaluator.cc(167)] AdjustMemoryFractions: critical_memory_fraction_=0.25, moderate_memory_fraction_=0.4
04-09 10:13:15.804  3070  3070 I cast_shell: [3073:3073:INFO:cast_window_manager_aura.cc(198)] Starting window manager, bounds: 0,0 1x1
04-09 10:13:15.811  3070  3070 I cast_shell: [3073:3090:ERROR:mixer_connection.cc(91)] Failed to connect to mixer service: -102
04-09 10:13:15.812  3070  3070 I cast_shell: [3073:3073:WARNING:client_auth_manager.cc(94)] Old certificate is empty.
04-09 10:13:15.813  3070  3070 I cast_shell: [3073:3073:INFO:device_info_impl.cc(135)] [PII] Weave device ID: 
04-09 10:13:15.813  3070  3070 I cast_shell: [3073:3073:INFO:device_info_impl.cc(406)] MAC address for wlan0: CC:90:93:21:F3:84
04-09 10:13:15.814  3070  3070 I cast_shell: [3073:3073:INFO:device_info_impl.cc(431)] Device model id: COTODAMA.LS10 Platform.LSB
04-09 10:13:15.814  3070  3070 I cast_shell: [3073:3073:INFO:device_info_impl.cc(466)] Control Notifications: 0
04-09 10:13:15.814  3070  3070 I cast_shell: [3073:3073:ERROR:device_info_impl.cc(145)] Cannot read file: /data/bootid
04-09 10:13:15.814  3070  3070 I cast_shell: [3073:3073:INFO:device_info_impl.cc(482)] SSDP Boot ID: 0
04-09 10:13:15.814  3070  3070 I cast_shell: [3073:3073:INFO:device_info_impl.cc(486)] SSDP Config ID: 1
04-09 10:13:15.814  3070  3070 I cast_shell: [3073:3073:WARNING:secure_storage_impl.cc(85)] Device key not available yet.
04-09 10:13:15.814  3070  3070 I cast_shell: [3073:3073:INFO:cast_power_manager_provider.cc(26)] Creating DummyCastPowerManagerProvider
04-09 10:13:15.814  3070  3070 I cast_shell: [3073:3073:WARNING:auth_provider_impl.cc(72)] No IoT client_id found on the device. If device was FDRed please ignore this warning.
04-09 10:13:15.814  3070  3070 I cast_shell: [3073:3073:INFO:file_provider_impl.cc(67)] Initialized file provider with base dir: /data/chrome/auth
04-09 10:13:15.815  3070  3070 I cast_shell: [3073:3073:INFO:cast_power_manager_provider.cc(26)] Creating DummyCastPowerManagerProvider
04-09 10:13:15.815  3070  3070 I cast_shell: [3073:3073:INFO:cast_power_manager_provider.cc(26)] Creating DummyCastPowerManagerProvider
04-09 10:13:15.815  3070  3070 I cast_shell: [3073:3073:INFO:hds_broker_impl.cc(121)] HDS type registered type.googleapis.com/home.hds.proto.device.config.RefreshConfigRequest
04-09 10:13:15.815  3070  3070 I cast_shell: [3073:3073:INFO:preload_initiator_mdns.cc(92)] Preload type: mdns
04-09 10:13:15.815  3070  3070 I cast_shell: [3073:3073:WARNING:hds_settings.cc(104)] HDS URL has not been set through command line.
04-09 10:13:15.816  3070  3070 I cast_shell: [3073:3073:WARNING:volume_map.cc(55)] No cast audio config found; using default volume map.
04-09 10:13:15.816  3070  3070 I cast_shell: [3073:3073:INFO:saved_volumes.cc(63)] No saved volumes found
04-09 10:13:15.816  3070  3070 I cast_shell: [3073:3073:INFO:saved_volumes.cc(70)] Invalid JSON from /etc/cast_audio.json
04-09 10:13:15.817  3070  3070 I cast_shell: [3073:3094:INFO:stream_mixer.cc(194)] StreamMixer
04-09 10:13:15.817  3070  3070 I cast_shell: [3073:3094:INFO:stream_mixer.cc(222)] Mixer health checker started
04-09 10:13:15.818  3070  3070 I cast_shell: [3073:3095:INFO:stream_mixer.cc(121)] Actual priority = 99, policy = 1
04-09 10:13:15.818  3070  3070 I cast_shell: [3073:3094:WARNING:post_processing_pipeline_parser.cc(65)] No post-processing config found at /etc/cast_audio.json.
04-09 10:13:15.818  3070  3070 I cast_shell: [3073:3094:WARNING:post_processing_pipeline_parser.cc(133)] No post-processor description found for "mix" in /etc/cast_audio.json. Using passthrough.
04-09 10:13:15.818  3070  3070 I cast_shell: [3073:3094:INFO:mixer_pipeline.cc(103)] 2 input channels to 'mix' group
04-09 10:13:15.818  3070  3070 I cast_shell: [3073:3094:WARNING:post_processing_pipeline_parser.cc(133)] No post-processor description found for "linearize" in /etc/cast_audio.json. Using passthrough.
04-09 10:13:15.818  3070  3070 I cast_shell: [3073:3094:INFO:mixer_pipeline.cc(124)] 2 input channels to 'linearize' group
04-09 10:13:15.818  3070  3070 I cast_shell: [3073:3094:INFO:alsa_volume_control.cc(43)] Opening mixer element "Master" on device "default"
04-09 10:13:15.818  3070  3070 I cast_shell: [3073:3096:INFO:audio_socket_service_uds.cc(44)] Using endpoint /tmp/mixer-service
04-09 10:13:15.824  3070  3070 I cast_shell: [3073:3094:INFO:alsa_volume_control.cc(219)] Volume device = default, element = Master
04-09 10:13:15.824  3070  3070 I cast_shell: [3073:3094:INFO:alsa_volume_control.cc(221)] Mute device = default, element = Master
04-09 10:13:15.824  3070  3070 I cast_shell: [3073:3094:INFO:alsa_volume_control.cc(234)] Idle device = default, elements = []
04-09 10:13:15.824  3070  3070 I cast_shell: [3073:3094:INFO:alsa_volume_control.cc(43)] Opening mixer element "Master" on device "default"
04-09 10:13:15.828  3070  3070 I cast_shell: [3073:3073:INFO:multizone_manager.cc(330)] Multizone features are enabled
04-09 10:13:15.828  3070  3070 I cast_shell: [3073:3073:INFO:cast_power_manager_provider.cc(26)] Creating DummyCastPowerManagerProvider
04-09 10:13:15.828  3070  3070 I cast_shell: [3073:3073:INFO:update_engine_client_with_ipc.cc(343)] Using IPC UpdateEngineClient
04-09 10:13:15.828  3073  3073 E         : Create
04-09 10:13:15.828  3073  3073 E         : OOBE IsSupported
04-09 10:13:15.829  3070  3070 I cast_shell: [3073:3081:INFO:parent_tracker.cc(90)] [PII](908C0CD9D881BA772B557226FC3D020C) has hash 61562960, root wait is 9.85666 s
04-09 10:13:15.829  3070  3070 I cast_shell: [3073:3081:INFO:parent_tracker.cc(120)] Can't use IPv4
04-09 10:13:15.829  3070  3070 I cast_shell: [3073:3081:INFO:parent_tracker.cc(124)] Can't use IPv6
04-09 10:13:15.829  3070  3070 I cast_shell: [3073:3081:ERROR:parent_tracker.cc(125)] No valid interface for multicast
04-09 10:13:15.830  3070  3070 I cast_shell: [3073:3081:INFO:directory_service_impl.cc(168)] Boot count is now 1
04-09 10:13:15.830  3070  3070 I cast_shell: [3073:3081:ERROR:socket_posix.cc(148)] bind() failed: Address already in use (98)
04-09 10:13:15.830  3070  3070 I cast_shell: [3073:3081:ERROR:tcp_listener.cc(64)] Listen failed: net::ERR_ADDRESS_IN_USE : 0.0.0.0:10101
04-09 10:13:15.830  3070  3070 I cast_shell: [3073:3081:ERROR:directory_service_impl.cc(213)] TCP listener error: -1
04-09 10:13:15.834  3070  3070 I cast_shell: [3073:3073:INFO:chromecast_service_client_default.cc(75)] System updater is supported, and this is first setup.
04-09 10:13:15.834  3070  3070 I cast_shell: [3073:3073:INFO:managed_mode_service.cc(345)] Starting in managed mode: 0
04-09 10:13:15.834  3070  3070 I cast_shell: [3073:3073:INFO:platform_client_auth_creds.cc(114)] Loaded client certificate. Key len = 2048 bits. Chain len = 2 (source FROM_CERT).
04-09 10:13:15.834  3070  3070 I cast_shell: [3073:3073:INFO:grpc_manager_impl.cc(245)] Registered service chromecast.LocalCloudcastService
04-09 10:13:15.834  3070  3070 I cast_shell: [3073:3073:INFO:grpc_manager_impl.cc(262)] Registered a handler ExecuteActionScript for service chromecast.LocalCloudcastService
04-09 10:13:15.834  3070  3070 I cast_shell: [3073:3073:INFO:grpc_manager_impl.cc(262)] Registered a handler ObserveDeviceStatus for service chromecast.LocalCloudcastService
04-09 10:13:15.834  3070  3070 I cast_shell: [3073:3073:INFO:grpc_manager_impl.cc(262)] Registered a handler GetDeviceStatus for service chromecast.LocalCloudcastService
04-09 10:13:15.835  3070  3070 I cast_shell: [3073:3073:INFO:grpc_manager_impl.cc(505)] GRPC[uri=[::]:0]: num_pending_calls=0, num_active_handlers=0, num_free_handlers=0
04-09 10:13:15.835  3070  3070 I cast_shell: [3073:3073:INFO:cast_power_manager_provider.cc(26)] Creating DummyCastPowerManagerProvider
04-09 10:13:15.835  3070  3070 I cast_shell: [3073:3073:INFO:cast_power_manager_provider.cc(26)] Creating DummyCastPowerManagerProvider
04-09 10:13:15.835  3070  3070 I cast_shell: [3073:3073:INFO:gcm_manager.cc(140)] GCM Dir = /data/chrome/gcm
04-09 10:13:15.836  3070  3070 I cast_shell: [3073:3073:INFO:gcm_manager.cc(258)] Enabling GCM Driver
04-09 10:13:15.836  3070  3070 I cast_shell: [3073:3073:INFO:grpc_manager_impl.cc(505)] GRPC[uri=]: num_pending_calls=0, num_active_handlers=0, num_free_handlers=0
04-09 10:13:15.837  3070  3070 I cast_shell: [3073:3073:INFO:lycra_gcm.cc(117)] Deferring GCM registration until connectivity is up.
04-09 10:13:15.896  3070  3070 I cast_shell: [3073:3073:WARNING:cloud_settings_manager.cc(513)] Cannot initialize device settings config: /data/chrome/cloud_settings/cloud_settings.prefs, pref_error=6
04-09 10:13:15.897  3070  3070 I cast_shell: [3073:3073:INFO:cloud_settings_manager.cc(195)] Cloud settings is disabled.
04-09 10:13:15.897  3070  3070 I cast_shell: [3073:3073:INFO:pref_metrics_manager.cc(66)] PrefMetricsManager started.
04-09 10:13:15.898  3070  3070 I cast_shell: [3073:3073:INFO:pref_control_service_impl.cc(142)] Loading prefs from /data/chrome/pref_control/pref_control.prefs
04-09 10:13:15.898  3070  3070 I cast_shell: [3073:3073:INFO:pref_control_service_impl.cc(602)] Registering pref Pref [Name:motion_sensing_pref,RestoreValue:1,ForceEnableParent:1,Value:1,Optin:1]
04-09 10:13:15.898  3070  3070 I cast_shell: [3073:3073:INFO:pref_control_service_impl.cc(602)] Registering pref Pref [Name:sleep_sensing_pref,RestoreValue:0,ForceEnableParent:1,Value:1,Optin:0]
04-09 10:13:15.899  3070  3070 I cast_shell: [3073:3073:INFO:pref_control_service_impl.cc(602)] Registering pref Pref [Name:sleep_disturbance_pref,RestoreValue:1,ForceEnableParent:0,Value:1,Optin:0]
04-09 10:13:15.899  3070  3070 I cast_shell: [3073:3073:INFO:pref_control_service_impl.cc(602)] Registering pref Pref [Name:sleep_coaching_pref,RestoreValue:1,ForceEnableParent:0,Value:1,Optin:0]
04-09 10:13:15.899  3070  3070 I cast_shell: [3073:3073:INFO:pref_control_service_impl.cc(602)] Registering pref Pref [Name:gesture_sensing_pref,RestoreValue:0,ForceEnableParent:1,Value:1,Optin:0]
04-09 10:13:15.899  3070  3070 I cast_shell: [3073:3073:INFO:pref_control_service_impl.cc(602)] Registering pref Pref [Name:play_and_pause_gesture_pref,RestoreValue:1,ForceEnableParent:0,Value:1,Optin:0]
04-09 10:13:15.899  3070  3070 I cast_shell: [3073:3073:INFO:pref_control_service_impl.cc(602)] Registering pref Pref [Name:snooze_alarm_gesture_pref,RestoreValue:1,ForceEnableParent:0,Value:1,Optin:0]
04-09 10:13:15.899  3070  3070 I cast_shell: [3073:3073:INFO:pref_control_service_impl.cc(602)] Registering pref Pref [Name:stop_timers_gesture_pref,RestoreValue:1,ForceEnableParent:0,Value:1,Optin:0]
04-09 10:13:15.899  3070  3070 I cast_shell: [3073:3073:INFO:pref_metrics_manager.cc(94)] Adding motion_sensing_pref to PrefMetricsManager.
04-09 10:13:15.899  3070  3070 I cast_shell: [3073:3073:INFO:pref_metrics_manager.cc(94)] Adding sleep_sensing_pref to PrefMetricsManager.
04-09 10:13:15.899  3070  3070 I cast_shell: [3073:3073:INFO:pref_metrics_manager.cc(94)] Adding sleep_disturbance_pref to PrefMetricsManager.
04-09 10:13:15.899  3070  3070 I cast_shell: [3073:3073:INFO:pref_metrics_manager.cc(94)] Adding sleep_coaching_pref to PrefMetricsManager.
04-09 10:13:15.899  3070  3070 I cast_shell: [3073:3073:INFO:pref_metrics_manager.cc(94)] Adding gesture_sensing_pref to PrefMetricsManager.
04-09 10:13:15.901  3070  3070 I cast_shell: [3073:3073:INFO:grpc_manager_impl.cc(505)] GRPC[uri=unix:/tmp/hcp_ipc_auth.socket]: num_pending_calls=0, num_active_handlers=0, num_free_handlers=0
04-09 10:13:15.902  3070  3070 I cast_shell: [3073:3073:INFO:grpc_manager_impl.cc(245)] Registered service usonia.ipc.Auth
04-09 10:13:15.902  3070  3070 I cast_shell: [3073:3109:INFO:common_time.cc(128)] New common clock leader 908C0CD9D881BA772B557226FC3D020C, is_this_device = 1, IP = [::1]:10006, quality = 0
04-09 10:13:15.902  3070  3070 I cast_shell: [3073:3109:INFO:common_time.cc(158)] Set this device as common time source
04-09 10:13:15.902  3070  3070 I cast_shell: [3073:3073:INFO:grpc_manager_impl.cc(262)] Registered a handler Sign for service usonia.ipc.Auth
04-09 10:13:15.902  3070  3070 I cast_shell: [3073:3073:INFO:grpc_manager_impl.cc(262)] Registered a handler Verify for service usonia.ipc.Auth
04-09 10:13:15.902  3070  3070 I cast_shell: [3073:3073:INFO:grpc_manager_impl.cc(262)] Registered a handler AuthReady for service usonia.ipc.Auth
04-09 10:13:15.902  3070  3070 I cast_shell: [3073:3073:INFO:grpc_manager_impl.cc(245)] Registered service usonia.ipc.DistributedServiceDiscovery
04-09 10:13:15.903  3070  3070 I cast_shell: [3073:3073:INFO:grpc_manager_impl.cc(262)] Registered a handler UpdateServiceObservers for service usonia.ipc.DistributedServiceDiscovery
04-09 10:13:15.903  3070  3070 I cast_shell: [3073:3073:INFO:grpc_manager_impl.cc(262)] Registered a handler FetchAllPeerAddressList for service usonia.ipc.DistributedServiceDiscovery
04-09 10:13:15.906  3070  3070 I cast_shell: [3073:3073:INFO:cast_power_manager_provider.cc(26)] Creating DummyCastPowerManagerProvider
04-09 10:13:15.913  3070  3070 I cast_shell: [3073:3073:INFO:timezone_settings.cc(288)] Setting system timezone to America/Los_Angeles
04-09 10:13:15.913  3070  3070 I cast_shell: [3073:3073:INFO:daily_reboot_impl.cc(172)] Daily reboot is disabled
04-09 10:13:15.914  3070  3070 I cast_shell: [3073:3073:INFO:api_reboot.cc(321)] active_activities count=1
04-09 10:13:15.914  3070  3070 I cast_shell: [3073:3080:INFO:gamma_utils.cc(31)] Gamma calibration file is not present, use default LUT
04-09 10:13:15.914  3070  3070 I cast_shell: [3073:3073:INFO:cast_power_manager_provider.cc(26)] Creating DummyCastPowerManagerProvider
04-09 10:13:15.915  3070  3070 I chatty  : uid=1000(chrome) /bin/logwrapper identical 1 line
04-09 10:13:15.915  3070  3070 I cast_shell: [3073:3073:INFO:cast_power_manager_provider.cc(26)] Creating DummyCastPowerManagerProvider
04-09 10:13:15.917  3070  3070 I cast_shell: [3073:3080:INFO:tuning_manager.cc(118)] No file found at /etc/cast_audio.json
04-09 10:13:15.917  3070  3070 I cast_shell: [3073:3080:INFO:tuning_manager.cc(130)] No file found at /etc/cast_audio.json
04-09 10:13:15.917  3070  3070 I cast_shell: [3073:3073:INFO:setup_api_registry.cc(192)] Register external API: audio/delete_config
04-09 10:13:15.917  3070  3070 I cast_shell: [3073:3073:INFO:setup_api_registry.cc(192)] Register external API: audio/get_avail_processors
04-09 10:13:15.918  3070  3070 I cast_shell: [3073:3073:INFO:setup_api_registry.cc(192)] Register external API: audio/get_config
04-09 10:13:15.918  3070  3070 I cast_shell: [3073:3073:INFO:setup_api_registry.cc(192)] Register external API: audio/get_default_config
04-09 10:13:15.918  3070  3070 I cast_shell: [3073:3073:INFO:setup_api_registry.cc(192)] Register external API: audio/set_params
04-09 10:13:15.918  3070  3070 I cast_shell: [3073:3073:INFO:setup_api_registry.cc(192)] Register external API: audio/set_config
04-09 10:13:15.918  3070  3070 I cast_shell: [3073:3073:INFO:setup_api_registry.cc(192)] Register external API: user_eq/set_equalizer
04-09 10:13:15.918  3070  3070 I cast_shell: [3073:3073:INFO:capture_service_dummy.cc(11)] Dummy CaptureService.
04-09 10:13:15.922  3070  3070 I cast_shell: [3073:3073:INFO:setup_api_registry.cc(192)] Register external API: auto_media_volume
04-09 10:13:15.922  3070  3070 I cast_shell: [3073:3073:INFO:cast_thread_health_check.cc(53)] Receiver health check timeout: 15 seconds.
04-09 10:13:15.922  3070  3070 I cast_shell: [3073:3073:INFO:file_util.cc(28)] base_assistant_dir = /data/chrome
04-09 10:13:15.922  3070  3070 I cast_shell: [3073:3073:INFO:chromecast_service.cc(2189)] Geolocation changed to: 0
04-09 10:13:15.923  3070  3070 I cast_shell: [3073:3073:INFO:chromecast_service.cc(2229)] AoGH feature is: 0
04-09 10:13:15.923  3070  3070 I cast_shell: [3073:3073:INFO:chromecast_service.cc(2248)] Playback disruption feature is: 0
04-09 10:13:15.928  3070  3070 I cast_shell: [3073:3073:INFO:metrics_recorder.cc(112)] Metrics stat: total=0
04-09 10:13:15.928  3070  3070 I cast_shell: [3073:3097:INFO:media_manager_impl.cc(1043)] New device volume control type: new_type=1, old_type=0
04-09 10:13:15.929  3070  3070 I cast_shell: [3073:3097:INFO:media_manager_impl.cc(1066)] New device volume step interval: new_interval=0.02, old_interval=0
04-09 10:13:15.929  3070  3070 I cast_shell: [3073:3097:ERROR:media_manager_impl.cc(1294)] GetScreenResolution failed.
04-09 10:13:15.929  3070  3070 I cast_shell: [3073:3097:INFO:media_manager_impl.cc(343)] Media manager is initialized.
04-09 10:13:15.929  3070  3070 I cast_shell: [3073:3073:INFO:media_manager_impl.cc(269)] IsHdmiPlatform: 0
04-09 10:13:15.930  3070  3070 I cast_shell: [3073:3073:INFO:hds_settings.cc(136)] HdsSettings using HDS url https://preprod-home-devices.sandbox.google.com/
04-09 10:13:15.931  3070  3070 I cast_shell: [3073:3073:INFO:client_auth_creds.cc(173)] Device cert: 4D8AC5B9056A76852E4F FA:8F:CA:87:13:D1
04-09 10:13:15.931  3070  3070 I cast_shell: [3073:3073:INFO:client_auth_creds.cc(182)] Intermediate cert: LSB
04-09 10:13:15.931  3070  3070 I cast_shell: [3073:3073:INFO:client_auth_creds.cc(182)] Intermediate cert: Amlogic GVA Manufacturer Cert
04-09 10:13:15.931  3070  3070 I cast_shell: [3073:3073:INFO:client_auth_creds.cc(226)] Imported client auth cert.
04-09 10:13:15.931  3070  3070 I cast_shell: [3073:3073:INFO:client_auth_creds.cc(237)] Imported client auth private key
04-09 10:13:15.931  3070  3070 I cast_shell: [3073:3073:INFO:client_auth_signer.cc(155)] Created singleton instance of ClientAuthSigner.
04-09 10:13:15.931  3070  3070 I cast_shell: [3073:3073:INFO:client_auth_manager.cc(119)] Storing the certificate first used by the device.
04-09 10:13:15.956  3070  3070 I cast_shell: [3073:3073:WARNING:application_config_manager_impl.cc(253)] Cannot read application config file: /fakeapp.conf
04-09 10:13:15.957  3070  3070 I cast_shell: [3073:3073:INFO:application_manager_impl.cc(398)] Application manager is initialized.
04-09 10:13:15.957  3070  3070 I cast_shell: [3073:3073:INFO:mdns_cast_service.cc(156)] Device discovery state is idle
04-09 10:13:15.958  3070  3070 I cast_shell: [3073:3073:INFO:mdns_manager_impl.cc(177)] MdnsManager is initialized
04-09 10:13:15.958  3070  3070 I cast_shell: [3073:3122:INFO:mdns_app_filter.cc(573)] MdnsAppFilter initialized
04-09 10:13:15.958  3070  3070 I cast_shell: [3073:3122:INFO:discovered_service_client.cc(102)] Registering new service PTR listener: _googlecast._tcp.local
04-09 10:13:15.958  3070  3070 I cast_shell: [3073:3073:INFO:config_downloader.cc(239)] Set config periodic interval: min=300, max=420
04-09 10:13:15.959  3070  3070 I cast_shell: [3073:3073:INFO:crl_downloader.cc(274)] Set CRL periodic interval: min=2160, max=2880
04-09 10:13:15.959  3070  3070 I cast_shell: [3073:3073:INFO:hds_broker_impl.cc(121)] HDS type registered type.googleapis.com/home.hds.proto.device.relayedcasting.RelayedCastingPleaseConnectRequest
04-09 10:13:15.959  3070  3070 I cast_shell: [3073:3123:INFO:v2_transport.cc(458)] Added Cast V2 endpoint: id=Tr@n$p0rt-0, socket_factory_id=[PII](*)
04-09 10:13:15.959  3070  3070 I cast_shell: [3073:3123:INFO:endpoint_with_namespace_handler.cc(103)] Added a namespace handler: local_id=Tr@n$p0rt-0, namespace=urn:x-cast:com.google.cast.tp.connection
04-09 10:13:15.959  3070  3070 I cast_shell: [3073:3123:INFO:endpoint_with_namespace_handler.cc(103)] Added a namespace handler: local_id=Tr@n$p0rt-0, namespace=urn:x-cast:com.google.cast.tp.heartbeat
04-09 10:13:15.959  3070  3070 I cast_shell: [3073:3123:INFO:endpoint_with_namespace_handler.cc(103)] Added a namespace handler: local_id=Tr@n$p0rt-0, namespace=urn:x-cast:com.google.cast.tp.deviceauth
04-09 10:13:15.960  3070  3070 I cast_shell: [3073:3123:INFO:v2_transport.cc(335)] V2Transport initialized.
04-09 10:13:15.960  3070  3070 I cast_shell: [3073:3123:INFO:v2_transport.cc(411)] Added socket factory: id=domain-socket@/tmp/cast-control
04-09 10:13:15.960  3070  3070 I cast_shell: [3073:3123:INFO:v2_transport.cc(411)] Added socket factory: id=opencast-socket
04-09 10:13:15.960  3070  3070 I cast_shell: [3073:3073:INFO:mdns_util.cc(102)] Defaulting mDNS capabilities for audio-only build
04-09 10:13:15.960  3070  3070 I cast_shell: [3073:3073:INFO:virtual_device_manager.cc(138)] Added virtual device: id=[PII](523e1ccc-f807-5341-7e32-8d475ce21d1b)
04-09 10:13:15.961  3070  3070 I cast_shell: [3073:3123:INFO:v2_transport.cc(458)] Added Cast V2 endpoint: id=receiver-523e1ccc-f807-5341-7e32-8d475ce21d1b, socket_factory_id=[PII](523e1ccc-f807-5341-7e32-8d475ce21d1b)
04-09 10:13:15.961  3070  3070 I cast_shell: [3073:3123:INFO:endpoint_with_namespace_handler.cc(103)] Added a namespace handler: local_id=receiver-523e1ccc-f807-5341-7e32-8d475ce21d1b, namespace=urn:x-cast:com.google.cast.receiver
04-09 10:13:15.961  3070  3070 I cast_shell: [3073:3073:INFO:ccs_manager_impl.cc(522)] Added CCS device
04-09 10:13:15.961  3070  3070 I cast_shell: [3073:3123:INFO:endpoint_with_namespace_handler.cc(103)] Added a namespace handler: local_id=receiver-523e1ccc-f807-5341-7e32-8d475ce21d1b, namespace=urn:x-cast:com.google.cast.receiver.discovery
04-09 10:13:15.961  3070  3070 I cast_shell: [3073:3123:INFO:endpoint_with_namespace_handler.cc(103)] Added a namespace handler: local_id=receiver-523e1ccc-f807-5341-7e32-8d475ce21d1b, namespace=urn:x-cast:com.google.cast.receiver.debug
04-09 10:13:15.961  3070  3070 I cast_shell: [3073:3123:INFO:v2_transport.cc(411)] Added socket factory: id=523e1ccc-f807-5341-7e32-8d475ce21d1b
04-09 10:13:15.961  3070  3070 I cast_shell: [3073:3073:INFO:ccs_manager_impl.cc(523)] [PII] device_id=908C0CD9D881BA772B557226FC3D020C
04-09 10:13:15.961  3070  3070 I cast_shell: [3073:3123:INFO:endpoint_with_namespace_handler.cc(103)] Added a namespace handler: local_id=receiver-523e1ccc-f807-5341-7e32-8d475ce21d1b, namespace=urn:x-cast:com.google.cast.receiver.key_exchange
04-09 10:13:15.961  3070  3070 I cast_shell: [3073:3123:INFO:endpoint_with_namespace_handler.cc(103)] Added a namespace handler: local_id=receiver-523e1ccc-f807-5341-7e32-8d475ce21d1b, namespace=urn:x-cast:com.google.cast.broadcast
04-09 10:13:15.961  3070  3070 I cast_shell: [3073:3123:INFO:endpoint_with_namespace_handler.cc(103)] Added a namespace handler: local_id=receiver-523e1ccc-f807-5341-7e32-8d475ce21d1b, namespace=urn:x-cast:com.google.cast.proximity
04-09 10:13:15.962  3070  3070 I cast_shell: [3073:3073:INFO:ccs_manager_impl.cc(838)] Device model revision set to 0
04-09 10:13:15.968  3070  3070 I cast_shell: [3073:3112:INFO:setup_manager_impl.cc(732)] Initially set Google DNS servers: enable
04-09 10:13:15.968  3070  3070 I cast_shell: [3073:3112:INFO:setup_api_registry.cc(192)] Register external API: eureka_info
04-09 10:13:15.968  3070  3070 I cast_shell: [3073:3112:INFO:setup_api_registry.cc(192)] Register external API: set_eureka_info
04-09 10:13:15.968  3070  3070 I cast_shell: [3073:3112:INFO:setup_api_registry.cc(192)] Register external API: set_network
04-09 10:13:15.968  3070  3070 I cast_shell: [3073:3112:INFO:setup_api_registry.cc(192)] Register external API: set_network_ssid
04-09 10:13:15.968  3070  3070 I cast_shell: [3073:3112:INFO:setup_api_registry.cc(192)] Register external API: get_app_device_id
04-09 10:13:15.968  3070  3070 I cast_shell: [3073:3112:INFO:setup_api_registry.cc(192)] Register external API: send_log_report
04-09 10:13:15.968  3070  3070 I cast_shell: [3073:3112:INFO:setup_api_registry.cc(192)] Register external API: accept_tos
04-09 10:13:15.968  3070  3070 I cast_shell: [3073:3112:INFO:setup_api_registry.cc(192)] Register external API: configured_networks
04-09 10:13:15.968  3070  3070 I cast_shell: [3073:3112:INFO:setup_api_registry.cc(192)] Register external API: connect_wifi
04-09 10:13:15.975  2713  2725 I yani_server: NetLink Event '-1' Interface-Index '5' WLAN '-1' Ethernet '-1' Parsed-iFill '-1' -> 'INVALID' ifIndex '1' -> 'lo'
04-09 10:13:15.981  2713  2725 I yani_server: NetLink Event '-1' Interface-Index '5' WLAN '0' Ethernet '-1' Parsed-iFill '-1' -> 'INVALID' ifIndex '1' -> 'lo'
04-09 10:13:15.999  2736  2813 I bluetoothtbd: [0408/214315.999269:INFO:gatt_api.cc(1005)] GATT_Register
04-09 10:13:15.999  2736  2813 I bluetoothtbd: [0408/214315.999470:INFO:gatt_api.cc(1028)] allocated gatt_if=4
04-09 10:13:16.005  2736  2813 E bt_btif : register application first_unuse rcb_idx = 0
04-09 10:13:16.005  2736  2813 I bluetoothtbd: [0408/214316.005200:INFO:gatt_api.cc(1005)] GATT_Register
04-09 10:13:16.005  2736  2813 I bluetoothtbd: [0408/214316.005303:INFO:gatt_api.cc(1028)] allocated gatt_if=5
04-09 10:13:16.012  2736  2766 I bluetoothtbd: [0408/214316.012197:INFO:adapter.cc(551)] Adapter properties changed
04-09 10:13:16.012  2736  2766 I bluetoothtbd: [0408/214316.012553:INFO:adapter.cc(573)] Adapter name changed
04-09 10:13:16.012  2736  2813 I bluetoothtbd: [0408/214316.012641:INFO:gatt_api.cc(1005)] GATT_Register
04-09 10:13:16.012  2736  2813 I bluetoothtbd: [0408/214316.012707:INFO:gatt_api.cc(1028)] allocated gatt_if=6
04-09 10:13:16.015  2736  2766 I bluetoothtbd: [0408/214316.015167:INFO:adapter.cc(551)] Adapter properties changed
04-09 10:13:16.018  2736  2813 I bluetoothtbd: [0408/214316.018298:INFO:btif_ble_advertiser.cc(90)] RegisterAdvertiserCb status: 0 , adveriser_id: 0
04-09 10:13:16.019  2736  2766 I bluetoothtbd: [0408/214316.019838:INFO:adapter.cc(551)] Adapter properties changed
04-09 10:13:16.020  2736  2766 I bluetoothtbd: [0408/214316.020513:INFO:adapter.cc(551)] Adapter properties changed
04-09 10:13:16.020  2736  2766 E bluetoothtbd: [0408/214316.020662:ERROR:adapter.cc(608)] Invalid property length: 512
04-09 10:13:16.021  3070  3070 I cast_shell: [3073:3112:INFO:gatt_client_manager_impl.cc(202)] Enabling GATT client connectability
04-09 10:13:16.022  3070  3070 I cast_shell: [3073:3073:INFO:input_manager_impl.cc(284)] RegisterInput: device_id: cast, type: 0, state: 0
04-09 10:13:16.022  3070  3070 I cast_shell: [3073:3123:INFO:endpoint_with_namespace_handler.cc(103)] Added a namespace handler: local_id=receiver-523e1ccc-f807-5341-7e32-8d475ce21d1b, namespace=urn:x-cast:com.google.cast.audio.input
04-09 10:13:16.022  3070  3070 I cast_shell: [3073:3073:INFO:input_manager_impl.cc(308)] NotifyInputConnect: device_id: cast, sample_rate: 0, num_channels: 0
04-09 10:13:16.022  3070  3070 I cast_shell: [3073:3073:INFO:input_manager_impl.cc(370)] SetActiveInput: cast
04-09 10:13:16.023  3070  3070 I cast_shell: [3073:3112:INFO:setup_api_registry.cc(192)] Register external API: input/status
04-09 10:13:16.023  3070  3070 I cast_shell: [3073:3112:INFO:setup_api_registry.cc(192)] Register external API: input/set_active
04-09 10:13:16.023  3070  3070 I cast_shell: [3073:3112:INFO:setup_api_registry.cc(192)] Register external API: input/debug_register
04-09 10:13:16.023  3070  3070 I cast_shell: [3073:3112:INFO:setup_api_registry.cc(192)] Register external API: input/debug_connect
04-09 10:13:16.023  3070  3070 I cast_shell: [3073:3112:INFO:setup_api_registry.cc(192)] Register external API: input/debug_disconnect
04-09 10:13:16.023  3070  3070 I cast_shell: [3073:3073:INFO:bluetooth_setup.cc(690)] Disabling connectability.
04-09 10:13:16.024  3070  3070 I cast_shell: [3073:3073:INFO:input_manager_impl.cc(284)] RegisterInput: device_id: bluetooth, type: 1, state: 0
04-09 10:13:16.024  3070  3070 I cast_shell: [3073:3112:INFO:bluetooth_manager.cc(115)] Record action: Cast.Bluetooth.DiscoveryMode.Disable
04-09 10:13:16.024  3070  3070 I cast_shell: [3073:3112:INFO:setup_api_registry.cc(192)] Register external API: bluetooth/api
04-09 10:13:16.024  3070  3070 I cast_shell: [3073:3112:INFO:setup_api_registry.cc(192)] Register external API: bluetooth/bond
04-09 10:13:16.025  3070  3070 I cast_shell: [3073:3112:INFO:setup_api_registry.cc(192)] Register external API: bluetooth/connect
04-09 10:13:16.025  3070  3070 I cast_shell: [3073:3112:INFO:setup_api_registry.cc(192)] Register external API: bluetooth/discovery
04-09 10:13:16.025  3070  3070 I cast_shell: [3073:3112:INFO:setup_api_registry.cc(192)] Register external API: bluetooth/get_bonded
04-09 10:13:16.025  3070  3070 I cast_shell: [3073:3112:INFO:setup_api_registry.cc(192)] Register external API: bluetooth/scan
04-09 10:13:16.025  3070  3070 I cast_shell: [3073:3112:INFO:setup_api_registry.cc(192)] Register external API: bluetooth/scan_results
04-09 10:13:16.025  3070  3070 I cast_shell: [3073:3112:INFO:setup_api_registry.cc(192)] Register external API: bluetooth/set_connectable
04-09 10:13:16.025  3070  3070 I cast_shell: [3073:3112:INFO:setup_api_registry.cc(192)] Register external API: bluetooth/status
04-09 10:13:16.025  3070  3070 I cast_shell: [3073:3112:INFO:setup_api_registry.cc(192)] Register external API: bluetooth/le/connect
04-09 10:13:16.025  3070  3070 I cast_shell: [3073:3112:INFO:setup_api_registry.cc(192)] Register external API: bluetooth/le/pause_scan
04-09 10:13:16.025  3070  3070 I cast_shell: [3073:3112:INFO:setup_api_registry.cc(192)] Register external API: bluetooth/le/set_scan_parameters
04-09 10:13:16.025  3070  3070 I cast_shell: [3073:3112:INFO:setup_api_registry.cc(192)] Register external API: bluetooth/le/scan
04-09 10:13:16.025  3070  3070 I cast_shell: [3073:3112:INFO:setup_api_registry.cc(192)] Register external API: bluetooth/le/scan_results
04-09 10:13:16.025  3070  3070 I cast_shell: [3073:3112:INFO:setup_api_registry.cc(192)] Register external API: bluetooth/debug
04-09 10:13:16.025  3070  3070 I cast_shell: [3073:3112:INFO:setup_api_registry.cc(192)] Register external API: accessory/debug
04-09 10:13:16.026  2736  2766 I bluetoothtbd: [0408/214316.026077:INFO:adapter.cc(551)] Adapter properties changed
04-09 10:13:16.026  3070  3070 I cast_shell: [3073:3112:INFO:bluetooth_manager.cc(1232)] [PII] Set device name to 'LSB7906'
04-09 10:13:16.026  2736  2766 I bluetoothtbd: [0408/214316.026746:INFO:adapter.cc(551)] Adapter properties changed
04-09 10:13:16.026  2736  2766 I bluetoothtbd: [0408/214316.026880:INFO:adapter.cc(573)] Adapter name changed
04-09 10:13:16.027  3070  3070 I cast_shell: [3073:3073:INFO:robot_account_auth_manager.cc(295)] No backend type specified. Getting COS URL based on the build type instead.
04-09 10:13:16.027  3070  3070 I cast_shell: [3073:3073:INFO:robot_account_auth_manager.cc(312)] Auth url: https://clients5.google.com/cast/orchestration/googleoauthtoken?rt=b
04-09 10:13:16.028  3070  3070 I cast_shell: [3073:3123:INFO:endpoint_with_namespace_handler.cc(103)] Added a namespace handler: local_id=receiver-523e1ccc-f807-5341-7e32-8d475ce21d1b, namespace=urn:x-cast:com.google.cast.assistant
04-09 10:13:16.028  3070  3070 I cast_shell: [3073:3073:WARNING:robot_account_auth_manager.cc(463)] Failed to initialize JWT for 38579375
04-09 10:13:16.028  3070  3070 I cast_shell: [3073:3123:INFO:endpoint_with_namespace_handler.cc(103)] Added a namespace handler: local_id=receiver-523e1ccc-f807-5341-7e32-8d475ce21d1b, namespace=urn:x-cast:com.google.cast.companionauth
04-09 10:13:16.028  3070  3070 I cast_shell: [3073:3073:INFO:queryable_data_registrar.cc(52)] Registering queryable data for managed mode as: 0
04-09 10:13:16.028  3070  3070 I cast_shell: [3073:3123:INFO:endpoint_with_namespace_handler.cc(103)] Added a namespace handler: local_id=receiver-523e1ccc-f807-5341-7e32-8d475ce21d1b, namespace=urn:x-cast:com.google.cast.companion
04-09 10:13:16.028  3070  3070 I cast_shell: [3073:3073:INFO:queryable_data_registrar.cc(59)] Registering enable_hls_sample_aes=1
04-09 10:13:16.028  3070  3070 I cast_shell: [3073:3123:INFO:endpoint_with_namespace_handler.cc(103)] Added a namespace handler: local_id=receiver-523e1ccc-f807-5341-7e32-8d475ce21d1b, namespace=urn:x-cast:com.google.cast.timesync
04-09 10:13:16.028  3070  3070 I cast_shell: [3073:3073:INFO:queryable_data_registrar.cc(64)] Registering hls_sample_aes_init_segment
04-09 10:13:16.028  3070  3070 I cast_shell: [3073:3073:INFO:queryable_data_registrar.cc(70)] Registering visual-punt-on-platform-supported
04-09 10:13:16.028  3070  3070 I cast_shell: [3073:3073:INFO:hds_broker_impl.cc(121)] HDS type registered type.googleapis.com/home.hds.proto.device.cast.ManagedModeCommandRequest
04-09 10:13:16.028  3070  3070 I cast_shell: [3073:3073:INFO:grpc_manager_impl.cc(245)] Registered service chromecast.modular_update.ModularUpdateService
04-09 10:13:16.028  3070  3070 I cast_shell: [3073:3073:INFO:grpc_manager_impl.cc(262)] Registered a handler GetCastInfo for service chromecast.modular_update.ModularUpdateService
04-09 10:13:16.029  3070  3070 I cast_shell: [3073:3073:INFO:grpc_manager_impl.cc(262)] Registered a handler SendHttpRequest for service chromecast.modular_update.ModularUpdateService
04-09 10:13:16.029  3070  3070 I cast_shell: [3073:3073:INFO:grpc_manager_impl.cc(262)] Registered a handler SynchronousUpdateProgress for service chromecast.modular_update.ModularUpdateService
04-09 10:13:16.029  3070  3070 I cast_shell: [3073:3073:INFO:grpc_manager_impl.cc(262)] Registered a handler ReportInstalledManifestVersion for service chromecast.modular_update.ModularUpdateService
04-09 10:13:16.029  3070  3070 I cast_shell: [3073:3073:INFO:grpc_manager_impl.cc(262)] Registered a handler ReportMetricsEvent for service chromecast.modular_update.ModularUpdateService
04-09 10:13:16.029  3070  3070 I cast_shell: [3073:3073:INFO:grpc_manager_impl.cc(262)] Registered a handler StreamHttpRequest for service chromecast.modular_update.ModularUpdateService
04-09 10:13:16.029  3070  3070 I cast_shell: E0408 21:43:16.029780011    3073 server_chttp2.cc:40]        {"created":"@1649479396.029627344","description":"No address added out of total 1 resolved","file":"../../third_party/grpc/src/src/core/ext/transport/chttp2/server/chttp2_server.cc","file_line":397,"referenced_errors":[{"created":"@1649479396.029615219","description":"Unable to configure socket","fd":152,"file":"../../third_party/grpc/src/src/core/lib/iomgr/tcp_server_utils_posix_common.cc","file_line":216,"referenced_errors":[{"created":"@1649479396.029563802","description":"No such file or directory","errno":2,"file":"../../third_party/grpc/src/src/core/lib/iomgr/tcp_server_utils_posix_common.cc","file_line":189,"os_error":"No such file or directory","syscall":"bind"}]}]}
04-09 10:13:16.029  3070  3070 I cast_shell: [3073:3073:ERROR:grpc_manager_impl.cc(311)] Could not start Grpc server.
04-09 10:13:16.031  3070  3070 I cast_shell: [3073:3090:ERROR:cast_media_shlib.cc(80)] snd_hctl_find_elem failed to find the rate offset element.
04-09 10:13:16.033  3070  3070 I cast_shell: [3073:3073:ERROR:server.cc(243)] XDG_RUNTIME_DIR not set in the environment
04-09 10:13:16.033  3070  3070 I cast_shell: [3073:3073:ERROR:wayland_server_controller.cc(27)] Wayland server creation failed
04-09 10:13:16.034  3070  3070 I cast_shell: [3073:3073:WARNING:cast_metrics_service_client.cc(134)] Empty client id from platform, assuming this is the first boot up of a new device.
04-09 10:13:16.034  3070  3070 I cast_shell: [3073:3073:INFO:cast_metrics_service_client.cc(93)] Metrics client ID set: 89740c45-2d6f-4cdc-a2e9-997798d83ba0
04-09 10:13:16.034  3070  3070 I cast_shell: [3073:3073:INFO:device_info_impl.cc(970)] Metrics client ID: 89740c45-2d6f-4cdc-a2e9-997798d83ba0
04-09 10:13:16.034  3070  3070 I cast_shell: [3073:3073:INFO:cast_metrics_service_client.cc(93)] Metrics client ID set: 89740c45-2d6f-4cdc-a2e9-997798d83ba0
04-09 10:13:16.035  3070  3070 I cast_shell: [3073:3073:INFO:device_info_impl.cc(970)] Metrics client ID: 89740c45-2d6f-4cdc-a2e9-997798d83ba0
04-09 10:13:16.039  2733  2744 I HotspotManager: setting interface MAC addr
04-09 10:13:16.044  3070  3070 I cast_shell: [3073:3073:INFO:cast_receiver_impl.cc(828)] Cast receiver started.
04-09 10:13:16.044  3070  3070 I cast_shell: [3073:3073:WARNING:cast_receiver_impl.cc(1126)] Network is not globally connected. Don't schedule config downloading yet.
04-09 10:13:16.044  3070  3070 I cast_shell: [3073:3080:INFO:crypto_manager.cc(75)] Creating private key: size=2048
04-09 10:13:16.044  3070  3070 I cast_shell: [3073:3073:INFO:ccs_manager_impl.cc(663)] Starting cloud ipc activity with CCS
04-09 10:13:16.044  3070  3070 I cast_shell: [3073:3073:INFO:ccs_manager_impl.cc(1286)] CcsManagerImpl opt_in.cloud_ipc pref changed: 1
04-09 10:13:16.044  3070  3070 I cast_shell: [3073:3073:INFO:ccs_manager_impl.cc(1322)] Waiting for all transports to be enabled
04-09 10:13:16.044  3070  3070 I cast_shell: [3073:3073:INFO:ccs_transport_gcm.cc(94)] Deferring GCM registration until connectivity is up
04-09 10:13:16.044  3070  3070 I cast_shell: [3073:3073:INFO:multizone_manager.cc(2397)] Resuming MultizoneManager
04-09 10:13:16.044  3070  3070 I cast_shell: [3073:3073:INFO:cast_receiver_impl.cc(934)] Cast receiver resumed.
04-09 10:13:16.044  3070  3070 I cast_shell: [3073:3073:WARNING:cast_receiver_impl.cc(1138)] Network is not globally connected. Don't schedule CRL downloading yet.
04-09 10:13:16.044  3070  3070 I cast_shell: [3073:3112:INFO:ble_setup.cc(388)] BLE setup initialized.
04-09 10:13:16.044  3070  3070 I cast_shell: [3073:3073:INFO:chromecast_service.cc(1935)] Network is disconnected, reconnecting Wifi.
04-09 10:13:16.044  3070  3070 I cast_shell: [3073:3073:WARNING:chromecast_service.cc(1807)] TOS not accepted yet
04-09 10:13:16.044  3070  3070 I cast_shell: [3073:3073:INFO:cast_receiver_impl.cc(1093)] Entering discovery-only mode
04-09 10:13:16.044  3070  3070 I cast_shell: [3073:3073:INFO:application_config_manager_impl.cc(575)] Disabling virtual device 523e1ccc-f807-5341-7e32-8d475ce21d1b
04-09 10:13:16.044  3070  3070 I cast_shell: [3073:3073:INFO:chromecast_service.cc(1828)] Initial error code: 0
04-09 10:13:16.044  3070  3070 I cast_shell: [3073:3073:INFO:chromecast_service.cc(1840)] Non-assistant device, start idle screen now.
04-09 10:13:16.044  3070  3070 I cast_shell: [3073:3112:INFO:setup_manager_impl.cc(923)] Setup discoverability is enabled
04-09 10:13:16.044  3070  3070 I cast_shell: [3073:3112:INFO:hotspot_manager.cc(151)] Start: id=1 SSID=LSB7906.d256, hidden=0
04-09 10:13:16.044  3070  3070 I cast_shell: [3073:3112:INFO:ble_setup_manager.cc(767)] Reloading cached setup read attributes
04-09 10:13:16.044  3070  3070 I cast_shell: [3073:3112:INFO:gatt_client_manager_impl.cc(202)] Enabling GATT client connectability
04-09 10:13:16.044  3070  3070 I cast_shell: [3073:3079:INFO:device_info_impl.cc(895)] [PII] Hotspot BSSID from cert: FA:8F:CA:87:13:D1
04-09 10:13:16.044  3070  3070 I cast_shell: [3073:3079:INFO:hotspot_manager.cc(198)] Starting request id=1 ssid=LSB7906.d256, hidden=0
04-09 10:13:16.045  3070  3070 I cast_shell: [3073:3081:ERROR:service_manager.cc(210)] Failed to resolve service name: cast_assistant
04-09 10:13:16.045  3070  3070 I cast_shell: [3073:3120:INFO:cast_web_server.cc(210)] Http server for Cast receiver started: port=8008
04-09 10:13:16.046  3070  3070 I cast_shell: [3073:3121:ERROR:socket_posix.cc(148)] bind() failed: Address already in use (98)
04-09 10:13:16.046  3070  3070 I cast_shell: [3073:3121:INFO:cast_web_server.cc(210)] Http server for Cast receiver started: port=8443
04-09 10:13:16.046  3070  3070 I cast_shell: [3073:3091:ERROR:cast_audio_input_json.cc(33)] Failed to read JSON file: /etc/cast_audio_input.json
04-09 10:13:16.046  3070  3070 I cast_shell: [3073:3091:ERROR:channel_selector_reader.cc(44)] Failed to read audio input json
04-09 10:13:16.047  3070  3070 I cast_shell: [3073:3091:INFO:auto_volume.cc(107)] Auto volume is disabled
04-09 10:13:16.047  3070  3070 I cast_shell: [3073:3073:INFO:audio_focus_manager_impl.cc(27)] use_media_starting_block: 0
04-09 10:13:16.049  3070  3070 I cast_shell: [3073:3073:INFO:grpc_auth_manager_in_process.cc(135)] Initializing Auth.
04-09 10:13:16.050  3070  3070 I cast_shell: [3073:3123:ERROR:socket_posix.cc(148)] bind() failed: Address already in use (98)
04-09 10:13:16.050  3070  3070 I cast_shell: [3073:3123:INFO:v2_ssl_socket.cc(775)] IPv6 socket probably supports both IPv4 and IPv6
04-09 10:13:16.050  3070  3070 I cast_shell: [3073:3123:INFO:v2_unix_domain_socket_factory.cc(84)] Cast V2 Unix domain socket is listening: path=/tmp/cast-control
04-09 10:13:16.051  3070  3070 I cast_shell: [3073:3073:INFO:grpc_manager_impl.cc(505)] GRPC[uri=[::]:8012]: num_pending_calls=0, num_active_handlers=0, num_free_handlers=0
04-09 10:13:16.054  3070  3070 I cast_shell: [3073:3073:INFO:grpc_manager_impl.cc(317)] Grpc server started in port 8012
04-09 10:13:16.054  3070  3070 I cast_shell: [3073:3073:INFO:ccs_manager_impl.cc(851)] Network connectivity down for CcsManager
04-09 10:13:16.055  3070  3070 I cast_shell: [3073:3093:INFO:cast_auth_api_adaptor.cc(82)] CastAuth: init with library: libcast_auth.so
04-09 10:13:16.055  3070  3070 I cast_shell: [3073:3073:INFO:mdns_manager_impl.cc(468)] Setting new conflict callback
04-09 10:13:16.055  3070  3070 I cast_shell: [3073:3112:INFO:ble_setup.cc(789)] Missing required info for sign.
04-09 10:13:16.055  3070  3070 I cast_shell: [3073:3073:INFO:mdns_util.cc(102)] Defaulting mDNS capabilities for audio-only build
04-09 10:13:16.057  3070  3070 I cast_shell: [3073:3073:INFO:ccs_manager_impl.cc(1322)] Waiting for all transports to be enabled
04-09 10:13:16.058  3070  3070 I cast_shell: [3073:3073:INFO:bluetooth_setup.cc(690)] Disabling connectability.
04-09 10:13:16.058  3070  3070 I cast_shell: [3073:3073:INFO:input_manager_impl.cc(468)] Using virtual device 523e1ccc-f807-5341-7e32-8d475ce21d1b
04-09 10:13:16.058  3070  3070 I cast_shell: [3073:3073:INFO:metrics_recorder.cc(282)] cast event: Cast.System.Timezone.ChangeSuccessful
04-09 10:13:16.058  3070  3070 I cast_shell: [3073:3073:WARNING:channel_selector_impl.cc(113)] Cannot get selected channels from json, will use the previous value {0,1}.
04-09 10:13:16.063  3070  3070 I cast_shell: [3073:3073:INFO:virtual_device_manager.cc(247)] Virtual device [PII](523e1ccc-f807-5341-7e32-8d475ce21d1b) using Cast V2 port 8009
04-09 10:13:16.106  3070  3070 I cast_shell: [3073:3073:INFO:secure_storage_impl.cc(107)] Secure storage initialized.
04-09 10:13:16.106  3070  3070 I cast_shell: [3073:3073:INFO:ccs_manager_impl.cc(851)] Network connectivity down for CcsManager
04-09 10:13:16.181  2956  2967 D wac-main: Netlink event
04-09 10:13:16.182  2956  2967 E wac-main: Netlink event 16 Interface Index 6 
04-09 10:13:16.182  2956  2967 E wac-main: p2p0 event Link Changed : 1002 
04-09 10:13:16.182  2956  2967 E wac-main: Enter poll and wait
04-09 10:13:16.182  2713  2725 I yani_kernel: yani_geteventfrom_changeaddr() Message-Id '1' Netlink event '16' Interface Index '6' -> Name 'p2p0' 
04-09 10:13:16.188  2733  2744 I HotspotManager: setSSID <SSID omitted> visible
04-09 10:13:16.200  3070  3070 I cast_shell: [3073:3073:INFO:device_info_impl.cc(1094)] Primary netif changed: new=usb0, old=
04-09 10:13:16.200  3070  3070 I cast_shell: [3073:3073:INFO:device_info_impl.cc(1103)] Primary IP address changed: netif=usb0, new=192.168.10.1, old=
04-09 10:13:16.200  3070  3070 I cast_shell: [3073:3073:INFO:cast_receiver_impl.cc(1612)] mDNS Discovery stopped.
04-09 10:13:16.200  3070  3070 I cast_shell: [3073:3073:INFO:cast_receiver_impl.cc(1667)] Network is globally disconnected. Refresh CcsManager
04-09 10:13:16.200  3070  3070 I cast_shell: [3073:3073:INFO:iot_auth_manager_wrapper.cc(307)] Network provider informed of disconnected network status.
04-09 10:13:16.200  3070  3070 I cast_shell: [3073:3123:ERROR:broadcast_filter.cc(70)] Failed to join broadcast filter multicast group
04-09 10:13:16.200  3070  3070 I cast_shell: [3073:3123:WARNING:broadcast_filter.cc(120)] Failed to enable BroadcastFilter
04-09 10:13:16.200  3070  3070 I cast_shell: [3073:3123:INFO:endpoint_with_namespace_handler.cc(103)] Added a namespace handler: local_id=receiver-523e1ccc-f807-5341-7e32-8d475ce21d1b, namespace=urn:x-cast:com.google.cast.setup
