04-09 14:59:08.423     0     0 I         : [    1.951987@1] hub 1-0:1.0: 1 port detected
04-09 14:59:08.423     0     0 I         : [    1.952516@1] xhci-hcd xhci-hcd.0.auto: xHCI Host Controller
04-09 14:59:08.423     0     0 I         : [    1.952744@1] xhci-hcd xhci-hcd.0.auto: new USB bus registered, assigned bus number 2
04-09 14:59:08.423     0     0 I         : [    1.953574@1] usb usb2: We don't know the algorithms for LPM for this host, disabling LPM.
04-09 14:59:08.423     0     0 I         : [    1.955125@0] hub 2-0:1.0: USB hub found
04-09 14:59:08.423     0     0 E         : [    1.955189@0] hub 2-0:1.0: config failed, hub doesn't have any ports! (err -19)
04-09 14:59:08.423     0     0 E         : [    1.955796@0] usb usb2: Unsupported the hub
04-09 14:59:08.423     0     0 I         : [    1.956532@0] aml_vrtc rtc: setting system clock to 2022-04-09 09:29:05 UTC (1649496545)
04-09 14:59:08.423     0     0 D         : [    1.957363@0] dwc_otg ff400000.dwc2_a: dwc_otg_driver_probe(ffffffc01d640c00)
04-09 14:59:08.423     0     0 W [    1.957411@0] dwc_otg: usb0: type: 2 speed: 0, config: 0, dma: 0, id: 0, phy: ffe09000, ctrl: 0
04-09 14:59:08.423     0     0 D         : [    1.957788@0] dwc_otg ff400000.dwc2_a: base=0xffffff8008a40000
04-09 14:59:08.423     0     0 D         : [    1.957794@0] dwc_otg ff400000.dwc2_a: dwc_otg_device=0xffffffc01c75ee00
04-09 14:59:08.423     0     0 W [    2.058084@1] dwc_otg: Core Release: 3.10a
04-09 14:59:08.423     0     0 W [    2.058128@1] dwc_otg: Setting default values for core params
04-09 14:59:08.423     0     0 W [    2.058562@1] dwc_otg: curmode: 0, host_only: 0
04-09 14:59:08.423     0     0 D         : [    2.058987@1] dwc_otg ff400000.dwc2_a: DMA config: BURST_DEFAULT
04-09 14:59:08.423     0     0 W [    2.071303@1] dwc_otg: Using Buffer DMA mode
04-09 14:59:08.423     0     0 W [    2.071327@1] dwc_otg: OTG VER PARAM: 1, OTG VER FLAG: 1
04-09 14:59:08.423     0     0 W [    2.071707@1] dwc_otg: Working on port type = SLAVE
04-09 14:59:08.423     0     0 W [    2.072192@1] dwc_otg: Dedicated Tx FIFOs mode
04-09 14:59:08.423     0     0 I [    2.074681@1] input: adc_keypad as /devices/platform/adc_keypad/input/input1
04-09 14:59:08.423     0     0 I         : [    2.076730@1] cpucore_cooling_register, max_cpu_core_num:4
04-09 14:59:08.423     0     0 I [    2.083548@1] gxbb_pm: enter meson_pm_probe!
04-09 14:59:08.423     0     0 I         : [    2.083585@1] no vddio3v3_en pin
04-09 14:59:08.423     0     0 E         : [    2.083754@1] pm-meson aml_pm: Can't get switch_clk81
04-09 14:59:08.423     0     0 I [    2.084278@1] gxbb_pm: meson_pm_probe done
04-09 14:59:08.423     0     0 I         : [    2.085008@1] ALSA device list:
04-09 14:59:08.423     0     0 I [    2.085034@1]   #0: AML-AUGESOUND
04-09 14:59:08.423     0     0 I         : [    2.085533@1] meson_uart ff804000.serial: ttyS3 use xtal(8M) 24000000 change 115200 to 115200
04-09 14:59:08.423     0     0 I         : [    2.091431@1] Freeing unused kernel memory: 6080K
04-09 14:59:08.423     0     0 I [    2.305374@0] ubi0: attaching mtd6
04-09 14:59:08.423     0     0 I [    2.515511@0] ubi0: scanning is finished
04-09 14:59:08.423     0     0 I [    2.519395@3] ubi0: attached mtd6 (name "system", size 100 MiB)
04-09 14:59:08.423     0     0 I [    2.519687@3] ubi0: PEB size: 262144 bytes (256 KiB), LEB size: 253952 bytes
04-09 14:59:08.423     0     0 I [    2.526701@3] ubi0: min./max. I/O unit sizes: 4096/4096, sub-page size 4096
04-09 14:59:08.423     0     0 I [    2.533584@3] ubi0: VID header offset: 4096 (aligned 4096), data offset: 8192
04-09 14:59:08.423     0     0 I [    2.540648@3] ubi0: good PEBs: 400, bad PEBs: 0, corrupted PEBs: 0
04-09 14:59:08.423     0     0 I [    2.546776@3] ubi0: user volume: 1, internal volumes: 1, max. volumes count: 128
04-09 14:59:08.423     0     0 I [    2.554103@3] ubi0: max/mean erase counter: 37/25, WL threshold: 4096, image sequence number: 736763309
04-09 14:59:08.423     0     0 I [    2.563421@3] ubi0: available PEBs: 0, total reserved PEBs: 400, PEBs reserved for bad PEB handling: 40
04-09 14:59:08.424     0     0 I [    2.572745@0] ubi0: background thread "ubi_bgt0d" started, PID 2141
04-09 14:59:08.424     0     0 I         : [    2.578370@1] UBIFS (ubi0:0): background thread "ubifs_bgt0_0" started, PID 2144
04-09 14:59:08.424     0     0 I         : [    2.624916@3] UBIFS (ubi0:0): UBIFS: mounted UBI device 0, volume 0, name "rootfs"
04-09 14:59:08.424     0     0 I         : [    2.626876@3] UBIFS (ubi0:0): LEB size: 253952 bytes (248 KiB), min./max. I/O unit sizes: 4096 bytes/4096 bytes
04-09 14:59:08.424     0     0 I         : [    2.636862@3] UBIFS (ubi0:0): FS size: 87867392 bytes (83 MiB, 346 LEBs), journal size 9404416 bytes (8 MiB, 38 LEBs)
04-09 14:59:08.424     0     0 I         : [    2.647376@3] UBIFS (ubi0:0): reserved for root: 0 bytes (0 KiB)
04-09 14:59:08.424     0     0 I         : [    2.653327@3] UBIFS (ubi0:0): media format: w4/r0 (latest is w4/r0), UUID DC99A6D8-69BA-4DD7-9E44-726260A6E747, small LPT model
04-09 14:59:08.424     0     0 I [    2.899693@3] init: property init
04-09 14:59:08.424     0     0 I [    2.900430@3] init: reading config file
04-09 14:59:08.424     0     0 I [    2.907234@3] init: processing action 0xab16b808 (boot_start)
04-09 14:59:08.424     0     0 I [    2.915045@3] init: command 'boot_start' r=0
04-09 14:59:08.424     0     0 I [    2.916086@3] init: processing action 0xab1676b0 (early-init)
04-09 14:59:08.424     0     0 I [    2.920781@3] init: starting 'ueventd'
04-09 14:59:08.424     0     0 I [    2.924093@3] init: command 'start' r=0
04-09 14:59:08.424     0     0 I [    2.926987@3] init: command 'loglevel' r=0
04-09 14:59:08.424     0     0 I [    2.931877@3] init: command 'mount' r=0
04-09 14:59:08.424     0     0 I [    2.933730@1] init: starting ueventd
04-09 14:59:08.424     0     0 I [    2.934603@1] init: /sys/ rule /sys/devices/virtual/input/input* enable
04-09 14:59:08.424     0     0 I [    2.934618@1] init: /sys/ rule /sys/devices/virtual/input/input* poll_delay
04-09 14:59:08.424     0     0 I [    2.934628@1] init: /sys/ rule /sys/devices/virtual/usb_composite/* enable
04-09 14:59:08.424     0     0 I [    2.940382@1] init: adding platform device ffd0f0d0.watchdog
04-09 14:59:08.424     0     0 I [    2.940782@1] init: adding platform device reg-dummy
04-09 14:59:08.424     0     0 I [    2.941448@1] init: adding platform device cpu_iomap
04-09 14:59:08.424     0     0 I [    2.941720@1] init: adding platform device 7400000.ramoops
04-09 14:59:08.424     0     0 I [    2.941998@1] init: adding platform device bt-dev
04-09 14:59:08.424     0     0 I [    2.942681@1] init: adding platform device dummy
04-09 14:59:08.424     0     0 I [    2.989512@3] init: command 'mount' r=0
04-09 14:59:08.424     0     0 I [    3.203851@2] ubi1: attaching mtd7
04-09 14:59:08.424     0     0 I [    3.497697@2] ubi1: scanning is finished
04-09 14:59:08.424     0     0 I [    3.502004@0] ubi1: attached mtd7 (name "chrome", size 140 MiB)
04-09 14:59:08.424     0     0 I [    3.502290@0] ubi1: PEB size: 262144 bytes (256 KiB), LEB size: 253952 bytes
04-09 14:59:08.424     0     0 I [    3.509298@0] ubi1: min./max. I/O unit sizes: 4096/4096, sub-page size 4096
04-09 14:59:08.424     0     0 I [    3.516184@0] ubi1: VID header offset: 4096 (aligned 4096), data offset: 8192
04-09 14:59:08.424     0     0 I [    3.523251@0] ubi1: good PEBs: 560, bad PEBs: 0, corrupted PEBs: 0
04-09 14:59:08.424     0     0 I [    3.529378@0] ubi1: user volume: 1, internal volumes: 1, max. volumes count: 128
04-09 14:59:08.424     0     0 I [    3.536706@0] ubi1: max/mean erase counter: 35/26, WL threshold: 4096, image sequence number: 1458511589
04-09 14:59:08.424     0     0 I [    3.546111@0] ubi1: available PEBs: 0, total reserved PEBs: 560, PEBs reserved for bad PEB handling: 40
04-09 14:59:08.424     0     0 I [    3.555435@3] ubi1: background thread "ubi_bgt1d" started, PID 2553
04-09 14:59:08.424     0     0 I         : [    3.569832@1] UBIFS (ubi1:0): background thread "ubifs_bgt1_0" started, PID 2557
04-09 14:59:08.424     0     0 I         : [    3.596196@2] UBIFS (ubi1:0): recovery needed
04-09 14:59:08.424     0     0 I         : [    3.654981@3] UBIFS (ubi1:0): recovery completed
04-09 14:59:08.424     0     0 I         : [    3.655138@3] UBIFS (ubi1:0): UBIFS: mounted UBI device 1, volume 0, name "chrome"
04-09 14:59:08.424     0     0 I         : [    3.661499@3] UBIFS (ubi1:0): LEB size: 253952 bytes (248 KiB), min./max. I/O unit sizes: 4096 bytes/4096 bytes
04-09 14:59:08.424     0     0 I         : [    3.671491@3] UBIFS (ubi1:0): FS size: 128499712 bytes (122 MiB, 506 LEBs), journal size 9404416 bytes (8 MiB, 38 LEBs)
04-09 14:59:08.424     0     0 I         : [    3.682183@3] UBIFS (ubi1:0): reserved for root: 0 bytes (0 KiB)
04-09 14:59:08.424     0     0 I         : [    3.688136@3] UBIFS (ubi1:0): media format: w4/r0 (latest is w4/r0), UUID 3D7B4A1D-6849-462E-B889-C151DCC94211, small LPT model
04-09 14:59:08.424     0     0 I [    3.731527@3] ubi2: attaching mtd8
04-09 14:59:08.424     0     0 I         : [    3.898092@3]  NAND bbt detect factory Bad block at 17a40000
04-09 14:59:08.424     0     0 I         : [    3.909718@3]  NAND bbt detect factory Bad block at 18000000
04-09 14:59:08.424     0     0 I         : [    3.909781@3]  NAND bbt detect factory Bad block at 18040000
04-09 14:59:08.424     0     0 I [    4.182522@3] ubi2: scanning is finished
04-09 14:59:08.424     0     0 I [    4.187451@0] ubi2: attached mtd8 (name "data", size 213 MiB)
04-09 14:59:08.424     0     0 I [    4.187572@0] ubi2: PEB size: 262144 bytes (256 KiB), LEB size: 253952 bytes
04-09 14:59:08.424     0     0 I [    4.194577@0] ubi2: min./max. I/O unit sizes: 4096/4096, sub-page size 4096
04-09 14:59:08.424     0     0 I [    4.201466@0] ubi2: VID header offset: 4096 (aligned 4096), data offset: 8192
04-09 14:59:08.424     0     0 I [    4.208533@0] ubi2: good PEBs: 849, bad PEBs: 3, corrupted PEBs: 0
04-09 14:59:08.424     0     0 I [    4.214660@0] ubi2: user volume: 2, internal volumes: 1, max. volumes count: 128
04-09 14:59:08.424     0     0 I [    4.221989@0] ubi2: max/mean erase counter: 71/48, WL threshold: 4096, image sequence number: 1018457084
04-09 14:59:08.424     0     0 I [    4.231392@0] ubi2: available PEBs: 0, total reserved PEBs: 849, PEBs reserved for bad PEB handling: 37
04-09 14:59:08.424     0     0 I [    4.240716@1] ubi2: background thread "ubi_bgt2d" started, PID 2565
04-09 14:59:08.424     0     0 I         : [    4.254465@3] UBIFS (ubi2:0): background thread "ubifs_bgt2_0" started, PID 2568
04-09 14:59:08.424     0     0 I         : [    4.280945@2] UBIFS (ubi2:0): recovery needed
04-09 14:59:08.424     0     0 I         : [    4.351273@2] UBIFS (ubi2:0): recovery completed
04-09 14:59:08.424     0     0 I         : [    4.351429@2] UBIFS (ubi2:0): UBIFS: mounted UBI device 2, volume 0, name "factory"
04-09 14:59:08.424     0     0 I         : [    4.357880@2] UBIFS (ubi2:0): LEB size: 253952 bytes (248 KiB), min./max. I/O unit sizes: 4096 bytes/4096 bytes
04-09 14:59:08.424     0     0 I         : [    4.367875@2] UBIFS (ubi2:0): FS size: 10158080 bytes (9 MiB, 40 LEBs), journal size 2285569 bytes (2 MiB, 9 LEBs)
04-09 14:59:08.424     0     0 I         : [    4.378135@2] UBIFS (ubi2:0): reserved for root: 0 bytes (0 KiB)
04-09 14:59:08.424     0     0 I         : [    4.384089@2] UBIFS (ubi2:0): media format: w4/r0 (latest is w4/r0), UUID AD7DC8BC-6ACA-4841-8B12-7A54B54F57E7, small LPT model
04-09 14:59:08.424     0     0 I         : [    4.407753@3] UBIFS (ubi2:1): background thread "ubifs_bgt2_1" started, PID 2571
04-09 14:59:08.424     0     0 I         : [    4.433699@1] UBIFS (ubi2:1): recovery needed
04-09 14:59:08.424     0     0 I         : [    4.528332@2] UBIFS (ubi2:1): recovery completed
04-09 14:59:08.424     0     0 I         : [    4.528513@2] UBIFS (ubi2:1): UBIFS: mounted UBI device 2, volume 1, name "data"
04-09 14:59:08.424     0     0 I         : [    4.534672@2] UBIFS (ubi2:1): LEB size: 253952 bytes (248 KiB), min./max. I/O unit sizes: 4096 bytes/4096 bytes
04-09 14:59:08.424     0     0 I         : [    4.544669@2] UBIFS (ubi2:1): FS size: 189956096 bytes (181 MiB, 748 LEBs), journal size 9404416 bytes (8 MiB, 38 LEBs)
04-09 14:59:08.424     0     0 I         : [    4.555362@2] UBIFS (ubi2:1): reserved for root: 0 bytes (0 KiB)
04-09 14:59:08.424     0     0 I         : [    4.561315@2] UBIFS (ubi2:1): media format: w4/r0 (latest is w4/r0), UUID 34A475AE-5814-4337-8EB7-8868427E3B0E, small LPT model
04-09 14:59:08.424     0     0 I         : [    4.799878@2] aml_wifi wifi: [usb_power_control] Set WiFi power down
04-09 14:59:08.425     0     0 I [    4.800604@2] meson-mmc: [sdio_notify] finish
04-09 14:59:08.425     0     0 I         : [    4.804946@2] aml_wifi wifi: [wifi_power_ioctl] ioctl Set sdio wifi power down!
04-09 14:59:08.425     0     0 I         : [    4.808026@3] UBIFS (ubi0:0): background thread "ubifs_bgt0_0" stops
04-09 14:59:09.491  2584  2584 E         : found the match wifi is: sd8887
04-09 14:59:09.491  2584  2584 E         : wifi_insmod command:insmod /lib/modules/4.9.113/kernel/mrvl/mlan8887.ko 
--------- beginning of system
04-09 14:59:09.536  2604  2604 I wpa_supplicant: Successfully initialized wpa_supplicant
04-09 14:59:09.575  2604  2604 E wpa_supplicant: Could not read interface wlan0 flags: No such device
04-09 14:59:09.590  2604  2604 I wpa_supplicant: nl80211: Driver does not support authentication/association or connect commands
04-09 14:59:09.595  2604  2604 I wpa_supplicant: nl80211: deinit ifname=wlan0 disabled_11b_rates=0
04-09 14:59:09.598  2604  2604 E wpa_supplicant: Could not read interface wlan0 flags: No such device
04-09 14:59:09.599  2604  2604 E wpa_supplicant: wlan0: Failed to initialize driver interface
04-09 14:59:09.664  2584  2584 E         : wifi_insmod command:insmod /lib/modules/4.9.113/kernel/mrvl/sd8xxx.ko cal_data_cfg=mrvl/WlanCalData_ext_LS9x_291119.conf txpwrlimit_cfg=mrvl/txpwrlimit_cfg_8887.bin fw_name=mrvl/sd8887_wlan_a2_p59.bin cfg80211_wext=0xf host_mlme=1 auto_ds=2 fw_serial=1 sta_name="wlan" uap_name="p2p" ps_mode=2 max_uap_bss=2 drvdbg=0x7 reg_alpha2="00"
04-09 14:59:10.785  2584  2584 E         : Load BT driver
04-09 14:59:10.785  2584  2584 E         : found the match wifi is: (null)
04-09 14:59:10.785  2584  2584 E         : wifi_insmod command:insmod /lib/modules/4.9.113/kernel/mrvl/bt8xxx.ko fw_name=mrvl/sd8887_bt_a2_p59.bin bt_fw_serial=0
04-09 14:59:10.909  2689  2689 W sshd    : Failed loading /etc/dropbear/dropbear_rsa_host_key
04-09 14:59:10.909  2689  2689 W sshd    : Failed loading /etc/dropbear/dropbear_dss_host_key
04-09 14:59:10.909  2689  2689 W sshd    : Failed loading /etc/dropbear/dropbear_ecdsa_host_key
04-09 14:59:10.914  2689  2689 I sshd    : Not backgrounding
04-09 14:59:10.933  2697  2697 E writeSerialNo: Writing serial number to unifykey
04-09 14:59:10.955  2691  2691 I sh      : FACTEST:unifykey read success:20 20
04-09 14:59:10.955  2691  2691 I sh      : inbuf=de4f95ffa64d5e74b026  ret=20 serial.txt=de4f95ffa64d5e74b026 bytesread=20 strcmp=0
04-09 14:59:10.991  2695  2695 I ServiceManager: Waiting for service libre.EnvItems...
04-09 14:59:11.009  2698  2698 I ENV     : init 
04-09 14:59:11.010  2698  2698 I ENV     :  First boot 
04-09 14:59:11.010  2698  2698 E ENV     : fileExists:153 /lsync/env/env.db does not exist
04-09 14:59:11.016  2698  2698 D AVS_SDK :  [  1] I sdkVersion: 1.19.1
04-09 14:59:11.017  2698  2698 E ENV     :  FAILED to open:/lsync/env/tmp.db 
04-09 14:59:11.017  2698  2698 I ENV     : removeItem:79:/lsync/env/tmp.db not found
04-09 14:59:11.018  2698  2698 E ENV     : /lsync/env/env.db does not Exist.. tempStorage = 0
04-09 14:59:11.018  2698  2698 I ENV     : createUserDBFromFactoryCfg 
04-09 14:59:11.025  2698  2698 I ENV     : Using /factory/custom/factoryEnv.conf as conf file
04-09 14:59:11.025  2698  2698 I ENV     : removeItem:79:/lsync/env/env.db not found
04-09 14:59:11.026  2698  2698 E ENV     : Error removing /lsync/env/env.db
04-09 14:59:11.089  2698  2698 E ENV     : createUserDBFromFactoryCfg:307: tempStorage is undefined
04-09 14:59:11.089  2698  2698 I ENV     : Using /factory/custom/factoryEnv.conf and /lsync/env/env.db as conf and db file
04-09 14:59:11.089  2698  2698 I ENV     : init 
04-09 14:59:11.089  2698  2698 I ENV     :  First boot 
04-09 14:59:11.089  2698  2698 I ENV     : fileExists:151 /lsync/env/env.db exists
04-09 14:59:11.091  2698  2698 I ENV     : Copied /lsync/env/env.db to /lsync/env/tmp.db
04-09 14:59:11.092  2698  2698 E ENV     : /lsync/env/env.db does not Exist.. tempStorage = ac0d0db0
04-09 14:59:11.092  2698  2698 I ENV     : createUserDBFromFactoryCfg 
04-09 14:59:11.094  2698  2698 I ENV     : Using /factory/custom/factoryEnv.conf as conf file
04-09 14:59:11.095  2698  2698 I ENV     : removeItem:74:/lsync/env/env.db removed
04-09 14:59:11.095  2698  2698 I ENV     : Removed /lsync/env/env.db
04-09 14:59:11.109  2698  2698 E ENV     : createUserDBFromFactoryCfg:301: Failed at tempStorage->get_changed
04-09 14:59:11.503  2698  2698 I chatty  : uid=0(root) env_service identical 64 lines
04-09 14:59:11.509  2698  2698 E ENV     : createUserDBFromFactoryCfg:301: Failed at tempStorage->get_changed
04-09 14:59:11.511  2698  2698 E AVS_SDK :  [  1] E SQLiteStatement:SQLiteStatement::stepFailed::Executing the select did not generate a row or complete.:result=19
04-09 14:59:11.511  2698  2698 E AVS_SDK :  [  1] E SQLiteStatement:SQLiteStatement::finalizeFailed::Could release the prepared statement.:rcode=19
04-09 14:59:11.511  2698  2698 E ENV     : createUserDBFromFactoryCfg:286: Failed at m_miscStorage->put
04-09 14:59:11.517  2698  2698 E ENV     : createUserDBFromFactoryCfg:301: Failed at tempStorage->get_changed
04-09 14:59:11.698  2698  2698 I chatty  : uid=0(root) env_service identical 29 lines
04-09 14:59:11.706  2698  2698 E ENV     : createUserDBFromFactoryCfg:301: Failed at tempStorage->get_changed
04-09 14:59:11.706  2698  2698 I ENV     : Using /factory/custom/factoryEnv.conf and /lsync/env/env.db as conf and db file
04-09 14:59:11.707  2698  2698 I ENV     : fileExists:151 /lsync/env/env_bk.db exists
04-09 14:59:11.708  2698  2698 I ENV     : fileExists:151 /factory/custom/factoryEnv_bk.conf exists
04-09 14:59:11.708  2698  2698 I ENV     : removeItem:74:/lsync/env/tmp.db removed
04-09 14:59:13.951  2710  2710 I wpa_supplicant: Successfully initialized wpa_supplicant
04-09 14:59:13.967  2710  2710 I wpa_supplicant: rfkill: Cannot open RFKILL control device
04-09 14:59:13.998  2712  2712 E LUCI_FACTORY: LUCIFactory::registerBuiltinFactories
04-09 14:59:14.004  2712  2712 E LUCI_SERVER: IP = 0
04-09 14:59:14.005  2713  2713 I main_sourceswitch: ServiceManager: 0xaadb1f88
04-09 14:59:14.010  2713  2713 E luci_helper: LUCIHelper: Waiting for Module Init
04-09 14:59:14.010  2713  2713 E luci_helper: LUCIHelper: Waiting for Module Init
04-09 14:59:14.049  2711  2711 E luci_helper: LUCIHelper: Waiting for Module Init
04-09 14:59:14.050  2711  2711 E luci_helper: LUCIHelper: Waiting for Module Init
04-09 14:59:14.051  2711  2711 E yani_server: YaniServer FAILED TO GET LuciHelper
04-09 14:59:14.062  2691  2691 I sh      : Simple mixer control 'Master',0
04-09 14:59:14.062  2691  2691 I sh      :   Capabilities: volume pswitch pswitch-joined
04-09 14:59:14.062  2691  2691 I sh      :   Playback channels: Front Left - Front Right
04-09 14:59:14.062  2691  2691 I sh      :   Capture channels: Front Left - Front Right
04-09 14:59:14.062  2691  2691 I sh      :   Limits: 0 - 100
04-09 14:59:14.079  2710  2710 I wpa_supplicant: MPM: Debug Dialog Token initialized 4004415767 (0xeeae8917)
04-09 14:59:14.086  2691  2691 I sh      :   Front Left: 30 [30%] [-10.45dB] Playback [on]
04-09 14:59:14.086  2691  2691 I sh      :   Front Right: 30 [30%] [-10.45dB] Playback [on]
04-09 14:59:14.087  2710  2710 I wpa_supplicant: wlan0: CTRL-EVENT-REGDOM-CHANGE init=USER type=COUNTRY alpha2=US
04-09 14:59:14.090  2712  2712 E luciUART: bufff write ? = 1 
04-09 14:59:14.092  2712  2712 E luciUART: tcsetattr succeed
04-09 14:59:14.093  2712  2721 E LUCI_SERVER: Luci Server Thread waiting for packets....
04-09 14:59:14.167  2709  2709 I         : [0409/022914.166472:INFO:cast_auth_check.cc(163)] Cast auth test is successful.
04-09 14:59:14.511  2711  2723 E yani_kernel: Interface status 0
04-09 14:59:14.519  2711  2723 I yani_kernel: set_device_name() Interface 'wlan0' MAC Address 'cc:90:93:21:f3:84' FriendlyName 'Lyric Speaker Box 21f384' status '0'
04-09 14:59:14.520  2711  2723 I yani_server: First boot after Factory reset! Friendly Name modified Lyric Speaker Box  -> Lyric Speaker Box 21f384
04-09 14:59:14.526  2712  2712 I lucitransport: writeRemoteMessage() MID = 90 buffer = Lyric Speaker Box 21f384
04-09 14:59:14.526  2712  2712 I luciUART: write() MID = 90  bytes = 34 data = Lyric Speaker Box 21f384 m_fd = 0x5
04-09 14:59:14.526  2712  2712 I lucitransport: writeLocalMessage() MID = 90 buffer = Lyric Speaker Box 21f384
04-09 14:59:14.526  2712  2721 E LUCI_SERVER: Luci Server Thread wait over MID 90....
04-09 14:59:14.528  2711  2723 E yani_server: Device Supports CastSetup 1
04-09 14:59:14.528  2711  2723 I yani_kernel: yani_init_net() Success Netlink socket fd 6
04-09 14:59:14.531  2711  2723 E WifiHW  : wifi_start_supplicant
04-09 14:59:14.532  2711  2723 E WifiHW  : wifi_start_ctl.start : wpa_supplicant
04-09 14:59:14.557  2712  2721 E LUCI_SERVER: Luci Server Thread waiting for packets....
04-09 14:59:14.733  2711  2723 E WifiHW  : wifi_connect_to_supplicant : wlan0
04-09 14:59:14.733  2711  2723 E WifiHW  : wifi_connect_on_socket_path1 : wlan0
04-09 14:59:14.736  2711  2723 E yani_wifi: enable_disable_net_if() Failed SIOCGIFFLAGS for interface 'wlan1' enable '0'
04-09 14:59:14.741  2711  2723 I yani_wifi: configure_wifi() SSID '' security '' passphrase '********' Country 'US'
04-09 14:59:15.957  2691  2691 I sh      : LSDeviceService: not found
04-09 14:59:16.065  2733  2733 I NetMgr  : Net_Mgr starting
04-09 14:59:16.071  2729  2729 E         :  Start MessageBox Handler 
04-09 14:59:16.074  2733  2733 I HotspotManager: Default WiFi Interface : wlan0
04-09 14:59:16.077  2730  2730 E UIModeManager: UIModeManager Constructor ++
04-09 14:59:16.082  2733  2733 I NetworkMonitor: WiFi Interface : wlan0
04-09 14:59:16.082  2733  2733 I NetworkMonitor: Default WiFi Interface : wlan0
04-09 14:59:16.087  2736  2736 E dhcpcd  : eth0: interface not found or invalid
04-09 14:59:16.088  2733  2745 I NetworkMonitor: Start monitor thread
04-09 14:59:16.091  2730  2730 I AirableUIHelper: AirableUIHelper Contructor 
04-09 14:59:16.094  2730  2730 E AirableUIHelper:  Airable ENV_AirableBaseURL_ID Envitem returned failed!!!
04-09 14:59:16.094  2736  2736 D dhcpcd  : wlan0: adding address fe80::ce90:93ff:fe21:f384
04-09 14:59:16.095  2730  2730 E AirableUIHelper:  Airable ENV_AirableSecret_ID Envitem returned failed!!!
04-09 14:59:16.096  2730  2730 E AirableUIHelper: Airable Secret =  
04-09 14:59:16.103  2729  2742 E MB_HANDLER: HOST present 1
04-09 14:59:16.104  2730  2730 I UIModeManager: RegisterModeControl Mode - PlayMode ModeControl - 0xad03cc30
04-09 14:59:16.104  2729  2742 E MB_HANDLER:  REGISTERED YANI LISTENER IN MessageBoxHandler
04-09 14:59:16.105  2730  2730 I ServiceManager: Waiting for service media.player...
04-09 14:59:16.111  2729  2742 E         : External Host present 1
04-09 14:59:16.111  2729  2742 E MB_HANDLER: REGISTERED ExternalSource IN MessageBoxHandler
04-09 14:59:16.113  2733  2745 E WifiUtil: command: "SCAN" failed: FAIL-BUSY
04-09 14:59:16.114  2729  2742 E MB_HANDLER: Check Device Support ENV_CastSetup true ENV_GoogleCast_ID true 
04-09 14:59:16.115  2712  2712 I lucitransport: readRemoteMessage() MID char = 43689 buffer = 1
04-09 14:59:16.115  2712  2712 I lucitransport: writeRemoteMessage() MID = 43690 buffer = ªªªªª
04-09 14:59:16.115  2712  2712 I luciUART: write() MID = 43690  bytes = 15 data = ªªªªª m_fd = 0x5
04-09 14:59:16.115  2729  2742 E MB_HANDLER: LUCI UART READY MSG!!
04-09 14:59:16.115  2729  2742 E MB_HANDLER: Set Default Network Status on Bootup 0#1,0#2,0#3,0#4,0!
04-09 14:59:16.115  2712  2712 I lucitransport: writeRemoteMessage() MID = 124 buffer = 0#1,0#2,0#3,0#4,0
04-09 14:59:16.116  2712  2712 I luciUART: write() MID = 124  bytes = 27 data = 0#1,0#2,0#3,0#4,0 m_fd = 0x5
04-09 14:59:16.116  2712  2712 I lucitransport: readRemoteMessage() MID char = 43689 buffer = 1
04-09 14:59:16.116  2712  2712 I lucitransport: readRemoteMessage() MID char = 38 buffer = (null)
04-09 14:59:16.116  2712  2712 I lucitransport: readRemoteMessage() MID char = 35 buffer = 0
04-09 14:59:16.121  2729  2742 I MB_HANDLER: Env Details: LS-Host '1' Cast-Setup 'true'
04-09 14:59:16.121  2729  2742 E MB_HANDLER: Message Handler Thread waiting for messages....
04-09 14:59:16.125  2712  2720 E luciUART: UART:aa
04-09 14:59:16.125  2712  2720 E luciUART: UART:aa
04-09 14:59:16.125  2712  2720 E luciUART: UART:2
04-09 14:59:16.125  2712  2720 E luciUART: UART:0
04-09 14:59:16.125  2712  2720 E luciUART: UART:9
04-09 14:59:16.125  2712  2720 E luciUART: UART:0
04-09 14:59:16.125  2712  2720 I chatty  : uid=0(root) UARTLUCIControl identical 2 lines
04-09 14:59:16.125  2712  2720 E luciUART: UART:0
04-09 14:59:16.126  2712  2720 E luciUART: UART:1
04-09 14:59:16.126  2712  2720 I luciUART: read() RemoteID = 43690 Command = 9 Type = 2 Status = 0 DataLen = 1
04-09 14:59:16.131  2712  2721 I luciUART: write() MID = 208  bytes = 21 data = MCUVersion: m_fd = 0x5
04-09 14:59:16.131  2712  2721 E LUCI_SERVER: NV_READ response= MCUVersion:
04-09 14:59:16.131  2712  2720 E luciUART: UART:0
04-09 14:59:16.131  2712  2721 E LUCI_SERVER: Luci Server Thread waiting for packets....
04-09 14:59:16.131  2712  2720 E luciUART: UART:5b
04-09 14:59:16.131  2712  2720 E luciUART: UART:0
04-09 14:59:16.131  2712  2720 I chatty  : uid=0(root) UARTLUCIControl identical 3 lines
04-09 14:59:16.131  2712  2720 E luciUART: UART:0
04-09 14:59:16.141  2729  2742 E MB_HANDLER: MacAddress :CC:90:93:21:F3:84
04-09 14:59:16.142  2712  2712 I lucitransport: writeRemoteMessage() MID = 91 buffer = CC:90:93:21:F3:84
04-09 14:59:16.142  2712  2712 I luciUART: write() MID = 91  bytes = 27 data = CC:90:93:21:F3:84 m_fd = 0x5
04-09 14:59:16.142  2729  2742 E MB_HANDLER: Message Handler Thread waiting for messages....
04-09 14:59:16.144  2734  2756 I bt_osi_thread: run_thread: thread id 2756, thread name stack_manager started
04-09 14:59:16.144  2734  2756 I bt_stack_manager: event_init_stack is initializing the stack
04-09 14:59:16.150  2734  2756 E bt_osi_config: config_new unable to open file '/data/misc/bluedroid/bt_config.conf': No such file or directory
04-09 14:59:16.150  2734  2756 W bt_btif_config: init unable to load config file: /data/misc/bluedroid/bt_config.conf; using backup.
04-09 14:59:16.150  2734  2756 E bt_osi_config: config_new unable to open file '/data/misc/bluedroid/bt_config.bak': No such file or directory
04-09 14:59:16.150  2734  2756 W bt_btif_config: init unable to load backup; attempting to transcode legacy file.
04-09 14:59:16.152  2734  2756 E bt_btif_config_transcode: btif_config_transcode unable to load XML file '/data/misc/bluedroid/bt_config.xml': 3
04-09 14:59:16.152  2712  2720 E luciUART: UART:aa
04-09 14:59:16.152  2712  2720 E luciUART: UART:aa
04-09 14:59:16.152  2712  2720 E luciUART: UART:2
04-09 14:59:16.152  2712  2720 E luciUART: UART:0
04-09 14:59:16.153  2712  2720 E luciUART: UART:d0
04-09 14:59:16.153  2734  2756 E bt_btif_config: init unable to transcode legacy file; creating empty config.
04-09 14:59:16.153  2712  2720 E luciUART: UART:0
04-09 14:59:16.153  2712  2720 I chatty  : uid=0(root) UARTLUCIControl identical 2 lines
04-09 14:59:16.153  2712  2720 E luciUART: UART:0
04-09 14:59:16.153  2712  2720 E luciUART: UART:9
04-09 14:59:16.153  2712  2720 I luciUART: read() RemoteID = 43690 Command = 208 Type = 2 Status = 0 DataLen = 9
04-09 14:59:16.153  2712  2720 E luciUART: Error: full data not available yet! readBytes 0
04-09 14:59:16.153  2712  2720 I luciUART: Previous Packet read contd., 
04-09 14:59:16.153  2712  2720 E luciUART: UART:52
04-09 14:59:16.153  2712  2720 I luciUART: Previous Packet read contd., 
04-09 14:59:16.153  2712  2720 E luciUART: UART:45
04-09 14:59:16.153  2712  2720 I luciUART: Previous Packet read contd., 
04-09 14:59:16.153  2712  2720 E luciUART: UART:41
04-09 14:59:16.153  2712  2720 I luciUART: Previous Packet read contd., 
04-09 14:59:16.153  2712  2720 E luciUART: UART:44
04-09 14:59:16.153  2712  2720 I luciUART: Previous Packet read contd., 
04-09 14:59:16.153  2712  2720 E luciUART: UART:5f
04-09 14:59:16.153  2712  2720 I luciUART: Previous Packet read contd., 
04-09 14:59:16.153  2712  2720 E luciUART: UART:73
04-09 14:59:16.153  2712  2720 I luciUART: Previous Packet read contd., 
04-09 14:59:16.154  2712  2720 E luciUART: UART:73
04-09 14:59:16.154  2712  2720 I luciUART: Previous Packet read contd., 
04-09 14:59:16.154  2712  2720 E luciUART: UART:69
04-09 14:59:16.154  2712  2720 I luciUART: Previous Packet read contd., 
04-09 14:59:16.154  2712  2720 E luciUART: UART:64
04-09 14:59:16.154  2712  2721 E LUCI_SERVER: Luci Server Thread wait over MID 208....
04-09 14:59:16.154  2712  2720 E luciUART: UART:aa
04-09 14:59:16.154  2712  2721 E LUCI_SERVER: Got NV name : ssid
04-09 14:59:16.154  2734  2760 I bt_osi_thread: run_thread: thread id 2760, thread name alarm_default_ca started
04-09 14:59:16.154  2712  2720 E luciUART: UART:aa
04-09 14:59:16.155  2712  2720 E luciUART: UART:2
04-09 14:59:16.155  2712  2720 E luciUART: UART:0
04-09 14:59:16.155  2712  2720 E luciUART: UART:6
04-09 14:59:16.155  2712  2720 E luciUART: UART:0
04-09 14:59:16.164  2734  2756 I bt_stack_config: init attempt to load stack conf from /etc/bluetooth/bt_stack.conf
04-09 14:59:16.169  2729  2742 E MB_HANDLER: Message Handler Thread waiting for messages....
04-09 14:59:16.169  2712  2721 I luciUART: write() MID = 208  bytes = 67 data = fwdownload_xml:https://openotaengine.libreiotcloud.com/v1 m_fd = 0x5
04-09 14:59:16.169  2712  2721 E LUCI_SERVER: NV_READ response= fwdownload_xml:https://openotaengine.libreiotcloud.com/v1
04-09 14:59:16.174  2734  2734 I bt_btif : get_profile_interface: id = gatt
04-09 14:59:16.177  2734  2734 I bt_btif : get_profile_interface: id = a2dp
04-09 14:59:16.178  2734  2734 I bt_btif : get_profile_interface: id = a2dp_sink
04-09 14:59:16.186  2734  2768 I bt_osi_thread: run_thread: thread id 2768, thread name btif_a2dp_sink_w started
04-09 14:59:16.191  2734  2734 D a2dp_codec: init
04-09 14:59:16.193  2734  2734 D a2dp_codec: createCodec: codec SBC
04-09 14:59:16.195  2734  2734 D a2dp_codec: createCodec: codec AAC
04-09 14:59:16.196  2734  2734 D a2dp_codec: createCodec: codec aptX
04-09 14:59:16.196  2734  2734 E a2dp_vendor_aptx_encoder: A2DP_VendorLoadEncoderAptx: cannot open aptX encoder library libaptX_encoder.so: libaptX_encoder.so: cannot open shared object file: No such file or directory
04-09 14:59:16.197  2734  2734 E a2dp_vendor_aptx: init: cannot load the encoder
04-09 14:59:16.197  2734  2734 D a2dp_codec: createCodec: codec aptX-HD
04-09 14:59:16.197  2734  2734 E a2dp_vendor_aptx_hd_encoder: A2DP_VendorLoadEncoderAptxHd: cannot open aptX-HD encoder library libaptXHD_encoder.so: libaptXHD_encoder.so: cannot open shared object file: No such file or directory
04-09 14:59:16.197  2734  2734 E a2dp_vendor_aptx_hd: init: cannot load the encoder
04-09 14:59:16.198  2734  2734 D a2dp_codec: createCodec: codec LDAC
04-09 14:59:16.198  2734  2734 E a2dp_vendor_ldac_encoder: A2DP_VendorLoadEncoderLdac: cannot open LDAC encoder library libldacBT_enc.so: libldacBT_enc.so: cannot open shared object file: No such file or directory
04-09 14:59:16.198  2734  2734 D a2dp_codec: createCodec: codec AAC SINK
04-09 14:59:16.198  2734  2734 I a2dp_codec: init: initialized Source codec AAC
04-09 14:59:16.199  2734  2734 W bt_btif : ## ON A2DP IDLE ## peer_sep = 0
04-09 14:59:16.202  2733  2746 E CommandListener: Message not handled: unrecognized interface usb0
04-09 14:59:16.202  2733  2746 W FrameworkListener: Handler 'Iface' error (Success)
04-09 14:59:16.202  2733  2746 E CommandListener: Message not handled: unrecognized interface usb0
04-09 14:59:16.202  2733  2746 W FrameworkListener: Handler 'Iface' error (Success)
04-09 14:59:16.206  2734  2734 I bt_btif : get_profile_interface: id = avrcp
04-09 14:59:16.207  2734  2734 I bt_btif : get_profile_interface: id = avrcp_ctrl
04-09 14:59:16.208  2734  2734 I bt_btif : get_profile_interface: id = hidhost
04-09 14:59:16.219  2733  2746 E CommandListener: Message not handled: unrecognized interface usb0
04-09 14:59:16.219  2733  2746 W FrameworkListener: Handler 'Iface' error (Success)
04-09 14:59:16.219  2733  2746 E CommandListener: Message not handled: unrecognized interface usb0
04-09 14:59:16.219  2733  2746 W FrameworkListener: Handler 'Iface' error (Success)
04-09 14:59:16.219  2733  2746 E CommandListener: Message not handled: unrecognized interface usb0
04-09 14:59:16.219  2733  2746 W FrameworkListener: Handler 'Iface' error (Success)
04-09 14:59:16.222  2734  2734 I bluetoothtbd: [0409/022916.222616:INFO:daemon.cc(168)] Daemon initialized
04-09 14:59:16.223  2734  2734 I bt_btif : enable: start restricted = 0
04-09 14:59:16.223  2734  2756 I bt_stack_manager: event_start_up_stack is bringing up the stack
04-09 14:59:16.223  2734  2756 I bt_core_module: module_start_up Starting module "btif_config_module"
04-09 14:59:16.223  2734  2756 I bt_core_module: module_start_up Started module "btif_config_module"
04-09 14:59:16.223  2734  2756 I bt_core_module: module_start_up Starting module "btsnoop_module"
04-09 14:59:16.223  2734  2756 I bt_core_module: module_start_up Started module "btsnoop_module"
04-09 14:59:16.224  2734  2756 I bt_core_module: module_start_up Starting module "hci_module"
04-09 14:59:16.224  2734  2756 I bt_hci  : hci_module_start_up
04-09 14:59:16.224  2734  2780 I bt_osi_thread: run_thread: thread id 2780, thread name hci_thread started
04-09 14:59:16.226  2733  2746 E CommandListener: Message not handled: unrecognized interface usb0
04-09 14:59:16.226  2733  2746 W FrameworkListener: Handler 'Iface' error (Success)
04-09 14:59:16.227  2734  2780 I bluetoothtbd: [0409/022916.227721:INFO:hci_layer_linux.cc(172)] hci_initialize
04-09 14:59:16.227  2734  2780 I bluetoothtbd: [0409/022916.227865:INFO:hci_layer_linux.cc(184)] Using interface hci0
04-09 14:59:16.227  2734  2780 I bluetoothtbd: [0409/022916.227934:INFO:hci_layer_linux.cc(378)] rfkill
04-09 14:59:16.228  2734  2756 D bt_hci  : hci_module_start_up starting async portion
04-09 14:59:16.260  2736  2736 D dhcpcd  : no interfaces have a carrier
04-09 14:59:16.260  2736  2736 D dhcpcd  : wlan0: waiting for carrier
04-09 14:59:16.269  2788  2788 I dnsmasq : started, version 2.51 cachesize 150
04-09 14:59:16.269  2788  2788 I dnsmasq : compile time options: no-IPv6 GNU-getopt no-DBus no-I18N DHCP no-scripts no-TFTP
04-09 14:59:16.269  2788  2788 I dnsmasq : DHCP, IP range 192.168.10.3 -- 192.168.10.10, lease time 12h
04-09 14:59:16.270  2788  2788 I dnsmasq : reading /etc/resolv.conf
04-09 14:59:16.270  2788  2788 I dnsmasq : using nameserver 8.8.8.8#53
04-09 14:59:16.270  2788  2788 I dnsmasq : read /etc/hosts - 1 addresses
04-09 14:59:16.642  2734  2780 I bluetoothtbd: [0409/022916.642104:INFO:hci_layer_linux.cc(295)] wait_hcidev
04-09 14:59:16.642  2734  2780 I bluetoothtbd: [0409/022916.642362:INFO:hci_layer_linux.cc(332)] Do poll() with timeout of 3000ms
04-09 14:59:16.643  2734  2780 I bluetoothtbd: [0409/022916.643911:INFO:hci_layer_linux.cc(228)] HCI device ready
04-09 14:59:16.644  2734  2780 I bt_hci  : event_finish_startup
04-09 14:59:16.644  2734  2756 I bt_core_module: module_start_up Started module "hci_module"
04-09 14:59:16.646  2734  2812 I bt_osi_thread: run_thread: thread id 2812, thread name bt_workqueue started
04-09 14:59:16.647  2734  2812 I bluetoothtbd: [0409/022916.646998:INFO:btu_task.cc(107)] Bluetooth chip preload is complete
04-09 14:59:16.649  2733  2746 E CommandListener: Message not handled: unrecognized interface usb0
04-09 14:59:16.649  2733  2746 W FrameworkListener: Handler 'Iface' error (Success)
04-09 14:59:16.653  2734  2812 I         : No vendor HCI socket available. Won't create SocketWriter.
04-09 14:59:16.662  2734  2812 I bluetoothtbd: [0409/022916.662019:INFO:gatt_api.cc(1005)] GATT_Register
04-09 14:59:16.663  2734  2812 I bluetoothtbd: [0409/022916.663731:INFO:gatt_api.cc(1028)] allocated gatt_if=1
04-09 14:59:16.665  2734  2812 I bluetoothtbd: [0409/022916.665276:INFO:gatt_api.cc(207)] GATTS_AddService
04-09 14:59:16.666  2734  2812 I bluetoothtbd: [0409/022916.666317:INFO:gatt_api.cc(317)] GATTS_AddService: service parsed correctly, now starting
04-09 14:59:16.667  2734  2812 E bluetoothtbd: [0409/022916.667187:ERROR:gatt_attr.cc(302)] gatt_profile_db_init:  gatt_if=1
04-09 14:59:16.674  2734  2812 I bluetoothtbd: [0409/022916.674221:INFO:gatt_api.cc(1005)] GATT_Register
04-09 14:59:16.674  2734  2812 I bluetoothtbd: [0409/022916.674372:INFO:gatt_api.cc(1028)] allocated gatt_if=2
04-09 14:59:16.706  2734  2814 I bt_osi_thread: run_thread: thread id 2814, thread name module_wrapper started
04-09 14:59:16.706  2734  2814 I bt_core_module: module_start_up Starting module "controller_module"
04-09 14:59:16.744  2711  2723 I yani_server: ifindexeth0 0 ifindexwlan0 5 ifindexp2p0 6 ifindexwlan1 0
04-09 14:59:16.745  2711  2723 I yani_server: NetLink Event '-1' Interface-Index '5' WLAN '0' Ethernet '-1' Parsed-iFill '-1' -> 'INVALID' ifIndex '1' -> 'lo'
04-09 14:59:16.745  2711  2723 I yani_kernel: yani_geteventfrom_changeaddr() Message-Id '1' Netlink event '16' Interface Index '5' -> Name 'wlan0' 
04-09 14:59:16.746  2711  2723 I yani_kernel: yani_geteventfrom_changeaddr() Message-Id '1' Netlink event '16' Interface Index '9' -> Name 'usb0' 
04-09 14:59:16.747  2711  2723 I yani_kernel: yani_geteventfrom_changeaddr() Message-Id '1' Netlink event '16' Interface Index '9' -> Name 'usb0' 
04-09 14:59:16.748  2711  2723 I yani_kernel: yani_geteventfrom_changeaddr() Message-Id '1' Netlink event '20' Interface Index '9' -> Name 'usb0' 
04-09 14:59:16.749  2711  2723 I yani_kernel: yani_geteventfrom_changeaddr() Message-Id '1' Netlink event '16' Interface Index '9' -> Name 'usb0' 
04-09 14:59:16.750  2711  2723 I yani_kernel: yani_geteventfrom_changeaddr() Message-Id '1' Netlink event '21' Interface Index '9' -> Name 'usb0' 
04-09 14:59:16.751  2711  2723 I yani_kernel: yani_geteventfrom_changeaddr() Message-Id '1' Netlink event '20' Interface Index '9' -> Name 'usb0' 
04-09 14:59:16.752  2711  2723 I yani_kernel: yani_geteventfrom_changeaddr() Message-Id '1' Netlink event '16' Interface Index '9' -> Name 'usb0' 
04-09 14:59:16.882  2734  2814 I bt_core_module: module_start_up Started module "controller_module"
04-09 14:59:16.882  2734  2814 W bt_osi_thread: run_thread: thread id 2814, thread name module_wrapper exited
04-09 14:59:16.886  2734  2812 W bt_btm  : btm_decode_ext_features_page: feature page 1 ignored
04-09 14:59:16.886  2734  2812 W bt_btm  : btm_decode_ext_features_page: feature page 2 ignored
04-09 14:59:16.887  2734  2813 I bt_btm_sec: BTM_SecRegister p_cb_info->p_le_callback == 0x0xf6ebcb99
04-09 14:59:16.888  2734  2813 I bt_btm_sec: BTM_SecRegister btm_cb.api.p_le_callback = 0x0xf6ebcb99 
04-09 14:59:16.890  2734  2813 I bluetoothtbd: [0409/022916.890107:INFO:ble_advertiser_hci_interface.cc(736)] Legacy advertising will be in use
04-09 14:59:16.892  2734  2813 I bluetoothtbd: [0409/022916.892492:INFO:gatt_api.cc(1005)] GATT_Register
04-09 14:59:16.892  2734  2813 I bluetoothtbd: [0409/022916.892675:INFO:gatt_api.cc(1028)] allocated gatt_if=3
04-09 14:59:16.912  2734  2763 E bt_btif_storage: btif_storage_get_adapter_property: Controller ready!
04-09 14:59:16.912  2734  2763 I bt_btif_storage: btif_storage_get_adapter_property service_mask:0x40000
04-09 14:59:16.913  2734  2763 I bluetoothtbd: [0409/022916.913690:INFO:adapter.cc(551)] Adapter properties changed
04-09 14:59:16.913  2734  2763 I bluetoothtbd: [0409/022916.913870:INFO:adapter.cc(564)] Adapter address changed: CC:90:93:21:F3:85
04-09 14:59:16.913  2734  2813 I bt_bta_av: AVRCP version used for sdp: "avrcp14"
04-09 14:59:16.913  2734  2763 I bluetoothtbd: [0409/022916.913913:INFO:adapter.cc(573)] Adapter name changed
04-09 14:59:16.918  2734  2763 I bt_btif_core: btif_enable_bluetooth_evt entered: status 0
04-09 14:59:16.918  2734  2763 W bt_btif : btif_enable_bluetooth_evt: Saving the Adapter Address
04-09 14:59:16.918  2734  2763 I bluetoothtbd: [0409/022916.918517:INFO:adapter.cc(551)] Adapter properties changed
04-09 14:59:16.918  2734  2763 I bluetoothtbd: [0409/022916.918608:INFO:adapter.cc(564)] Adapter address changed: CC:90:93:21:F3:85
04-09 14:59:16.918  2734  2763 D bt_hci  : do_postload posting postload work item
04-09 14:59:16.922  2734  2855 I bt_osi_thread: run_thread: thread id 2855, thread name btif_sock started
04-09 14:59:16.926  2734  2763 D bt_bte_conf: Device ID record 1 : primary
04-09 14:59:16.926  2734  2763 D bt_bte_conf:   vendorId            = 000f
04-09 14:59:16.926  2734  2763 D bt_bte_conf:   vendorIdSource      = 0001
04-09 14:59:16.926  2734  2763 D bt_bte_conf:   product             = 1200
04-09 14:59:16.926  2734  2763 D bt_bte_conf:   version             = 1436
04-09 14:59:16.926  2734  2763 D bt_bte_conf:   clientExecutableURL = 
04-09 14:59:16.926  2734  2763 D bt_bte_conf:   serviceDescription  = 
04-09 14:59:16.926  2734  2763 D bt_bte_conf:   documentationURL    = 
04-09 14:59:16.926  2734  2763 D bt_bte_conf: bte_load_did_conf no section named DID2.
04-09 14:59:16.926  2734  2756 I bt_stack_manager: event_start_up_stack finished
04-09 14:59:16.927  2734  2763 I bt_btif_core: btif_enable_bluetooth_evt finished
04-09 14:59:16.928  2734  2763 I bluetoothtbd: [0409/022916.928272:INFO:adapter.cc(529)] Adapter state changed: BT_STATE_ON
04-09 14:59:17.105  2730  2730 I ServiceManager: Waiting for service media.player...
04-09 14:59:17.226  2733  2746 E CommandListener: Message not handled: unrecognized interface usb0
04-09 14:59:17.226  2733  2746 W FrameworkListener: Handler 'Iface' error (Success)
04-09 14:59:17.226  2711  2723 I yani_kernel: yani_geteventfrom_changeaddr() Message-Id '1' Netlink event '16' Interface Index '9' -> Name 'usb0' 
04-09 14:59:18.105  2730  2730 I ServiceManager: Waiting for service media.player...
04-09 14:59:18.113  2733  2745 E WifiUtil: command: "SCAN" failed: FAIL-BUSY
04-09 14:59:18.433  2711  2723 I yani_kernel: yani_geteventfrom_changeaddr() Message-Id '1' Netlink event '16' Interface Index '5' -> Name 'wlan0' 
04-09 14:59:18.439  2711  2723 I yani_server: NetLink Event '-1' Interface-Index '5' WLAN '-1' Ethernet '-1' Parsed-iFill '-1' -> 'INVALID' ifIndex '1' -> 'lo'
04-09 14:59:18.439  2711  2723 I yani_server: NetLink Event '-1' Interface-Index '5' WLAN '0' Ethernet '-1' Parsed-iFill '-1' -> 'INVALID' ifIndex '1' -> 'lo'
04-09 14:59:18.464  2711  2723 I chatty  : uid=0(root) YaniServer identical 28 lines
04-09 14:59:18.464  2711  2723 I yani_server: NetLink Event '-1' Interface-Index '5' WLAN '0' Ethernet '-1' Parsed-iFill '-1' -> 'INVALID' ifIndex '1' -> 'lo'
04-09 14:59:18.465  2711  2723 I yani_kernel: yani_geteventfrom_changeaddr() Message-Id '1' Netlink event '16' Interface Index '5' -> Name 'wlan0' 
04-09 14:59:18.666  2733  2746 E CommandListener: Message not handled: unrecognized interface usb0
04-09 14:59:18.666  2733  2746 W FrameworkListener: Handler 'Iface' error (Success)
04-09 14:59:19.000  2788  2788 I dnsmasq : DHCPDISCOVER(usb0) 6a:14:28:d8:e2:7e 
04-09 14:59:19.000  2788  2788 I dnsmasq : DHCPOFFER(usb0) 192.168.10.9 6a:14:28:d8:e2:7e 
04-09 14:59:19.000  2788  2788 I dnsmasq : DHCPDISCOVER(usb0) 6a:14:28:d8:e2:7e 
04-09 14:59:19.000  2788  2788 I dnsmasq : DHCPOFFER(usb0) 192.168.10.9 6a:14:28:d8:e2:7e 
04-09 14:59:19.003  2788  2788 I dnsmasq : DHCPREQUEST(usb0) 192.168.10.9 6a:14:28:d8:e2:7e 
04-09 14:59:19.003  2788  2788 I dnsmasq : DHCPACK(usb0) 192.168.10.9 6a:14:28:d8:e2:7e 
04-09 14:59:19.006  2788  2788 I dnsmasq : DHCPREQUEST(usb0) 192.168.10.9 6a:14:28:d8:e2:7e 
04-09 14:59:19.006  2788  2788 I dnsmasq : DHCPACK(usb0) 192.168.10.9 6a:14:28:d8:e2:7e 
04-09 14:59:19.012  2713  2713 I SourceSwitch: SourceSwitch() Host 1 initialized...
04-09 14:59:19.106  2730  2730 I ServiceManager: Waiting for service media.player...
04-09 14:59:19.940  2734  2763 E bt_osi_config: config_save unable to open dir '/data/misc/bluedroid': No such file or directory
04-09 14:59:20.106  2730  2730 I ServiceManager: Waiting for service media.player...
04-09 14:59:20.116  2711  2723 I yani_server: NetLink Event '-1' Interface-Index '5' WLAN '-1' Ethernet '-1' Parsed-iFill '-1' -> 'INVALID' ifIndex '1' -> 'lo'
04-09 14:59:21.057  2691  2691 I sh      : btaudioplayer: not found
04-09 14:59:21.109  2691  2691 I sh      : *** play mode control constructor end 
04-09 14:59:21.110  2730  2730 E BrowseModeControl: Read env failed
04-09 14:59:21.110  2730  2730 I UIModeManager: RegisterModeControl Mode - BrowseMode ModeControl - 0xad03f830
04-09 14:59:21.110  2730  2730 E DefaultBrowser: m_ItemsCount = 7 
04-09 14:59:21.110  2730  2730 E SDCardBrowser: SDCARD Browser constructor mounting vfat first
04-09 14:59:21.112  2730  2730 E SDCardBrowser: 3 GOTOP  Sytem return value = -1
04-09 14:59:21.112  2730  2730 E SDCardBrowser: mounting vfat failed, try ntfs, return value = -1
04-09 14:59:21.114  2730  2730 I ServiceManager: Waiting for service media.player...
04-09 14:59:21.133  2691  2691 I sh      : /dev/block/sd*: No such file or directory
04-09 14:59:22.115  2730  2730 I ServiceManager: Waiting for service media.player...
04-09 14:59:22.115  2958  2958 I wac-main: main() defaultServiceManager 0xac071fa8 
04-09 14:59:22.121  2958  2958 I wac-main: Getinstance
04-09 14:59:22.123  2958  2958 I wac-main: WAC LUCI listener created
04-09 14:59:22.127  2958  2968 I wac-main: init_netlink_skt() Success Netlink socket fd 9
04-09 14:59:22.127  2958  2968 E wac-main: Enter poll and wait
04-09 14:59:22.129  2958  2958 E wac-main: send wac api : a5a0
04-09 14:59:22.129  2958  2958 I wac-main: OnStartup() WAC Triggered 'Success' after 1 attempt(s)
04-09 14:59:22.130  2958  2968 E wac-main: API event
04-09 14:59:22.130  2958  2968 E wac-main: msg : a5a0
04-09 14:59:22.130  2958  2968 E wac-main: msg : a5a0
04-09 14:59:22.135  2958  2968 E wac-main: Enter poll and wait
04-09 14:59:22.135  2958  2970 E wac-main: enter WACStartStopThread
04-09 14:59:22.142  2733  2745 I NetworkMonitor: Number of APs is 38
04-09 14:59:22.142  2733  2745 I NetworkMonitor: Number of APs with same essid 0
04-09 14:59:22.151  2958  2970 E wac-main: WACStartStopThread() event -> 'wacstart' is WACServer? UP -> 'No' 
04-09 14:59:22.166  2712  2712 I lucitransport: readRemoteMessage() MID char = 90 buffer = Lyric Speaker Box 21f384
04-09 14:59:22.173  2958  2970 E WACSERVER: ************************************************
04-09 14:59:22.173  2958  2970 E WACSERVER: PLATFORM ATTRIBUTES:
04-09 14:59:22.173  2958  2970 E WACSERVER:     NAME.........: Lyric Speaker Box 21f384
04-09 14:59:22.173  2958  2970 E WACSERVER:     MODEL........: LSB
04-09 14:59:22.173  2958  2970 E WACSERVER:     MANUFACTURER.: COTODAMA
04-09 14:59:22.173  2958  2970 E WACSERVER:     FW REV.......: p0000
04-09 14:59:22.173  2958  2970 E WACSERVER:     HW REV.......: LS10 VP1.0
04-09 14:59:22.173  2958  2970 E WACSERVER:     SERIAL NUMBER: cc909321f384
04-09 14:59:22.173  2958  2970 E WACSERVER:     UNCONFIGURED.: YES
04-09 14:59:22.173  2958  2970 E WACSERVER: PLATFORM FEATURES:
04-09 14:59:22.173  2958  2970 E WACSERVER:     AIRPLAY.....: YES
04-09 14:59:22.177  2958  2970 E WACSERVER:     MAC ADDRESS: CC:90:93:21:F3:84
04-09 14:59:22.177  2958  2970 E WACSERVER: ************************************************
04-09 14:59:22.177  2958  2970 E wac-main: exit WACStartStopThread
04-09 14:59:22.177  2691  2691 I sh      : mkdir failed for misc, File exists
04-09 14:59:22.178  2958  2973 E wac-main: WACCallback() message 0 -> 'Initializing'
04-09 14:59:22.195  2959  2959 E librecast: Starting Libre Cast process...
04-09 14:59:22.196  2959  2959 E librecast: librecast:189
04-09 14:59:22.199  2959  2959 E librecast: librecast:195
04-09 14:59:22.203  2959  2959 E librecast: librecast:217:GoogleCast NV set to 'true' so starting cast_installer service
04-09 14:59:22.210  2712  2712 I lucitransport: writeRemoteMessage() MID = 143 buffer = 0
04-09 14:59:22.211  2712  2712 I luciUART: write() MID = 143  bytes = 11 data = 0 m_fd = 0x5
04-09 14:59:22.212  2712  2712 I lucitransport: writeLocalMessage() MID = 143 buffer = 0
04-09 14:59:22.212  2712  2721 E LUCI_SERVER: Luci Server Thread wait over MID 143....
04-09 14:59:22.212  2712  2721 E LUCI_SERVER: Luci Server Thread waiting for packets....
04-09 14:59:22.214  2958  2973 D WACSERVER: Advertising WAC SSID Lyric Speaker Box 21f384
04-09 14:59:22.215  2691  2691 I sh      : ***** START WEBSERVER ******
04-09 14:59:22.216  2958  2968 D wac-main: Netlink event
