04-09 11:31:59.308  3086  3086 I cast_shell: [3089:3089:INFO:robot_account_auth_manager.cc(776)] Current error: TOKEN_NOT_FETCHED, new error: NOT_LINKED
04-09 11:31:59.309  3086  3086 I cast_shell: [3089:3089:INFO:user_auth_impl.cc(207)] Notified all the observers of new auth tokens.
04-09 11:31:59.403  2970  2993 I otamanager: OTA:curl response code : 0	
04-09 11:31:59.403  2970  2993 I otamanager: http status code : 200
04-09 11:31:59.403  2970  2993 I otamanager: OTA: contentLen :187.000000
04-09 11:31:59.412  2970  2993 I otamanager: OTA: bytesDownloaded = 187 m_iHttpStatusCode = 200 
04-09 11:31:59.413  2692  2692 I sh      : }{
04-09 11:31:59.413  2692  2692 I sh      : 	"castVersion" : null,
04-09 11:31:59.413  2970  2993 E otamanager: OTA:error string =  No update available
04-09 11:31:59.413  2692  2692 I sh      : 	"crc" : null,
04-09 11:31:59.413  2692  2692 I sh      : 	"errorCode" : 1001,
04-09 11:31:59.413  2692  2692 I sh      : 	"errorString" : "No update available",
04-09 11:31:59.413  2692  2692 I sh      : 	"forceUpgrade" : true,
04-09 11:31:59.413  2692  2692 I sh      : 	"mcuOnlyUpdate" : false,
04-09 11:31:59.413  2713  2713 I lucitransport: writeRemoteMessage() MID = 223 buffer = NO_UPDATE
04-09 11:31:59.413  2713  2713 I luciUART: write() MID = 223  bytes = 19 data = NO_UPDATE m_fd = 0x5
04-09 11:31:59.413  2970  2993 I otamanager: Firmware Update State Change from CheckUpdate to Idle
04-09 11:31:59.414  3086  3086 I cast_shell: [system_updater_dummy.cpp(132)] CheckUpdate 132 no new version
04-09 11:31:59.414  3086  3086 I cast_shell: [3089:3095:INFO:update_engine_client_with_system_updater.cc(226)] No system force update, error_code=0
04-09 11:31:59.414  3086  3086 I cast_shell: [3089:3129:INFO:setup_state.cc(261)] Setup state changed: SETUP_STATE_CONNECTED_WIFI_NOT_SAVED (61) -> SETUP_STATE_CONNECTED (60)
04-09 11:31:59.415  3086  3086 I cast_shell: [3089:3129:INFO:setup_manager_impl.cc(1019)] Setup discoverability is disabled
04-09 11:31:59.415  3086  3086 I cast_shell: [3089:3129:INFO:ble_setup_manager.cc(758)] Clearing setup read attributes
04-09 11:31:59.415  3086  3086 I cast_shell: [3089:3129:INFO:gatt_client_manager_impl.cc(202)] Enabling GATT client connectability
04-09 11:31:59.415  3086  3086 I cast_shell: [3089:3129:INFO:ble_setup_manager.cc(620)] Stopped Bluetooth service
04-09 11:31:59.415  3086  3086 I cast_shell: [3089:3129:INFO:ble_setup.cc(423)] BLE setup stopped.
04-09 11:31:51.616  2733  2742 I NetworkMonitor: turn off power-save
04-09 11:31:59.415  2733  2742 I HotspotManager: hotspot stop
04-09 11:31:59.415  2733  2742 I HotspotManager: stop dnsmasq
04-09 11:31:59.416  3173  3173 I dnsmasq : exiting on receipt of SIGTERM
04-09 11:31:59.429  2964  3164 I LibreCastControlDelegate: OnCastStatus() +++ Bedroom speaker 2:0xac01b198:READY_TO_CAST
04-09 11:31:59.429  3086  3086 I cast_shell: [3089:3129:INFO:gatt_client_manager_impl.cc(202)] Enabling GATT client connectability
04-09 11:31:59.429  3086  3086 I chatty  : uid=1000(chrome) /bin/logwrapper identical 1 line
04-09 11:31:59.429  3086  3086 I cast_shell: [3089:3129:INFO:gatt_client_manager_impl.cc(202)] Enabling GATT client connectability
04-09 11:31:59.429  3086  3086 I cast_shell: [3089:3129:INFO:ble_setup_manager.cc(744)] Started Bluetooth service
04-09 11:31:59.430  2964  3164 I LibreCastControlDelegate: Cast Device Name -> 'Bedroom speaker 2'
04-09 11:31:59.430  2964  3164 I librecast: OldFriendlyName '' & New name change By Cast 'Bedroom speaker 2' isfirstbootup 56 m_updatedonebyluci 95
04-09 11:31:59.430  2964  3164 I librecast:  Difference in FriendlyName notify all  
04-09 11:31:59.430  2964  3164 I LibreCastControl: LibreCastControl_SetCastName()  name 'Bedroom speaker 2' RequestId '6' pCastControl 0xf4d00728
04-09 11:31:59.430  2713  2713 I lucitransport: writeRemoteMessage() MID = 90 buffer = Bedroom speaker 2
04-09 11:31:59.430  2713  2713 I luciUART: write() MID = 90  bytes = 27 data = Bedroom speaker 2 m_fd = 0x5
04-09 11:31:59.431  2713  2713 I lucitransport: writeLocalMessage() MID = 90 buffer = Bedroom speaker 2
04-09 11:31:59.431  2713  2722 E LUCI_SERVER: Luci Server Thread wait over MID 90....
04-09 11:31:59.433  2964  3164 I LibreCastControlDelegate: Device Build Number -> '1.52.272222'
04-09 11:31:59.433  2964  3164 I librecast: updateCastBuildVersion() Version 1.52.272222
04-09 11:31:59.434  2713  2713 I lucitransport: readRemoteMessage() MID char = 7 buffer = 1.52.272222
04-09 11:31:59.436  2964  3164 I LibreCastControlDelegate: OnResponse() ReqeustID 6, error  0
04-09 11:31:59.438  2735  2764 I bluetoothtbd: [0408/230159.437981:INFO:adapter.cc(551)] Adapter properties changed
04-09 11:31:59.438  2735  2764 I bluetoothtbd: [0408/230159.438170:INFO:adapter.cc(573)] Adapter name changed
04-09 11:31:59.438  3086  3086 I cast_shell: [3089:3129:INFO:bluetooth_manager.cc(1232)] [PII] Set device name to 'Bedroom speaker 2'
04-09 11:31:59.443  3086  3086 I cast_shell: [3089:3089:INFO:device_info_impl.cc(1133)] SSDP Config ID is increased: id=6
04-09 11:31:59.446  3086  3086 I cast_shell: [3089:3139:INFO:mdns_util.cc(102)] Defaulting mDNS capabilities for audio-only build
04-09 11:31:59.446  2964  3164 I LibreCastControlDelegate: OnCastStatus() +++ Bedroom speaker 2:0xac01b198:READY_TO_CAST
04-09 11:31:59.447  3086  3086 I cast_shell: [3089:3089:INFO:ccs_manager_impl.cc(1842)] Postponing device name update while registering
04-09 11:31:59.447  2964  3164 I LibreCastControlDelegate: Cast Device Name -> 'Bedroom speaker 2'
04-09 11:31:59.447  2964  3164 I librecast: OldFriendlyName '' & New name change By Cast 'Bedroom speaker 2' isfirstbootup 56 m_updatedonebyluci 95
04-09 11:31:59.447  2964  3164 I librecast:  Difference in FriendlyName notify all  
04-09 11:31:59.447  2964  3164 I LibreCastControl: LibreCastControl_SetCastName()  name 'Bedroom speaker 2' RequestId '7' pCastControl 0xf4d00728
04-09 11:31:59.448  2713  2720 I lucitransport: writeRemoteMessage() MID = 90 buffer = Bedroom speaker 2
04-09 11:31:59.448  3086  3086 I cast_shell: [3089:3089:INFO:mdns_manager_impl.cc(429)] Successfully updated service: type=_googlecast
04-09 11:31:59.448  2713  2720 I luciUART: write() MID = 90  bytes = 27 data = Bedroom speaker 2 m_fd = 0x5
04-09 11:31:59.448  3086  3086 I cast_shell: [3089:3089:INFO:virtual_device.cc(296)] Updated mDNS service for virtual device: id=f55c8e33-a8f2-09c4-b9bf-812c64f21fb3
04-09 11:31:59.448  2713  2720 I lucitransport: writeLocalMessage() MID = 90 buffer = Bedroom speaker 2
04-09 11:31:59.448  2964  3164 I LibreCastControlDelegate: Device Build Number -> '1.52.272222'
04-09 11:31:59.448  2964  3164 I librecast: updateCastBuildVersion() Version 1.52.272222
04-09 11:31:59.449  2713  2720 I lucitransport: readRemoteMessage() MID char = 7 buffer = 1.52.272222
04-09 11:31:59.449  2964  3164 I LibreCastControlDelegate: Active Applications -> 0
04-09 11:31:59.449  2964  3164 I LibreCastControlDelegate: Current Cast State '6' -> 'READY_TO_CAST'
04-09 11:31:59.449  2964  3164 I LibreCastControlDelegate: OnCastStatus() ---
04-09 11:31:59.452  2964  3164 I LibreCastControlDelegate: OnResponse() ReqeustID 7, error  0
04-09 11:31:59.453  2735  2764 I bluetoothtbd: [0408/230159.453745:INFO:adapter.cc(551)] Adapter properties changed
04-09 11:31:59.453  2735  2764 I bluetoothtbd: [0408/230159.453910:INFO:adapter.cc(573)] Adapter name changed
04-09 11:31:59.454  3086  3086 I cast_shell: [3089:3129:INFO:bluetooth_manager.cc(1232)] [PII] Set device name to 'Bedroom speaker 2'
04-09 11:31:59.459  3086  3086 I cast_shell: [3089:3089:INFO:device_info_impl.cc(1133)] SSDP Config ID is increased: id=7
04-09 11:31:59.465  2964  3164 I LibreCastControlDelegate: OnCastStatus() +++ Bedroom speaker 2:0xac01b198:READY_TO_CAST
04-09 11:31:59.466  2964  3164 I LibreCastControlDelegate: Cast Device Name -> 'Bedroom speaker 2'
04-09 11:31:59.466  2964  3164 I librecast: OldFriendlyName '' & New name change By Cast 'Bedroom speaker 2' isfirstbootup 56 m_updatedonebyluci 95
04-09 11:31:59.466  2964  3164 I librecast:  Difference in FriendlyName notify all  
04-09 11:31:59.466  2964  3164 I LibreCastControl: LibreCastControl_SetCastName()  name 'Bedroom speaker 2' RequestId '8' pCastControl 0xf4d00728
04-09 11:31:59.466  2713  2720 I lucitransport: writeRemoteMessage() MID = 90 buffer = Bedroom speaker 2
04-09 11:31:59.466  2713  2720 I luciUART: write() MID = 90  bytes = 27 data = Bedroom speaker 2 m_fd = 0x5
04-09 11:31:59.467  2964  3009 I librecast: MessageBoxAlert() Msg = 90 remoteID = 16 
04-09 11:31:59.467  3086  3086 I cast_shell: [3089:3089:INFO:ccs_manager_impl.cc(1842)] Postponing device name update while registering
04-09 11:31:59.467  3086  3086 I cast_shell: [3089:3139:INFO:mdns_util.cc(102)] Defaulting mDNS capabilities for audio-only build
04-09 11:31:59.467  2713  2720 I lucitransport: writeLocalMessage() MID = 90 buffer = Bedroom speaker 2
04-09 11:31:59.468  2964  3164 I LibreCastControlDelegate: Device Build Number -> '1.52.272222'
04-09 11:31:59.468  2964  3164 I librecast: updateCastBuildVersion() Version 1.52.272222
04-09 11:31:59.468  2713  2720 I lucitransport: readRemoteMessage() MID char = 7 buffer = 1.52.272222
04-09 11:31:59.468  2964  3164 I LibreCastControlDelegate: Active Applications -> 0
04-09 11:31:59.468  2964  3164 I LibreCastControlDelegate: Current Cast State '6' -> 'READY_TO_CAST'
04-09 11:31:59.468  2964  3164 I LibreCastControlDelegate: OnCastStatus() ---
04-09 11:31:59.469  3086  3086 I cast_shell: [3089:3089:INFO:mdns_manager_impl.cc(429)] Successfully updated service: type=_googlecast
04-09 11:31:59.469  3086  3086 I cast_shell: [3089:3089:INFO:virtual_device.cc(296)] Updated mDNS service for virtual device: id=f55c8e33-a8f2-09c4-b9bf-812c64f21fb3
04-09 11:31:59.470  2735  2764 I bluetoothtbd: [0408/230159.470403:INFO:adapter.cc(551)] Adapter properties changed
04-09 11:31:59.470  2735  2764 I bluetoothtbd: [0408/230159.470542:INFO:adapter.cc(573)] Adapter name changed
04-09 11:31:59.470  2713  2722 I lucitransport: readRemoteMessage() MID char = 90 buffer = Bedroom speaker 2
04-09 11:31:59.471  2964  3009 I LibreCastControl: LibreCastControl_SetCastName()  name 'Bedroom speaker 2' RequestId '9' pCastControl 0xf4d00728
04-09 11:31:59.471  2964  3009 E librecast: MessageBoxAlert() friendlyname Bedroom speaker 2
04-09 11:31:59.471  2964  3009 I LibreCastControl: MessageBoxAlert() messageBoxID 90
04-09 11:31:59.471  3086  3086 I cast_shell: [3089:3129:INFO:bluetooth_manager.cc(1232)] [PII] Set device name to 'Bedroom speaker 2'
04-09 11:31:59.472  2964  3164 I LibreCastControlDelegate: OnResponse() ReqeustID 8, error  0
04-09 11:31:59.482  2964  3164 I LibreCastControlDelegate: OnCastStatus() +++ Bedroom speaker 2:0xac01b198:READY_TO_CAST
04-09 11:31:59.482  2735  2764 I bluetoothtbd: [0408/230159.482478:INFO:adapter.cc(551)] Adapter properties changed
04-09 11:31:59.482  2735  2764 I bluetoothtbd: [0408/230159.482601:INFO:adapter.cc(573)] Adapter name changed
04-09 11:31:59.483  3086  3086 I cast_shell: [3089:3129:INFO:bluetooth_manager.cc(1232)] [PII] Set device name to 'Bedroom speaker 2'
04-09 11:31:59.483  2964  3164 I LibreCastControlDelegate: Cast Device Name -> 'Bedroom speaker 2'
04-09 11:31:59.483  2964  3164 I librecast: OldFriendlyName 'Bedroom speaker 2' & New name change By Cast 'Bedroom speaker 2' isfirstbootup 56 m_updatedonebyluci 0
04-09 11:31:59.483  2964  3164 I LibreCastControlDelegate: Device Build Number -> '1.52.272222'
04-09 11:31:59.483  2964  3164 I librecast: updateCastBuildVersion() Version 1.52.272222
04-09 11:31:59.483  2713  2720 I lucitransport: readRemoteMessage() MID char = 7 buffer = 1.52.272222
04-09 11:31:59.484  2964  3164 I LibreCastControlDelegate: Active Applications -> 0
04-09 11:31:59.484  2964  3164 I LibreCastControlDelegate: Current Cast State '6' -> 'READY_TO_CAST'
04-09 11:31:59.484  2964  3164 I LibreCastControlDelegate: OnCastStatus() ---
04-09 11:31:59.487  3086  3086 I cast_shell: [3089:3089:INFO:device_info_impl.cc(1133)] SSDP Config ID is increased: id=9
04-09 11:31:59.488  2964  3164 I LibreCastControlDelegate: OnCastStatus() +++ Bedroom speaker 2:0xac01b198:READY_TO_CAST
04-09 11:31:59.491  3086  3086 I cast_shell: [3089:3089:INFO:mdns_manager_impl.cc(429)] Successfully updated service: type=_googlecast
04-09 11:31:59.491  3086  3086 I cast_shell: [3089:3089:INFO:virtual_device.cc(296)] Updated mDNS service for virtual device: id=f55c8e33-a8f2-09c4-b9bf-812c64f21fb3
04-09 11:31:59.491  3086  3086 I cast_shell: [3089:3139:INFO:mdns_util.cc(102)] Defaulting mDNS capabilities for audio-only build
04-09 11:31:59.491  3086  3086 I cast_shell: [3089:3089:INFO:ccs_manager_impl.cc(1842)] Postponing device name update while registering
04-09 11:31:59.491  3086  3086 I cast_shell: [3089:3089:INFO:mdns_manager_impl.cc(429)] Successfully updated service: type=_googlecast
04-09 11:31:59.491  3086  3086 I cast_shell: [3089:3089:INFO:virtual_device.cc(296)] Updated mDNS service for virtual device: id=f55c8e33-a8f2-09c4-b9bf-812c64f21fb3
04-09 11:31:59.493  2964  3164 I LibreCastControlDelegate: Cast Device Name -> 'Bedroom speaker 2'
04-09 11:31:59.493  2964  3164 I librecast: OldFriendlyName 'Bedroom speaker 2' & New name change By Cast 'Bedroom speaker 2' isfirstbootup 56 m_updatedonebyluci 0
04-09 11:31:59.493  2964  3164 I LibreCastControlDelegate: Device Build Number -> '1.52.272222'
04-09 11:31:59.511  2964  3009 I librecast: MessageBoxAlert() Msg = 90 remoteID = 16 
04-09 11:31:59.511  2713  2722 I lucitransport: readRemoteMessage() MID char = 90 buffer = Bedroom speaker 2
04-09 11:31:59.511  2964  3009 I LibreCastControl: LibreCastControl_SetCastName()  name 'Bedroom speaker 2' RequestId '10' pCastControl 0xf4d00728
04-09 11:31:59.511  2964  3009 E librecast: MessageBoxAlert() friendlyname Bedroom speaker 2
04-09 11:31:59.511  2964  3009 I LibreCastControl: MessageBoxAlert() messageBoxID 90
04-09 11:31:59.512  2692  2692 I sh      : MessageBoxAlert() MID 90 
04-09 11:31:59.512  2692  2692 I sh      : MessageBoxChanged() MID '90'
04-09 11:31:59.513  2966  3001 I airplayluci: MessageBoxAlert: MID 90
04-09 11:31:59.516  2963  2973 D wac-main: Netlink event
04-09 11:31:59.516  2963  2973 E wac-main: Netlink event 21 Interface Index 6 
04-09 11:31:59.516  2963  2973 E wac-main: Enter poll and wait
04-09 11:31:59.516  2964  3164 I LibreCastControlDelegate: OnResponse() ReqeustID 10, error  0
04-09 11:31:59.517  2712  2724 I yani_kernel: yani_geteventfrom_changeaddr() Message-Id '1' Netlink event '21' Interface Index '6' -> Name 'p2p0' 
04-09 11:31:59.517  2967  2988 E Spotify-Player: Change Spotify Device name
04-09 11:31:59.517  2713  2722 E LUCI_SERVER: Luci Server Thread wait over MID 90....
04-09 11:31:59.519  2789  2789 I dnsmasq : reading /etc/resolv.conf
04-09 11:31:59.519  2789  2789 I dnsmasq : using nameserver 192.168.1.1#53
04-09 11:31:59.521  2735  2764 I bluetoothtbd: [0408/230159.521281:INFO:adapter.cc(551)] Adapter properties changed
04-09 11:31:59.521  2735  2764 I bluetoothtbd: [0408/230159.521463:INFO:adapter.cc(573)] Adapter name changed
04-09 11:31:59.522  2733  2742 I HotspotManager: stop hostapd
04-09 11:31:59.524  3086  3086 I cast_shell: [3089:3089:INFO:device_info_impl.cc(1133)] SSDP Config ID is increased: id=10
04-09 11:31:59.524  3086  3086 I cast_shell: [3089:3139:INFO:mdns_util.cc(102)] Defaulting mDNS capabilities for audio-only build
04-09 11:31:59.524  3086  3086 I cast_shell: [3089:3089:INFO:ccs_manager_impl.cc(1842)] Postponing device name update while registering
04-09 11:31:59.524  3086  3086 I cast_shell: [3089:3089:INFO:mdns_manager_impl.cc(429)] Successfully updated service: type=_googlecast
04-09 11:31:59.524  3086  3086 I cast_shell: [3089:3089:INFO:virtual_device.cc(296)] Updated mDNS service for virtual device: id=f55c8e33-a8f2-09c4-b9bf-812c64f21fb3
04-09 11:31:59.524  2967  2989 E SPOTIFY : Device Name change new name = Bedroom speaker 2
04-09 11:31:59.524  2967  2989 E SPOTIFY : err = 0 
04-09 11:31:59.525  3086  3086 I cast_shell: [3089:3129:INFO:bluetooth_manager.cc(1232)] [PII] Set device name to 'Bedroom speaker 2'
04-09 11:31:59.533  2964  3164 I LibreCastControlDelegate: OnCastStatus() +++ Bedroom speaker 2:0xac01b198:READY_TO_CAST
04-09 11:31:59.534  2712  2724 I yani_server: NetLink Event '5' Interface-Index '6' WLAN '-1' Ethernet '-1' Parsed-iFill '5' -> 'P2P0 DISCONNECTED' ifIndex '2' -> 'tunl0'
04-09 11:31:59.535  2712  2724 E yani_server: YANI: I am Done Wait For Event 
04-09 11:31:59.535  2712  2816 I yani_server: onNetworkParametersChanged() WAC Mode '0'  Index '2' Interface 'p2p0' Status '0'
04-09 11:31:59.536  2730  2746 I MB_HANDLER: YaniAlert() Interface '3' Status '0'
04-09 11:31:59.536  2964  3164 I LibreCastControlDelegate: Cast Device Name -> 'Bedroom speaker 2'
04-09 11:31:59.536  2964  3164 I librecast: OldFriendlyName 'Bedroom speaker 2' & New name change By Cast 'Bedroom speaker 2' isfirstbootup 56 m_updatedonebyluci 0
04-09 11:31:59.536  2964  3164 I LibreCastControlDelegate: Device Build Number -> '1.52.272222'
04-09 11:31:59.536  2964  3164 I librecast: updateCastBuildVersion() Version 1.52.272222
04-09 11:31:59.536  2713  2713 I lucitransport: writeRemoteMessage() MID = 124 buffer = 1#1,1#2,0#3,0#4,0
04-09 11:31:59.536  2713  2720 I lucitransport: readRemoteMessage() MID char = 7 buffer = 1.52.272222
04-09 11:31:59.537  2713  2713 I luciUART: write() MID = 124  bytes = 27 data = 1#1,1#2,0#3,0#4,0 m_fd = 0x5
04-09 11:31:59.537  2964  3164 I LibreCastControlDelegate: Active Applications -> 0
04-09 11:31:59.537  2964  3164 I LibreCastControlDelegate: Current Cast State '6' -> 'READY_TO_CAST'
04-09 11:31:59.537  2964  3164 I LibreCastControlDelegate: OnCastStatus() ---
04-09 11:31:59.537  2731  2731 E AirableUIHelper: AirableUIHelper::YaniAlert  3 0 
04-09 11:31:59.537  2970  2985 I otamanager: YaniAlert() Interface 3 Status Down
04-09 11:31:59.538  2966  3001 I airplay-main: YaniAlert Interface 3 Status 0
04-09 11:31:59.545  2713  2721 E luciUART: UART:aa
04-09 11:31:59.545  2713  2721 E luciUART: UART:aa
04-09 11:31:59.545  2713  2721 E luciUART: UART:2
04-09 11:31:59.545  2713  2721 E luciUART: UART:0
04-09 11:31:59.545  2713  2721 E luciUART: UART:d0
04-09 11:31:59.545  2713  2721 E luciUART: UART:0
04-09 11:31:59.545  2713  2721 I chatty  : uid=0(root) UARTLUCIControl identical 2 lines
04-09 11:31:59.545  2713  2721 E luciUART: UART:0
04-09 11:31:59.546  2713  2721 E luciUART: UART:9
04-09 11:31:59.546  2713  2721 I luciUART: read() RemoteID = 43690 Command = 208 Type = 2 Status = 0 DataLen = 9
04-09 11:31:59.546  2713  2721 E luciUART: Error: full data not available yet! readBytes 0
04-09 11:31:59.546  2713  2721 I luciUART: Previous Packet read contd., 
04-09 11:31:59.546  2713  2721 E luciUART: UART:52
04-09 11:31:59.546  2713  2721 I luciUART: Previous Packet read contd., 
04-09 11:31:59.546  2713  2721 E luciUART: UART:45
04-09 11:31:59.546  2713  2721 I luciUART: Previous Packet read contd., 
04-09 11:31:59.546  2713  2721 E luciUART: UART:41
04-09 11:31:59.546  2713  2721 I luciUART: Previous Packet read contd., 
04-09 11:31:59.546  2713  2721 E luciUART: UART:44
04-09 11:31:59.546  2713  2721 E luciUART: UART:69
04-09 11:31:59.546  2713  2721 I luciUART: Previous Packet read contd., 
04-09 11:31:59.546  2713  2721 E luciUART: UART:64
04-09 11:31:59.568  2963  2973 D wac-main: Netlink event
04-09 11:31:59.568  2963  2973 E wac-main: Netlink event 16 Interface Index 6 
04-09 11:31:59.568  2963  2973 E wac-main: p2p0 event Link Changed : 1003 
04-09 11:31:59.568  2963  2973 E wac-main: p2p0 Changed down
04-09 11:31:59.569  2963  2973 E wac-main: wlan0 IP : 192.168.1.145
04-09 11:31:59.569  2712  2724 I yani_kernel: yani_geteventfrom_changeaddr() Message-Id '1' Netlink event '16' Interface Index '6' -> Name 'p2p0' 
04-09 11:31:59.571  2963  2973 E wac-main: Enter poll and wait
04-09 11:31:59.573  2964  3009 I librecast: MessageBoxAlert() Msg = 90 remoteID = 16 
04-09 11:31:59.573  2713  2722 I lucitransport: readRemoteMessage() MID char = 90 buffer = Bedroom speaker 2
04-09 11:31:59.573  2964  3009 I LibreCastControl: LibreCastControl_SetCastName()  name 'Bedroom speaker 2' RequestId '11' pCastControl 0xf4d00728
04-09 11:31:59.573  2964  3009 E librecast: MessageBoxAlert() friendlyname Bedroom speaker 2
04-09 11:31:59.573  2964  3009 I LibreCastControl: MessageBoxAlert() messageBoxID 90
04-09 11:31:59.577  2735  2764 I bluetoothtbd: [0408/230159.576991:INFO:adapter.cc(551)] Adapter properties changed
04-09 11:31:59.577  2735  2764 I bluetoothtbd: [0408/230159.577123:INFO:adapter.cc(573)] Adapter name changed
04-09 11:31:59.577  2692  2692 I sh      : MessageBoxAlert() MID 90 
04-09 11:31:59.577  2692  2692 I sh      : MessageBoxChanged() MID '90'
04-09 11:31:59.577  3086  3086 I cast_shell: [3089:3129:INFO:bluetooth_manager.cc(1232)] [PII] Set device name to 'Bedroom speaker 2'
04-09 11:31:59.577  2964  3164 I LibreCastControlDelegate: OnResponse() ReqeustID 11, error  0
04-09 11:31:59.582  2713  2722 I luciUART: write() MID = 208  bytes = 30 data = ssid:Linksys16717_2G m_fd = 0x5
04-09 11:31:59.582  2713  2722 E LUCI_SERVER: NV_READ response= ssid:Linksys16717_2G
04-09 11:31:59.582  2713  2722 E LUCI_SERVER: Luci Server Thread waiting for packets....
04-09 11:31:59.584  3086  3086 I cast_shell: [3089:3089:INFO:device_info_impl.cc(1133)] SSDP Config ID is increased: id=11
04-09 11:31:59.586  3086  3086 I cast_shell: [3089:3089:INFO:ccs_manager_impl.cc(1842)] Postponing device name update while registering
04-09 11:31:59.586  3086  3086 I cast_shell: [3089:3139:INFO:mdns_util.cc(102)] Defaulting mDNS capabilities for audio-only build
04-09 11:31:59.587  2964  3164 I LibreCastControlDelegate: OnCastStatus() +++ Bedroom speaker 2:0xac01b198:READY_TO_CAST
04-09 11:31:59.588  2964  3164 I LibreCastControlDelegate: Cast Device Name -> 'Bedroom speaker 2'
04-09 11:31:59.588  2964  3164 I librecast: OldFriendlyName 'Bedroom speaker 2' & New name change By Cast 'Bedroom speaker 2' isfirstbootup 56 m_updatedonebyluci 0
04-09 11:31:59.588  2964  3164 I LibreCastControlDelegate: Device Build Number -> '1.52.272222'
04-09 11:31:59.588  2964  3164 I librecast: updateCastBuildVersion() Version 1.52.272222
04-09 11:31:59.588  2713  2713 I lucitransport: readRemoteMessage() MID char = 7 buffer = 1.52.272222
04-09 11:31:59.588  2964  3164 I LibreCastControlDelegate: Active Applications -> 0
04-09 11:31:59.588  2964  3164 I LibreCastControlDelegate: Current Cast State '6' -> 'READY_TO_CAST'
04-09 11:31:59.588  2964  3164 I LibreCastControlDelegate: OnCastStatus() ---
04-09 11:31:59.591  2967  2989 E SPOTIFY : Device Name change new name = Bedroom speaker 2
04-09 11:31:59.591  2967  2989 E SPOTIFY : err = 0 
04-09 11:31:59.622  2733  2742 E WifiUtil: Setting interface p2p0 down.
04-09 11:31:59.623  2963  2973 D wac-main: Netlink event
04-09 11:31:59.623  2963  2973 E wac-main: Netlink event 16 Interface Index 6 
04-09 11:31:59.623  2963  2973 E wac-main: p2p0 event Link Changed : 1002 
04-09 11:31:59.623  2963  2973 E wac-main: Enter poll and wait
04-09 11:31:59.623  2712  2724 I yani_kernel: yani_geteventfrom_changeaddr() Message-Id '1' Netlink event '16' Interface Index '6' -> Name 'p2p0' 
04-09 11:31:59.944  3086  3086 I cast_shell: [3089:3129:INFO:metrics_recorder.cc(282)] Record action: Setup.state.BLE
04-09 11:32:00.062  3086  3086 I cast_shell: [3089:3129:INFO:ble_setup.cc(789)] Missing required info for sign.
04-09 11:32:00.066  3086  3086 I cast_shell: [3089:3129:INFO:gatt_client_manager_impl.cc(202)] Enabling GATT client connectability
04-09 11:32:00.066  3086  3086 I cast_shell: [3089:3129:INFO:ble_setup.cc(915)] Sign related info completed, no future EurekaInfo need sign.
04-09 11:32:01.007  2735  2814 W bt_btif : bta_gattc_conn_cback() - cif=3 connected=0 conn_id=3 reason=0x0013
04-09 11:32:01.007  2735  2814 W bt_btif : bta_gattc_conn_cback() - cif=4 connected=0 conn_id=4 reason=0x0013
04-09 11:32:01.007  2735  2814 W bt_btif : bta_gattc_conn_cback() - cif=6 connected=0 conn_id=6 reason=0x0013
04-09 11:32:01.008  2735  2814 I bt_btm_sec: btm_sec_disconnected clearing pending flag handle:128 reason:19
04-09 11:32:01.009  2735  2764 W bt_btif : btif_av_move_idle: ACL Disconnected state 0 bd_addr=75:e8:9a:c4:2a:74 peer_bda=00:00:00:00:00:00
04-09 11:32:01.009  2735  2764 I bluetoothtbd: [0408/230201.009877:INFO:adapter.cc(719)] ACL state changed: 75:E8:9A:C4:2A:74 - connected: false
04-09 11:32:01.011  3086  3086 I cast_shell: [3089:3129:ERROR:bluetooth_v1_via_v2.cc(796)] Connection state changed. :74 false
04-09 11:32:01.438  3086  3086 I cast_shell: [3089:3139:INFO:mdns_app_filter.cc(1526)] MdnsAppFilter: Done announcing.
04-09 11:32:01.475  2966  3504 I airplay_v2_0_6: 2022-04-09 11:32:01.475313 [AirPlayDemo] AirPlayDemoServerCopyProperty Password is <<NULL>>
04-09 11:32:01.476  2713  2713 I lucitransport: readRemoteMessage() MID char = 90 buffer = Bedroom speaker 2
04-09 11:32:01.478  2966  3479 I airplay_v2_0_6: 2022-04-09 11:32:01.478383 [AirPlay] Registering Bonjour _airplay._tcp. port 7000
04-09 11:32:01.480  2966  3504 I airplay_v2_0_6: 2022-04-09 11:32:01.480573 [AirPlayDemo] AirPlayDemoServerCopyProperty Password is <<NULL>>
04-09 11:32:01.482  2966  3504 I airplay_v2_0_6: 2022-04-09 11:32:01.482144 [AirPlayDemo] AirPlayDemoServerCopyProperty Password is <<NULL>>
04-09 11:32:01.482  2713  2713 I lucitransport: readRemoteMessage() MID char = 90 buffer = Bedroom speaker 2
04-09 11:32:01.484  2966  3479 I airplay_v2_0_6: 2022-04-09 11:32:01.484075 [AirPlay] Registering Bonjour CC909321F384@Bedroom speaker 2._raop._tcp. port 7000
04-09 11:32:03.150  3086  3086 I cast_shell: [3089:3089:INFO:metrics_recorder.cc(282)] cast event: Cloud.Transport.Https.Register.Out.Success
04-09 11:32:03.150  3086  3086 I cast_shell: [3089:3089:WARNING:ccs_transport_util.cc(409)] Auth info absent from the config reply from CCS.
04-09 11:32:03.150  3086  3086 I cast_shell: [3089:3089:WARNING:ccs_transport_util.cc(313)] Missing SensingSettings in the CCS config.
04-09 11:32:03.150  3086  3086 I cast_shell: [3089:3089:INFO:metrics_recorder.cc(282)] cast event: Cloud.Transport.Https.Config.In
04-09 11:32:03.150  3086  3086 I cast_shell: [3089:3089:INFO:ccs_manager_impl.cc(1150)] Handling CONFIG message from CCS.
04-09 11:32:03.150  3086  3086 I cast_shell: [3089:3089:INFO:ccs_manager_impl.cc(1151)] [PII] device_id=DFFA6592D55D2D5E14068E9447CA6B61
04-09 11:32:03.150  3086  3086 I cast_shell: [3089:3089:INFO:metrics_recorder.cc(282)] Record action: Cloud.Transport.Https.LinkedStatus.NotLinked
04-09 11:32:03.150  3086  3086 I cast_shell: [3089:3089:INFO:structure_info_from_home_graph.cc(53)] received config from home graph. Will use it: 1
04-09 11:32:03.150  3086  3086 I cast_shell: [3089:3089:INFO:structure_info_from_home_graph.cc(59)] Num devices in the structure: 0
04-09 11:32:03.150  3086  3086 I cast_shell: [3089:3089:INFO:ccs_heartbeat_listener.cc(56)] Setting heartbeat interval from CCS: 120000ms
04-09 11:32:03.150  3086  3086 I cast_shell: [3089:3097:INFO:heartbeat_manager.cc(306)] Set client HB: 120000
04-09 11:32:03.571  3505  3505 E wac-main: WAC timeout cb
04-09 11:32:03.571  3505  3505 E wac-main: send wac api : a5a1
04-09 11:32:03.571  2963  2973 E wac-main: API event
04-09 11:32:03.571  2963  2973 E wac-main: msg : a5a1
04-09 11:32:03.571  2963  2973 E wac-main: msg : a5a1
04-09 11:32:03.571  2963  3506 E wac-main: enter WACStartStopThread
04-09 11:32:03.571  2963  3506 E wac-main: WACStartStopThread() event -> 'wacstop' is WACServer? UP -> 'Yes' 
04-09 11:32:03.571  2963  2973 E wac-main: Enter poll and wait
04-09 11:32:03.571  2963  3506 E WACSERVER: WACServerStop wait
04-09 11:32:03.571  2963  3051 E WACBONJOUR: RemoveWACBonjourService
04-09 11:32:03.573  2963  3051 I wifiapi : newconn : 0xf5102510
04-09 11:32:03.595  2963  2973 D wac-main: Netlink event
04-09 11:32:03.595  2963  2973 E wac-main: Netlink event 16 Interface Index 7 
04-09 11:32:03.595  2963  2973 E wac-main: Enter poll and wait
04-09 11:32:03.595  2712  2724 I yani_kernel: yani_geteventfrom_changeaddr() Message-Id '1' Netlink event '16' Interface Index '7' -> Name 'p2p1' 
04-09 11:32:03.596  2733  2742 E CommandListener: Message not handled: unrecognized interface p2p1
04-09 11:32:03.596  2733  2742 W FrameworkListener: Handler 'Iface' error (Success)
04-09 11:32:03.629  2963  2973 D wac-main: Netlink event
04-09 11:32:03.629  2963  2973 E wac-main: Netlink event 16 Interface Index 7 
04-09 11:32:03.629  2963  2973 E wac-main: Enter poll and wait
04-09 11:32:03.629  2733  2742 E CommandListener: Message not handled: unrecognized interface p2p1
04-09 11:32:03.629  2733  2742 W FrameworkListener: Handler 'Iface' error (Success)
04-09 11:32:03.629  2712  2724 I yani_kernel: yani_geteventfrom_changeaddr() Message-Id '1' Netlink event '16' Interface Index '7' -> Name 'p2p1' 
04-09 11:32:03.632  2963  3051 I wifiapi : 'DISABLE' command returned = 0
04-09 11:32:03.634  2733  2742 E CommandListener: Message not handled: unrecognized interface p2p1
04-09 11:32:03.634  2733  2742 W FrameworkListener: Handler 'Iface' error (Success)
04-09 11:32:03.642  2963  3051 I wifiapi : stop hostapd
04-09 11:32:03.642  2963  3051 I wifiapi : stop dnsmasq
04-09 11:32:03.643  2963  2973 D wac-main: Netlink event
04-09 11:32:03.643  2963  2973 E wac-main: Netlink event 21 Interface Index 7 
04-09 11:32:03.643  2963  2973 E wac-main: Enter poll and wait
04-09 11:32:03.644  2733  2742 E CommandListener: Message not handled: unrecognized interface p2p1
04-09 11:32:03.644  2733  2742 W FrameworkListener: Handler 'Iface' error (Success)
04-09 11:32:03.644  2712  2724 I yani_kernel: yani_geteventfrom_changeaddr() Message-Id '1' Netlink event '21' Interface Index '7' -> Name 'p2p1' 
04-09 11:32:03.646  2963  3051 E wac-main: WACCallback() message 5 -> 'Stopped'
04-09 11:32:03.646  2713  2713 I lucitransport: writeRemoteMessage() MID = 143 buffer = 5
04-09 11:32:03.646  2713  2713 I luciUART: write() MID = 143  bytes = 11 data = 5 m_fd = 0x5
04-09 11:32:03.647  2713  2713 I lucitransport: writeLocalMessage() MID = 143 buffer = 5
04-09 11:32:03.647  2713  2722 E LUCI_SERVER: Luci Server Thread wait over MID 143....
04-09 11:32:03.647  2713  2722 E LUCI_SERVER: Luci Server Thread waiting for packets....
04-09 11:32:03.649  2963  3051 E wac-main: send wac api : a5a1
04-09 11:32:03.649  2963  3051 E WACSERVER: _HandleState_Cleanup done
04-09 11:32:03.649  2963  3506 E WACSERVER: WACServerStop done
04-09 11:32:03.649  2963  3506 E wac-main: exit WACStartStopThread
04-09 11:32:03.649  2963  2973 E wac-main: API event
04-09 11:32:05.658  3086  3086 I cast_shell: [3089:3097:INFO:parent_tracker.cc(237)] Network changed
04-09 11:32:05.658  3086  3086 I cast_shell: [3089:3097:INFO:parent_tracker.cc(132)] No need to recreate socket
04-09 11:32:05.658  3086  3086 I cast_shell: [3089:3097:INFO:parent_tracker.cc(237)] Network changed
04-09 11:32:05.658  3086  3086 I cast_shell: [3089:3097:INFO:parent_tracker.cc(132)] No need to recreate socket
04-09 11:32:05.658  3086  3086 I cast_shell: [3089:3444:INFO:net_util_impl.cc(582)] IP address: [PII](192.168.1.1) MAC address: [PII](C8:B3:73:44:AE:ED)
04-09 11:32:05.659  3086  3086 I cast_shell: [3089:3444:INFO:net_util_impl.cc(582)] IP address: [PII](192.168.1.1) MAC address: [PII](C8:B3:73:44:AE:ED)
04-09 11:32:05.661  3086  3086 I cast_shell: [3089:3089:INFO:gcm_manager.cc(238)] GCM connection lost.
04-09 11:32:05.929  3086  3086 I cast_shell: [3089:3089:INFO:metrics_recorder.cc(282)] cast event: Cloud.Transport.Https.Register.Out.Success
04-09 11:32:05.930  3086  3086 I cast_shell: [3089:3089:INFO:ccs_manager_impl.cc(2485)] Succesfully registered with CCS
04-09 11:32:05.930  3086  3086 I cast_shell: [3089:3089:INFO:ccs_manager_impl.cc(2661)] Local device version is ahead of server; will attempt update
04-09 11:32:05.930  3086  3086 I cast_shell: [3089:3089:INFO:ccs_manager_impl.cc(1757)] Updating device info with CCS: message_id = fcbddcee-e4cc-4bb7-8184-76abf17fea72
04-09 11:32:05.930  3086  3086 I cast_shell: [3089:3089:INFO:ccs_manager_impl.cc(1758)] [PII] CCS device_id = DFFA6592D55D2D5E14068E9447CA6B61 device_name = Bedroom speaker 2
04-09 11:32:05.937  3086  3086 I cast_shell: [3089:3089:WARNING:ccs_transport_util.cc(409)] Auth info absent from the config reply from CCS.
04-09 11:32:05.937  3086  3086 I cast_shell: [3089:3089:WARNING:ccs_transport_util.cc(313)] Missing SensingSettings in the CCS config.
04-09 11:32:05.937  3086  3086 I cast_shell: [3089:3089:INFO:metrics_recorder.cc(282)] cast event: Cloud.Transport.Https.Config.In
04-09 11:32:05.937  3086  3086 I cast_shell: [3089:3089:INFO:ccs_manager_impl.cc(1150)] Handling CONFIG message from CCS.
04-09 11:32:05.937  3086  3086 I cast_shell: [3089:3089:INFO:ccs_manager_impl.cc(1151)] [PII] device_id=DFFA6592D55D2D5E14068E9447CA6B61
04-09 11:32:05.937  3086  3086 I cast_shell: [3089:3089:INFO:metrics_recorder.cc(282)] Record action: Cloud.Transport.Https.LinkedStatus.NotLinked
04-09 11:32:06.154  3086  3086 I cast_shell: [3089:3089:INFO:robot_account_auth_manager.cc(384)] Sending oauth request for client_id: 2
04-09 11:32:06.154  3086  3086 I cast_shell: [3089:3089:INFO:metrics_recorder.cc(282)] cast event: Cast.Assistant.Auth.FetchToken
04-09 11:32:06.155  3086  3086 I cast_shell: [3089:3095:INFO:chromium_http_connection.cc(436)] Creating a new chromium http url loader factory
04-09 11:32:06.445  3086  3086 I cast_shell: [3089:3097:INFO:heartbeat_manager.cc(268)] Set HBInterval from client: 120000
04-09 11:32:06.445  3086  3086 I cast_shell: [3089:3089:INFO:gcm_manager.cc(233)] GCM connection established.
04-09 11:32:06.748  3086  3086 I cast_shell: [3089:3089:INFO:robot_account_auth_manager.cc(525)] Got CAS response: 200
04-09 11:32:06.748  3086  3086 I cast_shell: [3089:3089:INFO:metrics_recorder.cc(282)] cast event: Cast.Assistant.AuthError.NOT_LINKED
04-09 11:32:06.748  3086  3086 I cast_shell: [3089:3089:INFO:robot_account_auth_manager.cc(776)] Current error: NOT_LINKED, new error: NOT_LINKED
04-09 11:32:06.767  3086  3086 I cast_shell: [3089:3089:INFO:metrics_recorder.cc(282)] cast event: Cloud.Transport.Https.Update.Out.Success
04-09 11:32:06.767  3086  3086 I cast_shell: [3089:3089:INFO:ccs_manager_impl.cc(2569)] Successfully updated with CCS
04-09 11:32:08.938  3086  3086 I cast_shell: [3089:3089:INFO:robot_account_auth_manager.cc(384)] Sending oauth request for client_id: 3
04-09 11:32:08.939  3086  3086 I cast_shell: [3089:3089:INFO:metrics_recorder.cc(282)] cast event: Cast.Assistant.Auth.FetchToken
04-09 11:32:08.939  3086  3086 I cast_shell: [3089:3095:INFO:chromium_http_connection.cc(436)] Creating a new chromium http url loader factory
04-09 11:32:09.211  3086  3086 I cast_shell: [3089:3089:INFO:robot_account_auth_manager.cc(525)] Got CAS response: 200
04-09 11:32:09.211  3086  3086 I cast_shell: [3089:3089:INFO:metrics_recorder.cc(282)] cast event: Cast.Assistant.AuthError.NOT_LINKED
04-09 11:32:09.211  3086  3086 I cast_shell: [3089:3089:INFO:robot_account_auth_manager.cc(776)] Current error: NOT_LINKED, new error: NOT_LINKED
04-09 11:32:13.643  3086  3086 I cast_shell: [3089:3089:INFO:grpc_manager_impl.cc(505)] GRPC[uri=[::]:0]: num_pending_calls=0, num_active_handlers=0, num_free_handlers=0
04-09 11:32:13.643  3086  3086 I cast_shell: [3089:3089:INFO:grpc_manager_impl.cc(515)] GRPC[uri=[::]:0]: service_name=chromecast.LocalCloudcastService, rpc_name=ExecuteActionScript, num_active_handlers=0, num_free_handlers=0
04-09 11:32:13.643  3086  3086 I cast_shell: [3089:3089:INFO:grpc_manager_impl.cc(515)] GRPC[uri=[::]:0]: service_name=chromecast.LocalCloudcastService, rpc_name=GetDeviceStatus, num_active_handlers=0, num_free_handlers=0
04-09 11:32:13.643  3086  3086 I cast_shell: [3089:3089:INFO:grpc_manager_impl.cc(515)] GRPC[uri=[::]:0]: service_name=chromecast.LocalCloudcastService, rpc_name=ObserveDeviceStatus, num_active_handlers=0, num_free_handlers=0
04-09 11:32:13.643  3086  3086 I cast_shell: [3089:3089:INFO:grpc_manager_impl.cc(505)] GRPC[uri=]: num_pending_calls=0, num_active_handlers=0, num_free_handlers=0
04-09 11:32:13.745  3086  3086 I cast_shell: [3089:3089:INFO:grpc_manager_impl.cc(505)] GRPC[uri=unix:/tmp/hcp_ipc_auth.socket]: num_pending_calls=0, num_active_handlers=10, num_free_handlers=0
04-09 11:32:13.745  3086  3086 I cast_shell: [3089:3089:INFO:grpc_manager_impl.cc(515)] GRPC[uri=unix:/tmp/hcp_ipc_auth.socket]: service_name=usonia.ipc.Auth, rpc_name=AuthReady, num_active_handlers=1, num_free_handlers=0
04-09 11:32:13.745  3086  3086 I cast_shell: [3089:3089:INFO:grpc_manager_impl.cc(515)] GRPC[uri=unix:/tmp/hcp_ipc_auth.socket]: service_name=usonia.ipc.Auth, rpc_name=Sign, num_active_handlers=1, num_free_handlers=0
04-09 11:32:13.745  3086  3086 I cast_shell: [3089:3089:INFO:grpc_manager_impl.cc(515)] GRPC[uri=unix:/tmp/hcp_ipc_auth.socket]: service_name=usonia.ipc.Auth, rpc_name=Verify, num_active_handlers=1, num_free_handlers=0
04-09 11:32:13.745  3086  3086 I cast_shell: [3089:3089:INFO:grpc_manager_impl.cc(515)] GRPC[uri=unix:/tmp/hcp_ipc_auth.socket]: service_name=usonia.ipc.DistributedServiceDiscovery, rpc_name=AddService, num_active_handlers=1, num_free_handlers=0
04-09 11:32:13.745  3086  3086 I cast_shell: [3089:3089:INFO:grpc_manager_impl.cc(515)] GRPC[uri=unix:/tmp/hcp_ipc_auth.socket]: service_name=usonia.ipc.DistributedServiceDiscovery, rpc_name=FetchAllPeerAddressList, num_active_handlers=1, num_free_handlers=0
04-09 11:32:13.745  3086  3086 I cast_shell: [3089:3089:INFO:grpc_manager_impl.cc(515)] GRPC[uri=unix:/tmp/hcp_ipc_auth.socket]: service_name=usonia.ipc.DistributedServiceDiscovery, rpc_name=IsServiceAllowed, num_active_handlers=1, num_free_handlers=0
04-09 11:32:13.745  3086  3086 I cast_shell: [3089:3089:INFO:grpc_manager_impl.cc(515)] GRPC[uri=unix:/tmp/hcp_ipc_auth.socket]: service_name=usonia.ipc.DistributedServiceDiscovery, rpc_name=ResolvePeerAddress, num_active_handlers=1, num_free_handlers=0
04-09 11:32:13.745  3086  3086 I cast_shell: [3089:3089:INFO:grpc_manager_impl.cc(515)] GRPC[uri=unix:/tmp/hcp_ipc_auth.socket]: service_name=usonia.ipc.DistributedServiceDiscovery, rpc_name=UpdateServiceObservers, num_active_handlers=1, num_free_handlers=0
04-09 11:32:13.746  3086  3086 I cast_shell: [3089:3089:INFO:grpc_manager_impl.cc(515)] GRPC[uri=unix:/tmp/hcp_ipc_auth.socket]: service_name=usonia.ipc.LeaderElector, rpc_name=LeaderElection, num_active_handlers=1, num_free_handlers=0
04-09 11:32:13.746  3086  3086 I cast_shell: [3089:3089:INFO:grpc_manager_impl.cc(515)] GRPC[uri=unix:/tmp/hcp_ipc_auth.socket]: service_name=usonia.ipc.TimeSynchronizer, rpc_name=ObserveCommonTime, num_active_handlers=1, num_free_handlers=0
04-09 11:32:13.751  3086  3086 I cast_shell: [3089:3089:INFO:grpc_manager_impl.cc(505)] GRPC[uri=unix:/tmp/modular_updater/modular_update_service]: num_pending_calls=0, num_active_handlers=0, num_free_handlers=0
04-09 11:32:13.751  3086  3086 I cast_shell: [3089:3089:INFO:grpc_manager_impl.cc(515)] GRPC[uri=unix:/tmp/modular_updater/modular_update_service]: service_name=chromecast.modular_update.ModularUpdateService, rpc_name=GetCastInfo, num_active_handlers=0, num_free_handlers=0
04-09 11:32:13.751  3086  3086 I cast_shell: [3089:3089:INFO:grpc_manager_impl.cc(515)] GRPC[uri=unix:/tmp/modular_updater/modular_update_service]: service_name=chromecast.modular_update.ModularUpdateService, rpc_name=ReportInstalledManifestVersion, num_active_handlers=0, num_free_handlers=0
04-09 11:32:13.751  3086  3086 I cast_shell: [3089:3089:INFO:grpc_manager_impl.cc(515)] GRPC[uri=unix:/tmp/modular_updater/modular_update_service]: service_name=chromecast.modular_update.ModularUpdateService, rpc_name=ReportMetricsEvent, num_active_handlers=0, num_free_handlers=0
04-09 11:32:13.751  3086  3086 I cast_shell: [3089:3089:INFO:grpc_manager_impl.cc(515)] GRPC[uri=unix:/tmp/modular_updater/modular_update_service]: service_name=chromecast.modular_update.ModularUpdateService, rpc_name=SendHttpRequest, num_active_handlers=0, num_free_handlers=0
04-09 11:32:13.751  3086  3086 I cast_shell: [3089:3089:INFO:grpc_manager_impl.cc(515)] GRPC[uri=unix:/tmp/modular_updater/modular_update_service]: service_name=chromecast.modular_update.ModularUpdateService, rpc_name=StreamHttpRequest, num_active_handlers=0, num_free_handlers=0
04-09 11:32:13.751  3086  3086 I cast_shell: [3089:3089:INFO:grpc_manager_impl.cc(515)] GRPC[uri=unix:/tmp/modular_updater/modular_update_service]: service_name=chromecast.modular_update.ModularUpdateService, rpc_name=SynchronousUpdateProgress, num_active_handlers=0, num_free_handlers=0
04-09 11:32:13.774  3086  3086 I cast_shell: [3089:3089:INFO:metrics_recorder.cc(112)] Metrics stat: total=23
04-09 11:32:13.774  3086  3086 I cast_shell: Cast.Assistant.Auth.FetchToken=3
04-09 11:32:13.774  3086  3086 I cast_shell: Cast.Assistant.AuthError.NOT_LINKED=3
04-09 11:32:13.774  3086  3086 I cast_shell: Cast.Auth.OK=1
04-09 11:32:13.774  3086  3086 I cast_shell: Cast.CRL.DownloadSuccess=1
04-09 11:32:13.774  3086  3086 I cast_shell: Cast.DCS.DownloadSuccess=1
04-09 11:32:13.774  3086  3086 I cast_shell: Cast.Discovery.Ble.Enabled=1
04-09 11:32:13.774  3086  3086 I cast_shell: Cast.Discovery.Mdns.ResponderStarted=1
04-09 11:32:13.774  3086  3086 I cast_shell: Cast.Discovery.Mdns.ResponderStopped=1
04-09 11:32:13.774  3086  3086 I cast_shell: Cast.Discovery.Mdns.SocketCreated=3
04-09 11:32:13.774  3086  3086 I cast_shell: Cast.Discovery.Mdns.SocketDestroyed=2
04-09 11:32:13.923  3086  3086 I cast_shell: [3089:3089:INFO:grpc_manager_impl.cc(505)] GRPC[uri=[::]:8012]: num_pending_calls=0, num_active_handlers=1, num_free_handlers=0
04-09 11:32:13.923  3086  3086 I cast_shell: [3089:3089:INFO:grpc_manager_impl.cc(515)] GRPC[uri=[::]:8012]: service_name=chromecast.grpc_discovery.GrpcDiscoveryService, rpc_name=GetServiceInfo, num_active_handlers=1, num_free_handlers=0
04-09 11:32:13.945  3086  3086 I cast_shell: [3089:3129:INFO:wifi_proximity.cc(177)] Request scan.
04-09 11:32:18.446  3086  3086 I cast_shell: [3089:3089:INFO:robot_account_auth_manager.cc(384)] Sending oauth request for client_id: 0
04-09 11:32:18.446  3086  3086 I cast_shell: [3089:3089:INFO:metrics_recorder.cc(282)] cast event: Cast.Assistant.Auth.FetchToken
04-09 11:32:18.446  3086  3086 I cast_shell: [3089:3444:INFO:chromium_http_connection.cc(436)] Creating a new chromium http url loader factory
04-09 11:32:18.689  3086  3086 I cast_shell: [3089:3089:INFO:robot_account_auth_manager.cc(525)] Got CAS response: 200
04-09 11:32:18.689  3086  3086 I cast_shell: [3089:3089:INFO:metrics_recorder.cc(282)] cast event: Cast.Assistant.AuthError.NOT_LINKED
04-09 11:32:18.689  3086  3086 I cast_shell: [3089:3089:INFO:robot_account_auth_manager.cc(776)] Current error: NOT_LINKED, new error: NOT_LINKED
04-09 11:32:26.038  3086  3086 I cast_shell: [3089:3126:INFO:snr_tracker.cc(50)] snr = 48
04-09 11:32:43.009  2967  2989 I SPOTIFY : ConnectionNotify event(0-Login, 1-Logout, rest Error) = 7 
04-09 11:32:43.898  3086  3086 I cast_shell: [3089:3444:INFO:wifi_frame_histogram_capturer.cc(411)] Wifi metrics (from IOCTL): SNR=51
04-09 11:32:43.898  3086  3086 I cast_shell: [3089:3444:INFO:wifi_util.cc(191)] Current wifi TDLS peers:
04-09 11:32:43.898  3086  3086 I cast_shell: [3089:3444:INFO:wifi_util.cc(193)] 	No peers:
04-09 11:32:43.903  3086  3086 I cast_shell: [3089:3089:INFO:metrics_recorder.cc(282)] Record action: Cast.CecHdmiInputState.Unknown
04-09 11:32:43.903  3086  3086 I cast_shell: [3089:3089:INFO:metrics_recorder.cc(282)] Record action: Cast.CecStandby.Unknown
04-09 11:32:51.462  3086  3086 I cast_shell: [3089:3129:INFO:metrics_recorder.cc(282)] Record action: Setup.eureka_info.Local
04-09 11:32:51.463  3086  3086 I cast_shell: [3089:3129:INFO:metrics_recorder.cc(282)] Record action: Setup.eureka_info.Local.200
04-09 11:32:53.847  2733  2741 I NetworkMonitor: Cast.Wifi.Failure.Type 0
04-09 11:32:53.852  3086  3086 I cast_shell: [3089:3129:INFO:metrics_recorder.cc(282)] Record action: Setup.eureka_info.Local
04-09 11:32:53.853  3086  3086 I cast_shell: [3089:3129:INFO:metrics_recorder.cc(282)] Record action: Setup.eureka_info.Local.200
04-09 11:32:53.856  2733  2741 I WifiUtil: get wlan0 channel 4 (2427MHz)
04-09 11:32:53.859  2712  2724 I yani_server: NetLink Event '-1' Interface-Index '5' WLAN '-1' Ethernet '-1' Parsed-iFill '-1' -> 'INVALID' ifIndex '1' -> 'lo'
04-09 11:32:56.085  3086  3086 I cast_shell: [3089:3126:INFO:snr_tracker.cc(50)] snr = 50
04-09 11:32:57.154  2712  2724 I yani_server: NetLink Event '-1' Interface-Index '5' WLAN '0' Ethernet '-1' Parsed-iFill '-1' -> 'INVALID' ifIndex '1' -> 'lo'
04-09 11:32:57.155  2963  2973 D wac-main: Netlink event
04-09 11:32:57.155  2963  2973 E wac-main: Netlink event 16 Interface Index 5 
04-09 11:32:57.155  2963  2973 E wac-main: Enter poll and wait
04-09 11:32:57.156  2712  2724 I yani_kernel: yani_geteventfrom_changeaddr() Message-Id '1' Netlink event '16' Interface Index '5' -> Name 'wlan0' 
04-09 11:32:57.158  2963  2973 D wac-main: Netlink event
04-09 11:32:57.158  2963  2973 E wac-main: Netlink event 16 Interface Index 5 
04-09 11:32:57.159  2963  2973 E wac-main: Enter poll and wait
04-09 11:32:57.160  2712  2724 I yani_kernel: yani_geteventfrom_changeaddr() Message-Id '1' Netlink event '16' Interface Index '5' -> Name 'wlan0' 
04-09 11:32:57.173  3086  3086 I cast_shell: [3089:3129:INFO:gatt_client_manager_impl.cc(202)] Enabling GATT client connectability
04-09 11:32:57.175  2964  3164 I LibreCastControlDelegate: OnCastStatus() +++ Bedroom speaker 2:0xac01b198:READY_TO_CAST
04-09 11:32:57.176  2964  3164 I LibreCastControlDelegate: Cast Device Name -> 'Bedroom speaker 2'
04-09 11:32:57.176  2964  3164 I librecast: OldFriendlyName 'Bedroom speaker 2' & New name change By Cast 'Bedroom speaker 2' isfirstbootup 56 m_updatedonebyluci 0
04-09 11:32:57.176  2964  3164 I LibreCastControlDelegate: Device Build Number -> '1.52.272222'
04-09 11:32:57.176  2964  3164 I librecast: updateCastBuildVersion() Version 1.52.272222
04-09 11:32:57.177  2713  2713 I lucitransport: readRemoteMessage() MID char = 7 buffer = 1.52.272222
04-09 11:32:57.177  2964  3164 I LibreCastControlDelegate: Active Applications -> 0
04-09 11:32:57.177  2964  3164 I LibreCastControlDelegate: Current Cast State '6' -> 'READY_TO_CAST'
04-09 11:32:57.177  2964  3164 I LibreCastControlDelegate: OnCastStatus() ---
04-09 11:32:58.660  3086  3086 I cast_shell: [3089:3089:INFO:robot_account_auth_manager.cc(384)] Sending oauth request for client_id: 0
04-09 11:32:58.660  3086  3086 I cast_shell: [3089:3089:INFO:metrics_recorder.cc(282)] cast event: Cast.Assistant.Auth.FetchToken
04-09 11:32:58.660  3086  3086 I cast_shell: [3089:3444:INFO:chromium_http_connection.cc(436)] Creating a new chromium http url loader factory
04-09 11:32:58.911  3086  3086 I cast_shell: [3089:3089:INFO:robot_account_auth_manager.cc(525)] Got CAS response: 200
04-09 11:32:58.912  3086  3086 I cast_shell: [3089:3089:INFO:metrics_recorder.cc(282)] cast event: Cast.Assistant.AuthError.NOT_LINKED
04-09 11:32:58.912  3086  3086 I cast_shell: [3089:3089:INFO:robot_account_auth_manager.cc(776)] Current error: NOT_LINKED, new error: NOT_LINKED
04-09 11:33:13.644  3086  3086 I cast_shell: [3089:3089:INFO:grpc_manager_impl.cc(505)] GRPC[uri=[::]:0]: num_pending_calls=0, num_active_handlers=0, num_free_handlers=0
04-09 11:33:13.644  3086  3086 I cast_shell: [3089:3089:INFO:grpc_manager_impl.cc(505)] GRPC[uri=]: num_pending_calls=0, num_active_handlers=0, num_free_handlers=0
04-09 11:33:13.746  3086  3086 I cast_shell: [3089:3089:INFO:grpc_manager_impl.cc(505)] GRPC[uri=unix:/tmp/hcp_ipc_auth.socket]: num_pending_calls=0, num_active_handlers=10, num_free_handlers=0
04-09 11:33:13.752  3086  3086 I cast_shell: [3089:3089:INFO:grpc_manager_impl.cc(505)] GRPC[uri=unix:/tmp/modular_updater/modular_update_service]: num_pending_calls=0, num_active_handlers=0, num_free_handlers=0
04-09 11:33:13.775  3086  3086 I cast_shell: [3089:3089:INFO:metrics_recorder.cc(112)] Metrics stat: total=6
04-09 11:33:13.775  3086  3086 I cast_shell: Cast.Assistant.Auth.FetchToken=2
04-09 11:33:13.775  3086  3086 I cast_shell: Cast.Assistant.AuthError.NOT_LINKED=2
04-09 11:33:13.775  3086  3086 I cast_shell: Cast.CecHdmiInputState.Unknown=1
04-09 11:33:13.775  3086  3086 I cast_shell: Cast.CecStandby.Unknown=1
04-09 11:33:13.775  3086  3086 I cast_shell: Setup.eureka_info.Local=2
04-09 11:33:13.775  3086  3086 I cast_shell: Setup.eureka_info.Local.200=2
04-09 11:33:13.923  3086  3086 I cast_shell: [3089:3089:INFO:grpc_manager_impl.cc(505)] GRPC[uri=[::]:8012]: num_pending_calls=0, num_active_handlers=1, num_free_handlers=0
04-09 11:33:26.131  3086  3086 I cast_shell: [3089:3126:INFO:snr_tracker.cc(50)] snr = 48
04-09 11:33:56.179  3086  3086 I cast_shell: [3089:3126:INFO:snr_tracker.cc(50)] snr = 49
04-09 11:33:57.259  3086  3086 I cast_shell: [3089:3129:INFO:metrics_recorder.cc(282)] Record action: Setup.eureka_info.Local
04-09 11:33:57.259  3086  3086 I cast_shell: [3089:3129:INFO:metrics_recorder.cc(282)] Record action: Setup.eureka_info.Local.200
04-09 11:33:57.262  2733  2741 I WifiUtil: get wlan0 channel 4 (2427MHz)
04-09 11:33:57.264  2712  2724 I yani_server: NetLink Event '-1' Interface-Index '5' WLAN '-1' Ethernet '-1' Parsed-iFill '-1' -> 'INVALID' ifIndex '1' -> 'lo'
