04-09 09:46:47.128  2952  2963 D wac-main: Netlink event
04-09 09:46:47.128  2952  2963 E wac-main: Netlink event 16 Interface Index 6 
04-09 09:46:47.128  2952  2963 E wac-main: p2p0 event Link Changed : 1003 
04-09 09:46:47.128  2952  2963 E wac-main: Enter poll and wait
04-09 09:46:47.128  2711  2723 I yani_kernel: yani_geteventfrom_changeaddr() Message-Id '1' Netlink event '16' Interface Index '6' -> Name 'p2p0' 
04-09 09:46:47.151  2959  2973 I otamanager: OTAManager connected to CastUpdater via  /tmp/socket/system_updater
04-09 09:46:47.151  2959  2973 I otamanager: cast_updater_threadEntry socket handle 5
04-09 09:46:47.467  2953  3001 I LibreCastControl: LibreCastControl_init() Socket Initialized
04-09 09:46:47.477  2953  3001 E LibreCastControl: PULSAR:CreateCastControlThread:18
04-09 09:46:47.477  2953  3001 E LibreCastControl: Create LibreCastLUCITimerThreadInit 
04-09 09:46:47.477  2953  3152 E LibreCastControl: PULSAR:Run:23
04-09 09:46:47.478  2953  3153 E LibreCastControl: Timer Sem Wait Start iCastPlayerstate = 0 
04-09 09:46:47.492  2691  2691 I sh      : [0408/211647.491216:INFO:cast_control_impl.cc(744)] CastControl has started running.
04-09 09:46:47.492  2691  2691 I sh      : [0408/211647.492086:INFO:cast_control_impl.cc(745)] Attempting to connect CastMessageService. socket=/tmp/cast-control
04-09 09:46:47.495  2953  3152 I LibreCastControlDelegate: OnCastStatus() +++ :0xab7cc198:STARTING
04-09 09:46:47.495  2691  2691 I sh      : [0408/211647.495019:INFO:cast_control_socket.cc(64)] Successfully connected Cast Control Socket
04-09 09:46:47.495  2953  3152 E LibreCastControlDelegate: OnCastStatus:177
04-09 09:46:47.496  2953  3152 I LibreCastControl: LibreCastControl_SetCastName()  name 'Lyric Speaker Box 21f384' RequestId '1' pCastControl 0xf4a00728
04-09 09:46:47.496  2953  3152 I LibreCastControlDelegate: Active Applications -> 0
04-09 09:46:47.496  2953  3152 I LibreCastControlDelegate: Current Cast State '1' -> 'STARTING'
04-09 09:46:47.496  2953  3152 I LibreCastControlDelegate: OnCastStatus() ---
04-09 09:46:47.497  2691  2691 I sh      : [0408/211647.497010:INFO:cast_message_service_impl.cc(185)] Sending connect message!
04-09 09:46:47.501  3073  3073 I cast_shell: [3076:3125:INFO:metrics_recorder.cc(282)] Cast v2 action(socket_id=domain-socket@/tmp/cast-control.1): CastV2.Connection.Connect.In
04-09 09:46:47.501  3073  3073 I cast_shell: [3076:3076:INFO:resource_namespace_handler.cc(307)] Setting resource provider: sender_id=domain-socket@/tmp/cast-control.1:system-0
04-09 09:46:47.502  2691  2691 I sh      : [0408/211647.502022:INFO:cast_message_service_impl.cc(1007)] CastMessageServiceImpl matched versions
04-09 09:46:47.503  3073  3073 I cast_shell: [3076:3114:INFO:setup_namespace_handler.cc(94)] Added a peer for setup namespace: domain-socket@/tmp/cast-control.1:system-0
04-09 09:46:47.503  3073  3073 I cast_shell: [3076:3127:INFO:multizone_group.cc(357)] Change name for group [PII](CD34AE150BAE90B60569125BEDAA9ADD) to [PII](Lyric Speaker Box 21f384)
04-09 09:46:47.504  3073  3073 I cast_shell: [3076:3076:INFO:device_info_impl.cc(1133)] SSDP Config ID is increased: id=2
04-09 09:46:47.505  2953  3152 I LibreCastControlDelegate: OnResponse() ReqeustID 1, error  0
04-09 09:46:47.507  3073  3073 I cast_shell: [3076:3076:INFO:device_info_impl.cc(1133)] SSDP Config ID is increased: id=3
04-09 09:46:47.507  3073  3073 I cast_shell: [3076:3124:INFO:mdns_util.cc(102)] Defaulting mDNS capabilities for audio-only build
04-09 09:46:47.514  3073  3073 I cast_shell: [3076:3124:INFO:mdns_util.cc(102)] Defaulting mDNS capabilities for audio-only build
04-09 09:46:47.514  3073  3073 I cast_shell: [3076:3076:INFO:mdns_manager_impl.cc(429)] Successfully updated service: type=_googlecast
04-09 09:46:47.595  2731  2741 I WifiUtil: get p2p0 channel 6 (2437MHz)
04-09 09:46:47.595  2731  2741 I HotspotManager: start hostapd at channel=6 SSID=<SSID omitted> hidden_ssid=0
04-09 09:46:47.599  2734  2763 I bluetoothtbd: [0408/211647.599737:INFO:adapter.cc(551)] Adapter properties changed
04-09 09:46:47.599  2734  2763 I bluetoothtbd: [0408/211647.599858:INFO:adapter.cc(573)] Adapter name changed
04-09 09:46:47.600  3073  3073 I cast_shell: [3076:3114:INFO:bluetooth_manager.cc(1232)] [PII] Set device name to 'Lyric Speaker Box 21f384'
04-09 09:46:47.601  2734  2763 I bluetoothtbd: [0408/211647.601078:INFO:adapter.cc(551)] Adapter properties changed
04-09 09:46:47.601  2734  2763 I bluetoothtbd: [0408/211647.601209:INFO:adapter.cc(573)] Adapter name changed
04-09 09:46:47.601  2952  2963 D wac-main: Netlink event
04-09 09:46:47.601  2952  2963 E wac-main: Netlink event 20 Interface Index 6 
04-09 09:46:47.601  2952  2963 E wac-main: Enter poll and wait
04-09 09:46:47.620  2953  3152 I LibreCastControlDelegate: OnCastStatus() +++ Lyric Speaker Box 21f384:0xab7cc198:NOT_SETUP
04-09 09:46:47.620  2953  3152 I LibreCastControlDelegate: Device Build Number -> '1.52.272222'
04-09 09:46:47.620  2953  3152 I librecast: updateCastBuildVersion() Version 1.52.272222
04-09 09:46:47.621  2712  2712 I lucitransport: readRemoteMessage() MID char = 7 buffer = (null)
04-09 09:46:47.621  2953  3152 E librecast: librecast::updateCastBuildVersion Cast build version number = 1.52.272222
04-09 09:46:47.621  2953  3152 E librecast: castVersion = 1.52.272222
04-09 09:46:47.621  2712  2712 I lucitransport: writeRemoteMessage() MID = 7 buffer = 1.52.272222
04-09 09:46:47.621  2712  2712 I luciUART: write() MID = 7  bytes = 21 data = 1.52.272222 m_fd = 0x5
04-09 09:46:47.625  3154  3154 I hostapd : IEEE 802.11: Steering disabled
04-09 09:46:47.629  2953  3152 I LibreCastControlDelegate: Active Applications -> 0
04-09 09:46:47.629  2953  3152 I LibreCastControlDelegate: Current Cast State '2' -> 'NOT_SETUP'
04-09 09:46:47.633  2953  3152 I LibreCastControlDelegate: Active Applications -> 0
04-09 09:46:47.633  2953  3152 I LibreCastControlDelegate: Current Cast State '2' -> 'NOT_SETUP'
04-09 09:46:47.634  2953  3152 I LibreCastControl: LibreCastControl_SetMultizoneAudioOutputDelay() delay '80000' usecs RequestId '3' pCastControl 0xf4a00728
04-09 09:46:47.635  2953  3152 I LibreCastControlDelegate: MultizoneDelay request ID 3 with delay 80000 usecs
04-09 09:46:47.635  2953  3152 I LibreCastControlDelegate: OnCastStatus() ---
04-09 09:46:47.635  2691  2691 I sh      : [0408/211647.635227:INFO:cast_message_service_impl.cc(1037)] Received initial eureka info
04-09 09:46:47.640  3073  3073 I cast_shell: [3076:3076:INFO:multizone_setup.cc(328)] Configured audio output delay changed. User delay = 0 s, OEM delay = 0.08 s, HDMI delay = 0 s
04-09 09:46:47.641  2953  3152 I LibreCastControlDelegate: OnResponse() ReqeustID 3, error  0
04-09 09:46:47.642  2691  2691 I sh      : [0408/211647.642184:INFO:cast_message_service_impl.cc(1067)] Received initial receiver info
04-09 09:46:47.666  2953  3152 I LibreCastControl: LibreCastControl_RequestGVAStatus() RequestId '5' pCastControl 0xf4a00728
04-09 09:46:47.667  2691  2691 I sh      : [0408/211647.666249:INFO:cast_message_service_impl.cc(1076)] CastMessageServiceImpl is ready
04-09 09:46:47.667  3073  3073 I cast_shell: [3076:3076:INFO:assistant_namespace_handler.cc(144)] Added a status listening peer for assistant namespace: domain-socket@/tmp/cast-control.1:system-0
04-09 09:46:47.668  2953  3152 I LibreCastControlDelegate: OnResponse() ReqeustID 5, error  0
04-09 09:46:47.895  3073  3073 I cast_shell: [3076:3076:INFO:crypto_manager.cc(278)] Public key: MIIBCgKCAQEAkAGR81Jf/wgEH5YxZ9LYPl0RXje02T0Ys3Md9duY+JG3XRkzTWDjOf74znD8m9H78cmGbivRX2ncxpEtSjo3MCUdC8xPQTln8fVXNSuYBdSZgC8hLsdf4gTv4lh2Y4A6IWtpjOjeEdS3SQcPRCkK82ZAOSeyvh58QfrIs+Kw0AXeufDeXav9MNruma7A9XshBKiHf+xn4fGSgeGnSFDhc8DnazmzkamQYbLwZuXKVZxwPbjWHrTnnm1uqdli3HQdV0yAG8fVodqgjB4uV8bgbG/gPFw8RpMLX0ZrUblqV0tP4S8k5IgAsEq4yez+ABoJ5JPZ0zUeHIjzdNt6qivzUQIDAQAB
04-09 09:46:47.895  3073  3073 I cast_shell: [3076:3076:INFO:crypto_manager.cc(289)] Public modulus: kAGR81Jf_wgEH5YxZ9LYPl0RXje02T0Ys3Md9duY-JG3XRkzTWDjOf74znD8m9H78cmGbivRX2ncxpEtSjo3MCUdC8xPQTln8fVXNSuYBdSZgC8hLsdf4gTv4lh2Y4A6IWtpjOjeEdS3SQcPRCkK82ZAOSeyvh58QfrIs-Kw0AXeufDeXav9MNruma7A9XshBKiHf-xn4fGSgeGnSFDhc8DnazmzkamQYbLwZuXKVZxwPbjWHrTnnm1uqdli3HQdV0yAG8fVodqgjB4uV8bgbG_gPFw8RpMLX0ZrUblqV0tP4S8k5IgAsEq4yez-ABoJ5JPZ0zUeHIjzdNt6qivzUQ
04-09 09:46:47.895  3073  3073 I cast_shell: [3076:3076:INFO:crypto_manager.cc(294)] Public exponent: AQAB
04-09 09:46:48.335  3073  3073 I cast_shell: [3076:3124:INFO:mdns_app_filter.cc(1403)] MdnsAppFilter: Done probing.
04-09 09:46:48.429  3073  3073 I cast_shell: [3076:3127:INFO:multizone_manager.cc(1889)] Initial discovery complete
04-09 09:46:48.430  3073  3073 I cast_shell: [3076:3124:INFO:mdns_app_filter.cc(1605)] Re-probing due to newly registered service '3': _googlezone
04-09 09:46:48.430  3073  3073 I cast_shell: [3076:3076:INFO:mdns_manager_impl.cc(311)] Successfully registered service: type=_googlezone
04-09 09:46:48.490  2711  2723 I yani_server: doLotofWork() List of interface '4'
04-09 09:46:48.490  2711  2723 I yani_server: doLotofWork() Interface 'p2p0' ifr[0].ifr_name 'lo' ipaddress '127.0.0.1'
04-09 09:46:48.490  2711  2723 I yani_server: doLotofWork() Interface 'p2p0' ifr[1].ifr_name 'p2p0' ipaddress '192.168.255.249'
04-09 09:46:48.490  2711  2723 I yani_server: doLotofWork() returns 'REFILL WACMODE'
04-09 09:46:48.490  2711  2723 E yani_server: YANI: I am Done Wait For Event 
04-09 09:46:48.490  2711  2723 I yani_kernel: yani_geteventfrom_changeaddr() Message-Id '1' Netlink event '21' Interface Index '6' -> Name 'p2p0' 
04-09 09:46:48.490  2711  2813 I yani_server: onNetworkParametersChanged() WAC Mode '1'  Index '2' Interface 'p2p0' Status '1'
04-09 09:46:48.491  3156  3156 I dnsmasq : started, version 2.51 DNS disabled
04-09 09:46:48.491  3156  3156 I dnsmasq : compile time options: no-IPv6 GNU-getopt no-DBus no-I18N DHCP no-scripts no-TFTP
04-09 09:46:48.491  3156  3156 I dnsmasq : DHCP, IP range 192.168.255.250 -- 192.168.255.254, lease time 12h
04-09 09:46:48.501  2712  2720 E luciUART: UART:aa
04-09 09:46:48.501  2712  2720 E luciUART: UART:aa
04-09 09:46:48.501  2953  3152 I LibreCastControlDelegate: Active Applications -> 0
04-09 09:46:48.501  2712  2720 E luciUART: UART:2
04-09 09:46:48.501  2953  3152 I LibreCastControlDelegate: Current Cast State '2' -> 'NOT_SETUP'
04-09 09:46:48.501  2953  3152 I LibreCastControlDelegate: OnCastStatus() ---
04-09 09:46:48.501  2712  2720 E luciUART: UART:0
04-09 09:46:48.501  2712  2720 E luciUART: UART:d0
04-09 09:46:48.501  2712  2720 E luciUART: UART:0
04-09 09:46:48.502  2712  2720 I chatty  : uid=0(root) UARTLUCIControl identical 2 lines
04-09 09:46:48.502  2712  2720 E luciUART: UART:0
04-09 09:46:48.502  2712  2720 E luciUART: UART:9
04-09 09:46:48.502  2712  2720 I luciUART: read() RemoteID = 43690 Command = 208 Type = 2 Status = 0 DataLen = 9
04-09 09:46:48.502  2712  2720 E luciUART: Error: full data not available yet! readBytes 0
04-09 09:46:48.502  2712  2720 I luciUART: Previous Packet read contd., 
04-09 09:46:48.502  2712  2720 E luciUART: UART:52
04-09 09:46:48.502  2712  2720 I luciUART: Previous Packet read contd., 
04-09 09:46:48.502  2711  2723 I yani_server: NetLink Event '5' Interface-Index '6' WLAN '-1' Ethernet '-1' Parsed-iFill '5' -> 'P2P0 DISCONNECTED' ifIndex '2' -> 'tunl0'
04-09 09:46:48.502  2712  2720 E luciUART: UART:45
04-09 09:46:48.502  2712  2720 I luciUART: Previous Packet read contd., 
04-09 09:46:48.502  2712  2720 E luciUART: UART:41
04-09 09:46:48.502  2712  2720 I luciUART: Previous Packet read contd., 
04-09 09:46:48.502  2712  2720 E luciUART: UART:44
04-09 09:46:48.502  2712  2720 I luciUART: Previous Packet read contd., 
04-09 09:46:48.503  2712  2720 E luciUART: UART:5f
04-09 09:46:48.503  2712  2720 I luciUART: Previous Packet read contd., 
04-09 09:46:48.503  2712  2720 E luciUART: UART:73
04-09 09:46:48.503  2712  2720 I luciUART: Previous Packet read contd., 
04-09 09:46:48.514  2712  2720 E luciUART: UART:9
04-09 09:46:48.514  2712  2720 I luciUART: read() RemoteID = 43690 Command = 208 Type = 2 Status = 0 DataLen = 9
04-09 09:46:48.514  2712  2720 E luciUART: Error: full data not available yet! readBytes 0
04-09 09:46:48.514  2712  2720 I luciUART: Previous Packet read contd., 
04-09 09:46:48.514  2712  2720 E luciUART: UART:52
04-09 09:46:48.514  2712  2720 I luciUART: Previous Packet read contd., 
04-09 09:46:48.514  2712  2720 E luciUART: UART:45
04-09 09:46:48.514  2712  2720 I luciUART: Previous Packet read contd., 
04-09 09:46:48.514  2712  2720 E luciUART: UART:41
04-09 09:46:48.514  2712  2720 I luciUART: Previous Packet read contd., 
04-09 09:46:48.514  2712  2720 E luciUART: UART:44
04-09 09:46:48.514  2712  2720 I luciUART: Previous Packet read contd., 
04-09 09:46:48.514  2712  2720 E luciUART: UART:5f
04-09 09:46:48.514  2712  2720 I luciUART: Previous Packet read contd., 
04-09 09:46:48.514  2712  2720 E luciUART: UART:73
04-09 09:46:48.514  2712  2720 I luciUART: Previous Packet read contd., 
04-09 09:46:48.515  2712  2720 E luciUART: UART:73
04-09 09:46:48.515  2712  2720 I luciUART: Previous Packet read contd., 
04-09 09:46:48.515  2712  2720 E luciUART: UART:69
04-09 09:46:48.515  2712  2720 I luciUART: Previous Packet read contd., 
04-09 09:46:48.515  2712  2720 E luciUART: UART:64
04-09 09:46:48.515  2712  2721 E LUCI_SERVER: Luci Server Thread wait over MID 208....
04-09 09:46:48.515  2712  2721 E LUCI_SERVER: Got NV name : ssid
04-09 09:46:48.517  2712  2721 I luciUART: write() MID = 208  bytes = 15 data = ssid: m_fd = 0x5
04-09 09:46:48.517  2712  2721 E LUCI_SERVER: NV_READ response= ssid:
04-09 09:46:48.517  2712  2721 E LUCI_SERVER: Luci Server Thread waiting for packets....
04-09 09:46:48.543  3073  3073 I cast_shell: [3076:3114:INFO:gatt_client_manager_impl.cc(202)] Enabling GATT client connectability
04-09 09:46:48.543  3073  3073 I cast_shell: [3076:3114:INFO:ble_setup.cc(915)] Sign related info completed, no future EurekaInfo need sign.
04-09 09:46:48.543  3073  3073 I cast_shell: [3076:3114:INFO:gatt_client_manager_impl.cc(202)] Enabling GATT client connectability
04-09 09:46:48.543  3073  3073 I chatty  : uid=1000(chrome) /bin/logwrapper identical 1 line
04-09 09:46:48.543  3073  3073 I cast_shell: [3076:3114:INFO:gatt_client_manager_impl.cc(202)] Enabling GATT client connectability
04-09 09:46:48.546  2734  2763 E bt_btif : BTA_GATTS_AddService: rcb_idx = 0
04-09 09:46:48.546  2734  2763 I bluetoothtbd: [0408/211648.546572:INFO:gatt_api.cc(207)] GATTS_AddService
04-09 09:46:48.546  2734  2763 I bluetoothtbd: [0408/211648.546896:INFO:gatt_api.cc(317)] GATTS_AddService: service parsed correctly, now starting
04-09 09:46:48.553  3073  3073 I cast_shell: [3076:3114:INFO:ble_setup_manager.cc(744)] Started Bluetooth service
04-09 09:46:48.990  2711  2723 I yani_server: doLotofWork() List of interface '4'
04-09 09:46:48.990  2711  2723 I yani_server: doLotofWork() Interface 'p2p0' ifr[0].ifr_name 'lo' ipaddress '127.0.0.1'
04-09 09:46:48.990  2711  2723 I yani_server: doLotofWork() Interface 'p2p0' ifr[1].ifr_name 'p2p0' ipaddress '192.168.255.249'
04-09 09:46:48.990  2711  2723 I yani_server: doLotofWork() returns 'REFILL WACMODE'
04-09 09:46:48.990  2711  2723 E yani_server: YANI: I am Done Wait For Event 
04-09 09:46:48.990  2711  2723 I yani_kernel: yani_geteventfrom_changeaddr() Message-Id '1' Netlink event '16' Interface Index '6' -> Name 'p2p0' 
04-09 09:46:48.990  2711  2813 I yani_server: onNetworkParametersChanged() WAC Mode '1'  Index '2' Interface 'p2p0' Status '1'
04-09 09:46:48.991  2728  2746 I MB_HANDLER: YaniAlert() Interface '4' Status '1'
04-09 09:46:48.992  2712  2712 I lucitransport: writeRemoteMessage() MID = 124 buffer = 4#1,0#2,0#3,1#4,1
04-09 09:46:49.000  2712  2720 E luciUART: UART:d0
04-09 09:46:49.000  2712  2720 E luciUART: UART:0
04-09 09:46:49.000  2712  2720 I chatty  : uid=0(root) UARTLUCIControl identical 2 lines
04-09 09:46:49.000  2712  2720 E luciUART: UART:0
04-09 09:46:49.001  2712  2720 E luciUART: UART:9
04-09 09:46:49.001  2712  2720 I luciUART: read() RemoteID = 43690 Command = 208 Type = 2 Status = 0 DataLen = 9
04-09 09:46:49.001  2712  2720 E luciUART: Error: full data not available yet! readBytes 0
04-09 09:46:49.001  2712  2720 I luciUART: Previous Packet read contd., 
04-09 09:46:49.001  2712  2720 E luciUART: UART:52
04-09 09:46:49.003  2711  2723 I yani_server: NetLink Event '-1' Interface-Index '5' WLAN '0' Ethernet '-1' Parsed-iFill '-1' -> 'INVALID' ifIndex '1' -> 'lo'
04-09 09:46:49.004  2711  2723 I yani_server: NetLink Event '-1' Interface-Index '5' WLAN '0' Ethernet '-1' Parsed-iFill '-1' -> 'INVALID' ifIndex '1' -> 'lo'
04-09 09:46:49.004  2711  2723 I yani_kernel: yani_geteventfrom_changeaddr() Message-Id '1' Netlink event '16' Interface Index '6' -> Name 'p2p0' 
04-09 09:46:49.005  2712  2721 I luciUART: write() MID = 208  bytes = 15 data = ssid: m_fd = 0x5
04-09 09:46:49.005  3154  3154 I hostapd : p2p0: IEEE 802.11 channel=6 mode=ht bw=20 htcaps=0x177f vhtcaps=0x0 cf_seg0=0 cf_seg1=0
04-09 09:46:49.005  2712  2721 E LUCI_SERVER: NV_READ response= ssid:
04-09 09:46:49.005  2712  2721 E LUCI_SERVER: Luci Server Thread waiting for packets....
04-09 09:46:49.047  2952  2963 D wac-main: Netlink event
04-09 09:46:49.047  2952  2963 E wac-main: Netlink event 16 Interface Index 6 
04-09 09:46:49.048  2952  2963 E wac-main: p2p0 event Link Changed : 11043 
04-09 09:46:49.048  2952  2963 E wac-main: p2p0 Changed Up 
04-09 09:46:49.048  2711  2723 I yani_kernel: yani_geteventfrom_changeaddr() Message-Id '1' Netlink event '16' Interface Index '6' -> Name 'p2p0' 
04-09 09:46:49.049  2952  2963 I wifiapi : newconn : 0xf5300718
04-09 09:46:49.050  2952  2963 I wifiapi : 'STATUS' command returned = 0
04-09 09:46:49.050  2952  2963 E wac-main: current wifi status : 10
04-09 09:46:49.052  2953  3152 I LibreCastControlDelegate: OnCastStatus() +++ Lyric Speaker Box 21f384:0xab7cc198:NOT_SETUP
04-09 09:46:49.053  2953  3152 I LibreCastControlDelegate: Device Build Number -> '1.52.272222'
04-09 09:46:49.053  2953  3152 I librecast: updateCastBuildVersion() Version 1.52.272222
04-09 09:46:49.053  2712  2712 I lucitransport: readRemoteMessage() MID char = 7 buffer = 1.52.272222
04-09 09:46:49.053  2953  3152 I LibreCastControlDelegate: Active Applications -> 0
04-09 09:46:49.053  2953  3152 I LibreCastControlDelegate: Current Cast State '2' -> 'NOT_SETUP'
04-09 09:46:49.053  2953  3152 I LibreCastControlDelegate: OnCastStatus() ---
04-09 09:46:49.986  3073  3073 I cast_shell: [3076:3084:ERROR:connectivity_checker_impl.cc(265)] Connectivity check failed: 400
04-09 09:46:50.389  3073  3073 I cast_shell: [3076:3124:INFO:mdns_app_filter.cc(1403)] MdnsAppFilter: Done probing.
04-09 09:46:50.991  3073  3073 I cast_shell: [3076:3084:ERROR:connectivity_checker_impl.cc(265)] Connectivity check failed: 400
04-09 09:46:51.392  3073  3073 I cast_shell: [3076:3076:INFO:grpc_service_discovery_impl.cc(185)] Mdns discovered google RPC for [PII](CD34AE150BAE90B60569125BEDAA9ADD).
04-09 09:46:51.998  3073  3073 I cast_shell: [3076:3084:ERROR:connectivity_checker_impl.cc(265)] Connectivity check failed: 400
04-09 09:46:52.050  2952  2963 E wac-main: Enter poll and wait
04-09 09:46:52.395  3073  3073 I cast_shell: [3076:3124:INFO:mdns_app_filter.cc(1526)] MdnsAppFilter: Done announcing.
04-09 09:46:53.003  3073  3073 I cast_shell: [3076:3084:ERROR:connectivity_checker_impl.cc(265)] Connectivity check failed: 400
04-09 09:46:54.010  3073  3073 I cast_shell: [3076:3084:ERROR:connectivity_checker_impl.cc(265)] Connectivity check failed: 400
04-09 09:46:54.516  3073  3073 I cast_shell: [3076:3084:INFO:parent_tracker.cc(291)] [PII](CD34AE150BAE90B60569125BEDAA9ADD) Become root
04-09 09:46:54.516  3073  3073 I cast_shell: [3076:3084:INFO:directory_service_impl.cc(200)] This device became root
04-09 09:46:55.017  3073  3073 I cast_shell: [3076:3084:ERROR:connectivity_checker_impl.cc(265)] Connectivity check failed: 400
04-09 09:46:56.024  3073  3073 I chatty  : uid=1000(chrome) /bin/logwrapper identical 1 line
04-09 09:46:57.031  3073  3073 I cast_shell: [3076:3084:ERROR:connectivity_checker_impl.cc(265)] Connectivity check failed: 400
04-09 09:46:57.128  3073  3073 I cast_shell: [3076:3114:ERROR:setup_state.cc(424)] Timeout for state=SETUP_STATE_CHECKING_GLOBAL_CONNECTIVITY(50): move to state=SETUP_STATE_CHECKING_GLOBAL_CONNECTIVITY_BAD_ROUTER(52).
04-09 09:46:57.128  3073  3073 I cast_shell: [3076:3114:INFO:setup_state.cc(261)] Setup state changed: SETUP_STATE_CHECKING_GLOBAL_CONNECTIVITY (50) -> SETUP_STATE_CHECKING_GLOBAL_CONNECTIVITY_BAD_ROUTER (52)
04-09 09:46:57.132  2953  3152 I LibreCastControlDelegate: OnCastStatus() +++ Lyric Speaker Box 21f384:0xab7cc198:NOT_SETUP
04-09 09:46:57.132  2953  3152 I LibreCastControlDelegate: Device Build Number -> '1.52.272222'
04-09 09:46:57.132  2953  3152 I librecast: updateCastBuildVersion() Version 1.52.272222
04-09 09:46:57.133  2712  2712 I lucitransport: readRemoteMessage() MID char = 7 buffer = 1.52.272222
04-09 09:46:57.133  2953  3152 I LibreCastControlDelegate: Active Applications -> 0
04-09 09:46:57.133  2953  3152 I LibreCastControlDelegate: Current Cast State '2' -> 'NOT_SETUP'
04-09 09:46:57.133  2953  3152 I LibreCastControlDelegate: OnCastStatus() ---
04-09 09:46:58.037  3073  3073 I cast_shell: [3076:3084:ERROR:connectivity_checker_impl.cc(265)] Connectivity check failed: 400
04-09 09:47:23.119  2731  2740 E NetworkMonitor: cannot find default IPv4 route for wlan0
04-09 09:47:23.120  2731  2740 E NetworkMonitor: cannot find default IPv6 route for wlan0
04-09 09:47:26.205  2731  2740 E NetworkMonitor: no response for /bin/ping -n -I wlan0 -c 10 -w 10 8.8.8.8
04-09 09:47:26.216  2731  2740 E NetworkMonitor: no response for /bin/ping6 -n -I wlan0 -c 10 -w 10 2001:4860:4860::8888
04-09 09:47:26.219  2731  2740 E NetworkMonitor: dns resolution failed
04-09 09:47:26.219  2731  2740 I NetworkMonitor: Cast.Wifi.Failure.Type 7
04-09 09:47:45.352  3073  3073 I chatty  : uid=1000(chrome) /bin/logwrapper identical 47 lines
04-09 09:47:46.358  3073  3073 I cast_shell: [3076:3084:ERROR:connectivity_checker_impl.cc(265)] Connectivity check failed: 400
04-09 09:47:46.784  3073  3073 I cast_shell: [3076:3076:INFO:grpc_manager_impl.cc(505)] GRPC[uri=[::]:0]: num_pending_calls=0, num_active_handlers=0, num_free_handlers=0
04-09 09:47:46.785  3073  3073 I cast_shell: [3076:3076:INFO:gcm_manager.cc(269)] Disabling GCM Driver
04-09 09:47:46.785  3073  3073 I cast_shell: [3076:3076:INFO:grpc_manager_impl.cc(505)] GRPC[uri=]: num_pending_calls=0, num_active_handlers=0, num_free_handlers=0
04-09 09:47:46.804  3073  3073 I cast_shell: [3076:3076:INFO:grpc_manager_impl.cc(505)] GRPC[uri=unix:/tmp/hcp_ipc_auth.socket]: num_pending_calls=0, num_active_handlers=10, num_free_handlers=0
04-09 09:47:46.809  3073  3073 I cast_shell: [3076:3076:INFO:grpc_manager_impl.cc(505)] GRPC[uri=unix:/tmp/modular_updater/modular_update_service]: num_pending_calls=0, num_active_handlers=0, num_free_handlers=0
04-09 09:47:46.826  3073  3073 I cast_shell: [3076:3076:INFO:metrics_recorder.cc(112)] Metrics stat: total=13
04-09 09:47:46.826  3073  3073 I cast_shell: Cast.Discovery.Mdns.ResponderStarted=2
04-09 09:47:46.826  3073  3073 I cast_shell: Cast.Discovery.Mdns.ResponderStopped=1
04-09 09:47:46.826  3073  3073 I cast_shell: Cast.Discovery.Mdns.SocketCreated=4
04-09 09:47:46.826  3073  3073 I cast_shell: Cast.Discovery.Mdns.SocketDestroyed=2
04-09 09:47:46.826  3073  3073 I cast_shell: Cast.System.Timezone.ChangeSuccessful=1
04-09 09:47:46.826  3073  3073 I cast_shell: CastV2.Connection.Connect.In=1
04-09 09:47:46.826  3073  3073 I cast_shell: CastV2.Receiver.DeviceStatus.Out=5
04-09 09:47:46.826  3073  3073 I cast_shell: CastV2.Receiver.DeviceStatus.Out.Broadcast=2
04-09 09:47:46.826  3073  3073 I cast_shell: CastV2.Receiver.GetStatus.In=1
04-09 09:47:46.826  3073  3073 I cast_shell: CastV2.Resource.Provider.In=1
04-09 09:47:46.939  3073  3073 I cast_shell: [3076:3076:INFO:metrics_recorder_impl.cc(672)] Activated server experiments: []
04-09 09:47:46.940  3073  3073 I cast_shell: [3076:3076:INFO:cast_logs_metrics_provider.cc(59)] netif is ipv4
04-09 09:47:46.941  3073  3073 I cast_shell: [3076:3076:ERROR:socket_posix.cc(148)] bind() failed: Address already in use (98)
04-09 09:47:46.941  3073  3073 I cast_shell: [3076:3076:INFO:net_util_impl.cc(1041)] Platform supports dual-stack
04-09 09:47:46.975  3073  3073 I cast_shell: [3076:3076:INFO:grpc_manager_impl.cc(505)] GRPC[uri=[::]:8012]: num_pending_calls=0, num_active_handlers=1, num_free_handlers=0
04-09 09:47:47.365  3073  3073 I cast_shell: [3076:3084:ERROR:connectivity_checker_impl.cc(265)] Connectivity check failed: 400
04-09 09:48:27.230  2731  2740 E NetworkMonitor: cannot find default IPv4 route for wlan0
04-09 09:48:27.231  2731  2740 E NetworkMonitor: cannot find default IPv6 route for wlan0
04-09 09:48:30.332  2731  2740 E NetworkMonitor: no response for /bin/ping -n -I wlan0 -c 10 -w 10 8.8.8.8
04-09 09:48:30.343  2731  2740 E NetworkMonitor: no response for /bin/ping6 -n -I wlan0 -c 10 -w 10 2001:4860:4860::8888
04-09 09:48:30.344  2731  2740 E NetworkMonitor: dns resolution failed
04-09 09:48:36.688  3073  3073 I chatty  : uid=1000(chrome) /bin/logwrapper identical 49 lines
04-09 09:48:37.695  3073  3073 I cast_shell: [3076:3084:ERROR:connectivity_checker_impl.cc(265)] Connectivity check failed: 400
04-09 09:48:38.388  2734  2811 I bt_btm_ble: btm_ble_conn_complete unable to match and resolve random address
04-09 09:48:38.390  2734  2763 I bluetoothtbd: [0408/211838.390686:INFO:gatt_server.cc(280)] Added connection entry for conn_id: 5 device address: 52:86:46:31:3B:6F
04-09 09:48:38.390  2734  2811 W bt_smp  : smp_br_connect_callback is called on unexpected transport 2
04-09 09:48:38.391  2734  2811 W bt_btif : bta_dm_acl_change info: 0x0
04-09 09:48:38.391  2734  2763 D bt_btif_dm: remote version info [52:86:46:31:3b:6f]: 0, 0, 0
04-09 09:48:38.391  2734  2763 I bluetoothtbd: [0408/211838.391269:INFO:adapter.cc(719)] ACL state changed: 52:86:46:31:3B:6F - connected: true
04-09 09:48:38.391  3073  3073 I cast_shell: [3076:3114:ERROR:bluetooth_v1_via_v2.cc(796)] Connection state changed. :6f true
04-09 09:48:38.702  3073  3073 I cast_shell: [3076:3084:ERROR:connectivity_checker_impl.cc(265)] Connectivity check failed: 400
04-09 09:48:38.919  2734  2763 D bt_btif_scanner: btif_gatts_upstreams_evt: Unhandled event (26)
04-09 09:48:39.510  2734  2811 E bluetoothtbd: [0408/211839.510668:ERROR:gatt_sr.cc(743)] MTU request PDU with MTU size 515
04-09 09:48:39.511  2734  2811 W bt_l2cap: l2cble_set_fixed_channel_tx_data_length, request not supported
04-09 09:48:39.511  2734  2811 W bluetoothtbd: [0408/211839.511585:WARNING:gatt_utils.cc(837)] Call back not found for application conn_id=3
04-09 09:48:39.511  2734  2811 W bluetoothtbd: [0408/211839.511665:WARNING:gatt_utils.cc(837)] Call back not found for application conn_id=4
04-09 09:48:39.511  2734  2811 W bluetoothtbd: [0408/211839.511746:WARNING:gatt_utils.cc(837)] Call back not found for application conn_id=6
04-09 09:48:39.552  3073  3073 I cast_shell: [3076:3114:INFO:ble_setup.cc(322)] Record action: Setup.set_eureka_info.BLE.Locale
04-09 09:48:39.553  3073  3073 I cast_shell: [3076:3114:INFO:locale_manager.cc(576)] New locale: en-US
04-09 09:48:39.562  3073  3073 I cast_shell: [3076:3114:INFO:setup_state.cc(544)] EurekaInfoCalled: wifi_state=3, is_usable_ip_address=1, connected=0, is_initial_setup=1
04-09 09:48:39.562  3073  3073 I cast_shell: [3076:3114:INFO:setup_state.cc(261)] Setup state changed: SETUP_STATE_CHECKING_GLOBAL_CONNECTIVITY_BAD_ROUTER (52) -> SETUP_STATE_DISCONNECTED_EXTERNAL_CLIENT_ACCESSED (11)
04-09 09:48:39.562  3073  3073 I cast_shell: [3076:3099:INFO:media_manager_impl.cc(383)] TurnActive result: 0
04-09 09:48:39.568  2953  3152 I LibreCastControlDelegate: OnCastStatus() +++ Lyric Speaker Box 21f384:0xab7cc198:NOT_SETUP
04-09 09:48:39.568  2953  3152 I LibreCastControlDelegate: Device Build Number -> '1.52.272222'
04-09 09:48:39.568  2953  3152 I librecast: updateCastBuildVersion() Version 1.52.272222
04-09 09:48:39.569  2712  2712 I lucitransport: readRemoteMessage() MID char = 7 buffer = 1.52.272222
04-09 09:48:39.569  2953  3152 I LibreCastControlDelegate: Active Applications -> 0
04-09 09:48:39.569  2953  3152 I LibreCastControlDelegate: Current Cast State '2' -> 'NOT_SETUP'
04-09 09:48:39.569  2953  3152 I LibreCastControlDelegate: OnCastStatus() ---
04-09 09:48:39.569  2953  3152 I LibreCastControlDelegate: OnCastStatus() +++ Lyric Speaker Box 21f384:0xab7cc198:NOT_SETUP
04-09 09:48:39.569  2953  3152 I LibreCastControlDelegate: Device Build Number -> '1.52.272222'
04-09 09:48:39.569  2953  3152 I librecast: updateCastBuildVersion() Version 1.52.272222
04-09 09:48:39.570  2712  2712 I lucitransport: readRemoteMessage() MID char = 7 buffer = 1.52.272222
04-09 09:48:39.603  3073  3073 I cast_shell: [3076:3114:INFO:metrics_recorder.cc(282)] Record action: Setup.name_utf8.BLE
04-09 09:48:39.655  3073  3073 I cast_shell: [3076:3114:INFO:metrics_recorder.cc(282)] Record action: Setup.tos_accepted.BLE
04-09 09:48:39.670  3073  3073 I cast_shell: [3076:3114:INFO:metrics_recorder.cc(282)] Record action: Setup.state.BLE
04-09 09:48:39.685  3073  3073 I cast_shell: [3076:3114:INFO:metrics_recorder.cc(282)] Record action: Setup.ip_address.BLE
04-09 09:48:39.708  3073  3073 I cast_shell: [3076:3084:ERROR:connectivity_checker_impl.cc(265)] Connectivity check failed: 400
04-09 09:48:39.715  3073  3073 I cast_shell: [3076:3114:INFO:metrics_recorder.cc(282)] Record action: Setup.eureka_info_immutable_basic.BLE
04-09 09:48:39.761  3073  3073 I cast_shell: [3076:3114:INFO:metrics_recorder.cc(282)] Record action: Setup.eureka_info_mutable_reads.BLE
04-09 09:48:39.791  3073  3073 I cast_shell: [3076:3114:INFO:metrics_recorder.cc(282)] Record action: Setup.eureak_info_keys.BLE
04-09 09:48:39.881  3073  3073 I cast_shell: [3076:3114:INFO:metrics_recorder.cc(282)] Record action: Setup.eureka_info_immutable_basic.BLE
04-09 09:48:39.911  3073  3073 I cast_shell: [3076:3114:INFO:metrics_recorder.cc(282)] Record action: Setup.eureak_info_keys.BLE
04-09 09:48:39.977  3073  3073 I chatty  : uid=1000(chrome) /bin/logwrapper identical 1 line
04-09 09:48:40.037  3073  3073 I cast_shell: [3076:3114:INFO:metrics_recorder.cc(282)] Record action: Setup.eureak_info_keys.BLE
04-09 09:48:40.096  2734  2763 D bt_btif_scanner: btif_gatts_upstreams_evt: Unhandled event (26)
04-09 09:48:40.244  3073  3073 I cast_shell: [3076:3114:INFO:metrics_recorder.cc(282)] Record action: Setup.eureak_info_keys.BLE
04-09 09:48:40.439  3073  3073 I cast_shell: [3076:3114:INFO:metrics_recorder.cc(282)] Record action: Setup.eureak_info_keys.BLE
04-09 09:48:40.546  2734  2763 D bt_btif_scanner: btif_gatts_upstreams_evt: Unhandled event (26)
04-09 09:48:40.577  3073  3073 I cast_shell: [3076:3114:INFO:metrics_recorder.cc(282)] Record action: Setup.eureak_info_keys.BLE
04-09 09:48:40.667  3073  3073 I cast_shell: [3076:3114:INFO:metrics_recorder.cc(282)] Record action: Setup.i8n_info.BLE
04-09 09:48:40.715  3073  3073 I cast_shell: [3076:3084:ERROR:connectivity_checker_impl.cc(265)] Connectivity check failed: 400
04-09 09:48:40.742  3073  3073 I cast_shell: [3076:3114:INFO:metrics_recorder.cc(282)] Record action: Setup.i8n_info.BLE
04-09 09:48:41.043  3073  3073 I chatty  : uid=1000(chrome) /bin/logwrapper identical 4 lines
04-09 09:48:41.117  3073  3073 I cast_shell: [3076:3114:INFO:metrics_recorder.cc(282)] Record action: Setup.i8n_info.BLE
04-09 09:48:41.163  3073  3073 I cast_shell: [3076:3114:INFO:ble_setup.cc(322)] Record action: Setup.set_eureka_info.BLE.CountryCode
04-09 09:48:41.163  3073  3073 I cast_shell: [3076:3114:INFO:locale_manager.cc(639)] New country code: IN
04-09 09:48:41.169  2710  2710 I wpa_supplicant: wlan0: CTRL-EVENT-REGDOM-CHANGE init=USER type=COUNTRY alpha2=IN
04-09 09:48:41.171  2711  2723 I yani_server: NetLink Event '-1' Interface-Index '5' WLAN '-1' Ethernet '-1' Parsed-iFill '-1' -> 'INVALID' ifIndex '1' -> 'lo'
04-09 09:48:41.177  2711  2723 I yani_server: NetLink Event '-1' Interface-Index '5' WLAN '0' Ethernet '-1' Parsed-iFill '-1' -> 'INVALID' ifIndex '1' -> 'lo'
04-09 09:48:41.179  2953  3152 I LibreCastControlDelegate: OnCastStatus() +++ Lyric Speaker Box 21f384:0xab7cc198:NOT_SETUP
04-09 09:48:41.179  2953  3152 I LibreCastControlDelegate: Device Build Number -> '1.52.272222'
04-09 09:48:41.179  2953  3152 I librecast: updateCastBuildVersion() Version 1.52.272222
04-09 09:48:41.179  2712  2712 I lucitransport: readRemoteMessage() MID char = 7 buffer = 1.52.272222
04-09 09:48:41.180  2953  3152 I LibreCastControlDelegate: Active Applications -> 0
04-09 09:48:41.180  2953  3152 I LibreCastControlDelegate: Current Cast State '2' -> 'NOT_SETUP'
04-09 09:48:41.180  2953  3152 I LibreCastControlDelegate: OnCastStatus() ---
04-09 09:48:41.721  3073  3073 I cast_shell: [3076:3084:ERROR:connectivity_checker_impl.cc(265)] Connectivity check failed: 400
04-09 09:48:42.227  3073  3073 I cast_shell: [3076:3114:INFO:ble_setup.cc(322)] Record action: Setup.scan_wifi.BLE
04-09 09:48:42.228  3073  3073 I cast_shell: [3076:3114:WARNING:wifi_controller_wpa_supplicant.cc(797)] Wpa responses FAIL-BUSY, assuming it is associating, which will keep scan_results fresh.
04-09 09:48:42.728  3073  3073 I cast_shell: [3076:3084:ERROR:connectivity_checker_impl.cc(265)] Connectivity check failed: 400
04-09 09:48:43.734  3073  3073 I cast_shell: [3076:3084:ERROR:connectivity_checker_impl.cc(265)] Connectivity check failed: 400
04-09 09:48:44.541  2952  2963 D wac-main: Netlink event
04-09 09:48:44.541  2952  2963 E wac-main: Netlink event 16 Interface Index 5 
04-09 09:48:44.541  2952  2963 E wac-main: Enter poll and wait
04-09 09:48:44.550  2952  2963 D wac-main: Netlink event
04-09 09:48:44.550  2952  2963 E wac-main: Netlink event 16 Interface Index 5 
04-09 09:48:44.550  2952  2963 E wac-main: Enter poll and wait
04-09 09:48:44.553  2711  2723 I yani_server: NetLink Event '-1' Interface-Index '5' WLAN '0' Ethernet '-1' Parsed-iFill '-1' -> 'INVALID' ifIndex '1' -> 'lo'
04-09 09:48:44.557  2711  2723 I chatty  : uid=0(root) YaniServer identical 3 lines
04-09 09:48:44.560  2711  2723 I yani_server: NetLink Event '-1' Interface-Index '5' WLAN '0' Ethernet '-1' Parsed-iFill '-1' -> 'INVALID' ifIndex '1' -> 'lo'
04-09 09:48:44.565  2953  3152 I LibreCastControlDelegate: OnCastStatus() +++ Lyric Speaker Box 21f384:0xab7cc198:NOT_SETUP
04-09 09:48:44.565  2953  3152 I LibreCastControlDelegate: Device Build Number -> '1.52.272222'
04-09 09:48:44.565  2953  3152 I librecast: updateCastBuildVersion() Version 1.52.272222
04-09 09:48:44.565  2712  2712 I lucitransport: readRemoteMessage() MID char = 7 buffer = 1.52.272222
04-09 09:48:44.565  2953  3152 I LibreCastControlDelegate: Active Applications -> 0
04-09 09:48:44.565  2953  3152 I LibreCastControlDelegate: Current Cast State '2' -> 'NOT_SETUP'
04-09 09:48:44.565  2953  3152 I LibreCastControlDelegate: OnCastStatus() ---
04-09 09:48:44.740  3073  3073 I cast_shell: [3076:3084:ERROR:connectivity_checker_impl.cc(265)] Connectivity check failed: 400
04-09 09:48:45.747  3073  3073 I cast_shell: [3076:3084:ERROR:connectivity_checker_impl.cc(265)] Connectivity check failed: 400
04-09 09:48:46.277  3073  3073 I cast_shell: [3076:3114:INFO:ble_setup.cc(322)] Record action: Setup.scan_wifi.BLE
04-09 09:48:46.280  2711  2723 I yani_server: NetLink Event '-1' Interface-Index '5' WLAN '-1' Ethernet '-1' Parsed-iFill '-1' -> 'INVALID' ifIndex '1' -> 'lo'
04-09 09:48:46.753  3073  3073 I cast_shell: [3076:3084:ERROR:connectivity_checker_impl.cc(265)] Connectivity check failed: 400
04-09 09:48:46.785  3073  3073 I cast_shell: [3076:3076:INFO:grpc_manager_impl.cc(505)] GRPC[uri=[::]:0]: num_pending_calls=0, num_active_handlers=0, num_free_handlers=0
04-09 09:48:46.786  3073  3073 I cast_shell: [3076:3076:INFO:grpc_manager_impl.cc(505)] GRPC[uri=]: num_pending_calls=0, num_active_handlers=0, num_free_handlers=0
04-09 09:48:46.804  3073  3073 I cast_shell: [3076:3076:INFO:grpc_manager_impl.cc(505)] GRPC[uri=unix:/tmp/hcp_ipc_auth.socket]: num_pending_calls=0, num_active_handlers=10, num_free_handlers=0
04-09 09:48:46.810  3073  3073 I cast_shell: [3076:3076:INFO:grpc_manager_impl.cc(505)] GRPC[uri=unix:/tmp/modular_updater/modular_update_service]: num_pending_calls=0, num_active_handlers=0, num_free_handlers=0
04-09 09:48:46.826  3073  3073 I cast_shell: [3076:3076:INFO:metrics_recorder.cc(112)] Metrics stat: total=11
04-09 09:48:46.826  3073  3073 I cast_shell: Cast.Discovery.Mdns.ResponderPing=1
04-09 09:48:46.826  3073  3073 I cast_shell: Cast.Discovery.Mdns.SocketPing=2
04-09 09:48:46.826  3073  3073 I cast_shell: Setup.eureak_info_keys.BLE=7
04-09 09:48:46.826  3073  3073 I cast_shell: Setup.eureka_info_immutable_basic.BLE=2
04-09 09:48:46.826  3073  3073 I cast_shell: Setup.eureka_info_mutable_reads.BLE=1
04-09 09:48:46.826  3073  3073 I cast_shell: Setup.i8n_info.BLE=7
04-09 09:48:46.826  3073  3073 I cast_shell: Setup.ip_address.BLE=1
04-09 09:48:46.827  3073  3073 I cast_shell: Setup.name_utf8.BLE=1
04-09 09:48:46.827  3073  3073 I cast_shell: Setup.state.BLE=1
04-09 09:48:46.827  3073  3073 I cast_shell: Setup.tos_accepted.BLE=1
04-09 09:48:46.932  3073  3073 I cast_shell: [3076:3114:INFO:wifi_proximity.cc(177)] Request scan.
04-09 09:48:46.976  3073  3073 I cast_shell: [3076:3076:INFO:grpc_manager_impl.cc(505)] GRPC[uri=[::]:8012]: num_pending_calls=0, num_active_handlers=1, num_free_handlers=0
04-09 09:48:47.760  3073  3073 I cast_shell: [3076:3084:ERROR:connectivity_checker_impl.cc(265)] Connectivity check failed: 400
04-09 09:48:48.766  3073  3073 I cast_shell: [3076:3084:ERROR:connectivity_checker_impl.cc(265)] Connectivity check failed: 400
04-09 09:48:49.660  2952  2963 D wac-main: Netlink event
04-09 09:48:49.660  2952  2963 E wac-main: Netlink event 16 Interface Index 5 
04-09 09:48:49.661  2952  2963 E wac-main: Enter poll and wait
04-09 09:48:49.661  2711  2723 I yani_kernel: yani_geteventfrom_changeaddr() Message-Id '1' Netlink event '16' Interface Index '5' -> Name 'wlan0' 
04-09 09:48:49.664  2952  2963 D wac-main: Netlink event
04-09 09:48:49.664  2952  2963 E wac-main: Netlink event 16 Interface Index 5 
04-09 09:48:49.664  2952  2963 E wac-main: Enter poll and wait
04-09 09:48:49.668  2711  2723 I yani_server: NetLink Event '-1' Interface-Index '5' WLAN '-1' Ethernet '-1' Parsed-iFill '-1' -> 'INVALID' ifIndex '1' -> 'lo'
04-09 09:48:49.671  2711  2723 I yani_server: NetLink Event '-1' Interface-Index '5' WLAN '0' Ethernet '-1' Parsed-iFill '-1' -> 'INVALID' ifIndex '1' -> 'lo'
04-09 09:48:49.674  2711  2723 I chatty  : uid=0(root) YaniServer identical 2 lines
04-09 09:48:49.674  2711  2723 I yani_server: NetLink Event '-1' Interface-Index '5' WLAN '0' Ethernet '-1' Parsed-iFill '-1' -> 'INVALID' ifIndex '1' -> 'lo'
04-09 09:48:49.676  2953  3152 I LibreCastControlDelegate: OnCastStatus() +++ Lyric Speaker Box 21f384:0xab7cc198:NOT_SETUP
04-09 09:48:49.676  2953  3152 I LibreCastControlDelegate: Device Build Number -> '1.52.272222'
04-09 09:48:49.676  2953  3152 I librecast: updateCastBuildVersion() Version 1.52.272222
04-09 09:48:49.676  2712  2712 I lucitransport: readRemoteMessage() MID char = 7 buffer = 1.52.272222
04-09 09:48:49.676  2953  3152 I LibreCastControlDelegate: Active Applications -> 0
04-09 09:48:49.677  2953  3152 I LibreCastControlDelegate: Current Cast State '2' -> 'NOT_SETUP'
04-09 09:48:49.677  2953  3152 I LibreCastControlDelegate: OnCastStatus() ---
04-09 09:48:49.677  2711  2723 I yani_server: NetLink Event '-1' Interface-Index '5' WLAN '0' Ethernet '-1' Parsed-iFill '-1' -> 'INVALID' ifIndex '1' -> 'lo'
04-09 09:48:49.681  2711  2723 I chatty  : uid=0(root) YaniServer identical 6 lines
04-09 09:48:49.682  2711  2723 I yani_server: NetLink Event '-1' Interface-Index '5' WLAN '0' Ethernet '-1' Parsed-iFill '-1' -> 'INVALID' ifIndex '1' -> 'lo'
04-09 09:48:49.682  2711  2723 I yani_kernel: yani_geteventfrom_changeaddr() Message-Id '1' Netlink event '16' Interface Index '5' -> Name 'wlan0' 
04-09 09:48:49.773  3073  3073 I cast_shell: [3076:3084:ERROR:connectivity_checker_impl.cc(265)] Connectivity check failed: 400
04-09 09:48:50.341  3073  3073 I cast_shell: [3076:3114:INFO:metrics_recorder.cc(282)] Record action: Setup.scan_results.BLE
04-09 09:48:50.416  3073  3073 I cast_shell: [3076:3114:INFO:metrics_recorder.cc(282)] Record action: Setup.scan_results.BLE
04-09 09:48:50.780  3073  3073 I cast_shell: [3076:3084:ERROR:connectivity_checker_impl.cc(265)] Connectivity check failed: 400
04-09 09:48:51.786  3073  3073 I cast_shell: [3076:3084:ERROR:connectivity_checker_impl.cc(265)] Connectivity check failed: 400
04-09 09:48:52.578  3073  3073 I cast_shell: [3076:3114:INFO:ble_setup.cc(322)] Record action: Setup.play_sound.BLE
04-09 09:48:52.579  3073  3073 I cast_shell: [3076:3093:INFO:synchronized_sound_player.cc(362)] Playing sound key 2
04-09 09:48:52.607  3073  3073 I cast_shell: [3076:3093:INFO:audio_decoder_software_wrapper.cc(86)] Using backend decoder for PCM
04-09 09:48:52.608  3073  3073 I cast_shell: [3076:3098:INFO:mixer_input_connection.cc(208)] Create 0xf3c0f2d8 (no_delay), content type: media, focus type: media, fill size: 512, algorithm fill size: 221, channel count: 1, input sample rate: 44100, start threshold: 3087, max queue size: 8820, socket: 0xf4e15a50
04-09 09:48:52.608  3073  3073 I cast_shell: [3076:3097:INFO:mixer_output_stream_alsa.cc(428)] ALSA buffer = 4096, period = 512
04-09 09:48:52.608  3073  3073 I cast_shell: [3076:3096:INFO:stream_mixer.cc(604)] Input source channel count = 1
04-09 09:48:52.608  3073  3073 I cast_shell: [3076:3096:INFO:stream_mixer.cc(607)] Dynamic channel count not enabled; using stereo
04-09 09:48:52.608  3073  3073 I cast_shell: [3076:3096:INFO:stream_mixer.cc(604)] Input source channel count = 1
04-09 09:48:52.608  3073  3073 I cast_shell: [3076:3096:INFO:stream_mixer.cc(607)] Dynamic channel count not enabled; using stereo
04-09 09:48:52.608  3073  3073 I cast_shell: [3076:3096:INFO:stream_mixer.cc(416)] Start with 0 active inputs
04-09 09:48:52.612  3073  3073 I cast_shell: [3076:3097:INFO:mixer_output_stream_alsa.cc(171)] snd_pcm_open: handle=0xf284bdc0
04-09 09:48:52.619  3073  3073 I cast_shell: [3076:3097:WARNING:mixer_output_stream_alsa.cc(341)] Requested sample rate (44100 Hz) does not match the actual sample rate (48000 Hz). This may lead to lower audio quality.
04-09 09:48:52.619  3073  3073 I cast_shell: [3076:3097:INFO:mixer_output_stream_alsa.cc(346)] Sample rate changed from 0 to 48000
04-09 09:48:52.620  3073  3073 I cast_shell: [3076:3097:WARNING:mixer_output_stream_alsa.cc(379)] Requested period size (512 frames) does not match the actual period size (1024 frames). This may lead to an increase in CPU usage or an increase in audio latency.
04-09 09:48:52.622  3073  3073 I cast_shell: [3076:3096:INFO:stream_mixer.cc(466)] Output 2 channels at 48000 samples per second
04-09 09:48:52.623  3073  3073 I cast_shell: [3076:3097:INFO:filter_group.cc(340)] : 2ch@48000hz -> [GROUP]mix -> 2ch@48000hz
04-09 09:48:52.623  3073  3073 I cast_shell: [3076:3096:INFO:stream_mixer.cc(484)] Using 2 loopback channels
04-09 09:48:52.623  3073  3073 I cast_shell: [3076:3097:INFO:filter_group.cc(340)] [GROUP]mix: 2ch@48000hz -> [GROUP]linearize -> 2ch@48000hz
04-09 09:48:52.623  3073  3073 I cast_shell: [3076:3096:INFO:stream_mixer.cc(640)] Add input 0xf3c0f2dc to mix @ 48000 samples per second. Is primary source? = 0
04-09 09:48:52.628  3073  3073 I cast_shell: [3076:3096:INFO:mixer_input.cc(361)] no_delay(0xf3c0f2dc): set volume limits to [0, 1]
04-09 09:48:52.628  3073  3073 I cast_shell: [3076:3096:INFO:mixer_input.cc(121)] Remixing channels for 0xf3c0f2dc from 1 to 2
04-09 09:48:52.628  3073  3073 I cast_shell: [3076:3096:INFO:mixer_input.cc(346)] no_delay(0xf3c0f2dc): type volume = 1, effective multiplier = 1
04-09 09:48:52.628  3073  3073 I cast_shell: [3076:3096:INFO:mixer_input.cc(395)] no_delay(0xf3c0f2dc): mute volume = 1, effective multiplier = 1
04-09 09:48:52.629  3073  3073 I cast_shell: [3076:3093:INFO:media_pipeline_backend_for_mixer.cc(276)] Audio ready to play
04-09 09:48:52.629  3073  3073 I cast_shell: [3076:3096:INFO:mixer_input_connection.cc(1053)] 0xf3c0f2d8 ready for playback
04-09 09:48:52.630  3073  3073 I cast_shell: [3076:3096:INFO:mixer_input_connection.cc(705)] Start 0xf3c0f2d8
04-09 09:48:52.637  3073  3073 I cast_shell: [3076:3114:INFO:ble_setup.cc(322)] Record action: Setup.play_sound.BLE
04-09 09:48:52.639  3073  3073 I cast_shell: [3076:3093:INFO:synchronized_sound_player.cc(362)] Playing sound key 0
04-09 09:48:52.639  3073  3073 I cast_shell: [3076:3098:INFO:mixer_input_connection.cc(386)] Remove 0xf3c0f2d8
04-09 09:48:52.660  3073  3073 I cast_shell: [3076:3093:INFO:audio_decoder_software_wrapper.cc(86)] Using backend decoder for PCM
04-09 09:48:52.660  3073  3073 I cast_shell: [3076:3098:INFO:mixer_input_connection.cc(208)] Create 0xf3c13380 (no_delay), content type: media, focus type: media, fill size: 512, algorithm fill size: 240, channel count: 2, input sample rate: 48000, start threshold: 3360, max queue size: 9600, socket: 0xf4e3e850
04-09 09:48:52.676  3073  3073 I cast_shell: [3076:3098:INFO:mixer_input_connection.cc(243)] Delete 0xf3c0f2d8
04-09 09:48:52.677  3073  3073 I cast_shell: [3076:3096:INFO:stream_mixer.cc(683)] Remove input 0xf3c0f2dc
04-09 09:48:52.677  3073  3073 I cast_shell: [3076:3096:INFO:stream_mixer.cc(683)] Remove input 0xf3c0f2dc
04-09 09:48:52.677  3073  3073 I cast_shell: [3076:3093:INFO:media_pipeline_backend_for_mixer.cc(276)] Audio ready to play
04-09 09:48:52.677  3073  3073 I cast_shell: [3076:3096:INFO:stream_mixer.cc(683)] Remove input 0xf3c0f2dc
04-09 09:48:52.678  3073  3073 I cast_shell: [3076:3096:INFO:stream_mixer.cc(604)] Input source channel count = 2
04-09 09:48:52.678  3073  3073 I cast_shell: [3076:3096:INFO:stream_mixer.cc(607)] Dynamic channel count not enabled; using stereo
04-09 09:48:52.678  3073  3073 I cast_shell: [3076:3096:INFO:stream_mixer.cc(640)] Add input 0xf3c13384 to mix @ 48000 samples per second. Is primary source? = 0
04-09 09:48:52.678  3073  3073 I cast_shell: [3076:3096:INFO:mixer_input.cc(361)] no_delay(0xf3c13384): set volume limits to [0, 1]
04-09 09:48:52.678  3073  3073 I cast_shell: [3076:3096:INFO:mixer_input.cc(346)] no_delay(0xf3c13384): type volume = 1, effective multiplier = 1
04-09 09:48:52.678  3073  3073 I cast_shell: [3076:3096:INFO:mixer_input.cc(395)] no_delay(0xf3c13384): mute volume = 1, effective multiplier = 1
04-09 09:48:52.678  3073  3073 I cast_shell: [3076:3096:INFO:mixer_input_connection.cc(1053)] 0xf3c13380 ready for playback
04-09 09:48:52.697  3073  3073 I cast_shell: [3076:3096:INFO:mixer_input_connection.cc(705)] Start 0xf3c13380
04-09 09:48:52.791  3073  3073 I cast_shell: [3076:3084:ERROR:connectivity_checker_impl.cc(265)] Connectivity check failed: 400
04-09 09:48:53.798  3073  3073 I cast_shell: [3076:3084:ERROR:connectivity_checker_impl.cc(265)] Connectivity check failed: 400
04-09 09:48:54.297  3073  3073 I cast_shell: [3076:3096:INFO:mixer_input_connection.cc(589)] End of stream for 0xf3c13380
04-09 09:48:54.489  3073  3073 I cast_shell: [3076:3093:INFO:synchronized_sound_player.cc(496)] Finished playing sound
04-09 09:48:54.489  3073  3073 I cast_shell: [3076:3098:INFO:mixer_input_connection.cc(386)] Remove 0xf3c13380
04-09 09:48:54.553  3073  3073 I cast_shell: [3076:3098:INFO:mixer_input_connection.cc(243)] Delete 0xf3c13380
04-09 09:48:54.553  3073  3073 I cast_shell: [3076:3096:INFO:stream_mixer.cc(683)] Remove input 0xf3c13384
04-09 09:48:54.553  3073  3073 I cast_shell: [3076:3096:INFO:stream_mixer.cc(774)] Close timeout
04-09 09:48:54.553  3073  3073 I cast_shell: [3076:3096:INFO:stream_mixer.cc(541)] Stop
04-09 09:48:54.553  3073  3073 I cast_shell: [3076:3084:INFO:loopback_audio_input.cc(194)] [REALIGN] loopback interrupted; reason = 4
04-09 09:48:54.554  3073  3073 I cast_shell: [3076:3076:INFO:cast_receiver_mojo.cc(844)] cast event : Cast.Platform.Audio.OutputInterrupted
04-09 09:48:54.638  3073  3073 I cast_shell: [3076:3097:INFO:mixer_output_stream_alsa.cc(293)] snd_pcm_close: handle=0xf284bdc0
04-09 09:48:54.804  3073  3073 I cast_shell: [3076:3084:ERROR:connectivity_checker_impl.cc(265)] Connectivity check failed: 400
04-09 09:49:02.857  3073  3073 I chatty  : uid=1000(chrome) /bin/logwrapper identical 8 lines
04-09 09:49:03.864  3073  3073 I cast_shell: [3076:3084:ERROR:connectivity_checker_impl.cc(265)] Connectivity check failed: 400
04-09 09:49:04.483  3073  3073 I cast_shell: [3076:3114:INFO:ble_setup.cc(322)] Record action: Setup.connect_wifi.BLE
04-09 09:49:04.490  3073  3073 I cast_shell: [3076:3114:INFO:setup_manager_impl.cc(1965)] New value: pref=tos-accepted, value=1
04-09 09:49:04.490  3073  3073 I cast_shell: [3076:3114:INFO:api_connect_wifi.cc(86)] connect_wifi Auth: 7
04-09 09:49:04.490  3073  3073 I cast_shell: [3076:3114:INFO:api_connect_wifi.cc(90)] connect_wifi Cipher: 4
04-09 09:49:04.490  3073  3073 I cast_shell: [3076:3076:INFO:bluetooth_setup.cc(686)] Disabling connectability: no bonded devices.
04-09 09:49:04.490  3073  3073 I cast_shell: [3076:3076:INFO:cast_receiver_impl.cc(1100)] Leaving discovery-only mode
