04-09 10:45:45.371     0     0 I         : [    1.417663@0] Registered cp15_barrier emulation handler
04-09 10:45:45.371     0     0 I         : [    1.418049@0] Registered setend emulation handler
04-09 10:45:45.371     0     0 I         : [    1.418598@0] disable EAS feature
04-09 10:45:45.371     0     0 I         : [    1.419671@0] registered taskstats version 1
04-09 10:45:45.371     0     0 W         : [    1.429330@0] dwc3 ff500000.dwc3: Configuration mismatch. dr_mode forced to host
04-09 10:45:45.371     0     0 I         : [    1.934000@0] xhci-hcd xhci-hcd.0.auto: xHCI Host Controller
04-09 10:45:45.372     0     0 I         : [    1.934062@0] xhci-hcd xhci-hcd.0.auto: new USB bus registered, assigned bus number 1
04-09 10:45:45.372     0     0 I         : [    1.935310@0] xhci-hcd xhci-hcd.0.auto: hcc params 0x0220f664 hci version 0x100 quirks 0x02010010
04-09 10:45:45.372     0     0 I         : [    1.935747@0] xhci-hcd xhci-hcd.0.auto: irq 27, io mem 0xff500000
04-09 10:45:45.372     0     0 I         : [    1.937208@0] hub 1-0:1.0: USB hub found
04-09 10:45:45.372     0     0 I         : [    1.937279@0] hub 1-0:1.0: 1 port detected
04-09 10:45:45.372     0     0 I         : [    1.937814@0] xhci-hcd xhci-hcd.0.auto: xHCI Host Controller
04-09 10:45:45.372     0     0 I         : [    1.938039@0] xhci-hcd xhci-hcd.0.auto: new USB bus registered, assigned bus number 2
04-09 10:45:45.372     0     0 I         : [    1.938894@0] usb usb2: We don't know the algorithms for LPM for this host, disabling LPM.
04-09 10:45:45.372     0     0 I         : [    1.940397@1] hub 2-0:1.0: USB hub found
04-09 10:45:45.372     0     0 E         : [    1.940462@1] hub 2-0:1.0: config failed, hub doesn't have any ports! (err -19)
04-09 10:45:45.372     0     0 E         : [    1.941063@1] usb usb2: Unsupported the hub
04-09 10:45:45.372     0     0 I         : [    1.941842@1] aml_vrtc rtc: setting system clock to 2022-04-09 05:15:42 UTC (1649481342)
04-09 10:45:45.372     0     0 D         : [    1.942665@1] dwc_otg ff400000.dwc2_a: dwc_otg_driver_probe(ffffffc01d6acc00)
04-09 10:45:45.372     0     0 W [    1.942711@1] dwc_otg: usb0: type: 2 speed: 0, config: 0, dma: 0, id: 0, phy: ffe09000, ctrl: 0
04-09 10:45:45.372     0     0 D         : [    1.943056@1] dwc_otg ff400000.dwc2_a: base=0xffffff8008a40000
04-09 10:45:45.372     0     0 D         : [    1.943062@1] dwc_otg ff400000.dwc2_a: dwc_otg_device=0xffffffc01c794e00
04-09 10:45:45.372     0     0 W [    2.043335@1] dwc_otg: Core Release: 3.10a
04-09 10:45:45.372     0     0 W [    2.043370@1] dwc_otg: Setting default values for core params
04-09 10:45:45.372     0     0 W [    2.043783@1] dwc_otg: curmode: 0, host_only: 0
04-09 10:45:45.372     0     0 D         : [    2.044236@1] dwc_otg ff400000.dwc2_a: DMA config: BURST_DEFAULT
04-09 10:45:45.372     0     0 W [    2.056542@1] dwc_otg: Using Buffer DMA mode
04-09 10:45:45.372     0     0 W [    2.056565@1] dwc_otg: OTG VER PARAM: 1, OTG VER FLAG: 1
04-09 10:45:45.372     0     0 W [    2.056949@1] dwc_otg: Working on port type = SLAVE
04-09 10:45:45.372     0     0 W [    2.057434@1] dwc_otg: Dedicated Tx FIFOs mode
04-09 10:45:45.372     0     0 I [    2.059772@1] input: adc_keypad as /devices/platform/adc_keypad/input/input1
04-09 10:45:45.372     0     0 I         : [    2.061565@3] cpucore_cooling_register, max_cpu_core_num:4
04-09 10:45:45.372     0     0 I [    2.068199@1] gxbb_pm: enter meson_pm_probe!
04-09 10:45:45.372     0     0 I         : [    2.068238@1] no vddio3v3_en pin
04-09 10:45:45.372     0     0 E         : [    2.068401@1] pm-meson aml_pm: Can't get switch_clk81
04-09 10:45:45.372     0     0 I [    2.068922@1] gxbb_pm: meson_pm_probe done
04-09 10:45:45.372     0     0 I         : [    2.069654@1] ALSA device list:
04-09 10:45:45.372     0     0 I [    2.069681@1]   #0: AML-AUGESOUND
04-09 10:45:45.372     0     0 I         : [    2.070210@1] meson_uart ff804000.serial: ttyS3 use xtal(8M) 24000000 change 115200 to 115200
04-09 10:45:45.372     0     0 I         : [    2.076156@1] Freeing unused kernel memory: 6080K
04-09 10:45:45.372     0     0 I [    2.289160@3] ubi0: attaching mtd6
04-09 10:45:45.372     0     0 I [    2.499789@3] ubi0: scanning is finished
04-09 10:45:45.372     0     0 I [    2.503738@0] ubi0: attached mtd6 (name "system", size 100 MiB)
04-09 10:45:45.372     0     0 I [    2.504022@0] ubi0: PEB size: 262144 bytes (256 KiB), LEB size: 253952 bytes
04-09 10:45:45.372     0     0 I [    2.511031@0] ubi0: min./max. I/O unit sizes: 4096/4096, sub-page size 4096
04-09 10:45:45.372     0     0 I [    2.517913@0] ubi0: VID header offset: 4096 (aligned 4096), data offset: 8192
04-09 10:45:45.372     0     0 I [    2.524984@0] ubi0: good PEBs: 400, bad PEBs: 0, corrupted PEBs: 0
04-09 10:45:45.372     0     0 I [    2.531112@0] ubi0: user volume: 1, internal volumes: 1, max. volumes count: 128
04-09 10:45:45.372     0     0 I [    2.538446@0] ubi0: max/mean erase counter: 37/25, WL threshold: 4096, image sequence number: 736763309
04-09 10:45:45.372     0     0 I [    2.547805@0] ubi0: available PEBs: 0, total reserved PEBs: 400, PEBs reserved for bad PEB handling: 40
04-09 10:45:45.372     0     0 I [    2.557083@3] ubi0: background thread "ubi_bgt0d" started, PID 2142
04-09 10:45:45.372     0     0 I         : [    2.562877@0] UBIFS (ubi0:0): background thread "ubifs_bgt0_0" started, PID 2144
04-09 10:45:45.372     0     0 I         : [    2.606633@2] UBIFS (ubi0:0): UBIFS: mounted UBI device 0, volume 0, name "rootfs"
04-09 10:45:45.372     0     0 I         : [    2.608559@2] UBIFS (ubi0:0): LEB size: 253952 bytes (248 KiB), min./max. I/O unit sizes: 4096 bytes/4096 bytes
04-09 10:45:45.372     0     0 I         : [    2.618593@2] UBIFS (ubi0:0): FS size: 87867392 bytes (83 MiB, 346 LEBs), journal size 9404416 bytes (8 MiB, 38 LEBs)
04-09 10:45:45.372     0     0 I         : [    2.629091@2] UBIFS (ubi0:0): reserved for root: 0 bytes (0 KiB)
04-09 10:45:45.372     0     0 I         : [    2.635043@2] UBIFS (ubi0:0): media format: w4/r0 (latest is w4/r0), UUID DC99A6D8-69BA-4DD7-9E44-726260A6E747, small LPT model
04-09 10:45:45.372     0     0 I [    2.879187@0] init: property init
04-09 10:45:45.372     0     0 I [    2.879920@0] init: reading config file
04-09 10:45:45.372     0     0 I [    2.886691@0] init: processing action 0xab050808 (boot_start)
04-09 10:45:45.372     0     0 I [    2.894475@0] init: command 'boot_start' r=0
04-09 10:45:45.372     0     0 I [    2.895520@0] init: processing action 0xab04c6b0 (early-init)
04-09 10:45:45.372     0     0 I [    2.900293@0] init: starting 'ueventd'
04-09 10:45:45.372     0     0 I [    2.903538@0] init: command 'start' r=0
04-09 10:45:45.372     0     0 I [    2.906409@0] init: command 'loglevel' r=0
04-09 10:45:45.372     0     0 I [    2.911322@0] init: command 'mount' r=0
04-09 10:45:45.372     0     0 I [    2.913025@1] init: starting ueventd
04-09 10:45:45.372     0     0 I [    2.913792@1] init: /sys/ rule /sys/devices/virtual/input/input* enable
04-09 10:45:45.372     0     0 I [    2.913803@1] init: /sys/ rule /sys/devices/virtual/input/input* poll_delay
04-09 10:45:45.372     0     0 I [    2.913813@1] init: /sys/ rule /sys/devices/virtual/usb_composite/* enable
04-09 10:45:45.372     0     0 I [    2.919310@1] init: adding platform device ffd0f0d0.watchdog
04-09 10:45:45.372     0     0 I [    2.919717@1] init: adding platform device reg-dummy
04-09 10:45:45.372     0     0 I [    2.920388@1] init: adding platform device cpu_iomap
04-09 10:45:45.372     0     0 I [    2.920672@1] init: adding platform device 7400000.ramoops
04-09 10:45:45.372     0     0 I [    2.920926@1] init: adding platform device bt-dev
04-09 10:45:45.372     0     0 I [    2.921504@1] init: adding platform device dummy
04-09 10:45:45.372     0     0 I [    2.968954@0] init: command 'mount' r=0
04-09 10:45:45.372     0     0 I [    3.173645@2] ubi1: attaching mtd7
04-09 10:45:45.372     0     0 I [    3.467374@2] ubi1: scanning is finished
04-09 10:45:45.372     0     0 I [    3.471520@3] ubi1: attached mtd7 (name "chrome", size 140 MiB)
04-09 10:45:45.372     0     0 I [    3.471808@3] ubi1: PEB size: 262144 bytes (256 KiB), LEB size: 253952 bytes
04-09 10:45:45.372     0     0 I [    3.478930@3] ubi1: min./max. I/O unit sizes: 4096/4096, sub-page size 4096
04-09 10:45:45.372     0     0 I [    3.485703@3] ubi1: VID header offset: 4096 (aligned 4096), data offset: 8192
04-09 10:45:45.373     0     0 I [    3.492769@3] ubi1: good PEBs: 560, bad PEBs: 0, corrupted PEBs: 0
04-09 10:45:45.373     0     0 I [    3.498897@3] ubi1: user volume: 1, internal volumes: 1, max. volumes count: 128
04-09 10:45:45.373     0     0 I [    3.506225@3] ubi1: max/mean erase counter: 34/25, WL threshold: 4096, image sequence number: 1458511589
04-09 10:45:45.373     0     0 I [    3.515696@3] ubi1: available PEBs: 0, total reserved PEBs: 560, PEBs reserved for bad PEB handling: 40
04-09 10:45:45.373     0     0 I [    3.525023@2] ubi1: background thread "ubi_bgt1d" started, PID 2554
04-09 10:45:45.373     0     0 I         : [    3.539429@1] UBIFS (ubi1:0): background thread "ubifs_bgt1_0" started, PID 2558
04-09 10:45:45.373     0     0 I         : [    3.566501@0] UBIFS (ubi1:0): recovery needed
04-09 10:45:45.373     0     0 I         : [    3.610048@2] UBIFS (ubi1:0): recovery completed
04-09 10:45:45.373     0     0 I         : [    3.610221@2] UBIFS (ubi1:0): UBIFS: mounted UBI device 1, volume 0, name "chrome"
04-09 10:45:45.373     0     0 I         : [    3.616569@2] UBIFS (ubi1:0): LEB size: 253952 bytes (248 KiB), min./max. I/O unit sizes: 4096 bytes/4096 bytes
04-09 10:45:45.373     0     0 I         : [    3.626563@2] UBIFS (ubi1:0): FS size: 128499712 bytes (122 MiB, 506 LEBs), journal size 9404416 bytes (8 MiB, 38 LEBs)
04-09 10:45:45.373     0     0 I         : [    3.637255@2] UBIFS (ubi1:0): reserved for root: 0 bytes (0 KiB)
04-09 10:45:45.373     0     0 I         : [    3.643208@2] UBIFS (ubi1:0): media format: w4/r0 (latest is w4/r0), UUID 3D7B4A1D-6849-462E-B889-C151DCC94211, small LPT model
04-09 10:45:45.373     0     0 I [    3.686645@0] ubi2: attaching mtd8
04-09 10:45:45.373     0     0 I         : [    3.853266@0]  NAND bbt detect factory Bad block at 17a40000
04-09 10:45:45.373     0     0 I         : [    3.864886@0]  NAND bbt detect factory Bad block at 18000000
04-09 10:45:45.373     0     0 I         : [    3.864944@0]  NAND bbt detect factory Bad block at 18040000
04-09 10:45:45.373     0     0 I [    4.138292@0] ubi2: scanning is finished
04-09 10:45:45.373     0     0 I [    4.142898@2] ubi2: attached mtd8 (name "data", size 213 MiB)
04-09 10:45:45.373     0     0 I [    4.143017@2] ubi2: PEB size: 262144 bytes (256 KiB), LEB size: 253952 bytes
04-09 10:45:45.373     0     0 I [    4.150023@2] ubi2: min./max. I/O unit sizes: 4096/4096, sub-page size 4096
04-09 10:45:45.373     0     0 I [    4.156912@2] ubi2: VID header offset: 4096 (aligned 4096), data offset: 8192
04-09 10:45:45.373     0     0 I [    4.163975@2] ubi2: good PEBs: 849, bad PEBs: 3, corrupted PEBs: 0
04-09 10:45:45.373     0     0 I [    4.170103@2] ubi2: user volume: 2, internal volumes: 1, max. volumes count: 128
04-09 10:45:45.373     0     0 I [    4.177436@2] ubi2: max/mean erase counter: 65/45, WL threshold: 4096, image sequence number: 1018457084
04-09 10:45:45.373     0     0 I [    4.186836@2] ubi2: available PEBs: 0, total reserved PEBs: 849, PEBs reserved for bad PEB handling: 37
04-09 10:45:45.373     0     0 I [    4.196160@3] ubi2: background thread "ubi_bgt2d" started, PID 2566
04-09 10:45:45.373     0     0 I         : [    4.209864@1] UBIFS (ubi2:0): background thread "ubifs_bgt2_0" started, PID 2569
04-09 10:45:45.373     0     0 I         : [    4.236497@2] UBIFS (ubi2:0): recovery needed
04-09 10:45:45.373     0     0 I         : [    4.298445@3] UBIFS (ubi2:0): recovery completed
04-09 10:45:45.373     0     0 I         : [    4.298635@3] UBIFS (ubi2:0): UBIFS: mounted UBI device 2, volume 0, name "factory"
04-09 10:45:45.373     0     0 I         : [    4.305042@3] UBIFS (ubi2:0): LEB size: 253952 bytes (248 KiB), min./max. I/O unit sizes: 4096 bytes/4096 bytes
04-09 10:45:45.373     0     0 I         : [    4.315134@3] UBIFS (ubi2:0): FS size: 10158080 bytes (9 MiB, 40 LEBs), journal size 2285569 bytes (2 MiB, 9 LEBs)
04-09 10:45:45.373     0     0 I         : [    4.325300@3] UBIFS (ubi2:0): reserved for root: 0 bytes (0 KiB)
04-09 10:45:45.373     0     0 I         : [    4.331252@3] UBIFS (ubi2:0): media format: w4/r0 (latest is w4/r0), UUID AD7DC8BC-6ACA-4841-8B12-7A54B54F57E7, small LPT model
04-09 10:45:45.373     0     0 I         : [    4.354780@3] UBIFS (ubi2:1): background thread "ubifs_bgt2_1" started, PID 2572
04-09 10:45:45.373     0     0 I         : [    4.380590@1] UBIFS (ubi2:1): recovery needed
04-09 10:45:45.373     0     0 I         : [    4.464664@0] UBIFS (ubi2:1): recovery completed
04-09 10:45:45.373     0     0 I         : [    4.464824@0] UBIFS (ubi2:1): UBIFS: mounted UBI device 2, volume 1, name "data"
04-09 10:45:45.373     0     0 I         : [    4.471064@0] UBIFS (ubi2:1): LEB size: 253952 bytes (248 KiB), min./max. I/O unit sizes: 4096 bytes/4096 bytes
04-09 10:45:45.373     0     0 I         : [    4.481001@0] UBIFS (ubi2:1): FS size: 189956096 bytes (181 MiB, 748 LEBs), journal size 9404416 bytes (8 MiB, 38 LEBs)
04-09 10:45:45.373     0     0 I         : [    4.491692@0] UBIFS (ubi2:1): reserved for root: 0 bytes (0 KiB)
04-09 10:45:45.373     0     0 I         : [    4.497644@0] UBIFS (ubi2:1): media format: w4/r0 (latest is w4/r0), UUID 34A475AE-5814-4337-8EB7-8868427E3B0E, small LPT model
04-09 10:45:45.373     0     0 I         : [    4.735699@1] aml_wifi wifi: [usb_power_control] Set WiFi power down
04-09 10:45:45.373     0     0 I [    4.736423@1] meson-mmc: [sdio_notify] finish
04-09 10:45:45.373     0     0 I         : [    4.740770@1] aml_wifi wifi: [wifi_power_ioctl] ioctl Set sdio wifi power down!
04-09 10:45:45.373     0     0 I         : [    4.744370@0] UBIFS (ubi0:0): background thread "ubifs_bgt0_0" stops
04-09 10:45:46.442  2585  2585 E         : found the match wifi is: sd8887
04-09 10:45:46.442  2585  2585 E         : wifi_insmod command:insmod /lib/modules/4.9.113/kernel/mrvl/mlan8887.ko 
--------- beginning of system
04-09 10:45:46.479  2604  2604 I wpa_supplicant: Successfully initialized wpa_supplicant
04-09 10:45:46.506  2604  2604 E wpa_supplicant: Could not read interface wlan0 flags: No such device
04-09 10:45:46.514  2604  2604 I wpa_supplicant: nl80211: Driver does not support authentication/association or connect commands
04-09 10:45:46.517  2604  2604 I wpa_supplicant: nl80211: deinit ifname=wlan0 disabled_11b_rates=0
04-09 10:45:46.518  2604  2604 E wpa_supplicant: Could not read interface wlan0 flags: No such device
04-09 10:45:46.522  2604  2604 E wpa_supplicant: wlan0: Failed to initialize driver interface
04-09 10:45:46.607  2585  2585 E         : wifi_insmod command:insmod /lib/modules/4.9.113/kernel/mrvl/sd8xxx.ko cal_data_cfg=mrvl/WlanCalData_ext_LS9x_291119.conf txpwrlimit_cfg=mrvl/txpwrlimit_cfg_8887.bin fw_name=mrvl/sd8887_wlan_a2_p59.bin cfg80211_wext=0xf host_mlme=1 auto_ds=2 fw_serial=1 sta_name="wlan" uap_name="p2p" ps_mode=2 max_uap_bss=2 drvdbg=0x7 reg_alpha2="00"
04-09 10:45:47.731  2585  2585 E         : Load BT driver
04-09 10:45:47.731  2585  2585 E         : found the match wifi is: (null)
04-09 10:45:47.731  2585  2585 E         : wifi_insmod command:insmod /lib/modules/4.9.113/kernel/mrvl/bt8xxx.ko fw_name=mrvl/sd8887_bt_a2_p59.bin bt_fw_serial=0
04-09 10:45:47.847  2689  2689 W sshd    : Failed loading /etc/dropbear/dropbear_rsa_host_key
04-09 10:45:47.847  2689  2689 W sshd    : Failed loading /etc/dropbear/dropbear_dss_host_key
04-09 10:45:47.847  2689  2689 W sshd    : Failed loading /etc/dropbear/dropbear_ecdsa_host_key
04-09 10:45:47.851  2689  2689 I sshd    : Not backgrounding
04-09 10:45:47.872  2695  2695 I ServiceManager: Waiting for service libre.EnvItems...
04-09 10:45:47.880  2697  2697 E writeSerialNo: Writing serial number to unifykey
04-09 10:45:47.902  2691  2691 I sh      : FACTEST:unifykey read success:20 20
04-09 10:45:47.902  2691  2691 I sh      : inbuf=de4f95ffa64d5e74b026  ret=20 serial.txt=de4f95ffa64d5e74b026 bytesread=20 strcmp=0
04-09 10:45:47.937  2698  2698 I ENV     : init 
04-09 10:45:47.938  2698  2698 I ENV     :  First boot 
04-09 10:45:47.939  2698  2698 E ENV     : fileExists:153 /lsync/env/env.db does not exist
04-09 10:45:47.945  2698  2698 D AVS_SDK :  [  1] I sdkVersion: 1.19.1
04-09 10:45:47.945  2698  2698 E ENV     :  FAILED to open:/lsync/env/tmp.db 
04-09 10:45:47.946  2698  2698 I ENV     : removeItem:79:/lsync/env/tmp.db not found
04-09 10:45:47.947  2698  2698 E ENV     : /lsync/env/env.db does not Exist.. tempStorage = 0
04-09 10:45:47.947  2698  2698 I ENV     : createUserDBFromFactoryCfg 
04-09 10:45:47.954  2698  2698 I ENV     : Using /factory/custom/factoryEnv.conf as conf file
04-09 10:45:47.954  2698  2698 I ENV     : removeItem:79:/lsync/env/env.db not found
04-09 10:45:47.954  2698  2698 E ENV     : Error removing /lsync/env/env.db
04-09 10:45:48.018  2698  2698 E ENV     : createUserDBFromFactoryCfg:307: tempStorage is undefined
04-09 10:45:48.018  2698  2698 I ENV     : Using /factory/custom/factoryEnv.conf and /lsync/env/env.db as conf and db file
04-09 10:45:48.018  2698  2698 I ENV     : init 
04-09 10:45:48.018  2698  2698 I ENV     :  First boot 
04-09 10:45:48.018  2698  2698 I ENV     : fileExists:151 /lsync/env/env.db exists
04-09 10:45:48.020  2698  2698 I ENV     : Copied /lsync/env/env.db to /lsync/env/tmp.db
04-09 10:45:48.021  2698  2698 E ENV     : /lsync/env/env.db does not Exist.. tempStorage = abde0db0
04-09 10:45:48.021  2698  2698 I ENV     : createUserDBFromFactoryCfg 
04-09 10:45:48.023  2698  2698 I ENV     : Using /factory/custom/factoryEnv.conf as conf file
04-09 10:45:48.024  2698  2698 I ENV     : removeItem:74:/lsync/env/env.db removed
04-09 10:45:48.024  2698  2698 I ENV     : Removed /lsync/env/env.db
04-09 10:45:48.037  2698  2698 E ENV     : createUserDBFromFactoryCfg:301: Failed at tempStorage->get_changed
04-09 10:45:48.433  2698  2698 I chatty  : uid=0(root) env_service identical 64 lines
04-09 10:45:48.439  2698  2698 E ENV     : createUserDBFromFactoryCfg:301: Failed at tempStorage->get_changed
04-09 10:45:48.441  2698  2698 E AVS_SDK :  [  1] E SQLiteStatement:SQLiteStatement::stepFailed::Executing the select did not generate a row or complete.:result=19
04-09 10:45:48.441  2698  2698 E AVS_SDK :  [  1] E SQLiteStatement:SQLiteStatement::finalizeFailed::Could release the prepared statement.:rcode=19
04-09 10:45:48.441  2698  2698 E ENV     : createUserDBFromFactoryCfg:286: Failed at m_miscStorage->put
04-09 10:45:48.447  2698  2698 E ENV     : createUserDBFromFactoryCfg:301: Failed at tempStorage->get_changed
04-09 10:45:48.634  2698  2698 I chatty  : uid=0(root) env_service identical 29 lines
04-09 10:45:48.640  2698  2698 E ENV     : createUserDBFromFactoryCfg:301: Failed at tempStorage->get_changed
04-09 10:45:48.641  2698  2698 I ENV     : Using /factory/custom/factoryEnv.conf and /lsync/env/env.db as conf and db file
04-09 10:45:48.642  2698  2698 I ENV     : fileExists:151 /lsync/env/env_bk.db exists
04-09 10:45:48.642  2698  2698 I ENV     : fileExists:151 /factory/custom/factoryEnv_bk.conf exists
04-09 10:45:48.643  2698  2698 I ENV     : removeItem:74:/lsync/env/tmp.db removed
04-09 10:45:50.887  2710  2710 I wpa_supplicant: Successfully initialized wpa_supplicant
04-09 10:45:50.899  2710  2710 I wpa_supplicant: rfkill: Cannot open RFKILL control device
04-09 10:45:50.919  2712  2712 E LUCI_FACTORY: LUCIFactory::registerBuiltinFactories
04-09 10:45:50.925  2713  2713 I main_sourceswitch: ServiceManager: 0xabac9f88
04-09 10:45:50.927  2713  2713 E luci_helper: LUCIHelper: Waiting for Module Init
04-09 10:45:50.927  2713  2713 E luci_helper: LUCIHelper: Waiting for Module Init
04-09 10:45:50.928  2712  2712 E LUCI_SERVER: IP = 0
04-09 10:45:50.977  2691  2691 I sh      : Simple mixer control 'Master',0
04-09 10:45:50.977  2691  2691 I sh      :   Capabilities: volume pswitch pswitch-joined
04-09 10:45:50.977  2691  2691 I sh      :   Playback channels: Front Left - Front Right
04-09 10:45:50.977  2691  2691 I sh      :   Capture channels: Front Left - Front Right
04-09 10:45:50.977  2691  2691 I sh      :   Limits: 0 - 100
04-09 10:45:50.985  2711  2711 E luci_helper: LUCIHelper: Waiting for Module Init
04-09 10:45:50.986  2711  2711 E luci_helper: LUCIHelper: Waiting for Module Init
04-09 10:45:50.987  2711  2711 E yani_server: YaniServer FAILED TO GET LuciHelper
04-09 10:45:50.999  2691  2691 I sh      :   Front Left: 30 [30%] [-10.45dB] Playback [on]
04-09 10:45:50.999  2691  2691 I sh      :   Front Right: 30 [30%] [-10.45dB] Playback [on]
04-09 10:45:51.002  2712  2712 E luciUART: bufff write ? = 1 
04-09 10:45:51.004  2712  2712 E luciUART: tcsetattr succeed
04-09 10:45:51.005  2712  2721 E LUCI_SERVER: Luci Server Thread waiting for packets....
04-09 10:45:51.025  2710  2710 I wpa_supplicant: MPM: Debug Dialog Token initialized 1131421336 (0x43701e98)
04-09 10:45:51.031  2710  2710 I wpa_supplicant: wlan0: CTRL-EVENT-REGDOM-CHANGE init=USER type=COUNTRY alpha2=US
04-09 10:45:51.117  2709  2709 I         : [0408/221551.117097:INFO:cast_auth_check.cc(163)] Cast auth test is successful.
04-09 10:45:51.448  2711  2723 E yani_kernel: Interface status 0
04-09 10:45:51.456  2711  2723 I yani_kernel: set_device_name() Interface 'wlan0' MAC Address 'cc:90:93:21:f3:84' FriendlyName 'Lyric Speaker Box 21f384' status '0'
04-09 10:45:51.457  2711  2723 I yani_server: First boot after Factory reset! Friendly Name modified Lyric Speaker Box  -> Lyric Speaker Box 21f384
04-09 10:45:51.463  2712  2712 I lucitransport: writeRemoteMessage() MID = 90 buffer = Lyric Speaker Box 21f384
04-09 10:45:51.463  2712  2712 I luciUART: write() MID = 90  bytes = 34 data = Lyric Speaker Box 21f384 m_fd = 0x5
04-09 10:45:51.463  2712  2712 I lucitransport: writeLocalMessage() MID = 90 buffer = Lyric Speaker Box 21f384
04-09 10:45:51.463  2712  2721 E LUCI_SERVER: Luci Server Thread wait over MID 90....
04-09 10:45:51.465  2711  2723 E yani_server: Device Supports CastSetup 1
04-09 10:45:51.465  2711  2723 I yani_kernel: yani_init_net() Success Netlink socket fd 6
04-09 10:45:51.468  2711  2723 E WifiHW  : wifi_start_supplicant
04-09 10:45:51.468  2711  2723 E WifiHW  : wifi_start_ctl.start : wpa_supplicant
04-09 10:45:51.494  2712  2721 E LUCI_SERVER: Luci Server Thread waiting for packets....
04-09 10:45:51.669  2711  2723 E WifiHW  : wifi_connect_to_supplicant : wlan0
04-09 10:45:51.669  2711  2723 E WifiHW  : wifi_connect_on_socket_path1 : wlan0
04-09 10:45:51.672  2711  2723 E yani_wifi: enable_disable_net_if() Failed SIOCGIFFLAGS for interface 'wlan1' enable '0'
04-09 10:45:51.677  2711  2723 I yani_wifi: configure_wifi() SSID '' security '' passphrase '********' Country 'US'
04-09 10:45:52.894  2691  2691 I sh      : LSDeviceService: not found
04-09 10:45:52.972  2728  2728 E         :  Start MessageBox Handler 
04-09 10:45:52.998  2732  2732 I NetMgr  : Net_Mgr starting
04-09 10:45:52.999  2728  2738 E MB_HANDLER: HOST present 1
04-09 10:45:53.004  2732  2732 I HotspotManager: Default WiFi Interface : wlan0
04-09 10:45:53.006  2728  2738 E MB_HANDLER:  REGISTERED YANI LISTENER IN MessageBoxHandler
04-09 10:45:53.008  2728  2738 E         : External Host present 1
04-09 10:45:53.008  2728  2738 E MB_HANDLER: REGISTERED ExternalSource IN MessageBoxHandler
04-09 10:45:53.012  2728  2738 E MB_HANDLER: Check Device Support ENV_CastSetup true ENV_GoogleCast_ID true 
04-09 10:45:53.012  2712  2712 I lucitransport: readRemoteMessage() MID char = 43689 buffer = 1
04-09 10:45:53.013  2729  2729 E UIModeManager: UIModeManager Constructor ++
04-09 10:45:53.014  2712  2712 I lucitransport: writeRemoteMessage() MID = 43690 buffer = ªªªªª
04-09 10:45:53.014  2712  2712 I luciUART: write() MID = 43690  bytes = 15 data = ªªªªª m_fd = 0x5
04-09 10:45:53.014  2728  2738 E MB_HANDLER: LUCI UART READY MSG!!
04-09 10:45:53.014  2728  2738 E MB_HANDLER: Set Default Network Status on Bootup 0#1,0#2,0#3,0#4,0!
04-09 10:45:53.015  2712  2712 I lucitransport: writeRemoteMessage() MID = 124 buffer = 0#1,0#2,0#3,0#4,0
04-09 10:45:53.015  2712  2712 I luciUART: write() MID = 124  bytes = 27 data = 0#1,0#2,0#3,0#4,0 m_fd = 0x5
04-09 10:45:53.015  2712  2712 I lucitransport: readRemoteMessage() MID char = 43689 buffer = 1
04-09 10:45:53.015  2712  2712 I lucitransport: readRemoteMessage() MID char = 38 buffer = (null)
04-09 10:45:53.015  2712  2712 I lucitransport: readRemoteMessage() MID char = 35 buffer = 0
04-09 10:45:53.016  2728  2738 E MB_HANDLER: connected_cnt =0
04-09 10:45:53.016  2712  2712 I lucitransport: writeRemoteMessage() MID = 35 buffer = 1
04-09 10:45:53.025  2712  2720 E luciUART: UART:0
04-09 10:45:53.025  2712  2720 E luciUART: UART:9
04-09 10:45:53.025  2712  2720 E luciUART: UART:0
04-09 10:45:53.025  2712  2720 I chatty  : uid=0(root) UARTLUCIControl identical 2 lines
04-09 10:45:53.025  2712  2720 E luciUART: UART:0
04-09 10:45:53.025  2728  2738 I MB_HANDLER: Env Details: LS-Host '1' Cast-Setup 'true'
04-09 10:45:53.025  2728  2738 E MB_HANDLER: Message Handler Thread waiting for messages....
04-09 10:45:53.026  2712  2720 E luciUART: UART:1
04-09 10:45:53.026  2712  2720 I luciUART: read() RemoteID = 43690 Command = 9 Type = 2 Status = 0 DataLen = 1
04-09 10:45:53.026  2712  2720 E luciUART: Error: full data not available yet! readBytes 0
04-09 10:45:53.026  2712  2720 I luciUART: Previous Packet read contd., 
04-09 10:45:53.026  2712  2720 E luciUART: UART:31
04-09 10:45:53.026  2712  2720 E luciUART: UART:aa
04-09 10:45:53.026  2712  2720 E luciUART: UART:aa
04-09 10:45:53.026  2712  2721 E LUCI_SERVER: Luci Server Thread wait over MID 9....
04-09 10:45:53.026  2712  2720 E luciUART: UART:1
04-09 10:45:53.026  2712  2720 E luciUART: UART:0
04-09 10:45:53.026  2712  2720 E luciUART: UART:7c
04-09 10:45:53.026  2712  2721 I luciUART: write() MID = 9  bytes = 10 data =  m_fd = 0x5
04-09 10:45:53.026  2712  2720 E luciUART: UART:0
04-09 10:45:53.026  2712  2721 E LUCI_SERVER: Luci Server Thread waiting for packets....
04-09 10:45:53.026  2712  2720 E luciUART: UART:0
04-09 10:45:53.026  2712  2720 I chatty  : uid=0(root) UARTLUCIControl identical 1 line
04-09 10:45:53.026  2712  2720 E luciUART: UART:0
04-09 10:45:53.026  2712  2720 I luciUART: read() RemoteID = 43690 Command = 124 Type = 1 Status = 0 DataLen = 0
04-09 10:45:53.026  2712  2720 E luciUART: UART:aa
04-09 10:45:53.026  2712  2721 E LUCI_SERVER: Luci Server Thread wait over MID 124....
04-09 10:45:53.026  2712  2720 E luciUART: UART:aa
04-09 10:45:53.026  2712  2720 E luciUART: UART:2
04-09 10:45:53.026  2712  2721 I luciUART: write() MID = 124  bytes = 27 data = 0#1,0#2,0#3,0#4,0 m_fd = 0x5
04-09 10:45:53.026  2712  2720 E luciUART: UART:0
04-09 10:45:53.026  2712  2720 E luciUART: UART:0
04-09 10:45:53.026  2712  2720 E luciUART: UART:52
04-09 10:45:53.026  2712  2720 I luciUART: Previous Packet read contd., 
04-09 10:45:53.026  2712  2720 E luciUART: UART:41
04-09 10:45:53.026  2712  2720 E luciUART: UART:44
04-09 10:45:53.026  2712  2720 I luciUART: Previous Packet read contd., 
04-09 10:45:53.026  2712  2720 E luciUART: UART:5f
04-09 10:45:53.026  2712  2720 I luciUART: Previous Packet read contd., 
04-09 10:45:53.026  2712  2720 E luciUART: UART:4d
04-09 10:45:53.026  2712  2720 E luciUART: UART:43
04-09 10:45:53.027  2712  2720 E luciUART: UART:55
04-09 10:45:53.027  2712  2720 I luciUART: Previous Packet read contd., 
04-09 10:45:53.027  2712  2720 E luciUART: UART:56
04-09 10:45:53.027  2712  2720 E luciUART: UART:65
04-09 10:45:53.027  2712  2720 E luciUART: UART:72
04-09 10:45:53.027  2712  2720 I luciUART: Previous Packet read contd., 
04-09 10:45:53.027  2712  2720 I luciUART: Previous Packet read contd., 
04-09 10:45:53.027  2712  2720 E luciUART: UART:69
04-09 10:45:53.027  2712  2720 E luciUART: UART:6f
04-09 10:45:53.027  2712  2720 I luciUART: Previous Packet read contd., 
04-09 10:45:53.027  2712  2720 E luciUART: UART:aa
04-09 10:45:53.027  2712  2720 E luciUART: UART:aa
04-09 10:45:53.027  2712  2720 E luciUART: UART:2
04-09 10:45:53.027  2712  2720 E luciUART: UART:0
04-09 10:45:53.027  2712  2721 E LUCI_SERVER: Luci Server Thread wait over MID 208....
04-09 10:45:53.027  2712  2721 E LUCI_SERVER: Got NV name : MCUVersion
04-09 10:45:53.027  2712  2720 E luciUART: UART:5b
04-09 10:45:53.027  2712  2720 E luciUART: UART:0
04-09 10:45:53.027  2712  2720 I chatty  : uid=0(root) UARTLUCIControl identical 3 lines
04-09 10:45:53.027  2712  2720 E luciUART: UART:0
04-09 10:45:53.027  2712  2720 I luciUART: read() RemoteID = 43690 Command = 91 Type = 2 Status = 0 DataLen = 0
04-09 10:45:53.027  2712  2720 E luciUART: UART:aa
04-09 10:45:53.027  2712  2720 E luciUART: UART:aa
04-09 10:45:53.027  2712  2720 E luciUART: UART:2
04-09 10:45:53.027  2712  2720 E luciUART: UART:0
04-09 10:45:53.039  2729  2729 E AirableUIHelper:  Airable ENV_AirableSecret_ID Envitem returned failed!!!
04-09 10:45:53.039  2729  2729 E AirableUIHelper: Airable Secret =  
04-09 10:45:53.039  2728  2738 E MB_HANDLER: ENV READ FAILED
04-09 10:45:53.040  2728  2738 E MB_HANDLER: MacAddress :CC:90:93:21:F3:84
04-09 10:45:53.040  2712  2712 I lucitransport: writeRemoteMessage() MID = 91 buffer = CC:90:93:21:F3:84
04-09 10:45:53.040  2712  2712 I luciUART: write() MID = 91  bytes = 27 data = CC:90:93:21:F3:84 m_fd = 0x5
04-09 10:45:53.040  2728  2738 E MB_HANDLER: Message Handler Thread waiting for messages....
04-09 10:45:53.041  2712  2721 I luciUART: write() MID = 208  bytes = 15 data = ssid: m_fd = 0x5
04-09 10:45:53.041  2712  2721 E LUCI_SERVER: NV_READ response= ssid:
04-09 10:45:53.041  2712  2721 E LUCI_SERVER: Luci Server Thread waiting for packets....
04-09 10:45:53.042  2735  2735 E dhcpcd  : eth0: interface not found or invalid
04-09 10:45:53.042  2732  2742 E WifiUtil: command: "SCAN" failed: FAIL-BUSY
04-09 10:45:53.047  2729  2729 I UIModeManager: RegisterModeControl Mode - PlayMode ModeControl - 0xacdedc30
04-09 10:45:53.049  2712  2720 E luciUART: UART:aa
04-09 10:45:53.049  2712  2720 E luciUART: UART:aa
04-09 10:45:53.050  2712  2720 E luciUART: UART:2
04-09 10:45:53.050  2712  2720 E luciUART: UART:0
04-09 10:45:53.050  2712  2720 E luciUART: UART:d0
04-09 10:45:53.050  2712  2720 E luciUART: UART:0
04-09 10:45:53.051  2712  2720 I chatty  : uid=0(root) UARTLUCIControl identical 2 lines
04-09 10:45:53.051  2712  2720 E luciUART: UART:0
04-09 10:45:53.051  2712  2720 E luciUART: UART:9
04-09 10:45:53.051  2712  2720 I luciUART: read() RemoteID = 43690 Command = 208 Type = 2 Status = 0 DataLen = 9
04-09 10:45:53.052  2712  2720 E luciUART: UART:aa
04-09 10:45:53.052  2712  2720 E luciUART: UART:aa
04-09 10:45:53.053  2712  2720 E luciUART: UART:13
04-09 10:45:53.053  2712  2720 I luciUART: read() RemoteID = 43690 Command = 208 Type = 2 Status = 0 DataLen = 19
04-09 10:45:53.053  2712  2720 E luciUART: Error: full data not available yet! readBytes 0
04-09 10:45:53.053  2712  2720 I luciUART: Previous Packet read contd., 
04-09 10:45:53.053  2712  2720 E luciUART: UART:52
04-09 10:45:53.053  2712  2720 I luciUART: Previous Packet read contd., 
04-09 10:45:53.053  2712  2720 E luciUART: UART:45
04-09 10:45:53.053  2712  2720 I luciUART: Previous Packet read contd., 
04-09 10:45:53.053  2712  2720 E luciUART: UART:41
04-09 10:45:53.053  2712  2720 I luciUART: Previous Packet read contd., 
04-09 10:45:53.053  2712  2720 E luciUART: UART:44
04-09 10:45:53.053  2712  2720 I luciUART: Previous Packet read contd., 
04-09 10:45:53.053  2712  2720 E luciUART: UART:5f
04-09 10:45:53.053  2712  2720 I luciUART: Previous Packet read contd., 
04-09 10:45:53.054  2712  2720 E luciUART: UART:66
04-09 10:45:53.054  2712  2720 I luciUART: Previous Packet read contd., 
04-09 10:45:53.054  2712  2720 E luciUART: UART:77
04-09 10:45:53.054  2712  2720 I luciUART: Previous Packet read contd., 
04-09 10:45:53.054  2712  2721 I luciUART: write() MID = 208  bytes = 15 data = ssid: m_fd = 0x5
04-09 10:45:53.054  2712  2721 E LUCI_SERVER: NV_READ response= ssid:
04-09 10:45:53.054  2712  2721 E LUCI_SERVER: Luci Server Thread wait over MID 6....
04-09 10:45:53.055  2712  2720 I luciUART: Previous Packet read contd., 
04-09 10:45:53.065  2712  2721 I luciUART: write() MID = 208  bytes = 67 data = fwdownload_xml:https://openotaengine.libreiotcloud.com/v1 m_fd = 0x5
04-09 10:45:53.065  2712  2721 E LUCI_SERVER: NV_READ response= fwdownload_xml:https://openotaengine.libreiotcloud.com/v1
04-09 10:45:53.065  2712  2721 E LUCI_SERVER: Luci Server Thread waiting for packets....
04-09 10:45:53.066  2728  2738 E MB_HANDLER: Message Handler Thread waiting for messages....
04-09 10:45:53.097  2733  2733 I bt_btif : init
04-09 10:45:53.099  2733  2733 D bt_osi_allocation_tracker: canary initialized
04-09 10:45:53.102  2733  2759 I bt_osi_thread: run_thread: thread id 2759, thread name stack_manager started
04-09 10:45:53.102  2733  2759 I bt_stack_manager: event_init_stack is initializing the stack
04-09 10:45:53.107  2733  2759 E bt_osi_config: config_new unable to open file '/data/misc/bluedroid/bt_config.conf': No such file or directory
04-09 10:45:53.107  2733  2759 W bt_btif_config: init unable to load config file: /data/misc/bluedroid/bt_config.conf; using backup.
04-09 10:45:53.107  2733  2759 E bt_osi_config: config_new unable to open file '/data/misc/bluedroid/bt_config.bak': No such file or directory
04-09 10:45:53.107  2733  2759 W bt_btif_config: init unable to load backup; attempting to transcode legacy file.
04-09 10:45:53.111  2733  2759 E bt_btif_config_transcode: btif_config_transcode unable to load XML file '/data/misc/bluedroid/bt_config.xml': 3
04-09 10:45:53.111  2733  2759 E bt_btif_config: init unable to transcode legacy file; creating empty config.
04-09 10:45:53.112  2733  2763 I bt_osi_thread: run_thread: thread id 2763, thread name alarm_default_ca started
04-09 10:45:53.113  2733  2764 I bt_osi_thread: run_thread: thread id 2764, thread name alarm_dispatcher started
04-09 10:45:53.116  2733  2759 I bt_btif_core: btif_init_bluetooth entered
04-09 10:45:53.118  2733  2759 I bt_stack_config: init attempt to load stack conf from /etc/bluetooth/bt_stack.conf
04-09 10:45:53.123  2733  2767 I bt_osi_thread: run_thread: thread id 2767, thread name bt_jni_workqueue started
04-09 10:45:53.123  2733  2759 I bt_btif_core: btif_init_bluetooth finished
04-09 10:45:53.123  2733  2759 I bt_stack_manager: event_init_stack finished
04-09 10:45:53.124  2733  2733 I bt_osi_wakelock: wakelock_set_os_callouts set to non-native
04-09 10:45:53.126  2733  2733 I bt_btif : get_profile_interface: id = gatt
04-09 10:45:53.128  2733  2733 I bt_btif : get_profile_interface: id = a2dp
04-09 10:45:53.129  2733  2733 I bt_btif : get_profile_interface: id = a2dp_sink
04-09 10:45:53.131  2733  2767 I bt_btif_core: run_message_loop entered
04-09 10:45:53.132  2733  2769 I bt_osi_thread: run_thread: thread id 2769, thread name btif_a2dp_sink_w started
04-09 10:45:53.140  2733  2733 D a2dp_codec: init
04-09 10:45:53.149  2733  2733 D a2dp_codec: createCodec: codec SBC
04-09 10:45:53.151  2732  2743 E CommandListener: Message not handled: unrecognized interface usb0
04-09 10:45:53.151  2732  2743 W FrameworkListener: Handler 'Iface' error (Success)
04-09 10:45:53.151  2732  2743 E CommandListener: Message not handled: unrecognized interface usb0
04-09 10:45:53.151  2732  2743 W FrameworkListener: Handler 'Iface' error (Success)
04-09 10:45:53.151  2733  2733 D a2dp_codec: createCodec: codec AAC
04-09 10:45:53.156  2733  2733 D a2dp_codec: createCodec: codec aptX
04-09 10:45:53.157  2733  2733 E a2dp_vendor_aptx_encoder: A2DP_VendorLoadEncoderAptx: cannot open aptX encoder library libaptX_encoder.so: libaptX_encoder.so: cannot open shared object file: No such file or directory
04-09 10:45:53.157  2733  2733 E a2dp_vendor_aptx: init: cannot load the encoder
04-09 10:45:53.157  2733  2733 D a2dp_codec: createCodec: codec aptX-HD
04-09 10:45:53.157  2733  2733 E a2dp_vendor_aptx_hd_encoder: A2DP_VendorLoadEncoderAptxHd: cannot open aptX-HD encoder library libaptXHD_encoder.so: libaptXHD_encoder.so: cannot open shared object file: No such file or directory
04-09 10:45:53.157  2733  2733 E a2dp_vendor_aptx_hd: init: cannot load the encoder
04-09 10:45:53.158  2733  2733 D a2dp_codec: createCodec: codec LDAC
04-09 10:45:53.170  2732  2743 E CommandListener: Message not handled: unrecognized interface usb0
04-09 10:45:53.170  2732  2743 W FrameworkListener: Handler 'Iface' error (Success)
04-09 10:45:53.176  2733  2733 I bluetoothtbd: [0408/221553.176222:INFO:daemon.cc(168)] Daemon initialized
04-09 10:45:53.176  2733  2733 I bt_btif : enable: start restricted = 0
04-09 10:45:53.177  2733  2759 I bt_stack_manager: event_start_up_stack is bringing up the stack
04-09 10:45:53.177  2733  2759 I bt_core_module: module_start_up Starting module "btif_config_module"
04-09 10:45:53.177  2733  2759 I bt_core_module: module_start_up Started module "btif_config_module"
04-09 10:45:53.177  2733  2759 I bt_core_module: module_start_up Starting module "btsnoop_module"
04-09 10:45:53.177  2733  2759 I bt_core_module: module_start_up Started module "btsnoop_module"
04-09 10:45:53.177  2733  2759 I bt_core_module: module_start_up Starting module "hci_module"
04-09 10:45:53.177  2733  2759 I bt_hci  : hci_module_start_up
04-09 10:45:53.179  2733  2783 I bt_osi_thread: run_thread: thread id 2783, thread name hci_thread started
04-09 10:45:53.181  2733  2783 I bluetoothtbd: [0408/221553.181234:INFO:hci_layer_linux.cc(172)] hci_initialize
04-09 10:45:53.181  2733  2783 I bluetoothtbd: [0408/221553.181414:INFO:hci_layer_linux.cc(184)] Using interface hci0
04-09 10:45:53.181  2733  2783 I bluetoothtbd: [0408/221553.181472:INFO:hci_layer_linux.cc(378)] rfkill
04-09 10:45:53.181  2733  2759 D bt_hci  : hci_module_start_up starting async portion
04-09 10:45:53.197  2735  2735 D dhcpcd  : no interfaces have a carrier
04-09 10:45:53.197  2735  2735 D dhcpcd  : wlan0: waiting for carrier
04-09 10:45:53.220  2789  2789 I dnsmasq : started, version 2.51 cachesize 150
04-09 10:45:53.221  2789  2789 I dnsmasq : compile time options: no-IPv6 GNU-getopt no-DBus no-I18N DHCP no-scripts no-TFTP
04-09 10:45:53.221  2789  2789 I dnsmasq : DHCP, IP range 192.168.10.3 -- 192.168.10.10, lease time 12h
04-09 10:45:53.221  2789  2789 I dnsmasq : reading /etc/resolv.conf
04-09 10:45:53.221  2789  2789 I dnsmasq : using nameserver 8.8.8.8#53
04-09 10:45:53.221  2789  2789 I dnsmasq : read /etc/hosts - 1 addresses
04-09 10:45:53.588  2732  2743 E CommandListener: Message not handled: unrecognized interface usb0
04-09 10:45:53.588  2732  2743 W FrameworkListener: Handler 'Iface' error (Success)
04-09 10:45:53.596  2733  2783 I bluetoothtbd: [0408/221553.596418:INFO:hci_layer_linux.cc(295)] wait_hcidev
04-09 10:45:53.596  2733  2783 I bluetoothtbd: [0408/221553.596653:INFO:hci_layer_linux.cc(332)] Do poll() with timeout of 3000ms
04-09 10:45:53.598  2733  2783 I bluetoothtbd: [0408/221553.598245:INFO:hci_layer_linux.cc(228)] HCI device ready
04-09 10:45:53.598  2733  2783 I bt_hci  : event_finish_startup
04-09 10:45:53.598  2733  2759 I bt_core_module: module_start_up Started module "hci_module"
04-09 10:45:53.600  2733  2813 I bt_osi_thread: run_thread: thread id 2813, thread name bt_workqueue started
04-09 10:45:53.600  2733  2813 I bluetoothtbd: [0408/221553.600685:INFO:btu_task.cc(107)] Bluetooth chip preload is complete
04-09 10:45:53.607  2733  2813 I         : No vendor HCI socket available. Won't create SocketWriter.
04-09 10:45:53.615  2733  2813 I bluetoothtbd: [0408/221553.615413:INFO:gatt_api.cc(1005)] GATT_Register
04-09 10:45:53.617  2733  2813 I bluetoothtbd: [0408/221553.617145:INFO:gatt_api.cc(1028)] allocated gatt_if=1
04-09 10:45:53.618  2733  2813 I bluetoothtbd: [0408/221553.618744:INFO:gatt_api.cc(207)] GATTS_AddService
04-09 10:45:53.619  2733  2813 I bluetoothtbd: [0408/221553.619788:INFO:gatt_api.cc(317)] GATTS_AddService: service parsed correctly, now starting
04-09 10:45:53.621  2733  2813 E bluetoothtbd: [0408/221553.620669:ERROR:gatt_attr.cc(302)] gatt_profile_db_init:  gatt_if=1
04-09 10:45:53.627  2733  2813 I bluetoothtbd: [0408/221553.627715:INFO:gatt_api.cc(1005)] GATT_Register
04-09 10:45:53.627  2733  2813 I bluetoothtbd: [0408/221553.627858:INFO:gatt_api.cc(1028)] allocated gatt_if=2
04-09 10:45:53.627  2733  2813 I bluetoothtbd: [0408/221553.627907:INFO:gatt_api.cc(207)] GATTS_AddService
04-09 10:45:53.627  2733  2813 I bluetoothtbd: [0408/221553.627958:INFO:gatt_api.cc(317)] GATTS_AddService: service parsed correctly, now starting
04-09 10:45:53.631  2733  2814 I bt_osi_thread: run_thread: thread id 2814, thread name btu message loop started
04-09 10:45:53.652  2733  2815 I bt_osi_thread: run_thread: thread id 2815, thread name module_wrapper started
04-09 10:45:53.652  2733  2815 I bt_core_module: module_start_up Starting module "controller_module"
04-09 10:45:53.680  2711  2723 I yani_server: ifindexeth0 0 ifindexwlan0 5 ifindexp2p0 6 ifindexwlan1 0
04-09 10:45:53.680  2711  2723 I yani_server: NetLink Event '-1' Interface-Index '5' WLAN '0' Ethernet '-1' Parsed-iFill '-1' -> 'INVALID' ifIndex '1' -> 'lo'
04-09 10:45:53.680  2711  2723 I yani_kernel: yani_geteventfrom_changeaddr() Message-Id '1' Netlink event '16' Interface Index '5' -> Name 'wlan0' 
04-09 10:45:53.682  2711  2723 I yani_kernel: yani_geteventfrom_changeaddr() Message-Id '1' Netlink event '16' Interface Index '9' -> Name 'usb0' 
04-09 10:45:53.683  2711  2723 I yani_kernel: yani_geteventfrom_changeaddr() Message-Id '1' Netlink event '16' Interface Index '9' -> Name 'usb0' 
04-09 10:45:53.684  2711  2723 I yani_kernel: yani_geteventfrom_changeaddr() Message-Id '1' Netlink event '20' Interface Index '9' -> Name 'usb0' 
04-09 10:45:53.685  2711  2723 I yani_kernel: yani_geteventfrom_changeaddr() Message-Id '1' Netlink event '16' Interface Index '9' -> Name 'usb0' 
04-09 10:45:53.686  2711  2723 I yani_kernel: yani_geteventfrom_changeaddr() Message-Id '1' Netlink event '21' Interface Index '9' -> Name 'usb0' 
04-09 10:45:53.687  2711  2723 I yani_kernel: yani_geteventfrom_changeaddr() Message-Id '1' Netlink event '20' Interface Index '9' -> Name 'usb0' 
04-09 10:45:53.688  2711  2723 I yani_kernel: yani_geteventfrom_changeaddr() Message-Id '1' Netlink event '16' Interface Index '9' -> Name 'usb0' 
04-09 10:45:53.832  2733  2815 I bt_core_module: module_start_up Started module "controller_module"
04-09 10:45:53.833  2733  2815 W bt_osi_thread: run_thread: thread id 2815, thread name module_wrapper exited
04-09 10:45:53.836  2733  2813 W bt_btm  : btm_decode_ext_features_page: feature page 1 ignored
04-09 10:45:53.836  2733  2813 W bt_btm  : btm_decode_ext_features_page: feature page 2 ignored
04-09 10:45:53.837  2733  2814 I bt_btm_sec: BTM_SecRegister p_cb_info->p_le_callback == 0x0xf6fa6b99
04-09 10:45:53.838  2733  2814 I bt_btm_sec: BTM_SecRegister btm_cb.api.p_le_callback = 0x0xf6fa6b99 
04-09 10:45:53.840  2733  2814 I bluetoothtbd: [0408/221553.840458:INFO:ble_advertiser_hci_interface.cc(736)] Legacy advertising will be in use
04-09 10:45:53.843  2733  2814 I bluetoothtbd: [0408/221553.842991:INFO:gatt_api.cc(1005)] GATT_Register
04-09 10:45:53.843  2733  2814 I bluetoothtbd: [0408/221553.843130:INFO:gatt_api.cc(1028)] allocated gatt_if=3
04-09 10:45:53.869  2733  2814 I bt_bta_av: AVRCP version used for sdp: "avrcp14"
04-09 10:45:53.873  2733  2767 E bt_btif_storage: btif_storage_get_adapter_property: Controller ready!
04-09 10:45:53.873  2733  2767 I bt_btif_storage: btif_storage_get_adapter_property service_mask:0x40000
04-09 10:45:53.874  2733  2767 I bluetoothtbd: [0408/221553.874414:INFO:adapter.cc(551)] Adapter properties changed
04-09 10:45:53.874  2733  2767 I bluetoothtbd: [0408/221553.874517:INFO:adapter.cc(564)] Adapter address changed: CC:90:93:21:F3:85
04-09 10:45:53.874  2733  2767 I bluetoothtbd: [0408/221553.874559:INFO:adapter.cc(573)] Adapter name changed
04-09 10:45:53.875  2733  2767 I bt_btif_core: btif_enable_bluetooth_evt entered: status 0
04-09 10:45:53.875  2733  2767 W bt_btif : btif_enable_bluetooth_evt: Saving the Adapter Address
04-09 10:45:53.875  2733  2767 I bluetoothtbd: [0408/221553.875305:INFO:adapter.cc(551)] Adapter properties changed
04-09 10:45:53.875  2733  2767 I bluetoothtbd: [0408/221553.875356:INFO:adapter.cc(564)] Adapter address changed: CC:90:93:21:F3:85
04-09 10:45:53.875  2733  2767 D bt_hci  : do_postload posting postload work item
04-09 10:45:53.882  2733  2856 I bt_osi_thread: run_thread: thread id 2856, thread name btif_sock started
04-09 10:45:53.885  2733  2767 D bt_bte_conf: Device ID record 1 : primary
04-09 10:45:53.885  2733  2767 D bt_bte_conf:   vendorId            = 000f
04-09 10:45:53.885  2733  2767 D bt_bte_conf:   vendorIdSource      = 0001
04-09 10:45:53.885  2733  2767 D bt_bte_conf:   product             = 1200
04-09 10:45:53.885  2733  2767 D bt_bte_conf:   version             = 1436
04-09 10:45:53.885  2733  2767 D bt_bte_conf:   clientExecutableURL = 
04-09 10:45:53.885  2733  2767 D bt_bte_conf:   serviceDescription  = 
04-09 10:45:53.885  2733  2767 D bt_bte_conf:   documentationURL    = 
04-09 10:45:53.885  2733  2767 D bt_bte_conf: bte_load_did_conf no section named DID2.
04-09 10:45:53.885  2733  2767 I bt_btif_core: btif_enable_bluetooth_evt finished
04-09 10:45:53.886  2733  2759 I bt_stack_manager: event_start_up_stack finished
04-09 10:45:53.886  2733  2767 I bluetoothtbd: [0408/221553.886570:INFO:adapter.cc(529)] Adapter state changed: BT_STATE_ON
04-09 10:45:54.052  2729  2729 I ServiceManager: Waiting for service media.player...
04-09 10:45:54.176  2711  2723 I yani_kernel: yani_geteventfrom_changeaddr() Message-Id '1' Netlink event '16' Interface Index '9' -> Name 'usb0' 
04-09 10:45:54.177  2732  2743 E CommandListener: Message not handled: unrecognized interface usb0
04-09 10:45:54.177  2732  2743 W FrameworkListener: Handler 'Iface' error (Success)
04-09 10:45:54.913  2732  2743 E CommandListener: Message not handled: unrecognized interface usb0
04-09 10:45:54.913  2732  2743 W FrameworkListener: Handler 'Iface' error (Success)
04-09 10:45:55.043  2732  2742 E WifiUtil: command: "SCAN" failed: FAIL-BUSY
04-09 10:45:55.052  2729  2729 I ServiceManager: Waiting for service media.player...
04-09 10:45:55.424  2711  2723 I yani_server: NetLink Event '-1' Interface-Index '5' WLAN '-1' Ethernet '-1' Parsed-iFill '-1' -> 'INVALID' ifIndex '1' -> 'lo'
04-09 10:45:55.425  2711  2723 I yani_server: NetLink Event '-1' Interface-Index '5' WLAN '0' Ethernet '-1' Parsed-iFill '-1' -> 'INVALID' ifIndex '1' -> 'lo'
04-09 10:45:55.452  2711  2723 I chatty  : uid=0(root) YaniServer identical 42 lines
04-09 10:45:55.453  2711  2723 I yani_server: NetLink Event '-1' Interface-Index '5' WLAN '0' Ethernet '-1' Parsed-iFill '-1' -> 'INVALID' ifIndex '1' -> 'lo'
04-09 10:45:55.453  2711  2723 I yani_kernel: yani_geteventfrom_changeaddr() Message-Id '1' Netlink event '16' Interface Index '5' -> Name 'wlan0' 
04-09 10:45:55.454  2711  2723 I yani_kernel: yani_geteventfrom_changeaddr() Message-Id '1' Netlink event '16' Interface Index '5' -> Name 'wlan0' 
04-09 10:45:55.929  2713  2713 I SourceSwitch: SourceSwitch() Host 1 initialized...
04-09 10:45:56.052  2729  2729 I ServiceManager: Waiting for service media.player...
04-09 10:45:56.135  2789  2789 I dnsmasq : DHCPDISCOVER(usb0) 3e:ca:1d:37:1b:e1 
04-09 10:45:56.135  2789  2789 I dnsmasq : DHCPOFFER(usb0) 192.168.10.3 3e:ca:1d:37:1b:e1 
04-09 10:45:56.136  2789  2789 I dnsmasq : DHCPDISCOVER(usb0) 3e:ca:1d:37:1b:e1 
04-09 10:45:56.136  2789  2789 I dnsmasq : DHCPOFFER(usb0) 192.168.10.3 3e:ca:1d:37:1b:e1 
04-09 10:45:56.141  2789  2789 I dnsmasq : DHCPREQUEST(usb0) 192.168.10.3 3e:ca:1d:37:1b:e1 
04-09 10:45:56.141  2789  2789 I dnsmasq : DHCPACK(usb0) 192.168.10.3 3e:ca:1d:37:1b:e1 
04-09 10:45:56.143  2789  2789 I dnsmasq : DHCPREQUEST(usb0) 192.168.10.3 3e:ca:1d:37:1b:e1 
04-09 10:45:56.143  2789  2789 I dnsmasq : DHCPACK(usb0) 192.168.10.3 3e:ca:1d:37:1b:e1 
04-09 10:45:56.909  2733  2767 E bt_osi_config: config_save unable to open dir '/data/misc/bluedroid': No such file or directory
04-09 10:45:57.045  2711  2723 I yani_server: NetLink Event '-1' Interface-Index '5' WLAN '-1' Ethernet '-1' Parsed-iFill '-1' -> 'INVALID' ifIndex '1' -> 'lo'
04-09 10:45:57.053  2729  2729 I ServiceManager: Waiting for service media.player...
04-09 10:45:58.022  2691  2691 I sh      : btaudioplayer: not found
04-09 10:45:58.056  2691  2691 I sh      : *** play mode control constructor end 
04-09 10:45:58.056  2729  2729 E BrowseModeControl: Read env failed
04-09 10:45:58.056  2729  2729 I UIModeManager: RegisterModeControl Mode - BrowseMode ModeControl - 0xacdf0830
04-09 10:45:58.056  2729  2729 E DefaultBrowser: m_ItemsCount = 7 
04-09 10:45:58.057  2729  2729 E SDCardBrowser: SDCARD Browser constructor mounting vfat first
