04-09 11:22:03.513  2969  2979 E wac-main: Enter poll and wait
04-09 11:22:03.516  2710  2722 I yani_server: doLotofWork() List of interface '4'
04-09 11:22:03.516  2710  2722 I yani_server: doLotofWork() Interface 'p2p0' ifr[0].ifr_name 'lo' ipaddress '127.0.0.1'
04-09 11:22:03.516  2710  2722 I yani_server: doLotofWork() Interface 'p2p0' ifr[1].ifr_name 'p2p0' ipaddress '192.168.255.249'
04-09 11:22:03.516  2710  2722 I yani_server: doLotofWork() returns 'REFILL WACMODE'
04-09 11:22:03.516  2710  2722 E yani_server: YANI: I am Done Wait For Event 
04-09 11:22:03.517  2710  2722 I yani_kernel: yani_geteventfrom_changeaddr() Message-Id '1' Netlink event '21' Interface Index '6' -> Name 'p2p0' 
04-09 11:22:03.517  2710  2811 I yani_server: onNetworkParametersChanged() WAC Mode '1'  Index '2' Interface 'p2p0' Status '1'
04-09 11:22:03.517  2727  2747 I MB_HANDLER: YaniAlert() Interface '4' Status '1'
04-09 11:22:03.518  2711  2711 I lucitransport: writeRemoteMessage() MID = 124 buffer = 4#1,0#2,0#3,1#4,1
04-09 11:22:03.518  2711  2711 I luciUART: write() MID = 124  bytes = 27 data = 4#1,0#2,0#3,1#4,1 m_fd = 0x5
04-09 11:22:03.518  2728  2728 E AirableUIHelper: AirableUIHelper::YaniAlert  4 1 
04-09 11:22:03.519  2976  2983 I otamanager: YaniAlert() Interface 4 Status Up
04-09 11:22:03.520  2972  3023 I airplay-main: YaniAlert Interface 4 Status 1
04-09 11:22:03.521  2710  2722 I yani_server: NetLink Event '5' Interface-Index '6' WLAN '-1' Ethernet '-1' Parsed-iFill '5' -> 'P2P0 DISCONNECTED' ifIndex '2' -> 'tunl0'
04-09 11:22:03.522  2710  2722 E yani_server: YANI: I am Done Wait For Event 
04-09 11:22:03.522  2710  2722 I yani_kernel: yani_geteventfrom_changeaddr() Message-Id '1' Netlink event '20' Interface Index '6' -> Name 'p2p0' 
04-09 11:22:03.522  2710  2811 I yani_server: onNetworkParametersChanged() WAC Mode '0'  Index '2' Interface 'p2p0' Status '0'
04-09 11:22:03.523  2727  2747 I MB_HANDLER: YaniAlert() Interface '3' Status '0'
04-09 11:22:03.523  2711  2711 I lucitransport: writeRemoteMessage() MID = 124 buffer = 0#1,0#2,0#3,0#4,0
04-09 11:22:03.523  2711  2711 I luciUART: write() MID = 124  bytes = 27 data = 0#1,0#2,0#3,0#4,0 m_fd = 0x5
04-09 11:22:03.524  2728  2728 E AirableUIHelper: AirableUIHelper::YaniAlert  3 0 
04-09 11:22:03.524  2976  2983 I otamanager: YaniAlert() Interface 3 Status Down
04-09 11:22:03.525  2972  3023 I airplay-main: YaniAlert Interface 3 Status 0
04-09 11:22:03.525  2710  2722 I yani_server: NetLink Event '6' Interface-Index '6' WLAN '-1' Ethernet '-1' Parsed-iFill '6' -> 'P2P0 CONNECTED' ifIndex '2' -> 'tunl0'
04-09 11:22:03.532  2711  2719 E luciUART: UART:aa
04-09 11:22:03.532  2711  2719 E luciUART: UART:aa
04-09 11:22:03.532  2711  2719 E luciUART: UART:2
04-09 11:22:03.532  2711  2719 E luciUART: UART:0
04-09 11:22:03.532  2711  2719 E luciUART: UART:d0
04-09 11:22:03.532  2711  2719 E luciUART: UART:0
04-09 11:22:03.532  2711  2719 I chatty  : uid=0(root) UARTLUCIControl identical 2 lines
04-09 11:22:03.533  2711  2719 E luciUART: UART:0
04-09 11:22:03.533  2711  2719 E luciUART: UART:9
04-09 11:22:03.533  2711  2719 I luciUART: read() RemoteID = 43690 Command = 208 Type = 2 Status = 0 DataLen = 9
04-09 11:22:03.533  2711  2719 E luciUART: Error: full data not available yet! readBytes 0
04-09 11:22:03.533  2711  2719 I luciUART: Previous Packet read contd., 
04-09 11:22:03.533  2711  2719 E luciUART: UART:52
04-09 11:22:03.533  2711  2719 I luciUART: Previous Packet read contd., 
04-09 11:22:03.533  2711  2719 E luciUART: UART:45
04-09 11:22:03.533  2711  2719 I luciUART: Previous Packet read contd., 
04-09 11:22:03.533  2711  2719 E luciUART: UART:41
04-09 11:22:03.533  2711  2719 I luciUART: Previous Packet read contd., 
04-09 11:22:03.533  2711  2719 E luciUART: UART:44
04-09 11:22:03.533  2711  2719 I luciUART: Previous Packet read contd., 
04-09 11:22:03.533  2711  2719 E luciUART: UART:5f
04-09 11:22:03.533  2711  2719 I luciUART: Previous Packet read contd., 
04-09 11:22:03.533  2711  2719 E luciUART: UART:73
04-09 11:22:03.533  2711  2719 I luciUART: Previous Packet read contd., 
04-09 11:22:03.533  2711  2719 E luciUART: UART:73
04-09 11:22:03.533  2711  2719 I luciUART: Previous Packet read contd., 
04-09 11:22:03.533  2711  2719 E luciUART: UART:69
04-09 11:22:03.533  2711  2719 I luciUART: Previous Packet read contd., 
04-09 11:22:03.533  2711  2719 E luciUART: UART:64
04-09 11:22:03.533  2711  2720 E LUCI_SERVER: Luci Server Thread wait over MID 208....
04-09 11:22:03.533  2711  2719 E luciUART: UART:aa
04-09 11:22:03.533  2711  2720 E LUCI_SERVER: Got NV name : ssid
04-09 11:22:03.534  2711  2719 E luciUART: UART:aa
04-09 11:22:03.534  2711  2719 E luciUART: UART:2
04-09 11:22:03.534  2711  2719 E luciUART: UART:0
04-09 11:22:03.534  2711  2719 E luciUART: UART:d0
04-09 11:22:03.534  2711  2719 E luciUART: UART:0
04-09 11:22:03.534  2711  2719 I chatty  : uid=0(root) UARTLUCIControl identical 2 lines
04-09 11:22:03.534  2711  2719 E luciUART: UART:0
04-09 11:22:04.001  3173  3173 I dnsmasq : started, version 2.51 DNS disabled
04-09 11:22:04.001  3173  3173 I dnsmasq : compile time options: no-IPv6 GNU-getopt no-DBus no-I18N DHCP no-scripts no-TFTP
04-09 11:22:04.001  3173  3173 I dnsmasq : DHCP, IP range 192.168.255.250 -- 192.168.255.254, lease time 12h
04-09 11:22:04.003  2710  2722 I yani_server: doLotofWork() List of interface '4'
04-09 11:22:04.003  2710  2722 I yani_server: doLotofWork() Interface 'p2p0' ifr[0].ifr_name 'lo' ipaddress '127.0.0.1'
04-09 11:22:04.003  2710  2722 I yani_server: doLotofWork() Interface 'p2p0' ifr[1].ifr_name 'p2p0' ipaddress '192.168.255.249'
04-09 11:22:04.003  2710  2722 I yani_server: doLotofWork() returns 'REFILL WACMODE'
04-09 11:22:04.003  2710  2722 E yani_server: YANI: I am Done Wait For Event 
04-09 11:22:04.003  2710  2811 I yani_server: onNetworkParametersChanged() WAC Mode '1'  Index '2' Interface 'p2p0' Status '1'
04-09 11:22:04.003  2710  2722 I yani_kernel: yani_geteventfrom_changeaddr() Message-Id '1' Netlink event '16' Interface Index '6' -> Name 'p2p0' 
04-09 11:22:04.003  2727  2747 I MB_HANDLER: YaniAlert() Interface '4' Status '1'
04-09 11:22:04.043  2969  2979 D wac-main: Netlink event
04-09 11:22:04.043  2969  2979 E wac-main: Netlink event 16 Interface Index 6 
04-09 11:22:04.072  3087  3087 I cast_shell: [3090:3130:INFO:gatt_client_manager_impl.cc(202)] Enabling GATT client connectability
04-09 11:22:04.077  2732  2763 E bt_btif : BTA_GATTS_AddService: rcb_idx = 0
04-09 11:22:04.078  2732  2763 I bluetoothtbd: [0408/225204.078010:INFO:gatt_api.cc(207)] GATTS_AddService
04-09 11:22:04.078  2732  2763 I bluetoothtbd: [0408/225204.078329:INFO:gatt_api.cc(317)] GATTS_AddService: service parsed correctly, now starting
04-09 11:22:04.080  3087  3087 I cast_shell: [3090:3130:INFO:ble_setup.cc(915)] Sign related info completed, no future EurekaInfo need sign.
04-09 11:22:04.080  3087  3087 I cast_shell: [3090:3130:INFO:gatt_client_manager_impl.cc(202)] Enabling GATT client connectability
04-09 11:22:04.080  3087  3087 I chatty  : uid=1000(chrome) /bin/logwrapper identical 1 line
04-09 11:22:04.080  3087  3087 I cast_shell: [3090:3130:INFO:gatt_client_manager_impl.cc(202)] Enabling GATT client connectability
04-09 11:22:04.082  3087  3087 I cast_shell: [3090:3130:INFO:ble_setup_manager.cc(744)] Started Bluetooth service
04-09 11:22:04.981  3087  3087 I cast_shell: [3090:3098:ERROR:connectivity_checker_impl.cc(265)] Connectivity check failed: 400
04-09 11:22:05.320  3087  3087 I cast_shell: [3090:3140:INFO:mdns_app_filter.cc(1403)] MdnsAppFilter: Done probing.
04-09 11:22:05.988  3087  3087 I cast_shell: [3090:3098:ERROR:connectivity_checker_impl.cc(265)] Connectivity check failed: 400
04-09 11:22:06.069  3087  3087 I cast_shell: [3090:3098:INFO:parent_tracker.cc(291)] [PII](E9F466A9D5F5B6EE232EA9D333131006) Become root
04-09 11:22:06.069  3087  3087 I cast_shell: [3090:3098:INFO:directory_service_impl.cc(200)] This device became root
04-09 11:22:06.323  3087  3087 I cast_shell: [3090:3090:INFO:grpc_service_discovery_impl.cc(185)] Mdns discovered google RPC for [PII](E9F466A9D5F5B6EE232EA9D333131006).
04-09 11:22:06.994  3087  3087 I cast_shell: [3090:3098:ERROR:connectivity_checker_impl.cc(265)] Connectivity check failed: 400
04-09 11:22:07.045  2969  2979 E wac-main: Enter poll and wait
04-09 11:22:07.326  3087  3087 I cast_shell: [3090:3140:INFO:mdns_app_filter.cc(1526)] MdnsAppFilter: Done announcing.
04-09 11:22:08.001  3087  3087 I cast_shell: [3090:3098:ERROR:connectivity_checker_impl.cc(265)] Connectivity check failed: 400
04-09 11:22:11.021  3087  3087 I chatty  : uid=1000(chrome) /bin/logwrapper identical 3 lines
04-09 11:22:12.028  3087  3087 I cast_shell: [3090:3098:ERROR:connectivity_checker_impl.cc(265)] Connectivity check failed: 400
04-09 11:22:12.133  3087  3087 I cast_shell: [3090:3130:ERROR:setup_state.cc(424)] Timeout for state=SETUP_STATE_CHECKING_GLOBAL_CONNECTIVITY(50): move to state=SETUP_STATE_CHECKING_GLOBAL_CONNECTIVITY_BAD_ROUTER(52).
04-09 11:22:12.133  3087  3087 I cast_shell: [3090:3130:INFO:setup_state.cc(261)] Setup state changed: SETUP_STATE_CHECKING_GLOBAL_CONNECTIVITY (50) -> SETUP_STATE_CHECKING_GLOBAL_CONNECTIVITY_BAD_ROUTER (52)
04-09 11:22:12.137  2970  3164 I LibreCastControlDelegate: OnCastStatus() +++ Lyric Speaker Box 21f384:0xaae91198:NOT_SETUP
04-09 11:22:12.137  2970  3164 I LibreCastControlDelegate: Device Build Number -> '1.52.272222'
04-09 11:22:12.137  2970  3164 I librecast: updateCastBuildVersion() Version 1.52.272222
04-09 11:22:12.137  2711  2711 I lucitransport: readRemoteMessage() MID char = 7 buffer = 1.52.272222
04-09 11:22:12.138  2970  3164 I LibreCastControlDelegate: Active Applications -> 0
04-09 11:22:12.138  2970  3164 I LibreCastControlDelegate: Current Cast State '2' -> 'NOT_SETUP'
04-09 11:22:12.138  2970  3164 I LibreCastControlDelegate: OnCastStatus() ---
04-09 11:22:13.035  3087  3087 I cast_shell: [3090:3098:ERROR:connectivity_checker_impl.cc(265)] Connectivity check failed: 400
04-09 11:22:38.099  2731  2744 E NetworkMonitor: cannot find default IPv4 route for wlan0
04-09 11:22:38.099  2731  2744 E NetworkMonitor: cannot find default IPv6 route for wlan0
04-09 11:22:41.183  2731  2744 E NetworkMonitor: no response for /bin/ping -n -I wlan0 -c 10 -w 10 8.8.8.8
04-09 11:22:41.194  2731  2744 E NetworkMonitor: no response for /bin/ping6 -n -I wlan0 -c 10 -w 10 2001:4860:4860::8888
04-09 11:22:41.197  2731  2744 E NetworkMonitor: dns resolution failed
04-09 11:22:41.198  2731  2744 I NetworkMonitor: Cast.Wifi.Failure.Type 7
04-09 11:23:00.340  3087  3087 I chatty  : uid=1000(chrome) /bin/logwrapper identical 47 lines
04-09 11:23:01.347  3087  3087 I cast_shell: [3090:3098:ERROR:connectivity_checker_impl.cc(265)] Connectivity check failed: 400
04-09 11:23:01.743  3087  3087 I cast_shell: [3090:3090:INFO:grpc_manager_impl.cc(505)] GRPC[uri=[::]:0]: num_pending_calls=0, num_active_handlers=0, num_free_handlers=0
04-09 11:23:01.745  3087  3087 I cast_shell: [3090:3090:INFO:gcm_manager.cc(269)] Disabling GCM Driver
04-09 11:23:01.745  3087  3087 I cast_shell: [3090:3090:INFO:grpc_manager_impl.cc(505)] GRPC[uri=]: num_pending_calls=0, num_active_handlers=0, num_free_handlers=0
04-09 11:23:01.810  3087  3087 I cast_shell: [3090:3090:INFO:grpc_manager_impl.cc(505)] GRPC[uri=unix:/tmp/hcp_ipc_auth.socket]: num_pending_calls=0, num_active_handlers=10, num_free_handlers=0
04-09 11:23:01.816  3087  3087 I cast_shell: [3090:3090:INFO:grpc_manager_impl.cc(505)] GRPC[uri=unix:/tmp/modular_updater/modular_update_service]: num_pending_calls=0, num_active_handlers=0, num_free_handlers=0
04-09 11:23:01.837  3087  3087 I cast_shell: [3090:3090:INFO:metrics_recorder.cc(112)] Metrics stat: total=13
04-09 11:23:01.837  3087  3087 I cast_shell: Cast.Discovery.Mdns.ResponderStarted=2
04-09 11:23:01.837  3087  3087 I cast_shell: Cast.Discovery.Mdns.ResponderStopped=1
04-09 11:23:01.837  3087  3087 I cast_shell: Cast.Discovery.Mdns.SocketCreated=4
04-09 11:23:01.837  3087  3087 I cast_shell: Cast.Discovery.Mdns.SocketDestroyed=2
04-09 11:23:01.837  3087  3087 I cast_shell: Cast.System.Timezone.ChangeSuccessful=1
04-09 11:23:01.837  3087  3087 I cast_shell: CastV2.Connection.Connect.In=1
04-09 11:23:01.837  3087  3087 I cast_shell: CastV2.Receiver.DeviceStatus.Out=5
04-09 11:23:01.837  3087  3087 I cast_shell: CastV2.Receiver.DeviceStatus.Out.Broadcast=2
04-09 11:23:01.837  3087  3087 I cast_shell: CastV2.Receiver.GetStatus.In=1
04-09 11:23:01.837  3087  3087 I cast_shell: CastV2.Resource.Provider.In=1
04-09 11:23:01.949  3087  3087 I cast_shell: [3090:3090:INFO:metrics_recorder_impl.cc(672)] Activated server experiments: []
04-09 11:23:01.951  3087  3087 I cast_shell: [3090:3090:INFO:cast_logs_metrics_provider.cc(59)] netif is ipv4
04-09 11:23:01.952  3087  3087 I cast_shell: [3090:3090:ERROR:socket_posix.cc(148)] bind() failed: Address already in use (98)
04-09 11:23:01.952  3087  3087 I cast_shell: [3090:3090:INFO:net_util_impl.cc(1041)] Platform supports dual-stack
04-09 11:23:01.971  3087  3087 I cast_shell: [3090:3090:INFO:grpc_manager_impl.cc(505)] GRPC[uri=[::]:8012]: num_pending_calls=0, num_active_handlers=1, num_free_handlers=0
04-09 11:23:02.354  3087  3087 I cast_shell: [3090:3098:ERROR:connectivity_checker_impl.cc(265)] Connectivity check failed: 400
04-09 11:23:42.208  2731  2744 E NetworkMonitor: cannot find default IPv4 route for wlan0
04-09 11:23:42.209  2731  2744 E NetworkMonitor: cannot find default IPv6 route for wlan0
04-09 11:23:45.310  2731  2744 E NetworkMonitor: no response for /bin/ping -n -I wlan0 -c 10 -w 10 8.8.8.8
04-09 11:23:45.322  2731  2744 E NetworkMonitor: no response for /bin/ping6 -n -I wlan0 -c 10 -w 10 2001:4860:4860::8888
04-09 11:23:45.323  2731  2744 E NetworkMonitor: dns resolution failed
04-09 11:23:53.692  3087  3087 I chatty  : uid=1000(chrome) /bin/logwrapper identical 51 lines
04-09 11:23:54.699  3087  3087 I cast_shell: [3090:3098:ERROR:connectivity_checker_impl.cc(265)] Connectivity check failed: 400
04-09 11:23:55.443  2732  2810 I bt_btm_ble: btm_ble_conn_complete unable to match and resolve random address
04-09 11:23:55.446  2732  2810 W bt_smp  : smp_br_connect_callback is called on unexpected transport 2
04-09 11:23:55.446  2732  2810 W bt_btif : bta_dm_acl_change info: 0x0
04-09 11:23:55.447  2732  2763 I bluetoothtbd: [0408/225355.447170:INFO:gatt_server.cc(280)] Added connection entry for conn_id: 5 device address: 50:8A:D0:92:4C:AA
04-09 11:23:55.447  2732  2763 D bt_btif_dm: remote version info [50:8a:d0:92:4c:aa]: 0, 0, 0
04-09 11:23:55.447  2732  2763 I bluetoothtbd: [0408/225355.447593:INFO:adapter.cc(719)] ACL state changed: 50:8A:D0:92:4C:AA - connected: true
04-09 11:23:55.450  3087  3087 I cast_shell: [3090:3130:ERROR:bluetooth_v1_via_v2.cc(796)] Connection state changed. :aa true
04-09 11:23:55.705  3087  3087 I cast_shell: [3090:3098:ERROR:connectivity_checker_impl.cc(265)] Connectivity check failed: 400
04-09 11:23:55.968  2732  2763 D bt_btif_scanner: btif_gatts_upstreams_evt: Unhandled event (26)
04-09 11:23:56.559  2732  2810 E bluetoothtbd: [0408/225356.559791:ERROR:gatt_sr.cc(743)] MTU request PDU with MTU size 515
04-09 11:23:56.560  2732  2810 W bt_l2cap: l2cble_set_fixed_channel_tx_data_length, request not supported
04-09 11:23:56.560  2732  2810 W bluetoothtbd: [0408/225356.560833:WARNING:gatt_utils.cc(837)] Call back not found for application conn_id=3
04-09 11:23:56.560  2732  2810 W bluetoothtbd: [0408/225356.560938:WARNING:gatt_utils.cc(837)] Call back not found for application conn_id=4
04-09 11:23:56.561  2732  2810 W bluetoothtbd: [0408/225356.561023:WARNING:gatt_utils.cc(837)] Call back not found for application conn_id=6
04-09 11:23:56.598  3087  3087 I cast_shell: [3090:3130:INFO:ble_setup.cc(322)] Record action: Setup.set_eureka_info.BLE.Locale
04-09 11:23:56.598  3087  3087 I cast_shell: [3090:3130:INFO:locale_manager.cc(576)] New locale: en-US
04-09 11:23:56.612  3087  3087 I cast_shell: [3090:3130:INFO:setup_state.cc(544)] EurekaInfoCalled: wifi_state=3, is_usable_ip_address=1, connected=0, is_initial_setup=1
04-09 11:23:56.612  3087  3087 I cast_shell: [3090:3130:INFO:setup_state.cc(261)] Setup state changed: SETUP_STATE_CHECKING_GLOBAL_CONNECTIVITY_BAD_ROUTER (52) -> SETUP_STATE_DISCONNECTED_EXTERNAL_CLIENT_ACCESSED (11)
04-09 11:23:56.612  3087  3087 I cast_shell: [3090:3115:INFO:media_manager_impl.cc(383)] TurnActive result: 0
04-09 11:23:56.615  2970  3164 I LibreCastControlDelegate: OnCastStatus() +++ Lyric Speaker Box 21f384:0xaae91198:NOT_SETUP
04-09 11:23:56.615  2970  3164 I LibreCastControlDelegate: Device Build Number -> '1.52.272222'
04-09 11:23:56.615  2970  3164 I librecast: updateCastBuildVersion() Version 1.52.272222
04-09 11:23:56.615  2711  2711 I lucitransport: readRemoteMessage() MID char = 7 buffer = 1.52.272222
04-09 11:23:56.615  2970  3164 I LibreCastControlDelegate: Active Applications -> 0
04-09 11:23:56.615  2970  3164 I LibreCastControlDelegate: Current Cast State '2' -> 'NOT_SETUP'
04-09 11:23:56.616  2970  3164 I LibreCastControlDelegate: OnCastStatus() ---
04-09 11:23:56.617  2970  3164 I LibreCastControlDelegate: OnCastStatus() +++ Lyric Speaker Box 21f384:0xaae91198:NOT_SETUP
04-09 11:23:56.617  2970  3164 I LibreCastControlDelegate: Device Build Number -> '1.52.272222'
04-09 11:23:56.617  2970  3164 I librecast: updateCastBuildVersion() Version 1.52.272222
04-09 11:23:56.617  2711  2711 I lucitransport: readRemoteMessage() MID char = 7 buffer = 1.52.272222
04-09 11:23:56.627  2732  2763 D bt_btif_scanner: btif_gatts_upstreams_evt: Unhandled event (26)
04-09 11:23:56.712  3087  3087 I cast_shell: [3090:3098:ERROR:connectivity_checker_impl.cc(265)] Connectivity check failed: 400
04-09 11:23:56.726  3087  3087 I cast_shell: [3090:3130:INFO:metrics_recorder.cc(282)] Record action: Setup.version.BLE
04-09 11:23:56.822  3087  3087 I cast_shell: [3090:3130:INFO:metrics_recorder.cc(282)] Record action: Setup.name_utf8.BLE
04-09 11:23:57.069  2732  2763 D bt_btif_scanner: btif_gatts_upstreams_evt: Unhandled event (26)
04-09 11:23:57.085  3087  3087 I cast_shell: [3090:3130:INFO:metrics_recorder.cc(282)] Record action: Setup.tos_accepted.BLE
04-09 11:23:57.114  3087  3087 I cast_shell: [3090:3130:INFO:metrics_recorder.cc(282)] Record action: Setup.state.BLE
04-09 11:23:57.144  3087  3087 I cast_shell: [3090:3130:INFO:metrics_recorder.cc(282)] Record action: Setup.ip_address.BLE
04-09 11:23:57.204  3087  3087 I cast_shell: [3090:3130:INFO:metrics_recorder.cc(282)] Record action: Setup.eureka_info_immutable_basic.BLE
04-09 11:23:57.249  3087  3087 I cast_shell: [3090:3130:INFO:metrics_recorder.cc(282)] Record action: Setup.eureka_info_mutable_reads.BLE
04-09 11:23:57.279  3087  3087 I cast_shell: [3090:3130:INFO:metrics_recorder.cc(282)] Record action: Setup.eureak_info_keys.BLE
04-09 11:23:57.384  3087  3087 I cast_shell: [3090:3130:INFO:metrics_recorder.cc(282)] Record action: Setup.eureka_info_immutable_basic.BLE
04-09 11:23:57.414  3087  3087 I cast_shell: [3090:3130:INFO:metrics_recorder.cc(282)] Record action: Setup.eureak_info_keys.BLE
04-09 11:23:57.579  3087  3087 I chatty  : uid=1000(chrome) /bin/logwrapper identical 2 lines
04-09 11:23:57.670  3087  3087 I cast_shell: [3090:3130:INFO:metrics_recorder.cc(282)] Record action: Setup.eureak_info_keys.BLE
04-09 11:23:57.719  3087  3087 I cast_shell: [3090:3098:ERROR:connectivity_checker_impl.cc(265)] Connectivity check failed: 400
04-09 11:23:57.745  3087  3087 I cast_shell: [3090:3130:INFO:metrics_recorder.cc(282)] Record action: Setup.eureak_info_keys.BLE
04-09 11:23:57.820  3087  3087 I cast_shell: [3090:3130:INFO:metrics_recorder.cc(282)] Record action: Setup.eureak_info_keys.BLE
04-09 11:23:57.895  3087  3087 I cast_shell: [3090:3130:INFO:metrics_recorder.cc(282)] Record action: Setup.i8n_info.BLE
04-09 11:23:58.299  3087  3087 I chatty  : uid=1000(chrome) /bin/logwrapper identical 5 lines
04-09 11:23:58.374  3087  3087 I cast_shell: [3090:3130:INFO:metrics_recorder.cc(282)] Record action: Setup.i8n_info.BLE
04-09 11:23:58.437  3087  3087 I cast_shell: [3090:3130:INFO:ble_setup.cc(322)] Record action: Setup.set_eureka_info.BLE.CountryCode
04-09 11:23:58.437  3087  3087 I cast_shell: [3090:3130:INFO:locale_manager.cc(639)] New country code: IN
04-09 11:23:58.443  2709  2709 I wpa_supplicant: wlan0: CTRL-EVENT-REGDOM-CHANGE init=USER type=COUNTRY alpha2=IN
04-09 11:23:58.444  2710  2722 I yani_server: NetLink Event '-1' Interface-Index '5' WLAN '-1' Ethernet '-1' Parsed-iFill '-1' -> 'INVALID' ifIndex '1' -> 'lo'
04-09 11:23:58.450  2710  2722 I yani_server: NetLink Event '-1' Interface-Index '5' WLAN '0' Ethernet '-1' Parsed-iFill '-1' -> 'INVALID' ifIndex '1' -> 'lo'
04-09 11:23:58.452  2970  3164 I LibreCastControlDelegate: OnCastStatus() +++ Lyric Speaker Box 21f384:0xaae91198:NOT_SETUP
04-09 11:23:58.452  2970  3164 I LibreCastControlDelegate: Device Build Number -> '1.52.272222'
04-09 11:23:58.452  2970  3164 I librecast: updateCastBuildVersion() Version 1.52.272222
04-09 11:23:58.452  2711  2711 I lucitransport: readRemoteMessage() MID char = 7 buffer = 1.52.272222
04-09 11:23:58.452  2970  3164 I LibreCastControlDelegate: Active Applications -> 0
04-09 11:23:58.452  2970  3164 I LibreCastControlDelegate: Current Cast State '2' -> 'NOT_SETUP'
04-09 11:23:58.452  2970  3164 I LibreCastControlDelegate: OnCastStatus() ---
04-09 11:23:58.725  3087  3087 I cast_shell: [3090:3098:ERROR:connectivity_checker_impl.cc(265)] Connectivity check failed: 400
04-09 11:23:59.515  3087  3087 I cast_shell: [3090:3130:INFO:ble_setup.cc(322)] Record action: Setup.scan_wifi.BLE
04-09 11:23:59.516  3087  3087 I cast_shell: [3090:3130:WARNING:wifi_controller_wpa_supplicant.cc(797)] Wpa responses FAIL-BUSY, assuming it is associating, which will keep scan_results fresh.
04-09 11:23:59.732  3087  3087 I cast_shell: [3090:3098:ERROR:connectivity_checker_impl.cc(265)] Connectivity check failed: 400
04-09 11:24:00.739  3087  3087 I cast_shell: [3090:3098:ERROR:connectivity_checker_impl.cc(265)] Connectivity check failed: 400
04-09 11:24:01.744  3087  3087 I cast_shell: [3090:3090:INFO:grpc_manager_impl.cc(505)] GRPC[uri=[::]:0]: num_pending_calls=0, num_active_handlers=0, num_free_handlers=0
04-09 11:24:01.745  3087  3087 I cast_shell: [3090:3098:ERROR:connectivity_checker_impl.cc(265)] Connectivity check failed: 400
04-09 11:24:01.746  3087  3087 I cast_shell: [3090:3090:INFO:grpc_manager_impl.cc(505)] GRPC[uri=]: num_pending_calls=0, num_active_handlers=0, num_free_handlers=0
04-09 11:24:01.811  3087  3087 I cast_shell: [3090:3090:INFO:grpc_manager_impl.cc(505)] GRPC[uri=unix:/tmp/hcp_ipc_auth.socket]: num_pending_calls=0, num_active_handlers=10, num_free_handlers=0
04-09 11:24:01.817  3087  3087 I cast_shell: [3090:3090:INFO:grpc_manager_impl.cc(505)] GRPC[uri=unix:/tmp/modular_updater/modular_update_service]: num_pending_calls=0, num_active_handlers=0, num_free_handlers=0
04-09 11:24:01.837  3087  3087 I cast_shell: [3090:3090:INFO:metrics_recorder.cc(112)] Metrics stat: total=11
04-09 11:24:01.837  3087  3087 I cast_shell: Cast.Discovery.Mdns.ResponderPing=1
04-09 11:24:01.837  3087  3087 I cast_shell: Cast.Discovery.Mdns.SocketPing=2
04-09 11:24:01.837  3087  3087 I cast_shell: Setup.eureak_info_keys.BLE=7
04-09 11:24:01.837  3087  3087 I cast_shell: Setup.eureka_info_immutable_basic.BLE=2
04-09 11:24:01.837  3087  3087 I cast_shell: Setup.eureka_info_mutable_reads.BLE=1
04-09 11:24:01.837  3087  3087 I cast_shell: Setup.i8n_info.BLE=7
04-09 11:24:01.837  3087  3087 I cast_shell: Setup.ip_address.BLE=1
04-09 11:24:01.837  3087  3087 I cast_shell: Setup.name_utf8.BLE=1
04-09 11:24:01.837  3087  3087 I cast_shell: Setup.state.BLE=1
04-09 11:24:01.837  3087  3087 I cast_shell: Setup.tos_accepted.BLE=1
04-09 11:24:01.958  3087  3087 I cast_shell: [3090:3130:INFO:wifi_proximity.cc(177)] Request scan.
04-09 11:24:01.972  3087  3087 I cast_shell: [3090:3090:INFO:grpc_manager_impl.cc(505)] GRPC[uri=[::]:8012]: num_pending_calls=0, num_active_handlers=1, num_free_handlers=0
04-09 11:24:01.985  2710  2722 I yani_server: NetLink Event '-1' Interface-Index '5' WLAN '0' Ethernet '-1' Parsed-iFill '-1' -> 'INVALID' ifIndex '1' -> 'lo'
04-09 11:24:01.985  2969  2979 D wac-main: Netlink event
04-09 11:24:01.985  2969  2979 E wac-main: Netlink event 16 Interface Index 5 
04-09 11:24:01.985  2969  2979 E wac-main: Enter poll and wait
04-09 11:24:01.985  2969  2979 D wac-main: Netlink event
04-09 11:24:01.985  2969  2979 E wac-main: Netlink event 16 Interface Index 5 
04-09 11:24:01.986  2969  2979 E wac-main: Enter poll and wait
04-09 11:24:01.993  2970  3164 I LibreCastControlDelegate: OnCastStatus() +++ Lyric Speaker Box 21f384:0xaae91198:NOT_SETUP
04-09 11:24:01.993  2970  3164 I LibreCastControlDelegate: Device Build Number -> '1.52.272222'
04-09 11:24:01.993  2970  3164 I librecast: updateCastBuildVersion() Version 1.52.272222
04-09 11:24:01.993  2711  2711 I lucitransport: readRemoteMessage() MID char = 7 buffer = 1.52.272222
04-09 11:24:01.994  2970  3164 I LibreCastControlDelegate: Active Applications -> 0
04-09 11:24:01.994  2970  3164 I LibreCastControlDelegate: Current Cast State '2' -> 'NOT_SETUP'
04-09 11:24:01.994  2970  3164 I LibreCastControlDelegate: OnCastStatus() ---
04-09 11:24:01.995  2710  2722 I yani_server: NetLink Event '-1' Interface-Index '5' WLAN '0' Ethernet '-1' Parsed-iFill '-1' -> 'INVALID' ifIndex '1' -> 'lo'
04-09 11:24:01.997  2710  2722 I chatty  : uid=0(root) YaniServer identical 3 lines
04-09 11:24:01.998  2710  2722 I yani_server: NetLink Event '-1' Interface-Index '5' WLAN '0' Ethernet '-1' Parsed-iFill '-1' -> 'INVALID' ifIndex '1' -> 'lo'
04-09 11:24:01.998  2710  2722 I yani_kernel: yani_geteventfrom_changeaddr() Message-Id '1' Netlink event '16' Interface Index '5' -> Name 'wlan0' 
04-09 11:24:01.999  2710  2722 I yani_kernel: yani_geteventfrom_changeaddr() Message-Id '1' Netlink event '16' Interface Index '5' -> Name 'wlan0' 
04-09 11:24:02.752  3087  3087 I cast_shell: [3090:3098:ERROR:connectivity_checker_impl.cc(265)] Connectivity check failed: 400
04-09 11:24:03.550  2709  2709 I wpa_supplicant: wlan0: CTRL-EVENT-SCAN-FAILED ret=-11
04-09 11:24:03.551  3087  3087 I cast_shell: [3090:3130:INFO:ble_setup.cc(322)] Record action: Setup.scan_wifi.BLE
04-09 11:24:03.554  2710  2722 I yani_server: NetLink Event '-1' Interface-Index '5' WLAN '-1' Ethernet '-1' Parsed-iFill '-1' -> 'INVALID' ifIndex '1' -> 'lo'
04-09 11:24:03.557  2970  3164 I LibreCastControlDelegate: OnCastStatus() +++ Lyric Speaker Box 21f384:0xaae91198:NOT_SETUP
04-09 11:24:03.557  2970  3164 I LibreCastControlDelegate: Device Build Number -> '1.52.272222'
04-09 11:24:03.557  2970  3164 I librecast: updateCastBuildVersion() Version 1.52.272222
04-09 11:24:03.557  2711  2711 I lucitransport: readRemoteMessage() MID char = 7 buffer = 1.52.272222
04-09 11:24:03.557  2970  3164 I LibreCastControlDelegate: Active Applications -> 0
04-09 11:24:03.557  2970  3164 I LibreCastControlDelegate: Current Cast State '2' -> 'NOT_SETUP'
04-09 11:24:03.557  2970  3164 I LibreCastControlDelegate: OnCastStatus() ---
04-09 11:24:03.759  3087  3087 I cast_shell: [3090:3098:ERROR:connectivity_checker_impl.cc(265)] Connectivity check failed: 400
04-09 11:24:05.772  3087  3087 I chatty  : uid=1000(chrome) /bin/logwrapper identical 2 lines
04-09 11:24:06.779  3087  3087 I cast_shell: [3090:3098:ERROR:connectivity_checker_impl.cc(265)] Connectivity check failed: 400
04-09 11:24:07.629  3087  3087 I cast_shell: [3090:3130:INFO:metrics_recorder.cc(282)] Record action: Setup.scan_results.BLE
04-09 11:24:07.704  3087  3087 I cast_shell: [3090:3130:INFO:metrics_recorder.cc(282)] Record action: Setup.scan_results.BLE
04-09 11:24:07.786  3087  3087 I cast_shell: [3090:3098:ERROR:connectivity_checker_impl.cc(265)] Connectivity check failed: 400
04-09 11:24:08.792  3087  3087 I chatty  : uid=1000(chrome) /bin/logwrapper identical 1 line
04-09 11:24:09.799  3087  3087 I cast_shell: [3090:3098:ERROR:connectivity_checker_impl.cc(265)] Connectivity check failed: 400
04-09 11:24:09.850  3087  3087 I cast_shell: [3090:3130:INFO:ble_setup.cc(322)] Record action: Setup.play_sound.BLE
04-09 11:24:09.853  3087  3087 I cast_shell: [3090:3109:INFO:synchronized_sound_player.cc(362)] Playing sound key 2
04-09 11:24:09.901  3087  3087 I cast_shell: [3090:3109:INFO:audio_decoder_software_wrapper.cc(86)] Using backend decoder for PCM
04-09 11:24:09.901  3087  3087 I cast_shell: [3090:3114:INFO:mixer_input_connection.cc(208)] Create 0xf4143b88 (no_delay), content type: media, focus type: media, fill size: 512, algorithm fill size: 221, channel count: 1, input sample rate: 44100, start threshold: 3087, max queue size: 8820, socket: 0xf551b250
04-09 11:24:09.902  3087  3087 I cast_shell: [3090:3112:INFO:stream_mixer.cc(604)] Input source channel count = 1
04-09 11:24:09.902  3087  3087 I cast_shell: [3090:3113:INFO:mixer_output_stream_alsa.cc(428)] ALSA buffer = 4096, period = 512
04-09 11:24:09.902  3087  3087 I cast_shell: [3090:3112:INFO:stream_mixer.cc(607)] Dynamic channel count not enabled; using stereo
04-09 11:24:09.902  3087  3087 I cast_shell: [3090:3112:INFO:stream_mixer.cc(604)] Input source channel count = 1
04-09 11:24:09.902  3087  3087 I cast_shell: [3090:3112:INFO:stream_mixer.cc(607)] Dynamic channel count not enabled; using stereo
04-09 11:24:09.902  3087  3087 I cast_shell: [3090:3112:INFO:stream_mixer.cc(416)] Start with 0 active inputs
04-09 11:24:09.918  3087  3087 I cast_shell: [3090:3113:INFO:mixer_output_stream_alsa.cc(171)] snd_pcm_open: handle=0xf4209658
04-09 11:24:09.918  3087  3087 I cast_shell: [3090:3113:WARNING:mixer_output_stream_alsa.cc(341)] Requested sample rate (44100 Hz) does not match the actual sample rate (48000 Hz). This may lead to lower audio quality.
04-09 11:24:09.918  3087  3087 I cast_shell: [3090:3113:INFO:mixer_output_stream_alsa.cc(346)] Sample rate changed from 0 to 48000
04-09 11:24:09.918  3087  3087 I cast_shell: [3090:3113:WARNING:mixer_output_stream_alsa.cc(379)] Requested period size (512 frames) does not match the actual period size (1024 frames). This may lead to an increase in CPU usage or an increase in audio latency.
04-09 11:24:09.918  3087  3087 I cast_shell: [3090:3113:INFO:filter_group.cc(340)] : 2ch@48000hz -> [GROUP]mix -> 2ch@48000hz
04-09 11:24:09.918  3087  3087 I cast_shell: [3090:3113:INFO:filter_group.cc(340)] [GROUP]mix: 2ch@48000hz -> [GROUP]linearize -> 2ch@48000hz
04-09 11:24:09.918  3087  3087 I cast_shell: [3090:3112:INFO:stream_mixer.cc(466)] Output 2 channels at 48000 samples per second
04-09 11:24:09.918  3087  3087 I cast_shell: [3090:3112:INFO:stream_mixer.cc(484)] Using 2 loopback channels
04-09 11:24:09.918  3087  3087 I cast_shell: [3090:3112:INFO:stream_mixer.cc(640)] Add input 0xf4143b8c to mix @ 48000 samples per second. Is primary source? = 0
04-09 11:24:09.928  3087  3087 I cast_shell: [3090:3109:INFO:media_pipeline_backend_for_mixer.cc(276)] Audio ready to play
04-09 11:24:09.928  3087  3087 I cast_shell: [3090:3112:INFO:mixer_input.cc(361)] no_delay(0xf4143b8c): set volume limits to [0, 1]
04-09 11:24:09.928  3087  3087 I cast_shell: [3090:3112:INFO:mixer_input.cc(121)] Remixing channels for 0xf4143b8c from 1 to 2
04-09 11:24:09.928  3087  3087 I cast_shell: [3090:3112:INFO:mixer_input.cc(346)] no_delay(0xf4143b8c): type volume = 1, effective multiplier = 1
04-09 11:24:09.928  3087  3087 I cast_shell: [3090:3112:INFO:mixer_input.cc(395)] no_delay(0xf4143b8c): mute volume = 1, effective multiplier = 1
04-09 11:24:09.928  3087  3087 I cast_shell: [3090:3112:INFO:mixer_input_connection.cc(1053)] 0xf4143b88 ready for playback
04-09 11:24:09.928  3087  3087 I cast_shell: [3090:3112:INFO:mixer_input_connection.cc(705)] Start 0xf4143b88
04-09 11:24:09.928  3087  3087 I cast_shell: [3090:3130:INFO:ble_setup.cc(322)] Record action: Setup.play_sound.BLE
04-09 11:24:09.929  3087  3087 I cast_shell: [3090:3109:INFO:synchronized_sound_player.cc(362)] Playing sound key 0
04-09 11:24:09.929  3087  3087 I cast_shell: [3090:3114:INFO:mixer_input_connection.cc(386)] Remove 0xf4143b88
04-09 11:24:09.949  3087  3087 I cast_shell: [3090:3109:INFO:audio_decoder_software_wrapper.cc(86)] Using backend decoder for PCM
04-09 11:24:09.949  3087  3087 I cast_shell: [3090:3114:INFO:mixer_input_connection.cc(208)] Create 0xf4165790 (no_delay), content type: media, focus type: media, fill size: 512, algorithm fill size: 240, channel count: 2, input sample rate: 48000, start threshold: 3360, max queue size: 9600, socket: 0xf551a5d0
04-09 11:24:09.971  3087  3087 I cast_shell: [3090:3112:INFO:stream_mixer.cc(683)] Remove input 0xf4143b8c
04-09 11:24:09.973  3087  3087 I cast_shell: [3090:3114:INFO:mixer_input_connection.cc(243)] Delete 0xf4143b88
04-09 11:24:09.973  3087  3087 I cast_shell: [3090:3112:INFO:stream_mixer.cc(683)] Remove input 0xf4143b8c
04-09 11:24:09.973  3087  3087 I cast_shell: [3090:3112:INFO:stream_mixer.cc(683)] Remove input 0xf4143b8c
04-09 11:24:09.973  3087  3087 I cast_shell: [3090:3112:INFO:stream_mixer.cc(604)] Input source channel count = 2
04-09 11:24:09.973  3087  3087 I cast_shell: [3090:3112:INFO:stream_mixer.cc(607)] Dynamic channel count not enabled; using stereo
04-09 11:24:09.973  3087  3087 I cast_shell: [3090:3112:INFO:stream_mixer.cc(640)] Add input 0xf4165794 to mix @ 48000 samples per second. Is primary source? = 0
04-09 11:24:09.973  3087  3087 I cast_shell: [3090:3109:INFO:media_pipeline_backend_for_mixer.cc(276)] Audio ready to play
04-09 11:24:09.974  3087  3087 I cast_shell: [3090:3112:INFO:mixer_input.cc(361)] no_delay(0xf4165794): set volume limits to [0, 1]
04-09 11:24:09.974  3087  3087 I cast_shell: [3090:3112:INFO:mixer_input.cc(346)] no_delay(0xf4165794): type volume = 1, effective multiplier = 1
04-09 11:24:09.974  3087  3087 I cast_shell: [3090:3112:INFO:mixer_input.cc(395)] no_delay(0xf4165794): mute volume = 1, effective multiplier = 1
04-09 11:24:09.992  3087  3087 I cast_shell: [3090:3112:INFO:mixer_input_connection.cc(705)] Start 0xf4165790
04-09 11:24:10.805  3087  3087 I cast_shell: [3090:3098:ERROR:connectivity_checker_impl.cc(265)] Connectivity check failed: 400
04-09 11:24:11.591  3087  3087 I cast_shell: [3090:3112:INFO:mixer_input_connection.cc(589)] End of stream for 0xf4165790
04-09 11:24:11.784  3087  3087 I cast_shell: [3090:3109:INFO:synchronized_sound_player.cc(496)] Finished playing sound
04-09 11:24:11.784  3087  3087 I cast_shell: [3090:3114:INFO:mixer_input_connection.cc(386)] Remove 0xf4165790
04-09 11:24:11.811  3087  3087 I cast_shell: [3090:3098:ERROR:connectivity_checker_impl.cc(265)] Connectivity check failed: 400
04-09 11:24:11.847  3087  3087 I cast_shell: [3090:3114:INFO:mixer_input_connection.cc(243)] Delete 0xf4165790
04-09 11:24:11.847  3087  3087 I cast_shell: [3090:3112:INFO:stream_mixer.cc(683)] Remove input 0xf4165794
04-09 11:24:11.848  3087  3087 I cast_shell: [3090:3112:INFO:stream_mixer.cc(774)] Close timeout
04-09 11:24:11.848  3087  3087 I cast_shell: [3090:3112:INFO:stream_mixer.cc(541)] Stop
04-09 11:24:11.848  3087  3087 I cast_shell: [3090:3098:INFO:loopback_audio_input.cc(194)] [REALIGN] loopback interrupted; reason = 4
04-09 11:24:11.848  3087  3087 I cast_shell: [3090:3090:INFO:cast_receiver_mojo.cc(844)] cast event : Cast.Platform.Audio.OutputInterrupted
04-09 11:24:11.932  3087  3087 I cast_shell: [3090:3113:INFO:mixer_output_stream_alsa.cc(293)] snd_pcm_close: handle=0xf4209658
04-09 11:24:12.818  3087  3087 I cast_shell: [3090:3098:ERROR:connectivity_checker_impl.cc(265)] Connectivity check failed: 400
04-09 11:24:21.878  3087  3087 I chatty  : uid=1000(chrome) /bin/logwrapper identical 9 lines
04-09 11:24:22.885  3087  3087 I cast_shell: [3090:3098:ERROR:connectivity_checker_impl.cc(265)] Connectivity check failed: 400
04-09 11:24:23.023  3087  3087 I cast_shell: [3090:3130:INFO:ble_setup.cc(322)] Record action: Setup.connect_wifi.BLE
04-09 11:24:23.028  3087  3087 I cast_shell: [3090:3130:INFO:setup_manager_impl.cc(1965)] New value: pref=tos-accepted, value=1
04-09 11:24:23.028  3087  3087 I cast_shell: [3090:3130:INFO:api_connect_wifi.cc(86)] connect_wifi Auth: 7
04-09 11:24:23.028  3087  3087 I cast_shell: [3090:3130:INFO:api_connect_wifi.cc(90)] connect_wifi Cipher: 4
04-09 11:24:23.028  3087  3087 I cast_shell: [3090:3090:INFO:bluetooth_setup.cc(686)] Disabling connectability: no bonded devices.
04-09 11:24:23.029  3087  3087 I cast_shell: [3090:3090:INFO:cast_receiver_impl.cc(1100)] Leaving discovery-only mode
04-09 11:24:23.029  3087  3087 I cast_shell: [3090:3090:INFO:application_config_manager_impl.cc(566)] Enabling virtual device 68567a6e-8cb6-d71b-fe23-98ce721b245f
04-09 11:24:23.029  3087  3087 I cast_shell: [3090:3140:INFO:mdns_cast_service.cc(351)] Device discovery state is idle
04-09 11:24:23.029  3087  3087 I cast_shell: [3090:3140:INFO:mdns_util.cc(102)] Defaulting mDNS capabilities for audio-only build
04-09 11:24:23.045  3087  3087 I cast_shell: [3090:3130:INFO:wifi_controller_wpa_supplicant.cc(1188)] strongest_snr=24 wifi_interface_index=0
04-09 11:24:23.063  2732  2763 I bluetoothtbd: [0408/225423.063496:INFO:adapter.cc(551)] Adapter properties changed
04-09 11:24:23.064  3087  3087 I cast_shell: [3090:3130:INFO:api_connect_wifi.cc(159)] [PII] Configuring wifi: ssid=Linksys16717_2G, auth=7, pairwise=4, id=0"
04-09 11:24:23.064  3087  3087 I cast_shell: [3090:3130:INFO:api_connect_wifi.cc(162)] Configuring wifi: otg =0, tethering_mode =0, wifi_auto_save_enabled=0
04-09 11:24:23.064  3087  3087 I cast_shell: [3090:3130:INFO:local_network_info_impl.cc(276)] CONNECTIVITY_ID changed:
04-09 11:24:23.064  3087  3087 I cast_shell: [3090:3130:INFO:setup_state.cc(261)] Setup state changed: SETUP_STATE_DISCONNECTED_EXTERNAL_CLIENT_ACCESSED (11) -> SETUP_STATE_SCANNING (20)
04-09 11:24:23.064  3087  3087 I cast_shell: [3090:3090:INFO:ccs_manager_impl.cc(1799)] Connectivity ID has changed; Will re-register CCS
04-09 11:24:23.064  3087  3087 I cast_shell: [3090:3090:INFO:ccs_manager_impl.cc(851)] Network connectivity down for CcsManager
04-09 11:24:23.064  3087  3087 I cast_shell: [3090:3130:INFO:bluetooth_manager.cc(115)] Record action: Cast.Bluetooth.DiscoveryMode.Disable
04-09 11:24:23.064  2710  2722 I yani_server: NetLink Event '-1' Interface-Index '5' WLAN '0' Ethernet '-1' Parsed-iFill '-1' -> 'INVALID' ifIndex '1' -> 'lo'
04-09 11:24:23.072  3087  3087 I cast_shell: [3090:3130:INFO:setup_state.cc(261)] Setup state changed: SETUP_STATE_SCANNING (20) -> SETUP_STATE_CHECKING_GLOBAL_CONNECTIVITY (50)
04-09 11:24:23.076  2970  3164 I LibreCastControlDelegate: OnCastStatus() +++ Lyric Speaker Box 21f384:0xaae91198:OFFLINE
04-09 11:24:23.076  2970  3164 I LibreCastControlDelegate: Device Build Number -> '1.52.272222'
04-09 11:24:23.076  2970  3164 I librecast: updateCastBuildVersion() Version 1.52.272222
04-09 11:24:23.077  2711  2711 I lucitransport: readRemoteMessage() MID char = 7 buffer = 1.52.272222
04-09 11:24:23.077  2970  3164 I LibreCastControlDelegate: Active Applications -> 0
04-09 11:24:23.077  2970  3164 I LibreCastControlDelegate: Current Cast State '3' -> 'OFFLINE'
04-09 11:24:23.077  2970  3164 I LibreCastControlDelegate: OnCastStatus() ---
04-09 11:24:23.079  2970  3164 I LibreCastControlDelegate: OnCastStatus() +++ Lyric Speaker Box 21f384:0xaae91198:OFFLINE
04-09 11:24:23.079  2970  3164 I LibreCastControlDelegate: Device Build Number -> '1.52.272222'
04-09 11:24:23.079  2970  3164 I librecast: updateCastBuildVersion() Version 1.52.272222
04-09 11:24:23.080  2711  2711 I lucitransport: readRemoteMessage() MID char = 7 buffer = 1.52.272222
04-09 11:24:23.080  2970  3164 I LibreCastControlDelegate: Active Applications -> 0
04-09 11:24:23.080  2970  3164 I LibreCastControlDelegate: Current Cast State '3' -> 'OFFLINE'
04-09 11:24:23.080  2970  3164 I LibreCastControlDelegate: OnCastStatus() ---
04-09 11:24:23.080  2970  3164 I LibreCastControlDelegate: OnCastStatus() +++ Lyric Speaker Box 21f384:0xaae91198:OFFLINE
04-09 11:24:23.080  2970  3164 I LibreCastControlDelegate: Device Build Number -> '1.52.272222'
04-09 11:24:23.080  2970  3164 I librecast: updateCastBuildVersion() Version 1.52.272222
04-09 11:24:23.080  2711  2711 I lucitransport: readRemoteMessage() MID char = 7 buffer = 1.52.272222
04-09 11:24:23.574  3087  3087 I cast_shell: [3090:3130:INFO:metrics_recorder.cc(282)] Record action: Setup.version.BLE
04-09 11:24:23.604  3087  3087 I cast_shell: [3090:3130:INFO:metrics_recorder.cc(282)] Record action: Setup.tos_accepted.BLE
04-09 11:24:23.634  3087  3087 I cast_shell: [3090:3130:INFO:metrics_recorder.cc(282)] Record action: Setup.state.BLE
04-09 11:24:23.664  3087  3087 I cast_shell: [3090:3130:INFO:metrics_recorder.cc(282)] Record action: Setup.ip_address.BLE
04-09 11:24:23.891  3087  3087 I cast_shell: [3090:3098:ERROR:connectivity_checker_impl.cc(265)] Connectivity check failed: 400
04-09 11:24:24.035  3087  3087 I cast_shell: [3090:3090:INFO:grpc_service_discovery_impl.cc(185)] Mdns discovered google RPC for [PII](E9F466A9D5F5B6EE232EA9D333131006).
04-09 11:24:24.204  3087  3087 I cast_shell: [3090:3130:INFO:metrics_recorder.cc(282)] Record action: Setup.version.BLE
04-09 11:24:24.234  3087  3087 I cast_shell: [3090:3130:INFO:metrics_recorder.cc(282)] Record action: Setup.tos_accepted.BLE
04-09 11:24:24.279  3087  3087 I cast_shell: [3090:3130:INFO:metrics_recorder.cc(282)] Record action: Setup.state.BLE
04-09 11:24:24.309  3087  3087 I cast_shell: [3090:3130:INFO:metrics_recorder.cc(282)] Record action: Setup.ip_address.BLE
04-09 11:24:24.848  3087  3087 I cast_shell: [3090:3130:INFO:metrics_recorder.cc(282)] Record action: Setup.version.BLE
04-09 11:24:24.879  3087  3087 I cast_shell: [3090:3130:INFO:metrics_recorder.cc(282)] Record action: Setup.tos_accepted.BLE
04-09 11:24:24.897  3087  3087 I cast_shell: [3090:3098:ERROR:connectivity_checker_impl.cc(265)] Connectivity check failed: 400
04-09 11:24:24.909  3087  3087 I cast_shell: [3090:3130:INFO:metrics_recorder.cc(282)] Record action: Setup.state.BLE
04-09 11:24:24.939  3087  3087 I cast_shell: [3090:3130:INFO:metrics_recorder.cc(282)] Record action: Setup.ip_address.BLE
04-09 11:24:25.038  3087  3087 I cast_shell: [3090:3140:INFO:mdns_app_filter.cc(1526)] MdnsAppFilter: Done announcing.
04-09 11:24:25.479  3087  3087 I cast_shell: [3090:3130:INFO:metrics_recorder.cc(282)] Record action: Setup.version.BLE
04-09 11:24:25.509  3087  3087 I cast_shell: [3090:3130:INFO:metrics_recorder.cc(282)] Record action: Setup.tos_accepted.BLE
04-09 11:24:25.539  3087  3087 I cast_shell: [3090:3130:INFO:metrics_recorder.cc(282)] Record action: Setup.state.BLE
04-09 11:24:25.569  3087  3087 I cast_shell: [3090:3130:INFO:metrics_recorder.cc(282)] Record action: Setup.ip_address.BLE
04-09 11:24:25.904  3087  3087 I cast_shell: [3090:3098:ERROR:connectivity_checker_impl.cc(265)] Connectivity check failed: 400
04-09 11:24:26.108  3087  3087 I cast_shell: [3090:3130:INFO:metrics_recorder.cc(282)] Record action: Setup.version.BLE
04-09 11:24:26.139  3087  3087 I cast_shell: [3090:3130:INFO:metrics_recorder.cc(282)] Record action: Setup.tos_accepted.BLE
04-09 11:24:26.169  3087  3087 I cast_shell: [3090:3130:INFO:metrics_recorder.cc(282)] Record action: Setup.state.BLE
04-09 11:24:26.199  3087  3087 I cast_shell: [3090:3130:INFO:metrics_recorder.cc(282)] Record action: Setup.ip_address.BLE
04-09 11:24:26.455  2969  2979 D wac-main: Netlink event
04-09 11:24:26.455  2969  2979 E wac-main: Netlink event 16 Interface Index 5 
04-09 11:24:26.455  2969  2979 E wac-main: Enter poll and wait
04-09 11:24:26.455  2969  2979 D wac-main: Netlink event
04-09 11:24:26.455  2969  2979 E wac-main: Netlink event 16 Interface Index 5 
04-09 11:24:26.455  2969  2979 E wac-main: Enter poll and wait
04-09 11:24:26.462  2710  2722 I yani_server: NetLink Event '-1' Interface-Index '5' WLAN '0' Ethernet '-1' Parsed-iFill '-1' -> 'INVALID' ifIndex '1' -> 'lo'
04-09 11:24:26.477  2710  2722 I chatty  : uid=0(root) YaniServer identical 5 lines
04-09 11:24:26.477  2710  2722 I yani_server: NetLink Event '-1' Interface-Index '5' WLAN '0' Ethernet '-1' Parsed-iFill '-1' -> 'INVALID' ifIndex '1' -> 'lo'
04-09 11:24:26.477  2710  2722 I yani_kernel: yani_geteventfrom_changeaddr() Message-Id '1' Netlink event '16' Interface Index '5' -> Name 'wlan0' 
04-09 11:24:26.478  2710  2722 I yani_kernel: yani_geteventfrom_changeaddr() Message-Id '1' Netlink event '16' Interface Index '5' -> Name 'wlan0' 
04-09 11:24:26.738  3087  3087 I cast_shell: [3090:3130:INFO:metrics_recorder.cc(282)] Record action: Setup.version.BLE
04-09 11:24:26.768  3087  3087 I cast_shell: [3090:3130:INFO:metrics_recorder.cc(282)] Record action: Setup.tos_accepted.BLE
04-09 11:24:26.798  3087  3087 I cast_shell: [3090:3130:INFO:metrics_recorder.cc(282)] Record action: Setup.state.BLE
04-09 11:24:26.828  3087  3087 I cast_shell: [3090:3130:INFO:metrics_recorder.cc(282)] Record action: Setup.ip_address.BLE
04-09 11:24:26.911  3087  3087 I cast_shell: [3090:3098:ERROR:connectivity_checker_impl.cc(265)] Connectivity check failed: 400
04-09 11:24:27.368  3087  3087 I cast_shell: [3090:3130:INFO:metrics_recorder.cc(282)] Record action: Setup.version.BLE
04-09 11:24:27.398  3087  3087 I cast_shell: [3090:3130:INFO:metrics_recorder.cc(282)] Record action: Setup.tos_accepted.BLE
04-09 11:24:27.428  3087  3087 I cast_shell: [3090:3130:INFO:metrics_recorder.cc(282)] Record action: Setup.state.BLE
04-09 11:24:27.458  3087  3087 I cast_shell: [3090:3130:INFO:metrics_recorder.cc(282)] Record action: Setup.ip_address.BLE
04-09 11:24:27.917  3087  3087 I cast_shell: [3090:3098:ERROR:connectivity_checker_impl.cc(265)] Connectivity check failed: 400
04-09 11:24:27.998  3087  3087 I cast_shell: [3090:3130:INFO:metrics_recorder.cc(282)] Record action: Setup.version.BLE
04-09 11:24:28.028  3087  3087 I cast_shell: [3090:3130:INFO:metrics_recorder.cc(282)] Record action: Setup.tos_accepted.BLE
04-09 11:24:28.058  3087  3087 I cast_shell: [3090:3130:INFO:metrics_recorder.cc(282)] Record action: Setup.state.BLE
04-09 11:24:28.088  3087  3087 I cast_shell: [3090:3130:INFO:metrics_recorder.cc(282)] Record action: Setup.ip_address.BLE
04-09 11:24:28.334  2710  2722 I yani_server: NetLink Event '-1' Interface-Index '5' WLAN '-1' Ethernet '-1' Parsed-iFill '-1' -> 'INVALID' ifIndex '1' -> 'lo'
04-09 11:24:28.629  3087  3087 I cast_shell: [3090:3130:INFO:metrics_recorder.cc(282)] Record action: Setup.version.BLE
04-09 11:24:28.658  3087  3087 I cast_shell: [3090:3130:INFO:metrics_recorder.cc(282)] Record action: Setup.tos_accepted.BLE
04-09 11:24:28.703  3087  3087 I cast_shell: [3090:3130:INFO:metrics_recorder.cc(282)] Record action: Setup.state.BLE
04-09 11:24:28.733  3087  3087 I cast_shell: [3090:3130:INFO:metrics_recorder.cc(282)] Record action: Setup.ip_address.BLE
04-09 11:24:28.924  3087  3087 I cast_shell: [3090:3098:ERROR:connectivity_checker_impl.cc(265)] Connectivity check failed: 400
04-09 11:24:29.274  3087  3087 I cast_shell: [3090:3130:INFO:metrics_recorder.cc(282)] Record action: Setup.version.BLE
04-09 11:24:29.304  3087  3087 I cast_shell: [3090:3130:INFO:metrics_recorder.cc(282)] Record action: Setup.tos_accepted.BLE
04-09 11:24:29.334  3087  3087 I cast_shell: [3090:3130:INFO:metrics_recorder.cc(282)] Record action: Setup.state.BLE
04-09 11:24:29.363  3087  3087 I cast_shell: [3090:3130:INFO:metrics_recorder.cc(282)] Record action: Setup.ip_address.BLE
04-09 11:24:29.903  3087  3087 I cast_shell: [3090:3130:INFO:metrics_recorder.cc(282)] Record action: Setup.version.BLE
04-09 11:24:29.931  3087  3087 I cast_shell: [3090:3098:ERROR:connectivity_checker_impl.cc(265)] Connectivity check failed: 400
04-09 11:24:29.933  3087  3087 I cast_shell: [3090:3130:INFO:metrics_recorder.cc(282)] Record action: Setup.tos_accepted.BLE
04-09 11:24:29.964  3087  3087 I cast_shell: [3090:3130:INFO:metrics_recorder.cc(282)] Record action: Setup.state.BLE
04-09 11:24:29.993  3087  3087 I cast_shell: [3090:3130:INFO:metrics_recorder.cc(282)] Record action: Setup.ip_address.BLE
04-09 11:24:30.533  3087  3087 I cast_shell: [3090:3130:INFO:metrics_recorder.cc(282)] Record action: Setup.version.BLE
04-09 11:24:30.563  3087  3087 I cast_shell: [3090:3130:INFO:metrics_recorder.cc(282)] Record action: Setup.tos_accepted.BLE
04-09 11:24:30.593  3087  3087 I cast_shell: [3090:3130:INFO:metrics_recorder.cc(282)] Record action: Setup.state.BLE
04-09 11:24:30.623  3087  3087 I cast_shell: [3090:3130:INFO:metrics_recorder.cc(282)] Record action: Setup.ip_address.BLE
04-09 11:24:30.937  3087  3087 I cast_shell: [3090:3098:ERROR:connectivity_checker_impl.cc(265)] Connectivity check failed: 400
04-09 11:24:31.178  3087  3087 I cast_shell: [3090:3130:INFO:metrics_recorder.cc(282)] Record action: Setup.version.BLE
04-09 11:24:31.208  3087  3087 I cast_shell: [3090:3130:INFO:metrics_recorder.cc(282)] Record action: Setup.tos_accepted.BLE
04-09 11:24:31.238  3087  3087 I cast_shell: [3090:3130:INFO:metrics_recorder.cc(282)] Record action: Setup.state.BLE
04-09 11:24:31.268  3087  3087 I cast_shell: [3090:3130:INFO:metrics_recorder.cc(282)] Record action: Setup.ip_address.BLE
04-09 11:24:31.674  2709  2709 I wpa_supplicant: wlan0: Selected BSS :ef (level:-46 noise:-60 frequency:2427)
04-09 11:24:31.676  2969  2979 D wac-main: Netlink event
