04-09 10:06:54.368     0     0 I         : [    1.423821@0] Registered swp emulation handler
04-09 10:06:54.368     0     0 I         : [    1.423859@0] Registered cp15_barrier emulation handler
04-09 10:06:54.368     0     0 I         : [    1.424242@0] Registered setend emulation handler
04-09 10:06:54.368     0     0 I         : [    1.424757@0] disable EAS feature
04-09 10:06:54.368     0     0 I         : [    1.425841@0] registered taskstats version 1
04-09 10:06:54.368     0     0 W         : [    1.435505@0] dwc3 ff500000.dwc3: Configuration mismatch. dr_mode forced to host
04-09 10:06:54.368     0     0 I         : [    1.940152@0] xhci-hcd xhci-hcd.0.auto: xHCI Host Controller
04-09 10:06:54.368     0     0 I         : [    1.940212@0] xhci-hcd xhci-hcd.0.auto: new USB bus registered, assigned bus number 1
04-09 10:06:54.368     0     0 I         : [    1.941422@0] xhci-hcd xhci-hcd.0.auto: hcc params 0x0220f664 hci version 0x100 quirks 0x02010010
04-09 10:06:54.368     0     0 I         : [    1.941896@0] xhci-hcd xhci-hcd.0.auto: irq 27, io mem 0xff500000
04-09 10:06:54.368     0     0 I         : [    1.943406@1] hub 1-0:1.0: USB hub found
04-09 10:06:54.368     0     0 I         : [    1.943479@1] hub 1-0:1.0: 1 port detected
04-09 10:06:54.368     0     0 I         : [    1.944014@1] xhci-hcd xhci-hcd.0.auto: xHCI Host Controller
04-09 10:06:54.369     0     0 I         : [    1.944232@1] xhci-hcd xhci-hcd.0.auto: new USB bus registered, assigned bus number 2
04-09 10:06:54.369     0     0 I         : [    1.945062@1] usb usb2: We don't know the algorithms for LPM for this host, disabling LPM.
04-09 10:06:54.369     0     0 I         : [    1.946549@1] hub 2-0:1.0: USB hub found
04-09 10:06:54.369     0     0 E         : [    1.946655@1] hub 2-0:1.0: config failed, hub doesn't have any ports! (err -19)
04-09 10:06:54.369     0     0 E         : [    1.947217@1] usb usb2: Unsupported the hub
04-09 10:06:54.369     0     0 I         : [    1.947960@1] aml_vrtc rtc: setting system clock to 2022-04-09 04:36:51 UTC (1649479011)
04-09 10:06:54.369     0     0 D         : [    1.948788@1] dwc_otg ff400000.dwc2_a: dwc_otg_driver_probe(ffffffc01d64cc00)
04-09 10:06:54.369     0     0 W [    1.948836@1] dwc_otg: usb0: type: 2 speed: 0, config: 0, dma: 0, id: 0, phy: ffe09000, ctrl: 0
04-09 10:06:54.369     0     0 D         : [    1.949205@1] dwc_otg ff400000.dwc2_a: base=0xffffff8008a40000
04-09 10:06:54.369     0     0 D         : [    1.949211@1] dwc_otg ff400000.dwc2_a: dwc_otg_device=0xffffffc01c749800
04-09 10:06:54.369     0     0 W [    2.049644@1] dwc_otg: Core Release: 3.10a
04-09 10:06:54.369     0     0 W [    2.049682@1] dwc_otg: Setting default values for core params
04-09 10:06:54.369     0     0 W [    2.050094@1] dwc_otg: curmode: 0, host_only: 0
04-09 10:06:54.369     0     0 D         : [    2.050553@1] dwc_otg ff400000.dwc2_a: DMA config: BURST_DEFAULT
04-09 10:06:54.369     0     0 W [    2.062897@1] dwc_otg: Using Buffer DMA mode
04-09 10:06:54.369     0     0 W [    2.062919@1] dwc_otg: OTG VER PARAM: 1, OTG VER FLAG: 1
04-09 10:06:54.369     0     0 W [    2.063296@1] dwc_otg: Working on port type = SLAVE
04-09 10:06:54.369     0     0 W [    2.063782@1] dwc_otg: Dedicated Tx FIFOs mode
04-09 10:06:54.369     0     0 I [    2.066164@1] input: adc_keypad as /devices/platform/adc_keypad/input/input1
04-09 10:06:54.369     0     0 I         : [    2.068096@0] cpucore_cooling_register, max_cpu_core_num:4
04-09 10:06:54.369     0     0 I [    2.074547@0] gxbb_pm: enter meson_pm_probe!
04-09 10:06:54.369     0     0 I         : [    2.074616@0] no vddio3v3_en pin
04-09 10:06:54.369     0     0 E         : [    2.074752@0] pm-meson aml_pm: Can't get switch_clk81
04-09 10:06:54.369     0     0 I [    2.075272@0] gxbb_pm: meson_pm_probe done
04-09 10:06:54.369     0     0 I         : [    2.076012@0] ALSA device list:
04-09 10:06:54.369     0     0 I [    2.076038@0]   #0: AML-AUGESOUND
04-09 10:06:54.369     0     0 I         : [    2.076528@0] meson_uart ff804000.serial: ttyS3 use xtal(8M) 24000000 change 115200 to 115200
04-09 10:06:54.369     0     0 I         : [    2.082425@0] Freeing unused kernel memory: 6080K
04-09 10:06:54.369     0     0 I [    2.297262@1] ubi0: attaching mtd6
04-09 10:06:54.369     0     0 I [    2.507270@1] ubi0: scanning is finished
04-09 10:06:54.369     0     0 I [    2.511127@3] ubi0: attached mtd6 (name "system", size 100 MiB)
04-09 10:06:54.369     0     0 I [    2.511440@3] ubi0: PEB size: 262144 bytes (256 KiB), LEB size: 253952 bytes
04-09 10:06:54.369     0     0 I [    2.518449@3] ubi0: min./max. I/O unit sizes: 4096/4096, sub-page size 4096
04-09 10:06:54.369     0     0 I [    2.525333@3] ubi0: VID header offset: 4096 (aligned 4096), data offset: 8192
04-09 10:06:54.369     0     0 I [    2.532402@3] ubi0: good PEBs: 400, bad PEBs: 0, corrupted PEBs: 0
04-09 10:06:54.369     0     0 I [    2.538532@3] ubi0: user volume: 1, internal volumes: 1, max. volumes count: 128
04-09 10:06:54.369     0     0 I [    2.545859@3] ubi0: max/mean erase counter: 37/25, WL threshold: 4096, image sequence number: 736763309
04-09 10:06:54.369     0     0 I [    2.555175@3] ubi0: available PEBs: 0, total reserved PEBs: 400, PEBs reserved for bad PEB handling: 40
04-09 10:06:54.369     0     0 I [    2.564499@2] ubi0: background thread "ubi_bgt0d" started, PID 2142
04-09 10:06:54.369     0     0 I         : [    2.570104@1] UBIFS (ubi0:0): background thread "ubifs_bgt0_0" started, PID 2145
04-09 10:06:54.369     0     0 I         : [    2.616314@0] UBIFS (ubi0:0): UBIFS: mounted UBI device 0, volume 0, name "rootfs"
04-09 10:06:54.369     0     0 I         : [    2.618243@0] UBIFS (ubi0:0): LEB size: 253952 bytes (248 KiB), min./max. I/O unit sizes: 4096 bytes/4096 bytes
04-09 10:06:54.369     0     0 I         : [    2.628287@0] UBIFS (ubi0:0): FS size: 87867392 bytes (83 MiB, 346 LEBs), journal size 9404416 bytes (8 MiB, 38 LEBs)
04-09 10:06:54.369     0     0 I         : [    2.638775@0] UBIFS (ubi0:0): reserved for root: 0 bytes (0 KiB)
04-09 10:06:54.369     0     0 I         : [    2.644844@0] UBIFS (ubi0:0): media format: w4/r0 (latest is w4/r0), UUID DC99A6D8-69BA-4DD7-9E44-726260A6E747, small LPT model
04-09 10:06:54.369     0     0 I [    2.887683@0] init: property init
04-09 10:06:54.369     0     0 I [    2.888421@0] init: reading config file
04-09 10:06:54.369     0     0 I [    2.895186@0] init: processing action 0xaaecc808 (boot_start)
04-09 10:06:54.369     0     0 I [    2.903152@0] init: command 'boot_start' r=0
04-09 10:06:54.369     0     0 I [    2.904194@0] init: processing action 0xaaec86b0 (early-init)
04-09 10:06:54.369     0     0 I [    2.908892@0] init: starting 'ueventd'
04-09 10:06:54.369     0     0 I [    2.912206@0] init: command 'start' r=0
04-09 10:06:54.369     0     0 I [    2.915092@0] init: command 'loglevel' r=0
04-09 10:06:54.369     0     0 I [    2.919964@0] init: command 'mount' r=0
04-09 10:06:54.369     0     0 I [    2.921787@3] init: starting ueventd
04-09 10:06:54.369     0     0 I [    2.922550@3] init: /sys/ rule /sys/devices/virtual/input/input* enable
04-09 10:06:54.369     0     0 I [    2.922561@3] init: /sys/ rule /sys/devices/virtual/input/input* poll_delay
04-09 10:06:54.369     0     0 I [    2.922571@3] init: /sys/ rule /sys/devices/virtual/usb_composite/* enable
04-09 10:06:54.369     0     0 I [    2.928305@3] init: adding platform device ffd0f0d0.watchdog
04-09 10:06:54.369     0     0 I [    2.928712@3] init: adding platform device reg-dummy
04-09 10:06:54.369     0     0 I [    2.929375@3] init: adding platform device cpu_iomap
04-09 10:06:54.369     0     0 I [    2.929649@3] init: adding platform device 7400000.ramoops
04-09 10:06:54.369     0     0 I [    2.929941@3] init: adding platform device bt-dev
04-09 10:06:54.369     0     0 I [    2.930514@3] init: adding platform device dummy
04-09 10:06:54.369     0     0 I [    2.977626@0] init: command 'mount' r=0
04-09 10:06:54.369     0     0 I [    3.181665@3] ubi1: attaching mtd7
04-09 10:06:54.369     0     0 I [    3.475361@3] ubi1: scanning is finished
04-09 10:06:54.369     0     0 I [    3.479683@0] ubi1: attached mtd7 (name "chrome", size 140 MiB)
04-09 10:06:54.369     0     0 I [    3.479976@0] ubi1: PEB size: 262144 bytes (256 KiB), LEB size: 253952 bytes
04-09 10:06:54.369     0     0 I [    3.487099@0] ubi1: min./max. I/O unit sizes: 4096/4096, sub-page size 4096
04-09 10:06:54.369     0     0 I [    3.493872@0] ubi1: VID header offset: 4096 (aligned 4096), data offset: 8192
04-09 10:06:54.369     0     0 I [    3.500937@0] ubi1: good PEBs: 560, bad PEBs: 0, corrupted PEBs: 0
04-09 10:06:54.369     0     0 I [    3.507064@0] ubi1: user volume: 1, internal volumes: 1, max. volumes count: 128
04-09 10:06:54.369     0     0 I [    3.514396@0] ubi1: max/mean erase counter: 34/25, WL threshold: 4096, image sequence number: 1458511589
04-09 10:06:54.369     0     0 I [    3.523864@0] ubi1: available PEBs: 0, total reserved PEBs: 560, PEBs reserved for bad PEB handling: 40
04-09 10:06:54.369     0     0 I [    3.533186@1] ubi1: background thread "ubi_bgt1d" started, PID 2554
04-09 10:06:54.369     0     0 I         : [    3.547633@2] UBIFS (ubi1:0): background thread "ubifs_bgt1_0" started, PID 2558
04-09 10:06:54.370     0     0 I         : [    3.574566@3] UBIFS (ubi1:0): recovery needed
04-09 10:06:54.370     0     0 I         : [    3.608462@1] UBIFS (ubi1:0): recovery completed
04-09 10:06:54.370     0     0 I         : [    3.608614@1] UBIFS (ubi1:0): UBIFS: mounted UBI device 1, volume 0, name "chrome"
04-09 10:06:54.370     0     0 I         : [    3.614971@1] UBIFS (ubi1:0): LEB size: 253952 bytes (248 KiB), min./max. I/O unit sizes: 4096 bytes/4096 bytes
04-09 10:06:54.370     0     0 I         : [    3.624969@1] UBIFS (ubi1:0): FS size: 128499712 bytes (122 MiB, 506 LEBs), journal size 9404416 bytes (8 MiB, 38 LEBs)
04-09 10:06:54.370     0     0 I         : [    3.635660@1] UBIFS (ubi1:0): reserved for root: 0 bytes (0 KiB)
04-09 10:06:54.370     0     0 I         : [    3.641613@1] UBIFS (ubi1:0): media format: w4/r0 (latest is w4/r0), UUID 3D7B4A1D-6849-462E-B889-C151DCC94211, small LPT model
04-09 10:06:54.370     0     0 I [    3.684828@3] ubi2: attaching mtd8
04-09 10:06:54.370     0     0 I         : [    3.851342@3]  NAND bbt detect factory Bad block at 17a40000
04-09 10:06:54.370     0     0 I         : [    3.862937@3]  NAND bbt detect factory Bad block at 18000000
04-09 10:06:54.370     0     0 I         : [    3.862995@3]  NAND bbt detect factory Bad block at 18040000
04-09 10:06:54.370     0     0 I [    4.135684@3] ubi2: scanning is finished
04-09 10:06:54.370     0     0 I [    4.140920@3] ubi2: attached mtd8 (name "data", size 213 MiB)
04-09 10:06:54.370     0     0 I [    4.141039@3] ubi2: PEB size: 262144 bytes (256 KiB), LEB size: 253952 bytes
04-09 10:06:54.370     0     0 I [    4.148047@3] ubi2: min./max. I/O unit sizes: 4096/4096, sub-page size 4096
04-09 10:06:54.370     0     0 I [    4.154935@3] ubi2: VID header offset: 4096 (aligned 4096), data offset: 8192
04-09 10:06:54.370     0     0 I [    4.162000@3] ubi2: good PEBs: 849, bad PEBs: 3, corrupted PEBs: 0
04-09 10:06:54.370     0     0 I [    4.168128@3] ubi2: user volume: 2, internal volumes: 1, max. volumes count: 128
04-09 10:06:54.370     0     0 I [    4.175456@3] ubi2: max/mean erase counter: 65/45, WL threshold: 4096, image sequence number: 1018457084
04-09 10:06:54.370     0     0 I [    4.184860@3] ubi2: available PEBs: 0, total reserved PEBs: 849, PEBs reserved for bad PEB handling: 37
04-09 10:06:54.370     0     0 I [    4.194185@1] ubi2: background thread "ubi_bgt2d" started, PID 2566
04-09 10:06:54.370     0     0 I         : [    4.207970@2] UBIFS (ubi2:0): background thread "ubifs_bgt2_0" started, PID 2569
04-09 10:06:54.370     0     0 I         : [    4.234690@0] UBIFS (ubi2:0): recovery needed
04-09 10:06:54.370     0     0 I         : [    4.309577@3] UBIFS (ubi2:0): recovery completed
04-09 10:06:54.370     0     0 I         : [    4.309735@3] UBIFS (ubi2:0): UBIFS: mounted UBI device 2, volume 0, name "factory"
04-09 10:06:54.370     0     0 I         : [    4.316178@3] UBIFS (ubi2:0): LEB size: 253952 bytes (248 KiB), min./max. I/O unit sizes: 4096 bytes/4096 bytes
04-09 10:06:54.370     0     0 I         : [    4.326170@3] UBIFS (ubi2:0): FS size: 10158080 bytes (9 MiB, 40 LEBs), journal size 2285569 bytes (2 MiB, 9 LEBs)
04-09 10:06:54.370     0     0 I         : [    4.336432@3] UBIFS (ubi2:0): reserved for root: 0 bytes (0 KiB)
04-09 10:06:54.370     0     0 I         : [    4.342385@3] UBIFS (ubi2:0): media format: w4/r0 (latest is w4/r0), UUID AD7DC8BC-6ACA-4841-8B12-7A54B54F57E7, small LPT model
04-09 10:06:54.370     0     0 I         : [    4.365981@2] UBIFS (ubi2:1): background thread "ubifs_bgt2_1" started, PID 2572
04-09 10:06:54.370     0     0 I         : [    4.391858@1] UBIFS (ubi2:1): recovery needed
04-09 10:06:54.370     0     0 I         : [    4.467424@0] UBIFS (ubi2:1): recovery completed
04-09 10:06:54.370     0     0 I         : [    4.467579@0] UBIFS (ubi2:1): UBIFS: mounted UBI device 2, volume 1, name "data"
04-09 10:06:54.370     0     0 I         : [    4.473765@0] UBIFS (ubi2:1): LEB size: 253952 bytes (248 KiB), min./max. I/O unit sizes: 4096 bytes/4096 bytes
04-09 10:06:54.370     0     0 I         : [    4.483852@0] UBIFS (ubi2:1): FS size: 189956096 bytes (181 MiB, 748 LEBs), journal size 9404416 bytes (8 MiB, 38 LEBs)
04-09 10:06:54.370     0     0 I         : [    4.494452@0] UBIFS (ubi2:1): reserved for root: 0 bytes (0 KiB)
04-09 10:06:54.370     0     0 I         : [    4.500405@0] UBIFS (ubi2:1): media format: w4/r0 (latest is w4/r0), UUID 34A475AE-5814-4337-8EB7-8868427E3B0E, small LPT model
04-09 10:06:54.370     0     0 I         : [    4.738546@1] aml_wifi wifi: [usb_power_control] Set WiFi power down
04-09 10:06:54.370     0     0 I [    4.739308@1] meson-mmc: [sdio_notify] finish
04-09 10:06:54.370     0     0 I         : [    4.743606@1] aml_wifi wifi: [wifi_power_ioctl] ioctl Set sdio wifi power down!
04-09 10:06:54.370     0     0 I         : [    4.747228@3] UBIFS (ubi0:0): background thread "ubifs_bgt0_0" stops
04-09 10:06:55.439  2585  2585 E         : found the match wifi is: sd8887
04-09 10:06:55.439  2585  2585 E         : wifi_insmod command:insmod /lib/modules/4.9.113/kernel/mrvl/mlan8887.ko 
--------- beginning of system
04-09 10:06:55.476  2604  2604 I wpa_supplicant: Successfully initialized wpa_supplicant
04-09 10:06:55.503  2604  2604 E wpa_supplicant: Could not read interface wlan0 flags: No such device
04-09 10:06:55.506  2604  2604 I wpa_supplicant: nl80211: Driver does not support authentication/association or connect commands
04-09 10:06:55.509  2604  2604 I wpa_supplicant: nl80211: deinit ifname=wlan0 disabled_11b_rates=0
04-09 10:06:55.510  2604  2604 E wpa_supplicant: Could not read interface wlan0 flags: No such device
04-09 10:06:55.511  2604  2604 E wpa_supplicant: wlan0: Failed to initialize driver interface
04-09 10:06:55.604  2585  2585 E         : wifi_insmod command:insmod /lib/modules/4.9.113/kernel/mrvl/sd8xxx.ko cal_data_cfg=mrvl/WlanCalData_ext_LS9x_291119.conf txpwrlimit_cfg=mrvl/txpwrlimit_cfg_8887.bin fw_name=mrvl/sd8887_wlan_a2_p59.bin cfg80211_wext=0xf host_mlme=1 auto_ds=2 fw_serial=1 sta_name="wlan" uap_name="p2p" ps_mode=2 max_uap_bss=2 drvdbg=0x7 reg_alpha2="00"
04-09 10:06:56.745  2585  2585 E         : Load BT driver
04-09 10:06:56.745  2585  2585 E         : found the match wifi is: (null)
04-09 10:06:56.745  2585  2585 E         : wifi_insmod command:insmod /lib/modules/4.9.113/kernel/mrvl/bt8xxx.ko fw_name=mrvl/sd8887_bt_a2_p59.bin bt_fw_serial=0
04-09 10:06:56.867  2686  2686 W sshd    : Failed loading /etc/dropbear/dropbear_rsa_host_key
04-09 10:06:56.867  2686  2686 W sshd    : Failed loading /etc/dropbear/dropbear_dss_host_key
04-09 10:06:56.867  2686  2686 W sshd    : Failed loading /etc/dropbear/dropbear_ecdsa_host_key
04-09 10:06:56.871  2686  2686 I sshd    : Not backgrounding
04-09 10:06:56.881  2697  2697 E writeSerialNo: Writing serial number to unifykey
04-09 10:06:56.911  2696  2696 I ServiceManager: Waiting for service libre.EnvItems...
04-09 10:06:56.911  2688  2688 I sh      : FACTEST:unifykey read success:20 20
04-09 10:06:56.911  2688  2688 I sh      : inbuf=de4f95ffa64d5e74b026  ret=20 serial.txt=de4f95ffa64d5e74b026 bytesread=20 strcmp=0
04-09 10:06:56.944  2698  2698 I ENV     : init 
04-09 10:06:56.946  2698  2698 I ENV     :  First boot 
04-09 10:06:56.946  2698  2698 E ENV     : fileExists:153 /lsync/env/env.db does not exist
04-09 10:06:56.956  2698  2698 D AVS_SDK :  [  1] I sdkVersion: 1.19.1
04-09 10:06:56.956  2698  2698 E ENV     :  FAILED to open:/lsync/env/tmp.db 
04-09 10:06:56.957  2698  2698 I ENV     : removeItem:79:/lsync/env/tmp.db not found
04-09 10:06:56.958  2698  2698 E ENV     : /lsync/env/env.db does not Exist.. tempStorage = 0
04-09 10:06:56.958  2698  2698 I ENV     : createUserDBFromFactoryCfg 
04-09 10:06:56.965  2698  2698 I ENV     : Using /factory/custom/factoryEnv.conf as conf file
04-09 10:06:56.965  2698  2698 I ENV     : removeItem:79:/lsync/env/env.db not found
04-09 10:06:56.965  2698  2698 E ENV     : Error removing /lsync/env/env.db
04-09 10:06:57.029  2698  2698 E ENV     : createUserDBFromFactoryCfg:307: tempStorage is undefined
04-09 10:06:57.029  2698  2698 I ENV     : Using /factory/custom/factoryEnv.conf and /lsync/env/env.db as conf and db file
04-09 10:06:57.029  2698  2698 I ENV     : init 
04-09 10:06:57.029  2698  2698 I ENV     :  First boot 
04-09 10:06:57.029  2698  2698 I ENV     : fileExists:151 /lsync/env/env.db exists
04-09 10:06:57.032  2698  2698 I ENV     : Copied /lsync/env/env.db to /lsync/env/tmp.db
04-09 10:06:57.032  2698  2698 E ENV     : /lsync/env/env.db does not Exist.. tempStorage = ac455db0
04-09 10:06:57.032  2698  2698 I ENV     : createUserDBFromFactoryCfg 
04-09 10:06:57.034  2698  2698 I ENV     : Using /factory/custom/factoryEnv.conf as conf file
04-09 10:06:57.035  2698  2698 I ENV     : removeItem:74:/lsync/env/env.db removed
04-09 10:06:57.035  2698  2698 I ENV     : Removed /lsync/env/env.db
04-09 10:06:57.048  2698  2698 E ENV     : createUserDBFromFactoryCfg:301: Failed at tempStorage->get_changed
04-09 10:06:57.443  2698  2698 I chatty  : uid=0(root) env_service identical 64 lines
04-09 10:06:57.452  2698  2698 E ENV     : createUserDBFromFactoryCfg:301: Failed at tempStorage->get_changed
04-09 10:06:57.453  2698  2698 E AVS_SDK :  [  1] E SQLiteStatement:SQLiteStatement::stepFailed::Executing the select did not generate a row or complete.:result=19
04-09 10:06:57.453  2698  2698 E AVS_SDK :  [  1] E SQLiteStatement:SQLiteStatement::finalizeFailed::Could release the prepared statement.:rcode=19
04-09 10:06:57.453  2698  2698 E ENV     : createUserDBFromFactoryCfg:286: Failed at m_miscStorage->put
04-09 10:06:57.459  2698  2698 E ENV     : createUserDBFromFactoryCfg:301: Failed at tempStorage->get_changed
04-09 10:06:57.644  2698  2698 I chatty  : uid=0(root) env_service identical 29 lines
04-09 10:06:57.650  2698  2698 E ENV     : createUserDBFromFactoryCfg:301: Failed at tempStorage->get_changed
04-09 10:06:57.651  2698  2698 I ENV     : Using /factory/custom/factoryEnv.conf and /lsync/env/env.db as conf and db file
04-09 10:06:57.651  2698  2698 I ENV     : fileExists:151 /lsync/env/env_bk.db exists
04-09 10:06:57.652  2698  2698 I ENV     : fileExists:151 /factory/custom/factoryEnv_bk.conf exists
04-09 10:06:57.653  2698  2698 I ENV     : removeItem:74:/lsync/env/tmp.db removed
04-09 10:06:59.884  2710  2710 I wpa_supplicant: Successfully initialized wpa_supplicant
04-09 10:06:59.897  2710  2710 I wpa_supplicant: rfkill: Cannot open RFKILL control device
04-09 10:06:59.937  2713  2713 I main_sourceswitch: ServiceManager: 0xac50df88
04-09 10:06:59.939  2713  2713 E luci_helper: LUCIHelper: Waiting for Module Init
04-09 10:06:59.941  2713  2713 E luci_helper: LUCIHelper: Waiting for Module Init
04-09 10:06:59.943  2712  2712 E LUCI_FACTORY: LUCIFactory::registerBuiltinFactories
04-09 10:06:59.948  2711  2711 E luci_helper: LUCIHelper: Waiting for Module Init
04-09 10:06:59.949  2711  2711 E luci_helper: LUCIHelper: Waiting for Module Init
04-09 10:06:59.949  2711  2711 E yani_server: YaniServer FAILED TO GET LuciHelper
04-09 10:06:59.950  2712  2712 E LUCI_SERVER: IP = 0
04-09 10:07:00.000  2711  2711 E luci_helper: LUCIHelper: Waiting for Module Init
04-09 10:07:00.000  2711  2711 E yani_server: YaniServer FAILED TO GET LuciHelper
04-09 10:07:00.001  2688  2688 I sh      : Simple mixer control 'Master',0
04-09 10:07:00.001  2688  2688 I sh      :   Capabilities: volume pswitch pswitch-joined
04-09 10:07:00.001  2688  2688 I sh      :   Playback channels: Front Left - Front Right
04-09 10:07:00.001  2688  2688 I sh      :   Capture channels: Front Left - Front Right
04-09 10:07:00.001  2688  2688 I sh      :   Limits: 0 - 100
04-09 10:07:00.012  2710  2710 I wpa_supplicant: MPM: Debug Dialog Token initialized 4120415878 (0xf5988e86)
04-09 10:07:00.021  2710  2710 I wpa_supplicant: wlan0: CTRL-EVENT-REGDOM-CHANGE init=USER type=COUNTRY alpha2=US
04-09 10:07:00.029  2688  2688 I sh      :   Front Left: 30 [30%] [-10.45dB] Playback [on]
04-09 10:07:00.029  2688  2688 I sh      :   Front Right: 30 [30%] [-10.45dB] Playback [on]
04-09 10:07:00.032  2712  2712 E luciUART: bufff write ? = 1 
04-09 10:07:00.034  2712  2712 E luciUART: tcsetattr succeed
04-09 10:07:00.035  2712  2721 E LUCI_SERVER: Luci Server Thread waiting for packets....
04-09 10:07:00.101  2709  2709 I         : [0408/213700.100505:INFO:cast_auth_check.cc(163)] Cast auth test is successful.
04-09 10:07:00.466  2711  2723 E yani_kernel: Interface status 0
04-09 10:07:00.473  2711  2723 I yani_kernel: set_device_name() Interface 'wlan0' MAC Address 'cc:90:93:21:f3:84' FriendlyName 'Lyric Speaker Box 21f384' status '0'
04-09 10:07:00.475  2711  2723 I yani_server: First boot after Factory reset! Friendly Name modified Lyric Speaker Box  -> Lyric Speaker Box 21f384
04-09 10:07:00.480  2712  2712 I lucitransport: writeRemoteMessage() MID = 90 buffer = Lyric Speaker Box 21f384
04-09 10:07:00.480  2712  2712 I luciUART: write() MID = 90  bytes = 34 data = Lyric Speaker Box 21f384 m_fd = 0x5
04-09 10:07:00.481  2712  2712 I lucitransport: writeLocalMessage() MID = 90 buffer = Lyric Speaker Box 21f384
04-09 10:07:00.481  2712  2721 E LUCI_SERVER: Luci Server Thread wait over MID 90....
04-09 10:07:00.482  2711  2723 E yani_server: Device Supports CastSetup 1
04-09 10:07:00.483  2711  2723 I yani_kernel: yani_init_net() Success Netlink socket fd 6
04-09 10:07:00.486  2711  2723 E WifiHW  : wifi_start_supplicant
04-09 10:07:00.486  2711  2723 E WifiHW  : wifi_start_ctl.start : wpa_supplicant
04-09 10:07:00.511  2712  2721 E LUCI_SERVER: Luci Server Thread waiting for packets....
04-09 10:07:00.687  2711  2723 E WifiHW  : wifi_connect_to_supplicant : wlan0
04-09 10:07:00.687  2711  2723 E WifiHW  : wifi_connect_on_socket_path1 : wlan0
04-09 10:07:00.690  2711  2723 E yani_wifi: enable_disable_net_if() Failed SIOCGIFFLAGS for interface 'wlan1' enable '0'
04-09 10:07:00.695  2711  2723 I yani_wifi: configure_wifi() SSID '' security '' passphrase '********' Country 'US'
04-09 10:07:01.893  2688  2688 I sh      : LSDeviceService: not found
04-09 10:07:01.975  2728  2728 E         :  Start MessageBox Handler 
04-09 10:07:01.980  2732  2732 I NetMgr  : Net_Mgr starting
04-09 10:07:01.990  2732  2732 I HotspotManager: Default WiFi Interface : wlan0
04-09 10:07:01.997  2728  2739 E MB_HANDLER: HOST present 1
04-09 10:07:02.010  2728  2739 E MB_HANDLER:  REGISTERED YANI LISTENER IN MessageBoxHandler
04-09 10:07:02.012  2728  2739 E         : External Host present 1
04-09 10:07:02.012  2728  2739 E MB_HANDLER: REGISTERED ExternalSource IN MessageBoxHandler
04-09 10:07:02.013  2732  2732 I NetworkMonitor: WiFi Interface : wlan0
04-09 10:07:02.013  2732  2732 I NetworkMonitor: Default WiFi Interface : wlan0
04-09 10:07:02.017  2728  2739 E MB_HANDLER: Check Device Support ENV_CastSetup true ENV_GoogleCast_ID true 
04-09 10:07:02.017  2732  2742 I NetworkMonitor: Start monitor thread
04-09 10:07:02.017  2712  2712 I lucitransport: readRemoteMessage() MID char = 43689 buffer = 1
04-09 10:07:02.018  2712  2712 I lucitransport: writeRemoteMessage() MID = 43690 buffer = ªªªªª
04-09 10:07:02.019  2712  2712 I luciUART: write() MID = 43690  bytes = 15 data = ªªªªª m_fd = 0x5
04-09 10:07:02.019  2729  2729 E UIModeManager: UIModeManager Constructor ++
04-09 10:07:02.020  2728  2739 E MB_HANDLER: LUCI UART READY MSG!!
04-09 10:07:02.021  2728  2739 E MB_HANDLER: Set Default Network Status on Bootup 0#1,0#2,0#3,0#4,0!
04-09 10:07:02.021  2712  2712 I lucitransport: writeRemoteMessage() MID = 124 buffer = 0#1,0#2,0#3,0#4,0
04-09 10:07:02.021  2712  2712 I luciUART: write() MID = 124  bytes = 27 data = 0#1,0#2,0#3,0#4,0 m_fd = 0x5
04-09 10:07:02.021  2712  2719 I lucitransport: readRemoteMessage() MID char = 43689 buffer = 1
04-09 10:07:02.022  2712  2719 I lucitransport: readRemoteMessage() MID char = 38 buffer = (null)
04-09 10:07:02.023  2712  2719 I lucitransport: readRemoteMessage() MID char = 35 buffer = 0
04-09 10:07:02.032  2728  2739 I MB_HANDLER: Env Details: LS-Host '1' Cast-Setup 'true'
04-09 10:07:02.032  2728  2739 E MB_HANDLER: Message Handler Thread waiting for messages....
04-09 10:07:02.040  2728  2739 E MB_HANDLER: ENV READ FAILED
04-09 10:07:02.040  2712  2721 I luciUART: write() MID = 208  bytes = 20 data = Country:US m_fd = 0x5
04-09 10:07:02.040  2712  2721 E LUCI_SERVER: NV_READ response= Country:US
04-09 10:07:02.040  2712  2721 E LUCI_SERVER: Luci Server Thread waiting for packets....
04-09 10:07:02.040  2732  2742 E WifiUtil: command: "SCAN" failed: FAIL-BUSY
04-09 10:07:02.041  2712  2720 E luciUART: UART:0
04-09 10:07:02.042  2712  2720 I luciUART: read() RemoteID = 43690 Command = 5 Type = 1 Status = 0 DataLen = 0
04-09 10:07:02.042  2712  2721 E LUCI_SERVER: Luci Server Thread wait over MID 5....
04-09 10:07:02.042  2712  2721 I luciUART: write() MID = 5  bytes = 22 data = eng.C4A.1203 m_fd = 0x5
04-09 10:07:02.042  2712  2721 E LUCI_SERVER: Luci Server Thread waiting for packets....
04-09 10:07:02.043  2712  2720 E luciUART: UART:aa
04-09 10:07:02.043  2728  2739 E MB_HANDLER: MacAddress :CC:90:93:21:F3:84
04-09 10:07:02.043  2712  2720 E luciUART: UART:aa
04-09 10:07:02.043  2712  2720 E luciUART: UART:1
04-09 10:07:02.043  2712  2720 E luciUART: UART:0
04-09 10:07:02.043  2712  2720 E luciUART: UART:97
04-09 10:07:02.043  2712  2720 E luciUART: UART:0
04-09 10:07:02.043  2712  2720 I chatty  : uid=0(root) UARTLUCIControl identical 3 lines
04-09 10:07:02.043  2712  2720 E luciUART: UART:0
04-09 10:07:02.043  2712  2720 E luciUART: UART:aa
04-09 10:07:02.044  2712  2720 E luciUART: UART:2
04-09 10:07:02.044  2712  2720 E luciUART: UART:0
04-09 10:07:02.044  2712  2720 E luciUART: UART:d0
04-09 10:07:02.044  2712  2720 E luciUART: UART:0
04-09 10:07:02.044  2712  2720 I chatty  : uid=0(root) UARTLUCIControl identical 2 lines
04-09 10:07:02.044  2712  2720 E luciUART: UART:0
04-09 10:07:02.044  2712  2720 E luciUART: UART:9
04-09 10:07:02.044  2712  2720 I luciUART: read() RemoteID = 43690 Command = 208 Type = 2 Status = 0 DataLen = 9
04-09 10:07:02.044  2729  2729 I ServiceManager: Waiting for service media.player...
04-09 10:07:02.044  2728  2739 E MB_HANDLER: Message Handler Thread waiting for messages....
04-09 10:07:02.044  2712  2720 E luciUART: Error: full data not available yet! readBytes 0
04-09 10:07:02.044  2712  2720 I luciUART: Previous Packet read contd., 
04-09 10:07:02.044  2712  2720 E luciUART: UART:52
04-09 10:07:02.044  2712  2720 I luciUART: Previous Packet read contd., 
04-09 10:07:02.044  2712  2720 E luciUART: UART:45
04-09 10:07:02.044  2712  2720 I luciUART: Previous Packet read contd., 
04-09 10:07:02.044  2712  2720 E luciUART: UART:41
04-09 10:07:02.044  2712  2720 I luciUART: Previous Packet read contd., 
04-09 10:07:02.053  2736  2736 E dhcpcd  : eth0: interface not found or invalid
04-09 10:07:02.054  2712  2720 E luciUART: UART:aa
04-09 10:07:02.054  2712  2720 E luciUART: UART:aa
04-09 10:07:02.054  2712  2720 E luciUART: UART:2
04-09 10:07:02.054  2712  2720 E luciUART: UART:0
04-09 10:07:02.054  2712  2720 E luciUART: UART:d0
04-09 10:07:02.054  2712  2720 E luciUART: UART:0
04-09 10:07:02.054  2712  2720 I chatty  : uid=0(root) UARTLUCIControl identical 2 lines
04-09 10:07:02.056  2712  2720 E luciUART: UART:0
04-09 10:07:02.056  2712  2720 E luciUART: UART:9
04-09 10:07:02.056  2712  2720 I luciUART: read() RemoteID = 43690 Command = 208 Type = 2 Status = 0 DataLen = 9
04-09 10:07:02.056  2712  2720 E luciUART: Error: full data not available yet! readBytes 0
04-09 10:07:02.056  2712  2720 I luciUART: Previous Packet read contd., 
04-09 10:07:02.056  2712  2720 E luciUART: UART:52
04-09 10:07:02.056  2712  2720 I luciUART: Previous Packet read contd., 
04-09 10:07:02.056  2712  2720 E luciUART: UART:45
04-09 10:07:02.056  2712  2720 I luciUART: Previous Packet read contd., 
04-09 10:07:02.056  2712  2720 E luciUART: UART:41
04-09 10:07:02.056  2712  2720 I luciUART: Previous Packet read contd., 
04-09 10:07:02.056  2712  2720 E luciUART: UART:44
04-09 10:07:02.056  2712  2720 I luciUART: Previous Packet read contd., 
04-09 10:07:02.056  2712  2720 E luciUART: UART:5f
04-09 10:07:02.056  2712  2720 I luciUART: Previous Packet read contd., 
04-09 10:07:02.056  2712  2720 E luciUART: UART:73
04-09 10:07:02.056  2712  2720 E luciUART: UART:73
04-09 10:07:02.056  2712  2720 I luciUART: Previous Packet read contd., 
04-09 10:07:02.056  2712  2720 E luciUART: UART:64
04-09 10:07:02.056  2712  2720 E luciUART: UART:aa
04-09 10:07:02.056  2712  2720 E luciUART: UART:aa
04-09 10:07:02.057  2712  2720 E luciUART: UART:0
04-09 10:07:02.057  2712  2720 E luciUART: UART:6
04-09 10:07:02.057  2712  2720 E luciUART: UART:0
04-09 10:07:02.057  2712  2720 I chatty  : uid=0(root) UARTLUCIControl identical 2 lines
04-09 10:07:02.057  2712  2720 E luciUART: UART:0
04-09 10:07:02.057  2712  2720 E luciUART: UART:4
04-09 10:07:02.057  2712  2720 I luciUART: read() RemoteID = 43690 Command = 6 Type = 2 Status = 0 DataLen = 4
04-09 10:07:02.057  2712  2720 E luciUART: Error: full data not available yet! readBytes 0
04-09 10:07:02.057  2712  2720 I luciUART: Previous Packet read contd., 
04-09 10:07:02.057  2712  2720 E luciUART: UART:31
04-09 10:07:02.057  2712  2720 I luciUART: Previous Packet read contd., 
04-09 10:07:02.057  2712  2720 E luciUART: UART:30
04-09 10:07:02.057  2712  2720 I luciUART: Previous Packet read contd., 
04-09 10:07:02.057  2712  2720 E luciUART: UART:30
04-09 10:07:02.057  2712  2720 I luciUART: Previous Packet read contd., 
04-09 10:07:02.057  2712  2720 E luciUART: UART:31
04-09 10:07:02.057  2712  2720 E luciUART: UART:aa
04-09 10:07:02.057  2712  2720 E luciUART: UART:aa
04-09 10:07:02.057  2712  2720 E luciUART: UART:2
04-09 10:07:02.057  2712  2720 E luciUART: UART:0
04-09 10:07:02.057  2712  2720 E luciUART: UART:d0
04-09 10:07:02.057  2712  2720 E luciUART: UART:0
04-09 10:07:02.057  2712  2720 I chatty  : uid=0(root) UARTLUCIControl identical 2 lines
04-09 10:07:02.057  2712  2720 E luciUART: UART:0
04-09 10:07:02.057  2712  2720 E luciUART: UART:13
04-09 10:07:02.058  2712  2720 I luciUART: read() RemoteID = 43690 Command = 208 Type = 2 Status = 0 DataLen = 19
04-09 10:07:02.058  2712  2720 E luciUART: Error: full data not available yet! readBytes 0
04-09 10:07:02.058  2712  2720 I luciUART: Previous Packet read contd., 
04-09 10:07:02.058  2712  2720 E luciUART: UART:52
04-09 10:07:02.058  2712  2720 I luciUART: Previous Packet read contd., 
04-09 10:07:02.058  2712  2720 E luciUART: UART:45
04-09 10:07:02.058  2712  2720 I luciUART: Previous Packet read contd., 
04-09 10:07:02.058  2712  2720 E luciUART: UART:41
04-09 10:07:02.058  2712  2720 I luciUART: Previous Packet read contd., 
04-09 10:07:02.058  2712  2720 E luciUART: UART:44
04-09 10:07:02.058  2712  2720 I luciUART: Previous Packet read contd., 
04-09 10:07:02.058  2712  2720 E luciUART: UART:5f
04-09 10:07:02.058  2712  2720 I luciUART: Previous Packet read contd., 
04-09 10:07:02.058  2712  2720 E luciUART: UART:66
04-09 10:07:02.058  2712  2720 I luciUART: Previous Packet read contd., 
04-09 10:07:02.058  2712  2721 I luciUART: write() MID = 208  bytes = 15 data = ssid: m_fd = 0x5
04-09 10:07:02.058  2712  2721 E LUCI_SERVER: NV_READ response= ssid:
04-09 10:07:02.058  2712  2720 E luciUART: UART:77
04-09 10:07:02.059  2712  2720 E luciUART: UART:6d
04-09 10:07:02.059  2712  2721 E LUCI_SERVER: Luci Server Thread wait over MID 208....
04-09 10:07:02.062  2736  2736 D dhcpcd  : wlan0: adding address fe80::ce90:93ff:fe21:f384
04-09 10:07:02.074  2728  2739 E MB_HANDLER: Message Handler Thread waiting for messages....
04-09 10:07:02.075  2712  2721 I luciUART: write() MID = 208  bytes = 67 data = fwdownload_xml:https://openotaengine.libreiotcloud.com/v1 m_fd = 0x5
04-09 10:07:02.075  2712  2721 E LUCI_SERVER: NV_READ response= fwdownload_xml:https://openotaengine.libreiotcloud.com/v1
04-09 10:07:02.075  2712  2721 E LUCI_SERVER: Luci Server Thread waiting for packets....
04-09 10:07:02.088  2733  2733 I bt_btif : init
04-09 10:07:02.091  2733  2733 D bt_osi_allocation_tracker: canary initialized
04-09 10:07:02.094  2733  2757 I bt_osi_thread: run_thread: thread id 2757, thread name stack_manager started
04-09 10:07:02.094  2733  2757 I bt_stack_manager: event_init_stack is initializing the stack
04-09 10:07:02.099  2733  2757 E bt_osi_config: config_new unable to open file '/data/misc/bluedroid/bt_config.conf': No such file or directory
04-09 10:07:02.099  2733  2757 W bt_btif_config: init unable to load config file: /data/misc/bluedroid/bt_config.conf; using backup.
04-09 10:07:02.099  2733  2757 E bt_osi_config: config_new unable to open file '/data/misc/bluedroid/bt_config.bak': No such file or directory
04-09 10:07:02.099  2733  2757 W bt_btif_config: init unable to load backup; attempting to transcode legacy file.
04-09 10:07:02.101  2733  2757 E bt_btif_config_transcode: btif_config_transcode unable to load XML file '/data/misc/bluedroid/bt_config.xml': 3
04-09 10:07:02.101  2733  2757 E bt_btif_config: init unable to transcode legacy file; creating empty config.
04-09 10:07:02.102  2733  2760 I bt_osi_thread: run_thread: thread id 2760, thread name alarm_default_ca started
04-09 10:07:02.103  2733  2761 I bt_osi_thread: run_thread: thread id 2761, thread name alarm_dispatcher started
04-09 10:07:02.105  2733  2757 I bt_btif_core: btif_init_bluetooth entered
04-09 10:07:02.108  2733  2757 I bt_stack_config: init attempt to load stack conf from /etc/bluetooth/bt_stack.conf
04-09 10:07:02.110  2733  2762 I bt_osi_thread: run_thread: thread id 2762, thread name bt_jni_workqueue started
04-09 10:07:02.111  2733  2757 I bt_btif_core: btif_init_bluetooth finished
04-09 10:07:02.111  2733  2757 I bt_stack_manager: event_init_stack finished
04-09 10:07:02.111  2733  2733 I bt_osi_wakelock: wakelock_set_os_callouts set to non-native
04-09 10:07:02.112  2733  2762 I bt_btif_core: run_message_loop entered
04-09 10:07:02.113  2733  2733 I bt_btif : get_profile_interface: id = gatt
04-09 10:07:02.116  2733  2733 I bt_btif : get_profile_interface: id = a2dp
04-09 10:07:02.117  2733  2733 I bt_btif : get_profile_interface: id = a2dp_sink
04-09 10:07:02.121  2733  2766 I bt_osi_thread: run_thread: thread id 2766, thread name btif_a2dp_sink_w started
04-09 10:07:02.125  2732  2743 E CommandListener: Message not handled: unrecognized interface usb0
04-09 10:07:02.125  2732  2743 W FrameworkListener: Handler 'Iface' error (Success)
04-09 10:07:02.125  2732  2743 E CommandListener: Message not handled: unrecognized interface usb0
04-09 10:07:02.125  2732  2743 W FrameworkListener: Handler 'Iface' error (Success)
04-09 10:07:02.133  2733  2733 D a2dp_codec: init
04-09 10:07:02.135  2733  2733 D a2dp_codec: createCodec: codec SBC
04-09 10:07:02.137  2733  2733 D a2dp_codec: createCodec: codec AAC
04-09 10:07:02.137  2733  2733 D a2dp_codec: createCodec: codec aptX
04-09 10:07:02.138  2733  2733 E a2dp_vendor_aptx_encoder: A2DP_VendorLoadEncoderAptx: cannot open aptX encoder library libaptX_encoder.so: libaptX_encoder.so: cannot open shared object file: No such file or directory
04-09 10:07:02.138  2733  2733 E a2dp_vendor_aptx: init: cannot load the encoder
04-09 10:07:02.138  2733  2733 D a2dp_codec: createCodec: codec aptX-HD
04-09 10:07:02.140  2733  2733 E a2dp_vendor_aptx_hd_encoder: A2DP_VendorLoadEncoderAptxHd: cannot open aptX-HD encoder library libaptXHD_encoder.so: libaptXHD_encoder.so: cannot open shared object file: No such file or directory
04-09 10:07:02.140  2733  2733 E a2dp_vendor_aptx_hd: init: cannot load the encoder
04-09 10:07:02.141  2733  2733 D a2dp_codec: createCodec: codec LDAC
04-09 10:07:02.142  2732  2743 E CommandListener: Message not handled: unrecognized interface usb0
04-09 10:07:02.142  2732  2743 W FrameworkListener: Handler 'Iface' error (Success)
04-09 10:07:02.145  2732  2743 E CommandListener: Message not handled: unrecognized interface usb0
04-09 10:07:02.145  2732  2743 W FrameworkListener: Handler 'Iface' error (Success)
04-09 10:07:02.146  2733  2733 E a2dp_vendor_ldac_encoder: A2DP_VendorLoadEncoderLdac: cannot open LDAC encoder library libldacBT_enc.so: libldacBT_enc.so: cannot open shared object file: No such file or directory
04-09 10:07:02.146  2733  2733 E a2dp_vendor_ldac: init: cannot load the encoder
04-09 10:07:02.146  2733  2733 D a2dp_codec: createCodec: codec SBC SINK
04-09 10:07:02.147  2733  2733 D a2dp_codec: createCodec: codec AAC SINK
04-09 10:07:02.147  2733  2733 I a2dp_codec: init: initialized Source codec AAC
04-09 10:07:02.147  2733  2733 I a2dp_codec: init: initialized Source codec SBC
04-09 10:07:02.147  2733  2733 I a2dp_codec: init: initialized Sink codec AAC(Sink)
04-09 10:07:02.147  2733  2733 I a2dp_codec: init: initialized Sink codec SBC(Sink)
04-09 10:07:02.147  2733  2733 W bt_btif : ## ON A2DP IDLE ## peer_sep = 0
04-09 10:07:02.164  2733  2733 I bluetoothtbd: [0408/213702.164518:INFO:daemon.cc(168)] Daemon initialized
04-09 10:07:02.165  2733  2733 I bt_btif : enable: start restricted = 0
04-09 10:07:02.165  2733  2757 I bt_stack_manager: event_start_up_stack is bringing up the stack
04-09 10:07:02.165  2733  2757 I bt_core_module: module_start_up Starting module "btif_config_module"
04-09 10:07:02.165  2733  2757 I bt_core_module: module_start_up Started module "btif_config_module"
04-09 10:07:02.165  2733  2757 I bt_core_module: module_start_up Starting module "btsnoop_module"
04-09 10:07:02.165  2733  2757 I bt_core_module: module_start_up Started module "btsnoop_module"
04-09 10:07:02.166  2733  2757 I bt_core_module: module_start_up Starting module "hci_module"
04-09 10:07:02.166  2733  2757 I bt_hci  : hci_module_start_up
04-09 10:07:02.169  2733  2779 I bt_osi_thread: run_thread: thread id 2779, thread name hci_thread started
04-09 10:07:02.172  2733  2757 D bt_hci  : hci_module_start_up starting async portion
04-09 10:07:02.175  2733  2779 I bluetoothtbd: [0408/213702.175573:INFO:hci_layer_linux.cc(172)] hci_initialize
04-09 10:07:02.175  2733  2779 I bluetoothtbd: [0408/213702.175764:INFO:hci_layer_linux.cc(184)] Using interface hci0
04-09 10:07:02.175  2733  2779 I bluetoothtbd: [0408/213702.175815:INFO:hci_layer_linux.cc(378)] rfkill
04-09 10:07:02.205  2786  2786 I dnsmasq : started, version 2.51 cachesize 150
04-09 10:07:02.205  2786  2786 I dnsmasq : compile time options: no-IPv6 GNU-getopt no-DBus no-I18N DHCP no-scripts no-TFTP
04-09 10:07:02.205  2786  2786 I dnsmasq : DHCP, IP range 192.168.10.3 -- 192.168.10.10, lease time 12h
04-09 10:07:02.206  2786  2786 I dnsmasq : reading /etc/resolv.conf
04-09 10:07:02.206  2786  2786 I dnsmasq : using nameserver 8.8.8.8#53
04-09 10:07:02.206  2786  2786 I dnsmasq : read /etc/hosts - 1 addresses
04-09 10:07:02.217  2736  2736 D dhcpcd  : no interfaces have a carrier
04-09 10:07:02.218  2736  2736 D dhcpcd  : wlan0: waiting for carrier
04-09 10:07:02.562  2732  2743 E CommandListener: Message not handled: unrecognized interface usb0
04-09 10:07:02.562  2732  2743 W FrameworkListener: Handler 'Iface' error (Success)
04-09 10:07:02.590  2733  2779 I bluetoothtbd: [0408/213702.590807:INFO:hci_layer_linux.cc(295)] wait_hcidev
04-09 10:07:02.591  2733  2779 I bluetoothtbd: [0408/213702.591080:INFO:hci_layer_linux.cc(332)] Do poll() with timeout of 3000ms
04-09 10:07:02.592  2733  2779 I bluetoothtbd: [0408/213702.592625:INFO:hci_layer_linux.cc(228)] HCI device ready
04-09 10:07:02.592  2733  2779 I bt_hci  : event_finish_startup
04-09 10:07:02.592  2733  2757 I bt_core_module: module_start_up Started module "hci_module"
04-09 10:07:02.594  2733  2810 I bt_osi_thread: run_thread: thread id 2810, thread name bt_workqueue started
04-09 10:07:02.595  2733  2810 I bluetoothtbd: [0408/213702.595464:INFO:btu_task.cc(107)] Bluetooth chip preload is complete
04-09 10:07:02.602  2733  2810 I         : No vendor HCI socket available. Won't create SocketWriter.
04-09 10:07:02.610  2733  2810 I bluetoothtbd: [0408/213702.610194:INFO:gatt_api.cc(1005)] GATT_Register
04-09 10:07:02.611  2733  2810 I bluetoothtbd: [0408/213702.611901:INFO:gatt_api.cc(1028)] allocated gatt_if=1
04-09 10:07:02.613  2733  2810 I bluetoothtbd: [0408/213702.613447:INFO:gatt_api.cc(207)] GATTS_AddService
04-09 10:07:02.614  2733  2810 I bluetoothtbd: [0408/213702.614488:INFO:gatt_api.cc(317)] GATTS_AddService: service parsed correctly, now starting
04-09 10:07:02.615  2733  2810 E bluetoothtbd: [0408/213702.615374:ERROR:gatt_attr.cc(302)] gatt_profile_db_init:  gatt_if=1
04-09 10:07:02.622  2733  2810 I bluetoothtbd: [0408/213702.622415:INFO:gatt_api.cc(1005)] GATT_Register
04-09 10:07:02.622  2733  2810 I bluetoothtbd: [0408/213702.622550:INFO:gatt_api.cc(1028)] allocated gatt_if=2
04-09 10:07:02.622  2733  2810 I bluetoothtbd: [0408/213702.622598:INFO:gatt_api.cc(207)] GATTS_AddService
04-09 10:07:02.622  2733  2810 I bluetoothtbd: [0408/213702.622678:INFO:gatt_api.cc(317)] GATTS_AddService: service parsed correctly, now starting
04-09 10:07:02.626  2733  2811 I bt_osi_thread: run_thread: thread id 2811, thread name btu message loop started
04-09 10:07:02.686  2733  2812 I bt_osi_thread: run_thread: thread id 2812, thread name module_wrapper started
04-09 10:07:02.687  2733  2812 I bt_core_module: module_start_up Starting module "controller_module"
04-09 10:07:02.698  2711  2723 I yani_server: ifindexeth0 0 ifindexwlan0 5 ifindexp2p0 6 ifindexwlan1 0
04-09 10:07:02.699  2711  2723 I yani_server: NetLink Event '-1' Interface-Index '5' WLAN '0' Ethernet '-1' Parsed-iFill '-1' -> 'INVALID' ifIndex '1' -> 'lo'
04-09 10:07:02.699  2711  2723 I yani_kernel: yani_geteventfrom_changeaddr() Message-Id '1' Netlink event '16' Interface Index '5' -> Name 'wlan0' 
04-09 10:07:02.700  2711  2723 I yani_kernel: yani_geteventfrom_changeaddr() Message-Id '1' Netlink event '16' Interface Index '9' -> Name 'usb0' 
04-09 10:07:02.701  2711  2723 I yani_kernel: yani_geteventfrom_changeaddr() Message-Id '1' Netlink event '16' Interface Index '9' -> Name 'usb0' 
04-09 10:07:02.703  2711  2723 I yani_kernel: yani_geteventfrom_changeaddr() Message-Id '1' Netlink event '20' Interface Index '9' -> Name 'usb0' 
04-09 10:07:02.704  2711  2723 I yani_kernel: yani_geteventfrom_changeaddr() Message-Id '1' Netlink event '16' Interface Index '9' -> Name 'usb0' 
04-09 10:07:02.705  2711  2723 I yani_kernel: yani_geteventfrom_changeaddr() Message-Id '1' Netlink event '21' Interface Index '9' -> Name 'usb0' 
04-09 10:07:02.706  2711  2723 I yani_kernel: yani_geteventfrom_changeaddr() Message-Id '1' Netlink event '20' Interface Index '9' -> Name 'usb0' 
04-09 10:07:02.707  2711  2723 I yani_kernel: yani_geteventfrom_changeaddr() Message-Id '1' Netlink event '16' Interface Index '9' -> Name 'usb0' 
04-09 10:07:02.864  2733  2812 I bt_core_module: module_start_up Started module "controller_module"
04-09 10:07:02.865  2733  2812 W bt_osi_thread: run_thread: thread id 2812, thread name module_wrapper exited
04-09 10:07:02.868  2733  2810 W bt_btm  : btm_decode_ext_features_page: feature page 1 ignored
04-09 10:07:02.868  2733  2810 W bt_btm  : btm_decode_ext_features_page: feature page 2 ignored
04-09 10:07:02.869  2733  2811 I bt_btm_sec: BTM_SecRegister p_cb_info->p_le_callback == 0x0xf6f64b99
04-09 10:07:02.870  2733  2811 I bt_btm_sec: BTM_SecRegister btm_cb.api.p_le_callback = 0x0xf6f64b99 
04-09 10:07:02.872  2733  2811 I bluetoothtbd: [0408/213702.872441:INFO:ble_advertiser_hci_interface.cc(736)] Legacy advertising will be in use
04-09 10:07:02.875  2733  2811 I bluetoothtbd: [0408/213702.875104:INFO:gatt_api.cc(1005)] GATT_Register
04-09 10:07:02.875  2733  2811 I bluetoothtbd: [0408/213702.875270:INFO:gatt_api.cc(1028)] allocated gatt_if=3
04-09 10:07:02.895  2733  2811 I bt_bta_av: AVRCP version used for sdp: "avrcp14"
04-09 10:07:02.899  2733  2762 E bt_btif_storage: btif_storage_get_adapter_property: Controller ready!
04-09 10:07:02.900  2733  2762 I bt_btif_storage: btif_storage_get_adapter_property service_mask:0x40000
04-09 10:07:02.900  2733  2762 I bluetoothtbd: [0408/213702.900630:INFO:adapter.cc(551)] Adapter properties changed
04-09 10:07:02.900  2733  2762 I bluetoothtbd: [0408/213702.900755:INFO:adapter.cc(564)] Adapter address changed: CC:90:93:21:F3:85
04-09 10:07:02.900  2733  2762 I bluetoothtbd: [0408/213702.900799:INFO:adapter.cc(573)] Adapter name changed
04-09 10:07:02.901  2733  2762 I bt_btif_core: btif_enable_bluetooth_evt entered: status 0
04-09 10:07:02.901  2733  2762 W bt_btif : btif_enable_bluetooth_evt: Saving the Adapter Address
04-09 10:07:02.901  2733  2762 I bluetoothtbd: [0408/213702.901820:INFO:adapter.cc(551)] Adapter properties changed
04-09 10:07:02.901  2733  2762 I bluetoothtbd: [0408/213702.901909:INFO:adapter.cc(564)] Adapter address changed: CC:90:93:21:F3:85
04-09 10:07:02.901  2733  2762 D bt_hci  : do_postload posting postload work item
04-09 10:07:02.907  2733  2853 I bt_osi_thread: run_thread: thread id 2853, thread name btif_sock started
04-09 10:07:02.910  2733  2762 D bt_bte_conf: Device ID record 1 : primary
04-09 10:07:02.910  2733  2762 D bt_bte_conf:   vendorId            = 000f
04-09 10:07:02.910  2733  2762 D bt_bte_conf:   vendorIdSource      = 0001
04-09 10:07:02.910  2733  2762 D bt_bte_conf:   product             = 1200
04-09 10:07:02.910  2733  2762 D bt_bte_conf:   version             = 1436
04-09 10:07:02.910  2733  2762 D bt_bte_conf:   clientExecutableURL = 
04-09 10:07:02.910  2733  2762 D bt_bte_conf:   serviceDescription  = 
04-09 10:07:02.910  2733  2762 D bt_bte_conf:   documentationURL    = 
04-09 10:07:02.910  2733  2762 D bt_bte_conf: bte_load_did_conf no section named DID2.
04-09 10:07:02.910  2733  2757 I bt_stack_manager: event_start_up_stack finished
04-09 10:07:02.911  2733  2762 I bt_btif_core: btif_enable_bluetooth_evt finished
04-09 10:07:03.044  2729  2729 I ServiceManager: Waiting for service media.player...
04-09 10:07:03.139  2711  2723 I yani_kernel: yani_geteventfrom_changeaddr() Message-Id '1' Netlink event '16' Interface Index '9' -> Name 'usb0' 
04-09 10:07:03.140  2732  2743 E CommandListener: Message not handled: unrecognized interface usb0
04-09 10:07:03.140  2732  2743 W FrameworkListener: Handler 'Iface' error (Success)
04-09 10:07:03.619  2732  2743 E CommandListener: Message not handled: unrecognized interface usb0
04-09 10:07:03.619  2732  2743 W FrameworkListener: Handler 'Iface' error (Success)
04-09 10:07:04.041  2732  2742 E WifiUtil: command: "SCAN" failed: FAIL-BUSY
04-09 10:07:04.045  2729  2729 I ServiceManager: Waiting for service media.player...
04-09 10:07:04.358  2711  2723 I yani_server: NetLink Event '-1' Interface-Index '5' WLAN '-1' Ethernet '-1' Parsed-iFill '-1' -> 'INVALID' ifIndex '1' -> 'lo'
04-09 10:07:04.359  2711  2723 I yani_server: NetLink Event '-1' Interface-Index '5' WLAN '0' Ethernet '-1' Parsed-iFill '-1' -> 'INVALID' ifIndex '1' -> 'lo'
04-09 10:07:04.382  2711  2723 I chatty  : uid=0(root) YaniServer identical 33 lines
04-09 10:07:04.383  2711  2723 I yani_server: NetLink Event '-1' Interface-Index '5' WLAN '0' Ethernet '-1' Parsed-iFill '-1' -> 'INVALID' ifIndex '1' -> 'lo'
04-09 10:07:04.383  2711  2723 I yani_kernel: yani_geteventfrom_changeaddr() Message-Id '1' Netlink event '16' Interface Index '5' -> Name 'wlan0' 
04-09 10:07:04.384  2711  2723 I yani_kernel: yani_geteventfrom_changeaddr() Message-Id '1' Netlink event '16' Interface Index '5' -> Name 'wlan0' 
04-09 10:07:04.943  2713  2713 I SourceSwitch: SourceSwitch() Host 1 initialized...
04-09 10:07:05.045  2729  2729 I ServiceManager: Waiting for service media.player...
04-09 10:07:05.177  2786  2786 I dnsmasq : DHCPDISCOVER(usb0) 66:9d:09:13:7f:11 
04-09 10:07:05.177  2786  2786 I dnsmasq : DHCPOFFER(usb0) 192.168.10.10 66:9d:09:13:7f:11 
04-09 10:07:05.178  2786  2786 I dnsmasq : DHCPDISCOVER(usb0) 66:9d:09:13:7f:11 
04-09 10:07:05.178  2786  2786 I dnsmasq : DHCPOFFER(usb0) 192.168.10.10 66:9d:09:13:7f:11 
