04-09 11:15:13.516  2711  2723 I yani_server: doLotofWork() Interface 'p2p0' ifr[0].ifr_name 'lo' ipaddress '127.0.0.1'
04-09 11:15:13.516  2711  2723 I yani_server: doLotofWork() Interface 'p2p0' ifr[1].ifr_name 'p2p0' ipaddress '192.168.255.249'
04-09 11:15:13.516  2711  2723 I yani_server: doLotofWork() returns 'REFILL WACMODE'
04-09 11:15:13.516  2711  2723 E yani_server: YANI: I am Done Wait For Event 
04-09 11:15:13.516  2711  2723 I yani_kernel: yani_geteventfrom_changeaddr() Message-Id '1' Netlink event '21' Interface Index '6' -> Name 'p2p0' 
04-09 11:15:13.517  2711  2816 I yani_server: onNetworkParametersChanged() WAC Mode '1'  Index '2' Interface 'p2p0' Status '1'
04-09 11:15:13.517  2729  2740 I MB_HANDLER: YaniAlert() Interface '4' Status '1'
04-09 11:15:13.523  3177  3177 I dnsmasq : started, version 2.51 DNS disabled
04-09 11:15:13.523  3177  3177 I dnsmasq : compile time options: no-IPv6 GNU-getopt no-DBus no-I18N DHCP no-scripts no-TFTP
04-09 11:15:13.525  3090  3090 I cast_shell: [3093:3143:INFO:metrics_recorder.cc(282)] cast event: Cast.Discovery.Mdns.SocketCreated
04-09 11:15:13.525  3090  3090 I cast_shell: [3093:3143:INFO:mdns_app_filter.cc(1254)] Created mDNS socket for interface:name=usb0, address=192.168.10.1, index=9
04-09 11:15:13.525  3090  3090 I cast_shell: [3093:3143:INFO:mdns_app_filter.cc(977)] MdnsAppFilter is starting.
04-09 11:15:13.525  3090  3090 I cast_shell: [3093:3143:INFO:metrics_recorder.cc(282)] cast event: Cast.Discovery.Mdns.ResponderStarted
04-09 11:15:13.525  3090  3090 I cast_shell: [3093:3143:INFO:discovered_service_client.cc(78)] Primary interface for service discovery has changed: ifindex=9
04-09 11:15:13.525  3090  3090 I cast_shell: [3093:3143:INFO:mdns_app_filter.cc(1605)] Re-probing due to newly registered service '3': _googlezone
04-09 11:15:13.525  3090  3090 I cast_shell: [3093:3093:INFO:mdns_manager_impl.cc(311)] Successfully registered service: type=_googlezone
04-09 11:15:13.525  3090  3090 I cast_shell: [3093:3146:INFO:multizone_group.cc(357)] Change name for group [PII](46B584438B687576DF49B50BCE90E019) to [PII](Lyric Speaker Box 21f384)
04-09 11:15:13.525  2712  2712 I lucitransport: writeRemoteMessage() MID = 124 buffer = 4#1,0#2,0#3,1#4,1
04-09 11:15:13.525  2712  2712 I luciUART: write() MID = 124  bytes = 27 data = 4#1,0#2,0#3,1#4,1 m_fd = 0x5
04-09 11:15:13.530  2730  2730 E AirableUIHelper: AirableUIHelper::YaniAlert  4 1 
04-09 11:15:13.530  3090  3090 I cast_shell: [3093:3093:INFO:device_info_impl.cc(1133)] SSDP Config ID is increased: id=2
04-09 11:15:13.530  3090  3090 I cast_shell: [3093:3093:INFO:device_info_impl.cc(1133)] SSDP Config ID is increased: id=3
04-09 11:15:13.530  3090  3090 I cast_shell: [3093:3143:INFO:mdns_util.cc(102)] Defaulting mDNS capabilities for audio-only build
04-09 11:15:13.530  3090  3090 I cast_shell: [3093:3143:INFO:mdns_util.cc(102)] Defaulting mDNS capabilities for audio-only build
04-09 11:15:13.530  2978  2991 I otamanager: YaniAlert() Interface 4 Status Up
04-09 11:15:13.531  2972  3168 I LibreCastControlDelegate: OnResponse() ReqeustID 1, error  0
04-09 11:15:13.532  2974  3010 I airplay-main: YaniAlert Interface 4 Status 1
04-09 11:15:13.532  3090  3090 I cast_shell: [3093:3093:INFO:mdns_manager_impl.cc(429)] Successfully updated service: type=_googlecast
04-09 11:15:13.532  3090  3090 I cast_shell: [3093:3093:INFO:virtual_device.cc(296)] Updated mDNS service for virtual device: id=e051ac4b-0144-0e03-512b-68c9883c6c78
04-09 11:15:13.532  3090  3090 I cast_shell: [3093:3093:INFO:mdns_manager_impl.cc(429)] Successfully updated service: type=_googlecast
04-09 11:15:13.532  3090  3090 I cast_shell: [3093:3093:INFO:virtual_device.cc(296)] Updated mDNS service for virtual device: id=e051ac4b-0144-0e03-512b-68c9883c6c78
04-09 11:15:13.532  2711  2723 I yani_server: NetLink Event '5' Interface-Index '6' WLAN '-1' Ethernet '-1' Parsed-iFill '5' -> 'P2P0 DISCONNECTED' ifIndex '2' -> 'tunl0'
04-09 11:15:13.533  2712  2720 E luciUART: UART:aa
04-09 11:15:13.533  2712  2720 E luciUART: UART:aa
04-09 11:15:13.533  2712  2720 E luciUART: UART:2
04-09 11:15:13.533  2712  2720 E luciUART: UART:0
04-09 11:15:13.534  2712  2720 E luciUART: UART:d0
04-09 11:15:13.534  2711  2723 E yani_server: YANI: I am Done Wait For Event 
04-09 11:15:13.534  2711  2816 I yani_server: onNetworkParametersChanged() WAC Mode '0'  Index '2' Interface 'p2p0' Status '0'
04-09 11:15:13.534  2711  2723 I yani_kernel: yani_geteventfrom_changeaddr() Message-Id '1' Netlink event '20' Interface Index '6' -> Name 'p2p0' 
04-09 11:15:13.534  2729  2740 I MB_HANDLER: YaniAlert() Interface '3' Status '0'
04-09 11:15:13.534  2712  2720 E luciUART: UART:0
04-09 11:15:13.534  2712  2720 I chatty  : uid=0(root) UARTLUCIControl identical 2 lines
04-09 11:15:13.534  2712  2720 E luciUART: UART:0
04-09 11:15:13.534  2712  2720 E luciUART: UART:9
04-09 11:15:13.534  2712  2720 I luciUART: read() RemoteID = 43690 Command = 208 Type = 2 Status = 0 DataLen = 9
04-09 11:15:13.534  2712  2720 E luciUART: Error: full data not available yet! readBytes 0
04-09 11:15:13.534  2712  2720 I luciUART: Previous Packet read contd., 
04-09 11:15:13.534  2712  2720 E luciUART: UART:52
04-09 11:15:13.534  2712  2720 I luciUART: Previous Packet read contd., 
04-09 11:15:13.537  2712  2721 I luciUART: write() MID = 208  bytes = 15 data = ssid: m_fd = 0x5
04-09 11:15:13.537  2712  2721 E LUCI_SERVER: NV_READ response= ssid:
04-09 11:15:13.537  2712  2721 E LUCI_SERVER: Luci Server Thread waiting for packets....
04-09 11:15:13.537  2711  2723 I yani_server: NetLink Event '6' Interface-Index '6' WLAN '-1' Ethernet '-1' Parsed-iFill '6' -> 'P2P0 CONNECTED' ifIndex '2' -> 'tunl0'
04-09 11:15:13.542  2971  2985 D wac-main: Netlink event
04-09 11:15:13.543  2971  2985 E wac-main: Netlink event 16 Interface Index 6 
04-09 11:15:13.543  2971  2985 E wac-main: p2p0 event Link Changed : 1002 
04-09 11:15:13.543  2971  2985 E wac-main: Enter poll and wait
04-09 11:15:13.544  2712  2720 E luciUART: UART:aa
04-09 11:15:13.544  2712  2720 E luciUART: UART:aa
04-09 11:15:13.545  2712  2720 E luciUART: UART:2
04-09 11:15:13.545  2712  2720 E luciUART: UART:0
04-09 11:15:13.545  2712  2720 E luciUART: UART:d0
04-09 11:15:13.545  2712  2720 E luciUART: UART:0
04-09 11:15:13.545  2712  2720 I chatty  : uid=0(root) UARTLUCIControl identical 2 lines
04-09 11:15:13.545  2712  2720 E luciUART: UART:0
04-09 11:15:13.545  2712  2720 E luciUART: UART:9
04-09 11:15:13.545  2712  2720 I luciUART: read() RemoteID = 43690 Command = 208 Type = 2 Status = 0 DataLen = 9
04-09 11:15:13.545  2712  2720 E luciUART: Error: full data not available yet! readBytes 0
04-09 11:15:13.545  2712  2720 I luciUART: Previous Packet read contd., 
04-09 11:15:13.545  2712  2720 E luciUART: UART:52
04-09 11:15:13.545  2712  2720 I luciUART: Previous Packet read contd., 
04-09 11:15:13.545  2712  2720 E luciUART: UART:45
04-09 11:15:13.545  2712  2720 I luciUART: Previous Packet read contd., 
04-09 11:15:13.545  2712  2720 E luciUART: UART:41
04-09 11:15:13.545  2712  2720 I luciUART: Previous Packet read contd., 
04-09 11:15:13.545  2712  2720 E luciUART: UART:44
04-09 11:15:13.545  2712  2720 I luciUART: Previous Packet read contd., 
04-09 11:15:13.545  2712  2720 E luciUART: UART:5f
04-09 11:15:13.545  2712  2720 I luciUART: Previous Packet read contd., 
04-09 11:15:13.546  2712  2720 E luciUART: UART:73
04-09 11:15:13.546  2712  2720 I luciUART: Previous Packet read contd., 
04-09 11:15:13.546  2712  2720 E luciUART: UART:73
04-09 11:15:13.546  2712  2720 I luciUART: Previous Packet read contd., 
04-09 11:15:13.546  2712  2720 E luciUART: UART:69
04-09 11:15:13.546  2712  2720 I luciUART: Previous Packet read contd., 
04-09 11:15:13.546  2712  2720 E luciUART: UART:64
04-09 11:15:13.546  2712  2721 E LUCI_SERVER: Luci Server Thread wait over MID 208....
04-09 11:15:13.546  2712  2721 E LUCI_SERVER: Got NV name : ssid
04-09 11:15:13.548  2712  2721 I luciUART: write() MID = 208  bytes = 15 data = ssid: m_fd = 0x5
04-09 11:15:13.548  2712  2721 E LUCI_SERVER: NV_READ response= ssid:
04-09 11:15:13.548  2712  2721 E LUCI_SERVER: Luci Server Thread waiting for packets....
04-09 11:15:14.018  2732  2746 E WifiUtil: command: "SCAN" failed: FAIL-BUSY
04-09 11:15:14.018  2732  2746 W HotspotManager: hotspot already started
04-09 11:15:14.019  2711  2723 I yani_server: doLotofWork() List of interface '4'
04-09 11:15:14.019  2711  2723 I yani_server: doLotofWork() Interface 'p2p0' ifr[0].ifr_name 'lo' ipaddress '127.0.0.1'
04-09 11:15:14.019  2711  2723 I yani_server: doLotofWork() Interface 'p2p0' ifr[1].ifr_name 'p2p0' ipaddress '192.168.255.249'
04-09 11:15:14.019  2711  2723 I yani_server: doLotofWork() returns 'REFILL WACMODE'
04-09 11:15:14.019  2711  2723 E yani_server: YANI: I am Done Wait For Event 
04-09 11:15:14.019  2711  2723 I yani_kernel: yani_geteventfrom_changeaddr() Message-Id '1' Netlink event '16' Interface Index '6' -> Name 'p2p0' 
04-09 11:15:14.019  2711  2816 I yani_server: onNetworkParametersChanged() WAC Mode '1'  Index '2' Interface 'p2p0' Status '1'
04-09 11:15:14.019  2729  2740 I MB_HANDLER: YaniAlert() Interface '4' Status '1'
04-09 11:15:14.020  2712  2712 I lucitransport: writeRemoteMessage() MID = 124 buffer = 4#1,0#2,0#3,1#4,1
04-09 11:15:14.020  2712  2712 I luciUART: write() MID = 124  bytes = 27 data = 4#1,0#2,0#3,1#4,1 m_fd = 0x5
04-09 11:15:14.021  2730  2730 E AirableUIHelper: AirableUIHelper::YaniAlert  4 1 
04-09 11:15:14.021  2978  2991 I otamanager: YaniAlert() Interface 4 Status Up
04-09 11:15:14.022  2974  3010 I airplay-main: YaniAlert Interface 4 Status 1
04-09 11:15:14.026  2972  3168 I LibreCastControlDelegate: OnCastStatus() +++ LSB9700:0xabf7b198:NOT_SETUP
04-09 11:15:14.026  2972  3168 I LibreCastControlDelegate: Device Build Number -> '1.52.272222'
04-09 11:15:14.026  2972  3168 I librecast: updateCastBuildVersion() Version 1.52.272222
04-09 11:15:14.027  2712  2712 I lucitransport: readRemoteMessage() MID char = 7 buffer = 1.52.272222
04-09 11:15:14.027  2734  2762 I bluetoothtbd: [0408/224514.027456:INFO:adapter.cc(551)] Adapter properties changed
04-09 11:15:14.027  3090  3090 I cast_shell: [3093:3133:INFO:ble_setup.cc(789)] Missing required info for sign.
04-09 11:15:14.027  2734  2762 I bluetoothtbd: [0408/224514.027591:INFO:adapter.cc(573)] Adapter name changed
04-09 11:15:14.027  2712  2720 E luciUART: UART:aa
04-09 11:15:14.027  2712  2720 E luciUART: UART:aa
04-09 11:15:14.027  2972  3168 I LibreCastControlDelegate: Active Applications -> 0
04-09 11:15:14.027  2972  3168 I LibreCastControlDelegate: Current Cast State '2' -> 'NOT_SETUP'
04-09 11:15:14.027  2972  3168 I LibreCastControlDelegate: OnCastStatus() ---
04-09 11:15:14.027  2712  2720 E luciUART: UART:2
04-09 11:15:14.028  3090  3090 I cast_shell: [3093:3133:INFO:bluetooth_manager.cc(1232)] [PII] Set device name to 'Lyric Speaker Box 21f384'
04-09 11:15:14.034  2712  2721 I luciUART: write() MID = 208  bytes = 15 data = ssid: m_fd = 0x5
04-09 11:15:14.034  2712  2721 E LUCI_SERVER: NV_READ response= ssid:
04-09 11:15:14.034  2712  2721 E LUCI_SERVER: Luci Server Thread waiting for packets....
04-09 11:15:14.034  2971  2985 D wac-main: Netlink event
04-09 11:15:14.034  2971  2985 E wac-main: Netlink event 16 Interface Index 6 
04-09 11:15:14.034  2971  2985 E wac-main: p2p0 event Link Changed : 1003 
04-09 11:15:14.034  2971  2985 E wac-main: Enter poll and wait
04-09 11:15:14.034  3170  3170 I hostapd : p2p0: IEEE 802.11 channel=6 mode=ht bw=20 htcaps=0x177f vhtcaps=0x0 cf_seg0=0 cf_seg1=0
04-09 11:15:14.035  2711  2723 I yani_server: NetLink Event '-1' Interface-Index '5' WLAN '-1' Ethernet '-1' Parsed-iFill '-1' -> 'INVALID' ifIndex '1' -> 'lo'
04-09 11:15:14.036  2711  2723 I yani_server: NetLink Event '-1' Interface-Index '5' WLAN '0' Ethernet '-1' Parsed-iFill '-1' -> 'INVALID' ifIndex '1' -> 'lo'
04-09 11:15:14.037  2712  2712 I lucitransport: readRemoteMessage() MID char = 7 buffer = 1.52.272222
04-09 11:15:14.038  2972  3168 I LibreCastControlDelegate: Active Applications -> 0
04-09 11:15:14.038  2972  3168 I LibreCastControlDelegate: Current Cast State '2' -> 'NOT_SETUP'
04-09 11:15:14.046  2711  2723 I yani_server: NetLink Event '-1' Interface-Index '5' WLAN '0' Ethernet '-1' Parsed-iFill '-1' -> 'INVALID' ifIndex '1' -> 'lo'
04-09 11:15:14.046  2711  2723 I yani_kernel: yani_geteventfrom_changeaddr() Message-Id '1' Netlink event '16' Interface Index '6' -> Name 'p2p0' 
04-09 11:15:14.048  2972  3168 I LibreCastControl: LibreCastControl_SetMultizoneAudioOutputDelay() delay '80000' usecs RequestId '5' pCastControl 0xf4c00728
04-09 11:15:14.048  2972  3168 I LibreCastControlDelegate: MultizoneDelay request ID 5 with delay 80000 usecs
04-09 11:15:14.048  2972  3168 I LibreCastControlDelegate: OnCastStatus() ---
04-09 11:15:14.064  2971  2985 D wac-main: Netlink event
04-09 11:15:14.064  2971  2985 E wac-main: Netlink event 16 Interface Index 6 
04-09 11:15:14.064  2971  2985 E wac-main: p2p0 event Link Changed : 11043 
04-09 11:15:14.064  2971  2985 E wac-main: p2p0 Changed Up 
04-09 11:15:14.065  2711  2723 I yani_kernel: yani_geteventfrom_changeaddr() Message-Id '1' Netlink event '16' Interface Index '6' -> Name 'p2p0' 
04-09 11:15:14.067  2971  2985 I wifiapi : newconn : 0xf4e00718
04-09 11:15:14.067  2971  2985 I wifiapi : 'STATUS' command returned = 0
04-09 11:15:14.068  2971  2985 E wac-main: current wifi status : 10
04-09 11:15:14.073  2972  3168 I LibreCastControlDelegate: OnCastStatus() +++ Lyric Speaker Box 21f384:0xabf7b198:NOT_SETUP
04-09 11:15:14.073  2972  3168 I LibreCastControlDelegate: Device Build Number -> '1.52.272222'
04-09 11:15:14.073  2972  3168 I librecast: updateCastBuildVersion() Version 1.52.272222
04-09 11:15:14.073  3090  3090 I cast_shell: [3093:3093:INFO:multizone_setup.cc(328)] Configured audio output delay changed. User delay = 0 s, OEM delay = 0.08 s, HDMI delay = 0 s
04-09 11:15:14.074  2712  2712 I lucitransport: readRemoteMessage() MID char = 7 buffer = 1.52.272222
04-09 11:15:14.075  2972  3168 I LibreCastControlDelegate: Active Applications -> 0
04-09 11:15:14.075  2972  3168 I LibreCastControlDelegate: Current Cast State '2' -> 'NOT_SETUP'
04-09 11:15:14.080  2972  3168 I LibreCastControlDelegate: OnCastStatus() +++ Lyric Speaker Box 21f384:0xabf7b198:NOT_SETUP
04-09 11:15:14.080  2972  3168 I LibreCastControlDelegate: Device Build Number -> '1.52.272222'
04-09 11:15:14.080  2972  3168 I librecast: updateCastBuildVersion() Version 1.52.272222
04-09 11:15:14.081  2712  2712 I lucitransport: readRemoteMessage() MID char = 7 buffer = 1.52.272222
04-09 11:15:14.081  2972  3168 I LibreCastControlDelegate: Active Applications -> 0
04-09 11:15:14.081  2972  3168 I LibreCastControlDelegate: Current Cast State '2' -> 'NOT_SETUP'
04-09 11:15:14.081  2972  3168 I LibreCastControlDelegate: OnCastStatus() ---
04-09 11:15:14.081  2972  3168 I LibreCastControlDelegate: OnResponse() ReqeustID 5, error  0
04-09 11:15:14.082  2972  3168 I LibreCastControlDelegate: OnCastStatus() +++ Lyric Speaker Box 21f384:0xabf7b198:NOT_SETUP
04-09 11:15:14.082  2972  3168 I LibreCastControlDelegate: Device Build Number -> '1.52.272222'
04-09 11:15:14.084  3090  3090 I cast_shell: [3093:3133:INFO:ble_setup.cc(915)] Sign related info completed, no future EurekaInfo need sign.
04-09 11:15:14.084  3090  3090 I cast_shell: [3093:3133:INFO:gatt_client_manager_impl.cc(202)] Enabling GATT client connectability
04-09 11:15:14.084  3090  3090 I chatty  : uid=1000(chrome) /bin/logwrapper identical 1 line
04-09 11:15:14.084  3090  3090 I cast_shell: [3093:3133:INFO:gatt_client_manager_impl.cc(202)] Enabling GATT client connectability
04-09 11:15:14.088  2734  2762 E bt_btif : BTA_GATTS_AddService: rcb_idx = 0
04-09 11:15:14.088  2734  2762 I bluetoothtbd: [0408/224514.088899:INFO:gatt_api.cc(207)] GATTS_AddService
04-09 11:15:14.089  2734  2762 I bluetoothtbd: [0408/224514.089237:INFO:gatt_api.cc(317)] GATTS_AddService: service parsed correctly, now starting
04-09 11:15:14.092  3090  3090 I cast_shell: [3093:3133:INFO:ble_setup_manager.cc(744)] Started Bluetooth service
04-09 11:15:14.312  3090  3090 I cast_shell: [3093:3143:INFO:mdns_app_filter.cc(1403)] MdnsAppFilter: Done probing.
04-09 11:15:14.995  3090  3090 I cast_shell: [3093:3101:ERROR:connectivity_checker_impl.cc(265)] Connectivity check failed: 400
04-09 11:15:15.315  3090  3090 I cast_shell: [3093:3093:INFO:grpc_service_discovery_impl.cc(185)] Mdns discovered google RPC for [PII](46B584438B687576DF49B50BCE90E019).
04-09 11:15:16.001  3090  3090 I cast_shell: [3093:3101:ERROR:connectivity_checker_impl.cc(265)] Connectivity check failed: 400
04-09 11:15:16.318  3090  3090 I cast_shell: [3093:3143:INFO:mdns_app_filter.cc(1526)] MdnsAppFilter: Done announcing.
04-09 11:15:17.008  3090  3090 I cast_shell: [3093:3101:ERROR:connectivity_checker_impl.cc(265)] Connectivity check failed: 400
04-09 11:15:17.068  2971  2985 E wac-main: Enter poll and wait
04-09 11:15:18.013  3090  3090 I cast_shell: [3093:3101:ERROR:connectivity_checker_impl.cc(265)] Connectivity check failed: 400
04-09 11:15:21.033  3090  3090 I chatty  : uid=1000(chrome) /bin/logwrapper identical 3 lines
04-09 11:15:22.040  3090  3090 I cast_shell: [3093:3101:ERROR:connectivity_checker_impl.cc(265)] Connectivity check failed: 400
04-09 11:15:22.147  3090  3090 I cast_shell: [3093:3133:ERROR:setup_state.cc(424)] Timeout for state=SETUP_STATE_CHECKING_GLOBAL_CONNECTIVITY(50): move to state=SETUP_STATE_CHECKING_GLOBAL_CONNECTIVITY_BAD_ROUTER(52).
04-09 11:15:22.147  3090  3090 I cast_shell: [3093:3133:INFO:setup_state.cc(261)] Setup state changed: SETUP_STATE_CHECKING_GLOBAL_CONNECTIVITY (50) -> SETUP_STATE_CHECKING_GLOBAL_CONNECTIVITY_BAD_ROUTER (52)
04-09 11:15:22.151  2972  3168 I LibreCastControlDelegate: OnCastStatus() +++ Lyric Speaker Box 21f384:0xabf7b198:NOT_SETUP
04-09 11:15:22.151  2972  3168 I LibreCastControlDelegate: Device Build Number -> '1.52.272222'
04-09 11:15:22.151  2972  3168 I librecast: updateCastBuildVersion() Version 1.52.272222
04-09 11:15:22.151  2712  2712 I lucitransport: readRemoteMessage() MID char = 7 buffer = 1.52.272222
04-09 11:15:22.151  2972  3168 I LibreCastControlDelegate: Active Applications -> 0
04-09 11:15:22.151  2972  3168 I LibreCastControlDelegate: Current Cast State '2' -> 'NOT_SETUP'
04-09 11:15:22.151  2972  3168 I LibreCastControlDelegate: OnCastStatus() ---
04-09 11:15:23.047  3090  3090 I cast_shell: [3093:3101:ERROR:connectivity_checker_impl.cc(265)] Connectivity check failed: 400
04-09 11:15:48.105  2732  2745 E NetworkMonitor: cannot find default IPv4 route for wlan0
04-09 11:15:48.106  2732  2745 E NetworkMonitor: cannot find default IPv6 route for wlan0
04-09 11:15:51.185  2732  2745 E NetworkMonitor: no response for /bin/ping -n -I wlan0 -c 10 -w 10 8.8.8.8
04-09 11:15:51.196  2732  2745 E NetworkMonitor: no response for /bin/ping6 -n -I wlan0 -c 10 -w 10 2001:4860:4860::8888
04-09 11:15:51.199  2732  2745 E NetworkMonitor: dns resolution failed
04-09 11:15:51.199  2732  2745 I NetworkMonitor: Cast.Wifi.Failure.Type 7
04-09 11:16:10.357  3090  3090 I chatty  : uid=1000(chrome) /bin/logwrapper identical 47 lines
04-09 11:16:11.364  3090  3090 I cast_shell: [3093:3101:ERROR:connectivity_checker_impl.cc(265)] Connectivity check failed: 400
04-09 11:16:11.782  3090  3090 I cast_shell: [3093:3093:INFO:grpc_manager_impl.cc(505)] GRPC[uri=[::]:0]: num_pending_calls=0, num_active_handlers=0, num_free_handlers=0
04-09 11:16:11.784  3090  3090 I cast_shell: [3093:3093:INFO:gcm_manager.cc(269)] Disabling GCM Driver
04-09 11:16:11.784  3090  3090 I cast_shell: [3093:3093:INFO:grpc_manager_impl.cc(505)] GRPC[uri=]: num_pending_calls=0, num_active_handlers=0, num_free_handlers=0
04-09 11:16:11.848  3090  3090 I cast_shell: [3093:3093:INFO:grpc_manager_impl.cc(505)] GRPC[uri=unix:/tmp/hcp_ipc_auth.socket]: num_pending_calls=0, num_active_handlers=10, num_free_handlers=0
04-09 11:16:11.852  3090  3090 I cast_shell: [3093:3093:INFO:grpc_manager_impl.cc(505)] GRPC[uri=unix:/tmp/modular_updater/modular_update_service]: num_pending_calls=0, num_active_handlers=0, num_free_handlers=0
04-09 11:16:11.874  3090  3090 I cast_shell: [3093:3093:INFO:metrics_recorder.cc(112)] Metrics stat: total=13
04-09 11:16:11.874  3090  3090 I cast_shell: Cast.Discovery.Mdns.ResponderStarted=2
04-09 11:16:11.874  3090  3090 I cast_shell: Cast.Discovery.Mdns.ResponderStopped=1
04-09 11:16:11.874  3090  3090 I cast_shell: Cast.Discovery.Mdns.SocketCreated=4
04-09 11:16:11.874  3090  3090 I cast_shell: Cast.Discovery.Mdns.SocketDestroyed=2
04-09 11:16:11.874  3090  3090 I cast_shell: Cast.System.Timezone.ChangeSuccessful=1
04-09 11:16:11.874  3090  3090 I cast_shell: CastV2.Connection.Connect.In=1
04-09 11:16:11.874  3090  3090 I cast_shell: CastV2.Receiver.DeviceStatus.Out=5
04-09 11:16:11.874  3090  3090 I cast_shell: CastV2.Receiver.DeviceStatus.Out.Broadcast=2
04-09 11:16:11.874  3090  3090 I cast_shell: CastV2.Receiver.GetStatus.In=1
04-09 11:16:11.874  3090  3090 I cast_shell: CastV2.Resource.Provider.In=1
04-09 11:16:11.966  3090  3090 I cast_shell: [3093:3093:INFO:metrics_recorder_impl.cc(672)] Activated server experiments: []
04-09 11:16:11.968  3090  3090 I cast_shell: [3093:3093:INFO:cast_logs_metrics_provider.cc(59)] netif is ipv4
04-09 11:16:11.968  3090  3090 I cast_shell: [3093:3093:ERROR:socket_posix.cc(148)] bind() failed: Address already in use (98)
04-09 11:16:11.969  3090  3090 I cast_shell: [3093:3093:INFO:net_util_impl.cc(1041)] Platform supports dual-stack
04-09 11:16:11.985  3090  3090 I cast_shell: [3093:3093:INFO:grpc_manager_impl.cc(505)] GRPC[uri=[::]:8012]: num_pending_calls=0, num_active_handlers=1, num_free_handlers=0
04-09 11:16:12.370  3090  3090 I cast_shell: [3093:3101:ERROR:connectivity_checker_impl.cc(265)] Connectivity check failed: 400
04-09 11:16:52.209  2732  2745 E NetworkMonitor: cannot find default IPv4 route for wlan0
04-09 11:16:52.210  2732  2745 E NetworkMonitor: cannot find default IPv6 route for wlan0
04-09 11:16:55.312  2732  2745 E NetworkMonitor: no response for /bin/ping -n -I wlan0 -c 10 -w 10 8.8.8.8
04-09 11:16:55.323  2732  2745 E NetworkMonitor: no response for /bin/ping6 -n -I wlan0 -c 10 -w 10 2001:4860:4860::8888
04-09 11:16:55.324  2732  2745 E NetworkMonitor: dns resolution failed
04-09 11:17:10.752  3090  3090 I chatty  : uid=1000(chrome) /bin/logwrapper identical 58 lines
04-09 11:17:11.759  3090  3090 I cast_shell: [3093:3101:ERROR:connectivity_checker_impl.cc(265)] Connectivity check failed: 400
04-09 11:17:11.783  3090  3090 I cast_shell: [3093:3093:INFO:grpc_manager_impl.cc(505)] GRPC[uri=[::]:0]: num_pending_calls=0, num_active_handlers=0, num_free_handlers=0
04-09 11:17:11.784  3090  3090 I cast_shell: [3093:3093:INFO:grpc_manager_impl.cc(505)] GRPC[uri=]: num_pending_calls=0, num_active_handlers=0, num_free_handlers=0
04-09 11:17:11.849  3090  3090 I cast_shell: [3093:3093:INFO:grpc_manager_impl.cc(505)] GRPC[uri=unix:/tmp/hcp_ipc_auth.socket]: num_pending_calls=0, num_active_handlers=10, num_free_handlers=0
04-09 11:17:11.853  3090  3090 I cast_shell: [3093:3093:INFO:grpc_manager_impl.cc(505)] GRPC[uri=unix:/tmp/modular_updater/modular_update_service]: num_pending_calls=0, num_active_handlers=0, num_free_handlers=0
04-09 11:17:11.875  3090  3090 I cast_shell: [3093:3093:INFO:metrics_recorder.cc(112)] Metrics stat: total=2
04-09 11:17:11.875  3090  3090 I cast_shell: Cast.Discovery.Mdns.ResponderPing=1
04-09 11:17:11.875  3090  3090 I cast_shell: Cast.Discovery.Mdns.SocketPing=2
04-09 11:17:11.985  3090  3090 I cast_shell: [3093:3133:INFO:wifi_proximity.cc(177)] Request scan.
04-09 11:17:11.986  3090  3090 I cast_shell: [3093:3093:INFO:grpc_manager_impl.cc(505)] GRPC[uri=[::]:8012]: num_pending_calls=0, num_active_handlers=1, num_free_handlers=0
04-09 11:17:12.766  3090  3090 I cast_shell: [3093:3101:ERROR:connectivity_checker_impl.cc(265)] Connectivity check failed: 400
04-09 11:17:43.969  3090  3090 I chatty  : uid=1000(chrome) /bin/logwrapper identical 31 lines
04-09 11:17:44.976  3090  3090 I cast_shell: [3093:3101:ERROR:connectivity_checker_impl.cc(265)] Connectivity check failed: 400
04-09 11:17:45.860  2734  2814 I bt_btm_ble: btm_ble_conn_complete unable to match and resolve random address
04-09 11:17:45.863  2734  2814 W bt_smp  : smp_br_connect_callback is called on unexpected transport 2
04-09 11:17:45.863  2734  2814 W bt_btif : bta_dm_acl_change info: 0x0
04-09 11:17:45.863  2734  2762 I bluetoothtbd: [0408/224745.863648:INFO:gatt_server.cc(280)] Added connection entry for conn_id: 5 device address: 7E:99:2B:FB:B0:78
04-09 11:17:45.864  2734  2762 D bt_btif_dm: remote version info [7e:99:2b:fb:b0:78]: 0, 0, 0
04-09 11:17:45.864  2734  2762 I bluetoothtbd: [0408/224745.864198:INFO:adapter.cc(719)] ACL state changed: 7E:99:2B:FB:B0:78 - connected: true
04-09 11:17:45.866  3090  3090 I cast_shell: [3093:3133:ERROR:bluetooth_v1_via_v2.cc(796)] Connection state changed. :78 true
04-09 11:17:45.982  3090  3090 I cast_shell: [3093:3101:ERROR:connectivity_checker_impl.cc(265)] Connectivity check failed: 400
04-09 11:17:46.390  2734  2762 D bt_btif_scanner: btif_gatts_upstreams_evt: Unhandled event (26)
04-09 11:17:46.958  2734  2814 E bluetoothtbd: [0408/224746.958012:ERROR:gatt_sr.cc(743)] MTU request PDU with MTU size 515
04-09 11:17:46.958  2734  2814 W bt_l2cap: l2cble_set_fixed_channel_tx_data_length, request not supported
04-09 11:17:46.959  2734  2814 W bluetoothtbd: [0408/224746.958993:WARNING:gatt_utils.cc(837)] Call back not found for application conn_id=3
04-09 11:17:46.959  2734  2814 W bluetoothtbd: [0408/224746.959088:WARNING:gatt_utils.cc(837)] Call back not found for application conn_id=4
04-09 11:17:46.959  2734  2814 W bluetoothtbd: [0408/224746.959171:WARNING:gatt_utils.cc(837)] Call back not found for application conn_id=6
04-09 11:17:46.988  3090  3090 I cast_shell: [3093:3101:ERROR:connectivity_checker_impl.cc(265)] Connectivity check failed: 400
04-09 11:17:46.992  3090  3090 I cast_shell: [3093:3133:INFO:ble_setup.cc(322)] Record action: Setup.set_eureka_info.BLE.Locale
04-09 11:17:46.992  3090  3090 I cast_shell: [3093:3133:INFO:locale_manager.cc(576)] New locale: en-US
04-09 11:17:46.994  3090  3090 I cast_shell: [3093:3133:INFO:setup_state.cc(544)] EurekaInfoCalled: wifi_state=3, is_usable_ip_address=1, connected=0, is_initial_setup=1
04-09 11:17:46.994  3090  3090 I cast_shell: [3093:3133:INFO:setup_state.cc(261)] Setup state changed: SETUP_STATE_CHECKING_GLOBAL_CONNECTIVITY_BAD_ROUTER (52) -> SETUP_STATE_DISCONNECTED_EXTERNAL_CLIENT_ACCESSED (11)
04-09 11:17:46.994  3090  3090 I cast_shell: [3093:3118:INFO:media_manager_impl.cc(383)] TurnActive result: 0
04-09 11:17:47.007  2972  3168 I LibreCastControlDelegate: OnCastStatus() +++ Lyric Speaker Box 21f384:0xabf7b198:NOT_SETUP
04-09 11:17:47.007  2972  3168 I LibreCastControlDelegate: Device Build Number -> '1.52.272222'
04-09 11:17:47.007  2972  3168 I librecast: updateCastBuildVersion() Version 1.52.272222
04-09 11:17:47.007  2712  2712 I lucitransport: readRemoteMessage() MID char = 7 buffer = 1.52.272222
04-09 11:17:47.007  2972  3168 I LibreCastControlDelegate: Active Applications -> 0
04-09 11:17:47.008  2972  3168 I LibreCastControlDelegate: Current Cast State '2' -> 'NOT_SETUP'
04-09 11:17:47.008  2972  3168 I LibreCastControlDelegate: OnCastStatus() ---
04-09 11:17:47.008  2972  3168 I LibreCastControlDelegate: OnCastStatus() +++ Lyric Speaker Box 21f384:0xabf7b198:NOT_SETUP
04-09 11:17:47.008  2972  3168 I LibreCastControlDelegate: Device Build Number -> '1.52.272222'
04-09 11:17:47.008  2972  3168 I librecast: updateCastBuildVersion() Version 1.52.272222
04-09 11:17:47.008  2712  2712 I lucitransport: readRemoteMessage() MID char = 7 buffer = 1.52.272222
04-09 11:17:47.012  3090  3090 I cast_shell: [3093:3133:INFO:metrics_recorder.cc(282)] Record action: Setup.version.BLE
04-09 11:17:47.027  3090  3090 I cast_shell: [3093:3133:INFO:metrics_recorder.cc(282)] Record action: Setup.name_utf8.BLE
04-09 11:17:47.063  2734  2762 D bt_btif_scanner: btif_gatts_upstreams_evt: Unhandled event (26)
04-09 11:17:47.308  3090  3090 I cast_shell: [3093:3133:INFO:metrics_recorder.cc(282)] Record action: Setup.tos_accepted.BLE
04-09 11:17:47.407  3090  3090 I cast_shell: [3093:3133:INFO:metrics_recorder.cc(282)] Record action: Setup.state.BLE
04-09 11:17:47.514  2734  2762 D bt_btif_scanner: btif_gatts_upstreams_evt: Unhandled event (26)
04-09 11:17:47.515  3090  3090 I cast_shell: [3093:3133:INFO:metrics_recorder.cc(282)] Record action: Setup.ip_address.BLE
04-09 11:17:47.575  3090  3090 I cast_shell: [3093:3133:INFO:metrics_recorder.cc(282)] Record action: Setup.eureka_info_immutable_basic.BLE
04-09 11:17:47.620  3090  3090 I cast_shell: [3093:3133:INFO:metrics_recorder.cc(282)] Record action: Setup.eureka_info_mutable_reads.BLE
04-09 11:17:47.650  3090  3090 I cast_shell: [3093:3133:INFO:metrics_recorder.cc(282)] Record action: Setup.eureak_info_keys.BLE
04-09 11:17:47.755  3090  3090 I cast_shell: [3093:3133:INFO:metrics_recorder.cc(282)] Record action: Setup.eureka_info_immutable_basic.BLE
04-09 11:17:47.785  3090  3090 I cast_shell: [3093:3133:INFO:metrics_recorder.cc(282)] Record action: Setup.eureak_info_keys.BLE
04-09 11:17:47.860  3090  3090 I chatty  : uid=1000(chrome) /bin/logwrapper identical 1 line
04-09 11:17:47.935  3090  3090 I cast_shell: [3093:3133:INFO:metrics_recorder.cc(282)] Record action: Setup.eureak_info_keys.BLE
04-09 11:17:47.995  3090  3090 I cast_shell: [3093:3101:ERROR:connectivity_checker_impl.cc(265)] Connectivity check failed: 400
04-09 11:17:48.010  3090  3090 I cast_shell: [3093:3133:INFO:metrics_recorder.cc(282)] Record action: Setup.eureak_info_keys.BLE
04-09 11:17:48.085  3090  3090 I chatty  : uid=1000(chrome) /bin/logwrapper identical 1 line
04-09 11:17:48.160  3090  3090 I cast_shell: [3093:3133:INFO:metrics_recorder.cc(282)] Record action: Setup.eureak_info_keys.BLE
04-09 11:17:48.235  3090  3090 I cast_shell: [3093:3133:INFO:metrics_recorder.cc(282)] Record action: Setup.i8n_info.BLE
04-09 11:17:48.610  3090  3090 I chatty  : uid=1000(chrome) /bin/logwrapper identical 5 lines
04-09 11:17:48.685  3090  3090 I cast_shell: [3093:3133:INFO:metrics_recorder.cc(282)] Record action: Setup.i8n_info.BLE
04-09 11:17:48.730  3090  3090 I cast_shell: [3093:3133:INFO:ble_setup.cc(322)] Record action: Setup.set_eureka_info.BLE.CountryCode
04-09 11:17:48.730  3090  3090 I cast_shell: [3093:3133:INFO:locale_manager.cc(639)] New country code: IN
04-09 11:17:48.733  2710  2710 I wpa_supplicant: wlan0: CTRL-EVENT-REGDOM-CHANGE init=USER type=COUNTRY alpha2=IN
04-09 11:17:48.738  2711  2723 I yani_server: NetLink Event '-1' Interface-Index '5' WLAN '-1' Ethernet '-1' Parsed-iFill '-1' -> 'INVALID' ifIndex '1' -> 'lo'
04-09 11:17:48.741  2711  2723 I yani_server: NetLink Event '-1' Interface-Index '5' WLAN '0' Ethernet '-1' Parsed-iFill '-1' -> 'INVALID' ifIndex '1' -> 'lo'
04-09 11:17:48.743  2972  3168 I LibreCastControlDelegate: OnCastStatus() +++ Lyric Speaker Box 21f384:0xabf7b198:NOT_SETUP
04-09 11:17:48.743  2972  3168 I LibreCastControlDelegate: Device Build Number -> '1.52.272222'
04-09 11:17:48.743  2972  3168 I librecast: updateCastBuildVersion() Version 1.52.272222
04-09 11:17:48.743  2712  2712 I lucitransport: readRemoteMessage() MID char = 7 buffer = 1.52.272222
04-09 11:17:48.743  2972  3168 I LibreCastControlDelegate: Active Applications -> 0
04-09 11:17:48.743  2972  3168 I LibreCastControlDelegate: Current Cast State '2' -> 'NOT_SETUP'
04-09 11:17:48.743  2972  3168 I LibreCastControlDelegate: OnCastStatus() ---
04-09 11:17:49.001  3090  3090 I cast_shell: [3093:3101:ERROR:connectivity_checker_impl.cc(265)] Connectivity check failed: 400
04-09 11:17:49.795  3090  3090 I cast_shell: [3093:3133:INFO:ble_setup.cc(322)] Record action: Setup.scan_wifi.BLE
04-09 11:17:49.796  3090  3090 I cast_shell: [3093:3133:WARNING:wifi_controller_wpa_supplicant.cc(797)] Wpa responses FAIL-BUSY, assuming it is associating, which will keep scan_results fresh.
04-09 11:17:50.008  3090  3090 I cast_shell: [3093:3101:ERROR:connectivity_checker_impl.cc(265)] Connectivity check failed: 400
04-09 11:17:51.014  3090  3090 I chatty  : uid=1000(chrome) /bin/logwrapper identical 1 line
04-09 11:17:52.020  3090  3090 I cast_shell: [3093:3101:ERROR:connectivity_checker_impl.cc(265)] Connectivity check failed: 400
04-09 11:17:52.242  2971  2985 D wac-main: Netlink event
04-09 11:17:52.242  2971  2985 E wac-main: Netlink event 16 Interface Index 5 
04-09 11:17:52.242  2971  2985 E wac-main: Enter poll and wait
04-09 11:17:52.242  2971  2985 D wac-main: Netlink event
04-09 11:17:52.242  2971  2985 E wac-main: Netlink event 16 Interface Index 5 
04-09 11:17:52.242  2971  2985 E wac-main: Enter poll and wait
04-09 11:17:52.243  2711  2723 I yani_kernel: yani_geteventfrom_changeaddr() Message-Id '1' Netlink event '16' Interface Index '5' -> Name 'wlan0' 
04-09 11:17:52.256  2711  2723 I yani_server: NetLink Event '-1' Interface-Index '5' WLAN '-1' Ethernet '-1' Parsed-iFill '-1' -> 'INVALID' ifIndex '1' -> 'lo'
04-09 11:17:52.256  2711  2723 I yani_server: NetLink Event '-1' Interface-Index '5' WLAN '0' Ethernet '-1' Parsed-iFill '-1' -> 'INVALID' ifIndex '1' -> 'lo'
04-09 11:17:52.258  2711  2723 I chatty  : uid=0(root) YaniServer identical 2 lines
04-09 11:17:52.259  2711  2723 I yani_server: NetLink Event '-1' Interface-Index '5' WLAN '0' Ethernet '-1' Parsed-iFill '-1' -> 'INVALID' ifIndex '1' -> 'lo'
04-09 11:17:52.259  2711  2723 I yani_kernel: yani_geteventfrom_changeaddr() Message-Id '1' Netlink event '16' Interface Index '5' -> Name 'wlan0' 
04-09 11:17:52.261  2972  3168 I LibreCastControlDelegate: OnCastStatus() +++ Lyric Speaker Box 21f384:0xabf7b198:NOT_SETUP
04-09 11:17:52.261  2972  3168 I LibreCastControlDelegate: Device Build Number -> '1.52.272222'
04-09 11:17:52.261  2972  3168 I librecast: updateCastBuildVersion() Version 1.52.272222
04-09 11:17:52.261  2712  2712 I lucitransport: readRemoteMessage() MID char = 7 buffer = 1.52.272222
04-09 11:17:52.261  2972  3168 I LibreCastControlDelegate: Active Applications -> 0
04-09 11:17:53.027  3090  3090 I cast_shell: [3093:3101:ERROR:connectivity_checker_impl.cc(265)] Connectivity check failed: 400
04-09 11:17:53.830  3090  3090 I cast_shell: [3093:3133:INFO:ble_setup.cc(322)] Record action: Setup.scan_wifi.BLE
04-09 11:17:53.833  2711  2723 I yani_server: NetLink Event '-1' Interface-Index '5' WLAN '-1' Ethernet '-1' Parsed-iFill '-1' -> 'INVALID' ifIndex '1' -> 'lo'
04-09 11:17:54.034  3090  3090 I cast_shell: [3093:3101:ERROR:connectivity_checker_impl.cc(265)] Connectivity check failed: 400
04-09 11:17:56.046  3090  3090 I chatty  : uid=1000(chrome) /bin/logwrapper identical 2 lines
04-09 11:17:56.336  2732  2745 E NetworkMonitor: cannot find default IPv4 route for wlan0
04-09 11:17:56.336  2732  2745 E NetworkMonitor: cannot find default IPv6 route for wlan0
04-09 11:17:57.053  3090  3090 I cast_shell: [3093:3101:ERROR:connectivity_checker_impl.cc(265)] Connectivity check failed: 400
04-09 11:17:57.361  2971  2985 D wac-main: Netlink event
04-09 11:17:57.361  2971  2985 E wac-main: Netlink event 16 Interface Index 5 
04-09 11:17:57.361  2971  2985 E wac-main: Enter poll and wait
04-09 11:17:57.362  2971  2985 D wac-main: Netlink event
04-09 11:17:57.362  2971  2985 E wac-main: Netlink event 16 Interface Index 5 
04-09 11:17:57.362  2971  2985 E wac-main: Enter poll and wait
04-09 11:17:57.362  2711  2723 I yani_kernel: yani_geteventfrom_changeaddr() Message-Id '1' Netlink event '16' Interface Index '5' -> Name 'wlan0' 
04-09 11:17:57.374  2972  3168 I LibreCastControlDelegate: OnCastStatus() +++ Lyric Speaker Box 21f384:0xabf7b198:NOT_SETUP
04-09 11:17:57.374  2972  3168 I LibreCastControlDelegate: Device Build Number -> '1.52.272222'
04-09 11:17:57.374  2972  3168 I librecast: updateCastBuildVersion() Version 1.52.272222
04-09 11:17:57.385  2711  2723 I yani_server: NetLink Event '-1' Interface-Index '5' WLAN '0' Ethernet '-1' Parsed-iFill '-1' -> 'INVALID' ifIndex '1' -> 'lo'
04-09 11:17:57.387  2711  2723 I chatty  : uid=0(root) YaniServer identical 3 lines
04-09 11:17:57.388  2711  2723 I yani_server: NetLink Event '-1' Interface-Index '5' WLAN '0' Ethernet '-1' Parsed-iFill '-1' -> 'INVALID' ifIndex '1' -> 'lo'
04-09 11:17:57.388  2711  2723 I yani_kernel: yani_geteventfrom_changeaddr() Message-Id '1' Netlink event '16' Interface Index '5' -> Name 'wlan0' 
04-09 11:17:57.894  3090  3090 I cast_shell: [3093:3133:INFO:metrics_recorder.cc(282)] Record action: Setup.scan_results.BLE
04-09 11:17:57.969  3090  3090 I cast_shell: [3093:3133:INFO:metrics_recorder.cc(282)] Record action: Setup.scan_results.BLE
04-09 11:17:58.060  3090  3090 I cast_shell: [3093:3101:ERROR:connectivity_checker_impl.cc(265)] Connectivity check failed: 400
04-09 11:17:59.066  3090  3090 I chatty  : uid=1000(chrome) /bin/logwrapper identical 1 line
04-09 11:17:59.408  2732  2745 E NetworkMonitor: no response for /bin/ping -n -I wlan0 -c 10 -w 10 8.8.8.8
04-09 11:17:59.419  2732  2745 E NetworkMonitor: no response for /bin/ping6 -n -I wlan0 -c 10 -w 10 2001:4860:4860::8888
04-09 11:17:59.420  2732  2745 E NetworkMonitor: dns resolution failed
04-09 11:18:00.073  3090  3090 I cast_shell: [3093:3101:ERROR:connectivity_checker_impl.cc(265)] Connectivity check failed: 400
04-09 11:18:00.098  3090  3090 I cast_shell: [3093:3133:INFO:ble_setup.cc(322)] Record action: Setup.play_sound.BLE
04-09 11:18:00.099  3090  3090 I cast_shell: [3093:3111:INFO:synchronized_sound_player.cc(362)] Playing sound key 2
04-09 11:18:00.126  3090  3090 I cast_shell: [3093:3111:INFO:audio_decoder_software_wrapper.cc(86)] Using backend decoder for PCM
04-09 11:18:00.129  3090  3090 I cast_shell: [3093:3117:INFO:mixer_input_connection.cc(208)] Create 0xf4e1d2e0 (no_delay), content type: media, focus type: media, fill size: 512, algorithm fill size: 221, channel count: 1, input sample rate: 44100, start threshold: 3087, max queue size: 8820, socket: 0xf4e1bda0
04-09 11:18:00.129  3090  3090 I cast_shell: [3093:3116:INFO:mixer_output_stream_alsa.cc(428)] ALSA buffer = 4096, period = 512
04-09 11:18:00.129  3090  3090 I cast_shell: [3093:3115:INFO:stream_mixer.cc(604)] Input source channel count = 1
04-09 11:18:00.129  3090  3090 I cast_shell: [3093:3115:INFO:stream_mixer.cc(607)] Dynamic channel count not enabled; using stereo
04-09 11:18:00.129  3090  3090 I cast_shell: [3093:3115:INFO:stream_mixer.cc(604)] Input source channel count = 1
04-09 11:18:00.129  3090  3090 I cast_shell: [3093:3115:INFO:stream_mixer.cc(607)] Dynamic channel count not enabled; using stereo
04-09 11:18:00.129  3090  3090 I cast_shell: [3093:3115:INFO:stream_mixer.cc(416)] Start with 0 active inputs
04-09 11:18:00.147  3090  3090 I cast_shell: [3093:3116:INFO:mixer_output_stream_alsa.cc(171)] snd_pcm_open: handle=0xf3a009c0
04-09 11:18:00.147  3090  3090 I cast_shell: [3093:3116:WARNING:mixer_output_stream_alsa.cc(341)] Requested sample rate (44100 Hz) does not match the actual sample rate (48000 Hz). This may lead to lower audio quality.
04-09 11:18:00.147  3090  3090 I cast_shell: [3093:3116:INFO:mixer_output_stream_alsa.cc(346)] Sample rate changed from 0 to 48000
04-09 11:18:00.147  3090  3090 I cast_shell: [3093:3116:WARNING:mixer_output_stream_alsa.cc(379)] Requested period size (512 frames) does not match the actual period size (1024 frames). This may lead to an increase in CPU usage or an increase in audio latency.
04-09 11:18:00.147  3090  3090 I cast_shell: [3093:3116:INFO:filter_group.cc(340)] : 2ch@48000hz -> [GROUP]mix -> 2ch@48000hz
04-09 11:18:00.147  3090  3090 I cast_shell: [3093:3116:INFO:filter_group.cc(340)] [GROUP]mix: 2ch@48000hz -> [GROUP]linearize -> 2ch@48000hz
04-09 11:18:00.147  3090  3090 I cast_shell: [3093:3115:INFO:stream_mixer.cc(466)] Output 2 channels at 48000 samples per second
04-09 11:18:00.147  3090  3090 I cast_shell: [3093:3115:INFO:stream_mixer.cc(484)] Using 2 loopback channels
04-09 11:18:00.147  3090  3090 I cast_shell: [3093:3115:INFO:stream_mixer.cc(640)] Add input 0xf4e1d2e4 to mix @ 48000 samples per second. Is primary source? = 0
04-09 11:18:00.154  3090  3090 I cast_shell: [3093:3111:INFO:media_pipeline_backend_for_mixer.cc(276)] Audio ready to play
04-09 11:18:00.155  3090  3090 I cast_shell: [3093:3115:INFO:mixer_input.cc(361)] no_delay(0xf4e1d2e4): set volume limits to [0, 1]
04-09 11:18:00.155  3090  3090 I cast_shell: [3093:3115:INFO:mixer_input.cc(121)] Remixing channels for 0xf4e1d2e4 from 1 to 2
04-09 11:18:00.155  3090  3090 I cast_shell: [3093:3115:INFO:mixer_input.cc(346)] no_delay(0xf4e1d2e4): type volume = 1, effective multiplier = 1
04-09 11:18:00.155  3090  3090 I cast_shell: [3093:3115:INFO:mixer_input.cc(395)] no_delay(0xf4e1d2e4): mute volume = 1, effective multiplier = 1
04-09 11:18:00.155  3090  3090 I cast_shell: [3093:3115:INFO:mixer_input_connection.cc(1053)] 0xf4e1d2e0 ready for playback
04-09 11:18:00.155  3090  3090 I cast_shell: [3093:3115:INFO:mixer_input_connection.cc(705)] Start 0xf4e1d2e0
04-09 11:18:00.156  3090  3090 I cast_shell: [3093:3133:INFO:ble_setup.cc(322)] Record action: Setup.play_sound.BLE
04-09 11:18:00.157  3090  3090 I cast_shell: [3093:3111:INFO:synchronized_sound_player.cc(362)] Playing sound key 0
04-09 11:18:00.158  3090  3090 I cast_shell: [3093:3117:INFO:mixer_input_connection.cc(386)] Remove 0xf4e1d2e0
04-09 11:18:00.189  3090  3090 I cast_shell: [3093:3111:INFO:audio_decoder_software_wrapper.cc(86)] Using backend decoder for PCM
04-09 11:18:00.189  3090  3090 I cast_shell: [3093:3117:INFO:mixer_input_connection.cc(208)] Create 0xf4e25ce0 (no_delay), content type: media, focus type: media, fill size: 512, algorithm fill size: 240, channel count: 2, input sample rate: 48000, start threshold: 3360, max queue size: 9600, socket: 0xf4e19ef0
04-09 11:18:00.198  3090  3090 I cast_shell: [3093:3117:INFO:mixer_input_connection.cc(243)] Delete 0xf4e1d2e0
04-09 11:18:00.199  3090  3090 I cast_shell: [3093:3115:INFO:stream_mixer.cc(683)] Remove input 0xf4e1d2e4
04-09 11:18:00.199  3090  3090 I chatty  : uid=1000(chrome) /bin/logwrapper identical 1 line
04-09 11:18:00.199  3090  3090 I cast_shell: [3093:3115:INFO:stream_mixer.cc(683)] Remove input 0xf4e1d2e4
04-09 11:18:00.199  3090  3090 I cast_shell: [3093:3115:INFO:stream_mixer.cc(604)] Input source channel count = 2
04-09 11:18:00.199  3090  3090 I cast_shell: [3093:3115:INFO:stream_mixer.cc(607)] Dynamic channel count not enabled; using stereo
04-09 11:18:00.199  3090  3090 I cast_shell: [3093:3115:INFO:stream_mixer.cc(640)] Add input 0xf4e25ce4 to mix @ 48000 samples per second. Is primary source? = 0
04-09 11:18:00.199  3090  3090 I cast_shell: [3093:3115:INFO:mixer_input.cc(361)] no_delay(0xf4e25ce4): set volume limits to [0, 1]
04-09 11:18:00.199  3090  3090 I cast_shell: [3093:3115:INFO:mixer_input.cc(346)] no_delay(0xf4e25ce4): type volume = 1, effective multiplier = 1
04-09 11:18:00.199  3090  3090 I cast_shell: [3093:3115:INFO:mixer_input.cc(395)] no_delay(0xf4e25ce4): mute volume = 1, effective multiplier = 1
04-09 11:18:00.200  3090  3090 I cast_shell: [3093:3111:INFO:media_pipeline_backend_for_mixer.cc(276)] Audio ready to play
04-09 11:18:00.200  3090  3090 I cast_shell: [3093:3115:INFO:mixer_input_connection.cc(1053)] 0xf4e25ce0 ready for playback
04-09 11:18:00.220  3090  3090 I cast_shell: [3093:3115:INFO:mixer_input_connection.cc(705)] Start 0xf4e25ce0
04-09 11:18:01.080  3090  3090 I cast_shell: [3093:3101:ERROR:connectivity_checker_impl.cc(265)] Connectivity check failed: 400
04-09 11:18:01.820  3090  3090 I cast_shell: [3093:3115:INFO:mixer_input_connection.cc(589)] End of stream for 0xf4e25ce0
04-09 11:18:02.012  3090  3090 I cast_shell: [3093:3111:INFO:synchronized_sound_player.cc(496)] Finished playing sound
04-09 11:18:02.012  3090  3090 I cast_shell: [3093:3117:INFO:mixer_input_connection.cc(386)] Remove 0xf4e25ce0
04-09 11:18:02.076  3090  3090 I cast_shell: [3093:3117:INFO:mixer_input_connection.cc(243)] Delete 0xf4e25ce0
04-09 11:18:02.076  3090  3090 I cast_shell: [3093:3115:INFO:stream_mixer.cc(683)] Remove input 0xf4e25ce4
04-09 11:18:02.076  3090  3090 I cast_shell: [3093:3115:INFO:stream_mixer.cc(774)] Close timeout
04-09 11:18:02.076  3090  3090 I cast_shell: [3093:3115:INFO:stream_mixer.cc(541)] Stop
04-09 11:18:02.076  3090  3090 I cast_shell: [3093:3101:INFO:loopback_audio_input.cc(194)] [REALIGN] loopback interrupted; reason = 4
04-09 11:18:02.076  3090  3090 I cast_shell: [3093:3093:INFO:cast_receiver_mojo.cc(844)] cast event : Cast.Platform.Audio.OutputInterrupted
04-09 11:18:02.086  3090  3090 I cast_shell: [3093:3101:ERROR:connectivity_checker_impl.cc(265)] Connectivity check failed: 400
04-09 11:18:02.160  3090  3090 I cast_shell: [3093:3116:INFO:mixer_output_stream_alsa.cc(293)] snd_pcm_close: handle=0xf3a009c0
04-09 11:18:03.092  3090  3090 I cast_shell: [3093:3101:ERROR:connectivity_checker_impl.cc(265)] Connectivity check failed: 400
04-09 11:18:10.139  3090  3090 I chatty  : uid=1000(chrome) /bin/logwrapper identical 7 lines
04-09 11:18:11.145  3090  3090 I cast_shell: [3093:3101:ERROR:connectivity_checker_impl.cc(265)] Connectivity check failed: 400
04-09 11:18:11.784  3090  3090 I cast_shell: [3093:3093:INFO:grpc_manager_impl.cc(505)] GRPC[uri=[::]:0]: num_pending_calls=0, num_active_handlers=0, num_free_handlers=0
04-09 11:18:11.785  3090  3090 I cast_shell: [3093:3093:INFO:grpc_manager_impl.cc(505)] GRPC[uri=]: num_pending_calls=0, num_active_handlers=0, num_free_handlers=0
04-09 11:18:11.850  3090  3090 I cast_shell: [3093:3093:INFO:grpc_manager_impl.cc(505)] GRPC[uri=unix:/tmp/hcp_ipc_auth.socket]: num_pending_calls=0, num_active_handlers=10, num_free_handlers=0
04-09 11:18:11.854  3090  3090 I cast_shell: [3093:3093:INFO:grpc_manager_impl.cc(505)] GRPC[uri=unix:/tmp/modular_updater/modular_update_service]: num_pending_calls=0, num_active_handlers=0, num_free_handlers=0
04-09 11:18:11.875  3090  3090 I cast_shell: [3093:3093:INFO:metrics_recorder.cc(112)] Metrics stat: total=10
04-09 11:18:11.875  3090  3090 I cast_shell: Setup.eureak_info_keys.BLE=7
04-09 11:18:11.875  3090  3090 I cast_shell: Setup.eureka_info_immutable_basic.BLE=2
04-09 11:18:11.875  3090  3090 I cast_shell: Setup.eureka_info_mutable_reads.BLE=1
04-09 11:18:11.875  3090  3090 I cast_shell: Setup.i8n_info.BLE=7
04-09 11:18:11.875  3090  3090 I cast_shell: Setup.ip_address.BLE=1
04-09 11:18:11.875  3090  3090 I cast_shell: Setup.name_utf8.BLE=1
04-09 11:18:11.875  3090  3090 I cast_shell: Setup.scan_results.BLE=2
04-09 11:18:11.875  3090  3090 I cast_shell: Setup.state.BLE=1
04-09 11:18:11.875  3090  3090 I cast_shell: Setup.tos_accepted.BLE=1
04-09 11:18:11.875  3090  3090 I cast_shell: Setup.version.BLE=1
04-09 11:18:11.986  3090  3090 I cast_shell: [3093:3093:INFO:grpc_manager_impl.cc(505)] GRPC[uri=[::]:8012]: num_pending_calls=0, num_active_handlers=1, num_free_handlers=0
04-09 11:18:12.151  3090  3090 I cast_shell: [3093:3101:ERROR:connectivity_checker_impl.cc(265)] Connectivity check failed: 400
04-09 11:18:13.158  3090  3090 I cast_shell: [3093:3101:ERROR:connectivity_checker_impl.cc(265)] Connectivity check failed: 400
04-09 11:18:13.387  3090  3090 I cast_shell: [3093:3133:INFO:ble_setup.cc(322)] Record action: Setup.connect_wifi.BLE
04-09 11:18:13.387  3090  3090 I cast_shell: [3093:3133:INFO:setup_manager_impl.cc(1965)] New value: pref=tos-accepted, value=1
04-09 11:18:13.387  3090  3090 I cast_shell: [3093:3133:INFO:api_connect_wifi.cc(86)] connect_wifi Auth: 7
04-09 11:18:13.388  3090  3090 I cast_shell: [3093:3133:INFO:api_connect_wifi.cc(90)] connect_wifi Cipher: 4
04-09 11:18:13.388  3090  3090 I cast_shell: [3093:3093:INFO:bluetooth_setup.cc(686)] Disabling connectability: no bonded devices.
04-09 11:18:13.388  3090  3090 I cast_shell: [3093:3093:INFO:cast_receiver_impl.cc(1100)] Leaving discovery-only mode
04-09 11:18:13.388  3090  3090 I cast_shell: [3093:3093:INFO:application_config_manager_impl.cc(566)] Enabling virtual device e051ac4b-0144-0e03-512b-68c9883c6c78
04-09 11:18:13.388  3090  3090 I cast_shell: [3093:3143:INFO:mdns_cast_service.cc(351)] Device discovery state is idle
04-09 11:18:13.388  3090  3090 I cast_shell: [3093:3143:INFO:mdns_util.cc(102)] Defaulting mDNS capabilities for audio-only build
04-09 11:18:13.405  3090  3090 I cast_shell: [3093:3133:INFO:wifi_controller_wpa_supplicant.cc(1188)] strongest_snr=23 wifi_interface_index=0
04-09 11:18:13.419  3090  3090 I cast_shell: [3093:3133:INFO:api_connect_wifi.cc(159)] [PII] Configuring wifi: ssid=Linksys16717_2G, auth=7, pairwise=4, id=0"
04-09 11:18:13.419  3090  3090 I cast_shell: [3093:3133:INFO:api_connect_wifi.cc(162)] Configuring wifi: otg =0, tethering_mode =0, wifi_auto_save_enabled=0
04-09 11:18:13.420  3090  3090 I cast_shell: [3093:3133:INFO:local_network_info_impl.cc(276)] CONNECTIVITY_ID changed:
04-09 11:18:13.420  3090  3090 I cast_shell: [3093:3093:INFO:ccs_manager_impl.cc(1799)] Connectivity ID has changed; Will re-register CCS
04-09 11:18:13.420  3090  3090 I cast_shell: [3093:3093:INFO:ccs_manager_impl.cc(851)] Network connectivity down for CcsManager
04-09 11:18:13.421  2711  2723 I yani_server: NetLink Event '-1' Interface-Index '5' WLAN '-1' Ethernet '-1' Parsed-iFill '-1' -> 'INVALID' ifIndex '1' -> 'lo'
