04-09 10:30:10.691  3074  3074 I cast_shell: [3077:3085:ERROR:connectivity_checker_impl.cc(265)] Connectivity check failed: 400
04-09 10:30:10.808  3074  3074 I cast_shell: [3077:3077:INFO:grpc_manager_impl.cc(505)] GRPC[uri=[::]:0]: num_pending_calls=0, num_active_handlers=0, num_free_handlers=0
04-09 10:30:10.809  3074  3074 I cast_shell: [3077:3077:INFO:grpc_manager_impl.cc(505)] GRPC[uri=]: num_pending_calls=0, num_active_handlers=0, num_free_handlers=0
04-09 10:30:10.834  3074  3074 I cast_shell: [3077:3115:INFO:metrics_recorder.cc(282)] Record action: Setup.version.BLE
04-09 10:30:10.865  3074  3074 I cast_shell: [3077:3115:INFO:metrics_recorder.cc(282)] Record action: Setup.tos_accepted.BLE
04-09 10:30:10.895  3074  3074 I cast_shell: [3077:3077:INFO:grpc_manager_impl.cc(505)] GRPC[uri=unix:/tmp/hcp_ipc_auth.socket]: num_pending_calls=0, num_active_handlers=10, num_free_handlers=0
04-09 10:30:10.895  3074  3074 I cast_shell: [3077:3115:INFO:metrics_recorder.cc(282)] Record action: Setup.state.BLE
04-09 10:30:10.901  3074  3074 I cast_shell: [3077:3077:INFO:grpc_manager_impl.cc(505)] GRPC[uri=unix:/tmp/modular_updater/modular_update_service]: num_pending_calls=0, num_active_handlers=0, num_free_handlers=0
04-09 10:30:10.924  3074  3074 I cast_shell: [3077:3077:INFO:metrics_recorder.cc(112)] Metrics stat: total=10
04-09 10:30:10.924  3074  3074 I cast_shell: Setup.eureak_info_keys.BLE=7
04-09 10:30:10.924  3074  3074 I cast_shell: Setup.eureka_info_immutable_basic.BLE=2
04-09 10:30:10.924  3074  3074 I cast_shell: Setup.eureka_info_mutable_reads.BLE=1
04-09 10:30:10.924  3074  3074 I cast_shell: Setup.i8n_info.BLE=7
04-09 10:30:10.924  3074  3074 I cast_shell: Setup.ip_address.BLE=1
04-09 10:30:10.924  3074  3074 I cast_shell: Setup.name_utf8.BLE=1
04-09 10:30:10.924  3074  3074 I cast_shell: Setup.scan_results.BLE=2
04-09 10:30:10.924  3074  3074 I cast_shell: Setup.state.BLE=2
04-09 10:30:10.924  3074  3074 I cast_shell: Setup.tos_accepted.BLE=2
04-09 10:30:10.924  3074  3074 I cast_shell: Setup.version.BLE=2
04-09 10:30:11.060  3074  3074 I cast_shell: [3077:3077:INFO:grpc_manager_impl.cc(505)] GRPC[uri=[::]:8012]: num_pending_calls=0, num_active_handlers=1, num_free_handlers=0
04-09 10:30:11.295  3074  3074 I cast_shell: [3077:3077:INFO:grpc_service_discovery_impl.cc(185)] Mdns discovered google RPC for [PII](BBE1E697EA6961353A6BB83E354AE7B4).
04-09 10:30:11.464  3074  3074 I cast_shell: [3077:3115:INFO:metrics_recorder.cc(282)] Record action: Setup.version.BLE
04-09 10:30:11.495  3074  3074 I cast_shell: [3077:3115:INFO:metrics_recorder.cc(282)] Record action: Setup.tos_accepted.BLE
04-09 10:30:11.525  3074  3074 I cast_shell: [3077:3115:INFO:metrics_recorder.cc(282)] Record action: Setup.state.BLE
04-09 10:30:11.555  3074  3074 I cast_shell: [3077:3115:INFO:metrics_recorder.cc(282)] Record action: Setup.ip_address.BLE
04-09 10:30:11.697  3074  3074 I cast_shell: [3077:3085:ERROR:connectivity_checker_impl.cc(265)] Connectivity check failed: 400
04-09 10:30:12.095  3074  3074 I cast_shell: [3077:3115:INFO:metrics_recorder.cc(282)] Record action: Setup.version.BLE
04-09 10:30:12.124  3074  3074 I cast_shell: [3077:3115:INFO:metrics_recorder.cc(282)] Record action: Setup.tos_accepted.BLE
04-09 10:30:12.154  3074  3074 I cast_shell: [3077:3115:INFO:metrics_recorder.cc(282)] Record action: Setup.state.BLE
04-09 10:30:12.184  3074  3074 I cast_shell: [3077:3115:INFO:metrics_recorder.cc(282)] Record action: Setup.ip_address.BLE
04-09 10:30:12.300  3074  3074 I cast_shell: [3077:3125:INFO:mdns_app_filter.cc(1526)] MdnsAppFilter: Done announcing.
04-09 10:30:12.704  3074  3074 I cast_shell: [3077:3085:ERROR:connectivity_checker_impl.cc(265)] Connectivity check failed: 400
04-09 10:30:12.709  3074  3074 I cast_shell: [3077:3115:INFO:metrics_recorder.cc(282)] Record action: Setup.version.BLE
04-09 10:30:12.738  3074  3074 I cast_shell: [3077:3115:INFO:metrics_recorder.cc(282)] Record action: Setup.tos_accepted.BLE
04-09 10:30:12.768  3074  3074 I cast_shell: [3077:3115:INFO:metrics_recorder.cc(282)] Record action: Setup.state.BLE
04-09 10:30:12.799  3074  3074 I cast_shell: [3077:3115:INFO:metrics_recorder.cc(282)] Record action: Setup.ip_address.BLE
04-09 10:30:13.339  3074  3074 I cast_shell: [3077:3115:INFO:metrics_recorder.cc(282)] Record action: Setup.version.BLE
04-09 10:30:13.368  3074  3074 I cast_shell: [3077:3115:INFO:metrics_recorder.cc(282)] Record action: Setup.tos_accepted.BLE
04-09 10:30:13.398  3074  3074 I cast_shell: [3077:3115:INFO:metrics_recorder.cc(282)] Record action: Setup.state.BLE
04-09 10:30:13.443  3074  3074 I cast_shell: [3077:3115:INFO:metrics_recorder.cc(282)] Record action: Setup.ip_address.BLE
04-09 10:30:13.664  2710  2710 I wpa_supplicant: wlan0: Selected BSS :ef (level:-45 noise:-61 frequency:2427)
04-09 10:30:13.667  2944  2957 D wac-main: Netlink event
04-09 10:30:13.667  2944  2957 E wac-main: Netlink event 16 Interface Index 5 
04-09 10:30:13.667  2944  2957 E wac-main: Enter poll and wait
04-09 10:30:13.667  2710  2710 I wpa_supplicant: wlan0: SME: Trying to authenticate with c8:b3:73:44:ae:ef (SSID='Linksys16717_2G' freq=2427 MHz)
04-09 10:30:13.667  2944  2957 D wac-main: Netlink event
04-09 10:30:13.667  2944  2957 E wac-main: Netlink event 16 Interface Index 5 
04-09 10:30:13.667  2944  2957 E wac-main: Enter poll and wait
04-09 10:30:13.670  2711  2723 I yani_server: NetLink Event '-1' Interface-Index '5' WLAN '0' Ethernet '-1' Parsed-iFill '-1' -> 'INVALID' ifIndex '1' -> 'lo'
04-09 10:30:13.671  2711  2723 I chatty  : uid=0(root) YaniServer identical 1 line
04-09 10:30:13.681  2711  2723 I yani_server: NetLink Event '-1' Interface-Index '5' WLAN '0' Ethernet '-1' Parsed-iFill '-1' -> 'INVALID' ifIndex '1' -> 'lo'
04-09 10:30:13.681  2945  3151 I LibreCastControlDelegate: OnCastStatus() +++ Lyric Speaker Box 21f384:0xab5fe198:OFFLINE
04-09 10:30:13.681  2945  3151 I LibreCastControlDelegate: Device Build Number -> '1.52.272222'
04-09 10:30:13.681  2945  3151 I librecast: updateCastBuildVersion() Version 1.52.272222
04-09 10:30:13.682  2712  2712 I lucitransport: readRemoteMessage() MID char = 7 buffer = 1.52.272222
04-09 10:30:13.682  2945  3151 I LibreCastControlDelegate: Active Applications -> 0
04-09 10:30:13.682  2945  3151 I LibreCastControlDelegate: Current Cast State '3' -> 'OFFLINE'
04-09 10:30:13.682  2945  3151 I LibreCastControlDelegate: OnCastStatus() ---
04-09 10:30:13.683  2711  2723 I yani_server: NetLink Event '-1' Interface-Index '5' WLAN '0' Ethernet '-1' Parsed-iFill '-1' -> 'INVALID' ifIndex '1' -> 'lo'
04-09 10:30:13.693  2711  2723 I chatty  : uid=0(root) YaniServer identical 16 lines
04-09 10:30:13.694  2711  2723 I yani_server: NetLink Event '-1' Interface-Index '5' WLAN '0' Ethernet '-1' Parsed-iFill '-1' -> 'INVALID' ifIndex '1' -> 'lo'
04-09 10:30:13.694  2711  2723 I yani_kernel: yani_geteventfrom_changeaddr() Message-Id '1' Netlink event '16' Interface Index '5' -> Name 'wlan0' 
04-09 10:30:13.695  2711  2723 I yani_kernel: yani_geteventfrom_changeaddr() Message-Id '1' Netlink event '16' Interface Index '5' -> Name 'wlan0' 
04-09 10:30:13.701  2710  2710 I wpa_supplicant: wlan0: Trying to associate with c8:b3:73:44:ae:ef (SSID='Linksys16717_2G' freq=2427 MHz)
04-09 10:30:13.703  2711  2723 I yani_server: NetLink Event '-1' Interface-Index '5' WLAN '-1' Ethernet '-1' Parsed-iFill '-1' -> 'INVALID' ifIndex '1' -> 'lo'
04-09 10:30:13.729  3153  3153 I hostapd : p2p0: IEEE 802.11 driver had channel switch: freq=2427, ht=1, vht_ch=0x0, offset=0, width=1 (20 MHz), cf1=2427, cf2=0
04-09 10:30:13.730  3042  3042 I hostapd : p2p1: IEEE 802.11 driver had channel switch: freq=2427, ht=1, vht_ch=0x0, offset=0, width=1 (20 MHz), cf1=2427, cf2=0
04-09 10:30:13.731  2710  2710 I wpa_supplicant: wlan0: Associated with c8:b3:73:44:ae:ef
04-09 10:30:13.731  2710  2710 I wpa_supplicant: wlan0: CTRL-EVENT-SUBNET-STATUS-UPDATE status=0
04-09 10:30:13.733  2944  2957 D wac-main: Netlink event
04-09 10:30:13.733  2944  2957 E wac-main: Netlink event 16 Interface Index 5 
04-09 10:30:13.733  2944  2957 E wac-main: Enter poll and wait
04-09 10:30:13.733  2944  2957 D wac-main: Netlink event
04-09 10:30:13.733  2944  2957 E wac-main: Netlink event 16 Interface Index 5 
04-09 10:30:13.733  2944  2957 E wac-main: Enter poll and wait
04-09 10:30:13.733  2944  2957 D wac-main: Netlink event
04-09 10:30:13.733  2944  2957 E wac-main: Netlink event 16 Interface Index 5 
04-09 10:30:13.740  2711  2723 I yani_server: NetLink Event '-1' Interface-Index '5' WLAN '0' Ethernet '-1' Parsed-iFill '-1' -> 'INVALID' ifIndex '1' -> 'lo'
04-09 10:30:13.741  2711  2723 I yani_server: NetLink Event '-1' Interface-Index '5' WLAN '0' Ethernet '-1' Parsed-iFill '-1' -> 'INVALID' ifIndex '1' -> 'lo'
04-09 10:30:13.741  2711  2723 I yani_kernel: yani_geteventfrom_changeaddr() Message-Id '1' Netlink event '16' Interface Index '5' -> Name 'wlan0' 
04-09 10:30:13.744  2710  2710 I wpa_supplicant: wlan0: WPA: RX message 1 of 4-Way Handshake from c8:b3:73:44:ae:ef (ver=2)
04-09 10:30:13.744  2711  2723 I yani_kernel: yani_geteventfrom_changeaddr() Message-Id '1' Netlink event '16' Interface Index '5' -> Name 'wlan0' 
04-09 10:30:13.745  2710  2710 I wpa_supplicant: wlan0: WPA: Sending EAPOL-Key 2/4
04-09 10:30:13.747  2711  2723 I yani_server: NetLink Event '-1' Interface-Index '5' WLAN '-1' Ethernet '-1' Parsed-iFill '-1' -> 'INVALID' ifIndex '1' -> 'lo'
04-09 10:30:13.748  2711  2723 I yani_server: NetLink Event '-1' Interface-Index '5' WLAN '0' Ethernet '-1' Parsed-iFill '-1' -> 'INVALID' ifIndex '1' -> 'lo'
04-09 10:30:13.748  2711  2723 I yani_kernel: yani_geteventfrom_changeaddr() Message-Id '1' Netlink event '16' Interface Index '5' -> Name 'wlan0' 
04-09 10:30:13.750  2711  2723 I chatty  : uid=0(root) YaniServer identical 2 lines
04-09 10:30:13.751  2711  2723 I yani_kernel: yani_geteventfrom_changeaddr() Message-Id '1' Netlink event '16' Interface Index '5' -> Name 'wlan0' 
04-09 10:30:13.763  2710  2710 I wpa_supplicant: wlan0: WPA: RX message 3 of 4-Way Handshake from c8:b3:73:44:ae:ef (ver=2)
04-09 10:30:13.764  2710  2710 I wpa_supplicant: wlan0: WPA: Sending EAPOL-Key 4/4
04-09 10:30:13.766  2711  2723 I yani_server: NetLink Event '-1' Interface-Index '5' WLAN '-1' Ethernet '-1' Parsed-iFill '-1' -> 'INVALID' ifIndex '1' -> 'lo'
04-09 10:30:13.766  2710  2710 I wpa_supplicant: wlan0: WPA: Key negotiation completed with c8:b3:73:44:ae:ef [PTK=CCMP GTK=TKIP]
04-09 10:30:13.766  2710  2710 I wpa_supplicant: wlan0: CTRL-EVENT-CONNECTED - Connection to c8:b3:73:44:ae:ef completed [id=0 id_str=]
04-09 10:30:13.767  2944  2957 D wac-main: Netlink event
04-09 10:30:13.767  2944  2957 E wac-main: Netlink event 16 Interface Index 5 
04-09 10:30:13.767  2944  2957 E wac-main: Enter poll and wait
04-09 10:30:13.767  2944  2957 D wac-main: Netlink event
04-09 10:30:13.767  2944  2957 E wac-main: Netlink event 16 Interface Index 5 
04-09 10:30:13.767  2944  2957 E wac-main: Enter poll and wait
04-09 10:30:13.767  2735  2735 D dhcpcd  : wlan0: carrier acquired
04-09 10:30:13.984  3074  3074 I cast_shell: [3077:3115:INFO:metrics_recorder.cc(282)] Record action: Setup.version.BLE
04-09 10:30:14.013  3074  3074 I cast_shell: [3077:3115:INFO:metrics_recorder.cc(282)] Record action: Setup.tos_accepted.BLE
04-09 10:30:14.043  3074  3074 I cast_shell: [3077:3115:INFO:metrics_recorder.cc(282)] Record action: Setup.state.BLE
04-09 10:30:14.073  3074  3074 I cast_shell: [3077:3115:INFO:metrics_recorder.cc(282)] Record action: Setup.ip_address.BLE
04-09 10:30:14.614  3074  3074 I cast_shell: [3077:3115:INFO:metrics_recorder.cc(282)] Record action: Setup.version.BLE
04-09 10:30:14.643  3074  3074 I cast_shell: [3077:3115:INFO:metrics_recorder.cc(282)] Record action: Setup.tos_accepted.BLE
04-09 10:30:14.674  3074  3074 I cast_shell: [3077:3115:INFO:metrics_recorder.cc(282)] Record action: Setup.state.BLE
04-09 10:30:14.703  3074  3074 I cast_shell: [3077:3115:INFO:metrics_recorder.cc(282)] Record action: Setup.ip_address.BLE
04-09 10:30:14.745  3074  3074 I cast_shell: [3077:3085:ERROR:connectivity_checker_impl.cc(265)] Connectivity check failed: 400
04-09 10:30:14.788  2711  2723 I yani_autoip: start_autoip() Interface 'wlan0' Is AutoIP Required 'Yes' Thread-Running 'No' 
04-09 10:30:14.788  2711  2723 E yani_server: YANI: I am Done Wait For Event 
04-09 10:30:14.788  2711  2723 I yani_kernel: yani_geteventfrom_changeaddr() Message-Id '1' Netlink event '16' Interface Index '5' -> Name 'wlan0' 
04-09 10:30:14.791  2711  3395 I yani_autoip: Setting autoiptimer to 70000
04-09 10:30:14.791  2711  2723 I yani_kernel: yani_geteventfrom_changeaddr() Message-Id '1' Netlink event '16' Interface Index '5' -> Name 'wlan0' 
04-09 10:30:14.793  2711  2723 I yani_kernel: yani_geteventfrom_changeaddr() Message-Id '1' Netlink event '16' Interface Index '5' -> Name 'wlan0' 
04-09 10:30:14.801  3394  3394 E dhcpcd  : control_open: Connection refused
04-09 10:30:14.802  3394  3394 E dhcpcd  : eth0: interface not found or invalid
04-09 10:30:14.803  2944  2957 D wac-main: Netlink event
04-09 10:30:14.803  2944  2957 E wac-main: Netlink event 16 Interface Index 5 
04-09 10:30:14.803  3394  3394 D dhcpcd  : wlan0: adding address fe80::ce90:93ff:fe21:f384
04-09 10:30:14.803  2944  2957 E wac-main: Enter poll and wait
04-09 10:30:14.808  2711  2723 I yani_kernel: yani_geteventfrom_changeaddr() Message-Id '1' Netlink event '16' Interface Index '5' -> Name 'wlan0' 
04-09 10:30:14.902  3394  3394 E dhcpcd  : error writing DUID: /etc/dhcpcd/dhcpcd.duid: Read-only file system
04-09 10:30:14.903  3394  3394 D dhcpcd  : DUID 00:03:00:01:cc:90:93:21:f3:84
04-09 10:30:14.903  3394  3394 D dhcpcd  : wlan0: IAID 93:21:f3:84
04-09 10:30:15.010  3394  3394 D dhcpcd  : wlan0: soliciting an IPv6 router
04-09 10:30:15.229  3074  3074 I cast_shell: [3077:3115:INFO:metrics_recorder.cc(282)] Record action: Setup.version.BLE
04-09 10:30:15.258  3074  3074 I cast_shell: [3077:3115:INFO:metrics_recorder.cc(282)] Record action: Setup.tos_accepted.BLE
04-09 10:30:15.288  3074  3074 I cast_shell: [3077:3115:INFO:metrics_recorder.cc(282)] Record action: Setup.state.BLE
04-09 10:30:15.318  3074  3074 I cast_shell: [3077:3115:INFO:metrics_recorder.cc(282)] Record action: Setup.ip_address.BLE
04-09 10:30:15.318  3394  3394 D dhcpcd  : wlan0: soliciting a DHCP lease
04-09 10:30:15.319  3394  3394 D dhcpcd  : wlan0: sending DISCOVER (xid 0x5ac18502), next in -1820494598412186068113256398889575179916634140854053088810064522061338716656608641259458712066270061172801895858418436219453393208288772509251258266562923887766340604509799432468788113703569019608926543953879566690243948545890169576529264250512776135224635720248328192.0 seconds
04-09 10:30:15.404  2731  2740 I NetworkMonitor: turn off power-save
04-09 10:30:15.410  2731  2740 E DNSResolver: Error in connect: Network is unreachable
04-09 10:30:15.411  2731  2740 I chatty  : uid=0(root) /bin/net_mgr identical 4 lines
04-09 10:30:15.411  2731  2740 E DNSResolver: Error in connect: Network is unreachable
04-09 10:30:15.411  2731  2740 E HttpTimeSync: Error resolve name clients1.google.com
04-09 10:30:15.428  2731  2740 E HttpTimeSync: Error in curl perform, returns 6: Couldn't resolve host name
04-09 10:30:15.430  2731  2740 E HttpTimeSync: Failed in getting HTTP header from http://clients1.google.com/generate_204
04-09 10:30:15.466  3074  3074 I cast_shell: [3077:3115:INFO:metrics_recorder.cc(282)] Record action: Setup.eureka_info.Local
04-09 10:30:15.467  3074  3074 I cast_shell: [3077:3115:INFO:metrics_recorder.cc(282)] Record action: Setup.eureka_info.Local.200
04-09 10:30:15.469  2731  2739 E DNSResolver: Error in connect: Network is unreachable
04-09 10:30:15.469  2731  2739 I chatty  : uid=0(root) MonitorThread identical 4 lines
04-09 10:30:15.469  2731  2739 E DNSResolver: Error in connect: Network is unreachable
04-09 10:30:15.469  2731  2739 E HttpTimeSync: Error resolve name clients1.google.com
04-09 10:30:15.470  2731  2739 E HttpTimeSync: Error in curl perform, returns 6: Couldn't resolve host name
04-09 10:30:15.470  2731  2739 E HttpTimeSync: Failed in getting HTTP header from http://clients1.google.com/generate_204
04-09 10:30:15.501  3394  3394 D dhcpcd  : wlan0: Router Advertisement from fe80::cab3:73ff:fe44:aeed
04-09 10:30:15.502  3394  3394 D dhcpcd  : wlan0: adding address fd70:d3e7:6555:0:ce90:93ff:fe21:f384/64
04-09 10:30:15.502  3394  3394 D dhcpcd  : wlan0: adding address fd70:d3e7:6555:0:54a0:3e01:a039:d762/64
04-09 10:30:15.503  3394  3394 D dhcpcd  : wlan0: adding route to fd70:d3e7:6555::/64
04-09 10:30:15.503  3394  3394 D dhcpcd  : wlan0: requesting DHCPv6 information
04-09 10:30:15.752  3074  3074 I cast_shell: [3077:3085:ERROR:connectivity_checker_impl.cc(265)] Connectivity check failed: 400
04-09 10:30:15.859  3074  3074 I cast_shell: [3077:3115:INFO:metrics_recorder.cc(282)] Record action: Setup.version.BLE
04-09 10:30:15.888  3074  3074 I cast_shell: [3077:3115:INFO:metrics_recorder.cc(282)] Record action: Setup.tos_accepted.BLE
04-09 10:30:15.919  3074  3074 I cast_shell: [3077:3115:INFO:metrics_recorder.cc(282)] Record action: Setup.state.BLE
04-09 10:30:15.948  3074  3074 I cast_shell: [3077:3115:INFO:metrics_recorder.cc(282)] Record action: Setup.ip_address.BLE
04-09 10:30:16.421  3394  3394 D dhcpcd  : wlan0: received OFFER with xid 0x5ac18502
04-09 10:30:16.421  3394  3394 D dhcpcd  : wlan0: offered 192.168.1.145 from 192.168.1.1
04-09 10:30:16.421  3394  3394 D dhcpcd  : wlan0: requesting lease of 192.168.1.145
04-09 10:30:16.421  3394  3394 D dhcpcd  : wlan0: sending REQUEST (xid 0x5ac18502), next in -1820494598412186068113256398889575179916634140854053088810064522061338716656608641259458712066270061172801895858418436219453393208288772509251258266562923887766340604509799432468788113703569019608926543953879566690243948545890169576529264250512776135224635720248328192.0 seconds
04-09 10:30:16.471  2731  2739 E DNSResolver: Error in connect: Network is unreachable
04-09 10:30:16.471  2731  2739 I chatty  : uid=0(root) MonitorThread identical 4 lines
04-09 10:30:16.471  2731  2739 E DNSResolver: Error in connect: Network is unreachable
04-09 10:30:16.471  2731  2739 E HttpTimeSync: Error resolve name clients1.google.com
04-09 10:30:16.472  2731  2739 E HttpTimeSync: Error in curl perform, returns 6: Couldn't resolve host name
04-09 10:30:16.472  2731  2739 E HttpTimeSync: Failed in getting HTTP header from http://clients1.google.com/generate_204
04-09 10:30:16.489  3074  3074 I cast_shell: [3077:3115:INFO:metrics_recorder.cc(282)] Record action: Setup.version.BLE
04-09 10:30:16.533  3074  3074 I cast_shell: [3077:3115:INFO:metrics_recorder.cc(282)] Record action: Setup.tos_accepted.BLE
04-09 10:30:16.543  3394  3394 D dhcpcd  : wlan0: received ACK with xid 0x5ac18502
04-09 10:30:16.543  3394  3394 D dhcpcd  : wlan0: acknowledged 192.168.1.145 from 192.168.1.1
04-09 10:30:16.543  3394  3394 D dhcpcd  : wlan0: leased 192.168.1.145 for 86400 seconds
04-09 10:30:16.544  3394  3394 D dhcpcd  : wlan0: adding route to 192.168.1.0/24
04-09 10:30:16.544  3394  3394 D dhcpcd  : wlan0: adding default route via 192.168.1.1
04-09 10:30:16.545  2944  2957 D wac-main: Netlink event
04-09 10:30:16.545  2944  2957 E wac-main: Netlink event 20 Interface Index 5 
04-09 10:30:16.545  2944  2957 E wac-main: Enter poll and wait
04-09 10:30:16.546  2711  2723 I yani_kernel: yani_geteventfrom_changeaddr() Message-Id '1' Netlink event '20' Interface Index '5' -> Name 'wlan0' 
04-09 10:30:16.548  2731  2740 I NetworkMonitor: turn off power-save
04-09 10:30:16.553  2711  2723 I yani_server: NetLink Event '2' Interface-Index '5' WLAN '-1' Ethernet '-1' Parsed-iFill '2' -> 'WLAN0 CONNECTED' ifIndex '1' -> 'lo'
04-09 10:30:16.555  2711  2723 I yani_server: doLotofWork() List of interface '5'
04-09 10:30:16.555  2711  2723 I yani_server: doLotofWork() Interface 'wlan0' ifr[0].ifr_name 'lo' ipaddress '127.0.0.1'
04-09 10:30:16.555  2711  2723 I yani_server: doLotofWork() Interface 'wlan0' ifr[1].ifr_name 'wlan0' ipaddress '192.168.1.145'
04-09 10:30:16.555  2711  2723 E yani_server: YANI GOT IP FOR IFACE=wlan0 IP=192.168.1.145 mstatus=0 mifacetype=1
04-09 10:30:16.555  2711  2723 I yani_server: doLotofWork() returns 'REFILL IP ASSIGNED'
04-09 10:30:16.555  2711  2723 I yani_autoip: stop_autoip() Thread-Running 'Yes'
04-09 10:30:16.555  2711  2813 I yani_server: onNetworkParametersChanged() WAC Mode '1'  Index '1' Interface 'wlan0' Status '1'
04-09 10:30:16.555  2711  3395 E yani_autoip: Force Exit AutoIP thread bytes '1' value 'q'
04-09 10:30:16.555  2711  3395 I yani_autoip: Exiting AutoIP thread return poll status 1
04-09 10:30:16.555  2728  2741 I MB_HANDLER: YaniAlert() Interface '1' Status '1'
04-09 10:30:16.555  2728  2741 E MB_HANDLER: SaveWifiSettingToENV
04-09 10:30:16.556  2728  2741 I wifiapi : newconn : 0xf5a00c40
04-09 10:30:16.556  2728  2741 I wifiapi : 'GET_NETWORK 0 ssid' command returned = 0
04-09 10:30:16.556  2728  2741 E MB_HANDLER: save ENV ssid = "Linksys16717_2G"
04-09 10:30:16.556  2711  2723 E yani_server: YANI: I am Done Wait For Event 
04-09 10:30:16.563  3074  3074 I cast_shell: [3077:3115:INFO:metrics_recorder.cc(282)] Record action: Setup.state.BLE
04-09 10:30:16.569  2712  2712 I lucitransport: writeRemoteMessage() MID = 124 buffer = 1#1,1#2,0#3,1#4,1
04-09 10:30:16.569  2712  2712 I luciUART: write() MID = 124  bytes = 27 data = 1#1,1#2,0#3,1#4,1 m_fd = 0x5
04-09 10:30:16.570  2729  2729 E AirableUIHelper: AirableUIHelper::YaniAlert  1 1 
04-09 10:30:16.570  2729  2729 E AirableUIHelper: Wlan is up
04-09 10:30:16.570  2951  2968 I otamanager: YaniAlert() Interface 1 Status Up
04-09 10:30:16.570  2951  2968 I otamanager: CreateFirmwareUpdateTimerOnYaniAlert done
04-09 10:30:16.571  2947  2947 I airplay-main: YaniAlert Interface 1 Status 1
04-09 10:30:16.571  2712  2712 I lucitransport: readRemoteMessage() MID char = 90 buffer = Lyric Speaker Box 21f384
04-09 10:30:16.577  2712  2720 E luciUART: UART:aa
04-09 10:30:16.577  2712  2720 E luciUART: UART:aa
04-09 10:30:16.577  2712  2720 E luciUART: UART:2
04-09 10:30:16.577  2712  2720 E luciUART: UART:0
04-09 10:30:16.577  2712  2720 E luciUART: UART:d0
04-09 10:30:16.577  2712  2720 E luciUART: UART:0
04-09 10:30:16.577  2712  2720 I chatty  : uid=0(root) UARTLUCIControl identical 2 lines
04-09 10:30:16.577  2712  2720 E luciUART: UART:0
04-09 10:30:16.577  2712  2720 E luciUART: UART:9
04-09 10:30:16.577  2712  2720 I luciUART: read() RemoteID = 43690 Command = 208 Type = 2 Status = 0 DataLen = 9
04-09 10:30:16.579  2712  2721 E LUCI_SERVER: NV_READ response= ssid:Linksys16717_2G
04-09 10:30:16.579  2712  2721 E LUCI_SERVER: Luci Server Thread waiting for packets....
04-09 10:30:16.593  3074  3074 I cast_shell: [3077:3115:INFO:metrics_recorder.cc(282)] Record action: Setup.ip_address.BLE
04-09 10:30:16.652  2947  3431 I airplay-main: checkACPAvailability() err 0 -> Present!
04-09 10:30:16.652  2947  3431 D airplay-main: arguments[0] -> airplay_v2 -> airplay_v2
04-09 10:30:16.652  2947  3431 D airplay-main: arguments[1] -> -n -> -n
04-09 10:30:16.652  2947  3431 D airplay-main: arguments[2] -> Lyric Speaker Box 21f384 -> Lyric Speaker Box 21f384
04-09 10:30:16.653  2947  3431 D airplay-main: arguments[3] -> -z -> -z
04-09 10:30:16.653  2947  3431 D airplay-main: arguments[4] -> 1 -> 1
04-09 10:30:16.653  2947  3431 D airplay-main: arguments[5] -> -d -> -d
04-09 10:30:16.653  2947  3431 D airplay-main: arguments[6] -> 47617500 -> 47617500
04-09 10:30:16.653  2947  3431 D airplay-main: Total Number of Arguments 7
04-09 10:30:16.663  2947  3431 I airplay_v2_0_6: 2022-04-08 22:00:16.662528 [AirPlayDemo] homedir /data/ sUserPreferencesDirectoryPath /data//.airplaydemo 
04-09 10:30:16.738  2947  3431 I airplay-main: checkACPAvailability() err 0 -> Present!
04-09 10:30:16.743  2731  2740 I HttpTimeSync: Building resolve list for clients1.google.com, total 1.
04-09 10:30:16.743  2731  2740 I HttpTimeSync: 	0: 142.251.36.142
04-09 10:30:16.817  3074  3074 I cast_shell: [3077:3085:ERROR:connectivity_checker_impl.cc(265)] Connectivity check failed: 400
04-09 10:30:16.824  2947  3453 I airplay_v2_0_6: 2022-04-08 22:00:16.824045 [AirPlayDemo] *********** AirPlayDemoPlatformSetProperty:homeIntegrationData value - 
04-09 10:30:16.824  2947  3453 I airplay_v2_0_6:     +0000: 62706c69 73743030 d101025f 10114343 |bplist00^^^_^^CC| (67 bytes)
04-09 10:30:16.824  2947  3453 I airplay_v2_0_6:     +0010: 3a39303a 39333a32 313a4633 3a3834d0 |:90:93:21:F3:84^|
04-09 10:30:16.824  2947  3453 I airplay_v2_0_6:     +0020: 080b1f00 00000000 00010100 00000000 |^^^^^^^^^^^^^^^^|
04-09 10:30:16.824  2947  3453 I airplay_v2_0_6:     +0030: 00000300 00000000 00000000 00000000 |^^^^^^^^^^^^^^^^|
04-09 10:30:16.824  2947  3453 I airplay_v2_0_6:     +0040: 000020                              |^^              |
04-09 10:30:16.826  2947  3455 I airplay_v2_0_6: 2022-04-08 22:00:16.826610 [AirPlayDemo] AirPlayDemoServerCopyProperty Password is <<NULL>>
04-09 10:30:16.836  2947  3453 I airplay_v2_0_6: 2022-04-08 22:00:16.836415 [AirPlayDemo] *********** AirPlayDemoPlatformSetProperty:homeIntegrationData value - 
04-09 10:30:16.836  2947  3453 I airplay_v2_0_6:     +0000: 62706c69 73743030 d101025f 10114343 |bplist00^^^_^^CC| (165 bytes)
04-09 10:30:16.836  2947  3453 I airplay_v2_0_6:     +0010: 3a39303a 39333a32 313a4633 3a3834d3 |:90:93:21:F3:84^
04-09 10:30:16.836  2947  3453 I airplay_v2_0_6: |
04-09 10:30:16.836  2947  3453 I airplay_v2_0_6:     +0020: 03040501 06075a69 64656e74 69666965 |^^^^^^Zidentifie|
04-09 10:30:16.836  2947  3453 I airplay_v2_0_6:     +0030: 7252736b 52706b4f 1020fb05 8defb08d |rRskRpkO^ ^^^^^^|
04-09 10:30:16.836  2947  3453 I airplay_v2_0_6:     +0040: 8d6dae34 6cbaccfe f8e47736 fd42412e |^m^4l^^^^^w6^BA.|
04-09 10:30:16.836  2947  3453 I airplay_v2_0_6:     +0050: e7620dec 2c01793c fdea4f10 2034166c |
04-09 10:30:16.836  2947  3453 I airplay_v2_0_6: ^b^^,^y<^^O^ 4^l|
04-09 10:30:16.836  2947  3453 I airplay_v2_0_6:     +0060: 6caf46e3 fc6141ba 331b645b 6d276a4a |l^F^^aA^3^d[m'jJ|
04-09 10:30:16.836  2947  3453 I airplay_v2_0_6:     +0070: 6f4d84fd 4a1e9967 7132f2b8 a5080b1f |oM^^J^^gq2^^^^^^|
04-09 10:30:16.836  2947  3453 I airplay_v2_0_6:     +0080: 26313437 5a000000 00000001 01000000 |&147Z^^^^^^^^^^^|
04-09 10:30:16.836  2947  3453 I airplay_v2_0_6:     +0090: 
04-09 10:30:16.836  2947  3453 I airplay_v2_0_6: 00000000 08000000 00000000 00000000 |^^^^^^^^^^^^^^^^|
04-09 10:30:16.836  2947  3453 I airplay_v2_0_6:     +00A0: 00000000 7d                         |^^^^}           |
04-09 10:30:16.837  2712  2712 I lucitransport: readRemoteMessage() MID char = 90 buffer = Lyric Speaker Box 21f384
04-09 10:30:16.839  2947  3431 I airplay_v2_0_6: 2022-04-08 22:00:16.838808 [AirPlay] Registering Bonjour _airplay._tcp. port 7000
04-09 10:30:16.840  2947  3453 I airplay_v2_0_6: 2022-04-08 22:00:16.840752 [AirPlayDemo] AirPlayDemoServerCopyProperty Password is <<NULL>>
04-09 10:30:16.842  2947  3455 I airplay_v2_0_6: 2022-04-08 22:00:16.842497 [AirPlayDemo] AirPlayDemoServerCopyProperty Password is <<NULL>>
04-09 10:30:16.842  2712  2712 I lucitransport: readRemoteMessage() MID char = 90 buffer = Lyric Speaker Box 21f384
04-09 10:30:16.844  2947  3431 I airplay_v2_0_6: 2022-04-08 22:00:16.844425 [AirPlay] Registering Bonjour CC909321F384@Lyric Speaker Box 21f384._raop._tcp. port 7000
04-09 10:30:16.844  2947  3431 I airplay_v2_0_6: 2022-04-08 22:00:16.844569 [AirPlay] AirPlay servers started
04-09 10:30:17.134  3074  3074 I cast_shell: [3077:3115:INFO:metrics_recorder.cc(282)] Record action: Setup.version.BLE
04-09 10:30:17.146  2731  2740 I HttpTimeSync: Http time synced
04-09 10:30:17.147  2731  2740 I NetworkMonitor: turn off power-save
04-09 10:30:17.163  3074  3074 I cast_shell: [3077:3115:INFO:metrics_recorder.cc(282)] Record action: Setup.tos_accepted.BLE
04-09 10:30:17.193  3074  3074 I cast_shell: [3077:3115:INFO:metrics_recorder.cc(282)] Record action: Setup.state.BLE
04-09 10:30:17.225  3074  3074 I cast_shell: [3077:3115:INFO:metrics_recorder.cc(282)] Record action: Setup.ip_address.BLE
04-09 10:30:19.524  3074  3074 I cast_shell: [3077:3115:INFO:metrics_recorder.cc(282)] Record action: Setup.version.BLE
04-09 10:30:19.553  3074  3074 I cast_shell: [3077:3115:INFO:metrics_recorder.cc(282)] Record action: Setup.tos_accepted.BLE
04-09 10:30:19.583  3074  3074 I cast_shell: [3077:3115:INFO:metrics_recorder.cc(282)] Record action: Setup.state.BLE
04-09 10:30:19.613  3074  3074 I cast_shell: [3077:3115:INFO:metrics_recorder.cc(282)] Record action: Setup.ip_address.BLE
04-09 10:30:20.154  3074  3074 I cast_shell: [3077:3115:INFO:metrics_recorder.cc(282)] Record action: Setup.version.BLE
04-09 10:30:20.183  3074  3074 I cast_shell: [3077:3115:INFO:metrics_recorder.cc(282)] Record action: Setup.tos_accepted.BLE
04-09 10:30:20.185  2948  2973 I SPOTIFY : ConnectionNotify event(0-Login, 1-Logout, rest Error) = 7 
04-09 10:30:20.213  3074  3074 I cast_shell: [3077:3115:INFO:metrics_recorder.cc(282)] Record action: Setup.state.BLE
04-09 10:30:20.243  3074  3074 I cast_shell: [3077:3115:INFO:metrics_recorder.cc(282)] Record action: Setup.ip_address.BLE
04-09 10:30:20.489  3074  3074 I cast_shell: [3077:3085:INFO:connectivity_checker_impl.cc(144)] Change check url=http://connectivitycheck.gstatic.com/generate_204
04-09 10:30:20.491  3077  3139 E         : OOBE CheckUpdate
04-09 10:30:20.497  2951  2978 I otamanager: cast_updater_threadEntry() Response 'CheckUpdate' Current Firmware Update state 'Idle'
04-09 10:30:20.497  2951  2978 I otamanager: checkUpdate_l
04-09 10:30:20.497  2951  2978 I otamanager: Firmware Update State Change from Idle to CheckUpdate
04-09 10:30:20.497  2712  2712 I lucitransport: readRemoteMessage() MID char = 232 buffer = TRUE
04-09 10:30:20.498  2951  2978 E otamanager: lo not valid Interface for MAC ID
04-09 10:30:20.498  3074  3074 I cast_shell: [3077:3085:INFO:connectivity_checker_impl.cc(148)] Global connection is: Up
04-09 10:30:20.498  3074  3074 I cast_shell: [3077:3077:INFO:ccs_transport_gcm.cc(102)] Registering GCM handler
04-09 10:30:20.498  3074  3074 I cast_shell: [3077:3077:INFO:gcm_manager.cc(258)] Enabling GCM Driver
04-09 10:30:20.498  3074  3074 I cast_shell: [3077:3077:INFO:api_reboot.cc(321)] active_activities count=0
04-09 10:30:20.502  3074  3074 I cast_shell: [3077:3115:INFO:setup_state.cc(261)] Setup state changed: SETUP_STATE_CHECKING_GLOBAL_CONNECTIVITY (50) -> SETUP_STATE_CONNECTED_WIFI_NOT_SAVED (61)
04-09 10:30:20.502  3074  3074 I cast_shell: [3077:3087:ERROR:unix_stream_client_socket.cc(52)] Cannot connect unix socket: /dev/socket/panel: No such file or directory (2)
04-09 10:30:20.502  3074  3074 I cast_shell: [3077:3087:ERROR:led_controller_ipc.cc(84)] Could not create IPC client for socket: /dev/socket/panel
04-09 10:30:20.506  3074  3074 I cast_shell: [3077:3077:INFO:cast_receiver_impl.cc(1093)] Entering discovery-only mode
04-09 10:30:20.506  3074  3074 I cast_shell: [3077:3077:INFO:application_config_manager_impl.cc(575)] Disabling virtual device a447e61c-8082-5600-a3ca-073fb064d437
04-09 10:30:20.506  3074  3074 I cast_shell: [3077:3077:INFO:device_info_impl.cc(1094)] Primary netif changed: new=wlan0, old=usb0
04-09 10:30:20.506  3074  3074 I cast_shell: [3077:3077:INFO:device_info_impl.cc(1103)] Primary IP address changed: netif=wlan0, new=192.168.1.145, old=192.168.10.1
04-09 10:30:20.506  3074  3074 I cast_shell: [3077:3125:INFO:mdns_cast_service.cc(351)] Device discovery state is setup-only
04-09 10:30:20.506  3074  3074 I cast_shell: [3077:3125:INFO:mdns_util.cc(102)] Defaulting mDNS capabilities for audio-only build
04-09 10:30:20.507  3074  3074 I cast_shell: [3077:3077:INFO:cast_receiver_impl.cc(1612)] mDNS Discovery stopped.
04-09 10:30:20.523  3074  3074 I cast_shell: [3077:3125:INFO:mdns_app_filter.cc(1702)] MdnsAppFilter is stopping
04-09 10:30:20.523  3074  3074 I cast_shell: [3077:3125:INFO:metrics_recorder.cc(282)] cast event: Cast.Discovery.Mdns.SocketDestroyed
04-09 10:30:20.523  3074  3074 I cast_shell: [3077:3115:WARNING:setup_manager_impl.cc(1136)] NAT not supported, no captive portal support.
04-09 10:30:20.528  3074  3074 I cast_shell: [3077:3126:INFO:transport_creds.cc(151)] Self-signed certificate created: CN=a447e61c-8082-5600-a3ca-073fb064d437
04-09 10:30:20.560  3074  3074 I cast_shell: [3077:3077:INFO:config_downloader.cc(489)] Downloading config: headers (excl. auth) ='Accept: application/protobuf', url=https://clients5.google.com/cast/chromecast/device/baseconfig?m=LSB&M=COTODAMA&p=LS10+Platform&b=1.52.272222&c=wifi&r=beta-channel&pt=3&ln=&d=DE4F95FFA64D5E74B026&at=1
04-09 10:30:20.663  3074  3074 I cast_shell: [3077:3128:INFO:multizone_manager.cc(2131)] Updated leader quality: 49807412
04-09 10:30:20.665  3074  3074 I cast_shell: [3077:3125:INFO:mdns_app_filter.cc(1120)] Skipping IPv6 interface that also has an IPv4 address: wlan0
04-09 10:30:20.665  3074  3074 I chatty  : uid=1000(chrome) /bin/logwrapper identical 2 lines
04-09 10:30:20.665  3074  3074 I cast_shell: [3077:3125:INFO:mdns_app_filter.cc(1120)] Skipping IPv6 interface that also has an IPv4 address: wlan0
04-09 10:30:20.666  2945  3151 I LibreCastControlDelegate: OnCastStatus() +++ Lyric Speaker Box 21f384:0xab5fe198:NOT_SETUP
04-09 10:30:20.667  2945  3151 I LibreCastControlDelegate: Device Build Number -> '1.52.272222'
04-09 10:30:20.667  2945  3151 I librecast: updateCastBuildVersion() Version 1.52.272222
04-09 10:30:20.667  2712  2712 I lucitransport: readRemoteMessage() MID char = 7 buffer = 1.52.272222
04-09 10:30:20.667  2945  3151 I LibreCastControlDelegate: Active Applications -> 0
04-09 10:30:20.667  2945  3151 I LibreCastControlDelegate: Current Cast State '2' -> 'NOT_SETUP'
04-09 10:30:20.667  2945  3151 I LibreCastControlDelegate: OnCastStatus() ---
04-09 10:30:20.668  2945  3151 I LibreCastControlDelegate: OnCastStatus() +++ Lyric Speaker Box 21f384:0xab5fe198:NOT_SETUP
04-09 10:30:20.668  2945  3151 I LibreCastControlDelegate: Device Build Number -> '1.52.272222'
04-09 10:30:20.668  2945  3151 I librecast: updateCastBuildVersion() Version 1.52.272222
04-09 10:30:20.668  2712  2712 I lucitransport: readRemoteMessage() MID char = 7 buffer = 1.52.272222
04-09 10:30:20.668  2945  3151 I LibreCastControlDelegate: Active Applications -> 0
04-09 10:30:20.668  2945  3151 I LibreCastControlDelegate: Current Cast State '2' -> 'NOT_SETUP'
04-09 10:30:20.669  3074  3074 I cast_shell: [3077:3125:INFO:metrics_recorder.cc(282)] cast event: Cast.Discovery.Mdns.SocketCreated
04-09 10:30:20.669  3074  3074 I cast_shell: [3077:3125:INFO:mdns_app_filter.cc(1254)] Created mDNS socket for interface:name=wlan0, address=192.168.1.145, index=5
04-09 10:30:20.669  3074  3074 I cast_shell: [3077:3125:INFO:metrics_recorder.cc(282)] cast event: Cast.Discovery.Mdns.SocketCreated
04-09 10:30:20.669  3074  3074 I cast_shell: [3077:3125:INFO:mdns_app_filter.cc(1254)] Created mDNS socket for interface:name=p2p1, address=192.168.2.1, index=7
04-09 10:30:20.669  3074  3074 I cast_shell: [3077:3125:INFO:metrics_recorder.cc(282)] cast event: Cast.Discovery.Mdns.SocketCreated
04-09 10:30:20.669  3074  3074 I cast_shell: [3077:3125:INFO:mdns_app_filter.cc(1254)] Created mDNS socket for interface:name=usb0, address=192.168.10.1, index=9
04-09 10:30:20.669  3074  3074 I cast_shell: [3077:3125:INFO:mdns_app_filter.cc(977)] MdnsAppFilter is starting.
04-09 10:30:20.669  3074  3074 I cast_shell: [3077:3125:INFO:metrics_recorder.cc(282)] cast event: Cast.Discovery.Mdns.ResponderStarted
04-09 10:30:20.669  3074  3074 I cast_shell: [3077:3125:INFO:discovered_service_client.cc(78)] Primary interface for service discovery has changed: ifindex=5
04-09 10:30:20.669  3074  3074 I cast_shell: [3077:3125:INFO:mdns_app_filter.cc(1120)] Skipping IPv6 interface that also has an IPv4 address: wlan0
04-09 10:30:20.669  3074  3074 I cast_shell: [3077:3125:INFO:mdns_app_filter.cc(1120)] Skipping IPv6 interface that also has an IPv4 address: wlan0
04-09 10:30:20.784  3074  3074 I cast_shell: [3077:3115:INFO:metrics_recorder.cc(282)] Record action: Setup.version.BLE
04-09 10:30:20.812  3074  3074 I cast_shell: [3077:3115:INFO:metrics_recorder.cc(282)] Record action: Setup.tos_accepted.BLE
04-09 10:30:20.814  2951  2978 I otamanager: OTA:ResolveDNSName IP = 34.227.250.11
04-09 10:30:20.814  2951  2978 I otamanager: OTA:hostIp string: https://34.227.250.11/v1
04-09 10:30:20.814  2951  2978 I otamanager: OTA: trying after 2 sec 
04-09 10:30:20.843  3074  3074 I cast_shell: [3077:3115:INFO:metrics_recorder.cc(282)] Record action: Setup.state.BLE
04-09 10:30:20.873  3074  3074 I cast_shell: [3077:3115:INFO:metrics_recorder.cc(282)] Record action: Setup.ip_address.BLE
04-09 10:30:20.906  3074  3074 I cast_shell: [3077:3115:INFO:ble_setup.cc(322)] Record action: Setup.set_eureka_info.BLE
04-09 10:30:20.908  3074  3074 I cast_shell: [3077:3128:INFO:multizone_group.cc(357)] Change name for group [PII](BBE1E697EA6961353A6BB83E354AE7B4) to [PII](Attic speaker)
04-09 10:30:20.908  3074  3074 I cast_shell: [3077:3077:INFO:device_info_impl.cc(1133)] SSDP Config ID is increased: id=4
04-09 10:30:20.910  3074  3074 I cast_shell: [3077:3125:INFO:mdns_util.cc(102)] Defaulting mDNS capabilities for audio-only build
04-09 10:30:20.911  3074  3074 I cast_shell: [3077:3115:INFO:timezone_settings.cc(288)] Setting system timezone to Asia/Kolkata
04-09 10:30:20.912  3074  3074 I cast_shell: [3077:3115:INFO:locale_manager.cc(511)] New timezone: Asia/Kolkata
04-09 10:30:20.912  3074  3074 I cast_shell: [3077:3115:INFO:locale_manager.cc(539)] New time format: 24-hour
04-09 10:30:20.913  2733  2763 I bluetoothtbd: [0408/220020.913457:INFO:adapter.cc(551)] Adapter properties changed
04-09 10:30:20.913  2733  2763 I bluetoothtbd: [0408/220020.913658:INFO:adapter.cc(573)] Adapter name changed
04-09 10:30:20.915  3074  3074 I cast_shell: [3077:3115:INFO:bluetooth_manager.cc(1232)] [PII] Set device name to 'Attic speaker'
04-09 10:30:20.918  3074  3074 I cast_shell: [3077:3077:INFO:mdns_manager_impl.cc(429)] Successfully updated service: type=_googlecast
04-09 10:30:20.918  3074  3074 I cast_shell: [3077:3077:INFO:virtual_device.cc(296)] Updated mDNS service for virtual device: id=a447e61c-8082-5600-a3ca-073fb064d437
04-09 10:30:20.920  2733  2763 I bluetoothtbd: [0408/220020.920219:INFO:adapter.cc(551)] Adapter properties changed
04-09 10:30:20.920  2733  2763 I bluetoothtbd: [0408/220020.920377:INFO:adapter.cc(573)] Adapter name changed
04-09 10:30:20.939  2945  3151 I LibreCastControlDelegate: OnCastStatus() +++ Attic speaker:0xab5fe198:NOT_SETUP
04-09 10:30:20.939  2945  3151 I LibreCastControlDelegate: Device Build Number -> '1.52.272222'
04-09 10:30:20.939  2945  3151 I librecast: updateCastBuildVersion() Version 1.52.272222
04-09 10:30:20.940  2712  2712 I lucitransport: readRemoteMessage() MID char = 7 buffer = 1.52.272222
04-09 10:30:20.940  2945  3151 I LibreCastControlDelegate: Active Applications -> 0
04-09 10:30:20.940  2945  3151 I LibreCastControlDelegate: Current Cast State '2' -> 'NOT_SETUP'
04-09 10:30:20.940  2945  3151 I LibreCastControlDelegate: OnCastStatus() ---
04-09 10:30:20.940  2945  3151 I LibreCastControlDelegate: OnCastStatus() +++ Attic speaker:0xab5fe198:NOT_SETUP
04-09 10:30:20.940  2945  3151 I LibreCastControlDelegate: Device Build Number -> '1.52.272222'
04-09 10:30:20.978  3074  3074 I cast_shell: [3077:3115:INFO:ble_setup.cc(322)] Record action: Setup.save_wifi.BLE
04-09 10:30:20.980  3074  3074 I cast_shell: [3077:3115:INFO:wifi_controller_wpa_supplicant.cc(692)] Clear bssid from config for network id 0
04-09 10:30:20.984  3074  3074 I cast_shell: [3077:3115:INFO:setup_manager_impl.cc(1725)] Report action: Wifi.FirstConfigured
04-09 10:30:21.213  3074  3074 I cast_shell: [3077:3085:INFO:parent_tracker.cc(237)] Network changed
04-09 10:30:21.213  3074  3074 I cast_shell: [3077:3085:INFO:parent_tracker.cc(135)] Now using local address [PII](192.168.1.145)
04-09 10:30:21.213  3074  3074 I cast_shell: [3077:3085:INFO:directory_service_impl.cc(200)] This device became root
04-09 10:30:21.214  3074  3074 I cast_shell: [3077:3085:INFO:parent_tracker.cc(237)] Network changed
04-09 10:30:21.214  3074  3074 I cast_shell: [3077:3085:INFO:parent_tracker.cc(132)] No need to recreate socket
04-09 10:30:21.218  3074  3074 I cast_shell: [3077:3087:INFO:net_util_impl.cc(582)] IP address: [PII](192.168.1.1) MAC address: [PII](C8:B3:73:44:AE:ED)
04-09 10:30:21.218  3074  3074 I cast_shell: [3077:3087:INFO:local_network_info_impl.cc(346)] LNID changed:
04-09 10:30:21.223  3074  3074 I cast_shell: [3077:3087:INFO:net_util_impl.cc(582)] IP address: [PII](192.168.1.1) MAC address: [PII](C8:B3:73:44:AE:ED)
04-09 10:30:21.230  3074  3074 I cast_shell: [3077:3077:INFO:ccs_manager_impl.cc(1789)] LNID has changed; Will re-register CCS
04-09 10:30:21.230  3074  3074 I cast_shell: [3077:3115:INFO:local_network_info_impl.cc(435)] LNID_W changed:
04-09 10:30:21.500  3074  3074 I cast_shell: [3077:3115:INFO:ble_setup.cc(789)] Missing required info for sign.
04-09 10:30:21.514  3074  3074 I cast_shell: [system_updater_dummy.cpp(139)] CheckUpdate 139
04-09 10:30:21.514  3074  3074 I cast_shell: [system_updater_dummy.cpp(148)] CheckUpdate 148 return
04-09 10:30:21.543  3074  3074 I cast_shell: [3077:3115:INFO:ble_setup.cc(915)] Sign related info completed, no future EurekaInfo need sign.
04-09 10:30:21.701  3074  3074 I cast_shell: [3077:3125:INFO:mdns_app_filter.cc(1403)] MdnsAppFilter: Done probing.
04-09 10:30:21.857  3074  3074 I cast_shell: [3077:3112:INFO:snr_tracker.cc(50)] snr = 49
04-09 10:30:22.029  3074  3074 I cast_shell: [3077:3115:INFO:metrics_recorder.cc(282)] Record action: Setup.state.BLE
04-09 10:30:22.356  3074  3074 I cast_shell: [3077:3077:INFO:lycra_gcm.cc(212)] Registered GCM handler
04-09 10:30:22.458  3074  3074 I cast_shell: [3077:3077:INFO:ccs_transport_gcm.cc(244)] Registered GCM handler
04-09 10:30:22.458  3074  3074 I cast_shell: [3077:3077:INFO:ccs_manager_impl.cc(1322)] Waiting for all transports to be enabled
04-09 10:30:22.538  3074  3074 I cast_shell: [system_updater_dummy.cpp(139)] CheckUpdate 139
04-09 10:30:22.538  3074  3074 I cast_shell: [system_updater_dummy.cpp(148)] CheckUpdate 148 return
04-09 10:30:22.575  3074  3074 I cast_shell: [3077:3087:INFO:crl_downloader.cc(155)] CRL processed.
04-09 10:30:22.577  3074  3074 I cast_shell: [3077:3087:INFO:metrics_recorder.cc(282)] cast event: Cast.CRL.DownloadSuccess
04-09 10:30:22.578  3074  3074 I cast_shell: [3077:3087:INFO:client_auth_signer.cc(211)] Cast certificate verification: CastCertError::OK
04-09 10:30:22.579  3074  3074 I cast_shell: [3077:3087:INFO:metrics_recorder.cc(282)] cast event: Cast.Auth.OK
04-09 10:30:22.706  3074  3074 I cast_shell: [3077:3077:INFO:grpc_service_discovery_impl.cc(185)] Mdns discovered google RPC for [PII](BBE1E697EA6961353A6BB83E354AE7B4).
04-09 10:30:22.781  3074  3074 I cast_shell: [3077:3085:INFO:heartbeat_manager.cc(272)] Set HBInterval default: 1680000
04-09 10:30:22.782  3074  3074 I cast_shell: [3077:3077:INFO:gcm_manager.cc(233)] GCM connection established.
04-09 10:30:23.063  3074  3074 I cast_shell: [3077:3115:INFO:metrics_recorder.cc(282)] Record action: Setup.state.BLE
04-09 10:30:23.287  3074  3074 I cast_shell: [3077:3125:INFO:mdns_app_filter.cc(2645)] MdnsAppFilter: responses sent in 190 seconds: 1
04-09 10:30:23.288  3074  3074 I cast_shell: [3077:3077:INFO:application_config_manager_impl.cc(683)] No capability tags found for app ID CC1AD845: using default capability tags 0
04-09 10:30:23.288  3074  3074 I cast_shell: [3077:3077:INFO:application_config_manager_impl.cc(637)] Virtual device not enabled: [PII](a447e61c-8082-5600-a3ca-073fb064d437)
04-09 10:30:23.288  3074  3074 I cast_shell: [3077:3077:WARNING:application_config_manager_impl.cc(424)] App is not supported: id=CC1AD845
04-09 10:30:23.562  3074  3074 I cast_shell: [system_updater_dummy.cpp(139)] CheckUpdate 139
04-09 10:30:23.562  3074  3074 I cast_shell: [system_updater_dummy.cpp(148)] CheckUpdate 148 return
04-09 10:30:23.582  3074  3074 I cast_shell: [3077:3077:INFO:config_downloader.cc(700)] Received Protobuf config response
04-09 10:30:23.603  3074  3074 I cast_shell: [3077:3077:INFO:application_manager_impl.cc(2024)] max_background_apps changed to: 1
04-09 10:30:23.604  3074  3074 I cast_shell: [3077:3077:ERROR:modular_update_manager_impl.cc(382)] No modular updater app ID can be found in device config.
04-09 10:30:23.614  3074  3074 I cast_shell: [3077:3077:INFO:ccs_settings.cc(262)] CcsSettings using CCS url https://clients5.google.com/cast/cloudcast/
04-09 10:30:23.636  3074  3074 I cast_shell: [3077:3077:INFO:application_config_manager_impl.cc(528)] Setting default remote control app ID: 1374D8AA
04-09 10:30:23.636  3074  3074 I cast_shell: [3077:3077:INFO:application_identification_settings.cc(410)] new ApplicationIdentificationSettings session_id: 94efa7f0-41d9-4f0d-b815-3ecd6bb154c8 app_id: 38579375 flags: 7 headers: 512
04-09 10:30:23.636  3074  3074 I cast_shell: [3077:3077:WARNING:ccs_manager_impl.cc(1566)] Device does not have a weave device id
04-09 10:30:23.636  3074  3074 I cast_shell: [3077:3077:INFO:mdns_util.cc(102)] Defaulting mDNS capabilities for audio-only build
04-09 10:30:23.636  3074  3074 I cast_shell: [3077:3077:INFO:mdns_util.cc(102)] Defaulting mDNS capabilities for audio-only build
04-09 10:30:23.637  3074  3074 I cast_shell: [3077:3077:INFO:ccs_transport_https.cc(1203)] No cloud settings for register request
04-09 10:30:23.642  3074  3074 I cast_shell: [3077:3077:INFO:ccs_manager_impl.cc(1496)] Registering device with CCS: message_id = bbc87800-e669-4542-a91c-77edacb49511
04-09 10:30:23.642  3074  3074 I cast_shell: [3077:3077:INFO:ccs_manager_impl.cc(1497)] [PII] device_id = BBE1E697EA6961353A6BB83E354AE7B4
04-09 10:30:23.642  3074  3074 I cast_shell: [3077:3077:INFO:application_identification_settings.cc(410)] new ApplicationIdentificationSettings session_id: 8ba6aaec-e556-443c-8fcf-3002d4302e9f app_id: 38579375 flags: 7 headers: 512
04-09 10:30:23.642  3074  3074 I cast_shell: [3077:3077:INFO:robot_account_auth_manager.cc(470)] Successfully initialized JWT for 38579375
04-09 10:30:23.642  3074  3074 I cast_shell: [3077:3077:INFO:config_downloader.cc(900)] Clearing local config cache
04-09 10:30:23.644  3074  3074 I cast_shell: [3077:3077:INFO:metrics_recorder.cc(282)] Record action: Cast.DCS.DownloadSuccess
04-09 10:30:23.645  3074  3074 I cast_shell: [3077:3077:INFO:key_exchange_namespace_handler.cc(178)] Changing key_exchange_support capability
04-09 10:30:23.646  2945  3151 I LibreCastControlDelegate: OnCastStatus() +++ Attic speaker:0xab5fe198:NOT_SETUP
04-09 10:30:23.646  2945  3151 I LibreCastControlDelegate: Device Build Number -> '1.52.272222'
04-09 10:30:23.646  2945  3151 I librecast: updateCastBuildVersion() Version 1.52.272222
04-09 10:30:23.646  2712  2712 I lucitransport: readRemoteMessage() MID char = 7 buffer = 1.52.272222
04-09 10:30:23.647  2945  3151 I LibreCastControlDelegate: Active Applications -> 0
04-09 10:30:23.647  2945  3151 I LibreCastControlDelegate: Current Cast State '2' -> 'NOT_SETUP'
04-09 10:30:23.647  2945  3151 I LibreCastControlDelegate: OnCastStatus() ---
04-09 10:30:23.649  3074  3074 I cast_shell: [3077:3077:INFO:mdns_util.cc(102)] Defaulting mDNS capabilities for audio-only build
04-09 10:30:23.650  3074  3074 I cast_shell: [3077:3125:INFO:mdns_util.cc(102)] Defaulting mDNS capabilities for audio-only build
04-09 10:30:23.650  3074  3074 I cast_shell: [3077:3077:INFO:chromecast_service.cc(2229)] AoGH feature is: 0
04-09 10:30:23.650  3074  3074 I cast_shell: [3077:3077:INFO:chromecast_service.cc(2189)] Geolocation changed to: 0
04-09 10:30:23.650  3074  3074 I cast_shell: [3077:3077:INFO:lycra_transport.cc(301)] Feature flag changed: false
04-09 10:30:23.650  3074  3074 I cast_shell: [3077:3077:INFO:chromecast_service.cc(2248)] Playback disruption feature is: 1
04-09 10:30:23.650  3074  3074 I cast_shell: [3077:3077:INFO:playback_disruption_service.cc(328)] Playback disruption service enabled and running
04-09 10:30:23.650  3074  3074 I cast_shell: [3077:3077:INFO:ccs_manager_impl.cc(864)] Re-registering single CCS device
04-09 10:30:23.650  3074  3074 I cast_shell: [3077:3077:WARNING:ccs_manager_impl.cc(1566)] Device does not have a weave device id
04-09 10:30:23.650  3074  3074 I cast_shell: [3077:3077:INFO:mdns_util.cc(102)] Defaulting mDNS capabilities for audio-only build
04-09 10:30:23.650  3074  3074 I cast_shell: [3077:3077:INFO:mdns_util.cc(102)] Defaulting mDNS capabilities for audio-only build
04-09 10:30:23.678  3074  3074 I cast_shell: [3077:3077:INFO:metrics_recorder.cc(282)] cast event: Cloud.Transport.Https.Register.Out
04-09 10:30:23.681  3074  3074 I cast_shell: [3077:3077:INFO:application_identification_settings.cc(1331)] CreateJwt completed; running all done signing callbacks.
04-09 10:30:23.681  3074  3074 I cast_shell: [3077:3077:INFO:robot_account_auth_manager.cc(496)] JWT expiry in 3600 seconds
04-09 10:30:23.681  3074  3074 I cast_shell: [3077:3077:INFO:robot_account_auth_manager.cc(384)] Sending oauth request for client_id: 0
04-09 10:30:23.681  3074  3074 I cast_shell: [3077:3077:INFO:metrics_recorder.cc(282)] cast event: Cast.Assistant.Auth.FetchToken
