04-09 10:23:38.072  3081  3081 I cast_shell: [3084:3084:INFO:cast_receiver_impl.cc(1679)] Network is globally connected. Schedule config downloading if necessary.
04-09 10:23:38.080  3081  3081 I cast_shell: [3084:3084:INFO:cast_receiver_impl.cc(1685)] Network is globally connected. Schedule crl downloading if necessary.
04-09 10:23:38.080  3081  3081 I cast_shell: [3084:3084:INFO:crl_downloader.cc(366)] Downloading crl: url=https://clients5.google.com/cast/chromecast/device/crl
04-09 10:23:38.080  3081  3081 I cast_shell: [3084:3084:INFO:cast_receiver_impl.cc(1695)] Network is globally connected. Refreshing CcsManager.
04-09 10:23:38.080  3081  3081 I cast_shell: [3084:3084:INFO:iot_auth_manager_wrapper.cc(311)] Network provider informed of connected network status.
04-09 10:23:38.080  3081  3081 I cast_shell: [3084:3124:WARNING:setup_manager_impl.cc(1136)] NAT not supported, no captive portal support.
04-09 10:23:38.081  3081  3081 I cast_shell: [3084:3135:INFO:transport_creds.cc(151)] Self-signed certificate created: CN=574f0213-c1ae-a91b-482b-590ff72f989a
04-09 10:23:38.081  2965  3160 I LibreCastControlDelegate: OnCastStatus() +++ Lyric Speaker Box 21f384:0xacb98198:NOT_SETUP
04-09 10:23:38.082  2965  3160 I LibreCastControlDelegate: Device Build Number -> '1.52.272222'
04-09 10:23:38.082  2965  3160 I librecast: updateCastBuildVersion() Version 1.52.272222
04-09 10:23:38.082  2712  2712 I lucitransport: readRemoteMessage() MID char = 7 buffer = 1.52.272222
04-09 10:23:38.082  2965  3160 I LibreCastControlDelegate: Active Applications -> 0
04-09 10:23:38.121  3081  3081 I cast_shell: [3084:3084:INFO:config_downloader.cc(489)] Downloading config: headers (excl. auth) ='Accept: application/protobuf', url=https://clients5.google.com/cast/chromecast/device/baseconfig?m=LSB&M=COTODAMA&p=LS10+Platform&b=1.52.272222&c=wifi&r=beta-channel&pt=3&ln=&d=DE4F95FFA64D5E74B026&at=1
04-09 10:23:38.205  3081  3081 I cast_shell: [3084:3137:INFO:multizone_manager.cc(2131)] Updated leader quality: 49807412
04-09 10:23:38.212  3081  3081 I cast_shell: [3084:3134:INFO:mdns_app_filter.cc(1120)] Skipping IPv6 interface that also has an IPv4 address: wlan0
04-09 10:23:38.212  3081  3081 I chatty  : uid=1000(chrome) /bin/logwrapper identical 2 lines
04-09 10:23:38.212  3081  3081 I cast_shell: [3084:3134:INFO:mdns_app_filter.cc(1120)] Skipping IPv6 interface that also has an IPv4 address: wlan0
04-09 10:23:38.212  3081  3081 I cast_shell: [3084:3134:INFO:metrics_recorder.cc(282)] cast event: Cast.Discovery.Mdns.SocketCreated
04-09 10:23:38.212  3081  3081 I cast_shell: [3084:3134:INFO:mdns_app_filter.cc(1254)] Created mDNS socket for interface:name=wlan0, address=192.168.1.145, index=5
04-09 10:23:38.212  3081  3081 I cast_shell: [3084:3134:INFO:metrics_recorder.cc(282)] cast event: Cast.Discovery.Mdns.SocketCreated
04-09 10:23:38.212  3081  3081 I cast_shell: [3084:3134:INFO:mdns_app_filter.cc(1254)] Created mDNS socket for interface:name=p2p1, address=192.168.2.1, index=7
04-09 10:23:38.212  3081  3081 I cast_shell: [3084:3134:INFO:metrics_recorder.cc(282)] cast event: Cast.Discovery.Mdns.SocketCreated
04-09 10:23:38.212  3081  3081 I cast_shell: [3084:3134:INFO:mdns_app_filter.cc(1254)] Created mDNS socket for interface:name=usb0, address=192.168.10.1, index=9
04-09 10:23:38.212  3081  3081 I cast_shell: [3084:3134:INFO:mdns_app_filter.cc(977)] MdnsAppFilter is starting.
04-09 10:23:38.212  3081  3081 I cast_shell: [3084:3134:INFO:metrics_recorder.cc(282)] cast event: Cast.Discovery.Mdns.ResponderStarted
04-09 10:23:38.263  2971  2988 I otamanager: OTA:ResolveDNSName IP = 107.20.122.40
04-09 10:23:38.263  2971  2988 I otamanager: OTA:hostIp string: https://107.20.122.40/v1
04-09 10:23:38.263  2971  2988 I otamanager: OTA: trying after 2 sec 
04-09 10:23:38.389  3081  3081 I cast_shell: [3084:3124:INFO:metrics_recorder.cc(282)] Record action: Setup.version.BLE
04-09 10:23:38.418  3081  3081 I cast_shell: [3084:3124:INFO:metrics_recorder.cc(282)] Record action: Setup.tos_accepted.BLE
04-09 10:23:38.448  3081  3081 I cast_shell: [3084:3124:INFO:metrics_recorder.cc(282)] Record action: Setup.state.BLE
04-09 10:23:38.478  3081  3081 I cast_shell: [3084:3124:INFO:metrics_recorder.cc(282)] Record action: Setup.ip_address.BLE
04-09 10:23:38.512  3081  3081 I cast_shell: [3084:3124:INFO:ble_setup.cc(322)] Record action: Setup.set_eureka_info.BLE
04-09 10:23:38.513  3081  3081 I cast_shell: [3084:3124:INFO:timezone_settings.cc(288)] Setting system timezone to Asia/Kolkata
04-09 10:23:38.513  3081  3081 I cast_shell: [3084:3137:INFO:multizone_group.cc(357)] Change name for group [PII](748CE0D67B38F435A32B07F869260CA6) to [PII](Bedroom speaker 2)
04-09 10:23:38.513  3081  3081 I cast_shell: [3084:3124:INFO:locale_manager.cc(511)] New timezone: Asia/Kolkata
04-09 10:23:38.513  3081  3081 I cast_shell: [3084:3124:INFO:locale_manager.cc(539)] New time format: 24-hour
04-09 10:23:38.515  3081  3081 I cast_shell: [3084:3084:INFO:device_info_impl.cc(1133)] SSDP Config ID is increased: id=4
04-09 10:23:38.517  3081  3081 I cast_shell: [3084:3084:INFO:device_info_impl.cc(1133)] SSDP Config ID is increased: id=5
04-09 10:23:38.523  2733  2763 I bluetoothtbd: [0408/215338.523183:INFO:adapter.cc(551)] Adapter properties changed
04-09 10:23:38.523  2733  2763 I bluetoothtbd: [0408/215338.523387:INFO:adapter.cc(573)] Adapter name changed
04-09 10:23:38.524  3081  3081 I cast_shell: [3084:3124:INFO:bluetooth_manager.cc(1232)] [PII] Set device name to 'Bedroom speaker 2'
04-09 10:23:38.536  2733  2763 I bluetoothtbd: [0408/215338.536460:INFO:adapter.cc(551)] Adapter properties changed
04-09 10:23:38.537  3081  3081 I cast_shell: [3084:3124:INFO:bluetooth_manager.cc(1232)] [PII] Set device name to 'Bedroom speaker 2'
04-09 10:23:38.538  3081  3081 I cast_shell: [3084:3134:INFO:mdns_util.cc(102)] Defaulting mDNS capabilities for audio-only build
04-09 10:23:38.538  2965  3160 I LibreCastControlDelegate: OnCastStatus() +++ Bedroom speaker 2:0xacb98198:NOT_SETUP
04-09 10:23:38.538  2965  3160 I LibreCastControlDelegate: Device Build Number -> '1.52.272222'
04-09 10:23:38.538  2965  3160 I librecast: updateCastBuildVersion() Version 1.52.272222
04-09 10:23:38.538  2712  2712 I lucitransport: readRemoteMessage() MID char = 7 buffer = 1.52.272222
04-09 10:23:38.539  3081  3081 I cast_shell: [3084:3084:INFO:mdns_manager_impl.cc(429)] Successfully updated service: type=_googlecast
04-09 10:23:38.539  3081  3081 I cast_shell: [3084:3084:INFO:virtual_device.cc(296)] Updated mDNS service for virtual device: id=574f0213-c1ae-a91b-482b-590ff72f989a
04-09 10:23:38.539  3081  3081 I cast_shell: [3084:3134:INFO:mdns_util.cc(102)] Defaulting mDNS capabilities for audio-only build
04-09 10:23:38.539  3081  3081 I cast_shell: [3084:3084:INFO:mdns_manager_impl.cc(429)] Successfully updated service: type=_googlecast
04-09 10:23:38.539  3081  3081 I cast_shell: [3084:3084:INFO:virtual_device.cc(296)] Updated mDNS service for virtual device: id=574f0213-c1ae-a91b-482b-590ff72f989a
04-09 10:23:38.552  3081  3081 I cast_shell: [3084:3124:INFO:metrics_recorder.cc(282)] cast event: Cast.System.Timezone.ChangeSuccessful
04-09 10:23:38.589  3081  3081 I cast_shell: [3084:3092:INFO:parent_tracker.cc(237)] Network changed
04-09 10:23:38.589  3081  3081 I cast_shell: [3084:3092:INFO:parent_tracker.cc(135)] Now using local address [PII](192.168.1.145)
04-09 10:23:38.589  3081  3081 I cast_shell: [3084:3092:INFO:directory_service_impl.cc(200)] This device became root
04-09 10:23:38.591  3081  3081 I cast_shell: [3084:3092:INFO:parent_tracker.cc(237)] Network changed
04-09 10:23:38.591  3081  3081 I cast_shell: [3084:3092:INFO:parent_tracker.cc(132)] No need to recreate socket
04-09 10:23:38.597  3081  3081 I cast_shell: [3084:3102:INFO:net_util_impl.cc(582)] IP address: [PII](192.168.1.1) MAC address: [PII](C8:B3:73:44:AE:ED)
04-09 10:23:38.597  3081  3081 I cast_shell: [3084:3102:INFO:local_network_info_impl.cc(346)] LNID changed:
04-09 10:23:38.597  3081  3081 I cast_shell: [3084:3084:INFO:ccs_manager_impl.cc(1789)] LNID has changed; Will re-register CCS
04-09 10:23:38.600  3081  3081 I cast_shell: [3084:3124:INFO:ble_setup.cc(322)] Record action: Setup.save_wifi.BLE
04-09 10:23:38.602  3081  3081 I cast_shell: [3084:3124:INFO:wifi_controller_wpa_supplicant.cc(692)] Clear bssid from config for network id 0
04-09 10:23:38.605  3081  3081 I cast_shell: [3084:3102:INFO:net_util_impl.cc(582)] IP address: [PII](192.168.1.1) MAC address: [PII](C8:B3:73:44:AE:ED)
04-09 10:23:38.606  3081  3081 I cast_shell: [3084:3124:INFO:setup_manager_impl.cc(1725)] Report action: Wifi.FirstConfigured
04-09 10:23:39.037  3081  3081 I cast_shell: [3084:3124:INFO:ble_setup.cc(789)] Missing required info for sign.
04-09 10:23:39.081  3081  3081 I cast_shell: [3084:3124:INFO:ble_setup.cc(915)] Sign related info completed, no future EurekaInfo need sign.
04-09 10:23:39.085  3081  3081 I cast_shell: [system_updater_dummy.cpp(139)] CheckUpdate 139
04-09 10:23:39.085  3081  3081 I cast_shell: [system_updater_dummy.cpp(148)] CheckUpdate 148 return
04-09 10:23:39.465  3081  3081 I cast_shell: [3084:3134:INFO:mdns_app_filter.cc(1403)] MdnsAppFilter: Done probing.
04-09 10:23:39.649  3081  3081 I cast_shell: [3084:3124:INFO:metrics_recorder.cc(282)] Record action: Setup.state.BLE
04-09 10:23:39.995  3081  3081 I cast_shell: [3084:3121:INFO:snr_tracker.cc(50)] snr = 52
04-09 10:23:40.109  3081  3081 I cast_shell: [system_updater_dummy.cpp(139)] CheckUpdate 139
04-09 10:23:40.109  3081  3081 I cast_shell: [system_updater_dummy.cpp(148)] CheckUpdate 148 return
04-09 10:23:40.474  3081  3081 I cast_shell: [3084:3084:INFO:grpc_service_discovery_impl.cc(185)] Mdns discovered google RPC for [PII](748CE0D67B38F435A32B07F869260CA6).
04-09 10:23:40.537  3081  3081 I cast_shell: [3084:3084:INFO:ccs_transport_gcm.cc(244)] Registered GCM handler
04-09 10:23:40.537  3081  3081 I cast_shell: [3084:3084:INFO:ccs_manager_impl.cc(1322)] Waiting for all transports to be enabled
04-09 10:23:40.559  3081  3081 I cast_shell: [3084:3102:INFO:crl_downloader.cc(155)] CRL processed.
04-09 10:23:40.559  3081  3081 I cast_shell: [3084:3102:INFO:metrics_recorder.cc(282)] cast event: Cast.CRL.DownloadSuccess
04-09 10:23:40.559  3081  3081 I cast_shell: [3084:3102:INFO:client_auth_signer.cc(211)] Cast certificate verification: CastCertError::OK
04-09 10:23:40.560  3081  3081 I cast_shell: [3084:3102:INFO:metrics_recorder.cc(282)] cast event: Cast.Auth.OK
04-09 10:23:40.562  3081  3081 I cast_shell: [3084:3084:INFO:lycra_gcm.cc(212)] Registered GCM handler
04-09 10:23:40.685  3081  3081 I cast_shell: [3084:3124:INFO:metrics_recorder.cc(282)] Record action: Setup.state.BLE
04-09 10:23:40.963  3081  3081 I cast_shell: [3084:3092:INFO:heartbeat_manager.cc(272)] Set HBInterval default: 1680000
04-09 10:23:40.964  3081  3081 I cast_shell: [3084:3084:INFO:gcm_manager.cc(233)] GCM connection established.
04-09 10:23:41.133  3081  3081 I cast_shell: [system_updater_dummy.cpp(139)] CheckUpdate 139
04-09 10:23:41.133  3081  3081 I cast_shell: [system_updater_dummy.cpp(148)] CheckUpdate 148 return
04-09 10:23:41.467  3081  3081 I cast_shell: [3084:3135:INFO:metrics_recorder.cc(282)] Cast v2 action(socket_id=574f0213-c1ae-a91b-482b-590ff72f989a.2): CastV2.Connection.Connect.In
04-09 10:23:41.468  3081  3081 I cast_shell: [3084:3124:INFO:setup_namespace_handler.cc(94)] Added a peer for setup namespace: 574f0213-c1ae-a91b-482b-590ff72f989a.2:gms_cast_prober-1
04-09 10:23:41.469  3081  3081 I cast_shell: [3084:3084:INFO:application_config_manager_impl.cc(683)] No capability tags found for app ID CC1AD845: using default capability tags 0
04-09 10:23:41.469  3081  3081 I cast_shell: [3084:3084:INFO:application_config_manager_impl.cc(637)] Virtual device not enabled: [PII](574f0213-c1ae-a91b-482b-590ff72f989a)
04-09 10:23:41.469  3081  3081 I cast_shell: [3084:3084:WARNING:application_config_manager_impl.cc(424)] App is not supported: id=CC1AD845
04-09 10:23:41.469  3081  3081 I cast_shell: [3084:3124:INFO:setup_state.cc(544)] EurekaInfoCalled: wifi_state=10, is_usable_ip_address=1, connected=1, is_initial_setup=0
04-09 10:23:41.478  3081  3081 I cast_shell: [3084:3134:INFO:mdns_app_filter.cc(1526)] MdnsAppFilter: Done announcing.
04-09 10:23:41.492  3081  3081 I cast_shell: [3084:3084:INFO:mdns_util.cc(102)] Defaulting mDNS capabilities for audio-only build
04-09 10:23:41.492  3081  3081 I cast_shell: [3084:3084:INFO:mdns_util.cc(102)] Defaulting mDNS capabilities for audio-only build
04-09 10:23:41.547  3081  3081 I cast_shell: [3084:3135:INFO:v2_ssl_socket.cc(358)] Stop reading on pending closed socket
04-09 10:23:41.547  3081  3081 I cast_shell: [3084:3124:INFO:setup_namespace_handler.cc(104)] Removed a peer for setup namespace: 574f0213-c1ae-a91b-482b-590ff72f989a.2:gms_cast_prober-1
04-09 10:23:41.641  2964  2974 D wac-main: Netlink event
04-09 10:23:41.642  2964  2974 E wac-main: Netlink event 16 Interface Index 5 
04-09 10:23:41.642  2964  2974 E wac-main: Enter poll and wait
04-09 10:23:41.642  2711  2723 I yani_kernel: yani_geteventfrom_changeaddr() Message-Id '1' Netlink event '16' Interface Index '5' -> Name 'wlan0' 
04-09 10:23:41.650  2964  2974 D wac-main: Netlink event
04-09 10:23:41.650  2964  2974 E wac-main: Netlink event 16 Interface Index 5 
04-09 10:23:41.650  2964  2974 E wac-main: Enter poll and wait
04-09 10:23:41.658  2711  2723 I yani_server: NetLink Event '-1' Interface-Index '5' WLAN '-1' Ethernet '-1' Parsed-iFill '-1' -> 'INVALID' ifIndex '1' -> 'lo'
04-09 10:23:41.659  2965  3160 I LibreCastControlDelegate: OnCastStatus() +++ Bedroom speaker 2:0xacb98198:NOT_SETUP
04-09 10:23:41.659  2965  3160 I LibreCastControlDelegate: Device Build Number -> '1.52.272222'
04-09 10:23:41.659  2965  3160 I librecast: updateCastBuildVersion() Version 1.52.272222
04-09 10:23:41.659  2712  2712 I lucitransport: readRemoteMessage() MID char = 7 buffer = 1.52.272222
04-09 10:23:41.659  2965  3160 I LibreCastControlDelegate: Active Applications -> 0
04-09 10:23:41.659  2965  3160 I LibreCastControlDelegate: Current Cast State '2' -> 'NOT_SETUP'
04-09 10:23:41.660  2965  3160 I LibreCastControlDelegate: OnCastStatus() ---
04-09 10:23:41.660  2711  2723 I yani_server: NetLink Event '-1' Interface-Index '5' WLAN '0' Ethernet '-1' Parsed-iFill '-1' -> 'INVALID' ifIndex '1' -> 'lo'
04-09 10:23:41.665  2711  2723 I chatty  : uid=0(root) YaniServer identical 6 lines
04-09 10:23:41.665  2711  2723 I yani_server: NetLink Event '-1' Interface-Index '5' WLAN '0' Ethernet '-1' Parsed-iFill '-1' -> 'INVALID' ifIndex '1' -> 'lo'
04-09 10:23:41.665  2711  2723 I yani_kernel: yani_geteventfrom_changeaddr() Message-Id '1' Netlink event '16' Interface Index '5' -> Name 'wlan0' 
04-09 10:23:41.721  3081  3081 I cast_shell: [3084:3124:INFO:metrics_recorder.cc(282)] Record action: Setup.state.BLE
04-09 10:23:41.917  3081  3081 I cast_shell: [3084:3084:INFO:config_downloader.cc(700)] Received Protobuf config response
04-09 10:23:41.941  3081  3081 I cast_shell: [3084:3084:INFO:application_manager_impl.cc(2024)] max_background_apps changed to: 1
04-09 10:23:41.941  3081  3081 I cast_shell: [3084:3084:ERROR:modular_update_manager_impl.cc(382)] No modular updater app ID can be found in device config.
04-09 10:23:41.951  3081  3081 I cast_shell: [3084:3084:INFO:ccs_settings.cc(262)] CcsSettings using CCS url https://clients5.google.com/cast/cloudcast/
04-09 10:23:41.974  3081  3081 I cast_shell: [3084:3084:INFO:application_config_manager_impl.cc(528)] Setting default remote control app ID: 1374D8AA
04-09 10:23:41.974  3081  3081 I cast_shell: [3084:3084:INFO:application_identification_settings.cc(410)] new ApplicationIdentificationSettings session_id: eb501fc1-d1be-4ec2-a446-9d257f9e0294 app_id: 38579375 flags: 7 headers: 512
04-09 10:23:41.974  3081  3081 I cast_shell: [3084:3084:WARNING:ccs_manager_impl.cc(1566)] Device does not have a weave device id
04-09 10:23:41.974  3081  3081 I cast_shell: [3084:3084:INFO:mdns_util.cc(102)] Defaulting mDNS capabilities for audio-only build
04-09 10:23:41.974  3081  3081 I cast_shell: [3084:3084:INFO:mdns_util.cc(102)] Defaulting mDNS capabilities for audio-only build
04-09 10:23:41.974  3081  3081 I cast_shell: [3084:3084:INFO:ccs_transport_https.cc(1203)] No cloud settings for register request
04-09 10:23:41.981  3081  3081 I cast_shell: [3084:3084:INFO:ccs_manager_impl.cc(1496)] Registering device with CCS: message_id = 91a5d302-d25f-413a-ad38-15db60fe6c68
04-09 10:23:41.981  3081  3081 I cast_shell: [3084:3084:INFO:ccs_manager_impl.cc(1497)] [PII] device_id = 748CE0D67B38F435A32B07F869260CA6
04-09 10:23:41.981  3081  3081 I cast_shell: [3084:3084:INFO:application_identification_settings.cc(410)] new ApplicationIdentificationSettings session_id: 0c80596e-e82e-47f4-8bfc-be5ae9d13634 app_id: 38579375 flags: 7 headers: 512
04-09 10:23:41.981  3081  3081 I cast_shell: [3084:3084:INFO:robot_account_auth_manager.cc(470)] Successfully initialized JWT for 38579375
04-09 10:23:41.981  3081  3081 I cast_shell: [3084:3084:INFO:config_downloader.cc(900)] Clearing local config cache
04-09 10:23:41.982  3081  3081 I cast_shell: [3084:3084:INFO:metrics_recorder.cc(282)] Record action: Cast.DCS.DownloadSuccess
04-09 10:23:41.982  3081  3081 I cast_shell: [3084:3084:INFO:key_exchange_namespace_handler.cc(178)] Changing key_exchange_support capability
04-09 10:23:41.983  2965  3160 I LibreCastControlDelegate: OnCastStatus() +++ Bedroom speaker 2:0xacb98198:NOT_SETUP
04-09 10:23:41.983  2965  3160 I LibreCastControlDelegate: Device Build Number -> '1.52.272222'
04-09 10:23:41.983  2965  3160 I librecast: updateCastBuildVersion() Version 1.52.272222
04-09 10:23:41.984  2712  2712 I lucitransport: readRemoteMessage() MID char = 7 buffer = 1.52.272222
04-09 10:23:41.984  2965  3160 I LibreCastControlDelegate: Active Applications -> 0
04-09 10:23:41.984  2965  3160 I LibreCastControlDelegate: Current Cast State '2' -> 'NOT_SETUP'
04-09 10:23:41.984  2965  3160 I LibreCastControlDelegate: OnCastStatus() ---
04-09 10:23:41.987  3081  3081 I cast_shell: [3084:3084:INFO:mdns_util.cc(102)] Defaulting mDNS capabilities for audio-only build
04-09 10:23:41.987  3081  3081 I cast_shell: [3084:3084:INFO:chromecast_service.cc(2229)] AoGH feature is: 0
04-09 10:23:41.987  3081  3081 I cast_shell: [3084:3084:INFO:chromecast_service.cc(2189)] Geolocation changed to: 0
04-09 10:23:41.987  3081  3081 I cast_shell: [3084:3084:INFO:lycra_transport.cc(301)] Feature flag changed: false
04-09 10:23:41.987  3081  3081 I cast_shell: [3084:3134:INFO:mdns_util.cc(102)] Defaulting mDNS capabilities for audio-only build
04-09 10:23:41.987  3081  3081 I cast_shell: [3084:3084:INFO:chromecast_service.cc(2248)] Playback disruption feature is: 1
04-09 10:23:41.987  3081  3081 I cast_shell: [3084:3084:INFO:playback_disruption_service.cc(328)] Playback disruption service enabled and running
04-09 10:23:41.987  3081  3081 I cast_shell: [3084:3084:INFO:ccs_manager_impl.cc(864)] Re-registering single CCS device
04-09 10:23:41.987  3081  3081 I cast_shell: [3084:3084:WARNING:ccs_manager_impl.cc(1566)] Device does not have a weave device id
04-09 10:23:41.987  3081  3081 I cast_shell: [3084:3084:INFO:mdns_util.cc(102)] Defaulting mDNS capabilities for audio-only build
04-09 10:23:41.987  3081  3081 I cast_shell: [3084:3084:INFO:mdns_util.cc(102)] Defaulting mDNS capabilities for audio-only build
04-09 10:23:42.015  3081  3081 I cast_shell: [3084:3084:INFO:metrics_recorder.cc(282)] cast event: Cloud.Transport.Https.Register.Out
04-09 10:23:42.022  3081  3081 I cast_shell: [3084:3084:INFO:application_identification_settings.cc(1331)] CreateJwt completed; running all done signing callbacks.
04-09 10:23:42.022  3081  3081 I cast_shell: [3084:3084:INFO:robot_account_auth_manager.cc(496)] JWT expiry in 3599 seconds
04-09 10:23:42.022  3081  3081 I cast_shell: [3084:3084:INFO:robot_account_auth_manager.cc(384)] Sending oauth request for client_id: 0
04-09 10:23:42.022  3081  3081 I cast_shell: [3084:3084:INFO:metrics_recorder.cc(282)] cast event: Cast.Assistant.Auth.FetchToken
04-09 10:23:42.022  3081  3081 I cast_shell: [3084:3084:INFO:metrics_recorder.cc(282)] cast event: Cloud.Transport.Https.Register.Out
04-09 10:23:42.022  3081  3081 I cast_shell: [3084:3426:INFO:chromium_http_connection.cc(436)] Creating a new chromium http url loader factory
04-09 10:23:42.157  3081  3081 I cast_shell: [system_updater_dummy.cpp(139)] CheckUpdate 139
04-09 10:23:42.157  3081  3081 I cast_shell: [system_updater_dummy.cpp(148)] CheckUpdate 148 return
04-09 10:23:42.711  3081  3081 I cast_shell: [3084:3084:INFO:robot_account_auth_manager.cc(525)] Got CAS response: 200
04-09 10:23:42.711  3081  3081 I cast_shell: [3084:3084:INFO:metrics_recorder.cc(282)] cast event: Cast.Assistant.AuthError.NOT_LINKED
04-09 10:23:42.711  3081  3081 I cast_shell: [3084:3084:INFO:robot_account_auth_manager.cc(776)] Current error: TOKEN_NOT_FETCHED, new error: NOT_LINKED
04-09 10:23:42.711  3081  3081 I cast_shell: [3084:3084:INFO:user_auth_impl.cc(207)] Notified all the observers of new auth tokens.
04-09 10:23:42.754  3081  3081 I cast_shell: [3084:3124:INFO:metrics_recorder.cc(282)] Record action: Setup.state.BLE
04-09 10:23:43.181  3081  3081 I cast_shell: [system_updater_dummy.cpp(139)] CheckUpdate 139
04-09 10:23:43.181  3081  3081 I cast_shell: [system_updater_dummy.cpp(148)] CheckUpdate 148 return
04-09 10:23:43.576  2971  2988 I otamanager: OTA:curl response code : 0	
04-09 10:23:43.576  2971  2988 I otamanager: http status code : 200
04-09 10:23:43.576  2971  2988 I otamanager: OTA: contentLen :187.000000
04-09 10:23:43.584  2971  2988 I otamanager: OTA: bytesDownloaded = 187 m_iHttpStatusCode = 200 
04-09 10:23:43.589  2691  2691 I sh      : {
04-09 10:23:43.589  2971  2988 E otamanager: OTA:error string =  No update available
04-09 10:23:43.589  2691  2691 I sh      : 	"castVersion" : null,
04-09 10:23:43.589  2691  2691 I sh      : 	"crc" : null,
04-09 10:23:43.589  2691  2691 I sh      : 	"errorCode" : 1001,
04-09 10:23:43.589  2691  2691 I sh      : 	"errorString" : "No update available",
04-09 10:23:43.589  2691  2691 I sh      : 	"forceUpgrade" : true,
04-09 10:23:43.589  2691  2691 I sh      : 	"mcuOnlyUpdate" : false,
04-09 10:23:43.589  2712  2712 I lucitransport: writeRemoteMessage() MID = 223 buffer = NO_UPDATE
04-09 10:23:43.589  2712  2712 I luciUART: write() MID = 223  bytes = 19 data = NO_UPDATE m_fd = 0x5
04-09 10:23:43.590  2971  2988 I otamanager: Firmware Update State Change from CheckUpdate to Idle
04-09 10:23:43.590  3084  3091 E         : OOBE CheckUpdate
04-09 10:23:43.596  2971  2988 I otamanager: cast_updater_threadEntry() Response 'CheckUpdate' Current Firmware Update state 'Idle'
04-09 10:23:43.596  2971  2988 I otamanager: checkUpdate_l
04-09 10:23:43.596  2971  2988 I otamanager: Firmware Update State Change from Idle to CheckUpdate
04-09 10:23:43.596  3081  3081 I cast_shell: [system_updater_dummy.cpp(132)] CheckUpdate 132 no new version
04-09 10:23:43.596  3081  3081 I cast_shell: [3084:3091:INFO:update_engine_client_with_system_updater.cc(226)] No system force update, error_code=0
04-09 10:23:43.596  3081  3081 I cast_shell: [3084:3091:INFO:update_engine_client_with_system_updater.cc(167)] Checking system force update.
04-09 10:23:43.596  3081  3081 I cast_shell: [system_updater_dummy.cpp(109)] CheckUpdate
04-09 10:23:43.596  2712  2712 I lucitransport: readRemoteMessage() MID char = 232 buffer = TRUE
04-09 10:23:43.597  2971  2988 E otamanager: lo not valid Interface for MAC ID
04-09 10:23:43.602  2712  2712 I lucitransport: readRemoteMessage() MID char = 6 buffer = 1001
04-09 10:23:43.602  2712  2712 I lucitransport: readRemoteMessage() MID char = 7 buffer = 1.52.272222
04-09 10:23:43.602  2971  2988 I otamanager: OTA: DownloadHttpContent :payload =  {"device":{"brand":"COTODAMA","castVersion":"1.52.272222","deviceId":"cc909321f384","deviceType":"LS10_C4A","fwVersion":"1203","googleCast":true,"mcuVersion":"1001","model":"LSB"}}
04-09 10:23:43.602  2971  2988 I otamanager:  
04-09 10:23:43.602  2971  2988 I otamanager: OTA:------curlDownloadFirmwareXml---
04-09 10:23:43.603  2971  2988 I otamanager: OTA:isValidIpAddress: result 0
04-09 10:23:43.722  3081  3081 I cast_shell: [3084:3135:INFO:metrics_recorder.cc(282)] Cast v2 action(socket_id=574f0213-c1ae-a91b-482b-590ff72f989a.3): CastV2.Connection.Connect.In
04-09 10:23:43.723  3081  3081 I cast_shell: [3084:3084:INFO:application_config_manager_impl.cc(637)] Virtual device not enabled: [PII](574f0213-c1ae-a91b-482b-590ff72f989a)
04-09 10:23:43.723  3081  3081 I cast_shell: [3084:3084:WARNING:application_config_manager_impl.cc(424)] App is not supported: id=CC1AD845
04-09 10:23:43.723  3081  3081 I cast_shell: [3084:3124:INFO:setup_namespace_handler.cc(94)] Added a peer for setup namespace: 574f0213-c1ae-a91b-482b-590ff72f989a.3:gms_cast_prober-1
04-09 10:23:43.725  3081  3081 I cast_shell: [3084:3124:INFO:setup_state.cc(544)] EurekaInfoCalled: wifi_state=10, is_usable_ip_address=1, connected=1, is_initial_setup=0
04-09 10:23:43.735  3081  3081 I cast_shell: [3084:3084:INFO:mdns_util.cc(102)] Defaulting mDNS capabilities for audio-only build
04-09 10:23:43.735  3081  3081 I cast_shell: [3084:3084:INFO:mdns_util.cc(102)] Defaulting mDNS capabilities for audio-only build
04-09 10:23:43.787  2971  2988 I otamanager: OTA:ResolveDNSName IP = 107.20.122.40
04-09 10:23:43.787  2971  2988 I otamanager: OTA:hostIp string: https://107.20.122.40/v1
04-09 10:23:43.787  2971  2988 I otamanager: OTA: trying after 2 sec 
04-09 10:23:43.790  3081  3081 I cast_shell: [3084:3124:INFO:metrics_recorder.cc(282)] Record action: Setup.state.BLE
04-09 10:23:43.899  3081  3081 I cast_shell: [3084:3124:INFO:setup_namespace_handler.cc(104)] Removed a peer for setup namespace: 574f0213-c1ae-a91b-482b-590ff72f989a.3:gms_cast_prober-1
04-09 10:23:43.900  3081  3081 I cast_shell: [3084:3135:INFO:v2_ssl_socket.cc(358)] Stop reading on pending closed socket
04-09 10:23:43.995  3081  3081 I cast_shell: [3084:3134:INFO:mdns_app_filter.cc(1526)] MdnsAppFilter: Done announcing.
04-09 10:23:44.621  3081  3081 I cast_shell: [system_updater_dummy.cpp(139)] CheckUpdate 139
04-09 10:23:44.621  3081  3081 I cast_shell: [system_updater_dummy.cpp(148)] CheckUpdate 148 return
04-09 10:23:44.824  3081  3081 I cast_shell: [3084:3124:INFO:metrics_recorder.cc(282)] Record action: Setup.state.BLE
04-09 10:23:45.356  2971  2988 I otamanager: OTA:curl response code : 0	
04-09 10:23:45.356  2971  2988 I otamanager: http status code : 200
04-09 10:23:45.356  2971  2988 I otamanager: OTA: contentLen :187.000000
04-09 10:23:45.365  2971  2988 I otamanager: OTA: bytesDownloaded = 187 m_iHttpStatusCode = 200 
04-09 10:23:45.366  2691  2691 I sh      : }{
04-09 10:23:45.366  2971  2988 E otamanager: OTA:error string =  No update available
04-09 10:23:45.366  2691  2691 I sh      : 	"castVersion" : null,
04-09 10:23:45.366  2691  2691 I sh      : 	"crc" : null,
04-09 10:23:45.366  2691  2691 I sh      : 	"errorCode" : 1001,
04-09 10:23:45.366  2691  2691 I sh      : 	"errorString" : "No update available",
04-09 10:23:45.366  2691  2691 I sh      : 	"forceUpgrade" : true,
04-09 10:23:45.366  2691  2691 I sh      : 	"mcuOnlyUpdate" : false,
04-09 10:23:45.366  2691  2691 I sh      : 	"otapackage" : null,
04-09 10:23:45.366  2691  2691 I sh      : 	"url" : null,
04-09 10:23:45.367  2971  2988 I otamanager: Firmware Update State Change from CheckUpdate to Idle
04-09 10:23:45.367  3081  3081 I cast_shell: [system_updater_dummy.cpp(132)] CheckUpdate 132 no new version
04-09 10:23:45.367  3081  3081 I cast_shell: [3084:3091:INFO:update_engine_client_with_system_updater.cc(226)] No system force update, error_code=0
04-09 10:23:45.372  3081  3081 I cast_shell: [3084:3124:INFO:setup_state.cc(261)] Setup state changed: SETUP_STATE_CONNECTED_WIFI_NOT_SAVED (61) -> SETUP_STATE_CONNECTED (60)
04-09 10:23:45.372  3081  3081 I cast_shell: [3084:3124:INFO:setup_manager_impl.cc(1019)] Setup discoverability is disabled
04-09 10:23:45.372  3081  3081 I cast_shell: [3084:3124:INFO:ble_setup_manager.cc(758)] Clearing setup read attributes
04-09 10:23:45.372  3081  3081 I cast_shell: [3084:3124:INFO:gatt_client_manager_impl.cc(202)] Enabling GATT client connectability
04-09 10:23:45.372  3081  3081 I cast_shell: [3084:3124:INFO:ble_setup_manager.cc(620)] Stopped Bluetooth service
04-09 10:23:45.372  3081  3081 I cast_shell: [3084:3124:INFO:ble_setup.cc(423)] BLE setup stopped.
04-09 10:23:45.372  3081  3081 I cast_shell: [3084:3091:INFO:hotspot_manager.cc(211)] Stop: id=1
04-09 10:23:45.372  2732  2745 I HotspotManager: hotspot stop
04-09 10:23:45.382  3081  3081 I cast_shell: [3084:3084:INFO:ble_discovery_controller.cc(121)] Starting BLE discovery
04-09 10:23:45.382  3081  3081 I cast_shell: [3084:3124:INFO:gatt_client_manager_impl.cc(202)] Enabling GATT client connectability
04-09 10:23:45.382  3081  3081 I cast_shell: [3084:3084:INFO:cast_receiver_impl.cc(1100)] Leaving discovery-only mode
04-09 10:23:45.382  3081  3081 I cast_shell: [3084:3124:INFO:gatt_client_manager_impl.cc(202)] Enabling GATT client connectability
04-09 10:23:45.382  3081  3081 I cast_shell: [3084:3084:INFO:application_config_manager_impl.cc(566)] Enabling virtual device 574f0213-c1ae-a91b-482b-590ff72f989a
04-09 10:23:45.382  3081  3081 I cast_shell: [3084:3124:INFO:gatt_client_manager_impl.cc(202)] Enabling GATT client connectability
04-09 10:23:45.382  3081  3081 I cast_shell: [3084:3124:INFO:ble_setup_manager.cc(744)] Started Bluetooth service
04-09 10:23:45.382  3081  3081 I cast_shell: [3084:3134:INFO:mdns_cast_service.cc(351)] Device discovery state is idle
04-09 10:23:45.382  3081  3081 I cast_shell: [3084:3134:INFO:mdns_util.cc(102)] Defaulting mDNS capabilities for audio-only build
04-09 10:23:45.383  3081  3081 I cast_shell: [3084:3124:INFO:gatt_client_manager_impl.cc(202)] Enabling GATT client connectability
04-09 10:23:45.384  2965  3160 I LibreCastControlDelegate: OnCastStatus() +++ Bedroom speaker 2:0xacb98198:READY_TO_CAST
04-09 10:23:45.385  2965  3160 I LibreCastControlDelegate: Cast Device Name -> 'Bedroom speaker 2'
04-09 10:23:45.385  2965  3160 I librecast: OldFriendlyName '' & New name change By Cast 'Bedroom speaker 2' isfirstbootup 56 m_updatedonebyluci 95
04-09 10:23:45.385  2965  3160 I librecast:  Difference in FriendlyName notify all  
04-09 10:23:45.385  2965  3160 I LibreCastControl: LibreCastControl_SetCastName()  name 'Bedroom speaker 2' RequestId '6' pCastControl 0xf4700728
04-09 10:23:45.385  2712  2712 I lucitransport: writeRemoteMessage() MID = 90 buffer = Bedroom speaker 2
04-09 10:23:45.385  2712  2712 I luciUART: write() MID = 90  bytes = 27 data = Bedroom speaker 2 m_fd = 0x5
04-09 10:23:45.386  2712  2712 I lucitransport: writeLocalMessage() MID = 90 buffer = Bedroom speaker 2
04-09 10:23:45.386  2712  2721 E LUCI_SERVER: Luci Server Thread wait over MID 90....
04-09 10:23:45.388  2965  3160 I LibreCastControlDelegate: Device Build Number -> '1.52.272222'
04-09 10:23:45.389  2965  3160 I librecast: updateCastBuildVersion() Version 1.52.272222
04-09 10:23:45.389  2712  2712 I lucitransport: readRemoteMessage() MID char = 7 buffer = 1.52.272222
04-09 10:23:45.389  2965  3160 I LibreCastControlDelegate: Active Applications -> 0
04-09 10:23:45.389  2965  3160 I LibreCastControlDelegate: Current Cast State '6' -> 'READY_TO_CAST'
04-09 10:23:45.389  2965  3160 I LibreCastControlDelegate: OnCastStatus() ---
04-09 10:23:45.391  2733  2763 I bluetoothtbd: [0408/215345.391662:INFO:adapter.cc(551)] Adapter properties changed
04-09 10:23:45.391  2733  2763 I bluetoothtbd: [0408/215345.391847:INFO:adapter.cc(573)] Adapter name changed
04-09 10:23:45.392  3081  3081 I cast_shell: [3084:3124:INFO:bluetooth_manager.cc(1232)] [PII] Set device name to 'Bedroom speaker 2'
04-09 10:23:45.392  2965  3160 I LibreCastControlDelegate: OnResponse() ReqeustID 6, error  0
04-09 10:23:45.396  3081  3081 I cast_shell: [3084:3084:INFO:device_info_impl.cc(1133)] SSDP Config ID is increased: id=6
04-09 10:23:45.396  3081  3081 I cast_shell: [3084:3134:INFO:mdns_util.cc(102)] Defaulting mDNS capabilities for audio-only build
04-09 10:23:45.397  3081  3081 I cast_shell: [3084:3084:INFO:ccs_manager_impl.cc(1842)] Postponing device name update while registering
04-09 10:23:45.398  2965  3160 I LibreCastControlDelegate: OnCastStatus() +++ Bedroom speaker 2:0xacb98198:READY_TO_CAST
04-09 10:23:45.399  3081  3081 I cast_shell: [3084:3084:INFO:mdns_manager_impl.cc(429)] Successfully updated service: type=_googlecast
04-09 10:23:45.399  3081  3081 I cast_shell: [3084:3084:INFO:virtual_device.cc(296)] Updated mDNS service for virtual device: id=574f0213-c1ae-a91b-482b-590ff72f989a
04-09 10:23:45.400  2965  3160 I LibreCastControlDelegate: Cast Device Name -> 'Bedroom speaker 2'
04-09 10:23:45.400  2965  3160 I librecast: OldFriendlyName '' & New name change By Cast 'Bedroom speaker 2' isfirstbootup 56 m_updatedonebyluci 95
04-09 10:23:45.400  2965  3160 I librecast:  Difference in FriendlyName notify all  
04-09 10:23:45.400  2965  3160 I LibreCastControl: LibreCastControl_SetCastName()  name 'Bedroom speaker 2' RequestId '7' pCastControl 0xf4700728
04-09 10:23:45.400  2712  2719 I lucitransport: writeRemoteMessage() MID = 90 buffer = Bedroom speaker 2
04-09 10:23:45.400  2712  2719 I luciUART: write() MID = 90  bytes = 27 data = Bedroom speaker 2 m_fd = 0x5
04-09 10:23:45.401  2712  2719 I lucitransport: writeLocalMessage() MID = 90 buffer = Bedroom speaker 2
04-09 10:23:45.401  2965  3160 I LibreCastControlDelegate: Device Build Number -> '1.52.272222'
04-09 10:23:45.401  2965  3160 I librecast: updateCastBuildVersion() Version 1.52.272222
04-09 10:23:45.401  2712  2719 I lucitransport: readRemoteMessage() MID char = 7 buffer = 1.52.272222
04-09 10:23:45.401  2965  3160 I LibreCastControlDelegate: Active Applications -> 0
04-09 10:23:45.405  2733  2763 I bluetoothtbd: [0408/215345.405441:INFO:adapter.cc(551)] Adapter properties changed
04-09 10:23:45.405  2733  2763 I bluetoothtbd: [0408/215345.405647:INFO:adapter.cc(573)] Adapter name changed
04-09 10:23:45.406  3081  3081 I cast_shell: [3084:3124:INFO:bluetooth_manager.cc(1232)] [PII] Set device name to 'Bedroom speaker 2'
04-09 10:23:45.411  3081  3081 I cast_shell: [3084:3084:INFO:device_info_impl.cc(1133)] SSDP Config ID is increased: id=7
04-09 10:23:45.412  2965  3160 I LibreCastControlDelegate: OnCastStatus() +++ Bedroom speaker 2:0xacb98198:READY_TO_CAST
04-09 10:23:45.413  3081  3081 I cast_shell: [3084:3084:INFO:ccs_manager_impl.cc(1842)] Postponing device name update while registering
04-09 10:23:45.414  3081  3081 I cast_shell: [3084:3134:INFO:mdns_util.cc(102)] Defaulting mDNS capabilities for audio-only build
04-09 10:23:45.414  3081  3081 I cast_shell: [3084:3084:INFO:mdns_manager_impl.cc(429)] Successfully updated service: type=_googlecast
04-09 10:23:45.414  3081  3081 I cast_shell: [3084:3084:INFO:virtual_device.cc(296)] Updated mDNS service for virtual device: id=574f0213-c1ae-a91b-482b-590ff72f989a
04-09 10:23:45.415  2965  3160 I LibreCastControlDelegate: Cast Device Name -> 'Bedroom speaker 2'
04-09 10:23:45.415  2965  3160 I librecast: OldFriendlyName '' & New name change By Cast 'Bedroom speaker 2' isfirstbootup 56 m_updatedonebyluci 95
04-09 10:23:45.415  2965  3160 I librecast:  Difference in FriendlyName notify all  
04-09 10:23:45.415  2965  3160 I LibreCastControl: LibreCastControl_SetCastName()  name 'Bedroom speaker 2' RequestId '8' pCastControl 0xf4700728
04-09 10:23:45.415  2712  2719 I lucitransport: writeRemoteMessage() MID = 90 buffer = Bedroom speaker 2
04-09 10:23:45.415  2712  2719 I luciUART: write() MID = 90  bytes = 27 data = Bedroom speaker 2 m_fd = 0x5
04-09 10:23:45.415  2712  2719 I lucitransport: writeLocalMessage() MID = 90 buffer = Bedroom speaker 2
04-09 10:23:45.416  2965  3160 I LibreCastControlDelegate: Device Build Number -> '1.52.272222'
04-09 10:23:45.416  2965  3160 I librecast: updateCastBuildVersion() Version 1.52.272222
04-09 10:23:45.416  2712  2719 I lucitransport: readRemoteMessage() MID char = 7 buffer = 1.52.272222
04-09 10:23:45.416  2965  3160 I LibreCastControlDelegate: Active Applications -> 0
04-09 10:23:45.419  2965  3160 I LibreCastControlDelegate: OnResponse() ReqeustID 8, error  0
04-09 10:23:45.420  2733  2763 I bluetoothtbd: [0408/215345.420513:INFO:adapter.cc(551)] Adapter properties changed
04-09 10:23:45.420  2733  2763 I bluetoothtbd: [0408/215345.420659:INFO:adapter.cc(573)] Adapter name changed
04-09 10:23:45.421  3081  3081 I cast_shell: [3084:3124:INFO:bluetooth_manager.cc(1232)] [PII] Set device name to 'Bedroom speaker 2'
04-09 10:23:45.422  2691  2691 I sh      : MessageBoxAlert() MID 90 
04-09 10:23:45.422  2691  2691 I sh      : MessageBoxChanged() MID '90'
04-09 10:23:45.422  2967  2967 I airplayluci: MessageBoxAlert: MID 90
04-09 10:23:45.422  2967  3460 I airplay_v2_0_6: 2022-04-09 10:23:45.422677 [AirPlay] Deregistered Bonjour _airplay._tcp. for restart
04-09 10:23:45.423  2967  3460 I airplay_v2_0_6: 2022-04-09 10:23:45.423005 [AirPlay] Deregistered Bonjour _raop._tcp. for restart
04-09 10:23:45.424  2965  3010 I librecast: MessageBoxAlert() Msg = 90 remoteID = 16 
04-09 10:23:45.424  2712  2721 I lucitransport: readRemoteMessage() MID char = 90 buffer = Bedroom speaker 2
04-09 10:23:45.425  2965  3010 I LibreCastControl: LibreCastControl_SetCastName()  name 'Bedroom speaker 2' RequestId '9' pCastControl 0xf4700728
04-09 10:23:45.426  2965  3010 E librecast: MessageBoxAlert() friendlyname Bedroom speaker 2
04-09 10:23:45.426  2965  3010 I LibreCastControl: MessageBoxAlert() messageBoxID 90
04-09 10:23:45.427  2965  3160 I LibreCastControlDelegate: OnResponse() ReqeustID 9, error  0
04-09 10:23:45.428  2968  2985 E Spotify-Player: Change Spotify Device name
04-09 10:23:45.428  2712  2721 E LUCI_SERVER: Luci Server Thread wait over MID 90....
04-09 10:23:45.432  3081  3081 I cast_shell: [3084:3084:INFO:device_info_impl.cc(1133)] SSDP Config ID is increased: id=8
04-09 10:23:45.433  2965  3160 I LibreCastControlDelegate: OnCastStatus() +++ Bedroom speaker 2:0xacb98198:READY_TO_CAST
04-09 10:23:45.435  2733  2763 I bluetoothtbd: [0408/215345.435927:INFO:adapter.cc(551)] Adapter properties changed
04-09 10:23:45.436  2733  2763 I bluetoothtbd: [0408/215345.436076:INFO:adapter.cc(573)] Adapter name changed
04-09 10:23:45.436  3081  3081 I cast_shell: [3084:3124:INFO:bluetooth_manager.cc(1232)] [PII] Set device name to 'Bedroom speaker 2'
04-09 10:23:45.436  2965  3160 I LibreCastControlDelegate: Cast Device Name -> 'Bedroom speaker 2'
04-09 10:23:45.436  2965  3160 I librecast: OldFriendlyName 'Bedroom speaker 2' & New name change By Cast 'Bedroom speaker 2' isfirstbootup 56 m_updatedonebyluci 0
04-09 10:23:45.436  2965  3160 I LibreCastControlDelegate: Device Build Number -> '1.52.272222'
04-09 10:23:45.436  2965  3160 I librecast: updateCastBuildVersion() Version 1.52.272222
04-09 10:23:45.436  2712  2712 I lucitransport: readRemoteMessage() MID char = 7 buffer = 1.52.272222
04-09 10:23:45.436  2965  3160 I LibreCastControlDelegate: Active Applications -> 0
04-09 10:23:45.436  2965  3160 I LibreCastControlDelegate: Current Cast State '6' -> 'READY_TO_CAST'
04-09 10:23:45.437  2965  3160 I LibreCastControlDelegate: OnCastStatus() ---
04-09 10:23:45.440  2968  2986 I SPOTIFY : ConnectionNotify event(0-Login, 1-Logout, rest Error) = 6 
04-09 10:23:45.440  2968  2986 E SPOTIFY : Device Name change new name = Bedroom speaker 2
04-09 10:23:45.440  2968  2986 E SPOTIFY : err = 0 
04-09 10:23:45.441  3081  3081 I cast_shell: [3084:3084:INFO:device_info_impl.cc(1133)] SSDP Config ID is increased: id=9
04-09 10:23:45.443  2965  3160 I LibreCastControlDelegate: OnCastStatus() +++ Bedroom speaker 2:0xacb98198:READY_TO_CAST
04-09 10:23:45.443  3081  3081 I cast_shell: [3084:3134:INFO:mdns_util.cc(102)] Defaulting mDNS capabilities for audio-only build
04-09 10:23:45.444  2965  3160 I LibreCastControlDelegate: Cast Device Name -> 'Bedroom speaker 2'
04-09 10:23:45.444  2965  3160 I librecast: OldFriendlyName 'Bedroom speaker 2' & New name change By Cast 'Bedroom speaker 2' isfirstbootup 56 m_updatedonebyluci 0
04-09 10:23:45.444  2965  3160 I LibreCastControlDelegate: Device Build Number -> '1.52.272222'
04-09 10:23:45.444  2965  3160 I librecast: updateCastBuildVersion() Version 1.52.272222
04-09 10:23:45.444  3081  3081 I cast_shell: [3084:3084:INFO:ccs_manager_impl.cc(1842)] Postponing device name update while registering
04-09 10:23:45.444  2712  2712 I lucitransport: readRemoteMessage() MID char = 7 buffer = 1.52.272222
04-09 10:23:45.444  2965  3160 I LibreCastControlDelegate: Active Applications -> 0
04-09 10:23:45.444  2965  3160 I LibreCastControlDelegate: Current Cast State '6' -> 'READY_TO_CAST'
04-09 10:23:45.444  2965  3160 I LibreCastControlDelegate: OnCastStatus() ---
04-09 10:23:45.460  2691  2691 I sh      : MessageBoxAlert() MID 90 
04-09 10:23:45.460  2691  2691 I sh      : MessageBoxChanged() MID '90'
04-09 10:23:45.461  2967  2967 I airplayluci: MessageBoxAlert: MID 90
04-09 10:23:45.461  2965  3010 I librecast: MessageBoxAlert() Msg = 90 remoteID = 16 
04-09 10:23:45.461  2712  2721 I lucitransport: readRemoteMessage() MID char = 90 buffer = Bedroom speaker 2
04-09 10:23:45.462  2965  3010 I LibreCastControl: LibreCastControl_SetCastName()  name 'Bedroom speaker 2' RequestId '10' pCastControl 0xf4700728
04-09 10:23:45.462  2965  3010 E librecast: MessageBoxAlert() friendlyname Bedroom speaker 2
04-09 10:23:45.462  2965  3010 I LibreCastControl: MessageBoxAlert() messageBoxID 90
04-09 10:23:45.463  2968  2985 E Spotify-Player: Change Spotify Device name
04-09 10:23:45.464  2712  2721 E LUCI_SERVER: Luci Server Thread wait over MID 90....
04-09 10:23:45.464  2733  2763 I bluetoothtbd: [0408/215345.464787:INFO:adapter.cc(551)] Adapter properties changed
04-09 10:23:45.464  2733  2763 I bluetoothtbd: [0408/215345.464928:INFO:adapter.cc(573)] Adapter name changed
04-09 10:23:45.465  2965  3160 I LibreCastControlDelegate: OnResponse() ReqeustID 10, error  0
04-09 10:23:45.468  3081  3081 I cast_shell: [3084:3124:INFO:bluetooth_manager.cc(1232)] [PII] Set device name to 'Bedroom speaker 2'
04-09 10:23:45.468  3081  3081 I cast_shell: [3084:3084:INFO:device_info_impl.cc(1133)] SSDP Config ID is increased: id=10
04-09 10:23:45.468  3081  3081 I cast_shell: [3084:3134:INFO:mdns_util.cc(102)] Defaulting mDNS capabilities for audio-only build
04-09 10:23:45.469  3081  3081 I cast_shell: [3084:3084:INFO:ccs_manager_impl.cc(1842)] Postponing device name update while registering
04-09 10:23:45.469  3081  3081 I cast_shell: [3084:3084:INFO:mdns_manager_impl.cc(429)] Successfully updated service: type=_googlecast
04-09 10:23:45.470  3081  3081 I cast_shell: [3084:3084:INFO:virtual_device.cc(296)] Updated mDNS service for virtual device: id=574f0213-c1ae-a91b-482b-590ff72f989a
04-09 10:23:45.470  2965  3160 I LibreCastControlDelegate: OnCastStatus() +++ Bedroom speaker 2:0xacb98198:READY_TO_CAST
04-09 10:23:45.472  2965  3160 I LibreCastControlDelegate: Cast Device Name -> 'Bedroom speaker 2'
04-09 10:23:45.472  2965  3160 I librecast: OldFriendlyName 'Bedroom speaker 2' & New name change By Cast 'Bedroom speaker 2' isfirstbootup 56 m_updatedonebyluci 0
04-09 10:23:45.472  2965  3160 I LibreCastControlDelegate: Device Build Number -> '1.52.272222'
04-09 10:23:45.472  2965  3160 I librecast: updateCastBuildVersion() Version 1.52.272222
04-09 10:23:45.473  2712  2712 I lucitransport: readRemoteMessage() MID char = 7 buffer = 1.52.272222
04-09 10:23:45.473  2965  3160 I LibreCastControlDelegate: Active Applications -> 0
04-09 10:23:45.473  2965  3160 I LibreCastControlDelegate: Current Cast State '6' -> 'READY_TO_CAST'
04-09 10:23:45.473  2965  3160 I LibreCastControlDelegate: OnCastStatus() ---
04-09 10:23:45.475  2964  2974 D wac-main: Netlink event
04-09 10:23:45.476  2964  2974 E wac-main: Netlink event 21 Interface Index 6 
04-09 10:23:45.476  2964  2974 E wac-main: Enter poll and wait
04-09 10:23:45.478  2968  2986 E SPOTIFY : Device Name change new name = Bedroom speaker 2
04-09 10:23:45.478  2968  2986 E SPOTIFY : err = 0 
04-09 10:23:45.479  2786  2786 I dnsmasq : reading /etc/resolv.conf
04-09 10:23:45.479  2786  2786 I dnsmasq : using nameserver 8.8.4.4#53
04-09 10:23:45.479  2786  2786 I dnsmasq : using nameserver 192.168.1.1#53
04-09 10:23:45.479  2786  2786 I dnsmasq : using nameserver 192.168.50.1#53
04-09 10:23:45.479  2786  2786 I dnsmasq : using nameserver 8.8.8.8#53
04-09 10:23:45.482  2732  2745 I HotspotManager: stop hostapd
04-09 10:23:45.485  2711  2723 I yani_server: NetLink Event '5' Interface-Index '6' WLAN '-1' Ethernet '-1' Parsed-iFill '5' -> 'P2P0 DISCONNECTED' ifIndex '2' -> 'tunl0'
04-09 10:23:45.489  2711  2723 E yani_server: YANI: I am Done Wait For Event 
04-09 10:23:45.489  2711  2813 I yani_server: onNetworkParametersChanged() WAC Mode '0'  Index '2' Interface 'p2p0' Status '0'
04-09 10:23:45.489  2728  2741 I MB_HANDLER: YaniAlert() Interface '3' Status '0'
04-09 10:23:45.490  2712  2712 I lucitransport: writeRemoteMessage() MID = 124 buffer = 1#1,1#2,0#3,0#4,0
04-09 10:23:45.490  2712  2712 I luciUART: write() MID = 124  bytes = 27 data = 1#1,1#2,0#3,0#4,0 m_fd = 0x5
04-09 10:23:45.490  2729  2729 E AirableUIHelper: AirableUIHelper::YaniAlert  3 0 
04-09 10:23:45.490  2971  2981 I otamanager: YaniAlert() Interface 3 Status Down
04-09 10:23:45.491  2967  2967 I airplay-main: YaniAlert Interface 3 Status 0
04-09 10:23:45.498  2712  2720 E luciUART: UART:aa
04-09 10:23:45.498  2712  2720 E luciUART: UART:aa
04-09 10:23:45.498  2712  2720 E luciUART: UART:2
04-09 10:23:45.498  2712  2720 E luciUART: UART:0
04-09 10:23:45.498  2712  2720 E luciUART: UART:d0
04-09 10:23:45.498  2712  2720 E luciUART: UART:0
04-09 10:23:45.498  2712  2720 I chatty  : uid=0(root) UARTLUCIControl identical 2 lines
04-09 10:23:45.498  2712  2720 E luciUART: UART:0
04-09 10:23:45.498  2712  2720 E luciUART: UART:9
04-09 10:23:45.498  2712  2720 I luciUART: read() RemoteID = 43690 Command = 208 Type = 2 Status = 0 DataLen = 9
04-09 10:23:45.498  2712  2720 E luciUART: Error: full data not available yet! readBytes 0
04-09 10:23:45.498  2712  2720 I luciUART: Previous Packet read contd., 
04-09 10:23:45.499  2712  2720 E luciUART: UART:52
04-09 10:23:45.499  2712  2720 I luciUART: Previous Packet read contd., 
04-09 10:23:45.499  2712  2720 E luciUART: UART:45
04-09 10:23:45.499  2712  2720 I luciUART: Previous Packet read contd., 
04-09 10:23:45.499  2712  2720 E luciUART: UART:41
04-09 10:23:45.510  2733  2763 I bluetoothtbd: [0408/215345.510319:INFO:adapter.cc(551)] Adapter properties changed
04-09 10:23:45.510  3081  3081 I cast_shell: [3084:3124:INFO:bluetooth_manager.cc(1232)] [PII] Set device name to 'Bedroom speaker 2'
04-09 10:23:45.510  2733  2763 I bluetoothtbd: [0408/215345.510438:INFO:adapter.cc(573)] Adapter name changed
04-09 10:23:45.512  3081  3081 I cast_shell: [3084:3084:INFO:device_info_impl.cc(1133)] SSDP Config ID is increased: id=11
04-09 10:23:45.512  3081  3081 I cast_shell: [3084:3084:INFO:ccs_manager_impl.cc(1842)] Postponing device name update while registering
04-09 10:23:45.513  3081  3081 I cast_shell: [3084:3134:INFO:mdns_util.cc(102)] Defaulting mDNS capabilities for audio-only build
04-09 10:23:45.513  3081  3081 I cast_shell: [3084:3084:INFO:mdns_manager_impl.cc(429)] Successfully updated service: type=_googlecast
04-09 10:23:45.513  3081  3081 I cast_shell: [3084:3084:INFO:virtual_device.cc(296)] Updated mDNS service for virtual device: id=574f0213-c1ae-a91b-482b-590ff72f989a
04-09 10:23:45.513  2968  2986 E SPOTIFY : Device Name change new name = Bedroom speaker 2
04-09 10:23:45.513  2968  2986 E SPOTIFY : err = 0 
04-09 10:23:45.514  2965  3160 I LibreCastControlDelegate: OnCastStatus() +++ Bedroom speaker 2:0xacb98198:READY_TO_CAST
04-09 10:23:45.519  2965  3160 I LibreCastControlDelegate: Cast Device Name -> 'Bedroom speaker 2'
04-09 10:23:45.519  2965  3160 I librecast: OldFriendlyName 'Bedroom speaker 2' & New name change By Cast 'Bedroom speaker 2' isfirstbootup 56 m_updatedonebyluci 0
04-09 10:23:45.519  2965  3160 I LibreCastControlDelegate: Device Build Number -> '1.52.272222'
04-09 10:23:45.519  2965  3160 I librecast: updateCastBuildVersion() Version 1.52.272222
04-09 10:23:45.519  2712  2712 I lucitransport: readRemoteMessage() MID char = 7 buffer = 1.52.272222
04-09 10:23:45.520  2965  3160 I LibreCastControlDelegate: Active Applications -> 0
04-09 10:23:45.520  2965  3160 I LibreCastControlDelegate: Current Cast State '6' -> 'READY_TO_CAST'
04-09 10:23:45.520  2965  3160 I LibreCastControlDelegate: OnCastStatus() ---
04-09 10:23:45.524  2964  2974 D wac-main: Netlink event
04-09 10:23:45.524  2964  2974 E wac-main: Netlink event 16 Interface Index 6 
04-09 10:23:45.524  2964  2974 E wac-main: p2p0 event Link Changed : 1003 
04-09 10:23:45.524  2964  2974 E wac-main: p2p0 Changed down
04-09 10:23:45.524  2964  2974 E wac-main: wlan0 IP : 192.168.1.145
04-09 10:23:45.525  2711  2723 I yani_kernel: yani_geteventfrom_changeaddr() Message-Id '1' Netlink event '16' Interface Index '6' -> Name 'p2p0' 
04-09 10:23:45.527  2964  2974 E wac-main: Enter poll and wait
04-09 10:23:45.583  2732  2745 E WifiUtil: Setting interface p2p0 down.
