04-09 09:56:24.128  3079  3079 I cast_shell: [3082:3121:INFO:metrics_recorder.cc(282)] Record action: Setup.version.BLE
04-09 09:56:24.158  3079  3079 I cast_shell: [3082:3121:INFO:metrics_recorder.cc(282)] Record action: Setup.tos_accepted.BLE
04-09 09:56:24.187  3079  3079 I cast_shell: [3082:3121:INFO:metrics_recorder.cc(282)] Record action: Setup.state.BLE
04-09 09:56:24.194  2973  3469 I airplay-main: checkACPAvailability() err 0 -> Present!
04-09 09:56:24.194  2973  3469 D airplay-main: arguments[0] -> airplay_v2 -> airplay_v2
04-09 09:56:24.195  2973  3469 D airplay-main: arguments[1] -> -n -> -n
04-09 09:56:24.195  2973  3469 D airplay-main: arguments[2] -> Lyric Speaker Box 21f384 -> Lyric Speaker Box 21f384
04-09 09:56:24.195  2973  3469 D airplay-main: arguments[3] -> -z -> -z
04-09 09:56:24.195  2973  3469 D airplay-main: arguments[4] -> 1 -> 1
04-09 09:56:24.195  2973  3469 D airplay-main: arguments[5] -> -d -> -d
04-09 09:56:24.195  2973  3469 D airplay-main: arguments[6] -> 47617500 -> 47617500
04-09 09:56:24.196  2973  3469 D airplay-main: Total Number of Arguments 7
04-09 09:56:24.206  2973  3469 I airplay_v2_0_6: 2022-04-08 21:26:24.204994 [AirPlayDemo] homedir /data/ sUserPreferencesDirectoryPath /data//.airplaydemo 
04-09 09:56:24.217  3079  3079 I cast_shell: [3082:3121:INFO:metrics_recorder.cc(282)] Record action: Setup.ip_address.BLE
04-09 09:56:24.282  2973  3469 I airplay-main: checkACPAvailability() err 0 -> Present!
04-09 09:56:24.285  2731  2745 I HttpTimeSync: Building resolve list for clients1.google.com, total 1.
04-09 09:56:24.285  2731  2745 I HttpTimeSync: 	0: 142.251.36.142
04-09 09:56:24.369  2973  3495 I airplay_v2_0_6: 2022-04-08 21:26:24.369257 [AirPlayDemo] *********** AirPlayDemoPlatformSetProperty:homeIntegrationData value - 
04-09 09:56:24.369  2973  3495 I airplay_v2_0_6:     +0000: 62706c69 73743030 d101025f 10114343 |bplist00^^^_^^CC| (67 bytes)
04-09 09:56:24.369  2973  3495 I airplay_v2_0_6:     +0010: 3a39303a 39333a32 313a4633 3a3834d0 |:90:93:21:F3:84^|
04-09 09:56:24.369  2973  3495 I airplay_v2_0_6:     +0020: 080b1f00 00000000 00010100 00000000 |^^^^^^^^^^^^^^^^|
04-09 09:56:24.369  2973  3495 I airplay_v2_0_6:     +0030: 00000300 00000000 00000000 00000000 |^^^^^^^^^^^^^^^^|
04-09 09:56:24.369  2973  3495 I airplay_v2_0_6:     +0040: 000020                              |^^              |
04-09 09:56:24.372  2973  3495 I airplay_v2_0_6: 2022-04-08 21:26:24.372113 [AirPlayDemo] AirPlayDemoServerCopyProperty Password is <<NULL>>
04-09 09:56:24.382  2973  3495 I airplay_v2_0_6: 2022-04-08 21:26:24.381985 [AirPlayDemo] *********** AirPlayDemoPlatformSetProperty:homeIntegrationData value - 
04-09 09:56:24.382  2973  3495 I airplay_v2_0_6:     +0000: 62706c69 73743030 d101025f 10114343 |bplist00^^^_^^CC| (165 bytes)
04-09 09:56:24.382  2973  3495 I airplay_v2_0_6:     +0010: 3a39303a 39333a32 313a4633 3a3834d3 |:90:93:21:F3:84^
04-09 09:56:24.382  2973  3495 I airplay_v2_0_6: |
04-09 09:56:24.382  2973  3495 I airplay_v2_0_6:     +0020: 03040501 06075a69 64656e74 69666965 |^^^^^^Zidentifie|
04-09 09:56:24.382  2973  3495 I airplay_v2_0_6:     +0030: 7252736b 52706b4f 1020d114 da292535 |rRskRpkO^ ^^^)%5|
04-09 09:56:24.382  2973  3495 I airplay_v2_0_6:     +0040: 86d61d06 34551b21 3f9ddae7 7f88b3ea |^^^^4U^!?^^^^^^^|
04-09 09:56:24.382  2973  3495 I airplay_v2_0_6:     +0050: 65c9e922 099befb1 3f6c4f10 20b553db |
04-09 09:56:24.382  2973  3495 I airplay_v2_0_6: e^^"^^^^?lO^ ^S^|
04-09 09:56:24.382  2973  3495 I airplay_v2_0_6:     +0060: f4c45c5f 7d13f9ca afdd45da 1c62cc97 |^^\_}^^^^^E^^b^^|
04-09 09:56:24.382  2973  3495 I airplay_v2_0_6:     +0070: af9a3abb 87a35569 ebacc672 ef080b1f |^^:^^^Ui^^^r^^^^|
04-09 09:56:24.382  2973  3495 I airplay_v2_0_6:     +0080: 26313437 5a000000 00000001 01000000 |&147Z^^^^^^^^^^^|
04-09 09:56:24.382  2973  3495 I airplay_v2_0_6:     +0090: 
04-09 09:56:24.382  2973  3495 I airplay_v2_0_6: 00000000 08000000 00000000 00000000 |^^^^^^^^^^^^^^^^|
04-09 09:56:24.382  2973  3495 I airplay_v2_0_6:     +00A0: 00000000 7d                         |^^^^}           |
04-09 09:56:24.383  2712  2719 I lucitransport: readRemoteMessage() MID char = 90 buffer = Lyric Speaker Box 21f384
04-09 09:56:24.385  2973  3469 I airplay_v2_0_6: 2022-04-08 21:26:24.385512 [AirPlay] Registering Bonjour _airplay._tcp. port 7000
04-09 09:56:24.387  2973  3495 I airplay_v2_0_6: 2022-04-08 21:26:24.387524 [AirPlayDemo] AirPlayDemoServerCopyProperty Password is <<NULL>>
04-09 09:56:24.389  2973  3495 I airplay_v2_0_6: 2022-04-08 21:26:24.389469 [AirPlayDemo] AirPlayDemoServerCopyProperty Password is <<NULL>>
04-09 09:56:24.390  2712  2719 I lucitransport: readRemoteMessage() MID char = 90 buffer = Lyric Speaker Box 21f384
04-09 09:56:24.392  2973  3469 I airplay_v2_0_6: 2022-04-08 21:26:24.392005 [AirPlay] Registering Bonjour CC909321F384@Lyric Speaker Box 21f384._raop._tcp. port 7000
04-09 09:56:24.392  2973  3469 I airplay_v2_0_6: 2022-04-08 21:26:24.392168 [AirPlay] AirPlay servers started
04-09 09:56:25.973  2731  2745 I HttpTimeSync: Http time synced
04-09 09:56:25.974  2731  2745 I NetworkMonitor: turn off power-save
04-09 09:56:25.978  2974  2999 I SPOTIFY : ConnectionNotify event(0-Login, 1-Logout, rest Error) = 7 
04-09 09:56:26.090  3079  3079 I cast_shell: [3082:3121:INFO:metrics_recorder.cc(282)] Record action: Setup.version.BLE
04-09 09:56:26.118  3079  3079 I cast_shell: [3082:3121:INFO:metrics_recorder.cc(282)] Record action: Setup.tos_accepted.BLE
04-09 09:56:26.164  3079  3079 I cast_shell: [3082:3121:INFO:metrics_recorder.cc(282)] Record action: Setup.state.BLE
04-09 09:56:26.193  3079  3079 I cast_shell: [3082:3121:INFO:metrics_recorder.cc(282)] Record action: Setup.ip_address.BLE
04-09 09:56:26.672  3079  3079 I cast_shell: [3082:3090:INFO:connectivity_checker_impl.cc(144)] Change check url=http://connectivitycheck.gstatic.com/generate_204
04-09 09:56:26.672  3079  3079 I cast_shell: [3082:3090:INFO:connectivity_checker_impl.cc(148)] Global connection is: Up
04-09 09:56:26.672  3079  3079 I cast_shell: [3082:3121:WARNING:setup_manager_impl.cc(1100)] NAT not supported, no captive portal support.
04-09 09:56:26.673  3082  3089 E         : OOBE CheckUpdate
04-09 09:56:26.678  3079  3079 I cast_shell: [3082:3089:INFO:update_engine_client_with_system_updater.cc(216)] Network first connected, check system force update
04-09 09:56:26.678  3079  3079 I cast_shell: [system_updater_dummy.cpp(109)] CheckUpdate
04-09 09:56:26.678  3079  3079 I cast_shell: [3082:3082:INFO:api_reboot.cc(321)] active_activities count=0
04-09 09:56:26.678  3079  3079 I cast_shell: [3082:3082:INFO:lycra_gcm.cc(121)] Registering GCM handler.
04-09 09:56:26.678  3079  3079 I cast_shell: [3082:3082:INFO:gcm_manager.cc(258)] Enabling GCM Driver
04-09 09:56:26.678  3079  3079 I cast_shell: [3082:3132:INFO:v2_transport.cc(681)] V2TransportImpl::CreatSelfSignedCertificateWithKey called.
04-09 09:56:26.678  3079  3079 I cast_shell: [3082:3082:INFO:cloud_settings_manager.cc(431)] Connectivity established. Reconciling cloud settings.
04-09 09:56:26.678  3079  3079 I cast_shell: [3082:3082:INFO:cloud_settings_manager.cc(195)] Cloud settings is disabled.
04-09 09:56:26.678  3079  3079 I cast_shell: [3082:3082:INFO:ccs_transport_gcm.cc(102)] Registering GCM handler
04-09 09:56:26.678  3079  3079 I cast_shell: [3082:3121:INFO:setup_state.cc(261)] Setup state changed: SETUP_STATE_CHECKING_GLOBAL_CONNECTIVITY_BAD_ROUTER_WIFI_NOT_SAVED (51) -> SETUP_STATE_CONNECTED_WIFI_NOT_SAVED (61)
04-09 09:56:26.681  3079  3079 I cast_shell: [3082:3093:ERROR:unix_stream_client_socket.cc(52)] Cannot connect unix socket: /dev/socket/panel: No such file or directory (2)
04-09 09:56:26.734  3079  3079 I cast_shell: [3082:3121:INFO:metrics_recorder.cc(282)] Record action: Setup.version.BLE
04-09 09:56:26.738  3079  3079 I cast_shell: [3082:3132:INFO:transport_creds.cc(151)] Self-signed certificate created: CN=39670884-7026-a715-b840-1e45d8e11553
04-09 09:56:26.739  2971  3154 I LibreCastControlDelegate: OnCastStatus() +++ Lyric Speaker Box 21f384:0xaca23198:NOT_SETUP
04-09 09:56:26.739  2971  3154 I LibreCastControlDelegate: Device Build Number -> '1.52.272222'
04-09 09:56:26.739  2971  3154 I librecast: updateCastBuildVersion() Version 1.52.272222
04-09 09:56:26.739  2712  2719 I lucitransport: readRemoteMessage() MID char = 7 buffer = 1.52.272222
04-09 09:56:26.739  2971  3154 I LibreCastControlDelegate: Active Applications -> 0
04-09 09:56:26.739  2971  3154 I LibreCastControlDelegate: Current Cast State '2' -> 'NOT_SETUP'
04-09 09:56:26.739  2971  3154 I LibreCastControlDelegate: OnCastStatus() ---
04-09 09:56:26.740  2971  3154 I LibreCastControlDelegate: OnCastStatus() +++ Lyric Speaker Box 21f384:0xaca23198:NOT_SETUP
04-09 09:56:26.740  2971  3154 I LibreCastControlDelegate: Device Build Number -> '1.52.272222'
04-09 09:56:26.740  2971  3154 I librecast: updateCastBuildVersion() Version 1.52.272222
04-09 09:56:26.749  3079  3079 I cast_shell: [3082:3082:INFO:config_downloader.cc(489)] Downloading config: headers (excl. auth) ='Accept: application/protobuf', url=https://clients5.google.com/cast/chromecast/device/baseconfig?m=LSB&M=COTODAMA&p=LS10+Platform&b=1.52.272222&c=wifi&r=beta-channel&pt=3&ln=&d=DE4F95FFA64D5E74B026&at=1
04-09 09:56:26.763  3079  3079 I cast_shell: [3082:3121:INFO:metrics_recorder.cc(282)] Record action: Setup.tos_accepted.BLE
04-09 09:56:26.793  3079  3079 I cast_shell: [3082:3121:INFO:metrics_recorder.cc(282)] Record action: Setup.state.BLE
04-09 09:56:26.823  3079  3079 I cast_shell: [3082:3121:INFO:metrics_recorder.cc(282)] Record action: Setup.ip_address.BLE
04-09 09:56:26.835  3079  3079 I cast_shell: [3082:3134:INFO:multizone_manager.cc(2131)] Updated leader quality: 49807410
04-09 09:56:26.841  2977  3001 E otamanager: lo not valid Interface for MAC ID
04-09 09:56:26.841  2977  3001 D otamanager: OTA: wlan IP = 192.168.1.145
04-09 09:56:26.841  2977  3001 I otamanager: OTA:checkIP mac = cc909321f384  IP = 192.168.1.145 
04-09 09:56:26.842  3079  3079 I cast_shell: [3082:3131:INFO:mdns_app_filter.cc(1120)] Skipping IPv6 interface that also has an IPv4 address: wlan0
04-09 09:56:26.842  3079  3079 I chatty  : uid=1000(chrome) /bin/logwrapper identical 2 lines
04-09 09:56:26.842  3079  3079 I cast_shell: [3082:3131:INFO:mdns_app_filter.cc(1120)] Skipping IPv6 interface that also has an IPv4 address: wlan0
04-09 09:56:26.842  3079  3079 I cast_shell: [3082:3131:INFO:metrics_recorder.cc(282)] cast event: Cast.Discovery.Mdns.SocketCreated
04-09 09:56:26.842  3079  3079 I cast_shell: [3082:3131:INFO:mdns_app_filter.cc(1254)] Created mDNS socket for interface:name=wlan0, address=192.168.1.145, index=5
04-09 09:56:26.842  3079  3079 I cast_shell: [3082:3131:INFO:metrics_recorder.cc(282)] cast event: Cast.Discovery.Mdns.SocketCreated
04-09 09:56:26.843  2977  3001 I otamanager: DownloadHttpContent firmware version = eng.C4A.1203
04-09 09:56:26.847  2712  2719 I lucitransport: readRemoteMessage() MID char = 6 buffer = 1001
04-09 09:56:26.847  2712  2719 I lucitransport: readRemoteMessage() MID char = 7 buffer = 1.52.272222
04-09 09:56:26.848  2977  3001 I otamanager: OTA: DownloadHttpContent :payload =  {"device":{"brand":"COTODAMA","castVersion":"1.52.272222","deviceId":"cc909321f384","deviceType":"LS10_C4A","fwVersion":"1203","googleCast":true,"mcuVersion":"1001","model":"LSB"}}
04-09 09:56:26.848  2977  3001 I otamanager:  
04-09 09:56:26.849  2977  3001 I otamanager: OTA:------curlDownloadFirmwareXml---
04-09 09:56:26.849  2977  3001 I otamanager: OTA:isValidIpAddress: result 0
04-09 09:56:26.857  3079  3079 I cast_shell: [3082:3121:INFO:ble_setup.cc(322)] Record action: Setup.set_eureka_info.BLE
04-09 09:56:26.858  3079  3079 I cast_shell: [3082:3121:INFO:timezone_settings.cc(288)] Setting system timezone to Asia/Kolkata
04-09 09:56:26.858  3079  3079 I cast_shell: [3082:3134:INFO:multizone_group.cc(357)] Change name for group [PII](92F31D1DA33173FA12027719FB57ADA6) to [PII](Bedroom speaker 2)
04-09 09:56:26.858  3079  3079 I cast_shell: [3082:3121:INFO:locale_manager.cc(511)] New timezone: Asia/Kolkata
04-09 09:56:26.858  3079  3079 I cast_shell: [3082:3121:INFO:locale_manager.cc(539)] New time format: 24-hour
04-09 09:56:26.867  3079  3079 I cast_shell: [3082:3082:INFO:device_info_impl.cc(1133)] SSDP Config ID is increased: id=4
04-09 09:56:26.867  3079  3079 I cast_shell: [3082:3082:INFO:device_info_impl.cc(1133)] SSDP Config ID is increased: id=5
04-09 09:56:26.867  3079  3079 I cast_shell: [3082:3121:INFO:bluetooth_manager.cc(1232)] [PII] Set device name to 'Bedroom speaker 2'
04-09 09:56:26.868  3079  3079 I cast_shell: [3082:3121:INFO:metrics_recorder.cc(282)] cast event: Cast.System.Timezone.ChangeSuccessful
04-09 09:56:26.868  2734  2761 I bluetoothtbd: [0408/212626.868386:INFO:adapter.cc(551)] Adapter properties changed
04-09 09:56:26.886  3079  3079 I cast_shell: [3082:3121:INFO:bluetooth_manager.cc(1232)] [PII] Set device name to 'Bedroom speaker 2'
04-09 09:56:26.887  3079  3079 I cast_shell: [3082:3082:INFO:mdns_manager_impl.cc(429)] Successfully updated service: type=_googlecast
04-09 09:56:26.887  3079  3079 I cast_shell: [3082:3082:INFO:virtual_device.cc(296)] Updated mDNS service for virtual device: id=39670884-7026-a715-b840-1e45d8e11553
04-09 09:56:26.887  3079  3079 I cast_shell: [3082:3131:INFO:mdns_util.cc(102)] Defaulting mDNS capabilities for audio-only build
04-09 09:56:26.887  3079  3079 I cast_shell: [3082:3082:INFO:mdns_manager_impl.cc(429)] Successfully updated service: type=_googlecast
04-09 09:56:26.887  3079  3079 I cast_shell: [3082:3082:INFO:virtual_device.cc(296)] Updated mDNS service for virtual device: id=39670884-7026-a715-b840-1e45d8e11553
04-09 09:56:26.889  2971  3154 I LibreCastControlDelegate: OnCastStatus() +++ Bedroom speaker 2:0xaca23198:NOT_SETUP
04-09 09:56:26.889  2971  3154 I LibreCastControlDelegate: Device Build Number -> '1.52.272222'
04-09 09:56:26.889  2971  3154 I librecast: updateCastBuildVersion() Version 1.52.272222
04-09 09:56:26.889  2712  2719 I lucitransport: readRemoteMessage() MID char = 7 buffer = 1.52.272222
04-09 09:56:26.890  2971  3154 I LibreCastControlDelegate: Active Applications -> 0
04-09 09:56:26.890  2971  3154 I LibreCastControlDelegate: Current Cast State '2' -> 'NOT_SETUP'
04-09 09:56:26.891  2971  3154 I LibreCastControlDelegate: Active Applications -> 0
04-09 09:56:26.891  2971  3154 I LibreCastControlDelegate: Current Cast State '2' -> 'NOT_SETUP'
04-09 09:56:26.891  2971  3154 I LibreCastControlDelegate: OnCastStatus() ---
04-09 09:56:26.891  2971  3154 I LibreCastControlDelegate: OnCastStatus() +++ Bedroom speaker 2:0xaca23198:NOT_SETUP
04-09 09:56:26.891  2971  3154 I LibreCastControlDelegate: Device Build Number -> '1.52.272222'
04-09 09:56:26.891  2971  3154 I librecast: updateCastBuildVersion() Version 1.52.272222
04-09 09:56:26.891  2712  2719 I lucitransport: readRemoteMessage() MID char = 7 buffer = 1.52.272222
04-09 09:56:26.892  2971  3154 I LibreCastControlDelegate: Active Applications -> 0
04-09 09:56:26.892  2971  3154 I LibreCastControlDelegate: Current Cast State '2' -> 'NOT_SETUP'
04-09 09:56:26.892  2971  3154 I LibreCastControlDelegate: OnCastStatus() ---
04-09 09:56:26.892  2971  3154 I LibreCastControlDelegate: OnCastStatus() +++ Bedroom speaker 2:0xaca23198:NOT_SETUP
04-09 09:56:26.892  2971  3154 I LibreCastControlDelegate: Device Build Number -> '1.52.272222'
04-09 09:56:26.892  2971  3154 I librecast: updateCastBuildVersion() Version 1.52.272222
04-09 09:56:26.944  3079  3079 I cast_shell: [3082:3121:INFO:ble_setup.cc(322)] Record action: Setup.save_wifi.BLE
04-09 09:56:26.946  3079  3079 I cast_shell: [3082:3121:INFO:wifi_controller_wpa_supplicant.cc(692)] Clear bssid from config for network id 0
04-09 09:56:26.949  3079  3079 I cast_shell: [3082:3121:INFO:setup_manager_impl.cc(1725)] Report action: Wifi.FirstConfigured
04-09 09:56:27.114  2977  3001 I otamanager: OTA:ResolveDNSName IP = 34.227.156.126
04-09 09:56:27.114  2977  3001 I otamanager: OTA:hostIp string: https://34.227.156.126/v1
04-09 09:56:27.114  2977  3001 I otamanager: OTA: trying after 2 sec 
04-09 09:56:27.674  3079  3079 I cast_shell: [3082:3121:INFO:ble_setup.cc(789)] Missing required info for sign.
04-09 09:56:27.684  3079  3079 I cast_shell: [3082:3090:INFO:parent_tracker.cc(237)] Network changed
04-09 09:56:27.684  3079  3079 I cast_shell: [3082:3090:INFO:parent_tracker.cc(135)] Now using local address [PII](192.168.1.145)
04-09 09:56:27.684  3079  3079 I cast_shell: [3082:3090:INFO:directory_service_impl.cc(200)] This device became root
04-09 09:56:27.685  3079  3079 I cast_shell: [3082:3090:INFO:parent_tracker.cc(237)] Network changed
04-09 09:56:27.685  3079  3079 I cast_shell: [3082:3090:INFO:parent_tracker.cc(132)] No need to recreate socket
04-09 09:56:27.687  3079  3079 I cast_shell: [3082:3121:INFO:local_network_info_impl.cc(435)] LNID_W changed:
04-09 09:56:27.693  3079  3079 I cast_shell: [3082:3506:INFO:net_util_impl.cc(582)] IP address: [PII](192.168.1.1) MAC address: [PII](C8:B3:73:44:AE:ED)
04-09 09:56:27.693  3079  3079 I cast_shell: [3082:3506:INFO:local_network_info_impl.cc(346)] LNID changed:
04-09 09:56:27.704  3079  3079 I cast_shell: [3082:3082:INFO:ccs_manager_impl.cc(1789)] LNID has changed; Will re-register CCS
04-09 09:56:27.709  3079  3079 I cast_shell: [3082:3506:INFO:net_util_impl.cc(582)] IP address: [PII](192.168.1.1) MAC address: [PII](C8:B3:73:44:AE:ED)
04-09 09:56:27.727  3079  3079 I cast_shell: [system_updater_dummy.cpp(139)] CheckUpdate 139
04-09 09:56:27.728  3079  3079 I cast_shell: [system_updater_dummy.cpp(148)] CheckUpdate 148 return
04-09 09:56:27.734  3079  3079 I cast_shell: [3082:3121:INFO:ble_setup.cc(915)] Sign related info completed, no future EurekaInfo need sign.
04-09 09:56:27.760  3079  3079 I cast_shell: [3082:3131:INFO:mdns_app_filter.cc(1403)] MdnsAppFilter: Done probing.
04-09 09:56:27.994  3079  3079 I cast_shell: [3082:3121:INFO:metrics_recorder.cc(282)] Record action: Setup.state.BLE
04-09 09:56:28.520  3079  3079 I cast_shell: [3082:3118:INFO:snr_tracker.cc(50)] snr = 52
04-09 09:56:28.561  3079  3079 I cast_shell: [3082:3082:INFO:lycra_gcm.cc(212)] Registered GCM handler
04-09 09:56:28.670  3079  3079 I cast_shell: [3082:3082:INFO:ccs_transport_gcm.cc(244)] Registered GCM handler
04-09 09:56:28.671  3079  3079 I cast_shell: [3082:3082:INFO:ccs_manager_impl.cc(1322)] Waiting for all transports to be enabled
04-09 09:56:28.747  3079  3079 I cast_shell: [3082:3093:INFO:crl_downloader.cc(155)] CRL processed.
04-09 09:56:28.749  3079  3079 I cast_shell: [3082:3093:INFO:metrics_recorder.cc(282)] cast event: Cast.CRL.DownloadSuccess
04-09 09:56:28.751  3079  3079 I cast_shell: [3082:3093:INFO:client_auth_signer.cc(211)] Cast certificate verification: CastCertError::OK
04-09 09:56:28.752  3079  3079 I cast_shell: [system_updater_dummy.cpp(139)] CheckUpdate 139
04-09 09:56:28.752  3079  3079 I cast_shell: [system_updater_dummy.cpp(148)] CheckUpdate 148 return
04-09 09:56:28.752  3079  3079 I cast_shell: [3082:3093:INFO:metrics_recorder.cc(282)] cast event: Cast.Auth.OK
04-09 09:56:28.769  3079  3079 I cast_shell: [3082:3082:INFO:grpc_service_discovery_impl.cc(185)] Mdns discovered google RPC for [PII](92F31D1DA33173FA12027719FB57ADA6).
04-09 09:56:28.950  3079  3079 I cast_shell: [3082:3082:INFO:gcm_manager.cc(233)] GCM connection established.
04-09 09:56:28.951  3079  3079 I cast_shell: [3082:3090:INFO:heartbeat_manager.cc(272)] Set HBInterval default: 1680000
04-09 09:56:29.029  3079  3079 I cast_shell: [3082:3121:INFO:metrics_recorder.cc(282)] Record action: Setup.state.BLE
04-09 09:56:29.277  3079  3079 I cast_shell: [3082:3082:INFO:config_downloader.cc(700)] Received Protobuf config response
04-09 09:56:29.300  3079  3079 I cast_shell: [3082:3082:INFO:application_manager_impl.cc(2024)] max_background_apps changed to: 1
04-09 09:56:29.301  3079  3079 I cast_shell: [3082:3082:ERROR:modular_update_manager_impl.cc(382)] No modular updater app ID can be found in device config.
04-09 09:56:29.311  3079  3079 I cast_shell: [3082:3082:INFO:ccs_settings.cc(262)] CcsSettings using CCS url https://clients5.google.com/cast/cloudcast/
04-09 09:56:29.333  3079  3079 I cast_shell: [3082:3082:INFO:application_config_manager_impl.cc(528)] Setting default remote control app ID: 1374D8AA
04-09 09:56:29.333  3079  3079 I cast_shell: [3082:3082:INFO:application_identification_settings.cc(410)] new ApplicationIdentificationSettings session_id: 6e4edaef-2996-480d-a818-bb59f6d59484 app_id: 38579375 flags: 7 headers: 512
04-09 09:56:29.334  3079  3079 I cast_shell: [3082:3082:WARNING:ccs_manager_impl.cc(1566)] Device does not have a weave device id
04-09 09:56:29.334  3079  3079 I cast_shell: [3082:3082:INFO:mdns_util.cc(102)] Defaulting mDNS capabilities for audio-only build
04-09 09:56:29.334  3079  3079 I cast_shell: [3082:3082:INFO:mdns_util.cc(102)] Defaulting mDNS capabilities for audio-only build
04-09 09:56:29.334  3079  3079 I cast_shell: [3082:3082:INFO:ccs_transport_https.cc(1203)] No cloud settings for register request
04-09 09:56:29.340  3079  3079 I cast_shell: [3082:3082:INFO:ccs_manager_impl.cc(1496)] Registering device with CCS: message_id = 7d883e18-c5d4-467b-a2cf-4ea5c0aa1c7c
04-09 09:56:29.340  3079  3079 I cast_shell: [3082:3082:INFO:ccs_manager_impl.cc(1497)] [PII] device_id = 92F31D1DA33173FA12027719FB57ADA6
04-09 09:56:29.340  3079  3079 I cast_shell: [3082:3082:INFO:application_identification_settings.cc(410)] new ApplicationIdentificationSettings session_id: 8430c96d-40c5-4eee-82de-7478bcb8eebd app_id: 38579375 flags: 7 headers: 512
04-09 09:56:29.340  3079  3079 I cast_shell: [3082:3082:INFO:robot_account_auth_manager.cc(470)] Successfully initialized JWT for 38579375
04-09 09:56:29.340  3079  3079 I cast_shell: [3082:3082:INFO:config_downloader.cc(900)] Clearing local config cache
04-09 09:56:29.342  3079  3079 I cast_shell: [3082:3082:INFO:metrics_recorder.cc(282)] Record action: Cast.DCS.DownloadSuccess
04-09 09:56:29.342  3079  3079 I cast_shell: [3082:3082:INFO:key_exchange_namespace_handler.cc(178)] Changing key_exchange_support capability
04-09 09:56:29.343  2971  3154 I LibreCastControlDelegate: OnCastStatus() +++ Bedroom speaker 2:0xaca23198:NOT_SETUP
04-09 09:56:29.343  2971  3154 I LibreCastControlDelegate: Device Build Number -> '1.52.272222'
04-09 09:56:29.344  2971  3154 I librecast: updateCastBuildVersion() Version 1.52.272222
04-09 09:56:29.344  2712  2719 I lucitransport: readRemoteMessage() MID char = 7 buffer = 1.52.272222
04-09 09:56:29.344  2971  3154 I LibreCastControlDelegate: Active Applications -> 0
04-09 09:56:29.344  2971  3154 I LibreCastControlDelegate: Current Cast State '2' -> 'NOT_SETUP'
04-09 09:56:29.344  2971  3154 I LibreCastControlDelegate: OnCastStatus() ---
04-09 09:56:29.346  3079  3079 I cast_shell: [3082:3082:INFO:mdns_util.cc(102)] Defaulting mDNS capabilities for audio-only build
04-09 09:56:29.347  3079  3079 I cast_shell: [3082:3082:INFO:chromecast_service.cc(2229)] AoGH feature is: 0
04-09 09:56:29.347  3079  3079 I cast_shell: [3082:3131:INFO:mdns_util.cc(102)] Defaulting mDNS capabilities for audio-only build
04-09 09:56:29.347  3079  3079 I cast_shell: [3082:3082:INFO:chromecast_service.cc(2189)] Geolocation changed to: 0
04-09 09:56:29.347  3079  3079 I cast_shell: [3082:3082:INFO:lycra_transport.cc(301)] Feature flag changed: false
04-09 09:56:29.347  3079  3079 I cast_shell: [3082:3082:INFO:chromecast_service.cc(2248)] Playback disruption feature is: 1
04-09 09:56:29.347  3079  3079 I cast_shell: [3082:3082:INFO:playback_disruption_service.cc(328)] Playback disruption service enabled and running
04-09 09:56:29.347  3079  3079 I cast_shell: [3082:3082:INFO:ccs_manager_impl.cc(864)] Re-registering single CCS device
04-09 09:56:29.347  3079  3079 I cast_shell: [3082:3082:WARNING:ccs_manager_impl.cc(1566)] Device does not have a weave device id
04-09 09:56:29.347  3079  3079 I cast_shell: [3082:3082:INFO:mdns_util.cc(102)] Defaulting mDNS capabilities for audio-only build
04-09 09:56:29.347  3079  3079 I cast_shell: [3082:3082:INFO:mdns_util.cc(102)] Defaulting mDNS capabilities for audio-only build
04-09 09:56:29.348  3079  3079 I cast_shell: [3082:3082:INFO:ccs_transport_https.cc(1203)] No cloud settings for register request
04-09 09:56:29.348  3079  3079 I cast_shell: [3082:3082:INFO:application_identification_settings.cc(1120)] CreateJwt in progress; storing callback.
04-09 09:56:29.348  3079  3079 I cast_shell: [3082:3082:INFO:ccs_manager_impl.cc(1496)] Registering device with CCS: message_id = c379e13f-35c3-4657-be03-550f764309fa
04-09 09:56:29.348  3079  3079 I cast_shell: [3082:3082:INFO:ccs_manager_impl.cc(1497)] [PII] device_id = 92F31D1DA33173FA12027719FB57ADA6
04-09 09:56:29.376  3079  3079 I cast_shell: [3082:3082:INFO:metrics_recorder.cc(282)] cast event: Cloud.Transport.Https.Register.Out
04-09 09:56:29.380  3079  3079 I cast_shell: [3082:3082:INFO:application_identification_settings.cc(1331)] CreateJwt completed; running all done signing callbacks.
04-09 09:56:29.380  3079  3079 I cast_shell: [3082:3082:INFO:robot_account_auth_manager.cc(496)] JWT expiry in 3600 seconds
04-09 09:56:29.380  3079  3079 I cast_shell: [3082:3082:INFO:robot_account_auth_manager.cc(384)] Sending oauth request for client_id: 0
04-09 09:56:29.380  3079  3079 I cast_shell: [3082:3082:INFO:metrics_recorder.cc(282)] cast event: Cast.Assistant.Auth.FetchToken
04-09 09:56:29.380  3079  3079 I cast_shell: [3082:3082:INFO:metrics_recorder.cc(282)] cast event: Cloud.Transport.Https.Register.Out
04-09 09:56:29.380  3079  3079 I cast_shell: [3082:3093:INFO:chromium_http_connection.cc(436)] Creating a new chromium http url loader factory
04-09 09:56:29.776  3079  3079 I cast_shell: [system_updater_dummy.cpp(139)] CheckUpdate 139
04-09 09:56:29.776  3079  3079 I cast_shell: [system_updater_dummy.cpp(148)] CheckUpdate 148 return
04-09 09:56:30.064  3079  3079 I cast_shell: [3082:3121:INFO:metrics_recorder.cc(282)] Record action: Setup.state.BLE
04-09 09:56:30.116  3079  3079 I cast_shell: [3082:3082:INFO:robot_account_auth_manager.cc(525)] Got CAS response: 200
04-09 09:56:30.116  3079  3079 I cast_shell: [3082:3082:INFO:metrics_recorder.cc(282)] cast event: Cast.Assistant.AuthError.NOT_LINKED
04-09 09:56:30.116  3079  3079 I cast_shell: [3082:3082:INFO:robot_account_auth_manager.cc(776)] Current error: TOKEN_NOT_FETCHED, new error: NOT_LINKED
04-09 09:56:30.117  3079  3079 I cast_shell: [3082:3082:INFO:user_auth_impl.cc(207)] Notified all the observers of new auth tokens.
04-09 09:56:30.171  2970  2980 D wac-main: Netlink event
04-09 09:56:30.171  2970  2980 E wac-main: Netlink event 16 Interface Index 5 
04-09 09:56:30.171  2970  2980 E wac-main: Enter poll and wait
04-09 09:56:30.171  2970  2980 D wac-main: Netlink event
04-09 09:56:30.171  2970  2980 E wac-main: Netlink event 16 Interface Index 5 
04-09 09:56:30.171  2970  2980 E wac-main: Enter poll and wait
04-09 09:56:30.173  2711  2723 I yani_server: NetLink Event '-1' Interface-Index '5' WLAN '0' Ethernet '-1' Parsed-iFill '-1' -> 'INVALID' ifIndex '1' -> 'lo'
04-09 09:56:30.179  2711  2723 I chatty  : uid=0(root) YaniServer identical 4 lines
04-09 09:56:30.180  2711  2723 I yani_server: NetLink Event '-1' Interface-Index '5' WLAN '0' Ethernet '-1' Parsed-iFill '-1' -> 'INVALID' ifIndex '1' -> 'lo'
04-09 09:56:30.180  2711  2723 I yani_kernel: yani_geteventfrom_changeaddr() Message-Id '1' Netlink event '16' Interface Index '5' -> Name 'wlan0' 
04-09 09:56:30.181  2711  2723 I yani_kernel: yani_geteventfrom_changeaddr() Message-Id '1' Netlink event '16' Interface Index '5' -> Name 'wlan0' 
04-09 09:56:30.193  2971  3154 I LibreCastControlDelegate: OnCastStatus() +++ Bedroom speaker 2:0xaca23198:NOT_SETUP
04-09 09:56:30.193  2971  3154 I LibreCastControlDelegate: Device Build Number -> '1.52.272222'
04-09 09:56:30.193  2971  3154 I librecast: updateCastBuildVersion() Version 1.52.272222
04-09 09:56:30.194  2712  2719 I lucitransport: readRemoteMessage() MID char = 7 buffer = 1.52.272222
04-09 09:56:30.194  2971  3154 I LibreCastControlDelegate: Active Applications -> 0
04-09 09:56:30.194  2971  3154 I LibreCastControlDelegate: Current Cast State '2' -> 'NOT_SETUP'
04-09 09:56:30.194  2971  3154 I LibreCastControlDelegate: OnCastStatus() ---
04-09 09:56:30.634  3079  3079 I cast_shell: [3082:3132:INFO:metrics_recorder.cc(282)] Cast v2 action(socket_id=39670884-7026-a715-b840-1e45d8e11553.2): CastV2.Connection.Connect.In
04-09 09:56:30.635  3079  3079 I cast_shell: [3082:3121:INFO:setup_namespace_handler.cc(94)] Added a peer for setup namespace: 39670884-7026-a715-b840-1e45d8e11553.2:gms_cast_prober-1
04-09 09:56:30.636  3079  3079 I cast_shell: [3082:3121:INFO:setup_state.cc(544)] EurekaInfoCalled: wifi_state=10, is_usable_ip_address=1, connected=1, is_initial_setup=0
04-09 09:56:30.636  3079  3079 I cast_shell: [3082:3082:INFO:application_config_manager_impl.cc(637)] Virtual device not enabled: [PII](39670884-7026-a715-b840-1e45d8e11553)
04-09 09:56:30.636  3079  3079 I cast_shell: [3082:3082:WARNING:application_config_manager_impl.cc(424)] App is not supported: id=CC1AD845
04-09 09:56:30.655  3079  3079 I cast_shell: [3082:3082:INFO:mdns_util.cc(102)] Defaulting mDNS capabilities for audio-only build
04-09 09:56:30.655  3079  3079 I cast_shell: [3082:3082:INFO:mdns_util.cc(102)] Defaulting mDNS capabilities for audio-only build
04-09 09:56:30.665  3079  3079 I cast_shell: [3082:3132:INFO:v2_ssl_socket.cc(358)] Stop reading on pending closed socket
04-09 09:56:30.666  3079  3079 I cast_shell: [3082:3121:INFO:setup_namespace_handler.cc(104)] Removed a peer for setup namespace: 39670884-7026-a715-b840-1e45d8e11553.2:gms_cast_prober-1
04-09 09:56:30.800  3079  3079 I cast_shell: [system_updater_dummy.cpp(139)] CheckUpdate 139
04-09 09:56:30.800  3079  3079 I cast_shell: [system_updater_dummy.cpp(148)] CheckUpdate 148 return
04-09 09:56:31.014  2977  3001 I otamanager: OTA:curl response code : 0	
04-09 09:56:31.014  2977  3001 I otamanager: http status code : 200
04-09 09:56:31.014  2977  3001 I otamanager: OTA: contentLen :187.000000
04-09 09:56:31.022  2977  3001 I otamanager: OTA: bytesDownloaded = 187 m_iHttpStatusCode = 200 
04-09 09:56:31.026  2691  2691 I sh      : {
04-09 09:56:31.026  2977  3001 E otamanager: OTA:error string =  No update available
04-09 09:56:31.026  2691  2691 I sh      : 	"castVersion" : null,
04-09 09:56:31.026  2691  2691 I sh      : 	"crc" : null,
04-09 09:56:31.026  2691  2691 I sh      : 	"errorCode" : 1001,
04-09 09:56:31.026  2691  2691 I sh      : 	"errorString" : "No update available",
04-09 09:56:31.026  2691  2691 I sh      : 	"forceUpgrade" : true,
04-09 09:56:31.026  2691  2691 I sh      : 	"mcuOnlyUpdate" : false,
04-09 09:56:31.027  2712  2719 I lucitransport: writeRemoteMessage() MID = 223 buffer = NO_UPDATE
04-09 09:56:31.027  2712  2719 I luciUART: write() MID = 223  bytes = 19 data = NO_UPDATE m_fd = 0x5
04-09 09:56:31.027  2977  3001 I otamanager: Firmware Update State Change from CheckUpdate to Idle
04-09 09:56:31.027  3082  3089 E         : OOBE CheckUpdate
04-09 09:56:31.034  3079  3079 I cast_shell: [system_updater_dummy.cpp(132)] CheckUpdate 132 no new version
04-09 09:56:31.034  3079  3079 I cast_shell: [3082:3089:INFO:update_engine_client_with_system_updater.cc(226)] No system force update, error_code=0
04-09 09:56:31.034  3079  3079 I cast_shell: [3082:3089:INFO:update_engine_client_with_system_updater.cc(167)] Checking system force update.
04-09 09:56:31.034  3079  3079 I cast_shell: [system_updater_dummy.cpp(109)] CheckUpdate
04-09 09:56:31.034  2977  3001 I otamanager: cast_updater_threadEntry() Response 'CheckUpdate' Current Firmware Update state 'Idle'
04-09 09:56:31.034  3079  3079 I cast_shell: [system_updater_dummy.cpp(148)] CheckUpdate 148 return
04-09 09:56:31.034  3079  3079 I cast_shell: [system_updater_dummy.cpp(148)] CheckUpdate 148 return
04-09 09:56:31.034  2977  3001 I otamanager: checkUpdate_l
04-09 09:56:31.034  3079  3079 I cast_shell: [system_updater_dummy.cpp(148)] CheckUpdate 148 return
04-09 09:56:31.034  2977  3001 I otamanager: Firmware Update State Change from Idle to CheckUpdate
04-09 09:56:31.034  2977  3001 E otamanager: lo not valid Interface for MAC ID
04-09 09:56:31.034  2977  3001 D otamanager: OTA: wlan IP = 192.168.1.145
04-09 09:56:31.034  2977  3001 I otamanager: OTA:checkIP mac = cc909321f384  IP = 192.168.1.145 
04-09 09:56:31.035  2977  3001 I otamanager: DownloadHttpContent firmware version = eng.C4A.1203
04-09 09:56:31.039  2712  2719 I lucitransport: readRemoteMessage() MID char = 6 buffer = 1001
04-09 09:56:31.039  2712  2712 I lucitransport: readRemoteMessage() MID char = 7 buffer = 1.52.272222
04-09 09:56:31.039  2977  3001 I otamanager: OTA: DownloadHttpContent :payload =  {"device":{"brand":"COTODAMA","castVersion":"1.52.272222","deviceId":"cc909321f384","deviceType":"LS10_C4A","fwVersion":"1203","googleCast":true,"mcuVersion":"1001","model":"LSB"}}
04-09 09:56:31.039  2977  3001 I otamanager:  
04-09 09:56:31.039  2977  3001 I otamanager: OTA:------curlDownloadFirmwareXml---
04-09 09:56:31.040  2977  3001 I otamanager: OTA:isValidIpAddress: result 0
04-09 09:56:31.099  3079  3079 I cast_shell: [3082:3121:INFO:metrics_recorder.cc(282)] Record action: Setup.state.BLE
04-09 09:56:31.218  2977  3001 I otamanager: OTA:ResolveDNSName IP = 34.227.156.126
04-09 09:56:31.218  2977  3001 I otamanager: OTA:hostIp string: https://34.227.156.126/v1
04-09 09:56:31.218  2977  3001 I otamanager: OTA: trying after 2 sec 
04-09 09:56:31.357  3079  3079 I cast_shell: [3082:3131:INFO:mdns_app_filter.cc(1526)] MdnsAppFilter: Done announcing.
04-09 09:56:32.048  3079  3079 I cast_shell: [system_updater_dummy.cpp(139)] CheckUpdate 139
04-09 09:56:32.048  3079  3079 I cast_shell: [system_updater_dummy.cpp(148)] CheckUpdate 148 return
04-09 09:56:32.134  3079  3079 I cast_shell: [3082:3121:INFO:metrics_recorder.cc(282)] Record action: Setup.state.BLE
04-09 09:56:32.796  2977  3001 I otamanager: OTA:curl response code : 0	
04-09 09:56:32.796  2977  3001 I otamanager: http status code : 200
04-09 09:56:32.796  2977  3001 I otamanager: OTA: contentLen :187.000000
04-09 09:56:32.805  2977  3001 I otamanager: OTA: bytesDownloaded = 187 m_iHttpStatusCode = 200 
04-09 09:56:32.806  2977  3001 E otamanager: OTA:error string =  No update available
04-09 09:56:32.806  2691  2691 I sh      : }{
04-09 09:56:32.806  2691  2691 I sh      : 	"castVersion" : null,
04-09 09:56:32.806  2691  2691 I sh      : 	"crc" : null,
04-09 09:56:32.806  2691  2691 I sh      : 	"errorCode" : 1001,
04-09 09:56:32.806  2691  2691 I sh      : 	"errorString" : "No update available",
04-09 09:56:32.806  2691  2691 I sh      : 	"forceUpgrade" : true,
04-09 09:56:32.806  2691  2691 I sh      : 	"mcuOnlyUpdate" : false,
04-09 09:56:32.806  2691  2691 I sh      : 	"otapackage" : null,
04-09 09:56:32.806  2691  2691 I sh      : 	"url" : null,
04-09 09:56:32.806  2691  2691 I sh      : 	"version" : null
04-09 09:56:32.806  2712  2712 I lucitransport: writeRemoteMessage() MID = 223 buffer = NO_UPDATE
04-09 09:56:32.806  2712  2712 I luciUART: write() MID = 223  bytes = 19 data = NO_UPDATE m_fd = 0x5
04-09 09:56:32.807  2977  3001 I otamanager: Firmware Update State Change from CheckUpdate to Idle
04-09 09:56:32.808  3079  3079 I cast_shell: [system_updater_dummy.cpp(132)] CheckUpdate 132 no new version
04-09 09:56:32.808  3079  3079 I cast_shell: [3082:3089:INFO:update_engine_client_with_system_updater.cc(226)] No system force update, error_code=0
04-09 09:56:32.809  3079  3079 I cast_shell: [3082:3121:INFO:setup_state.cc(261)] Setup state changed: SETUP_STATE_CONNECTED_WIFI_NOT_SAVED (61) -> SETUP_STATE_CONNECTED (60)
04-09 09:56:32.809  3079  3079 I cast_shell: [3082:3121:INFO:setup_manager_impl.cc(1019)] Setup discoverability is disabled
04-09 09:56:32.809  3079  3079 I cast_shell: [3082:3121:INFO:ble_setup_manager.cc(758)] Clearing setup read attributes
04-09 09:56:32.809  3079  3079 I cast_shell: [3082:3121:INFO:gatt_client_manager_impl.cc(202)] Enabling GATT client connectability
04-09 09:56:32.809  3079  3079 I cast_shell: [3082:3121:INFO:ble_setup_manager.cc(620)] Stopped Bluetooth service
04-09 09:56:32.809  3079  3079 I cast_shell: [3082:3121:INFO:ble_setup.cc(423)] BLE setup stopped.
04-09 09:56:25.982  2731  2745 I chatty  : uid=0(root) /bin/net_mgr identical 2 lines
04-09 09:56:25.987  2731  2745 I NetworkMonitor: turn off power-save
04-09 09:56:32.813  2731  2745 I HotspotManager: hotspot stop
04-09 09:56:32.813  2731  2745 I HotspotManager: stop dnsmasq
04-09 09:56:32.827  3079  3079 I cast_shell: [3082:3082:INFO:application_config_manager_impl.cc(566)] Enabling virtual device 39670884-7026-a715-b840-1e45d8e11553
04-09 09:56:32.827  3079  3079 I cast_shell: [3082:3131:INFO:mdns_cast_service.cc(351)] Device discovery state is idle
04-09 09:56:32.827  3079  3079 I cast_shell: [3082:3131:INFO:mdns_util.cc(102)] Defaulting mDNS capabilities for audio-only build
04-09 09:56:32.827  3079  3079 I cast_shell: [3082:3082:INFO:ble_discovery_controller.cc(121)] Starting BLE discovery
04-09 09:56:32.829  2971  3154 I LibreCastControlDelegate: OnCastStatus() +++ Bedroom speaker 2:0xaca23198:READY_TO_CAST
04-09 09:56:32.830  2971  3154 I LibreCastControlDelegate: Cast Device Name -> 'Bedroom speaker 2'
04-09 09:56:32.830  2971  3154 I librecast: OldFriendlyName '' & New name change By Cast 'Bedroom speaker 2' isfirstbootup 56 m_updatedonebyluci 95
04-09 09:56:32.830  2971  3154 I librecast:  Difference in FriendlyName notify all  
04-09 09:56:32.830  2971  3154 I LibreCastControl: LibreCastControl_SetCastName()  name 'Bedroom speaker 2' RequestId '6' pCastControl 0xf4800728
04-09 09:56:32.830  2712  2712 I lucitransport: writeRemoteMessage() MID = 90 buffer = Bedroom speaker 2
04-09 09:56:32.840  2971  3154 I LibreCastControlDelegate: OnResponse() ReqeustID 6, error  0
04-09 09:56:32.843  2734  2761 I bluetoothtbd: [0408/212632.843139:INFO:adapter.cc(551)] Adapter properties changed
04-09 09:56:32.843  2734  2761 I bluetoothtbd: [0408/212632.843318:INFO:adapter.cc(573)] Adapter name changed
04-09 09:56:32.844  3079  3079 I cast_shell: [3082:3121:INFO:bluetooth_manager.cc(1232)] [PII] Set device name to 'Bedroom speaker 2'
04-09 09:56:32.851  3079  3079 I cast_shell: [3082:3082:INFO:device_info_impl.cc(1133)] SSDP Config ID is increased: id=6
04-09 09:56:32.852  3079  3079 I cast_shell: [3082:3082:INFO:ccs_manager_impl.cc(1842)] Postponing device name update while registering
04-09 09:56:32.852  3079  3079 I cast_shell: [3082:3131:INFO:mdns_util.cc(102)] Defaulting mDNS capabilities for audio-only build
04-09 09:56:32.852  3079  3079 I cast_shell: [3082:3082:INFO:mdns_manager_impl.cc(429)] Successfully updated service: type=_googlecast
04-09 09:56:32.853  3079  3079 I cast_shell: [3082:3082:INFO:virtual_device.cc(296)] Updated mDNS service for virtual device: id=39670884-7026-a715-b840-1e45d8e11553
04-09 09:56:32.853  2971  3154 I LibreCastControlDelegate: OnCastStatus() +++ Bedroom speaker 2:0xaca23198:READY_TO_CAST
04-09 09:56:32.854  2971  3154 I LibreCastControlDelegate: Cast Device Name -> 'Bedroom speaker 2'
04-09 09:56:32.854  2971  3154 I librecast: OldFriendlyName '' & New name change By Cast 'Bedroom speaker 2' isfirstbootup 56 m_updatedonebyluci 95
04-09 09:56:32.854  2971  3154 I librecast:  Difference in FriendlyName notify all  
04-09 09:56:32.854  2971  3154 I LibreCastControl: LibreCastControl_SetCastName()  name 'Bedroom speaker 2' RequestId '7' pCastControl 0xf4800728
04-09 09:56:32.854  2712  2712 I lucitransport: writeRemoteMessage() MID = 90 buffer = Bedroom speaker 2
04-09 09:56:32.854  2712  2712 I luciUART: write() MID = 90  bytes = 27 data = Bedroom speaker 2 m_fd = 0x5
04-09 09:56:32.855  2712  2712 I lucitransport: writeLocalMessage() MID = 90 buffer = Bedroom speaker 2
04-09 09:56:32.855  2971  3154 I LibreCastControlDelegate: Device Build Number -> '1.52.272222'
04-09 09:56:32.855  2971  3154 I librecast: updateCastBuildVersion() Version 1.52.272222
04-09 09:56:32.855  2712  2712 I lucitransport: readRemoteMessage() MID char = 7 buffer = 1.52.272222
04-09 09:56:32.855  2971  3154 I LibreCastControlDelegate: Active Applications -> 0
04-09 09:56:32.855  2971  3154 I LibreCastControlDelegate: Current Cast State '6' -> 'READY_TO_CAST'
04-09 09:56:32.855  2971  3154 I LibreCastControlDelegate: OnCastStatus() ---
04-09 09:56:32.857  2971  3154 I LibreCastControlDelegate: OnResponse() ReqeustID 7, error  0
04-09 09:56:32.858  2734  2761 I bluetoothtbd: [0408/212632.858172:INFO:adapter.cc(551)] Adapter properties changed
04-09 09:56:32.858  2734  2761 I bluetoothtbd: [0408/212632.858314:INFO:adapter.cc(573)] Adapter name changed
04-09 09:56:32.858  3079  3079 I cast_shell: [3082:3121:INFO:bluetooth_manager.cc(1232)] [PII] Set device name to 'Bedroom speaker 2'
04-09 09:56:32.865  2691  2691 I sh      : MessageBoxAlert() MID 90 
04-09 09:56:32.865  2691  2691 I sh      : MessageBoxChanged() MID '90'
04-09 09:56:32.866  2971  3053 I librecast: MessageBoxAlert() Msg = 90 remoteID = 16 
04-09 09:56:32.866  2712  2721 I lucitransport: readRemoteMessage() MID char = 90 buffer = Bedroom speaker 2
04-09 09:56:32.866  2971  3053 I LibreCastControl: LibreCastControl_SetCastName()  name 'Bedroom speaker 2' RequestId '8' pCastControl 0xf4800728
04-09 09:56:32.866  2971  3053 E librecast: MessageBoxAlert() friendlyname Bedroom speaker 2
04-09 09:56:32.866  2971  3053 I LibreCastControl: MessageBoxAlert() messageBoxID 90
04-09 09:56:32.866  2973  2973 I airplayluci: MessageBoxAlert: MID 90
04-09 09:56:32.868  3079  3079 I cast_shell: [3082:3082:INFO:device_info_impl.cc(1133)] SSDP Config ID is increased: id=7
04-09 09:56:32.868  3079  3079 I cast_shell: [3082:3082:INFO:ccs_manager_impl.cc(1842)] Postponing device name update while registering
04-09 09:56:32.868  3079  3079 I cast_shell: [3082:3131:INFO:mdns_util.cc(102)] Defaulting mDNS capabilities for audio-only build
04-09 09:56:32.869  2974  2998 E Spotify-Player: Change Spotify Device name
04-09 09:56:32.870  3079  3079 I cast_shell: [3082:3082:INFO:mdns_manager_impl.cc(429)] Successfully updated service: type=_googlecast
04-09 09:56:32.870  3079  3079 I cast_shell: [3082:3082:INFO:virtual_device.cc(296)] Updated mDNS service for virtual device: id=39670884-7026-a715-b840-1e45d8e11553
04-09 09:56:32.870  2712  2721 E LUCI_SERVER: Luci Server Thread wait over MID 90....
04-09 09:56:32.870  2971  3154 I LibreCastControlDelegate: OnCastStatus() +++ Bedroom speaker 2:0xaca23198:READY_TO_CAST
04-09 09:56:32.872  2973  3533 I airplay_v2_0_6: 2022-04-09 09:56:32.871843 [AirPlay] Deregistered Bonjour _airplay._tcp. for restart
04-09 09:56:32.872  2973  3533 I airplay_v2_0_6: 2022-04-09 09:56:32.872164 [AirPlay] Deregistered Bonjour _raop._tcp. for restart
04-09 09:56:32.873  2734  2761 I bluetoothtbd: [0408/212632.873147:INFO:adapter.cc(551)] Adapter properties changed
04-09 09:56:32.874  3079  3079 I cast_shell: [3082:3121:INFO:bluetooth_manager.cc(1232)] [PII] Set device name to 'Bedroom speaker 2'
04-09 09:56:32.874  2734  2761 I bluetoothtbd: [0408/212632.873281:INFO:adapter.cc(573)] Adapter name changed
04-09 09:56:32.875  2974  2999 I SPOTIFY : ConnectionNotify event(0-Login, 1-Logout, rest Error) = 6 
04-09 09:56:32.875  2974  2999 E SPOTIFY : Device Name change new name = Bedroom speaker 2
04-09 09:56:32.875  2974  2999 E SPOTIFY : err = 0 
04-09 09:56:32.881  3079  3079 I cast_shell: [3082:3082:INFO:device_info_impl.cc(1133)] SSDP Config ID is increased: id=8
04-09 09:56:32.881  3079  3079 I cast_shell: [3082:3082:INFO:ccs_manager_impl.cc(1842)] Postponing device name update while registering
04-09 09:56:32.881  3079  3079 I cast_shell: [3082:3131:INFO:mdns_util.cc(102)] Defaulting mDNS capabilities for audio-only build
04-09 09:56:32.881  3079  3079 I cast_shell: [3082:3082:INFO:mdns_manager_impl.cc(429)] Successfully updated service: type=_googlecast
04-09 09:56:32.881  3079  3079 I cast_shell: [3082:3082:INFO:virtual_device.cc(296)] Updated mDNS service for virtual device: id=39670884-7026-a715-b840-1e45d8e11553
04-09 09:56:32.881  2971  3154 I LibreCastControlDelegate: Cast Device Name -> 'Bedroom speaker 2'
04-09 09:56:32.881  2971  3154 I librecast: OldFriendlyName 'Bedroom speaker 2' & New name change By Cast 'Bedroom speaker 2' isfirstbootup 56 m_updatedonebyluci 0
04-09 09:56:32.881  2971  3154 I LibreCastControlDelegate: Device Build Number -> '1.52.272222'
04-09 09:56:32.881  2971  3154 I librecast: updateCastBuildVersion() Version 1.52.272222
04-09 09:56:32.882  2712  2712 I lucitransport: readRemoteMessage() MID char = 7 buffer = 1.52.272222
04-09 09:56:32.882  2971  3154 I LibreCastControlDelegate: Active Applications -> 0
04-09 09:56:32.882  2971  3154 I LibreCastControlDelegate: Current Cast State '6' -> 'READY_TO_CAST'
04-09 09:56:32.882  2971  3154 I LibreCastControlDelegate: OnCastStatus() ---
04-09 09:56:32.882  2971  3154 I LibreCastControlDelegate: OnResponse() ReqeustID 8, error  0
04-09 09:56:32.883  2971  3154 I LibreCastControlDelegate: OnCastStatus() +++ Bedroom speaker 2:0xaca23198:READY_TO_CAST
04-09 09:56:32.884  2971  3154 I LibreCastControlDelegate: Cast Device Name -> 'Bedroom speaker 2'
04-09 09:56:32.884  2971  3154 I librecast: OldFriendlyName 'Bedroom speaker 2' & New name change By Cast 'Bedroom speaker 2' isfirstbootup 56 m_updatedonebyluci 0
04-09 09:56:32.884  2971  3154 I LibreCastControlDelegate: Device Build Number -> '1.52.272222'
04-09 09:56:32.884  2971  3154 I librecast: updateCastBuildVersion() Version 1.52.272222
04-09 09:56:32.885  2712  2712 I lucitransport: readRemoteMessage() MID char = 7 buffer = 1.52.272222
04-09 09:56:32.887  2971  3154 I LibreCastControlDelegate: Active Applications -> 0
04-09 09:56:32.887  2971  3154 I LibreCastControlDelegate: Current Cast State '6' -> 'READY_TO_CAST'
04-09 09:56:32.887  2971  3154 I LibreCastControlDelegate: OnCastStatus() ---
04-09 09:56:32.908  2691  2691 I sh      : MessageBoxAlert() MID 90 
04-09 09:56:32.908  2691  2691 I sh      : MessageBoxChanged() MID '90'
04-09 09:56:32.908  2971  3053 I librecast: MessageBoxAlert() Msg = 90 remoteID = 16 
04-09 09:56:32.908  2712  2721 I lucitransport: readRemoteMessage() MID char = 90 buffer = Bedroom speaker 2
04-09 09:56:32.908  2971  3053 I LibreCastControl: LibreCastControl_SetCastName()  name 'Bedroom speaker 2' RequestId '9' pCastControl 0xf4800728
04-09 09:56:32.908  2971  3053 E librecast: MessageBoxAlert() friendlyname Bedroom speaker 2
04-09 09:56:32.909  2971  3053 I LibreCastControl: MessageBoxAlert() messageBoxID 90
04-09 09:56:32.909  2973  2973 I airplayluci: MessageBoxAlert: MID 90
04-09 09:56:32.909  2974  2998 E Spotify-Player: Change Spotify Device name
04-09 09:56:32.909  2712  2721 E LUCI_SERVER: Luci Server Thread waiting for packets....
04-09 09:56:32.911  2971  3154 I LibreCastControlDelegate: OnResponse() ReqeustID 9, error  0
04-09 09:56:32.913  2734  2761 I bluetoothtbd: [0408/212632.913614:INFO:adapter.cc(551)] Adapter properties changed
04-09 09:56:32.913  2734  2761 I bluetoothtbd: [0408/212632.913839:INFO:adapter.cc(573)] Adapter name changed
04-09 09:56:32.914  2970  2980 D wac-main: Netlink event
04-09 09:56:32.914  2970  2980 E wac-main: Netlink event 21 Interface Index 6 
04-09 09:56:32.914  2970  2980 E wac-main: Enter poll and wait
04-09 09:56:32.915  2711  2723 I yani_kernel: yani_geteventfrom_changeaddr() Message-Id '1' Netlink event '21' Interface Index '6' -> Name 'p2p0' 
04-09 09:56:32.915  2788  2788 I dnsmasq : reading /etc/resolv.conf
04-09 09:56:32.915  2788  2788 I dnsmasq : using nameserver 8.8.4.4#53
04-09 09:56:32.915  2788  2788 I dnsmasq : using nameserver 192.168.1.1#53
04-09 09:56:32.915  2788  2788 I dnsmasq : using nameserver 192.168.50.1#53
04-09 09:56:32.916  3079  3079 I cast_shell: [3082:3082:INFO:device_info_impl.cc(1133)] SSDP Config ID is increased: id=9
04-09 09:56:32.917  3079  3079 I cast_shell: [3082:3082:INFO:mdns_manager_impl.cc(429)] Successfully updated service: type=_googlecast
04-09 09:56:32.917  3079  3079 I cast_shell: [3082:3082:INFO:virtual_device.cc(296)] Updated mDNS service for virtual device: id=39670884-7026-a715-b840-1e45d8e11553
04-09 09:56:32.918  2731  2745 I HotspotManager: stop hostapd
04-09 09:56:32.919  2974  2999 E SPOTIFY : Device Name change new name = Bedroom speaker 2
04-09 09:56:32.919  2974  2999 E SPOTIFY : err = 0 
04-09 09:56:32.921  3079  3079 I cast_shell: [3082:3121:INFO:bluetooth_manager.cc(1232)] [PII] Set device name to 'Bedroom speaker 2'
04-09 09:56:32.922  2711  2723 I yani_server: NetLink Event '5' Interface-Index '6' WLAN '-1' Ethernet '-1' Parsed-iFill '5' -> 'P2P0 DISCONNECTED' ifIndex '2' -> 'tunl0'
04-09 09:56:32.923  2971  3154 I LibreCastControlDelegate: OnCastStatus() +++ Bedroom speaker 2:0xaca23198:READY_TO_CAST
04-09 09:56:32.925  2711  2723 E yani_server: YANI: I am Done Wait For Event 
04-09 09:56:32.925  2711  2815 I yani_server: onNetworkParametersChanged() WAC Mode '0'  Index '2' Interface 'p2p0' Status '0'
04-09 09:56:32.925  2728  2746 I MB_HANDLER: YaniAlert() Interface '3' Status '0'
04-09 09:56:32.926  2712  2712 I lucitransport: writeRemoteMessage() MID = 124 buffer = 1#1,1#2,0#3,0#4,0
