04-09 11:18:27.075  2972  3168 I LibreCastControlDelegate: Device Build Number -> '1.52.272222'
04-09 11:18:27.293  3090  3090 I cast_shell: [3093:3133:INFO:metrics_recorder.cc(282)] Record action: Setup.state.BLE
04-09 11:18:27.704  2978  2999 I otamanager: OTA:curl response code : 0	
04-09 11:18:27.704  2978  2999 I otamanager: http status code : 200
04-09 11:18:27.704  2978  2999 I otamanager: OTA: contentLen :187.000000
04-09 11:18:27.711  2978  2999 I otamanager: OTA: bytesDownloaded = 187 m_iHttpStatusCode = 200 
04-09 11:18:27.716  2978  2999 E otamanager: OTA:error string =  No update available
04-09 11:18:27.717  2712  2712 I lucitransport: writeRemoteMessage() MID = 223 buffer = NO_UPDATE
04-09 11:18:27.717  2712  2712 I luciUART: write() MID = 223  bytes = 19 data = NO_UPDATE m_fd = 0x5
04-09 11:18:27.717  2690  2690 I sh      : {
04-09 11:18:27.717  2690  2690 I sh      : 	"castVersion" : null,
04-09 11:18:27.717  2690  2690 I sh      : 	"crc" : null,
04-09 11:18:27.717  2690  2690 I sh      : 	"errorCode" : 1001,
04-09 11:18:27.717  2690  2690 I sh      : 	"errorString" : "No update available",
04-09 11:18:27.717  2690  2690 I sh      : 	"forceUpgrade" : true,
04-09 11:18:27.717  2690  2690 I sh      : 	"mcuOnlyUpdate" : false,
04-09 11:18:27.718  2978  2999 I otamanager: Firmware Update State Change from CheckUpdate to Idle
04-09 11:18:27.718  3093  3103 E         : OOBE CheckUpdate
04-09 11:18:27.722  3090  3090 I cast_shell: [system_updater_dummy.cpp(132)] CheckUpdate 132 no new version
04-09 11:18:27.722  3090  3090 I cast_shell: [3093:3103:INFO:update_engine_client_with_system_updater.cc(226)] No system force update, error_code=0
04-09 11:18:27.722  3090  3090 I cast_shell: [3093:3103:INFO:update_engine_client_with_system_updater.cc(167)] Checking system force update.
04-09 11:18:27.722  3090  3090 I cast_shell: [system_updater_dummy.cpp(109)] CheckUpdate
04-09 11:18:27.725  2978  2999 I otamanager: cast_updater_threadEntry() Response 'CheckUpdate' Current Firmware Update state 'Idle'
04-09 11:18:27.725  2978  2999 I otamanager: checkUpdate_l
04-09 11:18:27.725  2978  2999 I otamanager: Firmware Update State Change from Idle to CheckUpdate
04-09 11:18:27.725  2712  2712 I lucitransport: readRemoteMessage() MID char = 232 buffer = TRUE
04-09 11:18:27.725  3090  3090 I cast_shell: [system_updater_dummy.cpp(148)] CheckUpdate 148 return
04-09 11:18:27.725  3090  3090 I chatty  : uid=1000(chrome) /bin/logwrapper identical 1 line
04-09 11:18:27.725  3090  3090 I cast_shell: [system_updater_dummy.cpp(148)] CheckUpdate 148 return
04-09 11:18:27.725  2978  2999 E otamanager: lo not valid Interface for MAC ID
04-09 11:18:27.725  2978  2999 D otamanager: OTA: wlan IP = 192.168.1.145
04-09 11:18:27.726  2978  2999 I otamanager: OTA:checkIP mac = cc909321f384  IP = 192.168.1.145 
04-09 11:18:27.727  2978  2999 I otamanager: DownloadHttpContent firmware version = eng.C4A.1203
04-09 11:18:27.730  2712  2712 I lucitransport: readRemoteMessage() MID char = 6 buffer = 1001
04-09 11:18:27.731  2712  2712 I lucitransport: readRemoteMessage() MID char = 7 buffer = 1.52.272222
04-09 11:18:27.731  2978  2999 I otamanager: OTA: DownloadHttpContent :payload =  {"device":{"brand":"COTODAMA","castVersion":"1.52.272222","deviceId":"cc909321f384","deviceType":"LS10_C4A","fwVersion":"1203","googleCast":true,"mcuVersion":"1001","model":"LSB"}}
04-09 11:18:27.731  2978  2999 I otamanager:  
04-09 11:18:27.731  2978  2999 I otamanager: OTA:------curlDownloadFirmwareXml---
04-09 11:18:27.731  2978  2999 I otamanager: OTA:isValidIpAddress: result 0
04-09 11:18:27.905  2978  2999 I otamanager: OTA:ResolveDNSName IP = 52.21.105.210
04-09 11:18:27.905  2978  2999 I otamanager: OTA:hostIp string: https://52.21.105.210/v1
04-09 11:18:27.905  2978  2999 I otamanager: OTA: trying after 2 sec 
04-09 11:18:28.264  3090  3090 I cast_shell: [3093:3143:INFO:mdns_app_filter.cc(1526)] MdnsAppFilter: Done announcing.
04-09 11:18:28.327  3090  3090 I cast_shell: [3093:3133:INFO:metrics_recorder.cc(282)] Record action: Setup.state.BLE
04-09 11:18:28.749  3090  3090 I cast_shell: [system_updater_dummy.cpp(139)] CheckUpdate 139
04-09 11:18:28.749  3090  3090 I cast_shell: [system_updater_dummy.cpp(148)] CheckUpdate 148 return
04-09 11:18:29.362  3090  3090 I cast_shell: [3093:3133:INFO:metrics_recorder.cc(282)] Record action: Setup.state.BLE
04-09 11:18:29.506  2978  2999 I otamanager: OTA:curl response code : 0	
04-09 11:18:29.506  2978  2999 I otamanager: http status code : 200
04-09 11:18:29.506  2978  2999 I otamanager: OTA: contentLen :187.000000
04-09 11:18:29.516  2978  2999 I otamanager: OTA: bytesDownloaded = 187 m_iHttpStatusCode = 200 
04-09 11:18:29.516  2690  2690 I sh      : }{
04-09 11:18:29.516  2978  2999 E otamanager: OTA:error string =  No update available
04-09 11:18:29.516  2690  2690 I sh      : 	"castVersion" : null,
04-09 11:18:29.516  2690  2690 I sh      : 	"crc" : null,
04-09 11:18:29.516  2690  2690 I sh      : 	"errorCode" : 1001,
04-09 11:18:29.516  2690  2690 I sh      : 	"errorString" : "No update available",
04-09 11:18:29.516  2690  2690 I sh      : 	"forceUpgrade" : true,
04-09 11:18:29.516  2690  2690 I sh      : 	"mcuOnlyUpdate" : false,
04-09 11:18:29.516  2690  2690 I sh      : 	"otapackage" : null,
04-09 11:18:29.516  2690  2690 I sh      : 	"url" : null,
04-09 11:18:29.517  2978  2999 I otamanager: Firmware Update State Change from CheckUpdate to Idle
04-09 11:18:29.519  3090  3090 I cast_shell: [system_updater_dummy.cpp(132)] CheckUpdate 132 no new version
04-09 11:18:29.519  3090  3090 I cast_shell: [3093:3103:INFO:update_engine_client_with_system_updater.cc(226)] No system force update, error_code=0
04-09 11:18:29.523  3090  3090 I cast_shell: [3093:3133:INFO:setup_state.cc(261)] Setup state changed: SETUP_STATE_CONNECTED_WIFI_NOT_SAVED (61) -> SETUP_STATE_CONNECTED (60)
04-09 11:18:29.523  3090  3090 I cast_shell: [3093:3133:INFO:setup_manager_impl.cc(1019)] Setup discoverability is disabled
04-09 11:18:29.523  3090  3090 I cast_shell: [3093:3133:INFO:ble_setup_manager.cc(758)] Clearing setup read attributes
04-09 11:18:29.523  3090  3090 I cast_shell: [3093:3133:INFO:gatt_client_manager_impl.cc(202)] Enabling GATT client connectability
04-09 11:18:29.523  3090  3090 I cast_shell: [3093:3133:INFO:ble_setup_manager.cc(620)] Stopped Bluetooth service
04-09 11:18:29.523  3090  3090 I cast_shell: [3093:3133:INFO:ble_setup.cc(423)] BLE setup stopped.
04-09 11:18:22.160  2732  2746 I chatty  : uid=0(root) /bin/net_mgr identical 2 lines
04-09 11:18:22.544  2732  2746 I NetworkMonitor: turn off power-save
04-09 11:18:29.523  2732  2746 I HotspotManager: hotspot stop
04-09 11:18:29.523  2732  2746 I HotspotManager: stop dnsmasq
04-09 11:18:29.538  3090  3090 I cast_shell: [3093:3093:INFO:application_config_manager_impl.cc(566)] Enabling virtual device e051ac4b-0144-0e03-512b-68c9883c6c78
04-09 11:18:29.538  3090  3090 I cast_shell: [3093:3143:INFO:mdns_cast_service.cc(351)] Device discovery state is idle
04-09 11:18:29.538  3090  3090 I cast_shell: [3093:3143:INFO:mdns_util.cc(102)] Defaulting mDNS capabilities for audio-only build
04-09 11:18:29.538  3090  3090 I cast_shell: [3093:3133:INFO:gatt_client_manager_impl.cc(202)] Enabling GATT client connectability
04-09 11:18:29.538  3090  3090 I cast_shell: [3093:3133:INFO:gatt_client_manager_impl.cc(202)] Enabling GATT client connectability
04-09 11:18:29.538  3090  3090 I cast_shell: [3093:3093:INFO:ble_discovery_controller.cc(121)] Starting BLE discovery
04-09 11:18:29.540  2972  3168 I LibreCastControlDelegate: OnCastStatus() +++ Attic speaker:0xabf7b198:READY_TO_CAST
04-09 11:18:29.540  2972  3168 I LibreCastControlDelegate: Cast Device Name -> 'Attic speaker'
04-09 11:18:29.540  2972  3168 I librecast: OldFriendlyName '' & New name change By Cast 'Attic speaker' isfirstbootup 56 m_updatedonebyluci 95
04-09 11:18:29.540  2972  3168 I librecast:  Difference in FriendlyName notify all  
04-09 11:18:29.540  2972  3168 I LibreCastControl: LibreCastControl_SetCastName()  name 'Attic speaker' RequestId '6' pCastControl 0xf4c00728
04-09 11:18:29.541  2712  2712 I lucitransport: writeRemoteMessage() MID = 90 buffer = Attic speaker
04-09 11:18:29.548  2972  3168 I LibreCastControlDelegate: OnResponse() ReqeustID 6, error  0
04-09 11:18:29.550  2734  2762 I bluetoothtbd: [0408/224829.550125:INFO:adapter.cc(551)] Adapter properties changed
04-09 11:18:29.550  2734  2762 I bluetoothtbd: [0408/224829.550287:INFO:adapter.cc(573)] Adapter name changed
04-09 11:18:29.550  3090  3090 I cast_shell: [3093:3133:INFO:bluetooth_manager.cc(1232)] [PII] Set device name to 'Attic speaker'
04-09 11:18:29.553  3090  3090 I cast_shell: [3093:3093:INFO:device_info_impl.cc(1133)] SSDP Config ID is increased: id=6
04-09 11:18:29.555  3090  3090 I cast_shell: [3093:3093:INFO:ccs_manager_impl.cc(1842)] Postponing device name update while registering
04-09 11:18:29.555  3090  3090 I cast_shell: [3093:3143:INFO:mdns_util.cc(102)] Defaulting mDNS capabilities for audio-only build
04-09 11:18:29.555  3090  3090 I cast_shell: [3093:3093:INFO:mdns_manager_impl.cc(429)] Successfully updated service: type=_googlecast
04-09 11:18:29.555  3090  3090 I cast_shell: [3093:3093:INFO:virtual_device.cc(296)] Updated mDNS service for virtual device: id=e051ac4b-0144-0e03-512b-68c9883c6c78
04-09 11:18:29.556  2972  3168 I LibreCastControlDelegate: OnCastStatus() +++ Attic speaker:0xabf7b198:READY_TO_CAST
04-09 11:18:29.557  2972  3168 I LibreCastControlDelegate: Cast Device Name -> 'Attic speaker'
04-09 11:18:29.557  2972  3168 I librecast: OldFriendlyName '' & New name change By Cast 'Attic speaker' isfirstbootup 56 m_updatedonebyluci 95
04-09 11:18:29.557  2972  3168 I librecast:  Difference in FriendlyName notify all  
04-09 11:18:29.558  2972  3168 I LibreCastControl: LibreCastControl_SetCastName()  name 'Attic speaker' RequestId '7' pCastControl 0xf4c00728
04-09 11:18:29.558  2712  2712 I lucitransport: writeRemoteMessage() MID = 90 buffer = Attic speaker
04-09 11:18:29.563  2734  2762 I bluetoothtbd: [0408/224829.563249:INFO:adapter.cc(551)] Adapter properties changed
04-09 11:18:29.563  2734  2762 I bluetoothtbd: [0408/224829.563406:INFO:adapter.cc(573)] Adapter name changed
04-09 11:18:29.563  3090  3090 I cast_shell: [3093:3133:INFO:bluetooth_manager.cc(1232)] [PII] Set device name to 'Attic speaker'
04-09 11:18:29.566  3090  3090 I cast_shell: [3093:3093:INFO:device_info_impl.cc(1133)] SSDP Config ID is increased: id=7
04-09 11:18:29.567  3090  3090 I cast_shell: [3093:3093:INFO:ccs_manager_impl.cc(1842)] Postponing device name update while registering
04-09 11:18:29.567  3090  3090 I cast_shell: [3093:3143:INFO:mdns_util.cc(102)] Defaulting mDNS capabilities for audio-only build
04-09 11:18:29.568  2972  3168 I LibreCastControlDelegate: OnCastStatus() +++ Attic speaker:0xabf7b198:READY_TO_CAST
04-09 11:18:29.568  3090  3090 I cast_shell: [3093:3093:INFO:mdns_manager_impl.cc(429)] Successfully updated service: type=_googlecast
04-09 11:18:29.568  3090  3090 I cast_shell: [3093:3093:INFO:virtual_device.cc(296)] Updated mDNS service for virtual device: id=e051ac4b-0144-0e03-512b-68c9883c6c78
04-09 11:18:29.569  2972  3168 I LibreCastControlDelegate: Cast Device Name -> 'Attic speaker'
04-09 11:18:29.569  2972  3168 I librecast: OldFriendlyName '' & New name change By Cast 'Attic speaker' isfirstbootup 56 m_updatedonebyluci 95
04-09 11:18:29.569  2972  3168 I librecast:  Difference in FriendlyName notify all  
04-09 11:18:29.570  2972  3168 I LibreCastControl: LibreCastControl_SetCastName()  name 'Attic speaker' RequestId '8' pCastControl 0xf4c00728
04-09 11:18:29.577  2690  2690 I sh      : MessageBoxAlert() MID 90 
04-09 11:18:29.577  2690  2690 I sh      : MessageBoxChanged() MID '90'
04-09 11:18:29.578  2972  3017 I librecast: MessageBoxAlert() Msg = 90 remoteID = 16 
04-09 11:18:29.578  2712  2721 I lucitransport: readRemoteMessage() MID char = 90 buffer = Attic speaker
04-09 11:18:29.578  2972  3017 I LibreCastControl: LibreCastControl_SetCastName()  name 'Attic speaker' RequestId '9' pCastControl 0xf4c00728
04-09 11:18:29.578  2972  3017 E librecast: MessageBoxAlert() friendlyname Attic speaker
04-09 11:18:29.579  2972  3017 I LibreCastControl: MessageBoxAlert() messageBoxID 90
04-09 11:18:29.587  3090  3090 I cast_shell: [3093:3133:INFO:bluetooth_manager.cc(1232)] [PII] Set device name to 'Attic speaker'
04-09 11:18:29.588  3090  3090 I cast_shell: [3093:3093:INFO:device_info_impl.cc(1133)] SSDP Config ID is increased: id=9
04-09 11:18:29.589  3090  3090 I cast_shell: [3093:3093:INFO:ccs_manager_impl.cc(1842)] Postponing device name update while registering
04-09 11:18:29.589  3090  3090 I cast_shell: [3093:3143:INFO:mdns_util.cc(102)] Defaulting mDNS capabilities for audio-only build
04-09 11:18:29.590  2972  3168 I LibreCastControlDelegate: Cast Device Name -> 'Attic speaker'
04-09 11:18:29.590  2972  3168 I librecast: OldFriendlyName 'Attic speaker' & New name change By Cast 'Attic speaker' isfirstbootup 56 m_updatedonebyluci 0
04-09 11:18:29.590  2972  3168 I LibreCastControlDelegate: Device Build Number -> '1.52.272222'
04-09 11:18:29.590  2972  3168 I librecast: updateCastBuildVersion() Version 1.52.272222
04-09 11:18:29.591  3090  3090 I cast_shell: [3093:3093:INFO:mdns_manager_impl.cc(429)] Successfully updated service: type=_googlecast
04-09 11:18:29.591  3090  3090 I cast_shell: [3093:3093:INFO:virtual_device.cc(296)] Updated mDNS service for virtual device: id=e051ac4b-0144-0e03-512b-68c9883c6c78
04-09 11:18:29.591  2712  2712 I lucitransport: readRemoteMessage() MID char = 7 buffer = 1.52.272222
04-09 11:18:29.591  2972  3168 I LibreCastControlDelegate: Active Applications -> 0
04-09 11:18:29.591  2972  3168 I LibreCastControlDelegate: Current Cast State '6' -> 'READY_TO_CAST'
04-09 11:18:29.591  2972  3168 I LibreCastControlDelegate: OnCastStatus() ---
04-09 11:18:29.592  2972  3168 I LibreCastControlDelegate: OnResponse() ReqeustID 9, error  0
04-09 11:18:29.592  2972  3168 I LibreCastControlDelegate: OnCastStatus() +++ Attic speaker:0xabf7b198:READY_TO_CAST
04-09 11:18:29.593  2972  3168 I LibreCastControlDelegate: Cast Device Name -> 'Attic speaker'
04-09 11:18:29.593  2972  3168 I librecast: OldFriendlyName 'Attic speaker' & New name change By Cast 'Attic speaker' isfirstbootup 56 m_updatedonebyluci 0
04-09 11:18:29.593  2972  3168 I LibreCastControlDelegate: Device Build Number -> '1.52.272222'
04-09 11:18:29.593  2972  3168 I librecast: updateCastBuildVersion() Version 1.52.272222
04-09 11:18:29.594  2712  2712 I lucitransport: readRemoteMessage() MID char = 7 buffer = 1.52.272222
04-09 11:18:29.594  2972  3168 I LibreCastControlDelegate: Active Applications -> 0
04-09 11:18:29.594  2972  3168 I LibreCastControlDelegate: Current Cast State '6' -> 'READY_TO_CAST'
04-09 11:18:29.594  2972  3168 I LibreCastControlDelegate: OnCastStatus() ---
04-09 11:18:29.598  2975  2995 I SPOTIFY : ConnectionNotify event(0-Login, 1-Logout, rest Error) = 6 
04-09 11:18:29.598  2975  2995 E SPOTIFY : Device Name change new name = Attic speaker
04-09 11:18:29.598  2975  2995 E SPOTIFY : err = 0 
04-09 11:18:29.620  2690  2690 I sh      : MessageBoxAlert() MID 90 
04-09 11:18:29.620  2690  2690 I sh      : MessageBoxChanged() MID '90'
04-09 11:18:29.620  2972  3017 I librecast: MessageBoxAlert() Msg = 90 remoteID = 16 
04-09 11:18:29.621  2712  2721 I lucitransport: readRemoteMessage() MID char = 90 buffer = Attic speaker
04-09 11:18:29.621  2972  3017 I LibreCastControl: LibreCastControl_SetCastName()  name 'Attic speaker' RequestId '10' pCastControl 0xf4c00728
04-09 11:18:29.621  2972  3017 E librecast: MessageBoxAlert() friendlyname Attic speaker
04-09 11:18:29.621  2972  3017 I LibreCastControl: MessageBoxAlert() messageBoxID 90
04-09 11:18:29.621  2974  3010 I airplayluci: MessageBoxAlert: MID 90
04-09 11:18:29.623  2972  3168 I LibreCastControlDelegate: OnResponse() ReqeustID 10, error  0
04-09 11:18:29.623  2975  2994 E Spotify-Player: Change Spotify Device name
04-09 11:18:29.625  2971  2985 D wac-main: Netlink event
04-09 11:18:29.625  2971  2985 E wac-main: Netlink event 21 Interface Index 6 
04-09 11:18:29.625  2971  2985 E wac-main: Enter poll and wait
04-09 11:18:29.625  2711  2723 I yani_kernel: yani_geteventfrom_changeaddr() Message-Id '1' Netlink event '21' Interface Index '6' -> Name 'p2p0' 
04-09 11:18:29.625  2712  2721 E LUCI_SERVER: Luci Server Thread wait over MID 90....
04-09 11:18:29.627  2732  2746 I HotspotManager: stop hostapd
04-09 11:18:29.627  2788  2788 I dnsmasq : reading /etc/resolv.conf
04-09 11:18:29.627  2788  2788 I dnsmasq : using nameserver 8.8.4.4#53
04-09 11:18:29.627  2788  2788 I dnsmasq : using nameserver 192.168.1.1#53
04-09 11:18:29.628  2788  2788 I dnsmasq : using nameserver 192.168.50.1#53
04-09 11:18:29.628  2788  2788 I dnsmasq : using nameserver 8.8.8.8#53
04-09 11:18:29.628  2734  2762 I bluetoothtbd: [0408/224829.628297:INFO:adapter.cc(551)] Adapter properties changed
04-09 11:18:29.628  2734  2762 I bluetoothtbd: [0408/224829.628445:INFO:adapter.cc(573)] Adapter name changed
04-09 11:18:29.629  3090  3090 I cast_shell: [3093:3133:INFO:bluetooth_manager.cc(1232)] [PII] Set device name to 'Attic speaker'
04-09 11:18:29.630  2975  2995 E SPOTIFY : Device Name change new name = Attic speaker
04-09 11:18:29.630  2975  2995 E SPOTIFY : err = 0 
04-09 11:18:29.631  2711  2723 I yani_server: NetLink Event '5' Interface-Index '6' WLAN '-1' Ethernet '-1' Parsed-iFill '5' -> 'P2P0 DISCONNECTED' ifIndex '2' -> 'tunl0'
04-09 11:18:29.636  2711  2723 E yani_server: YANI: I am Done Wait For Event 
04-09 11:18:29.636  2711  2816 I yani_server: onNetworkParametersChanged() WAC Mode '0'  Index '2' Interface 'p2p0' Status '0'
04-09 11:18:29.641  2729  2740 I MB_HANDLER: YaniAlert() Interface '3' Status '0'
04-09 11:18:29.642  2712  2712 I lucitransport: writeRemoteMessage() MID = 124 buffer = 1#1,1#2,0#3,0#4,0
04-09 11:18:29.642  2712  2712 I luciUART: write() MID = 124  bytes = 27 data = 1#1,1#2,0#3,0#4,0 m_fd = 0x5
04-09 11:18:29.642  2730  2730 E AirableUIHelper: AirableUIHelper::YaniAlert  3 0 
04-09 11:18:29.642  2978  2991 I otamanager: YaniAlert() Interface 3 Status Down
04-09 11:18:29.643  2974  3010 I airplay-main: YaniAlert Interface 3 Status 0
04-09 11:18:29.644  3090  3090 I cast_shell: [3093:3093:INFO:device_info_impl.cc(1133)] SSDP Config ID is increased: id=10
04-09 11:18:29.646  2972  3168 I LibreCastControlDelegate: OnCastStatus() +++ Attic speaker:0xabf7b198:READY_TO_CAST
04-09 11:18:29.647  3090  3090 I cast_shell: [3093:3093:INFO:ccs_manager_impl.cc(1842)] Postponing device name update while registering
04-09 11:18:29.647  3090  3090 I cast_shell: [3093:3143:INFO:mdns_util.cc(102)] Defaulting mDNS capabilities for audio-only build
04-09 11:18:29.648  2972  3168 I LibreCastControlDelegate: Cast Device Name -> 'Attic speaker'
04-09 11:18:29.651  2712  2720 E luciUART: UART:aa
04-09 11:18:29.652  2712  2720 E luciUART: UART:aa
04-09 11:18:29.652  2712  2720 E luciUART: UART:2
04-09 11:18:29.652  2712  2720 E luciUART: UART:0
04-09 11:18:29.652  2712  2720 E luciUART: UART:d0
04-09 11:18:29.652  2712  2720 E luciUART: UART:0
04-09 11:18:29.652  2712  2720 I chatty  : uid=0(root) UARTLUCIControl identical 2 lines
04-09 11:18:29.652  2712  2720 E luciUART: UART:0
04-09 11:18:29.652  2712  2720 E luciUART: UART:9
04-09 11:18:29.660  2971  2985 D wac-main: Netlink event
04-09 11:18:29.660  2971  2985 E wac-main: Netlink event 16 Interface Index 6 
04-09 11:18:29.660  2971  2985 E wac-main: p2p0 event Link Changed : 1003 
04-09 11:18:29.660  2971  2985 E wac-main: p2p0 Changed down
04-09 11:18:29.660  2971  2985 E wac-main: wlan0 IP : 192.168.1.145
04-09 11:18:29.660  2711  2723 I yani_kernel: yani_geteventfrom_changeaddr() Message-Id '1' Netlink event '16' Interface Index '6' -> Name 'p2p0' 
04-09 11:18:29.663  2971  2985 E wac-main: Enter poll and wait
04-09 11:18:29.675  2690  2690 I sh      : MessageBoxAlert() MID 90 
04-09 11:18:29.676  2690  2690 I sh      : MessageBoxChanged() MID '90'
04-09 11:18:29.676  2972  3017 I librecast: MessageBoxAlert() Msg = 90 remoteID = 16 
04-09 11:18:29.676  2712  2721 I lucitransport: readRemoteMessage() MID char = 90 buffer = Attic speaker
04-09 11:18:29.676  2972  3017 I LibreCastControl: LibreCastControl_SetCastName()  name 'Attic speaker' RequestId '11' pCastControl 0xf4c00728
04-09 11:18:29.676  2972  3017 E librecast: MessageBoxAlert() friendlyname Attic speaker
04-09 11:18:29.676  2972  3017 I LibreCastControl: MessageBoxAlert() messageBoxID 90
04-09 11:18:29.677  2974  3010 I airplayluci: MessageBoxAlert: MID 90
04-09 11:18:29.678  2975  2994 E Spotify-Player: Change Spotify Device name
04-09 11:18:29.680  2712  2721 E LUCI_SERVER: Luci Server Thread wait over MID 208....
04-09 11:18:29.681  2712  2721 E LUCI_SERVER: Got NV name : ssid
04-09 11:18:29.683  2972  3168 I LibreCastControlDelegate: OnResponse() ReqeustID 11, error  0
04-09 11:18:29.683  2975  2995 E SPOTIFY : Device Name change new name = Attic speaker
04-09 11:18:29.683  2975  2995 E SPOTIFY : err = 0 
04-09 11:18:29.683  2734  2762 I bluetoothtbd: [0408/224829.683544:INFO:adapter.cc(551)] Adapter properties changed
04-09 11:18:29.683  2734  2762 I bluetoothtbd: [0408/224829.683813:INFO:adapter.cc(573)] Adapter name changed
04-09 11:18:29.686  2712  2721 I luciUART: write() MID = 208  bytes = 30 data = ssid:Linksys16717_2G m_fd = 0x5
04-09 11:18:29.686  2712  2721 E LUCI_SERVER: NV_READ response= ssid:Linksys16717_2G
04-09 11:18:29.686  2712  2721 E LUCI_SERVER: Luci Server Thread waiting for packets....
04-09 11:18:29.690  3090  3090 I cast_shell: [3093:3143:INFO:mdns_util.cc(102)] Defaulting mDNS capabilities for audio-only build
04-09 11:18:29.691  3090  3090 I cast_shell: [3093:3093:INFO:mdns_manager_impl.cc(429)] Successfully updated service: type=_googlecast
04-09 11:18:29.691  3090  3090 I cast_shell: [3093:3093:INFO:virtual_device.cc(296)] Updated mDNS service for virtual device: id=e051ac4b-0144-0e03-512b-68c9883c6c78
04-09 11:18:29.692  2972  3168 I LibreCastControlDelegate: Cast Device Name -> 'Attic speaker'
04-09 11:18:29.692  2972  3168 I librecast: OldFriendlyName 'Attic speaker' & New name change By Cast 'Attic speaker' isfirstbootup 56 m_updatedonebyluci 0
04-09 11:18:29.692  2972  3168 I LibreCastControlDelegate: Device Build Number -> '1.52.272222'
04-09 11:18:29.692  2972  3168 I librecast: updateCastBuildVersion() Version 1.52.272222
04-09 11:18:29.693  2712  2712 I lucitransport: readRemoteMessage() MID char = 7 buffer = 1.52.272222
04-09 11:18:29.694  2972  3168 I LibreCastControlDelegate: Active Applications -> 0
04-09 11:18:29.694  2972  3168 I LibreCastControlDelegate: Current Cast State '6' -> 'READY_TO_CAST'
04-09 11:18:29.694  2972  3168 I LibreCastControlDelegate: OnCastStatus() ---
04-09 11:18:29.727  2732  2746 E WifiUtil: Setting interface p2p0 down.
04-09 11:18:29.728  2971  2985 D wac-main: Netlink event
04-09 11:18:29.728  2971  2985 E wac-main: Netlink event 16 Interface Index 6 
04-09 11:18:29.728  2971  2985 E wac-main: p2p0 event Link Changed : 1002 
04-09 11:18:29.728  2971  2985 E wac-main: Enter poll and wait
04-09 11:18:29.728  2711  2723 I yani_kernel: yani_geteventfrom_changeaddr() Message-Id '1' Netlink event '16' Interface Index '6' -> Name 'p2p0' 
04-09 11:18:30.329  3090  3090 I cast_shell: [3093:3093:INFO:metrics_recorder.cc(282)] cast event: Cloud.Transport.Https.Register.Out.Success
04-09 11:18:30.329  3090  3090 I cast_shell: [3093:3093:WARNING:ccs_transport_util.cc(409)] Auth info absent from the config reply from CCS.
04-09 11:18:30.329  3090  3090 I cast_shell: [3093:3093:WARNING:ccs_transport_util.cc(313)] Missing SensingSettings in the CCS config.
04-09 11:18:30.329  3090  3090 I cast_shell: [3093:3093:INFO:metrics_recorder.cc(282)] cast event: Cloud.Transport.Https.Config.In
04-09 11:18:30.329  3090  3090 I cast_shell: [3093:3093:INFO:ccs_manager_impl.cc(1150)] Handling CONFIG message from CCS.
04-09 11:18:30.329  3090  3090 I cast_shell: [3093:3093:INFO:ccs_manager_impl.cc(1151)] [PII] device_id=46B584438B687576DF49B50BCE90E019
04-09 11:18:30.329  3090  3090 I cast_shell: [3093:3093:INFO:metrics_recorder.cc(282)] Record action: Cloud.Transport.Https.LinkedStatus.NotLinked
04-09 11:18:30.329  3090  3090 I cast_shell: [3093:3093:INFO:structure_info_from_home_graph.cc(53)] received config from home graph. Will use it: 1
04-09 11:18:30.329  3090  3090 I cast_shell: [3093:3093:INFO:structure_info_from_home_graph.cc(59)] Num devices in the structure: 0
04-09 11:18:30.329  3090  3090 I cast_shell: [3093:3093:INFO:ccs_heartbeat_listener.cc(56)] Setting heartbeat interval from CCS: 120000ms
04-09 11:18:30.329  3090  3090 I cast_shell: [3093:3093:INFO:user_auth_impl.cc(267)] linked status: NOT_LINKED
04-09 11:18:30.330  3090  3090 I cast_shell: [3093:3093:INFO:gcm_manager.cc(238)] GCM connection lost.
04-09 11:18:30.398  3090  3090 I cast_shell: [3093:3133:INFO:metrics_recorder.cc(282)] Record action: Setup.state.BLE
04-09 11:18:30.520  3090  3090 I cast_shell: [3093:3133:INFO:ble_setup.cc(789)] Missing required info for sign.
04-09 11:18:30.524  3090  3090 I cast_shell: [3093:3133:INFO:gatt_client_manager_impl.cc(202)] Enabling GATT client connectability
04-09 11:18:30.524  3090  3090 I cast_shell: [3093:3133:INFO:ble_setup.cc(915)] Sign related info completed, no future EurekaInfo need sign.
04-09 11:18:30.655  3090  3090 I cast_shell: [3093:3093:INFO:metrics_recorder.cc(282)] cast event: Cloud.Transport.Https.Register.Out.Success
04-09 11:18:30.656  3090  3090 I cast_shell: [3093:3093:INFO:ccs_manager_impl.cc(2485)] Succesfully registered with CCS
04-09 11:18:30.656  3090  3090 I cast_shell: [3093:3093:INFO:ccs_manager_impl.cc(2661)] Local device version is ahead of server; will attempt update
04-09 11:18:30.656  3090  3090 I cast_shell: [3093:3093:INFO:ccs_manager_impl.cc(1757)] Updating device info with CCS: message_id = 31da9b93-85d1-4696-a22b-db580ba6fa22
04-09 11:18:30.656  3090  3090 I cast_shell: [3093:3093:INFO:ccs_manager_impl.cc(1758)] [PII] CCS device_id = 46B584438B687576DF49B50BCE90E019 device_name = Attic speaker
04-09 11:18:30.664  3090  3090 I cast_shell: [3093:3093:WARNING:ccs_transport_util.cc(409)] Auth info absent from the config reply from CCS.
04-09 11:18:30.664  3090  3090 I cast_shell: [3093:3093:WARNING:ccs_transport_util.cc(313)] Missing SensingSettings in the CCS config.
04-09 11:18:30.664  3090  3090 I cast_shell: [3093:3093:INFO:metrics_recorder.cc(282)] cast event: Cloud.Transport.Https.Config.In
04-09 11:18:30.664  3090  3090 I cast_shell: [3093:3093:INFO:ccs_manager_impl.cc(1150)] Handling CONFIG message from CCS.
04-09 11:18:30.664  3090  3090 I cast_shell: [3093:3093:INFO:ccs_manager_impl.cc(1151)] [PII] device_id=46B584438B687576DF49B50BCE90E019
04-09 11:18:30.664  3090  3090 I cast_shell: [3093:3093:INFO:metrics_recorder.cc(282)] Record action: Cloud.Transport.Https.LinkedStatus.NotLinked
04-09 11:18:30.664  3090  3090 I cast_shell: [3093:3093:INFO:structure_info_from_home_graph.cc(53)] received config from home graph. Will use it: 1
04-09 11:18:30.664  3090  3090 I cast_shell: [3093:3093:INFO:structure_info_from_home_graph.cc(59)] Num devices in the structure: 0
04-09 11:18:30.664  3090  3090 I cast_shell: [3093:3093:INFO:ccs_heartbeat_listener.cc(56)] Setting heartbeat interval from CCS: 120000ms
04-09 11:18:30.667  3090  3090 I cast_shell: [3093:3093:INFO:user_auth_impl.cc(267)] linked status: NOT_LINKED
04-09 11:18:30.667  3090  3090 I cast_shell: [3093:3093:INFO:robot_account_auth_manager.cc(320)] V1 AuthManager received a UpdateAuthToken request
04-09 11:18:30.667  3090  3090 I cast_shell: [3093:3093:INFO:ccs_transport_https.cc(1352)] No cloud settings in response
04-09 11:18:30.667  3090  3090 I cast_shell: [3093:3093:INFO:metrics_recorder.cc(282)] cast event: Cloud.Transport.Https.Update.Out
04-09 11:18:31.460  2734  2814 W bt_btif : bta_gattc_conn_cback() - cif=3 connected=0 conn_id=3 reason=0x0013
04-09 11:18:31.461  2734  2814 W bt_btif : bta_gattc_conn_cback() - cif=4 connected=0 conn_id=4 reason=0x0013
04-09 11:18:31.461  2734  2814 W bt_btif : bta_gattc_conn_cback() - cif=6 connected=0 conn_id=6 reason=0x0013
04-09 11:18:31.462  2734  2814 I bt_btm_sec: btm_sec_disconnected clearing pending flag handle:128 reason:19
04-09 11:18:31.463  2734  2762 W bt_btif : btif_av_move_idle: ACL Disconnected state 0 bd_addr=7e:99:2b:fb:b0:78 peer_bda=00:00:00:00:00:00
04-09 11:18:31.463  2734  2762 I bluetoothtbd: [0408/224831.463135:INFO:adapter.cc(719)] ACL state changed: 7E:99:2B:FB:B0:78 - connected: false
04-09 11:18:31.465  3090  3090 I cast_shell: [3093:3133:ERROR:bluetooth_v1_via_v2.cc(796)] Connection state changed. :78 false
04-09 11:18:31.466  3090  3090 I cast_shell: [3093:3093:INFO:metrics_recorder.cc(282)] cast event: Cloud.Transport.Https.Update.Out.Success
04-09 11:18:31.466  3090  3090 I cast_shell: [3093:3093:INFO:ccs_manager_impl.cc(2569)] Successfully updated with CCS
04-09 11:18:31.547  3090  3090 I cast_shell: [3093:3143:INFO:mdns_app_filter.cc(1526)] MdnsAppFilter: Done announcing.
04-09 11:18:31.583  2974  3500 I airplay_v2_0_6: 2022-04-09 11:18:31.583700 [AirPlayDemo] AirPlayDemoServerCopyProperty Password is <<NULL>>
04-09 11:18:31.584  2712  2712 I lucitransport: readRemoteMessage() MID char = 90 buffer = Attic speaker
04-09 11:18:31.586  2974  3474 I airplay_v2_0_6: 2022-04-09 11:18:31.586267 [AirPlay] Registering Bonjour _airplay._tcp. port 7000
04-09 11:18:31.588  2974  3500 I airplay_v2_0_6: 2022-04-09 11:18:31.588576 [AirPlayDemo] AirPlayDemoServerCopyProperty Password is <<NULL>>
04-09 11:18:31.590  2974  3500 I airplay_v2_0_6: 2022-04-09 11:18:31.590322 [AirPlayDemo] AirPlayDemoServerCopyProperty Password is <<NULL>>
04-09 11:18:31.590  2712  2712 I lucitransport: readRemoteMessage() MID char = 90 buffer = Attic speaker
04-09 11:18:31.592  2974  3474 I airplay_v2_0_6: 2022-04-09 11:18:31.592296 [AirPlay] Registering Bonjour CC909321F384@Attic speaker._raop._tcp. port 7000
04-09 11:18:33.327  3090  3090 I cast_shell: [3093:3093:INFO:robot_account_auth_manager.cc(384)] Sending oauth request for client_id: 2
04-09 11:18:33.327  3090  3090 I cast_shell: [3093:3093:INFO:metrics_recorder.cc(282)] cast event: Cast.Assistant.Auth.FetchToken
04-09 11:18:33.327  3090  3090 I cast_shell: [3093:3103:INFO:chromium_http_connection.cc(436)] Creating a new chromium http url loader factory
04-09 11:18:33.553  3090  3090 I cast_shell: [3093:3093:INFO:robot_account_auth_manager.cc(525)] Got CAS response: 200
04-09 11:18:33.553  3090  3090 I cast_shell: [3093:3093:INFO:metrics_recorder.cc(282)] cast event: Cast.Assistant.AuthError.NOT_LINKED
04-09 11:18:33.553  3090  3090 I cast_shell: [3093:3093:INFO:robot_account_auth_manager.cc(776)] Current error: NOT_LINKED, new error: NOT_LINKED
04-09 11:18:33.663  2971  3501 E wac-main: WAC timeout cb
04-09 11:18:33.663  2971  3501 E wac-main: send wac api : a5a1
04-09 11:18:33.663  2971  2985 E wac-main: API event
04-09 11:18:33.663  2971  2985 E wac-main: msg : a5a1
04-09 11:18:33.664  2971  2985 E wac-main: msg : a5a1
04-09 11:18:33.664  2971  3502 E wac-main: enter WACStartStopThread
04-09 11:18:33.664  2971  3502 E wac-main: WACStartStopThread() event -> 'wacstop' is WACServer? UP -> 'Yes' 
04-09 11:18:33.664  2971  3055 E WACBONJOUR: RemoveWACBonjourService
04-09 11:18:33.664  2971  2985 E wac-main: Enter poll and wait
04-09 11:18:33.665  2971  3502 E WACSERVER: WACServerStop wait
04-09 11:18:33.665  2971  3055 I wifiapi : newconn : 0xf4f02510
04-09 11:18:33.667  3090  3090 I cast_shell: [3093:3093:INFO:robot_account_auth_manager.cc(384)] Sending oauth request for client_id: 3
04-09 11:18:33.667  3090  3090 I cast_shell: [3093:3093:INFO:metrics_recorder.cc(282)] cast event: Cast.Assistant.Auth.FetchToken
04-09 11:18:33.669  3090  3090 I cast_shell: [3093:3103:INFO:chromium_http_connection.cc(436)] Creating a new chromium http url loader factory
04-09 11:18:33.688  2711  2723 I yani_kernel: yani_geteventfrom_changeaddr() Message-Id '1' Netlink event '16' Interface Index '7' -> Name 'p2p1' 
04-09 11:18:33.689  2732  2746 E CommandListener: Message not handled: unrecognized interface p2p1
04-09 11:18:33.689  2732  2746 W FrameworkListener: Handler 'Iface' error (Success)
04-09 11:18:33.690  2971  2985 D wac-main: Netlink event
04-09 11:18:33.690  2971  2985 E wac-main: Netlink event 16 Interface Index 7 
04-09 11:18:33.690  2971  2985 E wac-main: Enter poll and wait
04-09 11:18:33.702  2732  2746 E CommandListener: Message not handled: unrecognized interface p2p1
04-09 11:18:33.702  2732  2746 W FrameworkListener: Handler 'Iface' error (Success)
04-09 11:18:33.703  2711  2723 I yani_kernel: yani_geteventfrom_changeaddr() Message-Id '1' Netlink event '16' Interface Index '7' -> Name 'p2p1' 
04-09 11:18:33.703  2971  2985 D wac-main: Netlink event
04-09 11:18:33.703  2971  2985 E wac-main: Netlink event 16 Interface Index 7 
04-09 11:18:33.704  2971  2985 E wac-main: Enter poll and wait
04-09 11:18:33.706  2732  2746 E CommandListener: Message not handled: unrecognized interface p2p1
04-09 11:18:33.706  2732  2746 W FrameworkListener: Handler 'Iface' error (Success)
04-09 11:18:33.708  2971  3055 I wifiapi : 'DISABLE' command returned = 0
04-09 11:18:33.709  2971  3055 I wifiapi : stop hostapd
04-09 11:18:33.709  2971  3055 I wifiapi : stop dnsmasq
04-09 11:18:35.721  3090  3090 I cast_shell: [3093:3103:INFO:net_util_impl.cc(582)] IP address: [PII](192.168.1.1) MAC address: [PII](C8:B3:73:44:AE:ED)
04-09 11:18:35.722  3090  3090 I cast_shell: [3093:3101:INFO:parent_tracker.cc(237)] Network changed
04-09 11:18:35.722  3090  3090 I cast_shell: [3093:3101:INFO:parent_tracker.cc(132)] No need to recreate socket
04-09 11:18:35.722  3090  3090 I cast_shell: [3093:3101:INFO:parent_tracker.cc(237)] Network changed
04-09 11:18:35.722  3090  3090 I cast_shell: [3093:3101:INFO:parent_tracker.cc(132)] No need to recreate socket
04-09 11:18:35.725  3090  3090 I cast_shell: [3093:3110:INFO:net_util_impl.cc(582)] IP address: [PII](192.168.1.1) MAC address: [PII](C8:B3:73:44:AE:ED)
04-09 11:18:35.729  3090  3090 I cast_shell: [3093:3093:INFO:gcm_manager.cc(238)] GCM connection lost.
04-09 11:18:36.460  3090  3090 I cast_shell: [3093:3101:INFO:heartbeat_manager.cc(268)] Set HBInterval from client: 120000
04-09 11:18:36.460  3090  3090 I cast_shell: [3093:3093:INFO:gcm_manager.cc(233)] GCM connection established.
04-09 11:18:43.613  3090  3090 I cast_shell: [3093:3143:INFO:mdns_app_filter.cc(2645)] MdnsAppFilter: responses sent in 210 seconds: 1
04-09 11:18:43.617  3090  3090 I cast_shell: [3093:3093:INFO:cast_system_memory_pressure_evaluator.cc(179)] ConfigRelaxMemoryPressureThresholds, 0.1, 0.2
04-09 11:18:43.622  3090  3090 I cast_shell: [3517:3517:INFO:cast_content_renderer_client_internal.cc(83)] Render process started.
04-09 11:18:43.628  3090  3090 I cast_shell: [3093:3093:INFO:application_manager_impl.cc(1417)] Starting background app: CC1AD845 (Default Media Receiver), session_id=42270621-d9dc-42a0-be9a-d29a21dee57a
04-09 11:18:43.628  3090  3090 I cast_shell: [3093:3093:INFO:cast_media_blocker.cc(43)] UpdatePlayingState media_loading_blocked=1 media_starting_blocked=0 suspended=1 controllable=0 paused_by_user=1
04-09 11:18:43.629  3090  3090 I cast_shell: [3093:3093:INFO:application_message_handler.cc(1747)] Scheduling IpcTimerCheck
04-09 11:18:43.629  3090  3090 I cast_shell: [3093:3093:INFO:application_manager_impl.cc(1565)] App starting: CC1AD845 (Default Media Receiver), session_id=42270621-d9dc-42a0-be9a-d29a21dee57a
04-09 11:18:43.629  3090  3090 I cast_shell: [3093:3143:INFO:mdns_util.cc(102)] Defaulting mDNS capabilities for audio-only build
04-09 11:18:43.629  3090  3090 I cast_shell: [3093:3144:INFO:v2_transport.cc(458)] Added Cast V2 endpoint: id=42270621-d9dc-42a0-be9a-d29a21dee57a, socket_factory_id=[PII](e051ac4b-0144-0e03-512b-68c9883c6c78)
04-09 11:18:43.630  3090  3090 I cast_shell: [3093:3093:INFO:application_identification_settings.cc(410)] new ApplicationIdentificationSettings session_id: 42270621-d9dc-42a0-be9a-d29a21dee57a app_id: CC1AD845 flags: 0 headers: 0
04-09 11:18:43.632  3090  3090 I cast_shell: [3093:3093:INFO:cast_media_blocker.cc(81)] MediaSessionInfoChanged media_loading_blocked=1 media_starting_blocked=0 is_suspended=1 is_controllable=0 paused_by_user=1
04-09 11:18:43.639  3090  3090 I cast_shell: [3093:3093:INFO:web_application.cc(817)] [42270621] Supported bitstream audio codecs info: [codecs]None[spatial_rendering]None
04-09 11:18:43.639  3090  3090 I cast_shell: [3093:3093:INFO:cast_web_contents_impl.cc(242)] Load url: https://www.gstatic.com/cast/sdk/default_receiver/dogfood/app.html?skin=https://www.gstatic.com/eureka/player/0000/skins/cast/skin.css
04-09 11:18:43.642  3090  3090 I cast_shell: [3093:3093:INFO:cast_content_browser_client_internal.cc(975)] Disabling images support for application: CC1AD845
04-09 11:18:43.649  3090  3090 I cast_shell: [3093:3093:INFO:web_application.cc(991)] [42270621] Page state changed: app=CC1AD845 page_state=LOADING
04-09 11:18:43.658  3090  3090 I cast_shell: [3093:3093:INFO:cast_renderer_oom_adj_manager.cc(82)] Registering renderer 3517
04-09 11:18:43.658  3090  3090 I cast_shell: [3093:3110:INFO:cast_renderer_oom_adj_manager.cc(90)] Adjusting OOM score for renderer(3517) to 400
04-09 11:18:43.658  3090  3090 I cast_shell: [3093:3093:INFO:web_application.cc(585)] [42270621] Updating app visibility to hidden for background mode.
04-09 11:18:43.658  3090  3090 I cast_shell: [3093:3110:WARNING:cast_renderer_oom_adj_manager.cc(92)] OOM score adjustment failed for renderer(3517)
04-09 11:18:43.658  3090  3090 I cast_shell: [3093:3093:INFO:application_manager_impl.cc(1579)] App pending: CC1AD845 (Default Media Receiver), session_id=42270621-d9dc-42a0-be9a-d29a21dee57a
04-09 11:18:43.658  3090  3090 I cast_shell: [3093:3143:INFO:mdns_util.cc(102)] Defaulting mDNS capabilities for audio-only build
04-09 11:18:43.695  3090  3090 I cast_shell: [3517:3517:INFO:media_playback_options.cc(70)] Render frame actions are blocked.
04-09 11:18:43.728  3090  3090 I cast_shell: [3517:3517:INFO:media_playback_options.cc(70)] Render frame actions are blocked.
04-09 11:18:43.729  3090  3090 I cast_shell: [3517:3517:INFO:media_caps.cc(24)] ScreenResolutionChanged resolution=0x0
04-09 11:18:43.730  3090  3090 I cast_shell: [3517:3517:INFO:media_caps.cc(54)] ScreenInfoChanged HDCP version=0 Supported EOTFs=0 DolbyVision flags=0 Screen size(mm): 0x0 cur mode HDR=0 cur mode DV=0
04-09 11:18:43.835  3090  3090 I cast_shell: [3093:3144:INFO:metrics_recorder.cc(282)] Cast v2 action(socket_id=e051ac4b-0144-0e03-512b-68c9883c6c78.2): CastV2.Connection.Connect.In
04-09 11:18:43.843  3090  3090 I cast_shell: [3093:3133:INFO:setup_namespace_handler.cc(94)] Added a peer for setup namespace: e051ac4b-0144-0e03-512b-68c9883c6c78.2:gms_cast_prober-1
04-09 11:18:43.843  3090  3090 I cast_shell: [3093:3133:INFO:setup_state.cc(544)] EurekaInfoCalled: wifi_state=10, is_usable_ip_address=1, connected=1, is_initial_setup=0
04-09 11:18:43.850  3090  3090 I cast_shell: [3093:3093:INFO:mdns_util.cc(102)] Defaulting mDNS capabilities for audio-only build
04-09 11:18:43.850  3090  3090 I cast_shell: [3093:3093:INFO:mdns_util.cc(102)] Defaulting mDNS capabilities for audio-only build
04-09 11:18:43.882  3090  3090 I cast_shell: [3093:3133:INFO:setup_namespace_handler.cc(104)] Removed a peer for setup namespace: e051ac4b-0144-0e03-512b-68c9883c6c78.2:gms_cast_prober-1
04-09 11:18:43.882  3090  3090 I cast_shell: [3093:3144:INFO:v2_ssl_socket.cc(358)] Stop reading on pending closed socket
04-09 11:18:44.402  3090  3090 I cast_shell: [3517:3517:INFO:cast_content_client.cc(103)] Active URL: https://www.gstatic.com/cast/sdk/default_receiver/dogfood/app.html?skin=https://www.gstatic.com/eureka/player/0000/skins/cast/skin.css&google_cast_bg=true for origin 'null'
04-09 11:18:44.415  3090  3090 I cast_shell: [3093:3093:INFO:cast_content_client.cc(103)] Active URL: https://www.gstatic.com/cast/sdk/default_receiver/dogfood/app.html?skin=https://www.gstatic.com/eureka/player/0000/skins/cast/skin.css&google_cast_bg=true for origin 'null [internally: (0D30EE93498F2C328A45F658608F009A) anonymous]'
04-09 11:18:44.420  3090  3090 I cast_shell: [3093:3110:INFO:process_memory_recorder_utils.cc(43)] CC1AD845 using 39120kB memory
04-09 11:18:44.441  3090  3090 I cast_shell: [3517:3517:INFO:feature_manager.cc(174)] Enabling bindings: 
04-09 11:18:44.464  3090  3090 I cast_shell: [3517:3517:INFO:feature_manager.cc(174)] Enabling bindings: 
04-09 11:18:45.332  3090  3090 I cast_shell: [3093:3093:INFO:CONSOLE(116)] Cast App (CC1AD845): " [  0.001s] [cast.receiver.IpcChannel] Opening platform websocket ", source: https://www.gstatic.com/cast/sdk/libs/caf_receiver/v3/cast_receiver_framework.js (116)
04-09 11:18:45.343  3090  3090 I cast_shell: [3517:3517:INFO:media_source_impl.cc(363)] isTypeSupported("video/mp4;codecs=hev1.2.4.L153.B0") -> false (not supported by HTMLMediaElement)
04-09 11:18:45.344  3090  3090 I cast_shell: [3517:3517:INFO:media_source_impl.cc(363)] isTypeSupported("video/mp4;codecs=dvhe.04.06") -> false (not supported by HTMLMediaElement)
04-09 11:18:45.345  3090  3090 I cast_shell: [3093:3093:INFO:CONSOLE(1162)] Cast App (CC1AD845): "canDisplayType(video/mp4; codecs=hev1.2.4.L153.B0; eotf=smpte2084): Codec not supported.", source:  (1162)
04-09 11:18:45.346  3090  3090 I cast_shell: [3093:3093:INFO:CONSOLE(1162)] Cast App (CC1AD845): "canDisplayType(video/mp4; codecs=dvhe.04.06): Codec not supported.", source:  (1162)
04-09 11:18:45.346  3090  3090 I cast_shell: [3517:3517:INFO:media_source_impl.cc(363)] isTypeSupported("audio/mp4;codecs=ec-3") -> false (not supported by HTMLMediaElement)
04-09 11:18:45.347  3090  3090 I cast_shell: [3093:3093:INFO:CONSOLE(1162)] Cast App (CC1AD845): "canDisplayType(audio/mp4; codecs=ec-3; spatialRendering=true): Codec not supported.", source:  (1162)
04-09 11:18:45.357  3090  3090 I cast_shell: [3517:0xaf2c5288]     1703 ms: Scavenge 1.8 (1.9) -> 1.6 (2.4) MB, 4.9 / 0.1 ms  (average mu = 1.000, current mu = 1.000) allocation failure 
04-09 11:18:45.364  3090  3090 I cast_shell: [3093:3093:INFO:CONSOLE(739)] Cast App (CC1AD845): "Lit is in dev mode. Not recommended for production! See https://lit.dev/msg/dev-mode for more information.", source: https://www.gstatic.com/cast/sdk/libs/caf_receiver/v3/cast_receiver_framework.js (739)
04-09 11:18:45.371  3090  3090 I cast_shell: [3093:3093:INFO:CONSOLE(36)] Cast App (CC1AD845): "Unknown queryable value: log-level-cast-receiver", source:  (36)
04-09 11:18:45.485  3090  3090 I cast_shell: [3093:3093:INFO:CONSOLE(836)] Cast App (CC1AD845): "CAST SDK CAF Version: 3.0.0103", source: https://www.gstatic.com/cast/sdk/libs/caf_receiver/v3/cast_receiver_framework.js (836)
04-09 11:18:45.505  3090  3090 I cast_shell: [3517:0xaf2c5288]     1852 ms: Scavenge 2.3 (2.9) -> 2.1 (3.1) MB, 6.1 / 0.0 ms  (average mu = 1.000, current mu = 1.000) allocation failure 
04-09 11:18:45.529  3090  3090 I cast_shell: [3517:3517:INFO:html_media_element.cc(538)] HTMLMediaElement(0x473a2f30)
04-09 11:18:45.582  3090  3090 I cast_shell: [3517:3517:INFO:identification_settings_manager.cc(68)] CSS URL detected and replaced with empty text URI.
04-09 11:18:45.582  3090  3090 I cast_shell: [3517:3517:INFO:identification_settings_manager.cc(169)] WillStartResourceRequest: replacement URL found
04-09 11:18:46.004  3090  3090 I cast_shell: [3093:3093:INFO:CONSOLE(109)] Cast App (CC1AD845): "CAST SDK MPL Version: 1.0.0.113", source: https://www.gstatic.com/cast/sdk/libs/mediaplayer/1.0.0/media_player.js (109)
04-09 11:18:46.008  3090  3090 I cast_shell: [3093:3093:INFO:CONSOLE(36)] Cast App (CC1AD845): "Unknown queryable value: log-level-mpl", source:  (36)
04-09 11:18:46.446  3090  3090 I cast_shell: [3093:3093:INFO:robot_account_auth_manager.cc(384)] Sending oauth request for client_id: 0
04-09 11:18:46.447  3090  3090 I cast_shell: [3093:3093:INFO:metrics_recorder.cc(282)] cast event: Cast.Assistant.Auth.FetchToken
04-09 11:18:46.447  3090  3090 I cast_shell: [3093:3103:INFO:chromium_http_connection.cc(436)] Creating a new chromium http url loader factory
04-09 11:18:46.935  3090  3090 I cast_shell: [3517:0xaf2c5288]     3282 ms: Scavenge 3.2 (3.9) -> 3.1 (5.4) MB, 3.9 / 0.0 ms  (average mu = 1.000, current mu = 1.000) allocation failure 
04-09 11:18:46.951  3090  3090 I cast_shell: [3517:3517:INFO:media_source_impl.cc(388)] isTypeSupported("video/webm;codecs=vp9") -> true
04-09 11:18:46.957  3090  3090 I cast_shell: [3093:3093:INFO:CONSOLE(265)] Cast App (CC1AD845): "Valid VP9 codec string requires 4-9 fields, but codecId:vp9 has 1fields.", source:  (265)
04-09 11:18:46.958  3090  3090 I cast_shell: [3093:3093:INFO:CONSOLE(265)] Cast App (CC1AD845): "Valid VP9 codec string requires 4-9 fields, but codecId:vp9 has 1fields.", source:  (265)
04-09 11:18:46.958  3090  3090 I cast_shell: [3517:3517:INFO:media_source_impl.cc(388)] isTypeSupported("video/webm;codecs=vp09.00.10.08") -> true
04-09 11:18:46.959  3090  3090 I cast_shell: [3093:3093:INFO:CONSOLE(1162)] Cast App (CC1AD845): "canDisplayType(video/webm; codecs="vp9"): -> true", source:  (1162)
04-09 11:18:46.962  3090  3090 I cast_shell: [3093:3093:INFO:CONSOLE(1162)] Cast App (CC1AD845): "canDisplayType(video/webm; codecs="vp09.00.10.08"): -> true", source:  (1162)
04-09 11:18:46.971  3090  3090 I cast_shell: [3093:3093:INFO:CONSOLE(868)] Cast App (CC1AD845): "EmeEncryptionSchemePolyfill: Waiting to detect encryptionScheme support.", source: https://ajax.googleapis.com/ajax/libs/shaka-player/3.2.2/shaka-player.compiled.js (868)
04-09 11:18:46.972  3090  3090 I cast_shell: [3093:3093:INFO:CONSOLE(873)] Cast App (CC1AD845): "McEncryptionSchemePolyfill: Waiting to detect encryptionScheme support.", source: https://ajax.googleapis.com/ajax/libs/shaka-player/3.2.2/shaka-player.compiled.js (873)
04-09 11:18:46.992  3090  3090 I cast_shell: [3093:3093:INFO:cast_web_contents_impl.cc(712)] Finished loading page after 2597 ms, url=https://www.gstatic.com/cast/sdk/default_receiver/dogfood/app.html?skin=https://www.gstatic.com/eureka/player/0000/skins/cast/skin.css&google_cast_bg=true
04-09 11:18:46.992  3090  3090 I cast_shell: [3093:3093:INFO:web_application.cc(991)] [42270621] Page state changed: app=CC1AD845 page_state=LOADED
04-09 11:18:46.997  3090  3090 I cast_shell: [3093:3093:INFO:application_message_handler.cc(704)] Cast V2 IPC connected: app_id=CC1AD845
04-09 11:18:46.999  3090  3090 I cast_shell: [3093:3093:INFO:application_message_handler.cc(868)] Received READY message from app
04-09 11:18:47.000  3090  3090 I cast_shell: [3093:3093:INFO:application_message_handler.cc(881)] SDK capabilities: {
04-09 11:18:47.000  3090  3090 I cast_shell:    "group_capabilities_supported": true,
04-09 11:18:47.000  3090  3090 I cast_shell:    "playback_device_status_supported": true,
04-09 11:18:47.000  3090  3090 I cast_shell:    "show_media_controls_supported": true
04-09 11:18:47.000  3090  3090 I cast_shell: }
04-09 11:18:47.000  3090  3090 I cast_shell: 
04-09 11:18:47.239  3090  3090 I cast_shell: [3093:3093:INFO:robot_account_auth_manager.cc(525)] Got CAS response: 200
04-09 11:18:47.239  3090  3090 I cast_shell: [3093:3093:INFO:metrics_recorder.cc(282)] cast event: Cast.Assistant.AuthError.NOT_LINKED
04-09 11:18:47.239  3090  3090 I cast_shell: [3093:3093:INFO:robot_account_auth_manager.cc(776)] Current error: NETWORK_ERROR, new error: NOT_LINKED
04-09 11:18:47.239  3090  3090 I cast_shell: [3093:3093:INFO:user_auth_impl.cc(207)] Notified all the observers of new auth tokens.
04-09 11:18:53.638  3090  3090 I cast_shell: [3517:0xaf2c5288]     9985 ms: Mark-sweep (reduce) 3.4 (5.6) -> 2.4 (3.9) MB, 13.4 / 0.2 ms  (+ 28.0 ms in 11 steps since start of marking, biggest step 18.2 ms, walltime since start of marking 47 ms) (average mu = 1.000, current mu = 1.000) finalize incremental marking via task GC in old space requested
04-09 11:18:54.275  3090  3090 I cast_shell: [3517:0xaf2c5288]    10620 ms: Mark-sweep (reduce) 2.4 (3.9) -> 2.4 (3.9) MB, 4.7 / 0.2 ms  (+ 25.3 ms in 9 steps since start of marking, biggest step 12.5 ms, walltime since start of marking 34 ms) (average mu = 0.957, current mu = 0.957) finalize incremental marking via task GC in old space requested
04-09 11:18:55.318  3090  3090 I cast_shell: [3093:3130:INFO:snr_tracker.cc(50)] snr = 49
04-09 11:19:03.844  3090  3090 I cast_shell: [3093:3144:INFO:metrics_recorder.cc(282)] Cast v2 action(socket_id=e051ac4b-0144-0e03-512b-68c9883c6c78.3): CastV2.Connection.Connect.In
04-09 11:19:03.846  3090  3090 I cast_shell: [3093:3133:INFO:setup_namespace_handler.cc(94)] Added a peer for setup namespace: e051ac4b-0144-0e03-512b-68c9883c6c78.3:gms_cast_prober-1
04-09 11:19:03.846  3090  3090 I cast_shell: [3093:3133:INFO:setup_state.cc(544)] EurekaInfoCalled: wifi_state=10, is_usable_ip_address=1, connected=1, is_initial_setup=0
04-09 11:19:03.882  3090  3090 I cast_shell: [3093:3093:INFO:mdns_util.cc(102)] Defaulting mDNS capabilities for audio-only build
04-09 11:19:03.882  3090  3090 I cast_shell: [3093:3093:INFO:mdns_util.cc(102)] Defaulting mDNS capabilities for audio-only build
04-09 11:19:03.928  3090  3090 I cast_shell: [3093:3144:INFO:v2_ssl_socket.cc(358)] Stop reading on pending closed socket
