04-09 11:14:51.403     0     0 I         : [    1.452195@2] Registered cp15_barrier emulation handler
04-09 11:14:51.403     0     0 I         : [    1.452577@2] Registered setend emulation handler
04-09 11:14:51.403     0     0 I         : [    1.453090@2] disable EAS feature
04-09 11:14:51.403     0     0 I         : [    1.454175@2] registered taskstats version 1
04-09 11:14:51.403     0     0 W         : [    1.463885@2] dwc3 ff500000.dwc3: Configuration mismatch. dr_mode forced to host
04-09 11:14:51.403     0     0 I         : [    1.968569@2] xhci-hcd xhci-hcd.0.auto: xHCI Host Controller
04-09 11:14:51.403     0     0 I         : [    1.968632@2] xhci-hcd xhci-hcd.0.auto: new USB bus registered, assigned bus number 1
04-09 11:14:51.403     0     0 I         : [    1.969834@2] xhci-hcd xhci-hcd.0.auto: hcc params 0x0220f664 hci version 0x100 quirks 0x02010010
04-09 11:14:51.403     0     0 I         : [    1.970314@2] xhci-hcd xhci-hcd.0.auto: irq 27, io mem 0xff500000
04-09 11:14:51.403     0     0 I         : [    1.971799@0] hub 1-0:1.0: USB hub found
04-09 11:14:51.403     0     0 I         : [    1.971868@0] hub 1-0:1.0: 1 port detected
04-09 11:14:51.403     0     0 I         : [    1.972388@0] xhci-hcd xhci-hcd.0.auto: xHCI Host Controller
04-09 11:14:51.403     0     0 I         : [    1.972626@0] xhci-hcd xhci-hcd.0.auto: new USB bus registered, assigned bus number 2
04-09 11:14:51.403     0     0 I         : [    1.973457@0] usb usb2: We don't know the algorithms for LPM for this host, disabling LPM.
04-09 11:14:51.403     0     0 I         : [    1.975024@3] hub 2-0:1.0: USB hub found
04-09 11:14:51.403     0     0 E         : [    1.975090@3] hub 2-0:1.0: config failed, hub doesn't have any ports! (err -19)
04-09 11:14:51.403     0     0 E         : [    1.975694@3] usb usb2: Unsupported the hub
04-09 11:14:51.403     0     0 I         : [    1.976436@3] aml_vrtc rtc: setting system clock to 2022-04-09 05:44:48 UTC (1649483088)
04-09 11:14:51.403     0     0 D         : [    1.977263@3] dwc_otg ff400000.dwc2_a: dwc_otg_driver_probe(ffffffc01d6a8c00)
04-09 11:14:51.403     0     0 W [    1.977309@3] dwc_otg: usb0: type: 2 speed: 0, config: 0, dma: 0, id: 0, phy: ffe09000, ctrl: 0
04-09 11:14:51.403     0     0 D         : [    1.977686@3] dwc_otg ff400000.dwc2_a: base=0xffffff8008a40000
04-09 11:14:51.404     0     0 D         : [    1.977692@3] dwc_otg ff400000.dwc2_a: dwc_otg_device=0xffffffc01d516a00
04-09 11:14:51.404     0     0 W [    2.078243@3] dwc_otg: Core Release: 3.10a
04-09 11:14:51.404     0     0 W [    2.078285@3] dwc_otg: Setting default values for core params
04-09 11:14:51.404     0     0 W [    2.078697@3] dwc_otg: curmode: 0, host_only: 0
04-09 11:14:51.404     0     0 D         : [    2.079191@3] dwc_otg ff400000.dwc2_a: DMA config: BURST_DEFAULT
04-09 11:14:51.404     0     0 W [    2.091505@3] dwc_otg: Using Buffer DMA mode
04-09 11:14:51.404     0     0 W [    2.091528@3] dwc_otg: OTG VER PARAM: 1, OTG VER FLAG: 1
04-09 11:14:51.404     0     0 W [    2.091908@3] dwc_otg: Working on port type = SLAVE
04-09 11:14:51.404     0     0 W [    2.092393@3] dwc_otg: Dedicated Tx FIFOs mode
04-09 11:14:51.404     0     0 I [    2.094809@3] input: adc_keypad as /devices/platform/adc_keypad/input/input1
04-09 11:14:51.404     0     0 I         : [    2.097427@3] cpucore_cooling_register, max_cpu_core_num:4
04-09 11:14:51.404     0     0 I [    2.104245@3] gxbb_pm: enter meson_pm_probe!
04-09 11:14:51.404     0     0 I         : [    2.104285@3] no vddio3v3_en pin
04-09 11:14:51.404     0     0 E         : [    2.104446@3] pm-meson aml_pm: Can't get switch_clk81
04-09 11:14:51.404     0     0 I [    2.104968@3] gxbb_pm: meson_pm_probe done
04-09 11:14:51.404     0     0 I         : [    2.105703@3] ALSA device list:
04-09 11:14:51.404     0     0 I [    2.105729@3]   #0: AML-AUGESOUND
04-09 11:14:51.404     0     0 I         : [    2.106228@3] meson_uart ff804000.serial: ttyS3 use xtal(8M) 24000000 change 115200 to 115200
04-09 11:14:51.404     0     0 I         : [    2.112130@3] Freeing unused kernel memory: 6080K
04-09 11:14:51.404     0     0 I [    2.326211@3] ubi0: attaching mtd6
04-09 11:14:51.404     0     0 I [    2.536589@3] ubi0: scanning is finished
04-09 11:14:51.404     0     0 I [    2.540510@0] ubi0: attached mtd6 (name "system", size 100 MiB)
04-09 11:14:51.404     0     0 I [    2.540801@0] ubi0: PEB size: 262144 bytes (256 KiB), LEB size: 253952 bytes
04-09 11:14:51.404     0     0 I [    2.547814@0] ubi0: min./max. I/O unit sizes: 4096/4096, sub-page size 4096
04-09 11:14:51.404     0     0 I [    2.554699@0] ubi0: VID header offset: 4096 (aligned 4096), data offset: 8192
04-09 11:14:51.404     0     0 I [    2.561763@0] ubi0: good PEBs: 400, bad PEBs: 0, corrupted PEBs: 0
04-09 11:14:51.404     0     0 I [    2.567890@0] ubi0: user volume: 1, internal volumes: 1, max. volumes count: 128
04-09 11:14:51.404     0     0 I [    2.575220@0] ubi0: max/mean erase counter: 37/25, WL threshold: 4096, image sequence number: 736763309
04-09 11:14:51.404     0     0 I [    2.584553@0] ubi0: available PEBs: 0, total reserved PEBs: 400, PEBs reserved for bad PEB handling: 40
04-09 11:14:51.404     0     0 I [    2.593863@3] ubi0: background thread "ubi_bgt0d" started, PID 2142
04-09 11:14:51.404     0     0 I         : [    2.599733@1] UBIFS (ubi0:0): background thread "ubifs_bgt0_0" started, PID 2144
04-09 11:14:51.404     0     0 I         : [    2.642086@2] UBIFS (ubi0:0): UBIFS: mounted UBI device 0, volume 0, name "rootfs"
04-09 11:14:51.404     0     0 I         : [    2.644046@2] UBIFS (ubi0:0): LEB size: 253952 bytes (248 KiB), min./max. I/O unit sizes: 4096 bytes/4096 bytes
04-09 11:14:51.404     0     0 I         : [    2.654035@2] UBIFS (ubi0:0): FS size: 87867392 bytes (83 MiB, 346 LEBs), journal size 9404416 bytes (8 MiB, 38 LEBs)
04-09 11:14:51.404     0     0 I         : [    2.664550@2] UBIFS (ubi0:0): reserved for root: 0 bytes (0 KiB)
04-09 11:14:51.404     0     0 I         : [    2.670501@2] UBIFS (ubi0:0): media format: w4/r0 (latest is w4/r0), UUID DC99A6D8-69BA-4DD7-9E44-726260A6E747, small LPT model
04-09 11:14:51.404     0     0 I [    2.915470@1] init: property init
04-09 11:14:51.404     0     0 I [    2.916217@1] init: reading config file
04-09 11:14:51.404     0     0 I [    2.923001@1] init: processing action 0xaad73808 (boot_start)
04-09 11:14:51.404     0     0 I [    2.930754@1] init: command 'boot_start' r=0
04-09 11:14:51.404     0     0 I [    2.931826@1] init: processing action 0xaad6f6b0 (early-init)
04-09 11:14:51.404     0     0 I [    2.936498@1] init: starting 'ueventd'
04-09 11:14:51.404     0     0 I [    2.939794@1] init: command 'start' r=0
04-09 11:14:51.404     0     0 I [    2.942657@1] init: command 'loglevel' r=0
04-09 11:14:51.404     0     0 I [    2.947638@1] init: command 'mount' r=0
04-09 11:14:51.404     0     0 I [    2.949248@3] init: starting ueventd
04-09 11:14:51.404     0     0 I [    2.950046@3] init: /sys/ rule /sys/devices/virtual/input/input* enable
04-09 11:14:51.404     0     0 I [    2.950057@3] init: /sys/ rule /sys/devices/virtual/input/input* poll_delay
04-09 11:14:51.404     0     0 I [    2.950067@3] init: /sys/ rule /sys/devices/virtual/usb_composite/* enable
04-09 11:14:51.404     0     0 I [    2.955647@3] init: adding platform device ffd0f0d0.watchdog
04-09 11:14:51.404     0     0 I [    2.956064@3] init: adding platform device reg-dummy
04-09 11:14:51.404     0     0 I [    2.956718@3] init: adding platform device cpu_iomap
04-09 11:14:51.404     0     0 I [    2.956995@3] init: adding platform device 7400000.ramoops
04-09 11:14:51.404     0     0 I [    2.957265@3] init: adding platform device bt-dev
04-09 11:14:51.404     0     0 I [    2.957804@3] init: adding platform device dummy
04-09 11:14:51.404     0     0 I [    3.005223@1] init: command 'mount' r=0
04-09 11:14:51.404     0     0 I [    3.209024@2] ubi1: attaching mtd7
04-09 11:14:51.404     0     0 I [    3.502815@2] ubi1: scanning is finished
04-09 11:14:51.404     0     0 I [    3.507241@3] ubi1: attached mtd7 (name "chrome", size 140 MiB)
04-09 11:14:51.404     0     0 I [    3.507527@3] ubi1: PEB size: 262144 bytes (256 KiB), LEB size: 253952 bytes
04-09 11:14:51.404     0     0 I [    3.514668@3] ubi1: min./max. I/O unit sizes: 4096/4096, sub-page size 4096
04-09 11:14:51.404     0     0 I [    3.521434@3] ubi1: VID header offset: 4096 (aligned 4096), data offset: 8192
04-09 11:14:51.404     0     0 I [    3.528495@3] ubi1: good PEBs: 560, bad PEBs: 0, corrupted PEBs: 0
04-09 11:14:51.404     0     0 I [    3.534616@3] ubi1: user volume: 1, internal volumes: 1, max. volumes count: 128
04-09 11:14:51.404     0     0 I [    3.541944@3] ubi1: max/mean erase counter: 34/25, WL threshold: 4096, image sequence number: 1458511589
04-09 11:14:51.404     0     0 I [    3.551416@3] ubi1: available PEBs: 0, total reserved PEBs: 560, PEBs reserved for bad PEB handling: 40
04-09 11:14:51.404     0     0 I [    3.560739@0] ubi1: background thread "ubi_bgt1d" started, PID 2555
04-09 11:14:51.404     0     0 I         : [    3.574994@3] UBIFS (ubi1:0): background thread "ubifs_bgt1_0" started, PID 2558
04-09 11:14:51.404     0     0 I         : [    3.601310@2] UBIFS (ubi1:0): recovery needed
04-09 11:14:51.404     0     0 I         : [    3.651138@0] UBIFS (ubi1:0): recovery completed
04-09 11:14:51.404     0     0 I         : [    3.651288@0] UBIFS (ubi1:0): UBIFS: mounted UBI device 1, volume 0, name "chrome"
04-09 11:14:51.404     0     0 I         : [    3.657651@0] UBIFS (ubi1:0): LEB size: 253952 bytes (248 KiB), min./max. I/O unit sizes: 4096 bytes/4096 bytes
04-09 11:14:51.404     0     0 I         : [    3.667645@0] UBIFS (ubi1:0): FS size: 128499712 bytes (122 MiB, 506 LEBs), journal size 9404416 bytes (8 MiB, 38 LEBs)
04-09 11:14:51.404     0     0 I         : [    3.678350@0] UBIFS (ubi1:0): reserved for root: 0 bytes (0 KiB)
04-09 11:14:51.404     0     0 I         : [    3.684292@0] UBIFS (ubi1:0): media format: w4/r0 (latest is w4/r0), UUID 3D7B4A1D-6849-462E-B889-C151DCC94211, small LPT model
04-09 11:14:51.404     0     0 I [    3.727839@0] ubi2: attaching mtd8
04-09 11:14:51.404     0     0 I         : [    3.894282@0]  NAND bbt detect factory Bad block at 17a40000
04-09 11:14:51.405     0     0 I         : [    3.905881@0]  NAND bbt detect factory Bad block at 18000000
04-09 11:14:51.405     0     0 I         : [    3.905941@0]  NAND bbt detect factory Bad block at 18040000
04-09 11:14:51.405     0     0 I [    4.178730@0] ubi2: scanning is finished
04-09 11:14:51.405     0     0 I [    4.183544@1] ubi2: attached mtd8 (name "data", size 213 MiB)
04-09 11:14:51.405     0     0 I [    4.183658@1] ubi2: PEB size: 262144 bytes (256 KiB), LEB size: 253952 bytes
04-09 11:14:51.405     0     0 I [    4.190663@1] ubi2: min./max. I/O unit sizes: 4096/4096, sub-page size 4096
04-09 11:14:51.405     0     0 I [    4.197557@1] ubi2: VID header offset: 4096 (aligned 4096), data offset: 8192
04-09 11:14:51.405     0     0 I [    4.204618@1] ubi2: good PEBs: 849, bad PEBs: 3, corrupted PEBs: 0
04-09 11:14:51.405     0     0 I [    4.210746@1] ubi2: user volume: 2, internal volumes: 1, max. volumes count: 128
04-09 11:14:51.405     0     0 I [    4.218073@1] ubi2: max/mean erase counter: 65/45, WL threshold: 4096, image sequence number: 1018457084
04-09 11:14:51.405     0     0 I [    4.227475@1] ubi2: available PEBs: 0, total reserved PEBs: 849, PEBs reserved for bad PEB handling: 37
04-09 11:14:51.405     0     0 I [    4.236799@3] ubi2: background thread "ubi_bgt2d" started, PID 2566
04-09 11:14:51.405     0     0 I         : [    4.250466@2] UBIFS (ubi2:0): background thread "ubifs_bgt2_0" started, PID 2569
04-09 11:14:51.405     0     0 I         : [    4.277080@1] UBIFS (ubi2:0): recovery needed
04-09 11:14:51.405     0     0 I         : [    4.348271@1] UBIFS (ubi2:0): recovery completed
04-09 11:14:51.405     0     0 I         : [    4.348439@1] UBIFS (ubi2:0): UBIFS: mounted UBI device 2, volume 0, name "factory"
04-09 11:14:51.405     0     0 I         : [    4.354868@1] UBIFS (ubi2:0): LEB size: 253952 bytes (248 KiB), min./max. I/O unit sizes: 4096 bytes/4096 bytes
04-09 11:14:51.405     0     0 I         : [    4.364866@1] UBIFS (ubi2:0): FS size: 10158080 bytes (9 MiB, 40 LEBs), journal size 2285569 bytes (2 MiB, 9 LEBs)
04-09 11:14:51.405     0     0 I         : [    4.375126@1] UBIFS (ubi2:0): reserved for root: 0 bytes (0 KiB)
04-09 11:14:51.405     0     0 I         : [    4.381079@1] UBIFS (ubi2:0): media format: w4/r0 (latest is w4/r0), UUID AD7DC8BC-6ACA-4841-8B12-7A54B54F57E7, small LPT model
04-09 11:14:51.405     0     0 I         : [    4.404732@2] UBIFS (ubi2:1): background thread "ubifs_bgt2_1" started, PID 2572
04-09 11:14:51.405     0     0 I         : [    4.430457@3] UBIFS (ubi2:1): recovery needed
04-09 11:14:51.405     0     0 I         : [    4.530566@0] UBIFS (ubi2:1): recovery completed
04-09 11:14:51.405     0     0 I         : [    4.530750@0] UBIFS (ubi2:1): UBIFS: mounted UBI device 2, volume 1, name "data"
04-09 11:14:51.405     0     0 I         : [    4.536903@0] UBIFS (ubi2:1): LEB size: 253952 bytes (248 KiB), min./max. I/O unit sizes: 4096 bytes/4096 bytes
04-09 11:14:51.405     0     0 I         : [    4.546903@0] UBIFS (ubi2:1): FS size: 189956096 bytes (181 MiB, 748 LEBs), journal size 9404416 bytes (8 MiB, 38 LEBs)
04-09 11:14:51.405     0     0 I         : [    4.557596@0] UBIFS (ubi2:1): reserved for root: 0 bytes (0 KiB)
04-09 11:14:51.405     0     0 I         : [    4.563550@0] UBIFS (ubi2:1): media format: w4/r0 (latest is w4/r0), UUID 34A475AE-5814-4337-8EB7-8868427E3B0E, small LPT model
04-09 11:14:51.405     0     0 I         : [    4.801529@0] aml_wifi wifi: [usb_power_control] Set WiFi power down
04-09 11:14:51.405     0     0 I [    4.802252@0] meson-mmc: [sdio_notify] finish
04-09 11:14:51.405     0     0 I         : [    4.806627@0] aml_wifi wifi: [wifi_power_ioctl] ioctl Set sdio wifi power down!
04-09 11:14:51.405     0     0 I         : [    4.811381@1] UBIFS (ubi0:0): background thread "ubifs_bgt0_0" stops
04-09 11:14:52.469  2585  2585 E         : found the match wifi is: sd8887
04-09 11:14:52.470  2585  2585 E         : wifi_insmod command:insmod /lib/modules/4.9.113/kernel/mrvl/mlan8887.ko 
--------- beginning of system
04-09 11:14:52.517  2604  2604 I wpa_supplicant: Successfully initialized wpa_supplicant
04-09 11:14:52.545  2604  2604 E wpa_supplicant: Could not read interface wlan0 flags: No such device
04-09 11:14:52.548  2604  2604 I wpa_supplicant: nl80211: Driver does not support authentication/association or connect commands
04-09 11:14:52.550  2604  2604 I wpa_supplicant: nl80211: deinit ifname=wlan0 disabled_11b_rates=0
04-09 11:14:52.551  2604  2604 E wpa_supplicant: Could not read interface wlan0 flags: No such device
04-09 11:14:52.553  2604  2604 E wpa_supplicant: wlan0: Failed to initialize driver interface
04-09 11:14:52.641  2585  2585 E         : wifi_insmod command:insmod /lib/modules/4.9.113/kernel/mrvl/sd8xxx.ko cal_data_cfg=mrvl/WlanCalData_ext_LS9x_291119.conf txpwrlimit_cfg=mrvl/txpwrlimit_cfg_8887.bin fw_name=mrvl/sd8887_wlan_a2_p59.bin cfg80211_wext=0xf host_mlme=1 auto_ds=2 fw_serial=1 sta_name="wlan" uap_name="p2p" ps_mode=2 max_uap_bss=2 drvdbg=0x7 reg_alpha2="00"
04-09 11:14:53.753  2585  2585 E         : Load BT driver
04-09 11:14:53.753  2585  2585 E         : found the match wifi is: (null)
04-09 11:14:53.753  2585  2585 E         : wifi_insmod command:insmod /lib/modules/4.9.113/kernel/mrvl/bt8xxx.ko fw_name=mrvl/sd8887_bt_a2_p59.bin bt_fw_serial=0
04-09 11:14:53.916  2695  2695 E writeSerialNo: Writing serial number to unifykey
04-09 11:14:53.920  2688  2688 W sshd    : Failed loading /etc/dropbear/dropbear_rsa_host_key
04-09 11:14:53.920  2688  2688 W sshd    : Failed loading /etc/dropbear/dropbear_dss_host_key
04-09 11:14:53.920  2688  2688 W sshd    : Failed loading /etc/dropbear/dropbear_ecdsa_host_key
04-09 11:14:53.940  2688  2688 I sshd    : Not backgrounding
04-09 11:14:53.942  2690  2690 I sh      : FACTEST:unifykey read success:20 20
04-09 11:14:53.942  2690  2690 I sh      : inbuf=de4f95ffa64d5e74b026  ret=20 serial.txt=de4f95ffa64d5e74b026 bytesread=20 strcmp=0
04-09 11:14:53.973  2694  2694 I ServiceManager: Waiting for service libre.EnvItems...
04-09 11:14:54.037  2696  2696 I ENV     : init 
04-09 11:14:54.039  2696  2696 I ENV     :  First boot 
04-09 11:14:54.040  2696  2696 E ENV     : fileExists:153 /lsync/env/env.db does not exist
04-09 11:14:54.053  2696  2696 D AVS_SDK :  [  1] I sdkVersion: 1.19.1
04-09 11:14:54.053  2696  2696 E ENV     :  FAILED to open:/lsync/env/tmp.db 
04-09 11:14:54.055  2696  2696 I ENV     : removeItem:79:/lsync/env/tmp.db not found
04-09 11:14:54.057  2696  2696 E ENV     : /lsync/env/env.db does not Exist.. tempStorage = 0
04-09 11:14:54.057  2696  2696 I ENV     : createUserDBFromFactoryCfg 
04-09 11:14:54.075  2696  2696 I ENV     : Using /factory/custom/factoryEnv.conf as conf file
04-09 11:14:54.076  2696  2696 I ENV     : removeItem:79:/lsync/env/env.db not found
04-09 11:14:54.076  2696  2696 E ENV     : Error removing /lsync/env/env.db
04-09 11:14:54.211  2696  2696 E ENV     : createUserDBFromFactoryCfg:307: tempStorage is undefined
04-09 11:14:54.211  2696  2696 I ENV     : Using /factory/custom/factoryEnv.conf and /lsync/env/env.db as conf and db file
04-09 11:14:54.211  2696  2696 I ENV     : init 
04-09 11:14:54.212  2696  2696 I ENV     :  First boot 
04-09 11:14:54.212  2696  2696 I ENV     : fileExists:151 /lsync/env/env.db exists
04-09 11:14:54.217  2696  2696 I ENV     : Copied /lsync/env/env.db to /lsync/env/tmp.db
04-09 11:14:54.219  2696  2696 E ENV     : /lsync/env/env.db does not Exist.. tempStorage = acd91db0
04-09 11:14:54.219  2696  2696 I ENV     : createUserDBFromFactoryCfg 
04-09 11:14:54.222  2696  2696 I ENV     : Using /factory/custom/factoryEnv.conf as conf file
04-09 11:14:54.222  2696  2696 I ENV     : removeItem:74:/lsync/env/env.db removed
04-09 11:14:54.222  2696  2696 I ENV     : Removed /lsync/env/env.db
04-09 11:14:54.236  2696  2696 E ENV     : createUserDBFromFactoryCfg:301: Failed at tempStorage->get_changed
04-09 11:14:54.613  2696  2696 I chatty  : uid=0(root) env_service identical 64 lines
04-09 11:14:54.619  2696  2696 E ENV     : createUserDBFromFactoryCfg:301: Failed at tempStorage->get_changed
04-09 11:14:54.620  2696  2696 E AVS_SDK :  [  1] E SQLiteStatement:SQLiteStatement::stepFailed::Executing the select did not generate a row or complete.:result=19
04-09 11:14:54.620  2696  2696 E AVS_SDK :  [  1] E SQLiteStatement:SQLiteStatement::finalizeFailed::Could release the prepared statement.:rcode=19
04-09 11:14:54.620  2696  2696 E ENV     : createUserDBFromFactoryCfg:286: Failed at m_miscStorage->put
04-09 11:14:54.626  2696  2696 E ENV     : createUserDBFromFactoryCfg:301: Failed at tempStorage->get_changed
04-09 11:14:54.806  2696  2696 I chatty  : uid=0(root) env_service identical 29 lines
04-09 11:14:54.812  2696  2696 E ENV     : createUserDBFromFactoryCfg:301: Failed at tempStorage->get_changed
04-09 11:14:54.813  2696  2696 I ENV     : Using /factory/custom/factoryEnv.conf and /lsync/env/env.db as conf and db file
04-09 11:14:54.814  2696  2696 I ENV     : fileExists:151 /lsync/env/env_bk.db exists
04-09 11:14:54.815  2696  2696 I ENV     : fileExists:151 /factory/custom/factoryEnv_bk.conf exists
04-09 11:14:54.815  2696  2696 I ENV     : removeItem:74:/lsync/env/tmp.db removed
04-09 11:14:56.923  2710  2710 I wpa_supplicant: Successfully initialized wpa_supplicant
04-09 11:14:56.940  2710  2710 I wpa_supplicant: rfkill: Cannot open RFKILL control device
04-09 11:14:56.976  2712  2712 E LUCI_FACTORY: LUCIFactory::registerBuiltinFactories
04-09 11:14:56.983  2712  2712 E LUCI_SERVER: IP = 0
04-09 11:14:56.991  2713  2713 I main_sourceswitch: ServiceManager: 0xaba6cf88
04-09 11:14:56.991  2713  2713 E luci_helper: LUCIHelper: Waiting for Module Init
04-09 11:14:56.992  2713  2713 E luci_helper: LUCIHelper: Waiting for Module Init
04-09 11:14:56.995  2711  2711 E luci_helper: LUCIHelper: Waiting for Module Init
04-09 11:14:56.995  2711  2711 E luci_helper: LUCIHelper: Waiting for Module Init
04-09 11:14:56.997  2711  2711 E yani_server: YaniServer FAILED TO GET LuciHelper
04-09 11:14:57.041  2690  2690 I sh      : Simple mixer control 'Master',0
04-09 11:14:57.041  2690  2690 I sh      :   Capabilities: volume pswitch pswitch-joined
04-09 11:14:57.041  2690  2690 I sh      :   Playback channels: Front Left - Front Right
04-09 11:14:57.041  2690  2690 I sh      :   Capture channels: Front Left - Front Right
04-09 11:14:57.041  2690  2690 I sh      :   Limits: 0 - 100
04-09 11:14:57.047  2711  2711 E luci_helper: LUCIHelper: Waiting for Module Init
04-09 11:14:57.047  2711  2711 E yani_server: YaniServer FAILED TO GET LuciHelper
04-09 11:14:57.065  2690  2690 I sh      :   Front Left: 30 [30%] [-10.45dB] Playback [on]
04-09 11:14:57.065  2690  2690 I sh      :   Front Right: 30 [30%] [-10.45dB] Playback [on]
04-09 11:14:57.068  2712  2712 E luciUART: bufff write ? = 1 
04-09 11:14:57.070  2712  2712 E luciUART: tcsetattr succeed
04-09 11:14:57.071  2712  2721 E LUCI_SERVER: Luci Server Thread waiting for packets....
04-09 11:14:57.072  2710  2710 I wpa_supplicant: MPM: Debug Dialog Token initialized 3114278852 (0xb9a01fc4)
04-09 11:14:57.078  2710  2710 I wpa_supplicant: wlan0: CTRL-EVENT-REGDOM-CHANGE init=USER type=COUNTRY alpha2=US
04-09 11:14:57.141  2709  2709 I         : [0408/224457.140408:INFO:cast_auth_check.cc(163)] Cast auth test is successful.
04-09 11:14:57.507  2711  2723 E yani_kernel: Interface status 0
04-09 11:14:57.515  2711  2723 I yani_kernel: set_device_name() Interface 'wlan0' MAC Address 'cc:90:93:21:f3:84' FriendlyName 'Lyric Speaker Box 21f384' status '0'
04-09 11:14:57.516  2711  2723 I yani_server: First boot after Factory reset! Friendly Name modified Lyric Speaker Box  -> Lyric Speaker Box 21f384
04-09 11:14:57.522  2712  2712 I lucitransport: writeRemoteMessage() MID = 90 buffer = Lyric Speaker Box 21f384
04-09 11:14:57.522  2712  2712 I luciUART: write() MID = 90  bytes = 34 data = Lyric Speaker Box 21f384 m_fd = 0x5
04-09 11:14:57.522  2712  2712 I lucitransport: writeLocalMessage() MID = 90 buffer = Lyric Speaker Box 21f384
04-09 11:14:57.522  2712  2721 E LUCI_SERVER: Luci Server Thread wait over MID 90....
04-09 11:14:57.524  2711  2723 E yani_server: Device Supports CastSetup 1
04-09 11:14:57.524  2711  2723 I yani_kernel: yani_init_net() Success Netlink socket fd 6
04-09 11:14:57.527  2711  2723 E WifiHW  : wifi_start_supplicant
04-09 11:14:57.528  2711  2723 E WifiHW  : wifi_start_ctl.start : wpa_supplicant
04-09 11:14:57.553  2712  2721 E LUCI_SERVER: Luci Server Thread waiting for packets....
04-09 11:14:57.729  2711  2723 E WifiHW  : wifi_connect_to_supplicant : wlan0
04-09 11:14:57.729  2711  2723 E WifiHW  : wifi_connect_on_socket_path1 : wlan0
04-09 11:14:57.732  2711  2723 E yani_wifi: enable_disable_net_if() Failed SIOCGIFFLAGS for interface 'wlan1' enable '0'
04-09 11:14:57.737  2711  2723 I yani_wifi: configure_wifi() SSID '' security '' passphrase '********' Country 'US'
04-09 11:14:58.929  2690  2690 I sh      : LSDeviceService: not found
04-09 11:14:59.025  2732  2732 I NetMgr  : Net_Mgr starting
04-09 11:14:59.031  2729  2729 E         :  Start MessageBox Handler 
04-09 11:14:59.039  2729  2741 E MB_HANDLER: HOST present 1
04-09 11:14:59.040  2730  2730 E UIModeManager: UIModeManager Constructor ++
04-09 11:14:59.042  2729  2741 E MB_HANDLER:  REGISTERED YANI LISTENER IN MessageBoxHandler
04-09 11:14:59.043  2729  2741 E         : External Host present 1
04-09 11:14:59.043  2729  2741 E MB_HANDLER: REGISTERED ExternalSource IN MessageBoxHandler
04-09 11:14:59.050  2732  2732 I HotspotManager: Default WiFi Interface : wlan0
04-09 11:14:59.053  2729  2741 E MB_HANDLER: Check Device Support ENV_CastSetup true ENV_GoogleCast_ID true 
04-09 11:14:59.053  2712  2712 I lucitransport: readRemoteMessage() MID char = 43689 buffer = 1
04-09 11:14:59.053  2712  2712 I lucitransport: writeRemoteMessage() MID = 43690 buffer = ªªªªª
04-09 11:14:59.053  2712  2712 I luciUART: write() MID = 43690  bytes = 15 data = ªªªªª m_fd = 0x5
04-09 11:14:59.053  2729  2741 E MB_HANDLER: LUCI UART READY MSG!!
04-09 11:14:59.053  2729  2741 E MB_HANDLER: Set Default Network Status on Bootup 0#1,0#2,0#3,0#4,0!
04-09 11:14:59.074  2712  2721 E WLANP2PIF: ioctl failed
04-09 11:14:59.074  2712  2721 E LUCI_SERVER: ** RSSI  = 255
04-09 11:14:59.075  2712  2721 I luciUART: write() MID = 151  bytes = 10 data =  m_fd = 0x5
04-09 11:14:59.075  2712  2721 E LUCI_SERVER: Luci Server Thread wait over MID 208....
04-09 11:14:59.075  2712  2721 E LUCI_SERVER: Got NV name : ssid
04-09 11:14:59.076  2712  2721 I luciUART: write() MID = 208  bytes = 15 data = ssid: m_fd = 0x5
04-09 11:14:59.076  2712  2721 E LUCI_SERVER: NV_READ response= ssid:
04-09 11:14:59.076  2712  2721 E LUCI_SERVER: Luci Server Thread waiting for packets....
04-09 11:14:59.078  2729  2741 E MB_HANDLER: ENV READ FAILED
04-09 11:14:59.082  2729  2741 E MB_HANDLER: MacAddress :CC:90:93:21:F3:84
04-09 11:14:59.082  2712  2712 I lucitransport: writeRemoteMessage() MID = 91 buffer = CC:90:93:21:F3:84
04-09 11:14:59.082  2712  2712 I luciUART: write() MID = 91  bytes = 27 data = CC:90:93:21:F3:84 m_fd = 0x5
04-09 11:14:59.082  2729  2741 E MB_HANDLER: Message Handler Thread waiting for messages....
04-09 11:14:59.083  2730  2730 I UIModeManager: RegisterModeControl Mode - PlayMode ModeControl - 0xab0cdc30
04-09 11:14:59.084  2730  2730 I ServiceManager: Waiting for service media.player...
04-09 11:14:59.087  2732  2745 E WifiUtil: command: "SCAN" failed: FAIL-BUSY
04-09 11:14:59.089  2736  2736 D dhcpcd  : wlan0: adding address fe80::ce90:93ff:fe21:f384
04-09 11:14:59.091  2712  2720 E luciUART: UART:aa
04-09 11:14:59.091  2712  2720 E luciUART: UART:aa
04-09 11:14:59.092  2712  2720 E luciUART: UART:2
04-09 11:14:59.092  2712  2720 E luciUART: UART:0
04-09 11:14:59.092  2712  2720 E luciUART: UART:d0
04-09 11:14:59.092  2712  2720 E luciUART: UART:0
04-09 11:14:59.092  2712  2720 I chatty  : uid=0(root) UARTLUCIControl identical 2 lines
04-09 11:14:59.092  2712  2720 E luciUART: UART:0
04-09 11:14:59.092  2712  2720 E luciUART: UART:9
04-09 11:14:59.092  2712  2720 I luciUART: read() RemoteID = 43690 Command = 208 Type = 2 Status = 0 DataLen = 9
04-09 11:14:59.092  2712  2720 E luciUART: Error: full data not available yet! readBytes 0
04-09 11:14:59.092  2712  2720 I luciUART: Previous Packet read contd., 
04-09 11:14:59.093  2712  2720 E luciUART: UART:4
04-09 11:14:59.096  2712  2720 I luciUART: Previous Packet read contd., 
04-09 11:14:59.096  2712  2720 I luciUART: Previous Packet read contd., 
04-09 11:14:59.096  2712  2720 E luciUART: UART:77
04-09 11:14:59.096  2712  2720 I luciUART: Previous Packet read contd., 
04-09 11:14:59.096  2712  2720 E luciUART: UART:64
04-09 11:14:59.096  2712  2720 E luciUART: UART:6f
04-09 11:14:59.096  2712  2720 I luciUART: Previous Packet read contd., 
04-09 11:14:59.096  2712  2720 E luciUART: UART:77
04-09 11:14:59.096  2712  2720 I luciUART: Previous Packet read contd., 
04-09 11:14:59.096  2712  2720 E luciUART: UART:6e
04-09 11:14:59.096  2712  2720 I luciUART: Previous Packet read contd., 
04-09 11:14:59.096  2712  2720 E luciUART: UART:6c
04-09 11:14:59.096  2712  2720 I luciUART: Previous Packet read contd., 
04-09 11:14:59.096  2712  2720 E luciUART: UART:6f
04-09 11:14:59.096  2712  2720 I luciUART: Previous Packet read contd., 
04-09 11:14:59.097  2712  2720 E luciUART: UART:61
04-09 11:14:59.097  2712  2720 I luciUART: Previous Packet read contd., 
04-09 11:14:59.097  2712  2720 E luciUART: UART:64
04-09 11:14:59.097  2712  2720 I luciUART: Previous Packet read contd., 
04-09 11:14:59.097  2712  2720 E luciUART: UART:5f
04-09 11:14:59.097  2712  2720 I luciUART: Previous Packet read contd., 
04-09 11:14:59.097  2712  2720 E luciUART: UART:78
04-09 11:14:59.097  2712  2720 I luciUART: Previous Packet read contd., 
04-09 11:14:59.097  2712  2720 E luciUART: UART:6d
04-09 11:14:59.097  2712  2720 I luciUART: Previous Packet read contd., 
04-09 11:14:59.097  2712  2720 E luciUART: UART:6c
04-09 11:14:59.104  2729  2741 E MB_HANDLER: Message Handler Thread waiting for messages....
04-09 11:14:59.105  2712  2721 I luciUART: write() MID = 208  bytes = 67 data = fwdownload_xml:https://openotaengine.libreiotcloud.com/v1 m_fd = 0x5
04-09 11:14:59.105  2712  2721 E LUCI_SERVER: NV_READ response= fwdownload_xml:https://openotaengine.libreiotcloud.com/v1
04-09 11:14:59.105  2712  2721 E LUCI_SERVER: Luci Server Thread waiting for packets....
04-09 11:14:59.115  2734  2734 I bt_btif : init
04-09 11:14:59.117  2734  2734 D bt_osi_allocation_tracker: canary initialized
04-09 11:14:59.120  2734  2755 I bt_osi_thread: run_thread: thread id 2755, thread name stack_manager started
04-09 11:14:59.120  2734  2755 I bt_stack_manager: event_init_stack is initializing the stack
04-09 11:14:59.128  2734  2755 E bt_osi_config: config_new unable to open file '/data/misc/bluedroid/bt_config.conf': No such file or directory
04-09 11:14:59.129  2734  2755 W bt_btif_config: init unable to load config file: /data/misc/bluedroid/bt_config.conf; using backup.
04-09 11:14:59.129  2734  2755 E bt_osi_config: config_new unable to open file '/data/misc/bluedroid/bt_config.bak': No such file or directory
04-09 11:14:59.129  2734  2755 W bt_btif_config: init unable to load backup; attempting to transcode legacy file.
04-09 11:14:59.130  2734  2755 E bt_btif_config_transcode: btif_config_transcode unable to load XML file '/data/misc/bluedroid/bt_config.xml': 3
04-09 11:14:59.131  2734  2755 E bt_btif_config: init unable to transcode legacy file; creating empty config.
04-09 11:14:59.131  2734  2759 I bt_osi_thread: run_thread: thread id 2759, thread name alarm_default_ca started
04-09 11:14:59.132  2734  2760 I bt_osi_thread: run_thread: thread id 2760, thread name alarm_dispatcher started
04-09 11:14:59.135  2734  2755 I bt_btif_core: btif_init_bluetooth entered
04-09 11:14:59.137  2734  2755 I bt_stack_config: init attempt to load stack conf from /etc/bluetooth/bt_stack.conf
04-09 11:14:59.141  2734  2762 I bt_osi_thread: run_thread: thread id 2762, thread name bt_jni_workqueue started
04-09 11:14:59.141  2734  2755 I bt_btif_core: btif_init_bluetooth finished
04-09 11:14:59.141  2734  2762 I bt_btif_core: run_message_loop entered
04-09 11:14:59.141  2734  2755 I bt_stack_manager: event_init_stack finished
04-09 11:14:59.142  2734  2734 I bt_osi_wakelock: wakelock_set_os_callouts set to non-native
04-09 11:14:59.146  2734  2734 I bt_btif : get_profile_interface: id = gatt
04-09 11:14:59.151  2734  2734 I bt_btif : get_profile_interface: id = a2dp
04-09 11:14:59.151  2734  2734 I bt_btif : get_profile_interface: id = a2dp_sink
04-09 11:14:59.163  2734  2766 I bt_osi_thread: run_thread: thread id 2766, thread name btif_a2dp_sink_w started
04-09 11:14:59.167  2734  2734 D a2dp_codec: init
04-09 11:14:59.168  2734  2734 D a2dp_codec: createCodec: codec SBC
04-09 11:14:59.171  2734  2734 D a2dp_codec: createCodec: codec AAC
04-09 11:14:59.172  2734  2734 D a2dp_codec: createCodec: codec aptX
04-09 11:14:59.172  2734  2734 E a2dp_vendor_aptx_encoder: A2DP_VendorLoadEncoderAptx: cannot open aptX encoder library libaptX_encoder.so: libaptX_encoder.so: cannot open shared object file: No such file or directory
04-09 11:14:59.172  2734  2734 E a2dp_vendor_aptx: init: cannot load the encoder
04-09 11:14:59.172  2734  2734 D a2dp_codec: createCodec: codec aptX-HD
04-09 11:14:59.173  2734  2734 E a2dp_vendor_aptx_hd_encoder: A2DP_VendorLoadEncoderAptxHd: cannot open aptX-HD encoder library libaptXHD_encoder.so: libaptXHD_encoder.so: cannot open shared object file: No such file or directory
04-09 11:14:59.173  2734  2734 E a2dp_vendor_aptx_hd: init: cannot load the encoder
04-09 11:14:59.174  2734  2734 D a2dp_codec: createCodec: codec LDAC
04-09 11:14:59.174  2734  2734 E a2dp_vendor_ldac_encoder: A2DP_VendorLoadEncoderLdac: cannot open LDAC encoder library libldacBT_enc.so: libldacBT_enc.so: cannot open shared object file: No such file or directory
04-09 11:14:59.174  2734  2734 E a2dp_vendor_ldac: init: cannot load the encoder
04-09 11:14:59.174  2734  2734 D a2dp_codec: createCodec: codec SBC SINK
04-09 11:14:59.174  2734  2734 D a2dp_codec: createCodec: codec AAC SINK
04-09 11:14:59.176  2734  2762 E bt_btif : btif_sm_dispatch : Invalid handle
04-09 11:14:59.176  2734  2734 I bt_btif : get_profile_interface: id = avrcp_ctrl
04-09 11:14:59.177  2734  2734 I bt_btif : get_profile_interface: id = hidhost
04-09 11:14:59.186  2732  2746 E CommandListener: Message not handled: unrecognized interface usb0
04-09 11:14:59.186  2732  2746 W FrameworkListener: Handler 'Iface' error (Success)
04-09 11:14:59.186  2732  2746 E CommandListener: Message not handled: unrecognized interface usb0
04-09 11:14:59.186  2732  2746 W FrameworkListener: Handler 'Iface' error (Success)
04-09 11:14:59.189  2734  2734 I bluetoothtbd: [0408/224459.189460:INFO:daemon.cc(168)] Daemon initialized
04-09 11:14:59.190  2734  2734 I bt_btif : enable: start restricted = 0
04-09 11:14:59.190  2734  2755 I bt_stack_manager: event_start_up_stack is bringing up the stack
04-09 11:14:59.190  2734  2755 I bt_core_module: module_start_up Starting module "btif_config_module"
04-09 11:14:59.190  2734  2755 I bt_core_module: module_start_up Started module "btif_config_module"
04-09 11:14:59.190  2734  2755 I bt_core_module: module_start_up Starting module "btsnoop_module"
04-09 11:14:59.190  2734  2755 I bt_core_module: module_start_up Started module "btsnoop_module"
04-09 11:14:59.191  2734  2755 I bt_core_module: module_start_up Starting module "hci_module"
04-09 11:14:59.191  2734  2755 I bt_hci  : hci_module_start_up
04-09 11:14:59.194  2734  2777 I bt_osi_thread: run_thread: thread id 2777, thread name hci_thread started
04-09 11:14:59.195  2734  2755 D bt_hci  : hci_module_start_up starting async portion
04-09 11:14:59.196  2734  2777 I bluetoothtbd: [0408/224459.196344:INFO:hci_layer_linux.cc(172)] hci_initialize
04-09 11:14:59.196  2734  2777 I bluetoothtbd: [0408/224459.196493:INFO:hci_layer_linux.cc(184)] Using interface hci0
04-09 11:14:59.196  2734  2777 I bluetoothtbd: [0408/224459.196536:INFO:hci_layer_linux.cc(378)] rfkill
04-09 11:14:59.200  2732  2746 E CommandListener: Message not handled: unrecognized interface usb0
04-09 11:14:59.200  2732  2746 W FrameworkListener: Handler 'Iface' error (Success)
04-09 11:14:59.201  2732  2746 E CommandListener: Message not handled: unrecognized interface usb0
04-09 11:14:59.201  2732  2746 W FrameworkListener: Handler 'Iface' error (Success)
04-09 11:14:59.202  2732  2746 E CommandListener: Message not handled: unrecognized interface usb0
04-09 11:14:59.202  2732  2746 W FrameworkListener: Handler 'Iface' error (Success)
04-09 11:14:59.204  2732  2746 E CommandListener: Message not handled: unrecognized interface usb0
04-09 11:14:59.204  2732  2746 W FrameworkListener: Handler 'Iface' error (Success)
04-09 11:14:59.238  2736  2736 D dhcpcd  : no interfaces have a carrier
04-09 11:14:59.239  2736  2736 D dhcpcd  : wlan0: waiting for carrier
04-09 11:14:59.247  2788  2788 I dnsmasq : started, version 2.51 cachesize 150
04-09 11:14:59.247  2788  2788 I dnsmasq : compile time options: no-IPv6 GNU-getopt no-DBus no-I18N DHCP no-scripts no-TFTP
04-09 11:14:59.248  2788  2788 I dnsmasq : DHCP, IP range 192.168.10.3 -- 192.168.10.10, lease time 12h
04-09 11:14:59.248  2788  2788 I dnsmasq : reading /etc/resolv.conf
04-09 11:14:59.248  2788  2788 I dnsmasq : using nameserver 8.8.8.8#53
04-09 11:14:59.248  2788  2788 I dnsmasq : read /etc/hosts - 1 addresses
04-09 11:14:59.610  2734  2777 I bluetoothtbd: [0408/224459.610459:INFO:hci_layer_linux.cc(295)] wait_hcidev
04-09 11:14:59.610  2734  2777 I bluetoothtbd: [0408/224459.610722:INFO:hci_layer_linux.cc(332)] Do poll() with timeout of 3000ms
04-09 11:14:59.612  2734  2777 I bluetoothtbd: [0408/224459.612271:INFO:hci_layer_linux.cc(228)] HCI device ready
04-09 11:14:59.612  2734  2777 I bt_hci  : event_finish_startup
04-09 11:14:59.612  2734  2755 I bt_core_module: module_start_up Started module "hci_module"
04-09 11:14:59.614  2734  2812 I bt_osi_thread: run_thread: thread id 2812, thread name bt_workqueue started
04-09 11:14:59.614  2734  2812 I bluetoothtbd: [0408/224459.614804:INFO:btu_task.cc(107)] Bluetooth chip preload is complete
04-09 11:14:59.619  2732  2746 E CommandListener: Message not handled: unrecognized interface usb0
04-09 11:14:59.619  2732  2746 W FrameworkListener: Handler 'Iface' error (Success)
04-09 11:14:59.621  2734  2812 I         : No vendor HCI socket available. Won't create SocketWriter.
04-09 11:14:59.630  2734  2812 I bluetoothtbd: [0408/224459.629814:INFO:gatt_api.cc(1005)] GATT_Register
04-09 11:14:59.631  2734  2812 I bluetoothtbd: [0408/224459.631610:INFO:gatt_api.cc(1028)] allocated gatt_if=1
04-09 11:14:59.633  2734  2812 I bluetoothtbd: [0408/224459.633229:INFO:gatt_api.cc(207)] GATTS_AddService
04-09 11:14:59.634  2734  2812 I bluetoothtbd: [0408/224459.634348:INFO:gatt_api.cc(317)] GATTS_AddService: service parsed correctly, now starting
04-09 11:14:59.635  2734  2812 E bluetoothtbd: [0408/224459.635308:ERROR:gatt_attr.cc(302)] gatt_profile_db_init:  gatt_if=1
04-09 11:14:59.642  2734  2812 I bluetoothtbd: [0408/224459.642427:INFO:gatt_api.cc(1005)] GATT_Register
04-09 11:14:59.642  2734  2812 I bluetoothtbd: [0408/224459.642599:INFO:gatt_api.cc(1028)] allocated gatt_if=2
04-09 11:14:59.642  2734  2812 I bluetoothtbd: [0408/224459.642657:INFO:gatt_api.cc(207)] GATTS_AddService
04-09 11:14:59.642  2734  2812 I bluetoothtbd: [0408/224459.642718:INFO:gatt_api.cc(317)] GATTS_AddService: service parsed correctly, now starting
04-09 11:14:59.646  2734  2814 I bt_osi_thread: run_thread: thread id 2814, thread name btu message loop started
04-09 11:14:59.678  2734  2815 I bt_osi_thread: run_thread: thread id 2815, thread name module_wrapper started
04-09 11:14:59.678  2734  2815 I bt_core_module: module_start_up Starting module "controller_module"
04-09 11:14:59.740  2711  2723 I yani_server: ifindexeth0 0 ifindexwlan0 5 ifindexp2p0 6 ifindexwlan1 0
04-09 11:14:59.741  2711  2723 I yani_server: NetLink Event '-1' Interface-Index '5' WLAN '0' Ethernet '-1' Parsed-iFill '-1' -> 'INVALID' ifIndex '1' -> 'lo'
04-09 11:14:59.741  2711  2723 I yani_kernel: yani_geteventfrom_changeaddr() Message-Id '1' Netlink event '16' Interface Index '5' -> Name 'wlan0' 
04-09 11:14:59.742  2711  2723 I yani_kernel: yani_geteventfrom_changeaddr() Message-Id '1' Netlink event '16' Interface Index '9' -> Name 'usb0' 
04-09 11:14:59.743  2711  2723 I yani_kernel: yani_geteventfrom_changeaddr() Message-Id '1' Netlink event '16' Interface Index '9' -> Name 'usb0' 
04-09 11:14:59.744  2711  2723 I yani_kernel: yani_geteventfrom_changeaddr() Message-Id '1' Netlink event '20' Interface Index '9' -> Name 'usb0' 
04-09 11:14:59.745  2711  2723 I yani_kernel: yani_geteventfrom_changeaddr() Message-Id '1' Netlink event '16' Interface Index '9' -> Name 'usb0' 
04-09 11:14:59.746  2711  2723 I yani_kernel: yani_geteventfrom_changeaddr() Message-Id '1' Netlink event '21' Interface Index '9' -> Name 'usb0' 
04-09 11:14:59.747  2711  2723 I yani_kernel: yani_geteventfrom_changeaddr() Message-Id '1' Netlink event '20' Interface Index '9' -> Name 'usb0' 
04-09 11:14:59.748  2711  2723 I yani_kernel: yani_geteventfrom_changeaddr() Message-Id '1' Netlink event '16' Interface Index '9' -> Name 'usb0' 
04-09 11:14:59.854  2734  2815 I bt_core_module: module_start_up Started module "controller_module"
04-09 11:14:59.854  2734  2815 W bt_osi_thread: run_thread: thread id 2815, thread name module_wrapper exited
04-09 11:14:59.858  2734  2812 W bt_btm  : btm_decode_ext_features_page: feature page 1 ignored
04-09 11:14:59.858  2734  2812 W bt_btm  : btm_decode_ext_features_page: feature page 2 ignored
04-09 11:14:59.859  2734  2814 I bt_btm_sec: BTM_SecRegister p_cb_info->p_le_callback == 0x0xf6929b99
04-09 11:14:59.860  2734  2814 I bt_btm_sec: BTM_SecRegister btm_cb.api.p_le_callback = 0x0xf6929b99 
04-09 11:14:59.862  2734  2814 I bluetoothtbd: [0408/224459.862027:INFO:ble_advertiser_hci_interface.cc(736)] Legacy advertising will be in use
04-09 11:14:59.864  2734  2814 I bluetoothtbd: [0408/224459.864404:INFO:gatt_api.cc(1005)] GATT_Register
04-09 11:14:59.864  2734  2814 I bluetoothtbd: [0408/224459.864575:INFO:gatt_api.cc(1028)] allocated gatt_if=3
04-09 11:14:59.887  2734  2814 I bt_bta_av: AVRCP version used for sdp: "avrcp14"
04-09 11:14:59.891  2734  2762 E bt_btif_storage: btif_storage_get_adapter_property: Controller ready!
04-09 11:14:59.891  2734  2762 I bt_btif_storage: btif_storage_get_adapter_property service_mask:0x40000
04-09 11:14:59.892  2734  2762 I bluetoothtbd: [0408/224459.892110:INFO:adapter.cc(551)] Adapter properties changed
04-09 11:14:59.892  2734  2762 I bluetoothtbd: [0408/224459.892219:INFO:adapter.cc(564)] Adapter address changed: CC:90:93:21:F3:85
04-09 11:14:59.892  2734  2762 I bluetoothtbd: [0408/224459.892261:INFO:adapter.cc(573)] Adapter name changed
04-09 11:14:59.892  2734  2762 I bt_btif_core: btif_enable_bluetooth_evt entered: status 0
04-09 11:14:59.892  2734  2762 W bt_btif : btif_enable_bluetooth_evt: Saving the Adapter Address
04-09 11:14:59.893  2734  2762 I bluetoothtbd: [0408/224459.892997:INFO:adapter.cc(551)] Adapter properties changed
04-09 11:14:59.893  2734  2762 I bluetoothtbd: [0408/224459.893049:INFO:adapter.cc(564)] Adapter address changed: CC:90:93:21:F3:85
04-09 11:14:59.893  2734  2762 D bt_hci  : do_postload posting postload work item
04-09 11:14:59.897  2734  2856 I bt_osi_thread: run_thread: thread id 2856, thread name btif_sock started
04-09 11:14:59.900  2734  2762 D bt_bte_conf: Device ID record 1 : primary
04-09 11:14:59.900  2734  2762 D bt_bte_conf:   vendorId            = 000f
04-09 11:14:59.900  2734  2762 D bt_bte_conf:   vendorIdSource      = 0001
04-09 11:14:59.900  2734  2762 D bt_bte_conf:   product             = 1200
04-09 11:14:59.900  2734  2762 D bt_bte_conf:   version             = 1436
04-09 11:14:59.900  2734  2762 D bt_bte_conf:   clientExecutableURL = 
04-09 11:14:59.900  2734  2762 D bt_bte_conf:   serviceDescription  = 
04-09 11:14:59.900  2734  2762 D bt_bte_conf:   documentationURL    = 
04-09 11:14:59.900  2734  2762 D bt_bte_conf: bte_load_did_conf no section named DID2.
04-09 11:14:59.900  2734  2755 I bt_stack_manager: event_start_up_stack finished
04-09 11:15:00.084  2730  2730 I ServiceManager: Waiting for service media.player...
04-09 11:15:00.206  2711  2723 I yani_kernel: yani_geteventfrom_changeaddr() Message-Id '1' Netlink event '16' Interface Index '9' -> Name 'usb0' 
04-09 11:15:00.207  2732  2746 E CommandListener: Message not handled: unrecognized interface usb0
04-09 11:15:00.207  2732  2746 W FrameworkListener: Handler 'Iface' error (Success)
04-09 11:15:00.687  2732  2746 E CommandListener: Message not handled: unrecognized interface usb0
04-09 11:15:00.687  2732  2746 W FrameworkListener: Handler 'Iface' error (Success)
04-09 11:15:01.085  2730  2730 I ServiceManager: Waiting for service media.player...
04-09 11:15:01.087  2732  2745 E WifiUtil: command: "SCAN" failed: FAIL-BUSY
04-09 11:15:01.401  2711  2723 I yani_server: NetLink Event '-1' Interface-Index '5' WLAN '-1' Ethernet '-1' Parsed-iFill '-1' -> 'INVALID' ifIndex '1' -> 'lo'
04-09 11:15:01.402  2711  2723 I yani_server: NetLink Event '-1' Interface-Index '5' WLAN '0' Ethernet '-1' Parsed-iFill '-1' -> 'INVALID' ifIndex '1' -> 'lo'
04-09 11:15:01.431  2711  2723 I chatty  : uid=0(root) YaniServer identical 44 lines
04-09 11:15:01.432  2711  2723 I yani_server: NetLink Event '-1' Interface-Index '5' WLAN '0' Ethernet '-1' Parsed-iFill '-1' -> 'INVALID' ifIndex '1' -> 'lo'
04-09 11:15:01.432  2711  2723 I yani_kernel: yani_geteventfrom_changeaddr() Message-Id '1' Netlink event '16' Interface Index '5' -> Name 'wlan0' 
04-09 11:15:01.433  2711  2723 I yani_kernel: yani_geteventfrom_changeaddr() Message-Id '1' Netlink event '16' Interface Index '5' -> Name 'wlan0' 
04-09 11:15:01.994  2713  2713 I SourceSwitch: SourceSwitch() Host 1 initialized...
04-09 11:15:02.085  2730  2730 I ServiceManager: Waiting for service media.player...
04-09 11:15:02.921  2734  2762 E bt_osi_config: config_save unable to open dir '/data/misc/bluedroid': No such file or directory
04-09 11:15:03.023  2788  2788 I dnsmasq : DHCPDISCOVER(usb0) da:0b:47:37:13:06 
04-09 11:15:03.023  2788  2788 I dnsmasq : DHCPOFFER(usb0) 192.168.10.7 da:0b:47:37:13:06 
04-09 11:15:03.024  2788  2788 I dnsmasq : DHCPDISCOVER(usb0) da:0b:47:37:13:06 
04-09 11:15:03.024  2788  2788 I dnsmasq : DHCPOFFER(usb0) 192.168.10.7 da:0b:47:37:13:06 
04-09 11:15:03.030  2788  2788 I dnsmasq : DHCPREQUEST(usb0) 192.168.10.7 da:0b:47:37:13:06 
04-09 11:15:03.030  2788  2788 I dnsmasq : DHCPACK(usb0) 192.168.10.7 da:0b:47:37:13:06 
04-09 11:15:03.031  2788  2788 I dnsmasq : DHCPREQUEST(usb0) 192.168.10.7 da:0b:47:37:13:06 
04-09 11:15:03.031  2788  2788 I dnsmasq : DHCPACK(usb0) 192.168.10.7 da:0b:47:37:13:06 
04-09 11:15:03.086  2730  2730 I ServiceManager: Waiting for service media.player...
04-09 11:15:03.089  2711  2723 I yani_server: NetLink Event '-1' Interface-Index '5' WLAN '-1' Ethernet '-1' Parsed-iFill '-1' -> 'INVALID' ifIndex '1' -> 'lo'
04-09 11:15:04.059  2690  2690 I sh      : btaudioplayer: not found
04-09 11:15:04.089  2690  2690 I sh      : *** play mode control constructor end 
04-09 11:15:04.089  2730  2730 E BrowseModeControl: Read env failed
04-09 11:15:04.089  2730  2730 I UIModeManager: RegisterModeControl Mode - BrowseMode ModeControl - 0xab0d0830
04-09 11:15:04.089  2730  2730 E DefaultBrowser: m_ItemsCount = 7 
04-09 11:15:04.090  2730  2730 E SDCardBrowser: SDCARD Browser constructor mounting vfat first
04-09 11:15:04.091  2730  2730 E SDCardBrowser: 3 GOTOP  Sytem return value = -1
04-09 11:15:04.091  2730  2730 E SDCardBrowser: mounting vfat failed, try ntfs, return value = -1
04-09 11:15:04.093  2730  2730 I ServiceManager: Waiting for service media.player...
04-09 11:15:04.112  2690  2690 I sh      : /dev/block/sd*: No such file or directory
04-09 11:15:05.094  2730  2730 I ServiceManager: Waiting for service media.player...
04-09 11:15:05.095  2732  2745 I NetworkMonitor: Number of APs is 44
04-09 11:15:05.095  2732  2745 I NetworkMonitor: Number of APs with same essid 0
04-09 11:15:05.145  2971  2971 I wac-main: main() defaultServiceManager 0xad096fa8 
04-09 11:15:05.154  2971  2971 I wac-main: Getinstance
04-09 11:15:05.154  2690  2690 I sh      : ***** START WEBSERVER ******
04-09 11:15:05.154  2971  2971 I wac-main: WAC LUCI listener created
04-09 11:15:05.162  2971  2971 E wac-main: wac trigger pipe not ready
04-09 11:15:05.162  2690  2690 I sh      : threadLoop entry.... 
04-09 11:15:05.162  2690  2690 I sh      : WebServerManager::InitWebServerManager ++ 
04-09 11:15:05.163  2971  2985 I wac-main: init_netlink_skt() Success Netlink socket fd 7
04-09 11:15:05.163  2971  2985 E wac-main: Enter poll and wait
04-09 11:15:05.166  2690  2690 I sh      : WebServerManager::InitWebServerManager --
04-09 11:15:05.171  2690  2690 I sh      : mkdir failed for misc, File exists
04-09 11:15:05.209  2977  2987 E LibreConnect: 
04-09 11:15:05.209  2977  2987 E LibreConnect:  start /factory/custom/web YES, Its a DIR
04-09 11:15:05.227  2690  2690 I sh      : 
04-09 11:15:05.227  2690  2690 I sh      : 
04-09 11:15:05.227  2690  2690 I sh      : MAIN TO START SPOTIFY START
04-09 11:15:05.227  2690  2690 I sh      : 
04-09 11:15:05.228  2690  2690 I chatty  : uid=1005(log) /bin/logwrapper identical 1 line
04-09 11:15:05.228  2690  2690 I sh      : 
04-09 11:15:05.228  2690  2690 I sh      : MAIN TO START SPOTIFY END
04-09 11:15:05.228  2690  2690 I sh      : 
04-09 11:15:05.233  2972  2972 E librecast: Starting Libre Cast process...
04-09 11:15:05.233  2972  2972 E librecast: librecast:189
04-09 11:15:05.234  2972  2972 E librecast: librecast:195
04-09 11:15:05.238  2972  2972 E librecast: librecast:217:GoogleCast NV set to 'true' so starting cast_installer service
04-09 11:15:05.245  2978  2992 I otamanager: OTA: set OTA timer
04-09 11:15:05.245  2978  2992 I otamanager: Timer set for 14400 seconds
04-09 11:15:05.245  2978  2992 D otamanager: Thread created successfully
04-09 11:15:05.245  2978  2992 I otamanager: OTA Manager Initialization Complete!!!
04-09 11:15:05.246  2978  2992 I otamanager: OnStartupCheck() wlanstate 0  ethstate 0 m_IsFDR 1
04-09 11:15:05.246  2978  2992 I otamanager: CurrentFirmwareUpdateState: 'Idle' 
04-09 11:15:05.254  2975  2995 E SPOTIFY : Spotify initSpotifyLibrary 
04-09 11:15:05.267  2975  2995 E SPOTIFY : TLS Cert free resposne = 6 
04-09 11:15:05.267  2975  2995 E SPOTIFY : Certificate bundle Length= 200519 
04-09 11:15:05.282  2972  2972 I librecast: populateProperties ++
04-09 11:15:05.301  2975  2995 E SPOTIFY : sCertificate = -----BEGIN CERTIFICATE-----
