04-09 10:09:39.646  3078  3078 I cast_shell: [3081:3081:WARNING:application_config_manager_impl.cc(424)] App is not supported: id=CC1AD845
04-09 10:09:39.646  3078  3078 I cast_shell: [3081:3119:INFO:setup_namespace_handler.cc(94)] Added a peer for setup namespace: 785f3b92-6274-abf9-72bf-2568081df21f.2:gms_cast_prober-1
04-09 10:09:39.646  3078  3078 I cast_shell: [3081:3119:INFO:setup_state.cc(544)] EurekaInfoCalled: wifi_state=10, is_usable_ip_address=1, connected=1, is_initial_setup=0
04-09 10:09:39.659  3078  3078 I cast_shell: [3081:3081:INFO:mdns_util.cc(102)] Defaulting mDNS capabilities for audio-only build
04-09 10:09:39.659  3078  3078 I cast_shell: [3081:3081:INFO:mdns_util.cc(102)] Defaulting mDNS capabilities for audio-only build
04-09 10:09:39.673  3078  3078 I cast_shell: [3081:3130:INFO:v2_ssl_socket.cc(358)] Stop reading on pending closed socket
04-09 10:09:39.673  3078  3078 I cast_shell: [3081:3119:INFO:setup_namespace_handler.cc(104)] Removed a peer for setup namespace: 785f3b92-6274-abf9-72bf-2568081df21f.2:gms_cast_prober-1
04-09 10:09:39.875  3078  3078 I cast_shell: [3081:3130:INFO:metrics_recorder.cc(282)] Cast v2 action(socket_id=785f3b92-6274-abf9-72bf-2568081df21f.3): CastV2.Connection.Connect.In
04-09 10:09:39.876  3078  3078 I cast_shell: [3081:3081:INFO:application_config_manager_impl.cc(637)] Virtual device not enabled: [PII](785f3b92-6274-abf9-72bf-2568081df21f)
04-09 10:09:39.876  3078  3078 I cast_shell: [3081:3081:WARNING:application_config_manager_impl.cc(424)] App is not supported: id=CC1AD845
04-09 10:09:39.878  3078  3078 I cast_shell: [3081:3119:INFO:setup_namespace_handler.cc(94)] Added a peer for setup namespace: 785f3b92-6274-abf9-72bf-2568081df21f.3:gms_cast_prober-1
04-09 10:09:39.878  3078  3078 I cast_shell: [3081:3119:INFO:setup_state.cc(544)] EurekaInfoCalled: wifi_state=10, is_usable_ip_address=1, connected=1, is_initial_setup=0
04-09 10:09:39.943  3078  3078 I cast_shell: [3081:3081:INFO:mdns_util.cc(102)] Defaulting mDNS capabilities for audio-only build
04-09 10:09:39.943  3078  3078 I cast_shell: [3081:3081:INFO:mdns_util.cc(102)] Defaulting mDNS capabilities for audio-only build
04-09 10:09:40.042  3078  3078 I cast_shell: [3081:3081:INFO:robot_account_auth_manager.cc(525)] Got CAS response: 200
04-09 10:09:40.042  3078  3078 I cast_shell: [3081:3081:INFO:metrics_recorder.cc(282)] cast event: Cast.Assistant.AuthError.NOT_LINKED
04-09 10:09:40.042  3078  3078 I cast_shell: [3081:3081:INFO:robot_account_auth_manager.cc(776)] Current error: TOKEN_NOT_FETCHED, new error: NOT_LINKED
04-09 10:09:40.042  3078  3078 I cast_shell: [3081:3081:INFO:user_auth_impl.cc(207)] Notified all the observers of new auth tokens.
04-09 10:09:40.095  3078  3078 I cast_shell: [3081:3119:INFO:setup_namespace_handler.cc(104)] Removed a peer for setup namespace: 785f3b92-6274-abf9-72bf-2568081df21f.3:gms_cast_prober-1
04-09 10:09:40.095  3078  3078 I cast_shell: [3081:3130:INFO:v2_ssl_socket.cc(358)] Stop reading on pending closed socket
04-09 10:09:40.147  3078  3078 I cast_shell: [system_updater_dummy.cpp(139)] CheckUpdate 139
04-09 10:09:40.147  3078  3078 I cast_shell: [system_updater_dummy.cpp(148)] CheckUpdate 148 return
04-09 10:09:40.362  2953  2976 I otamanager: OTA:curl response code : 0	
04-09 10:09:40.362  2953  2976 I otamanager: http status code : 200
04-09 10:09:40.362  2953  2976 I otamanager: OTA: contentLen :187.000000
04-09 10:09:40.369  2953  2976 I otamanager: OTA: bytesDownloaded = 187 m_iHttpStatusCode = 200 
04-09 10:09:40.374  2688  2688 I sh      : {
04-09 10:09:40.374  2953  2976 E otamanager: OTA:error string =  No update available
04-09 10:09:40.374  2688  2688 I sh      : 	"castVersion" : null,
04-09 10:09:40.374  2688  2688 I sh      : 	"crc" : null,
04-09 10:09:40.374  2688  2688 I sh      : 	"errorCode" : 1001,
04-09 10:09:40.374  2688  2688 I sh      : 	"errorString" : "No update available",
04-09 10:09:40.375  2712  2719 I lucitransport: writeRemoteMessage() MID = 223 buffer = NO_UPDATE
04-09 10:09:40.375  2712  2719 I luciUART: write() MID = 223  bytes = 19 data = NO_UPDATE m_fd = 0x5
04-09 10:09:40.386  2953  2976 E otamanager: lo not valid Interface for MAC ID
04-09 10:09:40.386  2953  2976 D otamanager: OTA: wlan IP = 192.168.1.145
04-09 10:09:40.386  2953  2976 I otamanager: OTA:checkIP mac = cc909321f384  IP = 192.168.1.145 
04-09 10:09:40.387  2953  2976 I otamanager: DownloadHttpContent firmware version = eng.C4A.1203
04-09 10:09:40.391  2712  2719 I lucitransport: readRemoteMessage() MID char = 6 buffer = 1001
04-09 10:09:40.391  2712  2719 I lucitransport: readRemoteMessage() MID char = 7 buffer = 1.52.272222
04-09 10:09:40.392  2953  2976 I otamanager: OTA: DownloadHttpContent :payload =  {"device":{"brand":"COTODAMA","castVersion":"1.52.272222","deviceId":"cc909321f384","deviceType":"LS10_C4A","fwVersion":"1203","googleCast":true,"mcuVersion":"1001","model":"LSB"}}
04-09 10:09:40.392  2953  2976 I otamanager:  
04-09 10:09:40.392  2953  2976 I otamanager: OTA:------curlDownloadFirmwareXml---
04-09 10:09:40.392  2953  2976 I otamanager: OTA:isValidIpAddress: result 0
04-09 10:09:40.469  3078  3078 I cast_shell: [3081:3119:INFO:metrics_recorder.cc(282)] Record action: Setup.state.BLE
04-09 10:09:40.553  2953  2976 I otamanager: OTA:ResolveDNSName IP = 52.45.59.166
04-09 10:09:40.553  2953  2976 I otamanager: OTA:hostIp string: https://52.45.59.166/v1
04-09 10:09:40.553  2953  2976 I otamanager: OTA: trying after 2 sec 
04-09 10:09:41.300  3078  3078 I cast_shell: [3081:3129:INFO:mdns_app_filter.cc(1526)] MdnsAppFilter: Done announcing.
04-09 10:09:41.395  3078  3078 I cast_shell: [system_updater_dummy.cpp(139)] CheckUpdate 139
04-09 10:09:41.395  3078  3078 I cast_shell: [system_updater_dummy.cpp(148)] CheckUpdate 148 return
04-09 10:09:41.519  3078  3078 I cast_shell: [3081:3119:INFO:metrics_recorder.cc(282)] Record action: Setup.state.BLE
04-09 10:09:42.113  3329  3329 D dhcpcd  : wlan0: Router Advertisement from fe80::cab3:73ff:fe44:aeed
04-09 10:09:42.113  3329  3329 D dhcpcd  : wlan0: adding address fd70:d3e7:6555:0:ce90:93ff:fe21:f384/64
04-09 10:09:42.114  3329  3329 D dhcpcd  : wlan0: adding address fd70:d3e7:6555:0:c553:6371:683d:b217/64
04-09 10:09:42.114  3329  3329 D dhcpcd  : wlan0: adding route to fd70:d3e7:6555::/64
04-09 10:09:42.115  3329  3329 D dhcpcd  : wlan0: requesting DHCPv6 information
04-09 10:09:42.270  2953  2976 I otamanager: OTA:curl response code : 0	
04-09 10:09:42.270  2953  2976 I otamanager: http status code : 200
04-09 10:09:42.270  2953  2976 I otamanager: OTA: contentLen :187.000000
04-09 10:09:42.280  2953  2976 I otamanager: OTA: bytesDownloaded = 187 m_iHttpStatusCode = 200 
04-09 10:09:42.280  2688  2688 I sh      : }{
04-09 10:09:42.280  2953  2976 E otamanager: OTA:error string =  No update available
04-09 10:09:42.280  2688  2688 I sh      : 	"castVersion" : null,
04-09 10:09:42.280  2688  2688 I sh      : 	"crc" : null,
04-09 10:09:42.280  2688  2688 I sh      : 	"errorCode" : 1001,
04-09 10:09:42.280  2688  2688 I sh      : 	"errorString" : "No update available",
04-09 10:09:42.280  2688  2688 I sh      : 	"forceUpgrade" : true,
04-09 10:09:42.280  2688  2688 I sh      : 	"mcuOnlyUpdate" : false,
04-09 10:09:42.280  2688  2688 I sh      : 	"otapackage" : null,
04-09 10:09:42.280  2688  2688 I sh      : 	"url" : null,
04-09 10:09:42.281  2953  2976 I otamanager: Firmware Update State Change from CheckUpdate to Idle
04-09 10:09:42.281  3078  3078 I cast_shell: [system_updater_dummy.cpp(132)] CheckUpdate 132 no new version
04-09 10:09:42.281  3078  3078 I cast_shell: [3081:3233:INFO:update_engine_client_with_system_updater.cc(226)] No system force update, error_code=0
04-09 10:09:42.282  2732  2743 I HotspotManager: hotspot stop
04-09 10:09:42.282  2732  2743 I HotspotManager: stop dnsmasq
04-09 10:09:42.283  3164  3164 I dnsmasq : exiting on receipt of SIGTERM
04-09 10:09:42.284  3078  3078 I cast_shell: [3081:3119:INFO:setup_state.cc(261)] Setup state changed: SETUP_STATE_CONNECTED_WIFI_NOT_SAVED (61) -> SETUP_STATE_CONNECTED (60)
04-09 10:09:42.284  3078  3078 I cast_shell: [3081:3119:INFO:setup_manager_impl.cc(1019)] Setup discoverability is disabled
04-09 10:09:42.284  3078  3078 I cast_shell: [3081:3119:INFO:ble_setup_manager.cc(758)] Clearing setup read attributes
04-09 10:09:42.284  3078  3078 I cast_shell: [3081:3119:INFO:gatt_client_manager_impl.cc(202)] Enabling GATT client connectability
04-09 10:09:42.284  3078  3078 I cast_shell: [3081:3119:INFO:ble_setup_manager.cc(620)] Stopped Bluetooth service
04-09 10:09:42.284  3078  3078 I cast_shell: [3081:3119:INFO:ble_setup.cc(423)] BLE setup stopped.
04-09 10:09:42.295  3078  3078 I cast_shell: [3081:3081:INFO:cast_receiver_impl.cc(1100)] Leaving discovery-only mode
04-09 10:09:42.296  3078  3078 I cast_shell: [3081:3081:INFO:application_config_manager_impl.cc(566)] Enabling virtual device 785f3b92-6274-abf9-72bf-2568081df21f
04-09 10:09:42.296  3078  3078 I cast_shell: [3081:3129:INFO:mdns_cast_service.cc(351)] Device discovery state is idle
04-09 10:09:42.296  3078  3078 I cast_shell: [3081:3129:INFO:mdns_util.cc(102)] Defaulting mDNS capabilities for audio-only build
04-09 10:09:42.297  3078  3078 I cast_shell: [3081:3081:INFO:ble_discovery_controller.cc(121)] Starting BLE discovery
04-09 10:09:42.298  2947  3159 I LibreCastControlDelegate: OnCastStatus() +++ AAA speaker:0xab37f198:READY_TO_CAST
04-09 10:09:42.299  2947  3159 I LibreCastControlDelegate: Cast Device Name -> 'AAA speaker'
04-09 10:09:42.299  2947  3159 I librecast: OldFriendlyName '' & New name change By Cast 'AAA speaker' isfirstbootup 56 m_updatedonebyluci 95
04-09 10:09:42.299  2947  3159 I librecast:  Difference in FriendlyName notify all  
04-09 10:09:42.299  2947  3159 I LibreCastControl: LibreCastControl_SetCastName()  name 'AAA speaker' RequestId '6' pCastControl 0xf4e00728
04-09 10:09:42.299  2712  2719 I lucitransport: writeRemoteMessage() MID = 90 buffer = AAA speaker
04-09 10:09:42.299  2712  2719 I luciUART: write() MID = 90  bytes = 21 data = AAA speaker m_fd = 0x5
04-09 10:09:42.300  3078  3078 I cast_shell: [3081:3119:INFO:gatt_client_manager_impl.cc(202)] Enabling GATT client connectability
04-09 10:09:42.300  3078  3078 I cast_shell: [3081:3119:INFO:gatt_client_manager_impl.cc(202)] Enabling GATT client connectability
04-09 10:09:42.306  2947  3159 I LibreCastControlDelegate: Device Build Number -> '1.52.272222'
04-09 10:09:42.306  2947  3159 I librecast: updateCastBuildVersion() Version 1.52.272222
04-09 10:09:42.307  2712  2719 I lucitransport: readRemoteMessage() MID char = 7 buffer = 1.52.272222
04-09 10:09:42.307  2947  3159 I LibreCastControlDelegate: Active Applications -> 0
04-09 10:09:42.308  2947  3159 I LibreCastControlDelegate: Current Cast State '6' -> 'READY_TO_CAST'
04-09 10:09:42.308  2947  3159 I LibreCastControlDelegate: OnCastStatus() ---
04-09 10:09:42.311  2947  3159 I LibreCastControlDelegate: OnResponse() ReqeustID 6, error  0
04-09 10:09:42.312  2733  2762 I bluetoothtbd: [0408/213942.312830:INFO:adapter.cc(551)] Adapter properties changed
04-09 10:09:42.313  2733  2762 I bluetoothtbd: [0408/213942.312998:INFO:adapter.cc(573)] Adapter name changed
04-09 10:09:42.313  3078  3078 I cast_shell: [3081:3119:INFO:bluetooth_manager.cc(1232)] [PII] Set device name to 'AAA speaker'
04-09 10:09:42.317  3078  3078 I cast_shell: [3081:3081:INFO:device_info_impl.cc(1133)] SSDP Config ID is increased: id=6
04-09 10:09:42.318  3078  3078 I cast_shell: [3081:3129:INFO:mdns_util.cc(102)] Defaulting mDNS capabilities for audio-only build
04-09 10:09:42.319  2947  3159 I LibreCastControlDelegate: OnCastStatus() +++ AAA speaker:0xab37f198:READY_TO_CAST
04-09 10:09:42.320  2947  3159 I LibreCastControlDelegate: Cast Device Name -> 'AAA speaker'
04-09 10:09:42.320  2947  3159 I librecast: OldFriendlyName '' & New name change By Cast 'AAA speaker' isfirstbootup 56 m_updatedonebyluci 95
04-09 10:09:42.320  2947  3159 I librecast:  Difference in FriendlyName notify all  
04-09 10:09:42.320  2947  3159 I LibreCastControl: LibreCastControl_SetCastName()  name 'AAA speaker' RequestId '7' pCastControl 0xf4e00728
04-09 10:09:42.320  2712  2719 I lucitransport: writeRemoteMessage() MID = 90 buffer = AAA speaker
04-09 10:09:42.320  2712  2719 I luciUART: write() MID = 90  bytes = 21 data = AAA speaker m_fd = 0x5
04-09 10:09:42.321  2712  2719 I lucitransport: writeLocalMessage() MID = 90 buffer = AAA speaker
04-09 10:09:42.321  2947  3159 I LibreCastControlDelegate: Device Build Number -> '1.52.272222'
04-09 10:09:42.323  2947  3159 I LibreCastControlDelegate: OnResponse() ReqeustID 7, error  0
04-09 10:09:42.324  3078  3078 I cast_shell: [3081:3081:INFO:mdns_manager_impl.cc(429)] Successfully updated service: type=_googlecast
04-09 10:09:42.324  3078  3078 I cast_shell: [3081:3081:INFO:virtual_device.cc(296)] Updated mDNS service for virtual device: id=785f3b92-6274-abf9-72bf-2568081df21f
04-09 10:09:42.326  2733  2762 I bluetoothtbd: [0408/213942.326099:INFO:adapter.cc(551)] Adapter properties changed
04-09 10:09:42.326  2733  2762 I bluetoothtbd: [0408/213942.326252:INFO:adapter.cc(573)] Adapter name changed
04-09 10:09:42.326  3078  3078 I cast_shell: [3081:3119:INFO:bluetooth_manager.cc(1232)] [PII] Set device name to 'AAA speaker'
04-09 10:09:42.330  3078  3078 I cast_shell: [3081:3081:INFO:device_info_impl.cc(1133)] SSDP Config ID is increased: id=7
04-09 10:09:42.331  3078  3078 I cast_shell: [3081:3129:INFO:mdns_util.cc(102)] Defaulting mDNS capabilities for audio-only build
04-09 10:09:42.331  2947  3159 I LibreCastControlDelegate: OnCastStatus() +++ AAA speaker:0xab37f198:READY_TO_CAST
04-09 10:09:42.333  2947  3159 I LibreCastControlDelegate: Cast Device Name -> 'AAA speaker'
04-09 10:09:42.333  2947  3159 I librecast: OldFriendlyName '' & New name change By Cast 'AAA speaker' isfirstbootup 56 m_updatedonebyluci 95
04-09 10:09:42.333  2947  3159 I librecast:  Difference in FriendlyName notify all  
04-09 10:09:42.333  2947  3159 I LibreCastControl: LibreCastControl_SetCastName()  name 'AAA speaker' RequestId '8' pCastControl 0xf4e00728
04-09 10:09:42.333  2712  2712 I lucitransport: writeRemoteMessage() MID = 90 buffer = AAA speaker
04-09 10:09:42.333  2712  2712 I luciUART: write() MID = 90  bytes = 21 data = AAA speaker m_fd = 0x5
04-09 10:09:42.334  3078  3078 I cast_shell: [3081:3081:INFO:ccs_manager_impl.cc(1842)] Postponing device name update while registering
04-09 10:09:42.334  3078  3078 I cast_shell: [3081:3081:INFO:mdns_manager_impl.cc(429)] Successfully updated service: type=_googlecast
04-09 10:09:42.334  3078  3078 I cast_shell: [3081:3081:INFO:virtual_device.cc(296)] Updated mDNS service for virtual device: id=785f3b92-6274-abf9-72bf-2568081df21f
04-09 10:09:42.334  2688  2688 I sh      : MessageBoxAlert() MID 90 
04-09 10:09:42.334  2688  2688 I sh      : MessageBoxChanged() MID '90'
04-09 10:09:42.335  2947  2997 I librecast: MessageBoxAlert() Msg = 90 remoteID = 16 
04-09 10:09:42.335  2712  2712 I lucitransport: writeLocalMessage() MID = 90 buffer = AAA speaker
04-09 10:09:42.335  2947  3159 I LibreCastControlDelegate: Device Build Number -> '1.52.272222'
04-09 10:09:42.335  2947  3159 I librecast: updateCastBuildVersion() Version 1.52.272222
04-09 10:09:42.335  2712  2712 I lucitransport: readRemoteMessage() MID char = 7 buffer = 1.52.272222
04-09 10:09:42.341  2733  2762 I bluetoothtbd: [0408/213942.341307:INFO:adapter.cc(551)] Adapter properties changed
04-09 10:09:42.341  3078  3078 I cast_shell: [3081:3119:INFO:bluetooth_manager.cc(1232)] [PII] Set device name to 'AAA speaker'
04-09 10:09:42.341  2733  2762 I bluetoothtbd: [0408/213942.341424:INFO:adapter.cc(573)] Adapter name changed
04-09 10:09:42.343  2949  2971 E Spotify-Player: Change Spotify Device name
04-09 10:09:42.343  2712  2721 E LUCI_SERVER: Luci Server Thread wait over MID 90....
04-09 10:09:42.346  2947  3159 I LibreCastControlDelegate: OnResponse() ReqeustID 9, error  0
04-09 10:09:42.347  3078  3078 I cast_shell: [3081:3081:INFO:device_info_impl.cc(1133)] SSDP Config ID is increased: id=8
04-09 10:09:42.347  3078  3078 I cast_shell: [3081:3081:INFO:ccs_manager_impl.cc(1842)] Postponing device name update while registering
04-09 10:09:42.347  3078  3078 I cast_shell: [3081:3129:INFO:mdns_util.cc(102)] Defaulting mDNS capabilities for audio-only build
04-09 10:09:42.349  2733  2762 I bluetoothtbd: [0408/213942.349310:INFO:adapter.cc(551)] Adapter properties changed
04-09 10:09:42.349  2733  2762 I bluetoothtbd: [0408/213942.349459:INFO:adapter.cc(573)] Adapter name changed
04-09 10:09:42.350  2949  2972 I SPOTIFY : ConnectionNotify event(0-Login, 1-Logout, rest Error) = 6 
04-09 10:09:42.383  2946  2957 D wac-main: Netlink event
04-09 10:09:42.383  2946  2957 E wac-main: Netlink event 21 Interface Index 6 
04-09 10:09:42.383  2946  2957 E wac-main: Enter poll and wait
04-09 10:09:42.384  2711  2723 I yani_kernel: yani_geteventfrom_changeaddr() Message-Id '1' Netlink event '21' Interface Index '6' -> Name 'p2p0' 
04-09 10:09:42.384  2688  2688 I sh      : MessageBoxAlert() MID 90 
04-09 10:09:42.384  2688  2688 I sh      : MessageBoxChanged() MID '90'
04-09 10:09:42.385  2947  2997 I librecast: MessageBoxAlert() Msg = 90 remoteID = 16 
04-09 10:09:42.385  2712  2721 I lucitransport: readRemoteMessage() MID char = 90 buffer = AAA speaker
04-09 10:09:42.386  2786  2786 I dnsmasq : reading /etc/resolv.conf
04-09 10:09:42.386  2947  2997 I LibreCastControl: LibreCastControl_SetCastName()  name 'AAA speaker' RequestId '10' pCastControl 0xf4e00728
04-09 10:09:42.386  2786  2786 I dnsmasq : using nameserver 8.8.4.4#53
04-09 10:09:42.386  2786  2786 I dnsmasq : using nameserver 192.168.1.1#53
04-09 10:09:42.386  2947  2997 E librecast: MessageBoxAlert() friendlyname AAA speaker
04-09 10:09:42.386  2786  2786 I dnsmasq : using nameserver 192.168.50.1#53
04-09 10:09:42.386  2947  2997 I LibreCastControl: MessageBoxAlert() messageBoxID 90
04-09 10:09:42.386  2786  2786 I dnsmasq : using nameserver 8.8.8.8#53
04-09 10:09:42.388  2733  2762 I bluetoothtbd: [0408/213942.388095:INFO:adapter.cc(551)] Adapter properties changed
04-09 10:09:42.388  2733  2762 I bluetoothtbd: [0408/213942.388253:INFO:adapter.cc(573)] Adapter name changed
04-09 10:09:42.388  2732  2743 I HotspotManager: stop hostapd
04-09 10:09:42.388  2711  2723 I yani_server: NetLink Event '5' Interface-Index '6' WLAN '-1' Ethernet '-1' Parsed-iFill '5' -> 'P2P0 DISCONNECTED' ifIndex '2' -> 'tunl0'
04-09 10:09:42.389  2950  2990 I airplayluci: MessageBoxAlert: MID 90
04-09 10:09:42.390  2949  2971 E Spotify-Player: Change Spotify Device name
04-09 10:09:42.390  3078  3078 I cast_shell: [3081:3119:INFO:bluetooth_manager.cc(1232)] [PII] Set device name to 'AAA speaker'
04-09 10:09:42.391  2712  2721 E LUCI_SERVER: Luci Server Thread wait over MID 90....
04-09 10:09:42.392  2949  2972 E SPOTIFY : Device Name change new name = AAA speaker
04-09 10:09:42.392  2949  2972 E SPOTIFY : err = 0 
04-09 10:09:42.393  2947  3159 I LibreCastControlDelegate: OnResponse() ReqeustID 10, error  0
04-09 10:09:42.395  2712  2712 I lucitransport: writeRemoteMessage() MID = 124 buffer = 1#1,1#2,0#3,0#4,0
04-09 10:09:42.395  2712  2712 I luciUART: write() MID = 124  bytes = 27 data = 1#1,1#2,0#3,0#4,0 m_fd = 0x5
04-09 10:09:42.396  2729  2729 E AirableUIHelper: AirableUIHelper::YaniAlert  3 0 
04-09 10:09:42.396  3078  3078 I cast_shell: [3081:3081:INFO:device_info_impl.cc(1133)] SSDP Config ID is increased: id=10
04-09 10:09:42.396  3078  3078 I cast_shell: [3081:3081:INFO:ccs_manager_impl.cc(1842)] Postponing device name update while registering
04-09 10:09:42.396  3078  3078 I cast_shell: [3081:3129:INFO:mdns_util.cc(102)] Defaulting mDNS capabilities for audio-only build
04-09 10:09:42.397  2953  2967 I otamanager: YaniAlert() Interface 3 Status Down
04-09 10:09:42.397  2950  2990 I airplay-main: YaniAlert Interface 3 Status 0
04-09 10:09:42.398  3078  3078 I cast_shell: [3081:3081:INFO:mdns_manager_impl.cc(429)] Successfully updated service: type=_googlecast
04-09 10:09:42.398  3078  3078 I cast_shell: [3081:3081:INFO:virtual_device.cc(296)] Updated mDNS service for virtual device: id=785f3b92-6274-abf9-72bf-2568081df21f
04-09 10:09:42.429  2688  2688 I sh      : MessageBoxAlert() MID 90 
04-09 10:09:42.429  2688  2688 I sh      : MessageBoxChanged() MID '90'
04-09 10:09:42.430  2947  2997 I librecast: MessageBoxAlert() Msg = 90 remoteID = 16 
04-09 10:09:42.430  2712  2721 I lucitransport: readRemoteMessage() MID char = 90 buffer = AAA speaker
04-09 10:09:42.430  2947  2997 I LibreCastControl: LibreCastControl_SetCastName()  name 'AAA speaker' RequestId '11' pCastControl 0xf4e00728
04-09 10:09:42.430  2947  2997 E librecast: MessageBoxAlert() friendlyname AAA speaker
04-09 10:09:42.430  2947  2997 I LibreCastControl: MessageBoxAlert() messageBoxID 90
04-09 10:09:42.431  2950  2990 I airplayluci: MessageBoxAlert: MID 90
04-09 10:09:42.432  2949  2971 E Spotify-Player: Change Spotify Device name
04-09 10:09:42.435  2733  2762 I bluetoothtbd: [0408/213942.435808:INFO:adapter.cc(551)] Adapter properties changed
04-09 10:09:42.435  2733  2762 I bluetoothtbd: [0408/213942.435947:INFO:adapter.cc(573)] Adapter name changed
04-09 10:09:42.436  3078  3078 I cast_shell: [3081:3081:INFO:ccs_manager_impl.cc(1842)] Postponing device name update while registering
04-09 10:09:42.436  3078  3078 I cast_shell: [3081:3129:INFO:mdns_util.cc(102)] Defaulting mDNS capabilities for audio-only build
04-09 10:09:42.436  3078  3078 I cast_shell: [3081:3119:INFO:bluetooth_manager.cc(1232)] [PII] Set device name to 'AAA speaker'
04-09 10:09:42.436  2947  3159 I LibreCastControlDelegate: OnResponse() ReqeustID 11, error  0
04-09 10:09:42.437  2712  2721 E LUCI_SERVER: Luci Server Thread wait over MID 208....
04-09 10:09:42.437  2712  2721 E LUCI_SERVER: Got NV name : ssid
04-09 10:09:42.438  3078  3078 I cast_shell: [3081:3081:INFO:device_info_impl.cc(1133)] SSDP Config ID is increased: id=11
04-09 10:09:42.439  2712  2721 I luciUART: write() MID = 208  bytes = 30 data = ssid:Linksys16717_2G m_fd = 0x5
04-09 10:09:42.441  2946  2957 D wac-main: Netlink event
04-09 10:09:42.442  2946  2957 E wac-main: Netlink event 16 Interface Index 6 
04-09 10:09:42.442  2946  2957 E wac-main: p2p0 event Link Changed : 1003 
04-09 10:09:42.442  2946  2957 E wac-main: p2p0 Changed down
04-09 10:09:42.442  2946  2957 E wac-main: wlan0 IP : 192.168.1.145
04-09 10:09:42.442  2711  2723 I yani_kernel: yani_geteventfrom_changeaddr() Message-Id '1' Netlink event '16' Interface Index '6' -> Name 'p2p0' 
04-09 10:09:42.445  2947  3159 I LibreCastControlDelegate: OnCastStatus() +++ AAA speaker:0xab37f198:READY_TO_CAST
04-09 10:09:42.445  2947  3159 I LibreCastControlDelegate: Cast Device Name -> 'AAA speaker'
04-09 10:09:42.446  2947  3159 I librecast: OldFriendlyName 'AAA speaker' & New name change By Cast 'AAA speaker' isfirstbootup 56 m_updatedonebyluci 0
04-09 10:09:42.446  2947  3159 I LibreCastControlDelegate: Device Build Number -> '1.52.272222'
04-09 10:09:42.446  2947  3159 I librecast: updateCastBuildVersion() Version 1.52.272222
04-09 10:09:42.446  2712  2712 I lucitransport: readRemoteMessage() MID char = 7 buffer = 1.52.272222
04-09 10:09:42.446  2947  3159 I LibreCastControlDelegate: Active Applications -> 0
04-09 10:09:42.446  2947  3159 I LibreCastControlDelegate: Current Cast State '6' -> 'READY_TO_CAST'
04-09 10:09:42.446  2947  3159 I LibreCastControlDelegate: OnCastStatus() ---
04-09 10:09:42.450  2946  2957 E wac-main: Enter poll and wait
04-09 10:09:42.489  2732  2743 E WifiUtil: Setting interface p2p0 down.
04-09 10:09:42.490  2711  2723 I yani_kernel: yani_geteventfrom_changeaddr() Message-Id '1' Netlink event '16' Interface Index '6' -> Name 'p2p0' 
04-09 10:09:42.490  2946  2957 D wac-main: Netlink event
04-09 10:09:42.491  2946  2957 E wac-main: Netlink event 16 Interface Index 6 
04-09 10:09:42.491  2946  2957 E wac-main: p2p0 event Link Changed : 1002 
04-09 10:09:42.491  2946  2957 E wac-main: Enter poll and wait
04-09 10:09:42.554  3078  3078 I cast_shell: [3081:3119:INFO:metrics_recorder.cc(282)] Record action: Setup.state.BLE
04-09 10:09:43.228  2732  2743 I NetworkMonitor: turn off power-save
04-09 10:09:43.284  3078  3078 I cast_shell: [3081:3119:INFO:ble_setup.cc(789)] Missing required info for sign.
04-09 10:09:43.286  3078  3078 I cast_shell: [3081:3119:INFO:gatt_client_manager_impl.cc(202)] Enabling GATT client connectability
04-09 10:09:43.288  3078  3078 I cast_shell: [3081:3119:INFO:ble_setup.cc(915)] Sign related info completed, no future EurekaInfo need sign.
04-09 10:09:43.618  2733  2811 W bt_btif : bta_gattc_conn_cback() - cif=3 connected=0 conn_id=3 reason=0x0013
04-09 10:09:43.618  2733  2811 W bt_btif : bta_gattc_conn_cback() - cif=4 connected=0 conn_id=4 reason=0x0013
04-09 10:09:43.618  2733  2811 W bt_btif : bta_gattc_conn_cback() - cif=6 connected=0 conn_id=6 reason=0x0013
04-09 10:09:43.619  2733  2811 I bt_btm_sec: btm_sec_disconnected clearing pending flag handle:128 reason:19
04-09 10:09:43.620  3078  3078 I cast_shell: [3081:3119:ERROR:bluetooth_v1_via_v2.cc(796)] Connection state changed. :7e false
04-09 10:09:43.620  2733  2762 W bt_btif : btif_av_move_idle: ACL Disconnected state 0 bd_addr=71:f3:18:66:23:7e peer_bda=00:00:00:00:00:00
04-09 10:09:43.620  2733  2762 I bluetoothtbd: [0408/213943.620377:INFO:adapter.cc(719)] ACL state changed: 71:F3:18:66:23:7E - connected: false
04-09 10:09:43.955  2732  2743 I chatty  : uid=0(root) /bin/net_mgr identical 2 lines
04-09 10:09:44.054  2732  2743 I NetworkMonitor: turn off power-save
04-09 10:09:44.058  3078  3078 I cast_shell: [3081:3081:ERROR:ccs_transport_https.cc(1775)] Received response code -1 for message_id = 53e88bdf-3984-47ea-bc73-5568aca3c93c - 
04-09 10:09:44.058  3078  3078 I cast_shell: [3081:3081:INFO:metrics_recorder.cc(282)] cast event: Cloud.Transport.Https.Register.Out.Error
04-09 10:09:44.310  3078  3078 I cast_shell: [3081:3129:INFO:mdns_app_filter.cc(1526)] MdnsAppFilter: Done announcing.
04-09 10:09:44.341  2950  3461 I airplay_v2_0_6: 2022-04-09 10:09:44.341434 [AirPlayDemo] AirPlayDemoServerCopyProperty Password is <<NULL>>
04-09 10:09:44.342  2712  2712 I lucitransport: readRemoteMessage() MID char = 90 buffer = AAA speaker
04-09 10:09:44.344  2950  3424 I airplay_v2_0_6: 2022-04-09 10:09:44.344240 [AirPlay] Registering Bonjour _airplay._tcp. port 7000
04-09 10:09:44.346  2950  3461 I airplay_v2_0_6: 2022-04-09 10:09:44.346419 [AirPlayDemo] AirPlayDemoServerCopyProperty Password is <<NULL>>
04-09 10:09:44.348  2950  3461 I airplay_v2_0_6: 2022-04-09 10:09:44.348140 [AirPlayDemo] AirPlayDemoServerCopyProperty Password is <<NULL>>
04-09 10:09:44.348  2712  2712 I lucitransport: readRemoteMessage() MID char = 90 buffer = AAA speaker
04-09 10:09:44.350  2950  3424 I airplay_v2_0_6: 2022-04-09 10:09:44.350274 [AirPlay] Registering Bonjour CC909321F384@AAA speaker._raop._tcp. port 7000
04-09 10:09:46.059  3078  3078 I cast_shell: [3081:3089:INFO:parent_tracker.cc(237)] Network changed
04-09 10:09:46.059  3078  3078 I cast_shell: [3081:3089:INFO:parent_tracker.cc(132)] No need to recreate socket
04-09 10:09:46.059  3078  3078 I cast_shell: [3081:3089:INFO:parent_tracker.cc(237)] Network changed
04-09 10:09:46.059  3078  3078 I cast_shell: [3081:3089:INFO:parent_tracker.cc(132)] No need to recreate socket
04-09 10:09:46.059  3078  3078 I cast_shell: [3081:3091:INFO:net_util_impl.cc(582)] IP address: [PII](192.168.1.1) MAC address: [PII](C8:B3:73:44:AE:ED)
04-09 10:09:46.059  3078  3078 I cast_shell: [3081:3091:INFO:net_util_impl.cc(582)] IP address: [PII](192.168.1.1) MAC address: [PII](C8:B3:73:44:AE:ED)
04-09 10:09:46.060  3078  3078 I cast_shell: [3081:3081:INFO:gcm_manager.cc(238)] GCM connection lost.
04-09 10:09:46.256  3078  3078 I cast_shell: [3081:3081:INFO:metrics_recorder.cc(282)] cast event: Cloud.Transport.Https.Register.Out.Success
04-09 10:09:46.256  3078  3078 I cast_shell: [3081:3081:INFO:ccs_manager_impl.cc(2485)] Succesfully registered with CCS
04-09 10:09:46.256  3078  3078 I cast_shell: [3081:3081:INFO:ccs_manager_impl.cc(2661)] Local device version is ahead of server; will attempt update
04-09 10:09:46.256  3078  3078 I cast_shell: [3081:3081:INFO:ccs_manager_impl.cc(1757)] Updating device info with CCS: message_id = f7303ddc-1dd1-4664-bd70-6bbf567d8202
04-09 10:09:46.256  3078  3078 I cast_shell: [3081:3081:INFO:ccs_manager_impl.cc(1758)] [PII] CCS device_id = A892D9342BDBF6107108D3E84014A602 device_name = AAA speaker
04-09 10:09:46.257  3078  3078 I cast_shell: [3081:3081:WARNING:ccs_transport_util.cc(409)] Auth info absent from the config reply from CCS.
04-09 10:09:46.257  3078  3078 I cast_shell: [3081:3081:WARNING:ccs_transport_util.cc(313)] Missing SensingSettings in the CCS config.
04-09 10:09:46.257  3078  3078 I cast_shell: [3081:3081:INFO:metrics_recorder.cc(282)] cast event: Cloud.Transport.Https.Config.In
04-09 10:09:46.257  3078  3078 I cast_shell: [3081:3081:INFO:ccs_manager_impl.cc(1150)] Handling CONFIG message from CCS.
04-09 10:09:46.257  3078  3078 I cast_shell: [3081:3081:INFO:ccs_manager_impl.cc(1151)] [PII] device_id=A892D9342BDBF6107108D3E84014A602
04-09 10:09:46.257  3078  3078 I cast_shell: [3081:3081:INFO:metrics_recorder.cc(282)] Record action: Cloud.Transport.Https.LinkedStatus.NotLinked
04-09 10:09:46.261  3078  3078 I cast_shell: [3081:3081:INFO:user_auth_impl.cc(267)] linked status: NOT_LINKED
04-09 10:09:46.261  3078  3078 I cast_shell: [3081:3081:INFO:robot_account_auth_manager.cc(320)] V1 AuthManager received a UpdateAuthToken request
04-09 10:09:46.261  3078  3078 I cast_shell: [3081:3081:INFO:ccs_transport_https.cc(1352)] No cloud settings in response
04-09 10:09:46.261  3078  3078 I cast_shell: [3081:3081:INFO:metrics_recorder.cc(282)] cast event: Cloud.Transport.Https.Update.Out
04-09 10:09:46.450  3462  3462 E wac-main: WAC timeout cb
04-09 10:09:46.450  3462  3462 E wac-main: send wac api : a5a1
04-09 10:09:46.450  2946  2957 E wac-main: API event
04-09 10:09:46.450  2946  2957 E wac-main: msg : a5a1
04-09 10:09:46.450  2946  2957 E wac-main: msg : a5a1
04-09 10:09:46.451  2946  2957 E wac-main: Enter poll and wait
04-09 10:09:46.451  2946  3463 E wac-main: enter WACStartStopThread
04-09 10:09:46.451  2946  3463 E wac-main: WACStartStopThread() event -> 'wacstop' is WACServer? UP -> 'Yes' 
04-09 10:09:46.451  2946  3463 E WACSERVER: WACServerStop wait
04-09 10:09:46.451  2946  3043 E WACBONJOUR: RemoveWACBonjourService
04-09 10:09:46.454  2946  3043 I wifiapi : newconn : 0xf5102510
04-09 10:09:46.479  2946  2957 D wac-main: Netlink event
04-09 10:09:46.479  2946  2957 E wac-main: Netlink event 16 Interface Index 7 
04-09 10:09:46.479  2946  2957 E wac-main: Enter poll and wait
04-09 10:09:46.479  2711  2723 I yani_kernel: yani_geteventfrom_changeaddr() Message-Id '1' Netlink event '16' Interface Index '7' -> Name 'p2p1' 
04-09 10:09:46.481  2732  2743 E CommandListener: Message not handled: unrecognized interface p2p1
04-09 10:09:46.481  2732  2743 W FrameworkListener: Handler 'Iface' error (Success)
04-09 10:09:46.492  2711  2723 I yani_kernel: yani_geteventfrom_changeaddr() Message-Id '1' Netlink event '16' Interface Index '7' -> Name 'p2p1' 
04-09 10:09:46.492  2732  2743 E CommandListener: Message not handled: unrecognized interface p2p1
04-09 10:09:46.492  2732  2743 W FrameworkListener: Handler 'Iface' error (Success)
04-09 10:09:46.494  2946  2957 D wac-main: Netlink event
04-09 10:09:46.494  2946  2957 E wac-main: Netlink event 16 Interface Index 7 
04-09 10:09:46.494  2946  2957 E wac-main: Enter poll and wait
04-09 10:09:46.496  2732  2743 E CommandListener: Message not handled: unrecognized interface p2p1
04-09 10:09:46.496  2732  2743 W FrameworkListener: Handler 'Iface' error (Success)
04-09 10:09:46.509  2946  3043 I wifiapi : 'DISABLE' command returned = 0
04-09 10:09:46.509  2946  3043 I wifiapi : stop hostapd
04-09 10:09:46.510  2946  3043 I wifiapi : stop dnsmasq
04-09 10:09:46.513  2732  2743 E CommandListener: Message not handled: unrecognized interface p2p1
04-09 10:09:46.513  2732  2743 W FrameworkListener: Handler 'Iface' error (Success)
04-09 10:09:46.513  2946  2957 D wac-main: Netlink event
04-09 10:09:46.513  2946  2957 E wac-main: Netlink event 21 Interface Index 7 
04-09 10:09:46.513  2946  2957 E wac-main: Enter poll and wait
04-09 10:09:46.513  2711  2723 I yani_kernel: yani_geteventfrom_changeaddr() Message-Id '1' Netlink event '21' Interface Index '7' -> Name 'p2p1' 
04-09 10:09:46.515  2946  3043 E wac-main: WACCallback() message 5 -> 'Stopped'
04-09 10:09:46.516  2712  2712 I lucitransport: writeRemoteMessage() MID = 143 buffer = 5
04-09 10:09:46.516  2712  2712 I luciUART: write() MID = 143  bytes = 11 data = 5 m_fd = 0x5
04-09 10:09:46.516  2712  2712 I lucitransport: writeLocalMessage() MID = 143 buffer = 5
04-09 10:09:46.516  2712  2721 E LUCI_SERVER: Luci Server Thread wait over MID 143....
04-09 10:09:46.695  3078  3078 I cast_shell: [3081:3081:INFO:cast_system_memory_pressure_evaluator.cc(179)] ConfigRelaxMemoryPressureThresholds, 0.1, 0.2
04-09 10:09:46.701  3078  3078 I cast_shell: [3081:3129:INFO:mdns_app_filter.cc(2645)] MdnsAppFilter: responses sent in 150 seconds: 1
04-09 10:09:46.702  3078  3078 I cast_shell: [3478:3478:INFO:cast_content_renderer_client_internal.cc(83)] Render process started.
04-09 10:09:46.705  3078  3078 I cast_shell: [3081:3130:INFO:v2_transport.cc(458)] Added Cast V2 endpoint: id=743a4bcf-5d2b-4b2c-bc52-546cfa29511d, socket_factory_id=[PII](785f3b92-6274-abf9-72bf-2568081df21f)
04-09 10:09:46.706  3078  3078 I cast_shell: [3081:3081:INFO:application_manager_impl.cc(1417)] Starting background app: CC1AD845 (Default Media Receiver), session_id=743a4bcf-5d2b-4b2c-bc52-546cfa29511d
04-09 10:09:46.707  3078  3078 I cast_shell: [3081:3081:INFO:cast_media_blocker.cc(43)] UpdatePlayingState media_loading_blocked=1 media_starting_blocked=0 suspended=1 controllable=0 paused_by_user=1
04-09 10:09:46.713  3078  3078 I cast_shell: [3081:3081:INFO:application_message_handler.cc(1747)] Scheduling IpcTimerCheck
04-09 10:09:46.714  3078  3078 I cast_shell: [3081:3081:INFO:application_manager_impl.cc(1565)] App starting: CC1AD845 (Default Media Receiver), session_id=743a4bcf-5d2b-4b2c-bc52-546cfa29511d
04-09 10:09:46.714  3078  3078 I cast_shell: [3081:3081:INFO:application_identification_settings.cc(410)] new ApplicationIdentificationSettings session_id: 743a4bcf-5d2b-4b2c-bc52-546cfa29511d app_id: CC1AD845 flags: 0 headers: 0
04-09 10:09:46.714  3078  3078 I cast_shell: [3081:3081:INFO:cast_media_blocker.cc(81)] MediaSessionInfoChanged media_loading_blocked=1 media_starting_blocked=0 is_suspended=1 is_controllable=0 paused_by_user=1
04-09 10:09:46.714  3078  3078 I cast_shell: [3081:3129:INFO:mdns_util.cc(102)] Defaulting mDNS capabilities for audio-only build
04-09 10:09:46.721  3078  3078 I cast_shell: [3081:3081:INFO:web_application.cc(817)] [743a4bcf] Supported bitstream audio codecs info: [codecs]None[spatial_rendering]None
04-09 10:09:46.721  3078  3078 I cast_shell: [3081:3081:INFO:cast_web_contents_impl.cc(242)] Load url: https://www.gstatic.com/cast/sdk/default_receiver/dogfood/app.html?skin=https://www.gstatic.com/eureka/player/0000/skins/cast/skin.css
04-09 10:09:46.723  3078  3078 I cast_shell: [3081:3081:INFO:cast_content_browser_client_internal.cc(975)] Disabling images support for application: CC1AD845
04-09 10:09:46.730  3078  3078 I cast_shell: [3081:3081:INFO:web_application.cc(991)] [743a4bcf] Page state changed: app=CC1AD845 page_state=LOADING
04-09 10:09:46.733  3078  3078 I cast_shell: [3081:3081:INFO:web_application.cc(585)] [743a4bcf] Updating app visibility to hidden for background mode.
04-09 10:09:46.733  3078  3078 I cast_shell: [3081:3081:INFO:application_manager_impl.cc(1579)] App pending: CC1AD845 (Default Media Receiver), session_id=743a4bcf-5d2b-4b2c-bc52-546cfa29511d
04-09 10:09:46.733  3078  3078 I cast_shell: [3081:3129:INFO:mdns_util.cc(102)] Defaulting mDNS capabilities for audio-only build
04-09 10:09:46.740  3078  3078 I cast_shell: [3081:3081:INFO:cast_renderer_oom_adj_manager.cc(82)] Registering renderer 3478
04-09 10:09:46.743  3078  3078 I cast_shell: [3081:3148:INFO:cast_renderer_oom_adj_manager.cc(90)] Adjusting OOM score for renderer(3478) to 400
04-09 10:09:46.743  3078  3078 I cast_shell: [3081:3148:WARNING:cast_renderer_oom_adj_manager.cc(92)] OOM score adjustment failed for renderer(3478)
04-09 10:09:46.777  3078  3078 I cast_shell: [3478:3478:INFO:media_playback_options.cc(70)] Render frame actions are blocked.
04-09 10:09:46.810  3078  3078 I cast_shell: [3478:3478:INFO:media_playback_options.cc(70)] Render frame actions are blocked.
04-09 10:09:46.810  3078  3078 I cast_shell: [3478:3478:INFO:media_caps.cc(24)] ScreenResolutionChanged resolution=0x0
04-09 10:09:46.812  3078  3078 I cast_shell: [3478:3478:INFO:media_caps.cc(54)] ScreenInfoChanged HDCP version=0 Supported EOTFs=0 DolbyVision flags=0 Screen size(mm): 0x0 cur mode HDR=0 cur mode DV=0
04-09 10:09:46.844  3078  3078 I cast_shell: [3081:3081:INFO:gcm_manager.cc(233)] GCM connection established.
04-09 10:09:46.844  3078  3078 I cast_shell: [3081:3089:INFO:heartbeat_manager.cc(268)] Set HBInterval from client: 120000
04-09 10:09:47.476  3078  3078 I cast_shell: [3478:3478:INFO:cast_content_client.cc(103)] Active URL: https://www.gstatic.com/cast/sdk/default_receiver/dogfood/app.html?skin=https://www.gstatic.com/eureka/player/0000/skins/cast/skin.css&google_cast_bg=true for origin 'null'
04-09 10:09:47.486  3078  3078 I cast_shell: [3081:3081:INFO:cast_content_client.cc(103)] Active URL: https://www.gstatic.com/cast/sdk/default_receiver/dogfood/app.html?skin=https://www.gstatic.com/eureka/player/0000/skins/cast/skin.css&google_cast_bg=true for origin 'null [internally: (91470AEA42720D780998FB406CA2F2E5) anonymous]'
04-09 10:09:47.490  3078  3078 I cast_shell: [3081:3148:INFO:process_memory_recorder_utils.cc(43)] CC1AD845 using 40012kB memory
04-09 10:09:47.510  3078  3078 I cast_shell: [3478:3478:INFO:feature_manager.cc(174)] Enabling bindings: 
04-09 10:09:47.534  3078  3078 I cast_shell: [3478:3478:INFO:feature_manager.cc(174)] Enabling bindings: 
04-09 10:09:47.843  3078  3078 I cast_shell: [3081:3081:INFO:metrics_recorder.cc(282)] cast event: Cloud.Transport.Https.Update.Out.Success
04-09 10:09:47.844  3078  3078 I cast_shell: [3081:3081:INFO:ccs_manager_impl.cc(2569)] Successfully updated with CCS
04-09 10:09:48.393  3078  3078 I cast_shell: [3081:3081:INFO:CONSOLE(116)] Cast App (CC1AD845): " [  0.002s] [cast.receiver.IpcChannel] Opening platform websocket ", source: https://www.gstatic.com/cast/sdk/libs/caf_receiver/v3/cast_receiver_framework.js (116)
04-09 10:09:48.404  3078  3078 I cast_shell: [3478:3478:INFO:media_source_impl.cc(363)] isTypeSupported("video/mp4;codecs=hev1.2.4.L153.B0") -> false (not supported by HTMLMediaElement)
04-09 10:09:48.406  3078  3078 I cast_shell: [3478:3478:INFO:media_source_impl.cc(363)] isTypeSupported("video/mp4;codecs=dvhe.04.06") -> false (not supported by HTMLMediaElement)
04-09 10:09:48.406  3078  3078 I cast_shell: [3081:3081:INFO:CONSOLE(1162)] Cast App (CC1AD845): "canDisplayType(video/mp4; codecs=hev1.2.4.L153.B0; eotf=smpte2084): Codec not supported.", source:  (1162)
04-09 10:09:48.407  3078  3078 I cast_shell: [3081:3081:INFO:CONSOLE(1162)] Cast App (CC1AD845): "canDisplayType(video/mp4; codecs=dvhe.04.06): Codec not supported.", source:  (1162)
04-09 10:09:48.407  3078  3078 I cast_shell: [3478:3478:INFO:media_source_impl.cc(363)] isTypeSupported("audio/mp4;codecs=ec-3") -> false (not supported by HTMLMediaElement)
04-09 10:09:48.408  3078  3078 I cast_shell: [3081:3081:INFO:CONSOLE(1162)] Cast App (CC1AD845): "canDisplayType(audio/mp4; codecs=ec-3; spatialRendering=true): Codec not supported.", source:  (1162)
04-09 10:09:48.418  3078  3078 I cast_shell: [3478:0xaf8b69d0]     1676 ms: Scavenge 1.8 (1.9) -> 1.6 (2.4) MB, 4.8 / 0.1 ms  (average mu = 1.000, current mu = 1.000) allocation failure 
04-09 10:09:48.425  3078  3078 I cast_shell: [3081:3081:INFO:CONSOLE(739)] Cast App (CC1AD845): "Lit is in dev mode. Not recommended for production! See https://lit.dev/msg/dev-mode for more information.", source: https://www.gstatic.com/cast/sdk/libs/caf_receiver/v3/cast_receiver_framework.js (739)
04-09 10:09:48.432  3078  3078 I cast_shell: [3081:3081:INFO:CONSOLE(36)] Cast App (CC1AD845): "Unknown queryable value: log-level-cast-receiver", source:  (36)
04-09 10:09:48.527  3078  3078 I cast_shell: [3081:3089:INFO:parent_tracker.cc(237)] Network changed
04-09 10:09:48.527  3078  3078 I cast_shell: [3081:3089:INFO:parent_tracker.cc(132)] No need to recreate socket
04-09 10:09:48.527  3078  3078 I cast_shell: [3081:3089:INFO:parent_tracker.cc(237)] Network changed
04-09 10:09:48.527  3078  3078 I cast_shell: [3081:3089:INFO:parent_tracker.cc(132)] No need to recreate socket
04-09 10:09:48.530  3078  3078 I cast_shell: [3081:3148:INFO:net_util_impl.cc(582)] IP address: [PII](192.168.1.1) MAC address: [PII](C8:B3:73:44:AE:ED)
04-09 10:09:48.530  3078  3078 I cast_shell: [3081:3081:INFO:gcm_manager.cc(238)] GCM connection lost.
04-09 10:09:48.530  3078  3078 I cast_shell: [3081:3148:INFO:net_util_impl.cc(582)] IP address: [PII](192.168.1.1) MAC address: [PII](C8:B3:73:44:AE:ED)
04-09 10:09:48.550  3078  3078 I cast_shell: [3081:3081:INFO:CONSOLE(836)] Cast App (CC1AD845): "CAST SDK CAF Version: 3.0.0103", source: https://www.gstatic.com/cast/sdk/libs/caf_receiver/v3/cast_receiver_framework.js (836)
04-09 10:09:48.570  3078  3078 I cast_shell: [3478:0xaf8b69d0]     1829 ms: Scavenge 2.3 (2.9) -> 2.1 (3.1) MB, 6.1 / 0.0 ms  (average mu = 1.000, current mu = 1.000) allocation failure 
04-09 10:09:48.594  3078  3078 I cast_shell: [3478:3478:INFO:html_media_element.cc(538)] HTMLMediaElement(0x5e9c2f30)
04-09 10:09:48.647  3078  3078 I cast_shell: [3478:3478:INFO:identification_settings_manager.cc(68)] CSS URL detected and replaced with empty text URI.
04-09 10:09:48.647  3078  3078 I cast_shell: [3478:3478:INFO:identification_settings_manager.cc(169)] WillStartResourceRequest: replacement URL found
04-09 10:09:49.083  3078  3078 I cast_shell: [3081:3081:INFO:CONSOLE(109)] Cast App (CC1AD845): "CAST SDK MPL Version: 1.0.0.113", source: https://www.gstatic.com/cast/sdk/libs/mediaplayer/1.0.0/media_player.js (109)
04-09 10:09:49.087  3078  3078 I cast_shell: [3081:3081:INFO:CONSOLE(36)] Cast App (CC1AD845): "Unknown queryable value: log-level-mpl", source:  (36)
04-09 10:09:49.262  3078  3078 I cast_shell: [3081:3081:INFO:robot_account_auth_manager.cc(384)] Sending oauth request for client_id: 2
04-09 10:09:49.263  3078  3078 I cast_shell: [3081:3081:INFO:metrics_recorder.cc(282)] cast event: Cast.Assistant.Auth.FetchToken
04-09 10:09:49.263  3078  3078 I cast_shell: [3081:3148:INFO:chromium_http_connection.cc(436)] Creating a new chromium http url loader factory
04-09 10:09:49.271  3078  3078 I cast_shell: [3081:3081:INFO:gcm_manager.cc(233)] GCM connection established.
04-09 10:09:49.272  3078  3078 I cast_shell: [3081:3089:INFO:heartbeat_manager.cc(268)] Set HBInterval from client: 120000
04-09 10:09:49.884  3078  3078 I cast_shell: [3081:3081:INFO:robot_account_auth_manager.cc(525)] Got CAS response: 200
04-09 10:09:49.884  3078  3078 I cast_shell: [3081:3081:INFO:metrics_recorder.cc(282)] cast event: Cast.Assistant.AuthError.NOT_LINKED
04-09 10:09:49.884  3078  3078 I cast_shell: [3081:3081:INFO:robot_account_auth_manager.cc(776)] Current error: NOT_LINKED, new error: NOT_LINKED
04-09 10:09:50.069  3078  3078 I cast_shell: [3478:0xaf8b69d0]     3327 ms: Scavenge 3.2 (3.9) -> 3.1 (5.4) MB, 3.9 / 0.0 ms  (average mu = 1.000, current mu = 1.000) allocation failure 
04-09 10:09:50.084  3078  3078 I cast_shell: [3478:3478:INFO:media_source_impl.cc(388)] isTypeSupported("video/webm;codecs=vp9") -> true
04-09 10:09:50.090  3078  3078 I cast_shell: [3081:3081:INFO:CONSOLE(265)] Cast App (CC1AD845): "Valid VP9 codec string requires 4-9 fields, but codecId:vp9 has 1fields.", source:  (265)
04-09 10:09:50.091  3078  3078 I cast_shell: [3081:3081:INFO:CONSOLE(265)] Cast App (CC1AD845): "Valid VP9 codec string requires 4-9 fields, but codecId:vp9 has 1fields.", source:  (265)
04-09 10:09:50.091  3078  3078 I cast_shell: [3478:3478:INFO:media_source_impl.cc(388)] isTypeSupported("video/webm;codecs=vp09.00.10.08") -> true
04-09 10:09:50.092  3078  3078 I cast_shell: [3081:3081:INFO:CONSOLE(1162)] Cast App (CC1AD845): "canDisplayType(video/webm; codecs="vp9"): -> true", source:  (1162)
04-09 10:09:50.095  3078  3078 I cast_shell: [3081:3081:INFO:CONSOLE(1162)] Cast App (CC1AD845): "canDisplayType(video/webm; codecs="vp09.00.10.08"): -> true", source:  (1162)
04-09 10:09:50.104  3078  3078 I cast_shell: [3081:3081:INFO:CONSOLE(868)] Cast App (CC1AD845): "EmeEncryptionSchemePolyfill: Waiting to detect encryptionScheme support.", source: https://ajax.googleapis.com/ajax/libs/shaka-player/3.2.2/shaka-player.compiled.js (868)
04-09 10:09:50.105  3078  3078 I cast_shell: [3081:3081:INFO:CONSOLE(873)] Cast App (CC1AD845): "McEncryptionSchemePolyfill: Waiting to detect encryptionScheme support.", source: https://ajax.googleapis.com/ajax/libs/shaka-player/3.2.2/shaka-player.compiled.js (873)
04-09 10:09:50.120  3078  3078 I cast_shell: [3081:3081:INFO:cast_web_contents_impl.cc(712)] Finished loading page after 2651 ms, url=https://www.gstatic.com/cast/sdk/default_receiver/dogfood/app.html?skin=https://www.gstatic.com/eureka/player/0000/skins/cast/skin.css&google_cast_bg=true
04-09 10:09:50.120  3078  3078 I cast_shell: [3081:3081:INFO:web_application.cc(991)] [743a4bcf] Page state changed: app=CC1AD845 page_state=LOADED
04-09 10:09:50.125  3078  3078 I cast_shell: [3081:3081:INFO:application_message_handler.cc(704)] Cast V2 IPC connected: app_id=CC1AD845
04-09 10:09:50.127  3078  3078 I cast_shell: [3081:3081:INFO:application_message_handler.cc(868)] Received READY message from app
04-09 10:09:50.128  3078  3078 I cast_shell: [3081:3081:INFO:application_message_handler.cc(881)] SDK capabilities: {
04-09 10:09:50.128  3078  3078 I cast_shell:    "group_capabilities_supported": true,
04-09 10:09:50.128  3078  3078 I cast_shell:    "playback_device_status_supported": true,
04-09 10:09:50.128  3078  3078 I cast_shell:    "show_media_controls_supported": true
04-09 10:09:50.128  3078  3078 I cast_shell: }
04-09 10:09:50.128  3078  3078 I cast_shell: 
04-09 10:09:56.707  3078  3078 I cast_shell: [3478:0xaf8b69d0]     9965 ms: Mark-sweep (reduce) 3.4 (5.6) -> 2.4 (3.9) MB, 14.2 / 0.3 ms  (+ 30.2 ms in 10 steps since start of marking, biggest step 21.3 ms, walltime since start of marking 50 ms) (average mu = 1.000, current mu = 1.000) finalize incremental marking via task GC in old space requested
04-09 10:09:57.349  3078  3078 I cast_shell: [3478:0xaf8b69d0]    10608 ms: Mark-sweep (reduce) 2.4 (3.9) -> 2.4 (3.9) MB, 12.9 / 0.2 ms  (+ 24.8 ms in 12 steps since start of marking, biggest step 13.8 ms, walltime since start of marking 42 ms) (average mu = 0.947, current mu = 0.947) finalize incremental marking via task GC in old space requested
04-09 10:09:59.664  3078  3078 I cast_shell: [3081:3081:INFO:robot_account_auth_manager.cc(384)] Sending oauth request for client_id: 0
04-09 10:09:59.664  3078  3078 I cast_shell: [3081:3081:INFO:metrics_recorder.cc(282)] cast event: Cast.Assistant.Auth.FetchToken
04-09 10:09:59.665  3078  3078 I cast_shell: [3081:3148:INFO:chromium_http_connection.cc(436)] Creating a new chromium http url loader factory
04-09 10:09:59.900  3078  3078 I cast_shell: [3081:3081:INFO:robot_account_auth_manager.cc(525)] Got CAS response: 200
04-09 10:09:59.900  3078  3078 I cast_shell: [3081:3081:INFO:metrics_recorder.cc(282)] cast event: Cast.Assistant.AuthError.NOT_LINKED
04-09 10:09:59.900  3078  3078 I cast_shell: [3081:3081:INFO:robot_account_auth_manager.cc(776)] Current error: NOT_LINKED, new error: NOT_LINKED
04-09 10:10:07.256  3078  3078 I cast_shell: [3081:3116:INFO:snr_tracker.cc(50)] snr = 51
04-09 10:10:16.029  3078  3078 I cast_shell: [3081:3081:INFO:grpc_manager_impl.cc(505)] GRPC[uri=[::]:0]: num_pending_calls=0, num_active_handlers=0, num_free_handlers=0
04-09 10:10:16.029  3078  3078 I cast_shell: [3081:3081:INFO:grpc_manager_impl.cc(505)] GRPC[uri=]: num_pending_calls=0, num_active_handlers=0, num_free_handlers=0
04-09 10:10:16.064  3078  3078 I cast_shell: [3081:3081:INFO:grpc_manager_impl.cc(505)] GRPC[uri=unix:/tmp/hcp_ipc_auth.socket]: num_pending_calls=0, num_active_handlers=10, num_free_handlers=0
04-09 10:10:16.068  3078  3078 I cast_shell: [3081:3081:INFO:grpc_manager_impl.cc(505)] GRPC[uri=unix:/tmp/modular_updater/modular_update_service]: num_pending_calls=0, num_active_handlers=0, num_free_handlers=0
04-09 10:10:16.090  3078  3078 I cast_shell: [3081:3081:INFO:metrics_recorder.cc(112)] Metrics stat: total=39
04-09 10:10:16.090  3078  3078 I cast_shell: Cast.Assistant.Auth.FetchToken=3
04-09 10:10:16.090  3078  3078 I cast_shell: Cast.Assistant.AuthError.NOT_LINKED=3
04-09 10:10:16.090  3078  3078 I cast_shell: Cast.Auth.OK=1
04-09 10:10:16.090  3078  3078 I cast_shell: Cast.CRL.DownloadSuccess=1
04-09 10:10:16.090  3078  3078 I cast_shell: Cast.DCS.DownloadSuccess=1
04-09 10:10:16.090  3078  3078 I cast_shell: Cast.Discovery.Ble.Enabled=1
