04-09 10:16:56.387  2714  2714 I lucitransport: readRemoteMessage() MID char = 7 buffer = 1.52.272222
04-09 10:16:56.388  2957  3148 I LibreCastControlDelegate: Active Applications -> 0
04-09 10:16:56.388  2957  3148 I LibreCastControlDelegate: Current Cast State '2' -> 'NOT_SETUP'
04-09 10:16:56.388  2957  3148 I LibreCastControlDelegate: OnCastStatus() ---
04-09 10:16:56.388  2957  3148 I LibreCastControlDelegate: OnCastStatus() +++ Bedroom speaker 2:0xab228198:NOT_SETUP
04-09 10:16:56.388  2957  3148 I LibreCastControlDelegate: Device Build Number -> '1.52.272222'
04-09 10:16:56.388  2957  3148 I librecast: updateCastBuildVersion() Version 1.52.272222
04-09 10:16:56.388  2714  2714 I lucitransport: readRemoteMessage() MID char = 7 buffer = 1.52.272222
04-09 10:16:56.391  3070  3070 I cast_shell: [3073:3073:INFO:virtual_device.cc(296)] Updated mDNS service for virtual device: id=523e1ccc-f807-5341-7e32-8d475ce21d1b
04-09 10:16:56.391  3070  3070 I cast_shell: [3073:3073:INFO:mdns_manager_impl.cc(429)] Successfully updated service: type=_googlecast
04-09 10:16:56.391  3070  3070 I cast_shell: [3073:3073:INFO:virtual_device.cc(296)] Updated mDNS service for virtual device: id=523e1ccc-f807-5341-7e32-8d475ce21d1b
04-09 10:16:56.455  3070  3070 I cast_shell: [3073:3112:INFO:ble_setup.cc(322)] Record action: Setup.save_wifi.BLE
04-09 10:16:56.457  3070  3070 I cast_shell: [3073:3112:INFO:wifi_controller_wpa_supplicant.cc(692)] Clear bssid from config for network id 0
04-09 10:16:56.460  3070  3070 I cast_shell: [3073:3112:INFO:setup_manager_impl.cc(1725)] Report action: Wifi.FirstConfigured
04-09 10:16:56.462  3070  3070 I cast_shell: [3073:3081:INFO:parent_tracker.cc(237)] Network changed
04-09 10:16:56.462  3070  3070 I cast_shell: [3073:3081:INFO:parent_tracker.cc(135)] Now using local address [PII](192.168.1.145)
04-09 10:16:56.462  3070  3070 I cast_shell: [3073:3081:INFO:directory_service_impl.cc(200)] This device became root
04-09 10:16:56.462  3070  3070 I cast_shell: [3073:3081:INFO:parent_tracker.cc(237)] Network changed
04-09 10:16:56.463  3070  3070 I cast_shell: [3073:3081:INFO:parent_tracker.cc(132)] No need to recreate socket
04-09 10:16:56.464  3070  3070 I cast_shell: [3073:3112:INFO:local_network_info_impl.cc(435)] LNID_W changed:
04-09 10:16:56.467  3070  3070 I cast_shell: [3073:3411:INFO:net_util_impl.cc(582)] IP address: [PII](192.168.1.1) MAC address: [PII](C8:B3:73:44:AE:ED)
04-09 10:16:56.467  3070  3070 I cast_shell: [3073:3411:INFO:local_network_info_impl.cc(346)] LNID changed:
04-09 10:16:56.467  3070  3070 I cast_shell: [3073:3073:INFO:ccs_manager_impl.cc(1789)] LNID has changed; Will re-register CCS
04-09 10:16:56.472  3070  3070 I cast_shell: [3073:3411:INFO:net_util_impl.cc(582)] IP address: [PII](192.168.1.1) MAC address: [PII](C8:B3:73:44:AE:ED)
04-09 10:16:56.925  3070  3070 I cast_shell: [3073:3112:INFO:ble_setup.cc(789)] Missing required info for sign.
04-09 10:16:56.958  3070  3070 I cast_shell: [system_updater_dummy.cpp(139)] CheckUpdate 139
04-09 10:16:56.958  3070  3070 I cast_shell: [system_updater_dummy.cpp(148)] CheckUpdate 148 return
04-09 10:16:56.968  3070  3070 I cast_shell: [3073:3112:INFO:ble_setup.cc(915)] Sign related info completed, no future EurekaInfo need sign.
04-09 10:16:57.264  3070  3070 I cast_shell: [3073:3122:INFO:mdns_app_filter.cc(1403)] MdnsAppFilter: Done probing.
04-09 10:16:57.505  3070  3070 I cast_shell: [3073:3112:INFO:metrics_recorder.cc(282)] Record action: Setup.state.BLE
04-09 10:16:57.575  3070  3070 I cast_shell: [3073:3109:INFO:snr_tracker.cc(50)] snr = 54
04-09 10:16:57.793  3070  3070 I cast_shell: [3073:3073:INFO:lycra_gcm.cc(212)] Registered GCM handler
04-09 10:16:57.794  3070  3070 I cast_shell: [3073:3073:INFO:ccs_transport_gcm.cc(244)] Registered GCM handler
04-09 10:16:57.794  3070  3070 I cast_shell: [3073:3073:INFO:ccs_manager_impl.cc(1322)] Waiting for all transports to be enabled
04-09 10:16:57.982  3070  3070 I cast_shell: [system_updater_dummy.cpp(139)] CheckUpdate 139
04-09 10:16:57.982  3070  3070 I cast_shell: [system_updater_dummy.cpp(148)] CheckUpdate 148 return
04-09 10:16:58.098  2963  2991 I otamanager: OTA:curl response code : 0	
04-09 10:16:58.098  2963  2991 I otamanager: http status code : 200
04-09 10:16:58.098  2963  2991 I otamanager: OTA: contentLen :187.000000
04-09 10:16:58.106  2963  2991 I otamanager: OTA: bytesDownloaded = 187 m_iHttpStatusCode = 200 
04-09 10:16:58.111  2690  2690 I sh      : {
04-09 10:16:58.111  2963  2991 E otamanager: OTA:error string =  No update available
04-09 10:16:58.111  2690  2690 I sh      : 	"castVersion" : null,
04-09 10:16:58.111  2690  2690 I sh      : 	"crc" : null,
04-09 10:16:58.111  2690  2690 I sh      : 	"errorCode" : 1001,
04-09 10:16:58.111  2690  2690 I sh      : 	"errorString" : "No update available",
04-09 10:16:58.111  2690  2690 I sh      : 	"forceUpgrade" : true,
04-09 10:16:58.111  2690  2690 I sh      : 	"mcuOnlyUpdate" : false,
04-09 10:16:58.111  2690  2690 I sh      : 	"otapackage" : null,
04-09 10:16:58.111  2690  2690 I sh      : 	"url" : null,
04-09 10:16:58.111  2690  2690 I sh      : 	"version" : null
04-09 10:16:58.122  2714  2714 I lucitransport: readRemoteMessage() MID char = 232 buffer = TRUE
04-09 10:16:58.122  2963  2991 E otamanager: lo not valid Interface for MAC ID
04-09 10:16:58.122  2963  2991 D otamanager: OTA: wlan IP = 192.168.1.145
04-09 10:16:58.122  2963  2991 I otamanager: OTA:checkIP mac = cc909321f384  IP = 192.168.1.145 
04-09 10:16:58.124  2963  2991 I otamanager: DownloadHttpContent firmware version = eng.C4A.1203
04-09 10:16:58.128  2714  2714 I lucitransport: readRemoteMessage() MID char = 6 buffer = 1001
04-09 10:16:58.129  2714  2714 I lucitransport: readRemoteMessage() MID char = 7 buffer = 1.52.272222
04-09 10:16:58.129  2963  2991 I otamanager: OTA: DownloadHttpContent :payload =  {"device":{"brand":"COTODAMA","castVersion":"1.52.272222","deviceId":"cc909321f384","deviceType":"LS10_C4A","fwVersion":"1203","googleCast":true,"mcuVersion":"1001","model":"LSB"}}
04-09 10:16:58.129  2963  2991 I otamanager:  
04-09 10:16:58.129  2963  2991 I otamanager: OTA:------curlDownloadFirmwareXml---
04-09 10:16:58.129  2963  2991 I otamanager: OTA:isValidIpAddress: result 0
04-09 10:16:58.273  3070  3070 I cast_shell: [3073:3073:INFO:grpc_service_discovery_impl.cc(185)] Mdns discovered google RPC for [PII](908C0CD9D881BA772B557226FC3D020C).
04-09 10:16:58.412  3070  3070 I cast_shell: [3073:3073:INFO:config_downloader.cc(700)] Received Protobuf config response
04-09 10:16:58.436  3070  3070 I cast_shell: [3073:3073:INFO:application_manager_impl.cc(2024)] max_background_apps changed to: 1
04-09 10:16:58.436  3070  3070 I cast_shell: [3073:3073:ERROR:modular_update_manager_impl.cc(382)] No modular updater app ID can be found in device config.
04-09 10:16:58.446  3070  3070 I cast_shell: [3073:3073:INFO:ccs_settings.cc(262)] CcsSettings using CCS url https://clients5.google.com/cast/cloudcast/
04-09 10:16:58.446  2963  2991 I otamanager: OTA:ResolveDNSName IP = 34.227.250.11
04-09 10:16:58.446  2963  2991 I otamanager: OTA:hostIp string: https://34.227.250.11/v1
04-09 10:16:58.446  2963  2991 I otamanager: OTA: trying after 2 sec 
04-09 10:16:58.468  3070  3070 I cast_shell: [3073:3073:INFO:application_config_manager_impl.cc(528)] Setting default remote control app ID: 1374D8AA
04-09 10:16:58.469  3070  3070 I cast_shell: [3073:3073:INFO:application_identification_settings.cc(410)] new ApplicationIdentificationSettings session_id: bc1f208c-f7d9-4731-8f37-b1f6bbc57538 app_id: 38579375 flags: 7 headers: 512
04-09 10:16:58.469  3070  3070 I cast_shell: [3073:3073:WARNING:ccs_manager_impl.cc(1566)] Device does not have a weave device id
04-09 10:16:58.469  3070  3070 I cast_shell: [3073:3073:INFO:mdns_util.cc(102)] Defaulting mDNS capabilities for audio-only build
04-09 10:16:58.469  3070  3070 I cast_shell: [3073:3073:INFO:mdns_util.cc(102)] Defaulting mDNS capabilities for audio-only build
04-09 10:16:58.469  3070  3070 I cast_shell: [3073:3073:INFO:ccs_transport_https.cc(1203)] No cloud settings for register request
04-09 10:16:58.474  3070  3070 I cast_shell: [3073:3073:INFO:ccs_manager_impl.cc(1496)] Registering device with CCS: message_id = 8b3d670f-528c-4352-ae4d-b7d3385d3fd2
04-09 10:16:58.474  3070  3070 I cast_shell: [3073:3073:INFO:ccs_manager_impl.cc(1497)] [PII] device_id = 908C0CD9D881BA772B557226FC3D020C
04-09 10:16:58.474  3070  3070 I cast_shell: [3073:3073:INFO:application_identification_settings.cc(410)] new ApplicationIdentificationSettings session_id: 94b32501-409d-407f-9ecf-d093e0a9974d app_id: 38579375 flags: 7 headers: 512
04-09 10:16:58.474  3070  3070 I cast_shell: [3073:3073:INFO:robot_account_auth_manager.cc(470)] Successfully initialized JWT for 38579375
04-09 10:16:58.474  3070  3070 I cast_shell: [3073:3073:INFO:config_downloader.cc(900)] Clearing local config cache
04-09 10:16:58.477  3070  3070 I cast_shell: [3073:3073:INFO:metrics_recorder.cc(282)] Record action: Cast.DCS.DownloadSuccess
04-09 10:16:58.477  3070  3070 I cast_shell: [3073:3073:INFO:key_exchange_namespace_handler.cc(178)] Changing key_exchange_support capability
04-09 10:16:58.478  2957  3148 I LibreCastControlDelegate: OnCastStatus() +++ Bedroom speaker 2:0xab228198:NOT_SETUP
04-09 10:16:58.478  2957  3148 I LibreCastControlDelegate: Device Build Number -> '1.52.272222'
04-09 10:16:58.478  2957  3148 I librecast: updateCastBuildVersion() Version 1.52.272222
04-09 10:16:58.482  3070  3070 I cast_shell: [3073:3073:INFO:chromecast_service.cc(2229)] AoGH feature is: 0
04-09 10:16:58.483  3070  3070 I cast_shell: [3073:3073:INFO:ccs_transport_https.cc(1203)] No cloud settings for register request
04-09 10:16:58.483  3070  3070 I cast_shell: [3073:3073:INFO:application_identification_settings.cc(1120)] CreateJwt in progress; storing callback.
04-09 10:16:58.483  3070  3070 I cast_shell: [3073:3073:INFO:ccs_manager_impl.cc(1496)] Registering device with CCS: message_id = 08e38a29-341d-4d9f-b6ad-ad8df40337ca
04-09 10:16:58.483  3070  3070 I cast_shell: [3073:3073:INFO:ccs_manager_impl.cc(1497)] [PII] device_id = 908C0CD9D881BA772B557226FC3D020C
04-09 10:16:58.513  3070  3070 I cast_shell: [3073:3073:INFO:metrics_recorder.cc(282)] cast event: Cloud.Transport.Https.Register.Out
04-09 10:16:58.516  3070  3070 I cast_shell: [3073:3073:INFO:application_identification_settings.cc(1331)] CreateJwt completed; running all done signing callbacks.
04-09 10:16:58.516  3070  3070 I cast_shell: [3073:3073:INFO:robot_account_auth_manager.cc(496)] JWT expiry in 3600 seconds
04-09 10:16:58.516  3070  3070 I cast_shell: [3073:3073:INFO:robot_account_auth_manager.cc(384)] Sending oauth request for client_id: 0
04-09 10:16:58.516  3070  3070 I cast_shell: [3073:3073:INFO:metrics_recorder.cc(282)] cast event: Cast.Assistant.Auth.FetchToken
04-09 10:16:58.516  3070  3070 I cast_shell: [3073:3073:INFO:metrics_recorder.cc(282)] cast event: Cloud.Transport.Https.Register.Out
04-09 10:16:58.516  3070  3070 I cast_shell: [3073:3083:INFO:chromium_http_connection.cc(436)] Creating a new chromium http url loader factory
04-09 10:16:58.540  3070  3070 I cast_shell: [3073:3112:INFO:metrics_recorder.cc(282)] Record action: Setup.state.BLE
04-09 10:16:58.908  3070  3070 I cast_shell: [3073:3081:INFO:heartbeat_manager.cc(272)] Set HBInterval default: 1680000
04-09 10:16:58.910  3070  3070 I cast_shell: [3073:3073:INFO:gcm_manager.cc(233)] GCM connection established.
04-09 10:16:59.134  3070  3070 I cast_shell: [system_updater_dummy.cpp(139)] CheckUpdate 139
04-09 10:16:59.134  3070  3070 I cast_shell: [system_updater_dummy.cpp(148)] CheckUpdate 148 return
04-09 10:16:59.513  2956  2967 D wac-main: Netlink event
04-09 10:16:59.513  2956  2967 E wac-main: Netlink event 16 Interface Index 5 
04-09 10:16:59.513  2956  2967 E wac-main: Enter poll and wait
04-09 10:16:59.513  2713  2725 I yani_kernel: yani_geteventfrom_changeaddr() Message-Id '1' Netlink event '16' Interface Index '5' -> Name 'wlan0' 
04-09 10:16:59.521  2956  2967 D wac-main: Netlink event
04-09 10:16:59.521  2956  2967 E wac-main: Netlink event 16 Interface Index 5 
04-09 10:16:59.521  2956  2967 E wac-main: Enter poll and wait
04-09 10:16:59.536  2957  3148 I LibreCastControlDelegate: OnCastStatus() +++ Bedroom speaker 2:0xab228198:NOT_SETUP
04-09 10:16:59.536  2957  3148 I LibreCastControlDelegate: Device Build Number -> '1.52.272222'
04-09 10:16:59.536  2957  3148 I librecast: updateCastBuildVersion() Version 1.52.272222
04-09 10:16:59.536  2714  2714 I lucitransport: readRemoteMessage() MID char = 7 buffer = 1.52.272222
04-09 10:16:59.537  2957  3148 I LibreCastControlDelegate: Active Applications -> 0
04-09 10:16:59.537  2957  3148 I LibreCastControlDelegate: Current Cast State '2' -> 'NOT_SETUP'
04-09 10:16:59.537  2957  3148 I LibreCastControlDelegate: OnCastStatus() ---
04-09 10:16:59.538  2713  2725 I yani_server: NetLink Event '-1' Interface-Index '5' WLAN '-1' Ethernet '-1' Parsed-iFill '-1' -> 'INVALID' ifIndex '1' -> 'lo'
04-09 10:16:59.539  2713  2725 I yani_server: NetLink Event '-1' Interface-Index '5' WLAN '0' Ethernet '-1' Parsed-iFill '-1' -> 'INVALID' ifIndex '1' -> 'lo'
04-09 10:16:59.554  2713  2725 I chatty  : uid=0(root) YaniServer identical 8 lines
04-09 10:16:59.555  2713  2725 I yani_server: NetLink Event '-1' Interface-Index '5' WLAN '0' Ethernet '-1' Parsed-iFill '-1' -> 'INVALID' ifIndex '1' -> 'lo'
04-09 10:16:59.555  2713  2725 I yani_kernel: yani_geteventfrom_changeaddr() Message-Id '1' Netlink event '16' Interface Index '5' -> Name 'wlan0' 
04-09 10:16:59.575  3070  3070 I cast_shell: [3073:3112:INFO:metrics_recorder.cc(282)] Record action: Setup.state.BLE
04-09 10:16:59.694  3070  3070 I cast_shell: [3073:3123:INFO:metrics_recorder.cc(282)] Cast v2 action(socket_id=523e1ccc-f807-5341-7e32-8d475ce21d1b.2): CastV2.Connection.Connect.In
04-09 10:16:59.694  3070  3070 I cast_shell: [3073:3073:INFO:application_config_manager_impl.cc(637)] Virtual device not enabled: [PII](523e1ccc-f807-5341-7e32-8d475ce21d1b)
04-09 10:16:59.694  3070  3070 I cast_shell: [3073:3073:WARNING:application_config_manager_impl.cc(424)] App is not supported: id=CC1AD845
04-09 10:16:59.694  3070  3070 I cast_shell: [3073:3112:INFO:setup_namespace_handler.cc(94)] Added a peer for setup namespace: 523e1ccc-f807-5341-7e32-8d475ce21d1b.2:gms_cast_prober-1
04-09 10:16:59.694  3070  3070 I cast_shell: [3073:3112:INFO:setup_state.cc(544)] EurekaInfoCalled: wifi_state=10, is_usable_ip_address=1, connected=1, is_initial_setup=0
04-09 10:16:59.788  3070  3070 I cast_shell: [3073:3073:INFO:robot_account_auth_manager.cc(525)] Got CAS response: 200
04-09 10:16:59.788  3070  3070 I cast_shell: [3073:3073:INFO:metrics_recorder.cc(282)] cast event: Cast.Assistant.AuthError.NOT_LINKED
04-09 10:16:59.788  3070  3070 I cast_shell: [3073:3073:INFO:robot_account_auth_manager.cc(776)] Current error: TOKEN_NOT_FETCHED, new error: NOT_LINKED
04-09 10:16:59.788  3070  3070 I cast_shell: [3073:3073:INFO:user_auth_impl.cc(207)] Notified all the observers of new auth tokens.
04-09 10:16:59.824  3070  3070 I cast_shell: [3073:3073:INFO:mdns_util.cc(102)] Defaulting mDNS capabilities for audio-only build
04-09 10:16:59.824  3070  3070 I cast_shell: [3073:3073:INFO:mdns_util.cc(102)] Defaulting mDNS capabilities for audio-only build
04-09 10:16:59.837  3070  3070 I cast_shell: [3073:3123:INFO:v2_ssl_socket.cc(358)] Stop reading on pending closed socket
04-09 10:16:59.838  3070  3070 I cast_shell: [3073:3112:INFO:setup_namespace_handler.cc(104)] Removed a peer for setup namespace: 523e1ccc-f807-5341-7e32-8d475ce21d1b.2:gms_cast_prober-1
04-09 10:17:00.158  3070  3070 I cast_shell: [system_updater_dummy.cpp(139)] CheckUpdate 139
04-09 10:17:00.158  3070  3070 I cast_shell: [system_updater_dummy.cpp(148)] CheckUpdate 148 return
04-09 10:17:00.494  3070  3070 I cast_shell: [3073:3122:INFO:mdns_app_filter.cc(1526)] MdnsAppFilter: Done announcing.
04-09 10:17:00.609  3070  3070 I cast_shell: [3073:3112:INFO:metrics_recorder.cc(282)] Record action: Setup.state.BLE
04-09 10:17:00.925  2963  2991 I otamanager: OTA:curl response code : 0	
04-09 10:17:00.925  2963  2991 I otamanager: http status code : 200
04-09 10:17:00.925  2963  2991 I otamanager: OTA: contentLen :187.000000
04-09 10:17:00.935  2963  2991 I otamanager: OTA: bytesDownloaded = 187 m_iHttpStatusCode = 200 
04-09 10:17:00.935  2690  2690 I sh      : }{
04-09 10:17:00.935  2690  2690 I sh      : 	"castVersion" : null,
04-09 10:17:00.935  2690  2690 I sh      : 	"crc" : null,
04-09 10:17:00.935  2690  2690 I sh      : 	"errorCode" : 1001,
04-09 10:17:00.935  2963  2991 E otamanager: OTA:error string =  No update available
04-09 10:17:00.935  2690  2690 I sh      : 	"errorString" : "No update available",
04-09 10:17:00.935  2690  2690 I sh      : 	"forceUpgrade" : true,
04-09 10:17:00.935  2690  2690 I sh      : 	"mcuOnlyUpdate" : false,
04-09 10:17:00.935  2690  2690 I sh      : 	"otapackage" : null,
04-09 10:17:00.935  2690  2690 I sh      : 	"url" : null,
04-09 10:17:00.935  2690  2690 I sh      : 	"version" : null
04-09 10:17:00.935  2714  2714 I lucitransport: writeRemoteMessage() MID = 223 buffer = NO_UPDATE
04-09 10:17:00.935  2714  2714 I luciUART: write() MID = 223  bytes = 19 data = NO_UPDATE m_fd = 0x5
04-09 10:17:00.936  2963  2991 I otamanager: Firmware Update State Change from CheckUpdate to Idle
04-09 10:17:00.937  3070  3070 I cast_shell: [system_updater_dummy.cpp(132)] CheckUpdate 132 no new version
04-09 10:17:00.937  3070  3070 I cast_shell: [3073:3079:INFO:update_engine_client_with_system_updater.cc(226)] No system force update, error_code=0
04-09 10:17:00.941  3070  3070 I cast_shell: [3073:3112:INFO:setup_state.cc(261)] Setup state changed: SETUP_STATE_CONNECTED_WIFI_NOT_SAVED (61) -> SETUP_STATE_CONNECTED (60)
04-09 10:17:00.941  3070  3070 I cast_shell: [3073:3112:INFO:setup_manager_impl.cc(1019)] Setup discoverability is disabled
04-09 10:17:00.941  3070  3070 I cast_shell: [3073:3112:INFO:ble_setup_manager.cc(758)] Clearing setup read attributes
04-09 10:17:00.941  3070  3070 I cast_shell: [3073:3112:INFO:gatt_client_manager_impl.cc(202)] Enabling GATT client connectability
04-09 10:17:00.941  3070  3070 I cast_shell: [3073:3112:INFO:ble_setup_manager.cc(620)] Stopped Bluetooth service
04-09 10:17:00.941  3070  3070 I cast_shell: [3073:3112:INFO:ble_setup.cc(423)] BLE setup stopped.
04-09 10:17:00.942  2733  2744 I HotspotManager: hotspot stop
04-09 10:17:00.942  2733  2744 I HotspotManager: stop dnsmasq
04-09 10:17:00.949  3070  3070 I cast_shell: [3073:3079:INFO:hotspot_manager.cc(211)] Stop: id=1
04-09 10:17:00.949  3070  3070 I cast_shell: [3073:3073:INFO:cast_receiver_impl.cc(1100)] Leaving discovery-only mode
04-09 10:17:00.951  3070  3070 I cast_shell: [3073:3122:INFO:mdns_cast_service.cc(351)] Device discovery state is idle
04-09 10:17:00.951  3070  3070 I cast_shell: [3073:3122:INFO:mdns_util.cc(102)] Defaulting mDNS capabilities for audio-only build
04-09 10:17:00.953  2957  3148 I LibreCastControlDelegate: OnCastStatus() +++ Bedroom speaker 2:0xab228198:READY_TO_CAST
04-09 10:17:00.954  3070  3070 I cast_shell: [3073:3112:INFO:gatt_client_manager_impl.cc(202)] Enabling GATT client connectability
04-09 10:17:00.954  3070  3070 I chatty  : uid=1000(chrome) /bin/logwrapper identical 1 line
04-09 10:17:00.954  3070  3070 I cast_shell: [3073:3112:INFO:gatt_client_manager_impl.cc(202)] Enabling GATT client connectability
04-09 10:17:00.954  3070  3070 I cast_shell: [3073:3112:INFO:ble_setup_manager.cc(744)] Started Bluetooth service
04-09 10:17:00.954  2957  3148 I LibreCastControlDelegate: Cast Device Name -> 'Bedroom speaker 2'
04-09 10:17:00.954  2957  3148 I librecast: OldFriendlyName '' & New name change By Cast 'Bedroom speaker 2' isfirstbootup 56 m_updatedonebyluci 95
04-09 10:17:00.954  2957  3148 I librecast:  Difference in FriendlyName notify all  
04-09 10:17:00.968  3070  3070 I cast_shell: [3073:3112:INFO:bluetooth_manager.cc(1232)] [PII] Set device name to 'Bedroom speaker 2'
04-09 10:17:00.970  3070  3070 I cast_shell: [3073:3073:INFO:device_info_impl.cc(1133)] SSDP Config ID is increased: id=6
04-09 10:17:00.971  3070  3070 I cast_shell: [3073:3122:INFO:mdns_util.cc(102)] Defaulting mDNS capabilities for audio-only build
04-09 10:17:00.972  3070  3070 I cast_shell: [3073:3073:INFO:ccs_manager_impl.cc(1842)] Postponing device name update while registering
04-09 10:17:00.972  2957  3148 I LibreCastControlDelegate: OnCastStatus() +++ Bedroom speaker 2:0xab228198:READY_TO_CAST
04-09 10:17:00.972  3070  3070 I cast_shell: [3073:3073:INFO:mdns_manager_impl.cc(429)] Successfully updated service: type=_googlecast
04-09 10:17:00.972  3070  3070 I cast_shell: [3073:3073:INFO:virtual_device.cc(296)] Updated mDNS service for virtual device: id=523e1ccc-f807-5341-7e32-8d475ce21d1b
04-09 10:17:00.973  2957  3148 I LibreCastControlDelegate: Cast Device Name -> 'Bedroom speaker 2'
04-09 10:17:00.973  2957  3148 I librecast: OldFriendlyName '' & New name change By Cast 'Bedroom speaker 2' isfirstbootup 56 m_updatedonebyluci 95
04-09 10:17:00.973  2957  3148 I librecast:  Difference in FriendlyName notify all  
04-09 10:17:00.973  2957  3148 I LibreCastControl: LibreCastControl_SetCastName()  name 'Bedroom speaker 2' RequestId '7' pCastControl 0xf5000728
04-09 10:17:00.973  2714  2714 I lucitransport: writeRemoteMessage() MID = 90 buffer = Bedroom speaker 2
04-09 10:17:00.974  2714  2714 I luciUART: write() MID = 90  bytes = 27 data = Bedroom speaker 2 m_fd = 0x5
04-09 10:17:00.974  2714  2714 I lucitransport: writeLocalMessage() MID = 90 buffer = Bedroom speaker 2
04-09 10:17:00.974  2957  3148 I LibreCastControlDelegate: Device Build Number -> '1.52.272222'
04-09 10:17:00.974  2957  3148 I librecast: updateCastBuildVersion() Version 1.52.272222
04-09 10:17:00.977  2736  2766 I bluetoothtbd: [0408/214700.977104:INFO:adapter.cc(551)] Adapter properties changed
04-09 10:17:00.977  2736  2766 I bluetoothtbd: [0408/214700.977252:INFO:adapter.cc(573)] Adapter name changed
04-09 10:17:00.978  2957  3148 I LibreCastControlDelegate: OnResponse() ReqeustID 7, error  0
04-09 10:17:00.978  3070  3070 I cast_shell: [3073:3112:INFO:bluetooth_manager.cc(1232)] [PII] Set device name to 'Bedroom speaker 2'
04-09 10:17:00.980  3070  3070 I cast_shell: [3073:3073:INFO:device_info_impl.cc(1133)] SSDP Config ID is increased: id=7
04-09 10:17:00.981  3070  3070 I cast_shell: [3073:3122:INFO:mdns_util.cc(102)] Defaulting mDNS capabilities for audio-only build
04-09 10:17:00.981  3070  3070 I cast_shell: [3073:3073:INFO:ccs_manager_impl.cc(1842)] Postponing device name update while registering
04-09 10:17:00.984  2957  3148 I LibreCastControlDelegate: Cast Device Name -> 'Bedroom speaker 2'
04-09 10:17:00.984  2957  3148 I librecast: OldFriendlyName '' & New name change By Cast 'Bedroom speaker 2' isfirstbootup 56 m_updatedonebyluci 95
04-09 10:17:00.984  2957  3148 I librecast:  Difference in FriendlyName notify all  
04-09 10:17:00.984  2957  3148 I LibreCastControl: LibreCastControl_SetCastName()  name 'Bedroom speaker 2' RequestId '8' pCastControl 0xf5000728
04-09 10:17:00.985  2714  2714 I lucitransport: writeRemoteMessage() MID = 90 buffer = Bedroom speaker 2
04-09 10:17:00.985  2714  2714 I luciUART: write() MID = 90  bytes = 27 data = Bedroom speaker 2 m_fd = 0x5
04-09 10:17:00.985  2714  2714 I lucitransport: writeLocalMessage() MID = 90 buffer = Bedroom speaker 2
04-09 10:17:00.985  2957  3148 I LibreCastControlDelegate: Device Build Number -> '1.52.272222'
04-09 10:17:00.985  2957  3148 I librecast: updateCastBuildVersion() Version 1.52.272222
04-09 10:17:00.986  2714  2714 I lucitransport: readRemoteMessage() MID char = 7 buffer = 1.52.272222
04-09 10:17:00.986  2957  3148 I LibreCastControlDelegate: Active Applications -> 0
04-09 10:17:00.986  2957  3148 I LibreCastControlDelegate: Current Cast State '6' -> 'READY_TO_CAST'
04-09 10:17:00.986  2957  3148 I LibreCastControlDelegate: OnCastStatus() ---
04-09 10:17:00.988  2690  2690 I sh      : MessageBoxAlert() MID 90 
04-09 10:17:00.988  2690  2690 I sh      : MessageBoxChanged() MID '90'
04-09 10:17:00.988  2736  2766 I bluetoothtbd: [0408/214700.988630:INFO:adapter.cc(551)] Adapter properties changed
04-09 10:17:00.988  2736  2766 I bluetoothtbd: [0408/214700.988758:INFO:adapter.cc(573)] Adapter name changed
04-09 10:17:00.989  2957  3148 I LibreCastControlDelegate: OnResponse() ReqeustID 8, error  0
04-09 10:17:00.989  2957  3033 I librecast: MessageBoxAlert() Msg = 90 remoteID = 16 
04-09 10:17:00.989  2714  2723 I lucitransport: readRemoteMessage() MID char = 90 buffer = Bedroom speaker 2
04-09 10:17:00.990  2957  3033 I LibreCastControl: LibreCastControl_SetCastName()  name 'Bedroom speaker 2' RequestId '9' pCastControl 0xf5000728
04-09 10:17:00.990  2957  3033 E librecast: MessageBoxAlert() friendlyname Bedroom speaker 2
04-09 10:17:00.990  2957  3033 I LibreCastControl: MessageBoxAlert() messageBoxID 90
04-09 10:17:00.990  2959  2999 I airplayluci: MessageBoxAlert: MID 90
04-09 10:17:00.991  2960  2987 E Spotify-Player: Change Spotify Device name
04-09 10:17:01.005  3070  3070 I cast_shell: [3073:3073:INFO:device_info_impl.cc(1133)] SSDP Config ID is increased: id=9
04-09 10:17:01.006  3070  3070 I cast_shell: [3073:3073:INFO:ccs_manager_impl.cc(1842)] Postponing device name update while registering
04-09 10:17:01.006  3070  3070 I cast_shell: [3073:3122:INFO:mdns_util.cc(102)] Defaulting mDNS capabilities for audio-only build
04-09 10:17:01.006  3070  3070 I cast_shell: [3073:3073:INFO:mdns_manager_impl.cc(429)] Successfully updated service: type=_googlecast
04-09 10:17:01.006  3070  3070 I cast_shell: [3073:3073:INFO:virtual_device.cc(296)] Updated mDNS service for virtual device: id=523e1ccc-f807-5341-7e32-8d475ce21d1b
04-09 10:17:01.006  2957  3148 I LibreCastControlDelegate: OnCastStatus() +++ Bedroom speaker 2:0xab228198:READY_TO_CAST
04-09 10:17:01.008  2957  3148 I LibreCastControlDelegate: Cast Device Name -> 'Bedroom speaker 2'
04-09 10:17:01.008  2957  3148 I librecast: OldFriendlyName 'Bedroom speaker 2' & New name change By Cast 'Bedroom speaker 2' isfirstbootup 56 m_updatedonebyluci 0
04-09 10:17:01.008  2957  3148 I LibreCastControlDelegate: Device Build Number -> '1.52.272222'
04-09 10:17:01.008  2957  3148 I librecast: updateCastBuildVersion() Version 1.52.272222
04-09 10:17:01.008  2714  2714 I lucitransport: readRemoteMessage() MID char = 7 buffer = 1.52.272222
04-09 10:17:01.009  2957  3148 I LibreCastControlDelegate: Active Applications -> 0
04-09 10:17:01.009  2957  3148 I LibreCastControlDelegate: Current Cast State '6' -> 'READY_TO_CAST'
04-09 10:17:01.009  2957  3148 I LibreCastControlDelegate: OnCastStatus() ---
04-09 10:17:01.033  2690  2690 I sh      : MessageBoxAlert() MID 90 
04-09 10:17:01.033  2690  2690 I sh      : MessageBoxChanged() MID '90'
04-09 10:17:01.033  2957  3033 I librecast: MessageBoxAlert() Msg = 90 remoteID = 16 
04-09 10:17:01.033  2714  2723 I lucitransport: readRemoteMessage() MID char = 90 buffer = Bedroom speaker 2
04-09 10:17:01.033  2957  3033 I LibreCastControl: LibreCastControl_SetCastName()  name 'Bedroom speaker 2' RequestId '10' pCastControl 0xf5000728
04-09 10:17:01.033  2957  3033 E librecast: MessageBoxAlert() friendlyname Bedroom speaker 2
04-09 10:17:01.033  2957  3033 I LibreCastControl: MessageBoxAlert() messageBoxID 90
04-09 10:17:01.034  2959  2999 I airplayluci: MessageBoxAlert: MID 90
04-09 10:17:01.036  2736  2766 I bluetoothtbd: [0408/214701.036466:INFO:adapter.cc(551)] Adapter properties changed
04-09 10:17:01.036  2736  2766 I bluetoothtbd: [0408/214701.036624:INFO:adapter.cc(573)] Adapter name changed
04-09 10:17:01.037  2960  2987 E Spotify-Player: Change Spotify Device name
04-09 10:17:01.037  2957  3148 I LibreCastControlDelegate: OnResponse() ReqeustID 10, error  0
04-09 10:17:01.037  2714  2723 E LUCI_SERVER: Luci Server Thread wait over MID 90....
04-09 10:17:01.039  3070  3070 I cast_shell: [3073:3112:INFO:bluetooth_manager.cc(1232)] [PII] Set device name to 'Bedroom speaker 2'
04-09 10:17:01.040  3070  3070 I cast_shell: [3073:3073:INFO:device_info_impl.cc(1133)] SSDP Config ID is increased: id=10
04-09 10:17:01.040  3070  3070 I cast_shell: [3073:3073:INFO:ccs_manager_impl.cc(1842)] Postponing device name update while registering
04-09 10:17:01.041  2957  3148 I LibreCastControlDelegate: OnCastStatus() +++ Bedroom speaker 2:0xab228198:READY_TO_CAST
04-09 10:17:01.043  2957  3148 I LibreCastControlDelegate: Cast Device Name -> 'Bedroom speaker 2'
04-09 10:17:01.043  2956  2967 D wac-main: Netlink event
04-09 10:17:01.043  2957  3148 I librecast: OldFriendlyName 'Bedroom speaker 2' & New name change By Cast 'Bedroom speaker 2' isfirstbootup 56 m_updatedonebyluci 0
04-09 10:17:01.043  2957  3148 I LibreCastControlDelegate: Device Build Number -> '1.52.272222'
04-09 10:17:01.043  2956  2967 E wac-main: Netlink event 21 Interface Index 6 
04-09 10:17:01.043  2957  3148 I librecast: updateCastBuildVersion() Version 1.52.272222
04-09 10:17:01.043  2956  2967 E wac-main: Enter poll and wait
04-09 10:17:01.043  2713  2725 I yani_kernel: yani_geteventfrom_changeaddr() Message-Id '1' Netlink event '21' Interface Index '6' -> Name 'p2p0' 
04-09 10:17:01.045  2784  2784 I dnsmasq : reading /etc/resolv.conf
04-09 10:17:01.045  2784  2784 I dnsmasq : using nameserver 8.8.4.4#53
04-09 10:17:01.045  2784  2784 I dnsmasq : using nameserver 192.168.1.1#53
04-09 10:17:01.045  2784  2784 I dnsmasq : using nameserver 192.168.50.1#53
04-09 10:17:01.045  2784  2784 I dnsmasq : using nameserver 8.8.8.8#53
04-09 10:17:01.046  2714  2714 I lucitransport: readRemoteMessage() MID char = 7 buffer = 1.52.272222
04-09 10:17:01.046  2957  3148 I LibreCastControlDelegate: Active Applications -> 0
04-09 10:17:01.046  2957  3148 I LibreCastControlDelegate: Current Cast State '6' -> 'READY_TO_CAST'
04-09 10:17:01.046  2957  3148 I LibreCastControlDelegate: OnCastStatus() ---
04-09 10:17:01.048  2713  2725 I yani_server: NetLink Event '5' Interface-Index '6' WLAN '-1' Ethernet '-1' Parsed-iFill '5' -> 'P2P0 DISCONNECTED' ifIndex '2' -> 'tunl0'
04-09 10:17:01.049  2713  2725 E yani_server: YANI: I am Done Wait For Event 
04-09 10:17:01.049  2713  2815 I yani_server: onNetworkParametersChanged() WAC Mode '0'  Index '2' Interface 'p2p0' Status '0'
04-09 10:17:01.049  2730  2747 I MB_HANDLER: YaniAlert() Interface '3' Status '0'
04-09 10:17:01.050  2714  2714 I lucitransport: writeRemoteMessage() MID = 124 buffer = 1#1,1#2,0#3,0#4,0
04-09 10:17:01.050  2714  2714 I luciUART: write() MID = 124  bytes = 27 data = 1#1,1#2,0#3,0#4,0 m_fd = 0x5
04-09 10:17:01.050  2733  2744 I HotspotManager: stop hostapd
04-09 10:17:01.051  2731  2731 E AirableUIHelper: AirableUIHelper::YaniAlert  3 0 
04-09 10:17:01.051  2963  2984 I otamanager: YaniAlert() Interface 3 Status Down
04-09 10:17:01.053  2959  2999 I airplay-main: YaniAlert Interface 3 Status 0
04-09 10:17:01.058  2714  2722 E luciUART: UART:aa
04-09 10:17:01.058  2714  2722 E luciUART: UART:aa
04-09 10:17:01.058  2714  2722 E luciUART: UART:2
04-09 10:17:01.058  2714  2722 E luciUART: UART:0
04-09 10:17:01.058  2714  2722 E luciUART: UART:d0
04-09 10:17:01.058  2714  2722 E luciUART: UART:0
04-09 10:17:01.058  2714  2722 I chatty  : uid=0(root) UARTLUCIControl identical 2 lines
04-09 10:17:01.058  2714  2722 E luciUART: UART:0
04-09 10:17:01.058  2714  2722 E luciUART: UART:9
04-09 10:17:01.058  2714  2722 I luciUART: read() RemoteID = 43690 Command = 208 Type = 2 Status = 0 DataLen = 9
04-09 10:17:01.058  2714  2722 E luciUART: Error: full data not available yet! readBytes 0
04-09 10:17:01.058  2714  2722 I luciUART: Previous Packet read contd., 
04-09 10:17:01.059  2714  2722 E luciUART: UART:52
04-09 10:17:01.059  2714  2722 I luciUART: Previous Packet read contd., 
04-09 10:17:01.059  2714  2722 E luciUART: UART:45
04-09 10:17:01.059  2714  2722 I luciUART: Previous Packet read contd., 
04-09 10:17:01.059  2714  2722 E luciUART: UART:41
04-09 10:17:01.059  2714  2722 I luciUART: Previous Packet read contd., 
04-09 10:17:01.059  2714  2722 E luciUART: UART:44
04-09 10:17:01.059  2714  2722 I luciUART: Previous Packet read contd., 
04-09 10:17:01.059  2714  2722 E luciUART: UART:5f
04-09 10:17:01.059  2714  2722 I luciUART: Previous Packet read contd., 
04-09 10:17:01.059  2714  2722 E luciUART: UART:73
04-09 10:17:01.059  2714  2722 I luciUART: Previous Packet read contd., 
04-09 10:17:01.059  2714  2722 E luciUART: UART:73
04-09 10:17:01.059  2714  2722 I luciUART: Previous Packet read contd., 
04-09 10:17:01.059  2714  2722 E luciUART: UART:69
04-09 10:17:01.059  2714  2722 I luciUART: Previous Packet read contd., 
04-09 10:17:01.059  2714  2722 E luciUART: UART:64
04-09 10:17:01.065  2960  2988 E SPOTIFY : Device Name change new name = Bedroom speaker 2
04-09 10:17:01.065  2960  2988 E SPOTIFY : err = 0 
04-09 10:17:01.077  2956  2967 D wac-main: Netlink event
04-09 10:17:01.077  2956  2967 E wac-main: Netlink event 16 Interface Index 6 
04-09 10:17:01.077  2956  2967 E wac-main: p2p0 event Link Changed : 1003 
04-09 10:17:01.077  2956  2967 E wac-main: p2p0 Changed down
04-09 10:17:01.077  2956  2967 E wac-main: wlan0 IP : 192.168.1.145
04-09 10:17:01.077  2713  2725 I yani_kernel: yani_geteventfrom_changeaddr() Message-Id '1' Netlink event '16' Interface Index '6' -> Name 'p2p0' 
04-09 10:17:01.079  2956  2967 E wac-main: Enter poll and wait
04-09 10:17:01.096  2690  2690 I sh      : MessageBoxAlert() MID 90 
04-09 10:17:01.096  2690  2690 I sh      : MessageBoxChanged() MID '90'
04-09 10:17:01.096  2957  3033 I librecast: MessageBoxAlert() Msg = 90 remoteID = 16 
04-09 10:17:01.097  2714  2723 I lucitransport: readRemoteMessage() MID char = 90 buffer = Bedroom speaker 2
04-09 10:17:01.097  2957  3033 I LibreCastControl: LibreCastControl_SetCastName()  name 'Bedroom speaker 2' RequestId '11' pCastControl 0xf5000728
04-09 10:17:01.097  2957  3033 E librecast: MessageBoxAlert() friendlyname Bedroom speaker 2
04-09 10:17:01.097  2957  3033 I LibreCastControl: MessageBoxAlert() messageBoxID 90
04-09 10:17:01.103  2959  2999 I airplayluci: MessageBoxAlert: MID 90
04-09 10:17:01.103  2736  2766 I bluetoothtbd: [0408/214701.103028:INFO:adapter.cc(551)] Adapter properties changed
04-09 10:17:01.103  2736  2766 I bluetoothtbd: [0408/214701.103136:INFO:adapter.cc(573)] Adapter name changed
04-09 10:17:01.103  2960  2987 E Spotify-Player: Change Spotify Device name
04-09 10:17:01.106  2957  3148 I LibreCastControlDelegate: OnResponse() ReqeustID 11, error  0
04-09 10:17:01.106  2714  2723 E LUCI_SERVER: Luci Server Thread wait over MID 208....
04-09 10:17:01.106  2714  2723 E LUCI_SERVER: Got NV name : ssid
04-09 10:17:01.109  2960  2988 E SPOTIFY : Device Name change new name = Bedroom speaker 2
04-09 10:17:01.109  2960  2988 E SPOTIFY : err = 0 
04-09 10:17:01.110  2714  2723 I luciUART: write() MID = 208  bytes = 30 data = ssid:Linksys16717_2G m_fd = 0x5
04-09 10:17:01.110  2714  2723 E LUCI_SERVER: NV_READ response= ssid:Linksys16717_2G
04-09 10:17:01.110  2714  2723 E LUCI_SERVER: Luci Server Thread waiting for packets....
04-09 10:17:01.110  3070  3070 I cast_shell: [3073:3112:INFO:bluetooth_manager.cc(1232)] [PII] Set device name to 'Bedroom speaker 2'
04-09 10:17:01.110  3070  3070 I cast_shell: [3073:3073:INFO:device_info_impl.cc(1133)] SSDP Config ID is increased: id=11
04-09 10:17:01.111  3070  3070 I cast_shell: [3073:3073:INFO:ccs_manager_impl.cc(1842)] Postponing device name update while registering
04-09 10:17:01.111  3070  3070 I cast_shell: [3073:3122:INFO:mdns_util.cc(102)] Defaulting mDNS capabilities for audio-only build
04-09 10:17:01.111  3070  3070 I cast_shell: [3073:3073:INFO:mdns_manager_impl.cc(429)] Successfully updated service: type=_googlecast
04-09 10:17:01.111  3070  3070 I cast_shell: [3073:3073:INFO:virtual_device.cc(296)] Updated mDNS service for virtual device: id=523e1ccc-f807-5341-7e32-8d475ce21d1b
04-09 10:17:01.113  2957  3148 I LibreCastControlDelegate: OnCastStatus() +++ Bedroom speaker 2:0xab228198:READY_TO_CAST
04-09 10:17:01.114  2957  3148 I LibreCastControlDelegate: Cast Device Name -> 'Bedroom speaker 2'
04-09 10:17:01.114  2957  3148 I librecast: OldFriendlyName 'Bedroom speaker 2' & New name change By Cast 'Bedroom speaker 2' isfirstbootup 56 m_updatedonebyluci 0
04-09 10:17:01.114  2957  3148 I LibreCastControlDelegate: Device Build Number -> '1.52.272222'
04-09 10:17:01.114  2957  3148 I librecast: updateCastBuildVersion() Version 1.52.272222
04-09 10:17:01.114  2714  2714 I lucitransport: readRemoteMessage() MID char = 7 buffer = 1.52.272222
04-09 10:17:01.114  2957  3148 I LibreCastControlDelegate: Active Applications -> 0
04-09 10:17:01.114  2957  3148 I LibreCastControlDelegate: Current Cast State '6' -> 'READY_TO_CAST'
04-09 10:17:01.114  2957  3148 I LibreCastControlDelegate: OnCastStatus() ---
04-09 10:17:01.151  2733  2744 E WifiUtil: Setting interface p2p0 down.
04-09 10:17:01.151  2956  2967 D wac-main: Netlink event
04-09 10:17:01.151  2956  2967 E wac-main: Netlink event 16 Interface Index 6 
04-09 10:17:01.151  2956  2967 E wac-main: p2p0 event Link Changed : 1002 
04-09 10:17:01.151  2956  2967 E wac-main: Enter poll and wait
04-09 10:17:01.152  2713  2725 I yani_kernel: yani_geteventfrom_changeaddr() Message-Id '1' Netlink event '16' Interface Index '6' -> Name 'p2p0' 
04-09 10:17:01.314  3348  3348 D dhcpcd  : wlan0: Router Advertisement from fe80::cab3:73ff:fe44:aeed
04-09 10:17:01.315  3348  3348 D dhcpcd  : wlan0: adding address fd70:d3e7:6555:0:ce90:93ff:fe21:f384/64
04-09 10:17:01.315  3348  3348 D dhcpcd  : wlan0: adding address fd70:d3e7:6555:0:f0e2:6b18:f6fd:997/64
04-09 10:17:01.315  3348  3348 D dhcpcd  : wlan0: adding route to fd70:d3e7:6555::/64
04-09 10:17:01.316  3348  3348 D dhcpcd  : wlan0: requesting DHCPv6 information
04-09 10:17:01.644  3070  3070 I cast_shell: [3073:3112:INFO:metrics_recorder.cc(282)] Record action: Setup.state.BLE
04-09 10:17:01.938  3070  3070 I cast_shell: [3073:3112:INFO:ble_setup.cc(789)] Missing required info for sign.
04-09 10:17:01.942  3070  3070 I cast_shell: [3073:3112:INFO:gatt_client_manager_impl.cc(202)] Enabling GATT client connectability
04-09 10:17:01.942  3070  3070 I cast_shell: [3073:3112:INFO:ble_setup.cc(915)] Sign related info completed, no future EurekaInfo need sign.
04-09 10:17:02.528  2733  2744 I NetworkMonitor: turn off power-save
04-09 10:17:02.708  2736  2813 W bt_btif : bta_gattc_conn_cback() - cif=3 connected=0 conn_id=3 reason=0x0013
04-09 10:17:02.709  2736  2813 W bt_btif : bta_gattc_conn_cback() - cif=4 connected=0 conn_id=4 reason=0x0013
04-09 10:17:02.709  2736  2813 W bt_btif : bta_gattc_conn_cback() - cif=6 connected=0 conn_id=6 reason=0x0013
04-09 10:17:02.710  2736  2813 I bt_btm_sec: btm_sec_disconnected clearing pending flag handle:128 reason:19
04-09 10:17:02.710  2736  2766 W bt_btif : btif_av_move_idle: ACL Disconnected state 0 bd_addr=42:5a:b8:f0:a7:e0 peer_bda=00:00:00:00:00:00
04-09 10:17:02.711  2736  2766 I bluetoothtbd: [0408/214702.711060:INFO:adapter.cc(719)] ACL state changed: 42:5A:B8:F0:A7:E0 - connected: false
04-09 10:17:02.712  3070  3070 I cast_shell: [3073:3112:ERROR:bluetooth_v1_via_v2.cc(796)] Connection state changed. :e0 false
04-09 10:17:02.854  2733  2744 I chatty  : uid=0(root) /bin/net_mgr identical 2 lines
04-09 10:17:02.887  2733  2744 I NetworkMonitor: turn off power-save
04-09 10:17:02.961  3070  3070 I cast_shell: [3073:3122:INFO:mdns_app_filter.cc(1526)] MdnsAppFilter: Done announcing.
04-09 10:17:02.994  2959  3483 I airplay_v2_0_6: 2022-04-09 10:17:02.994811 [AirPlayDemo] AirPlayDemoServerCopyProperty Password is <<NULL>>
04-09 10:17:02.995  2714  2714 I lucitransport: readRemoteMessage() MID char = 90 buffer = Bedroom speaker 2
04-09 10:17:02.997  2959  3447 I airplay_v2_0_6: 2022-04-09 10:17:02.997301 [AirPlay] Registering Bonjour _airplay._tcp. port 7000
04-09 10:17:02.998  2959  3483 I airplay_v2_0_6: 2022-04-09 10:17:02.998860 [AirPlayDemo] AirPlayDemoServerCopyProperty Password is <<NULL>>
04-09 10:17:03.000  2959  3483 I airplay_v2_0_6: 2022-04-09 10:17:03.000206 [AirPlayDemo] AirPlayDemoServerCopyProperty Password is <<NULL>>
04-09 10:17:03.000  2714  2714 I lucitransport: readRemoteMessage() MID char = 90 buffer = Bedroom speaker 2
04-09 10:17:03.002  2959  3447 I airplay_v2_0_6: 2022-04-09 10:17:03.002557 [AirPlay] Registering Bonjour CC909321F384@Bedroom speaker 2._raop._tcp. port 7000
04-09 10:17:03.129  3070  3070 I cast_shell: [3073:3123:INFO:metrics_recorder.cc(282)] Cast v2 action(socket_id=523e1ccc-f807-5341-7e32-8d475ce21d1b.3): CastV2.Connection.Connect.In
04-09 10:17:03.134  3070  3070 I cast_shell: [3073:3073:INFO:cast_system_memory_pressure_evaluator.cc(179)] ConfigRelaxMemoryPressureThresholds, 0.1, 0.2
04-09 10:17:03.139  3070  3070 I cast_shell: [3486:3486:INFO:cast_content_renderer_client_internal.cc(83)] Render process started.
04-09 10:17:03.144  3070  3070 I cast_shell: [3073:3073:INFO:application_manager_impl.cc(1417)] Starting background app: CC1AD845 (Default Media Receiver), session_id=56d97450-3e10-4036-9608-d4143d2ec3b5
04-09 10:17:03.144  3070  3070 I cast_shell: [3073:3123:INFO:v2_transport.cc(458)] Added Cast V2 endpoint: id=56d97450-3e10-4036-9608-d4143d2ec3b5, socket_factory_id=[PII](523e1ccc-f807-5341-7e32-8d475ce21d1b)
04-09 10:17:03.144  3070  3070 I cast_shell: [3073:3073:INFO:cast_media_blocker.cc(43)] UpdatePlayingState media_loading_blocked=1 media_starting_blocked=0 suspended=1 controllable=0 paused_by_user=1
04-09 10:17:03.144  3070  3070 I cast_shell: [3073:3073:INFO:application_message_handler.cc(1747)] Scheduling IpcTimerCheck
04-09 10:17:03.144  3070  3070 I cast_shell: [3073:3073:INFO:application_manager_impl.cc(1565)] App starting: CC1AD845 (Default Media Receiver), session_id=56d97450-3e10-4036-9608-d4143d2ec3b5
04-09 10:17:03.144  3070  3070 I cast_shell: [3073:3122:INFO:mdns_util.cc(102)] Defaulting mDNS capabilities for audio-only build
04-09 10:17:03.144  3070  3070 I cast_shell: [3073:3073:INFO:application_identification_settings.cc(410)] new ApplicationIdentificationSettings session_id: 56d97450-3e10-4036-9608-d4143d2ec3b5 app_id: CC1AD845 flags: 0 headers: 0
04-09 10:17:03.148  3070  3070 I cast_shell: [3073:3073:INFO:cast_media_blocker.cc(81)] MediaSessionInfoChanged media_loading_blocked=1 media_starting_blocked=0 is_suspended=1 is_controllable=0 paused_by_user=1
04-09 10:17:03.154  3070  3070 I cast_shell: [3073:3112:INFO:setup_namespace_handler.cc(94)] Added a peer for setup namespace: 523e1ccc-f807-5341-7e32-8d475ce21d1b.3:gms_cast_prober-1
04-09 10:17:03.158  3070  3070 I cast_shell: [3073:3073:INFO:web_application.cc(817)] [56d97450] Supported bitstream audio codecs info: [codecs]None[spatial_rendering]None
04-09 10:17:03.159  3070  3070 I cast_shell: [3073:3112:INFO:setup_state.cc(544)] EurekaInfoCalled: wifi_state=10, is_usable_ip_address=1, connected=1, is_initial_setup=0
04-09 10:17:03.159  3070  3070 I cast_shell: [3073:3073:INFO:cast_web_contents_impl.cc(242)] Load url: https://www.gstatic.com/cast/sdk/default_receiver/dogfood/app.html?skin=https://www.gstatic.com/eureka/player/0000/skins/cast/skin.css
04-09 10:17:03.160  3070  3070 I cast_shell: [3073:3073:INFO:cast_content_browser_client_internal.cc(975)] Disabling images support for application: CC1AD845
04-09 10:17:03.169  3070  3070 I cast_shell: [3073:3073:INFO:web_application.cc(991)] [56d97450] Page state changed: app=CC1AD845 page_state=LOADING
04-09 10:17:03.172  3070  3070 I cast_shell: [3073:3073:INFO:cast_renderer_oom_adj_manager.cc(82)] Registering renderer 3486
04-09 10:17:03.172  3070  3070 I cast_shell: [3073:3411:INFO:cast_renderer_oom_adj_manager.cc(90)] Adjusting OOM score for renderer(3486) to 400
04-09 10:17:03.172  3070  3070 I cast_shell: [3073:3073:INFO:web_application.cc(585)] [56d97450] Updating app visibility to hidden for background mode.
04-09 10:17:03.172  3070  3070 I cast_shell: [3073:3073:INFO:application_manager_impl.cc(1579)] App pending: CC1AD845 (Default Media Receiver), session_id=56d97450-3e10-4036-9608-d4143d2ec3b5
04-09 10:17:03.172  3070  3070 I cast_shell: [3073:3411:WARNING:cast_renderer_oom_adj_manager.cc(92)] OOM score adjustment failed for renderer(3486)
04-09 10:17:03.173  3070  3070 I cast_shell: [3073:3122:INFO:mdns_util.cc(102)] Defaulting mDNS capabilities for audio-only build
04-09 10:17:03.173  3070  3070 I cast_shell: [3073:3073:INFO:mdns_util.cc(102)] Defaulting mDNS capabilities for audio-only build
04-09 10:17:03.173  3070  3070 I cast_shell: [3073:3073:INFO:mdns_util.cc(102)] Defaulting mDNS capabilities for audio-only build
04-09 10:17:03.212  3070  3070 I cast_shell: [3486:3486:INFO:media_playback_options.cc(70)] Render frame actions are blocked.
04-09 10:17:03.243  3070  3070 I cast_shell: [3486:3486:INFO:media_playback_options.cc(70)] Render frame actions are blocked.
04-09 10:17:03.244  3070  3070 I cast_shell: [3486:3486:INFO:media_caps.cc(24)] ScreenResolutionChanged resolution=0x0
04-09 10:17:03.246  3070  3070 I cast_shell: [3486:3486:INFO:media_caps.cc(54)] ScreenInfoChanged HDCP version=0 Supported EOTFs=0 DolbyVision flags=0 Screen size(mm): 0x0 cur mode HDR=0 cur mode DV=0
04-09 10:17:03.345  3070  3070 I cast_shell: [3073:3123:INFO:v2_ssl_socket.cc(358)] Stop reading on pending closed socket
04-09 10:17:03.345  3070  3070 I cast_shell: [3073:3112:INFO:setup_namespace_handler.cc(104)] Removed a peer for setup namespace: 523e1ccc-f807-5341-7e32-8d475ce21d1b.3:gms_cast_prober-1
04-09 10:17:03.937  3070  3070 I cast_shell: [3486:3486:INFO:cast_content_client.cc(103)] Active URL: https://www.gstatic.com/cast/sdk/default_receiver/dogfood/app.html?skin=https://www.gstatic.com/eureka/player/0000/skins/cast/skin.css&google_cast_bg=true for origin 'null'
04-09 10:17:03.945  3070  3070 I cast_shell: [3073:3073:INFO:cast_content_client.cc(103)] Active URL: https://www.gstatic.com/cast/sdk/default_receiver/dogfood/app.html?skin=https://www.gstatic.com/eureka/player/0000/skins/cast/skin.css&google_cast_bg=true for origin 'null [internally: (B6BC4189B70123CC182251EB62FF1CE0) anonymous]'
04-09 10:17:03.949  3070  3070 I cast_shell: [3073:3411:INFO:process_memory_recorder_utils.cc(43)] CC1AD845 using 39844kB memory
04-09 10:17:03.972  3070  3070 I cast_shell: [3486:3486:INFO:feature_manager.cc(174)] Enabling bindings: 
04-09 10:17:03.996  3070  3070 I cast_shell: [3486:3486:INFO:feature_manager.cc(174)] Enabling bindings: 
04-09 10:17:04.863  3070  3070 I cast_shell: [3073:3073:INFO:CONSOLE(116)] Cast App (CC1AD845): " [  0.001s] [cast.receiver.IpcChannel] Opening platform websocket ", source: https://www.gstatic.com/cast/sdk/libs/caf_receiver/v3/cast_receiver_framework.js (116)
04-09 10:17:04.874  3070  3070 I cast_shell: [3486:3486:INFO:media_source_impl.cc(363)] isTypeSupported("video/mp4;codecs=hev1.2.4.L153.B0") -> false (not supported by HTMLMediaElement)
04-09 10:17:04.875  3070  3070 I cast_shell: [3486:3486:INFO:media_source_impl.cc(363)] isTypeSupported("video/mp4;codecs=dvhe.04.06") -> false (not supported by HTMLMediaElement)
04-09 10:17:04.876  3070  3070 I cast_shell: [3073:3073:INFO:CONSOLE(1162)] Cast App (CC1AD845): "canDisplayType(video/mp4; codecs=hev1.2.4.L153.B0; eotf=smpte2084): Codec not supported.", source:  (1162)
04-09 10:17:04.877  3070  3070 I cast_shell: [3073:3073:INFO:CONSOLE(1162)] Cast App (CC1AD845): "canDisplayType(video/mp4; codecs=dvhe.04.06): Codec not supported.", source:  (1162)
04-09 10:17:04.877  3070  3070 I cast_shell: [3486:3486:INFO:media_source_impl.cc(363)] isTypeSupported("audio/mp4;codecs=ec-3") -> false (not supported by HTMLMediaElement)
04-09 10:17:04.878  3070  3070 I cast_shell: [3073:3073:INFO:CONSOLE(1162)] Cast App (CC1AD845): "canDisplayType(audio/mp4; codecs=ec-3; spatialRendering=true): Codec not supported.", source:  (1162)
04-09 10:17:04.888  3070  3070 I cast_shell: [3486:0xaed5bbc8]     1725 ms: Scavenge 1.8 (1.9) -> 1.6 (2.4) MB, 5.1 / 0.1 ms  (average mu = 1.000, current mu = 1.000) allocation failure 
04-09 10:17:04.892  3070  3070 I cast_shell: [3073:3411:INFO:net_util_impl.cc(582)] IP address: [PII](192.168.1.1) MAC address: [PII](C8:B3:73:44:AE:ED)
04-09 10:17:04.895  3070  3070 I cast_shell: [3073:3411:INFO:net_util_impl.cc(582)] IP address: [PII](192.168.1.1) MAC address: [PII](C8:B3:73:44:AE:ED)
04-09 10:17:04.895  3070  3070 I cast_shell: [3073:3081:INFO:parent_tracker.cc(237)] Network changed
04-09 10:17:04.895  3070  3070 I cast_shell: [3073:3081:INFO:parent_tracker.cc(132)] No need to recreate socket
04-09 10:17:04.896  3070  3070 I cast_shell: [3073:3081:INFO:parent_tracker.cc(237)] Network changed
04-09 10:17:04.896  3070  3070 I cast_shell: [3073:3081:INFO:parent_tracker.cc(132)] No need to recreate socket
04-09 10:17:04.897  3070  3070 I cast_shell: [3073:3073:INFO:CONSOLE(739)] Cast App (CC1AD845): "Lit is in dev mode. Not recommended for production! See https://lit.dev/msg/dev-mode for more information.", source: https://www.gstatic.com/cast/sdk/libs/caf_receiver/v3/cast_receiver_framework.js (739)
04-09 10:17:04.899  3070  3070 I cast_shell: [3073:3073:INFO:gcm_manager.cc(238)] GCM connection lost.
04-09 10:17:04.904  3070  3070 I cast_shell: [3073:3073:INFO:CONSOLE(36)] Cast App (CC1AD845): "Unknown queryable value: log-level-cast-receiver", source:  (36)
