04-09 11:08:36.777  2965  2975 D wac-main: Netlink event
04-09 11:08:36.777  2965  2975 E wac-main: Netlink event 20 Interface Index 6 
04-09 11:08:36.817  2733  2763 I bluetoothtbd: [0408/223836.816925:INFO:adapter.cc(551)] Adapter properties changed
04-09 11:08:36.817  3095  3095 I cast_shell: [3098:3137:INFO:bluetooth_manager.cc(1232)] [PII] Set device name to 'Lyric Speaker Box 21f384'
04-09 11:08:36.817  2733  2763 I bluetoothtbd: [0408/223836.817291:INFO:adapter.cc(573)] Adapter name changed
04-09 11:08:36.817  2733  2763 I bluetoothtbd: [0408/223836.817933:INFO:adapter.cc(551)] Adapter properties changed
04-09 11:08:36.818  2733  2763 I bluetoothtbd: [0408/223836.818043:INFO:adapter.cc(573)] Adapter name changed
04-09 11:08:36.818  3095  3095 I cast_shell: [3098:3137:INFO:bluetooth_manager.cc(1232)] [PII] Set device name to 'Lyric Speaker Box 21f384'
04-09 11:08:36.820  2966  3174 I LibreCastControlDelegate: OnResponse() ReqeustID 1, error  0
04-09 11:08:36.823  2966  3174 I LibreCastControlDelegate: OnCastStatus() +++ Lyric Speaker Box 21f384:0xac106198:NOT_SETUP
04-09 11:08:36.823  2966  3174 I LibreCastControlDelegate: Device Build Number -> '1.52.272222'
04-09 11:08:36.824  2966  3174 I librecast: updateCastBuildVersion() Version 1.52.272222
04-09 11:08:36.824  2711  2718 I lucitransport: readRemoteMessage() MID char = 7 buffer = (null)
04-09 11:08:36.825  2966  3174 E librecast: librecast::updateCastBuildVersion Cast build version number = 1.52.272222
04-09 11:08:36.825  2966  3174 E librecast: castVersion = 1.52.272222
04-09 11:08:36.825  2711  2718 I lucitransport: writeRemoteMessage() MID = 7 buffer = 1.52.272222
04-09 11:08:36.825  2711  2718 I luciUART: write() MID = 7  bytes = 21 data = 1.52.272222 m_fd = 0x5
04-09 11:08:36.830  3176  3176 I hostapd : IEEE 802.11: Steering disabled
04-09 11:08:36.834  2966  3174 I LibreCastControlDelegate: Active Applications -> 0
04-09 11:08:36.834  2966  3174 I LibreCastControlDelegate: Current Cast State '2' -> 'NOT_SETUP'
04-09 11:08:36.834  2966  3174 I LibreCastControlDelegate: OnCastStatus() ---
04-09 11:08:36.835  2966  3174 I LibreCastControlDelegate: OnCastStatus() +++ Lyric Speaker Box 21f384:0xac106198:NOT_SETUP
04-09 11:08:36.835  2966  3174 I LibreCastControlDelegate: Device Build Number -> '1.52.272222'
04-09 11:08:36.835  2966  3174 I librecast: updateCastBuildVersion() Version 1.52.272222
04-09 11:08:36.837  2966  3174 I LibreCastControl: LibreCastControl_SetMultizoneAudioOutputDelay() delay '80000' usecs RequestId '3' pCastControl 0xf4c00728
04-09 11:08:36.837  2966  3174 I LibreCastControlDelegate: MultizoneDelay request ID 3 with delay 80000 usecs
04-09 11:08:36.838  2966  3174 I LibreCastControlDelegate: OnCastStatus() +++ Lyric Speaker Box 21f384:0xac106198:NOT_SETUP
04-09 11:08:36.869  2966  3174 I LibreCastControl: LibreCastControl_RequestGVAStatus() RequestId '5' pCastControl 0xf4c00728
04-09 11:08:36.870  2690  2690 I sh      : [0408/223836.870007:INFO:cast_message_service_impl.cc(1076)] CastMessageServiceImpl is ready
04-09 11:08:36.871  3095  3095 I cast_shell: [3098:3098:INFO:assistant_namespace_handler.cc(144)] Added a status listening peer for assistant namespace: domain-socket@/tmp/cast-control.1:system-0
04-09 11:08:36.871  2966  3174 I LibreCastControlDelegate: OnResponse() ReqeustID 5, error  0
04-09 11:08:37.451  3095  3095 I cast_shell: [3098:3098:INFO:crypto_manager.cc(278)] Public key: MIIBCgKCAQEAtiMFEynAS8KCc7KeweM2XF14hqcU7urPdPHDHT6xoYyl6SdfvHjZ4/aNn6knYtcFzlq3KROlnEHeHVLqnvVZGc6PF66cDajseej0G85D3ky0G8agGNQAlW+Yn/ByRYAAa2HQRZq3KMw5x0F8Ijl2BrPlvLKCD8C3fxGZjQl9gHbqStLY/0Rw9u29ZMSyYiCnsNU1pDJZfUQnA453OmCextUdhn/U7QK/BIJ1Ht4laHwFcbZUukMEeyT6OiQXvrXvmsjjqvoxugMQ7dlWYADtJarDj5VjWFOa8hvQ6xUpa5BPyUdBWeVYxZdRU9FDmJasVEL/ATgBush4qgkNAqc1pwIDAQAB
04-09 11:08:37.452  3095  3095 I cast_shell: [3098:3098:INFO:crypto_manager.cc(289)] Public modulus: tiMFEynAS8KCc7KeweM2XF14hqcU7urPdPHDHT6xoYyl6SdfvHjZ4_aNn6knYtcFzlq3KROlnEHeHVLqnvVZGc6PF66cDajseej0G85D3ky0G8agGNQAlW-Yn_ByRYAAa2HQRZq3KMw5x0F8Ijl2BrPlvLKCD8C3fxGZjQl9gHbqStLY_0Rw9u29ZMSyYiCnsNU1pDJZfUQnA453OmCextUdhn_U7QK_BIJ1Ht4laHwFcbZUukMEeyT6OiQXvrXvmsjjqvoxugMQ7dlWYADtJarDj5VjWFOa8hvQ6xUpa5BPyUdBWeVYxZdRU9FDmJasVEL_ATgBush4qgkNAqc1pw
04-09 11:08:37.452  3095  3095 I cast_shell: [3098:3098:INFO:crypto_manager.cc(294)] Public exponent: AQAB
04-09 11:08:37.595  3095  3095 I cast_shell: [3098:3149:INFO:multizone_manager.cc(1889)] Initial discovery complete
04-09 11:08:37.596  3095  3095 I cast_shell: [3098:3147:INFO:mdns_app_filter.cc(1605)] Re-probing due to newly registered service '3': _googlezone
04-09 11:08:37.596  3095  3095 I cast_shell: [3098:3098:INFO:mdns_manager_impl.cc(311)] Successfully registered service: type=_googlezone
04-09 11:08:37.663  2710  2722 I yani_server: doLotofWork() List of interface '4'
04-09 11:08:37.663  2710  2722 I yani_server: doLotofWork() Interface 'p2p0' ifr[0].ifr_name 'lo' ipaddress '127.0.0.1'
04-09 11:08:37.663  2710  2722 I yani_server: doLotofWork() Interface 'p2p0' ifr[1].ifr_name 'p2p0' ipaddress '192.168.255.249'
04-09 11:08:37.663  2710  2722 I yani_server: doLotofWork() returns 'REFILL WACMODE'
04-09 11:08:37.663  2710  2722 E yani_server: YANI: I am Done Wait For Event 
04-09 11:08:37.663  2710  2722 I yani_kernel: yani_geteventfrom_changeaddr() Message-Id '1' Netlink event '21' Interface Index '6' -> Name 'p2p0' 
04-09 11:08:37.664  3178  3178 I dnsmasq : started, version 2.51 DNS disabled
04-09 11:08:37.664  3178  3178 I dnsmasq : compile time options: no-IPv6 GNU-getopt no-DBus no-I18N DHCP no-scripts no-TFTP
04-09 11:08:37.664  3178  3178 I dnsmasq : DHCP, IP range 192.168.255.250 -- 192.168.255.254, lease time 12h
04-09 11:08:37.664  2710  2814 I yani_server: onNetworkParametersChanged() WAC Mode '1'  Index '2' Interface 'p2p0' Status '1'
04-09 11:08:37.683  2711  2719 E luciUART: UART:9
04-09 11:08:37.684  2711  2719 I luciUART: read() RemoteID = 43690 Command = 208 Type = 2 Status = 0 DataLen = 9
04-09 11:08:37.684  2711  2719 E luciUART: Error: full data not available yet! readBytes 0
04-09 11:08:37.684  2711  2719 I luciUART: Previous Packet read contd., 
04-09 11:08:37.684  2711  2719 E luciUART: UART:52
04-09 11:08:37.684  2711  2719 I luciUART: Previous Packet read contd., 
04-09 11:08:37.684  2711  2719 E luciUART: UART:45
04-09 11:08:37.684  2711  2719 I luciUART: Previous Packet read contd., 
04-09 11:08:37.684  2711  2719 E luciUART: UART:41
04-09 11:08:37.684  2711  2719 I luciUART: Previous Packet read contd., 
04-09 11:08:37.684  2711  2719 E luciUART: UART:44
04-09 11:08:37.684  2711  2719 I luciUART: Previous Packet read contd., 
04-09 11:08:37.684  2711  2719 E luciUART: UART:5f
04-09 11:08:37.684  2711  2719 I luciUART: Previous Packet read contd., 
04-09 11:08:37.684  2711  2719 E luciUART: UART:73
04-09 11:08:37.684  2711  2719 I luciUART: Previous Packet read contd., 
04-09 11:08:37.684  2711  2719 E luciUART: UART:73
04-09 11:08:37.684  2711  2719 I luciUART: Previous Packet read contd., 
04-09 11:08:37.684  2711  2719 E luciUART: UART:69
04-09 11:08:37.684  2711  2719 I luciUART: Previous Packet read contd., 
04-09 11:08:37.684  2711  2719 E luciUART: UART:64
04-09 11:08:37.684  2711  2719 E luciUART: UART:aa
04-09 11:08:37.684  2711  2719 E luciUART: UART:aa
04-09 11:08:37.684  2711  2720 E LUCI_SERVER: Luci Server Thread wait over MID 208....
04-09 11:08:37.684  2711  2719 E luciUART: UART:2
04-09 11:08:37.684  2711  2719 E luciUART: UART:0
04-09 11:08:37.692  2710  2722 I yani_server: NetLink Event '-1' Interface-Index '5' WLAN '0' Ethernet '-1' Parsed-iFill '-1' -> 'INVALID' ifIndex '1' -> 'lo'
04-09 11:08:37.693  2710  2722 I chatty  : uid=0(root) YaniServer identical 1 line
04-09 11:08:37.694  2710  2722 I yani_server: NetLink Event '-1' Interface-Index '5' WLAN '0' Ethernet '-1' Parsed-iFill '-1' -> 'INVALID' ifIndex '1' -> 'lo'
04-09 11:08:37.694  2710  2722 I yani_kernel: yani_geteventfrom_changeaddr() Message-Id '1' Netlink event '16' Interface Index '6' -> Name 'p2p0' 
04-09 11:08:37.698  2711  2719 E luciUART: UART:aa
04-09 11:08:37.698  2711  2719 E luciUART: UART:aa
04-09 11:08:37.699  2711  2719 E luciUART: UART:2
04-09 11:08:37.699  2711  2719 E luciUART: UART:0
04-09 11:08:37.699  2711  2719 E luciUART: UART:d0
04-09 11:08:37.699  2711  2719 E luciUART: UART:0
04-09 11:08:37.699  2711  2719 I chatty  : uid=0(root) UARTLUCIControl identical 2 lines
04-09 11:08:37.699  2711  2719 E luciUART: UART:0
04-09 11:08:37.699  2711  2719 E luciUART: UART:9
04-09 11:08:37.699  2711  2719 I luciUART: read() RemoteID = 43690 Command = 208 Type = 2 Status = 0 DataLen = 9
04-09 11:08:37.699  2711  2719 E luciUART: Error: full data not available yet! readBytes 0
04-09 11:08:37.699  2711  2719 I luciUART: Previous Packet read contd., 
04-09 11:08:37.699  2711  2719 E luciUART: UART:52
04-09 11:08:37.699  2711  2719 I luciUART: Previous Packet read contd., 
04-09 11:08:37.699  2711  2719 E luciUART: UART:45
04-09 11:08:37.699  2711  2719 I luciUART: Previous Packet read contd., 
04-09 11:08:37.699  2711  2719 E luciUART: UART:41
04-09 11:08:37.699  2711  2719 I luciUART: Previous Packet read contd., 
04-09 11:08:37.699  2711  2719 E luciUART: UART:44
04-09 11:08:37.699  2711  2719 I luciUART: Previous Packet read contd., 
04-09 11:08:37.700  2711  2719 E luciUART: UART:5f
04-09 11:08:37.700  2711  2719 I luciUART: Previous Packet read contd., 
04-09 11:08:37.700  2711  2719 E luciUART: UART:73
04-09 11:08:37.700  2711  2719 I luciUART: Previous Packet read contd., 
04-09 11:08:37.700  2711  2719 E luciUART: UART:73
04-09 11:08:37.700  2711  2719 I luciUART: Previous Packet read contd., 
04-09 11:08:37.700  2711  2719 E luciUART: UART:69
04-09 11:08:37.700  2711  2719 I luciUART: Previous Packet read contd., 
04-09 11:08:37.700  2711  2719 E luciUART: UART:64
04-09 11:08:37.700  2711  2720 E LUCI_SERVER: Luci Server Thread wait over MID 208....
04-09 11:08:37.700  2711  2720 E LUCI_SERVER: Got NV name : ssid
04-09 11:08:37.702  2711  2720 I luciUART: write() MID = 208  bytes = 15 data = ssid: m_fd = 0x5
04-09 11:08:37.702  2711  2720 E LUCI_SERVER: NV_READ response= ssid:
04-09 11:08:37.702  2711  2720 E LUCI_SERVER: Luci Server Thread waiting for packets....
04-09 11:08:38.165  2965  2975 D wac-main: Netlink event
04-09 11:08:38.165  2965  2975 E wac-main: Netlink event 16 Interface Index 6 
04-09 11:08:38.165  2965  2975 E wac-main: p2p0 event Link Changed : 1003 
04-09 11:08:38.165  2965  2975 E wac-main: Enter poll and wait
04-09 11:08:38.166  2710  2722 I yani_kernel: yani_geteventfrom_changeaddr() Message-Id '1' Netlink event '16' Interface Index '6' -> Name 'p2p0' 
04-09 11:08:38.168  3176  3176 I hostapd : p2p0: IEEE 802.11 channel=6 mode=ht bw=20 htcaps=0x177f vhtcaps=0x0 cf_seg0=0 cf_seg1=0
04-09 11:08:38.173  3095  3095 I cast_shell: [3098:3137:INFO:gatt_client_manager_impl.cc(202)] Enabling GATT client connectability
04-09 11:08:38.173  2966  3174 I LibreCastControlDelegate: OnCastStatus() +++ Lyric Speaker Box 21f384:0xac106198:NOT_SETUP
04-09 11:08:38.173  2966  3174 I LibreCastControlDelegate: Device Build Number -> '1.52.272222'
04-09 11:08:38.173  2966  3174 I librecast: updateCastBuildVersion() Version 1.52.272222
04-09 11:08:38.174  2711  2718 I lucitransport: readRemoteMessage() MID char = 7 buffer = 1.52.272222
04-09 11:08:38.174  2966  3174 I LibreCastControlDelegate: Active Applications -> 0
04-09 11:08:38.174  2966  3174 I LibreCastControlDelegate: Current Cast State '2' -> 'NOT_SETUP'
04-09 11:08:38.174  2966  3174 I LibreCastControlDelegate: OnCastStatus() ---
04-09 11:08:38.175  3095  3095 I cast_shell: [3098:3137:INFO:ble_setup.cc(915)] Sign related info completed, no future EurekaInfo need sign.
04-09 11:08:38.176  3095  3095 I cast_shell: [3098:3137:INFO:gatt_client_manager_impl.cc(202)] Enabling GATT client connectability
04-09 11:08:38.177  3095  3095 I chatty  : uid=1000(chrome) /bin/logwrapper identical 1 line
04-09 11:08:38.177  3095  3095 I cast_shell: [3098:3137:INFO:gatt_client_manager_impl.cc(202)] Enabling GATT client connectability
04-09 11:08:38.181  2733  2763 E bt_btif : BTA_GATTS_AddService: rcb_idx = 0
04-09 11:08:38.181  2733  2763 I bluetoothtbd: [0408/223838.181915:INFO:gatt_api.cc(207)] GATTS_AddService
04-09 11:08:38.182  2733  2763 I bluetoothtbd: [0408/223838.182238:INFO:gatt_api.cc(317)] GATTS_AddService: service parsed correctly, now starting
04-09 11:08:38.185  3095  3095 I cast_shell: [3098:3137:INFO:ble_setup_manager.cc(744)] Started Bluetooth service
04-09 11:08:38.191  2965  2975 D wac-main: Netlink event
04-09 11:08:38.191  2965  2975 E wac-main: Netlink event 16 Interface Index 6 
04-09 11:08:38.191  2710  2722 I yani_kernel: yani_geteventfrom_changeaddr() Message-Id '1' Netlink event '16' Interface Index '6' -> Name 'p2p0' 
04-09 11:08:38.192  2965  2975 E wac-main: p2p0 event Link Changed : 11043 
04-09 11:08:38.192  2965  2975 E wac-main: p2p0 Changed Up 
04-09 11:08:38.193  2965  2975 I wifiapi : newconn : 0xf5400718
04-09 11:08:38.193  2965  2975 I wifiapi : 'STATUS' command returned = 0
04-09 11:08:38.194  2965  2975 E wac-main: current wifi status : 10
04-09 11:08:39.133  3095  3095 I cast_shell: [3098:3106:ERROR:connectivity_checker_impl.cc(265)] Connectivity check failed: 400
04-09 11:08:39.446  3095  3095 I cast_shell: [3098:3147:INFO:mdns_app_filter.cc(1403)] MdnsAppFilter: Done probing.
04-09 11:08:40.140  3095  3095 I cast_shell: [3098:3106:ERROR:connectivity_checker_impl.cc(265)] Connectivity check failed: 400
04-09 11:08:40.451  3095  3095 I cast_shell: [3098:3098:INFO:grpc_service_discovery_impl.cc(185)] Mdns discovered google RPC for [PII](0F3B2F7F358AE34A905AD5A55C3C271E).
04-09 11:08:41.146  3095  3095 I cast_shell: [3098:3106:ERROR:connectivity_checker_impl.cc(265)] Connectivity check failed: 400
04-09 11:08:41.194  2965  2975 E wac-main: Enter poll and wait
04-09 11:08:41.452  3095  3095 I cast_shell: [3098:3147:INFO:mdns_app_filter.cc(1526)] MdnsAppFilter: Done announcing.
04-09 11:08:42.152  3095  3095 I cast_shell: [3098:3106:ERROR:connectivity_checker_impl.cc(265)] Connectivity check failed: 400
04-09 11:08:45.172  3095  3095 I chatty  : uid=1000(chrome) /bin/logwrapper identical 3 lines
04-09 11:08:46.178  3095  3095 I cast_shell: [3098:3106:ERROR:connectivity_checker_impl.cc(265)] Connectivity check failed: 400
04-09 11:08:46.793  3095  3095 I cast_shell: [3098:3137:ERROR:setup_state.cc(424)] Timeout for state=SETUP_STATE_CHECKING_GLOBAL_CONNECTIVITY(50): move to state=SETUP_STATE_CHECKING_GLOBAL_CONNECTIVITY_BAD_ROUTER(52).
04-09 11:08:46.793  3095  3095 I cast_shell: [3098:3137:INFO:setup_state.cc(261)] Setup state changed: SETUP_STATE_CHECKING_GLOBAL_CONNECTIVITY (50) -> SETUP_STATE_CHECKING_GLOBAL_CONNECTIVITY_BAD_ROUTER (52)
04-09 11:08:46.797  2966  3174 I LibreCastControlDelegate: OnCastStatus() +++ Lyric Speaker Box 21f384:0xac106198:NOT_SETUP
04-09 11:08:46.797  2966  3174 I LibreCastControlDelegate: Device Build Number -> '1.52.272222'
04-09 11:08:46.797  2966  3174 I librecast: updateCastBuildVersion() Version 1.52.272222
04-09 11:08:46.797  2711  2718 I lucitransport: readRemoteMessage() MID char = 7 buffer = 1.52.272222
04-09 11:08:46.797  2966  3174 I LibreCastControlDelegate: Active Applications -> 0
04-09 11:08:46.797  2966  3174 I LibreCastControlDelegate: Current Cast State '2' -> 'NOT_SETUP'
04-09 11:08:46.797  2966  3174 I LibreCastControlDelegate: OnCastStatus() ---
04-09 11:08:47.185  3095  3095 I cast_shell: [3098:3106:ERROR:connectivity_checker_impl.cc(265)] Connectivity check failed: 400
04-09 11:09:12.157  2731  2747 E NetworkMonitor: cannot find default IPv4 route for wlan0
04-09 11:09:12.158  2731  2747 E NetworkMonitor: cannot find default IPv6 route for wlan0
04-09 11:09:15.263  2731  2747 E NetworkMonitor: no response for /bin/ping -n -I wlan0 -c 10 -w 10 8.8.8.8
04-09 11:09:15.274  2731  2747 E NetworkMonitor: no response for /bin/ping6 -n -I wlan0 -c 10 -w 10 2001:4860:4860::8888
04-09 11:09:15.277  2731  2747 E NetworkMonitor: dns resolution failed
04-09 11:09:15.278  2731  2747 I NetworkMonitor: Cast.Wifi.Failure.Type 7
04-09 11:09:34.492  3095  3095 I chatty  : uid=1000(chrome) /bin/logwrapper identical 47 lines
04-09 11:09:35.499  3095  3095 I cast_shell: [3098:3106:ERROR:connectivity_checker_impl.cc(265)] Connectivity check failed: 400
04-09 11:09:35.855  3095  3095 I cast_shell: [3098:3098:INFO:grpc_manager_impl.cc(505)] GRPC[uri=[::]:0]: num_pending_calls=0, num_active_handlers=0, num_free_handlers=0
04-09 11:09:35.856  3095  3095 I cast_shell: [3098:3098:INFO:gcm_manager.cc(269)] Disabling GCM Driver
04-09 11:09:35.857  3095  3095 I cast_shell: [3098:3098:INFO:grpc_manager_impl.cc(505)] GRPC[uri=]: num_pending_calls=0, num_active_handlers=0, num_free_handlers=0
04-09 11:09:35.941  3095  3095 I cast_shell: [3098:3098:INFO:grpc_manager_impl.cc(505)] GRPC[uri=unix:/tmp/hcp_ipc_auth.socket]: num_pending_calls=0, num_active_handlers=10, num_free_handlers=0
04-09 11:09:35.947  3095  3095 I cast_shell: [3098:3098:INFO:grpc_manager_impl.cc(505)] GRPC[uri=unix:/tmp/modular_updater/modular_update_service]: num_pending_calls=0, num_active_handlers=0, num_free_handlers=0
04-09 11:09:35.971  3095  3095 I cast_shell: [3098:3098:INFO:metrics_recorder.cc(112)] Metrics stat: total=13
04-09 11:09:35.971  3095  3095 I cast_shell: Cast.Discovery.Mdns.ResponderStarted=2
04-09 11:09:35.971  3095  3095 I cast_shell: Cast.Discovery.Mdns.ResponderStopped=1
04-09 11:09:35.971  3095  3095 I cast_shell: Cast.Discovery.Mdns.SocketCreated=4
04-09 11:09:35.971  3095  3095 I cast_shell: Cast.Discovery.Mdns.SocketDestroyed=2
04-09 11:09:35.971  3095  3095 I cast_shell: Cast.System.Timezone.ChangeSuccessful=1
04-09 11:09:35.971  3095  3095 I cast_shell: CastV2.Connection.Connect.In=1
04-09 11:09:35.971  3095  3095 I cast_shell: CastV2.Receiver.DeviceStatus.Out=5
04-09 11:09:35.971  3095  3095 I cast_shell: CastV2.Receiver.DeviceStatus.Out.Broadcast=2
04-09 11:09:35.971  3095  3095 I cast_shell: CastV2.Receiver.GetStatus.In=1
04-09 11:09:35.972  3095  3095 I cast_shell: CastV2.Resource.Provider.In=1
04-09 11:09:36.105  3095  3095 I cast_shell: [3098:3098:INFO:metrics_recorder_impl.cc(672)] Activated server experiments: []
04-09 11:09:36.107  3095  3095 I cast_shell: [3098:3098:INFO:cast_logs_metrics_provider.cc(59)] netif is ipv4
04-09 11:09:36.107  3095  3095 I cast_shell: [3098:3098:ERROR:socket_posix.cc(148)] bind() failed: Address already in use (98)
04-09 11:09:36.107  3095  3095 I cast_shell: [3098:3098:INFO:net_util_impl.cc(1041)] Platform supports dual-stack
04-09 11:09:36.122  3095  3095 I cast_shell: [3098:3098:INFO:grpc_manager_impl.cc(505)] GRPC[uri=[::]:8012]: num_pending_calls=0, num_active_handlers=1, num_free_handlers=0
04-09 11:09:36.505  3095  3095 I cast_shell: [3098:3106:ERROR:connectivity_checker_impl.cc(265)] Connectivity check failed: 400
04-09 11:10:16.287  2731  2747 E NetworkMonitor: cannot find default IPv4 route for wlan0
04-09 11:10:16.288  2731  2747 E NetworkMonitor: cannot find default IPv6 route for wlan0
04-09 11:10:19.390  2731  2747 E NetworkMonitor: no response for /bin/ping -n -I wlan0 -c 10 -w 10 8.8.8.8
04-09 11:10:19.402  2731  2747 E NetworkMonitor: no response for /bin/ping6 -n -I wlan0 -c 10 -w 10 2001:4860:4860::8888
04-09 11:10:19.403  2731  2747 E NetworkMonitor: dns resolution failed
04-09 11:10:22.809  3095  3095 I chatty  : uid=1000(chrome) /bin/logwrapper identical 46 lines
04-09 11:10:23.816  3095  3095 I cast_shell: [3098:3106:ERROR:connectivity_checker_impl.cc(265)] Connectivity check failed: 400
04-09 11:10:24.742  2733  2811 I bt_btm_ble: btm_ble_conn_complete unable to match and resolve random address
04-09 11:10:24.745  2733  2811 W bt_smp  : smp_br_connect_callback is called on unexpected transport 2
04-09 11:10:24.745  2733  2811 W bt_btif : bta_dm_acl_change info: 0x0
04-09 11:10:24.746  2733  2763 I bluetoothtbd: [0408/224024.746165:INFO:gatt_server.cc(280)] Added connection entry for conn_id: 5 device address: 7E:99:2B:FB:B0:78
04-09 11:10:24.746  2733  2763 D bt_btif_dm: remote version info [7e:99:2b:fb:b0:78]: 0, 0, 0
04-09 11:10:24.746  2733  2763 I bluetoothtbd: [0408/224024.746577:INFO:adapter.cc(719)] ACL state changed: 7E:99:2B:FB:B0:78 - connected: true
04-09 11:10:24.749  3095  3095 I cast_shell: [3098:3137:ERROR:bluetooth_v1_via_v2.cc(796)] Connection state changed. :78 true
04-09 11:10:24.823  3095  3095 I cast_shell: [3098:3106:ERROR:connectivity_checker_impl.cc(265)] Connectivity check failed: 400
04-09 11:10:25.246  2733  2763 D bt_btif_scanner: btif_gatts_upstreams_evt: Unhandled event (26)
04-09 11:10:25.822  2733  2811 E bluetoothtbd: [0408/224025.822723:ERROR:gatt_sr.cc(743)] MTU request PDU with MTU size 515
04-09 11:10:25.823  2733  2811 W bt_l2cap: l2cble_set_fixed_channel_tx_data_length, request not supported
04-09 11:10:25.823  2733  2811 W bluetoothtbd: [0408/224025.823663:WARNING:gatt_utils.cc(837)] Call back not found for application conn_id=3
04-09 11:10:25.823  2733  2811 W bluetoothtbd: [0408/224025.823747:WARNING:gatt_utils.cc(837)] Call back not found for application conn_id=4
04-09 11:10:25.823  2733  2811 W bluetoothtbd: [0408/224025.823834:WARNING:gatt_utils.cc(837)] Call back not found for application conn_id=6
04-09 11:10:25.829  3095  3095 I cast_shell: [3098:3106:ERROR:connectivity_checker_impl.cc(265)] Connectivity check failed: 400
04-09 11:10:25.870  3095  3095 I cast_shell: [3098:3137:INFO:ble_setup.cc(322)] Record action: Setup.set_eureka_info.BLE.Locale
04-09 11:10:25.870  3095  3095 I cast_shell: [3098:3137:INFO:locale_manager.cc(576)] New locale: en-US
04-09 11:10:25.877  3095  3095 I cast_shell: [3098:3137:INFO:setup_state.cc(544)] EurekaInfoCalled: wifi_state=3, is_usable_ip_address=1, connected=0, is_initial_setup=1
04-09 11:10:25.877  3095  3095 I cast_shell: [3098:3137:INFO:setup_state.cc(261)] Setup state changed: SETUP_STATE_CHECKING_GLOBAL_CONNECTIVITY_BAD_ROUTER (52) -> SETUP_STATE_DISCONNECTED_EXTERNAL_CLIENT_ACCESSED (11)
04-09 11:10:25.880  3095  3095 I cast_shell: [3098:3122:INFO:media_manager_impl.cc(383)] TurnActive result: 0
04-09 11:10:25.885  2966  3174 I LibreCastControlDelegate: OnCastStatus() +++ Lyric Speaker Box 21f384:0xac106198:NOT_SETUP
04-09 11:10:25.885  2966  3174 I LibreCastControlDelegate: Device Build Number -> '1.52.272222'
04-09 11:10:25.885  2966  3174 I librecast: updateCastBuildVersion() Version 1.52.272222
04-09 11:10:25.885  2711  2718 I lucitransport: readRemoteMessage() MID char = 7 buffer = 1.52.272222
04-09 11:10:25.886  2966  3174 I LibreCastControlDelegate: Active Applications -> 0
04-09 11:10:25.886  2966  3174 I LibreCastControlDelegate: Current Cast State '2' -> 'NOT_SETUP'
04-09 11:10:25.886  2966  3174 I LibreCastControlDelegate: OnCastStatus() ---
04-09 11:10:25.886  2966  3174 I LibreCastControlDelegate: OnCastStatus() +++ Lyric Speaker Box 21f384:0xac106198:NOT_SETUP
04-09 11:10:25.886  2966  3174 I LibreCastControlDelegate: Device Build Number -> '1.52.272222'
04-09 11:10:25.886  2966  3174 I librecast: updateCastBuildVersion() Version 1.52.272222
04-09 11:10:25.886  2711  2718 I lucitransport: readRemoteMessage() MID char = 7 buffer = 1.52.272222
04-09 11:10:25.908  3095  3095 I cast_shell: [3098:3137:INFO:metrics_recorder.cc(282)] Record action: Setup.version.BLE
04-09 11:10:25.938  3095  3095 I cast_shell: [3098:3137:INFO:metrics_recorder.cc(282)] Record action: Setup.name_utf8.BLE
04-09 11:10:26.014  2733  2763 D bt_btif_scanner: btif_gatts_upstreams_evt: Unhandled event (26)
04-09 11:10:26.064  3095  3095 I cast_shell: [3098:3137:INFO:metrics_recorder.cc(282)] Record action: Setup.tos_accepted.BLE
04-09 11:10:26.162  3095  3095 I cast_shell: [3098:3137:INFO:metrics_recorder.cc(282)] Record action: Setup.state.BLE
04-09 11:10:26.260  3095  3095 I cast_shell: [3098:3137:INFO:metrics_recorder.cc(282)] Record action: Setup.ip_address.BLE
04-09 11:10:26.468  2733  2763 D bt_btif_scanner: btif_gatts_upstreams_evt: Unhandled event (26)
04-09 11:10:26.470  3095  3095 I cast_shell: [3098:3137:INFO:metrics_recorder.cc(282)] Record action: Setup.eureka_info_immutable_basic.BLE
04-09 11:10:26.514  3095  3095 I cast_shell: [3098:3137:INFO:metrics_recorder.cc(282)] Record action: Setup.eureka_info_mutable_reads.BLE
04-09 11:10:26.544  3095  3095 I cast_shell: [3098:3137:INFO:metrics_recorder.cc(282)] Record action: Setup.eureak_info_keys.BLE
04-09 11:10:26.664  3095  3095 I cast_shell: [3098:3137:INFO:metrics_recorder.cc(282)] Record action: Setup.eureka_info_immutable_basic.BLE
04-09 11:10:26.694  3095  3095 I cast_shell: [3098:3137:INFO:metrics_recorder.cc(282)] Record action: Setup.eureak_info_keys.BLE
04-09 11:10:26.769  3095  3095 I cast_shell: [3098:3137:INFO:metrics_recorder.cc(282)] Record action: Setup.eureak_info_keys.BLE
04-09 11:10:26.836  3095  3095 I cast_shell: [3098:3106:ERROR:connectivity_checker_impl.cc(265)] Connectivity check failed: 400
04-09 11:10:26.844  3095  3095 I cast_shell: [3098:3137:INFO:metrics_recorder.cc(282)] Record action: Setup.eureak_info_keys.BLE
04-09 11:10:26.994  3095  3095 I chatty  : uid=1000(chrome) /bin/logwrapper identical 2 lines
04-09 11:10:27.069  3095  3095 I cast_shell: [3098:3137:INFO:metrics_recorder.cc(282)] Record action: Setup.eureak_info_keys.BLE
04-09 11:10:27.144  3095  3095 I cast_shell: [3098:3137:INFO:metrics_recorder.cc(282)] Record action: Setup.i8n_info.BLE
04-09 11:10:27.519  3095  3095 I chatty  : uid=1000(chrome) /bin/logwrapper identical 5 lines
04-09 11:10:27.594  3095  3095 I cast_shell: [3098:3137:INFO:metrics_recorder.cc(282)] Record action: Setup.i8n_info.BLE
04-09 11:10:27.671  3095  3095 I cast_shell: [3098:3137:INFO:ble_setup.cc(322)] Record action: Setup.set_eureka_info.BLE.CountryCode
04-09 11:10:27.674  3095  3095 I cast_shell: [3098:3137:INFO:locale_manager.cc(639)] New country code: IN
04-09 11:10:27.676  2709  2709 I wpa_supplicant: wlan0: CTRL-EVENT-REGDOM-CHANGE init=USER type=COUNTRY alpha2=IN
04-09 11:10:27.678  2710  2722 I yani_server: NetLink Event '-1' Interface-Index '5' WLAN '-1' Ethernet '-1' Parsed-iFill '-1' -> 'INVALID' ifIndex '1' -> 'lo'
04-09 11:10:27.684  2710  2722 I yani_server: NetLink Event '-1' Interface-Index '5' WLAN '0' Ethernet '-1' Parsed-iFill '-1' -> 'INVALID' ifIndex '1' -> 'lo'
04-09 11:10:27.685  2966  3174 I LibreCastControlDelegate: OnCastStatus() +++ Lyric Speaker Box 21f384:0xac106198:NOT_SETUP
04-09 11:10:27.685  2966  3174 I LibreCastControlDelegate: Device Build Number -> '1.52.272222'
04-09 11:10:27.685  2966  3174 I librecast: updateCastBuildVersion() Version 1.52.272222
04-09 11:10:27.685  2711  2718 I lucitransport: readRemoteMessage() MID char = 7 buffer = 1.52.272222
04-09 11:10:27.685  2966  3174 I LibreCastControlDelegate: Active Applications -> 0
04-09 11:10:27.685  2966  3174 I LibreCastControlDelegate: Current Cast State '2' -> 'NOT_SETUP'
04-09 11:10:27.685  2966  3174 I LibreCastControlDelegate: OnCastStatus() ---
04-09 11:10:27.843  3095  3095 I cast_shell: [3098:3106:ERROR:connectivity_checker_impl.cc(265)] Connectivity check failed: 400
04-09 11:10:28.732  3095  3095 I cast_shell: [3098:3137:INFO:ble_setup.cc(322)] Record action: Setup.scan_wifi.BLE
04-09 11:10:28.733  3095  3095 I cast_shell: [3098:3137:WARNING:wifi_controller_wpa_supplicant.cc(797)] Wpa responses FAIL-BUSY, assuming it is associating, which will keep scan_results fresh.
04-09 11:10:28.849  3095  3095 I cast_shell: [3098:3106:ERROR:connectivity_checker_impl.cc(265)] Connectivity check failed: 400
04-09 11:10:29.856  3095  3095 I chatty  : uid=1000(chrome) /bin/logwrapper identical 1 line
04-09 11:10:30.862  3095  3095 I cast_shell: [3098:3106:ERROR:connectivity_checker_impl.cc(265)] Connectivity check failed: 400
04-09 11:10:31.091  2965  2975 D wac-main: Netlink event
04-09 11:10:31.091  2965  2975 E wac-main: Netlink event 16 Interface Index 5 
04-09 11:10:31.091  2965  2975 E wac-main: Enter poll and wait
04-09 11:10:31.092  2710  2722 I yani_kernel: yani_geteventfrom_changeaddr() Message-Id '1' Netlink event '16' Interface Index '5' -> Name 'wlan0' 
04-09 11:10:31.096  2965  2975 D wac-main: Netlink event
04-09 11:10:31.096  2965  2975 E wac-main: Netlink event 16 Interface Index 5 
04-09 11:10:31.096  2965  2975 E wac-main: Enter poll and wait
04-09 11:10:31.104  2710  2722 I yani_server: NetLink Event '-1' Interface-Index '5' WLAN '-1' Ethernet '-1' Parsed-iFill '-1' -> 'INVALID' ifIndex '1' -> 'lo'
04-09 11:10:31.106  2710  2722 I yani_server: NetLink Event '-1' Interface-Index '5' WLAN '0' Ethernet '-1' Parsed-iFill '-1' -> 'INVALID' ifIndex '1' -> 'lo'
04-09 11:10:31.107  2710  2722 I yani_server: NetLink Event '-1' Interface-Index '5' WLAN '0' Ethernet '-1' Parsed-iFill '-1' -> 'INVALID' ifIndex '1' -> 'lo'
04-09 11:10:31.107  2710  2722 I yani_kernel: yani_geteventfrom_changeaddr() Message-Id '1' Netlink event '16' Interface Index '5' -> Name 'wlan0' 
04-09 11:10:31.109  2966  3174 I LibreCastControlDelegate: OnCastStatus() +++ Lyric Speaker Box 21f384:0xac106198:NOT_SETUP
04-09 11:10:31.109  2966  3174 I LibreCastControlDelegate: Device Build Number -> '1.52.272222'
04-09 11:10:31.871  3095  3095 I cast_shell: [3098:3106:ERROR:connectivity_checker_impl.cc(265)] Connectivity check failed: 400
04-09 11:10:32.768  3095  3095 I cast_shell: [3098:3137:INFO:ble_setup.cc(322)] Record action: Setup.scan_wifi.BLE
04-09 11:10:32.772  2710  2722 I yani_server: NetLink Event '-1' Interface-Index '5' WLAN '-1' Ethernet '-1' Parsed-iFill '-1' -> 'INVALID' ifIndex '1' -> 'lo'
04-09 11:10:32.878  3095  3095 I cast_shell: [3098:3106:ERROR:connectivity_checker_impl.cc(265)] Connectivity check failed: 400
04-09 11:10:33.884  3095  3095 I chatty  : uid=1000(chrome) /bin/logwrapper identical 1 line
04-09 11:10:34.891  3095  3095 I cast_shell: [3098:3106:ERROR:connectivity_checker_impl.cc(265)] Connectivity check failed: 400
04-09 11:10:35.856  3095  3095 I cast_shell: [3098:3098:INFO:grpc_manager_impl.cc(505)] GRPC[uri=[::]:0]: num_pending_calls=0, num_active_handlers=0, num_free_handlers=0
04-09 11:10:35.858  3095  3095 I cast_shell: [3098:3098:INFO:grpc_manager_impl.cc(505)] GRPC[uri=]: num_pending_calls=0, num_active_handlers=0, num_free_handlers=0
04-09 11:10:35.898  3095  3095 I cast_shell: [3098:3106:ERROR:connectivity_checker_impl.cc(265)] Connectivity check failed: 400
04-09 11:10:35.942  3095  3095 I cast_shell: [3098:3098:INFO:grpc_manager_impl.cc(505)] GRPC[uri=unix:/tmp/hcp_ipc_auth.socket]: num_pending_calls=0, num_active_handlers=10, num_free_handlers=0
04-09 11:10:35.949  3095  3095 I cast_shell: [3098:3098:INFO:grpc_manager_impl.cc(505)] GRPC[uri=unix:/tmp/modular_updater/modular_update_service]: num_pending_calls=0, num_active_handlers=0, num_free_handlers=0
04-09 11:10:35.972  3095  3095 I cast_shell: [3098:3098:INFO:metrics_recorder.cc(112)] Metrics stat: total=11
04-09 11:10:35.972  3095  3095 I cast_shell: Cast.Discovery.Mdns.ResponderPing=1
04-09 11:10:35.972  3095  3095 I cast_shell: Cast.Discovery.Mdns.SocketPing=2
04-09 11:10:35.972  3095  3095 I cast_shell: Setup.eureak_info_keys.BLE=7
04-09 11:10:35.972  3095  3095 I cast_shell: Setup.eureka_info_immutable_basic.BLE=2
04-09 11:10:35.972  3095  3095 I cast_shell: Setup.eureka_info_mutable_reads.BLE=1
04-09 11:10:35.972  3095  3095 I cast_shell: Setup.i8n_info.BLE=7
04-09 11:10:35.972  3095  3095 I cast_shell: Setup.ip_address.BLE=1
04-09 11:10:35.972  3095  3095 I cast_shell: Setup.name_utf8.BLE=1
04-09 11:10:35.972  3095  3095 I cast_shell: Setup.state.BLE=1
04-09 11:10:35.972  3095  3095 I cast_shell: Setup.tos_accepted.BLE=1
04-09 11:10:36.099  3095  3095 I cast_shell: [3098:3137:INFO:wifi_proximity.cc(177)] Request scan.
04-09 11:10:36.108  2965  2975 D wac-main: Netlink event
04-09 11:10:36.108  2965  2975 E wac-main: Netlink event 16 Interface Index 5 
04-09 11:10:36.108  2965  2975 E wac-main: Enter poll and wait
04-09 11:10:36.109  2965  2975 D wac-main: Netlink event
04-09 11:10:36.109  2965  2975 E wac-main: Netlink event 16 Interface Index 5 
04-09 11:10:36.109  2965  2975 E wac-main: Enter poll and wait
04-09 11:10:36.109  2710  2722 I yani_kernel: yani_geteventfrom_changeaddr() Message-Id '1' Netlink event '16' Interface Index '5' -> Name 'wlan0' 
04-09 11:10:36.116  2710  2722 I yani_server: NetLink Event '-1' Interface-Index '5' WLAN '-1' Ethernet '-1' Parsed-iFill '-1' -> 'INVALID' ifIndex '1' -> 'lo'
04-09 11:10:36.117  2710  2722 I yani_server: NetLink Event '-1' Interface-Index '5' WLAN '0' Ethernet '-1' Parsed-iFill '-1' -> 'INVALID' ifIndex '1' -> 'lo'
04-09 11:10:36.120  2710  2722 I yani_server: NetLink Event '-1' Interface-Index '5' WLAN '0' Ethernet '-1' Parsed-iFill '-1' -> 'INVALID' ifIndex '1' -> 'lo'
04-09 11:10:36.834  3095  3095 I cast_shell: [3098:3137:INFO:metrics_recorder.cc(282)] Record action: Setup.scan_results.BLE
04-09 11:10:36.904  3095  3095 I cast_shell: [3098:3106:ERROR:connectivity_checker_impl.cc(265)] Connectivity check failed: 400
04-09 11:10:36.954  3095  3095 I cast_shell: [3098:3137:INFO:metrics_recorder.cc(282)] Record action: Setup.scan_results.BLE
04-09 11:10:37.911  3095  3095 I cast_shell: [3098:3106:ERROR:connectivity_checker_impl.cc(265)] Connectivity check failed: 400
04-09 11:10:38.918  3095  3095 I cast_shell: [3098:3106:ERROR:connectivity_checker_impl.cc(265)] Connectivity check failed: 400
04-09 11:10:39.098  3095  3095 I cast_shell: [3098:3137:INFO:ble_setup.cc(322)] Record action: Setup.play_sound.BLE
04-09 11:10:39.099  3095  3095 I cast_shell: [3098:3116:INFO:synchronized_sound_player.cc(362)] Playing sound key 2
04-09 11:10:39.126  3095  3095 I cast_shell: [3098:3116:INFO:audio_decoder_software_wrapper.cc(86)] Using backend decoder for PCM
04-09 11:10:39.127  3095  3095 I cast_shell: [3098:3121:INFO:mixer_input_connection.cc(208)] Create 0xf4478150 (no_delay), content type: media, focus type: media, fill size: 512, algorithm fill size: 221, channel count: 1, input sample rate: 44100, start threshold: 3087, max queue size: 8820, socket: 0xb005d5b8
04-09 11:10:39.128  3095  3095 I cast_shell: [3098:3120:INFO:mixer_output_stream_alsa.cc(428)] ALSA buffer = 4096, period = 512
04-09 11:10:39.128  3095  3095 I cast_shell: [3098:3119:INFO:stream_mixer.cc(604)] Input source channel count = 1
04-09 11:10:39.128  3095  3095 I cast_shell: [3098:3119:INFO:stream_mixer.cc(607)] Dynamic channel count not enabled; using stereo
04-09 11:10:39.128  3095  3095 I cast_shell: [3098:3119:INFO:stream_mixer.cc(604)] Input source channel count = 1
04-09 11:10:39.128  3095  3095 I cast_shell: [3098:3119:INFO:stream_mixer.cc(607)] Dynamic channel count not enabled; using stereo
04-09 11:10:39.128  3095  3095 I cast_shell: [3098:3119:INFO:stream_mixer.cc(416)] Start with 0 active inputs
04-09 11:10:39.131  3095  3095 I cast_shell: [3098:3120:INFO:mixer_output_stream_alsa.cc(171)] snd_pcm_open: handle=0xf3817a20
04-09 11:10:39.141  3095  3095 I cast_shell: [3098:3120:WARNING:mixer_output_stream_alsa.cc(341)] Requested sample rate (44100 Hz) does not match the actual sample rate (48000 Hz). This may lead to lower audio quality.
04-09 11:10:39.141  3095  3095 I cast_shell: [3098:3120:INFO:mixer_output_stream_alsa.cc(346)] Sample rate changed from 0 to 48000
04-09 11:10:39.141  3095  3095 I cast_shell: [3098:3120:WARNING:mixer_output_stream_alsa.cc(379)] Requested period size (512 frames) does not match the actual period size (1024 frames). This may lead to an increase in CPU usage or an increase in audio latency.
04-09 11:10:39.144  3095  3095 I cast_shell: [3098:3119:INFO:stream_mixer.cc(466)] Output 2 channels at 48000 samples per second
04-09 11:10:39.144  3095  3095 I cast_shell: [3098:3120:INFO:filter_group.cc(340)] : 2ch@48000hz -> [GROUP]mix -> 2ch@48000hz
04-09 11:10:39.144  3095  3095 I cast_shell: [3098:3119:INFO:stream_mixer.cc(484)] Using 2 loopback channels
04-09 11:10:39.144  3095  3095 I cast_shell: [3098:3120:INFO:filter_group.cc(340)] [GROUP]mix: 2ch@48000hz -> [GROUP]linearize -> 2ch@48000hz
04-09 11:10:39.144  3095  3095 I cast_shell: [3098:3137:INFO:ble_setup.cc(322)] Record action: Setup.play_sound.BLE
04-09 11:10:39.145  3095  3095 I cast_shell: [3098:3119:INFO:stream_mixer.cc(640)] Add input 0xf4478154 to mix @ 48000 samples per second. Is primary source? = 0
04-09 11:10:39.146  3095  3095 I cast_shell: [3098:3116:INFO:synchronized_sound_player.cc(362)] Playing sound key 0
04-09 11:10:39.147  3095  3095 I cast_shell: [3098:3121:INFO:mixer_input_connection.cc(386)] Remove 0xf4478150
04-09 11:10:39.151  3095  3095 I cast_shell: [3098:3121:INFO:mixer_input_connection.cc(243)] Delete 0xf4478150
04-09 11:10:39.151  3095  3095 I cast_shell: [3098:3119:INFO:mixer_input.cc(361)] no_delay(0xf4478154): set volume limits to [0, 1]
04-09 11:10:39.151  3095  3095 I cast_shell: [3098:3119:INFO:mixer_input.cc(121)] Remixing channels for 0xf4478154 from 1 to 2
04-09 11:10:39.151  3095  3095 I cast_shell: [3098:3119:INFO:mixer_input.cc(346)] no_delay(0xf4478154): type volume = 1, effective multiplier = 1
04-09 11:10:39.151  3095  3095 I cast_shell: [3098:3119:INFO:mixer_input.cc(395)] no_delay(0xf4478154): mute volume = 1, effective multiplier = 1
04-09 11:10:39.151  3095  3095 I cast_shell: [3098:3119:INFO:stream_mixer.cc(683)] Remove input 0xf4478154
04-09 11:10:39.151  3095  3095 I cast_shell: [3098:3119:INFO:stream_mixer.cc(683)] Remove input 0xf4478154
04-09 11:10:39.151  3095  3095 I cast_shell: [3098:3106:INFO:loopback_audio_input.cc(194)] [REALIGN] loopback interrupted; reason = 4
04-09 11:10:39.151  3095  3095 I cast_shell: [3098:3119:INFO:stream_mixer.cc(683)] Remove input 0xf4478154
04-09 11:10:39.151  3095  3095 I cast_shell: [3098:3119:INFO:stream_mixer.cc(683)] Remove input 0xf4478154
04-09 11:10:39.151  3095  3095 I cast_shell: [3098:3119:INFO:stream_mixer.cc(774)] Close timeout
04-09 11:10:39.170  3095  3095 I cast_shell: [3098:3116:INFO:audio_decoder_software_wrapper.cc(86)] Using backend decoder for PCM
04-09 11:10:39.170  3095  3095 I cast_shell: [3098:3121:INFO:mixer_input_connection.cc(208)] Create 0xf4478150 (no_delay), content type: media, focus type: media, fill size: 512, algorithm fill size: 240, channel count: 2, input sample rate: 48000, start threshold: 3360, max queue size: 9600, socket: 0xb0060ed0
04-09 11:10:39.194  3095  3095 I cast_shell: [3098:3120:INFO:mixer_output_stream_alsa.cc(293)] snd_pcm_close: handle=0xf3817a20
04-09 11:10:39.195  3095  3095 I cast_shell: [3098:3119:INFO:stream_mixer.cc(604)] Input source channel count = 2
04-09 11:10:39.195  3095  3095 I cast_shell: [3098:3119:INFO:stream_mixer.cc(607)] Dynamic channel count not enabled; using stereo
04-09 11:10:39.195  3095  3095 I cast_shell: [3098:3119:INFO:stream_mixer.cc(604)] Input source channel count = 2
04-09 11:10:39.195  3095  3095 I cast_shell: [3098:3119:INFO:stream_mixer.cc(607)] Dynamic channel count not enabled; using stereo
04-09 11:10:39.195  3095  3095 I cast_shell: [3098:3119:INFO:stream_mixer.cc(416)] Start with 0 active inputs
04-09 11:10:39.198  3095  3095 I cast_shell: [3098:3120:INFO:mixer_output_stream_alsa.cc(171)] snd_pcm_open: handle=0xf3878cd0
04-09 11:10:39.205  3095  3095 I cast_shell: [3098:3120:INFO:mixer_output_stream_alsa.cc(346)] Sample rate changed from 48000 to 48000
04-09 11:10:39.208  3095  3095 I cast_shell: [3098:3119:INFO:stream_mixer.cc(466)] Output 2 channels at 48000 samples per second
04-09 11:10:39.208  3095  3095 I cast_shell: [3098:3120:INFO:filter_group.cc(340)] : 2ch@48000hz -> [GROUP]mix -> 2ch@48000hz
04-09 11:10:39.209  3095  3095 I cast_shell: [3098:3120:INFO:filter_group.cc(340)] [GROUP]mix: 2ch@48000hz -> [GROUP]linearize -> 2ch@48000hz
04-09 11:10:39.209  3095  3095 I cast_shell: [3098:3119:INFO:stream_mixer.cc(484)] Using 2 loopback channels
04-09 11:10:39.209  3095  3095 I cast_shell: [3098:3119:INFO:stream_mixer.cc(640)] Add input 0xf4478154 to mix @ 48000 samples per second. Is primary source? = 0
04-09 11:10:39.209  3095  3095 I cast_shell: [3098:3119:INFO:mixer_input.cc(361)] no_delay(0xf4478154): set volume limits to [0, 1]
04-09 11:10:39.209  3095  3095 I cast_shell: [3098:3119:INFO:mixer_input.cc(346)] no_delay(0xf4478154): type volume = 1, effective multiplier = 1
04-09 11:10:39.209  3095  3095 I cast_shell: [3098:3119:INFO:mixer_input.cc(395)] no_delay(0xf4478154): mute volume = 1, effective multiplier = 1
04-09 11:10:39.210  3095  3095 I cast_shell: [3098:3116:INFO:media_pipeline_backend_for_mixer.cc(276)] Audio ready to play
04-09 11:10:39.211  3095  3095 I cast_shell: [3098:3119:INFO:mixer_input_connection.cc(1053)] 0xf4478150 ready for playback
04-09 11:10:39.212  3095  3095 I cast_shell: [3098:3119:INFO:mixer_input_connection.cc(705)] Start 0xf4478150
04-09 11:10:39.923  3095  3095 I cast_shell: [3098:3106:ERROR:connectivity_checker_impl.cc(265)] Connectivity check failed: 400
04-09 11:10:40.798  3095  3095 I cast_shell: [3098:3119:INFO:mixer_input_connection.cc(589)] End of stream for 0xf4478150
04-09 11:10:40.930  3095  3095 I cast_shell: [3098:3106:ERROR:connectivity_checker_impl.cc(265)] Connectivity check failed: 400
04-09 11:10:40.990  3095  3095 I cast_shell: [3098:3116:INFO:synchronized_sound_player.cc(496)] Finished playing sound
04-09 11:10:40.990  3095  3095 I cast_shell: [3098:3121:INFO:mixer_input_connection.cc(386)] Remove 0xf4478150
04-09 11:10:41.054  3095  3095 I cast_shell: [3098:3121:INFO:mixer_input_connection.cc(243)] Delete 0xf4478150
04-09 11:10:41.054  3095  3095 I cast_shell: [3098:3119:INFO:stream_mixer.cc(683)] Remove input 0xf4478154
04-09 11:10:41.054  3095  3095 I cast_shell: [3098:3119:INFO:stream_mixer.cc(774)] Close timeout
04-09 11:10:41.054  3095  3095 I cast_shell: [3098:3119:INFO:stream_mixer.cc(541)] Stop
04-09 11:10:41.054  3095  3095 I cast_shell: [3098:3106:INFO:loopback_audio_input.cc(194)] [REALIGN] loopback interrupted; reason = 4
04-09 11:10:41.054  3095  3095 I cast_shell: [3098:3098:INFO:cast_receiver_mojo.cc(844)] cast event : Cast.Platform.Audio.OutputInterrupted
04-09 11:10:41.139  3095  3095 I cast_shell: [3098:3120:INFO:mixer_output_stream_alsa.cc(293)] snd_pcm_close: handle=0xf3878cd0
04-09 11:10:41.937  3095  3095 I cast_shell: [3098:3106:ERROR:connectivity_checker_impl.cc(265)] Connectivity check failed: 400
04-09 11:11:20.415  2731  2747 E NetworkMonitor: cannot find default IPv4 route for wlan0
04-09 11:11:20.415  2731  2747 E NetworkMonitor: cannot find default IPv6 route for wlan0
04-09 11:11:22.199  3095  3095 I chatty  : uid=1000(chrome) /bin/logwrapper identical 40 lines
04-09 11:11:23.205  3095  3095 I cast_shell: [3098:3106:ERROR:connectivity_checker_impl.cc(265)] Connectivity check failed: 400
04-09 11:11:23.486  2731  2747 E NetworkMonitor: no response for /bin/ping -n -I wlan0 -c 10 -w 10 8.8.8.8
04-09 11:11:23.497  2731  2747 E NetworkMonitor: no response for /bin/ping6 -n -I wlan0 -c 10 -w 10 2001:4860:4860::8888
04-09 11:11:23.498  2731  2747 E NetworkMonitor: dns resolution failed
04-09 11:11:24.160  3095  3095 I cast_shell: [3098:3137:INFO:ble_setup.cc(322)] Record action: Setup.connect_wifi.BLE
04-09 11:11:24.168  3095  3095 I cast_shell: [3098:3137:INFO:setup_manager_impl.cc(1965)] New value: pref=tos-accepted, value=1
04-09 11:11:24.168  3095  3095 I cast_shell: [3098:3137:INFO:api_connect_wifi.cc(86)] connect_wifi Auth: 7
04-09 11:11:24.168  3095  3095 I cast_shell: [3098:3137:INFO:api_connect_wifi.cc(90)] connect_wifi Cipher: 4
04-09 11:11:24.168  3095  3095 I cast_shell: [3098:3098:INFO:bluetooth_setup.cc(686)] Disabling connectability: no bonded devices.
04-09 11:11:24.168  3095  3095 I cast_shell: [3098:3098:INFO:cast_receiver_impl.cc(1100)] Leaving discovery-only mode
04-09 11:11:24.168  3095  3095 I cast_shell: [3098:3098:INFO:application_config_manager_impl.cc(566)] Enabling virtual device 12cf4ae1-0c19-2522-5b48-9a4643d4c007
04-09 11:11:24.169  3095  3095 I cast_shell: [3098:3147:INFO:mdns_cast_service.cc(351)] Device discovery state is idle
04-09 11:11:24.169  3095  3095 I cast_shell: [3098:3147:INFO:mdns_util.cc(102)] Defaulting mDNS capabilities for audio-only build
04-09 11:11:24.181  3095  3095 I cast_shell: [3098:3137:INFO:wifi_controller_wpa_supplicant.cc(1188)] strongest_snr=22 wifi_interface_index=0
04-09 11:11:24.195  3095  3095 I cast_shell: [3098:3137:INFO:api_connect_wifi.cc(159)] [PII] Configuring wifi: ssid=Linksys16717_2G, auth=7, pairwise=4, id=0"
04-09 11:11:24.196  3095  3095 I cast_shell: [3098:3137:INFO:api_connect_wifi.cc(162)] Configuring wifi: otg =0, tethering_mode =0, wifi_auto_save_enabled=0
04-09 11:11:24.196  3095  3095 I cast_shell: [3098:3137:INFO:local_network_info_impl.cc(276)] CONNECTIVITY_ID changed:
04-09 11:11:24.196  3095  3095 I cast_shell: [3098:3137:INFO:setup_state.cc(261)] Setup state changed: SETUP_STATE_DISCONNECTED_EXTERNAL_CLIENT_ACCESSED (11) -> SETUP_STATE_SCANNING (20)
04-09 11:11:24.204  2733  2763 I bluetoothtbd: [0408/224124.203962:INFO:adapter.cc(551)] Adapter properties changed
04-09 11:11:24.204  3095  3095 I cast_shell: [3098:3098:INFO:ccs_manager_impl.cc(1799)] Connectivity ID has changed; Will re-register CCS
04-09 11:11:24.204  3095  3095 I cast_shell: [3098:3098:INFO:ccs_manager_impl.cc(851)] Network connectivity down for CcsManager
04-09 11:11:24.204  3095  3095 I cast_shell: [3098:3137:INFO:bluetooth_manager.cc(115)] Record action: Cast.Bluetooth.DiscoveryMode.Disable
04-09 11:11:24.204  2710  2722 I yani_server: NetLink Event '-1' Interface-Index '5' WLAN '-1' Ethernet '-1' Parsed-iFill '-1' -> 'INVALID' ifIndex '1' -> 'lo'
04-09 11:11:24.205  3095  3095 I cast_shell: [3098:3137:INFO:setup_state.cc(261)] Setup state changed: SETUP_STATE_SCANNING (20) -> SETUP_STATE_CHECKING_GLOBAL_CONNECTIVITY (50)
04-09 11:11:24.214  3095  3095 I cast_shell: [3098:3106:ERROR:connectivity_checker_impl.cc(265)] Connectivity check failed: 400
04-09 11:11:24.216  2966  3174 I LibreCastControlDelegate: OnCastStatus() +++ Lyric Speaker Box 21f384:0xac106198:OFFLINE
04-09 11:11:24.216  2966  3174 I LibreCastControlDelegate: Device Build Number -> '1.52.272222'
04-09 11:11:24.216  2966  3174 I librecast: updateCastBuildVersion() Version 1.52.272222
04-09 11:11:24.216  2711  2718 I lucitransport: readRemoteMessage() MID char = 7 buffer = 1.52.272222
04-09 11:11:24.217  2966  3174 I LibreCastControlDelegate: Active Applications -> 0
04-09 11:11:24.217  2966  3174 I LibreCastControlDelegate: Current Cast State '3' -> 'OFFLINE'
04-09 11:11:24.217  2966  3174 I LibreCastControlDelegate: OnCastStatus() ---
04-09 11:11:24.217  2966  3174 I LibreCastControlDelegate: OnCastStatus() +++ Lyric Speaker Box 21f384:0xac106198:OFFLINE
04-09 11:11:24.217  2966  3174 I LibreCastControlDelegate: Device Build Number -> '1.52.272222'
04-09 11:11:24.219  2966  3174 I LibreCastControlDelegate: OnCastStatus() +++ Lyric Speaker Box 21f384:0xac106198:OFFLINE
04-09 11:11:24.219  2966  3174 I LibreCastControlDelegate: Device Build Number -> '1.52.272222'
04-09 11:11:24.219  2966  3174 I librecast: updateCastBuildVersion() Version 1.52.272222
04-09 11:11:24.220  2711  2718 I lucitransport: readRemoteMessage() MID char = 7 buffer = 1.52.272222
04-09 11:11:24.220  2966  3174 I LibreCastControlDelegate: Active Applications -> 0
04-09 11:11:24.220  2966  3174 I LibreCastControlDelegate: Current Cast State '3' -> 'OFFLINE'
04-09 11:11:24.220  2966  3174 I LibreCastControlDelegate: OnCastStatus() ---
04-09 11:11:24.711  3095  3095 I cast_shell: [3098:3137:INFO:metrics_recorder.cc(282)] Record action: Setup.version.BLE
04-09 11:11:24.741  3095  3095 I cast_shell: [3098:3137:INFO:metrics_recorder.cc(282)] Record action: Setup.tos_accepted.BLE
04-09 11:11:24.771  3095  3095 I cast_shell: [3098:3137:INFO:metrics_recorder.cc(282)] Record action: Setup.state.BLE
04-09 11:11:24.801  3095  3095 I cast_shell: [3098:3137:INFO:metrics_recorder.cc(282)] Record action: Setup.ip_address.BLE
04-09 11:11:25.175  3095  3095 I cast_shell: [3098:3098:INFO:grpc_service_discovery_impl.cc(185)] Mdns discovered google RPC for [PII](0F3B2F7F358AE34A905AD5A55C3C271E).
04-09 11:11:25.220  3095  3095 I cast_shell: [3098:3106:ERROR:connectivity_checker_impl.cc(265)] Connectivity check failed: 400
04-09 11:11:25.341  3095  3095 I cast_shell: [3098:3137:INFO:metrics_recorder.cc(282)] Record action: Setup.version.BLE
04-09 11:11:25.385  3095  3095 I cast_shell: [3098:3137:INFO:metrics_recorder.cc(282)] Record action: Setup.tos_accepted.BLE
04-09 11:11:25.415  3095  3095 I cast_shell: [3098:3137:INFO:metrics_recorder.cc(282)] Record action: Setup.state.BLE
04-09 11:11:25.445  3095  3095 I cast_shell: [3098:3137:INFO:metrics_recorder.cc(282)] Record action: Setup.ip_address.BLE
04-09 11:11:25.985  3095  3095 I cast_shell: [3098:3137:INFO:metrics_recorder.cc(282)] Record action: Setup.version.BLE
04-09 11:11:26.015  3095  3095 I cast_shell: [3098:3137:INFO:metrics_recorder.cc(282)] Record action: Setup.tos_accepted.BLE
04-09 11:11:26.060  3095  3095 I cast_shell: [3098:3137:INFO:metrics_recorder.cc(282)] Record action: Setup.state.BLE
04-09 11:11:26.090  3095  3095 I cast_shell: [3098:3137:INFO:metrics_recorder.cc(282)] Record action: Setup.ip_address.BLE
04-09 11:11:26.179  3095  3095 I cast_shell: [3098:3147:INFO:mdns_app_filter.cc(1526)] MdnsAppFilter: Done announcing.
04-09 11:11:26.226  3095  3095 I cast_shell: [3098:3106:ERROR:connectivity_checker_impl.cc(265)] Connectivity check failed: 400
04-09 11:11:26.500  2731  2747 E WifiUtil: command: "SCAN" failed: FAIL-BUSY
