04-09 09:35:43.356  3070  3070 I update_engine: [0408/210543.356750:INFO:string_based_ipc_server.cc(75)] Start IPC server: /tmp/socket/updater
04-09 09:35:43.357  3070  3070 I update_engine: [0408/210543.357092:INFO:unix_stream_server_socket.cc(62)] Unix server socket is created: /tmp/socket/updater
04-09 09:35:43.557  3072  3072 I cast_shell: [3075:3075:ERROR:pref_service_helper.cc(79)] Cannot initialize chromecast config: /data/chrome/.eureka.conf, pref_error=6
04-09 09:35:43.559  3072  3072 I cast_shell: [3075:3075:WARNING:discardable_shared_memory_manager.cc(194)] Less than 64MB of free space in temporary directory for shared memory files: 32
04-09 09:35:43.572  3072  3072 I cast_shell: Fontconfig warning: "/etc/fonts/fonts.conf", line 80: unknown element "blank"
04-09 09:35:43.758  3072  3072 I cast_shell: [3075:3075:INFO:cast_system_memory_pressure_evaluator.cc(167)] AdjustMemoryFractions: critical_memory_fraction_=0.25, moderate_memory_fraction_=0.4
04-09 09:35:43.764  3072  3072 I cast_shell: [3075:3075:INFO:cast_window_manager_aura.cc(198)] Starting window manager, bounds: 0,0 1x1
04-09 09:35:43.778  3072  3072 I cast_shell: [3075:3092:ERROR:mixer_connection.cc(91)] Failed to connect to mixer service: -102
04-09 09:35:43.781  3072  3072 I cast_shell: [3075:3075:WARNING:client_auth_manager.cc(94)] Old certificate is empty.
04-09 09:35:43.781  3072  3072 I cast_shell: [3075:3075:INFO:device_info_impl.cc(135)] [PII] Weave device ID: 
04-09 09:35:43.781  3072  3072 I cast_shell: [3075:3075:INFO:device_info_impl.cc(406)] MAC address for wlan0: CC:90:93:21:F3:84
04-09 09:35:43.781  3072  3072 I cast_shell: [3075:3075:INFO:device_info_impl.cc(431)] Device model id: COTODAMA.LS10 Platform.LSB
04-09 09:35:43.781  3072  3072 I cast_shell: [3075:3075:INFO:device_info_impl.cc(466)] Control Notifications: 0
04-09 09:35:43.781  3072  3072 I cast_shell: [3075:3075:ERROR:device_info_impl.cc(145)] Cannot read file: /data/bootid
04-09 09:35:43.781  3072  3072 I cast_shell: [3075:3075:INFO:device_info_impl.cc(482)] SSDP Boot ID: 0
04-09 09:35:43.781  3072  3072 I cast_shell: [3075:3075:INFO:device_info_impl.cc(486)] SSDP Config ID: 1
04-09 09:35:43.781  3072  3072 I cast_shell: [3075:3075:WARNING:secure_storage_impl.cc(85)] Device key not available yet.
04-09 09:35:43.781  3072  3072 I cast_shell: [3075:3075:INFO:cast_power_manager_provider.cc(26)] Creating DummyCastPowerManagerProvider
04-09 09:35:43.781  3072  3072 I cast_shell: [3075:3075:WARNING:auth_provider_impl.cc(72)] No IoT client_id found on the device. If device was FDRed please ignore this warning.
04-09 09:35:43.785  3072  3072 I cast_shell: [3075:3075:WARNING:volume_map.cc(55)] No cast audio config found; using default volume map.
04-09 09:35:43.785  3072  3072 I cast_shell: [3075:3075:INFO:saved_volumes.cc(63)] No saved volumes found
04-09 09:35:43.785  3072  3072 I cast_shell: [3075:3075:INFO:saved_volumes.cc(70)] Invalid JSON from /etc/cast_audio.json
04-09 09:35:43.785  3072  3072 I cast_shell: [3075:3095:INFO:stream_mixer.cc(194)] StreamMixer
04-09 09:35:43.785  3072  3072 I cast_shell: [3075:3095:INFO:stream_mixer.cc(222)] Mixer health checker started
04-09 09:35:43.785  3072  3072 I cast_shell: [3075:3096:INFO:stream_mixer.cc(121)] Actual priority = 99, policy = 1
04-09 09:35:43.785  3072  3072 I cast_shell: [3075:3095:WARNING:post_processing_pipeline_parser.cc(65)] No post-processing config found at /etc/cast_audio.json.
04-09 09:35:43.785  3072  3072 I cast_shell: [3075:3095:WARNING:post_processing_pipeline_parser.cc(133)] No post-processor description found for "mix" in /etc/cast_audio.json. Using passthrough.
04-09 09:35:43.785  3072  3072 I cast_shell: [3075:3095:INFO:mixer_pipeline.cc(103)] 2 input channels to 'mix' group
04-09 09:35:43.785  3072  3072 I cast_shell: [3075:3095:WARNING:post_processing_pipeline_parser.cc(133)] No post-processor description found for "linearize" in /etc/cast_audio.json. Using passthrough.
04-09 09:35:43.789  3072  3072 I cast_shell: [3075:3095:INFO:alsa_volume_control.cc(219)] Volume device = default, element = Master
04-09 09:35:43.789  3072  3072 I cast_shell: [3075:3095:INFO:alsa_volume_control.cc(221)] Mute device = default, element = Master
04-09 09:35:43.789  3072  3072 I cast_shell: [3075:3095:INFO:alsa_volume_control.cc(234)] Idle device = default, elements = []
04-09 09:35:43.789  3072  3072 I cast_shell: [3075:3095:INFO:alsa_volume_control.cc(43)] Opening mixer element "Master" on device "default"
04-09 09:35:43.793  3075  3075 E         : Create
04-09 09:35:43.794  3075  3075 E         : OOBE IsSupported
04-09 09:35:43.794  3072  3072 I cast_shell: [3075:3083:INFO:parent_tracker.cc(90)] [PII](6E7A039D92C571F8B515BB6FEF572108) has hash 863657152, root wait is 7.98914 s
04-09 09:35:43.794  3072  3072 I cast_shell: [3075:3075:INFO:multizone_manager.cc(330)] Multizone features are enabled
04-09 09:35:43.794  3072  3072 I cast_shell: [3075:3075:INFO:cast_power_manager_provider.cc(26)] Creating DummyCastPowerManagerProvider
04-09 09:35:43.794  3072  3072 I cast_shell: [3075:3075:INFO:update_engine_client_with_ipc.cc(343)] Using IPC UpdateEngineClient
04-09 09:35:43.794  3072  3072 I cast_shell: [3075:3083:INFO:parent_tracker.cc(120)] Can't use IPv4
04-09 09:35:43.794  3072  3072 I cast_shell: [3075:3083:INFO:parent_tracker.cc(124)] Can't use IPv6
04-09 09:35:43.794  3072  3072 I cast_shell: [3075:3083:ERROR:parent_tracker.cc(125)] No valid interface for multicast
04-09 09:35:43.794  3072  3072 I cast_shell: [3075:3083:INFO:directory_service_impl.cc(168)] Boot count is now 1
04-09 09:35:43.794  3072  3072 I cast_shell: [3075:3083:ERROR:socket_posix.cc(148)] bind() failed: Address already in use (98)
04-09 09:35:43.797  3072  3072 I cast_shell: [3075:3075:INFO:platform_client_auth_creds.cc(114)] Loaded client certificate. Key len = 2048 bits. Chain len = 2 (source FROM_CERT).
04-09 09:35:43.799  3072  3072 I cast_shell: [3075:3075:INFO:grpc_manager_impl.cc(245)] Registered service chromecast.LocalCloudcastService
04-09 09:35:43.799  3072  3072 I cast_shell: [3075:3075:INFO:grpc_manager_impl.cc(262)] Registered a handler ExecuteActionScript for service chromecast.LocalCloudcastService
04-09 09:35:43.799  3072  3072 I cast_shell: [3075:3075:INFO:grpc_manager_impl.cc(262)] Registered a handler ObserveDeviceStatus for service chromecast.LocalCloudcastService
04-09 09:35:43.799  3072  3072 I cast_shell: [3075:3075:INFO:grpc_manager_impl.cc(262)] Registered a handler GetDeviceStatus for service chromecast.LocalCloudcastService
04-09 09:35:43.800  3072  3072 I cast_shell: [3075:3075:INFO:grpc_manager_impl.cc(505)] GRPC[uri=[::]:0]: num_pending_calls=0, num_active_handlers=0, num_free_handlers=0
04-09 09:35:43.800  3072  3072 I cast_shell: [3075:3075:INFO:cast_power_manager_provider.cc(26)] Creating DummyCastPowerManagerProvider
04-09 09:35:43.800  3072  3072 I cast_shell: [3075:3075:INFO:cast_power_manager_provider.cc(26)] Creating DummyCastPowerManagerProvider
04-09 09:35:43.800  3072  3072 I cast_shell: [3075:3075:INFO:gcm_manager.cc(140)] GCM Dir = /data/chrome/gcm
04-09 09:35:43.801  3072  3072 I cast_shell: [3075:3075:INFO:gcm_manager.cc(258)] Enabling GCM Driver
04-09 09:35:43.801  3072  3072 I cast_shell: [3075:3075:INFO:grpc_manager_impl.cc(505)] GRPC[uri=]: num_pending_calls=0, num_active_handlers=0, num_free_handlers=0
04-09 09:35:43.801  3072  3072 I cast_shell: [3075:3075:INFO:lycra_gcm.cc(117)] Deferring GCM registration until connectivity is up.
04-09 09:35:43.845  3072  3072 I cast_shell: [3075:3075:WARNING:cloud_settings_manager.cc(513)] Cannot initialize device settings config: /data/chrome/cloud_settings/cloud_settings.prefs, pref_error=6
04-09 09:35:43.846  3072  3072 I cast_shell: [3075:3075:INFO:cloud_settings_manager.cc(195)] Cloud settings is disabled.
04-09 09:35:43.846  3072  3072 I cast_shell: [3075:3075:INFO:pref_metrics_manager.cc(66)] PrefMetricsManager started.
04-09 09:35:43.847  3072  3072 I cast_shell: [3075:3075:INFO:pref_control_service_impl.cc(142)] Loading prefs from /data/chrome/pref_control/pref_control.prefs
04-09 09:35:43.847  3072  3072 I cast_shell: [3075:3075:INFO:pref_control_service_impl.cc(602)] Registering pref Pref [Name:motion_sensing_pref,RestoreValue:1,ForceEnableParent:1,Value:1,Optin:1]
04-09 09:35:43.847  3072  3072 I cast_shell: [3075:3075:INFO:pref_control_service_impl.cc(602)] Registering pref Pref [Name:sleep_sensing_pref,RestoreValue:0,ForceEnableParent:1,Value:1,Optin:0]
04-09 09:35:43.847  3072  3072 I cast_shell: [3075:3075:INFO:pref_control_service_impl.cc(602)] Registering pref Pref [Name:sleep_disturbance_pref,RestoreValue:1,ForceEnableParent:0,Value:1,Optin:0]
04-09 09:35:43.848  3072  3072 I cast_shell: [3075:3075:INFO:pref_control_service_impl.cc(602)] Registering pref Pref [Name:sleep_coaching_pref,RestoreValue:1,ForceEnableParent:0,Value:1,Optin:0]
04-09 09:35:43.848  3072  3072 I cast_shell: [3075:3075:INFO:pref_control_service_impl.cc(602)] Registering pref Pref [Name:gesture_sensing_pref,RestoreValue:0,ForceEnableParent:1,Value:1,Optin:0]
04-09 09:35:43.848  3072  3072 I cast_shell: [3075:3075:INFO:pref_control_service_impl.cc(602)] Registering pref Pref [Name:play_and_pause_gesture_pref,RestoreValue:1,ForceEnableParent:0,Value:1,Optin:0]
04-09 09:35:43.848  3072  3072 I cast_shell: [3075:3075:INFO:pref_control_service_impl.cc(602)] Registering pref Pref [Name:snooze_alarm_gesture_pref,RestoreValue:1,ForceEnableParent:0,Value:1,Optin:0]
04-09 09:35:43.848  3072  3072 I cast_shell: [3075:3075:INFO:pref_control_service_impl.cc(602)] Registering pref Pref [Name:stop_timers_gesture_pref,RestoreValue:1,ForceEnableParent:0,Value:1,Optin:0]
04-09 09:35:43.848  3072  3072 I cast_shell: [3075:3075:INFO:pref_metrics_manager.cc(94)] Adding motion_sensing_pref to PrefMetricsManager.
04-09 09:35:43.848  3072  3072 I cast_shell: [3075:3075:INFO:pref_metrics_manager.cc(94)] Adding sleep_sensing_pref to PrefMetricsManager.
04-09 09:35:43.848  3072  3072 I cast_shell: [3075:3075:INFO:pref_metrics_manager.cc(94)] Adding sleep_disturbance_pref to PrefMetricsManager.
04-09 09:35:43.848  3072  3072 I cast_shell: [3075:3075:INFO:pref_metrics_manager.cc(94)] Adding sleep_coaching_pref to PrefMetricsManager.
04-09 09:35:43.848  3072  3072 I cast_shell: [3075:3075:INFO:pref_metrics_manager.cc(94)] Adding gesture_sensing_pref to PrefMetricsManager.
04-09 09:35:43.849  3072  3072 I cast_shell: [3075:3075:INFO:pref_metrics_manager.cc(94)] Adding play_and_pause_gesture_pref to PrefMetricsManager.
04-09 09:35:43.849  3072  3072 I cast_shell: [3075:3075:INFO:pref_metrics_manager.cc(94)] Adding snooze_alarm_gesture_pref to PrefMetricsManager.
04-09 09:35:43.849  3072  3072 I cast_shell: [3075:3075:INFO:pref_metrics_manager.cc(94)] Adding stop_timers_gesture_pref to PrefMetricsManager.
04-09 09:35:43.849  3072  3072 I cast_shell: [3075:3075:INFO:pref_control_service_impl.cc(107)] PrefControlService constructed.
04-09 09:35:43.849  3072  3072 I cast_shell: [3075:3075:INFO:grpc_manager_impl.cc(245)] Registered service chromecast.grpc_discovery.GrpcDiscoveryService
04-09 09:35:43.849  3072  3072 I cast_shell: [3075:3075:INFO:grpc_manager_impl.cc(262)] Registered a handler GetServiceInfo for service chromecast.grpc_discovery.GrpcDiscoveryService
04-09 09:35:43.850  3072  3072 I cast_shell: [3075:3075:INFO:grpc_manager_impl.cc(505)] GRPC[uri=unix:/tmp/hcp_ipc_auth.socket]: num_pending_calls=0, num_active_handlers=0, num_free_handlers=0
04-09 09:35:43.850  3072  3072 I cast_shell: [3075:3110:INFO:common_time.cc(128)] New common clock leader 6E7A039D92C571F8B515BB6FEF572108, is_this_device = 1, IP = [::1]:10006, quality = 0
04-09 09:35:43.851  3072  3072 I cast_shell: [3075:3110:INFO:common_time.cc(158)] Set this device as common time source
04-09 09:35:43.851  3072  3072 I cast_shell: [3075:3075:INFO:grpc_manager_impl.cc(245)] Registered service usonia.ipc.Auth
04-09 09:35:43.851  3072  3072 I cast_shell: [3075:3075:INFO:grpc_manager_impl.cc(262)] Registered a handler Sign for service usonia.ipc.Auth
04-09 09:35:43.851  3072  3072 I cast_shell: [3075:3075:INFO:grpc_manager_impl.cc(262)] Registered a handler Verify for service usonia.ipc.Auth
04-09 09:35:43.851  3072  3072 I cast_shell: [3075:3075:INFO:grpc_manager_impl.cc(262)] Registered a handler AuthReady for service usonia.ipc.Auth
04-09 09:35:43.852  3072  3072 I cast_shell: [3075:3075:INFO:grpc_manager_impl.cc(245)] Registered service usonia.ipc.DistributedServiceDiscovery
04-09 09:35:43.852  3072  3072 I cast_shell: [3075:3075:INFO:grpc_manager_impl.cc(262)] Registered a handler UpdateServiceObservers for service usonia.ipc.DistributedServiceDiscovery
04-09 09:35:43.852  3072  3072 I cast_shell: [3075:3075:INFO:grpc_manager_impl.cc(262)] Registered a handler FetchAllPeerAddressList for service usonia.ipc.DistributedServiceDiscovery
04-09 09:35:43.852  3072  3072 I cast_shell: [3075:3075:INFO:grpc_manager_impl.cc(262)] Registered a handler ResolvePeerAddress for service usonia.ipc.DistributedServiceDiscovery
04-09 09:35:43.852  3072  3072 I cast_shell: [3075:3075:INFO:grpc_manager_impl.cc(262)] Registered a handler AddService for service usonia.ipc.DistributedServiceDiscovery
04-09 09:35:43.852  3072  3072 I cast_shell: [3075:3075:INFO:grpc_manager_impl.cc(262)] Registered a handler IsServiceAllowed for service usonia.ipc.DistributedServiceDiscovery
04-09 09:35:43.853  3072  3072 I cast_shell: [3075:3075:INFO:grpc_manager_impl.cc(245)] Registered service usonia.ipc.LeaderElector
04-09 09:35:43.853  3072  3072 I cast_shell: [3075:3075:INFO:grpc_manager_impl.cc(262)] Registered a handler LeaderElection for service usonia.ipc.LeaderElector
04-09 09:35:43.853  3072  3072 I cast_shell: [3075:3075:INFO:grpc_manager_impl.cc(245)] Registered service usonia.ipc.TimeSynchronizer
04-09 09:35:43.853  3072  3072 I cast_shell: [3075:3075:INFO:grpc_manager_impl.cc(262)] Registered a handler ObserveCommonTime for service usonia.ipc.TimeSynchronizer
04-09 09:35:43.854  3072  3072 I cast_shell: [3075:3075:INFO:grpc_manager_impl.cc(317)] Grpc server started in port 1
04-09 09:35:43.855  3072  3072 I cast_shell: [3075:3075:INFO:sensor_pref_manager.cc(84)] SensorPrefManager is disabled.
04-09 09:35:43.855  3072  3072 I cast_shell: [3075:3075:INFO:remote_ducking_receiver.cc(183)] remote ducking: starting receiver.
04-09 09:35:43.856  3072  3072 I cast_shell: [3075:3075:INFO:grpc_manager_impl.cc(505)] GRPC[uri=unix:/tmp/modular_updater/modular_update_service]: num_pending_calls=0, num_active_handlers=0, num_free_handlers=0
04-09 09:35:43.856  3072  3072 I cast_shell: [3075:3075:INFO:cast_power_manager_provider.cc(26)] Creating DummyCastPowerManagerProvider
04-09 09:35:43.863  3072  3072 I cast_shell: [3075:3075:INFO:timezone_settings.cc(288)] Setting system timezone to America/Los_Angeles
04-09 09:35:43.863  3072  3072 I cast_shell: [3075:3075:INFO:daily_reboot_impl.cc(172)] Daily reboot is disabled
04-09 09:35:43.864  3072  3072 I cast_shell: [3075:3075:INFO:api_reboot.cc(321)] active_activities count=1
04-09 09:35:43.864  3072  3072 I cast_shell: [3075:3088:INFO:gamma_utils.cc(31)] Gamma calibration file is not present, use default LUT
04-09 09:35:43.865  3072  3072 I cast_shell: [3075:3075:INFO:cast_power_manager_provider.cc(26)] Creating DummyCastPowerManagerProvider
04-09 09:35:43.865  3072  3072 I chatty  : uid=1000(chrome) /bin/logwrapper identical 1 line
04-09 09:35:43.865  3072  3072 I cast_shell: [3075:3075:INFO:cast_power_manager_provider.cc(26)] Creating DummyCastPowerManagerProvider
04-09 09:35:43.867  3072  3072 I cast_shell: [3075:3088:INFO:tuning_manager.cc(118)] No file found at /etc/cast_audio.json
04-09 09:35:43.867  3072  3072 I cast_shell: [3075:3088:INFO:tuning_manager.cc(130)] No file found at /etc/cast_audio.json
04-09 09:35:43.867  3072  3072 I cast_shell: [3075:3075:INFO:setup_api_registry.cc(192)] Register external API: audio/delete_config
04-09 09:35:43.867  3072  3072 I cast_shell: [3075:3075:INFO:setup_api_registry.cc(192)] Register external API: audio/get_avail_processors
04-09 09:35:43.868  3072  3072 I cast_shell: [3075:3075:INFO:setup_api_registry.cc(192)] Register external API: audio/get_config
04-09 09:35:43.868  3072  3072 I cast_shell: [3075:3075:INFO:setup_api_registry.cc(192)] Register external API: audio/get_default_config
04-09 09:35:43.868  3072  3072 I cast_shell: [3075:3075:INFO:setup_api_registry.cc(192)] Register external API: audio/set_params
04-09 09:35:43.869  3072  3072 I cast_shell: [3075:3075:INFO:capture_service_dummy.cc(11)] Dummy CaptureService.
04-09 09:35:43.872  3072  3072 I cast_shell: [3075:3075:INFO:setup_api_registry.cc(192)] Register external API: auto_media_volume
04-09 09:35:43.872  3072  3072 I cast_shell: [3075:3075:INFO:cast_thread_health_check.cc(53)] Receiver health check timeout: 15 seconds.
04-09 09:35:43.872  3072  3072 I cast_shell: [3075:3075:INFO:file_util.cc(28)] base_assistant_dir = /data/chrome
04-09 09:35:43.873  3072  3072 I cast_shell: [3075:3075:INFO:chromecast_service.cc(2189)] Geolocation changed to: 0
04-09 09:35:43.873  3072  3072 I cast_shell: [3075:3075:INFO:chromecast_service.cc(2229)] AoGH feature is: 0
04-09 09:35:43.873  3072  3072 I cast_shell: [3075:3075:INFO:chromecast_service.cc(2248)] Playback disruption feature is: 0
04-09 09:35:43.878  3072  3072 I cast_shell: [3075:3075:INFO:metrics_recorder.cc(112)] Metrics stat: total=0
04-09 09:35:43.879  3072  3072 I cast_shell: [3075:3098:INFO:media_manager_impl.cc(1043)] New device volume control type: new_type=1, old_type=0
04-09 09:35:43.879  3072  3072 I cast_shell: [3075:3098:INFO:media_manager_impl.cc(1066)] New device volume step interval: new_interval=0.02, old_interval=0
04-09 09:35:43.879  3072  3072 I cast_shell: [3075:3098:ERROR:media_manager_impl.cc(1294)] GetScreenResolution failed.
04-09 09:35:43.879  3072  3072 I cast_shell: [3075:3098:INFO:media_manager_impl.cc(343)] Media manager is initialized.
04-09 09:35:43.879  3072  3072 I cast_shell: [3075:3075:INFO:media_manager_impl.cc(269)] IsHdmiPlatform: 0
04-09 09:35:43.880  3072  3072 I cast_shell: [3075:3075:INFO:hds_settings.cc(136)] HdsSettings using HDS url https://preprod-home-devices.sandbox.google.com/
04-09 09:35:43.882  3072  3072 I cast_shell: [3075:3075:INFO:client_auth_creds.cc(173)] Device cert: 4D8AC5B9056A76852E4F FA:8F:CA:87:13:D1
04-09 09:35:43.882  3072  3072 I cast_shell: [3075:3075:INFO:client_auth_creds.cc(182)] Intermediate cert: LSB
04-09 09:35:43.882  3072  3072 I cast_shell: [3075:3075:INFO:client_auth_creds.cc(182)] Intermediate cert: Amlogic GVA Manufacturer Cert
04-09 09:35:43.883  3072  3072 I cast_shell: [3075:3075:INFO:client_auth_creds.cc(226)] Imported client auth cert.
04-09 09:35:43.883  3072  3072 I cast_shell: [3075:3075:INFO:client_auth_creds.cc(237)] Imported client auth private key
04-09 09:35:43.883  3072  3072 I cast_shell: [3075:3075:INFO:client_auth_signer.cc(155)] Created singleton instance of ClientAuthSigner.
04-09 09:35:43.883  3072  3072 I cast_shell: [3075:3075:INFO:client_auth_manager.cc(119)] Storing the certificate first used by the device.
04-09 09:35:43.901  3072  3072 I cast_shell: [3075:3075:WARNING:application_config_manager_impl.cc(253)] Cannot read application config file: /fakeapp.conf
04-09 09:35:43.902  3072  3072 I cast_shell: [3075:3075:INFO:application_manager_impl.cc(398)] Application manager is initialized.
04-09 09:35:43.902  3072  3072 I cast_shell: [3075:3075:INFO:mdns_cast_service.cc(156)] Device discovery state is idle
04-09 09:35:43.903  3072  3072 I cast_shell: [3075:3075:INFO:mdns_manager_impl.cc(177)] MdnsManager is initialized
04-09 09:35:43.903  3072  3072 I cast_shell: [3075:3123:INFO:mdns_app_filter.cc(573)] MdnsAppFilter initialized
04-09 09:35:43.903  3072  3072 I cast_shell: [3075:3123:INFO:discovered_service_client.cc(102)] Registering new service PTR listener: _googlecast._tcp.local
04-09 09:35:43.904  3072  3072 I cast_shell: [3075:3075:INFO:config_downloader.cc(239)] Set config periodic interval: min=300, max=420
04-09 09:35:43.904  3072  3072 I cast_shell: [3075:3075:INFO:crl_downloader.cc(274)] Set CRL periodic interval: min=2160, max=2880
04-09 09:35:43.904  3072  3072 I cast_shell: [3075:3124:INFO:v2_transport.cc(458)] Added Cast V2 endpoint: id=Tr@n$p0rt-0, socket_factory_id=[PII](*)
04-09 09:35:43.904  3072  3072 I cast_shell: [3075:3124:INFO:endpoint_with_namespace_handler.cc(103)] Added a namespace handler: local_id=Tr@n$p0rt-0, namespace=urn:x-cast:com.google.cast.tp.connection
04-09 09:35:43.904  3072  3072 I cast_shell: [3075:3124:INFO:endpoint_with_namespace_handler.cc(103)] Added a namespace handler: local_id=Tr@n$p0rt-0, namespace=urn:x-cast:com.google.cast.tp.heartbeat
04-09 09:35:43.904  3072  3072 I cast_shell: [3075:3124:INFO:endpoint_with_namespace_handler.cc(103)] Added a namespace handler: local_id=Tr@n$p0rt-0, namespace=urn:x-cast:com.google.cast.tp.deviceauth
04-09 09:35:43.904  3072  3072 I cast_shell: [3075:3124:INFO:v2_transport.cc(335)] V2Transport initialized.
04-09 09:35:43.904  3072  3072 I cast_shell: [3075:3075:INFO:hds_broker_impl.cc(121)] HDS type registered type.googleapis.com/home.hds.proto.device.relayedcasting.RelayedCastingPleaseConnectRequest
04-09 09:35:43.905  3072  3072 I cast_shell: [3075:3124:INFO:v2_transport.cc(411)] Added socket factory: id=domain-socket@/tmp/cast-control
04-09 09:35:43.905  3072  3072 I cast_shell: [3075:3124:INFO:v2_transport.cc(411)] Added socket factory: id=opencast-socket
04-09 09:35:43.905  3072  3072 I cast_shell: [3075:3075:INFO:mdns_util.cc(102)] Defaulting mDNS capabilities for audio-only build
04-09 09:35:43.906  3072  3072 I cast_shell: [3075:3075:INFO:virtual_device_manager.cc(138)] Added virtual device: id=[PII](5ac3f6c7-15f8-9300-671d-e385986e1d56)
04-09 09:35:43.906  3072  3072 I cast_shell: [3075:3075:INFO:ccs_manager_impl.cc(522)] Added CCS device
04-09 09:35:43.906  3072  3072 I cast_shell: [3075:3075:INFO:ccs_manager_impl.cc(523)] [PII] device_id=6E7A039D92C571F8B515BB6FEF572108
04-09 09:35:43.906  3072  3072 I cast_shell: [3075:3124:INFO:v2_transport.cc(458)] Added Cast V2 endpoint: id=receiver-5ac3f6c7-15f8-9300-671d-e385986e1d56, socket_factory_id=[PII](5ac3f6c7-15f8-9300-671d-e385986e1d56)
04-09 09:35:43.906  3072  3072 I cast_shell: [3075:3075:INFO:ccs_manager_impl.cc(838)] Device model revision set to 0
04-09 09:35:43.906  3072  3072 I cast_shell: [3075:3124:INFO:endpoint_with_namespace_handler.cc(103)] Added a namespace handler: local_id=receiver-5ac3f6c7-15f8-9300-671d-e385986e1d56, namespace=urn:x-cast:com.google.cast.receiver
04-09 09:35:43.906  3072  3072 I cast_shell: [3075:3124:INFO:endpoint_with_namespace_handler.cc(103)] Added a namespace handler: local_id=receiver-5ac3f6c7-15f8-9300-671d-e385986e1d56, namespace=urn:x-cast:com.google.cast.receiver.discovery
04-09 09:35:43.906  3072  3072 I cast_shell: [3075:3123:INFO:discovered_service_client.cc(102)] Registering new service PTR listener: _googlerpc._tcp.local
04-09 09:35:43.911  3072  3072 I cast_shell: [3075:3113:INFO:wpa_ctrl_wrapper_impl.cc(64)] wpa_ctrl is open: path=/dev/socket/wpa_wlan0, is_monitor=1
04-09 09:35:43.911  3072  3072 I cast_shell: [3075:3113:INFO:wifi_controller_wpa_supplicant.cc(487)] After initialization: current_wifi_index_=0
04-09 09:35:43.911  3072  3072 I cast_shell: [3075:3125:INFO:thread_watching_io_shlib.cc(81)] Start thread watching IO: WifiEventMonitor
04-09 09:35:43.911  3072  3072 I cast_shell: [3075:3075:INFO:locale_manager.cc(329)] Use factory country code: 00
04-09 09:35:43.911  3072  3072 I cast_shell: [3075:3075:INFO:locale_manager.cc(639)] New country code: 00
04-09 09:35:43.911  3072  3072 I cast_shell: [3075:3075:INFO:setup_manager_impl.cc(645)] Initial activation date cached value: 
04-09 09:35:43.911  3072  3072 I cast_shell: [3075:3075:INFO:hds_broker_impl.cc(121)] HDS type registered type.googleapis.com/google.internal.home.foyer.v1.resources.IsDeviceReadyRequest
04-09 09:35:43.911  3072  3072 I cast_shell: [3075:3075:INFO:hds_broker_impl.cc(121)] HDS type registered type.googleapis.com/home.cloud.biz.EnterWeavePairingModeRequest
04-09 09:35:43.911  3072  3072 I cast_shell: [3075:3075:INFO:multizone_manager.cc(371)] Using SSL for control data
04-09 09:35:43.912  3072  3072 I cast_shell: [3075:3113:INFO:setup_manager_impl.cc(732)] Initially set Google DNS servers: enable
04-09 09:35:43.916  3072  3072 I cast_shell: [3075:3075:WARNING:cast_crypto_keys_openssl_shlib.cc(70)] No valid ESN read.
04-09 09:35:43.918  2709  2709 I wpa_supplicant: wlan0: CTRL-EVENT-REGDOM-CHANGE init=CORE type=WORLD
04-09 09:35:43.920  2710  2722 I yani_server: NetLink Event '-1' Interface-Index '5' WLAN '-1' Ethernet '-1' Parsed-iFill '-1' -> 'INVALID' ifIndex '1' -> 'lo'
04-09 09:35:43.929  2710  2722 I yani_server: NetLink Event '-1' Interface-Index '5' WLAN '0' Ethernet '-1' Parsed-iFill '-1' -> 'INVALID' ifIndex '1' -> 'lo'
04-09 09:35:43.940  2732  2810 I bluetoothtbd: [0408/210543.940382:INFO:gatt_api.cc(1005)] GATT_Register
04-09 09:35:43.940  2732  2810 I bluetoothtbd: [0408/210543.940603:INFO:gatt_api.cc(1028)] allocated gatt_if=4
04-09 09:35:43.945  2732  2810 E bt_btif : register application first_unuse rcb_idx = 0
04-09 09:35:43.945  2732  2810 I bluetoothtbd: [0408/210543.945861:INFO:gatt_api.cc(1005)] GATT_Register
04-09 09:35:43.945  2732  2810 I bluetoothtbd: [0408/210543.945963:INFO:gatt_api.cc(1028)] allocated gatt_if=5
04-09 09:35:43.952  2732  2810 I bluetoothtbd: [0408/210543.952183:INFO:gatt_api.cc(1005)] GATT_Register
04-09 09:35:43.952  2732  2810 I bluetoothtbd: [0408/210543.952327:INFO:gatt_api.cc(1028)] allocated gatt_if=6
04-09 09:35:43.953  3072  3072 I cast_shell: [3075:3075:INFO:input_manager_impl.cc(284)] RegisterInput: device_id: cast, type: 0, state: 0
04-09 09:35:43.954  3072  3072 I cast_shell: [3075:3075:INFO:input_manager_impl.cc(308)] NotifyInputConnect: device_id: cast, sample_rate: 0, num_channels: 0
04-09 09:35:43.954  3072  3072 I cast_shell: [3075:3075:INFO:input_manager_impl.cc(370)] SetActiveInput: cast
04-09 09:35:43.954  3072  3072 I cast_shell: [3075:3124:INFO:endpoint_with_namespace_handler.cc(103)] Added a namespace handler: local_id=receiver-5ac3f6c7-15f8-9300-671d-e385986e1d56, namespace=urn:x-cast:com.google.cast.audio.input
04-09 09:35:43.954  3072  3072 I cast_shell: [3075:3075:INFO:bluetooth_setup.cc(690)] Disabling connectability.
04-09 09:35:43.954  3072  3072 I cast_shell: [3075:3075:INFO:input_manager_impl.cc(284)] RegisterInput: device_id: bluetooth, type: 1, state: 0
04-09 09:35:43.954  2732  2760 I bluetoothtbd: [0408/210543.954591:INFO:adapter.cc(551)] Adapter properties changed
04-09 09:35:43.954  2732  2760 I bluetoothtbd: [0408/210543.954711:INFO:adapter.cc(573)] Adapter name changed
04-09 09:35:43.955  2732  2760 I bluetoothtbd: [0408/210543.955697:INFO:adapter.cc(551)] Adapter properties changed
04-09 09:35:43.956  3072  3072 I cast_shell: [3075:3113:INFO:gatt_client_manager_impl.cc(202)] Enabling GATT client connectability
04-09 09:35:43.956  3072  3072 I cast_shell: [3075:3113:INFO:setup_api_registry.cc(192)] Register external API: input/status
04-09 09:35:43.956  3072  3072 I cast_shell: [3075:3113:INFO:setup_api_registry.cc(192)] Register external API: input/set_active
04-09 09:35:43.956  3072  3072 I cast_shell: [3075:3113:INFO:setup_api_registry.cc(192)] Register external API: input/debug_register
04-09 09:35:43.956  3072  3072 I cast_shell: [3075:3113:INFO:setup_api_registry.cc(192)] Register external API: input/debug_connect
04-09 09:35:43.956  3072  3072 I cast_shell: [3075:3113:INFO:setup_api_registry.cc(192)] Register external API: input/debug_disconnect
04-09 09:35:43.956  3072  3072 I cast_shell: [3075:3113:INFO:bluetooth_manager.cc(115)] Record action: Cast.Bluetooth.DiscoveryMode.Disable
04-09 09:35:43.956  2732  2760 I bluetoothtbd: [0408/210543.956610:INFO:adapter.cc(551)] Adapter properties changed
04-09 09:35:43.956  3072  3072 I cast_shell: [3075:3113:INFO:setup_api_registry.cc(192)] Register external API: bluetooth/api
04-09 09:35:43.956  3072  3072 I cast_shell: [3075:3113:INFO:setup_api_registry.cc(192)] Register external API: bluetooth/bond
04-09 09:35:43.956  2732  2760 I bluetoothtbd: [0408/210543.956832:INFO:adapter.cc(551)] Adapter properties changed
04-09 09:35:43.957  3072  3072 I cast_shell: [3075:3113:INFO:setup_api_registry.cc(192)] Register external API: bluetooth/connect
04-09 09:35:43.957  3072  3072 I cast_shell: [3075:3113:INFO:setup_api_registry.cc(192)] Register external API: bluetooth/discovery
04-09 09:35:43.957  3072  3072 I cast_shell: [3075:3113:INFO:setup_api_registry.cc(192)] Register external API: bluetooth/get_bonded
04-09 09:35:43.958  3072  3072 I cast_shell: [3075:3113:INFO:setup_api_registry.cc(192)] Register external API: bluetooth/scan
04-09 09:35:43.958  3072  3072 I cast_shell: [3075:3113:INFO:setup_api_registry.cc(192)] Register external API: bluetooth/scan_results
04-09 09:35:43.958  3072  3072 I cast_shell: [3075:3113:INFO:setup_api_registry.cc(192)] Register external API: bluetooth/set_connectable
04-09 09:35:43.958  3072  3072 I cast_shell: [3075:3113:INFO:setup_api_registry.cc(192)] Register external API: bluetooth/status
04-09 09:35:43.958  3072  3072 I cast_shell: [3075:3113:INFO:setup_api_registry.cc(192)] Register external API: bluetooth/le/connect
04-09 09:35:43.958  3072  3072 I cast_shell: [3075:3113:INFO:setup_api_registry.cc(192)] Register external API: bluetooth/le/pause_scan
04-09 09:35:43.958  2732  2810 I bluetoothtbd: [0408/210543.958377:INFO:btif_ble_advertiser.cc(90)] RegisterAdvertiserCb status: 0 , adveriser_id: 0
04-09 09:35:43.958  3072  3072 I cast_shell: [3075:3113:INFO:setup_api_registry.cc(192)] Register external API: bluetooth/le/set_scan_parameters
04-09 09:35:43.958  3072  3072 I cast_shell: [3075:3113:INFO:setup_api_registry.cc(192)] Register external API: bluetooth/le/scan
04-09 09:35:43.958  2732  2760 I bluetoothtbd: [0408/210543.957061:INFO:adapter.cc(551)] Adapter properties changed
04-09 09:35:43.958  3072  3072 I cast_shell: [3075:3113:INFO:setup_api_registry.cc(192)] Register external API: bluetooth/le/scan_results
04-09 09:35:43.959  3072  3072 I cast_shell: [3075:3113:INFO:setup_api_registry.cc(192)] Register external API: bluetooth/debug
04-09 09:35:43.959  3072  3072 I cast_shell: [3075:3113:INFO:setup_api_registry.cc(192)] Register external API: accessory/debug
04-09 09:35:43.960  2732  2760 I bluetoothtbd: [0408/210543.960042:INFO:adapter.cc(551)] Adapter properties changed
04-09 09:35:43.960  2732  2760 I bluetoothtbd: [0408/210543.960176:INFO:adapter.cc(573)] Adapter name changed
04-09 09:35:43.960  3072  3072 I cast_shell: [3075:3113:INFO:bluetooth_manager.cc(1232)] [PII] Set device name to 'LSB0148'
04-09 09:35:43.961  3072  3072 I cast_shell: [3075:3124:INFO:endpoint_with_namespace_handler.cc(103)] Added a namespace handler: local_id=receiver-5ac3f6c7-15f8-9300-671d-e385986e1d56, namespace=urn:x-cast:com.google.cast.assistant
04-09 09:35:43.961  3072  3072 I cast_shell: [3075:3124:INFO:endpoint_with_namespace_handler.cc(103)] Added a namespace handler: local_id=receiver-5ac3f6c7-15f8-9300-671d-e385986e1d56, namespace=urn:x-cast:com.google.cast.companionauth
04-09 09:35:43.961  3072  3072 I cast_shell: [3075:3124:INFO:endpoint_with_namespace_handler.cc(103)] Added a namespace handler: local_id=receiver-5ac3f6c7-15f8-9300-671d-e385986e1d56, namespace=urn:x-cast:com.google.cast.companion
04-09 09:35:43.961  3072  3072 I cast_shell: [3075:3124:INFO:endpoint_with_namespace_handler.cc(103)] Added a namespace handler: local_id=receiver-5ac3f6c7-15f8-9300-671d-e385986e1d56, namespace=urn:x-cast:com.google.cast.timesync
04-09 09:35:43.961  3072  3072 I cast_shell: [3075:3075:INFO:robot_account_auth_manager.cc(295)] No backend type specified. Getting COS URL based on the build type instead.
04-09 09:35:43.961  3072  3072 I cast_shell: [3075:3075:INFO:robot_account_auth_manager.cc(312)] Auth url: https://clients5.google.com/cast/orchestration/googleoauthtoken?rt=b
04-09 09:35:43.961  3072  3072 I cast_shell: [3075:3075:WARNING:robot_account_auth_manager.cc(463)] Failed to initialize JWT for 38579375
04-09 09:35:43.961  3072  3072 I cast_shell: [3075:3075:INFO:queryable_data_registrar.cc(52)] Registering queryable data for managed mode as: 0
04-09 09:35:43.961  3072  3072 I cast_shell: [3075:3113:INFO:wifi_proximity.cc(177)] Request scan.
04-09 09:35:43.963  3072  3072 I cast_shell: [3075:3075:ERROR:grpc_manager_impl.cc(311)] Could not start Grpc server.
04-09 09:35:43.964  3072  3072 I cast_shell: [3075:3092:ERROR:cast_media_shlib.cc(80)] snd_hctl_find_elem failed to find the rate offset element.
04-09 09:35:43.967  3072  3072 I cast_shell: [3075:3075:ERROR:server.cc(243)] XDG_RUNTIME_DIR not set in the environment
04-09 09:35:43.967  3072  3072 I cast_shell: [3075:3075:ERROR:wayland_server_controller.cc(27)] Wayland server creation failed
04-09 09:35:43.967  3072  3072 I cast_shell: [3075:3075:WARNING:cast_metrics_service_client.cc(134)] Empty client id from platform, assuming this is the first boot up of a new device.
04-09 09:35:43.967  3072  3072 I cast_shell: [3075:3075:INFO:cast_metrics_service_client.cc(93)] Metrics client ID set: ee329acf-e8b9-436d-ab6c-26dcd27b1be6
04-09 09:35:43.967  3072  3072 I cast_shell: [3075:3075:INFO:device_info_impl.cc(970)] Metrics client ID: ee329acf-e8b9-436d-ab6c-26dcd27b1be6
04-09 09:35:43.969  3072  3072 I cast_shell: [3075:3075:INFO:cast_metrics_service_client.cc(93)] Metrics client ID set: ee329acf-e8b9-436d-ab6c-26dcd27b1be6
04-09 09:35:43.969  3072  3072 I cast_shell: [3075:3075:INFO:device_info_impl.cc(970)] Metrics client ID: ee329acf-e8b9-436d-ab6c-26dcd27b1be6
04-09 09:35:43.972  3072  3072 I cast_shell: [3075:3088:INFO:crypto_manager.cc(75)] Creating private key: size=2048
04-09 09:35:43.972  3072  3072 I cast_shell: [3075:3075:INFO:cast_receiver_impl.cc(828)] Cast receiver started.
04-09 09:35:43.972  3072  3072 I cast_shell: [3075:3124:ERROR:socket_posix.cc(148)] bind() failed: Address already in use (98)
04-09 09:35:43.972  3072  3072 I cast_shell: [3075:3075:WARNING:cast_receiver_impl.cc(1126)] Network is not globally connected. Don't schedule config downloading yet.
04-09 09:35:43.972  3072  3072 I cast_shell: [3075:3124:INFO:v2_ssl_socket.cc(775)] IPv6 socket probably supports both IPv4 and IPv6
04-09 09:35:43.972  3072  3072 I cast_shell: [3075:3124:INFO:v2_unix_domain_socket_factory.cc(84)] Cast V2 Unix domain socket is listening: path=/tmp/cast-control
04-09 09:35:43.972  3072  3072 I cast_shell: [3075:3124:ERROR:broadcast_filter.cc(70)] Failed to join broadcast filter multicast group
04-09 09:35:43.975  3072  3072 I cast_shell: [3075:3124:WARNING:broadcast_filter.cc(120)] Failed to enable BroadcastFilter
04-09 09:35:43.975  3072  3072 I cast_shell: [3075:3123:INFO:metrics_recorder.cc(282)] cast event: Cast.Discovery.Mdns.SocketCreated
04-09 09:35:43.975  3072  3072 I cast_shell: [3075:3123:INFO:mdns_app_filter.cc(1254)] Created mDNS socket for interface:name=p2p1, address=192.168.2.1, index=7
04-09 09:35:43.976  3072  3072 I cast_shell: [3075:3123:INFO:metrics_recorder.cc(282)] cast event: Cast.Discovery.Mdns.SocketCreated
04-09 09:35:43.976  3072  3072 I cast_shell: [3075:3123:INFO:mdns_app_filter.cc(1254)] Created mDNS socket for interface:name=usb0, address=192.168.10.1, index=9
04-09 09:35:43.976  3072  3072 I cast_shell: [3075:3123:INFO:mdns_app_filter.cc(977)] MdnsAppFilter is starting.
04-09 09:35:43.976  3072  3072 I cast_shell: [3075:3123:INFO:metrics_recorder.cc(282)] cast event: Cast.Discovery.Mdns.ResponderStarted
04-09 09:35:43.976  3072  3072 I cast_shell: [3075:3075:INFO:ccs_manager_impl.cc(663)] Starting cloud ipc activity with CCS
04-09 09:35:43.976  3072  3072 I cast_shell: [3075:3075:INFO:ccs_manager_impl.cc(1286)] CcsManagerImpl opt_in.cloud_ipc pref changed: 1
04-09 09:35:43.976  3072  3072 I cast_shell: [3075:3075:INFO:ccs_manager_impl.cc(1322)] Waiting for all transports to be enabled
04-09 09:35:43.976  3072  3072 I cast_shell: [3075:3075:INFO:ccs_transport_gcm.cc(94)] Deferring GCM registration until connectivity is up
04-09 09:35:43.977  3072  3072 I cast_shell: [3075:3075:INFO:multizone_manager.cc(2397)] Resuming MultizoneManager
04-09 09:35:43.977  3072  3072 I cast_shell: [3075:3075:INFO:cast_receiver_impl.cc(934)] Cast receiver resumed.
04-09 09:35:43.977  3072  3072 I cast_shell: [3075:3075:WARNING:cast_receiver_impl.cc(1138)] Network is not globally connected. Don't schedule CRL downloading yet.
04-09 09:35:43.978  3072  3072 I cast_shell: [3075:3075:INFO:chromecast_service.cc(1935)] Network is disconnected, reconnecting Wifi.
04-09 09:35:43.978  3072  3072 I cast_shell: [3075:3122:ERROR:socket_posix.cc(148)] bind() failed: Address already in use (98)
04-09 09:35:43.978  3072  3072 I cast_shell: [3075:3075:WARNING:chromecast_service.cc(1807)] TOS not accepted yet
04-09 09:35:43.978  3072  3072 I cast_shell: [3075:3075:INFO:cast_receiver_impl.cc(1093)] Entering discovery-only mode
04-09 09:35:43.980  2730  2739 I HotspotManager: setting interface MAC addr
04-09 09:35:43.982  3072  3072 I cast_shell: [3075:3137:INFO:external_mojo_broker.cc(405)] Initializing external mojo broker at: /tmp/cast_mojo_broker
04-09 09:35:43.985  3072  3072 I cast_shell: [3075:3075:INFO:audio_focus_manager_impl.cc(27)] use_media_starting_block: 0
04-09 09:35:43.986  3072  3072 I cast_shell: [3075:3075:INFO:grpc_auth_manager_in_process.cc(135)] Initializing Auth.
04-09 09:35:43.987  3072  3072 I cast_shell: [3075:3075:INFO:grpc_manager_impl.cc(505)] GRPC[uri=[::]:8012]: num_pending_calls=0, num_active_handlers=0, num_free_handlers=0
04-09 09:35:43.990  3072  3072 I cast_shell: [3075:3139:ERROR:cast_audio_input_json.cc(33)] Failed to read JSON file: /etc/cast_audio_input.json
04-09 09:35:43.990  3072  3072 I cast_shell: [3075:3139:ERROR:channel_selector_reader.cc(44)] Failed to read audio input json
04-09 09:35:43.990  3072  3072 I cast_shell: [3075:3075:INFO:grpc_manager_impl.cc(317)] Grpc server started in port 8012
04-09 09:35:43.990  3072  3072 I cast_shell: [3075:3139:INFO:auto_volume.cc(107)] Auto volume is disabled
04-09 09:35:43.991  3072  3072 I cast_shell: [3075:3123:INFO:mdns_app_filter.cc(1605)] Re-probing due to newly registered service '1': _googlerpc
04-09 09:35:43.991  3072  3072 I cast_shell: [3075:3075:INFO:ccs_manager_impl.cc(851)] Network connectivity down for CcsManager
04-09 09:35:43.995  3072  3072 I cast_shell: [3075:3094:INFO:cast_auth_api_adaptor.cc(82)] CastAuth: init with library: libcast_auth.so
04-09 09:35:43.995  3072  3072 I cast_shell: [3075:3094:INFO:cast_auth_api_adaptor.cc(93)] CastAuth: common module initialization successful.
04-09 09:35:43.995  3072  3072 I cast_shell: [3075:3094:INFO:cast_auth_api_adaptor.cc(98)] CastAuth: model-based module initialization successful.
04-09 09:35:44.002  3072  3072 I cast_shell: [3075:3075:INFO:mdns_manager_impl.cc(468)] Setting new conflict callback
04-09 09:35:44.002  3072  3072 I cast_shell: [3075:3075:INFO:mdns_util.cc(102)] Defaulting mDNS capabilities for audio-only build
04-09 09:35:44.002  3072  3072 I cast_shell: [3075:3075:INFO:virtual_device_manager.cc(247)] Virtual device [PII](5ac3f6c7-15f8-9300-671d-e385986e1d56) using Cast V2 port 8009
04-09 09:35:44.002  3072  3072 I cast_shell: [3075:3075:INFO:ccs_manager_impl.cc(1322)] Waiting for all transports to be enabled
04-09 09:35:44.002  3072  3072 I cast_shell: [3075:3075:INFO:bluetooth_setup.cc(690)] Disabling connectability.
04-09 09:35:44.002  3072  3072 I cast_shell: [3075:3113:INFO:ble_setup.cc(789)] Missing required info for sign.
04-09 09:35:44.002  3072  3072 I cast_shell: [3075:3123:INFO:mdns_app_filter.cc(1605)] Re-probing due to newly registered service '2': _googlecast
04-09 09:35:44.002  3072  3072 I cast_shell: [3075:3123:INFO:mdns_util.cc(102)] Defaulting mDNS capabilities for audio-only build
04-09 09:35:44.002  3072  3072 I cast_shell: [3075:3075:INFO:input_manager_impl.cc(468)] Using virtual device 5ac3f6c7-15f8-9300-671d-e385986e1d56
04-09 09:35:44.002  3072  3072 I cast_shell: [3075:3123:INFO:mdns_util.cc(102)] Defaulting mDNS capabilities for audio-only build
04-09 09:35:44.003  3072  3072 I cast_shell: [3075:3075:INFO:metrics_recorder.cc(282)] cast event: Cast.System.Timezone.ChangeSuccessful
04-09 09:35:44.004  3072  3072 I cast_shell: [3075:3075:INFO:virtual_device.cc(254)] Registered mDNS service for virtual device: id=5ac3f6c7-15f8-9300-671d-e385986e1d56
04-09 09:35:44.033  2732  2760 I bluetoothtbd: [0408/210544.033307:INFO:adapter.cc(551)] Adapter properties changed
04-09 09:35:44.033  2732  2760 I bluetoothtbd: [0408/210544.033448:INFO:adapter.cc(573)] Adapter name changed
04-09 09:35:44.034  3072  3072 I cast_shell: [3075:3113:INFO:bluetooth_manager.cc(1232)] [PII] Set device name to 'LSB0148'
04-09 09:35:44.055  3072  3072 I cast_shell: [3075:3075:INFO:secure_storage_impl.cc(107)] Secure storage initialized.
04-09 09:35:44.055  3072  3072 I cast_shell: [3075:3075:INFO:ccs_manager_impl.cc(851)] Network connectivity down for CcsManager
04-09 09:35:44.130  2956  2967 D wac-main: Netlink event
04-09 09:35:44.130  2956  2967 E wac-main: Netlink event 16 Interface Index 6 
04-09 09:35:44.130  2956  2967 E wac-main: p2p0 event Link Changed : 1002 
04-09 09:35:44.130  2956  2967 E wac-main: Enter poll and wait
04-09 09:35:44.130  2710  2722 I yani_kernel: yani_geteventfrom_changeaddr() Message-Id '1' Netlink event '16' Interface Index '6' -> Name 'p2p0' 
04-09 09:35:44.135  3072  3072 I cast_shell: [system_updater_dummy.cpp(79)] Initialize
04-09 09:35:44.136  3072  3072 I cast_shell: [system_updater_dummy.cpp(29)] system_updater_socket_create
04-09 09:35:44.137  2730  2739 I HotspotManager: setSSID <SSID omitted> visible
04-09 09:35:44.139  2730  2739 E WifiUtil: command: "SCAN" failed: FAIL-BUSY
04-09 09:35:44.139  2730  2739 I HotspotManager: hotspot start
04-09 09:35:44.139  3072  3072 I cast_shell: [3075:3075:INFO:device_info_impl.cc(1094)] Primary netif changed: new=usb0, old=
04-09 09:35:44.139  3072  3072 I cast_shell: [3075:3075:INFO:device_info_impl.cc(1103)] Primary IP address changed: netif=usb0, new=192.168.10.1, old=
04-09 09:35:44.145  2963  2995 I otamanager: OTAManager connected to CastUpdater via  /tmp/socket/system_updater
04-09 09:35:44.146  2963  2995 I otamanager: cast_updater_threadEntry socket handle 5
04-09 09:35:44.147  3072  3072 I cast_shell: [3075:3075:INFO:cast_receiver_impl.cc(1612)] mDNS Discovery stopped.
04-09 09:35:44.147  3072  3072 I cast_shell: [3075:3075:INFO:cast_receiver_impl.cc(1667)] Network is globally disconnected. Refresh CcsManager
04-09 09:35:44.147  3072  3072 I cast_shell: [3075:3075:INFO:iot_auth_manager_wrapper.cc(307)] Network provider informed of disconnected network status.
04-09 09:35:44.147  3072  3072 I cast_shell: [3075:3123:INFO:mdns_app_filter.cc(1702)] MdnsAppFilter is stopping
04-09 09:35:44.147  3072  3072 I cast_shell: [3075:3123:INFO:metrics_recorder.cc(282)] cast event: Cast.Discovery.Mdns.ResponderStopped
04-09 09:35:44.147  3072  3072 I cast_shell: [3075:3123:INFO:mdns_app_filter.cc(1709)] MdnsAppFilter is stopping; closing socket: address=192.168.2.1
04-09 09:35:44.147  3072  3072 I cast_shell: [3075:3123:INFO:metrics_recorder.cc(282)] cast event: Cast.Discovery.Mdns.SocketDestroyed
04-09 09:35:44.147  3072  3072 I cast_shell: [3075:3123:INFO:mdns_app_filter.cc(1709)] MdnsAppFilter is stopping; closing socket: address=192.168.10.1
04-09 09:35:44.147  3072  3072 I cast_shell: [3075:3123:INFO:metrics_recorder.cc(282)] cast event: Cast.Discovery.Mdns.SocketDestroyed
04-09 09:35:44.147  3072  3072 I cast_shell: [3075:3123:INFO:metrics_recorder.cc(282)] cast event: Cast.Discovery.Mdns.SocketCreated
04-09 09:35:44.147  3072  3072 I cast_shell: [3075:3123:INFO:mdns_app_filter.cc(1254)] Created mDNS socket for interface:name=p2p1, address=192.168.2.1, index=7
04-09 09:35:44.158  2732  2760 I bluetoothtbd: [0408/210544.158508:INFO:adapter.cc(551)] Adapter properties changed
04-09 09:35:44.158  3072  3072 I cast_shell: [3075:3113:INFO:bluetooth_manager.cc(115)] Record action: Cast.Bluetooth.DiscoveryMode.Disable
04-09 09:35:44.159  3072  3072 I cast_shell: [3075:3113:INFO:ble_setup.cc(1096)] LAT flag change 0
04-09 09:35:44.162  3072  3072 I cast_shell: [3075:3113:INFO:ble_setup.cc(1106)] Cleared generated LAT.
04-09 09:35:44.162  3072  3072 I cast_shell: [3075:3113:WARNING:setup_manager_impl.cc(1136)] NAT not supported, no captive portal support.
04-09 09:35:44.425  2957  3006 I LibreCastControl: LibreCastControl_init() Socket Initialized
04-09 09:35:44.435  2957  3006 E LibreCastControl: PULSAR:CreateCastControlThread:18
04-09 09:35:44.435  2957  3006 E LibreCastControl: Create LibreCastLUCITimerThreadInit 
04-09 09:35:44.435  2957  3152 E LibreCastControl: PULSAR:Run:23
04-09 09:35:44.436  2957  3153 E LibreCastControl: Timer Sem Wait Start iCastPlayerstate = 0 
04-09 09:35:44.449  2690  2690 I sh      : [0408/210544.449016:INFO:cast_control_impl.cc(744)] CastControl has started running.
04-09 09:35:44.450  2690  2690 I sh      : [0408/210544.449865:INFO:cast_control_impl.cc(745)] Attempting to connect CastMessageService. socket=/tmp/cast-control
04-09 09:35:44.452  2957  3152 I LibreCastControlDelegate: OnCastStatus() +++ :0xab6c9198:STARTING
04-09 09:35:44.452  2690  2690 I sh      : [0408/210544.452811:INFO:cast_control_socket.cc(64)] Successfully connected Cast Control Socket
04-09 09:35:44.453  2957  3152 E LibreCastControlDelegate: OnCastStatus:177
04-09 09:35:44.454  2957  3152 I LibreCastControl: LibreCastControl_SetCastName()  name 'Lyric Speaker Box 21f384' RequestId '1' pCastControl 0xf4f00728
04-09 09:35:44.454  2957  3152 I LibreCastControlDelegate: Active Applications -> 0
04-09 09:35:44.454  2957  3152 I LibreCastControlDelegate: Current Cast State '1' -> 'STARTING'
04-09 09:35:44.454  2957  3152 I LibreCastControlDelegate: OnCastStatus() ---
04-09 09:35:44.455  2690  2690 I sh      : [0408/210544.454951:INFO:cast_message_service_impl.cc(185)] Sending connect message!
04-09 09:35:44.459  3072  3072 I cast_shell: [3075:3124:INFO:metrics_recorder.cc(282)] Cast v2 action(socket_id=domain-socket@/tmp/cast-control.1): CastV2.Connection.Connect.In
04-09 09:35:44.459  3072  3072 I cast_shell: [3075:3075:INFO:resource_namespace_handler.cc(307)] Setting resource provider: sender_id=domain-socket@/tmp/cast-control.1:system-0
04-09 09:35:44.460  2690  2690 I sh      : [0408/210544.459977:INFO:cast_message_service_impl.cc(1007)] CastMessageServiceImpl matched versions
04-09 09:35:44.624  2730  2739 I WifiUtil: get p2p0 channel 6 (2437MHz)
04-09 09:35:44.624  2730  2739 I HotspotManager: start hostapd at channel=6 SSID=<SSID omitted> hidden_ssid=0
04-09 09:35:44.630  2956  2967 D wac-main: Netlink event
04-09 09:35:44.630  2956  2967 E wac-main: Netlink event 20 Interface Index 6 
04-09 09:35:44.630  2956  2967 E wac-main: Enter poll and wait
04-09 09:35:44.630  2956  2967 D wac-main: Netlink event
04-09 09:35:44.630  2956  2967 E wac-main: Netlink event 21 Interface Index 6 
04-09 09:35:44.630  2956  2967 E wac-main: Enter poll and wait
04-09 09:35:44.663  2732  2760 I bluetoothtbd: [0408/210544.663187:INFO:adapter.cc(551)] Adapter properties changed
04-09 09:35:44.663  2732  2760 I bluetoothtbd: [0408/210544.663348:INFO:adapter.cc(573)] Adapter name changed
04-09 09:35:44.663  3072  3072 I cast_shell: [3075:3113:INFO:bluetooth_manager.cc(1232)] [PII] Set device name to 'Lyric Speaker Box 21f384'
04-09 09:35:44.664  3072  3072 I cast_shell: [3075:3113:INFO:bluetooth_manager.cc(1232)] [PII] Set device name to 'Lyric Speaker Box 21f384'
04-09 09:35:44.664  3072  3072 I cast_shell: [3075:3075:INFO:mdns_manager_impl.cc(429)] Successfully updated service: type=_googlecast
04-09 09:35:44.664  3072  3072 I cast_shell: [3075:3075:INFO:virtual_device.cc(296)] Updated mDNS service for virtual device: id=5ac3f6c7-15f8-9300-671d-e385986e1d56
04-09 09:35:44.669  2711  2720 I luciUART: write() MID = 208  bytes = 15 data = ssid: m_fd = 0x5
04-09 09:35:44.669  2711  2720 E LUCI_SERVER: NV_READ response= ssid:
04-09 09:35:44.669  2711  2720 E LUCI_SERVER: Luci Server Thread waiting for packets....
04-09 09:35:44.670  2957  3152 I LibreCastControlDelegate: Active Applications -> 0
04-09 09:35:44.670  2957  3152 I LibreCastControlDelegate: Current Cast State '2' -> 'NOT_SETUP'
04-09 09:35:44.670  2957  3152 I LibreCastControlDelegate: OnCastStatus() ---
04-09 09:35:44.671  2690  2690 I sh      : [0408/210544.670897:INFO:cast_message_service_impl.cc(1037)] Received initial eureka info
04-09 09:35:44.672  2690  2690 I sh      : [0408/210544.672356:INFO:cast_message_service_impl.cc(1067)] Received initial receiver info
04-09 09:35:44.672  2690  2690 I sh      : [0408/210544.672599:INFO:cast_message_service_impl.cc(1073)] Sent PlatformSettingsRegister message
04-09 09:35:44.672  2957  3152 I LibreCastControlDelegate: OnControlConnected()
04-09 09:35:44.695  2957  3152 I LibreCastControl: LibreCastControl_RequestGVAStatus() RequestId '4' pCastControl 0xf4f00728
04-09 09:35:44.695  2690  2690 I sh      : [0408/210544.695783:INFO:cast_message_service_impl.cc(1076)] CastMessageServiceImpl is ready
04-09 09:35:44.696  3072  3072 I cast_shell: [3075:3075:INFO:assistant_namespace_handler.cc(144)] Added a status listening peer for assistant namespace: domain-socket@/tmp/cast-control.1:system-0
04-09 09:35:44.697  2957  3152 I LibreCastControlDelegate: OnResponse() ReqeustID 4, error  0
