04-09 10:03:45.802  3082  3082 I cast_shell: [3085:3093:INFO:parent_tracker.cc(237)] Network changed
04-09 10:03:45.802  3082  3082 I cast_shell: [3085:3093:INFO:parent_tracker.cc(132)] No need to recreate socket
04-09 10:03:45.806  3082  3082 I cast_shell: [3085:3478:INFO:net_util_impl.cc(582)] IP address: [PII](192.168.1.1) MAC address: [PII](C8:B3:73:44:AE:ED)
04-09 10:03:45.806  3082  3082 I cast_shell: [3085:3478:INFO:local_network_info_impl.cc(346)] LNID changed:
04-09 10:03:45.807  3082  3082 I cast_shell: [3085:3085:INFO:ccs_manager_impl.cc(1789)] LNID has changed; Will re-register CCS
04-09 10:03:45.813  3082  3082 I cast_shell: [3085:3478:INFO:net_util_impl.cc(582)] IP address: [PII](192.168.1.1) MAC address: [PII](C8:B3:73:44:AE:ED)
04-09 10:03:46.156  3082  3082 I cast_shell: [3085:3134:INFO:mdns_app_filter.cc(1403)] MdnsAppFilter: Done probing.
04-09 10:03:46.281  3082  3082 I cast_shell: [3085:3124:INFO:metrics_recorder.cc(282)] Record action: Setup.state.BLE
04-09 10:03:46.465  3082  3082 I cast_shell: [3085:3121:INFO:snr_tracker.cc(50)] snr = 52
04-09 10:03:46.536  3082  3082 I cast_shell: [3085:3085:INFO:lycra_gcm.cc(212)] Registered GCM handler
04-09 10:03:46.637  3082  3082 I cast_shell: [3085:3085:INFO:ccs_transport_gcm.cc(244)] Registered GCM handler
04-09 10:03:46.637  3082  3082 I cast_shell: [3085:3085:INFO:ccs_manager_impl.cc(1322)] Waiting for all transports to be enabled
04-09 10:03:46.652  3082  3082 I cast_shell: [3085:3478:INFO:crl_downloader.cc(155)] CRL processed.
04-09 10:03:46.653  3082  3082 I cast_shell: [3085:3478:INFO:metrics_recorder.cc(282)] cast event: Cast.CRL.DownloadSuccess
04-09 10:03:46.655  3082  3082 I cast_shell: [3085:3478:INFO:client_auth_signer.cc(211)] Cast certificate verification: CastCertError::OK
04-09 10:03:46.655  3082  3082 I cast_shell: [3085:3478:INFO:metrics_recorder.cc(282)] cast event: Cast.Auth.OK
04-09 10:03:46.765  3082  3082 I cast_shell: [3085:3093:INFO:heartbeat_manager.cc(272)] Set HBInterval default: 1680000
04-09 10:03:46.765  3082  3082 I cast_shell: [3085:3085:INFO:gcm_manager.cc(233)] GCM connection established.
04-09 10:03:46.805  3082  3082 I cast_shell: [system_updater_dummy.cpp(139)] CheckUpdate 139
04-09 10:03:46.805  3082  3082 I cast_shell: [system_updater_dummy.cpp(148)] CheckUpdate 148 return
04-09 10:03:47.163  3082  3082 I cast_shell: [3085:3085:INFO:grpc_service_discovery_impl.cc(185)] Mdns discovered google RPC for [PII](765C33A78AAC80C58F32442F885EF9C3).
04-09 10:03:47.216  3082  3082 I cast_shell: [3085:3085:INFO:config_downloader.cc(700)] Received Protobuf config response
04-09 10:03:47.229  3082  3082 I cast_shell: [3085:3085:INFO:application_manager_impl.cc(2024)] max_background_apps changed to: 1
04-09 10:03:47.229  3082  3082 I cast_shell: [3085:3085:ERROR:modular_update_manager_impl.cc(382)] No modular updater app ID can be found in device config.
04-09 10:03:47.239  3082  3082 I cast_shell: [3085:3085:INFO:ccs_settings.cc(262)] CcsSettings using CCS url https://clients5.google.com/cast/cloudcast/
04-09 10:03:47.261  3082  3082 I cast_shell: [3085:3085:INFO:application_config_manager_impl.cc(528)] Setting default remote control app ID: 1374D8AA
04-09 10:03:47.261  3082  3082 I cast_shell: [3085:3085:INFO:application_identification_settings.cc(410)] new ApplicationIdentificationSettings session_id: 6a7aaaec-d1c0-41f0-84ac-848b97d68597 app_id: 38579375 flags: 7 headers: 512
04-09 10:03:47.262  3082  3082 I cast_shell: [3085:3085:WARNING:ccs_manager_impl.cc(1566)] Device does not have a weave device id
04-09 10:03:47.262  3082  3082 I cast_shell: [3085:3085:INFO:mdns_util.cc(102)] Defaulting mDNS capabilities for audio-only build
04-09 10:03:47.262  3082  3082 I cast_shell: [3085:3085:INFO:mdns_util.cc(102)] Defaulting mDNS capabilities for audio-only build
04-09 10:03:47.262  3082  3082 I cast_shell: [3085:3085:INFO:ccs_transport_https.cc(1203)] No cloud settings for register request
04-09 10:03:47.271  2954  3161 I LibreCastControlDelegate: OnCastStatus() +++ Bedroom speaker 2:0xac7a6198:NOT_SETUP
04-09 10:03:47.271  2954  3161 I LibreCastControlDelegate: Device Build Number -> '1.52.272222'
04-09 10:03:47.271  2954  3161 I librecast: updateCastBuildVersion() Version 1.52.272222
04-09 10:03:47.272  2712  2712 I lucitransport: readRemoteMessage() MID char = 7 buffer = 1.52.272222
04-09 10:03:47.272  2954  3161 I LibreCastControlDelegate: Active Applications -> 0
04-09 10:03:47.272  2954  3161 I LibreCastControlDelegate: Current Cast State '2' -> 'NOT_SETUP'
04-09 10:03:47.272  2954  3161 I LibreCastControlDelegate: OnCastStatus() ---
04-09 10:03:47.273  3082  3082 I cast_shell: [3085:3085:INFO:ccs_manager_impl.cc(1496)] Registering device with CCS: message_id = 4334a5f9-615f-474f-832c-686e724a7825
04-09 10:03:47.273  3082  3082 I cast_shell: [3085:3085:INFO:ccs_manager_impl.cc(1497)] [PII] device_id = 765C33A78AAC80C58F32442F885EF9C3
04-09 10:03:47.273  3082  3082 I cast_shell: [3085:3085:INFO:application_identification_settings.cc(410)] new ApplicationIdentificationSettings session_id: 3d5649ec-1751-4917-b168-1fcff39120e9 app_id: 38579375 flags: 7 headers: 512
04-09 10:03:47.273  3082  3082 I cast_shell: [3085:3085:INFO:robot_account_auth_manager.cc(470)] Successfully initialized JWT for 38579375
04-09 10:03:47.273  3082  3082 I cast_shell: [3085:3085:INFO:config_downloader.cc(900)] Clearing local config cache
04-09 10:03:47.273  3082  3082 I cast_shell: [3085:3085:INFO:metrics_recorder.cc(282)] Record action: Cast.DCS.DownloadSuccess
04-09 10:03:47.273  3082  3082 I cast_shell: [3085:3085:INFO:key_exchange_namespace_handler.cc(178)] Changing key_exchange_support capability
04-09 10:03:47.274  3082  3082 I cast_shell: [3085:3085:INFO:mdns_util.cc(102)] Defaulting mDNS capabilities for audio-only build
04-09 10:03:47.274  3082  3082 I cast_shell: [3085:3085:INFO:chromecast_service.cc(2229)] AoGH feature is: 0
04-09 10:03:47.275  3082  3082 I cast_shell: [3085:3085:INFO:chromecast_service.cc(2189)] Geolocation changed to: 0
04-09 10:03:47.275  3082  3082 I cast_shell: [3085:3134:INFO:mdns_util.cc(102)] Defaulting mDNS capabilities for audio-only build
04-09 10:03:47.275  3082  3082 I cast_shell: [3085:3085:INFO:lycra_transport.cc(301)] Feature flag changed: false
04-09 10:03:47.275  3082  3082 I cast_shell: [3085:3085:INFO:chromecast_service.cc(2248)] Playback disruption feature is: 1
04-09 10:03:47.275  3082  3082 I cast_shell: [3085:3085:INFO:playback_disruption_service.cc(328)] Playback disruption service enabled and running
04-09 10:03:47.275  3082  3082 I cast_shell: [3085:3085:INFO:ccs_manager_impl.cc(864)] Re-registering single CCS device
04-09 10:03:47.275  3082  3082 I cast_shell: [3085:3085:WARNING:ccs_manager_impl.cc(1566)] Device does not have a weave device id
04-09 10:03:47.275  3082  3082 I cast_shell: [3085:3085:INFO:mdns_util.cc(102)] Defaulting mDNS capabilities for audio-only build
04-09 10:03:47.275  3082  3082 I cast_shell: [3085:3085:INFO:mdns_util.cc(102)] Defaulting mDNS capabilities for audio-only build
04-09 10:03:47.276  3082  3082 I cast_shell: [3085:3085:INFO:ccs_transport_https.cc(1203)] No cloud settings for register request
04-09 10:03:47.276  3082  3082 I cast_shell: [3085:3085:INFO:application_identification_settings.cc(1120)] CreateJwt in progress; storing callback.
04-09 10:03:47.276  3082  3082 I cast_shell: [3085:3085:INFO:ccs_manager_impl.cc(1496)] Registering device with CCS: message_id = 18ba3af9-271c-4e4d-84eb-6c4b7aa891f3
04-09 10:03:47.276  3082  3082 I cast_shell: [3085:3085:INFO:ccs_manager_impl.cc(1497)] [PII] device_id = 765C33A78AAC80C58F32442F885EF9C3
04-09 10:03:47.304  3082  3082 I cast_shell: [3085:3085:INFO:metrics_recorder.cc(282)] cast event: Cloud.Transport.Https.Register.Out
04-09 10:03:47.305  3082  3082 I cast_shell: [3085:3085:INFO:application_identification_settings.cc(1331)] CreateJwt completed; running all done signing callbacks.
04-09 10:03:47.305  3082  3082 I cast_shell: [3085:3085:INFO:robot_account_auth_manager.cc(496)] JWT expiry in 3600 seconds
04-09 10:03:47.305  3082  3082 I cast_shell: [3085:3085:INFO:robot_account_auth_manager.cc(384)] Sending oauth request for client_id: 0
04-09 10:03:47.306  3082  3082 I cast_shell: [3085:3085:INFO:metrics_recorder.cc(282)] cast event: Cast.Assistant.Auth.FetchToken
04-09 10:03:47.306  3082  3082 I cast_shell: [3085:3478:INFO:chromium_http_connection.cc(436)] Creating a new chromium http url loader factory
04-09 10:03:47.306  3082  3082 I cast_shell: [3085:3085:INFO:metrics_recorder.cc(282)] cast event: Cloud.Transport.Https.Register.Out
04-09 10:03:47.316  3082  3082 I cast_shell: [3085:3124:INFO:metrics_recorder.cc(282)] Record action: Setup.state.BLE
04-09 10:03:47.829  3082  3082 I cast_shell: [system_updater_dummy.cpp(139)] CheckUpdate 139
04-09 10:03:47.829  3082  3082 I cast_shell: [system_updater_dummy.cpp(148)] CheckUpdate 148 return
04-09 10:03:48.053  3082  3082 I cast_shell: [3085:3085:INFO:application_config_manager_impl.cc(637)] Virtual device not enabled: [PII](2cec482d-81db-be4d-3d6f-59c6d1e36b0e)
04-09 10:03:48.053  3082  3082 I cast_shell: [3085:3085:WARNING:application_config_manager_impl.cc(424)] App is not supported: id=CC1AD845
04-09 10:03:48.054  3082  3082 I cast_shell: [3085:3134:INFO:mdns_app_filter.cc(2645)] MdnsAppFilter: responses sent in 229 seconds: 1
04-09 10:03:48.092  3082  3082 I cast_shell: [3085:3085:INFO:robot_account_auth_manager.cc(525)] Got CAS response: 200
04-09 10:03:48.092  3082  3082 I cast_shell: [3085:3085:INFO:metrics_recorder.cc(282)] cast event: Cast.Assistant.AuthError.NOT_LINKED
04-09 10:03:48.092  3082  3082 I cast_shell: [3085:3085:INFO:robot_account_auth_manager.cc(776)] Current error: TOKEN_NOT_FETCHED, new error: NOT_LINKED
04-09 10:03:48.092  3082  3082 I cast_shell: [3085:3085:INFO:user_auth_impl.cc(207)] Notified all the observers of new auth tokens.
04-09 10:03:48.152  2953  2964 D wac-main: Netlink event
04-09 10:03:48.152  2953  2964 E wac-main: Netlink event 16 Interface Index 5 
04-09 10:03:48.152  2953  2964 E wac-main: Enter poll and wait
04-09 10:03:48.152  2953  2964 D wac-main: Netlink event
04-09 10:03:48.152  2953  2964 E wac-main: Netlink event 16 Interface Index 5 
04-09 10:03:48.152  2953  2964 E wac-main: Enter poll and wait
04-09 10:03:48.153  2711  2723 I yani_kernel: yani_geteventfrom_changeaddr() Message-Id '1' Netlink event '16' Interface Index '5' -> Name 'wlan0' 
04-09 10:03:48.169  2954  3161 I LibreCastControlDelegate: OnCastStatus() +++ Bedroom speaker 2:0xac7a6198:NOT_SETUP
04-09 10:03:48.169  2954  3161 I LibreCastControlDelegate: Device Build Number -> '1.52.272222'
04-09 10:03:48.169  2954  3161 I librecast: updateCastBuildVersion() Version 1.52.272222
04-09 10:03:48.170  2712  2712 I lucitransport: readRemoteMessage() MID char = 7 buffer = 1.52.272222
04-09 10:03:48.170  2711  2723 I yani_server: NetLink Event '-1' Interface-Index '5' WLAN '-1' Ethernet '-1' Parsed-iFill '-1' -> 'INVALID' ifIndex '1' -> 'lo'
04-09 10:03:48.170  2954  3161 I LibreCastControlDelegate: Active Applications -> 0
04-09 10:03:48.170  2954  3161 I LibreCastControlDelegate: Current Cast State '2' -> 'NOT_SETUP'
04-09 10:03:48.170  2954  3161 I LibreCastControlDelegate: OnCastStatus() ---
04-09 10:03:48.170  2711  2723 I yani_server: NetLink Event '-1' Interface-Index '5' WLAN '0' Ethernet '-1' Parsed-iFill '-1' -> 'INVALID' ifIndex '1' -> 'lo'
04-09 10:03:48.175  2711  2723 I chatty  : uid=0(root) YaniServer identical 7 lines
04-09 10:03:48.176  2711  2723 I yani_server: NetLink Event '-1' Interface-Index '5' WLAN '0' Ethernet '-1' Parsed-iFill '-1' -> 'INVALID' ifIndex '1' -> 'lo'
04-09 10:03:48.176  2711  2723 I yani_kernel: yani_geteventfrom_changeaddr() Message-Id '1' Netlink event '16' Interface Index '5' -> Name 'wlan0' 
04-09 10:03:48.313  3082  3082 I cast_shell: [3085:3135:INFO:metrics_recorder.cc(282)] Cast v2 action(socket_id=2cec482d-81db-be4d-3d6f-59c6d1e36b0e.2): CastV2.Connection.Connect.In
04-09 10:03:48.314  3082  3082 I cast_shell: [3085:3085:INFO:application_config_manager_impl.cc(637)] Virtual device not enabled: [PII](2cec482d-81db-be4d-3d6f-59c6d1e36b0e)
04-09 10:03:48.314  3082  3082 I cast_shell: [3085:3085:WARNING:application_config_manager_impl.cc(424)] App is not supported: id=CC1AD845
04-09 10:03:48.314  3082  3082 I cast_shell: [3085:3124:INFO:setup_namespace_handler.cc(94)] Added a peer for setup namespace: 2cec482d-81db-be4d-3d6f-59c6d1e36b0e.2:gms_cast_prober-1
04-09 10:03:48.315  3082  3082 I cast_shell: [3085:3124:INFO:setup_state.cc(544)] EurekaInfoCalled: wifi_state=10, is_usable_ip_address=1, connected=1, is_initial_setup=0
04-09 10:03:48.332  3082  3082 I cast_shell: [3085:3085:INFO:mdns_util.cc(102)] Defaulting mDNS capabilities for audio-only build
04-09 10:03:48.332  3082  3082 I cast_shell: [3085:3085:INFO:mdns_util.cc(102)] Defaulting mDNS capabilities for audio-only build
04-09 10:03:48.345  3082  3082 I cast_shell: [3085:3124:INFO:setup_namespace_handler.cc(104)] Removed a peer for setup namespace: 2cec482d-81db-be4d-3d6f-59c6d1e36b0e.2:gms_cast_prober-1
04-09 10:03:48.346  3082  3082 I cast_shell: [3085:3135:INFO:v2_ssl_socket.cc(358)] Stop reading on pending closed socket
04-09 10:03:48.352  3082  3082 I cast_shell: [3085:3124:INFO:metrics_recorder.cc(282)] Record action: Setup.state.BLE
04-09 10:03:48.759  2960  2977 I otamanager: OTA:curl response code : 0	
04-09 10:03:48.759  2960  2977 I otamanager: http status code : 200
04-09 10:03:48.759  2960  2977 I otamanager: OTA: contentLen :187.000000
04-09 10:03:48.767  2960  2977 I otamanager: OTA: bytesDownloaded = 187 m_iHttpStatusCode = 200 
04-09 10:03:48.771  2691  2691 I sh      : {
04-09 10:03:48.771  2960  2977 E otamanager: OTA:error string =  No update available
04-09 10:03:48.771  2691  2691 I sh      : 	"castVersion" : null,
04-09 10:03:48.771  2691  2691 I sh      : 	"crc" : null,
04-09 10:03:48.771  2691  2691 I sh      : 	"errorCode" : 1001,
04-09 10:03:48.771  2691  2691 I sh      : 	"errorString" : "No update available",
04-09 10:03:48.771  2691  2691 I sh      : 	"forceUpgrade" : true,
04-09 10:03:48.771  2691  2691 I sh      : 	"mcuOnlyUpdate" : false,
04-09 10:03:48.772  2712  2712 I lucitransport: writeRemoteMessage() MID = 223 buffer = NO_UPDATE
04-09 10:03:48.772  2712  2712 I luciUART: write() MID = 223  bytes = 19 data = NO_UPDATE m_fd = 0x5
04-09 10:03:48.772  2960  2977 I otamanager: Firmware Update State Change from CheckUpdate to Idle
04-09 10:03:48.772  3085  3095 E         : OOBE CheckUpdate
04-09 10:03:48.778  3082  3082 I cast_shell: [system_updater_dummy.cpp(132)] CheckUpdate 132 no new version
04-09 10:03:48.779  3082  3082 I cast_shell: [3085:3095:INFO:update_engine_client_with_system_updater.cc(226)] No system force update, error_code=0
04-09 10:03:48.779  3082  3082 I cast_shell: [3085:3095:INFO:update_engine_client_with_system_updater.cc(167)] Checking system force update.
04-09 10:03:48.779  3082  3082 I cast_shell: [system_updater_dummy.cpp(109)] CheckUpdate
04-09 10:03:48.779  2960  2977 I otamanager: cast_updater_threadEntry() Response 'CheckUpdate' Current Firmware Update state 'Idle'
04-09 10:03:48.779  3082  3082 I cast_shell: [system_updater_dummy.cpp(148)] CheckUpdate 148 return
04-09 10:03:48.779  2960  2977 I otamanager: checkUpdate_l
04-09 10:03:48.779  3082  3082 I cast_shell: [system_updater_dummy.cpp(148)] CheckUpdate 148 return
04-09 10:03:48.779  2960  2977 I otamanager: Firmware Update State Change from Idle to CheckUpdate
04-09 10:03:48.950  2960  2977 I otamanager: OTA:ResolveDNSName IP = 34.195.98.179
04-09 10:03:48.950  2960  2977 I otamanager: OTA:hostIp string: https://34.195.98.179/v1
04-09 10:03:48.951  2960  2977 I otamanager: OTA: trying after 2 sec 
04-09 10:03:49.284  3082  3082 I cast_shell: [3085:3134:INFO:mdns_app_filter.cc(1526)] MdnsAppFilter: Done announcing.
04-09 10:03:49.386  3082  3082 I cast_shell: [3085:3124:INFO:metrics_recorder.cc(282)] Record action: Setup.state.BLE
04-09 10:03:49.781  3082  3082 I cast_shell: [system_updater_dummy.cpp(139)] CheckUpdate 139
04-09 10:03:49.781  3082  3082 I cast_shell: [system_updater_dummy.cpp(148)] CheckUpdate 148 return
04-09 10:03:50.421  3082  3082 I cast_shell: [3085:3124:INFO:metrics_recorder.cc(282)] Record action: Setup.state.BLE
04-09 10:03:50.519  2960  2977 I otamanager: OTA:curl response code : 0	
04-09 10:03:50.519  2960  2977 I otamanager: http status code : 200
04-09 10:03:50.519  2960  2977 I otamanager: OTA: contentLen :187.000000
04-09 10:03:50.528  2960  2977 I otamanager: OTA: bytesDownloaded = 187 m_iHttpStatusCode = 200 
04-09 10:03:50.529  2691  2691 I sh      : }{
04-09 10:03:50.529  2960  2977 E otamanager: OTA:error string =  No update available
04-09 10:03:50.529  2691  2691 I sh      : 	"castVersion" : null,
04-09 10:03:50.529  2691  2691 I sh      : 	"crc" : null,
04-09 10:03:50.529  2691  2691 I sh      : 	"errorCode" : 1001,
04-09 10:03:50.529  2691  2691 I sh      : 	"errorString" : "No update available",
04-09 10:03:50.529  2691  2691 I sh      : 	"forceUpgrade" : true,
04-09 10:03:50.529  2691  2691 I sh      : 	"mcuOnlyUpdate" : false,
04-09 10:03:50.529  2691  2691 I sh      : 	"otapackage" : null,
04-09 10:03:50.529  2691  2691 I sh      : 	"url" : null,
04-09 10:03:50.530  2960  2977 I otamanager: Firmware Update State Change from CheckUpdate to Idle
04-09 10:03:50.531  3082  3082 I cast_shell: [system_updater_dummy.cpp(132)] CheckUpdate 132 no new version
04-09 10:03:50.531  3082  3082 I cast_shell: [3085:3095:INFO:update_engine_client_with_system_updater.cc(226)] No system force update, error_code=0
04-09 10:03:42.301  2731  2745 I chatty  : uid=0(root) /bin/net_mgr identical 1 line
04-09 10:03:42.455  2731  2745 I NetworkMonitor: turn off power-save
04-09 10:03:50.535  2731  2745 I HotspotManager: hotspot stop
04-09 10:03:50.535  2731  2745 I HotspotManager: stop dnsmasq
04-09 10:03:50.535  3165  3165 I dnsmasq : exiting on receipt of SIGTERM
04-09 10:03:50.538  3082  3082 I cast_shell: [3085:3124:INFO:setup_state.cc(261)] Setup state changed: SETUP_STATE_CONNECTED_WIFI_NOT_SAVED (61) -> SETUP_STATE_CONNECTED (60)
04-09 10:03:50.538  3082  3082 I cast_shell: [3085:3124:INFO:setup_manager_impl.cc(1019)] Setup discoverability is disabled
04-09 10:03:50.538  3082  3082 I cast_shell: [3085:3124:INFO:ble_setup_manager.cc(758)] Clearing setup read attributes
04-09 10:03:50.538  3082  3082 I cast_shell: [3085:3124:INFO:gatt_client_manager_impl.cc(202)] Enabling GATT client connectability
04-09 10:03:50.538  3082  3082 I cast_shell: [3085:3124:INFO:ble_setup_manager.cc(620)] Stopped Bluetooth service
04-09 10:03:50.549  3082  3082 I cast_shell: [3085:3085:INFO:cast_receiver_impl.cc(1100)] Leaving discovery-only mode
04-09 10:03:50.549  3082  3082 I cast_shell: [3085:3085:INFO:application_config_manager_impl.cc(566)] Enabling virtual device 2cec482d-81db-be4d-3d6f-59c6d1e36b0e
04-09 10:03:50.550  3082  3082 I cast_shell: [3085:3124:INFO:gatt_client_manager_impl.cc(202)] Enabling GATT client connectability
04-09 10:03:50.550  3082  3082 I cast_shell: [3085:3134:INFO:mdns_cast_service.cc(351)] Device discovery state is idle
04-09 10:03:50.550  3082  3082 I cast_shell: [3085:3134:INFO:mdns_util.cc(102)] Defaulting mDNS capabilities for audio-only build
04-09 10:03:50.550  3082  3082 I cast_shell: [3085:3124:INFO:gatt_client_manager_impl.cc(202)] Enabling GATT client connectability
04-09 10:03:50.550  3082  3082 I cast_shell: [3085:3085:INFO:ble_discovery_controller.cc(121)] Starting BLE discovery
04-09 10:03:50.550  3082  3082 I cast_shell: [3085:3124:INFO:gatt_client_manager_impl.cc(202)] Enabling GATT client connectability
04-09 10:03:50.550  3082  3082 I cast_shell: [3085:3124:INFO:ble_setup_manager.cc(744)] Started Bluetooth service
04-09 10:03:50.550  3082  3082 I cast_shell: [3085:3124:INFO:gatt_client_manager_impl.cc(202)] Enabling GATT client connectability
04-09 10:03:50.552  2954  3161 I LibreCastControlDelegate: OnCastStatus() +++ Bedroom speaker 2:0xac7a6198:READY_TO_CAST
04-09 10:03:50.553  2954  3161 I LibreCastControlDelegate: Cast Device Name -> 'Bedroom speaker 2'
04-09 10:03:50.553  2954  3161 I librecast: OldFriendlyName '' & New name change By Cast 'Bedroom speaker 2' isfirstbootup 56 m_updatedonebyluci 95
04-09 10:03:50.553  2954  3161 I librecast:  Difference in FriendlyName notify all  
04-09 10:03:50.553  2954  3161 I LibreCastControl: LibreCastControl_SetCastName()  name 'Bedroom speaker 2' RequestId '6' pCastControl 0xf4c00728
04-09 10:03:50.553  2712  2712 I lucitransport: writeRemoteMessage() MID = 90 buffer = Bedroom speaker 2
04-09 10:03:50.553  2712  2712 I luciUART: write() MID = 90  bytes = 27 data = Bedroom speaker 2 m_fd = 0x5
04-09 10:03:50.554  2712  2712 I lucitransport: writeLocalMessage() MID = 90 buffer = Bedroom speaker 2
04-09 10:03:50.554  2712  2721 E LUCI_SERVER: Luci Server Thread wait over MID 90....
04-09 10:03:50.561  2954  3161 I LibreCastControlDelegate: Device Build Number -> '1.52.272222'
04-09 10:03:50.565  2734  2762 I bluetoothtbd: [0408/213350.565734:INFO:adapter.cc(551)] Adapter properties changed
04-09 10:03:50.565  2734  2762 I bluetoothtbd: [0408/213350.565881:INFO:adapter.cc(573)] Adapter name changed
04-09 10:03:50.566  3082  3082 I cast_shell: [3085:3124:INFO:bluetooth_manager.cc(1232)] [PII] Set device name to 'Bedroom speaker 2'
04-09 10:03:50.569  3082  3082 I cast_shell: [3085:3085:INFO:device_info_impl.cc(1133)] SSDP Config ID is increased: id=6
04-09 10:03:50.573  3082  3082 I cast_shell: [3085:3085:INFO:ccs_manager_impl.cc(1842)] Postponing device name update while registering
04-09 10:03:50.573  3082  3082 I cast_shell: [3085:3134:INFO:mdns_util.cc(102)] Defaulting mDNS capabilities for audio-only build
04-09 10:03:50.574  2954  3161 I LibreCastControlDelegate: OnCastStatus() +++ Bedroom speaker 2:0xac7a6198:READY_TO_CAST
04-09 10:03:50.575  2954  3161 I LibreCastControlDelegate: Cast Device Name -> 'Bedroom speaker 2'
04-09 10:03:50.575  3082  3082 I cast_shell: [3085:3085:INFO:mdns_manager_impl.cc(429)] Successfully updated service: type=_googlecast
04-09 10:03:50.575  3082  3082 I cast_shell: [3085:3085:INFO:virtual_device.cc(296)] Updated mDNS service for virtual device: id=2cec482d-81db-be4d-3d6f-59c6d1e36b0e
04-09 10:03:50.575  2954  3161 I librecast: OldFriendlyName '' & New name change By Cast 'Bedroom speaker 2' isfirstbootup 56 m_updatedonebyluci 95
04-09 10:03:50.575  2954  3161 I librecast:  Difference in FriendlyName notify all  
04-09 10:03:50.575  2954  3161 I LibreCastControl: LibreCastControl_SetCastName()  name 'Bedroom speaker 2' RequestId '7' pCastControl 0xf4c00728
04-09 10:03:50.582  3082  3082 I cast_shell: [3085:3085:INFO:device_info_impl.cc(1133)] SSDP Config ID is increased: id=7
04-09 10:03:50.583  3082  3082 I cast_shell: [3085:3085:INFO:ccs_manager_impl.cc(1842)] Postponing device name update while registering
04-09 10:03:50.583  3082  3082 I cast_shell: [3085:3134:INFO:mdns_util.cc(102)] Defaulting mDNS capabilities for audio-only build
04-09 10:03:50.584  2954  3161 I LibreCastControlDelegate: OnCastStatus() +++ Bedroom speaker 2:0xac7a6198:READY_TO_CAST
04-09 10:03:50.584  3082  3082 I cast_shell: [3085:3085:INFO:mdns_manager_impl.cc(429)] Successfully updated service: type=_googlecast
04-09 10:03:50.584  3082  3082 I cast_shell: [3085:3085:INFO:virtual_device.cc(296)] Updated mDNS service for virtual device: id=2cec482d-81db-be4d-3d6f-59c6d1e36b0e
04-09 10:03:50.585  2954  3161 I LibreCastControlDelegate: Cast Device Name -> 'Bedroom speaker 2'
04-09 10:03:50.585  2954  3161 I librecast: OldFriendlyName '' & New name change By Cast 'Bedroom speaker 2' isfirstbootup 56 m_updatedonebyluci 95
04-09 10:03:50.585  2954  3161 I librecast:  Difference in FriendlyName notify all  
04-09 10:03:50.585  2954  3161 I LibreCastControl: LibreCastControl_SetCastName()  name 'Bedroom speaker 2' RequestId '8' pCastControl 0xf4c00728
04-09 10:03:50.586  2712  2712 I lucitransport: writeRemoteMessage() MID = 90 buffer = Bedroom speaker 2
04-09 10:03:50.586  2712  2712 I luciUART: write() MID = 90  bytes = 27 data = Bedroom speaker 2 m_fd = 0x5
04-09 10:03:50.596  2954  3161 I LibreCastControlDelegate: Cast Device Name -> 'Bedroom speaker 2'
04-09 10:03:50.596  2954  3161 I librecast: OldFriendlyName '' & New name change By Cast 'Bedroom speaker 2' isfirstbootup 56 m_updatedonebyluci 95
04-09 10:03:50.596  2954  3161 I librecast:  Difference in FriendlyName notify all  
04-09 10:03:50.596  2954  3161 I LibreCastControl: LibreCastControl_SetCastName()  name 'Bedroom speaker 2' RequestId '9' pCastControl 0xf4c00728
04-09 10:03:50.596  2954  3003 I librecast: MessageBoxAlert() Msg = 90 remoteID = 16 
04-09 10:03:50.596  2712  2712 I lucitransport: writeRemoteMessage() MID = 90 buffer = Bedroom speaker 2
04-09 10:03:50.596  2712  2712 I luciUART: write() MID = 90  bytes = 27 data = Bedroom speaker 2 m_fd = 0x5
04-09 10:03:50.596  3082  3082 I cast_shell: [3085:3085:INFO:virtual_device.cc(296)] Updated mDNS service for virtual device: id=2cec482d-81db-be4d-3d6f-59c6d1e36b0e
04-09 10:03:50.597  2712  2721 I lucitransport: readRemoteMessage() MID char = 90 buffer = Bedroom speaker 2
04-09 10:03:50.597  2954  3003 I LibreCastControl: LibreCastControl_SetCastName()  name 'Bedroom speaker 2' RequestId '10' pCastControl 0xf4c00728
04-09 10:03:50.597  2954  3003 E librecast: MessageBoxAlert() friendlyname Bedroom speaker 2
04-09 10:03:50.597  2954  3003 I LibreCastControl: MessageBoxAlert() messageBoxID 90
04-09 10:03:50.597  2712  2712 I lucitransport: writeLocalMessage() MID = 90 buffer = Bedroom speaker 2
04-09 10:03:50.598  2959  2959 I airplayluci: MessageBoxAlert: MID 90
04-09 10:03:50.598  2954  3161 I LibreCastControlDelegate: Device Build Number -> '1.52.272222'
04-09 10:03:50.598  2954  3161 I librecast: updateCastBuildVersion() Version 1.52.272222
04-09 10:03:50.598  2959  3514 I airplay_v2_0_6: 2022-04-09 10:03:50.598306 [AirPlay] Deregistered Bonjour _airplay._tcp. for restart
04-09 10:03:50.598  2959  3514 I airplay_v2_0_6: 2022-04-09 10:03:50.598580 [AirPlay] Deregistered Bonjour _raop._tcp. for restart
04-09 10:03:50.600  2712  2712 I lucitransport: readRemoteMessage() MID char = 7 buffer = 1.52.272222
04-09 10:03:50.616  3082  3082 I cast_shell: [3085:3085:INFO:device_info_impl.cc(1133)] SSDP Config ID is increased: id=9
04-09 10:03:50.619  3082  3082 I cast_shell: [3085:3085:INFO:device_info_impl.cc(1133)] SSDP Config ID is increased: id=10
04-09 10:03:50.620  2954  3161 I LibreCastControlDelegate: OnResponse() ReqeustID 9, error  0
04-09 10:03:50.620  2954  3161 I LibreCastControlDelegate: OnResponse() ReqeustID 10, error  0
04-09 10:03:50.621  3082  3082 I cast_shell: [3085:3085:INFO:ccs_manager_impl.cc(1842)] Postponing device name update while registering
04-09 10:03:50.621  3082  3082 I cast_shell: [3085:3134:INFO:mdns_util.cc(102)] Defaulting mDNS capabilities for audio-only build
04-09 10:03:50.621  3082  3082 I cast_shell: [3085:3085:INFO:ccs_manager_impl.cc(1842)] Postponing device name update while registering
04-09 10:03:50.621  3082  3082 I cast_shell: [3085:3134:INFO:mdns_util.cc(102)] Defaulting mDNS capabilities for audio-only build
04-09 10:03:50.621  3082  3082 I cast_shell: [3085:3085:INFO:mdns_manager_impl.cc(429)] Successfully updated service: type=_googlecast
04-09 10:03:50.621  3082  3082 I cast_shell: [3085:3085:INFO:virtual_device.cc(296)] Updated mDNS service for virtual device: id=2cec482d-81db-be4d-3d6f-59c6d1e36b0e
04-09 10:03:50.621  3082  3082 I cast_shell: [3085:3085:INFO:mdns_manager_impl.cc(429)] Successfully updated service: type=_googlecast
04-09 10:03:50.629  2712  2712 I lucitransport: readRemoteMessage() MID char = 7 buffer = 1.52.272222
04-09 10:03:50.629  2954  3161 I LibreCastControlDelegate: Active Applications -> 0
04-09 10:03:50.629  2954  3161 I LibreCastControlDelegate: Current Cast State '6' -> 'READY_TO_CAST'
04-09 10:03:50.629  2954  3161 I LibreCastControlDelegate: OnCastStatus() ---
04-09 10:03:50.633  2691  2691 I sh      : MessageBoxAlert() MID 90 
04-09 10:03:50.633  2691  2691 I sh      : MessageBoxChanged() MID '90'
04-09 10:03:50.633  2954  3003 I librecast: MessageBoxAlert() Msg = 90 remoteID = 16 
04-09 10:03:50.633  2712  2721 I lucitransport: readRemoteMessage() MID char = 90 buffer = Bedroom speaker 2
04-09 10:03:50.634  2954  3003 I LibreCastControl: LibreCastControl_SetCastName()  name 'Bedroom speaker 2' RequestId '11' pCastControl 0xf4c00728
04-09 10:03:50.634  2954  3003 E librecast: MessageBoxAlert() friendlyname Bedroom speaker 2
04-09 10:03:50.634  2954  3003 I LibreCastControl: MessageBoxAlert() messageBoxID 90
04-09 10:03:50.634  2959  2959 I airplayluci: MessageBoxAlert: MID 90
04-09 10:03:50.634  2956  2981 E Spotify-Player: Change Spotify Device name
04-09 10:03:50.644  2786  2786 I dnsmasq : reading /etc/resolv.conf
04-09 10:03:50.645  2786  2786 I dnsmasq : using nameserver 8.8.4.4#53
04-09 10:03:50.645  2786  2786 I dnsmasq : using nameserver 192.168.1.1#53
04-09 10:03:50.645  2786  2786 I dnsmasq : using nameserver 192.168.50.1#53
04-09 10:03:50.645  2786  2786 I dnsmasq : using nameserver 8.8.8.8#53
04-09 10:03:50.647  2734  2762 I bluetoothtbd: [0408/213350.647068:INFO:adapter.cc(551)] Adapter properties changed
04-09 10:03:50.647  2734  2762 I bluetoothtbd: [0408/213350.647223:INFO:adapter.cc(573)] Adapter name changed
04-09 10:03:50.647  2954  3161 I LibreCastControlDelegate: OnResponse() ReqeustID 11, error  0
04-09 10:03:50.649  3082  3082 I cast_shell: [3085:3124:INFO:bluetooth_manager.cc(1232)] [PII] Set device name to 'Bedroom speaker 2'
04-09 10:03:50.651  3082  3082 I cast_shell: [3085:3085:INFO:device_info_impl.cc(1133)] SSDP Config ID is increased: id=11
04-09 10:03:50.652  3082  3082 I cast_shell: [3085:3085:INFO:ccs_manager_impl.cc(1842)] Postponing device name update while registering
04-09 10:03:50.652  3082  3082 I cast_shell: [3085:3134:INFO:mdns_util.cc(102)] Defaulting mDNS capabilities for audio-only build
04-09 10:03:50.655  2954  3161 I LibreCastControlDelegate: OnCastStatus() +++ Bedroom speaker 2:0xac7a6198:READY_TO_CAST
04-09 10:03:50.658  2954  3161 I LibreCastControlDelegate: Cast Device Name -> 'Bedroom speaker 2'
04-09 10:03:50.658  2954  3161 I librecast: OldFriendlyName 'Bedroom speaker 2' & New name change By Cast 'Bedroom speaker 2' isfirstbootup 56 m_updatedonebyluci 0
04-09 10:03:50.658  2954  3161 I LibreCastControlDelegate: Device Build Number -> '1.52.272222'
04-09 10:03:50.658  2954  3161 I librecast: updateCastBuildVersion() Version 1.52.272222
04-09 10:03:50.658  2712  2719 I lucitransport: readRemoteMessage() MID char = 7 buffer = 1.52.272222
04-09 10:03:50.658  2954  3161 I LibreCastControlDelegate: Active Applications -> 0
04-09 10:03:50.658  2954  3161 I LibreCastControlDelegate: Current Cast State '6' -> 'READY_TO_CAST'
04-09 10:03:50.658  2954  3161 I LibreCastControlDelegate: OnCastStatus() ---
04-09 10:03:50.659  3082  3082 I cast_shell: [3085:3085:INFO:mdns_manager_impl.cc(429)] Successfully updated service: type=_googlecast
04-09 10:03:50.666  2711  2723 E yani_server: YANI: I am Done Wait For Event 
04-09 10:03:50.666  2711  2814 I yani_server: onNetworkParametersChanged() WAC Mode '0'  Index '2' Interface 'p2p0' Status '0'
04-09 10:03:50.667  2728  2740 I MB_HANDLER: YaniAlert() Interface '3' Status '0'
04-09 10:03:50.667  2712  2719 I lucitransport: writeRemoteMessage() MID = 124 buffer = 1#1,1#2,0#3,0#4,0
04-09 10:03:50.667  2712  2719 I luciUART: write() MID = 124  bytes = 27 data = 1#1,1#2,0#3,0#4,0 m_fd = 0x5
04-09 10:03:50.668  2729  2729 E AirableUIHelper: AirableUIHelper::YaniAlert  3 0 
04-09 10:03:50.668  2960  2972 I otamanager: YaniAlert() Interface 3 Status Down
04-09 10:03:50.669  2959  2959 I airplay-main: YaniAlert Interface 3 Status 0
04-09 10:03:50.670  2691  2691 I sh      : MessageBoxAlert() MID 90 
04-09 10:03:50.670  2691  2691 I sh      : MessageBoxChanged() MID '90'
04-09 10:03:50.670  2954  3003 I librecast: MessageBoxAlert() Msg = 90 remoteID = 16 
04-09 10:03:50.670  2712  2721 I lucitransport: readRemoteMessage() MID char = 90 buffer = Bedroom speaker 2
04-09 10:03:50.671  2954  3003 I LibreCastControl: LibreCastControl_SetCastName()  name 'Bedroom speaker 2' RequestId '12' pCastControl 0xf4c00728
04-09 10:03:50.671  2954  3003 E librecast: MessageBoxAlert() friendlyname Bedroom speaker 2
04-09 10:03:50.671  2954  3003 I LibreCastControl: MessageBoxAlert() messageBoxID 90
04-09 10:03:50.673  2954  3161 I LibreCastControlDelegate: OnResponse() ReqeustID 12, error  0
04-09 10:03:50.673  2959  2959 I airplayluci: MessageBoxAlert: MID 90
04-09 10:03:50.673  2956  2981 E Spotify-Player: Change Spotify Device name
04-09 10:03:50.676  2712  2720 I luciUART: Previous Packet read contd., 
04-09 10:03:50.676  2712  2720 E luciUART: UART:5f
04-09 10:03:50.676  2712  2720 I luciUART: Previous Packet read contd., 
04-09 10:03:50.676  2712  2720 E luciUART: UART:73
04-09 10:03:50.676  2712  2720 I luciUART: Previous Packet read contd., 
04-09 10:03:50.676  2712  2720 E luciUART: UART:73
04-09 10:03:50.676  2712  2720 I luciUART: Previous Packet read contd., 
04-09 10:03:50.676  2712  2720 E luciUART: UART:69
04-09 10:03:50.676  2712  2720 I luciUART: Previous Packet read contd., 
04-09 10:03:50.676  2712  2720 E luciUART: UART:64
04-09 10:03:50.677  2956  2982 E SPOTIFY : Device Name change new name = Bedroom speaker 2
04-09 10:03:50.677  2956  2982 E SPOTIFY : err = 0 
04-09 10:03:50.680  3082  3082 I cast_shell: [3085:3085:INFO:device_info_impl.cc(1133)] SSDP Config ID is increased: id=12
04-09 10:03:50.681  3082  3082 I cast_shell: [3085:3085:INFO:ccs_manager_impl.cc(1842)] Postponing device name update while registering
04-09 10:03:50.681  3082  3082 I cast_shell: [3085:3134:INFO:mdns_util.cc(102)] Defaulting mDNS capabilities for audio-only build
04-09 10:03:50.683  2954  3161 I LibreCastControlDelegate: OnCastStatus() +++ Bedroom speaker 2:0xac7a6198:READY_TO_CAST
04-09 10:03:50.683  3082  3082 I cast_shell: [3085:3085:INFO:mdns_manager_impl.cc(429)] Successfully updated service: type=_googlecast
04-09 10:03:50.683  3082  3082 I cast_shell: [3085:3085:INFO:virtual_device.cc(296)] Updated mDNS service for virtual device: id=2cec482d-81db-be4d-3d6f-59c6d1e36b0e
04-09 10:03:50.685  2953  2964 D wac-main: Netlink event
04-09 10:03:50.685  2953  2964 E wac-main: Netlink event 16 Interface Index 6 
04-09 10:03:50.685  2953  2964 E wac-main: p2p0 event Link Changed : 1003 
04-09 10:03:50.685  2953  2964 E wac-main: p2p0 Changed down
04-09 10:03:50.685  2953  2964 E wac-main: wlan0 IP : 192.168.1.145
04-09 10:03:50.686  2711  2723 I yani_kernel: yani_geteventfrom_changeaddr() Message-Id '1' Netlink event '16' Interface Index '6' -> Name 'p2p0' 
04-09 10:03:50.688  2954  3161 I LibreCastControlDelegate: Cast Device Name -> 'Bedroom speaker 2'
04-09 10:03:50.688  2954  3161 I librecast: OldFriendlyName 'Bedroom speaker 2' & New name change By Cast 'Bedroom speaker 2' isfirstbootup 56 m_updatedonebyluci 0
04-09 10:03:50.688  2954  3161 I LibreCastControlDelegate: Device Build Number -> '1.52.272222'
04-09 10:03:50.688  2954  3161 I librecast: updateCastBuildVersion() Version 1.52.272222
04-09 10:03:50.688  2953  2964 E wac-main: Enter poll and wait
04-09 10:03:50.688  2712  2712 I lucitransport: readRemoteMessage() MID char = 7 buffer = 1.52.272222
04-09 10:03:50.689  2954  3161 I LibreCastControlDelegate: Active Applications -> 0
04-09 10:03:50.689  2954  3161 I LibreCastControlDelegate: Current Cast State '6' -> 'READY_TO_CAST'
04-09 10:03:50.689  2954  3161 I LibreCastControlDelegate: OnCastStatus() ---
04-09 10:03:50.716  2691  2691 I sh      : MessageBoxAlert() MID 90 
04-09 10:03:50.716  2691  2691 I sh      : MessageBoxChanged() MID '90'
04-09 10:03:50.717  2954  3003 I librecast: MessageBoxAlert() Msg = 90 remoteID = 16 
04-09 10:03:50.717  2712  2721 I lucitransport: readRemoteMessage() MID char = 90 buffer = Bedroom speaker 2
04-09 10:03:50.717  2954  3003 I LibreCastControl: LibreCastControl_SetCastName()  name 'Bedroom speaker 2' RequestId '13' pCastControl 0xf4c00728
04-09 10:03:50.717  2954  3003 E librecast: MessageBoxAlert() friendlyname Bedroom speaker 2
04-09 10:03:50.717  2954  3003 I LibreCastControl: MessageBoxAlert() messageBoxID 90
04-09 10:03:50.720  2734  2762 I bluetoothtbd: [0408/213350.720598:INFO:adapter.cc(551)] Adapter properties changed
04-09 10:03:50.720  2734  2762 I bluetoothtbd: [0408/213350.720737:INFO:adapter.cc(573)] Adapter name changed
04-09 10:03:50.721  3082  3082 I cast_shell: [3085:3124:INFO:bluetooth_manager.cc(1232)] [PII] Set device name to 'Bedroom speaker 2'
04-09 10:03:50.721  2954  3161 I LibreCastControlDelegate: OnResponse() ReqeustID 13, error  0
04-09 10:03:50.722  2959  2959 I airplayluci: MessageBoxAlert: MID 90
04-09 10:03:50.723  2956  2981 E Spotify-Player: Change Spotify Device name
04-09 10:03:50.723  2712  2721 E LUCI_SERVER: Luci Server Thread wait over MID 208....
04-09 10:03:50.723  2712  2721 E LUCI_SERVER: Got NV name : ssid
04-09 10:03:50.726  2712  2721 I luciUART: write() MID = 208  bytes = 30 data = ssid:Linksys16717_2G m_fd = 0x5
04-09 10:03:50.726  2712  2721 E LUCI_SERVER: NV_READ response= ssid:Linksys16717_2G
04-09 10:03:50.726  2712  2721 E LUCI_SERVER: Luci Server Thread waiting for packets....
04-09 10:03:50.728  3082  3082 I cast_shell: [3085:3085:INFO:device_info_impl.cc(1133)] SSDP Config ID is increased: id=13
04-09 10:03:50.730  2956  2982 E SPOTIFY : Device Name change new name = Bedroom speaker 2
04-09 10:03:50.730  2956  2982 E SPOTIFY : err = 0 
04-09 10:03:50.730  3082  3082 I cast_shell: [3085:3085:INFO:ccs_manager_impl.cc(1842)] Postponing device name update while registering
04-09 10:03:50.731  3082  3082 I cast_shell: [3085:3134:INFO:mdns_util.cc(102)] Defaulting mDNS capabilities for audio-only build
04-09 10:03:50.732  3082  3082 I cast_shell: [3085:3085:INFO:mdns_manager_impl.cc(429)] Successfully updated service: type=_googlecast
04-09 10:03:50.732  2954  3161 I LibreCastControlDelegate: OnCastStatus() +++ Bedroom speaker 2:0xac7a6198:READY_TO_CAST
04-09 10:03:50.732  3082  3082 I cast_shell: [3085:3085:INFO:virtual_device.cc(296)] Updated mDNS service for virtual device: id=2cec482d-81db-be4d-3d6f-59c6d1e36b0e
04-09 10:03:50.733  2954  3161 I LibreCastControlDelegate: Cast Device Name -> 'Bedroom speaker 2'
04-09 10:03:50.733  2954  3161 I librecast: OldFriendlyName 'Bedroom speaker 2' & New name change By Cast 'Bedroom speaker 2' isfirstbootup 56 m_updatedonebyluci 0
04-09 10:03:50.733  2954  3161 I LibreCastControlDelegate: Device Build Number -> '1.52.272222'
04-09 10:03:50.733  2954  3161 I librecast: updateCastBuildVersion() Version 1.52.272222
04-09 10:03:50.733  2712  2712 I lucitransport: readRemoteMessage() MID char = 7 buffer = 1.52.272222
04-09 10:03:50.734  2954  3161 I LibreCastControlDelegate: Active Applications -> 0
04-09 10:03:50.734  2954  3161 I LibreCastControlDelegate: Current Cast State '6' -> 'READY_TO_CAST'
04-09 10:03:50.734  2954  3161 I LibreCastControlDelegate: OnCastStatus() ---
04-09 10:03:50.743  2731  2745 E WifiUtil: Setting interface p2p0 down.
04-09 10:03:50.744  2953  2964 D wac-main: Netlink event
04-09 10:03:50.744  2953  2964 E wac-main: Netlink event 16 Interface Index 6 
04-09 10:03:50.744  2953  2964 E wac-main: p2p0 event Link Changed : 1002 
04-09 10:03:50.744  2953  2964 E wac-main: Enter poll and wait
04-09 10:03:50.745  2711  2723 I yani_kernel: yani_geteventfrom_changeaddr() Message-Id '1' Netlink event '16' Interface Index '6' -> Name 'p2p0' 
04-09 10:03:51.457  3082  3082 I cast_shell: [3085:3124:INFO:metrics_recorder.cc(282)] Record action: Setup.state.BLE
04-09 10:03:51.532  3082  3082 I cast_shell: [3085:3124:INFO:ble_setup.cc(789)] Missing required info for sign.
04-09 10:03:51.536  3082  3082 I cast_shell: [3085:3124:INFO:gatt_client_manager_impl.cc(202)] Enabling GATT client connectability
04-09 10:03:51.536  3082  3082 I cast_shell: [3085:3124:INFO:ble_setup.cc(915)] Sign related info completed, no future EurekaInfo need sign.
04-09 10:03:51.806  3082  3082 I cast_shell: [3085:3135:INFO:metrics_recorder.cc(282)] Cast v2 action(socket_id=2cec482d-81db-be4d-3d6f-59c6d1e36b0e.3): CastV2.Connection.Connect.In
04-09 10:03:51.812  3082  3082 I cast_shell: [3085:3085:INFO:cast_system_memory_pressure_evaluator.cc(179)] ConfigRelaxMemoryPressureThresholds, 0.1, 0.2
04-09 10:03:51.814  3082  3082 I cast_shell: [3544:3544:INFO:cast_content_renderer_client_internal.cc(83)] Render process started.
04-09 10:03:51.819  3082  3082 I cast_shell: [3085:3085:INFO:application_manager_impl.cc(1417)] Starting background app: CC1AD845 (Default Media Receiver), session_id=868992e6-0274-4b47-835c-ea1cf284eeb4
04-09 10:03:51.820  3082  3082 I cast_shell: [3085:3085:INFO:cast_media_blocker.cc(43)] UpdatePlayingState media_loading_blocked=1 media_starting_blocked=0 suspended=1 controllable=0 paused_by_user=1
04-09 10:03:51.820  3082  3082 I cast_shell: [3085:3085:INFO:application_message_handler.cc(1747)] Scheduling IpcTimerCheck
04-09 10:03:51.820  3082  3082 I cast_shell: [3085:3085:INFO:application_manager_impl.cc(1565)] App starting: CC1AD845 (Default Media Receiver), session_id=868992e6-0274-4b47-835c-ea1cf284eeb4
04-09 10:03:51.820  3082  3082 I cast_shell: [3085:3134:INFO:mdns_util.cc(102)] Defaulting mDNS capabilities for audio-only build
04-09 10:03:51.821  3082  3082 I cast_shell: [3085:3085:INFO:application_identification_settings.cc(410)] new ApplicationIdentificationSettings session_id: 868992e6-0274-4b47-835c-ea1cf284eeb4 app_id: CC1AD845 flags: 0 headers: 0
04-09 10:03:51.824  3082  3082 I cast_shell: [3085:3124:INFO:setup_namespace_handler.cc(94)] Added a peer for setup namespace: 2cec482d-81db-be4d-3d6f-59c6d1e36b0e.3:gms_cast_prober-1
04-09 10:03:51.824  3082  3082 I cast_shell: [3085:3085:INFO:cast_media_blocker.cc(81)] MediaSessionInfoChanged media_loading_blocked=1 media_starting_blocked=0 is_suspended=1 is_controllable=0 paused_by_user=1
04-09 10:03:51.825  3082  3082 I cast_shell: [3085:3124:INFO:setup_state.cc(544)] EurekaInfoCalled: wifi_state=10, is_usable_ip_address=1, connected=1, is_initial_setup=0
04-09 10:03:51.830  3082  3082 I cast_shell: [3085:3135:INFO:v2_transport.cc(458)] Added Cast V2 endpoint: id=868992e6-0274-4b47-835c-ea1cf284eeb4, socket_factory_id=[PII](2cec482d-81db-be4d-3d6f-59c6d1e36b0e)
04-09 10:03:51.845  3082  3082 I cast_shell: [3085:3085:INFO:web_application.cc(817)] [868992e6] Supported bitstream audio codecs info: [codecs]None[spatial_rendering]None
04-09 10:03:51.845  3082  3082 I cast_shell: [3085:3085:INFO:cast_web_contents_impl.cc(242)] Load url: https://www.gstatic.com/cast/sdk/default_receiver/dogfood/app.html?skin=https://www.gstatic.com/eureka/player/0000/skins/cast/skin.css
04-09 10:03:51.846  3082  3082 I cast_shell: [3085:3085:INFO:cast_content_browser_client_internal.cc(975)] Disabling images support for application: CC1AD845
04-09 10:03:51.854  3082  3082 I cast_shell: [3085:3085:INFO:web_application.cc(991)] [868992e6] Page state changed: app=CC1AD845 page_state=LOADING
04-09 10:03:51.857  3082  3082 I cast_shell: [3085:3085:INFO:web_application.cc(585)] [868992e6] Updating app visibility to hidden for background mode.
04-09 10:03:51.858  3082  3082 I cast_shell: [3085:3085:INFO:application_manager_impl.cc(1579)] App pending: CC1AD845 (Default Media Receiver), session_id=868992e6-0274-4b47-835c-ea1cf284eeb4
04-09 10:03:51.858  3082  3082 I cast_shell: [3085:3134:INFO:mdns_util.cc(102)] Defaulting mDNS capabilities for audio-only build
04-09 10:03:51.860  3082  3082 I cast_shell: [3085:3085:INFO:mdns_util.cc(102)] Defaulting mDNS capabilities for audio-only build
04-09 10:03:51.860  3082  3082 I cast_shell: [3085:3085:INFO:mdns_util.cc(102)] Defaulting mDNS capabilities for audio-only build
04-09 10:03:51.866  3082  3082 I cast_shell: [3085:3085:INFO:cast_renderer_oom_adj_manager.cc(82)] Registering renderer 3544
04-09 10:03:51.866  3082  3082 I cast_shell: [3085:3478:INFO:cast_renderer_oom_adj_manager.cc(90)] Adjusting OOM score for renderer(3544) to 400
04-09 10:03:51.866  3082  3082 I cast_shell: [3085:3478:WARNING:cast_renderer_oom_adj_manager.cc(92)] OOM score adjustment failed for renderer(3544)
04-09 10:03:51.892  3082  3082 I cast_shell: [3544:3544:INFO:media_playback_options.cc(70)] Render frame actions are blocked.
04-09 10:03:51.925  3082  3082 I cast_shell: [3544:3544:INFO:media_playback_options.cc(70)] Render frame actions are blocked.
04-09 10:03:51.926  3082  3082 I cast_shell: [3544:3544:INFO:media_caps.cc(24)] ScreenResolutionChanged resolution=0x0
04-09 10:03:51.928  3082  3082 I cast_shell: [3544:3544:INFO:media_caps.cc(54)] ScreenInfoChanged HDCP version=0 Supported EOTFs=0 DolbyVision flags=0 Screen size(mm): 0x0 cur mode HDR=0 cur mode DV=0
04-09 10:03:52.040  3082  3082 I cast_shell: [3085:3135:INFO:v2_ssl_socket.cc(358)] Stop reading on pending closed socket
04-09 10:03:52.040  3082  3082 I cast_shell: [3085:3124:INFO:setup_namespace_handler.cc(104)] Removed a peer for setup namespace: 2cec482d-81db-be4d-3d6f-59c6d1e36b0e.3:gms_cast_prober-1
04-09 10:03:52.194  3082  3082 I cast_shell: [3085:3085:INFO:metrics_recorder.cc(282)] cast event: Cloud.Transport.Https.Register.Out.Success
04-09 10:03:52.195  3082  3082 I cast_shell: [3085:3085:WARNING:ccs_transport_util.cc(409)] Auth info absent from the config reply from CCS.
04-09 10:03:52.195  3082  3082 I cast_shell: [3085:3085:WARNING:ccs_transport_util.cc(313)] Missing SensingSettings in the CCS config.
04-09 10:03:52.195  3082  3082 I cast_shell: [3085:3085:INFO:metrics_recorder.cc(282)] cast event: Cloud.Transport.Https.Config.In
04-09 10:03:52.195  3082  3082 I cast_shell: [3085:3085:INFO:ccs_manager_impl.cc(1150)] Handling CONFIG message from CCS.
04-09 10:03:52.195  3082  3082 I cast_shell: [3085:3085:INFO:ccs_manager_impl.cc(1151)] [PII] device_id=765C33A78AAC80C58F32442F885EF9C3
04-09 10:03:52.195  3082  3082 I cast_shell: [3085:3085:INFO:metrics_recorder.cc(282)] Record action: Cloud.Transport.Https.LinkedStatus.NotLinked
04-09 10:03:52.195  3082  3082 I cast_shell: [3085:3085:INFO:structure_info_from_home_graph.cc(53)] received config from home graph. Will use it: 1
04-09 10:03:52.195  3082  3082 I cast_shell: [3085:3085:INFO:structure_info_from_home_graph.cc(59)] Num devices in the structure: 0
04-09 10:03:52.196  3082  3082 I cast_shell: [3085:3085:INFO:ccs_heartbeat_listener.cc(56)] Setting heartbeat interval from CCS: 120000ms
04-09 10:03:52.201  3082  3082 I cast_shell: [3085:3085:INFO:user_auth_impl.cc(267)] linked status: NOT_LINKED
04-09 10:03:52.201  3082  3082 I cast_shell: [3085:3085:INFO:robot_account_auth_manager.cc(320)] V1 AuthManager received a UpdateAuthToken request
04-09 10:03:52.201  3082  3082 I cast_shell: [3085:3085:INFO:ccs_transport_https.cc(1352)] No cloud settings in response
04-09 10:03:52.201  3082  3082 I cast_shell: [3085:3093:INFO:heartbeat_manager.cc(306)] Set client HB: 120000
04-09 10:03:52.201  3082  3082 I cast_shell: [3085:3093:INFO:heartbeat_manager.cc(311)] ResettingConnection bc: 1680000
04-09 10:03:52.201  3082  3082 I cast_shell: [3085:3093:INFO:heartbeat_manager.cc(332)] ResetConnection: %d5
04-09 10:03:52.202  3082  3082 I cast_shell: [3085:3085:INFO:gcm_manager.cc(238)] GCM connection lost.
04-09 10:03:52.519  2734  2812 W bt_btif : bta_gattc_conn_cback() - cif=3 connected=0 conn_id=3 reason=0x0013
04-09 10:03:52.519  2734  2812 W bt_btif : bta_gattc_conn_cback() - cif=4 connected=0 conn_id=4 reason=0x0013
04-09 10:03:52.519  2734  2812 W bt_btif : bta_gattc_conn_cback() - cif=6 connected=0 conn_id=6 reason=0x0013
04-09 10:03:52.520  2734  2812 I bt_btm_sec: btm_sec_disconnected clearing pending flag handle:128 reason:19
04-09 10:03:52.521  2734  2762 W bt_btif : btif_av_move_idle: ACL Disconnected state 0 bd_addr=67:17:7d:8a:f3:7a peer_bda=00:00:00:00:00:00
04-09 10:03:52.521  3082  3082 I cast_shell: [3085:3124:ERROR:bluetooth_v1_via_v2.cc(796)] Connection state changed. :7a false
04-09 10:03:52.521  2734  2762 I bluetoothtbd: [0408/213352.521264:INFO:adapter.cc(719)] ACL state changed: 67:17:7D:8A:F3:7A - connected: false
04-09 10:03:52.559  3082  3082 I cast_shell: [3085:3134:INFO:mdns_app_filter.cc(1526)] MdnsAppFilter: Done announcing.
04-09 10:03:52.600  2959  3558 I airplay_v2_0_6: 2022-04-09 10:03:52.600719 [AirPlayDemo] AirPlayDemoServerCopyProperty Password is <<NULL>>
04-09 10:03:52.601  2712  2712 I lucitransport: readRemoteMessage() MID char = 90 buffer = Bedroom speaker 2
04-09 10:03:52.603  2959  3514 I airplay_v2_0_6: 2022-04-09 10:03:52.603445 [AirPlay] Registering Bonjour _airplay._tcp. port 7000
04-09 10:03:52.605  2959  3558 I airplay_v2_0_6: 2022-04-09 10:03:52.605207 [AirPlayDemo] AirPlayDemoServerCopyProperty Password is <<NULL>>
04-09 10:03:52.607  2959  3558 I airplay_v2_0_6: 2022-04-09 10:03:52.606921 [AirPlayDemo] AirPlayDemoServerCopyProperty Password is <<NULL>>
04-09 10:03:52.607  2712  2712 I lucitransport: readRemoteMessage() MID char = 90 buffer = Bedroom speaker 2
04-09 10:03:52.609  2959  3514 I airplay_v2_0_6: 2022-04-09 10:03:52.609123 [AirPlay] Registering Bonjour CC909321F384@Bedroom speaker 2._raop._tcp. port 7000
