04-09 10:09:30.841  2946  2957 E wac-main: Netlink event 16 Interface Index 5 
04-09 10:09:30.841  2946  2957 E wac-main: Enter poll and wait
04-09 10:09:30.841  2711  2723 I yani_kernel: yani_geteventfrom_changeaddr() Message-Id '1' Netlink event '16' Interface Index '5' -> Name 'wlan0' 
04-09 10:09:30.843  2710  2710 I wpa_supplicant: wlan0: Selected BSS :ef (level:-44 noise:-62 frequency:2427)
04-09 10:09:30.846  2710  2710 I wpa_supplicant: wlan0: SME: Trying to authenticate with c8:b3:73:44:ae:ef (SSID='Linksys16717_2G' freq=2427 MHz)
04-09 10:09:30.850  2711  2723 I yani_server: NetLink Event '-1' Interface-Index '5' WLAN '-1' Ethernet '-1' Parsed-iFill '-1' -> 'INVALID' ifIndex '1' -> 'lo'
04-09 10:09:30.852  2711  2723 I yani_server: NetLink Event '-1' Interface-Index '5' WLAN '0' Ethernet '-1' Parsed-iFill '-1' -> 'INVALID' ifIndex '1' -> 'lo'
04-09 10:09:30.856  2711  2723 I chatty  : uid=0(root) YaniServer identical 7 lines
04-09 10:09:30.857  2711  2723 I yani_server: NetLink Event '-1' Interface-Index '5' WLAN '0' Ethernet '-1' Parsed-iFill '-1' -> 'INVALID' ifIndex '1' -> 'lo'
04-09 10:09:30.858  2946  2957 D wac-main: Netlink event
04-09 10:09:30.858  2946  2957 E wac-main: Netlink event 16 Interface Index 5 
04-09 10:09:30.858  2711  2723 I yani_server: NetLink Event '-1' Interface-Index '5' WLAN '0' Ethernet '-1' Parsed-iFill '-1' -> 'INVALID' ifIndex '1' -> 'lo'
04-09 10:09:30.858  2946  2957 E wac-main: Enter poll and wait
04-09 10:09:30.859  2711  2723 I yani_server: NetLink Event '-1' Interface-Index '5' WLAN '0' Ethernet '-1' Parsed-iFill '-1' -> 'INVALID' ifIndex '1' -> 'lo'
04-09 10:09:30.863  2710  2710 I wpa_supplicant: wlan0: Trying to associate with c8:b3:73:44:ae:ef (SSID='Linksys16717_2G' freq=2427 MHz)
04-09 10:09:30.867  2711  2723 I chatty  : uid=0(root) YaniServer identical 7 lines
04-09 10:09:30.867  2711  2723 I yani_server: NetLink Event '-1' Interface-Index '5' WLAN '0' Ethernet '-1' Parsed-iFill '-1' -> 'INVALID' ifIndex '1' -> 'lo'
04-09 10:09:30.868  2711  2723 I yani_kernel: yani_geteventfrom_changeaddr() Message-Id '1' Netlink event '16' Interface Index '5' -> Name 'wlan0' 
04-09 10:09:30.885  3161  3161 I hostapd : p2p0: IEEE 802.11 driver had channel switch: freq=2427, ht=1, vht_ch=0x0, offset=0, width=1 (20 MHz), cf1=2427, cf2=0
04-09 10:09:30.886  3045  3045 I hostapd : p2p1: IEEE 802.11 driver had channel switch: freq=2427, ht=1, vht_ch=0x0, offset=0, width=1 (20 MHz), cf1=2427, cf2=0
04-09 10:09:30.889  2946  2957 D wac-main: Netlink event
04-09 10:09:30.889  2946  2957 E wac-main: Netlink event 16 Interface Index 5 
04-09 10:09:30.889  2946  2957 E wac-main: Enter poll and wait
04-09 10:09:30.889  2946  2957 D wac-main: Netlink event
04-09 10:09:30.889  2946  2957 E wac-main: Netlink event 16 Interface Index 5 
04-09 10:09:30.890  2946  2957 E wac-main: Enter poll and wait
04-09 10:09:30.890  2946  2957 D wac-main: Netlink event
04-09 10:09:30.890  2946  2957 E wac-main: Netlink event 16 Interface Index 5 
04-09 10:09:30.890  2946  2957 E wac-main: Enter poll and wait
04-09 10:09:30.890  2946  2957 D wac-main: Netlink event
04-09 10:09:30.890  2946  2957 E wac-main: Netlink event 16 Interface Index 5 
04-09 10:09:30.905  2711  2723 I yani_server: NetLink Event '-1' Interface-Index '5' WLAN '-1' Ethernet '-1' Parsed-iFill '-1' -> 'INVALID' ifIndex '1' -> 'lo'
04-09 10:09:30.906  2711  2723 I yani_server: NetLink Event '-1' Interface-Index '5' WLAN '0' Ethernet '-1' Parsed-iFill '-1' -> 'INVALID' ifIndex '1' -> 'lo'
04-09 10:09:30.906  2711  2723 I yani_kernel: yani_geteventfrom_changeaddr() Message-Id '1' Netlink event '16' Interface Index '5' -> Name 'wlan0' 
04-09 10:09:30.907  2711  2723 I chatty  : uid=0(root) YaniServer identical 1 line
04-09 10:09:30.908  2711  2723 I yani_kernel: yani_geteventfrom_changeaddr() Message-Id '1' Netlink event '16' Interface Index '5' -> Name 'wlan0' 
04-09 10:09:30.921  2710  2710 I wpa_supplicant: wlan0: WPA: RX message 3 of 4-Way Handshake from c8:b3:73:44:ae:ef (ver=2)
04-09 10:09:30.922  2710  2710 I wpa_supplicant: wlan0: WPA: Sending EAPOL-Key 4/4
04-09 10:09:30.924  2946  2957 D wac-main: Netlink event
04-09 10:09:30.924  2946  2957 E wac-main: Netlink event 16 Interface Index 5 
04-09 10:09:30.924  2946  2957 E wac-main: Enter poll and wait
04-09 10:09:30.925  2710  2710 I wpa_supplicant: wlan0: WPA: Key negotiation completed with c8:b3:73:44:ae:ef [PTK=CCMP GTK=TKIP]
04-09 10:09:30.925  2710  2710 I wpa_supplicant: wlan0: CTRL-EVENT-CONNECTED - Connection to c8:b3:73:44:ae:ef completed [id=0 id_str=]
04-09 10:09:30.926  3078  3078 I cast_shell: [3081:3131:INFO:wifi_controller_wpa_supplicant.cc(634)] After connection, current_wifi_index=0
04-09 10:09:30.926  2736  2736 D dhcpcd  : wlan0: carrier acquired
04-09 10:09:30.928  2946  2957 D wac-main: Netlink event
04-09 10:09:30.928  2946  2957 E wac-main: Netlink event 16 Interface Index 5 
04-09 10:09:30.928  2946  2957 E wac-main: Enter poll and wait
04-09 10:09:30.928  2946  2957 D wac-main: Netlink event
04-09 10:09:30.929  2946  2957 E wac-main: Netlink event 16 Interface Index 5 
04-09 10:09:30.929  2946  2957 E wac-main: Enter poll and wait
04-09 10:09:30.932  2947  3159 I LibreCastControlDelegate: OnCastStatus() +++ Lyric Speaker Box 21f384:0xab37f198:OFFLINE
04-09 10:09:30.932  2947  3159 I LibreCastControlDelegate: Device Build Number -> '1.52.272222'
04-09 10:09:30.932  2947  3159 I librecast: updateCastBuildVersion() Version 1.52.272222
04-09 10:09:30.933  2712  2719 I lucitransport: readRemoteMessage() MID char = 7 buffer = 1.52.272222
04-09 10:09:30.933  2947  3159 I LibreCastControlDelegate: Active Applications -> 0
04-09 10:09:30.933  2947  3159 I LibreCastControlDelegate: Current Cast State '3' -> 'OFFLINE'
04-09 10:09:30.933  2947  3159 I LibreCastControlDelegate: OnCastStatus() ---
04-09 10:09:30.934  2711  2723 I yani_server: NetLink Event '-1' Interface-Index '5' WLAN '-1' Ethernet '-1' Parsed-iFill '-1' -> 'INVALID' ifIndex '1' -> 'lo'
04-09 10:09:30.935  2711  2723 I yani_server: NetLink Event '-1' Interface-Index '5' WLAN '0' Ethernet '-1' Parsed-iFill '-1' -> 'INVALID' ifIndex '1' -> 'lo'
04-09 10:09:30.935  2711  2723 I yani_server: NetLink Event '-1' Interface-Index '5' WLAN '0' Ethernet '-1' Parsed-iFill '-1' -> 'INVALID' ifIndex '1' -> 'lo'
04-09 10:09:30.936  2711  2723 I yani_server: NetLink Event '-1' Interface-Index '5' WLAN '7' Ethernet '-1' Parsed-iFill '7' -> 'WLAN0 LINKUP' ifIndex '1' -> 'lo'
04-09 10:09:30.936  2711  2723 I yani_server: saveConfig:537:wlan0
04-09 10:09:30.936  2711  2723 I wifiapi : newconn : 0xab423be8
04-09 10:09:30.937  2711  2723 I yani_server: saveConfig:544:got handle successfully
04-09 10:09:30.937  2711  2723 I wifiapi : 'STATUS' command returned = 0
04-09 10:09:30.940  2711  2723 I wifiapi : 'SAVE_CONFIG' command returned = 0
04-09 10:09:30.941  2711  2723 E yani_server: wlan0 Status=8 SaveConfig returns=0
04-09 10:09:30.941  2711  2723 I yani_server: SaveConfig return value=0
04-09 10:09:30.941  2688  2688 I sh      : saveConfig:538:wlan0wlan0 Status=8 SaveConfig returns=0
04-09 10:09:30.941  2711  2723 E WLANP2PIF: WlanP2pif: current chan = 4
04-09 10:09:30.943  2711  2723 E yani_wifi: set txpower chan : 4 country : US
04-09 10:09:30.943  2711  2723 E yani_wifi: nrates = 7
04-09 10:09:31.075  3078  3078 I cast_shell: [3081:3119:INFO:metrics_recorder.cc(282)] Record action: Setup.version.BLE
04-09 10:09:31.105  3078  3078 I cast_shell: [3081:3119:INFO:metrics_recorder.cc(282)] Record action: Setup.tos_accepted.BLE
04-09 10:09:31.135  3078  3078 I cast_shell: [3081:3119:INFO:metrics_recorder.cc(282)] Record action: Setup.state.BLE
04-09 10:09:31.165  3078  3078 I cast_shell: [3081:3119:INFO:metrics_recorder.cc(282)] Record action: Setup.ip_address.BLE
04-09 10:09:31.705  3078  3078 I cast_shell: [3081:3119:INFO:metrics_recorder.cc(282)] Record action: Setup.version.BLE
04-09 10:09:31.735  3078  3078 I cast_shell: [3081:3119:INFO:metrics_recorder.cc(282)] Record action: Setup.tos_accepted.BLE
04-09 10:09:31.765  3078  3078 I cast_shell: [3081:3119:INFO:metrics_recorder.cc(282)] Record action: Setup.state.BLE
04-09 10:09:31.795  3078  3078 I cast_shell: [3081:3119:INFO:metrics_recorder.cc(282)] Record action: Setup.ip_address.BLE
04-09 10:09:31.898  3078  3078 I cast_shell: [3081:3089:ERROR:connectivity_checker_impl.cc(265)] Connectivity check failed: 400
04-09 10:09:31.952  2711  2723 I yani_autoip: start_autoip() Interface 'wlan0' Is AutoIP Required 'Yes' Thread-Running 'No' 
04-09 10:09:31.952  2711  2723 E yani_server: YANI: I am Done Wait For Event 
04-09 10:09:31.952  2711  2723 I yani_kernel: yani_geteventfrom_changeaddr() Message-Id '1' Netlink event '16' Interface Index '5' -> Name 'wlan0' 
04-09 10:09:31.954  2711  3330 I yani_autoip: Setting autoiptimer to 70000
04-09 10:09:31.955  2711  2723 I yani_kernel: yani_geteventfrom_changeaddr() Message-Id '1' Netlink event '16' Interface Index '5' -> Name 'wlan0' 
04-09 10:09:31.956  2711  2723 I yani_kernel: yani_geteventfrom_changeaddr() Message-Id '1' Netlink event '16' Interface Index '5' -> Name 'wlan0' 
04-09 10:09:31.966  3329  3329 E dhcpcd  : control_open: Connection refused
04-09 10:09:31.967  3329  3329 E dhcpcd  : eth0: interface not found or invalid
04-09 10:09:31.968  2946  2957 D wac-main: Netlink event
04-09 10:09:31.968  3329  3329 D dhcpcd  : wlan0: adding address fe80::ce90:93ff:fe21:f384
04-09 10:09:31.968  2946  2957 E wac-main: Netlink event 16 Interface Index 5 
04-09 10:09:31.968  2946  2957 E wac-main: Enter poll and wait
04-09 10:09:31.973  2711  2723 I yani_kernel: yani_geteventfrom_changeaddr() Message-Id '1' Netlink event '16' Interface Index '5' -> Name 'wlan0' 
04-09 10:09:32.035  2732  2743 I NetworkMonitor: turn off power-save
04-09 10:09:32.043  2732  2743 E DNSResolver: Error in connect: Network is unreachable
04-09 10:09:32.044  2732  2743 I chatty  : uid=0(root) /bin/net_mgr identical 4 lines
04-09 10:09:32.044  2732  2743 E DNSResolver: Error in connect: Network is unreachable
04-09 10:09:32.044  2732  2743 E HttpTimeSync: Error resolve name clients1.google.com
04-09 10:09:32.063  2732  2743 E HttpTimeSync: Error in curl perform, returns 6: Couldn't resolve host name
04-09 10:09:32.065  2732  2743 E HttpTimeSync: Failed in getting HTTP header from http://clients1.google.com/generate_204
04-09 10:09:32.073  3329  3329 E dhcpcd  : error writing DUID: /etc/dhcpcd/dhcpcd.duid: Read-only file system
04-09 10:09:32.073  3329  3329 D dhcpcd  : DUID 00:03:00:01:cc:90:93:21:f3:84
04-09 10:09:32.073  3329  3329 D dhcpcd  : wlan0: IAID 93:21:f3:84
04-09 10:09:32.270  3078  3078 I cast_shell: [3081:3119:INFO:metrics_recorder.cc(282)] Record action: Setup.eureka_info.Local
04-09 10:09:32.271  3078  3078 I cast_shell: [3081:3119:INFO:metrics_recorder.cc(282)] Record action: Setup.eureka_info.Local.200
04-09 10:09:32.272  2732  2742 E DNSResolver: Error in connect: Network is unreachable
04-09 10:09:32.273  2732  2742 I chatty  : uid=0(root) MonitorThread identical 4 lines
04-09 10:09:32.273  2732  2742 E DNSResolver: Error in connect: Network is unreachable
04-09 10:09:32.273  2732  2742 E HttpTimeSync: Error resolve name clients1.google.com
04-09 10:09:32.275  2732  2742 E HttpTimeSync: Error in curl perform, returns 6: Couldn't resolve host name
04-09 10:09:32.275  2732  2742 E HttpTimeSync: Failed in getting HTTP header from http://clients1.google.com/generate_204
04-09 10:09:32.335  3078  3078 I cast_shell: [3081:3119:INFO:metrics_recorder.cc(282)] Record action: Setup.version.BLE
04-09 10:09:32.365  3078  3078 I cast_shell: [3081:3119:INFO:metrics_recorder.cc(282)] Record action: Setup.tos_accepted.BLE
04-09 10:09:32.396  3078  3078 I cast_shell: [3081:3119:INFO:metrics_recorder.cc(282)] Record action: Setup.state.BLE
04-09 10:09:32.425  3078  3078 I cast_shell: [3081:3119:INFO:metrics_recorder.cc(282)] Record action: Setup.ip_address.BLE
04-09 10:09:32.715  3329  3329 D dhcpcd  : wlan0: soliciting a DHCP lease
04-09 10:09:32.715  3329  3329 D dhcpcd  : wlan0: sending DISCOVER (xid 0x3cddfb70), next in -21958533682761088792424872457592988320637260886107800581654153649260188340394590956028218089234045643408615086671763865684572943792707959262412505139992921440563169292140981657995966125229371273254232178010076806298985727878438189013842376348709083672066015868485632.0 seconds
04-09 10:09:32.739  3329  3329 D dhcpcd  : wlan0: soliciting an IPv6 router
04-09 10:09:32.905  3078  3078 I cast_shell: [3081:3089:ERROR:connectivity_checker_impl.cc(265)] Connectivity check failed: 400
04-09 10:09:32.965  3078  3078 I cast_shell: [3081:3119:INFO:metrics_recorder.cc(282)] Record action: Setup.version.BLE
04-09 10:09:32.995  3078  3078 I cast_shell: [3081:3119:INFO:metrics_recorder.cc(282)] Record action: Setup.tos_accepted.BLE
04-09 10:09:33.025  3078  3078 I cast_shell: [3081:3119:INFO:metrics_recorder.cc(282)] Record action: Setup.state.BLE
04-09 10:09:33.056  3078  3078 I cast_shell: [3081:3119:INFO:metrics_recorder.cc(282)] Record action: Setup.ip_address.BLE
04-09 10:09:33.275  2732  2742 E DNSResolver: Error in connect: Network is unreachable
04-09 10:09:33.276  2732  2742 I chatty  : uid=0(root) MonitorThread identical 4 lines
04-09 10:09:33.276  2732  2742 E DNSResolver: Error in connect: Network is unreachable
04-09 10:09:33.276  2732  2742 E HttpTimeSync: Error resolve name clients1.google.com
04-09 10:09:33.277  2732  2742 E HttpTimeSync: Error in curl perform, returns 6: Couldn't resolve host name
04-09 10:09:33.277  2732  2742 E HttpTimeSync: Failed in getting HTTP header from http://clients1.google.com/generate_204
04-09 10:09:33.596  3078  3078 I cast_shell: [3081:3119:INFO:metrics_recorder.cc(282)] Record action: Setup.version.BLE
04-09 10:09:33.625  3078  3078 I cast_shell: [3081:3119:INFO:metrics_recorder.cc(282)] Record action: Setup.tos_accepted.BLE
04-09 10:09:33.655  3078  3078 I cast_shell: [3081:3119:INFO:metrics_recorder.cc(282)] Record action: Setup.state.BLE
04-09 10:09:33.685  3078  3078 I cast_shell: [3081:3119:INFO:metrics_recorder.cc(282)] Record action: Setup.ip_address.BLE
04-09 10:09:33.785  3329  3329 D dhcpcd  : wlan0: received OFFER with xid 0x3cddfb70
04-09 10:09:33.786  3329  3329 D dhcpcd  : wlan0: offered 192.168.1.145 from 192.168.1.1
04-09 10:09:33.786  3329  3329 D dhcpcd  : wlan0: requesting lease of 192.168.1.145
04-09 10:09:33.786  3329  3329 D dhcpcd  : wlan0: sending REQUEST (xid 0x3cddfb70), next in -21958533682761088792424872457592988320637260886107800581654153649260188340394590956028218089234045643408615086671763865684572943792707959262412505139992921440563169292140981657995966125229371273254232178010076806298985727878438189013842376348709083672066015868485632.0 seconds
04-09 10:09:33.894  3329  3329 D dhcpcd  : wlan0: received ACK with xid 0x3cddfb70
04-09 10:09:33.894  3329  3329 D dhcpcd  : wlan0: acknowledged 192.168.1.145 from 192.168.1.1
04-09 10:09:33.894  3329  3329 D dhcpcd  : wlan0: leased 192.168.1.145 for 86400 seconds
04-09 10:09:33.896  3329  3329 D dhcpcd  : wlan0: adding route to 192.168.1.0/24
04-09 10:09:33.896  3329  3329 D dhcpcd  : wlan0: adding default route via 192.168.1.1
04-09 10:09:33.897  2946  2957 D wac-main: Netlink event
04-09 10:09:33.897  2946  2957 E wac-main: Netlink event 20 Interface Index 5 
04-09 10:09:33.897  2946  2957 E wac-main: Enter poll and wait
04-09 10:09:33.897  2711  2723 I yani_kernel: yani_geteventfrom_changeaddr() Message-Id '1' Netlink event '20' Interface Index '5' -> Name 'wlan0' 
04-09 10:09:33.899  2732  2743 I NetworkMonitor: turn off power-save
04-09 10:09:33.905  2711  2723 I yani_server: NetLink Event '2' Interface-Index '5' WLAN '-1' Ethernet '-1' Parsed-iFill '2' -> 'WLAN0 CONNECTED' ifIndex '1' -> 'lo'
04-09 10:09:33.906  2711  2723 I yani_server: doLotofWork() List of interface '5'
04-09 10:09:33.907  2711  2723 I yani_server: doLotofWork() Interface 'wlan0' ifr[0].ifr_name 'lo' ipaddress '127.0.0.1'
04-09 10:09:33.907  2711  2723 I yani_server: doLotofWork() Interface 'wlan0' ifr[1].ifr_name 'wlan0' ipaddress '192.168.1.145'
04-09 10:09:33.907  2711  2723 E yani_server: YANI GOT IP FOR IFACE=wlan0 IP=192.168.1.145 mstatus=0 mifacetype=1
04-09 10:09:33.907  2711  2723 I yani_server: doLotofWork() returns 'REFILL IP ASSIGNED'
04-09 10:09:33.907  2711  2723 I yani_autoip: stop_autoip() Thread-Running 'Yes'
04-09 10:09:33.907  2711  2813 I yani_server: onNetworkParametersChanged() WAC Mode '1'  Index '1' Interface 'wlan0' Status '1'
04-09 10:09:33.907  2711  3330 E yani_autoip: Force Exit AutoIP thread bytes '1' value 'q'
04-09 10:09:33.907  2711  3330 I yani_autoip: Exiting AutoIP thread return poll status 1
04-09 10:09:33.907  2711  2723 E yani_server: YANI: I am Done Wait For Event 
04-09 10:09:33.907  2728  2738 I MB_HANDLER: YaniAlert() Interface '1' Status '1'
04-09 10:09:33.910  2728  2738 I wifiapi : newconn : 0xf5900c40
04-09 10:09:33.911  2728  2738 I wifiapi : 'GET_NETWORK 0 ssid' command returned = 0
04-09 10:09:33.911  2728  2738 E MB_HANDLER: save ENV ssid = "Linksys16717_2G"
04-09 10:09:33.930  2712  2719 I lucitransport: writeRemoteMessage() MID = 124 buffer = 1#1,1#2,0#3,1#4,1
04-09 10:09:33.930  2712  2719 I luciUART: write() MID = 124  bytes = 27 data = 1#1,1#2,0#3,1#4,1 m_fd = 0x5
04-09 10:09:33.931  2729  2729 E AirableUIHelper: AirableUIHelper::YaniAlert  1 1 
04-09 10:09:33.931  2729  2729 E AirableUIHelper: Wlan is up
04-09 10:09:33.931  2953  2967 I otamanager: YaniAlert() Interface 1 Status Up
04-09 10:09:33.931  2953  2967 I otamanager: CreateFirmwareUpdateTimerOnYaniAlert done
04-09 10:09:33.931  2950  2990 I airplay-main: YaniAlert Interface 1 Status 1
04-09 10:09:33.932  2712  2719 I lucitransport: readRemoteMessage() MID char = 90 buffer = Lyric Speaker Box 21f384
04-09 10:09:33.937  2712  2720 E luciUART: UART:aa
04-09 10:09:33.937  2712  2720 E luciUART: UART:aa
04-09 10:09:33.937  2712  2720 E luciUART: UART:2
04-09 10:09:33.937  2712  2720 E luciUART: UART:0
04-09 10:09:33.937  2712  2720 E luciUART: UART:d0
04-09 10:09:33.937  2712  2720 E luciUART: UART:0
04-09 10:09:33.937  2712  2720 I chatty  : uid=0(root) UARTLUCIControl identical 2 lines
04-09 10:09:33.937  2712  2720 E luciUART: UART:0
04-09 10:09:33.937  2712  2720 E luciUART: UART:9
04-09 10:09:33.937  2712  2720 I luciUART: read() RemoteID = 43690 Command = 208 Type = 2 Status = 0 DataLen = 9
04-09 10:09:33.938  2712  2720 E luciUART: Error: full data not available yet! readBytes 0
04-09 10:09:33.938  2712  2720 I luciUART: Previous Packet read contd., 
04-09 10:09:33.938  2712  2720 E luciUART: UART:52
04-09 10:09:33.938  2712  2720 I luciUART: Previous Packet read contd., 
04-09 10:09:33.938  2712  2720 E luciUART: UART:45
04-09 10:09:33.938  2712  2720 I luciUART: Previous Packet read contd., 
04-09 10:09:33.938  2712  2720 E luciUART: UART:41
04-09 10:09:33.938  2712  2720 I luciUART: Previous Packet read contd., 
04-09 10:09:33.938  2712  2720 E luciUART: UART:44
04-09 10:09:33.938  2712  2720 I luciUART: Previous Packet read contd., 
04-09 10:09:33.938  2712  2720 E luciUART: UART:5f
04-09 10:09:33.938  2712  2720 I luciUART: Previous Packet read contd., 
04-09 10:09:33.938  2712  2720 E luciUART: UART:73
04-09 10:09:33.938  2712  2720 I luciUART: Previous Packet read contd., 
04-09 10:09:33.938  2712  2720 E luciUART: UART:73
04-09 10:09:33.938  2712  2720 I luciUART: Previous Packet read contd., 
04-09 10:09:33.938  2712  2720 E luciUART: UART:69
04-09 10:09:33.938  2712  2720 I luciUART: Previous Packet read contd., 
04-09 10:09:33.938  2712  2720 E luciUART: UART:64
04-09 10:09:33.938  2712  2721 E LUCI_SERVER: Luci Server Thread wait over MID 208....
04-09 10:09:33.938  2712  2721 E LUCI_SERVER: Got NV name : ssid
04-09 10:09:33.941  2712  2721 I luciUART: write() MID = 208  bytes = 30 data = ssid:Linksys16717_2G m_fd = 0x5
04-09 10:09:33.941  2712  2721 E LUCI_SERVER: NV_READ response= ssid:Linksys16717_2G
04-09 10:09:33.941  2712  2721 E LUCI_SERVER: Luci Server Thread waiting for packets....
04-09 10:09:34.013  2950  3367 I airplay-main: checkACPAvailability() err 0 -> Present!
04-09 10:09:34.013  2950  3367 D airplay-main: arguments[0] -> airplay_v2 -> airplay_v2
04-09 10:09:34.013  2950  3367 D airplay-main: arguments[1] -> -n -> -n
04-09 10:09:34.013  2950  3367 D airplay-main: arguments[2] -> Lyric Speaker Box 21f384 -> Lyric Speaker Box 21f384
04-09 10:09:34.014  2950  3367 D airplay-main: arguments[3] -> -z -> -z
04-09 10:09:34.014  2950  3367 D airplay-main: arguments[4] -> 1 -> 1
04-09 10:09:34.014  2950  3367 D airplay-main: arguments[5] -> -d -> -d
04-09 10:09:34.014  2950  3367 D airplay-main: arguments[6] -> 47617500 -> 47617500
04-09 10:09:34.014  2950  3367 D airplay-main: Total Number of Arguments 7
04-09 10:09:34.025  2950  3367 I airplay_v2_0_6: 2022-04-08 21:39:34.023950 [AirPlayDemo] homedir /data/ sUserPreferencesDirectoryPath /data//.airplaydemo 
04-09 10:09:34.069  2732  2743 I HttpTimeSync: Building resolve list for clients1.google.com, total 1.
04-09 10:09:34.069  2732  2743 I HttpTimeSync: 	0: 142.251.36.142
04-09 10:09:34.102  2950  3367 I airplay-main: checkACPAvailability() err 0 -> Present!
04-09 10:09:34.183  2950  3388 I airplay_v2_0_6: 2022-04-08 21:39:34.183132 [AirPlayDemo] *********** AirPlayDemoPlatformSetProperty:homeIntegrationData value - 
04-09 10:09:34.183  2950  3388 I airplay_v2_0_6:     +0000: 62706c69 73743030 d101025f 10114343 |bplist00^^^_^^CC| (67 bytes)
04-09 10:09:34.183  2950  3388 I airplay_v2_0_6:     +0010: 3a39303a 39333a32 313a4633 3a3834d0 |:90:93:21:F3:84^|
04-09 10:09:34.183  2950  3388 I airplay_v2_0_6:     +0020: 080b1f00 00000000 00010100 00000000 |^^^^^^^^^^^^^^^^|
04-09 10:09:34.183  2950  3388 I airplay_v2_0_6:     +0030: 00000300 00000000 00000000 00000000 |^^^^^^^^^^^^^^^^|
04-09 10:09:34.183  2950  3388 I airplay_v2_0_6:     +0040: 000020                              |^^              |
04-09 10:09:34.185  2950  3390 I airplay_v2_0_6: 2022-04-08 21:39:34.185590 [AirPlayDemo] AirPlayDemoServerCopyProperty Password is <<NULL>>
04-09 10:09:34.195  2950  3388 I airplay_v2_0_6: 2022-04-08 21:39:34.195511 [AirPlayDemo] *********** AirPlayDemoPlatformSetProperty:homeIntegrationData value - 
04-09 10:09:34.195  2950  3388 I airplay_v2_0_6:     +0000: 62706c69 73743030 d101025f 10114343 |bplist00^^^_^^CC| (165 bytes)
04-09 10:09:34.195  2950  3388 I airplay_v2_0_6:     +0010: 3a39303a 39333a32 313a4633 3a3834d3 |:90:93:21:F3:84^
04-09 10:09:34.195  2950  3388 I airplay_v2_0_6: |
04-09 10:09:34.195  2950  3388 I airplay_v2_0_6:     +0020: 03040501 06075a69 64656e74 69666965 |^^^^^^Zidentifie|
04-09 10:09:34.195  2950  3388 I airplay_v2_0_6:     +0030: 7252736b 52706b4f 10202125 354b8e9e |rRskRpkO^ !%5K^^|
04-09 10:09:34.195  2950  3388 I airplay_v2_0_6:     +0040: a552ae03 e88f5631 6158cbcd 8b3a2acb |^R^^^^V1aX^^^:*^|
04-09 10:09:34.195  2950  3388 I airplay_v2_0_6:     +0050: 67dda60c 5f82828f ab844f10 20e2c534 |
04-09 10:09:34.195  2950  3388 I airplay_v2_0_6: g^^^_^^^^^O^ ^^4|
04-09 10:09:34.195  2950  3388 I airplay_v2_0_6:     +0060: b4f0925c e8302e94 22526b5b 69ac931a |^^^\^0.^"Rk[i^^^|
04-09 10:09:34.195  2950  3388 I airplay_v2_0_6:     +0070: f9d696db 4586c03c d38c13aa 35080b1f |^^^^E^^<^^^^5^^^|
04-09 10:09:34.195  2950  3388 I airplay_v2_0_6:     +0080: 26313437 5a000000 00000001 01000000 |&147Z^^^^^^^^^^^|
04-09 10:09:34.195  2950  3388 I airplay_v2_0_6:     +0090: 
04-09 10:09:34.195  2950  3388 I airplay_v2_0_6: 00000000 08000000 00000000 00000000 |^^^^^^^^^^^^^^^^|
04-09 10:09:34.195  2950  3388 I airplay_v2_0_6:     +00A0: 00000000 7d                         |^^^^}           |
04-09 10:09:34.196  2712  2719 I lucitransport: readRemoteMessage() MID char = 90 buffer = Lyric Speaker Box 21f384
04-09 10:09:34.198  2950  3367 I airplay_v2_0_6: 2022-04-08 21:39:34.197807 [AirPlay] Registering Bonjour _airplay._tcp. port 7000
04-09 10:09:34.199  2950  3388 I airplay_v2_0_6: 2022-04-08 21:39:34.199731 [AirPlayDemo] AirPlayDemoServerCopyProperty Password is <<NULL>>
04-09 10:09:34.201  2950  3390 I airplay_v2_0_6: 2022-04-08 21:39:34.201131 [AirPlayDemo] AirPlayDemoServerCopyProperty Password is <<NULL>>
04-09 10:09:34.201  2712  2719 I lucitransport: readRemoteMessage() MID char = 90 buffer = Lyric Speaker Box 21f384
04-09 10:09:34.203  2950  3367 I airplay_v2_0_6: 2022-04-08 21:39:34.203065 [AirPlay] Registering Bonjour CC909321F384@Lyric Speaker Box 21f384._raop._tcp. port 7000
04-09 10:09:34.203  2950  3367 I airplay_v2_0_6: 2022-04-08 21:39:34.203200 [AirPlay] AirPlay servers started
04-09 10:09:34.225  3078  3078 I cast_shell: [3081:3119:INFO:metrics_recorder.cc(282)] Record action: Setup.version.BLE
04-09 10:09:34.256  3078  3078 I cast_shell: [3081:3119:INFO:metrics_recorder.cc(282)] Record action: Setup.tos_accepted.BLE
04-09 10:09:34.285  3078  3078 I cast_shell: [3081:3119:INFO:metrics_recorder.cc(282)] Record action: Setup.state.BLE
04-09 10:09:34.315  3078  3078 I cast_shell: [3081:3119:INFO:metrics_recorder.cc(282)] Record action: Setup.ip_address.BLE
04-09 10:09:35.584  2949  2972 I SPOTIFY : ConnectionNotify event(0-Login, 1-Logout, rest Error) = 7 
04-09 10:09:35.676  2732  2743 I HttpTimeSync: Http time synced
04-09 10:09:36.043  3078  3078 I cast_shell: [3081:3089:INFO:connectivity_checker_impl.cc(144)] Change check url=http://connectivitycheck.gstatic.com/generate_204
04-09 10:09:36.043  3078  3078 I cast_shell: [3081:3089:INFO:connectivity_checker_impl.cc(148)] Global connection is: Up
04-09 10:09:36.044  3078  3078 I cast_shell: [3081:3119:WARNING:setup_manager_impl.cc(1100)] NAT not supported, no captive portal support.
04-09 10:09:36.045  3078  3078 I cast_shell: [3081:3119:INFO:setup_state.cc(261)] Setup state changed: SETUP_STATE_CHECKING_GLOBAL_CONNECTIVITY (50) -> SETUP_STATE_CONNECTED_WIFI_NOT_SAVED (61)
04-09 10:09:36.047  3081  3233 E         : OOBE CheckUpdate
04-09 10:09:36.054  3078  3078 I cast_shell: [3081:3081:INFO:ccs_transport_gcm.cc(102)] Registering GCM handler
04-09 10:09:36.054  3078  3078 I cast_shell: [3081:3081:INFO:gcm_manager.cc(258)] Enabling GCM Driver
04-09 10:09:36.055  3078  3078 I cast_shell: [3081:3233:INFO:update_engine_client_with_system_updater.cc(216)] Network first connected, check system force update
04-09 10:09:36.055  3078  3078 I cast_shell: [system_updater_dummy.cpp(109)] CheckUpdate
04-09 10:09:36.055  3078  3078 I cast_shell: [3081:3130:INFO:v2_transport.cc(681)] V2TransportImpl::CreatSelfSignedCertificateWithKey called.
04-09 10:09:36.057  3078  3078 I cast_shell: [3081:3081:INFO:api_reboot.cc(321)] active_activities count=0
04-09 10:09:36.057  3078  3078 I cast_shell: [3081:3081:INFO:lycra_gcm.cc(121)] Registering GCM handler.
04-09 10:09:36.057  3078  3078 I cast_shell: [3081:3081:INFO:cloud_settings_manager.cc(431)] Connectivity established. Reconciling cloud settings.
04-09 10:09:36.057  3078  3078 I cast_shell: [3081:3081:INFO:cloud_settings_manager.cc(195)] Cloud settings is disabled.
04-09 10:09:36.057  3078  3078 I cast_shell: [3081:3081:INFO:cast_receiver_impl.cc(1093)] Entering discovery-only mode
04-09 10:09:36.057  3078  3078 I cast_shell: [3081:3081:INFO:application_config_manager_impl.cc(575)] Disabling virtual device 785f3b92-6274-abf9-72bf-2568081df21f
04-09 10:09:36.057  3078  3078 I cast_shell: [3081:3129:INFO:mdns_cast_service.cc(351)] Device discovery state is setup-only
04-09 10:09:36.057  3078  3078 I cast_shell: [3081:3129:INFO:mdns_util.cc(102)] Defaulting mDNS capabilities for audio-only build
04-09 10:09:36.058  2953  2976 I otamanager: cast_updater_threadEntry() Response 'CheckUpdate' Current Firmware Update state 'Idle'
04-09 10:09:36.058  2953  2976 I otamanager: checkUpdate_l
04-09 10:09:36.058  2953  2976 I otamanager: Firmware Update State Change from Idle to CheckUpdate
04-09 10:09:36.062  2953  2976 E otamanager: lo not valid Interface for MAC ID
04-09 10:09:36.074  3078  3078 I cast_shell: [3081:3081:INFO:device_info_impl.cc(1094)] Primary netif changed: new=wlan0, old=usb0
04-09 10:09:36.074  3078  3078 I cast_shell: [3081:3081:INFO:device_info_impl.cc(1103)] Primary IP address changed: netif=wlan0, new=192.168.1.145, old=192.168.10.1
04-09 10:09:36.074  3078  3078 I cast_shell: [3081:3081:INFO:cast_receiver_impl.cc(1612)] mDNS Discovery stopped.
04-09 10:09:36.074  3078  3078 I cast_shell: [3081:3081:INFO:cast_receiver_impl.cc(1679)] Network is globally connected. Schedule config downloading if necessary.
04-09 10:09:36.074  3078  3078 I cast_shell: [3081:3081:INFO:cast_receiver_impl.cc(1685)] Network is globally connected. Schedule crl downloading if necessary.
04-09 10:09:36.074  3078  3078 I cast_shell: [3081:3081:INFO:crl_downloader.cc(366)] Downloading crl: url=https://clients5.google.com/cast/chromecast/device/crl
04-09 10:09:36.074  3078  3078 I cast_shell: [3081:3081:INFO:cast_receiver_impl.cc(1695)] Network is globally connected. Refreshing CcsManager.
04-09 10:09:36.074  3078  3078 I cast_shell: [3081:3081:INFO:iot_auth_manager_wrapper.cc(311)] Network provider informed of connected network status.
04-09 10:09:36.075  3078  3078 I cast_shell: [3081:3119:WARNING:setup_manager_impl.cc(1136)] NAT not supported, no captive portal support.
04-09 10:09:36.081  3078  3078 I cast_shell: [3081:3129:INFO:mdns_app_filter.cc(1702)] MdnsAppFilter is stopping
04-09 10:09:36.081  3078  3078 I cast_shell: [3081:3129:INFO:metrics_recorder.cc(282)] cast event: Cast.Discovery.Mdns.ResponderStopped
04-09 10:09:36.081  3078  3078 I cast_shell: [3081:3129:INFO:mdns_app_filter.cc(1709)] MdnsAppFilter is stopping; closing socket: address=192.168.2.1
04-09 10:09:36.081  3078  3078 I cast_shell: [3081:3129:INFO:metrics_recorder.cc(282)] cast event: Cast.Discovery.Mdns.SocketDestroyed
04-09 10:09:36.081  3078  3078 I cast_shell: [3081:3129:INFO:mdns_app_filter.cc(1709)] MdnsAppFilter is stopping; closing socket: address=192.168.10.1
04-09 10:09:36.081  3078  3078 I cast_shell: [3081:3129:INFO:metrics_recorder.cc(282)] cast event: Cast.Discovery.Mdns.SocketDestroyed
04-09 10:09:36.100  3078  3078 I cast_shell: [3081:3130:INFO:transport_creds.cc(151)] Self-signed certificate created: CN=785f3b92-6274-abf9-72bf-2568081df21f
04-09 10:09:36.100  2947  3159 I LibreCastControlDelegate: OnCastStatus() +++ Lyric Speaker Box 21f384:0xab37f198:NOT_SETUP
04-09 10:09:36.101  2947  3159 I LibreCastControlDelegate: Device Build Number -> '1.52.272222'
04-09 10:09:36.101  2947  3159 I librecast: updateCastBuildVersion() Version 1.52.272222
04-09 10:09:36.101  2712  2719 I lucitransport: readRemoteMessage() MID char = 7 buffer = 1.52.272222
04-09 10:09:36.101  2947  3159 I LibreCastControlDelegate: Active Applications -> 0
04-09 10:09:36.101  2947  3159 I LibreCastControlDelegate: Current Cast State '2' -> 'NOT_SETUP'
04-09 10:09:36.101  2947  3159 I LibreCastControlDelegate: OnCastStatus() ---
04-09 10:09:36.102  2947  3159 I LibreCastControlDelegate: OnCastStatus() +++ Lyric Speaker Box 21f384:0xab37f198:NOT_SETUP
04-09 10:09:36.102  2947  3159 I LibreCastControlDelegate: Device Build Number -> '1.52.272222'
04-09 10:09:36.102  2947  3159 I librecast: updateCastBuildVersion() Version 1.52.272222
04-09 10:09:36.103  2712  2719 I lucitransport: readRemoteMessage() MID char = 7 buffer = 1.52.272222
04-09 10:09:36.103  2947  3159 I LibreCastControlDelegate: Active Applications -> 0
04-09 10:09:36.103  2947  3159 I LibreCastControlDelegate: Current Cast State '2' -> 'NOT_SETUP'
04-09 10:09:36.103  2947  3159 I LibreCastControlDelegate: OnCastStatus() ---
04-09 10:09:36.104  3078  3078 I cast_shell: [3081:3119:INFO:metrics_recorder.cc(282)] Record action: Setup.version.BLE
04-09 10:09:36.121  3078  3078 I cast_shell: [3081:3081:INFO:config_downloader.cc(489)] Downloading config: headers (excl. auth) ='Accept: application/protobuf', url=https://clients5.google.com/cast/chromecast/device/baseconfig?m=LSB&M=COTODAMA&p=LS10+Platform&b=1.52.272222&c=wifi&r=beta-channel&pt=3&ln=&d=DE4F95FFA64D5E74B026&at=1
04-09 10:09:36.134  3078  3078 I cast_shell: [3081:3119:INFO:metrics_recorder.cc(282)] Record action: Setup.tos_accepted.BLE
04-09 10:09:36.164  3078  3078 I cast_shell: [3081:3119:INFO:metrics_recorder.cc(282)] Record action: Setup.state.BLE
04-09 10:09:36.194  3078  3078 I cast_shell: [3081:3119:INFO:metrics_recorder.cc(282)] Record action: Setup.ip_address.BLE
04-09 10:09:36.214  3078  3078 I cast_shell: [3081:3132:INFO:multizone_manager.cc(2131)] Updated leader quality: 49807413
04-09 10:09:36.219  3078  3078 I cast_shell: [3081:3129:INFO:metrics_recorder.cc(282)] cast event: Cast.Discovery.Mdns.SocketCreated
04-09 10:09:36.219  3078  3078 I cast_shell: [3081:3129:INFO:mdns_app_filter.cc(1254)] Created mDNS socket for interface:name=wlan0, address=192.168.1.145, index=5
04-09 10:09:36.220  3078  3078 I cast_shell: [3081:3129:INFO:metrics_recorder.cc(282)] cast event: Cast.Discovery.Mdns.SocketCreated
04-09 10:09:36.220  3078  3078 I cast_shell: [3081:3129:INFO:mdns_app_filter.cc(1254)] Created mDNS socket for interface:name=p2p1, address=192.168.2.1, index=7
04-09 10:09:36.220  3078  3078 I cast_shell: [3081:3129:INFO:metrics_recorder.cc(282)] cast event: Cast.Discovery.Mdns.SocketCreated
04-09 10:09:36.220  3078  3078 I cast_shell: [3081:3129:INFO:mdns_app_filter.cc(1254)] Created mDNS socket for interface:name=usb0, address=192.168.10.1, index=9
04-09 10:09:36.220  3078  3078 I cast_shell: [3081:3129:INFO:mdns_app_filter.cc(977)] MdnsAppFilter is starting.
04-09 10:09:36.220  3078  3078 I cast_shell: [3081:3129:INFO:metrics_recorder.cc(282)] cast event: Cast.Discovery.Mdns.ResponderStarted
04-09 10:09:36.220  3078  3078 I cast_shell: [3081:3129:INFO:discovered_service_client.cc(78)] Primary interface for service discovery has changed: ifindex=5
04-09 10:09:36.222  3078  3078 I cast_shell: [3081:3081:INFO:mdns_manager_impl.cc(429)] Successfully updated service: type=_googlezone
04-09 10:09:36.228  3078  3078 I cast_shell: [3081:3119:INFO:ble_setup.cc(322)] Record action: Setup.set_eureka_info.BLE
04-09 10:09:36.239  3078  3078 I cast_shell: [3081:3119:INFO:timezone_settings.cc(288)] Setting system timezone to Asia/Kolkata
04-09 10:09:36.239  3078  3078 I cast_shell: [3081:3132:INFO:multizone_group.cc(357)] Change name for group [PII](A892D9342BDBF6107108D3E84014A602) to [PII](AAA speaker)
04-09 10:09:36.239  3078  3078 I cast_shell: [3081:3119:INFO:locale_manager.cc(511)] New timezone: Asia/Kolkata
04-09 10:09:36.239  3078  3078 I cast_shell: [3081:3119:INFO:locale_manager.cc(539)] New time format: 24-hour
04-09 10:09:36.239  3078  3078 I cast_shell: [3081:3081:INFO:device_info_impl.cc(1133)] SSDP Config ID is increased: id=4
04-09 10:09:36.239  3078  3078 I cast_shell: [3081:3081:INFO:device_info_impl.cc(1133)] SSDP Config ID is increased: id=5
04-09 10:09:36.240  2733  2762 I bluetoothtbd: [0408/213936.240766:INFO:adapter.cc(551)] Adapter properties changed
04-09 10:09:36.240  2733  2762 I bluetoothtbd: [0408/213936.240949:INFO:adapter.cc(573)] Adapter name changed
04-09 10:09:36.241  3078  3078 I cast_shell: [3081:3119:INFO:bluetooth_manager.cc(1232)] [PII] Set device name to 'AAA speaker'
04-09 10:09:36.241  2733  2762 I bluetoothtbd: [0408/213936.241705:INFO:adapter.cc(551)] Adapter properties changed
04-09 10:09:36.241  2733  2762 I bluetoothtbd: [0408/213936.241839:INFO:adapter.cc(573)] Adapter name changed
04-09 10:09:36.252  2947  3159 I LibreCastControlDelegate: OnCastStatus() +++ AAA speaker:0xab37f198:NOT_SETUP
04-09 10:09:36.253  2947  3159 I LibreCastControlDelegate: Device Build Number -> '1.52.272222'
04-09 10:09:36.253  2947  3159 I librecast: updateCastBuildVersion() Version 1.52.272222
04-09 10:09:36.253  2712  2719 I lucitransport: readRemoteMessage() MID char = 7 buffer = 1.52.272222
04-09 10:09:36.253  3078  3078 I cast_shell: [3081:3081:INFO:mdns_manager_impl.cc(429)] Successfully updated service: type=_googlecast
04-09 10:09:36.253  3078  3078 I cast_shell: [3081:3081:INFO:virtual_device.cc(296)] Updated mDNS service for virtual device: id=785f3b92-6274-abf9-72bf-2568081df21f
04-09 10:09:36.253  2947  3159 I LibreCastControlDelegate: Active Applications -> 0
04-09 10:09:36.253  2947  3159 I LibreCastControlDelegate: Current Cast State '2' -> 'NOT_SETUP'
04-09 10:09:36.256  2712  2719 I lucitransport: readRemoteMessage() MID char = 7 buffer = 1.52.272222
04-09 10:09:36.256  2947  3159 I LibreCastControlDelegate: Active Applications -> 0
04-09 10:09:36.256  2947  3159 I LibreCastControlDelegate: Current Cast State '2' -> 'NOT_SETUP'
04-09 10:09:36.256  2947  3159 I LibreCastControlDelegate: OnCastStatus() ---
04-09 10:09:36.289  2953  2976 I otamanager: OTA:ResolveDNSName IP = 52.45.59.166
04-09 10:09:36.289  2953  2976 I otamanager: OTA:hostIp string: https://52.45.59.166/v1
04-09 10:09:36.289  2953  2976 I otamanager: OTA: trying after 2 sec 
04-09 10:09:36.300  3078  3078 I cast_shell: [3081:3119:INFO:ble_setup.cc(322)] Record action: Setup.save_wifi.BLE
04-09 10:09:36.302  3078  3078 I cast_shell: [3081:3119:INFO:wifi_controller_wpa_supplicant.cc(692)] Clear bssid from config for network id 0
04-09 10:09:36.305  3078  3078 I cast_shell: [3081:3119:INFO:setup_manager_impl.cc(1725)] Report action: Wifi.FirstConfigured
04-09 10:09:37.045  3078  3078 I cast_shell: [3081:3119:INFO:ble_setup.cc(789)] Missing required info for sign.
04-09 10:09:37.075  3078  3078 I cast_shell: [system_updater_dummy.cpp(139)] CheckUpdate 139
04-09 10:09:37.075  3078  3078 I cast_shell: [system_updater_dummy.cpp(148)] CheckUpdate 148 return
04-09 10:09:37.088  3078  3078 I cast_shell: [3081:3119:INFO:ble_setup.cc(915)] Sign related info completed, no future EurekaInfo need sign.
04-09 10:09:37.160  3078  3078 I cast_shell: [3081:3129:INFO:mdns_app_filter.cc(1403)] MdnsAppFilter: Done probing.
04-09 10:09:37.166  3078  3078 I cast_shell: [3081:3089:INFO:parent_tracker.cc(237)] Network changed
04-09 10:09:37.166  3078  3078 I cast_shell: [3081:3089:INFO:parent_tracker.cc(135)] Now using local address [PII](192.168.1.145)
04-09 10:09:37.166  3078  3078 I cast_shell: [3081:3089:INFO:directory_service_impl.cc(200)] This device became root
04-09 10:09:37.166  3078  3078 I cast_shell: [3081:3089:INFO:parent_tracker.cc(237)] Network changed
04-09 10:09:37.166  3078  3078 I cast_shell: [3081:3089:INFO:parent_tracker.cc(132)] No need to recreate socket
04-09 10:09:37.167  3078  3078 I cast_shell: [3081:3119:INFO:local_network_info_impl.cc(435)] LNID_W changed:
04-09 10:09:37.171  3078  3078 I cast_shell: [3081:3087:INFO:net_util_impl.cc(582)] IP address: [PII](192.168.1.1) MAC address: [PII](C8:B3:73:44:AE:ED)
04-09 10:09:37.171  3078  3078 I cast_shell: [3081:3087:INFO:local_network_info_impl.cc(346)] LNID changed:
04-09 10:09:37.171  3078  3078 I cast_shell: [3081:3081:INFO:ccs_manager_impl.cc(1789)] LNID has changed; Will re-register CCS
04-09 10:09:37.176  3078  3078 I cast_shell: [3081:3087:INFO:net_util_impl.cc(582)] IP address: [PII](192.168.1.1) MAC address: [PII](C8:B3:73:44:AE:ED)
04-09 10:09:37.209  3078  3078 I cast_shell: [3081:3116:INFO:snr_tracker.cc(50)] snr = 48
04-09 10:09:37.364  3078  3078 I cast_shell: [3081:3119:INFO:metrics_recorder.cc(282)] Record action: Setup.state.BLE
04-09 10:09:38.099  3078  3078 I cast_shell: [system_updater_dummy.cpp(139)] CheckUpdate 139
04-09 10:09:38.099  3078  3078 I cast_shell: [system_updater_dummy.cpp(148)] CheckUpdate 148 return
04-09 10:09:38.140  3078  3078 I cast_shell: [3081:3081:INFO:ccs_transport_gcm.cc(244)] Registered GCM handler
04-09 10:09:38.140  3078  3078 I cast_shell: [3081:3081:INFO:ccs_manager_impl.cc(1322)] Waiting for all transports to be enabled
04-09 10:09:38.148  3078  3078 I cast_shell: [3081:3081:INFO:lycra_gcm.cc(212)] Registered GCM handler
04-09 10:09:38.171  3078  3078 I cast_shell: [3081:3081:INFO:grpc_service_discovery_impl.cc(185)] Mdns discovered google RPC for [PII](A892D9342BDBF6107108D3E84014A602).
04-09 10:09:38.399  3078  3078 I cast_shell: [3081:3119:INFO:metrics_recorder.cc(282)] Record action: Setup.state.BLE
04-09 10:09:38.532  3078  3078 I cast_shell: [3081:3091:INFO:crl_downloader.cc(155)] CRL processed.
04-09 10:09:38.533  3078  3078 I cast_shell: [3081:3089:INFO:heartbeat_manager.cc(272)] Set HBInterval default: 1680000
04-09 10:09:38.533  3078  3078 I cast_shell: [3081:3081:INFO:gcm_manager.cc(233)] GCM connection established.
04-09 10:09:38.536  3078  3078 I cast_shell: [3081:3091:INFO:metrics_recorder.cc(282)] cast event: Cast.CRL.DownloadSuccess
04-09 10:09:38.538  3078  3078 I cast_shell: [3081:3091:INFO:client_auth_signer.cc(211)] Cast certificate verification: CastCertError::OK
04-09 10:09:38.538  3078  3078 I cast_shell: [3081:3091:INFO:metrics_recorder.cc(282)] cast event: Cast.Auth.OK
04-09 10:09:39.123  3078  3078 I cast_shell: [system_updater_dummy.cpp(139)] CheckUpdate 139
04-09 10:09:39.123  3078  3078 I cast_shell: [system_updater_dummy.cpp(148)] CheckUpdate 148 return
04-09 10:09:39.178  3078  3078 I cast_shell: [3081:3129:INFO:mdns_app_filter.cc(1526)] MdnsAppFilter: Done announcing.
04-09 10:09:39.220  3078  3078 I cast_shell: [3081:3081:INFO:config_downloader.cc(700)] Received Protobuf config response
04-09 10:09:39.244  3078  3078 I cast_shell: [3081:3081:INFO:application_manager_impl.cc(2024)] max_background_apps changed to: 1
04-09 10:09:39.244  3078  3078 I cast_shell: [3081:3081:ERROR:modular_update_manager_impl.cc(382)] No modular updater app ID can be found in device config.
04-09 10:09:39.254  3078  3078 I cast_shell: [3081:3081:INFO:ccs_settings.cc(262)] CcsSettings using CCS url https://clients5.google.com/cast/cloudcast/
04-09 10:09:39.277  3078  3078 I cast_shell: [3081:3081:INFO:application_config_manager_impl.cc(528)] Setting default remote control app ID: 1374D8AA
04-09 10:09:39.277  3078  3078 I cast_shell: [3081:3081:INFO:application_identification_settings.cc(410)] new ApplicationIdentificationSettings session_id: ce552cc1-7d26-433a-9f9c-a5c8f136d5e3 app_id: 38579375 flags: 7 headers: 512
04-09 10:09:39.277  3078  3078 I cast_shell: [3081:3081:WARNING:ccs_manager_impl.cc(1566)] Device does not have a weave device id
04-09 10:09:39.277  3078  3078 I cast_shell: [3081:3081:INFO:mdns_util.cc(102)] Defaulting mDNS capabilities for audio-only build
04-09 10:09:39.277  3078  3078 I cast_shell: [3081:3081:INFO:mdns_util.cc(102)] Defaulting mDNS capabilities for audio-only build
04-09 10:09:39.277  3078  3078 I cast_shell: [3081:3081:INFO:ccs_transport_https.cc(1203)] No cloud settings for register request
04-09 10:09:39.283  3078  3078 I cast_shell: [3081:3081:INFO:ccs_manager_impl.cc(1496)] Registering device with CCS: message_id = 53e88bdf-3984-47ea-bc73-5568aca3c93c
04-09 10:09:39.283  3078  3078 I cast_shell: [3081:3081:INFO:ccs_manager_impl.cc(1497)] [PII] device_id = A892D9342BDBF6107108D3E84014A602
04-09 10:09:39.283  3078  3078 I cast_shell: [3081:3081:INFO:application_identification_settings.cc(410)] new ApplicationIdentificationSettings session_id: d5fd5611-33df-48d8-8449-895432f3fb7c app_id: 38579375 flags: 7 headers: 512
04-09 10:09:39.283  3078  3078 I cast_shell: [3081:3081:INFO:robot_account_auth_manager.cc(470)] Successfully initialized JWT for 38579375
04-09 10:09:39.283  3078  3078 I cast_shell: [3081:3081:INFO:config_downloader.cc(900)] Clearing local config cache
04-09 10:09:39.285  3078  3078 I cast_shell: [3081:3081:INFO:metrics_recorder.cc(282)] Record action: Cast.DCS.DownloadSuccess
04-09 10:09:39.285  3078  3078 I cast_shell: [3081:3081:INFO:key_exchange_namespace_handler.cc(178)] Changing key_exchange_support capability
04-09 10:09:39.287  2947  3159 I LibreCastControlDelegate: OnCastStatus() +++ AAA speaker:0xab37f198:NOT_SETUP
04-09 10:09:39.287  2947  3159 I LibreCastControlDelegate: Device Build Number -> '1.52.272222'
04-09 10:09:39.287  2947  3159 I librecast: updateCastBuildVersion() Version 1.52.272222
04-09 10:09:39.287  2712  2719 I lucitransport: readRemoteMessage() MID char = 7 buffer = 1.52.272222
04-09 10:09:39.288  2947  3159 I LibreCastControlDelegate: Active Applications -> 0
04-09 10:09:39.288  2947  3159 I LibreCastControlDelegate: Current Cast State '2' -> 'NOT_SETUP'
04-09 10:09:39.288  2947  3159 I LibreCastControlDelegate: OnCastStatus() ---
04-09 10:09:39.290  3078  3078 I cast_shell: [3081:3081:INFO:mdns_util.cc(102)] Defaulting mDNS capabilities for audio-only build
04-09 10:09:39.291  3078  3078 I cast_shell: [3081:3081:INFO:chromecast_service.cc(2229)] AoGH feature is: 0
04-09 10:09:39.291  3078  3078 I cast_shell: [3081:3129:INFO:mdns_util.cc(102)] Defaulting mDNS capabilities for audio-only build
04-09 10:09:39.291  3078  3078 I cast_shell: [3081:3081:INFO:chromecast_service.cc(2189)] Geolocation changed to: 0
04-09 10:09:39.291  3078  3078 I cast_shell: [3081:3081:INFO:lycra_transport.cc(301)] Feature flag changed: false
04-09 10:09:39.291  3078  3078 I cast_shell: [3081:3081:INFO:chromecast_service.cc(2248)] Playback disruption feature is: 1
04-09 10:09:39.291  3078  3078 I cast_shell: [3081:3081:INFO:playback_disruption_service.cc(328)] Playback disruption service enabled and running
04-09 10:09:39.291  3078  3078 I cast_shell: [3081:3081:INFO:ccs_manager_impl.cc(864)] Re-registering single CCS device
04-09 10:09:39.291  3078  3078 I cast_shell: [3081:3081:WARNING:ccs_manager_impl.cc(1566)] Device does not have a weave device id
04-09 10:09:39.291  3078  3078 I cast_shell: [3081:3081:INFO:mdns_util.cc(102)] Defaulting mDNS capabilities for audio-only build
04-09 10:09:39.291  3078  3078 I cast_shell: [3081:3081:INFO:mdns_util.cc(102)] Defaulting mDNS capabilities for audio-only build
04-09 10:09:39.292  3078  3078 I cast_shell: [3081:3081:INFO:ccs_transport_https.cc(1203)] No cloud settings for register request
04-09 10:09:39.292  3078  3078 I cast_shell: [3081:3081:INFO:application_identification_settings.cc(1120)] CreateJwt in progress; storing callback.
04-09 10:09:39.292  3078  3078 I cast_shell: [3081:3081:INFO:ccs_manager_impl.cc(1496)] Registering device with CCS: message_id = d928ff04-5c5b-4a65-a8b1-e4e572b1c6ae
04-09 10:09:39.318  3078  3078 I cast_shell: [3081:3081:INFO:robot_account_auth_manager.cc(496)] JWT expiry in 3600 seconds
04-09 10:09:39.319  3078  3078 I cast_shell: [3081:3081:INFO:metrics_recorder.cc(282)] cast event: Cloud.Transport.Https.Register.Out
04-09 10:09:39.321  3078  3078 I cast_shell: [3081:3081:INFO:robot_account_auth_manager.cc(384)] Sending oauth request for client_id: 0
04-09 10:09:39.321  3078  3078 I cast_shell: [3081:3081:INFO:metrics_recorder.cc(282)] cast event: Cast.Assistant.Auth.FetchToken
04-09 10:09:39.321  3078  3078 I cast_shell: [3081:3081:INFO:metrics_recorder.cc(282)] cast event: Cloud.Transport.Https.Register.Out
04-09 10:09:39.321  3078  3078 I cast_shell: [3081:3091:INFO:chromium_http_connection.cc(436)] Creating a new chromium http url loader factory
04-09 10:09:39.434  3078  3078 I cast_shell: [3081:3119:INFO:metrics_recorder.cc(282)] Record action: Setup.state.BLE
04-09 10:09:39.521  2946  2957 D wac-main: Netlink event
04-09 10:09:39.521  2946  2957 E wac-main: Netlink event 16 Interface Index 5 
04-09 10:09:39.521  2946  2957 E wac-main: Enter poll and wait
04-09 10:09:39.521  2946  2957 D wac-main: Netlink event
04-09 10:09:39.521  2946  2957 E wac-main: Netlink event 16 Interface Index 5 
04-09 10:09:39.521  2946  2957 E wac-main: Enter poll and wait
04-09 10:09:39.529  2711  2723 I yani_server: NetLink Event '-1' Interface-Index '5' WLAN '0' Ethernet '-1' Parsed-iFill '-1' -> 'INVALID' ifIndex '1' -> 'lo'
04-09 10:09:39.530  2711  2723 I yani_server: NetLink Event '-1' Interface-Index '5' WLAN '0' Ethernet '-1' Parsed-iFill '-1' -> 'INVALID' ifIndex '1' -> 'lo'
04-09 10:09:39.532  2947  3159 I LibreCastControlDelegate: OnCastStatus() +++ AAA speaker:0xab37f198:NOT_SETUP
04-09 10:09:39.532  2947  3159 I LibreCastControlDelegate: Device Build Number -> '1.52.272222'
04-09 10:09:39.532  2947  3159 I librecast: updateCastBuildVersion() Version 1.52.272222
04-09 10:09:39.532  2712  2719 I lucitransport: readRemoteMessage() MID char = 7 buffer = 1.52.272222
04-09 10:09:39.532  2947  3159 I LibreCastControlDelegate: Active Applications -> 0
04-09 10:09:39.532  2947  3159 I LibreCastControlDelegate: Current Cast State '2' -> 'NOT_SETUP'
04-09 10:09:39.532  2947  3159 I LibreCastControlDelegate: OnCastStatus() ---
04-09 10:09:39.533  2711  2723 I yani_server: NetLink Event '-1' Interface-Index '5' WLAN '0' Ethernet '-1' Parsed-iFill '-1' -> 'INVALID' ifIndex '1' -> 'lo'
04-09 10:09:39.536  2711  2723 I chatty  : uid=0(root) YaniServer identical 5 lines
04-09 10:09:39.537  2711  2723 I yani_server: NetLink Event '-1' Interface-Index '5' WLAN '0' Ethernet '-1' Parsed-iFill '-1' -> 'INVALID' ifIndex '1' -> 'lo'
04-09 10:09:39.537  2711  2723 I yani_kernel: yani_geteventfrom_changeaddr() Message-Id '1' Netlink event '16' Interface Index '5' -> Name 'wlan0' 
04-09 10:09:39.538  2711  2723 I yani_kernel: yani_geteventfrom_changeaddr() Message-Id '1' Netlink event '16' Interface Index '5' -> Name 'wlan0' 
04-09 10:09:39.646  3078  3078 I cast_shell: [3081:3130:INFO:metrics_recorder.cc(282)] Cast v2 action(socket_id=785f3b92-6274-abf9-72bf-2568081df21f.2): CastV2.Connection.Connect.In
04-09 10:09:39.646  3078  3078 I cast_shell: [3081:3081:INFO:application_config_manager_impl.cc(637)] Virtual device not enabled: [PII](785f3b92-6274-abf9-72bf-2568081df21f)
