04-09 11:15:11.331  3089  3089 I crash_uploader: [0408/224511.331047:INFO:crash_uploader.cc(45)] Starting crash uploader...
04-09 11:15:11.332  3089  3089 I crash_uploader: [0408/224511.332366:ERROR:synchronized_minidump_manager.cc(251)] Lockfile did not parse correctly. 
04-09 11:15:11.340  3088  3088 I update_engine: [0408/224511.339563:INFO:main.cc(149)] Eureka Update Engine starting
04-09 11:15:11.340  3088  3088 I update_engine: [0408/224511.340247:INFO:update_check_scheduler.cc(77)] Next update check in 2700 seconds
04-09 11:15:11.341  3088  3088 I update_engine: [0408/224511.340391:INFO:string_based_ipc_server.cc(75)] Start IPC server: /tmp/socket/updater
04-09 11:15:11.341  3088  3088 I update_engine: [0408/224511.340567:INFO:unix_stream_server_socket.cc(62)] Unix server socket is created: /tmp/socket/updater
04-09 11:15:11.541  3090  3090 I cast_shell: [3093:3093:ERROR:pref_service_helper.cc(79)] Cannot initialize chromecast config: /data/chrome/.eureka.conf, pref_error=6
04-09 11:15:11.543  3090  3090 I cast_shell: [3093:3093:WARNING:discardable_shared_memory_manager.cc(194)] Less than 64MB of free space in temporary directory for shared memory files: 32
04-09 11:15:11.556  3090  3090 I cast_shell: Fontconfig warning: "/etc/fonts/fonts.conf", line 80: unknown element "blank"
04-09 11:15:11.741  3090  3090 I cast_shell: [3093:3093:INFO:cast_system_memory_pressure_evaluator.cc(167)] AdjustMemoryFractions: critical_memory_fraction_=0.25, moderate_memory_fraction_=0.4
04-09 11:15:11.747  3090  3090 I cast_shell: [3093:3093:INFO:cast_window_manager_aura.cc(198)] Starting window manager, bounds: 0,0 1x1
04-09 11:15:11.754  3090  3090 I cast_shell: [3093:3111:ERROR:mixer_connection.cc(91)] Failed to connect to mixer service: -102
04-09 11:15:11.755  3090  3090 I cast_shell: [3093:3093:WARNING:client_auth_manager.cc(94)] Old certificate is empty.
04-09 11:15:11.757  3090  3090 I cast_shell: [3093:3093:INFO:device_info_impl.cc(135)] [PII] Weave device ID: 
04-09 11:15:11.758  3090  3090 I cast_shell: [3093:3093:INFO:device_info_impl.cc(406)] MAC address for wlan0: CC:90:93:21:F3:84
04-09 11:15:11.758  3090  3090 I cast_shell: [3093:3093:INFO:device_info_impl.cc(431)] Device model id: COTODAMA.LS10 Platform.LSB
04-09 11:15:11.759  3090  3090 I cast_shell: [3093:3093:INFO:device_info_impl.cc(466)] Control Notifications: 0
04-09 11:15:11.759  3090  3090 I cast_shell: [3093:3093:ERROR:device_info_impl.cc(145)] Cannot read file: /data/bootid
04-09 11:15:11.759  3090  3090 I cast_shell: [3093:3093:INFO:device_info_impl.cc(482)] SSDP Boot ID: 0
04-09 11:15:11.760  3090  3090 I cast_shell: [3093:3093:INFO:device_info_impl.cc(486)] SSDP Config ID: 1
04-09 11:15:11.760  3090  3090 I cast_shell: [3093:3093:WARNING:secure_storage_impl.cc(85)] Device key not available yet.
04-09 11:15:11.760  3090  3090 I cast_shell: [3093:3093:INFO:cast_power_manager_provider.cc(26)] Creating DummyCastPowerManagerProvider
04-09 11:15:11.760  3090  3090 I cast_shell: [3093:3093:WARNING:auth_provider_impl.cc(72)] No IoT client_id found on the device. If device was FDRed please ignore this warning.
04-09 11:15:11.760  3090  3090 I cast_shell: [3093:3093:INFO:file_provider_impl.cc(67)] Initialized file provider with base dir: /data/chrome/auth
04-09 11:15:11.760  3090  3090 I cast_shell: [3093:3093:INFO:cast_power_manager_provider.cc(26)] Creating DummyCastPowerManagerProvider
04-09 11:15:11.760  3090  3090 I cast_shell: [3093:3093:INFO:cast_power_manager_provider.cc(26)] Creating DummyCastPowerManagerProvider
04-09 11:15:11.760  3090  3090 I cast_shell: [3093:3093:INFO:hds_broker_impl.cc(121)] HDS type registered type.googleapis.com/home.hds.proto.device.config.RefreshConfigRequest
04-09 11:15:11.761  3090  3090 I cast_shell: [3093:3093:INFO:preload_initiator_mdns.cc(92)] Preload type: mdns
04-09 11:15:11.761  3090  3090 I cast_shell: [3093:3093:WARNING:hds_settings.cc(104)] HDS URL has not been set through command line.
04-09 11:15:11.761  3090  3090 I cast_shell: [3093:3093:WARNING:volume_map.cc(55)] No cast audio config found; using default volume map.
04-09 11:15:11.762  3090  3090 I cast_shell: [3093:3093:INFO:saved_volumes.cc(63)] No saved volumes found
04-09 11:15:11.762  3090  3090 I cast_shell: [3093:3093:INFO:saved_volumes.cc(70)] Invalid JSON from /etc/cast_audio.json
04-09 11:15:11.762  3090  3090 I cast_shell: [3093:3115:INFO:stream_mixer.cc(194)] StreamMixer
04-09 11:15:11.763  3090  3090 I cast_shell: [3093:3115:INFO:stream_mixer.cc(222)] Mixer health checker started
04-09 11:15:11.763  3090  3090 I cast_shell: [3093:3116:INFO:stream_mixer.cc(121)] Actual priority = 99, policy = 1
04-09 11:15:11.763  3090  3090 I cast_shell: [3093:3115:WARNING:post_processing_pipeline_parser.cc(65)] No post-processing config found at /etc/cast_audio.json.
04-09 11:15:11.763  3090  3090 I cast_shell: [3093:3115:WARNING:post_processing_pipeline_parser.cc(133)] No post-processor description found for "mix" in /etc/cast_audio.json. Using passthrough.
04-09 11:15:11.763  3090  3090 I cast_shell: [3093:3115:INFO:mixer_pipeline.cc(103)] 2 input channels to 'mix' group
04-09 11:15:11.763  3090  3090 I cast_shell: [3093:3115:WARNING:post_processing_pipeline_parser.cc(133)] No post-processor description found for "linearize" in /etc/cast_audio.json. Using passthrough.
04-09 11:15:11.763  3090  3090 I cast_shell: [3093:3115:INFO:mixer_pipeline.cc(124)] 2 input channels to 'linearize' group
04-09 11:15:11.763  3090  3090 I cast_shell: [3093:3115:INFO:alsa_volume_control.cc(43)] Opening mixer element "Master" on device "default"
04-09 11:15:11.764  3090  3090 I cast_shell: [3093:3117:INFO:audio_socket_service_uds.cc(44)] Using endpoint /tmp/mixer-service
04-09 11:15:11.769  3090  3090 I cast_shell: [3093:3115:INFO:alsa_volume_control.cc(219)] Volume device = default, element = Master
04-09 11:15:11.769  3090  3090 I cast_shell: [3093:3115:INFO:alsa_volume_control.cc(221)] Mute device = default, element = Master
04-09 11:15:11.769  3090  3090 I cast_shell: [3093:3115:INFO:alsa_volume_control.cc(234)] Idle device = default, elements = []
04-09 11:15:11.769  3090  3090 I cast_shell: [3093:3115:INFO:alsa_volume_control.cc(43)] Opening mixer element "Master" on device "default"
04-09 11:15:11.774  3093  3093 E         : Create
04-09 11:15:11.774  3093  3093 E         : OOBE IsSupported
04-09 11:15:11.774  3090  3090 I cast_shell: [3093:3093:INFO:multizone_manager.cc(330)] Multizone features are enabled
04-09 11:15:11.774  3090  3090 I cast_shell: [3093:3093:INFO:cast_power_manager_provider.cc(26)] Creating DummyCastPowerManagerProvider
04-09 11:15:11.774  3090  3090 I cast_shell: [3093:3093:INFO:update_engine_client_with_ipc.cc(343)] Using IPC UpdateEngineClient
04-09 11:15:11.774  3090  3090 I cast_shell: [3093:3101:INFO:parent_tracker.cc(90)] [PII](46B584438B687576DF49B50BCE90E019) has hash 3634689724, root wait is 1.53733 s
04-09 11:15:11.774  3090  3090 I cast_shell: [3093:3101:INFO:parent_tracker.cc(120)] Can't use IPv4
04-09 11:15:11.775  3090  3090 I cast_shell: [3093:3101:INFO:parent_tracker.cc(124)] Can't use IPv6
04-09 11:15:11.775  3090  3090 I cast_shell: [3093:3101:ERROR:parent_tracker.cc(125)] No valid interface for multicast
04-09 11:15:11.777  3090  3090 I cast_shell: [3093:3101:INFO:directory_service_impl.cc(168)] Boot count is now 1
04-09 11:15:11.777  3090  3090 I cast_shell: [3093:3101:ERROR:socket_posix.cc(148)] bind() failed: Address already in use (98)
04-09 11:15:11.777  3090  3090 I cast_shell: [3093:3101:ERROR:tcp_listener.cc(64)] Listen failed: net::ERR_ADDRESS_IN_USE : 0.0.0.0:10101
04-09 11:15:11.777  3090  3090 I cast_shell: [3093:3101:ERROR:directory_service_impl.cc(213)] TCP listener error: -1
04-09 11:15:11.777  3090  3090 I cast_shell: [3093:3093:INFO:chromecast_service_client_default.cc(75)] System updater is supported, and this is first setup.
04-09 11:15:11.777  3090  3090 I cast_shell: [3093:3093:INFO:managed_mode_service.cc(345)] Starting in managed mode: 0
04-09 11:15:11.778  3090  3090 I cast_shell: [3093:3093:INFO:platform_client_auth_creds.cc(114)] Loaded client certificate. Key len = 2048 bits. Chain len = 2 (source FROM_CERT).
04-09 11:15:11.780  3090  3090 I cast_shell: [3093:3093:INFO:grpc_manager_impl.cc(245)] Registered service chromecast.LocalCloudcastService
04-09 11:15:11.780  3090  3090 I cast_shell: [3093:3093:INFO:grpc_manager_impl.cc(262)] Registered a handler ExecuteActionScript for service chromecast.LocalCloudcastService
04-09 11:15:11.780  3090  3090 I cast_shell: [3093:3093:INFO:grpc_manager_impl.cc(262)] Registered a handler ObserveDeviceStatus for service chromecast.LocalCloudcastService
04-09 11:15:11.781  3090  3090 I cast_shell: [3093:3093:INFO:grpc_manager_impl.cc(262)] Registered a handler GetDeviceStatus for service chromecast.LocalCloudcastService
04-09 11:15:11.781  3090  3090 I cast_shell: [3093:3093:INFO:grpc_manager_impl.cc(505)] GRPC[uri=[::]:0]: num_pending_calls=0, num_active_handlers=0, num_free_handlers=0
04-09 11:15:11.782  3090  3090 I cast_shell: [3093:3093:INFO:cast_power_manager_provider.cc(26)] Creating DummyCastPowerManagerProvider
04-09 11:15:11.782  3090  3090 I cast_shell: [3093:3093:INFO:cast_power_manager_provider.cc(26)] Creating DummyCastPowerManagerProvider
04-09 11:15:11.782  3090  3090 I cast_shell: [3093:3093:INFO:gcm_manager.cc(140)] GCM Dir = /data/chrome/gcm
04-09 11:15:11.783  3090  3090 I cast_shell: [3093:3093:INFO:gcm_manager.cc(258)] Enabling GCM Driver
04-09 11:15:11.783  3090  3090 I cast_shell: [3093:3093:INFO:grpc_manager_impl.cc(505)] GRPC[uri=]: num_pending_calls=0, num_active_handlers=0, num_free_handlers=0
04-09 11:15:11.784  3090  3090 I cast_shell: [3093:3093:INFO:lycra_gcm.cc(117)] Deferring GCM registration until connectivity is up.
04-09 11:15:11.842  3090  3090 I cast_shell: [3093:3093:WARNING:cloud_settings_manager.cc(513)] Cannot initialize device settings config: /data/chrome/cloud_settings/cloud_settings.prefs, pref_error=6
04-09 11:15:11.843  3090  3090 I cast_shell: [3093:3093:INFO:cloud_settings_manager.cc(195)] Cloud settings is disabled.
04-09 11:15:11.843  3090  3090 I cast_shell: [3093:3093:INFO:pref_metrics_manager.cc(66)] PrefMetricsManager started.
04-09 11:15:11.843  3090  3090 I cast_shell: [3093:3093:INFO:pref_control_service_impl.cc(142)] Loading prefs from /data/chrome/pref_control/pref_control.prefs
04-09 11:15:11.844  3090  3090 I cast_shell: [3093:3093:INFO:pref_control_service_impl.cc(602)] Registering pref Pref [Name:motion_sensing_pref,RestoreValue:1,ForceEnableParent:1,Value:1,Optin:1]
04-09 11:15:11.844  3090  3090 I cast_shell: [3093:3093:INFO:pref_control_service_impl.cc(602)] Registering pref Pref [Name:sleep_sensing_pref,RestoreValue:0,ForceEnableParent:1,Value:1,Optin:0]
04-09 11:15:11.844  3090  3090 I cast_shell: [3093:3093:INFO:pref_control_service_impl.cc(602)] Registering pref Pref [Name:sleep_disturbance_pref,RestoreValue:1,ForceEnableParent:0,Value:1,Optin:0]
04-09 11:15:11.844  3090  3090 I cast_shell: [3093:3093:INFO:pref_control_service_impl.cc(602)] Registering pref Pref [Name:sleep_coaching_pref,RestoreValue:1,ForceEnableParent:0,Value:1,Optin:0]
04-09 11:15:11.845  3090  3090 I cast_shell: [3093:3093:INFO:pref_control_service_impl.cc(602)] Registering pref Pref [Name:gesture_sensing_pref,RestoreValue:0,ForceEnableParent:1,Value:1,Optin:0]
04-09 11:15:11.845  3090  3090 I cast_shell: [3093:3093:INFO:pref_control_service_impl.cc(602)] Registering pref Pref [Name:play_and_pause_gesture_pref,RestoreValue:1,ForceEnableParent:0,Value:1,Optin:0]
04-09 11:15:11.845  3090  3090 I cast_shell: [3093:3093:INFO:pref_control_service_impl.cc(602)] Registering pref Pref [Name:snooze_alarm_gesture_pref,RestoreValue:1,ForceEnableParent:0,Value:1,Optin:0]
04-09 11:15:11.845  3090  3090 I cast_shell: [3093:3093:INFO:pref_control_service_impl.cc(602)] Registering pref Pref [Name:stop_timers_gesture_pref,RestoreValue:1,ForceEnableParent:0,Value:1,Optin:0]
04-09 11:15:11.845  3090  3090 I cast_shell: [3093:3093:INFO:pref_metrics_manager.cc(94)] Adding motion_sensing_pref to PrefMetricsManager.
04-09 11:15:11.845  3090  3090 I cast_shell: [3093:3093:INFO:pref_metrics_manager.cc(94)] Adding sleep_sensing_pref to PrefMetricsManager.
04-09 11:15:11.845  3090  3090 I cast_shell: [3093:3093:INFO:pref_metrics_manager.cc(94)] Adding sleep_disturbance_pref to PrefMetricsManager.
04-09 11:15:11.845  3090  3090 I cast_shell: [3093:3093:INFO:pref_metrics_manager.cc(94)] Adding sleep_coaching_pref to PrefMetricsManager.
04-09 11:15:11.846  3090  3090 I cast_shell: [3093:3093:INFO:pref_metrics_manager.cc(94)] Adding gesture_sensing_pref to PrefMetricsManager.
04-09 11:15:11.846  3090  3090 I cast_shell: [3093:3093:INFO:pref_metrics_manager.cc(94)] Adding play_and_pause_gesture_pref to PrefMetricsManager.
04-09 11:15:11.846  3090  3090 I cast_shell: [3093:3093:INFO:pref_metrics_manager.cc(94)] Adding snooze_alarm_gesture_pref to PrefMetricsManager.
04-09 11:15:11.846  3090  3090 I cast_shell: [3093:3093:INFO:pref_metrics_manager.cc(94)] Adding stop_timers_gesture_pref to PrefMetricsManager.
04-09 11:15:11.846  3090  3090 I cast_shell: [3093:3093:INFO:pref_control_service_impl.cc(107)] PrefControlService constructed.
04-09 11:15:11.846  3090  3090 I cast_shell: [3093:3093:INFO:grpc_manager_impl.cc(245)] Registered service chromecast.grpc_discovery.GrpcDiscoveryService
04-09 11:15:11.846  3090  3090 I cast_shell: [3093:3093:INFO:grpc_manager_impl.cc(262)] Registered a handler GetServiceInfo for service chromecast.grpc_discovery.GrpcDiscoveryService
04-09 11:15:11.848  3090  3090 I cast_shell: [3093:3093:INFO:grpc_manager_impl.cc(505)] GRPC[uri=unix:/tmp/hcp_ipc_auth.socket]: num_pending_calls=0, num_active_handlers=0, num_free_handlers=0
04-09 11:15:11.849  3090  3090 I cast_shell: [3093:3093:INFO:grpc_manager_impl.cc(262)] Registered a handler ResolvePeerAddress for service usonia.ipc.DistributedServiceDiscovery
04-09 11:15:11.849  3090  3090 I cast_shell: [3093:3093:INFO:grpc_manager_impl.cc(262)] Registered a handler AddService for service usonia.ipc.DistributedServiceDiscovery
04-09 11:15:11.849  3090  3090 I cast_shell: [3093:3093:INFO:grpc_manager_impl.cc(262)] Registered a handler IsServiceAllowed for service usonia.ipc.DistributedServiceDiscovery
04-09 11:15:11.850  3090  3090 I cast_shell: [3093:3093:INFO:grpc_manager_impl.cc(245)] Registered service usonia.ipc.LeaderElector
04-09 11:15:11.850  3090  3090 I cast_shell: [3093:3093:INFO:grpc_manager_impl.cc(262)] Registered a handler LeaderElection for service usonia.ipc.LeaderElector
04-09 11:15:11.850  3090  3090 I cast_shell: [3093:3093:INFO:grpc_manager_impl.cc(245)] Registered service usonia.ipc.TimeSynchronizer
04-09 11:15:11.850  3090  3090 I cast_shell: [3093:3093:INFO:grpc_manager_impl.cc(262)] Registered a handler ObserveCommonTime for service usonia.ipc.TimeSynchronizer
04-09 11:15:11.851  3090  3090 I cast_shell: [3093:3093:INFO:grpc_manager_impl.cc(317)] Grpc server started in port 1
04-09 11:15:11.852  3090  3090 I cast_shell: [3093:3093:INFO:sensor_pref_manager.cc(84)] SensorPrefManager is disabled.
04-09 11:15:11.852  3090  3090 I cast_shell: [3093:3093:INFO:remote_ducking_receiver.cc(183)] remote ducking: starting receiver.
04-09 11:15:11.859  3090  3090 I cast_shell: [3093:3093:INFO:timezone_settings.cc(288)] Setting system timezone to America/Los_Angeles
04-09 11:15:11.860  3090  3090 I cast_shell: [3093:3093:INFO:daily_reboot_impl.cc(172)] Daily reboot is disabled
04-09 11:15:11.860  3090  3090 I cast_shell: [3093:3093:INFO:api_reboot.cc(321)] active_activities count=1
04-09 11:15:11.860  3090  3090 I cast_shell: [3093:3103:INFO:gamma_utils.cc(31)] Gamma calibration file is not present, use default LUT
04-09 11:15:11.860  3090  3090 I cast_shell: [3093:3093:INFO:cast_power_manager_provider.cc(26)] Creating DummyCastPowerManagerProvider
04-09 11:15:11.860  3090  3090 I chatty  : uid=1000(chrome) /bin/logwrapper identical 1 line
04-09 11:15:11.861  3090  3090 I cast_shell: [3093:3093:INFO:cast_power_manager_provider.cc(26)] Creating DummyCastPowerManagerProvider
04-09 11:15:11.863  3090  3090 I cast_shell: [3093:3103:INFO:tuning_manager.cc(118)] No file found at /etc/cast_audio.json
04-09 11:15:11.863  3090  3090 I cast_shell: [3093:3103:INFO:tuning_manager.cc(130)] No file found at /etc/cast_audio.json
04-09 11:15:11.863  3090  3090 I cast_shell: [3093:3093:INFO:setup_api_registry.cc(192)] Register external API: audio/delete_config
04-09 11:15:11.863  3090  3090 I cast_shell: [3093:3093:INFO:setup_api_registry.cc(192)] Register external API: audio/get_avail_processors
04-09 11:15:11.863  3090  3090 I cast_shell: [3093:3093:INFO:setup_api_registry.cc(192)] Register external API: audio/get_config
04-09 11:15:11.863  3090  3090 I cast_shell: [3093:3093:INFO:setup_api_registry.cc(192)] Register external API: audio/get_default_config
04-09 11:15:11.863  3090  3090 I cast_shell: [3093:3093:INFO:setup_api_registry.cc(192)] Register external API: audio/set_params
04-09 11:15:11.863  3090  3090 I cast_shell: [3093:3093:INFO:setup_api_registry.cc(192)] Register external API: audio/set_config
04-09 11:15:11.863  3090  3090 I cast_shell: [3093:3093:INFO:setup_api_registry.cc(192)] Register external API: user_eq/set_equalizer
04-09 11:15:11.864  3090  3090 I cast_shell: [3093:3093:INFO:capture_service_dummy.cc(11)] Dummy CaptureService.
04-09 11:15:11.867  3090  3090 I cast_shell: [3093:3093:INFO:setup_api_registry.cc(192)] Register external API: auto_media_volume
04-09 11:15:11.867  3090  3090 I cast_shell: [3093:3093:INFO:cast_thread_health_check.cc(53)] Receiver health check timeout: 15 seconds.
04-09 11:15:11.868  3090  3090 I cast_shell: [3093:3093:INFO:file_util.cc(28)] base_assistant_dir = /data/chrome
04-09 11:15:11.868  3090  3090 I cast_shell: [3093:3093:INFO:chromecast_service.cc(2189)] Geolocation changed to: 0
04-09 11:15:11.868  3090  3090 I cast_shell: [3093:3093:INFO:chromecast_service.cc(2229)] AoGH feature is: 0
04-09 11:15:11.868  3090  3090 I cast_shell: [3093:3093:INFO:chromecast_service.cc(2248)] Playback disruption feature is: 0
04-09 11:15:11.873  3090  3090 I cast_shell: [3093:3093:INFO:metrics_recorder.cc(112)] Metrics stat: total=0
04-09 11:15:11.874  3090  3090 I cast_shell: [3093:3118:INFO:media_manager_impl.cc(1043)] New device volume control type: new_type=1, old_type=0
04-09 11:15:11.874  3090  3090 I cast_shell: [3093:3118:INFO:media_manager_impl.cc(1066)] New device volume step interval: new_interval=0.02, old_interval=0
04-09 11:15:11.874  3090  3090 I cast_shell: [3093:3118:ERROR:media_manager_impl.cc(1294)] GetScreenResolution failed.
04-09 11:15:11.874  3090  3090 I cast_shell: [3093:3118:INFO:media_manager_impl.cc(343)] Media manager is initialized.
04-09 11:15:11.874  3090  3090 I cast_shell: [3093:3093:INFO:media_manager_impl.cc(269)] IsHdmiPlatform: 0
04-09 11:15:11.875  3090  3090 I cast_shell: [3093:3093:INFO:hds_settings.cc(136)] HdsSettings using HDS url https://preprod-home-devices.sandbox.google.com/
04-09 11:15:11.876  3090  3090 I cast_shell: [3093:3093:INFO:client_auth_creds.cc(173)] Device cert: 4D8AC5B9056A76852E4F FA:8F:CA:87:13:D1
04-09 11:15:11.876  3090  3090 I cast_shell: [3093:3093:INFO:client_auth_creds.cc(182)] Intermediate cert: LSB
04-09 11:15:11.876  3090  3090 I cast_shell: [3093:3093:INFO:client_auth_creds.cc(182)] Intermediate cert: Amlogic GVA Manufacturer Cert
04-09 11:15:11.876  3090  3090 I cast_shell: [3093:3093:INFO:client_auth_creds.cc(226)] Imported client auth cert.
04-09 11:15:11.876  3090  3090 I cast_shell: [3093:3093:INFO:client_auth_creds.cc(237)] Imported client auth private key
04-09 11:15:11.876  3090  3090 I cast_shell: [3093:3093:INFO:client_auth_signer.cc(155)] Created singleton instance of ClientAuthSigner.
04-09 11:15:11.876  3090  3090 I cast_shell: [3093:3093:INFO:client_auth_manager.cc(119)] Storing the certificate first used by the device.
04-09 11:15:11.896  3090  3090 I cast_shell: [3093:3093:WARNING:application_config_manager_impl.cc(253)] Cannot read application config file: /fakeapp.conf
04-09 11:15:11.896  3090  3090 I cast_shell: [3093:3093:INFO:application_manager_impl.cc(398)] Application manager is initialized.
04-09 11:15:11.896  3090  3090 I cast_shell: [3093:3093:INFO:mdns_cast_service.cc(156)] Device discovery state is idle
04-09 11:15:11.897  3090  3090 I cast_shell: [3093:3093:INFO:mdns_manager_impl.cc(177)] MdnsManager is initialized
04-09 11:15:11.897  3090  3090 I cast_shell: [3093:3143:INFO:mdns_app_filter.cc(573)] MdnsAppFilter initialized
04-09 11:15:11.897  3090  3090 I cast_shell: [3093:3143:INFO:discovered_service_client.cc(102)] Registering new service PTR listener: _googlecast._tcp.local
04-09 11:15:11.898  3090  3090 I cast_shell: [3093:3093:INFO:config_downloader.cc(239)] Set config periodic interval: min=300, max=420
04-09 11:15:11.898  3090  3090 I cast_shell: [3093:3144:INFO:v2_transport.cc(458)] Added Cast V2 endpoint: id=Tr@n$p0rt-0, socket_factory_id=[PII](*)
04-09 11:15:11.898  3090  3090 I cast_shell: [3093:3144:INFO:endpoint_with_namespace_handler.cc(103)] Added a namespace handler: local_id=Tr@n$p0rt-0, namespace=urn:x-cast:com.google.cast.tp.connection
04-09 11:15:11.898  3090  3090 I cast_shell: [3093:3144:INFO:endpoint_with_namespace_handler.cc(103)] Added a namespace handler: local_id=Tr@n$p0rt-0, namespace=urn:x-cast:com.google.cast.tp.heartbeat
04-09 11:15:11.898  3090  3090 I cast_shell: [3093:3144:INFO:endpoint_with_namespace_handler.cc(103)] Added a namespace handler: local_id=Tr@n$p0rt-0, namespace=urn:x-cast:com.google.cast.tp.deviceauth
04-09 11:15:11.898  3090  3090 I cast_shell: [3093:3144:INFO:v2_transport.cc(335)] V2Transport initialized.
04-09 11:15:11.899  3090  3090 I cast_shell: [3093:3093:INFO:crl_downloader.cc(274)] Set CRL periodic interval: min=2160, max=2880
04-09 11:15:11.899  3090  3090 I cast_shell: [3093:3093:INFO:hds_broker_impl.cc(121)] HDS type registered type.googleapis.com/home.hds.proto.device.relayedcasting.RelayedCastingPleaseConnectRequest
04-09 11:15:11.899  3090  3090 I cast_shell: [3093:3144:INFO:v2_transport.cc(411)] Added socket factory: id=domain-socket@/tmp/cast-control
04-09 11:15:11.899  3090  3090 I cast_shell: [3093:3144:INFO:v2_transport.cc(411)] Added socket factory: id=opencast-socket
04-09 11:15:11.900  3090  3090 I cast_shell: [3093:3093:INFO:mdns_util.cc(102)] Defaulting mDNS capabilities for audio-only build
04-09 11:15:11.900  3090  3090 I cast_shell: [3093:3144:INFO:v2_transport.cc(458)] Added Cast V2 endpoint: id=receiver-e051ac4b-0144-0e03-512b-68c9883c6c78, socket_factory_id=[PII](e051ac4b-0144-0e03-512b-68c9883c6c78)
04-09 11:15:11.900  3090  3090 I cast_shell: [3093:3144:INFO:endpoint_with_namespace_handler.cc(103)] Added a namespace handler: local_id=receiver-e051ac4b-0144-0e03-512b-68c9883c6c78, namespace=urn:x-cast:com.google.cast.receiver
04-09 11:15:11.900  3090  3090 I cast_shell: [3093:3144:INFO:endpoint_with_namespace_handler.cc(103)] Added a namespace handler: local_id=receiver-e051ac4b-0144-0e03-512b-68c9883c6c78, namespace=urn:x-cast:com.google.cast.receiver.discovery
04-09 11:15:11.900  3090  3090 I cast_shell: [3093:3144:INFO:endpoint_with_namespace_handler.cc(103)] Added a namespace handler: local_id=receiver-e051ac4b-0144-0e03-512b-68c9883c6c78, namespace=urn:x-cast:com.google.cast.receiver.debug
04-09 11:15:11.900  3090  3090 I cast_shell: [3093:3144:INFO:v2_transport.cc(411)] Added socket factory: id=e051ac4b-0144-0e03-512b-68c9883c6c78
04-09 11:15:11.900  3090  3090 I cast_shell: [3093:3093:INFO:virtual_device_manager.cc(138)] Added virtual device: id=[PII](e051ac4b-0144-0e03-512b-68c9883c6c78)
04-09 11:15:11.900  3090  3090 I cast_shell: [3093:3093:INFO:ccs_manager_impl.cc(522)] Added CCS device
04-09 11:15:11.900  3090  3090 I cast_shell: [3093:3093:INFO:ccs_manager_impl.cc(523)] [PII] device_id=46B584438B687576DF49B50BCE90E019
04-09 11:15:11.902  3090  3090 I cast_shell: [3093:3143:INFO:discovered_service_client.cc(102)] Registering new service PTR listener: _googlerpc._tcp.local
04-09 11:15:11.902  2732  2746 W HotspotManager: hotspot already stopped
04-09 11:15:11.902  3090  3090 I cast_shell: [3093:3103:INFO:hotspot_controller_netmgr.cc(134)] Hotspot socket initialized: /dev/socket/net_mgr
04-09 11:15:11.902  3090  3090 I cast_shell: [3093:3103:INFO:hotspot_manager.cc(103)] Stop zombie hotspot if there is one
04-09 11:15:11.905  3090  3090 I cast_shell: [3093:3133:INFO:net_util_shlib_support.cc(51)] Wifi interface found: wlan0
04-09 11:15:11.905  3090  3090 I cast_shell: [3093:3133:INFO:net_util_shlib_support.cc(51)] Wifi interface found: p2p0
04-09 11:15:11.905  3090  3090 I cast_shell: [3093:3133:INFO:net_util_shlib_support.cc(51)] Wifi interface found: p2p1
04-09 11:15:11.905  3090  3090 I cast_shell: [3093:3133:INFO:net_util_shlib_support.cc(51)] Wifi interface found: wfd0
04-09 11:15:11.905  3090  3090 I cast_shell: [3093:3133:INFO:wifi_controller_wpa_supplicant.cc(456)] Wifi is active: wifi_netif=wlan0
04-09 11:15:11.905  3090  3090 I cast_shell: [3093:3133:INFO:wpa_ctrl_wrapper_impl.cc(64)] wpa_ctrl is open: path=/dev/socket/wpa_wlan0, is_monitor=0
04-09 11:15:11.905  3090  3090 I cast_shell: [3093:3093:INFO:setup_manager_impl.cc(610)] release channel: beta-channel
04-09 11:15:11.906  3090  3090 I cast_shell: [3093:3093:INFO:locale_manager.cc(245)] No timezone yet.
04-09 11:15:11.906  3090  3090 I cast_shell: [3093:3093:INFO:locale_manager.cc(274)] Current time format: 12-hour
04-09 11:15:11.906  3090  3090 I cast_shell: [3093:3133:INFO:wpa_ctrl_wrapper_impl.cc(64)] wpa_ctrl is open: path=/dev/socket/wpa_wlan0, is_monitor=1
04-09 11:15:11.906  3090  3090 I cast_shell: [3093:3093:INFO:locale_manager.cc(295)] No locale. Set default from factory: en-00
04-09 11:15:11.906  3090  3090 I cast_shell: [3093:3133:INFO:wifi_controller_wpa_supplicant.cc(487)] After initialization: current_wifi_index_=0
04-09 11:15:11.908  3090  3090 I cast_shell: [3093:3133:INFO:setup_manager_impl.cc(732)] Initially set Google DNS servers: enable
04-09 11:15:11.908  3090  3090 I cast_shell: [3093:3093:INFO:locale_manager.cc(639)] New country code: 00
04-09 11:15:11.908  3090  3090 I cast_shell: [3093:3093:INFO:setup_manager_impl.cc(645)] Initial activation date cached value: 
04-09 11:15:11.908  3090  3090 I cast_shell: [3093:3093:INFO:hds_broker_impl.cc(121)] HDS type registered type.googleapis.com/google.internal.home.foyer.v1.resources.IsDeviceReadyRequest
04-09 11:15:11.908  3090  3090 I cast_shell: [3093:3093:INFO:hds_broker_impl.cc(121)] HDS type registered type.googleapis.com/home.cloud.biz.EnterWeavePairingModeRequest
04-09 11:15:11.908  3090  3090 I cast_shell: [3093:3093:INFO:multizone_manager.cc(371)] Using SSL for control data
04-09 11:15:11.908  3090  3090 I cast_shell: [3093:3133:INFO:setup_api_registry.cc(192)] Register external API: eureka_info
04-09 11:15:11.908  3090  3090 I cast_shell: [3093:3133:INFO:setup_api_registry.cc(192)] Register external API: set_eureka_info
04-09 11:15:11.908  3090  3090 I cast_shell: [3093:3133:INFO:setup_api_registry.cc(192)] Register external API: set_network
04-09 11:15:11.908  3090  3090 I cast_shell: [3093:3133:INFO:setup_api_registry.cc(192)] Register external API: set_network_ssid
04-09 11:15:11.909  3090  3090 I cast_shell: [3093:3146:INFO:setup_api_registry.cc(192)] Register external API: multizone/set_audio_output_delay
04-09 11:15:11.910  3090  3090 I cast_shell: [3093:3143:INFO:discovered_service_client.cc(102)] Registering new service PTR listener: _googlezone._tcp.local
04-09 11:15:11.911  3090  3090 I cast_shell: [3093:3144:INFO:endpoint_with_namespace_handler.cc(103)] Added a namespace handler: local_id=receiver-e051ac4b-0144-0e03-512b-68c9883c6c78, namespace=urn:x-cast:com.google.cast.multizone
04-09 11:15:11.911  3090  3090 I cast_shell: [3093:3133:INFO:setup_api_registry.cc(192)] Register external API: test_internet_download_speed
04-09 11:15:11.911  3090  3090 I cast_shell: [3093:3133:INFO:setup_api_registry.cc(192)] Register external API: test_udp_throughput
04-09 11:15:11.911  3090  3090 I cast_shell: [3093:3133:INFO:setup_api_registry.cc(192)] Register external API: debug/trigger_weave_pairing
04-09 11:15:11.911  3090  3090 I cast_shell: [3093:3133:INFO:setup_api_registry.cc(192)] Register external API: get_local_authorization_token
04-09 11:15:11.911  3090  3090 I cast_shell: [3093:3133:INFO:setup_manager_impl.cc(820)] Initially Set WPA3 support: disable
04-09 11:15:11.911  3090  3090 I cast_shell: [3093:3133:INFO:setup_manager_impl.cc(825)] Initially Set WiFi power-save: disable
04-09 11:15:11.913  2710  2710 I wpa_supplicant: wlan0: CTRL-EVENT-REGDOM-CHANGE init=CORE type=WORLD
04-09 11:15:11.915  2711  2723 I yani_server: NetLink Event '-1' Interface-Index '5' WLAN '-1' Ethernet '-1' Parsed-iFill '-1' -> 'INVALID' ifIndex '1' -> 'lo'
04-09 11:15:11.925  2711  2723 I yani_server: NetLink Event '-1' Interface-Index '5' WLAN '0' Ethernet '-1' Parsed-iFill '-1' -> 'INVALID' ifIndex '1' -> 'lo'
04-09 11:15:11.937  2734  2814 I bluetoothtbd: [0408/224511.937412:INFO:gatt_api.cc(1005)] GATT_Register
04-09 11:15:11.937  2734  2814 I bluetoothtbd: [0408/224511.937635:INFO:gatt_api.cc(1028)] allocated gatt_if=4
04-09 11:15:11.942  2734  2814 E bt_btif : register application first_unuse rcb_idx = 0
04-09 11:15:11.942  2734  2814 I bluetoothtbd: [0408/224511.942853:INFO:gatt_api.cc(1005)] GATT_Register
04-09 11:15:11.942  2734  2814 I bluetoothtbd: [0408/224511.942961:INFO:gatt_api.cc(1028)] allocated gatt_if=5
04-09 11:15:11.950  2734  2814 I bluetoothtbd: [0408/224511.950828:INFO:gatt_api.cc(1005)] GATT_Register
04-09 11:15:11.951  2734  2814 I bluetoothtbd: [0408/224511.951002:INFO:gatt_api.cc(1028)] allocated gatt_if=6
04-09 11:15:11.952  2734  2762 I bluetoothtbd: [0408/224511.952293:INFO:adapter.cc(551)] Adapter properties changed
04-09 11:15:11.952  2734  2762 I bluetoothtbd: [0408/224511.952439:INFO:adapter.cc(573)] Adapter name changed
04-09 11:15:11.954  3090  3090 I cast_shell: [3093:3093:INFO:input_manager_impl.cc(284)] RegisterInput: device_id: cast, type: 0, state: 0
04-09 11:15:11.955  2734  2762 I bluetoothtbd: [0408/224511.955272:INFO:adapter.cc(551)] Adapter properties changed
04-09 11:15:11.956  2734  2814 I bluetoothtbd: [0408/224511.956019:INFO:btif_ble_advertiser.cc(90)] RegisterAdvertiserCb status: 0 , adveriser_id: 0
04-09 11:15:11.956  3090  3090 I cast_shell: [3093:3093:INFO:input_manager_impl.cc(308)] NotifyInputConnect: device_id: cast, sample_rate: 0, num_channels: 0
04-09 11:15:11.956  3090  3090 I cast_shell: [3093:3093:INFO:input_manager_impl.cc(370)] SetActiveInput: cast
04-09 11:15:11.956  3090  3090 I cast_shell: [3093:3093:INFO:bluetooth_setup.cc(690)] Disabling connectability.
04-09 11:15:11.956  3090  3090 I cast_shell: [3093:3093:INFO:input_manager_impl.cc(284)] RegisterInput: device_id: bluetooth, type: 1, state: 0
04-09 11:15:11.956  3090  3090 I cast_shell: [3093:3093:INFO:robot_account_auth_manager.cc(295)] No backend type specified. Getting COS URL based on the build type instead.
04-09 11:15:11.956  3090  3090 I cast_shell: [3093:3093:INFO:robot_account_auth_manager.cc(312)] Auth url: https://clients5.google.com/cast/orchestration/googleoauthtoken?rt=b
04-09 11:15:11.956  3090  3090 I cast_shell: [3093:3093:WARNING:robot_account_auth_manager.cc(463)] Failed to initialize JWT for 38579375
04-09 11:15:11.956  3090  3090 I cast_shell: [3093:3093:INFO:queryable_data_registrar.cc(52)] Registering queryable data for managed mode as: 0
04-09 11:15:11.956  3090  3090 I cast_shell: [3093:3093:INFO:queryable_data_registrar.cc(59)] Registering enable_hls_sample_aes=1
04-09 11:15:11.956  3090  3090 I cast_shell: [3093:3093:INFO:queryable_data_registrar.cc(64)] Registering hls_sample_aes_init_segment
04-09 11:15:11.956  3090  3090 I cast_shell: [3093:3093:INFO:queryable_data_registrar.cc(70)] Registering visual-punt-on-platform-supported
04-09 11:15:11.957  3090  3090 I cast_shell: [3093:3093:INFO:hds_broker_impl.cc(121)] HDS type registered type.googleapis.com/home.hds.proto.device.cast.ManagedModeCommandRequest
04-09 11:15:11.957  3090  3090 I cast_shell: [3093:3093:INFO:grpc_manager_impl.cc(245)] Registered service chromecast.modular_update.ModularUpdateService
04-09 11:15:11.957  3090  3090 I cast_shell: [3093:3144:INFO:endpoint_with_namespace_handler.cc(103)] Added a namespace handler: local_id=receiver-e051ac4b-0144-0e03-512b-68c9883c6c78, namespace=urn:x-cast:com.google.cast.audio.input
04-09 11:15:11.957  3090  3090 I cast_shell: [3093:3093:INFO:grpc_manager_impl.cc(262)] Registered a handler GetCastInfo for service chromecast.modular_update.ModularUpdateService
04-09 11:15:11.957  3090  3090 I cast_shell: [3093:3093:INFO:grpc_manager_impl.cc(262)] Registered a handler SendHttpRequest for service chromecast.modular_update.ModularUpdateService
04-09 11:15:11.957  3090  3090 I cast_shell: [3093:3144:INFO:endpoint_with_namespace_handler.cc(103)] Added a namespace handler: local_id=receiver-e051ac4b-0144-0e03-512b-68c9883c6c78, namespace=urn:x-cast:com.google.cast.assistant
04-09 11:15:11.957  3090  3090 I cast_shell: [3093:3093:INFO:grpc_manager_impl.cc(262)] Registered a handler SynchronousUpdateProgress for service chromecast.modular_update.ModularUpdateService
04-09 11:15:11.957  3090  3090 I cast_shell: [3093:3093:INFO:grpc_manager_impl.cc(262)] Registered a handler ReportInstalledManifestVersion for service chromecast.modular_update.ModularUpdateService
04-09 11:15:11.957  3090  3090 I cast_shell: [3093:3144:INFO:endpoint_with_namespace_handler.cc(103)] Added a namespace handler: local_id=receiver-e051ac4b-0144-0e03-512b-68c9883c6c78, namespace=urn:x-cast:com.google.cast.companionauth
04-09 11:15:11.957  3090  3090 I cast_shell: [3093:3093:INFO:grpc_manager_impl.cc(262)] Registered a handler ReportMetricsEvent for service chromecast.modular_update.ModularUpdateService
04-09 11:15:11.957  3090  3090 I cast_shell: [3093:3144:INFO:endpoint_with_namespace_handler.cc(103)] Added a namespace handler: local_id=receiver-e051ac4b-0144-0e03-512b-68c9883c6c78, namespace=urn:x-cast:com.google.cast.companion
04-09 11:15:11.957  2734  2762 I bluetoothtbd: [0408/224511.957419:INFO:adapter.cc(551)] Adapter properties changed
04-09 11:15:11.957  3090  3090 I cast_shell: E0408 22:45:11.957444136    3093 server_chttp2.cc:40]        {"created":"@1649483111.957291177","description":"No address added out of total 1 resolved","file":"../../third_party/grpc/src/src/core/ext/transport/chttp2/server/chttp2_server.cc","file_line":397,"referenced_errors":[{"created":"@1649483111.957279636","description":"Unable to configure socket","fd":152,"file":"../../third_party/grpc/src/src/core/lib/iomgr/tcp_server_utils_posix_common.cc","file_line":216,"referenced_errors":[{"created":"@1649483111.957233427","description":"No such file or directory","errno":2,"file":"../../third_party/grpc/src/src/core/lib/iomgr/tcp_server_utils_posix_common.cc","file_line":189,"os_error":"No such file or directory","syscall":"bind"}]}]}
04-09 11:15:11.958  3090  3090 I cast_shell: [3093:3093:ERROR:grpc_manager_impl.cc(311)] Could not start Grpc server.
04-09 11:15:11.958  2734  2762 I bluetoothtbd: [0408/224511.958226:INFO:adapter.cc(551)] Adapter properties changed
04-09 11:15:11.958  2734  2762 E bluetoothtbd: [0408/224511.958402:ERROR:adapter.cc(608)] Invalid property length: 512
04-09 11:15:11.960  3090  3090 I cast_shell: [3093:3111:ERROR:cast_media_shlib.cc(80)] snd_hctl_find_elem failed to find the rate offset element.
04-09 11:15:11.960  3090  3090 I cast_shell: [3093:3133:INFO:gatt_client_manager_impl.cc(202)] Enabling GATT client connectability
04-09 11:15:11.960  3090  3090 I cast_shell: [3093:3133:INFO:setup_api_registry.cc(192)] Register external API: input/status
04-09 11:15:11.960  3090  3090 I cast_shell: [3093:3133:INFO:setup_api_registry.cc(192)] Register external API: input/set_active
04-09 11:15:11.960  3090  3090 I cast_shell: [3093:3133:INFO:setup_api_registry.cc(192)] Register external API: input/debug_register
04-09 11:15:11.960  3090  3090 I cast_shell: [3093:3133:INFO:setup_api_registry.cc(192)] Register external API: input/debug_connect
04-09 11:15:11.960  3090  3090 I cast_shell: [3093:3133:INFO:setup_api_registry.cc(192)] Register external API: input/debug_disconnect
04-09 11:15:11.961  3090  3090 I cast_shell: [3093:3133:INFO:bluetooth_manager.cc(115)] Record action: Cast.Bluetooth.DiscoveryMode.Disable
04-09 11:15:11.961  2734  2762 I bluetoothtbd: [0408/224511.961085:INFO:adapter.cc(551)] Adapter properties changed
04-09 11:15:11.961  3090  3090 I cast_shell: [3093:3133:INFO:setup_api_registry.cc(192)] Register external API: bluetooth/api
04-09 11:15:11.961  3090  3090 I cast_shell: [3093:3133:INFO:setup_api_registry.cc(192)] Register external API: bluetooth/bond
04-09 11:15:11.971  2732  2746 I HotspotManager: setting interface MAC addr
04-09 11:15:11.974  3090  3090 I cast_shell: [3093:3103:INFO:crypto_manager.cc(75)] Creating private key: size=2048
04-09 11:15:11.975  3090  3090 I cast_shell: [3093:3093:INFO:cast_receiver_impl.cc(828)] Cast receiver started.
04-09 11:15:11.975  3090  3090 I cast_shell: [3093:3093:WARNING:cast_receiver_impl.cc(1126)] Network is not globally connected. Don't schedule config downloading yet.
04-09 11:15:11.975  3090  3090 I cast_shell: [3093:3093:INFO:ccs_manager_impl.cc(663)] Starting cloud ipc activity with CCS
04-09 11:15:11.975  3090  3090 I cast_shell: [3093:3093:INFO:ccs_manager_impl.cc(1286)] CcsManagerImpl opt_in.cloud_ipc pref changed: 1
04-09 11:15:11.975  3090  3090 I cast_shell: [3093:3093:INFO:ccs_manager_impl.cc(1322)] Waiting for all transports to be enabled
04-09 11:15:11.975  3090  3090 I cast_shell: [3093:3093:INFO:ccs_transport_gcm.cc(94)] Deferring GCM registration until connectivity is up
04-09 11:15:11.975  3090  3090 I cast_shell: [3093:3093:INFO:multizone_manager.cc(2397)] Resuming MultizoneManager
04-09 11:15:11.975  3090  3090 I cast_shell: [3093:3093:INFO:cast_receiver_impl.cc(934)] Cast receiver resumed.
04-09 11:15:11.975  3090  3090 I cast_shell: [3093:3093:WARNING:cast_receiver_impl.cc(1138)] Network is not globally connected. Don't schedule CRL downloading yet.
04-09 11:15:11.985  3090  3090 I cast_shell: [3093:3093:INFO:grpc_auth_manager_in_process.cc(135)] Initializing Auth.
04-09 11:15:11.985  3090  3090 I cast_shell: [3093:3093:INFO:grpc_manager_impl.cc(505)] GRPC[uri=[::]:8012]: num_pending_calls=0, num_active_handlers=0, num_free_handlers=0
04-09 11:15:11.985  3090  3090 I cast_shell: [3093:3101:ERROR:service_manager.cc(210)] Failed to resolve service name: cast_assistant
04-09 11:15:11.985  3090  3090 I cast_shell: [3093:3142:INFO:cast_web_server.cc(210)] Http server for Cast receiver started: port=8443
04-09 11:15:11.987  3090  3090 I cast_shell: [3093:3093:INFO:grpc_manager_impl.cc(317)] Grpc server started in port 8012
04-09 11:15:11.988  3090  3090 I cast_shell: [3093:3093:INFO:ccs_manager_impl.cc(851)] Network connectivity down for CcsManager
04-09 11:15:11.997  3090  3090 I cast_shell: [3093:3114:INFO:cast_auth_api_adaptor.cc(82)] CastAuth: init with library: libcast_auth.so
04-09 11:15:11.997  3090  3090 I cast_shell: [3093:3093:INFO:mdns_manager_impl.cc(468)] Setting new conflict callback
04-09 11:15:11.997  3090  3090 I cast_shell: [3093:3133:INFO:ble_setup.cc(789)] Missing required info for sign.
04-09 11:15:11.997  3090  3090 I cast_shell: [3093:3093:INFO:mdns_util.cc(102)] Defaulting mDNS capabilities for audio-only build
04-09 11:15:11.997  3090  3090 I cast_shell: [3093:3093:INFO:ccs_manager_impl.cc(1322)] Waiting for all transports to be enabled
04-09 11:15:11.997  3090  3090 I cast_shell: [3093:3093:INFO:bluetooth_setup.cc(690)] Disabling connectability.
04-09 11:15:11.997  3090  3090 I cast_shell: [3093:3093:INFO:input_manager_impl.cc(468)] Using virtual device e051ac4b-0144-0e03-512b-68c9883c6c78
04-09 11:15:11.997  3090  3090 I cast_shell: [3093:3114:INFO:cast_auth_api_adaptor.cc(93)] CastAuth: common module initialization successful.
04-09 11:15:11.997  3090  3090 I cast_shell: [3093:3114:INFO:cast_auth_api_adaptor.cc(98)] CastAuth: model-based module initialization successful.
04-09 11:15:11.997  3090  3090 I cast_shell: [3093:3093:INFO:virtual_device_manager.cc(247)] Virtual device [PII](e051ac4b-0144-0e03-512b-68c9883c6c78) using Cast V2 port 8009
04-09 11:15:12.046  3090  3090 I cast_shell: [3093:3093:INFO:secure_storage_impl.cc(107)] Secure storage initialized.
04-09 11:15:12.046  3090  3090 I cast_shell: [3093:3093:INFO:ccs_manager_impl.cc(851)] Network connectivity down for CcsManager
04-09 11:15:12.126  2971  2985 D wac-main: Netlink event
04-09 11:15:12.126  2971  2985 E wac-main: Netlink event 16 Interface Index 6 
04-09 11:15:12.126  2971  2985 E wac-main: p2p0 event Link Changed : 1002 
04-09 11:15:12.126  2971  2985 E wac-main: Enter poll and wait
04-09 11:15:12.126  2711  2723 I yani_kernel: yani_geteventfrom_changeaddr() Message-Id '1' Netlink event '16' Interface Index '6' -> Name 'p2p0' 
04-09 11:15:12.136  2732  2746 I HotspotManager: setSSID <SSID omitted> visible
04-09 11:15:12.136  3090  3090 I cast_shell: [system_updater_dummy.cpp(79)] Initialize
04-09 11:15:12.139  3090  3090 I cast_shell: [system_updater_dummy.cpp(29)] system_updater_socket_create
04-09 11:15:12.139  3090  3090 I cast_shell: [3093:3099:WARNING:crl_downloader.cc(136)] CRL failed to restore.
04-09 11:15:12.139  3090  3090 I cast_shell: [3093:3093:INFO:device_info_impl.cc(1094)] Primary netif changed: new=usb0, old=
04-09 11:15:12.139  3090  3090 I cast_shell: [3093:3093:INFO:device_info_impl.cc(1103)] Primary IP address changed: netif=usb0, new=192.168.10.1, old=
04-09 11:15:12.139  3090  3090 I cast_shell: [3093:3093:INFO:cast_receiver_impl.cc(1612)] mDNS Discovery stopped.
04-09 11:15:12.139  3090  3090 I cast_shell: [3093:3093:INFO:cast_receiver_impl.cc(1667)] Network is globally disconnected. Refresh CcsManager
04-09 11:15:12.139  3090  3090 I cast_shell: [3093:3093:INFO:iot_auth_manager_wrapper.cc(307)] Network provider informed of disconnected network status.
04-09 11:15:12.139  3090  3090 I cast_shell: [3093:3143:INFO:metrics_recorder.cc(282)] cast event: Cast.Discovery.Mdns.SocketCreated
04-09 11:15:12.139  3090  3090 I cast_shell: [3093:3133:INFO:setup_state.cc(261)] Setup state changed: SETUP_STATE_UNKNOWN (0) -> SETUP_STATE_CHECKING_GLOBAL_CONNECTIVITY (50)
04-09 11:15:12.139  3090  3090 I cast_shell: [3093:3143:INFO:mdns_app_filter.cc(1254)] Created mDNS socket for interface:name=p2p1, address=192.168.2.1, index=7
04-09 11:15:12.139  3090  3090 I cast_shell: [3093:3143:INFO:metrics_recorder.cc(282)] cast event: Cast.Discovery.Mdns.SocketCreated
04-09 11:15:12.148  3090  3090 I cast_shell: [3093:3133:INFO:gatt_client_manager_impl.cc(202)] Enabling GATT client connectability
04-09 11:15:12.170  2978  2999 I otamanager: OTAManager connected to CastUpdater via  /tmp/socket/system_updater
04-09 11:15:12.170  2978  2999 I otamanager: cast_updater_threadEntry socket handle 5
04-09 11:15:12.382  2972  3016 I LibreCastControl: LibreCastControl_init() Socket Initialized
04-09 11:15:12.392  2972  3016 E LibreCastControl: PULSAR:CreateCastControlThread:18
04-09 11:15:12.392  2972  3016 E LibreCastControl: Create LibreCastLUCITimerThreadInit 
04-09 11:15:12.392  2972  3168 E LibreCastControl: PULSAR:Run:23
04-09 11:15:12.393  2972  3169 E LibreCastControl: Timer Sem Wait Start iCastPlayerstate = 0 
04-09 11:15:12.407  2690  2690 I sh      : [0408/224512.406687:INFO:cast_control_impl.cc(744)] CastControl has started running.
04-09 11:15:12.407  2690  2690 I sh      : [0408/224512.407586:INFO:cast_control_impl.cc(745)] Attempting to connect CastMessageService. socket=/tmp/cast-control
04-09 11:15:12.410  2972  3168 I LibreCastControlDelegate: OnCastStatus() +++ :0xabf7b198:STARTING
04-09 11:15:12.410  2690  2690 I sh      : [0408/224512.410480:INFO:cast_control_socket.cc(64)] Successfully connected Cast Control Socket
04-09 11:15:12.410  2972  3168 E LibreCastControlDelegate: OnCastStatus:177
04-09 11:15:12.412  2972  3168 I LibreCastControl: LibreCastControl_SetCastName()  name 'Lyric Speaker Box 21f384' RequestId '1' pCastControl 0xf4c00728
04-09 11:15:12.412  2972  3168 I LibreCastControlDelegate: Active Applications -> 0
04-09 11:15:12.412  2972  3168 I LibreCastControlDelegate: Current Cast State '1' -> 'STARTING'
04-09 11:15:12.412  2972  3168 I LibreCastControlDelegate: OnCastStatus() ---
04-09 11:15:12.412  2690  2690 I sh      : [0408/224512.412469:INFO:cast_message_service_impl.cc(185)] Sending connect message!
04-09 11:15:12.416  3090  3090 I cast_shell: [3093:3144:INFO:metrics_recorder.cc(282)] Cast v2 action(socket_id=domain-socket@/tmp/cast-control.1): CastV2.Connection.Connect.In
04-09 11:15:12.417  3090  3090 I cast_shell: [3093:3093:INFO:resource_namespace_handler.cc(307)] Setting resource provider: sender_id=domain-socket@/tmp/cast-control.1:system-0
04-09 11:15:12.417  2690  2690 I sh      : [0408/224512.417669:INFO:cast_message_service_impl.cc(1007)] CastMessageServiceImpl matched versions
04-09 11:15:12.623  2732  2746 I WifiUtil: get p2p0 channel 6 (2437MHz)
04-09 11:15:12.623  2732  2746 I HotspotManager: start hostapd at channel=6 SSID=<SSID omitted> hidden_ssid=0
04-09 11:15:12.629  2734  2762 I bluetoothtbd: [0408/224512.629086:INFO:adapter.cc(551)] Adapter properties changed
04-09 11:15:12.629  2734  2762 I bluetoothtbd: [0408/224512.629229:INFO:adapter.cc(573)] Adapter name changed
04-09 11:15:12.630  3090  3090 I cast_shell: [3093:3133:INFO:bluetooth_manager.cc(1232)] [PII] Set device name to 'LSB9700'
04-09 11:15:12.630  2734  2762 I bluetoothtbd: [0408/224512.630718:INFO:adapter.cc(551)] Adapter properties changed
04-09 11:15:12.631  3090  3090 I cast_shell: [3093:3133:INFO:bluetooth_manager.cc(115)] Record action: Cast.Bluetooth.DiscoveryMode.Disable
04-09 11:15:12.631  3090  3090 I cast_shell: [3093:3133:INFO:ble_setup.cc(1096)] LAT flag change 0
04-09 11:15:12.636  3090  3090 I cast_shell: [3093:3133:INFO:ble_setup.cc(1106)] Cleared generated LAT.
04-09 11:15:12.661  2972  3168 I LibreCastControlDelegate: OnCastStatus() +++ LSB9700:0xabf7b198:NOT_SETUP
04-09 11:15:12.661  2972  3168 I LibreCastControlDelegate: Device Build Number -> '1.52.272222'
04-09 11:15:12.661  2972  3168 I librecast: updateCastBuildVersion() Version 1.52.272222
04-09 11:15:12.662  2712  2712 I lucitransport: readRemoteMessage() MID char = 7 buffer = (null)
04-09 11:15:12.662  2972  3168 E librecast: librecast::updateCastBuildVersion Cast build version number = 1.52.272222
04-09 11:15:12.662  2972  3168 E librecast: castVersion = 1.52.272222
04-09 11:15:12.662  2712  2712 I lucitransport: writeRemoteMessage() MID = 7 buffer = 1.52.272222
04-09 11:15:12.662  2712  2712 I luciUART: write() MID = 7  bytes = 21 data = 1.52.272222 m_fd = 0x5
04-09 11:15:12.670  2972  3168 I LibreCastControlDelegate: Active Applications -> 0
04-09 11:15:12.670  2972  3168 I LibreCastControlDelegate: Current Cast State '2' -> 'NOT_SETUP'
04-09 11:15:12.670  2972  3168 I LibreCastControlDelegate: OnCastStatus() ---
04-09 11:15:12.673  2690  2690 I sh      : [0408/224512.673336:INFO:cast_message_service_impl.cc(1067)] Received initial receiver info
04-09 11:15:12.673  2690  2690 I sh      : [0408/224512.673827:INFO:cast_message_service_impl.cc(1073)] Sent PlatformSettingsRegister message
04-09 11:15:12.674  2972  3168 I LibreCastControlDelegate: OnControlConnected()
04-09 11:15:12.696  2972  3168 I LibreCastControl: LibreCastControl_RequestGVAStatus() RequestId '4' pCastControl 0xf4c00728
04-09 11:15:12.697  2690  2690 I sh      : [0408/224512.696685:INFO:cast_message_service_impl.cc(1076)] CastMessageServiceImpl is ready
04-09 11:15:12.698  3090  3090 I cast_shell: [3093:3093:INFO:assistant_namespace_handler.cc(144)] Added a status listening peer for assistant namespace: domain-socket@/tmp/cast-control.1:system-0
04-09 11:15:12.698  2972  3168 I LibreCastControlDelegate: OnResponse() ReqeustID 4, error  0
04-09 11:15:12.976  3090  3090 I cast_shell: [3093:3093:INFO:crypto_manager.cc(278)] Public key: MIIBCgKCAQEAxeCQDQADDhgL6pfVAXkeyZFAqlJA4z4GmZyq5cXB8HLJZNMO47Qc8LHuo0e9QA//jsF0Xn4+yt2kZUkL+QC53E6D/BRG+AzkK4vLCjjddY6g9O1jx1b+L86Kl/Ur3Bk9mDa0jmfl/A5f/9kt/8WnYRpBuDxr1c/QF0v/TzOEQYOp1lVGW2VZovR9NKqF1n0Aom5pTSi/A9tTjcd7cm9raieZkFrLJOtQzkr01NbpgPVdvXO03tah8aH8XGQ/nENCVbNLS+90w9tBByPkmu2WeFGTGbN4MFO846mtojugWaFXmTeoQaJEZ+6ofFpEv+GTgNnmhqxJky8iJPhovc3N6QIDAQAB
04-09 11:15:12.977  3090  3090 I cast_shell: [3093:3093:INFO:crypto_manager.cc(289)] Public modulus: xeCQDQADDhgL6pfVAXkeyZFAqlJA4z4GmZyq5cXB8HLJZNMO47Qc8LHuo0e9QA__jsF0Xn4-yt2kZUkL-QC53E6D_BRG-AzkK4vLCjjddY6g9O1jx1b-L86Kl_Ur3Bk9mDa0jmfl_A5f_9kt_8WnYRpBuDxr1c_QF0v_TzOEQYOp1lVGW2VZovR9NKqF1n0Aom5pTSi_A9tTjcd7cm9raieZkFrLJOtQzkr01NbpgPVdvXO03tah8aH8XGQ_nENCVbNLS-90w9tBByPkmu2WeFGTGbN4MFO846mtojugWaFXmTeoQaJEZ-6ofFpEv-GTgNnmhqxJky8iJPhovc3N6Q
04-09 11:15:12.977  3090  3090 I cast_shell: [3093:3093:INFO:crypto_manager.cc(294)] Public exponent: AQAB
04-09 11:15:13.314  3090  3090 I cast_shell: [3093:3101:INFO:parent_tracker.cc(291)] [PII](46B584438B687576DF49B50BCE90E019) Become root
04-09 11:15:13.314  3090  3090 I cast_shell: [3093:3101:INFO:directory_service_impl.cc(200)] This device became root
04-09 11:15:13.458  3090  3090 I cast_shell: [3093:3146:INFO:multizone_manager.cc(1889)] Initial discovery complete
04-09 11:15:13.516  2711  2723 I yani_server: doLotofWork() List of interface '4'
