04-09 11:22:01.268  3083  3083 I process_manager: [0408/225201.268228:INFO:package_utils.cc(186)] Run update_engine: /bin/logwrapper /system/chrome/update_engine --foreground --netif-for-unique-ids=eth0 --omaha-beta-app-id={c71af7c9-fb75-4084-9bb1-6483fae36524} --omaha-prod-app-id={c71af7c9-fb75-4084-9bb1-6483fae36524} --ota-directory=/chrome/cache/ --update-engine-unix-socket-path=/tmp/socket/updater --v=4 --netif-for-unique-ids=wlan0 --ota-directory=/data/chrome/cache/
04-09 11:22:01.269  3083  3083 I process_manager: [0408/225201.269296:INFO:package_utils.cc(186)] Run crash_uploader: /bin/logwrapper /system/chrome/crash_uploader
04-09 11:22:01.270  3083  3083 I process_manager: [0408/225201.270228:INFO:package_utils.cc(186)] Run cast_shell: /bin/logwrapper /system/chrome/cast_shell --accept-resource-provider=true --alsa-enable-upsampling=false --app-config-path=/fakeapp.conf --blink-platform-log-channels=Media --cast-control-unix-socket-path=/tmp/cast-control --default-eureka-name-prefix=Google Cast Speaker --disable-dial=true --disable-images-for-app-id=*|1B11061A --enable-background-apps=false --idle-screen=false --js-flags=--trace_gc --netif-for-unique-ids=eth0 --no-daily-reboot=true --ota-directory=/chrome/cache/ --setup-support-guest-mode=0 --skip-gpu-data-loading --update-engine-unix-socket-path=/tmp/socket/updater --accept-resource-provider=true --alsa-enable-upsampling=true --alsa-output-avail-min=256 --alsa-output-buffer-size=4096 --alsa-output-period-size=512 --alsa-output-start-threshold=2048 --default-eureka-name-prefix=LSB --enable-background-apps=true --enable-hi-res-audio-support=true --enable-multizone=true --netif-for-unique-ids=wlan0 --ota-directory=/data/chrome/cache/ --setup-ssid-suffix=d256 --setup-support-guest-mode=0 --wpa-supplicant-unix-socket-path=/dev/socket/wpa_wlan0
04-09 11:22:01.302  3086  3086 I crash_uploader: [0408/225201.302186:INFO:crash_uploader.cc(45)] Starting crash uploader...
04-09 11:22:01.304  3085  3085 I update_engine: [0408/225201.303987:INFO:main.cc(149)] Eureka Update Engine starting
04-09 11:22:01.305  3085  3085 I update_engine: [0408/225201.305180:INFO:update_check_scheduler.cc(77)] Next update check in 2700 seconds
04-09 11:22:01.305  3085  3085 I update_engine: [0408/225201.305522:INFO:string_based_ipc_server.cc(75)] Start IPC server: /tmp/socket/updater
04-09 11:22:01.305  3086  3086 I crash_uploader: [0408/225201.304667:ERROR:synchronized_minidump_manager.cc(251)] Lockfile did not parse correctly. 
04-09 11:22:01.305  3085  3085 I update_engine: [0408/225201.305867:INFO:unix_stream_server_socket.cc(62)] Unix server socket is created: /tmp/socket/updater
04-09 11:22:01.502  3087  3087 I cast_shell: [3090:3090:ERROR:pref_service_helper.cc(79)] Cannot initialize chromecast config: /data/chrome/.eureka.conf, pref_error=6
04-09 11:22:01.504  3087  3087 I cast_shell: [3090:3090:WARNING:discardable_shared_memory_manager.cc(194)] Less than 64MB of free space in temporary directory for shared memory files: 32
04-09 11:22:01.516  3087  3087 I cast_shell: Fontconfig warning: "/etc/fonts/fonts.conf", line 80: unknown element "blank"
04-09 11:22:01.702  3087  3087 I cast_shell: [3090:3090:INFO:cast_system_memory_pressure_evaluator.cc(167)] AdjustMemoryFractions: critical_memory_fraction_=0.25, moderate_memory_fraction_=0.4
04-09 11:22:01.710  3087  3087 I cast_shell: [3090:3090:INFO:cast_window_manager_aura.cc(198)] Starting window manager, bounds: 0,0 1x1
04-09 11:22:01.718  3087  3087 I cast_shell: [3090:3109:ERROR:mixer_connection.cc(91)] Failed to connect to mixer service: -102
04-09 11:22:01.718  3087  3087 I cast_shell: [3090:3090:WARNING:client_auth_manager.cc(94)] Old certificate is empty.
04-09 11:22:01.719  3087  3087 I cast_shell: [3090:3090:INFO:device_info_impl.cc(135)] [PII] Weave device ID: 
04-09 11:22:01.720  3087  3087 I cast_shell: [3090:3090:INFO:device_info_impl.cc(406)] MAC address for wlan0: CC:90:93:21:F3:84
04-09 11:22:01.720  3087  3087 I cast_shell: [3090:3090:INFO:device_info_impl.cc(431)] Device model id: COTODAMA.LS10 Platform.LSB
04-09 11:22:01.720  3087  3087 I cast_shell: [3090:3090:INFO:device_info_impl.cc(466)] Control Notifications: 0
04-09 11:22:01.720  3087  3087 I cast_shell: [3090:3090:ERROR:device_info_impl.cc(145)] Cannot read file: /data/bootid
04-09 11:22:01.720  3087  3087 I cast_shell: [3090:3090:INFO:device_info_impl.cc(482)] SSDP Boot ID: 0
04-09 11:22:01.720  3087  3087 I cast_shell: [3090:3090:INFO:device_info_impl.cc(486)] SSDP Config ID: 1
04-09 11:22:01.720  3087  3087 I cast_shell: [3090:3090:WARNING:secure_storage_impl.cc(85)] Device key not available yet.
04-09 11:22:01.720  3087  3087 I cast_shell: [3090:3090:INFO:cast_power_manager_provider.cc(26)] Creating DummyCastPowerManagerProvider
04-09 11:22:01.720  3087  3087 I cast_shell: [3090:3090:WARNING:auth_provider_impl.cc(72)] No IoT client_id found on the device. If device was FDRed please ignore this warning.
04-09 11:22:01.720  3087  3087 I cast_shell: [3090:3090:INFO:file_provider_impl.cc(67)] Initialized file provider with base dir: /data/chrome/auth
04-09 11:22:01.721  3087  3087 I cast_shell: [3090:3090:INFO:cast_power_manager_provider.cc(26)] Creating DummyCastPowerManagerProvider
04-09 11:22:01.721  3087  3087 I cast_shell: [3090:3090:INFO:cast_power_manager_provider.cc(26)] Creating DummyCastPowerManagerProvider
04-09 11:22:01.723  3087  3087 I cast_shell: [3090:3090:INFO:saved_volumes.cc(63)] No saved volumes found
04-09 11:22:01.723  3087  3087 I cast_shell: [3090:3090:INFO:saved_volumes.cc(70)] Invalid JSON from /etc/cast_audio.json
04-09 11:22:01.723  3087  3087 I cast_shell: [3090:3112:INFO:stream_mixer.cc(194)] StreamMixer
04-09 11:22:01.724  3087  3087 I cast_shell: [3090:3112:INFO:stream_mixer.cc(222)] Mixer health checker started
04-09 11:22:01.724  3087  3087 I cast_shell: [3090:3113:INFO:stream_mixer.cc(121)] Actual priority = 99, policy = 1
04-09 11:22:01.724  3087  3087 I cast_shell: [3090:3112:WARNING:post_processing_pipeline_parser.cc(65)] No post-processing config found at /etc/cast_audio.json.
04-09 11:22:01.724  3087  3087 I cast_shell: [3090:3112:WARNING:post_processing_pipeline_parser.cc(133)] No post-processor description found for "mix" in /etc/cast_audio.json. Using passthrough.
04-09 11:22:01.724  3087  3087 I cast_shell: [3090:3112:INFO:mixer_pipeline.cc(103)] 2 input channels to 'mix' group
04-09 11:22:01.724  3087  3087 I cast_shell: [3090:3112:WARNING:post_processing_pipeline_parser.cc(133)] No post-processor description found for "linearize" in /etc/cast_audio.json. Using passthrough.
04-09 11:22:01.724  3087  3087 I cast_shell: [3090:3112:INFO:mixer_pipeline.cc(124)] 2 input channels to 'linearize' group
04-09 11:22:01.731  3087  3087 I cast_shell: [3090:3112:INFO:alsa_volume_control.cc(219)] Volume device = default, element = Master
04-09 11:22:01.731  3087  3087 I cast_shell: [3090:3112:INFO:alsa_volume_control.cc(221)] Mute device = default, element = Master
04-09 11:22:01.731  3087  3087 I cast_shell: [3090:3112:INFO:alsa_volume_control.cc(234)] Idle device = default, elements = []
04-09 11:22:01.731  3087  3087 I cast_shell: [3090:3112:INFO:alsa_volume_control.cc(43)] Opening mixer element "Master" on device "default"
04-09 11:22:01.734  3087  3087 I cast_shell: [3090:3098:INFO:parent_tracker.cc(90)] [PII](E9F466A9D5F5B6EE232EA9D333131006) has hash 2434033764, root wait is 4.33282 s
04-09 11:22:01.735  3087  3087 I cast_shell: [3090:3090:INFO:multizone_manager.cc(330)] Multizone features are enabled
04-09 11:22:01.735  3087  3087 I cast_shell: [3090:3090:INFO:cast_power_manager_provider.cc(26)] Creating DummyCastPowerManagerProvider
04-09 11:22:01.735  3087  3087 I cast_shell: [3090:3090:INFO:update_engine_client_with_ipc.cc(343)] Using IPC UpdateEngineClient
04-09 11:22:01.735  3087  3087 I cast_shell: [3090:3098:INFO:parent_tracker.cc(120)] Can't use IPv4
04-09 11:22:01.735  3087  3087 I cast_shell: [3090:3098:INFO:parent_tracker.cc(124)] Can't use IPv6
04-09 11:22:01.735  3087  3087 I cast_shell: [3090:3098:ERROR:parent_tracker.cc(125)] No valid interface for multicast
04-09 11:22:01.736  3087  3087 I cast_shell: [3090:3098:INFO:directory_service_impl.cc(168)] Boot count is now 1
04-09 11:22:01.736  3090  3090 E         : Create
04-09 11:22:01.736  3090  3090 E         : OOBE IsSupported
04-09 11:22:01.738  3087  3087 I cast_shell: [3090:3098:ERROR:socket_posix.cc(148)] bind() failed: Address already in use (98)
04-09 11:22:01.739  3087  3087 I cast_shell: [3090:3090:INFO:platform_client_auth_creds.cc(114)] Loaded client certificate. Key len = 2048 bits. Chain len = 2 (source FROM_CERT).
04-09 11:22:01.741  3087  3087 I cast_shell: [3090:3090:INFO:grpc_manager_impl.cc(245)] Registered service chromecast.LocalCloudcastService
04-09 11:22:01.741  3087  3087 I cast_shell: [3090:3090:INFO:grpc_manager_impl.cc(262)] Registered a handler ExecuteActionScript for service chromecast.LocalCloudcastService
04-09 11:22:01.741  3087  3087 I cast_shell: [3090:3090:INFO:grpc_manager_impl.cc(262)] Registered a handler ObserveDeviceStatus for service chromecast.LocalCloudcastService
04-09 11:22:01.742  3087  3087 I cast_shell: [3090:3090:INFO:grpc_manager_impl.cc(262)] Registered a handler GetDeviceStatus for service chromecast.LocalCloudcastService
04-09 11:22:01.742  3087  3087 I cast_shell: [3090:3090:INFO:grpc_manager_impl.cc(505)] GRPC[uri=[::]:0]: num_pending_calls=0, num_active_handlers=0, num_free_handlers=0
04-09 11:22:01.743  3087  3087 I cast_shell: [3090:3090:INFO:cast_power_manager_provider.cc(26)] Creating DummyCastPowerManagerProvider
04-09 11:22:01.743  3087  3087 I cast_shell: [3090:3090:INFO:cast_power_manager_provider.cc(26)] Creating DummyCastPowerManagerProvider
04-09 11:22:01.743  3087  3087 I cast_shell: [3090:3090:INFO:gcm_manager.cc(140)] GCM Dir = /data/chrome/gcm
04-09 11:22:01.744  3087  3087 I cast_shell: [3090:3090:INFO:gcm_manager.cc(258)] Enabling GCM Driver
04-09 11:22:01.744  3087  3087 I cast_shell: [3090:3090:INFO:grpc_manager_impl.cc(505)] GRPC[uri=]: num_pending_calls=0, num_active_handlers=0, num_free_handlers=0
04-09 11:22:01.744  3087  3087 I cast_shell: [3090:3090:INFO:lycra_gcm.cc(117)] Deferring GCM registration until connectivity is up.
04-09 11:22:01.804  3087  3087 I cast_shell: [3090:3090:WARNING:cloud_settings_manager.cc(513)] Cannot initialize device settings config: /data/chrome/cloud_settings/cloud_settings.prefs, pref_error=6
04-09 11:22:01.805  3087  3087 I cast_shell: [3090:3090:INFO:cloud_settings_manager.cc(195)] Cloud settings is disabled.
04-09 11:22:01.805  3087  3087 I cast_shell: [3090:3090:INFO:pref_metrics_manager.cc(66)] PrefMetricsManager started.
04-09 11:22:01.806  3087  3087 I cast_shell: [3090:3090:INFO:pref_control_service_impl.cc(142)] Loading prefs from /data/chrome/pref_control/pref_control.prefs
04-09 11:22:01.806  3087  3087 I cast_shell: [3090:3090:INFO:pref_control_service_impl.cc(602)] Registering pref Pref [Name:motion_sensing_pref,RestoreValue:1,ForceEnableParent:1,Value:1,Optin:1]
04-09 11:22:01.806  3087  3087 I cast_shell: [3090:3090:INFO:pref_control_service_impl.cc(602)] Registering pref Pref [Name:sleep_sensing_pref,RestoreValue:0,ForceEnableParent:1,Value:1,Optin:0]
04-09 11:22:01.807  3087  3087 I cast_shell: [3090:3090:INFO:pref_control_service_impl.cc(602)] Registering pref Pref [Name:sleep_disturbance_pref,RestoreValue:1,ForceEnableParent:0,Value:1,Optin:0]
04-09 11:22:01.807  3087  3087 I cast_shell: [3090:3090:INFO:pref_control_service_impl.cc(602)] Registering pref Pref [Name:sleep_coaching_pref,RestoreValue:1,ForceEnableParent:0,Value:1,Optin:0]
04-09 11:22:01.807  3087  3087 I cast_shell: [3090:3090:INFO:pref_control_service_impl.cc(602)] Registering pref Pref [Name:gesture_sensing_pref,RestoreValue:0,ForceEnableParent:1,Value:1,Optin:0]
04-09 11:22:01.807  3087  3087 I cast_shell: [3090:3090:INFO:pref_control_service_impl.cc(602)] Registering pref Pref [Name:play_and_pause_gesture_pref,RestoreValue:1,ForceEnableParent:0,Value:1,Optin:0]
04-09 11:22:01.807  3087  3087 I cast_shell: [3090:3090:INFO:pref_control_service_impl.cc(602)] Registering pref Pref [Name:snooze_alarm_gesture_pref,RestoreValue:1,ForceEnableParent:0,Value:1,Optin:0]
04-09 11:22:01.807  3087  3087 I cast_shell: [3090:3090:INFO:pref_control_service_impl.cc(602)] Registering pref Pref [Name:stop_timers_gesture_pref,RestoreValue:1,ForceEnableParent:0,Value:1,Optin:0]
04-09 11:22:01.807  3087  3087 I cast_shell: [3090:3090:INFO:pref_metrics_manager.cc(94)] Adding motion_sensing_pref to PrefMetricsManager.
04-09 11:22:01.807  3087  3087 I cast_shell: [3090:3090:INFO:pref_metrics_manager.cc(94)] Adding sleep_sensing_pref to PrefMetricsManager.
04-09 11:22:01.807  3087  3087 I cast_shell: [3090:3090:INFO:pref_metrics_manager.cc(94)] Adding sleep_disturbance_pref to PrefMetricsManager.
04-09 11:22:01.808  3087  3087 I cast_shell: [3090:3090:INFO:pref_metrics_manager.cc(94)] Adding sleep_coaching_pref to PrefMetricsManager.
04-09 11:22:01.808  3087  3087 I cast_shell: [3090:3090:INFO:pref_metrics_manager.cc(94)] Adding gesture_sensing_pref to PrefMetricsManager.
04-09 11:22:01.808  3087  3087 I cast_shell: [3090:3090:INFO:pref_metrics_manager.cc(94)] Adding play_and_pause_gesture_pref to PrefMetricsManager.
04-09 11:22:01.808  3087  3087 I cast_shell: [3090:3090:INFO:pref_metrics_manager.cc(94)] Adding snooze_alarm_gesture_pref to PrefMetricsManager.
04-09 11:22:01.808  3087  3087 I cast_shell: [3090:3090:INFO:pref_metrics_manager.cc(94)] Adding stop_timers_gesture_pref to PrefMetricsManager.
04-09 11:22:01.808  3087  3087 I cast_shell: [3090:3090:INFO:pref_control_service_impl.cc(107)] PrefControlService constructed.
04-09 11:22:01.808  3087  3087 I cast_shell: [3090:3090:INFO:grpc_manager_impl.cc(245)] Registered service chromecast.grpc_discovery.GrpcDiscoveryService
04-09 11:22:01.808  3087  3087 I cast_shell: [3090:3090:INFO:grpc_manager_impl.cc(262)] Registered a handler GetServiceInfo for service chromecast.grpc_discovery.GrpcDiscoveryService
04-09 11:22:01.809  3087  3087 I cast_shell: [3090:3090:INFO:grpc_manager_impl.cc(505)] GRPC[uri=unix:/tmp/hcp_ipc_auth.socket]: num_pending_calls=0, num_active_handlers=0, num_free_handlers=0
04-09 11:22:01.810  3087  3087 I cast_shell: [3090:3090:INFO:grpc_manager_impl.cc(245)] Registered service usonia.ipc.Auth
04-09 11:22:01.810  3087  3087 I cast_shell: [3090:3127:INFO:common_time.cc(128)] New common clock leader E9F466A9D5F5B6EE232EA9D333131006, is_this_device = 1, IP = [::1]:10006, quality = 0
04-09 11:22:01.810  3087  3087 I cast_shell: [3090:3127:INFO:common_time.cc(158)] Set this device as common time source
04-09 11:22:01.811  3087  3087 I cast_shell: [3090:3090:INFO:grpc_manager_impl.cc(262)] Registered a handler Sign for service usonia.ipc.Auth
04-09 11:22:01.811  3087  3087 I cast_shell: [3090:3090:INFO:grpc_manager_impl.cc(262)] Registered a handler Verify for service usonia.ipc.Auth
04-09 11:22:01.811  3087  3087 I cast_shell: [3090:3090:INFO:grpc_manager_impl.cc(262)] Registered a handler AuthReady for service usonia.ipc.Auth
04-09 11:22:01.811  3087  3087 I cast_shell: [3090:3090:INFO:grpc_manager_impl.cc(245)] Registered service usonia.ipc.DistributedServiceDiscovery
04-09 11:22:01.811  3087  3087 I cast_shell: [3090:3090:INFO:grpc_manager_impl.cc(262)] Registered a handler UpdateServiceObservers for service usonia.ipc.DistributedServiceDiscovery
04-09 11:22:01.811  3087  3087 I cast_shell: [3090:3090:INFO:grpc_manager_impl.cc(262)] Registered a handler FetchAllPeerAddressList for service usonia.ipc.DistributedServiceDiscovery
04-09 11:22:01.811  3087  3087 I cast_shell: [3090:3090:INFO:grpc_manager_impl.cc(262)] Registered a handler ResolvePeerAddress for service usonia.ipc.DistributedServiceDiscovery
04-09 11:22:01.812  3087  3087 I cast_shell: [3090:3090:INFO:grpc_manager_impl.cc(262)] Registered a handler AddService for service usonia.ipc.DistributedServiceDiscovery
04-09 11:22:01.812  3087  3087 I cast_shell: [3090:3090:INFO:grpc_manager_impl.cc(262)] Registered a handler IsServiceAllowed for service usonia.ipc.DistributedServiceDiscovery
04-09 11:22:01.812  3087  3087 I cast_shell: [3090:3090:INFO:grpc_manager_impl.cc(245)] Registered service usonia.ipc.LeaderElector
04-09 11:22:01.812  3087  3087 I cast_shell: [3090:3090:INFO:grpc_manager_impl.cc(262)] Registered a handler LeaderElection for service usonia.ipc.LeaderElector
04-09 11:22:01.812  3087  3087 I cast_shell: [3090:3090:INFO:grpc_manager_impl.cc(245)] Registered service usonia.ipc.TimeSynchronizer
04-09 11:22:01.813  3087  3087 I cast_shell: [3090:3090:INFO:grpc_manager_impl.cc(262)] Registered a handler ObserveCommonTime for service usonia.ipc.TimeSynchronizer
04-09 11:22:01.814  3087  3087 I cast_shell: [3090:3090:INFO:grpc_manager_impl.cc(317)] Grpc server started in port 1
04-09 11:22:01.814  3087  3087 I cast_shell: [3090:3090:INFO:sensor_pref_manager.cc(84)] SensorPrefManager is disabled.
04-09 11:22:01.815  3087  3087 I cast_shell: [3090:3090:INFO:remote_ducking_receiver.cc(183)] remote ducking: starting receiver.
04-09 11:22:01.815  3087  3087 I cast_shell: [3090:3090:INFO:grpc_manager_impl.cc(505)] GRPC[uri=unix:/tmp/modular_updater/modular_update_service]: num_pending_calls=0, num_active_handlers=0, num_free_handlers=0
04-09 11:22:01.816  3087  3087 I cast_shell: [3090:3090:INFO:cast_power_manager_provider.cc(26)] Creating DummyCastPowerManagerProvider
04-09 11:22:01.823  3087  3087 I cast_shell: [3090:3090:INFO:timezone_settings.cc(288)] Setting system timezone to America/Los_Angeles
04-09 11:22:01.823  3087  3087 I cast_shell: [3090:3090:INFO:daily_reboot_impl.cc(172)] Daily reboot is disabled
04-09 11:22:01.823  3087  3087 I cast_shell: [3090:3090:INFO:api_reboot.cc(321)] active_activities count=1
04-09 11:22:01.824  3087  3087 I cast_shell: [3090:3103:INFO:gamma_utils.cc(31)] Gamma calibration file is not present, use default LUT
04-09 11:22:01.824  3087  3087 I cast_shell: [3090:3090:INFO:cast_power_manager_provider.cc(26)] Creating DummyCastPowerManagerProvider
04-09 11:22:01.824  3087  3087 I chatty  : uid=1000(chrome) /bin/logwrapper identical 1 line
04-09 11:22:01.824  3087  3087 I cast_shell: [3090:3090:INFO:cast_power_manager_provider.cc(26)] Creating DummyCastPowerManagerProvider
04-09 11:22:01.827  3087  3087 I cast_shell: [3090:3090:INFO:setup_api_registry.cc(192)] Register external API: audio/delete_config
04-09 11:22:01.827  3087  3087 I cast_shell: [3090:3090:INFO:setup_api_registry.cc(192)] Register external API: audio/get_avail_processors
04-09 11:22:01.827  3087  3087 I cast_shell: [3090:3090:INFO:setup_api_registry.cc(192)] Register external API: audio/get_config
04-09 11:22:01.827  3087  3087 I cast_shell: [3090:3090:INFO:setup_api_registry.cc(192)] Register external API: audio/get_default_config
04-09 11:22:01.827  3087  3087 I cast_shell: [3090:3090:INFO:setup_api_registry.cc(192)] Register external API: audio/set_params
04-09 11:22:01.827  3087  3087 I cast_shell: [3090:3090:INFO:setup_api_registry.cc(192)] Register external API: audio/set_config
04-09 11:22:01.827  3087  3087 I cast_shell: [3090:3090:INFO:setup_api_registry.cc(192)] Register external API: user_eq/set_equalizer
04-09 11:22:01.827  3087  3087 I cast_shell: [3090:3090:INFO:capture_service_dummy.cc(11)] Dummy CaptureService.
04-09 11:22:01.827  3087  3087 I cast_shell: [3090:3103:INFO:tuning_manager.cc(118)] No file found at /etc/cast_audio.json
04-09 11:22:01.827  3087  3087 I cast_shell: [3090:3103:INFO:tuning_manager.cc(130)] No file found at /etc/cast_audio.json
04-09 11:22:01.830  3087  3087 I cast_shell: [3090:3090:INFO:setup_api_registry.cc(192)] Register external API: auto_media_volume
04-09 11:22:01.830  3087  3087 I cast_shell: [3090:3090:INFO:cast_thread_health_check.cc(53)] Receiver health check timeout: 15 seconds.
04-09 11:22:01.831  3087  3087 I cast_shell: [3090:3090:INFO:file_util.cc(28)] base_assistant_dir = /data/chrome
04-09 11:22:01.831  3087  3087 I cast_shell: [3090:3090:INFO:chromecast_service.cc(2189)] Geolocation changed to: 0
04-09 11:22:01.832  3087  3087 I cast_shell: [3090:3090:INFO:chromecast_service.cc(2229)] AoGH feature is: 0
04-09 11:22:01.832  3087  3087 I cast_shell: [3090:3090:INFO:chromecast_service.cc(2248)] Playback disruption feature is: 0
04-09 11:22:01.836  3087  3087 I cast_shell: [3090:3090:INFO:metrics_recorder.cc(112)] Metrics stat: total=0
04-09 11:22:01.837  3087  3087 I cast_shell: [3090:3115:INFO:media_manager_impl.cc(1043)] New device volume control type: new_type=1, old_type=0
04-09 11:22:01.837  3087  3087 I cast_shell: [3090:3115:INFO:media_manager_impl.cc(1066)] New device volume step interval: new_interval=0.02, old_interval=0
04-09 11:22:01.837  3087  3087 I cast_shell: [3090:3115:ERROR:media_manager_impl.cc(1294)] GetScreenResolution failed.
04-09 11:22:01.837  3087  3087 I cast_shell: [3090:3115:INFO:media_manager_impl.cc(343)] Media manager is initialized.
04-09 11:22:01.837  3087  3087 I cast_shell: [3090:3090:INFO:media_manager_impl.cc(269)] IsHdmiPlatform: 0
04-09 11:22:01.838  3087  3087 I cast_shell: [3090:3090:INFO:hds_settings.cc(136)] HdsSettings using HDS url https://preprod-home-devices.sandbox.google.com/
04-09 11:22:01.840  3087  3087 I cast_shell: [3090:3090:INFO:client_auth_creds.cc(173)] Device cert: 4D8AC5B9056A76852E4F FA:8F:CA:87:13:D1
04-09 11:22:01.840  3087  3087 I cast_shell: [3090:3090:INFO:client_auth_creds.cc(182)] Intermediate cert: LSB
04-09 11:22:01.840  3087  3087 I cast_shell: [3090:3090:INFO:client_auth_creds.cc(182)] Intermediate cert: Amlogic GVA Manufacturer Cert
04-09 11:22:01.840  3087  3087 I cast_shell: [3090:3090:INFO:client_auth_creds.cc(226)] Imported client auth cert.
04-09 11:22:01.840  3087  3087 I cast_shell: [3090:3090:INFO:client_auth_creds.cc(237)] Imported client auth private key
04-09 11:22:01.840  3087  3087 I cast_shell: [3090:3090:INFO:client_auth_signer.cc(155)] Created singleton instance of ClientAuthSigner.
04-09 11:22:01.841  3087  3087 I cast_shell: [3090:3090:INFO:client_auth_manager.cc(119)] Storing the certificate first used by the device.
04-09 11:22:01.884  3087  3087 I cast_shell: [3090:3090:WARNING:application_config_manager_impl.cc(253)] Cannot read application config file: /fakeapp.conf
04-09 11:22:01.884  3087  3087 I cast_shell: [3090:3090:INFO:application_manager_impl.cc(398)] Application manager is initialized.
04-09 11:22:01.885  3087  3087 I cast_shell: [3090:3090:INFO:mdns_cast_service.cc(156)] Device discovery state is idle
04-09 11:22:01.885  3087  3087 I cast_shell: [3090:3090:INFO:mdns_manager_impl.cc(177)] MdnsManager is initialized
04-09 11:22:01.886  3087  3087 I cast_shell: [3090:3140:INFO:mdns_app_filter.cc(573)] MdnsAppFilter initialized
04-09 11:22:01.886  3087  3087 I cast_shell: [3090:3140:INFO:discovered_service_client.cc(102)] Registering new service PTR listener: _googlecast._tcp.local
04-09 11:22:01.886  3087  3087 I cast_shell: [3090:3090:INFO:config_downloader.cc(239)] Set config periodic interval: min=300, max=420
04-09 11:22:01.886  3087  3087 I cast_shell: [3090:3090:INFO:crl_downloader.cc(274)] Set CRL periodic interval: min=2160, max=2880
04-09 11:22:01.886  3087  3087 I cast_shell: [3090:3090:INFO:hds_broker_impl.cc(121)] HDS type registered type.googleapis.com/home.hds.proto.device.relayedcasting.RelayedCastingPleaseConnectRequest
04-09 11:22:01.887  3087  3087 I cast_shell: [3090:3141:INFO:v2_transport.cc(458)] Added Cast V2 endpoint: id=Tr@n$p0rt-0, socket_factory_id=[PII](*)
04-09 11:22:01.887  3087  3087 I cast_shell: [3090:3141:INFO:endpoint_with_namespace_handler.cc(103)] Added a namespace handler: local_id=Tr@n$p0rt-0, namespace=urn:x-cast:com.google.cast.tp.connection
04-09 11:22:01.887  3087  3087 I cast_shell: [3090:3141:INFO:endpoint_with_namespace_handler.cc(103)] Added a namespace handler: local_id=Tr@n$p0rt-0, namespace=urn:x-cast:com.google.cast.tp.heartbeat
04-09 11:22:01.887  3087  3087 I cast_shell: [3090:3090:INFO:mdns_util.cc(102)] Defaulting mDNS capabilities for audio-only build
04-09 11:22:01.887  3087  3087 I cast_shell: [3090:3141:INFO:endpoint_with_namespace_handler.cc(103)] Added a namespace handler: local_id=Tr@n$p0rt-0, namespace=urn:x-cast:com.google.cast.tp.deviceauth
04-09 11:22:01.887  3087  3087 I cast_shell: [3090:3141:INFO:v2_transport.cc(335)] V2Transport initialized.
04-09 11:22:01.887  3087  3087 I cast_shell: [3090:3141:INFO:v2_transport.cc(411)] Added socket factory: id=domain-socket@/tmp/cast-control
04-09 11:22:01.887  3087  3087 I cast_shell: [3090:3090:INFO:ccs_manager_impl.cc(838)] Device model revision set to 0
04-09 11:22:01.887  3087  3087 I cast_shell: [3090:3141:INFO:v2_transport.cc(458)] Added Cast V2 endpoint: id=receiver-68567a6e-8cb6-d71b-fe23-98ce721b245f, socket_factory_id=[PII](68567a6e-8cb6-d71b-fe23-98ce721b245f)
04-09 11:22:01.888  3087  3087 I cast_shell: [3090:3140:INFO:discovered_service_client.cc(102)] Registering new service PTR listener: _googlerpc._tcp.local
04-09 11:22:01.888  3087  3087 I cast_shell: [3090:3141:INFO:endpoint_with_namespace_handler.cc(103)] Added a namespace handler: local_id=receiver-68567a6e-8cb6-d71b-fe23-98ce721b245f, namespace=urn:x-cast:com.google.cast.receiver
04-09 11:22:01.888  3087  3087 I cast_shell: [3090:3141:INFO:endpoint_with_namespace_handler.cc(103)] Added a namespace handler: local_id=receiver-68567a6e-8cb6-d71b-fe23-98ce721b245f, namespace=urn:x-cast:com.google.cast.receiver.discovery
04-09 11:22:01.888  3087  3087 I cast_shell: [3090:3141:INFO:endpoint_with_namespace_handler.cc(103)] Added a namespace handler: local_id=receiver-68567a6e-8cb6-d71b-fe23-98ce721b245f, namespace=urn:x-cast:com.google.cast.receiver.debug
04-09 11:22:01.888  3087  3087 I cast_shell: [3090:3141:INFO:v2_transport.cc(411)] Added socket factory: id=68567a6e-8cb6-d71b-fe23-98ce721b245f
04-09 11:22:01.888  2731  2745 W HotspotManager: hotspot already stopped
04-09 11:22:01.888  3087  3087 I cast_shell: [3090:3103:INFO:hotspot_controller_netmgr.cc(134)] Hotspot socket initialized: /dev/socket/net_mgr
04-09 11:22:01.889  3087  3087 I cast_shell: [3090:3103:INFO:hotspot_manager.cc(103)] Stop zombie hotspot if there is one
04-09 11:22:01.889  3087  3087 I cast_shell: [3090:3141:INFO:endpoint_with_namespace_handler.cc(103)] Added a namespace handler: local_id=receiver-68567a6e-8cb6-d71b-fe23-98ce721b245f, namespace=urn:x-cast:com.google.cast.receiver.key_exchange
04-09 11:22:01.889  3087  3087 I cast_shell: [3090:3141:INFO:endpoint_with_namespace_handler.cc(103)] Added a namespace handler: local_id=receiver-68567a6e-8cb6-d71b-fe23-98ce721b245f, namespace=urn:x-cast:com.google.cast.broadcast
04-09 11:22:01.894  3087  3087 I cast_shell: [3090:3130:INFO:net_util_shlib_support.cc(51)] Wifi interface found: wlan0
04-09 11:22:01.894  3087  3087 I cast_shell: [3090:3130:INFO:net_util_shlib_support.cc(51)] Wifi interface found: p2p0
04-09 11:22:01.894  3087  3087 I cast_shell: [3090:3130:INFO:net_util_shlib_support.cc(51)] Wifi interface found: p2p1
04-09 11:22:01.894  3087  3087 I cast_shell: [3090:3130:INFO:net_util_shlib_support.cc(51)] Wifi interface found: wfd0
04-09 11:22:01.894  3087  3087 I cast_shell: [3090:3142:INFO:setup_api_registry.cc(192)] Register external API: multizone/aux_in
04-09 11:22:01.894  3087  3087 I cast_shell: [3090:3130:INFO:wifi_controller_wpa_supplicant.cc(456)] Wifi is active: wifi_netif=wlan0
04-09 11:22:01.894  3087  3087 I cast_shell: [3090:3142:INFO:setup_api_registry.cc(192)] Register external API: multizone/disband_group
04-09 11:22:01.894  3087  3087 I cast_shell: [3090:3142:INFO:setup_api_registry.cc(192)] Register external API: multizone/join_group
04-09 11:22:01.894  3087  3087 I cast_shell: [3090:3142:INFO:setup_api_registry.cc(192)] Register external API: multizone/leave_group
04-09 11:22:01.894  3087  3087 I cast_shell: [3090:3142:INFO:setup_api_registry.cc(192)] Register external API: multizone/set_audio_output_delay
04-09 11:22:01.897  3087  3087 I cast_shell: [3090:3130:INFO:wifi_controller_wpa_supplicant.cc(487)] After initialization: current_wifi_index_=0
04-09 11:22:01.898  3087  3087 I cast_shell: [3090:3130:INFO:setup_manager_impl.cc(732)] Initially set Google DNS servers: enable
04-09 11:22:01.898  3087  3087 I cast_shell: [3090:3130:INFO:setup_api_registry.cc(192)] Register external API: eureka_info
04-09 11:22:01.898  3087  3087 I cast_shell: [3090:3130:INFO:setup_api_registry.cc(192)] Register external API: set_eureka_info
04-09 11:22:01.898  3087  3087 I cast_shell: [3090:3130:INFO:setup_api_registry.cc(192)] Register external API: set_network
04-09 11:22:01.898  3087  3087 I cast_shell: [3090:3130:INFO:setup_api_registry.cc(192)] Register external API: set_network_ssid
04-09 11:22:01.898  3087  3087 I cast_shell: [3090:3130:INFO:setup_api_registry.cc(192)] Register external API: get_app_device_id
04-09 11:22:01.898  3087  3087 I cast_shell: [3090:3130:INFO:setup_api_registry.cc(192)] Register external API: send_log_report
04-09 11:22:01.898  3087  3087 I cast_shell: [3090:3130:INFO:setup_api_registry.cc(192)] Register external API: accept_tos
04-09 11:22:01.898  3087  3087 I cast_shell: [3090:3130:INFO:setup_api_registry.cc(192)] Register external API: configured_networks
04-09 11:22:01.904  2709  2709 I wpa_supplicant: wlan0: CTRL-EVENT-REGDOM-CHANGE init=CORE type=WORLD
04-09 11:22:01.907  2710  2722 I yani_server: NetLink Event '-1' Interface-Index '5' WLAN '-1' Ethernet '-1' Parsed-iFill '-1' -> 'INVALID' ifIndex '1' -> 'lo'
04-09 11:22:01.914  2710  2722 I yani_server: NetLink Event '-1' Interface-Index '5' WLAN '0' Ethernet '-1' Parsed-iFill '-1' -> 'INVALID' ifIndex '1' -> 'lo'
04-09 11:22:01.919  2732  2810 I bluetoothtbd: [0408/225201.919618:INFO:gatt_api.cc(1005)] GATT_Register
04-09 11:22:01.919  2732  2810 I bluetoothtbd: [0408/225201.919828:INFO:gatt_api.cc(1028)] allocated gatt_if=4
04-09 11:22:01.925  2732  2810 E bt_btif : register application first_unuse rcb_idx = 0
04-09 11:22:01.925  2732  2810 I bluetoothtbd: [0408/225201.925446:INFO:gatt_api.cc(1005)] GATT_Register
04-09 11:22:01.925  2732  2810 I bluetoothtbd: [0408/225201.925554:INFO:gatt_api.cc(1028)] allocated gatt_if=5
04-09 11:22:01.933  2732  2810 I bluetoothtbd: [0408/225201.933616:INFO:gatt_api.cc(1005)] GATT_Register
04-09 11:22:01.933  2732  2810 I bluetoothtbd: [0408/225201.933777:INFO:gatt_api.cc(1028)] allocated gatt_if=6
04-09 11:22:01.935  2732  2763 I bluetoothtbd: [0408/225201.935188:INFO:adapter.cc(551)] Adapter properties changed
04-09 11:22:01.935  2732  2763 I bluetoothtbd: [0408/225201.935338:INFO:adapter.cc(573)] Adapter name changed
04-09 11:22:01.937  2732  2763 I bluetoothtbd: [0408/225201.937641:INFO:adapter.cc(551)] Adapter properties changed
04-09 11:22:01.939  2732  2810 I bluetoothtbd: [0408/225201.939354:INFO:btif_ble_advertiser.cc(90)] RegisterAdvertiserCb status: 0 , adveriser_id: 0
04-09 11:22:01.939  3087  3087 I cast_shell: [3090:3090:INFO:input_manager_impl.cc(284)] RegisterInput: device_id: cast, type: 0, state: 0
04-09 11:22:01.939  3087  3087 I cast_shell: [3090:3090:INFO:input_manager_impl.cc(308)] NotifyInputConnect: device_id: cast, sample_rate: 0, num_channels: 0
04-09 11:22:01.940  3087  3087 I cast_shell: [3090:3090:INFO:input_manager_impl.cc(370)] SetActiveInput: cast
04-09 11:22:01.940  3087  3087 I cast_shell: [3090:3141:INFO:endpoint_with_namespace_handler.cc(103)] Added a namespace handler: local_id=receiver-68567a6e-8cb6-d71b-fe23-98ce721b245f, namespace=urn:x-cast:com.google.cast.audio.input
04-09 11:22:01.940  3087  3087 I cast_shell: [3090:3090:INFO:bluetooth_setup.cc(690)] Disabling connectability.
04-09 11:22:01.941  3087  3087 I cast_shell: [3090:3090:INFO:input_manager_impl.cc(284)] RegisterInput: device_id: bluetooth, type: 1, state: 0
04-09 11:22:01.941  3087  3087 I cast_shell: [3090:3141:INFO:endpoint_with_namespace_handler.cc(103)] Added a namespace handler: local_id=receiver-68567a6e-8cb6-d71b-fe23-98ce721b245f, namespace=urn:x-cast:com.google.cast.assistant
04-09 11:22:01.941  3087  3087 I cast_shell: [3090:3141:INFO:endpoint_with_namespace_handler.cc(103)] Added a namespace handler: local_id=receiver-68567a6e-8cb6-d71b-fe23-98ce721b245f, namespace=urn:x-cast:com.google.cast.companionauth
04-09 11:22:01.941  3087  3087 I cast_shell: [3090:3090:INFO:robot_account_auth_manager.cc(295)] No backend type specified. Getting COS URL based on the build type instead.
04-09 11:22:01.941  3087  3087 I cast_shell: [3090:3090:INFO:robot_account_auth_manager.cc(312)] Auth url: https://clients5.google.com/cast/orchestration/googleoauthtoken?rt=b
04-09 11:22:01.941  3087  3087 I cast_shell: [3090:3141:INFO:endpoint_with_namespace_handler.cc(103)] Added a namespace handler: local_id=receiver-68567a6e-8cb6-d71b-fe23-98ce721b245f, namespace=urn:x-cast:com.google.cast.companion
04-09 11:22:01.942  3087  3087 I cast_shell: [3090:3141:INFO:endpoint_with_namespace_handler.cc(103)] Added a namespace handler: local_id=receiver-68567a6e-8cb6-d71b-fe23-98ce721b245f, namespace=urn:x-cast:com.google.cast.timesync
04-09 11:22:01.942  3087  3087 I cast_shell: [3090:3090:WARNING:robot_account_auth_manager.cc(463)] Failed to initialize JWT for 38579375
04-09 11:22:01.942  3087  3087 I cast_shell: [3090:3090:INFO:queryable_data_registrar.cc(52)] Registering queryable data for managed mode as: 0
04-09 11:22:01.942  3087  3087 I cast_shell: [3090:3090:INFO:queryable_data_registrar.cc(59)] Registering enable_hls_sample_aes=1
04-09 11:22:01.942  3087  3087 I cast_shell: [3090:3090:INFO:queryable_data_registrar.cc(64)] Registering hls_sample_aes_init_segment
04-09 11:22:01.943  3087  3087 I cast_shell: E0408 22:52:01.943440219    3090 server_chttp2.cc:40]        {"created":"@1649483521.943274511","description":"No address added out of total 1 resolved","file":"../../third_party/grpc/src/src/core/ext/transport/chttp2/server/chttp2_server.cc","file_line":397,"referenced_errors":[{"created":"@1649483521.943266052","description":"Unable to configure socket","fd":152,"file":"../../third_party/grpc/src/src/core/lib/iomgr/tcp_server_utils_posix_common.cc","file_line":216,"referenced_errors":[{"created":"@1649483521.943221636","description":"No such file or directory","errno":2,"file":"../../third_party/grpc/src/src/core/lib/iomgr/tcp_server_utils_posix_common.cc","file_line":189,"os_error":"No such file or directory","syscall":"bind"}]}]}
04-09 11:22:01.943  3087  3087 I cast_shell: [3090:3090:ERROR:grpc_manager_impl.cc(311)] Could not start Grpc server.
04-09 11:22:01.944  3087  3087 I cast_shell: [3090:3130:INFO:gatt_client_manager_impl.cc(202)] Enabling GATT client connectability
04-09 11:22:01.948  3087  3087 I cast_shell: [3090:3130:INFO:setup_api_registry.cc(192)] Register external API: input/status
04-09 11:22:01.948  3087  3087 I cast_shell: [3090:3130:INFO:setup_api_registry.cc(192)] Register external API: input/set_active
04-09 11:22:01.948  3087  3087 I cast_shell: [3090:3130:INFO:setup_api_registry.cc(192)] Register external API: input/debug_register
04-09 11:22:01.948  3087  3087 I cast_shell: [3090:3130:INFO:setup_api_registry.cc(192)] Register external API: input/debug_connect
04-09 11:22:01.948  3087  3087 I cast_shell: [3090:3130:INFO:setup_api_registry.cc(192)] Register external API: input/debug_disconnect
04-09 11:22:01.948  3087  3087 I cast_shell: [3090:3109:ERROR:cast_media_shlib.cc(80)] snd_hctl_find_elem failed to find the rate offset element.
04-09 11:22:01.948  3087  3087 I cast_shell: [3090:3090:ERROR:server.cc(243)] XDG_RUNTIME_DIR not set in the environment
04-09 11:22:01.948  3087  3087 I cast_shell: [3090:3090:ERROR:wayland_server_controller.cc(27)] Wayland server creation failed
04-09 11:22:01.948  3087  3087 I cast_shell: [3090:3090:WARNING:cast_metrics_service_client.cc(134)] Empty client id from platform, assuming this is the first boot up of a new device.
04-09 11:22:01.948  3087  3087 I cast_shell: [3090:3090:INFO:cast_metrics_service_client.cc(93)] Metrics client ID set: 4b15b393-3e25-4d9d-a307-4dfb9adc4eb0
04-09 11:22:01.948  3087  3087 I cast_shell: [3090:3090:INFO:device_info_impl.cc(970)] Metrics client ID: 4b15b393-3e25-4d9d-a307-4dfb9adc4eb0
04-09 11:22:01.948  3087  3087 I cast_shell: [3090:3090:INFO:cast_metrics_service_client.cc(93)] Metrics client ID set: 4b15b393-3e25-4d9d-a307-4dfb9adc4eb0
04-09 11:22:01.948  3087  3087 I cast_shell: [3090:3090:INFO:device_info_impl.cc(970)] Metrics client ID: 4b15b393-3e25-4d9d-a307-4dfb9adc4eb0
04-09 11:22:01.949  2732  2763 I bluetoothtbd: [0408/225201.949415:INFO:adapter.cc(551)] Adapter properties changed
04-09 11:22:01.949  3087  3087 I cast_shell: [3090:3130:INFO:bluetooth_manager.cc(115)] Record action: Cast.Bluetooth.DiscoveryMode.Disable
04-09 11:22:01.949  3087  3087 I cast_shell: [3090:3130:INFO:setup_api_registry.cc(192)] Register external API: bluetooth/api
04-09 11:22:01.949  3087  3087 I cast_shell: [3090:3130:INFO:setup_api_registry.cc(192)] Register external API: bluetooth/bond
04-09 11:22:01.950  3087  3087 I cast_shell: [3090:3130:INFO:setup_api_registry.cc(192)] Register external API: bluetooth/connect
04-09 11:22:01.950  3087  3087 I cast_shell: [3090:3130:INFO:setup_api_registry.cc(192)] Register external API: bluetooth/discovery
04-09 11:22:01.950  3087  3087 I cast_shell: [3090:3130:INFO:setup_api_registry.cc(192)] Register external API: bluetooth/get_bonded
04-09 11:22:01.950  3087  3087 I cast_shell: [3090:3130:INFO:setup_api_registry.cc(192)] Register external API: bluetooth/scan
04-09 11:22:01.950  3087  3087 I cast_shell: [3090:3130:INFO:setup_api_registry.cc(192)] Register external API: bluetooth/scan_results
04-09 11:22:01.950  3087  3087 I cast_shell: [3090:3130:INFO:setup_api_registry.cc(192)] Register external API: bluetooth/set_connectable
04-09 11:22:01.950  3087  3087 I cast_shell: [3090:3130:INFO:setup_api_registry.cc(192)] Register external API: bluetooth/status
04-09 11:22:01.950  3087  3087 I cast_shell: [3090:3130:INFO:setup_api_registry.cc(192)] Register external API: bluetooth/le/connect
04-09 11:22:01.961  3087  3087 I cast_shell: [3090:3153:INFO:external_mojo_broker.cc(405)] Initializing external mojo broker at: /tmp/cast_mojo_broker
04-09 11:22:01.964  3087  3087 I cast_shell: [3090:3106:ERROR:cast_audio_input_json.cc(33)] Failed to read JSON file: /etc/cast_audio_input.json
04-09 11:22:01.964  3087  3087 I cast_shell: [3090:3106:ERROR:channel_selector_reader.cc(44)] Failed to read audio input json
04-09 11:22:01.966  3087  3087 I cast_shell: [3090:3096:INFO:auto_volume.cc(107)] Auto volume is disabled
04-09 11:22:01.969  3087  3087 I cast_shell: [3090:3090:INFO:audio_focus_manager_impl.cc(27)] use_media_starting_block: 0
04-09 11:22:01.970  3087  3087 I cast_shell: [3090:3090:INFO:grpc_auth_manager_in_process.cc(135)] Initializing Auth.
04-09 11:22:01.970  3087  3087 I cast_shell: [3090:3090:INFO:grpc_manager_impl.cc(505)] GRPC[uri=[::]:8012]: num_pending_calls=0, num_active_handlers=0, num_free_handlers=0
04-09 11:22:01.973  3087  3087 I cast_shell: [3090:3090:INFO:grpc_manager_impl.cc(317)] Grpc server started in port 8012
04-09 11:22:01.974  3087  3087 I cast_shell: [3090:3090:INFO:ccs_manager_impl.cc(851)] Network connectivity down for CcsManager
04-09 11:22:01.977  3087  3087 I cast_shell: [3090:3111:INFO:cast_auth_api_adaptor.cc(82)] CastAuth: init with library: libcast_auth.so
04-09 11:22:01.977  3087  3087 I cast_shell: [3090:3090:INFO:mdns_manager_impl.cc(468)] Setting new conflict callback
04-09 11:22:01.977  3087  3087 I cast_shell: [3090:3090:INFO:mdns_util.cc(102)] Defaulting mDNS capabilities for audio-only build
04-09 11:22:01.977  3087  3087 I cast_shell: [3090:3090:INFO:virtual_device_manager.cc(247)] Virtual device [PII](68567a6e-8cb6-d71b-fe23-98ce721b245f) using Cast V2 port 8009
04-09 11:22:01.977  3087  3087 I cast_shell: [3090:3090:INFO:ccs_manager_impl.cc(1322)] Waiting for all transports to be enabled
04-09 11:22:01.977  3087  3087 I cast_shell: [3090:3090:INFO:bluetooth_setup.cc(690)] Disabling connectability.
04-09 11:22:01.977  3087  3087 I cast_shell: [3090:3090:INFO:input_manager_impl.cc(468)] Using virtual device 68567a6e-8cb6-d71b-fe23-98ce721b245f
04-09 11:22:01.977  3087  3087 I cast_shell: [3090:3090:INFO:metrics_recorder.cc(282)] cast event: Cast.System.Timezone.ChangeSuccessful
04-09 11:22:01.978  2732  2763 I bluetoothtbd: [0408/225201.978649:INFO:adapter.cc(573)] Adapter name changed
04-09 11:22:01.979  3087  3087 I cast_shell: [3090:3130:INFO:bluetooth_manager.cc(1232)] [PII] Set device name to 'LSB0545'
04-09 11:22:01.981  2732  2763 I bluetoothtbd: [0408/225201.981465:INFO:adapter.cc(551)] Adapter properties changed
04-09 11:22:01.981  3087  3087 I cast_shell: [3090:3111:INFO:cast_auth_api_adaptor.cc(93)] CastAuth: common module initialization successful.
04-09 11:22:01.981  3087  3087 I cast_shell: [3090:3111:INFO:cast_auth_api_adaptor.cc(98)] CastAuth: model-based module initialization successful.
04-09 11:22:01.982  3087  3087 I cast_shell: [3090:3130:INFO:bluetooth_manager.cc(115)] Record action: Cast.Bluetooth.DiscoveryMode.Disable
04-09 11:22:01.982  3087  3087 I cast_shell: [3090:3130:INFO:ble_setup.cc(1096)] LAT flag change 0
04-09 11:22:02.026  3087  3087 I cast_shell: [3090:3090:INFO:secure_storage_impl.cc(107)] Secure storage initialized.
04-09 11:22:02.027  3087  3087 I cast_shell: [3090:3090:INFO:ccs_manager_impl.cc(851)] Network connectivity down for CcsManager
04-09 11:22:02.114  2710  2722 I yani_kernel: yani_geteventfrom_changeaddr() Message-Id '1' Netlink event '16' Interface Index '6' -> Name 'p2p0' 
04-09 11:22:02.116  2969  2979 D wac-main: Netlink event
04-09 11:22:02.116  2969  2979 E wac-main: Netlink event 16 Interface Index 6 
04-09 11:22:02.116  2969  2979 E wac-main: p2p0 event Link Changed : 1002 
04-09 11:22:02.116  2969  2979 E wac-main: Enter poll and wait
04-09 11:22:02.124  3087  3087 I cast_shell: [3090:3140:INFO:metrics_recorder.cc(282)] cast event: Cast.Discovery.Mdns.SocketCreated
04-09 11:22:02.124  3087  3087 I cast_shell: [3090:3140:INFO:mdns_app_filter.cc(1254)] Created mDNS socket for interface:name=p2p1, address=192.168.2.1, index=7
04-09 11:22:02.124  3087  3087 I cast_shell: [3090:3140:INFO:metrics_recorder.cc(282)] cast event: Cast.Discovery.Mdns.SocketCreated
04-09 11:22:02.124  3087  3087 I cast_shell: [3090:3140:INFO:mdns_app_filter.cc(1254)] Created mDNS socket for interface:name=usb0, address=192.168.10.1, index=9
04-09 11:22:02.124  3087  3087 I cast_shell: [3090:3140:INFO:mdns_app_filter.cc(977)] MdnsAppFilter is starting.
04-09 11:22:02.124  3087  3087 I cast_shell: [3090:3140:INFO:metrics_recorder.cc(282)] cast event: Cast.Discovery.Mdns.ResponderStarted
04-09 11:22:02.124  3087  3087 I cast_shell: [3090:3140:INFO:mdns_cast_service.cc(351)] Device discovery state is setup-only
04-09 11:22:02.145  2710  2722 I yani_kernel: yani_geteventfrom_changeaddr() Message-Id '1' Netlink event '16' Interface Index '6' -> Name 'p2p0' 
04-09 11:22:02.173  2976  2988 I otamanager: OTAManager connected to CastUpdater via  /tmp/socket/system_updater
04-09 11:22:02.173  2976  2988 I otamanager: cast_updater_threadEntry socket handle 5
04-09 11:22:02.343  2970  3018 I LibreCastControl: LibreCastControl_init() Socket Initialized
04-09 11:22:02.353  2970  3018 E LibreCastControl: PULSAR:CreateCastControlThread:18
04-09 11:22:02.353  2970  3018 E LibreCastControl: Create LibreCastLUCITimerThreadInit 
04-09 11:22:02.353  2970  3164 E LibreCastControl: PULSAR:Run:23
04-09 11:22:02.354  2970  3165 E LibreCastControl: Timer Sem Wait Start iCastPlayerstate = 0 
04-09 11:22:02.368  2690  2690 I sh      : [0408/225202.367965:INFO:cast_control_impl.cc(744)] CastControl has started running.
04-09 11:22:02.369  2690  2690 I sh      : [0408/225202.368830:INFO:cast_control_impl.cc(745)] Attempting to connect CastMessageService. socket=/tmp/cast-control
04-09 11:22:02.371  2970  3164 I LibreCastControlDelegate: OnCastStatus() +++ :0xaae91198:STARTING
04-09 11:22:02.371  2690  2690 I sh      : [0408/225202.371767:INFO:cast_control_socket.cc(64)] Successfully connected Cast Control Socket
04-09 11:22:02.371  2970  3164 E LibreCastControlDelegate: OnCastStatus:177
04-09 11:22:02.373  2970  3164 I LibreCastControl: LibreCastControl_SetCastName()  name 'Lyric Speaker Box 21f384' RequestId '1' pCastControl 0xf4b00728
04-09 11:22:02.373  2970  3164 I LibreCastControlDelegate: Active Applications -> 0
04-09 11:22:02.373  2970  3164 I LibreCastControlDelegate: Current Cast State '1' -> 'STARTING'
04-09 11:22:02.373  2970  3164 I LibreCastControlDelegate: OnCastStatus() ---
04-09 11:22:02.374  2690  2690 I sh      : [0408/225202.373878:INFO:cast_message_service_impl.cc(185)] Sending connect message!
04-09 11:22:02.378  3087  3087 I cast_shell: [3090:3141:INFO:metrics_recorder.cc(282)] Cast v2 action(socket_id=domain-socket@/tmp/cast-control.1): CastV2.Connection.Connect.In
04-09 11:22:02.379  3087  3087 I cast_shell: [3090:3090:INFO:resource_namespace_handler.cc(307)] Setting resource provider: sender_id=domain-socket@/tmp/cast-control.1:system-0
04-09 11:22:02.379  2690  2690 I sh      : [0408/225202.379574:INFO:cast_message_service_impl.cc(1007)] CastMessageServiceImpl matched versions
04-09 11:22:02.608  2731  2745 I WifiUtil: get p2p0 channel 6 (2437MHz)
04-09 11:22:02.608  2731  2745 I HotspotManager: start hostapd at channel=6 SSID=<SSID omitted> hidden_ssid=0
04-09 11:22:02.621  3087  3087 I cast_shell: [3090:3140:INFO:metrics_recorder.cc(282)] cast event: Cast.Discovery.Mdns.SocketCreated
04-09 11:22:02.621  3087  3087 I cast_shell: [3090:3140:INFO:mdns_app_filter.cc(1254)] Created mDNS socket for interface:name=p2p1, address=192.168.2.1, index=7
04-09 11:22:02.621  3087  3087 I cast_shell: [3090:3140:INFO:metrics_recorder.cc(282)] cast event: Cast.Discovery.Mdns.SocketCreated
04-09 11:22:02.621  3087  3087 I cast_shell: [3090:3140:INFO:mdns_app_filter.cc(1254)] Created mDNS socket for interface:name=usb0, address=192.168.10.1, index=9
04-09 11:22:02.621  3087  3087 I cast_shell: [3090:3140:INFO:mdns_app_filter.cc(977)] MdnsAppFilter is starting.
04-09 11:22:02.621  3087  3087 I cast_shell: [3090:3140:INFO:metrics_recorder.cc(282)] cast event: Cast.Discovery.Mdns.ResponderStarted
04-09 11:22:02.621  3087  3087 I cast_shell: [3090:3140:INFO:discovered_service_client.cc(78)] Primary interface for service discovery has changed: ifindex=9
04-09 11:22:02.621  3087  3087 I cast_shell: [3090:3130:INFO:gatt_client_manager_impl.cc(202)] Enabling GATT client connectability
04-09 11:22:02.660  2970  3164 I LibreCastControlDelegate: Active Applications -> 0
04-09 11:22:02.660  2970  3164 I LibreCastControlDelegate: Current Cast State '2' -> 'NOT_SETUP'
04-09 11:22:02.660  2970  3164 I LibreCastControlDelegate: OnCastStatus() ---
04-09 11:22:02.661  2970  3164 I LibreCastControlDelegate: OnCastStatus() +++ Lyric Speaker Box 21f384:0xaae91198:NOT_SETUP
04-09 11:22:02.661  2970  3164 I LibreCastControlDelegate: Device Build Number -> '1.52.272222'
04-09 11:22:02.661  2970  3164 I librecast: updateCastBuildVersion() Version 1.52.272222
04-09 11:22:02.661  2711  2711 I lucitransport: readRemoteMessage() MID char = 7 buffer = 1.52.272222
04-09 11:22:02.661  2970  3164 I LibreCastControlDelegate: Active Applications -> 0
04-09 11:22:02.661  2970  3164 I LibreCastControlDelegate: Current Cast State '2' -> 'NOT_SETUP'
04-09 11:22:02.690  2970  3164 I LibreCastControl: LibreCastControl_RequestGVAStatus() RequestId '5' pCastControl 0xf4b00728
04-09 11:22:02.691  2690  2690 I sh      : [0408/225202.690449:INFO:cast_message_service_impl.cc(1076)] CastMessageServiceImpl is ready
04-09 11:22:02.691  3087  3087 I cast_shell: [3090:3090:INFO:assistant_namespace_handler.cc(144)] Added a status listening peer for assistant namespace: domain-socket@/tmp/cast-control.1:system-0
04-09 11:22:02.692  2970  3164 I LibreCastControlDelegate: OnResponse() ReqeustID 5, error  0
04-09 11:22:03.392  3087  3087 I cast_shell: [3090:3090:INFO:crypto_manager.cc(278)] Public key: MIIBCgKCAQEAovnA8YCyHqaQeF+NZpKDhB7uzC4sdPSyYNF5vf8kBQdwNNeRkohpfjICfDrrekiz8mapzaG5DPRe00ITv7YDri7EaRbPliyto31tGNkuTxKMrCCjVTyfuk0XoYVGW0NkjFWkv29jN9CzscnuddVvjVyABj9iphTYVI/OL9lxr8RjURYkFeeWNSLdUEZHGQ+kvJGX5e5Q4q4skavlED1THaj2ZYw1e8ZEM8DRI4hMZMMRfgzBo0LWi8/LHQ+6OLbMn5NmztAAGtQssjfdaEKv4RBdyC+bEbe8/Xux5HdQpYYVsx9vRzg5FwiGL6iUafl+uA0KzhfikrEy+SfNERyx5QIDAQAB
04-09 11:22:03.392  3087  3087 I cast_shell: [3090:3090:INFO:crypto_manager.cc(289)] Public modulus: ovnA8YCyHqaQeF-NZpKDhB7uzC4sdPSyYNF5vf8kBQdwNNeRkohpfjICfDrrekiz8mapzaG5DPRe00ITv7YDri7EaRbPliyto31tGNkuTxKMrCCjVTyfuk0XoYVGW0NkjFWkv29jN9CzscnuddVvjVyABj9iphTYVI_OL9lxr8RjURYkFeeWNSLdUEZHGQ-kvJGX5e5Q4q4skavlED1THaj2ZYw1e8ZEM8DRI4hMZMMRfgzBo0LWi8_LHQ-6OLbMn5NmztAAGtQssjfdaEKv4RBdyC-bEbe8_Xux5HdQpYYVsx9vRzg5FwiGL6iUafl-uA0KzhfikrEy-SfNERyx5Q
04-09 11:22:03.392  3087  3087 I cast_shell: [3090:3090:INFO:crypto_manager.cc(294)] Public exponent: AQAB
04-09 11:22:03.444  3087  3087 I cast_shell: [3090:3142:INFO:multizone_manager.cc(1889)] Initial discovery complete
04-09 11:22:03.445  3087  3087 I cast_shell: [3090:3140:INFO:mdns_app_filter.cc(1605)] Re-probing due to newly registered service '3': _googlezone
04-09 11:22:03.445  3087  3087 I cast_shell: [3090:3090:INFO:mdns_manager_impl.cc(311)] Successfully registered service: type=_googlezone
04-09 11:22:03.512  2969  2979 D wac-main: Netlink event
04-09 11:22:03.513  2969  2979 E wac-main: Netlink event 16 Interface Index 6 
04-09 11:22:03.513  2969  2979 E wac-main: p2p0 event Link Changed : 1002 
