04-09 11:08:15.409     0     0 I         : [    1.438640@2] Registered setend emulation handler
04-09 11:08:15.409     0     0 I         : [    1.439187@2] disable EAS feature
04-09 11:08:15.409     0     0 I         : [    1.440215@2] registered taskstats version 1
04-09 11:08:15.409     0     0 W         : [    1.449838@2] dwc3 ff500000.dwc3: Configuration mismatch. dr_mode forced to host
04-09 11:08:15.409     0     0 I         : [    1.954521@2] xhci-hcd xhci-hcd.0.auto: xHCI Host Controller
04-09 11:08:15.409     0     0 I         : [    1.954583@2] xhci-hcd xhci-hcd.0.auto: new USB bus registered, assigned bus number 1
04-09 11:08:15.409     0     0 I         : [    1.955910@2] xhci-hcd xhci-hcd.0.auto: hcc params 0x0220f664 hci version 0x100 quirks 0x02010010
04-09 11:08:15.409     0     0 I         : [    1.956335@2] xhci-hcd xhci-hcd.0.auto: irq 27, io mem 0xff500000
04-09 11:08:15.409     0     0 I         : [    1.957883@1] hub 1-0:1.0: USB hub found
04-09 11:08:15.409     0     0 I         : [    1.957952@1] hub 1-0:1.0: 1 port detected
04-09 11:08:15.409     0     0 I         : [    1.958469@1] xhci-hcd xhci-hcd.0.auto: xHCI Host Controller
04-09 11:08:15.409     0     0 I         : [    1.958707@1] xhci-hcd xhci-hcd.0.auto: new USB bus registered, assigned bus number 2
04-09 11:08:15.409     0     0 I         : [    1.959579@1] usb usb2: We don't know the algorithms for LPM for this host, disabling LPM.
04-09 11:08:15.409     0     0 I         : [    1.961079@2] hub 2-0:1.0: USB hub found
04-09 11:08:15.409     0     0 E         : [    1.961142@2] hub 2-0:1.0: config failed, hub doesn't have any ports! (err -19)
04-09 11:08:15.409     0     0 E         : [    1.961747@2] usb usb2: Unsupported the hub
04-09 11:08:15.409     0     0 I         : [    1.962510@2] aml_vrtc rtc: setting system clock to 2022-04-09 05:38:12 UTC (1649482692)
04-09 11:08:15.409     0     0 D         : [    1.963352@2] dwc_otg ff400000.dwc2_a: dwc_otg_driver_probe(ffffffc01d694c00)
04-09 11:08:15.409     0     0 W [    1.963399@2] dwc_otg: usb0: type: 2 speed: 0, config: 0, dma: 0, id: 0, phy: ffe09000, ctrl: 0
04-09 11:08:15.409     0     0 D         : [    1.963742@2] dwc_otg ff400000.dwc2_a: base=0xffffff8008a40000
04-09 11:08:15.409     0     0 D         : [    1.963748@2] dwc_otg ff400000.dwc2_a: dwc_otg_device=0xffffffc01c10ce00
04-09 11:08:15.409     0     0 W [    2.064026@2] dwc_otg: Core Release: 3.10a
04-09 11:08:15.409     0     0 W [    2.064067@2] dwc_otg: Setting default values for core params
04-09 11:08:15.409     0     0 W [    2.064477@2] dwc_otg: curmode: 0, host_only: 0
04-09 11:08:15.409     0     0 D         : [    2.064933@2] dwc_otg ff400000.dwc2_a: DMA config: BURST_DEFAULT
04-09 11:08:15.409     0     0 W [    2.077241@2] dwc_otg: Using Buffer DMA mode
04-09 11:08:15.409     0     0 W [    2.077265@2] dwc_otg: OTG VER PARAM: 1, OTG VER FLAG: 1
04-09 11:08:15.409     0     0 W [    2.077643@2] dwc_otg: Working on port type = SLAVE
04-09 11:08:15.409     0     0 W [    2.078128@2] dwc_otg: Dedicated Tx FIFOs mode
04-09 11:08:15.409     0     0 I [    2.080612@2] input: adc_keypad as /devices/platform/adc_keypad/input/input1
04-09 11:08:15.409     0     0 I         : [    2.082388@1] cpucore_cooling_register, max_cpu_core_num:4
04-09 11:08:15.409     0     0 I [    2.088796@1] gxbb_pm: enter meson_pm_probe!
04-09 11:08:15.409     0     0 I         : [    2.088835@1] no vddio3v3_en pin
04-09 11:08:15.409     0     0 E         : [    2.089002@1] pm-meson aml_pm: Can't get switch_clk81
04-09 11:08:15.409     0     0 I [    2.089523@1] gxbb_pm: meson_pm_probe done
04-09 11:08:15.409     0     0 I         : [    2.090258@1] ALSA device list:
04-09 11:08:15.409     0     0 I [    2.090284@1]   #0: AML-AUGESOUND
04-09 11:08:15.409     0     0 I         : [    2.090781@1] meson_uart ff804000.serial: ttyS3 use xtal(8M) 24000000 change 115200 to 115200
04-09 11:08:15.409     0     0 I         : [    2.096682@1] Freeing unused kernel memory: 6080K
04-09 11:08:15.409     0     0 I [    2.311767@0] ubi0: attaching mtd6
04-09 11:08:15.409     0     0 I [    2.521800@0] ubi0: scanning is finished
04-09 11:08:15.409     0     0 I [    2.525658@3] ubi0: attached mtd6 (name "system", size 100 MiB)
04-09 11:08:15.409     0     0 I [    2.525977@3] ubi0: PEB size: 262144 bytes (256 KiB), LEB size: 253952 bytes
04-09 11:08:15.409     0     0 I [    2.532992@3] ubi0: min./max. I/O unit sizes: 4096/4096, sub-page size 4096
04-09 11:08:15.409     0     0 I [    2.539874@3] ubi0: VID header offset: 4096 (aligned 4096), data offset: 8192
04-09 11:08:15.409     0     0 I [    2.546938@3] ubi0: good PEBs: 400, bad PEBs: 0, corrupted PEBs: 0
04-09 11:08:15.409     0     0 I [    2.553065@3] ubi0: user volume: 1, internal volumes: 1, max. volumes count: 128
04-09 11:08:15.409     0     0 I [    2.560394@3] ubi0: max/mean erase counter: 37/25, WL threshold: 4096, image sequence number: 736763309
04-09 11:08:15.409     0     0 I [    2.569712@3] ubi0: available PEBs: 0, total reserved PEBs: 400, PEBs reserved for bad PEB handling: 40
04-09 11:08:15.409     0     0 I [    2.579045@1] ubi0: background thread "ubi_bgt0d" started, PID 2141
04-09 11:08:15.409     0     0 I         : [    2.584836@2] UBIFS (ubi0:0): background thread "ubifs_bgt0_0" started, PID 2144
04-09 11:08:15.409     0     0 I         : [    2.627774@0] UBIFS (ubi0:0): UBIFS: mounted UBI device 0, volume 0, name "rootfs"
04-09 11:08:15.409     0     0 I         : [    2.629702@0] UBIFS (ubi0:0): LEB size: 253952 bytes (248 KiB), min./max. I/O unit sizes: 4096 bytes/4096 bytes
04-09 11:08:15.409     0     0 I         : [    2.639739@0] UBIFS (ubi0:0): FS size: 87867392 bytes (83 MiB, 346 LEBs), journal size 9404416 bytes (8 MiB, 38 LEBs)
04-09 11:08:15.409     0     0 I         : [    2.650233@0] UBIFS (ubi0:0): reserved for root: 0 bytes (0 KiB)
04-09 11:08:15.409     0     0 I         : [    2.656185@0] UBIFS (ubi0:0): media format: w4/r0 (latest is w4/r0), UUID DC99A6D8-69BA-4DD7-9E44-726260A6E747, small LPT model
04-09 11:08:15.409     0     0 I [    2.907645@0] init: property init
04-09 11:08:15.409     0     0 I [    2.908379@0] init: reading config file
04-09 11:08:15.409     0     0 I [    2.915100@0] init: processing action 0xaacf1808 (boot_start)
04-09 11:08:15.409     0     0 I [    2.922925@0] init: command 'boot_start' r=0
04-09 11:08:15.409     0     0 I [    2.923972@0] init: processing action 0xaaced6b0 (early-init)
04-09 11:08:15.409     0     0 I [    2.928668@0] init: starting 'ueventd'
04-09 11:08:15.409     0     0 I [    2.931980@0] init: command 'start' r=0
04-09 11:08:15.409     0     0 I [    2.934891@0] init: command 'loglevel' r=0
04-09 11:08:15.409     0     0 I [    2.939748@0] init: command 'mount' r=0
04-09 11:08:15.409     0     0 I [    2.941255@3] init: starting ueventd
04-09 11:08:15.409     0     0 I [    2.942024@3] init: /sys/ rule /sys/devices/virtual/input/input* enable
04-09 11:08:15.409     0     0 I [    2.942034@3] init: /sys/ rule /sys/devices/virtual/input/input* poll_delay
04-09 11:08:15.409     0     0 I [    2.942043@3] init: /sys/ rule /sys/devices/virtual/usb_composite/* enable
04-09 11:08:15.409     0     0 I [    2.947589@3] init: adding platform device ffd0f0d0.watchdog
04-09 11:08:15.409     0     0 I [    2.948005@3] init: adding platform device reg-dummy
04-09 11:08:15.409     0     0 I [    2.948662@3] init: adding platform device cpu_iomap
04-09 11:08:15.410     0     0 I [    2.948952@3] init: adding platform device 7400000.ramoops
04-09 11:08:15.410     0     0 I [    2.949228@3] init: adding platform device bt-dev
04-09 11:08:15.410     0     0 I [    2.949853@3] init: adding platform device dummy
04-09 11:08:15.410     0     0 I [    2.997394@0] init: command 'mount' r=0
04-09 11:08:15.410     0     0 I [    3.200968@2] ubi1: attaching mtd7
04-09 11:08:15.410     0     0 I [    3.494785@2] ubi1: scanning is finished
04-09 11:08:15.410     0     0 I [    3.499340@0] ubi1: attached mtd7 (name "chrome", size 140 MiB)
04-09 11:08:15.410     0     0 I [    3.499627@0] ubi1: PEB size: 262144 bytes (256 KiB), LEB size: 253952 bytes
04-09 11:08:15.410     0     0 I [    3.506635@0] ubi1: min./max. I/O unit sizes: 4096/4096, sub-page size 4096
04-09 11:08:15.410     0     0 I [    3.513523@0] ubi1: VID header offset: 4096 (aligned 4096), data offset: 8192
04-09 11:08:15.410     0     0 I [    3.520588@0] ubi1: good PEBs: 560, bad PEBs: 0, corrupted PEBs: 0
04-09 11:08:15.410     0     0 I [    3.526716@0] ubi1: user volume: 1, internal volumes: 1, max. volumes count: 128
04-09 11:08:15.410     0     0 I [    3.534044@0] ubi1: max/mean erase counter: 34/25, WL threshold: 4096, image sequence number: 1458511589
04-09 11:08:15.410     0     0 I [    3.543448@0] ubi1: available PEBs: 0, total reserved PEBs: 560, PEBs reserved for bad PEB handling: 40
04-09 11:08:15.410     0     0 I [    3.552771@1] ubi1: background thread "ubi_bgt1d" started, PID 2553
04-09 11:08:15.410     0     0 I         : [    3.567330@2] UBIFS (ubi1:0): background thread "ubifs_bgt1_0" started, PID 2557
04-09 11:08:15.410     0     0 I         : [    3.594133@3] UBIFS (ubi1:0): recovery needed
04-09 11:08:15.410     0     0 I         : [    3.642233@3] UBIFS (ubi1:0): recovery completed
04-09 11:08:15.410     0     0 I         : [    3.642427@3] UBIFS (ubi1:0): UBIFS: mounted UBI device 1, volume 0, name "chrome"
04-09 11:08:15.410     0     0 I         : [    3.648752@3] UBIFS (ubi1:0): LEB size: 253952 bytes (248 KiB), min./max. I/O unit sizes: 4096 bytes/4096 bytes
04-09 11:08:15.410     0     0 I         : [    3.658747@3] UBIFS (ubi1:0): FS size: 128499712 bytes (122 MiB, 506 LEBs), journal size 9404416 bytes (8 MiB, 38 LEBs)
04-09 11:08:15.410     0     0 I         : [    3.669440@3] UBIFS (ubi1:0): reserved for root: 0 bytes (0 KiB)
04-09 11:08:15.410     0     0 I         : [    3.675393@3] UBIFS (ubi1:0): media format: w4/r0 (latest is w4/r0), UUID 3D7B4A1D-6849-462E-B889-C151DCC94211, small LPT model
04-09 11:08:15.410     0     0 I [    3.718578@0] ubi2: attaching mtd8
04-09 11:08:15.410     0     0 I         : [    3.885124@0]  NAND bbt detect factory Bad block at 17a40000
04-09 11:08:15.410     0     0 I         : [    3.896748@0]  NAND bbt detect factory Bad block at 18000000
04-09 11:08:15.410     0     0 I         : [    3.896811@0]  NAND bbt detect factory Bad block at 18040000
04-09 11:08:15.410     0     0 I [    4.169890@0] ubi2: scanning is finished
04-09 11:08:15.410     0     0 I [    4.174638@1] ubi2: attached mtd8 (name "data", size 213 MiB)
04-09 11:08:15.410     0     0 I [    4.174757@1] ubi2: PEB size: 262144 bytes (256 KiB), LEB size: 253952 bytes
04-09 11:08:15.410     0     0 I [    4.181877@1] ubi2: min./max. I/O unit sizes: 4096/4096, sub-page size 4096
04-09 11:08:15.410     0     0 I [    4.188655@1] ubi2: VID header offset: 4096 (aligned 4096), data offset: 8192
04-09 11:08:15.410     0     0 I [    4.195719@1] ubi2: good PEBs: 849, bad PEBs: 3, corrupted PEBs: 0
04-09 11:08:15.410     0     0 I [    4.201846@1] ubi2: user volume: 2, internal volumes: 1, max. volumes count: 128
04-09 11:08:15.410     0     0 I [    4.209175@1] ubi2: max/mean erase counter: 65/45, WL threshold: 4096, image sequence number: 1018457084
04-09 11:08:15.410     0     0 I [    4.218644@1] ubi2: available PEBs: 0, total reserved PEBs: 849, PEBs reserved for bad PEB handling: 37
04-09 11:08:15.410     0     0 I [    4.227905@0] ubi2: background thread "ubi_bgt2d" started, PID 2565
04-09 11:08:15.410     0     0 I         : [    4.241854@1] UBIFS (ubi2:0): background thread "ubifs_bgt2_0" started, PID 2568
04-09 11:08:15.410     0     0 I         : [    4.268403@2] UBIFS (ubi2:0): recovery needed
04-09 11:08:15.410     0     0 I         : [    4.337082@3] UBIFS (ubi2:0): recovery completed
04-09 11:08:15.410     0     0 I         : [    4.337234@3] UBIFS (ubi2:0): UBIFS: mounted UBI device 2, volume 0, name "factory"
04-09 11:08:15.410     0     0 I         : [    4.343684@3] UBIFS (ubi2:0): LEB size: 253952 bytes (248 KiB), min./max. I/O unit sizes: 4096 bytes/4096 bytes
04-09 11:08:15.410     0     0 I         : [    4.353681@3] UBIFS (ubi2:0): FS size: 10158080 bytes (9 MiB, 40 LEBs), journal size 2285569 bytes (2 MiB, 9 LEBs)
04-09 11:08:15.410     0     0 I         : [    4.363941@3] UBIFS (ubi2:0): reserved for root: 0 bytes (0 KiB)
04-09 11:08:15.410     0     0 I         : [    4.369894@3] UBIFS (ubi2:0): media format: w4/r0 (latest is w4/r0), UUID AD7DC8BC-6ACA-4841-8B12-7A54B54F57E7, small LPT model
04-09 11:08:15.410     0     0 I         : [    4.393528@1] UBIFS (ubi2:1): background thread "ubifs_bgt2_1" started, PID 2571
04-09 11:08:15.410     0     0 I         : [    4.419419@0] UBIFS (ubi2:1): recovery needed
04-09 11:08:15.410     0     0 I         : [    4.521798@3] UBIFS (ubi2:1): recovery completed
04-09 11:08:15.410     0     0 I         : [    4.521956@3] UBIFS (ubi2:1): UBIFS: mounted UBI device 2, volume 1, name "data"
04-09 11:08:15.410     0     0 I         : [    4.528139@3] UBIFS (ubi2:1): LEB size: 253952 bytes (248 KiB), min./max. I/O unit sizes: 4096 bytes/4096 bytes
04-09 11:08:15.410     0     0 I         : [    4.538134@3] UBIFS (ubi2:1): FS size: 189956096 bytes (181 MiB, 748 LEBs), journal size 9404416 bytes (8 MiB, 38 LEBs)
04-09 11:08:15.410     0     0 I         : [    4.548827@3] UBIFS (ubi2:1): reserved for root: 0 bytes (0 KiB)
04-09 11:08:15.410     0     0 I         : [    4.554780@3] UBIFS (ubi2:1): media format: w4/r0 (latest is w4/r0), UUID 34A475AE-5814-4337-8EB7-8868427E3B0E, small LPT model
04-09 11:08:15.410     0     0 I         : [    4.792641@0] aml_wifi wifi: [usb_power_control] Set WiFi power down
04-09 11:08:15.410     0     0 I [    4.793370@0] meson-mmc: [sdio_notify] finish
04-09 11:08:15.410     0     0 I         : [    4.797721@0] aml_wifi wifi: [wifi_power_ioctl] ioctl Set sdio wifi power down!
04-09 11:08:15.410     0     0 I         : [    4.801273@2] UBIFS (ubi0:0): background thread "ubifs_bgt0_0" stops
04-09 11:08:16.486  2584  2584 E         : found the match wifi is: sd8887
04-09 11:08:16.486  2584  2584 E         : wifi_insmod command:insmod /lib/modules/4.9.113/kernel/mrvl/mlan8887.ko 
--------- beginning of system
04-09 11:08:16.517  2603  2603 I wpa_supplicant: Successfully initialized wpa_supplicant
04-09 11:08:16.546  2603  2603 E wpa_supplicant: Could not read interface wlan0 flags: No such device
04-09 11:08:16.549  2603  2603 I wpa_supplicant: nl80211: Driver does not support authentication/association or connect commands
04-09 11:08:16.551  2603  2603 I wpa_supplicant: nl80211: deinit ifname=wlan0 disabled_11b_rates=0
04-09 11:08:16.552  2603  2603 E wpa_supplicant: Could not read interface wlan0 flags: No such device
04-09 11:08:16.553  2603  2603 E wpa_supplicant: wlan0: Failed to initialize driver interface
04-09 11:08:16.646  2584  2584 E         : wifi_insmod command:insmod /lib/modules/4.9.113/kernel/mrvl/sd8xxx.ko cal_data_cfg=mrvl/WlanCalData_ext_LS9x_291119.conf txpwrlimit_cfg=mrvl/txpwrlimit_cfg_8887.bin fw_name=mrvl/sd8887_wlan_a2_p59.bin cfg80211_wext=0xf host_mlme=1 auto_ds=2 fw_serial=1 sta_name="wlan" uap_name="p2p" ps_mode=2 max_uap_bss=2 drvdbg=0x7 reg_alpha2="00"
04-09 11:08:17.790  2584  2584 E         : Load BT driver
04-09 11:08:17.790  2584  2584 E         : found the match wifi is: (null)
04-09 11:08:17.790  2584  2584 E         : wifi_insmod command:insmod /lib/modules/4.9.113/kernel/mrvl/bt8xxx.ko fw_name=mrvl/sd8887_bt_a2_p59.bin bt_fw_serial=0
04-09 11:08:17.905  2688  2688 W sshd    : Failed loading /etc/dropbear/dropbear_rsa_host_key
04-09 11:08:17.905  2688  2688 W sshd    : Failed loading /etc/dropbear/dropbear_dss_host_key
04-09 11:08:17.905  2688  2688 W sshd    : Failed loading /etc/dropbear/dropbear_ecdsa_host_key
04-09 11:08:17.909  2688  2688 I sshd    : Not backgrounding
04-09 11:08:17.938  2696  2696 E writeSerialNo: Writing serial number to unifykey
04-09 11:08:17.965  2690  2690 I sh      : FACTEST:unifykey read success:20 20
04-09 11:08:17.965  2690  2690 I sh      : inbuf=de4f95ffa64d5e74b026  ret=20 serial.txt=de4f95ffa64d5e74b026 bytesread=20 strcmp=0
04-09 11:08:17.987  2694  2694 I ServiceManager: Waiting for service libre.EnvItems...
04-09 11:08:18.003  2697  2697 I ENV     : init 
04-09 11:08:18.004  2697  2697 I ENV     :  First boot 
04-09 11:08:18.004  2697  2697 E ENV     : fileExists:153 /lsync/env/env.db does not exist
04-09 11:08:18.010  2697  2697 D AVS_SDK :  [  1] I sdkVersion: 1.19.1
04-09 11:08:18.010  2697  2697 E ENV     :  FAILED to open:/lsync/env/tmp.db 
04-09 11:08:18.011  2697  2697 I ENV     : removeItem:79:/lsync/env/tmp.db not found
04-09 11:08:18.012  2697  2697 E ENV     : /lsync/env/env.db does not Exist.. tempStorage = 0
04-09 11:08:18.012  2697  2697 I ENV     : createUserDBFromFactoryCfg 
04-09 11:08:18.019  2697  2697 I ENV     : Using /factory/custom/factoryEnv.conf as conf file
04-09 11:08:18.019  2697  2697 I ENV     : removeItem:79:/lsync/env/env.db not found
04-09 11:08:18.019  2697  2697 E ENV     : Error removing /lsync/env/env.db
04-09 11:08:18.083  2697  2697 E ENV     : createUserDBFromFactoryCfg:307: tempStorage is undefined
04-09 11:08:18.083  2697  2697 I ENV     : Using /factory/custom/factoryEnv.conf and /lsync/env/env.db as conf and db file
04-09 11:08:18.083  2697  2697 I ENV     : init 
04-09 11:08:18.083  2697  2697 I ENV     :  First boot 
04-09 11:08:18.083  2697  2697 I ENV     : fileExists:151 /lsync/env/env.db exists
04-09 11:08:18.086  2697  2697 I ENV     : Copied /lsync/env/env.db to /lsync/env/tmp.db
04-09 11:08:18.086  2697  2697 E ENV     : /lsync/env/env.db does not Exist.. tempStorage = ab8a6db0
04-09 11:08:18.086  2697  2697 I ENV     : createUserDBFromFactoryCfg 
04-09 11:08:18.088  2697  2697 I ENV     : Using /factory/custom/factoryEnv.conf as conf file
04-09 11:08:18.089  2697  2697 I ENV     : removeItem:74:/lsync/env/env.db removed
04-09 11:08:18.089  2697  2697 I ENV     : Removed /lsync/env/env.db
04-09 11:08:18.103  2697  2697 E ENV     : createUserDBFromFactoryCfg:301: Failed at tempStorage->get_changed
04-09 11:08:18.499  2697  2697 I chatty  : uid=0(root) env_service identical 64 lines
04-09 11:08:18.505  2697  2697 E ENV     : createUserDBFromFactoryCfg:301: Failed at tempStorage->get_changed
04-09 11:08:18.507  2697  2697 E AVS_SDK :  [  1] E SQLiteStatement:SQLiteStatement::stepFailed::Executing the select did not generate a row or complete.:result=19
04-09 11:08:18.507  2697  2697 E AVS_SDK :  [  1] E SQLiteStatement:SQLiteStatement::finalizeFailed::Could release the prepared statement.:rcode=19
04-09 11:08:18.507  2697  2697 E ENV     : createUserDBFromFactoryCfg:286: Failed at m_miscStorage->put
04-09 11:08:18.513  2697  2697 E ENV     : createUserDBFromFactoryCfg:301: Failed at tempStorage->get_changed
04-09 11:08:18.697  2697  2697 I chatty  : uid=0(root) env_service identical 29 lines
04-09 11:08:18.704  2697  2697 E ENV     : createUserDBFromFactoryCfg:301: Failed at tempStorage->get_changed
04-09 11:08:18.704  2697  2697 I ENV     : Using /factory/custom/factoryEnv.conf and /lsync/env/env.db as conf and db file
04-09 11:08:18.705  2697  2697 I ENV     : fileExists:151 /lsync/env/env_bk.db exists
04-09 11:08:18.706  2697  2697 I ENV     : fileExists:151 /factory/custom/factoryEnv_bk.conf exists
04-09 11:08:18.706  2697  2697 I ENV     : removeItem:74:/lsync/env/tmp.db removed
04-09 11:08:20.953  2709  2709 I wpa_supplicant: Successfully initialized wpa_supplicant
04-09 11:08:20.964  2709  2709 I wpa_supplicant: rfkill: Cannot open RFKILL control device
04-09 11:08:20.991  2712  2712 I main_sourceswitch: ServiceManager: 0xab202f88
04-09 11:08:20.995  2712  2712 E luci_helper: LUCIHelper: Waiting for Module Init
04-09 11:08:20.996  2712  2712 E luci_helper: LUCIHelper: Waiting for Module Init
04-09 11:08:20.997  2711  2711 E LUCI_FACTORY: LUCIFactory::registerBuiltinFactories
04-09 11:08:21.003  2711  2711 E LUCI_SERVER: IP = 0
04-09 11:08:21.039  2710  2710 E luci_helper: LUCIHelper: Waiting for Module Init
04-09 11:08:21.040  2710  2710 E luci_helper: LUCIHelper: Waiting for Module Init
04-09 11:08:21.040  2710  2710 E yani_server: YaniServer FAILED TO GET LuciHelper
04-09 11:08:21.054  2690  2690 I sh      : Simple mixer control 'Master',0
04-09 11:08:21.054  2690  2690 I sh      :   Capabilities: volume pswitch pswitch-joined
04-09 11:08:21.054  2690  2690 I sh      :   Playback channels: Front Left - Front Right
04-09 11:08:21.054  2690  2690 I sh      :   Capture channels: Front Left - Front Right
04-09 11:08:21.054  2690  2690 I sh      :   Limits: 0 - 100
04-09 11:08:21.083  2690  2690 I sh      :   Front Left: 30 [30%] [-10.45dB] Playback [on]
04-09 11:08:21.083  2690  2690 I sh      :   Front Right: 30 [30%] [-10.45dB] Playback [on]
04-09 11:08:21.087  2711  2711 E luciUART: bufff write ? = 1 
04-09 11:08:21.089  2711  2711 E luciUART: tcsetattr succeed
04-09 11:08:21.090  2711  2720 E LUCI_SERVER: Luci Server Thread waiting for packets....
04-09 11:08:21.091  2709  2709 I wpa_supplicant: MPM: Debug Dialog Token initialized 1783259577 (0x6a4a61b9)
04-09 11:08:21.098  2709  2709 I wpa_supplicant: wlan0: CTRL-EVENT-REGDOM-CHANGE init=USER type=COUNTRY alpha2=US
04-09 11:08:21.171  2708  2708 I         : [0408/223821.171186:INFO:cast_auth_check.cc(163)] Cast auth test is successful.
04-09 11:08:21.516  2710  2722 E yani_kernel: Interface status 0
04-09 11:08:21.524  2710  2722 I yani_kernel: set_device_name() Interface 'wlan0' MAC Address 'cc:90:93:21:f3:84' FriendlyName 'Lyric Speaker Box 21f384' status '0'
04-09 11:08:21.525  2710  2722 I yani_server: First boot after Factory reset! Friendly Name modified Lyric Speaker Box  -> Lyric Speaker Box 21f384
04-09 11:08:21.531  2711  2711 I lucitransport: writeRemoteMessage() MID = 90 buffer = Lyric Speaker Box 21f384
04-09 11:08:21.531  2711  2711 I luciUART: write() MID = 90  bytes = 34 data = Lyric Speaker Box 21f384 m_fd = 0x5
04-09 11:08:21.531  2711  2711 I lucitransport: writeLocalMessage() MID = 90 buffer = Lyric Speaker Box 21f384
04-09 11:08:21.531  2711  2720 E LUCI_SERVER: Luci Server Thread wait over MID 90....
04-09 11:08:21.533  2710  2722 E yani_server: Device Supports CastSetup 1
04-09 11:08:21.533  2710  2722 I yani_kernel: yani_init_net() Success Netlink socket fd 6
04-09 11:08:21.541  2710  2722 E WifiHW  : wifi_start_supplicant
04-09 11:08:21.542  2710  2722 E WifiHW  : wifi_start_ctl.start : wpa_supplicant
04-09 11:08:21.560  2711  2720 E LUCI_SERVER: Luci Server Thread waiting for packets....
04-09 11:08:21.743  2710  2722 E WifiHW  : wifi_connect_to_supplicant : wlan0
04-09 11:08:21.743  2710  2722 E WifiHW  : wifi_connect_on_socket_path1 : wlan0
04-09 11:08:21.746  2710  2722 E yani_wifi: enable_disable_net_if() Failed SIOCGIFFLAGS for interface 'wlan1' enable '0'
04-09 11:08:21.751  2710  2722 I yani_wifi: configure_wifi() SSID '' security '' passphrase '********' Country 'US'
04-09 11:08:22.958  2690  2690 I sh      : LSDeviceService: not found
04-09 11:08:23.076  2731  2731 I NetMgr  : Net_Mgr starting
04-09 11:08:23.083  2735  2735 E dhcpcd  : eth0: interface not found or invalid
04-09 11:08:23.091  2731  2731 I HotspotManager: Default WiFi Interface : wlan0
04-09 11:08:23.095  2728  2728 E         :  Start MessageBox Handler 
04-09 11:08:23.095  2735  2735 D dhcpcd  : wlan0: adding address fe80::ce90:93ff:fe21:f384
04-09 11:08:23.103  2729  2729 E UIModeManager: UIModeManager Constructor ++
04-09 11:08:23.105  2731  2731 I NetworkMonitor: WiFi Interface : wlan0
04-09 11:08:23.105  2731  2731 I NetworkMonitor: Default WiFi Interface : wlan0
04-09 11:08:23.108  2731  2747 I NetworkMonitor: Start monitor thread
04-09 11:08:23.115  2728  2742 E MB_HANDLER: HOST present 1
04-09 11:08:23.119  2731  2747 E WifiUtil: command: "SCAN" failed: FAIL-BUSY
04-09 11:08:23.125  2728  2742 E MB_HANDLER:  REGISTERED YANI LISTENER IN MessageBoxHandler
04-09 11:08:23.126  2728  2742 E         : External Host present 1
04-09 11:08:23.126  2728  2742 E MB_HANDLER: REGISTERED ExternalSource IN MessageBoxHandler
04-09 11:08:23.129  2728  2742 E MB_HANDLER: Check Device Support ENV_CastSetup true ENV_GoogleCast_ID true 
04-09 11:08:23.130  2729  2729 I AirableUIHelper: AirableUIHelper Contructor 
04-09 11:08:23.133  2729  2729 E AirableUIHelper:  Airable ENV_AirableBaseURL_ID Envitem returned failed!!!
04-09 11:08:23.137  2729  2729 E AirableUIHelper:  Airable ENV_AirableSecret_ID Envitem returned failed!!!
04-09 11:08:23.137  2729  2729 E AirableUIHelper: Airable Secret =  
04-09 11:08:23.138  2711  2711 I lucitransport: readRemoteMessage() MID char = 43689 buffer = 1
04-09 11:08:23.139  2711  2711 I lucitransport: writeRemoteMessage() MID = 43690 buffer = ªªªªª
04-09 11:08:23.139  2711  2711 I luciUART: write() MID = 43690  bytes = 15 data = ªªªªª m_fd = 0x5
04-09 11:08:23.139  2728  2742 E MB_HANDLER: LUCI UART READY MSG!!
04-09 11:08:23.139  2728  2742 E MB_HANDLER: Set Default Network Status on Bootup 0#1,0#2,0#3,0#4,0!
04-09 11:08:23.139  2711  2711 I lucitransport: writeRemoteMessage() MID = 124 buffer = 0#1,0#2,0#3,0#4,0
04-09 11:08:23.140  2711  2711 I luciUART: write() MID = 124  bytes = 27 data = 0#1,0#2,0#3,0#4,0 m_fd = 0x5
04-09 11:08:23.140  2711  2711 I lucitransport: readRemoteMessage() MID char = 43689 buffer = 1
04-09 11:08:23.140  2711  2711 I lucitransport: readRemoteMessage() MID char = 38 buffer = (null)
04-09 11:08:23.144  2728  2742 E MB_HANDLER: connected_cnt =0
04-09 11:08:23.144  2711  2711 I lucitransport: writeRemoteMessage() MID = 35 buffer = 1
04-09 11:08:23.145  2728  2742 E MB_HANDLER: boot_after_factory : 1
04-09 11:08:23.146  2729  2729 I UIModeManager: RegisterModeControl Mode - PlayMode ModeControl - 0xacc5cc30
04-09 11:08:23.146  2729  2729 I ServiceManager: Waiting for service media.player...
04-09 11:08:23.148  2711  2719 E luciUART: UART:aa
04-09 11:08:23.148  2711  2719 E luciUART: UART:aa
04-09 11:08:23.148  2711  2719 E luciUART: UART:2
04-09 11:08:23.148  2711  2719 E luciUART: UART:0
04-09 11:08:23.148  2711  2719 E luciUART: UART:9
04-09 11:08:23.149  2711  2719 E luciUART: UART:0
04-09 11:08:23.149  2711  2719 E luciUART: UART:0
04-09 11:08:23.149  2728  2742 I MB_HANDLER: Env Details: LS-Host '1' Cast-Setup 'true'
04-09 11:08:23.149  2711  2719 E luciUART: UART:0
04-09 11:08:23.149  2728  2742 E MB_HANDLER: Message Handler Thread waiting for messages....
04-09 11:08:23.149  2711  2719 E luciUART: UART:0
04-09 11:08:23.149  2711  2719 E luciUART: UART:1
04-09 11:08:23.150  2711  2719 E luciUART: UART:aa
04-09 11:08:23.150  2711  2719 E luciUART: UART:1
04-09 11:08:23.150  2711  2719 E luciUART: UART:0
04-09 11:08:23.150  2711  2719 E luciUART: UART:7c
04-09 11:08:23.150  2711  2719 E luciUART: UART:0
04-09 11:08:23.150  2711  2719 I chatty  : uid=0(root) UARTLUCIControl identical 3 lines
04-09 11:08:23.150  2711  2719 E luciUART: UART:0
04-09 11:08:23.150  2711  2719 I luciUART: read() RemoteID = 43690 Command = 124 Type = 1 Status = 0 DataLen = 0
04-09 11:08:23.154  2711  2719 E luciUART: UART:aa
04-09 11:08:23.154  2711  2720 I luciUART: write() MID = 208  bytes = 21 data = MCUVersion: m_fd = 0x5
04-09 11:08:23.154  2711  2720 E LUCI_SERVER: NV_READ response= MCUVersion:
04-09 11:08:23.154  2711  2719 E luciUART: UART:2
04-09 11:08:23.154  2711  2720 E LUCI_SERVER: Luci Server Thread waiting for packets....
04-09 11:08:23.154  2711  2719 E luciUART: UART:0
04-09 11:08:23.154  2711  2719 E luciUART: UART:5b
04-09 11:08:23.154  2711  2719 E luciUART: UART:0
04-09 11:08:23.154  2711  2719 I chatty  : uid=0(root) UARTLUCIControl identical 2 lines
04-09 11:08:23.154  2711  2719 E luciUART: UART:0
04-09 11:08:23.160  2733  2758 I bt_osi_thread: run_thread: thread id 2758, thread name alarm_default_ca started
04-09 11:08:23.161  2711  2720 E WLANP2PIF: ioctl failed
04-09 11:08:23.161  2711  2720 E LUCI_SERVER: ** RSSI  = 255
04-09 11:08:23.161  2733  2759 I bt_osi_thread: run_thread: thread id 2759, thread name alarm_dispatcher started
04-09 11:08:23.161  2711  2720 I luciUART: write() MID = 151  bytes = 10 data =  m_fd = 0x5
04-09 11:08:23.161  2711  2720 E LUCI_SERVER: Luci Server Thread wait over MID 208....
04-09 11:08:23.161  2711  2720 E LUCI_SERVER: Got NV name : ssid
04-09 11:08:23.163  2711  2720 I luciUART: write() MID = 208  bytes = 15 data = ssid: m_fd = 0x5
04-09 11:08:23.163  2711  2720 E LUCI_SERVER: NV_READ response= ssid:
04-09 11:08:23.163  2711  2720 E LUCI_SERVER: Luci Server Thread waiting for packets....
04-09 11:08:23.163  2733  2755 I bt_btif_core: btif_init_bluetooth entered
04-09 11:08:23.164  2728  2742 E MB_HANDLER: MacAddress :CC:90:93:21:F3:84
04-09 11:08:23.164  2711  2711 I lucitransport: writeRemoteMessage() MID = 91 buffer = CC:90:93:21:F3:84
04-09 11:08:23.164  2711  2711 I luciUART: write() MID = 91  bytes = 27 data = CC:90:93:21:F3:84 m_fd = 0x5
04-09 11:08:23.165  2728  2742 E MB_HANDLER: Message Handler Thread waiting for messages....
04-09 11:08:23.167  2733  2755 I bt_stack_config: init attempt to load stack conf from /etc/bluetooth/bt_stack.conf
04-09 11:08:23.170  2733  2763 I bt_osi_thread: run_thread: thread id 2763, thread name bt_jni_workqueue started
04-09 11:08:23.170  2733  2755 I bt_btif_core: btif_init_bluetooth finished
04-09 11:08:23.170  2733  2755 I bt_stack_manager: event_init_stack finished
04-09 11:08:23.171  2733  2733 I bt_osi_wakelock: wakelock_set_os_callouts set to non-native
04-09 11:08:23.171  2733  2763 I bt_btif_core: run_message_loop entered
04-09 11:08:23.173  2733  2733 I bt_btif : get_profile_interface: id = gatt
04-09 11:08:23.176  2711  2719 E luciUART: UART:aa
04-09 11:08:23.176  2711  2719 E luciUART: UART:aa
04-09 11:08:23.176  2711  2719 E luciUART: UART:2
04-09 11:08:23.176  2711  2719 E luciUART: UART:0
04-09 11:08:23.176  2711  2719 E luciUART: UART:d0
04-09 11:08:23.176  2711  2719 E luciUART: UART:0
04-09 11:08:23.177  2711  2719 I chatty  : uid=0(root) UARTLUCIControl identical 2 lines
04-09 11:08:23.177  2711  2719 E luciUART: UART:0
04-09 11:08:23.177  2711  2719 E luciUART: UART:9
04-09 11:08:23.177  2733  2733 I bt_btif : get_profile_interface: id = a2dp
04-09 11:08:23.177  2711  2719 I luciUART: read() RemoteID = 43690 Command = 208 Type = 2 Status = 0 DataLen = 9
04-09 11:08:23.177  2711  2719 E luciUART: Error: full data not available yet! readBytes 0
04-09 11:08:23.177  2711  2719 I luciUART: Previous Packet read contd., 
04-09 11:08:23.177  2711  2719 E luciUART: UART:52
04-09 11:08:23.177  2711  2719 I luciUART: Previous Packet read contd., 
04-09 11:08:23.177  2711  2719 E luciUART: UART:45
04-09 11:08:23.177  2711  2719 I luciUART: Previous Packet read contd., 
04-09 11:08:23.179  2733  2733 I bt_btif : get_profile_interface: id = a2dp_sink
04-09 11:08:23.180  2711  2719 E luciUART: UART:13
04-09 11:08:23.180  2711  2719 I luciUART: read() RemoteID = 43690 Command = 208 Type = 2 Status = 0 DataLen = 19
04-09 11:08:23.180  2711  2719 E luciUART: Error: full data not available yet! readBytes 0
04-09 11:08:23.180  2711  2719 I luciUART: Previous Packet read contd., 
04-09 11:08:23.180  2711  2719 E luciUART: UART:52
04-09 11:08:23.180  2711  2719 I luciUART: Previous Packet read contd., 
04-09 11:08:23.180  2711  2719 E luciUART: UART:45
04-09 11:08:23.180  2711  2719 I luciUART: Previous Packet read contd., 
04-09 11:08:23.180  2711  2719 E luciUART: UART:41
04-09 11:08:23.181  2711  2711 I lucitransport: readRemoteMessage() MID char = 6 buffer = 1001
04-09 11:08:23.181  2711  2720 I luciUART: write() MID = 6  bytes = 10 data =  m_fd = 0x5
04-09 11:08:23.181  2711  2720 E LUCI_SERVER: Luci Server Thread wait over MID 208....
04-09 11:08:23.181  2711  2720 E LUCI_SERVER: Got NV name : fwdownload_xml
04-09 11:08:23.191  2728  2742 E MB_HANDLER: Message Handler Thread waiting for messages....
04-09 11:08:23.191  2711  2720 I luciUART: write() MID = 208  bytes = 67 data = fwdownload_xml:https://openotaengine.libreiotcloud.com/v1 m_fd = 0x5
04-09 11:08:23.191  2711  2720 E LUCI_SERVER: NV_READ response= fwdownload_xml:https://openotaengine.libreiotcloud.com/v1
04-09 11:08:23.191  2711  2720 E LUCI_SERVER: Luci Server Thread waiting for packets....
04-09 11:08:23.195  2733  2767 I bt_osi_thread: run_thread: thread id 2767, thread name btif_a2dp_sink_w started
04-09 11:08:23.200  2733  2733 D a2dp_codec: init
04-09 11:08:23.205  2733  2733 D a2dp_codec: createCodec: codec SBC
04-09 11:08:23.207  2733  2733 D a2dp_codec: createCodec: codec AAC
04-09 11:08:23.208  2733  2733 D a2dp_codec: createCodec: codec aptX
04-09 11:08:23.209  2733  2733 E a2dp_vendor_aptx_encoder: A2DP_VendorLoadEncoderAptx: cannot open aptX encoder library libaptX_encoder.so: libaptX_encoder.so: cannot open shared object file: No such file or directory
04-09 11:08:23.209  2733  2733 E a2dp_vendor_aptx: init: cannot load the encoder
04-09 11:08:23.209  2733  2733 D a2dp_codec: createCodec: codec aptX-HD
04-09 11:08:23.209  2733  2733 E a2dp_vendor_aptx_hd_encoder: A2DP_VendorLoadEncoderAptxHd: cannot open aptX-HD encoder library libaptXHD_encoder.so: libaptXHD_encoder.so: cannot open shared object file: No such file or directory
04-09 11:08:23.209  2733  2733 E a2dp_vendor_aptx_hd: init: cannot load the encoder
04-09 11:08:23.210  2733  2733 D a2dp_codec: createCodec: codec LDAC
04-09 11:08:23.211  2733  2733 E a2dp_vendor_ldac_encoder: A2DP_VendorLoadEncoderLdac: cannot open LDAC encoder library libldacBT_enc.so: libldacBT_enc.so: cannot open shared object file: No such file or directory
04-09 11:08:23.211  2733  2733 E a2dp_vendor_ldac: init: cannot load the encoder
04-09 11:08:23.211  2733  2733 I bt_btif : get_profile_interface: id = avrcp
04-09 11:08:23.212  2733  2763 E bt_btif : btif_sm_dispatch : Invalid handle
04-09 11:08:23.212  2733  2733 I bt_btif : get_profile_interface: id = avrcp_ctrl
04-09 11:08:23.213  2733  2733 I bt_btif : get_profile_interface: id = hidhost
04-09 11:08:23.220  2731  2748 E CommandListener: Message not handled: unrecognized interface usb0
04-09 11:08:23.220  2731  2748 W FrameworkListener: Handler 'Iface' error (Success)
04-09 11:08:23.222  2731  2748 E CommandListener: Message not handled: unrecognized interface usb0
04-09 11:08:23.222  2731  2748 W FrameworkListener: Handler 'Iface' error (Success)
04-09 11:08:23.230  2733  2733 I bluetoothtbd: [0408/223823.230918:INFO:daemon.cc(168)] Daemon initialized
04-09 11:08:23.231  2733  2733 I bt_btif : enable: start restricted = 0
04-09 11:08:23.232  2731  2748 E CommandListener: Message not handled: unrecognized interface usb0
04-09 11:08:23.232  2731  2748 W FrameworkListener: Handler 'Iface' error (Success)
04-09 11:08:23.232  2731  2748 E CommandListener: Message not handled: unrecognized interface usb0
04-09 11:08:23.232  2731  2748 W FrameworkListener: Handler 'Iface' error (Success)
04-09 11:08:23.232  2731  2748 E CommandListener: Message not handled: unrecognized interface usb0
04-09 11:08:23.232  2731  2748 W FrameworkListener: Handler 'Iface' error (Success)
04-09 11:08:23.232  2733  2755 I bt_stack_manager: event_start_up_stack is bringing up the stack
04-09 11:08:23.232  2733  2755 I bt_core_module: module_start_up Starting module "btif_config_module"
04-09 11:08:23.232  2733  2755 I bt_core_module: module_start_up Started module "btif_config_module"
04-09 11:08:23.235  2733  2778 I bluetoothtbd: [0408/223823.235636:INFO:hci_layer_linux.cc(172)] hci_initialize
04-09 11:08:23.235  2733  2778 I bluetoothtbd: [0408/223823.235779:INFO:hci_layer_linux.cc(184)] Using interface hci0
04-09 11:08:23.235  2733  2778 I bluetoothtbd: [0408/223823.235853:INFO:hci_layer_linux.cc(378)] rfkill
04-09 11:08:23.269  2735  2735 D dhcpcd  : no interfaces have a carrier
04-09 11:08:23.270  2735  2735 D dhcpcd  : wlan0: waiting for carrier
04-09 11:08:23.284  2786  2786 I dnsmasq : started, version 2.51 cachesize 150
04-09 11:08:23.284  2786  2786 I dnsmasq : compile time options: no-IPv6 GNU-getopt no-DBus no-I18N DHCP no-scripts no-TFTP
04-09 11:08:23.284  2786  2786 I dnsmasq : DHCP, IP range 192.168.10.3 -- 192.168.10.10, lease time 12h
04-09 11:08:23.285  2786  2786 I dnsmasq : reading /etc/resolv.conf
04-09 11:08:23.285  2786  2786 I dnsmasq : using nameserver 8.8.8.8#53
04-09 11:08:23.285  2786  2786 I dnsmasq : read /etc/hosts - 1 addresses
04-09 11:08:23.648  2733  2778 I bluetoothtbd: [0408/223823.648468:INFO:hci_layer_linux.cc(295)] wait_hcidev
04-09 11:08:23.648  2733  2778 I bluetoothtbd: [0408/223823.648778:INFO:hci_layer_linux.cc(332)] Do poll() with timeout of 3000ms
04-09 11:08:23.650  2733  2778 I bluetoothtbd: [0408/223823.650327:INFO:hci_layer_linux.cc(228)] HCI device ready
04-09 11:08:23.650  2733  2778 I bt_hci  : event_finish_startup
04-09 11:08:23.650  2733  2755 I bt_core_module: module_start_up Started module "hci_module"
04-09 11:08:23.652  2733  2810 I bt_osi_thread: run_thread: thread id 2810, thread name bt_workqueue started
04-09 11:08:23.652  2733  2810 I bluetoothtbd: [0408/223823.652820:INFO:btu_task.cc(107)] Bluetooth chip preload is complete
04-09 11:08:23.659  2733  2810 I         : No vendor HCI socket available. Won't create SocketWriter.
04-09 11:08:23.668  2733  2810 I bluetoothtbd: [0408/223823.667665:INFO:gatt_api.cc(1005)] GATT_Register
04-09 11:08:23.669  2733  2810 I bluetoothtbd: [0408/223823.669414:INFO:gatt_api.cc(1028)] allocated gatt_if=1
04-09 11:08:23.671  2733  2810 I bluetoothtbd: [0408/223823.671001:INFO:gatt_api.cc(207)] GATTS_AddService
04-09 11:08:23.672  2733  2810 I bluetoothtbd: [0408/223823.672049:INFO:gatt_api.cc(317)] GATTS_AddService: service parsed correctly, now starting
04-09 11:08:23.673  2733  2810 E bluetoothtbd: [0408/223823.672957:ERROR:gatt_attr.cc(302)] gatt_profile_db_init:  gatt_if=1
04-09 11:08:23.680  2733  2810 I bluetoothtbd: [0408/223823.680064:INFO:gatt_api.cc(1005)] GATT_Register
04-09 11:08:23.680  2733  2810 I bluetoothtbd: [0408/223823.680217:INFO:gatt_api.cc(1028)] allocated gatt_if=2
04-09 11:08:23.680  2733  2810 I bluetoothtbd: [0408/223823.680267:INFO:gatt_api.cc(207)] GATTS_AddService
04-09 11:08:23.680  2733  2810 I bluetoothtbd: [0408/223823.680351:INFO:gatt_api.cc(317)] GATTS_AddService: service parsed correctly, now starting
04-09 11:08:23.684  2733  2811 I bt_osi_thread: run_thread: thread id 2811, thread name btu message loop started
04-09 11:08:23.748  2733  2813 I bt_osi_thread: run_thread: thread id 2813, thread name module_wrapper started
04-09 11:08:23.749  2733  2813 I bt_core_module: module_start_up Starting module "controller_module"
04-09 11:08:23.754  2710  2722 I yani_server: ifindexeth0 0 ifindexwlan0 5 ifindexp2p0 6 ifindexwlan1 0
04-09 11:08:23.755  2710  2722 I yani_server: NetLink Event '-1' Interface-Index '5' WLAN '0' Ethernet '-1' Parsed-iFill '-1' -> 'INVALID' ifIndex '1' -> 'lo'
04-09 11:08:23.755  2710  2722 I yani_kernel: yani_geteventfrom_changeaddr() Message-Id '1' Netlink event '16' Interface Index '5' -> Name 'wlan0' 
04-09 11:08:23.756  2710  2722 I yani_kernel: yani_geteventfrom_changeaddr() Message-Id '1' Netlink event '16' Interface Index '9' -> Name 'usb0' 
04-09 11:08:23.757  2710  2722 I yani_kernel: yani_geteventfrom_changeaddr() Message-Id '1' Netlink event '16' Interface Index '9' -> Name 'usb0' 
04-09 11:08:23.758  2710  2722 I yani_kernel: yani_geteventfrom_changeaddr() Message-Id '1' Netlink event '20' Interface Index '9' -> Name 'usb0' 
04-09 11:08:23.759  2710  2722 I yani_kernel: yani_geteventfrom_changeaddr() Message-Id '1' Netlink event '16' Interface Index '9' -> Name 'usb0' 
04-09 11:08:23.760  2710  2722 I yani_kernel: yani_geteventfrom_changeaddr() Message-Id '1' Netlink event '21' Interface Index '9' -> Name 'usb0' 
04-09 11:08:23.761  2710  2722 I yani_kernel: yani_geteventfrom_changeaddr() Message-Id '1' Netlink event '20' Interface Index '9' -> Name 'usb0' 
04-09 11:08:23.762  2710  2722 I yani_kernel: yani_geteventfrom_changeaddr() Message-Id '1' Netlink event '16' Interface Index '9' -> Name 'usb0' 
04-09 11:08:23.914  2733  2813 I bt_core_module: module_start_up Started module "controller_module"
04-09 11:08:23.914  2733  2813 W bt_osi_thread: run_thread: thread id 2813, thread name module_wrapper exited
04-09 11:08:23.917  2733  2810 W bt_btm  : btm_decode_ext_features_page: feature page 1 ignored
04-09 11:08:23.917  2733  2810 W bt_btm  : btm_decode_ext_features_page: feature page 2 ignored
04-09 11:08:23.918  2733  2811 I bt_btm_sec: BTM_SecRegister p_cb_info->p_le_callback == 0x0xf6ca2b99
04-09 11:08:23.919  2733  2811 I bt_btm_sec: BTM_SecRegister btm_cb.api.p_le_callback = 0x0xf6ca2b99 
04-09 11:08:23.921  2733  2811 I bluetoothtbd: [0408/223823.921545:INFO:ble_advertiser_hci_interface.cc(736)] Legacy advertising will be in use
04-09 11:08:23.924  2733  2811 I bluetoothtbd: [0408/223823.924085:INFO:gatt_api.cc(1005)] GATT_Register
04-09 11:08:23.924  2733  2811 I bluetoothtbd: [0408/223823.924260:INFO:gatt_api.cc(1028)] allocated gatt_if=3
04-09 11:08:23.940  2733  2811 I bt_bta_av: AVRCP version used for sdp: "avrcp14"
04-09 11:08:23.944  2733  2763 E bt_btif_storage: btif_storage_get_adapter_property: Controller ready!
04-09 11:08:23.944  2733  2763 I bt_btif_storage: btif_storage_get_adapter_property service_mask:0x40000
04-09 11:08:23.945  2733  2763 I bluetoothtbd: [0408/223823.945270:INFO:adapter.cc(551)] Adapter properties changed
04-09 11:08:23.945  2733  2763 I bluetoothtbd: [0408/223823.945376:INFO:adapter.cc(564)] Adapter address changed: CC:90:93:21:F3:85
04-09 11:08:23.945  2733  2763 I bluetoothtbd: [0408/223823.945417:INFO:adapter.cc(573)] Adapter name changed
04-09 11:08:23.946  2733  2763 I bt_btif_core: btif_enable_bluetooth_evt entered: status 0
04-09 11:08:23.946  2733  2763 W bt_btif : btif_enable_bluetooth_evt: Saving the Adapter Address
04-09 11:08:23.946  2733  2763 I bluetoothtbd: [0408/223823.946172:INFO:adapter.cc(551)] Adapter properties changed
04-09 11:08:23.946  2733  2763 I bluetoothtbd: [0408/223823.946224:INFO:adapter.cc(564)] Adapter address changed: CC:90:93:21:F3:85
04-09 11:08:23.946  2733  2763 D bt_hci  : do_postload posting postload work item
04-09 11:08:23.950  2733  2854 I bt_osi_thread: run_thread: thread id 2854, thread name btif_sock started
04-09 11:08:23.953  2733  2763 D bt_bte_conf: Device ID record 1 : primary
04-09 11:08:24.147  2729  2729 I ServiceManager: Waiting for service media.player...
04-09 11:08:24.253  2710  2722 I yani_kernel: yani_geteventfrom_changeaddr() Message-Id '1' Netlink event '16' Interface Index '9' -> Name 'usb0' 
04-09 11:08:24.253  2731  2748 E CommandListener: Message not handled: unrecognized interface usb0
04-09 11:08:24.253  2731  2748 W FrameworkListener: Handler 'Iface' error (Success)
04-09 11:08:25.120  2731  2747 E WifiUtil: command: "SCAN" failed: FAIL-BUSY
04-09 11:08:25.147  2729  2729 I ServiceManager: Waiting for service media.player...
04-09 11:08:25.437  2731  2748 E CommandListener: Message not handled: unrecognized interface usb0
04-09 11:08:25.437  2731  2748 W FrameworkListener: Handler 'Iface' error (Success)
04-09 11:08:25.465  2710  2722 I yani_server: NetLink Event '-1' Interface-Index '5' WLAN '-1' Ethernet '-1' Parsed-iFill '-1' -> 'INVALID' ifIndex '1' -> 'lo'
04-09 11:08:25.466  2710  2722 I yani_server: NetLink Event '-1' Interface-Index '5' WLAN '0' Ethernet '-1' Parsed-iFill '-1' -> 'INVALID' ifIndex '1' -> 'lo'
04-09 11:08:25.492  2710  2722 I chatty  : uid=0(root) YaniServer identical 42 lines
04-09 11:08:25.493  2710  2722 I yani_server: NetLink Event '-1' Interface-Index '5' WLAN '0' Ethernet '-1' Parsed-iFill '-1' -> 'INVALID' ifIndex '1' -> 'lo'
04-09 11:08:25.493  2710  2722 I yani_kernel: yani_geteventfrom_changeaddr() Message-Id '1' Netlink event '16' Interface Index '5' -> Name 'wlan0' 
04-09 11:08:25.494  2710  2722 I yani_kernel: yani_geteventfrom_changeaddr() Message-Id '1' Netlink event '16' Interface Index '5' -> Name 'wlan0' 
04-09 11:08:25.998  2712  2712 I SourceSwitch: SourceSwitch() Host 1 initialized...
04-09 11:08:26.147  2729  2729 I ServiceManager: Waiting for service media.player...
04-09 11:08:26.223  2786  2786 I dnsmasq : DHCPDISCOVER(usb0) 02:fe:00:18:4b:cd 
04-09 11:08:26.223  2786  2786 I dnsmasq : DHCPOFFER(usb0) 192.168.10.3 02:fe:00:18:4b:cd 
04-09 11:08:26.224  2786  2786 I dnsmasq : DHCPDISCOVER(usb0) 02:fe:00:18:4b:cd 
04-09 11:08:26.224  2786  2786 I dnsmasq : DHCPOFFER(usb0) 192.168.10.3 02:fe:00:18:4b:cd 
04-09 11:08:26.227  2786  2786 I dnsmasq : DHCPREQUEST(usb0) 192.168.10.3 02:fe:00:18:4b:cd 
04-09 11:08:26.227  2786  2786 I dnsmasq : DHCPACK(usb0) 192.168.10.3 02:fe:00:18:4b:cd 
04-09 11:08:26.229  2786  2786 I dnsmasq : DHCPREQUEST(usb0) 192.168.10.3 02:fe:00:18:4b:cd 
04-09 11:08:26.229  2786  2786 I dnsmasq : DHCPACK(usb0) 192.168.10.3 02:fe:00:18:4b:cd 
04-09 11:08:26.960  2733  2763 E bt_osi_config: config_save unable to open dir '/data/misc/bluedroid': No such file or directory
04-09 11:08:27.122  2710  2722 I yani_server: NetLink Event '-1' Interface-Index '5' WLAN '-1' Ethernet '-1' Parsed-iFill '-1' -> 'INVALID' ifIndex '1' -> 'lo'
04-09 11:08:27.148  2729  2729 I ServiceManager: Waiting for service media.player...
04-09 11:08:28.064  2690  2690 I sh      : btaudioplayer: not found
04-09 11:08:28.151  2690  2690 I sh      : *** play mode control constructor end 
04-09 11:08:28.151  2729  2729 E BrowseModeControl: Read env failed
04-09 11:08:28.151  2729  2729 I UIModeManager: RegisterModeControl Mode - BrowseMode ModeControl - 0xacc5f830
04-09 11:08:28.152  2729  2729 E DefaultBrowser: m_ItemsCount = 7 
04-09 11:08:28.152  2729  2729 E SDCardBrowser: SDCARD Browser constructor mounting vfat first
04-09 11:08:28.153  2729  2729 E SDCardBrowser: 3 GOTOP  Sytem return value = -1
04-09 11:08:28.153  2729  2729 E SDCardBrowser: mounting vfat failed, try ntfs, return value = -1
04-09 11:08:28.155  2729  2729 I ServiceManager: Waiting for service media.player...
04-09 11:08:28.174  2690  2690 I sh      : /dev/block/sd*: No such file or directory
04-09 11:08:29.123  2965  2965 I wac-main: main() defaultServiceManager 0xab53ffa8 
04-09 11:08:29.124  2965  2965 I wac-main: Getinstance
04-09 11:08:29.126  2965  2965 I wac-main: WAC LUCI listener created
04-09 11:08:29.127  2965  2975 I wac-main: init_netlink_skt() Success Netlink socket fd 7
04-09 11:08:29.127  2965  2975 E wac-main: Enter poll and wait
04-09 11:08:29.128  2965  2965 E wac-main: send wac api : a5a0
04-09 11:08:29.128  2965  2965 I wac-main: OnStartup() WAC Triggered 'Success' after 1 attempt(s)
04-09 11:08:29.128  2965  2975 E wac-main: API event
04-09 11:08:29.128  2965  2975 E wac-main: msg : a5a0
04-09 11:08:29.128  2965  2975 E wac-main: msg : a5a0
04-09 11:08:29.148  2731  2747 I NetworkMonitor: Number of APs is 42
04-09 11:08:29.149  2731  2747 I NetworkMonitor: Number of APs with same essid 0
04-09 11:08:29.156  2729  2729 I ServiceManager: Waiting for service media.player...
04-09 11:08:29.165  2965  2975 E wac-main: Enter poll and wait
04-09 11:08:29.172  2965  2977 E wac-main: enter WACStartStopThread
04-09 11:08:29.172  2965  2977 E wac-main: WACStartStopThread() event -> 'wacstart' is WACServer? UP -> 'No' 
04-09 11:08:29.183  2711  2711 I lucitransport: readRemoteMessage() MID char = 90 buffer = Lyric Speaker Box 21f384
04-09 11:08:29.193  2965  2977 E WACSERVER: ************************************************
04-09 11:08:29.193  2965  2977 E WACSERVER: PLATFORM ATTRIBUTES:
04-09 11:08:29.193  2965  2977 E WACSERVER:     NAME.........: Lyric Speaker Box 21f384
04-09 11:08:29.193  2965  2977 E WACSERVER:     MODEL........: LSB
04-09 11:08:29.193  2965  2977 E WACSERVER:     MANUFACTURER.: COTODAMA
04-09 11:08:29.193  2965  2977 E WACSERVER:     FW REV.......: p0000
04-09 11:08:29.193  2965  2977 E WACSERVER:     HW REV.......: LS10 VP1.0
04-09 11:08:29.193  2965  2977 E WACSERVER:     SERIAL NUMBER: cc909321f384
04-09 11:08:29.193  2965  2977 E WACSERVER:     UNCONFIGURED.: YES
04-09 11:08:29.193  2965  2977 E WACSERVER: PLATFORM FEATURES:
04-09 11:08:29.193  2965  2977 E WACSERVER:     AIRPLAY.....: YES
04-09 11:08:29.195  2965  2977 E WACSERVER:     MAC ADDRESS: CC:90:93:21:F3:84
04-09 11:08:29.195  2965  2977 E WACSERVER: ************************************************
04-09 11:08:29.195  2965  2977 E wac-main: exit WACStartStopThread
04-09 11:08:29.196  2965  2980 E wac-main: WACCallback() message 0 -> 'Initializing'
04-09 11:08:29.198  2690  2690 I sh      : ***** START WEBSERVER ******
04-09 11:08:29.205  2690  2690 I sh      : mkdir failed for misc, File exists
04-09 11:08:29.207  2690  2690 I sh      : threadLoop entry.... 
04-09 11:08:29.207  2690  2690 I sh      : WebServerManager::InitWebServerManager ++ 
04-09 11:08:29.210  2711  2711 I lucitransport: writeRemoteMessage() MID = 143 buffer = 0
04-09 11:08:29.210  2711  2711 I luciUART: write() MID = 143  bytes = 11 data = 0 m_fd = 0x5
04-09 11:08:29.211  2690  2690 I sh      : WebServerManager::InitWebServerManager --
04-09 11:08:29.211  2711  2711 I lucitransport: writeLocalMessage() MID = 143 buffer = 0
04-09 11:08:29.211  2711  2720 E LUCI_SERVER: Luci Server Thread wait over MID 143....
04-09 11:08:29.211  2711  2720 E LUCI_SERVER: Luci Server Thread waiting for packets....
