04-09 10:07:15.647  2946  2957 E wac-main: Netlink event 20 Interface Index 6 
04-09 10:07:15.647  2946  2957 E wac-main: Enter poll and wait
04-09 10:07:15.648  2732  2743 I HotspotManager: start dnsmasq
04-09 10:07:15.652  3078  3078 I cast_shell: [3081:3119:INFO:ble_setup.cc(1106)] Cleared generated LAT.
04-09 10:07:15.653  3078  3078 I cast_shell: [3081:3119:WARNING:setup_manager_impl.cc(1136)] NAT not supported, no captive portal support.
04-09 10:07:15.653  3078  3078 I cast_shell: [3081:3119:INFO:setup_namespace_handler.cc(94)] Added a peer for setup namespace: domain-socket@/tmp/cast-control.1:system-0
04-09 10:07:15.656  2947  3159 I LibreCastControlDelegate: OnCastStatus() +++ LSB4843:0xab37f198:NOT_SETUP
04-09 10:07:15.656  2947  3159 I LibreCastControlDelegate: Device Build Number -> '1.52.272222'
04-09 10:07:15.666  2947  3159 I LibreCastControlDelegate: Active Applications -> 0
04-09 10:07:15.667  2947  3159 I LibreCastControlDelegate: Current Cast State '2' -> 'NOT_SETUP'
04-09 10:07:15.667  2947  3159 I LibreCastControlDelegate: OnCastStatus() ---
04-09 10:07:15.667  2711  2723 I yani_server: NetLink Event '6' Interface-Index '6' WLAN '-1' Ethernet '-1' Parsed-iFill '6' -> 'P2P0 CONNECTED' ifIndex '2' -> 'tunl0'
04-09 10:07:15.667  2688  2688 I sh      : [0408/213715.667310:INFO:cast_message_service_impl.cc(1037)] Received initial eureka info
04-09 10:07:15.670  2947  3159 I LibreCastControlDelegate: OnControlConnected()
04-09 10:07:15.670  2688  2688 I sh      : [0408/213715.669807:INFO:cast_message_service_impl.cc(1067)] Received initial receiver info
04-09 10:07:15.670  2688  2688 I sh      : [0408/213715.669924:INFO:cast_message_service_impl.cc(1073)] Sent PlatformSettingsRegister message
04-09 10:07:15.692  2947  3159 I LibreCastControl: LibreCastControl_RequestGVAStatus() RequestId '4' pCastControl 0xf4e00728
04-09 10:07:15.693  2688  2688 I sh      : [0408/213715.692128:INFO:cast_message_service_impl.cc(1076)] CastMessageServiceImpl is ready
04-09 10:07:15.693  3078  3078 I cast_shell: [3081:3081:INFO:assistant_namespace_handler.cc(144)] Added a status listening peer for assistant namespace: domain-socket@/tmp/cast-control.1:system-0
04-09 10:07:15.694  2947  3159 I LibreCastControlDelegate: OnResponse() ReqeustID 4, error  0
04-09 10:07:16.458  3078  3078 I cast_shell: [3081:3132:INFO:multizone_manager.cc(1889)] Initial discovery complete
04-09 10:07:16.459  3078  3078 I cast_shell: [3081:3129:INFO:mdns_app_filter.cc(1605)] Re-probing due to newly registered service '3': _googlezone
04-09 10:07:16.459  3078  3078 I cast_shell: [3081:3081:INFO:mdns_manager_impl.cc(311)] Successfully registered service: type=_googlezone
04-09 10:07:16.518  2711  2723 I yani_server: doLotofWork() List of interface '4'
04-09 10:07:16.518  2711  2723 I yani_server: doLotofWork() Interface 'p2p0' ifr[0].ifr_name 'lo' ipaddress '127.0.0.1'
04-09 10:07:16.518  2711  2723 I yani_server: doLotofWork() Interface 'p2p0' ifr[1].ifr_name 'p2p0' ipaddress '192.168.255.249'
04-09 10:07:16.518  2711  2723 I yani_server: doLotofWork() returns 'REFILL WACMODE'
04-09 10:07:16.518  2711  2723 E yani_server: YANI: I am Done Wait For Event 
04-09 10:07:16.518  2711  2723 I yani_kernel: yani_geteventfrom_changeaddr() Message-Id '1' Netlink event '21' Interface Index '6' -> Name 'p2p0' 
04-09 10:07:16.519  2711  2813 I yani_server: onNetworkParametersChanged() WAC Mode '1'  Index '2' Interface 'p2p0' Status '1'
04-09 10:07:16.520  3164  3164 I dnsmasq : started, version 2.51 DNS disabled
04-09 10:07:16.520  3164  3164 I dnsmasq : compile time options: no-IPv6 GNU-getopt no-DBus no-I18N DHCP no-scripts no-TFTP
04-09 10:07:16.520  3164  3164 I dnsmasq : DHCP, IP range 192.168.255.250 -- 192.168.255.254, lease time 12h
04-09 10:07:16.521  2728  2738 I MB_HANDLER: YaniAlert() Interface '4' Status '1'
04-09 10:07:16.535  2946  2957 D wac-main: Netlink event
04-09 10:07:16.535  2946  2957 E wac-main: Netlink event 16 Interface Index 6 
04-09 10:07:16.535  2946  2957 E wac-main: p2p0 event Link Changed : 1002 
04-09 10:07:16.535  2946  2957 E wac-main: Enter poll and wait
04-09 10:07:16.536  2711  2723 I yani_server: NetLink Event '5' Interface-Index '6' WLAN '-1' Ethernet '-1' Parsed-iFill '5' -> 'P2P0 DISCONNECTED' ifIndex '2' -> 'tunl0'
04-09 10:07:16.540  2711  2723 E yani_server: YANI: I am Done Wait For Event 
04-09 10:07:16.540  2711  2723 I yani_kernel: yani_geteventfrom_changeaddr() Message-Id '1' Netlink event '20' Interface Index '6' -> Name 'p2p0' 
04-09 10:07:16.540  2711  2813 I yani_server: onNetworkParametersChanged() WAC Mode '0'  Index '2' Interface 'p2p0' Status '0'
04-09 10:07:16.542  2953  2967 I otamanager: YaniAlert() Interface 3 Status Down
04-09 10:07:16.542  2950  2990 I airplay-main: YaniAlert Interface 3 Status 0
04-09 10:07:16.542  3078  3078 I cast_shell: [3081:3129:INFO:mdns_util.cc(102)] Defaulting mDNS capabilities for audio-only build
04-09 10:07:16.542  3078  3078 I cast_shell: [3081:3081:INFO:mdns_manager_impl.cc(429)] Successfully updated service: type=_googlecast
04-09 10:07:16.542  3078  3078 I cast_shell: [3081:3081:INFO:virtual_device.cc(296)] Updated mDNS service for virtual device: id=785f3b92-6274-abf9-72bf-2568081df21f
04-09 10:07:16.542  3078  3078 I cast_shell: [3081:3129:INFO:mdns_util.cc(102)] Defaulting mDNS capabilities for audio-only build
04-09 10:07:16.542  3078  3078 I cast_shell: [3081:3081:INFO:mdns_manager_impl.cc(429)] Successfully updated service: type=_googlecast
04-09 10:07:16.542  3078  3078 I cast_shell: [3081:3081:INFO:virtual_device.cc(296)] Updated mDNS service for virtual device: id=785f3b92-6274-abf9-72bf-2568081df21f
04-09 10:07:16.544  2711  2723 I yani_server: NetLink Event '6' Interface-Index '6' WLAN '-1' Ethernet '-1' Parsed-iFill '6' -> 'P2P0 CONNECTED' ifIndex '2' -> 'tunl0'
04-09 10:07:16.549  2712  2720 E luciUART: UART:aa
04-09 10:07:16.549  2712  2720 E luciUART: UART:aa
04-09 10:07:16.549  2712  2720 E luciUART: UART:2
04-09 10:07:16.549  2712  2720 E luciUART: UART:0
04-09 10:07:16.549  2712  2720 E luciUART: UART:d0
04-09 10:07:16.549  2712  2720 E luciUART: UART:0
04-09 10:07:16.549  2712  2720 I chatty  : uid=0(root) UARTLUCIControl identical 2 lines
04-09 10:07:16.549  2712  2720 E luciUART: UART:0
04-09 10:07:16.549  2712  2720 E luciUART: UART:9
04-09 10:07:16.549  2712  2720 I luciUART: read() RemoteID = 43690 Command = 208 Type = 2 Status = 0 DataLen = 9
04-09 10:07:16.549  2712  2720 E luciUART: Error: full data not available yet! readBytes 0
04-09 10:07:16.549  2712  2720 I luciUART: Previous Packet read contd., 
04-09 10:07:16.549  2712  2720 E luciUART: UART:52
04-09 10:07:16.549  2712  2720 I luciUART: Previous Packet read contd., 
04-09 10:07:16.550  2712  2720 E luciUART: UART:45
04-09 10:07:16.550  2712  2720 I luciUART: Previous Packet read contd., 
04-09 10:07:16.550  2712  2720 E luciUART: UART:41
04-09 10:07:16.550  2712  2720 I luciUART: Previous Packet read contd., 
04-09 10:07:16.550  2712  2720 E luciUART: UART:44
04-09 10:07:16.550  2712  2720 I luciUART: Previous Packet read contd., 
04-09 10:07:16.550  2712  2720 E luciUART: UART:5f
04-09 10:07:16.550  2712  2720 I luciUART: Previous Packet read contd., 
04-09 10:07:16.550  2712  2720 E luciUART: UART:73
04-09 10:07:16.550  2712  2720 I luciUART: Previous Packet read contd., 
04-09 10:07:16.550  2712  2720 E luciUART: UART:73
04-09 10:07:16.550  2712  2720 I luciUART: Previous Packet read contd., 
04-09 10:07:16.550  2712  2720 E luciUART: UART:69
04-09 10:07:16.550  2712  2720 I luciUART: Previous Packet read contd., 
04-09 10:07:16.550  2712  2720 E luciUART: UART:64
04-09 10:07:16.550  2712  2721 E LUCI_SERVER: Luci Server Thread wait over MID 208....
04-09 10:07:16.550  2712  2721 E LUCI_SERVER: Got NV name : ssid
04-09 10:07:16.552  2712  2721 I luciUART: write() MID = 208  bytes = 15 data = ssid: m_fd = 0x5
04-09 10:07:16.552  2712  2721 E LUCI_SERVER: NV_READ response= ssid:
04-09 10:07:16.552  2712  2721 E LUCI_SERVER: Luci Server Thread waiting for packets....
04-09 10:07:16.559  3078  3078 I cast_shell: [3081:3081:INFO:crypto_manager.cc(278)] Public key: MIIBCgKCAQEAw4Bo/8/ZhMOY7jucyG5rZbKG5sHMj1dX4CxB/6KN4ibilj4n2dEqa3II8vbTfFV9I7DmEDFX6pU9wFt5pMSL1UnR+Ubac9kvnJa5G5Y97pyiwQe4oRqIp+0WcGyW7utNBl5uu1P0Xuc2nE2qQxl86ZoMUSL/mMkrOOscBKwHChdqakvvGhdIwZShU5SzxowDSjITjPBZjg+PvW07lMyofoOMZDlu0qgu2qp48Qqf7VF16sCi9f0geCgJF3w0ZypU2F05pCwC52X1k2oO89igfEUib+OCnFggrf2ulpzahuFUeyRZAE1erQBFZo71Yoh53fEygb5eifSEUsAhzJwYFQIDAQAB
04-09 10:07:16.559  3078  3078 I cast_shell: [3081:3081:INFO:crypto_manager.cc(289)] Public modulus: w4Bo_8_ZhMOY7jucyG5rZbKG5sHMj1dX4CxB_6KN4ibilj4n2dEqa3II8vbTfFV9I7DmEDFX6pU9wFt5pMSL1UnR-Ubac9kvnJa5G5Y97pyiwQe4oRqIp-0WcGyW7utNBl5uu1P0Xuc2nE2qQxl86ZoMUSL_mMkrOOscBKwHChdqakvvGhdIwZShU5SzxowDSjITjPBZjg-PvW07lMyofoOMZDlu0qgu2qp48Qqf7VF16sCi9f0geCgJF3w0ZypU2F05pCwC52X1k2oO89igfEUib-OCnFggrf2ulpzahuFUeyRZAE1erQBFZo71Yoh53fEygb5eifSEUsAhzJwYFQ
04-09 10:07:16.559  3078  3078 I cast_shell: [3081:3081:INFO:crypto_manager.cc(294)] Public exponent: AQAB
04-09 10:07:17.017  2946  2957 D wac-main: Netlink event
04-09 10:07:17.017  2946  2957 E wac-main: Netlink event 16 Interface Index 6 
04-09 10:07:17.017  2946  2957 E wac-main: p2p0 event Link Changed : 1003 
04-09 10:07:17.017  2946  2957 E wac-main: Enter poll and wait
04-09 10:07:17.019  3161  3161 I hostapd : p2p0: IEEE 802.11 channel=6 mode=ht bw=20 htcaps=0x177f vhtcaps=0x0 cf_seg0=0 cf_seg1=0
04-09 10:07:17.019  2732  2743 E WifiUtil: command: "SCAN" failed: FAIL-BUSY
04-09 10:07:17.019  2732  2743 W HotspotManager: hotspot already started
04-09 10:07:17.023  2711  2723 I yani_server: doLotofWork() List of interface '4'
04-09 10:07:17.023  2711  2723 I yani_server: doLotofWork() Interface 'p2p0' ifr[0].ifr_name 'lo' ipaddress '127.0.0.1'
04-09 10:07:17.023  2711  2723 I yani_server: doLotofWork() Interface 'p2p0' ifr[1].ifr_name 'p2p0' ipaddress '192.168.255.249'
04-09 10:07:17.023  2711  2723 I yani_server: doLotofWork() returns 'REFILL WACMODE'
04-09 10:07:17.023  2711  2723 E yani_server: YANI: I am Done Wait For Event 
04-09 10:07:17.024  2711  2813 I yani_server: onNetworkParametersChanged() WAC Mode '1'  Index '2' Interface 'p2p0' Status '1'
04-09 10:07:17.024  2728  2738 I MB_HANDLER: YaniAlert() Interface '4' Status '1'
04-09 10:07:17.026  2733  2762 I bluetoothtbd: [0408/213717.026078:INFO:adapter.cc(551)] Adapter properties changed
04-09 10:07:17.026  2733  2762 I bluetoothtbd: [0408/213717.026309:INFO:adapter.cc(573)] Adapter name changed
04-09 10:07:17.036  2712  2720 E luciUART: UART:aa
04-09 10:07:17.036  2712  2720 E luciUART: UART:aa
04-09 10:07:17.036  2947  3159 I LibreCastControl: LibreCastControl_SetMultizoneAudioOutputDelay() delay '80000' usecs RequestId '5' pCastControl 0xf4e00728
04-09 10:07:17.036  2712  2720 E luciUART: UART:2
04-09 10:07:17.036  2712  2720 E luciUART: UART:0
04-09 10:07:17.036  2947  3159 I LibreCastControlDelegate: MultizoneDelay request ID 5 with delay 80000 usecs
04-09 10:07:17.036  2947  3159 I LibreCastControlDelegate: OnCastStatus() ---
04-09 10:07:17.037  2712  2720 E luciUART: UART:d0
04-09 10:07:17.037  2712  2720 E luciUART: UART:0
04-09 10:07:17.043  2711  2723 I yani_kernel: yani_geteventfrom_changeaddr() Message-Id '1' Netlink event '16' Interface Index '6' -> Name 'p2p0' 
04-09 10:07:17.044  2712  2721 I luciUART: write() MID = 208  bytes = 15 data = ssid: m_fd = 0x5
04-09 10:07:17.044  2712  2721 E LUCI_SERVER: NV_READ response= ssid:
04-09 10:07:17.044  2712  2721 E LUCI_SERVER: Luci Server Thread waiting for packets....
04-09 10:07:17.047  2946  2957 I wifiapi : 'STATUS' command returned = 0
04-09 10:07:17.049  2947  3159 I LibreCastControlDelegate: OnCastStatus() +++ Lyric Speaker Box 21f384:0xab37f198:NOT_SETUP
04-09 10:07:17.049  2947  3159 I LibreCastControlDelegate: Device Build Number -> '1.52.272222'
04-09 10:07:17.049  2947  3159 I librecast: updateCastBuildVersion() Version 1.52.272222
04-09 10:07:17.049  2712  2719 I lucitransport: readRemoteMessage() MID char = 7 buffer = 1.52.272222
04-09 10:07:17.050  2946  2957 E wac-main: current wifi status : 10
04-09 10:07:17.063  2947  3159 I LibreCastControlDelegate: OnCastStatus() +++ Lyric Speaker Box 21f384:0xab37f198:NOT_SETUP
04-09 10:07:17.063  2947  3159 I LibreCastControlDelegate: Device Build Number -> '1.52.272222'
04-09 10:07:17.063  2947  3159 I librecast: updateCastBuildVersion() Version 1.52.272222
04-09 10:07:17.063  2712  2719 I lucitransport: readRemoteMessage() MID char = 7 buffer = 1.52.272222
04-09 10:07:17.064  2947  3159 I LibreCastControlDelegate: Active Applications -> 0
04-09 10:07:17.064  2947  3159 I LibreCastControlDelegate: Current Cast State '2' -> 'NOT_SETUP'
04-09 10:07:17.064  2947  3159 I LibreCastControlDelegate: OnCastStatus() ---
04-09 10:07:17.097  3078  3078 I cast_shell: [3081:3119:INFO:gatt_client_manager_impl.cc(202)] Enabling GATT client connectability
04-09 10:07:17.097  3078  3078 I cast_shell: [3081:3119:INFO:ble_setup.cc(915)] Sign related info completed, no future EurekaInfo need sign.
04-09 10:07:17.097  3078  3078 I cast_shell: [3081:3119:INFO:gatt_client_manager_impl.cc(202)] Enabling GATT client connectability
04-09 10:07:17.097  3078  3078 I chatty  : uid=1000(chrome) /bin/logwrapper identical 1 line
04-09 10:07:17.097  3078  3078 I cast_shell: [3081:3119:INFO:gatt_client_manager_impl.cc(202)] Enabling GATT client connectability
04-09 10:07:17.098  2733  2762 E bt_btif : BTA_GATTS_AddService: rcb_idx = 0
04-09 10:07:17.098  2733  2762 I bluetoothtbd: [0408/213717.098439:INFO:gatt_api.cc(207)] GATTS_AddService
04-09 10:07:17.098  2733  2762 I bluetoothtbd: [0408/213717.098808:INFO:gatt_api.cc(317)] GATTS_AddService: service parsed correctly, now starting
04-09 10:07:17.101  3078  3078 I cast_shell: [3081:3119:INFO:ble_setup_manager.cc(744)] Started Bluetooth service
04-09 10:07:18.017  3078  3078 I cast_shell: [3081:3089:ERROR:connectivity_checker_impl.cc(265)] Connectivity check failed: 400
04-09 10:07:18.418  3078  3078 I cast_shell: [3081:3129:INFO:mdns_app_filter.cc(1403)] MdnsAppFilter: Done probing.
04-09 10:07:19.024  3078  3078 I cast_shell: [3081:3089:ERROR:connectivity_checker_impl.cc(265)] Connectivity check failed: 400
04-09 10:07:19.239  3078  3078 I cast_shell: [3081:3089:INFO:parent_tracker.cc(291)] [PII](A892D9342BDBF6107108D3E84014A602) Become root
04-09 10:07:19.239  3078  3078 I cast_shell: [3081:3089:INFO:directory_service_impl.cc(200)] This device became root
04-09 10:07:19.421  3078  3078 I cast_shell: [3081:3081:INFO:grpc_service_discovery_impl.cc(185)] Mdns discovered google RPC for [PII](A892D9342BDBF6107108D3E84014A602).
04-09 10:07:20.031  3078  3078 I cast_shell: [3081:3089:ERROR:connectivity_checker_impl.cc(265)] Connectivity check failed: 400
04-09 10:07:20.050  2946  2957 E wac-main: Enter poll and wait
04-09 10:07:20.423  3078  3078 I cast_shell: [3081:3129:INFO:mdns_app_filter.cc(1526)] MdnsAppFilter: Done announcing.
04-09 10:07:21.037  3078  3078 I cast_shell: [3081:3089:ERROR:connectivity_checker_impl.cc(265)] Connectivity check failed: 400
04-09 10:07:24.056  3078  3078 I chatty  : uid=1000(chrome) /bin/logwrapper identical 3 lines
04-09 10:07:25.063  3078  3078 I cast_shell: [3081:3089:ERROR:connectivity_checker_impl.cc(265)] Connectivity check failed: 400
04-09 10:07:25.160  3078  3078 I cast_shell: [3081:3119:ERROR:setup_state.cc(424)] Timeout for state=SETUP_STATE_CHECKING_GLOBAL_CONNECTIVITY(50): move to state=SETUP_STATE_CHECKING_GLOBAL_CONNECTIVITY_BAD_ROUTER(52).
04-09 10:07:25.160  3078  3078 I cast_shell: [3081:3119:INFO:setup_state.cc(261)] Setup state changed: SETUP_STATE_CHECKING_GLOBAL_CONNECTIVITY (50) -> SETUP_STATE_CHECKING_GLOBAL_CONNECTIVITY_BAD_ROUTER (52)
04-09 10:07:25.165  2947  3159 I LibreCastControlDelegate: OnCastStatus() +++ Lyric Speaker Box 21f384:0xab37f198:NOT_SETUP
04-09 10:07:25.165  2947  3159 I LibreCastControlDelegate: Device Build Number -> '1.52.272222'
04-09 10:07:25.165  2947  3159 I librecast: updateCastBuildVersion() Version 1.52.272222
04-09 10:07:25.165  2712  2719 I lucitransport: readRemoteMessage() MID char = 7 buffer = 1.52.272222
04-09 10:07:25.165  2947  3159 I LibreCastControlDelegate: Active Applications -> 0
04-09 10:07:25.165  2947  3159 I LibreCastControlDelegate: Current Cast State '2' -> 'NOT_SETUP'
04-09 10:07:25.165  2947  3159 I LibreCastControlDelegate: OnCastStatus() ---
04-09 10:07:26.070  3078  3078 I cast_shell: [3081:3089:ERROR:connectivity_checker_impl.cc(265)] Connectivity check failed: 400
04-09 10:07:51.063  2732  2742 E NetworkMonitor: cannot find default IPv4 route for wlan0
04-09 10:07:51.063  2732  2742 E NetworkMonitor: cannot find default IPv6 route for wlan0
04-09 10:07:54.149  2732  2742 E NetworkMonitor: no response for /bin/ping -n -I wlan0 -c 10 -w 10 8.8.8.8
04-09 10:07:54.160  2732  2742 E NetworkMonitor: no response for /bin/ping6 -n -I wlan0 -c 10 -w 10 2001:4860:4860::8888
04-09 10:07:54.163  2732  2742 E NetworkMonitor: dns resolution failed
04-09 10:07:54.164  2732  2742 I NetworkMonitor: Cast.Wifi.Failure.Type 7
04-09 10:08:13.380  3078  3078 I chatty  : uid=1000(chrome) /bin/logwrapper identical 47 lines
04-09 10:08:14.386  3078  3078 I cast_shell: [3081:3089:ERROR:connectivity_checker_impl.cc(265)] Connectivity check failed: 400
04-09 10:08:14.762  3078  3078 I cast_shell: [3081:3081:INFO:grpc_manager_impl.cc(505)] GRPC[uri=[::]:0]: num_pending_calls=0, num_active_handlers=0, num_free_handlers=0
04-09 10:08:14.762  3078  3078 I cast_shell: [3081:3081:INFO:gcm_manager.cc(269)] Disabling GCM Driver
04-09 10:08:14.763  3078  3078 I cast_shell: [3081:3081:INFO:grpc_manager_impl.cc(505)] GRPC[uri=]: num_pending_calls=0, num_active_handlers=0, num_free_handlers=0
04-09 10:08:14.797  3078  3078 I cast_shell: [3081:3081:INFO:grpc_manager_impl.cc(505)] GRPC[uri=unix:/tmp/hcp_ipc_auth.socket]: num_pending_calls=0, num_active_handlers=10, num_free_handlers=0
04-09 10:08:14.802  3078  3078 I cast_shell: [3081:3081:INFO:grpc_manager_impl.cc(505)] GRPC[uri=unix:/tmp/modular_updater/modular_update_service]: num_pending_calls=0, num_active_handlers=0, num_free_handlers=0
04-09 10:08:14.824  3078  3078 I cast_shell: [3081:3081:INFO:metrics_recorder.cc(112)] Metrics stat: total=13
04-09 10:08:14.824  3078  3078 I cast_shell: Cast.Discovery.Mdns.ResponderStarted=2
04-09 10:08:14.824  3078  3078 I cast_shell: Cast.Discovery.Mdns.ResponderStopped=1
04-09 10:08:14.824  3078  3078 I cast_shell: Cast.Discovery.Mdns.SocketCreated=4
04-09 10:08:14.824  3078  3078 I cast_shell: Cast.Discovery.Mdns.SocketDestroyed=2
04-09 10:08:14.824  3078  3078 I cast_shell: Cast.System.Timezone.ChangeSuccessful=1
04-09 10:08:14.824  3078  3078 I cast_shell: CastV2.Connection.Connect.In=1
04-09 10:08:14.824  3078  3078 I cast_shell: CastV2.Receiver.DeviceStatus.Out=5
04-09 10:08:14.824  3078  3078 I cast_shell: CastV2.Receiver.DeviceStatus.Out.Broadcast=2
04-09 10:08:14.824  3078  3078 I cast_shell: CastV2.Receiver.GetStatus.In=1
04-09 10:08:14.824  3078  3078 I cast_shell: CastV2.Resource.Provider.In=1
04-09 10:08:14.973  3078  3078 I cast_shell: [3081:3081:INFO:metrics_recorder_impl.cc(672)] Activated server experiments: []
04-09 10:08:14.975  3078  3078 I cast_shell: [3081:3081:INFO:cast_logs_metrics_provider.cc(59)] netif is ipv4
04-09 10:08:14.975  3078  3078 I cast_shell: [3081:3081:ERROR:socket_posix.cc(148)] bind() failed: Address already in use (98)
04-09 10:08:14.975  3078  3078 I cast_shell: [3081:3081:INFO:net_util_impl.cc(1041)] Platform supports dual-stack
04-09 10:08:15.006  3078  3078 I cast_shell: [3081:3081:INFO:grpc_manager_impl.cc(505)] GRPC[uri=[::]:8012]: num_pending_calls=0, num_active_handlers=1, num_free_handlers=0
04-09 10:08:15.393  3078  3078 I cast_shell: [3081:3089:ERROR:connectivity_checker_impl.cc(265)] Connectivity check failed: 400
04-09 10:08:55.173  2732  2742 E NetworkMonitor: cannot find default IPv4 route for wlan0
04-09 10:08:55.174  2732  2742 E NetworkMonitor: cannot find default IPv6 route for wlan0
04-09 10:08:58.244  2732  2742 E NetworkMonitor: no response for /bin/ping -n -I wlan0 -c 10 -w 10 8.8.8.8
04-09 10:08:58.256  2732  2742 E NetworkMonitor: no response for /bin/ping6 -n -I wlan0 -c 10 -w 10 2001:4860:4860::8888
04-09 10:08:58.257  2732  2742 E NetworkMonitor: dns resolution failed
04-09 10:08:58.677  3078  3078 I chatty  : uid=1000(chrome) /bin/logwrapper identical 43 lines
04-09 10:08:59.683  3078  3078 I cast_shell: [3081:3089:ERROR:connectivity_checker_impl.cc(265)] Connectivity check failed: 400
04-09 10:08:59.729  2733  2811 I bt_btm_ble: btm_ble_conn_complete unable to match and resolve random address
04-09 10:08:59.731  2733  2811 W bt_smp  : smp_br_connect_callback is called on unexpected transport 2
04-09 10:08:59.731  2733  2811 W bt_btif : bta_dm_acl_change info: 0x0
04-09 10:08:59.732  2733  2762 I bluetoothtbd: [0408/213859.732226:INFO:gatt_server.cc(280)] Added connection entry for conn_id: 5 device address: 71:F3:18:66:23:7E
04-09 10:08:59.732  2733  2762 D bt_btif_dm: remote version info [71:f3:18:66:23:7e]: 0, 0, 0
04-09 10:08:59.732  2733  2762 I bluetoothtbd: [0408/213859.732739:INFO:adapter.cc(719)] ACL state changed: 71:F3:18:66:23:7E - connected: true
04-09 10:08:59.734  3078  3078 I cast_shell: [3081:3119:ERROR:bluetooth_v1_via_v2.cc(796)] Connection state changed. :7e true
04-09 10:09:00.273  2733  2762 D bt_btif_scanner: btif_gatts_upstreams_evt: Unhandled event (26)
04-09 10:09:00.690  3078  3078 I cast_shell: [3081:3089:ERROR:connectivity_checker_impl.cc(265)] Connectivity check failed: 400
04-09 10:09:00.865  2733  2811 E bluetoothtbd: [0408/213900.865062:ERROR:gatt_sr.cc(743)] MTU request PDU with MTU size 515
04-09 10:09:00.865  2733  2811 W bt_l2cap: l2cble_set_fixed_channel_tx_data_length, request not supported
04-09 10:09:00.866  2733  2811 W bluetoothtbd: [0408/213900.866018:WARNING:gatt_utils.cc(837)] Call back not found for application conn_id=3
04-09 10:09:00.866  2733  2811 W bluetoothtbd: [0408/213900.866115:WARNING:gatt_utils.cc(837)] Call back not found for application conn_id=4
04-09 10:09:00.866  2733  2811 W bluetoothtbd: [0408/213900.866200:WARNING:gatt_utils.cc(837)] Call back not found for application conn_id=6
04-09 10:09:00.913  3078  3078 I cast_shell: [3081:3119:INFO:ble_setup.cc(322)] Record action: Setup.set_eureka_info.BLE.Locale
04-09 10:09:00.913  3078  3078 I cast_shell: [3081:3119:INFO:locale_manager.cc(576)] New locale: en-US
04-09 10:09:00.922  3078  3078 I cast_shell: [3081:3119:INFO:setup_state.cc(544)] EurekaInfoCalled: wifi_state=3, is_usable_ip_address=1, connected=0, is_initial_setup=1
04-09 10:09:00.922  3078  3078 I cast_shell: [3081:3119:INFO:setup_state.cc(261)] Setup state changed: SETUP_STATE_CHECKING_GLOBAL_CONNECTIVITY_BAD_ROUTER (52) -> SETUP_STATE_DISCONNECTED_EXTERNAL_CLIENT_ACCESSED (11)
04-09 10:09:00.922  3078  3078 I cast_shell: [3081:3104:INFO:media_manager_impl.cc(383)] TurnActive result: 0
04-09 10:09:00.925  2947  3159 I LibreCastControlDelegate: OnCastStatus() +++ Lyric Speaker Box 21f384:0xab37f198:NOT_SETUP
04-09 10:09:00.925  2947  3159 I LibreCastControlDelegate: Device Build Number -> '1.52.272222'
04-09 10:09:00.925  2947  3159 I librecast: updateCastBuildVersion() Version 1.52.272222
04-09 10:09:00.925  2712  2719 I lucitransport: readRemoteMessage() MID char = 7 buffer = 1.52.272222
04-09 10:09:00.926  2947  3159 I LibreCastControlDelegate: Active Applications -> 0
04-09 10:09:00.926  2947  3159 I LibreCastControlDelegate: Current Cast State '2' -> 'NOT_SETUP'
04-09 10:09:00.926  2947  3159 I LibreCastControlDelegate: OnCastStatus() ---
04-09 10:09:00.927  2947  3159 I LibreCastControlDelegate: OnCastStatus() +++ Lyric Speaker Box 21f384:0xab37f198:NOT_SETUP
04-09 10:09:00.934  3078  3078 I cast_shell: [3081:3119:INFO:metrics_recorder.cc(282)] Record action: Setup.version.BLE
04-09 10:09:00.949  3078  3078 I cast_shell: [3081:3119:INFO:metrics_recorder.cc(282)] Record action: Setup.name_utf8.BLE
04-09 10:09:00.971  2733  2762 D bt_btif_scanner: btif_gatts_upstreams_evt: Unhandled event (26)
04-09 10:09:01.167  3078  3078 I cast_shell: [3081:3119:INFO:metrics_recorder.cc(282)] Record action: Setup.tos_accepted.BLE
04-09 10:09:01.264  3078  3078 I cast_shell: [3081:3119:INFO:metrics_recorder.cc(282)] Record action: Setup.state.BLE
04-09 10:09:01.362  3078  3078 I cast_shell: [3081:3119:INFO:metrics_recorder.cc(282)] Record action: Setup.ip_address.BLE
04-09 10:09:01.420  2733  2762 D bt_btif_scanner: btif_gatts_upstreams_evt: Unhandled event (26)
04-09 10:09:01.467  3078  3078 I cast_shell: [3081:3119:INFO:metrics_recorder.cc(282)] Record action: Setup.eureka_info_immutable_basic.BLE
04-09 10:09:01.512  3078  3078 I cast_shell: [3081:3119:INFO:metrics_recorder.cc(282)] Record action: Setup.eureka_info_mutable_reads.BLE
04-09 10:09:01.542  3078  3078 I cast_shell: [3081:3119:INFO:metrics_recorder.cc(282)] Record action: Setup.eureak_info_keys.BLE
04-09 10:09:01.662  3078  3078 I cast_shell: [3081:3119:INFO:metrics_recorder.cc(282)] Record action: Setup.eureka_info_immutable_basic.BLE
04-09 10:09:01.695  3078  3078 I cast_shell: [3081:3119:INFO:metrics_recorder.cc(282)] Record action: Setup.eureak_info_keys.BLE
04-09 10:09:01.697  3078  3078 I cast_shell: [3081:3089:ERROR:connectivity_checker_impl.cc(265)] Connectivity check failed: 400
04-09 10:09:01.767  3078  3078 I cast_shell: [3081:3119:INFO:metrics_recorder.cc(282)] Record action: Setup.eureak_info_keys.BLE
04-09 10:09:02.037  3078  3078 I chatty  : uid=1000(chrome) /bin/logwrapper identical 3 lines
04-09 10:09:02.127  3078  3078 I cast_shell: [3081:3119:INFO:metrics_recorder.cc(282)] Record action: Setup.eureak_info_keys.BLE
04-09 10:09:02.202  3078  3078 I cast_shell: [3081:3119:INFO:metrics_recorder.cc(282)] Record action: Setup.i8n_info.BLE
04-09 10:09:02.592  3078  3078 I chatty  : uid=1000(chrome) /bin/logwrapper identical 5 lines
04-09 10:09:02.667  3078  3078 I cast_shell: [3081:3119:INFO:metrics_recorder.cc(282)] Record action: Setup.i8n_info.BLE
04-09 10:09:02.704  3078  3078 I cast_shell: [3081:3089:ERROR:connectivity_checker_impl.cc(265)] Connectivity check failed: 400
04-09 10:09:02.712  3078  3078 I cast_shell: [3081:3119:INFO:ble_setup.cc(322)] Record action: Setup.set_eureka_info.BLE.CountryCode
04-09 10:09:02.712  3078  3078 I cast_shell: [3081:3119:INFO:locale_manager.cc(639)] New country code: IN
04-09 10:09:02.723  2711  2723 I yani_server: NetLink Event '-1' Interface-Index '5' WLAN '-1' Ethernet '-1' Parsed-iFill '-1' -> 'INVALID' ifIndex '1' -> 'lo'
04-09 10:09:03.419  2710  2710 I wpa_supplicant: wlan0: CTRL-EVENT-REGDOM-CHANGE init=USER type=COUNTRY alpha2=IN
04-09 10:09:03.422  2711  2723 I yani_server: NetLink Event '-1' Interface-Index '5' WLAN '0' Ethernet '-1' Parsed-iFill '-1' -> 'INVALID' ifIndex '1' -> 'lo'
04-09 10:09:03.621  2947  3159 I LibreCastControlDelegate: OnCastStatus() +++ Lyric Speaker Box 21f384:0xab37f198:NOT_SETUP
04-09 10:09:03.621  2947  3159 I LibreCastControlDelegate: Device Build Number -> '1.52.272222'
04-09 10:09:03.621  2947  3159 I librecast: updateCastBuildVersion() Version 1.52.272222
04-09 10:09:03.622  2712  2719 I lucitransport: readRemoteMessage() MID char = 7 buffer = 1.52.272222
04-09 10:09:03.622  2947  3159 I LibreCastControlDelegate: Active Applications -> 0
04-09 10:09:03.622  2947  3159 I LibreCastControlDelegate: Current Cast State '2' -> 'NOT_SETUP'
04-09 10:09:03.622  2947  3159 I LibreCastControlDelegate: OnCastStatus() ---
04-09 10:09:03.710  3078  3078 I cast_shell: [3081:3089:ERROR:connectivity_checker_impl.cc(265)] Connectivity check failed: 400
04-09 10:09:03.762  3078  3078 I cast_shell: [3081:3119:INFO:ble_setup.cc(322)] Record action: Setup.scan_wifi.BLE
04-09 10:09:03.763  3078  3078 I cast_shell: [3081:3119:WARNING:wifi_controller_wpa_supplicant.cc(797)] Wpa responses FAIL-BUSY, assuming it is associating, which will keep scan_results fresh.
04-09 10:09:04.717  3078  3078 I cast_shell: [3081:3089:ERROR:connectivity_checker_impl.cc(265)] Connectivity check failed: 400
04-09 10:09:06.730  3078  3078 I chatty  : uid=1000(chrome) /bin/logwrapper identical 2 lines
04-09 10:09:07.737  3078  3078 I cast_shell: [3081:3089:ERROR:connectivity_checker_impl.cc(265)] Connectivity check failed: 400
04-09 10:09:07.815  3078  3078 I cast_shell: [3081:3119:INFO:ble_setup.cc(322)] Record action: Setup.scan_wifi.BLE
04-09 10:09:07.815  3078  3078 I cast_shell: [3081:3119:WARNING:wifi_controller_wpa_supplicant.cc(797)] Wpa responses FAIL-BUSY, assuming it is associating, which will keep scan_results fresh.
04-09 10:09:07.903  2946  2957 D wac-main: Netlink event
04-09 10:09:07.903  2946  2957 E wac-main: Netlink event 16 Interface Index 5 
04-09 10:09:07.903  2946  2957 E wac-main: Enter poll and wait
04-09 10:09:07.903  2946  2957 D wac-main: Netlink event
04-09 10:09:07.903  2946  2957 E wac-main: Netlink event 16 Interface Index 5 
04-09 10:09:07.903  2946  2957 E wac-main: Enter poll and wait
04-09 10:09:07.903  2711  2723 I yani_kernel: yani_geteventfrom_changeaddr() Message-Id '1' Netlink event '16' Interface Index '5' -> Name 'wlan0' 
04-09 10:09:07.914  2947  3159 I LibreCastControlDelegate: OnCastStatus() +++ Lyric Speaker Box 21f384:0xab37f198:NOT_SETUP
04-09 10:09:07.914  2947  3159 I LibreCastControlDelegate: Device Build Number -> '1.52.272222'
04-09 10:09:07.914  2947  3159 I librecast: updateCastBuildVersion() Version 1.52.272222
04-09 10:09:07.914  2712  2719 I lucitransport: readRemoteMessage() MID char = 7 buffer = 1.52.272222
04-09 10:09:07.914  2711  2723 I yani_server: NetLink Event '-1' Interface-Index '5' WLAN '-1' Ethernet '-1' Parsed-iFill '-1' -> 'INVALID' ifIndex '1' -> 'lo'
04-09 10:09:07.915  2947  3159 I LibreCastControlDelegate: Active Applications -> 0
04-09 10:09:07.915  2947  3159 I LibreCastControlDelegate: Current Cast State '2' -> 'NOT_SETUP'
04-09 10:09:07.915  2947  3159 I LibreCastControlDelegate: OnCastStatus() ---
04-09 10:09:07.915  2711  2723 I yani_server: NetLink Event '-1' Interface-Index '5' WLAN '0' Ethernet '-1' Parsed-iFill '-1' -> 'INVALID' ifIndex '1' -> 'lo'
04-09 10:09:07.916  2711  2723 I chatty  : uid=0(root) YaniServer identical 1 line
04-09 10:09:07.917  2711  2723 I yani_server: NetLink Event '-1' Interface-Index '5' WLAN '0' Ethernet '-1' Parsed-iFill '-1' -> 'INVALID' ifIndex '1' -> 'lo'
04-09 10:09:07.917  2711  2723 I yani_kernel: yani_geteventfrom_changeaddr() Message-Id '1' Netlink event '16' Interface Index '5' -> Name 'wlan0' 
04-09 10:09:08.744  3078  3078 I cast_shell: [3081:3089:ERROR:connectivity_checker_impl.cc(265)] Connectivity check failed: 400
04-09 10:09:10.757  3078  3078 I chatty  : uid=1000(chrome) /bin/logwrapper identical 2 lines
04-09 10:09:11.764  3078  3078 I cast_shell: [3081:3089:ERROR:connectivity_checker_impl.cc(265)] Connectivity check failed: 400
04-09 10:09:11.876  3078  3078 I cast_shell: [3081:3119:INFO:metrics_recorder.cc(282)] Record action: Setup.scan_results.BLE
04-09 10:09:11.966  3078  3078 I cast_shell: [3081:3119:INFO:metrics_recorder.cc(282)] Record action: Setup.scan_results.BLE
04-09 10:09:12.770  3078  3078 I cast_shell: [3081:3089:ERROR:connectivity_checker_impl.cc(265)] Connectivity check failed: 400
04-09 10:09:13.777  3078  3078 I cast_shell: [3081:3089:ERROR:connectivity_checker_impl.cc(265)] Connectivity check failed: 400
04-09 10:09:14.127  3078  3078 I cast_shell: [3081:3119:INFO:ble_setup.cc(322)] Record action: Setup.play_sound.BLE
04-09 10:09:14.130  3078  3078 I cast_shell: [3081:3098:INFO:synchronized_sound_player.cc(362)] Playing sound key 2
04-09 10:09:14.162  3078  3078 I cast_shell: [3081:3098:INFO:audio_decoder_software_wrapper.cc(86)] Using backend decoder for PCM
04-09 10:09:14.163  3078  3078 I cast_shell: [3081:3103:INFO:mixer_input_connection.cc(208)] Create 0xf2985508 (no_delay), content type: media, focus type: media, fill size: 512, algorithm fill size: 221, channel count: 1, input sample rate: 44100, start threshold: 3087, max queue size: 8820, socket: 0xf5117840
04-09 10:09:14.163  3078  3078 I cast_shell: [3081:3102:INFO:mixer_output_stream_alsa.cc(428)] ALSA buffer = 4096, period = 512
04-09 10:09:14.163  3078  3078 I cast_shell: [3081:3101:INFO:stream_mixer.cc(604)] Input source channel count = 1
04-09 10:09:14.163  3078  3078 I cast_shell: [3081:3101:INFO:stream_mixer.cc(607)] Dynamic channel count not enabled; using stereo
04-09 10:09:14.163  3078  3078 I cast_shell: [3081:3101:INFO:stream_mixer.cc(604)] Input source channel count = 1
04-09 10:09:14.163  3078  3078 I cast_shell: [3081:3101:INFO:stream_mixer.cc(607)] Dynamic channel count not enabled; using stereo
04-09 10:09:14.164  3078  3078 I cast_shell: [3081:3101:INFO:stream_mixer.cc(416)] Start with 0 active inputs
04-09 10:09:14.167  3078  3078 I cast_shell: [3081:3102:INFO:mixer_output_stream_alsa.cc(171)] snd_pcm_open: handle=0xf330c730
04-09 10:09:14.172  3078  3078 I cast_shell: [3081:3119:INFO:ble_setup.cc(322)] Record action: Setup.play_sound.BLE
04-09 10:09:14.173  3078  3078 I cast_shell: [3081:3098:INFO:synchronized_sound_player.cc(362)] Playing sound key 0
04-09 10:09:14.173  3078  3078 I cast_shell: [3081:3103:INFO:mixer_input_connection.cc(386)] Remove 0xf2985508
04-09 10:09:14.175  3078  3078 I cast_shell: [3081:3102:WARNING:mixer_output_stream_alsa.cc(341)] Requested sample rate (44100 Hz) does not match the actual sample rate (48000 Hz). This may lead to lower audio quality.
04-09 10:09:14.178  3078  3078 I cast_shell: [3081:3102:INFO:mixer_output_stream_alsa.cc(346)] Sample rate changed from 0 to 48000
04-09 10:09:14.178  3078  3078 I cast_shell: [3081:3102:WARNING:mixer_output_stream_alsa.cc(379)] Requested period size (512 frames) does not match the actual period size (1024 frames). This may lead to an increase in CPU usage or an increase in audio latency.
04-09 10:09:14.178  3078  3078 I cast_shell: [3081:3102:INFO:filter_group.cc(340)] : 2ch@48000hz -> [GROUP]mix -> 2ch@48000hz
04-09 10:09:14.179  3078  3078 I cast_shell: [3081:3102:INFO:filter_group.cc(340)] [GROUP]mix: 2ch@48000hz -> [GROUP]linearize -> 2ch@48000hz
04-09 10:09:14.179  3078  3078 I cast_shell: [3081:3101:INFO:stream_mixer.cc(466)] Output 2 channels at 48000 samples per second
04-09 10:09:14.179  3078  3078 I cast_shell: [3081:3101:INFO:stream_mixer.cc(484)] Using 2 loopback channels
04-09 10:09:14.179  3078  3078 I cast_shell: [3081:3101:INFO:stream_mixer.cc(640)] Add input 0xf298550c to mix @ 48000 samples per second. Is primary source? = 0
04-09 10:09:14.184  3078  3078 I cast_shell: [3081:3101:INFO:mixer_input.cc(361)] no_delay(0xf298550c): set volume limits to [0, 1]
04-09 10:09:14.184  3078  3078 I cast_shell: [3081:3101:INFO:mixer_input.cc(121)] Remixing channels for 0xf298550c from 1 to 2
04-09 10:09:14.184  3078  3078 I cast_shell: [3081:3101:INFO:mixer_input.cc(346)] no_delay(0xf298550c): type volume = 1, effective multiplier = 1
04-09 10:09:14.184  3078  3078 I cast_shell: [3081:3101:INFO:mixer_input.cc(395)] no_delay(0xf298550c): mute volume = 1, effective multiplier = 1
04-09 10:09:14.186  3078  3078 I cast_shell: [3081:3103:INFO:mixer_input_connection.cc(243)] Delete 0xf2985508
04-09 10:09:14.186  3078  3078 I cast_shell: [3081:3089:INFO:loopback_audio_input.cc(194)] [REALIGN] loopback interrupted; reason = 4
04-09 10:09:14.187  3078  3078 I cast_shell: [3081:3081:INFO:cast_receiver_mojo.cc(844)] cast event : Cast.Platform.Audio.OutputInterrupted
04-09 10:09:14.187  3078  3078 I cast_shell: [3081:3101:INFO:stream_mixer.cc(683)] Remove input 0xf298550c
04-09 10:09:14.187  3078  3078 I chatty  : uid=1000(chrome) /bin/logwrapper identical 2 lines
04-09 10:09:14.187  3078  3078 I cast_shell: [3081:3101:INFO:stream_mixer.cc(683)] Remove input 0xf298550c
04-09 10:09:14.187  3078  3078 I cast_shell: [3081:3101:INFO:stream_mixer.cc(774)] Close timeout
04-09 10:09:14.187  3078  3078 I cast_shell: [3081:3101:INFO:stream_mixer.cc(541)] Stop
04-09 10:09:14.201  3078  3078 I cast_shell: [3081:3098:INFO:audio_decoder_software_wrapper.cc(86)] Using backend decoder for PCM
04-09 10:09:14.202  3078  3078 I cast_shell: [3081:3103:INFO:mixer_input_connection.cc(208)] Create 0xf2985508 (no_delay), content type: media, focus type: media, fill size: 512, algorithm fill size: 240, channel count: 2, input sample rate: 48000, start threshold: 3360, max queue size: 9600, socket: 0xf5117770
04-09 10:09:14.230  3078  3078 I cast_shell: [3081:3102:INFO:mixer_output_stream_alsa.cc(293)] snd_pcm_close: handle=0xf330c730
04-09 10:09:14.231  3078  3078 I cast_shell: [3081:3101:INFO:stream_mixer.cc(604)] Input source channel count = 2
04-09 10:09:14.231  3078  3078 I cast_shell: [3081:3101:INFO:stream_mixer.cc(607)] Dynamic channel count not enabled; using stereo
04-09 10:09:14.231  3078  3078 I cast_shell: [3081:3101:INFO:stream_mixer.cc(604)] Input source channel count = 2
04-09 10:09:14.231  3078  3078 I cast_shell: [3081:3101:INFO:stream_mixer.cc(607)] Dynamic channel count not enabled; using stereo
04-09 10:09:14.231  3078  3078 I cast_shell: [3081:3101:INFO:stream_mixer.cc(416)] Start with 0 active inputs
04-09 10:09:14.234  3078  3078 I cast_shell: [3081:3102:INFO:mixer_output_stream_alsa.cc(171)] snd_pcm_open: handle=0xf330ce18
04-09 10:09:14.241  3078  3078 I cast_shell: [3081:3102:INFO:mixer_output_stream_alsa.cc(346)] Sample rate changed from 48000 to 48000
04-09 10:09:14.244  3078  3078 I cast_shell: [3081:3101:INFO:stream_mixer.cc(466)] Output 2 channels at 48000 samples per second
04-09 10:09:14.244  3078  3078 I cast_shell: [3081:3102:INFO:filter_group.cc(340)] : 2ch@48000hz -> [GROUP]mix -> 2ch@48000hz
04-09 10:09:14.244  3078  3078 I cast_shell: [3081:3101:INFO:stream_mixer.cc(484)] Using 2 loopback channels
04-09 10:09:14.244  3078  3078 I cast_shell: [3081:3102:INFO:filter_group.cc(340)] [GROUP]mix: 2ch@48000hz -> [GROUP]linearize -> 2ch@48000hz
04-09 10:09:14.245  3078  3078 I cast_shell: [3081:3101:INFO:stream_mixer.cc(640)] Add input 0xf298550c to mix @ 48000 samples per second. Is primary source? = 0
04-09 10:09:14.245  3078  3078 I cast_shell: [3081:3101:INFO:mixer_input.cc(361)] no_delay(0xf298550c): set volume limits to [0, 1]
04-09 10:09:14.245  3078  3078 I cast_shell: [3081:3101:INFO:mixer_input.cc(346)] no_delay(0xf298550c): type volume = 1, effective multiplier = 1
04-09 10:09:14.245  3078  3078 I cast_shell: [3081:3101:INFO:mixer_input.cc(395)] no_delay(0xf298550c): mute volume = 1, effective multiplier = 1
04-09 10:09:14.246  3078  3078 I cast_shell: [3081:3101:INFO:mixer_input_connection.cc(1053)] 0xf2985508 ready for playback
04-09 10:09:14.246  3078  3078 I cast_shell: [3081:3098:INFO:media_pipeline_backend_for_mixer.cc(276)] Audio ready to play
04-09 10:09:14.247  3078  3078 I cast_shell: [3081:3101:INFO:mixer_input_connection.cc(705)] Start 0xf2985508
04-09 10:09:14.763  3078  3078 I cast_shell: [3081:3081:INFO:grpc_manager_impl.cc(505)] GRPC[uri=[::]:0]: num_pending_calls=0, num_active_handlers=0, num_free_handlers=0
04-09 10:09:14.764  3078  3078 I cast_shell: [3081:3081:INFO:grpc_manager_impl.cc(505)] GRPC[uri=]: num_pending_calls=0, num_active_handlers=0, num_free_handlers=0
04-09 10:09:14.783  3078  3078 I cast_shell: [3081:3089:ERROR:connectivity_checker_impl.cc(265)] Connectivity check failed: 400
04-09 10:09:14.798  3078  3078 I cast_shell: [3081:3081:INFO:grpc_manager_impl.cc(505)] GRPC[uri=unix:/tmp/hcp_ipc_auth.socket]: num_pending_calls=0, num_active_handlers=10, num_free_handlers=0
04-09 10:09:14.803  3078  3078 I cast_shell: [3081:3081:INFO:grpc_manager_impl.cc(505)] GRPC[uri=unix:/tmp/modular_updater/modular_update_service]: num_pending_calls=0, num_active_handlers=0, num_free_handlers=0
04-09 10:09:14.824  3078  3078 I cast_shell: [3081:3081:INFO:metrics_recorder.cc(112)] Metrics stat: total=12
04-09 10:09:14.824  3078  3078 I cast_shell: Cast.Discovery.Mdns.ResponderPing=1
04-09 10:09:14.824  3078  3078 I cast_shell: Cast.Discovery.Mdns.SocketPing=2
04-09 10:09:14.824  3078  3078 I cast_shell: Setup.eureak_info_keys.BLE=7
04-09 10:09:14.824  3078  3078 I cast_shell: Setup.eureka_info_immutable_basic.BLE=2
04-09 10:09:14.824  3078  3078 I cast_shell: Setup.eureka_info_mutable_reads.BLE=1
04-09 10:09:14.824  3078  3078 I cast_shell: Setup.i8n_info.BLE=7
04-09 10:09:14.824  3078  3078 I cast_shell: Setup.ip_address.BLE=1
04-09 10:09:14.824  3078  3078 I cast_shell: Setup.name_utf8.BLE=1
04-09 10:09:14.824  3078  3078 I cast_shell: Setup.scan_results.BLE=2
04-09 10:09:14.824  3078  3078 I cast_shell: Setup.state.BLE=1
04-09 10:09:14.964  3078  3078 I cast_shell: [3081:3119:INFO:wifi_proximity.cc(177)] Request scan.
04-09 10:09:15.007  3078  3078 I cast_shell: [3081:3081:INFO:grpc_manager_impl.cc(505)] GRPC[uri=[::]:8012]: num_pending_calls=0, num_active_handlers=1, num_free_handlers=0
04-09 10:09:15.788  3078  3078 I cast_shell: [3081:3089:ERROR:connectivity_checker_impl.cc(265)] Connectivity check failed: 400
04-09 10:09:15.834  3078  3078 I cast_shell: [3081:3101:INFO:mixer_input_connection.cc(589)] End of stream for 0xf2985508
04-09 10:09:16.026  3078  3078 I cast_shell: [3081:3098:INFO:synchronized_sound_player.cc(496)] Finished playing sound
04-09 10:09:16.026  3078  3078 I cast_shell: [3081:3103:INFO:mixer_input_connection.cc(386)] Remove 0xf2985508
04-09 10:09:16.090  3078  3078 I cast_shell: [3081:3103:INFO:mixer_input_connection.cc(243)] Delete 0xf2985508
04-09 10:09:16.090  3078  3078 I cast_shell: [3081:3101:INFO:stream_mixer.cc(683)] Remove input 0xf298550c
04-09 10:09:16.090  3078  3078 I cast_shell: [3081:3101:INFO:stream_mixer.cc(774)] Close timeout
04-09 10:09:16.090  3078  3078 I cast_shell: [3081:3101:INFO:stream_mixer.cc(541)] Stop
04-09 10:09:16.090  3078  3078 I cast_shell: [3081:3089:INFO:loopback_audio_input.cc(194)] [REALIGN] loopback interrupted; reason = 4
04-09 10:09:16.091  3078  3078 I cast_shell: [3081:3081:INFO:cast_receiver_mojo.cc(844)] cast event : Cast.Platform.Audio.OutputInterrupted
04-09 10:09:16.175  3078  3078 I cast_shell: [3081:3102:INFO:mixer_output_stream_alsa.cc(293)] snd_pcm_close: handle=0xf330ce18
04-09 10:09:16.795  3078  3078 I cast_shell: [3081:3089:ERROR:connectivity_checker_impl.cc(265)] Connectivity check failed: 400
04-09 10:09:25.853  3078  3078 I chatty  : uid=1000(chrome) /bin/logwrapper identical 9 lines
04-09 10:09:26.860  3078  3078 I cast_shell: [3081:3089:ERROR:connectivity_checker_impl.cc(265)] Connectivity check failed: 400
04-09 10:09:27.352  3078  3078 I cast_shell: [3081:3119:INFO:ble_setup.cc(322)] Record action: Setup.connect_wifi.BLE
04-09 10:09:27.358  3078  3078 I cast_shell: [3081:3119:INFO:setup_manager_impl.cc(1965)] New value: pref=tos-accepted, value=1
04-09 10:09:27.358  3078  3078 I cast_shell: [3081:3119:INFO:api_connect_wifi.cc(86)] connect_wifi Auth: 7
04-09 10:09:27.358  3078  3078 I cast_shell: [3081:3119:INFO:api_connect_wifi.cc(90)] connect_wifi Cipher: 4
04-09 10:09:27.358  3078  3078 I cast_shell: [3081:3081:INFO:bluetooth_setup.cc(686)] Disabling connectability: no bonded devices.
04-09 10:09:27.359  3078  3078 I cast_shell: [3081:3081:INFO:cast_receiver_impl.cc(1100)] Leaving discovery-only mode
04-09 10:09:27.359  3078  3078 I cast_shell: [3081:3081:INFO:application_config_manager_impl.cc(566)] Enabling virtual device 785f3b92-6274-abf9-72bf-2568081df21f
04-09 10:09:27.359  3078  3078 I cast_shell: [3081:3129:INFO:mdns_cast_service.cc(351)] Device discovery state is idle
04-09 10:09:27.359  3078  3078 I cast_shell: [3081:3129:INFO:mdns_util.cc(102)] Defaulting mDNS capabilities for audio-only build
04-09 10:09:27.374  3078  3078 I cast_shell: [3081:3119:INFO:wifi_controller_wpa_supplicant.cc(1188)] strongest_snr=25 wifi_interface_index=0
04-09 10:09:27.388  3078  3078 I cast_shell: [3081:3119:INFO:api_connect_wifi.cc(159)] [PII] Configuring wifi: ssid=Linksys16717_2G, auth=7, pairwise=4, id=0"
04-09 10:09:27.389  3078  3078 I cast_shell: [3081:3119:INFO:api_connect_wifi.cc(162)] Configuring wifi: otg =0, tethering_mode =0, wifi_auto_save_enabled=0
04-09 10:09:27.389  3078  3078 I cast_shell: [3081:3119:INFO:local_network_info_impl.cc(276)] CONNECTIVITY_ID changed:
04-09 10:09:27.389  3078  3078 I cast_shell: [3081:3119:INFO:setup_state.cc(261)] Setup state changed: SETUP_STATE_DISCONNECTED_EXTERNAL_CLIENT_ACCESSED (11) -> SETUP_STATE_SCANNING (20)
04-09 10:09:27.389  3078  3078 I cast_shell: [3081:3081:INFO:ccs_manager_impl.cc(1799)] Connectivity ID has changed; Will re-register CCS
04-09 10:09:27.389  3078  3078 I cast_shell: [3081:3081:INFO:ccs_manager_impl.cc(851)] Network connectivity down for CcsManager
04-09 10:09:27.390  2711  2723 I yani_server: NetLink Event '-1' Interface-Index '5' WLAN '-1' Ethernet '-1' Parsed-iFill '-1' -> 'INVALID' ifIndex '1' -> 'lo'
04-09 10:09:27.393  2733  2762 I bluetoothtbd: [0408/213927.393123:INFO:adapter.cc(551)] Adapter properties changed
04-09 10:09:27.393  3078  3078 I cast_shell: [3081:3119:INFO:bluetooth_manager.cc(115)] Record action: Cast.Bluetooth.DiscoveryMode.Disable
04-09 10:09:27.398  3078  3078 I cast_shell: [3081:3119:INFO:setup_state.cc(261)] Setup state changed: SETUP_STATE_SCANNING (20) -> SETUP_STATE_CHECKING_GLOBAL_CONNECTIVITY (50)
04-09 10:09:27.406  2947  3159 I LibreCastControlDelegate: OnCastStatus() +++ Lyric Speaker Box 21f384:0xab37f198:OFFLINE
04-09 10:09:27.406  2947  3159 I LibreCastControlDelegate: Device Build Number -> '1.52.272222'
04-09 10:09:27.406  2947  3159 I librecast: updateCastBuildVersion() Version 1.52.272222
04-09 10:09:27.406  2712  2719 I lucitransport: readRemoteMessage() MID char = 7 buffer = 1.52.272222
04-09 10:09:27.406  2947  3159 I LibreCastControlDelegate: Active Applications -> 0
04-09 10:09:27.406  2947  3159 I LibreCastControlDelegate: Current Cast State '3' -> 'OFFLINE'
04-09 10:09:27.406  2947  3159 I LibreCastControlDelegate: OnCastStatus() ---
04-09 10:09:27.407  2947  3159 I LibreCastControlDelegate: OnCastStatus() +++ Lyric Speaker Box 21f384:0xab37f198:OFFLINE
04-09 10:09:27.407  2947  3159 I LibreCastControlDelegate: Device Build Number -> '1.52.272222'
04-09 10:09:27.407  2947  3159 I librecast: updateCastBuildVersion() Version 1.52.272222
04-09 10:09:27.407  2712  2719 I lucitransport: readRemoteMessage() MID char = 7 buffer = 1.52.272222
04-09 10:09:27.866  3078  3078 I cast_shell: [3081:3089:ERROR:connectivity_checker_impl.cc(265)] Connectivity check failed: 400
04-09 10:09:27.911  3078  3078 I cast_shell: [3081:3119:INFO:metrics_recorder.cc(282)] Record action: Setup.version.BLE
04-09 10:09:27.941  3078  3078 I cast_shell: [3081:3119:INFO:metrics_recorder.cc(282)] Record action: Setup.tos_accepted.BLE
04-09 10:09:27.971  3078  3078 I cast_shell: [3081:3119:INFO:metrics_recorder.cc(282)] Record action: Setup.state.BLE
04-09 10:09:28.001  3078  3078 I cast_shell: [3081:3119:INFO:metrics_recorder.cc(282)] Record action: Setup.ip_address.BLE
04-09 10:09:28.365  3078  3078 I cast_shell: [3081:3081:INFO:grpc_service_discovery_impl.cc(185)] Mdns discovered google RPC for [PII](A892D9342BDBF6107108D3E84014A602).
04-09 10:09:28.556  3078  3078 I cast_shell: [3081:3119:INFO:metrics_recorder.cc(282)] Record action: Setup.version.BLE
04-09 10:09:28.586  3078  3078 I cast_shell: [3081:3119:INFO:metrics_recorder.cc(282)] Record action: Setup.tos_accepted.BLE
04-09 10:09:28.616  3078  3078 I cast_shell: [3081:3119:INFO:metrics_recorder.cc(282)] Record action: Setup.state.BLE
04-09 10:09:28.646  3078  3078 I cast_shell: [3081:3119:INFO:metrics_recorder.cc(282)] Record action: Setup.ip_address.BLE
04-09 10:09:28.873  3078  3078 I cast_shell: [3081:3089:ERROR:connectivity_checker_impl.cc(265)] Connectivity check failed: 400
04-09 10:09:29.186  3078  3078 I cast_shell: [3081:3119:INFO:metrics_recorder.cc(282)] Record action: Setup.version.BLE
04-09 10:09:29.216  3078  3078 I cast_shell: [3081:3119:INFO:metrics_recorder.cc(282)] Record action: Setup.tos_accepted.BLE
04-09 10:09:29.246  3078  3078 I cast_shell: [3081:3119:INFO:metrics_recorder.cc(282)] Record action: Setup.state.BLE
04-09 10:09:29.276  3078  3078 I cast_shell: [3081:3119:INFO:metrics_recorder.cc(282)] Record action: Setup.ip_address.BLE
04-09 10:09:29.368  3078  3078 I cast_shell: [3081:3129:INFO:mdns_app_filter.cc(1526)] MdnsAppFilter: Done announcing.
04-09 10:09:29.816  3078  3078 I cast_shell: [3081:3119:INFO:metrics_recorder.cc(282)] Record action: Setup.version.BLE
04-09 10:09:29.846  3078  3078 I cast_shell: [3081:3119:INFO:metrics_recorder.cc(282)] Record action: Setup.tos_accepted.BLE
04-09 10:09:29.876  3078  3078 I cast_shell: [3081:3119:INFO:metrics_recorder.cc(282)] Record action: Setup.state.BLE
04-09 10:09:29.880  3078  3078 I cast_shell: [3081:3089:ERROR:connectivity_checker_impl.cc(265)] Connectivity check failed: 400
04-09 10:09:29.906  3078  3078 I cast_shell: [3081:3119:INFO:metrics_recorder.cc(282)] Record action: Setup.ip_address.BLE
04-09 10:09:30.446  3078  3078 I cast_shell: [3081:3119:INFO:metrics_recorder.cc(282)] Record action: Setup.version.BLE
04-09 10:09:30.477  3078  3078 I cast_shell: [3081:3119:INFO:metrics_recorder.cc(282)] Record action: Setup.tos_accepted.BLE
04-09 10:09:30.505  3078  3078 I cast_shell: [3081:3119:INFO:metrics_recorder.cc(282)] Record action: Setup.state.BLE
04-09 10:09:30.535  3078  3078 I cast_shell: [3081:3119:INFO:metrics_recorder.cc(282)] Record action: Setup.ip_address.BLE
04-09 10:09:30.841  2946  2957 D wac-main: Netlink event
