04-09 09:59:55.949  2989  2989 I sh      : Info: PostInstall(): Verified: 1a09dcdb4cae5a07c055af0c06f87833b2ea9847 lib/processors/libcast_dynamic_range_2.0.so
04-09 09:59:55.954  2989  2989 I sh      : Info: PostInstall(): Verified: 776f16f6ec2986b8bc807728525b4fa24dee4998 lib/processors/libcast_equalizer_1.0.so
04-09 09:59:55.966  2989  2989 I sh      : Info: PostInstall(): Verified: efe4f7e45d5552c079004a821679b5276d9cdd88 lib/processors/libcast_equalizer_2.0.so
04-09 09:59:55.977  2989  2989 I sh      : Info: PostInstall(): Verified: 96630ea6fffd74f6886f9929f7f61dac4bff5efb lib/processors/libcast_function_generator_2.0.so
04-09 09:59:55.992  2989  2989 I sh      : Info: PostInstall(): Verified: 9e828f5def5913b23912981961e2546f69e04c92 lib/processors/libcast_governor_2.0.so
04-09 09:59:56.007  2989  2989 I sh      : Info: PostInstall(): Verified: c0c81c0db860e5de36a1c28d5a116116d8b22391 lib/processors/libcast_multiband_2.0.so
04-09 09:59:56.018  2989  2989 I sh      : Info: PostInstall(): Verified: 986e13ac6c5a2a0803b6560a5846af7b8a4406d5 lib/processors/libcast_pop_checker_2.0.so
04-09 09:59:56.032  2989  2989 I sh      : Info: PostInstall(): Verified: 9cc46d270dedfce7beedb62462bdc1a40165067e lib/processors/libcast_saturated_gain_2.0.so
04-09 09:59:56.042  2989  2989 I sh      : Info: PostInstall(): Verified: 805527f3da2374f54e65954a463b3d4be6570358 lib/processors/libcast_sound_meter_2.0.so
04-09 09:59:56.049  2989  2989 I sh      : Info: PostInstall(): Verified: ffe5f0bf40d7e59d8b4573c258a0bd74a40f8c58 lib/processors/libcast_upsampler_2.0.so
04-09 09:59:56.051  2989  2989 I sh      : Info: PostInstall(): Verified: 9ad64d7bbc019b7df806c981d02984f41df0f531 process.json
04-09 09:59:56.078  2989  2989 I sh      : Info: PostInstall(): Verified: 8aa86838a19280c5fc46f4cc3dc3fe969d6cafce process_manager
04-09 09:59:56.080  2989  2989 I sh      : Info: PostInstall(): Verified: c25f6c874c4e8013d85db646bfba65a155a806f5 resources/inspector/main/main.js
04-09 09:59:56.082  2989  2989 I sh      : Info: PostInstall(): Verified: da39a3ee5e6b4b0d3255bfef95601890afd80709 setup/http/.dummy
04-09 09:59:56.084  2989  2989 I sh      : Info: PostInstall(): Verified: 801b2570021e2760cd6730de30071aebd9f5158b setup/http/audio/audio.html
04-09 09:59:56.086  2989  2989 I sh      : Info: PostInstall(): Verified: 4aae69dca77c81a6a19181124a01ef403b088cc8 setup/http/audio/css/main.css
04-09 09:59:56.089  2989  2989 I sh      : Info: PostInstall(): Verified: 01a9e53b6cd4692e6c288392bf4bdd9603c5e45a setup/http/audio/data/config.json
04-09 09:59:56.089  2989  2989 I sh      : Info: PostInstall(): Verified: 0423952e9750b5b4e5e0a4ad4ba8c3b19a32e4f1 setup/http/audio/favicon.ico
04-09 09:59:56.092  2989  2989 I sh      : Info: PostInstall(): Verified: 4a2e549068fac4c7019c6f5950f961cb8f45e867 setup/http/audio/js/audio.js
04-09 09:59:56.094  2989  2989 I sh      : Info: PostInstall(): Verified: 488e70c0bd8f32e55dccff3ec6de0660fc58d5b4 setup/http/audio/js/json-stringify-pretty-compact.js
04-09 09:59:56.098  2989  2989 I sh      : Info: PostInstall(): Verified: 48590ae1c3bbf8facb1619c1c762bb78fca99c8a snapshot_blob.bin
04-09 09:59:56.139  2989  2989 I sh      : Info: PostInstall(): Verified: 07acf09cefae3554a741667403d911f94b22a7d4 update_engine
04-09 09:59:56.141  2989  2989 I sh      : Info: PostInstall(): Verified: e05ef1cc2cdb0a31bc7ada56aa635f3d655fe2e7 watchdog/wd.dmp
04-09 09:59:56.141  2989  2989 I sh      : Info: PostInstall(): PostInstall validation OK
04-09 09:59:56.141  2989  2989 I sh      : Info: main(): Post-Installation validation succeeded
04-09 09:59:56.197  3069  3069 I sh      : test: not integer: LSB
04-09 09:59:56.218  3069  3069 I sh      : test: not integer: d256
04-09 09:59:56.219  3069  3069 I sh      : Model : LSB, SSID-Suffix : d256
04-09 09:59:56.281  3070  3070 I cast_cli: [0408/212956.280916:INFO:package_utils.cc(186)] Run process_manager: /bin/logwrapper /system/chrome/process_manager --async --accept-resource-provider=true --alsa-enable-upsampling=true --alsa-output-avail-min=256 --alsa-output-buffer-size=4096 --alsa-output-period-size=512 --alsa-output-start-threshold=2048 --default-eureka-name-prefix=LSB --enable-background-apps=true --enable-hi-res-audio-support=true --enable-multizone=true --netif-for-unique-ids=wlan0 --ota-directory=/data/chrome/cache/ --setup-ssid-suffix=d256 --setup-support-guest-mode=0 --wpa-supplicant-unix-socket-path=/dev/socket/wpa_wlan0
04-09 09:59:56.309  3076  3076 I process_manager: [0408/212956.308563:INFO:process_manager.cc(348)] process manager initialized
04-09 09:59:56.309  3076  3076 I process_manager: [0408/212956.309025:INFO:process_manager.cc(399)] Process manager is starting
04-09 09:59:56.310  3076  3076 I process_manager: [0408/212956.309536:INFO:process_manager.cc(409)] Process manager successfully started with pid 3078
04-09 09:59:56.313  3070  3070 I cast_cli: [0408/212956.312284:INFO:cast_cli.cc(433)] Process manager successfully started as daemon
04-09 09:59:56.338  3078  3078 I process_manager: [0408/212956.337518:INFO:process_manager.cc(348)] process manager initialized
04-09 09:59:56.338  3078  3078 I process_manager: [0408/212956.338118:INFO:process_manager.cc(475)] Resuming manager from a previous state
04-09 09:59:56.372  3078  3078 I process_manager: [0408/212956.372296:INFO:package_utils.cc(186)] Run update_engine: /bin/logwrapper /system/chrome/update_engine --foreground --netif-for-unique-ids=eth0 --omaha-beta-app-id={c71af7c9-fb75-4084-9bb1-6483fae36524} --omaha-prod-app-id={c71af7c9-fb75-4084-9bb1-6483fae36524} --ota-directory=/chrome/cache/ --update-engine-unix-socket-path=/tmp/socket/updater --v=4 --netif-for-unique-ids=wlan0 --ota-directory=/data/chrome/cache/
04-09 09:59:56.373  3078  3078 I process_manager: [0408/212956.373301:INFO:package_utils.cc(186)] Run crash_uploader: /bin/logwrapper /system/chrome/crash_uploader
04-09 09:59:56.374  3078  3078 I process_manager: [0408/212956.374241:INFO:package_utils.cc(186)] Run cast_shell: /bin/logwrapper /system/chrome/cast_shell --accept-resource-provider=true --alsa-enable-upsampling=false --app-config-path=/fakeapp.conf --blink-platform-log-channels=Media --cast-control-unix-socket-path=/tmp/cast-control --default-eureka-name-prefix=Google Cast Speaker --disable-dial=true --disable-images-for-app-id=*|1B11061A --enable-background-apps=false --idle-screen=false --js-flags=--trace_gc --netif-for-unique-ids=eth0 --no-daily-reboot=true --ota-directory=/chrome/cache/ --setup-support-guest-mode=0 --skip-gpu-data-loading --update-engine-unix-socket-path=/tmp/socket/updater --accept-resource-provider=true --alsa-enable-upsampling=true --alsa-output-avail-min=256 --alsa-output-buffer-size=4096 --alsa-output-period-size=512 --alsa-output-start-threshold=2048 --default-eureka-name-prefix=LSB --enable-background-apps=true --enable-hi-res-audio-support=true --enable-multizone=true --netif-for-unique-ids=wlan0 --ota-directory=/data/chrome/cache/ --setup-ssid-suffix=d256 --setup-support-guest-mode=0 --wpa-supplicant-unix-socket-path=/dev/socket/wpa_wlan0
04-09 09:59:56.397  3081  3081 I crash_uploader: [0408/212956.397229:INFO:crash_uploader.cc(45)] Starting crash uploader...
04-09 09:59:56.398  3081  3081 I crash_uploader: [0408/212956.398669:ERROR:synchronized_minidump_manager.cc(251)] Lockfile did not parse correctly. 
04-09 09:59:56.407  3080  3080 I update_engine: [0408/212956.407177:INFO:main.cc(149)] Eureka Update Engine starting
04-09 09:59:56.408  3080  3080 I update_engine: [0408/212956.407951:INFO:update_check_scheduler.cc(77)] Next update check in 2700 seconds
04-09 09:59:56.409  3080  3080 I update_engine: [0408/212956.408940:INFO:string_based_ipc_server.cc(75)] Start IPC server: /tmp/socket/updater
04-09 09:59:56.409  3080  3080 I update_engine: [0408/212956.409247:INFO:unix_stream_server_socket.cc(62)] Unix server socket is created: /tmp/socket/updater
04-09 09:59:56.607  3082  3082 I cast_shell: [3085:3085:ERROR:pref_service_helper.cc(79)] Cannot initialize chromecast config: /data/chrome/.eureka.conf, pref_error=6
04-09 09:59:56.609  3082  3082 I cast_shell: [3085:3085:WARNING:discardable_shared_memory_manager.cc(194)] Less than 64MB of free space in temporary directory for shared memory files: 32
04-09 09:59:56.622  3082  3082 I cast_shell: Fontconfig warning: "/etc/fonts/fonts.conf", line 80: unknown element "blank"
04-09 09:59:56.807  3082  3082 I cast_shell: [3085:3085:INFO:cast_system_memory_pressure_evaluator.cc(167)] AdjustMemoryFractions: critical_memory_fraction_=0.25, moderate_memory_fraction_=0.4
04-09 09:59:56.814  3082  3082 I cast_shell: [3085:3085:INFO:cast_window_manager_aura.cc(198)] Starting window manager, bounds: 0,0 1x1
04-09 09:59:56.821  3082  3082 I cast_shell: [3085:3103:ERROR:mixer_connection.cc(91)] Failed to connect to mixer service: -102
04-09 09:59:56.821  3082  3082 I cast_shell: [3085:3085:WARNING:client_auth_manager.cc(94)] Old certificate is empty.
04-09 09:59:56.822  3082  3082 I cast_shell: [3085:3085:INFO:device_info_impl.cc(135)] [PII] Weave device ID: 
04-09 09:59:56.822  3082  3082 I cast_shell: [3085:3085:INFO:device_info_impl.cc(406)] MAC address for wlan0: CC:90:93:21:F3:84
04-09 09:59:56.826  3082  3082 I cast_shell: [3085:3085:INFO:device_info_impl.cc(431)] Device model id: COTODAMA.LS10 Platform.LSB
04-09 09:59:56.826  3082  3082 I cast_shell: [3085:3085:INFO:device_info_impl.cc(466)] Control Notifications: 0
04-09 09:59:56.826  3082  3082 I cast_shell: [3085:3085:ERROR:device_info_impl.cc(145)] Cannot read file: /data/bootid
04-09 09:59:56.826  3082  3082 I cast_shell: [3085:3085:INFO:device_info_impl.cc(482)] SSDP Boot ID: 0
04-09 09:59:56.826  3082  3082 I cast_shell: [3085:3085:INFO:device_info_impl.cc(486)] SSDP Config ID: 1
04-09 09:59:56.826  3082  3082 I cast_shell: [3085:3085:WARNING:secure_storage_impl.cc(85)] Device key not available yet.
04-09 09:59:56.826  3082  3082 I cast_shell: [3085:3085:INFO:cast_power_manager_provider.cc(26)] Creating DummyCastPowerManagerProvider
04-09 09:59:56.826  3082  3082 I cast_shell: [3085:3085:WARNING:auth_provider_impl.cc(72)] No IoT client_id found on the device. If device was FDRed please ignore this warning.
04-09 09:59:56.826  3082  3082 I cast_shell: [3085:3085:INFO:file_provider_impl.cc(67)] Initialized file provider with base dir: /data/chrome/auth
04-09 09:59:56.827  3082  3082 I cast_shell: [3085:3106:INFO:alsa_volume_control.cc(43)] Opening mixer element "Master" on device "default"
04-09 09:59:56.834  3082  3082 I cast_shell: [3085:3106:INFO:alsa_volume_control.cc(219)] Volume device = default, element = Master
04-09 09:59:56.834  3082  3082 I cast_shell: [3085:3106:INFO:alsa_volume_control.cc(221)] Mute device = default, element = Master
04-09 09:59:56.834  3082  3082 I cast_shell: [3085:3106:INFO:alsa_volume_control.cc(234)] Idle device = default, elements = []
04-09 09:59:56.834  3082  3082 I cast_shell: [3085:3106:INFO:alsa_volume_control.cc(43)] Opening mixer element "Master" on device "default"
04-09 09:59:56.838  3082  3082 I cast_shell: [3085:3085:INFO:multizone_manager.cc(330)] Multizone features are enabled
04-09 09:59:56.838  3085  3085 E         : Create
04-09 09:59:56.838  3085  3085 E         : OOBE IsSupported
04-09 09:59:56.839  3082  3082 I cast_shell: [3085:3093:INFO:parent_tracker.cc(90)] [PII](765C33A78AAC80C58F32442F885EF9C3) has hash 3858200823, root wait is 1.01693 s
04-09 09:59:56.839  3082  3082 I cast_shell: [3085:3085:INFO:cast_power_manager_provider.cc(26)] Creating DummyCastPowerManagerProvider
04-09 09:59:56.839  3082  3082 I cast_shell: [3085:3085:INFO:update_engine_client_with_ipc.cc(343)] Using IPC UpdateEngineClient
04-09 09:59:56.839  3082  3082 I cast_shell: [3085:3093:INFO:parent_tracker.cc(120)] Can't use IPv4
04-09 09:59:56.839  3082  3082 I cast_shell: [3085:3093:INFO:parent_tracker.cc(124)] Can't use IPv6
04-09 09:59:56.839  3082  3082 I cast_shell: [3085:3093:ERROR:parent_tracker.cc(125)] No valid interface for multicast
04-09 09:59:56.839  3082  3082 I cast_shell: [3085:3093:INFO:directory_service_impl.cc(168)] Boot count is now 1
04-09 09:59:56.839  3082  3082 I cast_shell: [3085:3093:ERROR:socket_posix.cc(148)] bind() failed: Address already in use (98)
04-09 09:59:56.845  3082  3082 I cast_shell: [3085:3085:INFO:grpc_manager_impl.cc(505)] GRPC[uri=[::]:0]: num_pending_calls=0, num_active_handlers=0, num_free_handlers=0
04-09 09:59:56.845  3082  3082 I cast_shell: [3085:3085:INFO:cast_power_manager_provider.cc(26)] Creating DummyCastPowerManagerProvider
04-09 09:59:56.845  3082  3082 I cast_shell: [3085:3085:INFO:cast_power_manager_provider.cc(26)] Creating DummyCastPowerManagerProvider
04-09 09:59:56.845  3082  3082 I cast_shell: [3085:3085:INFO:gcm_manager.cc(140)] GCM Dir = /data/chrome/gcm
04-09 09:59:56.846  3082  3082 I cast_shell: [3085:3085:INFO:gcm_manager.cc(258)] Enabling GCM Driver
04-09 09:59:56.846  3082  3082 I cast_shell: [3085:3085:INFO:grpc_manager_impl.cc(505)] GRPC[uri=]: num_pending_calls=0, num_active_handlers=0, num_free_handlers=0
04-09 09:59:56.847  3082  3082 I cast_shell: [3085:3085:INFO:lycra_gcm.cc(117)] Deferring GCM registration until connectivity is up.
04-09 09:59:56.874  3082  3082 I cast_shell: [3085:3085:WARNING:cloud_settings_manager.cc(513)] Cannot initialize device settings config: /data/chrome/cloud_settings/cloud_settings.prefs, pref_error=6
04-09 09:59:56.874  3082  3082 I cast_shell: [3085:3085:INFO:cloud_settings_manager.cc(195)] Cloud settings is disabled.
04-09 09:59:56.875  3082  3082 I cast_shell: [3085:3085:INFO:pref_metrics_manager.cc(66)] PrefMetricsManager started.
04-09 09:59:56.875  3082  3082 I cast_shell: [3085:3085:INFO:pref_control_service_impl.cc(142)] Loading prefs from /data/chrome/pref_control/pref_control.prefs
04-09 09:59:56.876  3082  3082 I cast_shell: [3085:3085:INFO:pref_control_service_impl.cc(602)] Registering pref Pref [Name:motion_sensing_pref,RestoreValue:1,ForceEnableParent:1,Value:1,Optin:1]
04-09 09:59:56.876  3082  3082 I cast_shell: [3085:3085:INFO:pref_control_service_impl.cc(602)] Registering pref Pref [Name:sleep_sensing_pref,RestoreValue:0,ForceEnableParent:1,Value:1,Optin:0]
04-09 09:59:56.876  3082  3082 I cast_shell: [3085:3085:INFO:pref_control_service_impl.cc(602)] Registering pref Pref [Name:sleep_disturbance_pref,RestoreValue:1,ForceEnableParent:0,Value:1,Optin:0]
04-09 09:59:56.876  3082  3082 I cast_shell: [3085:3085:INFO:pref_control_service_impl.cc(602)] Registering pref Pref [Name:sleep_coaching_pref,RestoreValue:1,ForceEnableParent:0,Value:1,Optin:0]
04-09 09:59:56.876  3082  3082 I cast_shell: [3085:3085:INFO:pref_control_service_impl.cc(602)] Registering pref Pref [Name:gesture_sensing_pref,RestoreValue:0,ForceEnableParent:1,Value:1,Optin:0]
04-09 09:59:56.876  3082  3082 I cast_shell: [3085:3085:INFO:pref_control_service_impl.cc(602)] Registering pref Pref [Name:play_and_pause_gesture_pref,RestoreValue:1,ForceEnableParent:0,Value:1,Optin:0]
04-09 09:59:56.876  3082  3082 I cast_shell: [3085:3085:INFO:pref_control_service_impl.cc(602)] Registering pref Pref [Name:snooze_alarm_gesture_pref,RestoreValue:1,ForceEnableParent:0,Value:1,Optin:0]
04-09 09:59:56.877  3082  3082 I cast_shell: [3085:3085:INFO:pref_control_service_impl.cc(602)] Registering pref Pref [Name:stop_timers_gesture_pref,RestoreValue:1,ForceEnableParent:0,Value:1,Optin:0]
04-09 09:59:56.877  3082  3082 I cast_shell: [3085:3085:INFO:pref_metrics_manager.cc(94)] Adding motion_sensing_pref to PrefMetricsManager.
04-09 09:59:56.877  3082  3082 I cast_shell: [3085:3085:INFO:pref_metrics_manager.cc(94)] Adding sleep_sensing_pref to PrefMetricsManager.
04-09 09:59:56.877  3082  3082 I cast_shell: [3085:3085:INFO:pref_metrics_manager.cc(94)] Adding sleep_disturbance_pref to PrefMetricsManager.
04-09 09:59:56.877  3082  3082 I cast_shell: [3085:3085:INFO:pref_metrics_manager.cc(94)] Adding sleep_coaching_pref to PrefMetricsManager.
04-09 09:59:56.877  3082  3082 I cast_shell: [3085:3085:INFO:pref_metrics_manager.cc(94)] Adding gesture_sensing_pref to PrefMetricsManager.
04-09 09:59:56.877  3082  3082 I cast_shell: [3085:3085:INFO:pref_metrics_manager.cc(94)] Adding play_and_pause_gesture_pref to PrefMetricsManager.
04-09 09:59:56.877  3082  3082 I cast_shell: [3085:3085:INFO:pref_metrics_manager.cc(94)] Adding snooze_alarm_gesture_pref to PrefMetricsManager.
04-09 09:59:56.877  3082  3082 I cast_shell: [3085:3085:INFO:pref_metrics_manager.cc(94)] Adding stop_timers_gesture_pref to PrefMetricsManager.
04-09 09:59:56.877  3082  3082 I cast_shell: [3085:3085:INFO:pref_control_service_impl.cc(107)] PrefControlService constructed.
04-09 09:59:56.878  3082  3082 I cast_shell: [3085:3085:INFO:grpc_manager_impl.cc(245)] Registered service chromecast.grpc_discovery.GrpcDiscoveryService
04-09 09:59:56.878  3082  3082 I cast_shell: [3085:3085:INFO:grpc_manager_impl.cc(262)] Registered a handler GetServiceInfo for service chromecast.grpc_discovery.GrpcDiscoveryService
04-09 09:59:56.879  3082  3082 I cast_shell: [3085:3085:INFO:grpc_manager_impl.cc(505)] GRPC[uri=unix:/tmp/hcp_ipc_auth.socket]: num_pending_calls=0, num_active_handlers=0, num_free_handlers=0
04-09 09:59:56.879  3082  3082 I cast_shell: [3085:3085:INFO:grpc_manager_impl.cc(245)] Registered service usonia.ipc.Auth
04-09 09:59:56.879  3082  3082 I cast_shell: [3085:3085:INFO:grpc_manager_impl.cc(262)] Registered a handler Sign for service usonia.ipc.Auth
04-09 09:59:56.880  3082  3082 I cast_shell: [3085:3121:INFO:common_time.cc(128)] New common clock leader 765C33A78AAC80C58F32442F885EF9C3, is_this_device = 1, IP = [::1]:10006, quality = 0
04-09 09:59:56.880  3082  3082 I cast_shell: [3085:3121:INFO:common_time.cc(158)] Set this device as common time source
04-09 09:59:56.880  3082  3082 I cast_shell: [3085:3085:INFO:grpc_manager_impl.cc(262)] Registered a handler Verify for service usonia.ipc.Auth
04-09 09:59:56.880  3082  3082 I cast_shell: [3085:3085:INFO:grpc_manager_impl.cc(262)] Registered a handler AuthReady for service usonia.ipc.Auth
04-09 09:59:56.880  3082  3082 I cast_shell: [3085:3085:INFO:grpc_manager_impl.cc(245)] Registered service usonia.ipc.DistributedServiceDiscovery
04-09 09:59:56.880  3082  3082 I cast_shell: [3085:3085:INFO:grpc_manager_impl.cc(262)] Registered a handler UpdateServiceObservers for service usonia.ipc.DistributedServiceDiscovery
04-09 09:59:56.880  3082  3082 I cast_shell: [3085:3085:INFO:grpc_manager_impl.cc(262)] Registered a handler FetchAllPeerAddressList for service usonia.ipc.DistributedServiceDiscovery
04-09 09:59:56.880  3082  3082 I cast_shell: [3085:3085:INFO:grpc_manager_impl.cc(262)] Registered a handler ResolvePeerAddress for service usonia.ipc.DistributedServiceDiscovery
04-09 09:59:56.880  3082  3082 I cast_shell: [3085:3085:INFO:grpc_manager_impl.cc(262)] Registered a handler AddService for service usonia.ipc.DistributedServiceDiscovery
04-09 09:59:56.881  3082  3082 I cast_shell: [3085:3085:INFO:grpc_manager_impl.cc(262)] Registered a handler IsServiceAllowed for service usonia.ipc.DistributedServiceDiscovery
04-09 09:59:56.881  3082  3082 I cast_shell: [3085:3085:INFO:grpc_manager_impl.cc(245)] Registered service usonia.ipc.LeaderElector
04-09 09:59:56.881  3082  3082 I cast_shell: [3085:3085:INFO:grpc_manager_impl.cc(262)] Registered a handler LeaderElection for service usonia.ipc.LeaderElector
04-09 09:59:56.881  3082  3082 I cast_shell: [3085:3085:INFO:grpc_manager_impl.cc(245)] Registered service usonia.ipc.TimeSynchronizer
04-09 09:59:56.881  3082  3082 I cast_shell: [3085:3085:INFO:grpc_manager_impl.cc(262)] Registered a handler ObserveCommonTime for service usonia.ipc.TimeSynchronizer
04-09 09:59:56.882  3082  3082 I cast_shell: [3085:3085:INFO:grpc_manager_impl.cc(317)] Grpc server started in port 1
04-09 09:59:56.882  3082  3082 I cast_shell: [3085:3085:INFO:sensor_pref_manager.cc(84)] SensorPrefManager is disabled.
04-09 09:59:56.882  3082  3082 I cast_shell: [3085:3085:INFO:remote_ducking_receiver.cc(183)] remote ducking: starting receiver.
04-09 09:59:56.883  3082  3082 I cast_shell: [3085:3085:INFO:grpc_manager_impl.cc(505)] GRPC[uri=unix:/tmp/modular_updater/modular_update_service]: num_pending_calls=0, num_active_handlers=0, num_free_handlers=0
04-09 09:59:56.883  3082  3082 I cast_shell: [3085:3085:INFO:cast_power_manager_provider.cc(26)] Creating DummyCastPowerManagerProvider
04-09 09:59:56.890  3082  3082 I cast_shell: [3085:3085:INFO:timezone_settings.cc(288)] Setting system timezone to America/Los_Angeles
04-09 09:59:56.890  3082  3082 I cast_shell: [3085:3085:INFO:daily_reboot_impl.cc(172)] Daily reboot is disabled
04-09 09:59:56.890  3082  3082 I cast_shell: [3085:3085:INFO:api_reboot.cc(321)] active_activities count=1
04-09 09:59:56.890  3082  3082 I cast_shell: [3085:3085:INFO:cast_power_manager_provider.cc(26)] Creating DummyCastPowerManagerProvider
04-09 09:59:56.890  3082  3082 I cast_shell: [3085:3095:INFO:gamma_utils.cc(31)] Gamma calibration file is not present, use default LUT
04-09 09:59:56.890  3082  3082 I cast_shell: [3085:3085:INFO:cast_power_manager_provider.cc(26)] Creating DummyCastPowerManagerProvider
04-09 09:59:56.891  3082  3082 I cast_shell: [3085:3085:INFO:cast_power_manager_provider.cc(26)] Creating DummyCastPowerManagerProvider
04-09 09:59:56.893  3082  3082 I cast_shell: [3085:3085:INFO:setup_api_registry.cc(192)] Register external API: audio/delete_config
04-09 09:59:56.893  3082  3082 I cast_shell: [3085:3085:INFO:setup_api_registry.cc(192)] Register external API: audio/get_avail_processors
04-09 09:59:56.893  3082  3082 I cast_shell: [3085:3085:INFO:setup_api_registry.cc(192)] Register external API: audio/get_config
04-09 09:59:56.893  3082  3082 I cast_shell: [3085:3085:INFO:setup_api_registry.cc(192)] Register external API: audio/get_default_config
04-09 09:59:56.893  3082  3082 I cast_shell: [3085:3085:INFO:setup_api_registry.cc(192)] Register external API: audio/set_params
04-09 09:59:56.893  3082  3082 I cast_shell: [3085:3085:INFO:setup_api_registry.cc(192)] Register external API: audio/set_config
04-09 09:59:56.893  3082  3082 I cast_shell: [3085:3085:INFO:setup_api_registry.cc(192)] Register external API: user_eq/set_equalizer
04-09 09:59:56.893  3082  3082 I cast_shell: [3085:3085:INFO:capture_service_dummy.cc(11)] Dummy CaptureService.
04-09 09:59:56.893  3082  3082 I cast_shell: [3085:3095:INFO:tuning_manager.cc(118)] No file found at /etc/cast_audio.json
04-09 09:59:56.893  3082  3082 I cast_shell: [3085:3095:INFO:tuning_manager.cc(130)] No file found at /etc/cast_audio.json
04-09 09:59:56.895  3082  3082 I cast_shell: [3085:3085:INFO:setup_api_registry.cc(192)] Register external API: auto_media_volume
04-09 09:59:56.895  3082  3082 I cast_shell: [3085:3085:INFO:cast_thread_health_check.cc(53)] Receiver health check timeout: 15 seconds.
04-09 09:59:56.896  3082  3082 I cast_shell: [3085:3085:INFO:file_util.cc(28)] base_assistant_dir = /data/chrome
04-09 09:59:56.896  3082  3082 I cast_shell: [3085:3085:INFO:chromecast_service.cc(2189)] Geolocation changed to: 0
04-09 09:59:56.896  3082  3082 I cast_shell: [3085:3085:INFO:chromecast_service.cc(2229)] AoGH feature is: 0
04-09 09:59:56.896  3082  3082 I cast_shell: [3085:3085:INFO:chromecast_service.cc(2248)] Playback disruption feature is: 0
04-09 09:59:56.900  3082  3082 I cast_shell: [3085:3085:INFO:metrics_recorder.cc(112)] Metrics stat: total=0
04-09 09:59:56.900  3082  3082 I cast_shell: [3085:3109:INFO:media_manager_impl.cc(1043)] New device volume control type: new_type=1, old_type=0
04-09 09:59:56.901  3082  3082 I cast_shell: [3085:3109:INFO:media_manager_impl.cc(1066)] New device volume step interval: new_interval=0.02, old_interval=0
04-09 09:59:56.901  3082  3082 I cast_shell: [3085:3109:ERROR:media_manager_impl.cc(1294)] GetScreenResolution failed.
04-09 09:59:56.901  3082  3082 I cast_shell: [3085:3109:INFO:media_manager_impl.cc(343)] Media manager is initialized.
04-09 09:59:56.901  3082  3082 I cast_shell: [3085:3085:INFO:media_manager_impl.cc(269)] IsHdmiPlatform: 0
04-09 09:59:56.901  3082  3082 I cast_shell: [3085:3085:INFO:hds_settings.cc(136)] HdsSettings using HDS url https://preprod-home-devices.sandbox.google.com/
04-09 09:59:56.903  3082  3082 I cast_shell: [3085:3085:INFO:client_auth_creds.cc(173)] Device cert: 4D8AC5B9056A76852E4F FA:8F:CA:87:13:D1
04-09 09:59:56.903  3082  3082 I cast_shell: [3085:3085:INFO:client_auth_creds.cc(182)] Intermediate cert: LSB
04-09 09:59:56.903  3082  3082 I cast_shell: [3085:3085:INFO:client_auth_creds.cc(182)] Intermediate cert: Amlogic GVA Manufacturer Cert
04-09 09:59:56.903  3082  3082 I cast_shell: [3085:3085:INFO:client_auth_creds.cc(226)] Imported client auth cert.
04-09 09:59:56.903  3082  3082 I cast_shell: [3085:3085:INFO:client_auth_creds.cc(237)] Imported client auth private key
04-09 09:59:56.903  3082  3082 I cast_shell: [3085:3085:INFO:client_auth_signer.cc(155)] Created singleton instance of ClientAuthSigner.
04-09 09:59:56.903  3082  3082 I cast_shell: [3085:3085:INFO:client_auth_manager.cc(119)] Storing the certificate first used by the device.
04-09 09:59:56.958  3082  3082 I cast_shell: [3085:3085:WARNING:application_config_manager_impl.cc(253)] Cannot read application config file: /fakeapp.conf
04-09 09:59:56.959  3082  3082 I cast_shell: [3085:3085:INFO:application_manager_impl.cc(398)] Application manager is initialized.
04-09 09:59:56.959  3082  3082 I cast_shell: [3085:3085:INFO:mdns_cast_service.cc(156)] Device discovery state is idle
04-09 09:59:56.960  3082  3082 I cast_shell: [3085:3085:INFO:mdns_manager_impl.cc(177)] MdnsManager is initialized
04-09 09:59:56.960  3082  3082 I cast_shell: [3085:3134:INFO:mdns_app_filter.cc(573)] MdnsAppFilter initialized
04-09 09:59:56.961  3082  3082 I cast_shell: [3085:3134:INFO:discovered_service_client.cc(102)] Registering new service PTR listener: _googlecast._tcp.local
04-09 09:59:56.961  3082  3082 I cast_shell: [3085:3135:INFO:v2_transport.cc(458)] Added Cast V2 endpoint: id=Tr@n$p0rt-0, socket_factory_id=[PII](*)
04-09 09:59:56.961  3082  3082 I cast_shell: [3085:3135:INFO:endpoint_with_namespace_handler.cc(103)] Added a namespace handler: local_id=Tr@n$p0rt-0, namespace=urn:x-cast:com.google.cast.tp.connection
04-09 09:59:56.961  3082  3082 I cast_shell: [3085:3135:INFO:endpoint_with_namespace_handler.cc(103)] Added a namespace handler: local_id=Tr@n$p0rt-0, namespace=urn:x-cast:com.google.cast.tp.heartbeat
04-09 09:59:56.961  3082  3082 I cast_shell: [3085:3135:INFO:endpoint_with_namespace_handler.cc(103)] Added a namespace handler: local_id=Tr@n$p0rt-0, namespace=urn:x-cast:com.google.cast.tp.deviceauth
04-09 09:59:56.961  3082  3082 I cast_shell: [3085:3135:INFO:v2_transport.cc(335)] V2Transport initialized.
04-09 09:59:56.961  3082  3082 I cast_shell: [3085:3085:INFO:config_downloader.cc(239)] Set config periodic interval: min=300, max=420
04-09 09:59:56.961  3082  3082 I cast_shell: [3085:3085:INFO:crl_downloader.cc(274)] Set CRL periodic interval: min=2160, max=2880
04-09 09:59:56.962  3082  3082 I cast_shell: [3085:3085:INFO:hds_broker_impl.cc(121)] HDS type registered type.googleapis.com/home.hds.proto.device.relayedcasting.RelayedCastingPleaseConnectRequest
04-09 09:59:56.962  3082  3082 I cast_shell: [3085:3135:INFO:v2_transport.cc(411)] Added socket factory: id=domain-socket@/tmp/cast-control
04-09 09:59:56.962  3082  3082 I cast_shell: [3085:3135:INFO:v2_transport.cc(411)] Added socket factory: id=opencast-socket
04-09 09:59:56.963  3082  3082 I cast_shell: [3085:3085:INFO:mdns_util.cc(102)] Defaulting mDNS capabilities for audio-only build
04-09 09:59:56.963  3082  3082 I cast_shell: [3085:3135:INFO:v2_transport.cc(458)] Added Cast V2 endpoint: id=receiver-2cec482d-81db-be4d-3d6f-59c6d1e36b0e, socket_factory_id=[PII](2cec482d-81db-be4d-3d6f-59c6d1e36b0e)
04-09 09:59:56.963  3082  3082 I cast_shell: [3085:3135:INFO:endpoint_with_namespace_handler.cc(103)] Added a namespace handler: local_id=receiver-2cec482d-81db-be4d-3d6f-59c6d1e36b0e, namespace=urn:x-cast:com.google.cast.receiver
04-09 09:59:56.963  3082  3082 I cast_shell: [3085:3135:INFO:endpoint_with_namespace_handler.cc(103)] Added a namespace handler: local_id=receiver-2cec482d-81db-be4d-3d6f-59c6d1e36b0e, namespace=urn:x-cast:com.google.cast.receiver.discovery
04-09 09:59:56.963  3082  3082 I cast_shell: [3085:3135:INFO:endpoint_with_namespace_handler.cc(103)] Added a namespace handler: local_id=receiver-2cec482d-81db-be4d-3d6f-59c6d1e36b0e, namespace=urn:x-cast:com.google.cast.receiver.debug
04-09 09:59:56.963  3082  3082 I cast_shell: [3085:3135:INFO:v2_transport.cc(411)] Added socket factory: id=2cec482d-81db-be4d-3d6f-59c6d1e36b0e
04-09 09:59:56.963  3082  3082 I cast_shell: [3085:3085:INFO:virtual_device_manager.cc(138)] Added virtual device: id=[PII](2cec482d-81db-be4d-3d6f-59c6d1e36b0e)
04-09 09:59:56.963  3082  3082 I cast_shell: [3085:3085:INFO:ccs_manager_impl.cc(522)] Added CCS device
04-09 09:59:56.963  3082  3082 I cast_shell: [3085:3085:INFO:ccs_manager_impl.cc(523)] [PII] device_id=765C33A78AAC80C58F32442F885EF9C3
04-09 09:59:56.963  3082  3082 I cast_shell: [3085:3135:INFO:endpoint_with_namespace_handler.cc(103)] Added a namespace handler: local_id=receiver-2cec482d-81db-be4d-3d6f-59c6d1e36b0e, namespace=urn:x-cast:com.google.cast.receiver.key_exchange
04-09 09:59:56.963  3082  3082 I cast_shell: [3085:3135:INFO:endpoint_with_namespace_handler.cc(103)] Added a namespace handler: local_id=receiver-2cec482d-81db-be4d-3d6f-59c6d1e36b0e, namespace=urn:x-cast:com.google.cast.broadcast
04-09 09:59:56.965  2731  2745 W HotspotManager: hotspot already stopped
04-09 09:59:56.967  3082  3082 I cast_shell: [3085:3095:INFO:hotspot_controller_netmgr.cc(134)] Hotspot socket initialized: /dev/socket/net_mgr
04-09 09:59:56.967  3082  3082 I cast_shell: [3085:3095:INFO:hotspot_manager.cc(103)] Stop zombie hotspot if there is one
04-09 09:59:56.967  3082  3082 I cast_shell: [3085:3134:INFO:discovered_service_client.cc(102)] Registering new service PTR listener: _googlerpc._tcp.local
04-09 09:59:56.968  3082  3082 I cast_shell: [3085:3124:INFO:net_util_shlib_support.cc(51)] Wifi interface found: wlan0
04-09 09:59:56.968  3082  3082 I cast_shell: [3085:3124:INFO:net_util_shlib_support.cc(51)] Wifi interface found: p2p0
04-09 09:59:56.968  3082  3082 I cast_shell: [3085:3124:INFO:net_util_shlib_support.cc(51)] Wifi interface found: p2p1
04-09 09:59:56.968  3082  3082 I cast_shell: [3085:3124:INFO:net_util_shlib_support.cc(51)] Wifi interface found: wfd0
04-09 09:59:56.968  3082  3082 I cast_shell: [3085:3124:INFO:wifi_controller_wpa_supplicant.cc(456)] Wifi is active: wifi_netif=wlan0
04-09 09:59:56.968  3082  3082 I cast_shell: [3085:3124:INFO:wpa_ctrl_wrapper_impl.cc(64)] wpa_ctrl is open: path=/dev/socket/wpa_wlan0, is_monitor=0
04-09 09:59:56.971  3082  3082 I cast_shell: [3085:3124:INFO:setup_manager_impl.cc(732)] Initially set Google DNS servers: enable
04-09 09:59:56.971  3082  3082 I cast_shell: [3085:3085:INFO:multizone_setup.cc(206)] OEM delay = 0 s
04-09 09:59:56.971  3082  3082 I cast_shell: [3085:3124:INFO:setup_api_registry.cc(192)] Register external API: eureka_info
04-09 09:59:56.971  3082  3082 I cast_shell: [3085:3124:INFO:setup_api_registry.cc(192)] Register external API: set_eureka_info
04-09 09:59:56.971  3082  3082 I cast_shell: [3085:3085:INFO:mdns_util.cc(102)] Defaulting mDNS capabilities for audio-only build
04-09 09:59:56.971  3082  3082 I cast_shell: [3085:3124:INFO:setup_api_registry.cc(192)] Register external API: set_network
04-09 09:59:56.971  3082  3082 I cast_shell: [3085:3124:INFO:setup_api_registry.cc(192)] Register external API: set_network_ssid
04-09 09:59:56.971  3082  3082 I cast_shell: [3085:3085:INFO:api_reboot.cc(321)] active_activities count=1
04-09 09:59:56.971  3082  3082 I cast_shell: [3085:3085:INFO:setup_api_registry.cc(192)] Register external API: reboot
04-09 09:59:56.971  3082  3082 I cast_shell: [3085:3124:INFO:setup_api_registry.cc(192)] Register external API: get_app_device_id
04-09 09:59:56.976  2710  2710 I wpa_supplicant: wlan0: CTRL-EVENT-REGDOM-CHANGE init=CORE type=WORLD
04-09 09:59:56.979  2711  2723 I yani_server: NetLink Event '-1' Interface-Index '5' WLAN '-1' Ethernet '-1' Parsed-iFill '-1' -> 'INVALID' ifIndex '1' -> 'lo'
04-09 09:59:56.985  2711  2723 I yani_server: NetLink Event '-1' Interface-Index '5' WLAN '0' Ethernet '-1' Parsed-iFill '-1' -> 'INVALID' ifIndex '1' -> 'lo'
04-09 09:59:56.998  2734  2812 I bluetoothtbd: [0408/212956.997934:INFO:gatt_api.cc(1005)] GATT_Register
04-09 09:59:56.998  2734  2812 I bluetoothtbd: [0408/212956.998148:INFO:gatt_api.cc(1028)] allocated gatt_if=4
04-09 09:59:57.003  2734  2812 E bt_btif : register application first_unuse rcb_idx = 0
04-09 09:59:57.003  2734  2812 I bluetoothtbd: [0408/212957.003081:INFO:gatt_api.cc(1005)] GATT_Register
04-09 09:59:57.003  2734  2812 I bluetoothtbd: [0408/212957.003182:INFO:gatt_api.cc(1028)] allocated gatt_if=5
04-09 09:59:57.010  2734  2812 I bluetoothtbd: [0408/212957.010081:INFO:gatt_api.cc(1005)] GATT_Register
04-09 09:59:57.010  2734  2812 I bluetoothtbd: [0408/212957.010253:INFO:gatt_api.cc(1028)] allocated gatt_if=6
04-09 09:59:57.010  2734  2762 I bluetoothtbd: [0408/212957.010812:INFO:adapter.cc(551)] Adapter properties changed
04-09 09:59:57.010  2734  2762 I bluetoothtbd: [0408/212957.010940:INFO:adapter.cc(573)] Adapter name changed
04-09 09:59:57.011  2734  2762 I bluetoothtbd: [0408/212957.011903:INFO:adapter.cc(551)] Adapter properties changed
04-09 09:59:57.012  3082  3082 I cast_shell: [3085:3085:INFO:input_manager_impl.cc(284)] RegisterInput: device_id: cast, type: 0, state: 0
04-09 09:59:57.012  3082  3082 I cast_shell: [3085:3085:INFO:input_manager_impl.cc(308)] NotifyInputConnect: device_id: cast, sample_rate: 0, num_channels: 0
04-09 09:59:57.012  3082  3082 I cast_shell: [3085:3085:INFO:input_manager_impl.cc(370)] SetActiveInput: cast
04-09 09:59:57.013  3082  3082 I cast_shell: [3085:3085:INFO:bluetooth_setup.cc(690)] Disabling connectability.
04-09 09:59:57.014  3082  3082 I cast_shell: [3085:3135:INFO:endpoint_with_namespace_handler.cc(103)] Added a namespace handler: local_id=receiver-2cec482d-81db-be4d-3d6f-59c6d1e36b0e, namespace=urn:x-cast:com.google.cast.audio.input
04-09 09:59:57.014  3082  3082 I cast_shell: [3085:3085:INFO:input_manager_impl.cc(284)] RegisterInput: device_id: bluetooth, type: 1, state: 0
04-09 09:59:57.014  2734  2762 I bluetoothtbd: [0408/212957.014273:INFO:adapter.cc(551)] Adapter properties changed
04-09 09:59:57.014  3082  3082 I cast_shell: [3085:3085:INFO:robot_account_auth_manager.cc(295)] No backend type specified. Getting COS URL based on the build type instead.
04-09 09:59:57.015  3082  3082 I cast_shell: [3085:3085:INFO:robot_account_auth_manager.cc(312)] Auth url: https://clients5.google.com/cast/orchestration/googleoauthtoken?rt=b
04-09 09:59:57.015  3082  3082 I cast_shell: [3085:3085:WARNING:robot_account_auth_manager.cc(463)] Failed to initialize JWT for 38579375
04-09 09:59:57.015  3082  3082 I cast_shell: [3085:3085:INFO:queryable_data_registrar.cc(52)] Registering queryable data for managed mode as: 0
04-09 09:59:57.015  3082  3082 I cast_shell: [3085:3085:INFO:queryable_data_registrar.cc(59)] Registering enable_hls_sample_aes=1
04-09 09:59:57.016  2734  2812 I bluetoothtbd: [0408/212957.015784:INFO:btif_ble_advertiser.cc(90)] RegisterAdvertiserCb status: 0 , adveriser_id: 0
04-09 09:59:57.016  3082  3082 I cast_shell: [3085:3085:INFO:hds_broker_impl.cc(121)] HDS type registered type.googleapis.com/home.hds.proto.device.cast.ManagedModeCommandRequest
04-09 09:59:57.016  3082  3082 I cast_shell: [3085:3124:INFO:gatt_client_manager_impl.cc(202)] Enabling GATT client connectability
04-09 09:59:57.016  3082  3082 I cast_shell: [3085:3124:INFO:setup_api_registry.cc(192)] Register external API: input/status
04-09 09:59:57.017  3082  3082 I cast_shell: [3085:3124:INFO:setup_api_registry.cc(192)] Register external API: input/set_active
04-09 09:59:57.017  3082  3082 I cast_shell: [3085:3124:INFO:setup_api_registry.cc(192)] Register external API: input/debug_register
04-09 09:59:57.017  3082  3082 I cast_shell: [3085:3124:INFO:setup_api_registry.cc(192)] Register external API: input/debug_connect
04-09 09:59:57.017  3082  3082 I cast_shell: [3085:3124:INFO:setup_api_registry.cc(192)] Register external API: input/debug_disconnect
04-09 09:59:57.017  3082  3082 I cast_shell: [3085:3135:INFO:endpoint_with_namespace_handler.cc(103)] Added a namespace handler: local_id=receiver-2cec482d-81db-be4d-3d6f-59c6d1e36b0e, namespace=urn:x-cast:com.google.cast.assistant
04-09 09:59:57.017  3082  3082 I cast_shell: [3085:3085:INFO:grpc_manager_impl.cc(245)] Registered service chromecast.modular_update.ModularUpdateService
04-09 09:59:57.017  3082  3082 I cast_shell: [3085:3135:INFO:endpoint_with_namespace_handler.cc(103)] Added a namespace handler: local_id=receiver-2cec482d-81db-be4d-3d6f-59c6d1e36b0e, namespace=urn:x-cast:com.google.cast.companionauth
04-09 09:59:57.017  3082  3082 I cast_shell: [3085:3085:INFO:grpc_manager_impl.cc(262)] Registered a handler GetCastInfo for service chromecast.modular_update.ModularUpdateService
04-09 09:59:57.017  3082  3082 I cast_shell: [3085:3135:INFO:endpoint_with_namespace_handler.cc(103)] Added a namespace handler: local_id=receiver-2cec482d-81db-be4d-3d6f-59c6d1e36b0e, namespace=urn:x-cast:com.google.cast.companion
04-09 09:59:57.020  3082  3082 I cast_shell: [3085:3124:INFO:bluetooth_manager.cc(115)] Record action: Cast.Bluetooth.DiscoveryMode.Disable
04-09 09:59:57.020  3082  3082 I cast_shell: [3085:3124:INFO:setup_api_registry.cc(192)] Register external API: bluetooth/api
04-09 09:59:57.020  3082  3082 I cast_shell: [3085:3124:INFO:setup_api_registry.cc(192)] Register external API: bluetooth/bond
04-09 09:59:57.020  3082  3082 I cast_shell: [3085:3124:INFO:setup_api_registry.cc(192)] Register external API: bluetooth/connect
04-09 09:59:57.020  3082  3082 I cast_shell: [3085:3124:INFO:setup_api_registry.cc(192)] Register external API: bluetooth/discovery
04-09 09:59:57.020  3082  3082 I cast_shell: [3085:3124:INFO:setup_api_registry.cc(192)] Register external API: bluetooth/get_bonded
04-09 09:59:57.020  3082  3082 I cast_shell: [3085:3124:INFO:setup_api_registry.cc(192)] Register external API: bluetooth/scan
04-09 09:59:57.020  3082  3082 I cast_shell: [3085:3124:INFO:setup_api_registry.cc(192)] Register external API: bluetooth/scan_results
04-09 09:59:57.020  3082  3082 I cast_shell: [3085:3124:INFO:setup_api_registry.cc(192)] Register external API: bluetooth/set_connectable
04-09 09:59:57.020  3082  3082 I cast_shell: [3085:3124:INFO:setup_api_registry.cc(192)] Register external API: bluetooth/status
04-09 09:59:57.021  3082  3082 I cast_shell: [3085:3124:INFO:setup_api_registry.cc(192)] Register external API: bluetooth/le/connect
04-09 09:59:57.021  3082  3082 I cast_shell: [3085:3124:INFO:setup_api_registry.cc(192)] Register external API: bluetooth/le/pause_scan
04-09 09:59:57.021  3082  3082 I cast_shell: [3085:3124:INFO:setup_api_registry.cc(192)] Register external API: bluetooth/le/set_scan_parameters
04-09 09:59:57.021  3082  3082 I cast_shell: [3085:3124:INFO:setup_api_registry.cc(192)] Register external API: bluetooth/le/scan
04-09 09:59:57.021  3082  3082 I cast_shell: [3085:3124:INFO:setup_api_registry.cc(192)] Register external API: bluetooth/le/scan_results
04-09 09:59:57.021  3082  3082 I cast_shell: [3085:3124:INFO:setup_api_registry.cc(192)] Register external API: bluetooth/debug
04-09 09:59:57.021  3082  3082 I cast_shell: [3085:3124:INFO:setup_api_registry.cc(192)] Register external API: accessory/debug
04-09 09:59:57.022  3082  3082 I cast_shell: [3085:3124:INFO:bluetooth_manager.cc(1232)] [PII] Set device name to 'LSB7519'
04-09 09:59:57.022  3082  3082 I cast_shell: [3085:3085:ERROR:server.cc(243)] XDG_RUNTIME_DIR not set in the environment
04-09 09:59:57.022  3082  3082 I cast_shell: [3085:3085:ERROR:wayland_server_controller.cc(27)] Wayland server creation failed
04-09 09:59:57.023  3082  3082 I cast_shell: [3085:3085:WARNING:cast_metrics_service_client.cc(134)] Empty client id from platform, assuming this is the first boot up of a new device.
04-09 09:59:57.023  2734  2762 I bluetoothtbd: [0408/212957.022624:INFO:adapter.cc(551)] Adapter properties changed
04-09 09:59:57.023  3082  3082 I cast_shell: [3085:3085:INFO:cast_metrics_service_client.cc(93)] Metrics client ID set: fbc5d331-fa39-4d48-8315-6ca2c7ffcd9a
04-09 09:59:57.023  3082  3082 I cast_shell: [3085:3085:INFO:device_info_impl.cc(970)] Metrics client ID: fbc5d331-fa39-4d48-8315-6ca2c7ffcd9a
04-09 09:59:57.023  3082  3082 I cast_shell: [3085:3124:INFO:wifi_proximity.cc(177)] Request scan.
04-09 09:59:57.023  2734  2762 I bluetoothtbd: [0408/212957.023465:INFO:adapter.cc(573)] Adapter name changed
04-09 09:59:57.024  3082  3082 I cast_shell: [3085:3085:INFO:cast_metrics_service_client.cc(93)] Metrics client ID set: fbc5d331-fa39-4d48-8315-6ca2c7ffcd9a
04-09 09:59:57.024  3082  3082 I cast_shell: [3085:3085:INFO:device_info_impl.cc(970)] Metrics client ID: fbc5d331-fa39-4d48-8315-6ca2c7ffcd9a
04-09 09:59:57.030  3082  3082 I cast_shell: [3085:3098:INFO:crypto_manager.cc(75)] Creating private key: size=2048
04-09 09:59:57.030  3082  3082 I cast_shell: [3085:3135:ERROR:socket_posix.cc(148)] bind() failed: Address already in use (98)
04-09 09:59:57.030  3082  3082 I cast_shell: [3085:3085:INFO:cast_receiver_impl.cc(828)] Cast receiver started.
04-09 09:59:57.030  3082  3082 I cast_shell: [3085:3135:INFO:v2_ssl_socket.cc(775)] IPv6 socket probably supports both IPv4 and IPv6
04-09 09:59:57.030  3082  3082 I cast_shell: [3085:3085:WARNING:cast_receiver_impl.cc(1126)] Network is not globally connected. Don't schedule config downloading yet.
04-09 09:59:57.030  3082  3082 I cast_shell: [3085:3135:INFO:v2_unix_domain_socket_factory.cc(84)] Cast V2 Unix domain socket is listening: path=/tmp/cast-control
04-09 09:59:57.030  3082  3082 I cast_shell: [3085:3135:ERROR:broadcast_filter.cc(70)] Failed to join broadcast filter multicast group
04-09 09:59:57.030  3082  3082 I cast_shell: [3085:3135:WARNING:broadcast_filter.cc(120)] Failed to enable BroadcastFilter
04-09 09:59:57.030  3082  3082 I cast_shell: [3085:3134:INFO:metrics_recorder.cc(282)] cast event: Cast.Discovery.Mdns.SocketCreated
04-09 09:59:57.030  3082  3082 I cast_shell: [3085:3134:INFO:mdns_app_filter.cc(1254)] Created mDNS socket for interface:name=p2p1, address=192.168.2.1, index=7
04-09 09:59:57.030  3082  3082 I cast_shell: [3085:3134:INFO:metrics_recorder.cc(282)] cast event: Cast.Discovery.Mdns.SocketCreated
04-09 09:59:57.040  3082  3082 I cast_shell: [3085:3093:ERROR:service_manager.cc(210)] Failed to resolve service name: cast_assistant
04-09 09:59:57.040  3082  3082 I cast_shell: [3085:3149:ERROR:cast_audio_input_json.cc(33)] Failed to read JSON file: /etc/cast_audio_input.json
04-09 09:59:57.041  3082  3082 I cast_shell: [3085:3149:ERROR:channel_selector_reader.cc(44)] Failed to read audio input json
04-09 09:59:57.041  3082  3082 I cast_shell: [3085:3149:INFO:auto_volume.cc(107)] Auto volume is disabled
04-09 09:59:57.043  3082  3082 I cast_shell: [3085:3085:INFO:audio_focus_manager_impl.cc(27)] use_media_starting_block: 0
04-09 09:59:57.044  3082  3082 I cast_shell: [3085:3085:INFO:grpc_auth_manager_in_process.cc(135)] Initializing Auth.
04-09 09:59:57.044  3082  3082 I cast_shell: [3085:3085:INFO:grpc_manager_impl.cc(505)] GRPC[uri=[::]:8012]: num_pending_calls=0, num_active_handlers=0, num_free_handlers=0
04-09 09:59:57.047  3082  3082 I cast_shell: [3085:3085:INFO:grpc_manager_impl.cc(317)] Grpc server started in port 8012
04-09 09:59:57.048  3082  3082 I cast_shell: [3085:3134:INFO:mdns_app_filter.cc(1605)] Re-probing due to newly registered service '1': _googlerpc
04-09 09:59:57.053  3082  3082 I cast_shell: [3085:3085:INFO:ccs_manager_impl.cc(851)] Network connectivity down for CcsManager
04-09 09:59:57.053  3082  3082 I cast_shell: [3085:3105:INFO:cast_auth_api_adaptor.cc(82)] CastAuth: init with library: libcast_auth.so
04-09 09:59:57.053  3082  3082 I cast_shell: [3085:3085:INFO:mdns_manager_impl.cc(468)] Setting new conflict callback
04-09 09:59:57.053  3082  3082 I cast_shell: [3085:3085:INFO:mdns_util.cc(102)] Defaulting mDNS capabilities for audio-only build
04-09 09:59:57.053  3082  3082 I cast_shell: [3085:3085:INFO:virtual_device_manager.cc(247)] Virtual device [PII](2cec482d-81db-be4d-3d6f-59c6d1e36b0e) using Cast V2 port 8009
04-09 09:59:57.053  3082  3082 I cast_shell: [3085:3105:INFO:cast_auth_api_adaptor.cc(93)] CastAuth: common module initialization successful.
04-09 09:59:57.053  3082  3082 I cast_shell: [3085:3134:INFO:mdns_app_filter.cc(1605)] Re-probing due to newly registered service '2': _googlecast
04-09 09:59:57.053  3082  3082 I cast_shell: [3085:3134:INFO:mdns_util.cc(102)] Defaulting mDNS capabilities for audio-only build
04-09 09:59:57.053  3082  3082 I cast_shell: [3085:3085:INFO:ccs_manager_impl.cc(1322)] Waiting for all transports to be enabled
04-09 09:59:57.053  3082  3082 I cast_shell: [3085:3085:INFO:bluetooth_setup.cc(690)] Disabling connectability.
04-09 09:59:57.053  3082  3082 I cast_shell: [3085:3085:INFO:input_manager_impl.cc(468)] Using virtual device 2cec482d-81db-be4d-3d6f-59c6d1e36b0e
04-09 09:59:57.110  3082  3082 I cast_shell: [3085:3085:INFO:secure_storage_impl.cc(107)] Secure storage initialized.
04-09 09:59:57.110  3082  3082 I cast_shell: [3085:3085:INFO:ccs_manager_impl.cc(851)] Network connectivity down for CcsManager
04-09 09:59:57.185  2953  2964 D wac-main: Netlink event
04-09 09:59:57.185  2953  2964 E wac-main: Netlink event 16 Interface Index 6 
04-09 09:59:57.185  2953  2964 E wac-main: p2p0 event Link Changed : 1002 
04-09 09:59:57.185  2953  2964 E wac-main: Enter poll and wait
04-09 09:59:57.186  2711  2723 I yani_kernel: yani_geteventfrom_changeaddr() Message-Id '1' Netlink event '16' Interface Index '6' -> Name 'p2p0' 
04-09 09:59:57.191  3082  3082 I cast_shell: [3085:3085:INFO:device_info_impl.cc(1094)] Primary netif changed: new=usb0, old=
04-09 09:59:57.191  3082  3082 I cast_shell: [3085:3085:INFO:device_info_impl.cc(1103)] Primary IP address changed: netif=usb0, new=192.168.10.1, old=
04-09 09:59:57.196  3082  3082 I cast_shell: [system_updater_dummy.cpp(79)] Initialize
04-09 09:59:57.196  3082  3082 I cast_shell: [system_updater_dummy.cpp(29)] system_updater_socket_create
04-09 09:59:57.196  3082  3082 I cast_shell: [3085:3085:INFO:cast_receiver_impl.cc(1612)] mDNS Discovery stopped.
04-09 09:59:57.196  3082  3082 I cast_shell: [3085:3085:INFO:cast_receiver_impl.cc(1667)] Network is globally disconnected. Refresh CcsManager
04-09 09:59:57.257  2960  2977 I otamanager: OTAManager connected to CastUpdater via  /tmp/socket/system_updater
04-09 09:59:57.257  2960  2977 I otamanager: cast_updater_threadEntry socket handle 5
04-09 09:59:57.410  2954  3002 I LibreCastControl: LibreCastControl_init() Socket Initialized
04-09 09:59:57.419  2954  3002 E LibreCastControl: PULSAR:CreateCastControlThread:18
04-09 09:59:57.420  2954  3002 E LibreCastControl: Create LibreCastLUCITimerThreadInit 
04-09 09:59:57.420  2954  3161 E LibreCastControl: PULSAR:Run:23
04-09 09:59:57.420  2954  3162 E LibreCastControl: Timer Sem Wait Start iCastPlayerstate = 0 
04-09 09:59:57.434  2691  2691 I sh      : [0408/212957.433285:INFO:cast_control_impl.cc(744)] CastControl has started running.
04-09 09:59:57.434  2691  2691 I sh      : [0408/212957.434140:INFO:cast_control_impl.cc(745)] Attempting to connect CastMessageService. socket=/tmp/cast-control
04-09 09:59:57.437  2954  3161 I LibreCastControlDelegate: OnCastStatus() +++ :0xac7a6198:STARTING
04-09 09:59:57.437  2691  2691 I sh      : [0408/212957.437089:INFO:cast_control_socket.cc(64)] Successfully connected Cast Control Socket
04-09 09:59:57.437  2954  3161 E LibreCastControlDelegate: OnCastStatus:177
04-09 09:59:57.438  2954  3161 I LibreCastControl: LibreCastControl_SetCastName()  name 'Lyric Speaker Box 21f384' RequestId '1' pCastControl 0xf4c00728
04-09 09:59:57.439  2954  3161 I LibreCastControlDelegate: Active Applications -> 0
04-09 09:59:57.439  2954  3161 I LibreCastControlDelegate: Current Cast State '1' -> 'STARTING'
04-09 09:59:57.439  2954  3161 I LibreCastControlDelegate: OnCastStatus() ---
04-09 09:59:57.439  2691  2691 I sh      : [0408/212957.439131:INFO:cast_message_service_impl.cc(185)] Sending connect message!
04-09 09:59:57.443  3082  3082 I cast_shell: [3085:3135:INFO:metrics_recorder.cc(282)] Cast v2 action(socket_id=domain-socket@/tmp/cast-control.1): CastV2.Connection.Connect.In
04-09 09:59:57.443  3082  3082 I cast_shell: [3085:3085:INFO:resource_namespace_handler.cc(307)] Setting resource provider: sender_id=domain-socket@/tmp/cast-control.1:system-0
04-09 09:59:57.444  2691  2691 I sh      : [0408/212957.444083:INFO:cast_message_service_impl.cc(1007)] CastMessageServiceImpl matched versions
04-09 09:59:57.679  2731  2745 I WifiUtil: get p2p0 channel 6 (2437MHz)
04-09 09:59:57.679  2731  2745 I HotspotManager: start hostapd at channel=6 SSID=<SSID omitted> hidden_ssid=0
04-09 09:59:57.688  2953  2964 D wac-main: Netlink event
04-09 09:59:57.688  2953  2964 E wac-main: Netlink event 20 Interface Index 6 
04-09 09:59:57.688  2953  2964 E wac-main: Enter poll and wait
04-09 09:59:57.688  2953  2964 D wac-main: Netlink event
04-09 09:59:57.688  2953  2964 E wac-main: Netlink event 21 Interface Index 6 
