04-09 11:24:31.676  2969  2979 E wac-main: Netlink event 16 Interface Index 5 
04-09 11:24:31.676  2969  2979 E wac-main: Enter poll and wait
04-09 11:24:31.676  2969  2979 D wac-main: Netlink event
04-09 11:24:31.676  2969  2979 E wac-main: Netlink event 16 Interface Index 5 
04-09 11:24:31.676  2969  2979 E wac-main: Enter poll and wait
04-09 11:24:31.678  2709  2709 I wpa_supplicant: wlan0: SME: Trying to authenticate with c8:b3:73:44:ae:ef (SSID='Linksys16717_2G' freq=2427 MHz)
04-09 11:24:31.679  2710  2722 I yani_server: NetLink Event '-1' Interface-Index '5' WLAN '0' Ethernet '-1' Parsed-iFill '-1' -> 'INVALID' ifIndex '1' -> 'lo'
04-09 11:24:31.679  2710  2722 I chatty  : uid=0(root) YaniServer identical 1 line
04-09 11:24:31.680  2710  2722 I yani_server: NetLink Event '-1' Interface-Index '5' WLAN '0' Ethernet '-1' Parsed-iFill '-1' -> 'INVALID' ifIndex '1' -> 'lo'
04-09 11:24:31.695  2710  2722 I yani_kernel: yani_geteventfrom_changeaddr() Message-Id '1' Netlink event '16' Interface Index '5' -> Name 'wlan0' 
04-09 11:24:31.710  3166  3166 I hostapd : p2p0: IEEE 802.11 driver had channel switch: freq=2427, ht=1, vht_ch=0x0, offset=0, width=1 (20 MHz), cf1=2427, cf2=0
04-09 11:24:31.711  2995  2995 I hostapd : p2p1: IEEE 802.11 driver had channel switch: freq=2427, ht=1, vht_ch=0x0, offset=0, width=1 (20 MHz), cf1=2427, cf2=0
04-09 11:24:31.712  2709  2709 I wpa_supplicant: wlan0: Associated with c8:b3:73:44:ae:ef
04-09 11:24:31.713  2709  2709 I wpa_supplicant: wlan0: CTRL-EVENT-SUBNET-STATUS-UPDATE status=0
04-09 11:24:31.716  2969  2979 D wac-main: Netlink event
04-09 11:24:31.717  2969  2979 E wac-main: Netlink event 16 Interface Index 5 
04-09 11:24:31.717  2969  2979 E wac-main: Enter poll and wait
04-09 11:24:31.717  2969  2979 D wac-main: Netlink event
04-09 11:24:31.717  2969  2979 E wac-main: Netlink event 16 Interface Index 5 
04-09 11:24:31.717  2969  2979 E wac-main: Enter poll and wait
04-09 11:24:31.717  2969  2979 D wac-main: Netlink event
04-09 11:24:31.717  2969  2979 E wac-main: Netlink event 16 Interface Index 5 
04-09 11:24:31.720  2709  2709 I wpa_supplicant: wlan0: WPA: RX message 1 of 4-Way Handshake from c8:b3:73:44:ae:ef (ver=2)
04-09 11:24:31.721  2709  2709 I wpa_supplicant: wlan0: WPA: Sending EAPOL-Key 2/4
04-09 11:24:31.722  2710  2722 I yani_server: NetLink Event '-1' Interface-Index '5' WLAN '-1' Ethernet '-1' Parsed-iFill '-1' -> 'INVALID' ifIndex '1' -> 'lo'
04-09 11:24:31.723  2710  2722 I yani_server: NetLink Event '-1' Interface-Index '5' WLAN '0' Ethernet '-1' Parsed-iFill '-1' -> 'INVALID' ifIndex '1' -> 'lo'
04-09 11:24:31.723  2710  2722 I chatty  : uid=0(root) YaniServer identical 1 line
04-09 11:24:31.724  2710  2722 I yani_server: NetLink Event '-1' Interface-Index '5' WLAN '0' Ethernet '-1' Parsed-iFill '-1' -> 'INVALID' ifIndex '1' -> 'lo'
04-09 11:24:31.724  2710  2722 I yani_kernel: yani_geteventfrom_changeaddr() Message-Id '1' Netlink event '16' Interface Index '5' -> Name 'wlan0' 
04-09 11:24:31.729  2710  2722 I chatty  : uid=0(root) YaniServer identical 4 lines
04-09 11:24:31.730  2710  2722 I yani_kernel: yani_geteventfrom_changeaddr() Message-Id '1' Netlink event '16' Interface Index '5' -> Name 'wlan0' 
04-09 11:24:31.739  2709  2709 I wpa_supplicant: wlan0: WPA: RX message 3 of 4-Way Handshake from c8:b3:73:44:ae:ef (ver=2)
04-09 11:24:31.739  2709  2709 I wpa_supplicant: wlan0: WPA: Sending EAPOL-Key 4/4
04-09 11:24:31.741  2709  2709 I wpa_supplicant: wlan0: WPA: Key negotiation completed with c8:b3:73:44:ae:ef [PTK=CCMP GTK=TKIP]
04-09 11:24:31.741  2709  2709 I wpa_supplicant: wlan0: CTRL-EVENT-CONNECTED - Connection to c8:b3:73:44:ae:ef completed [id=0 id_str=]
04-09 11:24:31.741  2969  2979 D wac-main: Netlink event
04-09 11:24:31.742  2735  2735 D dhcpcd  : wlan0: carrier acquired
04-09 11:24:31.744  3087  3087 I cast_shell: [3090:3143:INFO:wifi_controller_wpa_supplicant.cc(634)] After connection, current_wifi_index=0
04-09 11:24:31.745  2969  2979 E wac-main: Netlink event 16 Interface Index 5 
04-09 11:24:31.745  2969  2979 E wac-main: Enter poll and wait
04-09 11:24:31.745  2969  2979 D wac-main: Netlink event
04-09 11:24:31.745  2969  2979 E wac-main: Netlink event 16 Interface Index 5 
04-09 11:24:31.745  2969  2979 E wac-main: Enter poll and wait
04-09 11:24:31.745  2969  2979 D wac-main: Netlink event
04-09 11:24:31.745  2969  2979 E wac-main: Netlink event 16 Interface Index 5 
04-09 11:24:31.745  2969  2979 E wac-main: Enter poll and wait
04-09 11:24:31.746  2710  2722 I yani_server: NetLink Event '-1' Interface-Index '5' WLAN '-1' Ethernet '-1' Parsed-iFill '-1' -> 'INVALID' ifIndex '1' -> 'lo'
04-09 11:24:31.748  2970  3164 I LibreCastControlDelegate: OnCastStatus() +++ Lyric Speaker Box 21f384:0xaae91198:OFFLINE
04-09 11:24:31.748  2970  3164 I LibreCastControlDelegate: Device Build Number -> '1.52.272222'
04-09 11:24:31.748  2970  3164 I librecast: updateCastBuildVersion() Version 1.52.272222
04-09 11:24:31.748  2711  2711 I lucitransport: readRemoteMessage() MID char = 7 buffer = 1.52.272222
04-09 11:24:31.749  2970  3164 I LibreCastControlDelegate: Active Applications -> 0
04-09 11:24:31.749  2970  3164 I LibreCastControlDelegate: Current Cast State '3' -> 'OFFLINE'
04-09 11:24:31.749  2970  3164 I LibreCastControlDelegate: OnCastStatus() ---
04-09 11:24:31.750  2710  2722 I yani_server: NetLink Event '-1' Interface-Index '5' WLAN '0' Ethernet '-1' Parsed-iFill '-1' -> 'INVALID' ifIndex '1' -> 'lo'
04-09 11:24:31.751  2710  2722 I yani_server: NetLink Event '-1' Interface-Index '5' WLAN '0' Ethernet '-1' Parsed-iFill '-1' -> 'INVALID' ifIndex '1' -> 'lo'
04-09 11:24:31.758  2710  2722 I yani_server: NetLink Event '-1' Interface-Index '5' WLAN '7' Ethernet '-1' Parsed-iFill '7' -> 'WLAN0 LINKUP' ifIndex '1' -> 'lo'
04-09 11:24:31.758  2710  2722 I yani_server: saveConfig:537:wlan0
04-09 11:24:31.758  2710  2722 I wifiapi : newconn : 0xac00dbe8
04-09 11:24:31.758  2710  2722 I yani_server: saveConfig:544:got handle successfully
04-09 11:24:31.759  2710  2722 I wifiapi : 'STATUS' command returned = 0
04-09 11:24:31.761  2710  2722 I wifiapi : 'SAVE_CONFIG' command returned = 0
04-09 11:24:31.762  2710  2722 E yani_server: wlan0 Status=8 SaveConfig returns=0
04-09 11:24:31.762  2710  2722 I yani_server: SaveConfig return value=0
04-09 11:24:31.762  2710  2722 E WLANP2PIF: WlanP2pif: current chan = 4
04-09 11:24:31.764  2690  2690 I sh      : saveConfig:538:wlan0wlan0 Status=8 SaveConfig returns=0
04-09 11:24:31.764  2710  2722 E yani_wifi: set txpower chan : 4 country : US
04-09 11:24:31.764  2710  2722 E yani_wifi: nrates = 7
04-09 11:24:31.808  3087  3087 I cast_shell: [3090:3130:INFO:metrics_recorder.cc(282)] Record action: Setup.version.BLE
04-09 11:24:31.838  3087  3087 I cast_shell: [3090:3130:INFO:metrics_recorder.cc(282)] Record action: Setup.tos_accepted.BLE
04-09 11:24:31.868  3087  3087 I cast_shell: [3090:3130:INFO:metrics_recorder.cc(282)] Record action: Setup.state.BLE
04-09 11:24:31.898  3087  3087 I cast_shell: [3090:3130:INFO:metrics_recorder.cc(282)] Record action: Setup.ip_address.BLE
04-09 11:24:31.944  3087  3087 I cast_shell: [3090:3098:ERROR:connectivity_checker_impl.cc(265)] Connectivity check failed: 400
04-09 11:24:32.437  3087  3087 I cast_shell: [3090:3130:INFO:metrics_recorder.cc(282)] Record action: Setup.version.BLE
04-09 11:24:32.468  3087  3087 I cast_shell: [3090:3130:INFO:metrics_recorder.cc(282)] Record action: Setup.tos_accepted.BLE
04-09 11:24:32.498  3087  3087 I cast_shell: [3090:3130:INFO:metrics_recorder.cc(282)] Record action: Setup.state.BLE
04-09 11:24:32.528  3087  3087 I cast_shell: [3090:3130:INFO:metrics_recorder.cc(282)] Record action: Setup.ip_address.BLE
04-09 11:24:32.771  2710  2722 I yani_autoip: start_autoip() Interface 'wlan0' Is AutoIP Required 'Yes' Thread-Running 'No' 
04-09 11:24:32.771  2710  2722 E yani_server: YANI: I am Done Wait For Event 
04-09 11:24:32.771  2710  2722 I yani_kernel: yani_geteventfrom_changeaddr() Message-Id '1' Netlink event '16' Interface Index '5' -> Name 'wlan0' 
04-09 11:24:32.773  2710  3365 I yani_autoip: Setting autoiptimer to 70000
04-09 11:24:32.775  2710  2722 I yani_kernel: yani_geteventfrom_changeaddr() Message-Id '1' Netlink event '16' Interface Index '5' -> Name 'wlan0' 
04-09 11:24:32.776  2710  2722 I yani_kernel: yani_geteventfrom_changeaddr() Message-Id '1' Netlink event '16' Interface Index '5' -> Name 'wlan0' 
04-09 11:24:32.785  3364  3364 E dhcpcd  : control_open: Connection refused
04-09 11:24:32.786  3364  3364 E dhcpcd  : eth0: interface not found or invalid
04-09 11:24:32.787  2969  2979 D wac-main: Netlink event
04-09 11:24:32.787  2969  2979 E wac-main: Netlink event 16 Interface Index 5 
04-09 11:24:32.787  3364  3364 D dhcpcd  : wlan0: adding address fe80::ce90:93ff:fe21:f384
04-09 11:24:32.787  2969  2979 E wac-main: Enter poll and wait
04-09 11:24:32.792  2710  2722 I yani_kernel: yani_geteventfrom_changeaddr() Message-Id '1' Netlink event '16' Interface Index '5' -> Name 'wlan0' 
04-09 11:24:32.886  3364  3364 E dhcpcd  : error writing DUID: /etc/dhcpcd/dhcpcd.duid: Read-only file system
04-09 11:24:32.886  3364  3364 D dhcpcd  : DUID 00:03:00:01:cc:90:93:21:f3:84
04-09 11:24:32.886  3364  3364 D dhcpcd  : wlan0: IAID 93:21:f3:84
04-09 11:24:32.950  3087  3087 I cast_shell: [3090:3098:ERROR:connectivity_checker_impl.cc(265)] Connectivity check failed: 400
04-09 11:24:33.068  3087  3087 I cast_shell: [3090:3130:INFO:metrics_recorder.cc(282)] Record action: Setup.version.BLE
04-09 11:24:33.074  3087  3087 I cast_shell: [3090:3130:ERROR:setup_state.cc(424)] Timeout for state=SETUP_STATE_CHECKING_GLOBAL_CONNECTIVITY(50): move to state=SETUP_STATE_CHECKING_GLOBAL_CONNECTIVITY_BAD_ROUTER_WIFI_NOT_SAVED(51).
04-09 11:24:33.074  3087  3087 I cast_shell: [3090:3130:INFO:setup_state.cc(261)] Setup state changed: SETUP_STATE_CHECKING_GLOBAL_CONNECTIVITY (50) -> SETUP_STATE_CHECKING_GLOBAL_CONNECTIVITY_BAD_ROUTER_WIFI_NOT_SAVED (51)
04-09 11:24:33.077  2970  3164 I LibreCastControlDelegate: OnCastStatus() +++ Lyric Speaker Box 21f384:0xaae91198:OFFLINE
04-09 11:24:33.077  2970  3164 I LibreCastControlDelegate: Device Build Number -> '1.52.272222'
04-09 11:24:33.077  2970  3164 I librecast: updateCastBuildVersion() Version 1.52.272222
04-09 11:24:33.077  2711  2711 I lucitransport: readRemoteMessage() MID char = 7 buffer = 1.52.272222
04-09 11:24:33.077  2970  3164 I LibreCastControlDelegate: Active Applications -> 0
04-09 11:24:33.077  2970  3164 I LibreCastControlDelegate: Current Cast State '3' -> 'OFFLINE'
04-09 11:24:33.077  2970  3164 I LibreCastControlDelegate: OnCastStatus() ---
04-09 11:24:33.098  3087  3087 I cast_shell: [3090:3130:INFO:metrics_recorder.cc(282)] Record action: Setup.tos_accepted.BLE
04-09 11:24:33.128  3087  3087 I cast_shell: [3090:3130:INFO:metrics_recorder.cc(282)] Record action: Setup.state.BLE
04-09 11:24:33.158  3087  3087 I cast_shell: [3090:3130:INFO:metrics_recorder.cc(282)] Record action: Setup.ip_address.BLE
04-09 11:24:33.533  3364  3364 D dhcpcd  : wlan0: soliciting a DHCP lease
04-09 11:24:33.533  3364  3364 D dhcpcd  : wlan0: sending DISCOVER (xid 0x60612497), next in -2625286210097989597795460699012694045155411071331052347234229883620930949494027266841199829179963360636911287000394478675502154808869316555268190092305294807686427496049479713859891418109440644250197572228444304003262930762281625947607665360091494180590827890253234176.0 seconds
04-09 11:24:33.694  2731  2745 I NetworkMonitor: turn off power-save
04-09 11:24:33.702  3087  3087 I cast_shell: [3090:3130:INFO:metrics_recorder.cc(282)] Record action: Setup.version.BLE
04-09 11:24:33.702  2731  2745 E DNSResolver: Error in connect: Network is unreachable
04-09 11:24:33.703  2731  2745 I chatty  : uid=0(root) /bin/net_mgr identical 4 lines
04-09 11:24:33.703  2731  2745 E DNSResolver: Error in connect: Network is unreachable
04-09 11:24:33.703  2731  2745 E HttpTimeSync: Error resolve name clients1.google.com
04-09 11:24:33.720  2731  2745 E HttpTimeSync: Error in curl perform, returns 6: Couldn't resolve host name
04-09 11:24:33.721  2731  2745 E HttpTimeSync: Failed in getting HTTP header from http://clients1.google.com/generate_204
04-09 11:24:33.728  3087  3087 I cast_shell: [3090:3130:INFO:metrics_recorder.cc(282)] Record action: Setup.tos_accepted.BLE
04-09 11:24:33.758  3087  3087 I cast_shell: [3090:3130:INFO:metrics_recorder.cc(282)] Record action: Setup.state.BLE
04-09 11:24:33.789  3087  3087 I cast_shell: [3090:3130:INFO:metrics_recorder.cc(282)] Record action: Setup.ip_address.BLE
04-09 11:24:33.801  3364  3364 D dhcpcd  : wlan0: soliciting an IPv6 router
04-09 11:24:33.957  3087  3087 I cast_shell: [3090:3098:ERROR:connectivity_checker_impl.cc(265)] Connectivity check failed: 400
04-09 11:24:34.328  3087  3087 I cast_shell: [3090:3130:INFO:metrics_recorder.cc(282)] Record action: Setup.version.BLE
04-09 11:24:34.340  3087  3087 I cast_shell: [3090:3130:INFO:metrics_recorder.cc(282)] Record action: Setup.eureka_info.Local
04-09 11:24:34.340  3087  3087 I cast_shell: [3090:3130:INFO:metrics_recorder.cc(282)] Record action: Setup.eureka_info.Local.200
04-09 11:24:34.342  2731  2744 E DNSResolver: Error in connect: Network is unreachable
04-09 11:24:34.342  2731  2744 I chatty  : uid=0(root) MonitorThread identical 4 lines
04-09 11:24:34.342  2731  2744 E DNSResolver: Error in connect: Network is unreachable
04-09 11:24:34.342  2731  2744 E HttpTimeSync: Error resolve name clients1.google.com
04-09 11:24:34.343  2731  2744 E HttpTimeSync: Error in curl perform, returns 6: Couldn't resolve host name
04-09 11:24:34.343  2731  2744 E HttpTimeSync: Failed in getting HTTP header from http://clients1.google.com/generate_204
04-09 11:24:34.358  3087  3087 I cast_shell: [3090:3130:INFO:metrics_recorder.cc(282)] Record action: Setup.tos_accepted.BLE
04-09 11:24:34.389  3087  3087 I cast_shell: [3090:3130:INFO:metrics_recorder.cc(282)] Record action: Setup.state.BLE
04-09 11:24:34.418  3087  3087 I cast_shell: [3090:3130:INFO:metrics_recorder.cc(282)] Record action: Setup.ip_address.BLE
04-09 11:24:34.959  3087  3087 I cast_shell: [3090:3130:INFO:metrics_recorder.cc(282)] Record action: Setup.version.BLE
04-09 11:24:34.964  3087  3087 I cast_shell: [3090:3098:ERROR:connectivity_checker_impl.cc(265)] Connectivity check failed: 400
04-09 11:24:34.989  3087  3087 I cast_shell: [3090:3130:INFO:metrics_recorder.cc(282)] Record action: Setup.tos_accepted.BLE
04-09 11:24:35.018  3087  3087 I cast_shell: [3090:3130:INFO:metrics_recorder.cc(282)] Record action: Setup.state.BLE
04-09 11:24:35.048  3087  3087 I cast_shell: [3090:3130:INFO:metrics_recorder.cc(282)] Record action: Setup.ip_address.BLE
04-09 11:24:35.343  2731  2744 E DNSResolver: Error in connect: Network is unreachable
04-09 11:24:35.344  2731  2744 I chatty  : uid=0(root) MonitorThread identical 4 lines
04-09 11:24:35.344  2731  2744 E DNSResolver: Error in connect: Network is unreachable
04-09 11:24:35.344  2731  2744 E HttpTimeSync: Error resolve name clients1.google.com
04-09 11:24:35.345  2731  2744 E HttpTimeSync: Error in curl perform, returns 6: Couldn't resolve host name
04-09 11:24:35.345  2731  2744 E HttpTimeSync: Failed in getting HTTP header from http://clients1.google.com/generate_204
04-09 11:24:35.588  3087  3087 I cast_shell: [3090:3130:INFO:metrics_recorder.cc(282)] Record action: Setup.version.BLE
04-09 11:24:35.618  3087  3087 I cast_shell: [3090:3130:INFO:metrics_recorder.cc(282)] Record action: Setup.tos_accepted.BLE
04-09 11:24:35.648  3087  3087 I cast_shell: [3090:3130:INFO:metrics_recorder.cc(282)] Record action: Setup.state.BLE
04-09 11:24:35.678  3087  3087 I cast_shell: [3090:3130:INFO:metrics_recorder.cc(282)] Record action: Setup.ip_address.BLE
04-09 11:24:35.698  3087  3087 I cast_shell: [3090:3098:INFO:parent_tracker.cc(237)] Network changed
04-09 11:24:35.699  3087  3087 I cast_shell: [3090:3098:INFO:parent_tracker.cc(120)] Can't use IPv4
04-09 11:24:35.699  3087  3087 I cast_shell: [3090:3098:INFO:parent_tracker.cc(135)] Now using local address [PII](fe80::ce90:93ff:fe21:f384)
04-09 11:24:35.699  3087  3087 I cast_shell: [3090:3098:INFO:directory_service_impl.cc(200)] This device became root
04-09 11:24:35.701  3087  3087 I cast_shell: [3090:3098:INFO:parent_tracker.cc(237)] Network changed
04-09 11:24:35.701  3087  3087 I cast_shell: [3090:3098:INFO:parent_tracker.cc(120)] Can't use IPv4
04-09 11:24:35.701  3087  3087 I cast_shell: [3090:3098:INFO:parent_tracker.cc(132)] No need to recreate socket
04-09 11:24:35.701  3087  3087 I cast_shell: [3090:3130:INFO:local_network_info_impl.cc(435)] LNID_W changed:
04-09 11:24:35.970  3087  3087 I cast_shell: [3090:3098:ERROR:connectivity_checker_impl.cc(265)] Connectivity check failed: 400
04-09 11:24:36.203  3087  3087 I cast_shell: [3090:3130:INFO:metrics_recorder.cc(282)] Record action: Setup.version.BLE
04-09 11:24:36.233  3087  3087 I cast_shell: [3090:3130:INFO:metrics_recorder.cc(282)] Record action: Setup.tos_accepted.BLE
04-09 11:24:36.263  3087  3087 I cast_shell: [3090:3130:INFO:metrics_recorder.cc(282)] Record action: Setup.state.BLE
04-09 11:24:36.293  3087  3087 I cast_shell: [3090:3130:INFO:metrics_recorder.cc(282)] Record action: Setup.ip_address.BLE
04-09 11:24:36.345  2731  2744 E DNSResolver: Error in connect: Network is unreachable
04-09 11:24:36.346  2731  2744 I chatty  : uid=0(root) MonitorThread identical 4 lines
04-09 11:24:36.346  2731  2744 E DNSResolver: Error in connect: Network is unreachable
04-09 11:24:36.346  2731  2744 E HttpTimeSync: Error resolve name clients1.google.com
04-09 11:24:36.347  2731  2744 E HttpTimeSync: Error in curl perform, returns 6: Couldn't resolve host name
04-09 11:24:36.347  2731  2744 E HttpTimeSync: Failed in getting HTTP header from http://clients1.google.com/generate_204
04-09 11:24:36.834  3087  3087 I cast_shell: [3090:3130:INFO:metrics_recorder.cc(282)] Record action: Setup.version.BLE
04-09 11:24:36.862  3087  3087 I cast_shell: [3090:3130:INFO:metrics_recorder.cc(282)] Record action: Setup.tos_accepted.BLE
04-09 11:24:36.892  3087  3087 I cast_shell: [3090:3130:INFO:metrics_recorder.cc(282)] Record action: Setup.state.BLE
04-09 11:24:36.922  3087  3087 I cast_shell: [3090:3130:INFO:metrics_recorder.cc(282)] Record action: Setup.ip_address.BLE
04-09 11:24:36.977  3087  3087 I cast_shell: [3090:3098:ERROR:connectivity_checker_impl.cc(265)] Connectivity check failed: 400
04-09 11:24:37.347  2731  2744 E DNSResolver: Error in connect: Network is unreachable
04-09 11:24:37.348  2731  2744 I chatty  : uid=0(root) MonitorThread identical 4 lines
04-09 11:24:37.348  2731  2744 E DNSResolver: Error in connect: Network is unreachable
04-09 11:24:37.348  2731  2744 E HttpTimeSync: Error resolve name clients1.google.com
04-09 11:24:37.349  2731  2744 E HttpTimeSync: Error in curl perform, returns 6: Couldn't resolve host name
04-09 11:24:37.349  2731  2744 E HttpTimeSync: Failed in getting HTTP header from http://clients1.google.com/generate_204
04-09 11:24:37.463  3087  3087 I cast_shell: [3090:3130:INFO:metrics_recorder.cc(282)] Record action: Setup.version.BLE
04-09 11:24:37.493  3087  3087 I cast_shell: [3090:3130:INFO:metrics_recorder.cc(282)] Record action: Setup.tos_accepted.BLE
04-09 11:24:37.522  3087  3087 I cast_shell: [3090:3130:INFO:metrics_recorder.cc(282)] Record action: Setup.state.BLE
04-09 11:24:37.553  3087  3087 I cast_shell: [3090:3130:INFO:metrics_recorder.cc(282)] Record action: Setup.ip_address.BLE
04-09 11:24:37.984  3087  3087 I cast_shell: [3090:3098:ERROR:connectivity_checker_impl.cc(265)] Connectivity check failed: 400
04-09 11:24:38.093  3087  3087 I cast_shell: [3090:3130:INFO:metrics_recorder.cc(282)] Record action: Setup.version.BLE
04-09 11:24:38.123  3087  3087 I cast_shell: [3090:3130:INFO:metrics_recorder.cc(282)] Record action: Setup.tos_accepted.BLE
04-09 11:24:38.146  3364  3364 D dhcpcd  : wlan0: sending DISCOVER (xid 0x60612497), next in -2625286854231063714565073624217396092985363163619806978877378793254736255918396686739365784998259514931393025031335370663601904034763260903503842291437867350116999205530213424222150257427399157220836325823190767097336492741574851900577751307139809641409009877130412032.0 seconds
04-09 11:24:38.153  3087  3087 I cast_shell: [3090:3130:INFO:metrics_recorder.cc(282)] Record action: Setup.state.BLE
04-09 11:24:38.182  3087  3087 I cast_shell: [3090:3130:INFO:metrics_recorder.cc(282)] Record action: Setup.ip_address.BLE
04-09 11:24:38.349  2731  2744 E DNSResolver: Error in connect: Network is unreachable
04-09 11:24:38.350  2731  2744 I chatty  : uid=0(root) MonitorThread identical 4 lines
04-09 11:24:38.350  2731  2744 E DNSResolver: Error in connect: Network is unreachable
04-09 11:24:38.350  2731  2744 E HttpTimeSync: Error resolve name clients1.google.com
04-09 11:24:38.351  2731  2744 E HttpTimeSync: Error in curl perform, returns 6: Couldn't resolve host name
04-09 11:24:38.351  2731  2744 E HttpTimeSync: Failed in getting HTTP header from http://clients1.google.com/generate_204
04-09 11:24:38.708  3087  3087 I cast_shell: [3090:3098:ERROR:connectivity_checker_impl.cc(265)] Connectivity check failed: 400
04-09 11:24:38.723  3087  3087 I cast_shell: [3090:3130:INFO:metrics_recorder.cc(282)] Record action: Setup.version.BLE
04-09 11:24:38.754  3087  3087 I cast_shell: [3090:3130:INFO:metrics_recorder.cc(282)] Record action: Setup.tos_accepted.BLE
04-09 11:24:38.782  3087  3087 I cast_shell: [3090:3130:INFO:metrics_recorder.cc(282)] Record action: Setup.state.BLE
04-09 11:24:38.812  3087  3087 I cast_shell: [3090:3130:INFO:metrics_recorder.cc(282)] Record action: Setup.ip_address.BLE
04-09 11:24:38.990  3087  3087 I cast_shell: [3090:3098:ERROR:connectivity_checker_impl.cc(265)] Connectivity check failed: 400
04-09 11:24:39.351  2731  2744 E DNSResolver: Error in connect: Network is unreachable
04-09 11:24:39.352  2731  2744 I chatty  : uid=0(root) MonitorThread identical 4 lines
04-09 11:24:39.352  2731  2744 E DNSResolver: Error in connect: Network is unreachable
04-09 11:24:39.352  2731  2744 E HttpTimeSync: Error resolve name clients1.google.com
04-09 11:24:39.354  3087  3087 I cast_shell: [3090:3130:INFO:metrics_recorder.cc(282)] Record action: Setup.version.BLE
04-09 11:24:39.355  2731  2744 E HttpTimeSync: Error in curl perform, returns 6: Couldn't resolve host name
04-09 11:24:39.355  2731  2744 E HttpTimeSync: Failed in getting HTTP header from http://clients1.google.com/generate_204
04-09 11:24:39.382  3087  3087 I cast_shell: [3090:3130:INFO:metrics_recorder.cc(282)] Record action: Setup.tos_accepted.BLE
04-09 11:24:39.413  3087  3087 I cast_shell: [3090:3130:INFO:metrics_recorder.cc(282)] Record action: Setup.state.BLE
04-09 11:24:39.443  3087  3087 I cast_shell: [3090:3130:INFO:metrics_recorder.cc(282)] Record action: Setup.ip_address.BLE
04-09 11:24:39.715  3087  3087 I cast_shell: [3090:3098:ERROR:connectivity_checker_impl.cc(265)] Connectivity check failed: 400
04-09 11:24:39.983  3087  3087 I cast_shell: [3090:3130:INFO:metrics_recorder.cc(282)] Record action: Setup.version.BLE
04-09 11:24:39.996  3087  3087 I cast_shell: [3090:3098:ERROR:connectivity_checker_impl.cc(265)] Connectivity check failed: 400
04-09 11:24:40.013  3087  3087 I cast_shell: [3090:3130:INFO:metrics_recorder.cc(282)] Record action: Setup.tos_accepted.BLE
04-09 11:24:40.043  3087  3087 I cast_shell: [3090:3130:INFO:metrics_recorder.cc(282)] Record action: Setup.state.BLE
04-09 11:24:40.072  3087  3087 I cast_shell: [3090:3130:INFO:metrics_recorder.cc(282)] Record action: Setup.ip_address.BLE
04-09 11:24:40.355  2731  2744 E DNSResolver: Error in connect: Network is unreachable
04-09 11:24:40.355  2731  2744 I chatty  : uid=0(root) MonitorThread identical 4 lines
04-09 11:24:40.355  2731  2744 E DNSResolver: Error in connect: Network is unreachable
04-09 11:24:40.355  2731  2744 E HttpTimeSync: Error resolve name clients1.google.com
04-09 11:24:40.357  2731  2744 E HttpTimeSync: Error in curl perform, returns 6: Couldn't resolve host name
04-09 11:24:40.357  2731  2744 E HttpTimeSync: Failed in getting HTTP header from http://clients1.google.com/generate_204
04-09 11:24:40.612  3087  3087 I cast_shell: [3090:3130:INFO:metrics_recorder.cc(282)] Record action: Setup.version.BLE
04-09 11:24:40.643  3087  3087 I cast_shell: [3090:3130:INFO:metrics_recorder.cc(282)] Record action: Setup.tos_accepted.BLE
04-09 11:24:40.672  3087  3087 I cast_shell: [3090:3130:INFO:metrics_recorder.cc(282)] Record action: Setup.state.BLE
04-09 11:24:40.702  3087  3087 I cast_shell: [3090:3130:INFO:metrics_recorder.cc(282)] Record action: Setup.ip_address.BLE
04-09 11:24:40.721  3087  3087 I cast_shell: [3090:3098:ERROR:connectivity_checker_impl.cc(265)] Connectivity check failed: 400
04-09 11:24:41.002  3087  3087 I cast_shell: [3090:3098:ERROR:connectivity_checker_impl.cc(265)] Connectivity check failed: 400
04-09 11:24:41.243  3087  3087 I cast_shell: [3090:3130:INFO:metrics_recorder.cc(282)] Record action: Setup.version.BLE
04-09 11:24:41.273  3087  3087 I cast_shell: [3090:3130:INFO:metrics_recorder.cc(282)] Record action: Setup.tos_accepted.BLE
04-09 11:24:41.303  3087  3087 I cast_shell: [3090:3130:INFO:metrics_recorder.cc(282)] Record action: Setup.state.BLE
04-09 11:24:41.333  3087  3087 I cast_shell: [3090:3130:INFO:metrics_recorder.cc(282)] Record action: Setup.ip_address.BLE
04-09 11:24:41.357  2731  2744 E DNSResolver: Error in connect: Network is unreachable
04-09 11:24:41.357  2731  2744 I chatty  : uid=0(root) MonitorThread identical 4 lines
04-09 11:24:41.357  2731  2744 E DNSResolver: Error in connect: Network is unreachable
04-09 11:24:41.358  2731  2744 E HttpTimeSync: Error resolve name clients1.google.com
04-09 11:24:41.358  2731  2744 E HttpTimeSync: Error in curl perform, returns 6: Couldn't resolve host name
04-09 11:24:41.359  2731  2744 E HttpTimeSync: Failed in getting HTTP header from http://clients1.google.com/generate_204
04-09 11:24:41.728  3087  3087 I cast_shell: [3090:3098:ERROR:connectivity_checker_impl.cc(265)] Connectivity check failed: 400
04-09 11:24:41.858  3087  3087 I cast_shell: [3090:3130:INFO:metrics_recorder.cc(282)] Record action: Setup.version.BLE
04-09 11:24:41.888  3087  3087 I cast_shell: [3090:3130:INFO:metrics_recorder.cc(282)] Record action: Setup.tos_accepted.BLE
04-09 11:24:41.918  3087  3087 I cast_shell: [3090:3130:INFO:metrics_recorder.cc(282)] Record action: Setup.state.BLE
04-09 11:24:41.947  3087  3087 I cast_shell: [3090:3130:INFO:metrics_recorder.cc(282)] Record action: Setup.ip_address.BLE
04-09 11:24:42.008  3087  3087 I cast_shell: [3090:3098:ERROR:connectivity_checker_impl.cc(265)] Connectivity check failed: 400
04-09 11:24:42.359  2731  2744 E DNSResolver: Error in connect: Network is unreachable
04-09 11:24:42.359  2731  2744 I chatty  : uid=0(root) MonitorThread identical 4 lines
04-09 11:24:42.359  2731  2744 E DNSResolver: Error in connect: Network is unreachable
04-09 11:24:42.359  2731  2744 E HttpTimeSync: Error resolve name clients1.google.com
04-09 11:24:42.360  2731  2744 E HttpTimeSync: Error in curl perform, returns 6: Couldn't resolve host name
04-09 11:24:42.360  2731  2744 E HttpTimeSync: Failed in getting HTTP header from http://clients1.google.com/generate_204
04-09 11:24:42.488  3087  3087 I cast_shell: [3090:3130:INFO:metrics_recorder.cc(282)] Record action: Setup.version.BLE
04-09 11:24:42.518  3087  3087 I cast_shell: [3090:3130:INFO:metrics_recorder.cc(282)] Record action: Setup.tos_accepted.BLE
04-09 11:24:42.548  3087  3087 I cast_shell: [3090:3130:INFO:metrics_recorder.cc(282)] Record action: Setup.state.BLE
04-09 11:24:42.577  3087  3087 I cast_shell: [3090:3130:INFO:metrics_recorder.cc(282)] Record action: Setup.ip_address.BLE
04-09 11:24:42.735  3087  3087 I cast_shell: [3090:3098:ERROR:connectivity_checker_impl.cc(265)] Connectivity check failed: 400
04-09 11:24:43.014  3087  3087 I cast_shell: [3090:3098:ERROR:connectivity_checker_impl.cc(265)] Connectivity check failed: 400
04-09 11:24:43.118  3087  3087 I cast_shell: [3090:3130:INFO:metrics_recorder.cc(282)] Record action: Setup.version.BLE
04-09 11:24:43.163  3087  3087 I cast_shell: [3090:3130:INFO:metrics_recorder.cc(282)] Record action: Setup.tos_accepted.BLE
04-09 11:24:43.193  3087  3087 I cast_shell: [3090:3130:INFO:metrics_recorder.cc(282)] Record action: Setup.state.BLE
04-09 11:24:43.223  3087  3087 I cast_shell: [3090:3130:INFO:metrics_recorder.cc(282)] Record action: Setup.ip_address.BLE
04-09 11:24:43.361  2731  2744 E DNSResolver: Error in connect: Network is unreachable
04-09 11:24:43.361  2731  2744 I chatty  : uid=0(root) MonitorThread identical 4 lines
04-09 11:24:43.361  2731  2744 E DNSResolver: Error in connect: Network is unreachable
04-09 11:24:43.361  2731  2744 E HttpTimeSync: Error resolve name clients1.google.com
04-09 11:24:43.362  2731  2744 E HttpTimeSync: Error in curl perform, returns 6: Couldn't resolve host name
04-09 11:24:43.363  2731  2744 E HttpTimeSync: Failed in getting HTTP header from http://clients1.google.com/generate_204
04-09 11:24:43.742  3087  3087 I cast_shell: [3090:3098:ERROR:connectivity_checker_impl.cc(265)] Connectivity check failed: 400
04-09 11:24:43.763  3087  3087 I cast_shell: [3090:3130:INFO:metrics_recorder.cc(282)] Record action: Setup.version.BLE
04-09 11:24:43.793  3087  3087 I cast_shell: [3090:3130:INFO:metrics_recorder.cc(282)] Record action: Setup.tos_accepted.BLE
04-09 11:24:43.823  3087  3087 I cast_shell: [3090:3130:INFO:metrics_recorder.cc(282)] Record action: Setup.state.BLE
04-09 11:24:43.853  3087  3087 I cast_shell: [3090:3130:INFO:metrics_recorder.cc(282)] Record action: Setup.ip_address.BLE
04-09 11:24:44.020  3087  3087 I cast_shell: [3090:3098:ERROR:connectivity_checker_impl.cc(265)] Connectivity check failed: 400
04-09 11:24:44.363  2731  2744 E DNSResolver: Error in connect: Network is unreachable
04-09 11:24:44.363  2731  2744 I chatty  : uid=0(root) MonitorThread identical 4 lines
04-09 11:24:44.363  2731  2744 E DNSResolver: Error in connect: Network is unreachable
04-09 11:24:44.363  2731  2744 E HttpTimeSync: Error resolve name clients1.google.com
04-09 11:24:44.364  2731  2744 E HttpTimeSync: Error in curl perform, returns 6: Couldn't resolve host name
04-09 11:24:44.364  2731  2744 E HttpTimeSync: Failed in getting HTTP header from http://clients1.google.com/generate_204
04-09 11:24:44.393  3087  3087 I cast_shell: [3090:3130:INFO:metrics_recorder.cc(282)] Record action: Setup.version.BLE
04-09 11:24:44.423  3087  3087 I cast_shell: [3090:3130:INFO:metrics_recorder.cc(282)] Record action: Setup.tos_accepted.BLE
04-09 11:24:44.453  3087  3087 I cast_shell: [3090:3130:INFO:metrics_recorder.cc(282)] Record action: Setup.state.BLE
04-09 11:24:44.482  3087  3087 I cast_shell: [3090:3130:INFO:metrics_recorder.cc(282)] Record action: Setup.ip_address.BLE
04-09 11:24:44.749  3087  3087 I cast_shell: [3090:3098:ERROR:connectivity_checker_impl.cc(265)] Connectivity check failed: 400
04-09 11:24:45.023  3087  3087 I cast_shell: [3090:3130:INFO:metrics_recorder.cc(282)] Record action: Setup.version.BLE
04-09 11:24:45.026  3087  3087 I cast_shell: [3090:3098:ERROR:connectivity_checker_impl.cc(265)] Connectivity check failed: 400
04-09 11:24:45.053  3087  3087 I cast_shell: [3090:3130:INFO:metrics_recorder.cc(282)] Record action: Setup.tos_accepted.BLE
04-09 11:24:45.098  3087  3087 I cast_shell: [3090:3130:INFO:metrics_recorder.cc(282)] Record action: Setup.state.BLE
04-09 11:24:45.128  3087  3087 I cast_shell: [3090:3130:INFO:metrics_recorder.cc(282)] Record action: Setup.ip_address.BLE
04-09 11:24:45.365  2731  2744 E DNSResolver: Error in connect: Network is unreachable
04-09 11:24:45.365  2731  2744 I chatty  : uid=0(root) MonitorThread identical 4 lines
04-09 11:24:45.365  2731  2744 E DNSResolver: Error in connect: Network is unreachable
04-09 11:24:45.365  2731  2744 E HttpTimeSync: Error resolve name clients1.google.com
04-09 11:24:45.366  2731  2744 E HttpTimeSync: Error in curl perform, returns 6: Couldn't resolve host name
04-09 11:24:45.366  2731  2744 E HttpTimeSync: Failed in getting HTTP header from http://clients1.google.com/generate_204
04-09 11:24:45.668  3087  3087 I cast_shell: [3090:3130:INFO:metrics_recorder.cc(282)] Record action: Setup.version.BLE
04-09 11:24:45.698  3087  3087 I cast_shell: [3090:3130:INFO:metrics_recorder.cc(282)] Record action: Setup.tos_accepted.BLE
04-09 11:24:45.728  3087  3087 I cast_shell: [3090:3130:INFO:metrics_recorder.cc(282)] Record action: Setup.state.BLE
04-09 11:24:45.757  3087  3087 I cast_shell: [3090:3098:ERROR:connectivity_checker_impl.cc(265)] Connectivity check failed: 400
04-09 11:24:45.757  3087  3087 I cast_shell: [3090:3130:INFO:metrics_recorder.cc(282)] Record action: Setup.ip_address.BLE
04-09 11:24:45.814  3364  3364 D dhcpcd  : wlan0: no IPv6 Routers available
04-09 11:24:45.881  2969  2979 D wac-main: Netlink event
04-09 11:24:45.881  2969  2979 E wac-main: Netlink event 16 Interface Index 5 
04-09 11:24:45.881  2969  2979 E wac-main: Enter poll and wait
04-09 11:24:45.881  2969  2979 D wac-main: Netlink event
04-09 11:24:45.881  2969  2979 E wac-main: Netlink event 16 Interface Index 5 
04-09 11:24:45.881  2969  2979 E wac-main: Enter poll and wait
04-09 11:24:45.881  2969  2979 D wac-main: Netlink event
04-09 11:24:45.881  2969  2979 E wac-main: Netlink event 16 Interface Index 5 
04-09 11:24:45.881  2969  2979 E wac-main: Enter poll and wait
04-09 11:24:45.882  2710  2722 I yani_kernel: yani_geteventfrom_changeaddr() Message-Id '1' Netlink event '16' Interface Index '5' -> Name 'wlan0' 
04-09 11:24:45.882  2709  2709 I wpa_supplicant: wlan0: CTRL-EVENT-DISCONNECTED bssid=c8:b3:73:44:ae:ef reason=15
04-09 11:24:45.888  2709  2709 I wpa_supplicant: wlan0: CTRL-EVENT-REGDOM-CHANGE init=CORE type=WORLD
04-09 11:24:45.890  2709  2709 I wpa_supplicant: wlan0: CTRL-EVENT-REGDOM-CHANGE init=USER type=COUNTRY alpha2=IN
04-09 11:24:45.893  2710  2722 I yani_server: NetLink Event '-1' Interface-Index '5' WLAN '10' Ethernet '-1' Parsed-iFill '10' -> 'WLAN0 LINKDOWN' ifIndex '1' -> 'lo'
04-09 11:24:45.894  2710  2722 I yani_autoip: stop_autoip() Thread-Running 'Yes'
04-09 11:24:45.894  2710  3365 E yani_autoip: Force Exit AutoIP thread bytes '1' value 'q'
04-09 11:24:45.894  2710  3365 I yani_autoip: Exiting AutoIP thread return poll status 1
04-09 11:24:45.894  2710  2722 E yani_server: YANI: I am Done Wait For Event 
04-09 11:24:45.895  2710  2722 I yani_server: NetLink Event '-1' Interface-Index '5' WLAN '0' Ethernet '-1' Parsed-iFill '-1' -> 'INVALID' ifIndex '1' -> 'lo'
04-09 11:24:45.896  2710  2722 I yani_server: NetLink Event '-1' Interface-Index '5' WLAN '0' Ethernet '-1' Parsed-iFill '-1' -> 'INVALID' ifIndex '1' -> 'lo'
04-09 11:24:45.896  2710  2722 I yani_kernel: yani_geteventfrom_changeaddr() Message-Id '1' Netlink event '16' Interface Index '5' -> Name 'wlan0' 
04-09 11:24:45.897  2710  2722 I yani_kernel: yani_geteventfrom_changeaddr() Message-Id '1' Netlink event '16' Interface Index '5' -> Name 'wlan0' 
04-09 11:24:45.946  3364  3364 D dhcpcd  : wlan0: deleting address fe80::ce90:93ff:fe21:f384
04-09 11:24:45.984  2710  2722 I yani_server: NetLink Event '-1' Interface-Index '5' WLAN '-1' Ethernet '-1' Parsed-iFill '-1' -> 'INVALID' ifIndex '1' -> 'lo'
04-09 11:24:46.033  3087  3087 I cast_shell: [3090:3098:ERROR:connectivity_checker_impl.cc(265)] Connectivity check failed: 400
04-09 11:24:46.282  3087  3087 I cast_shell: [3090:3130:INFO:metrics_recorder.cc(282)] Record action: Setup.version.BLE
04-09 11:24:46.313  3087  3087 I cast_shell: [3090:3130:INFO:metrics_recorder.cc(282)] Record action: Setup.tos_accepted.BLE
04-09 11:24:46.342  3087  3087 I cast_shell: [3090:3130:INFO:metrics_recorder.cc(282)] Record action: Setup.state.BLE
04-09 11:24:46.367  2731  2744 E NetworkMonitor: cannot find default IPv4 route for wlan0
04-09 11:24:46.367  2731  2744 E NetworkMonitor: cannot find default IPv6 route for wlan0
04-09 11:24:46.372  3087  3087 I cast_shell: [3090:3130:INFO:metrics_recorder.cc(282)] Record action: Setup.ip_address.BLE
04-09 11:24:46.763  3087  3087 I cast_shell: [3090:3098:ERROR:connectivity_checker_impl.cc(265)] Connectivity check failed: 400
04-09 11:24:46.912  3087  3087 I cast_shell: [3090:3130:INFO:metrics_recorder.cc(282)] Record action: Setup.version.BLE
04-09 11:24:46.943  3087  3087 I cast_shell: [3090:3130:INFO:metrics_recorder.cc(282)] Record action: Setup.tos_accepted.BLE
04-09 11:24:46.970  3087  3087 I cast_shell: [3090:3130:INFO:metrics_recorder.cc(282)] Record action: Setup.state.BLE
04-09 11:24:47.002  3087  3087 I cast_shell: [3090:3130:INFO:metrics_recorder.cc(282)] Record action: Setup.ip_address.BLE
04-09 11:24:47.039  3087  3087 I cast_shell: [3090:3098:ERROR:connectivity_checker_impl.cc(265)] Connectivity check failed: 400
04-09 11:24:47.542  3087  3087 I cast_shell: [3090:3130:INFO:metrics_recorder.cc(282)] Record action: Setup.version.BLE
04-09 11:24:47.573  3087  3087 I cast_shell: [3090:3130:INFO:metrics_recorder.cc(282)] Record action: Setup.tos_accepted.BLE
04-09 11:24:47.602  3087  3087 I cast_shell: [3090:3130:INFO:metrics_recorder.cc(282)] Record action: Setup.state.BLE
04-09 11:24:47.632  3087  3087 I cast_shell: [3090:3130:INFO:metrics_recorder.cc(282)] Record action: Setup.ip_address.BLE
04-09 11:24:47.770  3087  3087 I cast_shell: [3090:3098:ERROR:connectivity_checker_impl.cc(265)] Connectivity check failed: 400
04-09 11:24:47.957  3087  3087 I cast_shell: [3090:3098:INFO:parent_tracker.cc(237)] Network changed
04-09 11:24:47.957  3087  3087 I cast_shell: [3090:3098:INFO:parent_tracker.cc(120)] Can't use IPv4
04-09 11:24:47.958  3087  3087 I cast_shell: [3090:3098:INFO:parent_tracker.cc(124)] Can't use IPv6
04-09 11:24:47.958  3087  3087 I cast_shell: [3090:3098:ERROR:parent_tracker.cc(125)] No valid interface for multicast
04-09 11:24:47.960  3087  3087 I cast_shell: [3090:3098:INFO:parent_tracker.cc(237)] Network changed
04-09 11:24:47.960  3087  3087 I cast_shell: [3090:3098:INFO:parent_tracker.cc(120)] Can't use IPv4
04-09 11:24:47.960  3087  3087 I cast_shell: [3090:3098:INFO:parent_tracker.cc(124)] Can't use IPv6
04-09 11:24:47.960  3087  3087 I cast_shell: [3090:3098:ERROR:parent_tracker.cc(125)] No valid interface for multicast
04-09 11:24:47.961  3087  3087 I cast_shell: [3090:3130:INFO:local_network_info_impl.cc(435)] LNID_W changed:
04-09 11:24:48.044  3087  3087 I cast_shell: [3090:3098:ERROR:connectivity_checker_impl.cc(265)] Connectivity check failed: 400
04-09 11:24:48.172  3087  3087 I cast_shell: [3090:3130:INFO:metrics_recorder.cc(282)] Record action: Setup.version.BLE
04-09 11:24:48.202  3087  3087 I cast_shell: [3090:3130:INFO:metrics_recorder.cc(282)] Record action: Setup.tos_accepted.BLE
04-09 11:24:48.231  3087  3087 I cast_shell: [3090:3130:INFO:metrics_recorder.cc(282)] Record action: Setup.state.BLE
04-09 11:24:48.261  3087  3087 I cast_shell: [3090:3130:INFO:metrics_recorder.cc(282)] Record action: Setup.ip_address.BLE
04-09 11:24:48.777  3087  3087 I cast_shell: [3090:3098:ERROR:connectivity_checker_impl.cc(265)] Connectivity check failed: 400
04-09 11:24:48.803  3087  3087 I cast_shell: [3090:3130:INFO:metrics_recorder.cc(282)] Record action: Setup.version.BLE
04-09 11:24:48.831  3087  3087 I cast_shell: [3090:3130:INFO:metrics_recorder.cc(282)] Record action: Setup.tos_accepted.BLE
04-09 11:24:48.861  3087  3087 I cast_shell: [3090:3130:INFO:metrics_recorder.cc(282)] Record action: Setup.state.BLE
04-09 11:24:48.891  3087  3087 I cast_shell: [3090:3130:INFO:metrics_recorder.cc(282)] Record action: Setup.ip_address.BLE
04-09 11:24:49.050  3087  3087 I cast_shell: [3090:3098:ERROR:connectivity_checker_impl.cc(265)] Connectivity check failed: 400
04-09 11:24:49.347  2969  2979 D wac-main: Netlink event
04-09 11:24:49.347  2969  2979 E wac-main: Netlink event 16 Interface Index 5 
04-09 11:24:49.347  2969  2979 E wac-main: Enter poll and wait
04-09 11:24:49.348  2710  2722 I yani_kernel: yani_geteventfrom_changeaddr() Message-Id '1' Netlink event '16' Interface Index '5' -> Name 'wlan0' 
04-09 11:24:49.350  2709  2709 I wpa_supplicant: wlan0: Selected BSS :ef (level:-47 noise:-73 frequency:2427)
04-09 11:24:49.351  2709  2709 I wpa_supplicant: wlan0: SME: Trying to authenticate with c8:b3:73:44:ae:ef (SSID='Linksys16717_2G' freq=2427 MHz)
04-09 11:24:49.355  2969  2979 D wac-main: Netlink event
04-09 11:24:49.355  2969  2979 E wac-main: Netlink event 16 Interface Index 5 
04-09 11:24:49.355  2969  2979 E wac-main: Enter poll and wait
04-09 11:24:49.357  2710  2722 I yani_server: NetLink Event '-1' Interface-Index '5' WLAN '-1' Ethernet '-1' Parsed-iFill '-1' -> 'INVALID' ifIndex '1' -> 'lo'
04-09 11:24:49.357  2710  2722 I yani_server: NetLink Event '-1' Interface-Index '5' WLAN '0' Ethernet '-1' Parsed-iFill '-1' -> 'INVALID' ifIndex '1' -> 'lo'
04-09 11:24:49.360  2709  2709 I wpa_supplicant: wlan0: Trying to associate with c8:b3:73:44:ae:ef (SSID='Linksys16717_2G' freq=2427 MHz)
04-09 11:24:49.365  2710  2722 I chatty  : uid=0(root) YaniServer identical 9 lines
04-09 11:24:49.365  2710  2722 I yani_server: NetLink Event '-1' Interface-Index '5' WLAN '0' Ethernet '-1' Parsed-iFill '-1' -> 'INVALID' ifIndex '1' -> 'lo'
04-09 11:24:49.365  2710  2722 I yani_kernel: yani_geteventfrom_changeaddr() Message-Id '1' Netlink event '16' Interface Index '5' -> Name 'wlan0' 
04-09 11:24:49.380  2709  2709 I wpa_supplicant: wlan0: Associated with c8:b3:73:44:ae:ef
04-09 11:24:49.382  2709  2709 I wpa_supplicant: wlan0: CTRL-EVENT-SUBNET-STATUS-UPDATE status=0
04-09 11:24:49.384  2969  2979 D wac-main: Netlink event
04-09 11:24:49.384  2969  2979 E wac-main: Netlink event 16 Interface Index 5 
04-09 11:24:49.385  2969  2979 E wac-main: Enter poll and wait
04-09 11:24:49.385  2969  2979 D wac-main: Netlink event
04-09 11:24:49.385  2969  2979 E wac-main: Netlink event 16 Interface Index 5 
04-09 11:24:49.385  2969  2979 E wac-main: Enter poll and wait
04-09 11:24:49.385  2969  2979 D wac-main: Netlink event
04-09 11:24:49.385  2969  2979 E wac-main: Netlink event 16 Interface Index 5 
04-09 11:24:49.385  2969  2979 E wac-main: Enter poll and wait
04-09 11:24:49.385  2969  2979 D wac-main: Netlink event
04-09 11:24:49.385  2969  2979 E wac-main: Netlink event 16 Interface Index 5 
04-09 11:24:49.385  2969  2979 E wac-main: Enter poll and wait
04-09 11:24:49.385  2969  2979 D wac-main: Netlink event
04-09 11:24:49.385  2969  2979 E wac-main: Netlink event 16 Interface Index 5 
04-09 11:24:49.385  2969  2979 E wac-main: Enter poll and wait
04-09 11:24:49.386  2710  2722 I yani_server: NetLink Event '-1' Interface-Index '5' WLAN '-1' Ethernet '-1' Parsed-iFill '-1' -> 'INVALID' ifIndex '1' -> 'lo'
04-09 11:24:49.386  2969  2979 D wac-main: Netlink event
04-09 11:24:49.386  2969  2979 E wac-main: Netlink event 16 Interface Index 5 
04-09 11:24:49.386  2969  2979 E wac-main: Enter poll and wait
04-09 11:24:49.389  2709  2709 I wpa_supplicant: wlan0: WPA: RX message 1 of 4-Way Handshake from c8:b3:73:44:ae:ef (ver=2)
04-09 11:24:49.389  2970  3164 I LibreCastControlDelegate: OnCastStatus() +++ Lyric Speaker Box 21f384:0xaae91198:OFFLINE
04-09 11:24:49.389  2970  3164 I LibreCastControlDelegate: Device Build Number -> '1.52.272222'
04-09 11:24:49.389  2970  3164 I librecast: updateCastBuildVersion() Version 1.52.272222
04-09 11:24:49.389  2709  2709 I wpa_supplicant: wlan0: WPA: Sending EAPOL-Key 2/4
04-09 11:24:49.390  2711  2711 I lucitransport: readRemoteMessage() MID char = 7 buffer = 1.52.272222
04-09 11:24:49.390  2710  2722 I yani_server: NetLink Event '-1' Interface-Index '5' WLAN '0' Ethernet '-1' Parsed-iFill '-1' -> 'INVALID' ifIndex '1' -> 'lo'
04-09 11:24:49.405  2709  2709 I wpa_supplicant: wlan0: WPA: RX message 3 of 4-Way Handshake from c8:b3:73:44:ae:ef (ver=2)
04-09 11:24:49.405  2709  2709 I wpa_supplicant: wlan0: WPA: Sending EAPOL-Key 4/4
04-09 11:24:49.406  2710  2722 I yani_server: NetLink Event '-1' Interface-Index '5' WLAN '-1' Ethernet '-1' Parsed-iFill '-1' -> 'INVALID' ifIndex '1' -> 'lo'
04-09 11:24:49.407  2710  2722 I yani_server: NetLink Event '-1' Interface-Index '5' WLAN '0' Ethernet '-1' Parsed-iFill '-1' -> 'INVALID' ifIndex '1' -> 'lo'
04-09 11:24:49.408  2710  2722 I yani_kernel: yani_geteventfrom_changeaddr() Message-Id '1' Netlink event '16' Interface Index '5' -> Name 'wlan0' 
04-09 11:24:49.408  2969  2979 D wac-main: Netlink event
04-09 11:24:49.408  2969  2979 E wac-main: Netlink event 16 Interface Index 5 
04-09 11:24:49.408  2969  2979 E wac-main: Enter poll and wait
04-09 11:24:49.409  2709  2709 I wpa_supplicant: wlan0: WPA: Key negotiation completed with c8:b3:73:44:ae:ef [PTK=CCMP GTK=TKIP]
04-09 11:24:49.409  2709  2709 I wpa_supplicant: wlan0: CTRL-EVENT-CONNECTED - Connection to c8:b3:73:44:ae:ef completed [id=0 id_str=]
04-09 11:24:49.410  2710  2722 I yani_server: NetLink Event '-1' Interface-Index '5' WLAN '-1' Ethernet '-1' Parsed-iFill '-1' -> 'INVALID' ifIndex '1' -> 'lo'
04-09 11:24:49.410  3364  3364 D dhcpcd  : wlan0: carrier acquired
04-09 11:24:49.411  3364  3364 D dhcpcd  : wlan0: adding address fe80::ce90:93ff:fe21:f384
04-09 11:24:49.413  2969  2979 D wac-main: Netlink event
04-09 11:24:49.413  2969  2979 E wac-main: Netlink event 16 Interface Index 5 
04-09 11:24:49.418  2710  2722 I yani_server: NetLink Event '-1' Interface-Index '5' WLAN '7' Ethernet '-1' Parsed-iFill '7' -> 'WLAN0 LINKUP' ifIndex '1' -> 'lo'
04-09 11:24:49.418  2710  2722 I yani_server: saveConfig:537:wlan0
04-09 11:24:49.419  2710  2722 I wifiapi : newconn : 0xac00dbe8
04-09 11:24:49.419  2710  2722 I yani_server: saveConfig:544:got handle successfully
04-09 11:24:49.419  2970  3164 I LibreCastControlDelegate: OnCastStatus() +++ Lyric Speaker Box 21f384:0xaae91198:OFFLINE
04-09 11:24:49.419  2970  3164 I LibreCastControlDelegate: Device Build Number -> '1.52.272222'
04-09 11:24:49.419  2970  3164 I librecast: updateCastBuildVersion() Version 1.52.272222
04-09 11:24:49.419  3087  3087 I cast_shell: [3090:3130:INFO:metrics_recorder.cc(282)] Record action: Setup.version.BLE
04-09 11:24:49.419  2711  2711 I lucitransport: readRemoteMessage() MID char = 7 buffer = 1.52.272222
04-09 11:24:49.420  2710  2722 I wifiapi : 'STATUS' command returned = 0
04-09 11:24:49.420  2970  3164 I LibreCastControlDelegate: Active Applications -> 0
04-09 11:24:49.420  2970  3164 I LibreCastControlDelegate: Current Cast State '3' -> 'OFFLINE'
04-09 11:24:49.420  2970  3164 I LibreCastControlDelegate: OnCastStatus() ---
04-09 11:24:49.422  2710  2722 I wifiapi : 'SAVE_CONFIG' command returned = 0
04-09 11:24:49.423  2710  2722 E yani_server: wlan0 Status=8 SaveConfig returns=0
04-09 11:24:49.423  2710  2722 I yani_server: SaveConfig return value=0
04-09 11:24:49.423  2710  2722 E WLANP2PIF: WlanP2pif: current chan = 4
04-09 11:24:49.424  2690  2690 I sh      : SaveConfig return value=0saveConfig:538:wlan0wlan0 Status=8 SaveConfig returns=0
04-09 11:24:49.425  2710  2722 E yani_wifi: set txpower chan : 4 country : US
04-09 11:24:49.425  2710  2722 E yani_wifi: nrates = 7
04-09 11:24:49.446  3087  3087 I cast_shell: [3090:3130:INFO:metrics_recorder.cc(282)] Record action: Setup.tos_accepted.BLE
04-09 11:24:49.471  2731  2744 E NetworkMonitor: no response for /bin/ping -n -I wlan0 -c 10 -w 10 8.8.8.8
04-09 11:24:49.476  3087  3087 I cast_shell: [3090:3130:INFO:metrics_recorder.cc(282)] Record action: Setup.state.BLE
04-09 11:24:49.484  2731  2744 E NetworkMonitor: no response for /bin/ping6 -n -I wlan0 -c 10 -w 10 2001:4860:4860::8888
04-09 11:24:49.485  2731  2744 E NetworkMonitor: dns resolution failed
04-09 11:24:49.486  2731  2744 I NetworkMonitor: deauth disabled
04-09 11:24:49.506  3087  3087 I cast_shell: [3090:3130:INFO:metrics_recorder.cc(282)] Record action: Setup.ip_address.BLE
04-09 11:24:49.784  3087  3087 I cast_shell: [3090:3098:ERROR:connectivity_checker_impl.cc(265)] Connectivity check failed: 400
04-09 11:24:50.047  3087  3087 I cast_shell: [3090:3130:INFO:metrics_recorder.cc(282)] Record action: Setup.version.BLE
04-09 11:24:50.057  3087  3087 I cast_shell: [3090:3098:ERROR:connectivity_checker_impl.cc(265)] Connectivity check failed: 400
04-09 11:24:50.076  3087  3087 I cast_shell: [3090:3130:INFO:metrics_recorder.cc(282)] Record action: Setup.tos_accepted.BLE
04-09 11:24:50.121  3087  3087 I cast_shell: [3090:3130:INFO:metrics_recorder.cc(282)] Record action: Setup.state.BLE
04-09 11:24:50.151  3087  3087 I cast_shell: [3090:3130:INFO:metrics_recorder.cc(282)] Record action: Setup.ip_address.BLE
04-09 11:24:50.432  2710  2722 I yani_autoip: start_autoip() Interface 'wlan0' Is AutoIP Required 'Yes' Thread-Running 'No' 
04-09 11:24:50.432  2710  2722 E yani_server: YANI: I am Done Wait For Event 
04-09 11:24:50.432  2710  2722 I yani_kernel: yani_geteventfrom_changeaddr() Message-Id '1' Netlink event '16' Interface Index '5' -> Name 'wlan0' 
04-09 11:24:50.433  2710  3522 I yani_autoip: Setting autoiptimer to 70000
04-09 11:24:50.435  2710  2722 I yani_kernel: yani_geteventfrom_changeaddr() Message-Id '1' Netlink event '16' Interface Index '5' -> Name 'wlan0' 
04-09 11:24:50.446  3521  3521 E dhcpcd  : control_open: Connection refused
04-09 11:24:50.447  3521  3521 E dhcpcd  : eth0: interface not found or invalid
04-09 11:24:50.448  2969  2979 D wac-main: Netlink event
