04-09 09:38:13.269  3072  3072 I cast_shell: [system_updater_dummy.cpp(148)] CheckUpdate 148 return
04-09 09:38:13.269  3072  3072 I chatty  : uid=1000(chrome) /bin/logwrapper identical 1 line
04-09 09:38:13.269  3072  3072 I cast_shell: [system_updater_dummy.cpp(148)] CheckUpdate 148 return
04-09 09:38:13.271  2963  2995 I otamanager: DownloadHttpContent firmware version = eng.C4A.1203
04-09 09:38:13.275  2711  2718 I lucitransport: readRemoteMessage() MID char = 6 buffer = 1001
04-09 09:38:13.276  2711  2718 I lucitransport: readRemoteMessage() MID char = 7 buffer = 1.52.272222
04-09 09:38:13.276  2963  2995 I otamanager: OTA: DownloadHttpContent :payload =  {"device":{"brand":"COTODAMA","castVersion":"1.52.272222","deviceId":"cc909321f384","deviceType":"LS10_C4A","fwVersion":"1203","googleCast":true,"mcuVersion":"1001","model":"LSB"}}
04-09 09:38:13.276  2963  2995 I otamanager:  
04-09 09:38:13.276  2963  2995 I otamanager: OTA:------curlDownloadFirmwareXml---
04-09 09:38:13.276  2963  2995 I otamanager: OTA:isValidIpAddress: result 0
04-09 09:38:13.439  2963  2995 I otamanager: OTA:ResolveDNSName IP = 52.21.105.210
04-09 09:38:13.439  2963  2995 I otamanager: OTA:hostIp string: https://52.21.105.210/v1
04-09 09:38:13.439  2963  2995 I otamanager: OTA: trying after 2 sec 
04-09 09:38:13.865  3072  3072 I cast_shell: [3075:3123:INFO:mdns_app_filter.cc(1526)] MdnsAppFilter: Done announcing.
04-09 09:38:13.966  3072  3072 I cast_shell: [3075:3113:INFO:metrics_recorder.cc(282)] Record action: Setup.state.BLE
04-09 09:38:14.185  3072  3072 I cast_shell: [3075:3124:INFO:metrics_recorder.cc(282)] Cast v2 action(socket_id=5ac3f6c7-15f8-9300-671d-e385986e1d56.2): CastV2.Connection.Connect.In
04-09 09:38:14.186  3072  3072 I cast_shell: [3075:3113:INFO:setup_namespace_handler.cc(94)] Added a peer for setup namespace: 5ac3f6c7-15f8-9300-671d-e385986e1d56.2:gms_cast_prober-1
04-09 09:38:14.187  3072  3072 I cast_shell: [3075:3075:INFO:application_config_manager_impl.cc(637)] Virtual device not enabled: [PII](5ac3f6c7-15f8-9300-671d-e385986e1d56)
04-09 09:38:14.187  3072  3072 I cast_shell: [3075:3075:WARNING:application_config_manager_impl.cc(424)] App is not supported: id=CC1AD845
04-09 09:38:14.188  3072  3072 I cast_shell: [3075:3113:INFO:setup_state.cc(544)] EurekaInfoCalled: wifi_state=10, is_usable_ip_address=1, connected=1, is_initial_setup=0
04-09 09:38:14.198  3072  3072 I cast_shell: [3075:3075:INFO:mdns_util.cc(102)] Defaulting mDNS capabilities for audio-only build
04-09 09:38:14.198  3072  3072 I cast_shell: [3075:3075:INFO:mdns_util.cc(102)] Defaulting mDNS capabilities for audio-only build
04-09 09:38:14.211  3072  3072 I cast_shell: [3075:3113:INFO:setup_namespace_handler.cc(104)] Removed a peer for setup namespace: 5ac3f6c7-15f8-9300-671d-e385986e1d56.2:gms_cast_prober-1
04-09 09:38:14.211  3072  3072 I cast_shell: [3075:3124:INFO:v2_ssl_socket.cc(358)] Stop reading on pending closed socket
04-09 09:38:14.290  3072  3072 I cast_shell: [system_updater_dummy.cpp(139)] CheckUpdate 139
04-09 09:38:14.291  3072  3072 I cast_shell: [system_updater_dummy.cpp(148)] CheckUpdate 148 return
04-09 09:38:15.001  3072  3072 I cast_shell: [3075:3113:INFO:metrics_recorder.cc(282)] Record action: Setup.state.BLE
04-09 09:38:15.050  3072  3072 I cast_shell: [3075:3123:INFO:mdns_app_filter.cc(2645)] MdnsAppFilter: responses sent in 149 seconds: 1
04-09 09:38:15.050  3072  3072 I cast_shell: [3075:3075:INFO:application_config_manager_impl.cc(637)] Virtual device not enabled: [PII](5ac3f6c7-15f8-9300-671d-e385986e1d56)
04-09 09:38:15.050  3072  3072 I cast_shell: [3075:3075:WARNING:application_config_manager_impl.cc(424)] App is not supported: id=CC1AD845
04-09 09:38:15.079  2963  2995 I otamanager: OTA:curl response code : 0	
04-09 09:38:15.079  2963  2995 I otamanager: http status code : 200
04-09 09:38:15.079  2963  2995 I otamanager: OTA: contentLen :187.000000
04-09 09:38:15.088  2963  2995 I otamanager: OTA: bytesDownloaded = 187 m_iHttpStatusCode = 200 
04-09 09:38:15.089  2690  2690 I sh      : }{
04-09 09:38:15.089  2690  2690 I sh      : 	"castVersion" : null,
04-09 09:38:15.089  2963  2995 E otamanager: OTA:error string =  No update available
04-09 09:38:15.089  2690  2690 I sh      : 	"crc" : null,
04-09 09:38:15.089  2690  2690 I sh      : 	"errorCode" : 1001,
04-09 09:38:15.089  2690  2690 I sh      : 	"errorString" : "No update available",
04-09 09:38:15.089  2690  2690 I sh      : 	"forceUpgrade" : true,
04-09 09:38:15.089  2690  2690 I sh      : 	"mcuOnlyUpdate" : false,
04-09 09:38:15.089  2690  2690 I sh      : 	"otapackage" : null,
04-09 09:38:15.089  2690  2690 I sh      : 	"url" : null,
04-09 09:38:15.089  2690  2690 I sh      : 	"version" : null
04-09 09:38:15.090  2963  2995 I otamanager: Firmware Update State Change from CheckUpdate to Idle
04-09 09:38:15.090  3072  3072 I cast_shell: [system_updater_dummy.cpp(132)] CheckUpdate 132 no new version
04-09 09:38:15.090  3072  3072 I cast_shell: [3075:3088:INFO:update_engine_client_with_system_updater.cc(226)] No system force update, error_code=0
04-09 09:38:15.092  3072  3072 I cast_shell: [3075:3113:INFO:setup_state.cc(261)] Setup state changed: SETUP_STATE_CONNECTED_WIFI_NOT_SAVED (61) -> SETUP_STATE_CONNECTED (60)
04-09 09:38:15.092  3072  3072 I cast_shell: [3075:3113:INFO:setup_manager_impl.cc(1019)] Setup discoverability is disabled
04-09 09:38:15.092  3072  3072 I cast_shell: [3075:3113:INFO:ble_setup_manager.cc(758)] Clearing setup read attributes
04-09 09:38:15.092  3072  3072 I cast_shell: [3075:3113:INFO:gatt_client_manager_impl.cc(202)] Enabling GATT client connectability
04-09 09:38:15.092  3072  3072 I cast_shell: [3075:3113:INFO:ble_setup_manager.cc(620)] Stopped Bluetooth service
04-09 09:38:15.092  3072  3072 I cast_shell: [3075:3113:INFO:ble_setup.cc(423)] BLE setup stopped.
04-09 09:38:08.063  2730  2739 I chatty  : uid=0(root) /bin/net_mgr identical 1 line
04-09 09:38:08.067  2730  2739 I NetworkMonitor: turn off power-save
04-09 09:38:15.092  2730  2739 I HotspotManager: hotspot stop
04-09 09:38:15.092  2730  2739 I HotspotManager: stop dnsmasq
04-09 09:38:15.106  3072  3072 I cast_shell: [3075:3075:INFO:application_config_manager_impl.cc(566)] Enabling virtual device 5ac3f6c7-15f8-9300-671d-e385986e1d56
04-09 09:38:15.107  3072  3072 I cast_shell: [3075:3123:INFO:mdns_cast_service.cc(351)] Device discovery state is idle
04-09 09:38:15.107  3072  3072 I cast_shell: [3075:3075:INFO:ble_discovery_controller.cc(121)] Starting BLE discovery
04-09 09:38:15.107  3072  3072 I cast_shell: [3075:3123:INFO:mdns_util.cc(102)] Defaulting mDNS capabilities for audio-only build
04-09 09:38:15.107  3072  3072 I cast_shell: [3075:3113:INFO:gatt_client_manager_impl.cc(202)] Enabling GATT client connectability
04-09 09:38:15.107  3072  3072 I chatty  : uid=1000(chrome) /bin/logwrapper identical 1 line
04-09 09:38:15.107  3072  3072 I cast_shell: [3075:3113:INFO:gatt_client_manager_impl.cc(202)] Enabling GATT client connectability
04-09 09:38:15.107  3072  3072 I cast_shell: [3075:3113:INFO:ble_setup_manager.cc(744)] Started Bluetooth service
04-09 09:38:15.108  2957  3152 I LibreCastControlDelegate: OnCastStatus() +++ Attic speaker:0xab6c9198:READY_TO_CAST
04-09 09:38:15.109  2957  3152 I LibreCastControlDelegate: Cast Device Name -> 'Attic speaker'
04-09 09:38:15.116  2957  3152 I LibreCastControlDelegate: OnResponse() ReqeustID 6, error  0
04-09 09:38:15.118  2732  2760 I bluetoothtbd: [0408/210815.118564:INFO:adapter.cc(551)] Adapter properties changed
04-09 09:38:15.118  2732  2760 I bluetoothtbd: [0408/210815.118709:INFO:adapter.cc(573)] Adapter name changed
04-09 09:38:15.119  3072  3072 I cast_shell: [3075:3113:INFO:bluetooth_manager.cc(1232)] [PII] Set device name to 'Attic speaker'
04-09 09:38:15.120  3072  3072 I cast_shell: [3075:3075:INFO:device_info_impl.cc(1133)] SSDP Config ID is increased: id=6
04-09 09:38:15.122  3072  3072 I cast_shell: [3075:3123:INFO:mdns_util.cc(102)] Defaulting mDNS capabilities for audio-only build
04-09 09:38:15.123  3072  3072 I cast_shell: [3075:3075:INFO:ccs_manager_impl.cc(1842)] Postponing device name update while registering
04-09 09:38:15.124  2957  3152 I LibreCastControlDelegate: OnCastStatus() +++ Attic speaker:0xab6c9198:READY_TO_CAST
04-09 09:38:15.125  3072  3072 I cast_shell: [3075:3075:INFO:mdns_manager_impl.cc(429)] Successfully updated service: type=_googlecast
04-09 09:38:15.125  3072  3072 I cast_shell: [3075:3075:INFO:virtual_device.cc(296)] Updated mDNS service for virtual device: id=5ac3f6c7-15f8-9300-671d-e385986e1d56
04-09 09:38:15.126  2957  3152 I LibreCastControlDelegate: Cast Device Name -> 'Attic speaker'
04-09 09:38:15.126  2957  3152 I librecast: OldFriendlyName '' & New name change By Cast 'Attic speaker' isfirstbootup 56 m_updatedonebyluci 95
04-09 09:38:15.126  2957  3152 I librecast:  Difference in FriendlyName notify all  
04-09 09:38:15.126  2957  3152 I LibreCastControl: LibreCastControl_SetCastName()  name 'Attic speaker' RequestId '7' pCastControl 0xf4f00728
04-09 09:38:15.126  2711  3455 I lucitransport: writeRemoteMessage() MID = 90 buffer = Attic speaker
04-09 09:38:15.126  2711  3455 I luciUART: write() MID = 90  bytes = 23 data = Attic speaker m_fd = 0x5
04-09 09:38:15.127  2711  2711 I lucitransport: writeLocalMessage() MID = 90 buffer = Attic speaker
04-09 09:38:15.127  2957  3152 I LibreCastControlDelegate: Device Build Number -> '1.52.272222'
04-09 09:38:15.127  2957  3152 I librecast: updateCastBuildVersion() Version 1.52.272222
04-09 09:38:15.127  2711  2711 I lucitransport: readRemoteMessage() MID char = 7 buffer = 1.52.272222
04-09 09:38:15.130  2957  3152 I LibreCastControlDelegate: OnResponse() ReqeustID 7, error  0
04-09 09:38:15.131  2732  2760 I bluetoothtbd: [0408/210815.131252:INFO:adapter.cc(551)] Adapter properties changed
04-09 09:38:15.135  3072  3072 I cast_shell: [3075:3075:INFO:ccs_manager_impl.cc(1842)] Postponing device name update while registering
04-09 09:38:15.136  2957  3152 I LibreCastControlDelegate: OnCastStatus() +++ Attic speaker:0xab6c9198:READY_TO_CAST
04-09 09:38:15.136  3072  3072 I cast_shell: [3075:3075:INFO:mdns_manager_impl.cc(429)] Successfully updated service: type=_googlecast
04-09 09:38:15.136  3072  3072 I cast_shell: [3075:3075:INFO:virtual_device.cc(296)] Updated mDNS service for virtual device: id=5ac3f6c7-15f8-9300-671d-e385986e1d56
04-09 09:38:15.137  2957  3152 I LibreCastControlDelegate: Cast Device Name -> 'Attic speaker'
04-09 09:38:15.137  2957  3152 I librecast: OldFriendlyName '' & New name change By Cast 'Attic speaker' isfirstbootup 56 m_updatedonebyluci 95
04-09 09:38:15.137  2957  3152 I librecast:  Difference in FriendlyName notify all  
04-09 09:38:15.138  2957  3152 I LibreCastControl: LibreCastControl_SetCastName()  name 'Attic speaker' RequestId '8' pCastControl 0xf4f00728
04-09 09:38:15.138  2711  3455 I lucitransport: writeRemoteMessage() MID = 90 buffer = Attic speaker
04-09 09:38:15.138  2711  3455 I luciUART: write() MID = 90  bytes = 23 data = Attic speaker m_fd = 0x5
04-09 09:38:15.138  2711  2711 I lucitransport: writeLocalMessage() MID = 90 buffer = Attic speaker
04-09 09:38:15.139  2957  3152 I LibreCastControlDelegate: Device Build Number -> '1.52.272222'
04-09 09:38:15.139  2957  3152 I librecast: updateCastBuildVersion() Version 1.52.272222
04-09 09:38:15.139  2711  2711 I lucitransport: readRemoteMessage() MID char = 7 buffer = 1.52.272222
04-09 09:38:15.139  2957  3152 I LibreCastControlDelegate: Active Applications -> 0
04-09 09:38:15.139  2957  3152 I LibreCastControlDelegate: Current Cast State '6' -> 'READY_TO_CAST'
04-09 09:38:15.139  2957  3152 I LibreCastControlDelegate: OnCastStatus() ---
04-09 09:38:15.142  2957  3152 I LibreCastControlDelegate: OnResponse() ReqeustID 8, error  0
04-09 09:38:15.142  3072  3072 I cast_shell: [3075:3113:INFO:bluetooth_manager.cc(1232)] [PII] Set device name to 'Attic speaker'
04-09 09:38:15.143  2732  2760 I bluetoothtbd: [0408/210815.143128:INFO:adapter.cc(551)] Adapter properties changed
04-09 09:38:15.143  2732  2760 I bluetoothtbd: [0408/210815.143280:INFO:adapter.cc(573)] Adapter name changed
04-09 09:38:15.147  3072  3072 I cast_shell: [3075:3075:INFO:device_info_impl.cc(1133)] SSDP Config ID is increased: id=8
04-09 09:38:15.150  3072  3072 I cast_shell: [3075:3075:INFO:ccs_manager_impl.cc(1842)] Postponing device name update while registering
04-09 09:38:15.152  2957  3152 I LibreCastControlDelegate: OnCastStatus() +++ Attic speaker:0xab6c9198:READY_TO_CAST
04-09 09:38:15.153  2690  2690 I sh      : MessageBoxAlert() MID 90 
04-09 09:38:15.153  2690  2690 I sh      : MessageBoxChanged() MID '90'
04-09 09:38:15.154  2957  3007 I librecast: MessageBoxAlert() Msg = 90 remoteID = 16 
04-09 09:38:15.154  2711  2720 I lucitransport: readRemoteMessage() MID char = 90 buffer = Attic speaker
04-09 09:38:15.154  3072  3072 I cast_shell: [3075:3123:INFO:mdns_util.cc(102)] Defaulting mDNS capabilities for audio-only build
04-09 09:38:15.154  3072  3072 I cast_shell: [3075:3075:INFO:mdns_manager_impl.cc(429)] Successfully updated service: type=_googlecast
04-09 09:38:15.154  3072  3072 I cast_shell: [3075:3075:INFO:virtual_device.cc(296)] Updated mDNS service for virtual device: id=5ac3f6c7-15f8-9300-671d-e385986e1d56
04-09 09:38:15.154  2957  3152 I LibreCastControlDelegate: Cast Device Name -> 'Attic speaker'
04-09 09:38:15.154  2957  3152 I librecast: OldFriendlyName '' & New name change By Cast 'Attic speaker' isfirstbootup 56 m_updatedonebyluci 95
04-09 09:38:15.154  2957  3152 I librecast:  Difference in FriendlyName notify all  
04-09 09:38:15.154  2957  3152 I LibreCastControl: LibreCastControl_SetCastName()  name 'Attic speaker' RequestId '9' pCastControl 0xf4f00728
04-09 09:38:15.156  2960  2980 E Spotify-Player: Change Spotify Device name
04-09 09:38:15.156  2959  3457 I airplay_v2_0_6: 2022-04-09 09:38:15.156398 [AirPlay] Deregistered Bonjour _airplay._tcp. for restart
04-09 09:38:15.156  2959  3457 I airplay_v2_0_6: 2022-04-09 09:38:15.156661 [AirPlay] Deregistered Bonjour _raop._tcp. for restart
04-09 09:38:15.157  2711  2711 I lucitransport: writeLocalMessage() MID = 90 buffer = Attic speaker
04-09 09:38:15.158  2957  3152 I LibreCastControlDelegate: Device Build Number -> '1.52.272222'
04-09 09:38:15.158  2957  3152 I librecast: updateCastBuildVersion() Version 1.52.272222
04-09 09:38:15.158  2711  2720 E LUCI_SERVER: Luci Server Thread wait over MID 90....
04-09 09:38:15.158  2711  2711 I lucitransport: readRemoteMessage() MID char = 7 buffer = 1.52.272222
04-09 09:38:15.158  2957  3152 I LibreCastControlDelegate: Active Applications -> 0
04-09 09:38:15.158  2957  3152 I LibreCastControlDelegate: Current Cast State '6' -> 'READY_TO_CAST'
04-09 09:38:15.158  2957  3152 I LibreCastControlDelegate: OnCastStatus() ---
04-09 09:38:15.160  2957  3152 I LibreCastControlDelegate: OnResponse() ReqeustID 9, error  0
04-09 09:38:15.161  2957  3152 I LibreCastControlDelegate: OnResponse() ReqeustID 10, error  0
04-09 09:38:15.163  2960  2981 I SPOTIFY : ConnectionNotify event(0-Login, 1-Logout, rest Error) = 6 
04-09 09:38:15.163  2960  2981 E SPOTIFY : Device Name change new name = Attic speaker
04-09 09:38:15.163  2960  2981 E SPOTIFY : err = 0 
04-09 09:38:15.164  2732  2760 I bluetoothtbd: [0408/210815.164841:INFO:adapter.cc(551)] Adapter properties changed
04-09 09:38:15.165  2732  2760 I bluetoothtbd: [0408/210815.164980:INFO:adapter.cc(573)] Adapter name changed
04-09 09:38:15.165  3072  3072 I cast_shell: [3075:3113:INFO:bluetooth_manager.cc(1232)] [PII] Set device name to 'Attic speaker'
04-09 09:38:15.167  3072  3072 I cast_shell: [3075:3075:INFO:device_info_impl.cc(1133)] SSDP Config ID is increased: id=9
04-09 09:38:15.168  2732  2760 I bluetoothtbd: [0408/210815.168732:INFO:adapter.cc(551)] Adapter properties changed
04-09 09:38:15.168  2732  2760 I bluetoothtbd: [0408/210815.168905:INFO:adapter.cc(573)] Adapter name changed
04-09 09:38:15.169  3072  3072 I cast_shell: [3075:3113:INFO:bluetooth_manager.cc(1232)] [PII] Set device name to 'Attic speaker'
04-09 09:38:15.173  3072  3072 I cast_shell: [3075:3075:INFO:device_info_impl.cc(1133)] SSDP Config ID is increased: id=10
04-09 09:38:15.173  3072  3072 I cast_shell: [3075:3075:INFO:ccs_manager_impl.cc(1842)] Postponing device name update while registering
04-09 09:38:15.173  3072  3072 I cast_shell: [3075:3123:INFO:mdns_util.cc(102)] Defaulting mDNS capabilities for audio-only build
04-09 09:38:15.173  3072  3072 I cast_shell: [3075:3075:INFO:ccs_manager_impl.cc(1842)] Postponing device name update while registering
04-09 09:38:15.173  3072  3072 I cast_shell: [3075:3123:INFO:mdns_util.cc(102)] Defaulting mDNS capabilities for audio-only build
04-09 09:38:15.173  3072  3072 I cast_shell: [3075:3075:INFO:mdns_manager_impl.cc(429)] Successfully updated service: type=_googlecast
04-09 09:38:15.173  3072  3072 I cast_shell: [3075:3075:INFO:virtual_device.cc(296)] Updated mDNS service for virtual device: id=5ac3f6c7-15f8-9300-671d-e385986e1d56
04-09 09:38:15.173  3072  3072 I cast_shell: [3075:3075:INFO:mdns_manager_impl.cc(429)] Successfully updated service: type=_googlecast
04-09 09:38:15.173  3072  3072 I cast_shell: [3075:3075:INFO:virtual_device.cc(296)] Updated mDNS service for virtual device: id=5ac3f6c7-15f8-9300-671d-e385986e1d56
04-09 09:38:15.173  2957  3152 I LibreCastControlDelegate: OnCastStatus() +++ Attic speaker:0xab6c9198:READY_TO_CAST
04-09 09:38:15.175  2957  3152 I LibreCastControlDelegate: Cast Device Name -> 'Attic speaker'
04-09 09:38:15.175  2957  3152 I librecast: OldFriendlyName 'Attic speaker' & New name change By Cast 'Attic speaker' isfirstbootup 56 m_updatedonebyluci 0
04-09 09:38:15.175  2957  3152 I LibreCastControlDelegate: Device Build Number -> '1.52.272222'
04-09 09:38:15.175  2957  3152 I librecast: updateCastBuildVersion() Version 1.52.272222
04-09 09:38:15.175  2711  2718 I lucitransport: readRemoteMessage() MID char = 7 buffer = 1.52.272222
04-09 09:38:15.175  2957  3152 I LibreCastControlDelegate: Active Applications -> 0
04-09 09:38:15.175  2957  3152 I LibreCastControlDelegate: Current Cast State '6' -> 'READY_TO_CAST'
04-09 09:38:15.175  2957  3152 I LibreCastControlDelegate: OnCastStatus() ---
04-09 09:38:15.176  2957  3152 I LibreCastControlDelegate: OnCastStatus() +++ Attic speaker:0xab6c9198:READY_TO_CAST
04-09 09:38:15.177  2957  3152 I LibreCastControlDelegate: Cast Device Name -> 'Attic speaker'
04-09 09:38:15.177  2957  3152 I librecast: OldFriendlyName 'Attic speaker' & New name change By Cast 'Attic speaker' isfirstbootup 56 m_updatedonebyluci 0
04-09 09:38:15.177  2957  3152 I LibreCastControlDelegate: Device Build Number -> '1.52.272222'
04-09 09:38:15.177  2957  3152 I librecast: updateCastBuildVersion() Version 1.52.272222
04-09 09:38:15.177  2711  2718 I lucitransport: readRemoteMessage() MID char = 7 buffer = 1.52.272222
04-09 09:38:15.177  2957  3152 I LibreCastControlDelegate: Active Applications -> 0
04-09 09:38:15.178  2957  3152 I LibreCastControlDelegate: Current Cast State '6' -> 'READY_TO_CAST'
04-09 09:38:15.178  2957  3152 I LibreCastControlDelegate: OnCastStatus() ---
04-09 09:38:15.193  2956  2967 D wac-main: Netlink event
04-09 09:38:15.193  2956  2967 E wac-main: Netlink event 21 Interface Index 6 
04-09 09:38:15.193  2956  2967 E wac-main: Enter poll and wait
04-09 09:38:15.194  2710  2722 I yani_kernel: yani_geteventfrom_changeaddr() Message-Id '1' Netlink event '21' Interface Index '6' -> Name 'p2p0' 
04-09 09:38:15.196  2785  2785 I dnsmasq : reading /etc/resolv.conf
04-09 09:38:15.196  2785  2785 I dnsmasq : using nameserver 8.8.4.4#53
04-09 09:38:15.196  2785  2785 I dnsmasq : using nameserver 192.168.1.1#53
04-09 09:38:15.196  2785  2785 I dnsmasq : using nameserver 192.168.50.1#53
04-09 09:38:15.196  2785  2785 I dnsmasq : using nameserver 8.8.8.8#53
04-09 09:38:15.198  2730  2739 I HotspotManager: stop hostapd
04-09 09:38:15.199  2690  2690 I sh      : MessageBoxAlert() MID 90 
04-09 09:38:15.199  2690  2690 I sh      : MessageBoxChanged() MID '90'
04-09 09:38:15.199  2957  3007 I librecast: MessageBoxAlert() Msg = 90 remoteID = 16 
04-09 09:38:15.199  2711  2720 I lucitransport: readRemoteMessage() MID char = 90 buffer = Attic speaker
04-09 09:38:15.210  2957  3007 I LibreCastControl: LibreCastControl_SetCastName()  name 'Attic speaker' RequestId '11' pCastControl 0xf4f00728
04-09 09:38:15.210  2957  3007 E librecast: MessageBoxAlert() friendlyname Attic speaker
04-09 09:38:15.210  2957  3007 I LibreCastControl: MessageBoxAlert() messageBoxID 90
04-09 09:38:15.211  2959  2959 I airplayluci: MessageBoxAlert: MID 90
04-09 09:38:15.215  2710  2722 I yani_server: NetLink Event '5' Interface-Index '6' WLAN '-1' Ethernet '-1' Parsed-iFill '5' -> 'P2P0 DISCONNECTED' ifIndex '2' -> 'tunl0'
04-09 09:38:15.216  2957  3152 I LibreCastControlDelegate: OnResponse() ReqeustID 11, error  0
04-09 09:38:15.216  2960  2980 E Spotify-Player: Change Spotify Device name
04-09 09:38:15.217  2711  2720 E LUCI_SERVER: Luci Server Thread wait over MID 90....
04-09 09:38:15.222  3072  3072 I cast_shell: [3075:3075:INFO:device_info_impl.cc(1133)] SSDP Config ID is increased: id=11
04-09 09:38:15.222  3072  3072 I cast_shell: [3075:3075:INFO:ccs_manager_impl.cc(1842)] Postponing device name update while registering
04-09 09:38:15.222  3072  3072 I cast_shell: [3075:3123:INFO:mdns_util.cc(102)] Defaulting mDNS capabilities for audio-only build
04-09 09:38:15.223  2732  2760 I bluetoothtbd: [0408/210815.223480:INFO:adapter.cc(551)] Adapter properties changed
04-09 09:38:15.223  2732  2760 I bluetoothtbd: [0408/210815.223642:INFO:adapter.cc(573)] Adapter name changed
04-09 09:38:15.224  2957  3152 I LibreCastControlDelegate: OnCastStatus() +++ Attic speaker:0xab6c9198:READY_TO_CAST
04-09 09:38:15.226  2960  2981 E SPOTIFY : Device Name change new name = Attic speaker
04-09 09:38:15.226  2960  2981 E SPOTIFY : err = 0 
04-09 09:38:15.227  2957  3152 I LibreCastControlDelegate: Cast Device Name -> 'Attic speaker'
04-09 09:38:15.227  2957  3152 I librecast: OldFriendlyName 'Attic speaker' & New name change By Cast 'Attic speaker' isfirstbootup 56 m_updatedonebyluci 0
04-09 09:38:15.227  2957  3152 I LibreCastControlDelegate: Device Build Number -> '1.52.272222'
04-09 09:38:15.227  2957  3152 I librecast: updateCastBuildVersion() Version 1.52.272222
04-09 09:38:15.227  3072  3072 I cast_shell: [3075:3113:INFO:bluetooth_manager.cc(1232)] [PII] Set device name to 'Attic speaker'
04-09 09:38:15.227  2711  3455 I lucitransport: readRemoteMessage() MID char = 7 buffer = 1.52.272222
04-09 09:38:15.228  2957  3152 I LibreCastControlDelegate: Active Applications -> 0
04-09 09:38:15.228  2957  3152 I LibreCastControlDelegate: Current Cast State '6' -> 'READY_TO_CAST'
04-09 09:38:15.228  2957  3152 I LibreCastControlDelegate: OnCastStatus() ---
04-09 09:38:15.228  2710  2722 E yani_server: YANI: I am Done Wait For Event 
04-09 09:38:15.228  2710  2813 I yani_server: onNetworkParametersChanged() WAC Mode '0'  Index '2' Interface 'p2p0' Status '0'
04-09 09:38:15.228  2728  2728 E AirableUIHelper: AirableUIHelper::YaniAlert  3 0 
04-09 09:38:15.229  2727  2745 I MB_HANDLER: YaniAlert() Interface '3' Status '0'
04-09 09:38:15.230  2711  3455 I lucitransport: writeRemoteMessage() MID = 124 buffer = 1#1,1#2,0#3,0#4,0
04-09 09:38:15.231  2963  2987 I otamanager: YaniAlert() Interface 3 Status Down
04-09 09:38:15.235  3072  3072 I cast_shell: [3075:3075:INFO:mdns_manager_impl.cc(429)] Successfully updated service: type=_googlecast
04-09 09:38:15.235  3072  3072 I cast_shell: [3075:3075:INFO:virtual_device.cc(296)] Updated mDNS service for virtual device: id=5ac3f6c7-15f8-9300-671d-e385986e1d56
04-09 09:38:15.237  2711  2719 E luciUART: UART:aa
04-09 09:38:15.237  2711  2719 E luciUART: UART:aa
04-09 09:38:15.237  2711  2719 E luciUART: UART:2
04-09 09:38:15.237  2711  2719 E luciUART: UART:0
04-09 09:38:15.237  2711  2719 E luciUART: UART:d0
04-09 09:38:15.237  2711  2719 E luciUART: UART:0
04-09 09:38:15.237  2711  2719 I chatty  : uid=0(root) UARTLUCIControl identical 2 lines
04-09 09:38:15.237  2711  2719 E luciUART: UART:0
04-09 09:38:15.237  2711  2719 E luciUART: UART:9
04-09 09:38:15.238  2711  2719 I luciUART: read() RemoteID = 43690 Command = 208 Type = 2 Status = 0 DataLen = 9
04-09 09:38:15.238  2711  2719 E luciUART: Error: full data not available yet! readBytes 0
04-09 09:38:15.238  2711  2719 I luciUART: Previous Packet read contd., 
04-09 09:38:15.238  2711  2719 E luciUART: UART:52
04-09 09:38:15.238  2711  2719 I luciUART: Previous Packet read contd., 
04-09 09:38:15.238  2711  2719 E luciUART: UART:45
04-09 09:38:15.238  2711  2719 I luciUART: Previous Packet read contd., 
04-09 09:38:15.238  2711  2719 E luciUART: UART:41
04-09 09:38:15.238  2711  2719 I luciUART: Previous Packet read contd., 
04-09 09:38:15.238  2711  2719 E luciUART: UART:44
04-09 09:38:15.238  2711  2719 I luciUART: Previous Packet read contd., 
04-09 09:38:15.238  2711  2719 E luciUART: UART:5f
04-09 09:38:15.238  2711  2719 I luciUART: Previous Packet read contd., 
04-09 09:38:15.238  2711  2719 E luciUART: UART:73
04-09 09:38:15.238  2711  2719 I luciUART: Previous Packet read contd., 
04-09 09:38:15.238  2711  2719 E luciUART: UART:73
04-09 09:38:15.238  2711  2719 I luciUART: Previous Packet read contd., 
04-09 09:38:15.238  2711  2719 E luciUART: UART:69
04-09 09:38:15.238  2711  2719 I luciUART: Previous Packet read contd., 
04-09 09:38:15.238  2711  2719 E luciUART: UART:64
04-09 09:38:15.242  2710  2722 I yani_kernel: yani_geteventfrom_changeaddr() Message-Id '1' Netlink event '16' Interface Index '6' -> Name 'p2p0' 
04-09 09:38:15.243  2956  2967 D wac-main: Netlink event
04-09 09:38:15.243  2956  2967 E wac-main: Netlink event 16 Interface Index 6 
04-09 09:38:15.243  2956  2967 E wac-main: p2p0 event Link Changed : 1003 
04-09 09:38:15.243  2956  2967 E wac-main: p2p0 Changed down
04-09 09:38:15.243  2956  2967 E wac-main: wlan0 IP : 192.168.1.145
04-09 09:38:15.250  2690  2690 I sh      : MessageBoxAlert() MID 90 
04-09 09:38:15.250  2690  2690 I sh      : MessageBoxChanged() MID '90'
04-09 09:38:15.250  2957  3007 I librecast: MessageBoxAlert() Msg = 90 remoteID = 16 
04-09 09:38:15.250  2711  2720 I lucitransport: readRemoteMessage() MID char = 90 buffer = Attic speaker
04-09 09:38:15.250  2957  3007 I LibreCastControl: LibreCastControl_SetCastName()  name 'Attic speaker' RequestId '12' pCastControl 0xf4f00728
04-09 09:38:15.264  3072  3072 I cast_shell: [3075:3075:INFO:device_info_impl.cc(1133)] SSDP Config ID is increased: id=12
04-09 09:38:15.264  3072  3072 I cast_shell: [3075:3075:INFO:ccs_manager_impl.cc(1842)] Postponing device name update while registering
04-09 09:38:15.265  3072  3072 I cast_shell: [3075:3123:INFO:mdns_util.cc(102)] Defaulting mDNS capabilities for audio-only build
04-09 09:38:15.265  3072  3072 I cast_shell: [3075:3075:INFO:mdns_manager_impl.cc(429)] Successfully updated service: type=_googlecast
04-09 09:38:15.265  3072  3072 I cast_shell: [3075:3075:INFO:virtual_device.cc(296)] Updated mDNS service for virtual device: id=5ac3f6c7-15f8-9300-671d-e385986e1d56
04-09 09:38:15.266  2957  3152 I LibreCastControlDelegate: OnCastStatus() +++ Attic speaker:0xab6c9198:READY_TO_CAST
04-09 09:38:15.267  2957  3152 I LibreCastControlDelegate: Cast Device Name -> 'Attic speaker'
04-09 09:38:15.267  2957  3152 I librecast: OldFriendlyName 'Attic speaker' & New name change By Cast 'Attic speaker' isfirstbootup 56 m_updatedonebyluci 0
04-09 09:38:15.267  2957  3152 I LibreCastControlDelegate: Device Build Number -> '1.52.272222'
04-09 09:38:15.267  2957  3152 I librecast: updateCastBuildVersion() Version 1.52.272222
04-09 09:38:15.267  2711  2711 I lucitransport: readRemoteMessage() MID char = 7 buffer = 1.52.272222
04-09 09:38:15.268  2957  3152 I LibreCastControlDelegate: Active Applications -> 0
04-09 09:38:15.268  2957  3152 I LibreCastControlDelegate: Current Cast State '6' -> 'READY_TO_CAST'
04-09 09:38:15.268  2957  3152 I LibreCastControlDelegate: OnCastStatus() ---
04-09 09:38:15.293  2690  2690 I sh      : MessageBoxAlert() MID 90 
04-09 09:38:15.293  2690  2690 I sh      : MessageBoxChanged() MID '90'
04-09 09:38:15.294  2957  3007 I librecast: MessageBoxAlert() Msg = 90 remoteID = 16 
04-09 09:38:15.294  2711  2720 I lucitransport: readRemoteMessage() MID char = 90 buffer = Attic speaker
04-09 09:38:15.294  2957  3007 I LibreCastControl: LibreCastControl_SetCastName()  name 'Attic speaker' RequestId '13' pCastControl 0xf4f00728
04-09 09:38:15.294  2957  3007 E librecast: MessageBoxAlert() friendlyname Attic speaker
04-09 09:38:15.294  2957  3007 I LibreCastControl: MessageBoxAlert() messageBoxID 90
04-09 09:38:15.296  2957  3152 I LibreCastControlDelegate: OnResponse() ReqeustID 13, error  0
04-09 09:38:15.296  2959  2959 I airplayluci: MessageBoxAlert: MID 90
04-09 09:38:15.297  2960  2980 E Spotify-Player: Change Spotify Device name
04-09 09:38:15.298  2711  2720 E LUCI_SERVER: Luci Server Thread wait over MID 208....
04-09 09:38:15.298  2711  2720 E LUCI_SERVER: Got NV name : ssid
04-09 09:38:15.299  2730  2739 E WifiUtil: Setting interface p2p0 down.
04-09 09:38:15.299  2960  2981 E SPOTIFY : Device Name change new name = Attic speaker
04-09 09:38:15.299  2960  2981 E SPOTIFY : err = 0 
04-09 09:38:15.300  2956  2967 D wac-main: Netlink event
04-09 09:38:15.300  2956  2967 E wac-main: Netlink event 16 Interface Index 6 
04-09 09:38:15.300  2956  2967 E wac-main: p2p0 event Link Changed : 1002 
04-09 09:38:15.300  2956  2967 E wac-main: Enter poll and wait
04-09 09:38:15.300  2710  2722 I yani_kernel: yani_geteventfrom_changeaddr() Message-Id '1' Netlink event '16' Interface Index '6' -> Name 'p2p0' 
04-09 09:38:15.302  2711  2720 I luciUART: write() MID = 208  bytes = 30 data = ssid:Linksys16717_2G m_fd = 0x5
04-09 09:38:15.303  3072  3072 I cast_shell: [3075:3075:INFO:device_info_impl.cc(1133)] SSDP Config ID is increased: id=13
04-09 09:38:15.303  3072  3072 I cast_shell: [3075:3123:INFO:mdns_util.cc(102)] Defaulting mDNS capabilities for audio-only build
04-09 09:38:15.304  2957  3152 I LibreCastControlDelegate: OnCastStatus() +++ Attic speaker:0xab6c9198:READY_TO_CAST
04-09 09:38:15.305  3072  3072 I cast_shell: [3075:3113:INFO:bluetooth_manager.cc(1232)] [PII] Set device name to 'Attic speaker'
04-09 09:38:15.305  3072  3072 I cast_shell: [3075:3075:INFO:ccs_manager_impl.cc(1842)] Postponing device name update while registering
04-09 09:38:15.305  3072  3072 I cast_shell: [3075:3075:INFO:mdns_manager_impl.cc(429)] Successfully updated service: type=_googlecast
04-09 09:38:15.305  2732  2760 I bluetoothtbd: [0408/210815.305854:INFO:adapter.cc(551)] Adapter properties changed
04-09 09:38:15.305  3072  3072 I cast_shell: [3075:3075:INFO:virtual_device.cc(296)] Updated mDNS service for virtual device: id=5ac3f6c7-15f8-9300-671d-e385986e1d56
04-09 09:38:15.306  2732  2760 I bluetoothtbd: [0408/210815.306002:INFO:adapter.cc(573)] Adapter name changed
04-09 09:38:15.308  2957  3152 I LibreCastControlDelegate: Cast Device Name -> 'Attic speaker'
04-09 09:38:15.308  2957  3152 I librecast: OldFriendlyName 'Attic speaker' & New name change By Cast 'Attic speaker' isfirstbootup 56 m_updatedonebyluci 0
04-09 09:38:15.308  2957  3152 I LibreCastControlDelegate: Device Build Number -> '1.52.272222'
04-09 09:38:15.308  2957  3152 I librecast: updateCastBuildVersion() Version 1.52.272222
04-09 09:38:15.308  2711  2711 I lucitransport: readRemoteMessage() MID char = 7 buffer = 1.52.272222
04-09 09:38:15.308  2957  3152 I LibreCastControlDelegate: Active Applications -> 0
04-09 09:38:15.308  2957  3152 I LibreCastControlDelegate: Current Cast State '6' -> 'READY_TO_CAST'
04-09 09:38:15.308  2957  3152 I LibreCastControlDelegate: OnCastStatus() ---
04-09 09:38:16.037  3072  3072 I cast_shell: [3075:3113:INFO:metrics_recorder.cc(282)] Record action: Setup.state.BLE
04-09 09:38:16.093  3072  3072 I cast_shell: [3075:3113:INFO:ble_setup.cc(789)] Missing required info for sign.
04-09 09:38:16.097  3072  3072 I cast_shell: [3075:3113:INFO:gatt_client_manager_impl.cc(202)] Enabling GATT client connectability
04-09 09:38:16.097  3072  3072 I cast_shell: [3075:3113:INFO:ble_setup.cc(915)] Sign related info completed, no future EurekaInfo need sign.
04-09 09:38:16.216  3072  3072 I cast_shell: [3075:3075:INFO:metrics_recorder.cc(282)] cast event: Cloud.Transport.Https.Register.Out.Success
04-09 09:38:16.216  3072  3072 I cast_shell: [3075:3075:WARNING:ccs_transport_util.cc(409)] Auth info absent from the config reply from CCS.
04-09 09:38:16.216  3072  3072 I cast_shell: [3075:3075:WARNING:ccs_transport_util.cc(313)] Missing SensingSettings in the CCS config.
04-09 09:38:16.216  3072  3072 I cast_shell: [3075:3075:INFO:metrics_recorder.cc(282)] cast event: Cloud.Transport.Https.Config.In
04-09 09:38:16.216  3072  3072 I cast_shell: [3075:3075:INFO:ccs_manager_impl.cc(1150)] Handling CONFIG message from CCS.
04-09 09:38:16.216  3072  3072 I cast_shell: [3075:3075:INFO:ccs_manager_impl.cc(1151)] [PII] device_id=6E7A039D92C571F8B515BB6FEF572108
04-09 09:38:16.216  3072  3072 I cast_shell: [3075:3075:INFO:metrics_recorder.cc(282)] Record action: Cloud.Transport.Https.LinkedStatus.NotLinked
04-09 09:38:16.216  3072  3072 I cast_shell: [3075:3075:INFO:structure_info_from_home_graph.cc(53)] received config from home graph. Will use it: 1
04-09 09:38:16.216  3072  3072 I cast_shell: [3075:3075:INFO:structure_info_from_home_graph.cc(59)] Num devices in the structure: 0
04-09 09:38:16.216  3072  3072 I cast_shell: [3075:3075:INFO:ccs_heartbeat_listener.cc(56)] Setting heartbeat interval from CCS: 120000ms
04-09 09:38:16.216  3072  3072 I cast_shell: [3075:3083:INFO:heartbeat_manager.cc(306)] Set client HB: 120000
04-09 09:38:16.222  3072  3072 I cast_shell: [3075:3075:INFO:user_auth_impl.cc(267)] linked status: NOT_LINKED
04-09 09:38:16.222  3072  3072 I cast_shell: [3075:3075:INFO:robot_account_auth_manager.cc(320)] V1 AuthManager received a UpdateAuthToken request
04-09 09:38:16.222  3072  3072 I cast_shell: [3075:3075:INFO:ccs_transport_https.cc(1352)] No cloud settings in response
04-09 09:38:16.222  3072  3072 I cast_shell: [3075:3075:INFO:gcm_manager.cc(238)] GCM connection lost.
04-09 09:38:16.411  3072  3072 I cast_shell: [3075:3124:INFO:metrics_recorder.cc(282)] Cast v2 action(socket_id=5ac3f6c7-15f8-9300-671d-e385986e1d56.3): CastV2.Connection.Connect.In
04-09 09:38:16.411  3072  3072 I cast_shell: [3075:3113:INFO:setup_namespace_handler.cc(94)] Added a peer for setup namespace: 5ac3f6c7-15f8-9300-671d-e385986e1d56.3:gms_cast_prober-1
04-09 09:38:16.419  3072  3072 I cast_shell: [3075:3113:INFO:setup_state.cc(544)] EurekaInfoCalled: wifi_state=10, is_usable_ip_address=1, connected=1, is_initial_setup=0
04-09 09:38:16.431  3072  3072 I cast_shell: [3075:3075:INFO:cast_system_memory_pressure_evaluator.cc(179)] ConfigRelaxMemoryPressureThresholds, 0.1, 0.2
04-09 09:38:16.442  3072  3072 I cast_shell: [3487:3487:INFO:cast_content_renderer_client_internal.cc(83)] Render process started.
04-09 09:38:16.450  3072  3072 I cast_shell: [3075:3075:INFO:application_manager_impl.cc(1417)] Starting background app: CC1AD845 (Default Media Receiver), session_id=08d47430-1298-4e83-9d24-d70d7b2675b2
04-09 09:38:16.451  3072  3072 I cast_shell: [3075:3075:INFO:cast_media_blocker.cc(43)] UpdatePlayingState media_loading_blocked=1 media_starting_blocked=0 suspended=1 controllable=0 paused_by_user=1
04-09 09:38:16.452  3072  3072 I cast_shell: [3075:3124:INFO:v2_transport.cc(458)] Added Cast V2 endpoint: id=08d47430-1298-4e83-9d24-d70d7b2675b2, socket_factory_id=[PII](5ac3f6c7-15f8-9300-671d-e385986e1d56)
04-09 09:38:16.452  3072  3072 I cast_shell: [3075:3075:INFO:application_message_handler.cc(1747)] Scheduling IpcTimerCheck
04-09 09:38:16.452  3072  3072 I cast_shell: [3075:3075:INFO:application_manager_impl.cc(1565)] App starting: CC1AD845 (Default Media Receiver), session_id=08d47430-1298-4e83-9d24-d70d7b2675b2
04-09 09:38:16.452  3072  3072 I cast_shell: [3075:3075:INFO:application_identification_settings.cc(410)] new ApplicationIdentificationSettings session_id: 08d47430-1298-4e83-9d24-d70d7b2675b2 app_id: CC1AD845 flags: 0 headers: 0
04-09 09:38:16.452  3072  3072 I cast_shell: [3075:3123:INFO:mdns_util.cc(102)] Defaulting mDNS capabilities for audio-only build
04-09 09:38:16.454  3072  3072 I cast_shell: [3075:3075:INFO:mdns_util.cc(102)] Defaulting mDNS capabilities for audio-only build
04-09 09:38:16.455  3072  3072 I cast_shell: [3075:3075:INFO:mdns_util.cc(102)] Defaulting mDNS capabilities for audio-only build
04-09 09:38:16.458  3072  3072 I cast_shell: [3075:3075:INFO:cast_media_blocker.cc(81)] MediaSessionInfoChanged media_loading_blocked=1 media_starting_blocked=0 is_suspended=1 is_controllable=0 paused_by_user=1
04-09 09:38:16.468  3072  3072 I cast_shell: [3075:3075:INFO:web_application.cc(817)] [08d47430] Supported bitstream audio codecs info: [codecs]None[spatial_rendering]None
04-09 09:38:16.468  3072  3072 I cast_shell: [3075:3075:INFO:cast_web_contents_impl.cc(242)] Load url: https://www.gstatic.com/cast/sdk/default_receiver/dogfood/app.html?skin=https://www.gstatic.com/eureka/player/0000/skins/cast/skin.css
04-09 09:38:16.469  3072  3072 I cast_shell: [3075:3075:INFO:cast_content_browser_client_internal.cc(975)] Disabling images support for application: CC1AD845
04-09 09:38:16.477  3072  3072 I cast_shell: [3075:3075:INFO:web_application.cc(991)] [08d47430] Page state changed: app=CC1AD845 page_state=LOADING
04-09 09:38:16.480  3072  3072 I cast_shell: [3075:3075:INFO:cast_renderer_oom_adj_manager.cc(82)] Registering renderer 3487
04-09 09:38:16.481  3072  3072 I cast_shell: [3075:3088:INFO:cast_renderer_oom_adj_manager.cc(90)] Adjusting OOM score for renderer(3487) to 400
04-09 09:38:16.481  3072  3072 I cast_shell: [3075:3075:INFO:web_application.cc(585)] [08d47430] Updating app visibility to hidden for background mode.
04-09 09:38:16.481  3072  3072 I cast_shell: [3075:3075:INFO:application_manager_impl.cc(1579)] App pending: CC1AD845 (Default Media Receiver), session_id=08d47430-1298-4e83-9d24-d70d7b2675b2
04-09 09:38:16.481  3072  3072 I cast_shell: [3075:3088:WARNING:cast_renderer_oom_adj_manager.cc(92)] OOM score adjustment failed for renderer(3487)
04-09 09:38:16.481  3072  3072 I cast_shell: [3075:3123:INFO:mdns_util.cc(102)] Defaulting mDNS capabilities for audio-only build
04-09 09:38:16.514  3072  3072 I cast_shell: [3487:3487:INFO:media_playback_options.cc(70)] Render frame actions are blocked.
04-09 09:38:16.525  3072  3072 I cast_shell: [3075:3075:INFO:metrics_recorder.cc(282)] cast event: Cloud.Transport.Https.Register.Out.Success
04-09 09:38:16.525  3072  3072 I cast_shell: [3075:3075:INFO:ccs_manager_impl.cc(2485)] Succesfully registered with CCS
04-09 09:38:16.525  3072  3072 I cast_shell: [3075:3075:INFO:ccs_manager_impl.cc(2661)] Local device version is ahead of server; will attempt update
04-09 09:38:16.525  3072  3072 I cast_shell: [3075:3075:INFO:ccs_manager_impl.cc(1757)] Updating device info with CCS: message_id = 825dd3c0-94e1-479c-9f0f-46f7d1532317
04-09 09:38:16.525  3072  3072 I cast_shell: [3075:3075:INFO:ccs_manager_impl.cc(1758)] [PII] CCS device_id = 6E7A039D92C571F8B515BB6FEF572108 device_name = Attic speaker
04-09 09:38:16.532  3072  3072 I cast_shell: [3075:3075:WARNING:ccs_transport_util.cc(409)] Auth info absent from the config reply from CCS.
04-09 09:38:16.532  3072  3072 I cast_shell: [3075:3075:WARNING:ccs_transport_util.cc(313)] Missing SensingSettings in the CCS config.
04-09 09:38:16.533  3072  3072 I cast_shell: [3075:3075:INFO:metrics_recorder.cc(282)] cast event: Cloud.Transport.Https.Config.In
04-09 09:38:16.533  3072  3072 I cast_shell: [3075:3075:INFO:ccs_manager_impl.cc(1150)] Handling CONFIG message from CCS.
04-09 09:38:16.533  3072  3072 I cast_shell: [3075:3075:INFO:ccs_manager_impl.cc(1151)] [PII] device_id=6E7A039D92C571F8B515BB6FEF572108
04-09 09:38:16.533  3072  3072 I cast_shell: [3075:3075:INFO:metrics_recorder.cc(282)] Record action: Cloud.Transport.Https.LinkedStatus.NotLinked
04-09 09:38:16.533  3072  3072 I cast_shell: [3075:3075:INFO:structure_info_from_home_graph.cc(53)] received config from home graph. Will use it: 1
04-09 09:38:16.533  3072  3072 I cast_shell: [3075:3075:INFO:structure_info_from_home_graph.cc(59)] Num devices in the structure: 0
04-09 09:38:16.533  3072  3072 I cast_shell: [3075:3075:INFO:ccs_heartbeat_listener.cc(56)] Setting heartbeat interval from CCS: 120000ms
04-09 09:38:16.533  3072  3072 I cast_shell: [3075:3075:INFO:user_auth_impl.cc(267)] linked status: NOT_LINKED
04-09 09:38:16.533  3072  3072 I cast_shell: [3075:3075:INFO:robot_account_auth_manager.cc(320)] V1 AuthManager received a UpdateAuthToken request
04-09 09:38:16.533  3072  3072 I cast_shell: [3075:3075:INFO:ccs_transport_https.cc(1352)] No cloud settings in response
04-09 09:38:16.534  3072  3072 I cast_shell: [3075:3075:INFO:metrics_recorder.cc(282)] cast event: Cloud.Transport.Https.Update.Out
04-09 09:38:16.548  3072  3072 I cast_shell: [3487:3487:INFO:media_playback_options.cc(70)] Render frame actions are blocked.
04-09 09:38:16.549  3072  3072 I cast_shell: [3487:3487:INFO:media_caps.cc(24)] ScreenResolutionChanged resolution=0x0
04-09 09:38:16.551  3072  3072 I cast_shell: [3487:3487:INFO:media_caps.cc(54)] ScreenInfoChanged HDCP version=0 Supported EOTFs=0 DolbyVision flags=0 Screen size(mm): 0x0 cur mode HDR=0 cur mode DV=0
04-09 09:38:16.606  3072  3072 I cast_shell: [3075:3124:INFO:v2_ssl_socket.cc(358)] Stop reading on pending closed socket
04-09 09:38:16.606  3072  3072 I cast_shell: [3075:3113:INFO:setup_namespace_handler.cc(104)] Removed a peer for setup namespace: 5ac3f6c7-15f8-9300-671d-e385986e1d56.3:gms_cast_prober-1
04-09 09:38:17.100  2732  2810 W bt_btif : bta_gattc_conn_cback() - cif=3 connected=0 conn_id=3 reason=0x0013
04-09 09:38:17.100  2732  2810 W bt_btif : bta_gattc_conn_cback() - cif=4 connected=0 conn_id=4 reason=0x0013
04-09 09:38:17.100  2732  2810 W bt_btif : bta_gattc_conn_cback() - cif=6 connected=0 conn_id=6 reason=0x0013
04-09 09:38:17.101  2732  2810 I bt_btm_sec: btm_sec_disconnected clearing pending flag handle:128 reason:19
04-09 09:38:17.102  2732  2760 W bt_btif : btif_av_move_idle: ACL Disconnected state 0 bd_addr=74:1f:f4:22:53:1a peer_bda=00:00:00:00:00:00
04-09 09:38:17.102  2732  2760 I bluetoothtbd: [0408/210817.102464:INFO:adapter.cc(719)] ACL state changed: 74:1F:F4:22:53:1A - connected: false
04-09 09:38:17.104  3072  3072 I cast_shell: [3075:3113:ERROR:bluetooth_v1_via_v2.cc(796)] Connection state changed. :1a false
04-09 09:38:17.116  3072  3072 I cast_shell: [3075:3123:INFO:mdns_app_filter.cc(1526)] MdnsAppFilter: Done announcing.
04-09 09:38:17.158  2959  3502 I airplay_v2_0_6: 2022-04-09 09:38:17.158609 [AirPlayDemo] AirPlayDemoServerCopyProperty Password is <<NULL>>
04-09 09:38:17.159  2711  2711 I lucitransport: readRemoteMessage() MID char = 90 buffer = Attic speaker
04-09 09:38:17.161  2959  3457 I airplay_v2_0_6: 2022-04-09 09:38:17.161182 [AirPlay] Registering Bonjour _airplay._tcp. port 7000
04-09 09:38:17.162  2959  3502 I airplay_v2_0_6: 2022-04-09 09:38:17.162750 [AirPlayDemo] AirPlayDemoServerCopyProperty Password is <<NULL>>
04-09 09:38:17.164  2959  3502 I airplay_v2_0_6: 2022-04-09 09:38:17.164239 [AirPlayDemo] AirPlayDemoServerCopyProperty Password is <<NULL>>
04-09 09:38:17.164  2711  2711 I lucitransport: readRemoteMessage() MID char = 90 buffer = Attic speaker
04-09 09:38:17.166  2959  3457 I airplay_v2_0_6: 2022-04-09 09:38:17.166029 [AirPlay] Registering Bonjour CC909321F384@Attic speaker._raop._tcp. port 7000
04-09 09:38:17.265  3072  3072 I cast_shell: [3487:3487:INFO:cast_content_client.cc(103)] Active URL: https://www.gstatic.com/cast/sdk/default_receiver/dogfood/app.html?skin=https://www.gstatic.com/eureka/player/0000/skins/cast/skin.css&google_cast_bg=true for origin 'null'
04-09 09:38:17.279  3072  3072 I cast_shell: [3075:3075:INFO:cast_content_client.cc(103)] Active URL: https://www.gstatic.com/cast/sdk/default_receiver/dogfood/app.html?skin=https://www.gstatic.com/eureka/player/0000/skins/cast/skin.css&google_cast_bg=true for origin 'null [internally: (A236A6DE2E33DACBBC9E3BDEAB623D8B) anonymous]'
04-09 09:38:17.283  3072  3072 I cast_shell: [3075:3088:INFO:process_memory_recorder_utils.cc(43)] CC1AD845 using 40048kB memory
04-09 09:38:17.300  3072  3072 I cast_shell: [3487:3487:INFO:feature_manager.cc(174)] Enabling bindings: 
04-09 09:38:17.323  3072  3072 I cast_shell: [3487:3487:INFO:feature_manager.cc(174)] Enabling bindings: 
04-09 09:38:17.457  3072  3072 I cast_shell: [3075:3075:INFO:metrics_recorder.cc(282)] cast event: Cloud.Transport.Https.Update.Out.Success
04-09 09:38:17.457  3072  3072 I cast_shell: [3075:3075:INFO:ccs_manager_impl.cc(2569)] Successfully updated with CCS
04-09 09:38:18.212  3072  3072 I cast_shell: [3075:3075:INFO:CONSOLE(116)] Cast App (CC1AD845): " [  0.001s] [cast.receiver.IpcChannel] Opening platform websocket ", source: https://www.gstatic.com/cast/sdk/libs/caf_receiver/v3/cast_receiver_framework.js (116)
04-09 09:38:18.223  3072  3072 I cast_shell: [3487:3487:INFO:media_source_impl.cc(363)] isTypeSupported("video/mp4;codecs=hev1.2.4.L153.B0") -> false (not supported by HTMLMediaElement)
04-09 09:38:18.225  3072  3072 I cast_shell: [3487:3487:INFO:media_source_impl.cc(363)] isTypeSupported("video/mp4;codecs=dvhe.04.06") -> false (not supported by HTMLMediaElement)
04-09 09:38:18.225  3072  3072 I cast_shell: [3075:3075:INFO:CONSOLE(1162)] Cast App (CC1AD845): "canDisplayType(video/mp4; codecs=hev1.2.4.L153.B0; eotf=smpte2084): Codec not supported.", source:  (1162)
04-09 09:38:18.226  3072  3072 I cast_shell: [3075:3075:INFO:CONSOLE(1162)] Cast App (CC1AD845): "canDisplayType(video/mp4; codecs=dvhe.04.06): Codec not supported.", source:  (1162)
04-09 09:38:18.226  3072  3072 I cast_shell: [3487:3487:INFO:media_source_impl.cc(363)] isTypeSupported("audio/mp4;codecs=ec-3") -> false (not supported by HTMLMediaElement)
04-09 09:38:18.228  3072  3072 I cast_shell: [3075:3075:INFO:CONSOLE(1162)] Cast App (CC1AD845): "canDisplayType(audio/mp4; codecs=ec-3; spatialRendering=true): Codec not supported.", source:  (1162)
04-09 09:38:18.237  3072  3072 I cast_shell: [3487:0xaf1d48c0]     1761 ms: Scavenge 1.8 (1.9) -> 1.6 (2.4) MB, 4.9 / 0.1 ms  (average mu = 1.000, current mu = 1.000) allocation failure 
04-09 09:38:18.244  3072  3072 I cast_shell: [3075:3075:INFO:CONSOLE(739)] Cast App (CC1AD845): "Lit is in dev mode. Not recommended for production! See https://lit.dev/msg/dev-mode for more information.", source: https://www.gstatic.com/cast/sdk/libs/caf_receiver/v3/cast_receiver_framework.js (739)
04-09 09:38:18.251  3072  3072 I cast_shell: [3075:3075:INFO:CONSOLE(36)] Cast App (CC1AD845): "Unknown queryable value: log-level-cast-receiver", source:  (36)
04-09 09:38:18.366  3072  3072 I cast_shell: [3075:3075:INFO:CONSOLE(836)] Cast App (CC1AD845): "CAST SDK CAF Version: 3.0.0103", source: https://www.gstatic.com/cast/sdk/libs/caf_receiver/v3/cast_receiver_framework.js (836)
04-09 09:38:18.386  3072  3072 I cast_shell: [3487:0xaf1d48c0]     1909 ms: Scavenge 2.3 (2.9) -> 2.1 (3.1) MB, 6.1 / 0.0 ms  (average mu = 1.000, current mu = 1.000) allocation failure 
04-09 09:38:18.409  3072  3072 I cast_shell: [3487:3487:INFO:html_media_element.cc(538)] HTMLMediaElement(0x4bcc2f30)
04-09 09:38:18.463  3072  3072 I cast_shell: [3487:3487:INFO:identification_settings_manager.cc(68)] CSS URL detected and replaced with empty text URI.
04-09 09:38:18.463  3072  3072 I cast_shell: [3487:3487:INFO:identification_settings_manager.cc(169)] WillStartResourceRequest: replacement URL found
04-09 09:38:18.888  3072  3072 I cast_shell: [3075:3075:INFO:CONSOLE(109)] Cast App (CC1AD845): "CAST SDK MPL Version: 1.0.0.113", source: https://www.gstatic.com/cast/sdk/libs/mediaplayer/1.0.0/media_player.js (109)
04-09 09:38:18.892  3072  3072 I cast_shell: [3075:3075:INFO:CONSOLE(36)] Cast App (CC1AD845): "Unknown queryable value: log-level-mpl", source:  (36)
04-09 09:38:19.221  3072  3072 I cast_shell: [3075:3075:INFO:robot_account_auth_manager.cc(384)] Sending oauth request for client_id: 2
04-09 09:38:19.222  3072  3072 I cast_shell: [3075:3075:INFO:metrics_recorder.cc(282)] cast event: Cast.Assistant.Auth.FetchToken
04-09 09:38:19.222  3072  3072 I cast_shell: [3075:3412:INFO:chromium_http_connection.cc(436)] Creating a new chromium http url loader factory
04-09 09:38:19.254  3503  3503 E wac-main: WAC timeout cb
04-09 09:38:19.255  3503  3503 E wac-main: send wac api : a5a1
04-09 09:38:19.255  2956  2967 E wac-main: API event
04-09 09:38:19.255  2956  2967 E wac-main: msg : a5a1
04-09 09:38:19.255  2956  2967 E wac-main: msg : a5a1
04-09 09:38:19.255  2956  3504 E wac-main: enter WACStartStopThread
04-09 09:38:19.255  2956  3504 E wac-main: WACStartStopThread() event -> 'wacstop' is WACServer? UP -> 'Yes' 
04-09 09:38:19.255  2956  3504 E WACSERVER: WACServerStop wait
04-09 09:38:19.255  2956  2967 E wac-main: Enter poll and wait
04-09 09:38:19.255  2956  3037 E WACBONJOUR: RemoveWACBonjourService
04-09 09:38:19.257  2956  3037 I wifiapi : newconn : 0xf5302510
04-09 09:38:19.294  2956  2967 D wac-main: Netlink event
