04-09 10:20:14.392     0     0 I         : [    1.438108@0] Registered cp15_barrier emulation handler
04-09 10:20:14.392     0     0 I         : [    1.438485@0] Registered setend emulation handler
04-09 10:20:14.392     0     0 I         : [    1.439038@0] disable EAS feature
04-09 10:20:14.392     0     0 I         : [    1.440042@0] registered taskstats version 1
04-09 10:20:14.392     0     0 W         : [    1.449677@0] dwc3 ff500000.dwc3: Configuration mismatch. dr_mode forced to host
04-09 10:20:14.392     0     0 I         : [    1.954311@0] xhci-hcd xhci-hcd.0.auto: xHCI Host Controller
04-09 10:20:14.392     0     0 I         : [    1.954373@0] xhci-hcd xhci-hcd.0.auto: new USB bus registered, assigned bus number 1
04-09 10:20:14.392     0     0 I         : [    1.955597@0] xhci-hcd xhci-hcd.0.auto: hcc params 0x0220f664 hci version 0x100 quirks 0x02010010
04-09 10:20:14.392     0     0 I         : [    1.956071@0] xhci-hcd xhci-hcd.0.auto: irq 27, io mem 0xff500000
04-09 10:20:14.392     0     0 I         : [    1.957506@2] hub 1-0:1.0: USB hub found
04-09 10:20:14.392     0     0 I         : [    1.957575@2] hub 1-0:1.0: 1 port detected
04-09 10:20:14.392     0     0 I         : [    1.958106@2] xhci-hcd xhci-hcd.0.auto: xHCI Host Controller
04-09 10:20:14.392     0     0 I         : [    1.958328@2] xhci-hcd xhci-hcd.0.auto: new USB bus registered, assigned bus number 2
04-09 10:20:14.392     0     0 I         : [    1.959210@2] usb usb2: We don't know the algorithms for LPM for this host, disabling LPM.
04-09 10:20:14.392     0     0 I         : [    1.960691@0] hub 2-0:1.0: USB hub found
04-09 10:20:14.392     0     0 E         : [    1.960756@0] hub 2-0:1.0: config failed, hub doesn't have any ports! (err -19)
04-09 10:20:14.392     0     0 E         : [    1.961357@0] usb usb2: Unsupported the hub
04-09 10:20:14.392     0     0 I         : [    1.962100@0] aml_vrtc rtc: setting system clock to 2022-04-09 04:50:11 UTC (1649479811)
04-09 10:20:14.392     0     0 D         : [    1.962956@0] dwc_otg ff400000.dwc2_a: dwc_otg_driver_probe(ffffffc01d648c00)
04-09 10:20:14.392     0     0 W [    1.963003@0] dwc_otg: usb0: type: 2 speed: 0, config: 0, dma: 0, id: 0, phy: ffe09000, ctrl: 0
04-09 10:20:14.392     0     0 D         : [    1.963354@0] dwc_otg ff400000.dwc2_a: base=0xffffff8008a40000
04-09 10:20:14.392     0     0 D         : [    1.963360@0] dwc_otg ff400000.dwc2_a: dwc_otg_device=0xffffffc01c10ea00
04-09 10:20:14.392     0     0 W [    2.063639@0] dwc_otg: Core Release: 3.10a
04-09 10:20:14.392     0     0 W [    2.063675@0] dwc_otg: Setting default values for core params
04-09 10:20:14.392     0     0 W [    2.064088@0] dwc_otg: curmode: 0, host_only: 0
04-09 10:20:14.392     0     0 D         : [    2.064548@0] dwc_otg ff400000.dwc2_a: DMA config: BURST_DEFAULT
04-09 10:20:14.392     0     0 W [    2.076842@0] dwc_otg: Using Buffer DMA mode
04-09 10:20:14.392     0     0 W [    2.076864@0] dwc_otg: OTG VER PARAM: 1, OTG VER FLAG: 1
04-09 10:20:14.392     0     0 W [    2.077246@0] dwc_otg: Working on port type = SLAVE
04-09 10:20:14.392     0     0 W [    2.077732@0] dwc_otg: Dedicated Tx FIFOs mode
04-09 10:20:14.392     0     0 I [    2.080116@0] input: adc_keypad as /devices/platform/adc_keypad/input/input1
04-09 10:20:14.392     0     0 I         : [    2.081932@0] cpucore_cooling_register, max_cpu_core_num:4
04-09 10:20:14.392     0     0 I [    2.088326@0] gxbb_pm: enter meson_pm_probe!
04-09 10:20:14.392     0     0 I         : [    2.088367@0] no vddio3v3_en pin
04-09 10:20:14.392     0     0 E         : [    2.088527@0] pm-meson aml_pm: Can't get switch_clk81
04-09 10:20:14.392     0     0 I [    2.089050@0] gxbb_pm: meson_pm_probe done
04-09 10:20:14.392     0     0 I         : [    2.089784@0] ALSA device list:
04-09 10:20:14.392     0     0 I [    2.089809@0]   #0: AML-AUGESOUND
04-09 10:20:14.392     0     0 I         : [    2.090315@0] meson_uart ff804000.serial: ttyS3 use xtal(8M) 24000000 change 115200 to 115200
04-09 10:20:14.392     0     0 I         : [    2.096310@0] Freeing unused kernel memory: 6080K
04-09 10:20:14.392     0     0 I [    2.311777@2] ubi0: attaching mtd6
04-09 10:20:14.392     0     0 I [    2.521901@2] ubi0: scanning is finished
04-09 10:20:14.392     0     0 I [    2.525836@0] ubi0: attached mtd6 (name "system", size 100 MiB)
04-09 10:20:14.392     0     0 I [    2.526124@0] ubi0: PEB size: 262144 bytes (256 KiB), LEB size: 253952 bytes
04-09 10:20:14.392     0     0 I [    2.533134@0] ubi0: min./max. I/O unit sizes: 4096/4096, sub-page size 4096
04-09 10:20:14.392     0     0 I [    2.540021@0] ubi0: VID header offset: 4096 (aligned 4096), data offset: 8192
04-09 10:20:14.392     0     0 I [    2.547085@0] ubi0: good PEBs: 400, bad PEBs: 0, corrupted PEBs: 0
04-09 10:20:14.392     0     0 I [    2.553213@0] ubi0: user volume: 1, internal volumes: 1, max. volumes count: 128
04-09 10:20:14.392     0     0 I [    2.560541@0] ubi0: max/mean erase counter: 37/25, WL threshold: 4096, image sequence number: 736763309
04-09 10:20:14.392     0     0 I [    2.569858@0] ubi0: available PEBs: 0, total reserved PEBs: 400, PEBs reserved for bad PEB handling: 40
04-09 10:20:14.392     0     0 I [    2.579213@2] ubi0: background thread "ubi_bgt0d" started, PID 2142
04-09 10:20:14.392     0     0 I         : [    2.584952@0] UBIFS (ubi0:0): background thread "ubifs_bgt0_0" started, PID 2145
04-09 10:20:14.392     0     0 I         : [    2.630060@1] UBIFS (ubi0:0): UBIFS: mounted UBI device 0, volume 0, name "rootfs"
04-09 10:20:14.392     0     0 I         : [    2.632027@1] UBIFS (ubi0:0): LEB size: 253952 bytes (248 KiB), min./max. I/O unit sizes: 4096 bytes/4096 bytes
04-09 10:20:14.392     0     0 I         : [    2.641998@1] UBIFS (ubi0:0): FS size: 87867392 bytes (83 MiB, 346 LEBs), journal size 9404416 bytes (8 MiB, 38 LEBs)
04-09 10:20:14.392     0     0 I         : [    2.652517@1] UBIFS (ubi0:0): reserved for root: 0 bytes (0 KiB)
04-09 10:20:14.392     0     0 I         : [    2.658470@1] UBIFS (ubi0:0): media format: w4/r0 (latest is w4/r0), UUID DC99A6D8-69BA-4DD7-9E44-726260A6E747, small LPT model
04-09 10:20:14.392     0     0 I [    2.911859@1] init: property init
04-09 10:20:14.392     0     0 I [    2.912612@1] init: reading config file
04-09 10:20:14.392     0     0 I [    2.919391@1] init: processing action 0xab190808 (boot_start)
04-09 10:20:14.392     0     0 I [    2.927178@1] init: command 'boot_start' r=0
04-09 10:20:14.392     0     0 I [    2.928219@1] init: processing action 0xab18c6b0 (early-init)
04-09 10:20:14.392     0     0 I [    2.932918@1] init: starting 'ueventd'
04-09 10:20:14.392     0     0 I [    2.936232@1] init: command 'start' r=0
04-09 10:20:14.392     0     0 I [    2.939113@1] init: command 'loglevel' r=0
04-09 10:20:14.392     0     0 I [    2.944005@1] init: command 'mount' r=0
04-09 10:20:14.392     0     0 I [    2.945696@2] init: starting ueventd
04-09 10:20:14.392     0     0 I [    2.946495@2] init: /sys/ rule /sys/devices/virtual/input/input* enable
04-09 10:20:14.392     0     0 I [    2.946506@2] init: /sys/ rule /sys/devices/virtual/input/input* poll_delay
04-09 10:20:14.392     0     0 I [    2.946516@2] init: /sys/ rule /sys/devices/virtual/usb_composite/* enable
04-09 10:20:14.392     0     0 I [    2.952168@2] init: adding platform device ffd0f0d0.watchdog
04-09 10:20:14.392     0     0 I [    2.952568@2] init: adding platform device reg-dummy
04-09 10:20:14.393     0     0 I [    2.953204@2] init: adding platform device cpu_iomap
04-09 10:20:14.393     0     0 I [    2.953482@2] init: adding platform device 7400000.ramoops
04-09 10:20:14.393     0     0 I [    2.953748@2] init: adding platform device bt-dev
04-09 10:20:14.393     0     0 I [    2.954321@2] init: adding platform device dummy
04-09 10:20:14.393     0     0 I [    3.001659@1] init: command 'mount' r=0
04-09 10:20:14.393     0     0 I [    3.205889@1] ubi1: attaching mtd7
04-09 10:20:14.393     0     0 I [    3.499716@1] ubi1: scanning is finished
04-09 10:20:14.393     0     0 I [    3.504074@2] ubi1: attached mtd7 (name "chrome", size 140 MiB)
04-09 10:20:14.393     0     0 I [    3.504363@2] ubi1: PEB size: 262144 bytes (256 KiB), LEB size: 253952 bytes
04-09 10:20:14.393     0     0 I [    3.511373@2] ubi1: min./max. I/O unit sizes: 4096/4096, sub-page size 4096
04-09 10:20:14.393     0     0 I [    3.518252@2] ubi1: VID header offset: 4096 (aligned 4096), data offset: 8192
04-09 10:20:14.393     0     0 I [    3.525323@2] ubi1: good PEBs: 560, bad PEBs: 0, corrupted PEBs: 0
04-09 10:20:14.393     0     0 I [    3.531565@2] ubi1: user volume: 1, internal volumes: 1, max. volumes count: 128
04-09 10:20:14.393     0     0 I [    3.538785@2] ubi1: max/mean erase counter: 34/25, WL threshold: 4096, image sequence number: 1458511589
04-09 10:20:14.393     0     0 I [    3.548185@2] ubi1: available PEBs: 0, total reserved PEBs: 560, PEBs reserved for bad PEB handling: 40
04-09 10:20:14.393     0     0 I [    3.557506@1] ubi1: background thread "ubi_bgt1d" started, PID 2556
04-09 10:20:14.393     0     0 I         : [    3.571972@2] UBIFS (ubi1:0): background thread "ubifs_bgt1_0" started, PID 2559
04-09 10:20:14.393     0     0 I         : [    3.598698@0] UBIFS (ubi1:0): recovery needed
04-09 10:20:14.393     0     0 I         : [    3.636112@1] UBIFS (ubi1:0): recovery completed
04-09 10:20:14.393     0     0 I         : [    3.636268@1] UBIFS (ubi1:0): UBIFS: mounted UBI device 1, volume 0, name "chrome"
04-09 10:20:14.393     0     0 I         : [    3.642633@1] UBIFS (ubi1:0): LEB size: 253952 bytes (248 KiB), min./max. I/O unit sizes: 4096 bytes/4096 bytes
04-09 10:20:14.393     0     0 I         : [    3.652622@1] UBIFS (ubi1:0): FS size: 128499712 bytes (122 MiB, 506 LEBs), journal size 9404416 bytes (8 MiB, 38 LEBs)
04-09 10:20:14.393     0     0 I         : [    3.663315@1] UBIFS (ubi1:0): reserved for root: 0 bytes (0 KiB)
04-09 10:20:14.393     0     0 I         : [    3.669268@1] UBIFS (ubi1:0): media format: w4/r0 (latest is w4/r0), UUID 3D7B4A1D-6849-462E-B889-C151DCC94211, small LPT model
04-09 10:20:14.393     0     0 I [    3.712296@0] ubi2: attaching mtd8
04-09 10:20:14.393     0     0 I         : [    3.878674@0]  NAND bbt detect factory Bad block at 17a40000
04-09 10:20:14.393     0     0 I         : [    3.890267@0]  NAND bbt detect factory Bad block at 18000000
04-09 10:20:14.393     0     0 I         : [    3.890327@0]  NAND bbt detect factory Bad block at 18040000
04-09 10:20:14.393     0     0 I [    4.163183@0] ubi2: scanning is finished
04-09 10:20:14.393     0     0 I [    4.167891@0] ubi2: attached mtd8 (name "data", size 213 MiB)
04-09 10:20:14.393     0     0 I [    4.168004@0] ubi2: PEB size: 262144 bytes (256 KiB), LEB size: 253952 bytes
04-09 10:20:14.393     0     0 I [    4.175017@0] ubi2: min./max. I/O unit sizes: 4096/4096, sub-page size 4096
04-09 10:20:14.393     0     0 I [    4.181899@0] ubi2: VID header offset: 4096 (aligned 4096), data offset: 8192
04-09 10:20:14.393     0     0 I [    4.188965@0] ubi2: good PEBs: 849, bad PEBs: 3, corrupted PEBs: 0
04-09 10:20:14.393     0     0 I [    4.195093@0] ubi2: user volume: 2, internal volumes: 1, max. volumes count: 128
04-09 10:20:14.393     0     0 I [    4.202431@0] ubi2: max/mean erase counter: 65/45, WL threshold: 4096, image sequence number: 1018457084
04-09 10:20:14.393     0     0 I [    4.211826@0] ubi2: available PEBs: 0, total reserved PEBs: 849, PEBs reserved for bad PEB handling: 37
04-09 10:20:14.393     0     0 I [    4.221150@3] ubi2: background thread "ubi_bgt2d" started, PID 2567
04-09 10:20:14.393     0     0 I         : [    4.234965@0] UBIFS (ubi2:0): background thread "ubifs_bgt2_0" started, PID 2570
04-09 10:20:14.393     0     0 I         : [    4.261324@1] UBIFS (ubi2:0): recovery needed
04-09 10:20:14.393     0     0 I         : [    4.341552@2] UBIFS (ubi2:0): recovery completed
04-09 10:20:14.393     0     0 I         : [    4.341732@2] UBIFS (ubi2:0): UBIFS: mounted UBI device 2, volume 0, name "factory"
04-09 10:20:14.393     0     0 I         : [    4.348153@2] UBIFS (ubi2:0): LEB size: 253952 bytes (248 KiB), min./max. I/O unit sizes: 4096 bytes/4096 bytes
04-09 10:20:14.393     0     0 I         : [    4.358148@2] UBIFS (ubi2:0): FS size: 10158080 bytes (9 MiB, 40 LEBs), journal size 2285569 bytes (2 MiB, 9 LEBs)
04-09 10:20:14.393     0     0 I         : [    4.368409@2] UBIFS (ubi2:0): reserved for root: 0 bytes (0 KiB)
04-09 10:20:14.393     0     0 I         : [    4.374448@2] UBIFS (ubi2:0): media format: w4/r0 (latest is w4/r0), UUID AD7DC8BC-6ACA-4841-8B12-7A54B54F57E7, small LPT model
04-09 10:20:14.393     0     0 I         : [    4.397933@0] UBIFS (ubi2:1): background thread "ubifs_bgt2_1" started, PID 2573
04-09 10:20:14.393     0     0 I         : [    4.423800@3] UBIFS (ubi2:1): recovery needed
04-09 10:20:14.393     0     0 I         : [    4.503455@2] UBIFS (ubi2:1): recovery completed
04-09 10:20:14.393     0     0 I         : [    4.503608@2] UBIFS (ubi2:1): UBIFS: mounted UBI device 2, volume 1, name "data"
04-09 10:20:14.393     0     0 I         : [    4.509793@2] UBIFS (ubi2:1): LEB size: 253952 bytes (248 KiB), min./max. I/O unit sizes: 4096 bytes/4096 bytes
04-09 10:20:14.393     0     0 I         : [    4.519790@2] UBIFS (ubi2:1): FS size: 189956096 bytes (181 MiB, 748 LEBs), journal size 9404416 bytes (8 MiB, 38 LEBs)
04-09 10:20:14.393     0     0 I         : [    4.530482@2] UBIFS (ubi2:1): reserved for root: 0 bytes (0 KiB)
04-09 10:20:14.393     0     0 I         : [    4.536533@2] UBIFS (ubi2:1): media format: w4/r0 (latest is w4/r0), UUID 34A475AE-5814-4337-8EB7-8868427E3B0E, small LPT model
04-09 10:20:14.393     0     0 I         : [    4.774186@3] aml_wifi wifi: [usb_power_control] Set WiFi power down
04-09 10:20:14.393     0     0 I [    4.774938@3] meson-mmc: [sdio_notify] finish
04-09 10:20:14.393     0     0 I         : [    4.779249@3] aml_wifi wifi: [wifi_power_ioctl] ioctl Set sdio wifi power down!
04-09 10:20:14.393     0     0 I         : [    4.782318@2] UBIFS (ubi0:0): background thread "ubifs_bgt0_0" stops
04-09 10:20:15.459  2586  2586 E         : found the match wifi is: sd8887
04-09 10:20:15.459  2586  2586 E         : wifi_insmod command:insmod /lib/modules/4.9.113/kernel/mrvl/mlan8887.ko 
--------- beginning of system
04-09 10:20:15.475  2605  2605 I wpa_supplicant: Successfully initialized wpa_supplicant
04-09 10:20:15.493  2605  2605 E wpa_supplicant: Could not read interface wlan0 flags: No such device
04-09 10:20:15.511  2605  2605 I wpa_supplicant: nl80211: Driver does not support authentication/association or connect commands
04-09 10:20:15.513  2605  2605 I wpa_supplicant: nl80211: deinit ifname=wlan0 disabled_11b_rates=0
04-09 10:20:15.514  2605  2605 E wpa_supplicant: Could not read interface wlan0 flags: No such device
04-09 10:20:15.516  2605  2605 E wpa_supplicant: wlan0: Failed to initialize driver interface
04-09 10:20:15.629  2586  2586 E         : wifi_insmod command:insmod /lib/modules/4.9.113/kernel/mrvl/sd8xxx.ko cal_data_cfg=mrvl/WlanCalData_ext_LS9x_291119.conf txpwrlimit_cfg=mrvl/txpwrlimit_cfg_8887.bin fw_name=mrvl/sd8887_wlan_a2_p59.bin cfg80211_wext=0xf host_mlme=1 auto_ds=2 fw_serial=1 sta_name="wlan" uap_name="p2p" ps_mode=2 max_uap_bss=2 drvdbg=0x7 reg_alpha2="00"
04-09 10:20:16.763  2586  2586 E         : Load BT driver
04-09 10:20:16.763  2586  2586 E         : found the match wifi is: (null)
04-09 10:20:16.763  2586  2586 E         : wifi_insmod command:insmod /lib/modules/4.9.113/kernel/mrvl/bt8xxx.ko fw_name=mrvl/sd8887_bt_a2_p59.bin bt_fw_serial=0
04-09 10:20:16.884  2689  2689 W sshd    : Failed loading /etc/dropbear/dropbear_rsa_host_key
04-09 10:20:16.884  2689  2689 W sshd    : Failed loading /etc/dropbear/dropbear_dss_host_key
04-09 10:20:16.884  2689  2689 W sshd    : Failed loading /etc/dropbear/dropbear_ecdsa_host_key
04-09 10:20:16.899  2689  2689 I sshd    : Not backgrounding
04-09 10:20:16.920  2695  2695 I ServiceManager: Waiting for service libre.EnvItems...
04-09 10:20:16.920  2697  2697 E writeSerialNo: Writing serial number to unifykey
04-09 10:20:16.940  2691  2691 I sh      : FACTEST:unifykey read success:20 20
04-09 10:20:16.940  2691  2691 I sh      : inbuf=de4f95ffa64d5e74b026  ret=20 serial.txt=de4f95ffa64d5e74b026 bytesread=20 strcmp=0
04-09 10:20:16.978  2698  2698 I ENV     : init 
04-09 10:20:16.979  2698  2698 I ENV     :  First boot 
04-09 10:20:16.979  2698  2698 E ENV     : fileExists:153 /lsync/env/env.db does not exist
04-09 10:20:16.985  2698  2698 D AVS_SDK :  [  1] I sdkVersion: 1.19.1
04-09 10:20:16.985  2698  2698 E ENV     :  FAILED to open:/lsync/env/tmp.db 
04-09 10:20:16.986  2698  2698 I ENV     : removeItem:79:/lsync/env/tmp.db not found
04-09 10:20:16.987  2698  2698 E ENV     : /lsync/env/env.db does not Exist.. tempStorage = 0
04-09 10:20:16.987  2698  2698 I ENV     : createUserDBFromFactoryCfg 
04-09 10:20:16.994  2698  2698 I ENV     : Using /factory/custom/factoryEnv.conf as conf file
04-09 10:20:16.994  2698  2698 I ENV     : removeItem:79:/lsync/env/env.db not found
04-09 10:20:16.994  2698  2698 E ENV     : Error removing /lsync/env/env.db
04-09 10:20:17.057  2698  2698 E ENV     : createUserDBFromFactoryCfg:307: tempStorage is undefined
04-09 10:20:17.058  2698  2698 I ENV     : Using /factory/custom/factoryEnv.conf and /lsync/env/env.db as conf and db file
04-09 10:20:17.058  2698  2698 I ENV     : init 
04-09 10:20:17.058  2698  2698 I ENV     :  First boot 
04-09 10:20:17.058  2698  2698 I ENV     : fileExists:151 /lsync/env/env.db exists
04-09 10:20:17.060  2698  2698 I ENV     : Copied /lsync/env/env.db to /lsync/env/tmp.db
04-09 10:20:17.061  2698  2698 E ENV     : /lsync/env/env.db does not Exist.. tempStorage = ab6b3db0
04-09 10:20:17.061  2698  2698 I ENV     : createUserDBFromFactoryCfg 
04-09 10:20:17.063  2698  2698 I ENV     : Using /factory/custom/factoryEnv.conf as conf file
04-09 10:20:17.064  2698  2698 I ENV     : removeItem:74:/lsync/env/env.db removed
04-09 10:20:17.064  2698  2698 I ENV     : Removed /lsync/env/env.db
04-09 10:20:17.076  2698  2698 E ENV     : createUserDBFromFactoryCfg:301: Failed at tempStorage->get_changed
04-09 10:20:17.468  2698  2698 I chatty  : uid=0(root) env_service identical 64 lines
04-09 10:20:17.474  2698  2698 E ENV     : createUserDBFromFactoryCfg:301: Failed at tempStorage->get_changed
04-09 10:20:17.475  2698  2698 E AVS_SDK :  [  1] E SQLiteStatement:SQLiteStatement::stepFailed::Executing the select did not generate a row or complete.:result=19
04-09 10:20:17.475  2698  2698 E AVS_SDK :  [  1] E SQLiteStatement:SQLiteStatement::finalizeFailed::Could release the prepared statement.:rcode=19
04-09 10:20:17.475  2698  2698 E ENV     : createUserDBFromFactoryCfg:286: Failed at m_miscStorage->put
04-09 10:20:17.481  2698  2698 E ENV     : createUserDBFromFactoryCfg:301: Failed at tempStorage->get_changed
04-09 10:20:17.665  2698  2698 I chatty  : uid=0(root) env_service identical 29 lines
04-09 10:20:17.671  2698  2698 E ENV     : createUserDBFromFactoryCfg:301: Failed at tempStorage->get_changed
04-09 10:20:17.672  2698  2698 I ENV     : Using /factory/custom/factoryEnv.conf and /lsync/env/env.db as conf and db file
04-09 10:20:17.673  2698  2698 I ENV     : fileExists:151 /lsync/env/env_bk.db exists
04-09 10:20:17.673  2698  2698 I ENV     : fileExists:151 /factory/custom/factoryEnv_bk.conf exists
04-09 10:20:17.674  2698  2698 I ENV     : removeItem:74:/lsync/env/tmp.db removed
04-09 10:20:19.932  2710  2710 I wpa_supplicant: Successfully initialized wpa_supplicant
04-09 10:20:19.949  2710  2710 I wpa_supplicant: rfkill: Cannot open RFKILL control device
04-09 10:20:19.987  2712  2712 E LUCI_FACTORY: LUCIFactory::registerBuiltinFactories
04-09 10:20:19.991  2713  2713 I main_sourceswitch: ServiceManager: 0xace8af88
04-09 10:20:19.993  2713  2713 E luci_helper: LUCIHelper: Waiting for Module Init
04-09 10:20:19.994  2713  2713 E luci_helper: LUCIHelper: Waiting for Module Init
04-09 10:20:19.995  2712  2712 E LUCI_SERVER: IP = 0
04-09 10:20:20.018  2711  2711 E luci_helper: LUCIHelper: Waiting for Module Init
04-09 10:20:20.019  2711  2711 E luci_helper: LUCIHelper: Waiting for Module Init
04-09 10:20:20.020  2711  2711 E yani_server: YaniServer FAILED TO GET LuciHelper
04-09 10:20:20.056  2691  2691 I sh      : Simple mixer control 'Master',0
04-09 10:20:20.057  2691  2691 I sh      :   Capabilities: volume pswitch pswitch-joined
04-09 10:20:20.057  2691  2691 I sh      :   Playback channels: Front Left - Front Right
04-09 10:20:20.057  2691  2691 I sh      :   Capture channels: Front Left - Front Right
04-09 10:20:20.057  2691  2691 I sh      :   Limits: 0 - 100
04-09 10:20:20.070  2711  2711 E luci_helper: LUCIHelper: Waiting for Module Init
04-09 10:20:20.070  2711  2711 E yani_server: YaniServer FAILED TO GET LuciHelper
04-09 10:20:20.077  2691  2691 I sh      :   Front Left: 30 [30%] [-10.45dB] Playback [on]
04-09 10:20:20.077  2691  2691 I sh      :   Front Right: 30 [30%] [-10.45dB] Playback [on]
04-09 10:20:20.081  2712  2712 E luciUART: bufff write ? = 1 
04-09 10:20:20.082  2710  2710 I wpa_supplicant: MPM: Debug Dialog Token initialized 3894494308 (0xe8214464)
04-09 10:20:20.083  2712  2712 E luciUART: tcsetattr succeed
04-09 10:20:20.085  2712  2721 E LUCI_SERVER: Luci Server Thread waiting for packets....
04-09 10:20:20.086  2710  2710 I wpa_supplicant: wlan0: CTRL-EVENT-REGDOM-CHANGE init=USER type=COUNTRY alpha2=US
04-09 10:20:20.141  2709  2709 I         : [0408/215020.140438:INFO:cast_auth_check.cc(163)] Cast auth test is successful.
04-09 10:20:20.533  2711  2723 E yani_kernel: Interface status 0
04-09 10:20:20.540  2711  2723 I yani_kernel: set_device_name() Interface 'wlan0' MAC Address 'cc:90:93:21:f3:84' FriendlyName 'Lyric Speaker Box 21f384' status '0'
04-09 10:20:20.541  2711  2723 I yani_server: First boot after Factory reset! Friendly Name modified Lyric Speaker Box  -> Lyric Speaker Box 21f384
04-09 10:20:20.547  2712  2712 I lucitransport: writeRemoteMessage() MID = 90 buffer = Lyric Speaker Box 21f384
04-09 10:20:20.547  2712  2712 I luciUART: write() MID = 90  bytes = 34 data = Lyric Speaker Box 21f384 m_fd = 0x5
04-09 10:20:20.547  2712  2712 I lucitransport: writeLocalMessage() MID = 90 buffer = Lyric Speaker Box 21f384
04-09 10:20:20.547  2712  2721 E LUCI_SERVER: Luci Server Thread wait over MID 90....
04-09 10:20:20.549  2711  2723 E yani_server: Device Supports CastSetup 1
04-09 10:20:20.549  2711  2723 I yani_kernel: yani_init_net() Success Netlink socket fd 6
04-09 10:20:20.552  2711  2723 E WifiHW  : wifi_start_supplicant
04-09 10:20:20.553  2711  2723 E WifiHW  : wifi_start_ctl.start : wpa_supplicant
04-09 10:20:20.576  2712  2721 E LUCI_SERVER: Luci Server Thread waiting for packets....
04-09 10:20:20.754  2711  2723 E WifiHW  : wifi_connect_to_supplicant : wlan0
04-09 10:20:20.754  2711  2723 E WifiHW  : wifi_connect_on_socket_path1 : wlan0
04-09 10:20:20.756  2711  2723 E yani_wifi: enable_disable_net_if() Failed SIOCGIFFLAGS for interface 'wlan1' enable '0'
04-09 10:20:20.762  2711  2723 I yani_wifi: configure_wifi() SSID '' security '' passphrase '********' Country 'US'
04-09 10:20:21.943  2691  2691 I sh      : LSDeviceService: not found
04-09 10:20:22.033  2732  2732 I NetMgr  : Net_Mgr starting
04-09 10:20:22.043  2732  2732 I HotspotManager: Default WiFi Interface : wlan0
04-09 10:20:22.046  2728  2728 E         :  Start MessageBox Handler 
04-09 10:20:22.046  2729  2729 E UIModeManager: UIModeManager Constructor ++
04-09 10:20:22.055  2732  2732 I NetworkMonitor: WiFi Interface : wlan0
04-09 10:20:22.055  2732  2732 I NetworkMonitor: Default WiFi Interface : wlan0
04-09 10:20:22.058  2732  2744 I NetworkMonitor: Start monitor thread
04-09 10:20:22.059  2729  2729 I AirableUIHelper: AirableUIHelper Contructor 
04-09 10:20:22.067  2728  2742 E MB_HANDLER: HOST present 1
04-09 10:20:22.069  2729  2729 E AirableUIHelper:  Airable ENV_AirableBaseURL_ID Envitem returned failed!!!
04-09 10:20:22.069  2728  2742 E MB_HANDLER:  REGISTERED YANI LISTENER IN MessageBoxHandler
04-09 10:20:22.071  2728  2742 E         : External Host present 1
04-09 10:20:22.071  2728  2742 E MB_HANDLER: REGISTERED ExternalSource IN MessageBoxHandler
04-09 10:20:22.074  2729  2729 E AirableUIHelper:  Airable ENV_AirableSecret_ID Envitem returned failed!!!
04-09 10:20:22.074  2729  2729 E AirableUIHelper: Airable Secret =  
04-09 10:20:22.075  2728  2742 E MB_HANDLER: Check Device Support ENV_CastSetup true ENV_GoogleCast_ID true 
04-09 10:20:22.075  2712  2712 I lucitransport: readRemoteMessage() MID char = 43689 buffer = 1
04-09 10:20:22.076  2712  2712 I lucitransport: writeRemoteMessage() MID = 43690 buffer = ªªªªª
04-09 10:20:22.090  2712  2720 I luciUART: read() RemoteID = 43690 Command = 91 Type = 2 Status = 0 DataLen = 0
04-09 10:20:22.090  2712  2720 E luciUART: UART:aa
04-09 10:20:22.095  2712  2720 E luciUART: UART:0
04-09 10:20:22.095  2712  2720 E luciUART: Error: full data not available yet! readBytes 0
04-09 10:20:22.096  2712  2720 E luciUART: UART:52
04-09 10:20:22.096  2712  2720 I luciUART: Previous Packet read contd., 
04-09 10:20:22.096  2712  2720 E luciUART: UART:45
04-09 10:20:22.096  2712  2720 I luciUART: Previous Packet read contd., 
04-09 10:20:22.096  2712  2720 E luciUART: UART:41
04-09 10:20:22.096  2712  2720 I luciUART: Previous Packet read contd., 
04-09 10:20:22.096  2712  2720 E luciUART: UART:44
04-09 10:20:22.096  2712  2720 I luciUART: Previous Packet read contd., 
04-09 10:20:22.096  2712  2720 E luciUART: UART:5f
04-09 10:20:22.096  2712  2720 I luciUART: Previous Packet read contd., 
04-09 10:20:22.096  2712  2720 I luciUART: Previous Packet read contd., 
04-09 10:20:22.097  2732  2744 E WifiUtil: command: "SCAN" failed: FAIL-BUSY
04-09 10:20:22.099  2728  2742 E MB_HANDLER: ENV READ FAILED
04-09 10:20:22.099  2735  2735 D dhcpcd  : wlan0: adding address fe80::ce90:93ff:fe21:f384
04-09 10:20:22.100  2728  2742 E MB_HANDLER: MacAddress :CC:90:93:21:F3:84
04-09 10:20:22.100  2712  2712 I lucitransport: writeRemoteMessage() MID = 91 buffer = CC:90:93:21:F3:84
04-09 10:20:22.100  2712  2712 I luciUART: write() MID = 91  bytes = 27 data = CC:90:93:21:F3:84 m_fd = 0x5
04-09 10:20:22.101  2712  2720 E luciUART: UART:aa
04-09 10:20:22.101  2728  2742 E MB_HANDLER: Message Handler Thread waiting for messages....
04-09 10:20:22.101  2712  2720 E luciUART: UART:aa
04-09 10:20:22.101  2712  2720 E luciUART: UART:2
04-09 10:20:22.101  2712  2720 E luciUART: UART:0
04-09 10:20:22.101  2712  2720 E luciUART: UART:6
04-09 10:20:22.101  2712  2720 E luciUART: UART:0
04-09 10:20:22.101  2712  2720 I chatty  : uid=0(root) UARTLUCIControl identical 2 lines
04-09 10:20:22.101  2712  2720 E luciUART: UART:0
04-09 10:20:22.101  2712  2720 E luciUART: UART:4
04-09 10:20:22.103  2712  2721 E WLANP2PIF: ioctl failed
04-09 10:20:22.103  2712  2721 E LUCI_SERVER: ** RSSI  = 255
04-09 10:20:22.103  2712  2721 I luciUART: write() MID = 151  bytes = 10 data =  m_fd = 0x5
04-09 10:20:22.103  2712  2721 E LUCI_SERVER: Luci Server Thread wait over MID 208....
04-09 10:20:22.103  2712  2721 E LUCI_SERVER: Got NV name : ssid
04-09 10:20:22.106  2712  2721 I luciUART: write() MID = 208  bytes = 15 data = ssid: m_fd = 0x5
04-09 10:20:22.106  2712  2721 E LUCI_SERVER: NV_READ response= ssid:
04-09 10:20:22.106  2712  2721 E LUCI_SERVER: Luci Server Thread wait over MID 208....
04-09 10:20:22.106  2712  2721 E LUCI_SERVER: Got NV name : ssid
04-09 10:20:22.108  2712  2721 I luciUART: write() MID = 208  bytes = 15 data = ssid: m_fd = 0x5
04-09 10:20:22.108  2712  2721 E LUCI_SERVER: NV_READ response= ssid:
04-09 10:20:22.118  2728  2742 E MB_HANDLER: Message Handler Thread waiting for messages....
04-09 10:20:22.119  2712  2720 E luciUART: UART:aa
04-09 10:20:22.119  2712  2720 E luciUART: UART:aa
04-09 10:20:22.119  2712  2720 E luciUART: UART:2
04-09 10:20:22.119  2712  2720 E luciUART: UART:0
04-09 10:20:22.119  2712  2720 E luciUART: UART:d0
04-09 10:20:22.119  2712  2720 E luciUART: UART:0
04-09 10:20:22.119  2712  2720 I chatty  : uid=0(root) UARTLUCIControl identical 2 lines
04-09 10:20:22.119  2712  2720 E luciUART: UART:0
04-09 10:20:22.119  2712  2720 E luciUART: UART:13
04-09 10:20:22.119  2712  2720 I luciUART: read() RemoteID = 43690 Command = 208 Type = 2 Status = 0 DataLen = 19
04-09 10:20:22.119  2712  2720 E luciUART: Error: full data not available yet! readBytes 0
04-09 10:20:22.119  2712  2720 I luciUART: Previous Packet read contd., 
04-09 10:20:22.120  2712  2720 E luciUART: UART:52
04-09 10:20:22.120  2712  2720 I luciUART: Previous Packet read contd., 
04-09 10:20:22.120  2712  2720 E luciUART: UART:45
04-09 10:20:22.120  2712  2720 I luciUART: Previous Packet read contd., 
04-09 10:20:22.120  2712  2720 E luciUART: UART:41
04-09 10:20:22.121  2712  2720 I luciUART: Previous Packet read contd., 
04-09 10:20:22.121  2712  2720 E luciUART: UART:78
04-09 10:20:22.121  2712  2720 I luciUART: Previous Packet read contd., 
04-09 10:20:22.121  2712  2720 E luciUART: UART:6d
04-09 10:20:22.121  2712  2720 I luciUART: Previous Packet read contd., 
04-09 10:20:22.121  2712  2720 E luciUART: UART:6c
04-09 10:20:22.121  2712  2721 E LUCI_SERVER: Luci Server Thread wait over MID 208....
04-09 10:20:22.121  2712  2721 E LUCI_SERVER: Got NV name : fwdownload_xml
04-09 10:20:22.123  2712  2721 I luciUART: write() MID = 208  bytes = 67 data = fwdownload_xml:https://openotaengine.libreiotcloud.com/v1 m_fd = 0x5
04-09 10:20:22.123  2712  2721 E LUCI_SERVER: NV_READ response= fwdownload_xml:https://openotaengine.libreiotcloud.com/v1
04-09 10:20:22.123  2712  2721 E LUCI_SERVER: Luci Server Thread waiting for packets....
04-09 10:20:22.130  2733  2733 I bt_btif : init
04-09 10:20:22.133  2733  2733 D bt_osi_allocation_tracker: canary initialized
04-09 10:20:22.135  2733  2757 I bt_osi_thread: run_thread: thread id 2757, thread name stack_manager started
04-09 10:20:22.136  2733  2757 I bt_stack_manager: event_init_stack is initializing the stack
04-09 10:20:22.141  2733  2757 E bt_osi_config: config_new unable to open file '/data/misc/bluedroid/bt_config.conf': No such file or directory
04-09 10:20:22.141  2733  2757 W bt_btif_config: init unable to load config file: /data/misc/bluedroid/bt_config.conf; using backup.
04-09 10:20:22.141  2733  2757 E bt_osi_config: config_new unable to open file '/data/misc/bluedroid/bt_config.bak': No such file or directory
04-09 10:20:22.141  2733  2757 W bt_btif_config: init unable to load backup; attempting to transcode legacy file.
04-09 10:20:22.143  2733  2757 E bt_btif_config_transcode: btif_config_transcode unable to load XML file '/data/misc/bluedroid/bt_config.xml': 3
04-09 10:20:22.143  2733  2757 E bt_btif_config: init unable to transcode legacy file; creating empty config.
04-09 10:20:22.146  2733  2760 I bt_osi_thread: run_thread: thread id 2760, thread name alarm_default_ca started
04-09 10:20:22.147  2733  2761 I bt_osi_thread: run_thread: thread id 2761, thread name alarm_dispatcher started
04-09 10:20:22.150  2733  2757 I bt_btif_core: btif_init_bluetooth entered
04-09 10:20:22.153  2733  2757 I bt_stack_config: init attempt to load stack conf from /etc/bluetooth/bt_stack.conf
04-09 10:20:22.155  2733  2763 I bt_osi_thread: run_thread: thread id 2763, thread name bt_jni_workqueue started
04-09 10:20:22.155  2733  2757 I bt_btif_core: btif_init_bluetooth finished
04-09 10:20:22.155  2733  2757 I bt_stack_manager: event_init_stack finished
04-09 10:20:22.156  2733  2733 I bt_osi_wakelock: wakelock_set_os_callouts set to non-native
04-09 10:20:22.156  2733  2763 I bt_btif_core: run_message_loop entered
04-09 10:20:22.159  2733  2733 I bt_btif : get_profile_interface: id = gatt
04-09 10:20:22.165  2733  2733 I bt_btif : get_profile_interface: id = a2dp
04-09 10:20:22.166  2733  2733 I bt_btif : get_profile_interface: id = a2dp_sink
04-09 10:20:22.177  2733  2768 I bt_osi_thread: run_thread: thread id 2768, thread name btif_a2dp_sink_w started
04-09 10:20:22.185  2733  2733 D a2dp_codec: init
04-09 10:20:22.186  2733  2733 D a2dp_codec: createCodec: codec SBC
04-09 10:20:22.188  2733  2733 D a2dp_codec: createCodec: codec AAC
04-09 10:20:22.189  2733  2733 D a2dp_codec: createCodec: codec aptX
04-09 10:20:22.190  2733  2733 E a2dp_vendor_aptx_encoder: A2DP_VendorLoadEncoderAptx: cannot open aptX encoder library libaptX_encoder.so: libaptX_encoder.so: cannot open shared object file: No such file or directory
04-09 10:20:22.190  2733  2733 E a2dp_vendor_aptx: init: cannot load the encoder
04-09 10:20:22.190  2733  2733 D a2dp_codec: createCodec: codec aptX-HD
04-09 10:20:22.190  2733  2733 E a2dp_vendor_aptx_hd_encoder: A2DP_VendorLoadEncoderAptxHd: cannot open aptX-HD encoder library libaptXHD_encoder.so: libaptXHD_encoder.so: cannot open shared object file: No such file or directory
04-09 10:20:22.190  2733  2733 E a2dp_vendor_aptx_hd: init: cannot load the encoder
04-09 10:20:22.191  2733  2733 D a2dp_codec: createCodec: codec LDAC
04-09 10:20:22.191  2733  2733 E a2dp_vendor_ldac_encoder: A2DP_VendorLoadEncoderLdac: cannot open LDAC encoder library libldacBT_enc.so: libldacBT_enc.so: cannot open shared object file: No such file or directory
04-09 10:20:22.192  2733  2733 E a2dp_vendor_ldac: init: cannot load the encoder
04-09 10:20:22.192  2733  2733 D a2dp_codec: createCodec: codec SBC SINK
04-09 10:20:22.193  2733  2763 E bt_btif : btif_sm_dispatch : Invalid handle
04-09 10:20:22.193  2733  2733 I bt_btif : get_profile_interface: id = avrcp
04-09 10:20:22.194  2733  2733 I bt_btif : get_profile_interface: id = avrcp_ctrl
04-09 10:20:22.194  2733  2733 I bt_btif : get_profile_interface: id = hidhost
04-09 10:20:22.203  2732  2745 E CommandListener: Message not handled: unrecognized interface usb0
04-09 10:20:22.203  2732  2745 W FrameworkListener: Handler 'Iface' error (Success)
04-09 10:20:22.203  2732  2745 E CommandListener: Message not handled: unrecognized interface usb0
04-09 10:20:22.203  2732  2745 W FrameworkListener: Handler 'Iface' error (Success)
04-09 10:20:22.207  2733  2733 I bluetoothtbd: [0408/215022.207379:INFO:daemon.cc(168)] Daemon initialized
04-09 10:20:22.208  2733  2733 I bt_btif : enable: start restricted = 0
04-09 10:20:22.208  2733  2757 I bt_stack_manager: event_start_up_stack is bringing up the stack
04-09 10:20:22.208  2733  2757 I bt_core_module: module_start_up Starting module "btif_config_module"
04-09 10:20:22.208  2733  2757 I bt_core_module: module_start_up Started module "btif_config_module"
04-09 10:20:22.208  2733  2757 I bt_core_module: module_start_up Starting module "btsnoop_module"
04-09 10:20:22.209  2733  2757 I bt_core_module: module_start_up Started module "btsnoop_module"
04-09 10:20:22.209  2733  2757 I bt_core_module: module_start_up Starting module "hci_module"
04-09 10:20:22.209  2733  2757 I bt_hci  : hci_module_start_up
04-09 10:20:22.210  2733  2780 I bt_osi_thread: run_thread: thread id 2780, thread name hci_thread started
04-09 10:20:22.210  2733  2757 D bt_hci  : hci_module_start_up starting async portion
04-09 10:20:22.212  2732  2745 E CommandListener: Message not handled: unrecognized interface usb0
04-09 10:20:22.212  2732  2745 W FrameworkListener: Handler 'Iface' error (Success)
04-09 10:20:22.212  2732  2745 E CommandListener: Message not handled: unrecognized interface usb0
04-09 10:20:22.212  2732  2745 W FrameworkListener: Handler 'Iface' error (Success)
04-09 10:20:22.213  2732  2745 E CommandListener: Message not handled: unrecognized interface usb0
04-09 10:20:22.213  2732  2745 W FrameworkListener: Handler 'Iface' error (Success)
04-09 10:20:22.214  2732  2745 E CommandListener: Message not handled: unrecognized interface usb0
04-09 10:20:22.214  2732  2745 W FrameworkListener: Handler 'Iface' error (Success)
04-09 10:20:22.233  2735  2735 D dhcpcd  : no interfaces have a carrier
04-09 10:20:22.234  2735  2735 D dhcpcd  : wlan0: waiting for carrier
04-09 10:20:22.258  2786  2786 I dnsmasq : started, version 2.51 cachesize 150
04-09 10:20:22.258  2786  2786 I dnsmasq : compile time options: no-IPv6 GNU-getopt no-DBus no-I18N DHCP no-scripts no-TFTP
04-09 10:20:22.258  2786  2786 I dnsmasq : DHCP, IP range 192.168.10.3 -- 192.168.10.10, lease time 12h
04-09 10:20:22.259  2786  2786 I dnsmasq : reading /etc/resolv.conf
04-09 10:20:22.259  2786  2786 I dnsmasq : using nameserver 8.8.8.8#53
04-09 10:20:22.259  2786  2786 I dnsmasq : read /etc/hosts - 1 addresses
04-09 10:20:22.625  2733  2780 I bluetoothtbd: [0408/215022.624944:INFO:hci_layer_linux.cc(295)] wait_hcidev
04-09 10:20:22.625  2733  2780 I bluetoothtbd: [0408/215022.625236:INFO:hci_layer_linux.cc(332)] Do poll() with timeout of 3000ms
04-09 10:20:22.626  2733  2780 I bluetoothtbd: [0408/215022.626783:INFO:hci_layer_linux.cc(228)] HCI device ready
04-09 10:20:22.626  2733  2780 I bt_hci  : event_finish_startup
04-09 10:20:22.627  2733  2757 I bt_core_module: module_start_up Started module "hci_module"
04-09 10:20:22.629  2733  2809 I bt_osi_thread: run_thread: thread id 2809, thread name bt_workqueue started
04-09 10:20:22.629  2733  2809 I bluetoothtbd: [0408/215022.629227:INFO:btu_task.cc(107)] Bluetooth chip preload is complete
04-09 10:20:22.635  2733  2809 I         : No vendor HCI socket available. Won't create SocketWriter.
04-09 10:20:22.643  2732  2745 E CommandListener: Message not handled: unrecognized interface usb0
04-09 10:20:22.644  2732  2745 W FrameworkListener: Handler 'Iface' error (Success)
04-09 10:20:22.644  2733  2809 I bluetoothtbd: [0408/215022.644068:INFO:gatt_api.cc(1005)] GATT_Register
04-09 10:20:22.646  2733  2809 I bluetoothtbd: [0408/215022.645949:INFO:gatt_api.cc(1028)] allocated gatt_if=1
04-09 10:20:22.647  2733  2809 I bluetoothtbd: [0408/215022.647616:INFO:gatt_api.cc(207)] GATTS_AddService
04-09 10:20:22.648  2733  2809 I bluetoothtbd: [0408/215022.648714:INFO:gatt_api.cc(317)] GATTS_AddService: service parsed correctly, now starting
04-09 10:20:22.650  2733  2809 E bluetoothtbd: [0408/215022.649639:ERROR:gatt_attr.cc(302)] gatt_profile_db_init:  gatt_if=1
04-09 10:20:22.656  2733  2809 I bluetoothtbd: [0408/215022.656696:INFO:gatt_api.cc(1005)] GATT_Register
04-09 10:20:22.656  2733  2809 I bluetoothtbd: [0408/215022.656879:INFO:gatt_api.cc(1028)] allocated gatt_if=2
04-09 10:20:22.656  2733  2809 I bluetoothtbd: [0408/215022.656948:INFO:gatt_api.cc(207)] GATTS_AddService
04-09 10:20:22.693  2733  2812 I bt_osi_thread: run_thread: thread id 2812, thread name module_wrapper started
04-09 10:20:22.693  2733  2812 I bt_core_module: module_start_up Starting module "controller_module"
04-09 10:20:22.765  2711  2723 I yani_server: ifindexeth0 0 ifindexwlan0 5 ifindexp2p0 6 ifindexwlan1 0
04-09 10:20:22.766  2711  2723 I yani_server: NetLink Event '-1' Interface-Index '5' WLAN '0' Ethernet '-1' Parsed-iFill '-1' -> 'INVALID' ifIndex '1' -> 'lo'
04-09 10:20:22.766  2711  2723 I yani_kernel: yani_geteventfrom_changeaddr() Message-Id '1' Netlink event '16' Interface Index '5' -> Name 'wlan0' 
04-09 10:20:22.767  2711  2723 I yani_kernel: yani_geteventfrom_changeaddr() Message-Id '1' Netlink event '16' Interface Index '9' -> Name 'usb0' 
04-09 10:20:22.768  2711  2723 I yani_kernel: yani_geteventfrom_changeaddr() Message-Id '1' Netlink event '16' Interface Index '9' -> Name 'usb0' 
04-09 10:20:22.769  2711  2723 I yani_kernel: yani_geteventfrom_changeaddr() Message-Id '1' Netlink event '20' Interface Index '9' -> Name 'usb0' 
04-09 10:20:22.770  2711  2723 I yani_kernel: yani_geteventfrom_changeaddr() Message-Id '1' Netlink event '16' Interface Index '9' -> Name 'usb0' 
04-09 10:20:22.771  2711  2723 I yani_kernel: yani_geteventfrom_changeaddr() Message-Id '1' Netlink event '21' Interface Index '9' -> Name 'usb0' 
04-09 10:20:22.772  2711  2723 I yani_kernel: yani_geteventfrom_changeaddr() Message-Id '1' Netlink event '20' Interface Index '9' -> Name 'usb0' 
04-09 10:20:22.773  2711  2723 I yani_kernel: yani_geteventfrom_changeaddr() Message-Id '1' Netlink event '16' Interface Index '9' -> Name 'usb0' 
04-09 10:20:22.864  2733  2812 I bt_core_module: module_start_up Started module "controller_module"
04-09 10:20:22.864  2733  2812 W bt_osi_thread: run_thread: thread id 2812, thread name module_wrapper exited
04-09 10:20:22.868  2733  2809 W bt_btm  : btm_decode_ext_features_page: feature page 1 ignored
04-09 10:20:22.868  2733  2809 W bt_btm  : btm_decode_ext_features_page: feature page 2 ignored
04-09 10:20:22.869  2733  2811 I bt_btm_sec: BTM_SecRegister p_cb_info->p_le_callback == 0x0xf6daab99
04-09 10:20:22.870  2733  2811 I bt_btm_sec: BTM_SecRegister btm_cb.api.p_le_callback = 0x0xf6daab99 
04-09 10:20:22.872  2733  2811 I bluetoothtbd: [0408/215022.872061:INFO:ble_advertiser_hci_interface.cc(736)] Legacy advertising will be in use
04-09 10:20:22.874  2733  2811 I bluetoothtbd: [0408/215022.874525:INFO:gatt_api.cc(1005)] GATT_Register
04-09 10:20:22.874  2733  2811 I bluetoothtbd: [0408/215022.874703:INFO:gatt_api.cc(1028)] allocated gatt_if=3
04-09 10:20:22.896  2733  2811 I bt_bta_av: AVRCP version used for sdp: "avrcp14"
04-09 10:20:22.900  2733  2763 E bt_btif_storage: btif_storage_get_adapter_property: Controller ready!
04-09 10:20:22.900  2733  2763 I bt_btif_storage: btif_storage_get_adapter_property service_mask:0x40000
04-09 10:20:22.901  2733  2763 I bluetoothtbd: [0408/215022.901402:INFO:adapter.cc(551)] Adapter properties changed
04-09 10:20:22.901  2733  2763 I bluetoothtbd: [0408/215022.901559:INFO:adapter.cc(564)] Adapter address changed: CC:90:93:21:F3:85
04-09 10:20:22.901  2733  2763 I bluetoothtbd: [0408/215022.901608:INFO:adapter.cc(573)] Adapter name changed
04-09 10:20:22.902  2733  2763 I bt_btif_core: btif_enable_bluetooth_evt entered: status 0
04-09 10:20:22.902  2733  2763 W bt_btif : btif_enable_bluetooth_evt: Saving the Adapter Address
04-09 10:20:22.902  2733  2763 I bluetoothtbd: [0408/215022.902484:INFO:adapter.cc(551)] Adapter properties changed
04-09 10:20:22.902  2733  2763 I bluetoothtbd: [0408/215022.902572:INFO:adapter.cc(564)] Adapter address changed: CC:90:93:21:F3:85
04-09 10:20:22.902  2733  2763 D bt_hci  : do_postload posting postload work item
04-09 10:20:22.906  2733  2853 I bt_osi_thread: run_thread: thread id 2853, thread name btif_sock started
04-09 10:20:22.909  2733  2763 D bt_bte_conf: Device ID record 1 : primary
04-09 10:20:22.910  2733  2763 D bt_bte_conf:   vendorId            = 000f
04-09 10:20:22.910  2733  2763 D bt_bte_conf:   vendorIdSource      = 0001
04-09 10:20:22.910  2733  2763 D bt_bte_conf:   product             = 1200
04-09 10:20:22.910  2733  2763 D bt_bte_conf:   version             = 1436
04-09 10:20:22.910  2733  2763 D bt_bte_conf:   clientExecutableURL = 
04-09 10:20:22.910  2733  2763 D bt_bte_conf:   serviceDescription  = 
04-09 10:20:22.910  2733  2763 D bt_bte_conf:   documentationURL    = 
04-09 10:20:22.910  2733  2763 D bt_bte_conf: bte_load_did_conf no section named DID2.
04-09 10:20:22.910  2733  2763 I bt_btif_core: btif_enable_bluetooth_evt finished
04-09 10:20:22.910  2733  2757 I bt_stack_manager: event_start_up_stack finished
04-09 10:20:22.911  2733  2763 I bluetoothtbd: [0408/215022.911390:INFO:adapter.cc(529)] Adapter state changed: BT_STATE_ON
04-09 10:20:23.088  2729  2729 I ServiceManager: Waiting for service media.player...
04-09 10:20:23.221  2711  2723 I yani_kernel: yani_geteventfrom_changeaddr() Message-Id '1' Netlink event '16' Interface Index '9' -> Name 'usb0' 
04-09 10:20:23.222  2732  2745 E CommandListener: Message not handled: unrecognized interface usb0
04-09 10:20:23.222  2732  2745 W FrameworkListener: Handler 'Iface' error (Success)
04-09 10:20:24.089  2729  2729 I ServiceManager: Waiting for service media.player...
04-09 10:20:24.098  2732  2744 E WifiUtil: command: "SCAN" failed: FAIL-BUSY
04-09 10:20:24.452  2711  2723 I yani_kernel: yani_geteventfrom_changeaddr() Message-Id '1' Netlink event '16' Interface Index '5' -> Name 'wlan0' 
04-09 10:20:24.458  2711  2723 I yani_server: NetLink Event '-1' Interface-Index '5' WLAN '-1' Ethernet '-1' Parsed-iFill '-1' -> 'INVALID' ifIndex '1' -> 'lo'
04-09 10:20:24.459  2711  2723 I yani_server: NetLink Event '-1' Interface-Index '5' WLAN '0' Ethernet '-1' Parsed-iFill '-1' -> 'INVALID' ifIndex '1' -> 'lo'
04-09 10:20:24.486  2711  2723 I chatty  : uid=0(root) YaniServer identical 30 lines
04-09 10:20:24.486  2711  2723 I yani_server: NetLink Event '-1' Interface-Index '5' WLAN '0' Ethernet '-1' Parsed-iFill '-1' -> 'INVALID' ifIndex '1' -> 'lo'
04-09 10:20:24.486  2711  2723 I yani_kernel: yani_geteventfrom_changeaddr() Message-Id '1' Netlink event '16' Interface Index '5' -> Name 'wlan0' 
04-09 10:20:24.629  2732  2745 E CommandListener: Message not handled: unrecognized interface usb0
04-09 10:20:24.629  2732  2745 W FrameworkListener: Handler 'Iface' error (Success)
04-09 10:20:24.996  2713  2713 I SourceSwitch: SourceSwitch() Host 1 initialized...
04-09 10:20:25.089  2729  2729 I ServiceManager: Waiting for service media.player...
04-09 10:20:25.939  2733  2763 E bt_osi_config: config_save unable to open dir '/data/misc/bluedroid': No such file or directory
04-09 10:20:26.089  2729  2729 I ServiceManager: Waiting for service media.player...
04-09 10:20:26.100  2711  2723 I yani_server: NetLink Event '-1' Interface-Index '5' WLAN '-1' Ethernet '-1' Parsed-iFill '-1' -> 'INVALID' ifIndex '1' -> 'lo'
04-09 10:20:26.103  2786  2786 I dnsmasq : DHCPDISCOVER(usb0) 5e:56:4b:ad:4c:cf 
04-09 10:20:26.103  2786  2786 I dnsmasq : DHCPOFFER(usb0) 192.168.10.10 5e:56:4b:ad:4c:cf 
04-09 10:20:26.104  2786  2786 I dnsmasq : DHCPDISCOVER(usb0) 5e:56:4b:ad:4c:cf 
04-09 10:20:26.104  2786  2786 I dnsmasq : DHCPOFFER(usb0) 192.168.10.10 5e:56:4b:ad:4c:cf 
04-09 10:20:26.107  2786  2786 I dnsmasq : DHCPREQUEST(usb0) 192.168.10.10 5e:56:4b:ad:4c:cf 
04-09 10:20:26.107  2786  2786 I dnsmasq : DHCPACK(usb0) 192.168.10.10 5e:56:4b:ad:4c:cf 
04-09 10:20:26.109  2786  2786 I dnsmasq : DHCPREQUEST(usb0) 192.168.10.10 5e:56:4b:ad:4c:cf 
04-09 10:20:26.110  2786  2786 I dnsmasq : DHCPACK(usb0) 192.168.10.10 5e:56:4b:ad:4c:cf 
04-09 10:20:27.056  2691  2691 I sh      : btaudioplayer: not found
04-09 10:20:27.092  2691  2691 I sh      : *** play mode control constructor end 
04-09 10:20:27.093  2729  2729 E BrowseModeControl: Read env failed
04-09 10:20:27.093  2729  2729 I UIModeManager: RegisterModeControl Mode - BrowseMode ModeControl - 0xab9b3830
04-09 10:20:27.093  2729  2729 E DefaultBrowser: m_ItemsCount = 7 
04-09 10:20:27.093  2729  2729 E SDCardBrowser: SDCARD Browser constructor mounting vfat first
04-09 10:20:27.095  2729  2729 E SDCardBrowser: 3 GOTOP  Sytem return value = -1
04-09 10:20:27.095  2729  2729 E SDCardBrowser: mounting vfat failed, try ntfs, return value = -1
04-09 10:20:27.097  2729  2729 I ServiceManager: Waiting for service media.player...
04-09 10:20:27.115  2691  2691 I sh      : /dev/block/sd*: No such file or directory
04-09 10:20:28.097  2729  2729 I ServiceManager: Waiting for service media.player...
04-09 10:20:28.115  2732  2744 I NetworkMonitor: Number of APs is 42
04-09 10:20:28.115  2732  2744 I NetworkMonitor: Number of APs with same essid 0
04-09 10:20:28.118  2964  2964 I wac-main: main() defaultServiceManager 0xaae41fa8 
04-09 10:20:28.121  2964  2964 I wac-main: Getinstance
04-09 10:20:28.122  2964  2964 I wac-main: WAC LUCI listener created
04-09 10:20:28.125  2964  2964 E wac-main: wac trigger pipe not ready
04-09 10:20:28.126  2964  2974 I wac-main: init_netlink_skt() Success Netlink socket fd 7
04-09 10:20:28.126  2964  2974 E wac-main: Enter poll and wait
04-09 10:20:28.182  2691  2691 I sh      : mkdir failed for misc, File exists
04-09 10:20:28.230  2691  2691 I sh      : ***** START WEBSERVER ******
04-09 10:20:28.238  2691  2691 I sh      : 
04-09 10:20:28.239  2691  2691 I sh      : 
04-09 10:20:28.239  2691  2691 I sh      : MAIN TO START SPOTIFY START
04-09 10:20:28.239  2691  2691 I sh      : 
04-09 10:20:28.239  2691  2691 I chatty  : uid=1005(log) /bin/logwrapper identical 1 line
04-09 10:20:28.239  2691  2691 I sh      : 
04-09 10:20:28.239  2691  2691 I sh      : MAIN TO START SPOTIFY END
04-09 10:20:28.239  2691  2691 I sh      : 
04-09 10:20:28.243  2971  2982 I otamanager: OTA: set OTA timer
04-09 10:20:28.243  2971  2982 I otamanager: Timer set for 14400 seconds
04-09 10:20:28.243  2971  2982 D otamanager: Thread created successfully
04-09 10:20:28.243  2971  2982 I otamanager: OTA Manager Initialization Complete!!!
04-09 10:20:28.244  2971  2982 I otamanager: OnStartupCheck() wlanstate 0  ethstate 0 m_IsFDR 1
04-09 10:20:28.244  2971  2982 I otamanager: CurrentFirmwareUpdateState: 'Idle' 
04-09 10:20:28.253  2968  2986 E SPOTIFY : Spotify initSpotifyLibrary 
04-09 10:20:28.258  2691  2691 I sh      : threadLoop entry.... 
04-09 10:20:28.258  2691  2691 I sh      : WebServerManager::InitWebServerManager ++ 
04-09 10:20:28.261  2691  2691 I sh      : WebServerManager::InitWebServerManager --
04-09 10:20:28.262  2967  2967 I airplayluci: Getinstance
04-09 10:20:28.268  2970  2990 E LibreConnect: 
04-09 10:20:28.268  2970  2990 E LibreConnect:  start /factory/custom/web YES, Its a DIR
