04-09 09:22:41.394     0     0 I         : [    1.414493@1] Registered cp15_barrier emulation handler
04-09 09:22:41.394     0     0 I         : [    1.414904@1] Registered setend emulation handler
04-09 09:22:41.394     0     0 I         : [    1.415399@1] disable EAS feature
04-09 09:22:41.394     0     0 I         : [    1.416456@1] registered taskstats version 1
04-09 09:22:41.394     0     0 W         : [    1.426079@1] dwc3 ff500000.dwc3: Configuration mismatch. dr_mode forced to host
04-09 09:22:41.394     0     0 I         : [    1.930763@1] xhci-hcd xhci-hcd.0.auto: xHCI Host Controller
04-09 09:22:41.394     0     0 I         : [    1.930853@1] xhci-hcd xhci-hcd.0.auto: new USB bus registered, assigned bus number 1
04-09 09:22:41.394     0     0 I         : [    1.932078@1] xhci-hcd xhci-hcd.0.auto: hcc params 0x0220f664 hci version 0x100 quirks 0x02010010
04-09 09:22:41.394     0     0 I         : [    1.932507@1] xhci-hcd xhci-hcd.0.auto: irq 27, io mem 0xff500000
04-09 09:22:41.394     0     0 I         : [    1.934049@1] hub 1-0:1.0: USB hub found
04-09 09:22:41.394     0     0 I         : [    1.934120@1] hub 1-0:1.0: 1 port detected
04-09 09:22:41.394     0     0 I         : [    1.934648@1] xhci-hcd xhci-hcd.0.auto: xHCI Host Controller
04-09 09:22:41.394     0     0 I         : [    1.934900@1] xhci-hcd xhci-hcd.0.auto: new USB bus registered, assigned bus number 2
04-09 09:22:41.394     0     0 I         : [    1.935705@1] usb usb2: We don't know the algorithms for LPM for this host, disabling LPM.
04-09 09:22:41.394     0     0 I         : [    1.937229@0] hub 2-0:1.0: USB hub found
04-09 09:22:41.394     0     0 E         : [    1.937293@0] hub 2-0:1.0: config failed, hub doesn't have any ports! (err -19)
04-09 09:22:41.394     0     0 E         : [    1.937896@0] usb usb2: Unsupported the hub
04-09 09:22:41.394     0     0 I         : [    1.938635@0] aml_vrtc rtc: setting system clock to 2022-04-09 03:52:38 UTC (1649476358)
04-09 09:22:41.394     0     0 D         : [    1.939500@0] dwc_otg ff400000.dwc2_a: dwc_otg_driver_probe(ffffffc01d668c00)
04-09 09:22:41.394     0     0 W [    1.939546@0] dwc_otg: usb0: type: 2 speed: 0, config: 0, dma: 0, id: 0, phy: ffe09000, ctrl: 0
04-09 09:22:41.394     0     0 D         : [    1.939891@0] dwc_otg ff400000.dwc2_a: base=0xffffff8008a40000
04-09 09:22:41.394     0     0 D         : [    1.939897@0] dwc_otg ff400000.dwc2_a: dwc_otg_device=0xffffffc01c7a3000
04-09 09:22:41.394     0     0 W [    2.040329@0] dwc_otg: Core Release: 3.10a
04-09 09:22:41.394     0     0 W [    2.040366@0] dwc_otg: Setting default values for core params
04-09 09:22:41.394     0     0 W [    2.040781@0] dwc_otg: curmode: 0, host_only: 0
04-09 09:22:41.394     0     0 D         : [    2.041236@0] dwc_otg ff400000.dwc2_a: DMA config: BURST_DEFAULT
04-09 09:22:41.394     0     0 W [    2.053547@0] dwc_otg: Using Buffer DMA mode
04-09 09:22:41.395     0     0 W [    2.053570@0] dwc_otg: OTG VER PARAM: 1, OTG VER FLAG: 1
04-09 09:22:41.395     0     0 W [    2.053948@0] dwc_otg: Working on port type = SLAVE
04-09 09:22:41.395     0     0 W [    2.054433@0] dwc_otg: Dedicated Tx FIFOs mode
04-09 09:22:41.395     0     0 I [    2.056757@0] input: adc_keypad as /devices/platform/adc_keypad/input/input1
04-09 09:22:41.395     0     0 I         : [    2.058861@3] cpucore_cooling_register, max_cpu_core_num:4
04-09 09:22:41.395     0     0 I [    2.065359@3] gxbb_pm: enter meson_pm_probe!
04-09 09:22:41.395     0     0 I         : [    2.065398@3] no vddio3v3_en pin
04-09 09:22:41.395     0     0 E         : [    2.065564@3] pm-meson aml_pm: Can't get switch_clk81
04-09 09:22:41.395     0     0 I [    2.066085@3] gxbb_pm: meson_pm_probe done
04-09 09:22:41.395     0     0 I         : [    2.066862@3] ALSA device list:
04-09 09:22:41.395     0     0 I [    2.066892@3]   #0: AML-AUGESOUND
04-09 09:22:41.395     0     0 I         : [    2.067348@3] meson_uart ff804000.serial: ttyS3 use xtal(8M) 24000000 change 115200 to 115200
04-09 09:22:41.395     0     0 I         : [    2.073215@3] Freeing unused kernel memory: 6080K
04-09 09:22:41.395     0     0 I [    2.287662@3] ubi0: attaching mtd6
04-09 09:22:41.395     0     0 I [    2.497975@3] ubi0: scanning is finished
04-09 09:22:41.395     0     0 I [    2.501951@0] ubi0: attached mtd6 (name "system", size 100 MiB)
04-09 09:22:41.395     0     0 I [    2.502238@0] ubi0: PEB size: 262144 bytes (256 KiB), LEB size: 253952 bytes
04-09 09:22:41.395     0     0 I [    2.509246@0] ubi0: min./max. I/O unit sizes: 4096/4096, sub-page size 4096
04-09 09:22:41.395     0     0 I [    2.516142@0] ubi0: VID header offset: 4096 (aligned 4096), data offset: 8192
04-09 09:22:41.395     0     0 I [    2.523199@0] ubi0: good PEBs: 400, bad PEBs: 0, corrupted PEBs: 0
04-09 09:22:41.395     0     0 I [    2.529327@0] ubi0: user volume: 1, internal volumes: 1, max. volumes count: 128
04-09 09:22:41.395     0     0 I [    2.536655@0] ubi0: max/mean erase counter: 37/25, WL threshold: 4096, image sequence number: 736763309
04-09 09:22:41.395     0     0 I [    2.545973@0] ubi0: available PEBs: 0, total reserved PEBs: 400, PEBs reserved for bad PEB handling: 40
04-09 09:22:41.395     0     0 I [    2.555298@1] ubi0: background thread "ubi_bgt0d" started, PID 2142
04-09 09:22:41.395     0     0 I         : [    2.561034@2] UBIFS (ubi0:0): background thread "ubifs_bgt0_0" started, PID 2144
04-09 09:22:41.395     0     0 I         : [    2.609841@3] UBIFS (ubi0:0): UBIFS: mounted UBI device 0, volume 0, name "rootfs"
04-09 09:22:41.395     0     0 I         : [    2.611806@3] UBIFS (ubi0:0): LEB size: 253952 bytes (248 KiB), min./max. I/O unit sizes: 4096 bytes/4096 bytes
04-09 09:22:41.395     0     0 I         : [    2.621778@3] UBIFS (ubi0:0): FS size: 87867392 bytes (83 MiB, 346 LEBs), journal size 9404416 bytes (8 MiB, 38 LEBs)
04-09 09:22:41.395     0     0 I         : [    2.632297@3] UBIFS (ubi0:0): reserved for root: 0 bytes (0 KiB)
04-09 09:22:41.395     0     0 I         : [    2.638368@3] UBIFS (ubi0:0): media format: w4/r0 (latest is w4/r0), UUID DC99A6D8-69BA-4DD7-9E44-726260A6E747, small LPT model
04-09 09:22:41.395     0     0 I [    2.891403@1] init: property init
04-09 09:22:41.395     0     0 I [    2.892154@1] init: reading config file
04-09 09:22:41.395     0     0 I [    2.898965@1] init: processing action 0xaac13808 (boot_start)
04-09 09:22:41.395     0     0 I [    2.906714@1] init: command 'boot_start' r=0
04-09 09:22:41.395     0     0 I [    2.907803@1] init: processing action 0xaac0f6b0 (early-init)
04-09 09:22:41.395     0     0 I [    2.912471@1] init: starting 'ueventd'
04-09 09:22:41.395     0     0 I [    2.915749@1] init: command 'start' r=0
04-09 09:22:41.395     0     0 I [    2.918617@1] init: command 'loglevel' r=0
04-09 09:22:41.395     0     0 I [    2.923584@1] init: command 'mount' r=0
04-09 09:22:41.395     0     0 I [    2.925232@0] init: starting ueventd
04-09 09:22:41.395     0     0 I [    2.925985@0] init: /sys/ rule /sys/devices/virtual/input/input* enable
04-09 09:22:41.395     0     0 I [    2.925996@0] init: /sys/ rule /sys/devices/virtual/input/input* poll_delay
04-09 09:22:41.395     0     0 I [    2.926006@0] init: /sys/ rule /sys/devices/virtual/usb_composite/* enable
04-09 09:22:41.395     0     0 I [    2.931484@0] init: adding platform device ffd0f0d0.watchdog
04-09 09:22:41.395     0     0 I [    2.931890@0] init: adding platform device reg-dummy
04-09 09:22:41.395     0     0 I [    2.932556@0] init: adding platform device cpu_iomap
04-09 09:22:41.395     0     0 I [    2.932831@0] init: adding platform device 7400000.ramoops
04-09 09:22:41.395     0     0 I [    2.933099@0] init: adding platform device bt-dev
04-09 09:22:41.395     0     0 I [    2.933674@0] init: adding platform device dummy
04-09 09:22:41.395     0     0 I [    2.981172@1] init: command 'mount' r=0
04-09 09:22:41.395     0     0 I [    3.184841@0] ubi1: attaching mtd7
04-09 09:22:41.395     0     0 I [    3.478577@0] ubi1: scanning is finished
04-09 09:22:41.395     0     0 I [    3.482913@3] ubi1: attached mtd7 (name "chrome", size 140 MiB)
04-09 09:22:41.395     0     0 I [    3.483203@3] ubi1: PEB size: 262144 bytes (256 KiB), LEB size: 253952 bytes
04-09 09:22:41.395     0     0 I [    3.490201@3] ubi1: min./max. I/O unit sizes: 4096/4096, sub-page size 4096
04-09 09:22:41.395     0     0 I [    3.497099@3] ubi1: VID header offset: 4096 (aligned 4096), data offset: 8192
04-09 09:22:41.395     0     0 I [    3.504277@3] ubi1: good PEBs: 560, bad PEBs: 0, corrupted PEBs: 0
04-09 09:22:41.395     0     0 I [    3.510293@3] ubi1: user volume: 1, internal volumes: 1, max. volumes count: 128
04-09 09:22:41.395     0     0 I [    3.517620@3] ubi1: max/mean erase counter: 34/25, WL threshold: 4096, image sequence number: 1458511589
04-09 09:22:41.395     0     0 I [    3.527024@3] ubi1: available PEBs: 0, total reserved PEBs: 560, PEBs reserved for bad PEB handling: 40
04-09 09:22:41.395     0     0 I [    3.536410@0] ubi1: background thread "ubi_bgt1d" started, PID 2554
04-09 09:22:41.395     0     0 I         : [    3.550949@3] UBIFS (ubi1:0): background thread "ubifs_bgt1_0" started, PID 2558
04-09 09:22:41.395     0     0 I         : [    3.577842@1] UBIFS (ubi1:0): recovery needed
04-09 09:22:41.395     0     0 I         : [    3.627702@0] UBIFS (ubi1:0): recovery completed
04-09 09:22:41.395     0     0 I         : [    3.627855@0] UBIFS (ubi1:0): UBIFS: mounted UBI device 1, volume 0, name "chrome"
04-09 09:22:41.395     0     0 I         : [    3.634209@0] UBIFS (ubi1:0): LEB size: 253952 bytes (248 KiB), min./max. I/O unit sizes: 4096 bytes/4096 bytes
04-09 09:22:41.395     0     0 I         : [    3.644211@0] UBIFS (ubi1:0): FS size: 128499712 bytes (122 MiB, 506 LEBs), journal size 9404416 bytes (8 MiB, 38 LEBs)
04-09 09:22:41.395     0     0 I         : [    3.654903@0] UBIFS (ubi1:0): reserved for root: 0 bytes (0 KiB)
04-09 09:22:41.395     0     0 I         : [    3.660856@0] UBIFS (ubi1:0): media format: w4/r0 (latest is w4/r0), UUID 3D7B4A1D-6849-462E-B889-C151DCC94211, small LPT model
04-09 09:22:41.395     0     0 I [    3.704097@0] ubi2: attaching mtd8
04-09 09:22:41.395     0     0 I         : [    3.870509@0]  NAND bbt detect factory Bad block at 17a40000
04-09 09:22:41.395     0     0 I         : [    3.882110@0]  NAND bbt detect factory Bad block at 18000000
04-09 09:22:41.395     0     0 I         : [    3.882168@0]  NAND bbt detect factory Bad block at 18040000
04-09 09:22:41.395     0     0 I [    4.155172@0] ubi2: scanning is finished
04-09 09:22:41.395     0     0 I [    4.159874@2] ubi2: attached mtd8 (name "data", size 213 MiB)
04-09 09:22:41.395     0     0 I [    4.159988@2] ubi2: PEB size: 262144 bytes (256 KiB), LEB size: 253952 bytes
04-09 09:22:41.395     0     0 I [    4.166999@2] ubi2: min./max. I/O unit sizes: 4096/4096, sub-page size 4096
04-09 09:22:41.395     0     0 I [    4.173886@2] ubi2: VID header offset: 4096 (aligned 4096), data offset: 8192
04-09 09:22:41.395     0     0 I [    4.180952@2] ubi2: good PEBs: 849, bad PEBs: 3, corrupted PEBs: 0
04-09 09:22:41.396     0     0 I [    4.187078@2] ubi2: user volume: 2, internal volumes: 1, max. volumes count: 128
04-09 09:22:41.396     0     0 I [    4.194418@2] ubi2: max/mean erase counter: 64/44, WL threshold: 4096, image sequence number: 1018457084
04-09 09:22:41.396     0     0 I [    4.203811@2] ubi2: available PEBs: 0, total reserved PEBs: 849, PEBs reserved for bad PEB handling: 37
04-09 09:22:41.396     0     0 I [    4.213135@0] ubi2: background thread "ubi_bgt2d" started, PID 2566
04-09 09:22:41.396     0     0 I         : [    4.227039@3] UBIFS (ubi2:0): background thread "ubifs_bgt2_0" started, PID 2569
04-09 09:22:41.396     0     0 I         : [    4.253384@1] UBIFS (ubi2:0): recovery needed
04-09 09:22:41.396     0     0 I         : [    4.298054@0] UBIFS (ubi2:0): recovery completed
04-09 09:22:41.396     0     0 I         : [    4.298245@0] UBIFS (ubi2:0): UBIFS: mounted UBI device 2, volume 0, name "factory"
04-09 09:22:41.396     0     0 I         : [    4.304655@0] UBIFS (ubi2:0): LEB size: 253952 bytes (248 KiB), min./max. I/O unit sizes: 4096 bytes/4096 bytes
04-09 09:22:41.396     0     0 I         : [    4.314653@0] UBIFS (ubi2:0): FS size: 10158080 bytes (9 MiB, 40 LEBs), journal size 2285569 bytes (2 MiB, 9 LEBs)
04-09 09:22:41.396     0     0 I         : [    4.324910@0] UBIFS (ubi2:0): reserved for root: 0 bytes (0 KiB)
04-09 09:22:41.396     0     0 I         : [    4.330864@0] UBIFS (ubi2:0): media format: w4/r0 (latest is w4/r0), UUID AD7DC8BC-6ACA-4841-8B12-7A54B54F57E7, small LPT model
04-09 09:22:41.396     0     0 I         : [    4.354413@2] UBIFS (ubi2:1): background thread "ubifs_bgt2_1" started, PID 2572
04-09 09:22:41.396     0     0 I         : [    4.380170@3] UBIFS (ubi2:1): recovery needed
04-09 09:22:41.396     0     0 I         : [    4.479137@3] UBIFS (ubi2:1): recovery completed
04-09 09:22:41.396     0     0 I         : [    4.479294@3] UBIFS (ubi2:1): UBIFS: mounted UBI device 2, volume 1, name "data"
04-09 09:22:41.396     0     0 I         : [    4.485480@3] UBIFS (ubi2:1): LEB size: 253952 bytes (248 KiB), min./max. I/O unit sizes: 4096 bytes/4096 bytes
04-09 09:22:41.396     0     0 I         : [    4.495472@3] UBIFS (ubi2:1): FS size: 189956096 bytes (181 MiB, 748 LEBs), journal size 9404416 bytes (8 MiB, 38 LEBs)
04-09 09:22:41.396     0     0 I         : [    4.506262@3] UBIFS (ubi2:1): reserved for root: 0 bytes (0 KiB)
04-09 09:22:41.396     0     0 I         : [    4.512119@3] UBIFS (ubi2:1): media format: w4/r0 (latest is w4/r0), UUID 34A475AE-5814-4337-8EB7-8868427E3B0E, small LPT model
04-09 09:22:41.396     0     0 I         : [    4.750458@1] aml_wifi wifi: [usb_power_control] Set WiFi power down
04-09 09:22:41.396     0     0 I [    4.751214@1] meson-mmc: [sdio_notify] finish
04-09 09:22:41.396     0     0 I         : [    4.755526@1] aml_wifi wifi: [wifi_power_ioctl] ioctl Set sdio wifi power down!
04-09 09:22:41.396     0     0 I         : [    4.759548@3] UBIFS (ubi0:0): background thread "ubifs_bgt0_0" stops
04-09 09:22:42.456  2585  2585 E         : found the match wifi is: sd8887
04-09 09:22:42.456  2585  2585 E         : wifi_insmod command:insmod /lib/modules/4.9.113/kernel/mrvl/mlan8887.ko 
--------- beginning of system
04-09 09:22:42.520  2605  2605 I wpa_supplicant: Successfully initialized wpa_supplicant
04-09 09:22:42.552  2605  2605 E wpa_supplicant: Could not read interface wlan0 flags: No such device
04-09 09:22:42.555  2605  2605 I wpa_supplicant: nl80211: Driver does not support authentication/association or connect commands
04-09 09:22:42.558  2605  2605 I wpa_supplicant: nl80211: deinit ifname=wlan0 disabled_11b_rates=0
04-09 09:22:42.559  2605  2605 E wpa_supplicant: Could not read interface wlan0 flags: No such device
04-09 09:22:42.560  2605  2605 E wpa_supplicant: wlan0: Failed to initialize driver interface
04-09 09:22:42.630  2585  2585 E         : wifi_insmod command:insmod /lib/modules/4.9.113/kernel/mrvl/sd8xxx.ko cal_data_cfg=mrvl/WlanCalData_ext_LS9x_291119.conf txpwrlimit_cfg=mrvl/txpwrlimit_cfg_8887.bin fw_name=mrvl/sd8887_wlan_a2_p59.bin cfg80211_wext=0xf host_mlme=1 auto_ds=2 fw_serial=1 sta_name="wlan" uap_name="p2p" ps_mode=2 max_uap_bss=2 drvdbg=0x7 reg_alpha2="00"
04-09 09:22:43.743  2585  2585 E         : Load BT driver
04-09 09:22:43.743  2585  2585 E         : found the match wifi is: (null)
04-09 09:22:43.743  2585  2585 E         : wifi_insmod command:insmod /lib/modules/4.9.113/kernel/mrvl/bt8xxx.ko fw_name=mrvl/sd8887_bt_a2_p59.bin bt_fw_serial=0
04-09 09:22:43.879  2689  2689 W sshd    : Failed loading /etc/dropbear/dropbear_rsa_host_key
04-09 09:22:43.880  2689  2689 W sshd    : Failed loading /etc/dropbear/dropbear_dss_host_key
04-09 09:22:43.880  2689  2689 W sshd    : Failed loading /etc/dropbear/dropbear_ecdsa_host_key
04-09 09:22:43.884  2697  2697 E writeSerialNo: Writing serial number to unifykey
04-09 09:22:43.885  2689  2689 I sshd    : Not backgrounding
04-09 09:22:43.910  2691  2691 I sh      : FACTEST:unifykey read success:20 20
04-09 09:22:43.910  2691  2691 I sh      : inbuf=de4f95ffa64d5e74b026  ret=20 serial.txt=de4f95ffa64d5e74b026 bytesread=20 strcmp=0
04-09 09:22:43.924  2693  2693 I ServiceManager: Waiting for service libre.EnvItems...
04-09 09:22:44.011  2698  2698 I ENV     : init 
04-09 09:22:44.013  2698  2698 I ENV     :  First boot 
04-09 09:22:44.014  2698  2698 E ENV     : fileExists:153 /lsync/env/env.db does not exist
04-09 09:22:44.026  2698  2698 D AVS_SDK :  [  1] I sdkVersion: 1.19.1
04-09 09:22:44.027  2698  2698 E ENV     :  FAILED to open:/lsync/env/tmp.db 
04-09 09:22:44.029  2698  2698 I ENV     : removeItem:79:/lsync/env/tmp.db not found
04-09 09:22:44.030  2698  2698 E ENV     : /lsync/env/env.db does not Exist.. tempStorage = 0
04-09 09:22:44.031  2698  2698 I ENV     : createUserDBFromFactoryCfg 
04-09 09:22:44.050  2698  2698 I ENV     : Using /factory/custom/factoryEnv.conf as conf file
04-09 09:22:44.050  2698  2698 I ENV     : removeItem:79:/lsync/env/env.db not found
04-09 09:22:44.050  2698  2698 E ENV     : Error removing /lsync/env/env.db
04-09 09:22:44.186  2698  2698 E ENV     : createUserDBFromFactoryCfg:307: tempStorage is undefined
04-09 09:22:44.187  2698  2698 I ENV     : Using /factory/custom/factoryEnv.conf and /lsync/env/env.db as conf and db file
04-09 09:22:44.187  2698  2698 I ENV     : init 
04-09 09:22:44.187  2698  2698 I ENV     :  First boot 
04-09 09:22:44.188  2698  2698 I ENV     : fileExists:151 /lsync/env/env.db exists
04-09 09:22:44.190  2698  2698 I ENV     : Copied /lsync/env/env.db to /lsync/env/tmp.db
04-09 09:22:44.191  2698  2698 E ENV     : /lsync/env/env.db does not Exist.. tempStorage = acdd2db0
04-09 09:22:44.191  2698  2698 I ENV     : createUserDBFromFactoryCfg 
04-09 09:22:44.193  2698  2698 I ENV     : Using /factory/custom/factoryEnv.conf as conf file
04-09 09:22:44.194  2698  2698 I ENV     : removeItem:74:/lsync/env/env.db removed
04-09 09:22:44.194  2698  2698 I ENV     : Removed /lsync/env/env.db
04-09 09:22:44.206  2698  2698 E ENV     : createUserDBFromFactoryCfg:301: Failed at tempStorage->get_changed
04-09 09:22:44.585  2698  2698 I chatty  : uid=0(root) env_service identical 64 lines
04-09 09:22:44.591  2698  2698 E ENV     : createUserDBFromFactoryCfg:301: Failed at tempStorage->get_changed
04-09 09:22:44.592  2698  2698 E AVS_SDK :  [  1] E SQLiteStatement:SQLiteStatement::stepFailed::Executing the select did not generate a row or complete.:result=19
04-09 09:22:44.592  2698  2698 E AVS_SDK :  [  1] E SQLiteStatement:SQLiteStatement::finalizeFailed::Could release the prepared statement.:rcode=19
04-09 09:22:44.592  2698  2698 E ENV     : createUserDBFromFactoryCfg:286: Failed at m_miscStorage->put
04-09 09:22:44.598  2698  2698 E ENV     : createUserDBFromFactoryCfg:301: Failed at tempStorage->get_changed
04-09 09:22:44.781  2698  2698 I chatty  : uid=0(root) env_service identical 29 lines
04-09 09:22:44.787  2698  2698 E ENV     : createUserDBFromFactoryCfg:301: Failed at tempStorage->get_changed
04-09 09:22:44.787  2698  2698 I ENV     : Using /factory/custom/factoryEnv.conf and /lsync/env/env.db as conf and db file
04-09 09:22:44.788  2698  2698 I ENV     : fileExists:151 /lsync/env/env_bk.db exists
04-09 09:22:44.789  2698  2698 I ENV     : fileExists:151 /factory/custom/factoryEnv_bk.conf exists
04-09 09:22:44.789  2698  2698 I ENV     : removeItem:74:/lsync/env/tmp.db removed
04-09 09:22:46.897  2710  2710 I wpa_supplicant: Successfully initialized wpa_supplicant
04-09 09:22:46.909  2710  2710 I wpa_supplicant: rfkill: Cannot open RFKILL control device
04-09 09:22:46.955  2712  2712 E LUCI_FACTORY: LUCIFactory::registerBuiltinFactories
04-09 09:22:46.964  2712  2712 E LUCI_SERVER: IP = 0
04-09 09:22:46.969  2711  2711 E luci_helper: LUCIHelper: Waiting for Module Init
04-09 09:22:46.970  2711  2711 E luci_helper: LUCIHelper: Waiting for Module Init
04-09 09:22:46.971  2713  2713 I main_sourceswitch: ServiceManager: 0xac79af88
04-09 09:22:46.971  2711  2711 E yani_server: YaniServer FAILED TO GET LuciHelper
04-09 09:22:46.971  2713  2713 E luci_helper: LUCIHelper: Waiting for Module Init
04-09 09:22:46.976  2713  2713 E luci_helper: LUCIHelper: Waiting for Module Init
04-09 09:22:47.019  2691  2691 I sh      : Simple mixer control 'Master',0
04-09 09:22:47.019  2691  2691 I sh      :   Capabilities: volume pswitch pswitch-joined
04-09 09:22:47.019  2691  2691 I sh      :   Playback channels: Front Left - Front Right
04-09 09:22:47.019  2691  2691 I sh      :   Capture channels: Front Left - Front Right
04-09 09:22:47.019  2691  2691 I sh      :   Limits: 0 - 100
04-09 09:22:47.021  2711  2711 E luci_helper: LUCIHelper: Waiting for Module Init
04-09 09:22:47.021  2711  2711 E yani_server: YaniServer FAILED TO GET LuciHelper
04-09 09:22:47.043  2691  2691 I sh      :   Front Left: 30 [30%] [-10.45dB] Playback [on]
04-09 09:22:47.043  2691  2691 I sh      :   Front Right: 30 [30%] [-10.45dB] Playback [on]
04-09 09:22:47.046  2710  2710 I wpa_supplicant: MPM: Debug Dialog Token initialized 2702725443 (0xa1185143)
04-09 09:22:47.048  2712  2712 E luciUART: bufff write ? = 1 
04-09 09:22:47.050  2712  2712 E luciUART: tcsetattr succeed
04-09 09:22:47.051  2710  2710 I wpa_supplicant: wlan0: CTRL-EVENT-REGDOM-CHANGE init=USER type=COUNTRY alpha2=US
04-09 09:22:47.051  2712  2721 E LUCI_SERVER: Luci Server Thread waiting for packets....
04-09 09:22:47.111  2709  2709 I         : [0408/205247.111061:INFO:cast_auth_check.cc(163)] Cast auth test is successful.
04-09 09:22:47.481  2711  2723 E yani_kernel: Interface status 0
04-09 09:22:47.488  2711  2723 I yani_kernel: set_device_name() Interface 'wlan0' MAC Address 'cc:90:93:21:f3:84' FriendlyName 'Lyric Speaker Box 21f384' status '0'
04-09 09:22:47.489  2711  2723 I yani_server: First boot after Factory reset! Friendly Name modified Lyric Speaker Box  -> Lyric Speaker Box 21f384
04-09 09:22:47.495  2712  2712 I lucitransport: writeRemoteMessage() MID = 90 buffer = Lyric Speaker Box 21f384
04-09 09:22:47.495  2712  2712 I luciUART: write() MID = 90  bytes = 34 data = Lyric Speaker Box 21f384 m_fd = 0x5
04-09 09:22:47.495  2712  2712 I lucitransport: writeLocalMessage() MID = 90 buffer = Lyric Speaker Box 21f384
04-09 09:22:47.495  2712  2721 E LUCI_SERVER: Luci Server Thread wait over MID 90....
04-09 09:22:47.497  2711  2723 E yani_server: Device Supports CastSetup 1
04-09 09:22:47.497  2711  2723 I yani_kernel: yani_init_net() Success Netlink socket fd 6
04-09 09:22:47.505  2711  2723 E WifiHW  : wifi_start_supplicant
04-09 09:22:47.506  2711  2723 E WifiHW  : wifi_start_ctl.start : wpa_supplicant
04-09 09:22:47.524  2712  2721 E LUCI_SERVER: Luci Server Thread waiting for packets....
04-09 09:22:47.707  2711  2723 E WifiHW  : wifi_connect_to_supplicant : wlan0
04-09 09:22:47.707  2711  2723 E WifiHW  : wifi_connect_on_socket_path1 : wlan0
04-09 09:22:47.710  2711  2723 E yani_wifi: enable_disable_net_if() Failed SIOCGIFFLAGS for interface 'wlan1' enable '0'
04-09 09:22:47.715  2711  2723 I yani_wifi: configure_wifi() SSID '' security '' passphrase '********' Country 'US'
04-09 09:22:48.911  2691  2691 I sh      : LSDeviceService: not found
04-09 09:22:48.994  2731  2731 I NetMgr  : Net_Mgr starting
04-09 09:22:48.997  2731  2731 I HotspotManager: Default WiFi Interface : wlan0
04-09 09:22:49.008  2731  2731 I NetworkMonitor: WiFi Interface : wlan0
04-09 09:22:49.008  2731  2731 I NetworkMonitor: Default WiFi Interface : wlan0
04-09 09:22:49.011  2729  2729 E UIModeManager: UIModeManager Constructor ++
04-09 09:22:49.011  2728  2728 E         :  Start MessageBox Handler 
04-09 09:22:49.028  2731  2739 I NetworkMonitor: Start monitor thread
04-09 09:22:49.028  2729  2729 I AirableUIHelper: AirableUIHelper Contructor 
04-09 09:22:49.031  2729  2729 E AirableUIHelper:  Airable ENV_AirableBaseURL_ID Envitem returned failed!!!
04-09 09:22:49.033  2729  2729 E AirableUIHelper:  Airable ENV_AirableSecret_ID Envitem returned failed!!!
04-09 09:22:49.034  2729  2729 E AirableUIHelper: Airable Secret =  
04-09 09:22:49.034  2731  2739 E WifiUtil: command: "SCAN" failed: FAIL-BUSY
04-09 09:22:49.044  2729  2729 I UIModeManager: RegisterModeControl Mode - PlayMode ModeControl - 0xabe0ec30
04-09 09:22:49.046  2729  2729 I ServiceManager: Waiting for service media.player...
04-09 09:22:49.050  2735  2735 E dhcpcd  : eth0: interface not found or invalid
04-09 09:22:49.059  2728  2745 E MB_HANDLER: HOST present 1
04-09 09:22:49.061  2728  2745 E MB_HANDLER:  REGISTERED YANI LISTENER IN MessageBoxHandler
04-09 09:22:49.062  2728  2745 E         : External Host present 1
04-09 09:22:49.062  2728  2745 E MB_HANDLER: REGISTERED ExternalSource IN MessageBoxHandler
04-09 09:22:49.066  2728  2745 E MB_HANDLER: Check Device Support ENV_CastSetup true ENV_GoogleCast_ID true 
04-09 09:22:49.066  2712  2712 I lucitransport: readRemoteMessage() MID char = 43689 buffer = 1
04-09 09:22:49.067  2712  2712 I lucitransport: writeRemoteMessage() MID = 43690 buffer = ªªªªª
04-09 09:22:49.067  2712  2712 I luciUART: write() MID = 43690  bytes = 15 data = ªªªªª m_fd = 0x5
04-09 09:22:49.067  2728  2745 E MB_HANDLER: LUCI UART READY MSG!!
04-09 09:22:49.067  2728  2745 E MB_HANDLER: Set Default Network Status on Bootup 0#1,0#2,0#3,0#4,0!
04-09 09:22:49.067  2712  2712 I lucitransport: writeRemoteMessage() MID = 124 buffer = 0#1,0#2,0#3,0#4,0
04-09 09:22:49.067  2712  2712 I luciUART: write() MID = 124  bytes = 27 data = 0#1,0#2,0#3,0#4,0 m_fd = 0x5
04-09 09:22:49.073  2728  2745 I MB_HANDLER: Env Details: LS-Host '1' Cast-Setup 'true'
04-09 09:22:49.073  2728  2745 E MB_HANDLER: Message Handler Thread waiting for messages....
04-09 09:22:49.075  2712  2720 E luciUART: UART:aa
04-09 09:22:49.075  2712  2720 E luciUART: UART:aa
04-09 09:22:49.075  2712  2720 E luciUART: UART:2
04-09 09:22:49.075  2712  2720 E luciUART: UART:0
04-09 09:22:49.075  2735  2735 D dhcpcd  : wlan0: adding address fe80::ce90:93ff:fe21:f384
04-09 09:22:49.075  2712  2720 E luciUART: UART:9
04-09 09:22:49.075  2712  2720 E luciUART: UART:0
04-09 09:22:49.075  2712  2720 I chatty  : uid=0(root) UARTLUCIControl identical 2 lines
04-09 09:22:49.075  2712  2720 E luciUART: UART:0
04-09 09:22:49.075  2712  2720 E luciUART: UART:1
04-09 09:22:49.081  2712  2720 E luciUART: UART:0
04-09 09:22:49.081  2712  2721 I luciUART: write() MID = 208  bytes = 21 data = MCUVersion: m_fd = 0x5
04-09 09:22:49.081  2712  2720 E luciUART: UART:c
04-09 09:22:49.081  2712  2721 E LUCI_SERVER: NV_READ response= MCUVersion:
04-09 09:22:49.081  2712  2720 I luciUART: read() RemoteID = 43690 Command = 208 Type = 2 Status = 0 DataLen = 12
04-09 09:22:49.081  2712  2720 E luciUART: Error: full data not available yet! readBytes 0
04-09 09:22:49.081  2712  2721 E LUCI_SERVER: Luci Server Thread wait over MID 91....
04-09 09:22:49.081  2712  2720 I luciUART: Previous Packet read contd., 
04-09 09:22:49.081  2712  2721 E LUCI_SERVER: setting mid[91] to NULL
04-09 09:22:49.081  2712  2720 E luciUART: UART:52
04-09 09:22:49.082  2712  2712 I lucitransport: readRemoteMessage() MID char = 91 buffer = (null)
04-09 09:22:49.082  2712  2721 I luciUART: write() MID = 91  bytes = 10 data =  m_fd = 0x5
04-09 09:22:49.082  2712  2721 E LUCI_SERVER: Luci Server Thread waiting for packets....
04-09 09:22:49.082  2712  2720 E luciUART: UART:75
04-09 09:22:49.083  2712  2720 I luciUART: Previous Packet read contd., 
04-09 09:22:49.083  2712  2720 E luciUART: UART:6e
04-09 09:22:49.083  2712  2720 I luciUART: Previous Packet read contd., 
04-09 09:22:49.083  2712  2720 E luciUART: UART:74
04-09 09:22:49.083  2712  2720 I luciUART: Previous Packet read contd., 
04-09 09:22:49.083  2712  2720 E luciUART: UART:72
04-09 09:22:49.083  2712  2720 I luciUART: Previous Packet read contd., 
04-09 09:22:49.083  2712  2720 E luciUART: UART:79
04-09 09:22:49.084  2712  2720 E luciUART: UART:0
04-09 09:22:49.084  2712  2720 E luciUART: UART:9
04-09 09:22:49.084  2712  2720 I luciUART: read() RemoteID = 43690 Command = 208 Type = 2 Status = 0 DataLen = 9
04-09 09:22:49.084  2712  2720 E luciUART: UART:52
04-09 09:22:49.084  2712  2720 E luciUART: UART:45
04-09 09:22:49.084  2712  2720 E luciUART: UART:41
04-09 09:22:49.084  2712  2720 I luciUART: Previous Packet read contd., 
04-09 09:22:49.084  2712  2720 E luciUART: UART:73
04-09 09:22:49.085  2712  2720 I luciUART: Previous Packet read contd., 
04-09 09:22:49.085  2712  2720 E luciUART: UART:73
04-09 09:22:49.085  2712  2720 I luciUART: Previous Packet read contd., 
04-09 09:22:49.085  2712  2720 E luciUART: UART:64
04-09 09:22:49.085  2728  2745 E MB_HANDLER: MacAddress :CC:90:93:21:F3:84
04-09 09:22:49.086  2712  2721 I luciUART: write() MID = 208  bytes = 20 data = Country:US m_fd = 0x5
04-09 09:22:49.086  2712  2721 E LUCI_SERVER: NV_READ response= Country:US
04-09 09:22:49.086  2712  2721 E LUCI_SERVER: Luci Server Thread wait over MID 5....
04-09 09:22:49.086  2712  2721 I luciUART: write() MID = 5  bytes = 22 data = eng.C4A.1203 m_fd = 0x5
04-09 09:22:49.086  2712  2721 E LUCI_SERVER: Luci Server Thread wait over MID 151....
04-09 09:22:49.086  2712  2712 I lucitransport: writeRemoteMessage() MID = 91 buffer = CC:90:93:21:F3:84
04-09 09:22:49.086  2712  2712 I luciUART: write() MID = 91  bytes = 27 data = CC:90:93:21:F3:84 m_fd = 0x5
04-09 09:22:49.086  2728  2745 E MB_HANDLER: Message Handler Thread waiting for messages....
04-09 09:22:49.088  2712  2721 E WLANP2PIF: ioctl failed
04-09 09:22:49.088  2712  2721 E LUCI_SERVER: ** RSSI  = 255
04-09 09:22:49.088  2712  2721 I luciUART: write() MID = 151  bytes = 10 data =  m_fd = 0x5
04-09 09:22:49.088  2712  2721 E LUCI_SERVER: Luci Server Thread wait over MID 208....
04-09 09:22:49.088  2712  2721 E LUCI_SERVER: Got NV name : ssid
04-09 09:22:49.090  2712  2721 I luciUART: write() MID = 208  bytes = 15 data = ssid: m_fd = 0x5
04-09 09:22:49.090  2712  2721 E LUCI_SERVER: NV_READ response= ssid:
04-09 09:22:49.090  2712  2721 E LUCI_SERVER: Luci Server Thread waiting for packets....
04-09 09:22:49.099  2712  2720 E luciUART: UART:aa
04-09 09:22:49.099  2712  2720 E luciUART: UART:aa
04-09 09:22:49.099  2712  2720 E luciUART: UART:2
04-09 09:22:49.099  2712  2720 E luciUART: UART:0
04-09 09:22:49.099  2712  2720 E luciUART: UART:d0
04-09 09:22:49.100  2712  2720 E luciUART: UART:0
04-09 09:22:49.100  2712  2720 I chatty  : uid=0(root) UARTLUCIControl identical 2 lines
04-09 09:22:49.100  2712  2720 E luciUART: UART:0
04-09 09:22:49.100  2712  2720 E luciUART: UART:9
04-09 09:22:49.100  2712  2720 I luciUART: read() RemoteID = 43690 Command = 208 Type = 2 Status = 0 DataLen = 9
04-09 09:22:49.100  2712  2720 E luciUART: Error: full data not available yet! readBytes 0
04-09 09:22:49.100  2712  2720 I luciUART: Previous Packet read contd., 
04-09 09:22:49.100  2712  2720 E luciUART: UART:52
04-09 09:22:49.100  2712  2720 I luciUART: Previous Packet read contd., 
04-09 09:22:49.100  2712  2720 E luciUART: UART:45
04-09 09:22:49.100  2712  2720 I luciUART: Previous Packet read contd., 
04-09 09:22:49.103  2712  2720 E luciUART: UART:0
04-09 09:22:49.103  2712  2721 I luciUART: write() MID = 208  bytes = 15 data = ssid: m_fd = 0x5
04-09 09:22:49.103  2712  2721 E LUCI_SERVER: NV_READ response= ssid:
04-09 09:22:49.103  2712  2720 E luciUART: UART:6
04-09 09:22:49.103  2712  2721 E LUCI_SERVER: Luci Server Thread waiting for packets....
04-09 09:22:49.103  2712  2720 E luciUART: UART:0
04-09 09:22:49.103  2712  2720 I chatty  : uid=0(root) UARTLUCIControl identical 2 lines
04-09 09:22:49.103  2712  2720 E luciUART: UART:0
04-09 09:22:49.103  2712  2720 E luciUART: UART:4
04-09 09:22:49.107  2734  2734 I bt_btif : init
04-09 09:22:49.108  2712  2720 E luciUART: UART:77
04-09 09:22:49.108  2712  2720 I luciUART: Previous Packet read contd., 
04-09 09:22:49.108  2712  2720 E luciUART: UART:64
04-09 09:22:49.108  2712  2720 I luciUART: Previous Packet read contd., 
04-09 09:22:49.108  2712  2720 E luciUART: UART:6f
04-09 09:22:49.108  2712  2720 I luciUART: Previous Packet read contd., 
04-09 09:22:49.108  2712  2720 E luciUART: UART:77
04-09 09:22:49.108  2712  2720 I luciUART: Previous Packet read contd., 
04-09 09:22:49.108  2712  2720 E luciUART: UART:6e
04-09 09:22:49.108  2712  2720 I luciUART: Previous Packet read contd., 
04-09 09:22:49.111  2734  2734 D bt_osi_allocation_tracker: canary initialized
04-09 09:22:49.115  2734  2757 I bt_osi_thread: run_thread: thread id 2757, thread name stack_manager started
04-09 09:22:49.115  2734  2757 I bt_stack_manager: event_init_stack is initializing the stack
04-09 09:22:49.119  2734  2757 E bt_osi_config: config_new unable to open file '/data/misc/bluedroid/bt_config.conf': No such file or directory
04-09 09:22:49.120  2734  2757 W bt_btif_config: init unable to load config file: /data/misc/bluedroid/bt_config.conf; using backup.
04-09 09:22:49.120  2734  2757 E bt_osi_config: config_new unable to open file '/data/misc/bluedroid/bt_config.bak': No such file or directory
04-09 09:22:49.120  2734  2757 W bt_btif_config: init unable to load backup; attempting to transcode legacy file.
04-09 09:22:49.124  2734  2757 E bt_btif_config_transcode: btif_config_transcode unable to load XML file '/data/misc/bluedroid/bt_config.xml': 3
04-09 09:22:49.124  2734  2757 E bt_btif_config: init unable to transcode legacy file; creating empty config.
04-09 09:22:49.125  2728  2745 E MB_HANDLER: Message Handler Thread waiting for messages....
04-09 09:22:49.125  2712  2721 I luciUART: write() MID = 208  bytes = 67 data = fwdownload_xml:https://openotaengine.libreiotcloud.com/v1 m_fd = 0x5
04-09 09:22:49.125  2712  2721 E LUCI_SERVER: NV_READ response= fwdownload_xml:https://openotaengine.libreiotcloud.com/v1
04-09 09:22:49.126  2712  2721 E LUCI_SERVER: Luci Server Thread waiting for packets....
04-09 09:22:49.128  2734  2761 I bt_osi_thread: run_thread: thread id 2761, thread name alarm_default_ca started
04-09 09:22:49.128  2734  2762 I bt_osi_thread: run_thread: thread id 2762, thread name alarm_dispatcher started
04-09 09:22:49.131  2734  2757 I bt_btif_core: btif_init_bluetooth entered
04-09 09:22:49.136  2734  2757 I bt_stack_config: init attempt to load stack conf from /etc/bluetooth/bt_stack.conf
04-09 09:22:49.139  2734  2765 I bt_osi_thread: run_thread: thread id 2765, thread name bt_jni_workqueue started
04-09 09:22:49.139  2734  2757 I bt_btif_core: btif_init_bluetooth finished
04-09 09:22:49.139  2734  2757 I bt_stack_manager: event_init_stack finished
04-09 09:22:49.146  2734  2734 I bt_osi_wakelock: wakelock_set_os_callouts set to non-native
04-09 09:22:49.147  2734  2734 I bt_btif : get_profile_interface: id = gatt
04-09 09:22:49.151  2731  2740 E CommandListener: Message not handled: unrecognized interface usb0
04-09 09:22:49.151  2731  2740 W FrameworkListener: Handler 'Iface' error (Success)
04-09 09:22:49.151  2731  2740 E CommandListener: Message not handled: unrecognized interface usb0
04-09 09:22:49.151  2731  2740 W FrameworkListener: Handler 'Iface' error (Success)
04-09 09:22:49.152  2734  2765 I bt_btif_core: run_message_loop entered
04-09 09:22:49.153  2734  2734 I bt_btif : get_profile_interface: id = a2dp
04-09 09:22:49.154  2734  2734 I bt_btif : get_profile_interface: id = a2dp_sink
04-09 09:22:49.163  2734  2773 I bt_osi_thread: run_thread: thread id 2773, thread name btif_a2dp_sink_w started
04-09 09:22:49.170  2731  2740 E CommandListener: Message not handled: unrecognized interface usb0
04-09 09:22:49.170  2731  2740 W FrameworkListener: Handler 'Iface' error (Success)
04-09 09:22:49.170  2731  2740 E CommandListener: Message not handled: unrecognized interface usb0
04-09 09:22:49.170  2731  2740 W FrameworkListener: Handler 'Iface' error (Success)
04-09 09:22:49.170  2731  2740 E CommandListener: Message not handled: unrecognized interface usb0
04-09 09:22:49.171  2731  2740 W FrameworkListener: Handler 'Iface' error (Success)
04-09 09:22:49.172  2731  2740 E CommandListener: Message not handled: unrecognized interface usb0
04-09 09:22:49.172  2731  2740 W FrameworkListener: Handler 'Iface' error (Success)
04-09 09:22:49.173  2734  2734 D a2dp_codec: init
04-09 09:22:49.174  2734  2734 D a2dp_codec: createCodec: codec SBC
04-09 09:22:49.176  2734  2734 D a2dp_codec: createCodec: codec AAC
04-09 09:22:49.177  2734  2734 D a2dp_codec: createCodec: codec aptX
04-09 09:22:49.178  2734  2734 E a2dp_vendor_aptx_encoder: A2DP_VendorLoadEncoderAptx: cannot open aptX encoder library libaptX_encoder.so: libaptX_encoder.so: cannot open shared object file: No such file or directory
04-09 09:22:49.178  2734  2734 E a2dp_vendor_aptx: init: cannot load the encoder
04-09 09:22:49.178  2734  2734 D a2dp_codec: createCodec: codec aptX-HD
04-09 09:22:49.178  2734  2734 E a2dp_vendor_aptx_hd_encoder: A2DP_VendorLoadEncoderAptxHd: cannot open aptX-HD encoder library libaptXHD_encoder.so: libaptXHD_encoder.so: cannot open shared object file: No such file or directory
04-09 09:22:49.178  2734  2734 E a2dp_vendor_aptx_hd: init: cannot load the encoder
04-09 09:22:49.179  2734  2734 D a2dp_codec: createCodec: codec LDAC
04-09 09:22:49.179  2734  2734 E a2dp_vendor_ldac_encoder: A2DP_VendorLoadEncoderLdac: cannot open LDAC encoder library libldacBT_enc.so: libldacBT_enc.so: cannot open shared object file: No such file or directory
04-09 09:22:49.179  2734  2734 E a2dp_vendor_ldac: init: cannot load the encoder
04-09 09:22:49.179  2734  2734 D a2dp_codec: createCodec: codec SBC SINK
04-09 09:22:49.179  2734  2734 D a2dp_codec: createCodec: codec AAC SINK
04-09 09:22:49.212  2734  2734 I bluetoothtbd: [0408/205249.212080:INFO:daemon.cc(168)] Daemon initialized
04-09 09:22:49.214  2734  2734 I bt_btif : enable: start restricted = 0
04-09 09:22:49.214  2734  2757 I bt_stack_manager: event_start_up_stack is bringing up the stack
04-09 09:22:49.214  2734  2757 I bt_core_module: module_start_up Starting module "btif_config_module"
04-09 09:22:49.214  2734  2757 I bt_core_module: module_start_up Started module "btif_config_module"
04-09 09:22:49.214  2734  2757 I bt_core_module: module_start_up Starting module "btsnoop_module"
04-09 09:22:49.214  2734  2757 I bt_core_module: module_start_up Started module "btsnoop_module"
04-09 09:22:49.215  2734  2757 I bt_core_module: module_start_up Starting module "hci_module"
04-09 09:22:49.216  2734  2757 I bt_hci  : hci_module_start_up
04-09 09:22:49.217  2734  2783 I bt_osi_thread: run_thread: thread id 2783, thread name hci_thread started
04-09 09:22:49.219  2734  2783 I bluetoothtbd: [0408/205249.219687:INFO:hci_layer_linux.cc(172)] hci_initialize
04-09 09:22:49.219  2734  2783 I bluetoothtbd: [0408/205249.219872:INFO:hci_layer_linux.cc(184)] Using interface hci0
04-09 09:22:49.219  2734  2783 I bluetoothtbd: [0408/205249.219929:INFO:hci_layer_linux.cc(378)] rfkill
04-09 09:22:49.220  2734  2757 D bt_hci  : hci_module_start_up starting async portion
04-09 09:22:49.222  2785  2785 I dnsmasq : started, version 2.51 cachesize 150
04-09 09:22:49.223  2785  2785 I dnsmasq : compile time options: no-IPv6 GNU-getopt no-DBus no-I18N DHCP no-scripts no-TFTP
04-09 09:22:49.223  2785  2785 I dnsmasq : DHCP, IP range 192.168.10.3 -- 192.168.10.10, lease time 12h
04-09 09:22:49.224  2785  2785 I dnsmasq : reading /etc/resolv.conf
04-09 09:22:49.224  2785  2785 I dnsmasq : using nameserver 8.8.8.8#53
04-09 09:22:49.224  2785  2785 I dnsmasq : read /etc/hosts - 1 addresses
04-09 09:22:49.233  2735  2735 D dhcpcd  : no interfaces have a carrier
04-09 09:22:49.233  2735  2735 D dhcpcd  : wlan0: waiting for carrier
04-09 09:22:49.601  2731  2740 E CommandListener: Message not handled: unrecognized interface usb0
04-09 09:22:49.601  2731  2740 W FrameworkListener: Handler 'Iface' error (Success)
04-09 09:22:49.632  2734  2783 I bluetoothtbd: [0408/205249.632341:INFO:hci_layer_linux.cc(295)] wait_hcidev
04-09 09:22:49.632  2734  2783 I bluetoothtbd: [0408/205249.632622:INFO:hci_layer_linux.cc(332)] Do poll() with timeout of 3000ms
04-09 09:22:49.634  2734  2783 I bluetoothtbd: [0408/205249.634165:INFO:hci_layer_linux.cc(228)] HCI device ready
04-09 09:22:49.634  2734  2783 I bt_hci  : event_finish_startup
04-09 09:22:49.634  2734  2757 I bt_core_module: module_start_up Started module "hci_module"
04-09 09:22:49.636  2734  2811 I bt_osi_thread: run_thread: thread id 2811, thread name bt_workqueue started
04-09 09:22:49.637  2734  2811 I bluetoothtbd: [0408/205249.637151:INFO:btu_task.cc(107)] Bluetooth chip preload is complete
04-09 09:22:49.643  2734  2811 I         : No vendor HCI socket available. Won't create SocketWriter.
04-09 09:22:49.652  2734  2811 I bluetoothtbd: [0408/205249.651803:INFO:gatt_api.cc(1005)] GATT_Register
04-09 09:22:49.653  2734  2811 I bluetoothtbd: [0408/205249.653536:INFO:gatt_api.cc(1028)] allocated gatt_if=1
04-09 09:22:49.655  2734  2811 I bluetoothtbd: [0408/205249.655107:INFO:gatt_api.cc(207)] GATTS_AddService
04-09 09:22:49.656  2734  2811 I bluetoothtbd: [0408/205249.656253:INFO:gatt_api.cc(317)] GATTS_AddService: service parsed correctly, now starting
04-09 09:22:49.657  2734  2811 E bluetoothtbd: [0408/205249.657184:ERROR:gatt_attr.cc(302)] gatt_profile_db_init:  gatt_if=1
04-09 09:22:49.664  2734  2811 I bluetoothtbd: [0408/205249.664380:INFO:gatt_api.cc(1005)] GATT_Register
04-09 09:22:49.664  2734  2811 I bluetoothtbd: [0408/205249.664558:INFO:gatt_api.cc(1028)] allocated gatt_if=2
04-09 09:22:49.664  2734  2811 I bluetoothtbd: [0408/205249.664610:INFO:gatt_api.cc(207)] GATTS_AddService
04-09 09:22:49.664  2734  2811 I bluetoothtbd: [0408/205249.664663:INFO:gatt_api.cc(317)] GATTS_AddService: service parsed correctly, now starting
04-09 09:22:49.668  2734  2812 I bt_osi_thread: run_thread: thread id 2812, thread name btu message loop started
04-09 09:22:49.718  2711  2723 I yani_server: ifindexeth0 0 ifindexwlan0 5 ifindexp2p0 6 ifindexwlan1 0
04-09 09:22:49.719  2711  2723 I yani_server: NetLink Event '-1' Interface-Index '5' WLAN '0' Ethernet '-1' Parsed-iFill '-1' -> 'INVALID' ifIndex '1' -> 'lo'
04-09 09:22:49.719  2711  2723 I yani_kernel: yani_geteventfrom_changeaddr() Message-Id '1' Netlink event '16' Interface Index '5' -> Name 'wlan0' 
04-09 09:22:49.720  2711  2723 I yani_kernel: yani_geteventfrom_changeaddr() Message-Id '1' Netlink event '16' Interface Index '9' -> Name 'usb0' 
04-09 09:22:49.721  2711  2723 I yani_kernel: yani_geteventfrom_changeaddr() Message-Id '1' Netlink event '16' Interface Index '9' -> Name 'usb0' 
04-09 09:22:49.722  2711  2723 I yani_kernel: yani_geteventfrom_changeaddr() Message-Id '1' Netlink event '20' Interface Index '9' -> Name 'usb0' 
04-09 09:22:49.723  2711  2723 I yani_kernel: yani_geteventfrom_changeaddr() Message-Id '1' Netlink event '16' Interface Index '9' -> Name 'usb0' 
04-09 09:22:49.724  2711  2723 I yani_kernel: yani_geteventfrom_changeaddr() Message-Id '1' Netlink event '21' Interface Index '9' -> Name 'usb0' 
04-09 09:22:49.725  2711  2723 I yani_kernel: yani_geteventfrom_changeaddr() Message-Id '1' Netlink event '20' Interface Index '9' -> Name 'usb0' 
04-09 09:22:49.726  2711  2723 I yani_kernel: yani_geteventfrom_changeaddr() Message-Id '1' Netlink event '16' Interface Index '9' -> Name 'usb0' 
04-09 09:22:49.728  2734  2852 I bt_osi_thread: run_thread: thread id 2852, thread name module_wrapper started
04-09 09:22:49.728  2734  2852 I bt_core_module: module_start_up Starting module "controller_module"
04-09 09:22:49.905  2734  2852 I bt_core_module: module_start_up Started module "controller_module"
04-09 09:22:49.905  2734  2852 W bt_osi_thread: run_thread: thread id 2852, thread name module_wrapper exited
04-09 09:22:49.909  2734  2811 W bt_btm  : btm_decode_ext_features_page: feature page 1 ignored
04-09 09:22:49.909  2734  2811 W bt_btm  : btm_decode_ext_features_page: feature page 2 ignored
04-09 09:22:49.910  2734  2812 I bt_btm_sec: BTM_SecRegister p_cb_info->p_le_callback == 0x0xf6db0b99
04-09 09:22:49.911  2734  2812 I bt_btm_sec: BTM_SecRegister btm_cb.api.p_le_callback = 0x0xf6db0b99 
04-09 09:22:49.913  2734  2812 I bluetoothtbd: [0408/205249.913011:INFO:ble_advertiser_hci_interface.cc(736)] Legacy advertising will be in use
04-09 09:22:49.915  2734  2812 I bluetoothtbd: [0408/205249.915592:INFO:gatt_api.cc(1005)] GATT_Register
04-09 09:22:49.915  2734  2812 I bluetoothtbd: [0408/205249.915763:INFO:gatt_api.cc(1028)] allocated gatt_if=3
04-09 09:22:49.932  2734  2812 I bt_bta_av: AVRCP version used for sdp: "avrcp14"
04-09 09:22:49.936  2734  2765 E bt_btif_storage: btif_storage_get_adapter_property: Controller ready!
04-09 09:22:49.936  2734  2765 I bt_btif_storage: btif_storage_get_adapter_property service_mask:0x40000
04-09 09:22:49.937  2734  2765 I bluetoothtbd: [0408/205249.937465:INFO:adapter.cc(551)] Adapter properties changed
04-09 09:22:49.937  2734  2765 I bluetoothtbd: [0408/205249.937573:INFO:adapter.cc(564)] Adapter address changed: CC:90:93:21:F3:85
04-09 09:22:49.937  2734  2765 I bluetoothtbd: [0408/205249.937615:INFO:adapter.cc(573)] Adapter name changed
04-09 09:22:49.938  2734  2765 I bt_btif_core: btif_enable_bluetooth_evt entered: status 0
04-09 09:22:49.938  2734  2765 W bt_btif : btif_enable_bluetooth_evt: Saving the Adapter Address
04-09 09:22:49.938  2734  2765 I bluetoothtbd: [0408/205249.938356:INFO:adapter.cc(551)] Adapter properties changed
04-09 09:22:49.938  2734  2765 I bluetoothtbd: [0408/205249.938405:INFO:adapter.cc(564)] Adapter address changed: CC:90:93:21:F3:85
04-09 09:22:49.938  2734  2765 D bt_hci  : do_postload posting postload work item
04-09 09:22:49.942  2734  2854 I bt_osi_thread: run_thread: thread id 2854, thread name btif_sock started
04-09 09:22:49.946  2734  2765 D bt_bte_conf: Device ID record 1 : primary
04-09 09:22:49.946  2734  2765 D bt_bte_conf:   vendorId            = 000f
04-09 09:22:49.946  2734  2765 D bt_bte_conf:   vendorIdSource      = 0001
04-09 09:22:49.946  2734  2765 D bt_bte_conf:   product             = 1200
04-09 09:22:49.946  2734  2765 D bt_bte_conf:   version             = 1436
04-09 09:22:49.946  2734  2765 D bt_bte_conf:   clientExecutableURL = 
04-09 09:22:49.946  2734  2765 D bt_bte_conf:   serviceDescription  = 
04-09 09:22:49.946  2734  2765 D bt_bte_conf:   documentationURL    = 
04-09 09:22:49.946  2734  2765 D bt_bte_conf: bte_load_did_conf no section named DID2.
04-09 09:22:49.946  2734  2757 I bt_stack_manager: event_start_up_stack finished
04-09 09:22:49.947  2734  2765 I bt_btif_core: btif_enable_bluetooth_evt finished
04-09 09:22:50.046  2729  2729 I ServiceManager: Waiting for service media.player...
04-09 09:22:50.180  2711  2723 I yani_kernel: yani_geteventfrom_changeaddr() Message-Id '1' Netlink event '16' Interface Index '9' -> Name 'usb0' 
04-09 09:22:50.181  2731  2740 E CommandListener: Message not handled: unrecognized interface usb0
04-09 09:22:50.181  2731  2740 W FrameworkListener: Handler 'Iface' error (Success)
04-09 09:22:50.981  2731  2740 E CommandListener: Message not handled: unrecognized interface usb0
04-09 09:22:50.981  2731  2740 W FrameworkListener: Handler 'Iface' error (Success)
04-09 09:22:51.035  2731  2739 E WifiUtil: command: "SCAN" failed: FAIL-BUSY
04-09 09:22:51.047  2729  2729 I ServiceManager: Waiting for service media.player...
04-09 09:22:51.369  2711  2723 I yani_kernel: yani_geteventfrom_changeaddr() Message-Id '1' Netlink event '16' Interface Index '5' -> Name 'wlan0' 
04-09 09:22:51.376  2711  2723 I yani_server: NetLink Event '-1' Interface-Index '5' WLAN '-1' Ethernet '-1' Parsed-iFill '-1' -> 'INVALID' ifIndex '1' -> 'lo'
04-09 09:22:51.377  2711  2723 I yani_server: NetLink Event '-1' Interface-Index '5' WLAN '0' Ethernet '-1' Parsed-iFill '-1' -> 'INVALID' ifIndex '1' -> 'lo'
04-09 09:22:51.403  2711  2723 I chatty  : uid=0(root) YaniServer identical 20 lines
04-09 09:22:51.404  2711  2723 I yani_server: NetLink Event '-1' Interface-Index '5' WLAN '0' Ethernet '-1' Parsed-iFill '-1' -> 'INVALID' ifIndex '1' -> 'lo'
04-09 09:22:51.404  2711  2723 I yani_kernel: yani_geteventfrom_changeaddr() Message-Id '1' Netlink event '16' Interface Index '5' -> Name 'wlan0' 
04-09 09:22:51.978  2713  2713 I SourceSwitch: SourceSwitch() Host 1 initialized...
04-09 09:22:52.047  2729  2729 I ServiceManager: Waiting for service media.player...
04-09 09:22:52.972  2734  2765 E bt_osi_config: config_save unable to open dir '/data/misc/bluedroid': No such file or directory
04-09 09:22:53.016  2785  2785 I dnsmasq : DHCPDISCOVER(usb0) 9e:49:11:b0:d1:91 
04-09 09:22:53.016  2785  2785 I dnsmasq : DHCPOFFER(usb0) 192.168.10.5 9e:49:11:b0:d1:91 
04-09 09:22:53.017  2785  2785 I dnsmasq : DHCPDISCOVER(usb0) 9e:49:11:b0:d1:91 
04-09 09:22:53.017  2785  2785 I dnsmasq : DHCPOFFER(usb0) 192.168.10.5 9e:49:11:b0:d1:91 
04-09 09:22:53.020  2785  2785 I dnsmasq : DHCPREQUEST(usb0) 192.168.10.5 9e:49:11:b0:d1:91 
04-09 09:22:53.020  2785  2785 I dnsmasq : DHCPACK(usb0) 192.168.10.5 9e:49:11:b0:d1:91 
04-09 09:22:53.022  2785  2785 I dnsmasq : DHCPREQUEST(usb0) 192.168.10.5 9e:49:11:b0:d1:91 
04-09 09:22:53.022  2785  2785 I dnsmasq : DHCPACK(usb0) 192.168.10.5 9e:49:11:b0:d1:91 
