01-01 05:30:27.005  3006  3006 I sh      : Info: PostInstall(): Verified: 1a09dcdb4cae5a07c055af0c06f87833b2ea9847 lib/processors/libcast_dynamic_range_2.0.so
01-01 05:30:27.010  3006  3006 I sh      : Info: PostInstall(): Verified: 776f16f6ec2986b8bc807728525b4fa24dee4998 lib/processors/libcast_equalizer_1.0.so
01-01 05:30:27.022  3006  3006 I sh      : Info: PostInstall(): Verified: efe4f7e45d5552c079004a821679b5276d9cdd88 lib/processors/libcast_equalizer_2.0.so
01-01 05:30:27.032  3006  3006 I sh      : Info: PostInstall(): Verified: 96630ea6fffd74f6886f9929f7f61dac4bff5efb lib/processors/libcast_function_generator_2.0.so
01-01 05:30:27.048  3006  3006 I sh      : Info: PostInstall(): Verified: 9e828f5def5913b23912981961e2546f69e04c92 lib/processors/libcast_governor_2.0.so
01-01 05:30:27.063  3006  3006 I sh      : Info: PostInstall(): Verified: c0c81c0db860e5de36a1c28d5a116116d8b22391 lib/processors/libcast_multiband_2.0.so
01-01 05:30:27.073  3006  3006 I sh      : Info: PostInstall(): Verified: 986e13ac6c5a2a0803b6560a5846af7b8a4406d5 lib/processors/libcast_pop_checker_2.0.so
01-01 05:30:27.088  3006  3006 I sh      : Info: PostInstall(): Verified: 9cc46d270dedfce7beedb62462bdc1a40165067e lib/processors/libcast_saturated_gain_2.0.so
01-01 05:30:27.098  3006  3006 I sh      : Info: PostInstall(): Verified: 805527f3da2374f54e65954a463b3d4be6570358 lib/processors/libcast_sound_meter_2.0.so
01-01 05:30:27.104  3006  3006 I sh      : Info: PostInstall(): Verified: ffe5f0bf40d7e59d8b4573c258a0bd74a40f8c58 lib/processors/libcast_upsampler_2.0.so
01-01 05:30:27.107  3006  3006 I sh      : Info: PostInstall(): Verified: 9ad64d7bbc019b7df806c981d02984f41df0f531 process.json
01-01 05:30:27.133  3006  3006 I sh      : Info: PostInstall(): Verified: 8aa86838a19280c5fc46f4cc3dc3fe969d6cafce process_manager
01-01 05:30:27.136  3006  3006 I sh      : Info: PostInstall(): Verified: c25f6c874c4e8013d85db646bfba65a155a806f5 resources/inspector/main/main.js
01-01 05:30:27.138  3006  3006 I sh      : Info: PostInstall(): Verified: da39a3ee5e6b4b0d3255bfef95601890afd80709 setup/http/.dummy
01-01 05:30:27.139  3006  3006 I sh      : Info: PostInstall(): Verified: 801b2570021e2760cd6730de30071aebd9f5158b setup/http/audio/audio.html
01-01 05:30:27.141  3006  3006 I sh      : Info: PostInstall(): Verified: 4aae69dca77c81a6a19181124a01ef403b088cc8 setup/http/audio/css/main.css
01-01 05:30:27.144  3006  3006 I sh      : Info: PostInstall(): Verified: 01a9e53b6cd4692e6c288392bf4bdd9603c5e45a setup/http/audio/data/config.json
01-01 05:30:27.145  3006  3006 I sh      : Info: PostInstall(): Verified: 0423952e9750b5b4e5e0a4ad4ba8c3b19a32e4f1 setup/http/audio/favicon.ico
01-01 05:30:27.148  3006  3006 I sh      : Info: PostInstall(): Verified: 4a2e549068fac4c7019c6f5950f961cb8f45e867 setup/http/audio/js/audio.js
01-01 05:30:27.149  3006  3006 I sh      : Info: PostInstall(): Verified: 488e70c0bd8f32e55dccff3ec6de0660fc58d5b4 setup/http/audio/js/json-stringify-pretty-compact.js
01-01 05:30:27.154  3006  3006 I sh      : Info: PostInstall(): Verified: 48590ae1c3bbf8facb1619c1c762bb78fca99c8a snapshot_blob.bin
01-01 05:30:27.195  3006  3006 I sh      : Info: PostInstall(): Verified: 07acf09cefae3554a741667403d911f94b22a7d4 update_engine
01-01 05:30:27.197  3006  3006 I sh      : Info: PostInstall(): Verified: e05ef1cc2cdb0a31bc7ada56aa635f3d655fe2e7 watchdog/wd.dmp
01-01 05:30:27.197  3006  3006 I sh      : Info: PostInstall(): PostInstall validation OK
01-01 05:30:27.197  3006  3006 I sh      : Info: main(): Post-Installation validation succeeded
01-01 05:30:27.253  3083  3083 I sh      : test: not integer: LSB
01-01 05:30:27.274  3083  3083 I sh      : test: not integer: d256
01-01 05:30:27.275  3083  3083 I sh      : Model : LSB, SSID-Suffix : d256
01-01 05:30:27.338  3084  3084 I cast_cli: [1231/160027.337786:INFO:package_utils.cc(186)] Run process_manager: /bin/logwrapper /system/chrome/process_manager --async --accept-resource-provider=true --alsa-enable-upsampling=true --alsa-output-avail-min=256 --alsa-output-buffer-size=4096 --alsa-output-period-size=512 --alsa-output-start-threshold=2048 --default-eureka-name-prefix=LSB --enable-background-apps=true --enable-hi-res-audio-support=true --enable-multizone=true --netif-for-unique-ids=wlan0 --ota-directory=/data/chrome/cache/ --setup-ssid-suffix=d256 --setup-support-guest-mode=0 --wpa-supplicant-unix-socket-path=/dev/socket/wpa_wlan0
01-01 05:30:27.367  3090  3090 I process_manager: [1231/160027.366311:INFO:process_manager.cc(348)] process manager initialized
01-01 05:30:27.367  3090  3090 I process_manager: [1231/160027.366779:INFO:process_manager.cc(399)] Process manager is starting
01-01 05:30:27.368  3090  3090 I process_manager: [1231/160027.367301:INFO:process_manager.cc(409)] Process manager successfully started with pid 3092
01-01 05:30:27.369  3084  3084 I cast_cli: [1231/160027.369785:INFO:cast_cli.cc(433)] Process manager successfully started as daemon
01-01 05:30:27.396  3092  3092 I process_manager: [1231/160027.396033:INFO:process_manager.cc(348)] process manager initialized
01-01 05:30:27.396  3092  3092 I process_manager: [1231/160027.396594:INFO:process_manager.cc(475)] Resuming manager from a previous state
01-01 05:30:27.430  3092  3092 I process_manager: [1231/160027.430494:INFO:package_utils.cc(186)] Run update_engine: /bin/logwrapper /system/chrome/update_engine --foreground --netif-for-unique-ids=eth0 --omaha-beta-app-id={c71af7c9-fb75-4084-9bb1-6483fae36524} --omaha-prod-app-id={c71af7c9-fb75-4084-9bb1-6483fae36524} --ota-directory=/chrome/cache/ --update-engine-unix-socket-path=/tmp/socket/updater --v=4 --netif-for-unique-ids=wlan0 --ota-directory=/data/chrome/cache/
01-01 05:30:27.431  3092  3092 I process_manager: [1231/160027.431746:INFO:package_utils.cc(186)] Run crash_uploader: /bin/logwrapper /system/chrome/crash_uploader
01-01 05:30:27.441  3092  3092 I process_manager: [1231/160027.432689:INFO:package_utils.cc(186)] Run cast_shell: /bin/logwrapper /system/chrome/cast_shell --accept-resource-provider=true --alsa-enable-upsampling=false --app-config-path=/fakeapp.conf --blink-platform-log-channels=Media --cast-control-unix-socket-path=/tmp/cast-control --default-eureka-name-prefix=Google Cast Speaker --disable-dial=true --disable-images-for-app-id=*|1B11061A --enable-background-apps=false --idle-screen=false --js-flags=--trace_gc --netif-for-unique-ids=eth0 --no-daily-reboot=true --ota-directory=/chrome/cache/ --setup-support-guest-mode=0 --skip-gpu-data-loading --update-engine-unix-socket-path=/tmp/socket/updater --accept-resource-provider=true --alsa-enable-upsampling=true --alsa-output-avail-min=256 --alsa-output-buffer-size=4096 --alsa-output-period-size=512 --alsa-output-start-threshold=2048 --default-eureka-name-prefix=LSB --enable-background-apps=true --enable-hi-res-audio-support=true --enable-multizone=true --netif-for-unique-ids=wlan0 --ota-directory=/data/chrome/cache/ --setup-ssid-suffix=d256 --setup-support-guest-mode=0 --wpa-supplicant-unix-socket-path=/dev/socket/wpa_wlan0
01-01 05:30:27.457  3095  3095 I crash_uploader: [1231/160027.457132:INFO:crash_uploader.cc(45)] Starting crash uploader...
01-01 05:30:27.464  3094  3094 I update_engine: [1231/160027.463764:INFO:main.cc(149)] Eureka Update Engine starting
01-01 05:30:27.465  3094  3094 I update_engine: [1231/160027.464947:INFO:update_check_scheduler.cc(77)] Next update check in 2700 seconds
01-01 05:30:27.465  3094  3094 I update_engine: [1231/160027.465217:INFO:string_based_ipc_server.cc(75)] Start IPC server: /tmp/socket/updater
01-01 05:30:27.465  3094  3094 I update_engine: [1231/160027.465571:INFO:unix_stream_server_socket.cc(62)] Unix server socket is created: /tmp/socket/updater
01-01 05:30:27.668  3096  3096 I cast_shell: [3099:3099:WARNING:discardable_shared_memory_manager.cc(194)] Less than 64MB of free space in temporary directory for shared memory files: 32
01-01 05:30:27.681  3096  3096 I cast_shell: Fontconfig warning: "/etc/fonts/fonts.conf", line 80: unknown element "blank"
01-01 05:30:27.703  3096  3096 I cast_shell: [3099:3099:INFO:cast_system_memory_pressure_evaluator.cc(167)] AdjustMemoryFractions: critical_memory_fraction_=0.25, moderate_memory_fraction_=0.4
01-01 05:30:27.709  3096  3096 I cast_shell: [3099:3099:INFO:cast_window_manager_aura.cc(198)] Starting window manager, bounds: 0,0 1x1
01-01 05:30:27.718  3096  3096 I cast_shell: [3099:3116:ERROR:mixer_connection.cc(91)] Failed to connect to mixer service: -102
01-01 05:30:27.718  3096  3096 I cast_shell: [3099:3099:INFO:client_auth_manager.cc(97)] Read old certificate from prefs.
01-01 05:30:27.718  3096  3096 I cast_shell: [3099:3099:INFO:device_info_impl.cc(135)] [PII] Weave device ID: 
01-01 05:30:27.719  3096  3096 I cast_shell: [3099:3099:INFO:device_info_impl.cc(406)] MAC address for wlan0: CC:90:93:21:F3:84
01-01 05:30:27.719  3096  3096 I cast_shell: [3099:3099:INFO:device_info_impl.cc(431)] Device model id: COTODAMA.LS10 Platform.LSB
01-01 05:30:27.719  3096  3096 I cast_shell: [3099:3099:INFO:device_info_impl.cc(466)] Control Notifications: 0
01-01 05:30:27.719  3096  3096 I cast_shell: [3099:3099:ERROR:device_info_impl.cc(145)] Cannot read file: /data/bootid
01-01 05:30:27.719  3096  3096 I cast_shell: [3099:3099:INFO:device_info_impl.cc(482)] SSDP Boot ID: 0
01-01 05:30:27.719  3096  3096 I cast_shell: [3099:3099:INFO:device_info_impl.cc(486)] SSDP Config ID: 3
01-01 05:30:27.719  3096  3096 I cast_shell: [3099:3099:WARNING:secure_storage_impl.cc(85)] Device key not available yet.
01-01 05:30:27.720  3096  3096 I cast_shell: [3099:3099:INFO:cast_power_manager_provider.cc(26)] Creating DummyCastPowerManagerProvider
01-01 05:30:27.720  3096  3096 I cast_shell: [3099:3099:WARNING:auth_provider_impl.cc(72)] No IoT client_id found on the device. If device was FDRed please ignore this warning.
01-01 05:30:27.720  3096  3096 I cast_shell: [3099:3099:INFO:file_provider_impl.cc(67)] Initialized file provider with base dir: /data/chrome/auth
01-01 05:30:27.720  3096  3096 I cast_shell: [3099:3099:INFO:cast_power_manager_provider.cc(26)] Creating DummyCastPowerManagerProvider
01-01 05:30:27.720  3096  3096 I cast_shell: [3099:3099:INFO:cast_power_manager_provider.cc(26)] Creating DummyCastPowerManagerProvider
01-01 05:30:27.720  3096  3096 I cast_shell: [3099:3099:INFO:hds_broker_impl.cc(121)] HDS type registered type.googleapis.com/home.hds.proto.device.config.RefreshConfigRequest
01-01 05:30:27.720  3096  3096 I cast_shell: [3099:3099:INFO:preload_initiator_mdns.cc(92)] Preload type: mdns
01-01 05:30:27.720  3096  3096 I cast_shell: [3099:3099:WARNING:hds_settings.cc(104)] HDS URL has not been set through command line.
01-01 05:30:27.721  3096  3096 I cast_shell: [3099:3099:WARNING:volume_map.cc(55)] No cast audio config found; using default volume map.
01-01 05:30:27.721  3096  3096 I cast_shell: [3099:3099:INFO:saved_volumes.cc(63)] No saved volumes found
01-01 05:30:27.721  3096  3096 I cast_shell: [3099:3099:INFO:saved_volumes.cc(70)] Invalid JSON from /etc/cast_audio.json
01-01 05:30:27.722  3096  3096 I cast_shell: [3099:3120:INFO:stream_mixer.cc(194)] StreamMixer
01-01 05:30:27.723  3096  3096 I cast_shell: [3099:3120:INFO:stream_mixer.cc(222)] Mixer health checker started
01-01 05:30:27.723  3096  3096 I cast_shell: [3099:3121:INFO:stream_mixer.cc(121)] Actual priority = 99, policy = 1
01-01 05:30:27.723  3096  3096 I cast_shell: [3099:3120:WARNING:post_processing_pipeline_parser.cc(65)] No post-processing config found at /etc/cast_audio.json.
01-01 05:30:27.723  3096  3096 I cast_shell: [3099:3120:WARNING:post_processing_pipeline_parser.cc(133)] No post-processor description found for "mix" in /etc/cast_audio.json. Using passthrough.
01-01 05:30:27.723  3096  3096 I cast_shell: [3099:3120:INFO:mixer_pipeline.cc(103)] 2 input channels to 'mix' group
01-01 05:30:27.723  3096  3096 I cast_shell: [3099:3120:WARNING:post_processing_pipeline_parser.cc(133)] No post-processor description found for "linearize" in /etc/cast_audio.json. Using passthrough.
01-01 05:30:27.723  3096  3096 I cast_shell: [3099:3120:INFO:mixer_pipeline.cc(124)] 2 input channels to 'linearize' group
01-01 05:30:27.724  3096  3096 I cast_shell: [3099:3122:INFO:audio_socket_service_uds.cc(44)] Using endpoint /tmp/mixer-service
01-01 05:30:27.724  3096  3096 I cast_shell: [3099:3120:INFO:alsa_volume_control.cc(43)] Opening mixer element "Master" on device "default"
01-01 05:30:27.730  3096  3096 I cast_shell: [3099:3120:INFO:alsa_volume_control.cc(219)] Volume device = default, element = Master
01-01 05:30:27.730  3096  3096 I cast_shell: [3099:3120:INFO:alsa_volume_control.cc(221)] Mute device = default, element = Master
01-01 05:30:27.730  3096  3096 I cast_shell: [3099:3120:INFO:alsa_volume_control.cc(234)] Idle device = default, elements = []
01-01 05:30:27.730  3096  3096 I cast_shell: [3099:3120:INFO:alsa_volume_control.cc(43)] Opening mixer element "Master" on device "default"
01-01 05:30:27.733  3096  3096 I cast_shell: [3099:3099:INFO:multizone_manager.cc(330)] Multizone features are enabled
01-01 05:30:27.733  3096  3096 I cast_shell: [3099:3099:INFO:cast_power_manager_provider.cc(26)] Creating DummyCastPowerManagerProvider
01-01 05:30:27.733  3096  3096 I cast_shell: [3099:3099:INFO:update_engine_client_with_ipc.cc(343)] Using IPC UpdateEngineClient
01-01 05:30:27.734  3096  3096 I cast_shell: [3099:3107:INFO:parent_tracker.cc(90)] [PII](E712EA5590E7A569201BB157EE4B8F5F) has hash 362376668, root wait is 9.15628 s
01-01 05:30:27.734  3099  3099 E         : Create
01-01 05:30:27.734  3099  3099 E         : OOBE IsSupported
01-01 05:30:27.735  3096  3096 I cast_shell: [3099:3107:INFO:parent_tracker.cc(120)] Can't use IPv4
01-01 05:30:27.735  3096  3096 I cast_shell: [3099:3107:INFO:parent_tracker.cc(124)] Can't use IPv6
01-01 05:30:27.735  3096  3096 I cast_shell: [3099:3107:ERROR:parent_tracker.cc(125)] No valid interface for multicast
01-01 05:30:27.741  3096  3096 I cast_shell: [3099:3107:INFO:directory_service_impl.cc(168)] Boot count is now 2
01-01 05:30:27.741  3096  3096 I cast_shell: [3099:3107:ERROR:socket_posix.cc(148)] bind() failed: Address already in use (98)
01-01 05:30:27.741  3096  3096 I cast_shell: [3099:3107:ERROR:tcp_listener.cc(64)] Listen failed: net::ERR_ADDRESS_IN_USE : 0.0.0.0:10101
01-01 05:30:27.741  3096  3096 I cast_shell: [3099:3107:ERROR:directory_service_impl.cc(213)] TCP listener error: -1
01-01 05:30:27.741  3096  3096 I cast_shell: [3099:3099:INFO:chromecast_service_client_default.cc(75)] System updater is supported, and this is first setup.
01-01 05:30:27.741  3096  3096 I cast_shell: [3099:3099:INFO:managed_mode_service.cc(345)] Starting in managed mode: 0
01-01 05:30:27.741  3096  3096 I cast_shell: [3099:3099:INFO:grpc_manager_impl.cc(262)] Registered a handler GetDeviceStatus for service chromecast.LocalCloudcastService
01-01 05:30:27.742  3096  3096 I cast_shell: [3099:3099:INFO:gcm_manager.cc(258)] Enabling GCM Driver
01-01 05:30:27.742  3096  3096 I cast_shell: [3099:3099:INFO:grpc_manager_impl.cc(505)] GRPC[uri=]: num_pending_calls=0, num_active_handlers=0, num_free_handlers=0
01-01 05:30:27.743  3096  3096 I cast_shell: [3099:3099:INFO:lycra_gcm.cc(117)] Deferring GCM registration until connectivity is up.
01-01 05:30:27.770  3096  3096 I cast_shell: [3099:3099:WARNING:cloud_settings_manager.cc(513)] Cannot initialize device settings config: /data/chrome/cloud_settings/cloud_settings.prefs, pref_error=6
01-01 05:30:27.771  3096  3096 I cast_shell: [3099:3099:INFO:cloud_settings_manager.cc(195)] Cloud settings is disabled.
01-01 05:30:27.771  3096  3096 I cast_shell: [3099:3099:INFO:pref_metrics_manager.cc(66)] PrefMetricsManager started.
01-01 05:30:27.771  3096  3096 I cast_shell: [3099:3099:INFO:pref_control_service_impl.cc(142)] Loading prefs from /data/chrome/pref_control/pref_control.prefs
01-01 05:30:27.772  3096  3096 I cast_shell: [3099:3099:INFO:pref_control_service_impl.cc(602)] Registering pref Pref [Name:motion_sensing_pref,RestoreValue:1,ForceEnableParent:1,Value:1,Optin:1]
01-01 05:30:27.772  3096  3096 I cast_shell: [3099:3099:INFO:pref_control_service_impl.cc(602)] Registering pref Pref [Name:sleep_sensing_pref,RestoreValue:0,ForceEnableParent:1,Value:1,Optin:0]
01-01 05:30:27.772  3096  3096 I cast_shell: [3099:3099:INFO:pref_control_service_impl.cc(602)] Registering pref Pref [Name:sleep_disturbance_pref,RestoreValue:1,ForceEnableParent:0,Value:1,Optin:0]
01-01 05:30:27.772  3096  3096 I cast_shell: [3099:3099:INFO:pref_control_service_impl.cc(602)] Registering pref Pref [Name:sleep_coaching_pref,RestoreValue:1,ForceEnableParent:0,Value:1,Optin:0]
01-01 05:30:27.772  3096  3096 I cast_shell: [3099:3099:INFO:pref_control_service_impl.cc(602)] Registering pref Pref [Name:gesture_sensing_pref,RestoreValue:0,ForceEnableParent:1,Value:1,Optin:0]
01-01 05:30:27.772  3096  3096 I cast_shell: [3099:3099:INFO:pref_control_service_impl.cc(602)] Registering pref Pref [Name:play_and_pause_gesture_pref,RestoreValue:1,ForceEnableParent:0,Value:1,Optin:0]
01-01 05:30:27.772  3096  3096 I cast_shell: [3099:3099:INFO:pref_control_service_impl.cc(602)] Registering pref Pref [Name:snooze_alarm_gesture_pref,RestoreValue:1,ForceEnableParent:0,Value:1,Optin:0]
01-01 05:30:27.772  3096  3096 I cast_shell: [3099:3099:INFO:pref_control_service_impl.cc(602)] Registering pref Pref [Name:stop_timers_gesture_pref,RestoreValue:1,ForceEnableParent:0,Value:1,Optin:0]
01-01 05:30:27.772  3096  3096 I cast_shell: [3099:3099:INFO:pref_metrics_manager.cc(94)] Adding motion_sensing_pref to PrefMetricsManager.
01-01 05:30:27.772  3096  3096 I cast_shell: [3099:3099:INFO:pref_metrics_manager.cc(94)] Adding sleep_sensing_pref to PrefMetricsManager.
01-01 05:30:27.772  3096  3096 I cast_shell: [3099:3099:INFO:pref_metrics_manager.cc(94)] Adding sleep_disturbance_pref to PrefMetricsManager.
01-01 05:30:27.772  3096  3096 I cast_shell: [3099:3099:INFO:pref_metrics_manager.cc(94)] Adding sleep_coaching_pref to PrefMetricsManager.
01-01 05:30:27.772  3096  3096 I cast_shell: [3099:3099:INFO:pref_metrics_manager.cc(94)] Adding gesture_sensing_pref to PrefMetricsManager.
01-01 05:30:27.772  3096  3096 I cast_shell: [3099:3099:INFO:pref_metrics_manager.cc(94)] Adding play_and_pause_gesture_pref to PrefMetricsManager.
01-01 05:30:27.772  3096  3096 I cast_shell: [3099:3099:INFO:pref_metrics_manager.cc(94)] Adding snooze_alarm_gesture_pref to PrefMetricsManager.
01-01 05:30:27.772  3096  3096 I cast_shell: [3099:3099:INFO:pref_metrics_manager.cc(94)] Adding stop_timers_gesture_pref to PrefMetricsManager.
01-01 05:30:27.773  3096  3096 I cast_shell: [3099:3099:INFO:pref_control_service_impl.cc(107)] PrefControlService constructed.
01-01 05:30:27.773  3096  3096 I cast_shell: [3099:3099:INFO:grpc_manager_impl.cc(245)] Registered service chromecast.grpc_discovery.GrpcDiscoveryService
01-01 05:30:27.773  3096  3096 I cast_shell: [3099:3099:INFO:grpc_manager_impl.cc(262)] Registered a handler GetServiceInfo for service chromecast.grpc_discovery.GrpcDiscoveryService
01-01 05:30:27.774  3096  3096 I cast_shell: [3099:3099:INFO:grpc_manager_impl.cc(505)] GRPC[uri=unix:/tmp/hcp_ipc_auth.socket]: num_pending_calls=0, num_active_handlers=0, num_free_handlers=0
01-01 05:30:27.774  3096  3096 I cast_shell: [3099:3135:INFO:common_time.cc(128)] New common clock leader E712EA5590E7A569201BB157EE4B8F5F, is_this_device = 1, IP = [::1]:10006, quality = 0
01-01 05:30:27.775  3096  3096 I cast_shell: [3099:3135:INFO:common_time.cc(158)] Set this device as common time source
01-01 05:30:27.775  3096  3096 I cast_shell: [3099:3099:INFO:grpc_manager_impl.cc(245)] Registered service usonia.ipc.Auth
01-01 05:30:27.775  3096  3096 I cast_shell: [3099:3099:INFO:grpc_manager_impl.cc(262)] Registered a handler Sign for service usonia.ipc.Auth
01-01 05:30:27.775  3096  3096 I cast_shell: [3099:3099:INFO:grpc_manager_impl.cc(262)] Registered a handler Verify for service usonia.ipc.Auth
01-01 05:30:27.775  3096  3096 I cast_shell: [3099:3099:INFO:grpc_manager_impl.cc(262)] Registered a handler AuthReady for service usonia.ipc.Auth
01-01 05:30:27.775  3096  3096 I cast_shell: [3099:3099:INFO:grpc_manager_impl.cc(245)] Registered service usonia.ipc.DistributedServiceDiscovery
01-01 05:30:27.775  3096  3096 I cast_shell: [3099:3099:INFO:grpc_manager_impl.cc(262)] Registered a handler UpdateServiceObservers for service usonia.ipc.DistributedServiceDiscovery
01-01 05:30:27.776  3096  3096 I cast_shell: [3099:3099:INFO:grpc_manager_impl.cc(262)] Registered a handler FetchAllPeerAddressList for service usonia.ipc.DistributedServiceDiscovery
01-01 05:30:27.776  3096  3096 I cast_shell: [3099:3099:INFO:grpc_manager_impl.cc(262)] Registered a handler ResolvePeerAddress for service usonia.ipc.DistributedServiceDiscovery
01-01 05:30:27.776  3096  3096 I cast_shell: [3099:3099:INFO:grpc_manager_impl.cc(262)] Registered a handler AddService for service usonia.ipc.DistributedServiceDiscovery
01-01 05:30:27.776  3096  3096 I cast_shell: [3099:3099:INFO:grpc_manager_impl.cc(262)] Registered a handler IsServiceAllowed for service usonia.ipc.DistributedServiceDiscovery
01-01 05:30:27.776  3096  3096 I cast_shell: [3099:3099:INFO:grpc_manager_impl.cc(245)] Registered service usonia.ipc.LeaderElector
01-01 05:30:27.776  3096  3096 I cast_shell: [3099:3099:INFO:grpc_manager_impl.cc(262)] Registered a handler LeaderElection for service usonia.ipc.LeaderElector
01-01 05:30:27.777  3096  3096 I cast_shell: [3099:3099:INFO:grpc_manager_impl.cc(245)] Registered service usonia.ipc.TimeSynchronizer
01-01 05:30:27.777  3096  3096 I cast_shell: [3099:3099:INFO:grpc_manager_impl.cc(262)] Registered a handler ObserveCommonTime for service usonia.ipc.TimeSynchronizer
01-01 05:30:27.778  3096  3096 I cast_shell: [3099:3099:INFO:grpc_manager_impl.cc(317)] Grpc server started in port 1
01-01 05:30:27.778  3096  3096 I cast_shell: [3099:3099:INFO:sensor_pref_manager.cc(84)] SensorPrefManager is disabled.
01-01 05:30:27.779  3096  3096 I cast_shell: [3099:3099:INFO:remote_ducking_receiver.cc(183)] remote ducking: starting receiver.
01-01 05:30:27.779  3096  3096 I cast_shell: [3099:3099:INFO:grpc_manager_impl.cc(505)] GRPC[uri=unix:/tmp/modular_updater/modular_update_service]: num_pending_calls=0, num_active_handlers=0, num_free_handlers=0
01-01 05:30:27.780  3096  3096 I cast_shell: [3099:3099:INFO:cast_power_manager_provider.cc(26)] Creating DummyCastPowerManagerProvider
01-01 05:30:27.787  3096  3096 I cast_shell: [3099:3099:INFO:timezone_settings.cc(288)] Setting system timezone to America/Los_Angeles
01-01 05:30:27.787  3096  3096 I cast_shell: [3099:3099:INFO:daily_reboot_impl.cc(172)] Daily reboot is disabled
01-01 05:30:27.788  3096  3096 I cast_shell: [3099:3099:INFO:api_reboot.cc(321)] active_activities count=1
01-01 05:30:27.788  3096  3096 I cast_shell: [3099:3109:INFO:gamma_utils.cc(31)] Gamma calibration file is not present, use default LUT
01-01 05:30:27.789  3096  3096 I cast_shell: [3099:3099:INFO:cast_power_manager_provider.cc(26)] Creating DummyCastPowerManagerProvider
01-01 05:30:27.789  3096  3096 I chatty  : uid=1000(chrome) /bin/logwrapper identical 1 line
01-01 05:30:27.789  3096  3096 I cast_shell: [3099:3099:INFO:cast_power_manager_provider.cc(26)] Creating DummyCastPowerManagerProvider
01-01 05:30:27.791  3096  3096 I cast_shell: [3099:3109:INFO:tuning_manager.cc(118)] No file found at /etc/cast_audio.json
01-01 05:30:27.791  3096  3096 I cast_shell: [3099:3109:INFO:tuning_manager.cc(130)] No file found at /etc/cast_audio.json
01-01 05:30:27.792  3096  3096 I cast_shell: [3099:3099:INFO:setup_api_registry.cc(192)] Register external API: audio/delete_config
01-01 05:30:27.792  3096  3096 I cast_shell: [3099:3099:INFO:setup_api_registry.cc(192)] Register external API: audio/get_avail_processors
01-01 05:30:27.792  3096  3096 I cast_shell: [3099:3099:INFO:setup_api_registry.cc(192)] Register external API: audio/get_config
01-01 05:30:27.792  3096  3096 I cast_shell: [3099:3099:INFO:setup_api_registry.cc(192)] Register external API: audio/get_default_config
01-01 05:30:27.792  3096  3096 I cast_shell: [3099:3099:INFO:setup_api_registry.cc(192)] Register external API: audio/set_params
01-01 05:30:27.792  3096  3096 I cast_shell: [3099:3099:INFO:setup_api_registry.cc(192)] Register external API: audio/set_config
01-01 05:30:27.792  3096  3096 I cast_shell: [3099:3099:INFO:setup_api_registry.cc(192)] Register external API: user_eq/set_equalizer
01-01 05:30:27.793  3096  3096 I cast_shell: [3099:3099:INFO:capture_service_dummy.cc(11)] Dummy CaptureService.
01-01 05:30:27.796  3096  3096 I cast_shell: [3099:3099:INFO:setup_api_registry.cc(192)] Register external API: auto_media_volume
01-01 05:30:27.797  3096  3096 I cast_shell: [3099:3099:INFO:cast_thread_health_check.cc(53)] Receiver health check timeout: 15 seconds.
01-01 05:30:27.797  3096  3096 I cast_shell: [3099:3099:INFO:file_util.cc(28)] base_assistant_dir = /data/chrome
01-01 05:30:27.798  3096  3096 I cast_shell: [3099:3099:INFO:chromecast_service.cc(2189)] Geolocation changed to: 0
01-01 05:30:27.798  3096  3096 I cast_shell: [3099:3099:INFO:chromecast_service.cc(2229)] AoGH feature is: 0
01-01 05:30:27.798  3096  3096 I cast_shell: [3099:3099:INFO:chromecast_service.cc(2248)] Playback disruption feature is: 0
01-01 05:30:27.804  3096  3096 I cast_shell: [3099:3099:INFO:metrics_recorder.cc(112)] Metrics stat: total=0
01-01 05:30:27.804  3096  3096 I cast_shell: [3099:3123:INFO:media_manager_impl.cc(1043)] New device volume control type: new_type=1, old_type=0
01-01 05:30:27.804  3096  3096 I cast_shell: [3099:3123:INFO:media_manager_impl.cc(1066)] New device volume step interval: new_interval=0.02, old_interval=0
01-01 05:30:27.804  3096  3096 I cast_shell: [3099:3123:ERROR:media_manager_impl.cc(1294)] GetScreenResolution failed.
01-01 05:30:27.804  3096  3096 I cast_shell: [3099:3123:INFO:media_manager_impl.cc(343)] Media manager is initialized.
01-01 05:30:27.804  3096  3096 I cast_shell: [3099:3099:INFO:media_manager_impl.cc(269)] IsHdmiPlatform: 0
01-01 05:30:27.805  3096  3096 I cast_shell: [3099:3099:INFO:hds_settings.cc(136)] HdsSettings using HDS url https://preprod-home-devices.sandbox.google.com/
01-01 05:30:27.806  3096  3096 I cast_shell: [3099:3099:INFO:client_auth_creds.cc(173)] Device cert: 4D8AC5B9056A76852E4F FA:8F:CA:87:13:D1
01-01 05:30:27.807  3096  3096 I cast_shell: [3099:3099:INFO:client_auth_creds.cc(182)] Intermediate cert: LSB
01-01 05:30:27.807  3096  3096 I cast_shell: [3099:3099:INFO:client_auth_creds.cc(182)] Intermediate cert: Amlogic GVA Manufacturer Cert
01-01 05:30:27.807  3096  3096 I cast_shell: [3099:3099:INFO:client_auth_creds.cc(226)] Imported client auth cert.
01-01 05:30:27.807  3096  3096 I cast_shell: [3099:3099:INFO:client_auth_creds.cc(237)] Imported client auth private key
01-01 05:30:27.807  3096  3096 I cast_shell: [3099:3099:INFO:client_auth_signer.cc(155)] Created singleton instance of ClientAuthSigner.
01-01 05:30:27.807  3096  3096 I cast_shell: [3099:3099:INFO:client_auth_manager.cc(110)] Old certificate already exists>
01-01 05:30:27.854  3096  3096 I cast_shell: [3099:3099:WARNING:application_config_manager_impl.cc(253)] Cannot read application config file: /fakeapp.conf
01-01 05:30:27.855  3096  3096 I cast_shell: [3099:3099:INFO:application_manager_impl.cc(398)] Application manager is initialized.
01-01 05:30:27.855  3096  3096 I cast_shell: [3099:3099:INFO:mdns_cast_service.cc(156)] Device discovery state is idle
01-01 05:30:27.855  3096  3096 I cast_shell: [3099:3099:INFO:mdns_manager_impl.cc(177)] MdnsManager is initialized
01-01 05:30:27.856  3096  3096 I cast_shell: [3099:3148:INFO:mdns_app_filter.cc(573)] MdnsAppFilter initialized
01-01 05:30:27.856  3096  3096 I cast_shell: [3099:3148:INFO:discovered_service_client.cc(102)] Registering new service PTR listener: _googlecast._tcp.local
01-01 05:30:27.856  3096  3096 I cast_shell: [3099:3099:INFO:config_downloader.cc(239)] Set config periodic interval: min=300, max=420
01-01 05:30:27.857  3096  3096 I cast_shell: [3099:3099:INFO:crl_downloader.cc(274)] Set CRL periodic interval: min=2160, max=2880
01-01 05:30:27.857  3096  3096 I cast_shell: [3099:3099:INFO:hds_broker_impl.cc(121)] HDS type registered type.googleapis.com/home.hds.proto.device.relayedcasting.RelayedCastingPleaseConnectRequest
01-01 05:30:27.857  3096  3096 I cast_shell: [3099:3149:INFO:v2_transport.cc(458)] Added Cast V2 endpoint: id=Tr@n$p0rt-0, socket_factory_id=[PII](*)
01-01 05:30:27.857  3096  3096 I cast_shell: [3099:3149:INFO:endpoint_with_namespace_handler.cc(103)] Added a namespace handler: local_id=Tr@n$p0rt-0, namespace=urn:x-cast:com.google.cast.tp.connection
01-01 05:30:27.857  3096  3096 I cast_shell: [3099:3149:INFO:endpoint_with_namespace_handler.cc(103)] Added a namespace handler: local_id=Tr@n$p0rt-0, namespace=urn:x-cast:com.google.cast.tp.heartbeat
01-01 05:30:27.857  3096  3096 I cast_shell: [3099:3149:INFO:endpoint_with_namespace_handler.cc(103)] Added a namespace handler: local_id=Tr@n$p0rt-0, namespace=urn:x-cast:com.google.cast.tp.deviceauth
01-01 05:30:27.857  3096  3096 I cast_shell: [3099:3149:INFO:v2_transport.cc(335)] V2Transport initialized.
01-01 05:30:27.858  3096  3096 I cast_shell: [3099:3149:INFO:v2_transport.cc(411)] Added socket factory: id=domain-socket@/tmp/cast-control
01-01 05:30:27.858  3096  3096 I cast_shell: [3099:3149:INFO:v2_transport.cc(411)] Added socket factory: id=opencast-socket
01-01 05:30:27.858  3096  3096 I cast_shell: [3099:3099:INFO:mdns_util.cc(102)] Defaulting mDNS capabilities for audio-only build
01-01 05:30:27.858  3096  3096 I cast_shell: [3099:3099:INFO:virtual_device_manager.cc(138)] Added virtual device: id=[PII](09b2041d-5a67-b905-f088-5ee8bb7aaab7)
01-01 05:30:27.858  3096  3096 I cast_shell: [3099:3099:INFO:ccs_manager_impl.cc(522)] Added CCS device
01-01 05:30:27.858  3096  3096 I cast_shell: [3099:3149:INFO:v2_transport.cc(458)] Added Cast V2 endpoint: id=receiver-09b2041d-5a67-b905-f088-5ee8bb7aaab7, socket_factory_id=[PII](09b2041d-5a67-b905-f088-5ee8bb7aaab7)
01-01 05:30:27.858  3096  3096 I cast_shell: [3099:3149:INFO:endpoint_with_namespace_handler.cc(103)] Added a namespace handler: local_id=receiver-09b2041d-5a67-b905-f088-5ee8bb7aaab7, namespace=urn:x-cast:com.google.cast.receiver
01-01 05:30:27.860  3096  3096 I cast_shell: [3099:3148:INFO:discovered_service_client.cc(102)] Registering new service PTR listener: _googlerpc._tcp.local
01-01 05:30:27.866  3096  3096 I cast_shell: [3099:3099:INFO:crypto_manager.cc(278)] Public key: MIIBCgKCAQEAtDzjKVKxuKrTaNlfT6kxe0ZP4Xrq6pXqBUREjx39xI4WiklGQmidagq6Fm39G1Fq4nuzCXXRPB/8xieoAnaAOxr0YnErbjNVHQztskQ5JfhDadaikJUhQn5wNSTS5eyYzJh+JCKn4dXcsP7anXpIQeOmAj4j9K8O2dNDwJhFUUKg3BYtlaU84G5QrAqKH0EaqcIdiJJ4RlGMxOJQLMWQd/sVT8RlTKknbjjrzfykHEbDG8aJ4+5R3S99oyvduhFa2KfWsaV8lDhnzx1H4l5vEaTemzXPAd6Wf4wIQgS4XVRBMSiWTSSxDDaR1TT3zTJAZBlihLGcRlEiYQoQsGmUyQIDAQAB
01-01 05:30:27.867  3096  3096 I cast_shell: [3099:3099:INFO:crypto_manager.cc(289)] Public modulus: tDzjKVKxuKrTaNlfT6kxe0ZP4Xrq6pXqBUREjx39xI4WiklGQmidagq6Fm39G1Fq4nuzCXXRPB_8xieoAnaAOxr0YnErbjNVHQztskQ5JfhDadaikJUhQn5wNSTS5eyYzJh-JCKn4dXcsP7anXpIQeOmAj4j9K8O2dNDwJhFUUKg3BYtlaU84G5QrAqKH0EaqcIdiJJ4RlGMxOJQLMWQd_sVT8RlTKknbjjrzfykHEbDG8aJ4-5R3S99oyvduhFa2KfWsaV8lDhnzx1H4l5vEaTemzXPAd6Wf4wIQgS4XVRBMSiWTSSxDDaR1TT3zTJAZBlihLGcRlEiYQoQsGmUyQ
01-01 05:30:27.867  3096  3096 I cast_shell: [3099:3099:INFO:crypto_manager.cc(294)] Public exponent: AQAB
01-01 05:30:27.867  2729  2740 W HotspotManager: hotspot already stopped
01-01 05:30:27.868  3096  3096 I cast_shell: [3099:3109:INFO:hotspot_controller_netmgr.cc(134)] Hotspot socket initialized: /dev/socket/net_mgr
01-01 05:30:27.868  3096  3096 I cast_shell: [3099:3109:INFO:hotspot_manager.cc(103)] Stop zombie hotspot if there is one
01-01 05:30:27.868  3096  3096 I cast_shell: [3099:3099:INFO:setup_manager_impl.cc(610)] release channel: beta-channel
01-01 05:30:27.869  3096  3096 I cast_shell: [3099:3099:INFO:locale_manager.cc(245)] No timezone yet.
01-01 05:30:27.869  3096  3096 I cast_shell: [3099:3099:INFO:locale_manager.cc(274)] Current time format: 12-hour
01-01 05:30:27.869  3096  3096 I cast_shell: [3099:3099:INFO:locale_manager.cc(295)] No locale. Set default from factory: en-00
01-01 05:30:27.870  3096  3096 I cast_shell: [3099:3099:INFO:locale_manager.cc(639)] New country code: 00
01-01 05:30:27.870  3096  3096 I cast_shell: [3099:3099:INFO:setup_manager_impl.cc(645)] Initial activation date cached value: 
01-01 05:30:27.871  3096  3096 I cast_shell: [3099:3138:INFO:net_util_shlib_support.cc(51)] Wifi interface found: wlan0
01-01 05:30:27.871  3096  3096 I cast_shell: [3099:3138:INFO:net_util_shlib_support.cc(51)] Wifi interface found: p2p0
01-01 05:30:27.871  3096  3096 I cast_shell: [3099:3138:INFO:net_util_shlib_support.cc(51)] Wifi interface found: p2p1
01-01 05:30:27.871  3096  3096 I cast_shell: [3099:3138:INFO:net_util_shlib_support.cc(51)] Wifi interface found: wfd0
01-01 05:30:27.871  3096  3096 I cast_shell: [3099:3138:INFO:wifi_controller_wpa_supplicant.cc(456)] Wifi is active: wifi_netif=wlan0
01-01 05:30:27.871  3096  3096 I cast_shell: [3099:3138:INFO:wpa_ctrl_wrapper_impl.cc(64)] wpa_ctrl is open: path=/dev/socket/wpa_wlan0, is_monitor=0
01-01 05:30:27.872  3096  3096 I cast_shell: [3099:3138:INFO:wpa_ctrl_wrapper_impl.cc(64)] wpa_ctrl is open: path=/dev/socket/wpa_wlan0, is_monitor=1
01-01 05:30:27.872  3096  3096 I cast_shell: [3099:3138:INFO:wifi_controller_wpa_supplicant.cc(487)] After initialization: current_wifi_index_=0
01-01 05:30:27.878  2709  2709 I wpa_supplicant: wlan0: CTRL-EVENT-REGDOM-CHANGE init=CORE type=WORLD
01-01 05:30:27.889  2710  2722 I yani_server: NetLink Event '-1' Interface-Index '5' WLAN '0' Ethernet '-1' Parsed-iFill '-1' -> 'INVALID' ifIndex '1' -> 'lo'
01-01 05:30:27.905  2730  2845 I bluetoothtbd: [1231/160027.905427:INFO:gatt_api.cc(1005)] GATT_Register
01-01 05:30:27.905  2730  2845 I bluetoothtbd: [1231/160027.905649:INFO:gatt_api.cc(1028)] allocated gatt_if=4
01-01 05:30:27.911  2730  2845 E bt_btif : register application first_unuse rcb_idx = 0
01-01 05:30:27.911  2730  2845 I bluetoothtbd: [1231/160027.911191:INFO:gatt_api.cc(1005)] GATT_Register
01-01 05:30:27.911  2730  2845 I bluetoothtbd: [1231/160027.911294:INFO:gatt_api.cc(1028)] allocated gatt_if=5
01-01 05:30:27.919  2730  2760 I bluetoothtbd: [1231/160027.919740:INFO:adapter.cc(551)] Adapter properties changed
01-01 05:30:27.919  2730  2760 I bluetoothtbd: [1231/160027.919918:INFO:adapter.cc(573)] Adapter name changed
01-01 05:30:27.920  2730  2845 I bluetoothtbd: [1231/160027.920208:INFO:gatt_api.cc(1005)] GATT_Register
01-01 05:30:27.920  2730  2845 I bluetoothtbd: [1231/160027.920343:INFO:gatt_api.cc(1028)] allocated gatt_if=6
01-01 05:30:27.920  2730  2760 I bluetoothtbd: [1231/160027.920722:INFO:adapter.cc(551)] Adapter properties changed
01-01 05:30:27.922  3096  3096 I cast_shell: [3099:3099:INFO:input_manager_impl.cc(284)] RegisterInput: device_id: cast, type: 0, state: 0
01-01 05:30:27.922  3096  3096 I cast_shell: [3099:3099:INFO:input_manager_impl.cc(308)] NotifyInputConnect: device_id: cast, sample_rate: 0, num_channels: 0
01-01 05:30:27.922  3096  3096 I cast_shell: [3099:3099:INFO:input_manager_impl.cc(370)] SetActiveInput: cast
01-01 05:30:27.922  3096  3096 I cast_shell: [3099:3149:INFO:endpoint_with_namespace_handler.cc(103)] Added a namespace handler: local_id=receiver-09b2041d-5a67-b905-f088-5ee8bb7aaab7, namespace=urn:x-cast:com.google.cast.audio.input
01-01 05:30:27.922  3096  3096 I cast_shell: [3099:3099:INFO:bluetooth_setup.cc(690)] Disabling connectability.
01-01 05:30:27.923  3096  3096 I cast_shell: [3099:3099:INFO:input_manager_impl.cc(284)] RegisterInput: device_id: bluetooth, type: 1, state: 0
01-01 05:30:27.923  3096  3096 I cast_shell: [3099:3099:INFO:robot_account_auth_manager.cc(295)] No backend type specified. Getting COS URL based on the build type instead.
01-01 05:30:27.923  3096  3096 I cast_shell: [3099:3099:INFO:robot_account_auth_manager.cc(312)] Auth url: https://clients5.google.com/cast/orchestration/googleoauthtoken?rt=b
01-01 05:30:27.923  3096  3096 I cast_shell: [3099:3099:WARNING:robot_account_auth_manager.cc(463)] Failed to initialize JWT for 38579375
01-01 05:30:27.923  3096  3096 I cast_shell: [3099:3149:INFO:endpoint_with_namespace_handler.cc(103)] Added a namespace handler: local_id=receiver-09b2041d-5a67-b905-f088-5ee8bb7aaab7, namespace=urn:x-cast:com.google.cast.assistant
01-01 05:30:27.923  3096  3096 I cast_shell: [3099:3099:INFO:queryable_data_registrar.cc(52)] Registering queryable data for managed mode as: 0
01-01 05:30:27.923  3096  3096 I cast_shell: [3099:3099:INFO:queryable_data_registrar.cc(59)] Registering enable_hls_sample_aes=1
01-01 05:30:27.924  3096  3096 I cast_shell: [3099:3099:INFO:queryable_data_registrar.cc(64)] Registering hls_sample_aes_init_segment
01-01 05:30:27.924  3096  3096 I cast_shell: [3099:3099:INFO:queryable_data_registrar.cc(70)] Registering visual-punt-on-platform-supported
01-01 05:30:27.924  3096  3096 I cast_shell: [3099:3149:INFO:endpoint_with_namespace_handler.cc(103)] Added a namespace handler: local_id=receiver-09b2041d-5a67-b905-f088-5ee8bb7aaab7, namespace=urn:x-cast:com.google.cast.companionauth
01-01 05:30:27.924  3096  3096 I cast_shell: [3099:3149:INFO:endpoint_with_namespace_handler.cc(103)] Added a namespace handler: local_id=receiver-09b2041d-5a67-b905-f088-5ee8bb7aaab7, namespace=urn:x-cast:com.google.cast.companion
01-01 05:30:27.924  3096  3096 I cast_shell: [3099:3099:INFO:hds_broker_impl.cc(121)] HDS type registered type.googleapis.com/home.hds.proto.device.cast.ManagedModeCommandRequest
01-01 05:30:27.925  2730  2760 I bluetoothtbd: [1231/160027.925097:INFO:adapter.cc(551)] Adapter properties changed
01-01 05:30:27.925  2730  2760 I bluetoothtbd: [1231/160027.925768:INFO:adapter.cc(551)] Adapter properties changed
01-01 05:30:27.925  2730  2760 E bluetoothtbd: [1231/160027.925924:ERROR:adapter.cc(608)] Invalid property length: 512
01-01 05:30:27.926  2730  2845 I bluetoothtbd: [1231/160027.926252:INFO:btif_ble_advertiser.cc(90)] RegisterAdvertiserCb status: 0 , adveriser_id: 0
01-01 05:30:27.926  3096  3096 I cast_shell: E1231 16:00:27.926749636    3099 server_chttp2.cc:40]        {"created":"@1420070427.926515177","description":"No address added out of total 1 resolved","file":"../../third_party/grpc/src/src/core/ext/transport/chttp2/server/chttp2_server.cc","file_line":397,"referenced_errors":[{"created":"@1420070427.926495511","description":"Unable to configure socket","fd":152,"file":"../../third_party/grpc/src/src/core/lib/iomgr/tcp_server_utils_posix_common.cc","file_line":216,"referenced_errors":[{"created":"@1420070427.924896969","description":"No such file or directory","errno":2,"file":"../../third_party/grpc/src/src/core/lib/iomgr/tcp_server_utils_posix_common.cc","file_line":189,"os_error":"No such file or directory","syscall":"bind"}]}]}
01-01 05:30:27.927  3096  3096 I cast_shell: [3099:3099:ERROR:grpc_manager_impl.cc(311)] Could not start Grpc server.
01-01 05:30:27.928  3096  3096 I cast_shell: [3099:3138:INFO:gatt_client_manager_impl.cc(202)] Enabling GATT client connectability
01-01 05:30:27.928  3096  3096 I cast_shell: [3099:3138:INFO:setup_api_registry.cc(192)] Register external API: input/status
01-01 05:30:27.928  3096  3096 I cast_shell: [3099:3116:ERROR:cast_media_shlib.cc(80)] snd_hctl_find_elem failed to find the rate offset element.
01-01 05:30:27.928  3096  3096 I cast_shell: [3099:3138:INFO:setup_api_registry.cc(192)] Register external API: input/set_active
01-01 05:30:27.928  3096  3096 I cast_shell: [3099:3138:INFO:setup_api_registry.cc(192)] Register external API: input/debug_register
01-01 05:30:27.928  3096  3096 I cast_shell: [3099:3138:INFO:setup_api_registry.cc(192)] Register external API: input/debug_connect
01-01 05:30:27.928  3096  3096 I cast_shell: [3099:3138:INFO:setup_api_registry.cc(192)] Register external API: input/debug_disconnect
01-01 05:30:27.928  2730  2760 I bluetoothtbd: [1231/160027.928743:INFO:adapter.cc(551)] Adapter properties changed
01-01 05:30:27.930  2730  2760 I bluetoothtbd: [1231/160027.930614:INFO:adapter.cc(551)] Adapter properties changed
01-01 05:30:27.930  3096  3096 I cast_shell: [3099:3138:INFO:bluetooth_manager.cc(115)] Record action: Cast.Bluetooth.DiscoveryMode.Disable
01-01 05:30:27.930  3096  3096 I cast_shell: [3099:3138:INFO:setup_api_registry.cc(192)] Register external API: bluetooth/api
01-01 05:30:27.930  3096  3096 I cast_shell: [3099:3138:INFO:setup_api_registry.cc(192)] Register external API: bluetooth/bond
01-01 05:30:27.930  3096  3096 I cast_shell: [3099:3138:INFO:setup_api_registry.cc(192)] Register external API: bluetooth/connect
01-01 05:30:27.930  3096  3096 I cast_shell: [3099:3138:INFO:setup_api_registry.cc(192)] Register external API: bluetooth/discovery
01-01 05:30:27.930  2730  2760 I bluetoothtbd: [1231/160027.930748:INFO:adapter.cc(573)] Adapter name changed
01-01 05:30:27.930  3096  3096 I cast_shell: [3099:3138:INFO:setup_api_registry.cc(192)] Register external API: bluetooth/get_bonded
01-01 05:30:27.930  3096  3096 I cast_shell: [3099:3138:INFO:setup_api_registry.cc(192)] Register external API: bluetooth/scan
01-01 05:30:27.930  3096  3096 I cast_shell: [3099:3138:INFO:setup_api_registry.cc(192)] Register external API: bluetooth/scan_results
01-01 05:30:27.930  3096  3096 I cast_shell: [3099:3138:INFO:setup_api_registry.cc(192)] Register external API: bluetooth/set_connectable
01-01 05:30:27.931  3096  3096 I cast_shell: [3099:3138:INFO:bluetooth_manager.cc(1232)] [PII] Set device name to 'Lyric Speaker Box 21f384'
01-01 05:30:27.931  3096  3096 I cast_shell: [3099:3138:INFO:wifi_proximity.cc(177)] Request scan.
01-01 05:30:27.931  3096  3096 I cast_shell: [3099:3099:ERROR:server.cc(243)] XDG_RUNTIME_DIR not set in the environment
01-01 05:30:27.931  3096  3096 I cast_shell: [3099:3099:ERROR:wayland_server_controller.cc(27)] Wayland server creation failed
01-01 05:30:27.931  3096  3096 I cast_shell: [3099:3099:INFO:cast_metrics_service_client.cc(93)] Metrics client ID set: b0c25dda-b214-4f67-9218-983163e210df
01-01 05:30:27.931  3096  3096 I cast_shell: [3099:3099:INFO:device_info_impl.cc(970)] Metrics client ID: b0c25dda-b214-4f67-9218-983163e210df
01-01 05:30:27.933  3096  3096 I cast_shell: [3099:3099:INFO:cast_metrics_service_client.cc(93)] Metrics client ID set: b0c25dda-b214-4f67-9218-983163e210df
01-01 05:30:27.933  3096  3096 I cast_shell: [3099:3099:INFO:device_info_impl.cc(970)] Metrics client ID: b0c25dda-b214-4f67-9218-983163e210df
01-01 05:30:27.936  3096  3096 I cast_shell: [3099:3099:INFO:cast_receiver_impl.cc(828)] Cast receiver started.
01-01 05:30:27.936  3096  3096 I cast_shell: [3099:3099:WARNING:cast_receiver_impl.cc(1126)] Network is not globally connected. Don't schedule config downloading yet.
01-01 05:30:27.937  3096  3096 I cast_shell: [3099:3149:ERROR:socket_posix.cc(148)] bind() failed: Address already in use (98)
01-01 05:30:27.937  3096  3096 I cast_shell: [3099:3099:INFO:ccs_manager_impl.cc(663)] Starting cloud ipc activity with CCS
01-01 05:30:27.937  3096  3096 I cast_shell: [3099:3099:INFO:ccs_manager_impl.cc(1286)] CcsManagerImpl opt_in.cloud_ipc pref changed: 1
01-01 05:30:27.937  3096  3096 I cast_shell: [3099:3099:INFO:ccs_manager_impl.cc(1322)] Waiting for all transports to be enabled
01-01 05:30:27.937  3096  3096 I cast_shell: [3099:3149:INFO:v2_ssl_socket.cc(775)] IPv6 socket probably supports both IPv4 and IPv6
01-01 05:30:27.937  3096  3096 I cast_shell: [3099:3099:INFO:ccs_transport_gcm.cc(94)] Deferring GCM registration until connectivity is up
01-01 05:30:27.937  3096  3096 I cast_shell: [3099:3099:INFO:multizone_manager.cc(2397)] Resuming MultizoneManager
01-01 05:30:27.937  3096  3096 I cast_shell: [3099:3099:INFO:cast_receiver_impl.cc(934)] Cast receiver resumed.
01-01 05:30:27.937  3096  3096 I cast_shell: [3099:3099:WARNING:cast_receiver_impl.cc(1138)] Network is not globally connected. Don't schedule CRL downloading yet.
01-01 05:30:27.939  3096  3096 I cast_shell: [3099:3147:INFO:cast_web_server.cc(210)] Http server for Cast receiver started: port=8443
01-01 05:30:27.940  3096  3096 I cast_shell: [3099:3149:INFO:endpoint_with_namespace_handler.cc(103)] Added a namespace handler: local_id=receiver-09b2041d-5a67-b905-f088-5ee8bb7aaab7, namespace=urn:x-cast:com.google.cast.setup
01-01 05:30:27.941  3096  3096 I cast_shell: [3099:3138:INFO:ble_setup.cc(388)] BLE setup initialized.
01-01 05:30:27.941  3096  3096 I cast_shell: [3099:3146:INFO:cast_web_server.cc(210)] Http server for Cast receiver started: port=8008
01-01 05:30:27.942  3096  3096 I cast_shell: [3099:3107:ERROR:service_manager.cc(210)] Failed to resolve service name: cast_assistant
01-01 05:30:27.942  3096  3096 I cast_shell: [3099:3138:INFO:setup_manager_impl.cc(923)] Setup discoverability is enabled
01-01 05:30:27.942  3096  3096 I cast_shell: [3099:3138:INFO:hotspot_manager.cc(151)] Start: id=1 SSID=Lyric Speaker Box 21f384.d256, hidden=0
01-01 05:30:27.942  3096  3096 I cast_shell: [3099:3138:INFO:ble_setup_manager.cc(767)] Reloading cached setup read attributes
01-01 05:30:27.943  3096  3096 I cast_shell: [3099:3138:INFO:gatt_client_manager_impl.cc(202)] Enabling GATT client connectability
01-01 05:30:27.943  3096  3096 I cast_shell: [3099:3138:INFO:ble_setup.cc(1096)] LAT flag change 0
01-01 05:30:27.943  3096  3096 I cast_shell: [3099:3138:INFO:ble_setup.cc(417)] BLE setup started.
01-01 05:30:27.943  3096  3096 I cast_shell: [3099:3109:INFO:device_info_impl.cc(895)] [PII] Hotspot BSSID from cert: FA:8F:CA:87:13:D1
01-01 05:30:27.943  3096  3096 I cast_shell: [3099:3109:INFO:hotspot_manager.cc(198)] Starting request id=1 ssid=Lyric Speaker Box 21f384.d256, hidden=0
01-01 05:30:27.943  2729  2740 I HotspotManager: setting interface MAC addr
01-01 05:30:27.944  3096  3096 I cast_shell: [3099:3148:INFO:mdns_app_filter.cc(1254)] Created mDNS socket for interface:name=p2p1, address=192.168.2.1, index=7
01-01 05:30:27.945  3096  3096 I cast_shell: [3099:3161:INFO:external_mojo_broker.cc(405)] Initializing external mojo broker at: /tmp/cast_mojo_broker
01-01 05:30:27.947  3096  3096 I cast_shell: [3099:3162:ERROR:cast_audio_input_json.cc(33)] Failed to read JSON file: /etc/cast_audio_input.json
01-01 05:30:27.947  3096  3096 I cast_shell: [3099:3162:ERROR:channel_selector_reader.cc(44)] Failed to read audio input json
01-01 05:30:27.948  3096  3096 I cast_shell: [3099:3162:INFO:auto_volume.cc(107)] Auto volume is disabled
01-01 05:30:27.952  3096  3096 I cast_shell: [3099:3099:INFO:audio_focus_manager_impl.cc(27)] use_media_starting_block: 0
01-01 05:30:27.953  3096  3096 I cast_shell: [3099:3099:INFO:grpc_auth_manager_in_process.cc(135)] Initializing Auth.
01-01 05:30:27.953  3096  3096 I cast_shell: [3099:3099:INFO:grpc_manager_impl.cc(505)] GRPC[uri=[::]:8012]: num_pending_calls=0, num_active_handlers=0, num_free_handlers=0
01-01 05:30:27.957  3096  3096 I cast_shell: [3099:3099:INFO:grpc_manager_impl.cc(317)] Grpc server started in port 8012
01-01 05:30:27.957  3096  3096 I cast_shell: [3099:3099:INFO:ccs_manager_impl.cc(851)] Network connectivity down for CcsManager
01-01 05:30:27.957  3096  3096 I cast_shell: [3099:3119:INFO:cast_auth_api_adaptor.cc(82)] CastAuth: init with library: libcast_auth.so
01-01 05:30:27.959  3096  3096 I cast_shell: [3099:3119:INFO:cast_auth_api_adaptor.cc(93)] CastAuth: common module initialization successful.
01-01 05:30:27.959  3096  3096 I cast_shell: [3099:3119:INFO:cast_auth_api_adaptor.cc(98)] CastAuth: model-based module initialization successful.
01-01 05:30:27.978  3096  3096 I cast_shell: [3099:3138:INFO:ble_setup.cc(789)] Missing required info for sign.
01-01 05:30:27.978  3096  3096 I cast_shell: [3099:3099:INFO:mdns_manager_impl.cc(468)] Setting new conflict callback
01-01 05:30:27.978  3096  3096 I cast_shell: [3099:3099:INFO:mdns_util.cc(102)] Defaulting mDNS capabilities for audio-only build
01-01 05:30:27.978  3096  3096 I cast_shell: [3099:3099:INFO:ccs_manager_impl.cc(1322)] Waiting for all transports to be enabled
01-01 05:30:27.978  3096  3096 I cast_shell: [3099:3099:INFO:virtual_device_manager.cc(247)] Virtual device [PII](09b2041d-5a67-b905-f088-5ee8bb7aaab7) using Cast V2 port 8009
01-01 05:30:27.978  3096  3096 I cast_shell: [3099:3099:INFO:bluetooth_setup.cc(690)] Disabling connectability.
01-01 05:30:27.978  3096  3096 I cast_shell: [3099:3099:INFO:input_manager_impl.cc(468)] Using virtual device 09b2041d-5a67-b905-f088-5ee8bb7aaab7
01-01 05:30:27.978  3096  3096 I cast_shell: [3099:3099:INFO:metrics_recorder.cc(282)] cast event: Cast.System.Timezone.ChangeSuccessful
01-01 05:30:27.978  3096  3096 I cast_shell: [3099:3099:WARNING:channel_selector_impl.cc(113)] Cannot get selected channels from json, will use the previous value {0,1}.
01-01 05:30:28.004  3096  3096 I cast_shell: [3099:3099:INFO:secure_storage_impl.cc(107)] Secure storage initialized.
01-01 05:30:28.004  3096  3096 I cast_shell: [3099:3099:INFO:ccs_manager_impl.cc(851)] Network connectivity down for CcsManager
01-01 05:30:28.089  2965  2975 D wac-main: Netlink event
01-01 05:30:28.089  2965  2975 E wac-main: Netlink event 16 Interface Index 6 
01-01 05:30:28.089  2965  2975 E wac-main: p2p0 event Link Changed : 1002 
01-01 05:30:28.089  2965  2975 E wac-main: Enter poll and wait
