04-09 09:32:08.175  2974  2991 I otamanager: OTA:------curlDownloadFirmwareXml---
04-09 09:32:08.175  2974  2991 I otamanager: OTA:isValidIpAddress: result 0
04-09 09:32:08.295  3084  3084 I cast_shell: [3087:3087:INFO:grpc_service_discovery_impl.cc(185)] Mdns discovered google RPC for [PII](4EFE30C2EF58AB67F089BBB3E16AEDA3).
04-09 09:32:08.535  3084  3084 I cast_shell: [3087:3128:INFO:metrics_recorder.cc(282)] Record action: Setup.state.BLE
04-09 09:32:08.641  2974  2991 I otamanager: OTA:ResolveDNSName IP = 3.213.213.19
04-09 09:32:08.641  2974  2991 I otamanager: OTA:hostIp string: https://3.213.213.19/v1
04-09 09:32:08.641  2974  2991 I otamanager: OTA: trying after 2 sec 
04-09 09:32:08.950  3084  3084 I cast_shell: [3087:3087:INFO:config_downloader.cc(700)] Received Protobuf config response
04-09 09:32:08.974  3084  3084 I cast_shell: [3087:3087:INFO:application_manager_impl.cc(2024)] max_background_apps changed to: 1
04-09 09:32:08.974  3084  3084 I cast_shell: [3087:3087:ERROR:modular_update_manager_impl.cc(382)] No modular updater app ID can be found in device config.
04-09 09:32:08.984  3084  3084 I cast_shell: [3087:3087:INFO:ccs_settings.cc(262)] CcsSettings using CCS url https://clients5.google.com/cast/cloudcast/
04-09 09:32:09.008  3084  3084 I cast_shell: [3087:3087:INFO:application_config_manager_impl.cc(528)] Setting default remote control app ID: 1374D8AA
04-09 09:32:09.008  3084  3084 I cast_shell: [3087:3087:INFO:application_identification_settings.cc(410)] new ApplicationIdentificationSettings session_id: af4d23e0-9230-460f-b675-cf0fd5b6dd86 app_id: 38579375 flags: 7 headers: 512
04-09 09:32:09.008  3084  3084 I cast_shell: [3087:3087:WARNING:ccs_manager_impl.cc(1566)] Device does not have a weave device id
04-09 09:32:09.008  3084  3084 I cast_shell: [3087:3087:INFO:mdns_util.cc(102)] Defaulting mDNS capabilities for audio-only build
04-09 09:32:09.008  3084  3084 I cast_shell: [3087:3087:INFO:mdns_util.cc(102)] Defaulting mDNS capabilities for audio-only build
04-09 09:32:09.008  3084  3084 I cast_shell: [3087:3087:INFO:ccs_transport_https.cc(1203)] No cloud settings for register request
04-09 09:32:09.012  3084  3084 I cast_shell: [3087:3087:INFO:ccs_manager_impl.cc(1496)] Registering device with CCS: message_id = 55064c2a-33e7-4b84-b997-a769a4ca90b4
04-09 09:32:09.012  3084  3084 I cast_shell: [3087:3087:INFO:ccs_manager_impl.cc(1497)] [PII] device_id = 4EFE30C2EF58AB67F089BBB3E16AEDA3
04-09 09:32:09.012  3084  3084 I cast_shell: [3087:3087:INFO:application_identification_settings.cc(410)] new ApplicationIdentificationSettings session_id: 6db64588-71fd-4ddc-9af5-6529f574835a app_id: 38579375 flags: 7 headers: 512
04-09 09:32:09.012  3084  3084 I cast_shell: [3087:3087:INFO:robot_account_auth_manager.cc(470)] Successfully initialized JWT for 38579375
04-09 09:32:09.012  3084  3084 I cast_shell: [3087:3087:INFO:config_downloader.cc(900)] Clearing local config cache
04-09 09:32:09.016  3084  3084 I cast_shell: [3087:3087:INFO:metrics_recorder.cc(282)] Record action: Cast.DCS.DownloadSuccess
04-09 09:32:09.016  3084  3084 I cast_shell: [3087:3087:INFO:key_exchange_namespace_handler.cc(178)] Changing key_exchange_support capability
04-09 09:32:09.018  2968  3162 I LibreCastControlDelegate: OnCastStatus() +++ Bedroom speaker 2:0xac851198:NOT_SETUP
04-09 09:32:09.018  2968  3162 I LibreCastControlDelegate: Device Build Number -> '1.52.272222'
04-09 09:32:09.018  2968  3162 I librecast: updateCastBuildVersion() Version 1.52.272222
04-09 09:32:09.021  3084  3084 I cast_shell: [3087:3087:INFO:mdns_util.cc(102)] Defaulting mDNS capabilities for audio-only build
04-09 09:32:09.021  3084  3084 I cast_shell: [3087:3087:INFO:chromecast_service.cc(2229)] AoGH feature is: 0
04-09 09:32:09.021  3084  3084 I cast_shell: [3087:3087:INFO:chromecast_service.cc(2189)] Geolocation changed to: 0
04-09 09:32:09.021  3084  3084 I cast_shell: [3087:3087:INFO:lycra_transport.cc(301)] Feature flag changed: false
04-09 09:32:09.022  3084  3084 I cast_shell: [3087:3138:INFO:mdns_util.cc(102)] Defaulting mDNS capabilities for audio-only build
04-09 09:32:09.022  3084  3084 I cast_shell: [3087:3087:INFO:chromecast_service.cc(2248)] Playback disruption feature is: 1
04-09 09:32:09.022  3084  3084 I cast_shell: [3087:3087:INFO:playback_disruption_service.cc(328)] Playback disruption service enabled and running
04-09 09:32:09.022  3084  3084 I cast_shell: [3087:3087:INFO:ccs_manager_impl.cc(864)] Re-registering single CCS device
04-09 09:32:09.022  3084  3084 I cast_shell: [3087:3087:WARNING:ccs_manager_impl.cc(1566)] Device does not have a weave device id
04-09 09:32:09.022  3084  3084 I cast_shell: [3087:3087:INFO:mdns_util.cc(102)] Defaulting mDNS capabilities for audio-only build
04-09 09:32:09.022  3084  3084 I cast_shell: [3087:3087:INFO:mdns_util.cc(102)] Defaulting mDNS capabilities for audio-only build
04-09 09:32:09.050  3084  3084 I cast_shell: [3087:3087:INFO:robot_account_auth_manager.cc(496)] JWT expiry in 3600 seconds
04-09 09:32:09.050  3084  3084 I cast_shell: [3087:3087:INFO:metrics_recorder.cc(282)] cast event: Cloud.Transport.Https.Register.Out
04-09 09:32:09.053  3084  3084 I cast_shell: [3087:3087:INFO:robot_account_auth_manager.cc(384)] Sending oauth request for client_id: 0
04-09 09:32:09.053  3084  3084 I cast_shell: [3087:3087:INFO:metrics_recorder.cc(282)] cast event: Cast.Assistant.Auth.FetchToken
04-09 09:32:09.053  3084  3084 I cast_shell: [3087:3087:INFO:metrics_recorder.cc(282)] cast event: Cloud.Transport.Https.Register.Out
04-09 09:32:09.053  3084  3084 I cast_shell: [3087:3428:INFO:chromium_http_connection.cc(436)] Creating a new chromium http url loader factory
04-09 09:32:09.191  3084  3084 I cast_shell: [system_updater_dummy.cpp(139)] CheckUpdate 139
04-09 09:32:09.191  3084  3084 I cast_shell: [system_updater_dummy.cpp(148)] CheckUpdate 148 return
04-09 09:32:09.349  2967  2977 D wac-main: Netlink event
04-09 09:32:09.349  2967  2977 E wac-main: Netlink event 16 Interface Index 5 
04-09 09:32:09.349  2967  2977 E wac-main: Enter poll and wait
04-09 09:32:09.349  2967  2977 D wac-main: Netlink event
04-09 09:32:09.349  2967  2977 E wac-main: Netlink event 16 Interface Index 5 
04-09 09:32:09.350  2967  2977 E wac-main: Enter poll and wait
04-09 09:32:09.357  2710  2722 I yani_server: NetLink Event '-1' Interface-Index '5' WLAN '0' Ethernet '-1' Parsed-iFill '-1' -> 'INVALID' ifIndex '1' -> 'lo'
04-09 09:32:09.362  2968  3162 I LibreCastControlDelegate: OnCastStatus() +++ Bedroom speaker 2:0xac851198:NOT_SETUP
04-09 09:32:09.362  2968  3162 I LibreCastControlDelegate: Device Build Number -> '1.52.272222'
04-09 09:32:09.362  2968  3162 I librecast: updateCastBuildVersion() Version 1.52.272222
04-09 09:32:09.362  2711  2711 I lucitransport: readRemoteMessage() MID char = 7 buffer = 1.52.272222
04-09 09:32:09.362  2968  3162 I LibreCastControlDelegate: Active Applications -> 0
04-09 09:32:09.362  2968  3162 I LibreCastControlDelegate: Current Cast State '2' -> 'NOT_SETUP'
04-09 09:32:09.362  2968  3162 I LibreCastControlDelegate: OnCastStatus() ---
04-09 09:32:09.364  2710  2722 I yani_server: NetLink Event '-1' Interface-Index '5' WLAN '0' Ethernet '-1' Parsed-iFill '-1' -> 'INVALID' ifIndex '1' -> 'lo'
04-09 09:32:09.366  2710  2722 I chatty  : uid=0(root) YaniServer identical 3 lines
04-09 09:32:09.367  2710  2722 I yani_server: NetLink Event '-1' Interface-Index '5' WLAN '0' Ethernet '-1' Parsed-iFill '-1' -> 'INVALID' ifIndex '1' -> 'lo'
04-09 09:32:09.367  2710  2722 I yani_kernel: yani_geteventfrom_changeaddr() Message-Id '1' Netlink event '16' Interface Index '5' -> Name 'wlan0' 
04-09 09:32:09.368  2710  2722 I yani_kernel: yani_geteventfrom_changeaddr() Message-Id '1' Netlink event '16' Interface Index '5' -> Name 'wlan0' 
04-09 09:32:09.569  3084  3084 I cast_shell: [3087:3128:INFO:metrics_recorder.cc(282)] Record action: Setup.state.BLE
04-09 09:32:09.852  3084  3084 I cast_shell: [3087:3087:INFO:robot_account_auth_manager.cc(525)] Got CAS response: 200
04-09 09:32:09.852  3084  3084 I cast_shell: [3087:3087:INFO:metrics_recorder.cc(282)] cast event: Cast.Assistant.AuthError.NOT_LINKED
04-09 09:32:09.852  3084  3084 I cast_shell: [3087:3087:INFO:robot_account_auth_manager.cc(776)] Current error: TOKEN_NOT_FETCHED, new error: NOT_LINKED
04-09 09:32:09.852  3084  3084 I cast_shell: [3087:3087:INFO:user_auth_impl.cc(207)] Notified all the observers of new auth tokens.
04-09 09:32:10.215  3084  3084 I cast_shell: [system_updater_dummy.cpp(139)] CheckUpdate 139
04-09 09:32:10.215  3084  3084 I cast_shell: [system_updater_dummy.cpp(148)] CheckUpdate 148 return
04-09 09:32:10.414  2974  2991 I otamanager: OTA:curl response code : 0	
04-09 09:32:10.414  2974  2991 I otamanager: http status code : 200
04-09 09:32:10.414  2974  2991 I otamanager: OTA: contentLen :187.000000
04-09 09:32:10.424  2974  2991 I otamanager: OTA: bytesDownloaded = 187 m_iHttpStatusCode = 200 
04-09 09:32:10.424  2690  2690 I sh      : }{
04-09 09:32:10.424  2690  2690 I sh      : 	"castVersion" : null,
04-09 09:32:10.424  2974  2991 E otamanager: OTA:error string =  No update available
04-09 09:32:10.424  2690  2690 I sh      : 	"crc" : null,
04-09 09:32:10.424  2690  2690 I sh      : 	"errorCode" : 1001,
04-09 09:32:10.424  2690  2690 I sh      : 	"errorString" : "No update available",
04-09 09:32:10.424  2690  2690 I sh      : 	"forceUpgrade" : true,
04-09 09:32:10.424  2690  2690 I sh      : 	"mcuOnlyUpdate" : false,
04-09 09:32:10.424  2690  2690 I sh      : 	"otapackage" : null,
04-09 09:32:10.424  2690  2690 I sh      : 	"url" : null,
04-09 09:32:10.424  2690  2690 I sh      : 	"version" : null
04-09 09:32:10.425  2974  2991 I otamanager: Firmware Update State Change from CheckUpdate to Idle
04-09 09:32:10.426  3084  3084 I cast_shell: [system_updater_dummy.cpp(132)] CheckUpdate 132 no new version
04-09 09:32:10.426  3084  3084 I cast_shell: [3087:3099:INFO:update_engine_client_with_system_updater.cc(226)] No system force update, error_code=0
04-09 09:32:10.426  3084  3084 I cast_shell: [3087:3128:INFO:setup_state.cc(261)] Setup state changed: SETUP_STATE_CONNECTED_WIFI_NOT_SAVED (61) -> SETUP_STATE_CONNECTED (60)
04-09 09:32:04.073  2730  2742 I chatty  : uid=0(root) /bin/net_mgr identical 2 lines
04-09 09:32:04.554  2730  2742 I NetworkMonitor: turn off power-save
04-09 09:32:10.430  2730  2742 I HotspotManager: hotspot stop
04-09 09:32:10.430  2730  2742 I HotspotManager: stop dnsmasq
04-09 09:32:10.431  3166  3166 I dnsmasq : exiting on receipt of SIGTERM
04-09 09:32:10.433  3084  3084 I cast_shell: [3087:3128:INFO:setup_manager_impl.cc(1019)] Setup discoverability is disabled
04-09 09:32:10.433  3084  3084 I cast_shell: [3087:3128:INFO:ble_setup_manager.cc(758)] Clearing setup read attributes
04-09 09:32:10.433  3084  3084 I cast_shell: [3087:3128:INFO:gatt_client_manager_impl.cc(202)] Enabling GATT client connectability
04-09 09:32:10.433  3084  3084 I cast_shell: [3087:3128:INFO:ble_setup_manager.cc(620)] Stopped Bluetooth service
04-09 09:32:10.433  3084  3084 I cast_shell: [3087:3128:INFO:ble_setup.cc(423)] BLE setup stopped.
04-09 09:32:10.438  3084  3084 I cast_shell: [3087:3087:INFO:cast_receiver_impl.cc(1100)] Leaving discovery-only mode
04-09 09:32:10.439  3084  3084 I cast_shell: [3087:3138:INFO:mdns_cast_service.cc(351)] Device discovery state is idle
04-09 09:32:10.439  3084  3084 I cast_shell: [3087:3087:INFO:ble_discovery_controller.cc(121)] Starting BLE discovery
04-09 09:32:10.439  3084  3084 I cast_shell: [3087:3138:INFO:mdns_util.cc(102)] Defaulting mDNS capabilities for audio-only build
04-09 09:32:10.441  2968  3162 I LibreCastControlDelegate: OnCastStatus() +++ Bedroom speaker 2:0xac851198:READY_TO_CAST
04-09 09:32:10.441  2968  3162 I LibreCastControlDelegate: Cast Device Name -> 'Bedroom speaker 2'
04-09 09:32:10.441  2968  3162 I librecast: OldFriendlyName '' & New name change By Cast 'Bedroom speaker 2' isfirstbootup 56 m_updatedonebyluci 95
04-09 09:32:10.441  2968  3162 I librecast:  Difference in FriendlyName notify all  
04-09 09:32:10.441  2968  3162 I LibreCastControl: LibreCastControl_SetCastName()  name 'Bedroom speaker 2' RequestId '6' pCastControl 0xf4d00728
04-09 09:32:10.442  2711  2711 I lucitransport: writeRemoteMessage() MID = 90 buffer = Bedroom speaker 2
04-09 09:32:10.450  2968  3162 I LibreCastControlDelegate: OnResponse() ReqeustID 6, error  0
04-09 09:32:10.451  2732  2762 I bluetoothtbd: [0408/210210.451525:INFO:adapter.cc(551)] Adapter properties changed
04-09 09:32:10.451  2732  2762 I bluetoothtbd: [0408/210210.451762:INFO:adapter.cc(573)] Adapter name changed
04-09 09:32:10.452  3084  3084 I cast_shell: [3087:3128:INFO:bluetooth_manager.cc(1232)] [PII] Set device name to 'Bedroom speaker 2'
04-09 09:32:10.454  3084  3084 I cast_shell: [3087:3087:INFO:device_info_impl.cc(1133)] SSDP Config ID is increased: id=6
04-09 09:32:10.455  3084  3084 I cast_shell: [3087:3138:INFO:mdns_util.cc(102)] Defaulting mDNS capabilities for audio-only build
04-09 09:32:10.455  3084  3084 I cast_shell: [3087:3087:INFO:ccs_manager_impl.cc(1842)] Postponing device name update while registering
04-09 09:32:10.456  3084  3084 I cast_shell: [3087:3087:INFO:mdns_manager_impl.cc(429)] Successfully updated service: type=_googlecast
04-09 09:32:10.456  3084  3084 I cast_shell: [3087:3087:INFO:virtual_device.cc(296)] Updated mDNS service for virtual device: id=e3f9106d-ef87-8737-8d3f-95aa22c18d5a
04-09 09:32:10.457  2968  3162 I LibreCastControlDelegate: OnCastStatus() +++ Bedroom speaker 2:0xac851198:READY_TO_CAST
04-09 09:32:10.459  2968  3162 I LibreCastControlDelegate: Cast Device Name -> 'Bedroom speaker 2'
04-09 09:32:10.459  2968  3162 I librecast: OldFriendlyName '' & New name change By Cast 'Bedroom speaker 2' isfirstbootup 56 m_updatedonebyluci 95
04-09 09:32:10.459  2968  3162 I librecast:  Difference in FriendlyName notify all  
04-09 09:32:10.459  2968  3162 I LibreCastControl: LibreCastControl_SetCastName()  name 'Bedroom speaker 2' RequestId '7' pCastControl 0xf4d00728
04-09 09:32:10.460  2711  2718 I lucitransport: writeRemoteMessage() MID = 90 buffer = Bedroom speaker 2
04-09 09:32:10.460  2711  2718 I luciUART: write() MID = 90  bytes = 27 data = Bedroom speaker 2 m_fd = 0x5
04-09 09:32:10.460  2711  2718 I lucitransport: writeLocalMessage() MID = 90 buffer = Bedroom speaker 2
04-09 09:32:10.460  2968  3162 I LibreCastControlDelegate: Device Build Number -> '1.52.272222'
04-09 09:32:10.461  2968  3162 I librecast: updateCastBuildVersion() Version 1.52.272222
04-09 09:32:10.461  2711  2718 I lucitransport: readRemoteMessage() MID char = 7 buffer = 1.52.272222
04-09 09:32:10.464  2732  2762 I bluetoothtbd: [0408/210210.464527:INFO:adapter.cc(551)] Adapter properties changed
04-09 09:32:10.467  3084  3084 I cast_shell: [3087:3087:INFO:device_info_impl.cc(1133)] SSDP Config ID is increased: id=7
04-09 09:32:10.469  3084  3084 I cast_shell: [3087:3128:INFO:bluetooth_manager.cc(1232)] [PII] Set device name to 'Bedroom speaker 2'
04-09 09:32:10.469  3084  3084 I cast_shell: [3087:3138:INFO:mdns_util.cc(102)] Defaulting mDNS capabilities for audio-only build
04-09 09:32:10.469  3084  3084 I cast_shell: [3087:3087:INFO:ccs_manager_impl.cc(1842)] Postponing device name update while registering
04-09 09:32:10.470  2968  3162 I LibreCastControlDelegate: OnCastStatus() +++ Bedroom speaker 2:0xac851198:READY_TO_CAST
04-09 09:32:10.471  3084  3084 I cast_shell: [3087:3087:INFO:mdns_manager_impl.cc(429)] Successfully updated service: type=_googlecast
04-09 09:32:10.471  3084  3084 I cast_shell: [3087:3087:INFO:virtual_device.cc(296)] Updated mDNS service for virtual device: id=e3f9106d-ef87-8737-8d3f-95aa22c18d5a
04-09 09:32:10.471  2968  3162 I LibreCastControlDelegate: Cast Device Name -> 'Bedroom speaker 2'
04-09 09:32:10.471  2968  3162 I librecast: OldFriendlyName '' & New name change By Cast 'Bedroom speaker 2' isfirstbootup 56 m_updatedonebyluci 95
04-09 09:32:10.471  2968  3162 I librecast:  Difference in FriendlyName notify all  
04-09 09:32:10.471  2968  3162 I LibreCastControl: LibreCastControl_SetCastName()  name 'Bedroom speaker 2' RequestId '8' pCastControl 0xf4d00728
04-09 09:32:10.485  3084  3084 I cast_shell: [3087:3087:INFO:device_info_impl.cc(1133)] SSDP Config ID is increased: id=8
04-09 09:32:10.485  3084  3084 I cast_shell: [3087:3087:INFO:ccs_manager_impl.cc(1842)] Postponing device name update while registering
04-09 09:32:10.487  2968  3162 I LibreCastControlDelegate: OnResponse() ReqeustID 8, error  0
04-09 09:32:10.487  2690  2690 I sh      : MessageBoxAlert() MID 90 
04-09 09:32:10.487  2690  2690 I sh      : MessageBoxChanged() MID '90'
04-09 09:32:10.487  3084  3084 I cast_shell: [3087:3138:INFO:mdns_util.cc(102)] Defaulting mDNS capabilities for audio-only build
04-09 09:32:10.488  2968  3012 I librecast: MessageBoxAlert() Msg = 90 remoteID = 16 
04-09 09:32:10.488  2711  2720 I lucitransport: readRemoteMessage() MID char = 90 buffer = Bedroom speaker 2
04-09 09:32:10.488  2968  3012 I LibreCastControl: LibreCastControl_SetCastName()  name 'Bedroom speaker 2' RequestId '9' pCastControl 0xf4d00728
04-09 09:32:10.491  2971  2984 E Spotify-Player: Change Spotify Device name
04-09 09:32:10.492  2711  2720 E LUCI_SERVER: Luci Server Thread wait over MID 90....
04-09 09:32:10.493  2732  2762 I bluetoothtbd: [0408/210210.493530:INFO:adapter.cc(551)] Adapter properties changed
04-09 09:32:10.493  2732  2762 I bluetoothtbd: [0408/210210.493669:INFO:adapter.cc(573)] Adapter name changed
04-09 09:32:10.493  3084  3084 I cast_shell: [3087:3087:INFO:mdns_manager_impl.cc(429)] Successfully updated service: type=_googlecast
04-09 09:32:10.493  3084  3084 I cast_shell: [3087:3087:INFO:virtual_device.cc(296)] Updated mDNS service for virtual device: id=e3f9106d-ef87-8737-8d3f-95aa22c18d5a
04-09 09:32:10.494  2968  3162 I LibreCastControlDelegate: OnCastStatus() +++ Bedroom speaker 2:0xac851198:READY_TO_CAST
04-09 09:32:10.495  3084  3084 I cast_shell: [3087:3128:INFO:bluetooth_manager.cc(1232)] [PII] Set device name to 'Bedroom speaker 2'
04-09 09:32:10.496  3084  3084 I cast_shell: [3087:3087:INFO:ccs_manager_impl.cc(1842)] Postponing device name update while registering
04-09 09:32:10.498  2711  2711 I lucitransport: readRemoteMessage() MID char = 7 buffer = 1.52.272222
04-09 09:32:10.500  3084  3084 I cast_shell: [3087:3087:INFO:device_info_impl.cc(1133)] SSDP Config ID is increased: id=9
04-09 09:32:10.500  3084  3084 I cast_shell: [3087:3087:INFO:mdns_manager_impl.cc(429)] Successfully updated service: type=_googlecast
04-09 09:32:10.500  3084  3084 I cast_shell: [3087:3087:INFO:virtual_device.cc(296)] Updated mDNS service for virtual device: id=e3f9106d-ef87-8737-8d3f-95aa22c18d5a
04-09 09:32:10.502  2732  2762 I bluetoothtbd: [0408/210210.501996:INFO:adapter.cc(551)] Adapter properties changed
04-09 09:32:10.502  2732  2762 I bluetoothtbd: [0408/210210.502133:INFO:adapter.cc(573)] Adapter name changed
04-09 09:32:10.502  2968  3162 I LibreCastControlDelegate: OnResponse() ReqeustID 9, error  0
04-09 09:32:10.508  3084  3084 I cast_shell: [3087:3128:INFO:bluetooth_manager.cc(1232)] [PII] Set device name to 'Bedroom speaker 2'
04-09 09:32:10.508  2971  2985 I SPOTIFY : ConnectionNotify event(0-Login, 1-Logout, rest Error) = 6 
04-09 09:32:10.508  2971  2985 E SPOTIFY : Device Name change new name = Bedroom speaker 2
04-09 09:32:10.508  2971  2985 E SPOTIFY : err = 0 
04-09 09:32:10.510  2968  3162 I LibreCastControlDelegate: OnCastStatus() +++ Bedroom speaker 2:0xac851198:READY_TO_CAST
04-09 09:32:10.511  2968  3162 I LibreCastControlDelegate: Cast Device Name -> 'Bedroom speaker 2'
04-09 09:32:10.511  2968  3162 I librecast: OldFriendlyName 'Bedroom speaker 2' & New name change By Cast 'Bedroom speaker 2' isfirstbootup 56 m_updatedonebyluci 0
04-09 09:32:10.511  2968  3162 I LibreCastControlDelegate: Device Build Number -> '1.52.272222'
04-09 09:32:10.511  2968  3162 I librecast: updateCastBuildVersion() Version 1.52.272222
04-09 09:32:10.511  2711  2718 I lucitransport: readRemoteMessage() MID char = 7 buffer = 1.52.272222
04-09 09:32:10.512  2968  3162 I LibreCastControlDelegate: Active Applications -> 0
04-09 09:32:10.512  2968  3162 I LibreCastControlDelegate: Current Cast State '6' -> 'READY_TO_CAST'
04-09 09:32:10.512  2968  3162 I LibreCastControlDelegate: OnCastStatus() ---
04-09 09:32:10.530  2690  2690 I sh      : MessageBoxAlert() MID 90 
04-09 09:32:10.530  2690  2690 I sh      : MessageBoxChanged() MID '90'
04-09 09:32:10.530  2968  3012 I librecast: MessageBoxAlert() Msg = 90 remoteID = 16 
04-09 09:32:10.530  2711  2720 I lucitransport: readRemoteMessage() MID char = 90 buffer = Bedroom speaker 2
04-09 09:32:10.531  2967  2977 D wac-main: Netlink event
04-09 09:32:10.531  2967  2977 E wac-main: Netlink event 21 Interface Index 6 
04-09 09:32:10.531  2967  2977 E wac-main: Enter poll and wait
04-09 09:32:10.532  2710  2722 I yani_kernel: yani_geteventfrom_changeaddr() Message-Id '1' Netlink event '21' Interface Index '6' -> Name 'p2p0' 
04-09 09:32:10.534  2786  2786 I dnsmasq : reading /etc/resolv.conf
04-09 09:32:10.534  2786  2786 I dnsmasq : using nameserver 8.8.4.4#53
04-09 09:32:10.534  2786  2786 I dnsmasq : using nameserver 192.168.1.1#53
04-09 09:32:10.537  2970  3013 I airplayluci: MessageBoxAlert: MID 90
04-09 09:32:10.537  2730  2742 I HotspotManager: stop hostapd
04-09 09:32:10.539  2710  2722 I yani_server: NetLink Event '5' Interface-Index '6' WLAN '-1' Ethernet '-1' Parsed-iFill '5' -> 'P2P0 DISCONNECTED' ifIndex '2' -> 'tunl0'
04-09 09:32:10.539  2710  2722 E yani_server: YANI: I am Done Wait For Event 
04-09 09:32:10.539  2710  2814 I yani_server: onNetworkParametersChanged() WAC Mode '0'  Index '2' Interface 'p2p0' Status '0'
04-09 09:32:10.540  2727  2738 I MB_HANDLER: YaniAlert() Interface '3' Status '0'
04-09 09:32:10.540  2711  2711 I lucitransport: writeRemoteMessage() MID = 124 buffer = 1#1,1#2,0#3,0#4,0
04-09 09:32:10.540  2711  2711 I luciUART: write() MID = 124  bytes = 27 data = 1#1,1#2,0#3,0#4,0 m_fd = 0x5
04-09 09:32:10.541  2728  2728 E AirableUIHelper: AirableUIHelper::YaniAlert  3 0 
04-09 09:32:10.541  2974  2987 I otamanager: YaniAlert() Interface 3 Status Down
04-09 09:32:10.551  2971  2985 E SPOTIFY : Device Name change new name = Bedroom speaker 2
04-09 09:32:10.551  2971  2985 E SPOTIFY : err = 0 
04-09 09:32:10.551  2711  2720 E LUCI_SERVER: Luci Server Thread wait over MID 90....
04-09 09:32:10.551  2968  3162 I LibreCastControlDelegate: OnResponse() ReqeustID 10, error  0
04-09 09:32:10.552  3084  3084 I cast_shell: [3087:3087:INFO:device_info_impl.cc(1133)] SSDP Config ID is increased: id=10
04-09 09:32:10.552  3084  3084 I cast_shell: [3087:3138:INFO:mdns_util.cc(102)] Defaulting mDNS capabilities for audio-only build
04-09 09:32:10.552  2711  2719 E luciUART: UART:aa
04-09 09:32:10.552  2711  2719 E luciUART: UART:aa
04-09 09:32:10.552  2711  2719 E luciUART: UART:2
04-09 09:32:10.552  2711  2719 E luciUART: UART:0
04-09 09:32:10.555  3084  3084 I cast_shell: [3087:3087:INFO:ccs_manager_impl.cc(1842)] Postponing device name update while registering
04-09 09:32:10.555  3084  3084 I cast_shell: [3087:3087:INFO:mdns_manager_impl.cc(429)] Successfully updated service: type=_googlecast
04-09 09:32:10.555  3084  3084 I cast_shell: [3087:3087:INFO:virtual_device.cc(296)] Updated mDNS service for virtual device: id=e3f9106d-ef87-8737-8d3f-95aa22c18d5a
04-09 09:32:10.556  2968  3162 I LibreCastControlDelegate: OnCastStatus() +++ Bedroom speaker 2:0xac851198:READY_TO_CAST
04-09 09:32:10.558  2968  3162 I LibreCastControlDelegate: Cast Device Name -> 'Bedroom speaker 2'
04-09 09:32:10.559  2968  3162 I librecast: OldFriendlyName 'Bedroom speaker 2' & New name change By Cast 'Bedroom speaker 2' isfirstbootup 56 m_updatedonebyluci 0
04-09 09:32:10.559  2968  3162 I LibreCastControlDelegate: Device Build Number -> '1.52.272222'
04-09 09:32:10.559  2968  3162 I librecast: updateCastBuildVersion() Version 1.52.272222
04-09 09:32:10.559  2711  2711 I lucitransport: readRemoteMessage() MID char = 7 buffer = 1.52.272222
04-09 09:32:10.559  2968  3162 I LibreCastControlDelegate: Active Applications -> 0
04-09 09:32:10.559  2968  3162 I LibreCastControlDelegate: Current Cast State '6' -> 'READY_TO_CAST'
04-09 09:32:10.559  2968  3162 I LibreCastControlDelegate: OnCastStatus() ---
04-09 09:32:10.578  2967  2977 D wac-main: Netlink event
04-09 09:32:10.579  2967  2977 E wac-main: Netlink event 16 Interface Index 6 
04-09 09:32:10.579  2967  2977 E wac-main: p2p0 event Link Changed : 1003 
04-09 09:32:10.579  2967  2977 E wac-main: p2p0 Changed down
04-09 09:32:10.579  2967  2977 E wac-main: wlan0 IP : 192.168.1.145
04-09 09:32:10.579  2710  2722 I yani_kernel: yani_geteventfrom_changeaddr() Message-Id '1' Netlink event '16' Interface Index '6' -> Name 'p2p0' 
04-09 09:32:10.582  2967  2977 E wac-main: Enter poll and wait
04-09 09:32:10.590  2690  2690 I sh      : MessageBoxAlert() MID 90 
04-09 09:32:10.590  2690  2690 I sh      : MessageBoxChanged() MID '90'
04-09 09:32:10.591  2968  3012 I librecast: MessageBoxAlert() Msg = 90 remoteID = 16 
04-09 09:32:10.591  2711  2720 I lucitransport: readRemoteMessage() MID char = 90 buffer = Bedroom speaker 2
04-09 09:32:10.591  2968  3012 I LibreCastControl: LibreCastControl_SetCastName()  name 'Bedroom speaker 2' RequestId '11' pCastControl 0xf4d00728
04-09 09:32:10.591  2968  3012 E librecast: MessageBoxAlert() friendlyname Bedroom speaker 2
04-09 09:32:10.591  2968  3012 I LibreCastControl: MessageBoxAlert() messageBoxID 90
04-09 09:32:10.592  2970  3013 I airplayluci: MessageBoxAlert: MID 90
04-09 09:32:10.592  2971  2984 E Spotify-Player: Change Spotify Device name
04-09 09:32:10.593  2968  3162 I LibreCastControlDelegate: OnResponse() ReqeustID 11, error  0
04-09 09:32:10.597  2711  2720 I luciUART: write() MID = 208  bytes = 30 data = ssid:Linksys16717_2G m_fd = 0x5
04-09 09:32:10.605  3084  3084 I cast_shell: [3087:3087:INFO:ccs_manager_impl.cc(1842)] Postponing device name update while registering
04-09 09:32:10.606  3084  3084 I cast_shell: [3087:3138:INFO:mdns_util.cc(102)] Defaulting mDNS capabilities for audio-only build
04-09 09:32:10.606  3084  3084 I cast_shell: [3087:3128:INFO:metrics_recorder.cc(282)] Record action: Setup.state.BLE
04-09 09:32:10.607  2968  3162 I LibreCastControlDelegate: OnCastStatus() +++ Bedroom speaker 2:0xac851198:READY_TO_CAST
04-09 09:32:10.608  3084  3084 I cast_shell: [3087:3087:INFO:mdns_manager_impl.cc(429)] Successfully updated service: type=_googlecast
04-09 09:32:10.608  3084  3084 I cast_shell: [3087:3087:INFO:virtual_device.cc(296)] Updated mDNS service for virtual device: id=e3f9106d-ef87-8737-8d3f-95aa22c18d5a
04-09 09:32:10.609  2968  3162 I LibreCastControlDelegate: Cast Device Name -> 'Bedroom speaker 2'
04-09 09:32:10.609  2968  3162 I librecast: OldFriendlyName 'Bedroom speaker 2' & New name change By Cast 'Bedroom speaker 2' isfirstbootup 56 m_updatedonebyluci 0
04-09 09:32:10.609  2968  3162 I LibreCastControlDelegate: Device Build Number -> '1.52.272222'
04-09 09:32:10.609  2968  3162 I librecast: updateCastBuildVersion() Version 1.52.272222
04-09 09:32:10.609  2711  2711 I lucitransport: readRemoteMessage() MID char = 7 buffer = 1.52.272222
04-09 09:32:10.609  2968  3162 I LibreCastControlDelegate: Active Applications -> 0
04-09 09:32:10.609  2968  3162 I LibreCastControlDelegate: Current Cast State '6' -> 'READY_TO_CAST'
04-09 09:32:10.609  2968  3162 I LibreCastControlDelegate: OnCastStatus() ---
04-09 09:32:10.638  2730  2742 E WifiUtil: Setting interface p2p0 down.
04-09 09:32:10.639  2967  2977 D wac-main: Netlink event
04-09 09:32:10.639  2967  2977 E wac-main: Netlink event 16 Interface Index 6 
04-09 09:32:10.639  2967  2977 E wac-main: p2p0 event Link Changed : 1002 
04-09 09:32:10.639  2967  2977 E wac-main: Enter poll and wait
04-09 09:32:10.639  2710  2722 I yani_kernel: yani_geteventfrom_changeaddr() Message-Id '1' Netlink event '16' Interface Index '6' -> Name 'p2p0' 
04-09 09:32:10.988  3084  3084 I cast_shell: [3087:3128:INFO:ble_setup.cc(789)] Missing required info for sign.
04-09 09:32:10.991  3084  3084 I cast_shell: [3087:3128:INFO:gatt_client_manager_impl.cc(202)] Enabling GATT client connectability
04-09 09:32:10.992  3084  3084 I cast_shell: [3087:3128:INFO:ble_setup.cc(915)] Sign related info completed, no future EurekaInfo need sign.
04-09 09:32:11.668  2732  2812 W bt_btif : bta_gattc_conn_cback() - cif=3 connected=0 conn_id=3 reason=0x0013
04-09 09:32:11.668  2732  2812 W bt_btif : bta_gattc_conn_cback() - cif=4 connected=0 conn_id=4 reason=0x0013
04-09 09:32:11.668  2732  2812 W bt_btif : bta_gattc_conn_cback() - cif=6 connected=0 conn_id=6 reason=0x0013
04-09 09:32:11.669  2732  2812 I bt_btm_sec: btm_sec_disconnected clearing pending flag handle:128 reason:19
04-09 09:32:11.670  3084  3084 I cast_shell: [3087:3128:ERROR:bluetooth_v1_via_v2.cc(796)] Connection state changed. :1a false
04-09 09:32:11.670  2732  2762 W bt_btif : btif_av_move_idle: ACL Disconnected state 0 bd_addr=74:1f:f4:22:53:1a peer_bda=00:00:00:00:00:00
04-09 09:32:11.670  2732  2762 I bluetoothtbd: [0408/210211.670387:INFO:adapter.cc(719)] ACL state changed: 74:1F:F4:22:53:1A - connected: false
04-09 09:32:11.720  3084  3084 I cast_shell: [3087:3139:INFO:metrics_recorder.cc(282)] Cast v2 action(socket_id=e3f9106d-ef87-8737-8d3f-95aa22c18d5a.2): CastV2.Connection.Connect.In
04-09 09:32:11.727  3084  3084 I cast_shell: [3087:3087:INFO:cast_system_memory_pressure_evaluator.cc(179)] ConfigRelaxMemoryPressureThresholds, 0.1, 0.2
04-09 09:32:11.729  3084  3084 I cast_shell: [3482:3482:INFO:cast_content_renderer_client_internal.cc(83)] Render process started.
04-09 09:32:11.733  3084  3084 I cast_shell: [3087:3087:INFO:application_manager_impl.cc(1417)] Starting background app: CC1AD845 (Default Media Receiver), session_id=65d79529-0e6b-47ff-8dbc-483783a77c01
04-09 09:32:11.734  3084  3084 I cast_shell: [3087:3087:INFO:cast_media_blocker.cc(43)] UpdatePlayingState media_loading_blocked=1 media_starting_blocked=0 suspended=1 controllable=0 paused_by_user=1
04-09 09:32:11.734  3084  3084 I cast_shell: [3087:3087:INFO:application_message_handler.cc(1747)] Scheduling IpcTimerCheck
04-09 09:32:11.734  3084  3084 I cast_shell: [3087:3087:INFO:application_manager_impl.cc(1565)] App starting: CC1AD845 (Default Media Receiver), session_id=65d79529-0e6b-47ff-8dbc-483783a77c01
04-09 09:32:11.734  3084  3084 I cast_shell: [3087:3138:INFO:mdns_util.cc(102)] Defaulting mDNS capabilities for audio-only build
04-09 09:32:11.735  3084  3084 I cast_shell: [3087:3087:INFO:application_identification_settings.cc(410)] new ApplicationIdentificationSettings session_id: 65d79529-0e6b-47ff-8dbc-483783a77c01 app_id: CC1AD845 flags: 0 headers: 0
04-09 09:32:11.737  3084  3084 I cast_shell: [3087:3139:INFO:v2_transport.cc(458)] Added Cast V2 endpoint: id=65d79529-0e6b-47ff-8dbc-483783a77c01, socket_factory_id=[PII](e3f9106d-ef87-8737-8d3f-95aa22c18d5a)
04-09 09:32:11.737  3084  3084 I cast_shell: [3087:3087:INFO:cast_media_blocker.cc(81)] MediaSessionInfoChanged media_loading_blocked=1 media_starting_blocked=0 is_suspended=1 is_controllable=0 paused_by_user=1
04-09 09:32:11.738  3084  3084 I cast_shell: [3087:3128:INFO:setup_namespace_handler.cc(94)] Added a peer for setup namespace: e3f9106d-ef87-8737-8d3f-95aa22c18d5a.2:gms_cast_prober-1
04-09 09:32:11.738  3084  3084 I cast_shell: [3087:3128:INFO:setup_state.cc(544)] EurekaInfoCalled: wifi_state=10, is_usable_ip_address=1, connected=1, is_initial_setup=0
04-09 09:32:11.745  3084  3084 I cast_shell: [3087:3087:INFO:web_application.cc(817)] [65d79529] Supported bitstream audio codecs info: [codecs]None[spatial_rendering]None
04-09 09:32:11.745  3084  3084 I cast_shell: [3087:3087:INFO:cast_web_contents_impl.cc(242)] Load url: https://www.gstatic.com/cast/sdk/default_receiver/dogfood/app.html?skin=https://www.gstatic.com/eureka/player/0000/skins/cast/skin.css
04-09 09:32:11.747  3084  3084 I cast_shell: [3087:3087:INFO:cast_content_browser_client_internal.cc(975)] Disabling images support for application: CC1AD845
04-09 09:32:11.760  3084  3084 I cast_shell: [3087:3087:INFO:web_application.cc(991)] [65d79529] Page state changed: app=CC1AD845 page_state=LOADING
04-09 09:32:11.765  3084  3084 I cast_shell: [3087:3087:INFO:web_application.cc(585)] [65d79529] Updating app visibility to hidden for background mode.
04-09 09:32:11.766  3084  3084 I cast_shell: [3087:3087:INFO:application_manager_impl.cc(1579)] App pending: CC1AD845 (Default Media Receiver), session_id=65d79529-0e6b-47ff-8dbc-483783a77c01
04-09 09:32:11.766  3084  3084 I cast_shell: [3087:3138:INFO:mdns_util.cc(102)] Defaulting mDNS capabilities for audio-only build
04-09 09:32:11.770  3084  3084 I cast_shell: [3087:3087:INFO:mdns_util.cc(102)] Defaulting mDNS capabilities for audio-only build
04-09 09:32:11.770  3084  3084 I cast_shell: [3087:3087:INFO:mdns_util.cc(102)] Defaulting mDNS capabilities for audio-only build
04-09 09:32:11.778  3084  3084 I cast_shell: [3087:3128:INFO:setup_namespace_handler.cc(104)] Removed a peer for setup namespace: e3f9106d-ef87-8737-8d3f-95aa22c18d5a.2:gms_cast_prober-1
04-09 09:32:11.778  3084  3084 I cast_shell: [3087:3139:INFO:v2_ssl_socket.cc(358)] Stop reading on pending closed socket
04-09 09:32:11.779  3084  3084 I cast_shell: [3087:3087:INFO:cast_renderer_oom_adj_manager.cc(82)] Registering renderer 3482
04-09 09:32:11.779  3084  3084 I cast_shell: [3087:3099:INFO:cast_renderer_oom_adj_manager.cc(90)] Adjusting OOM score for renderer(3482) to 400
04-09 09:32:11.779  3084  3084 I cast_shell: [3087:3099:WARNING:cast_renderer_oom_adj_manager.cc(92)] OOM score adjustment failed for renderer(3482)
04-09 09:32:11.801  3084  3084 I cast_shell: [3482:3482:INFO:media_playback_options.cc(70)] Render frame actions are blocked.
04-09 09:32:11.833  3084  3084 I cast_shell: [3482:3482:INFO:media_playback_options.cc(70)] Render frame actions are blocked.
04-09 09:32:11.833  3084  3084 I cast_shell: [3482:3482:INFO:media_caps.cc(24)] ScreenResolutionChanged resolution=0x0
04-09 09:32:11.835  3084  3084 I cast_shell: [3482:3482:INFO:media_caps.cc(54)] ScreenInfoChanged HDCP version=0 Supported EOTFs=0 DolbyVision flags=0 Screen size(mm): 0x0 cur mode HDR=0 cur mode DV=0
04-09 09:32:12.451  3084  3084 I cast_shell: [3087:3138:INFO:mdns_app_filter.cc(1526)] MdnsAppFilter: Done announcing.
04-09 09:32:12.493  2970  3496 I airplay_v2_0_6: 2022-04-09 09:32:12.493078 [AirPlayDemo] AirPlayDemoServerCopyProperty Password is <<NULL>>
04-09 09:32:12.495  2711  2711 I lucitransport: readRemoteMessage() MID char = 90 buffer = Bedroom speaker 2
04-09 09:32:12.498  2970  3454 I airplay_v2_0_6: 2022-04-09 09:32:12.497948 [AirPlay] Registering Bonjour _airplay._tcp. port 7000
04-09 09:32:12.501  2970  3496 I airplay_v2_0_6: 2022-04-09 09:32:12.501849 [AirPlayDemo] AirPlayDemoServerCopyProperty Password is <<NULL>>
04-09 09:32:12.506  2970  3496 I airplay_v2_0_6: 2022-04-09 09:32:12.506608 [AirPlayDemo] AirPlayDemoServerCopyProperty Password is <<NULL>>
04-09 09:32:12.507  2711  2711 I lucitransport: readRemoteMessage() MID char = 90 buffer = Bedroom speaker 2
04-09 09:32:12.508  2970  3454 I airplay_v2_0_6: 2022-04-09 09:32:12.508618 [AirPlay] Registering Bonjour CC909321F384@Bedroom speaker 2._raop._tcp. port 7000
04-09 09:32:12.515  3084  3084 I cast_shell: [3482:3482:INFO:cast_content_client.cc(103)] Active URL: https://www.gstatic.com/cast/sdk/default_receiver/dogfood/app.html?skin=https://www.gstatic.com/eureka/player/0000/skins/cast/skin.css&google_cast_bg=true for origin 'null'
04-09 09:32:12.527  3084  3084 I cast_shell: [3087:3087:INFO:cast_content_client.cc(103)] Active URL: https://www.gstatic.com/cast/sdk/default_receiver/dogfood/app.html?skin=https://www.gstatic.com/eureka/player/0000/skins/cast/skin.css&google_cast_bg=true for origin 'null [internally: (B9265C987394475EBE7C19ABDCA8D1E4) anonymous]'
04-09 09:32:12.532  3084  3084 I cast_shell: [3087:3428:INFO:process_memory_recorder_utils.cc(43)] CC1AD845 using 40080kB memory
04-09 09:32:12.551  3084  3084 I cast_shell: [3482:3482:INFO:feature_manager.cc(174)] Enabling bindings: 
04-09 09:32:12.575  3084  3084 I cast_shell: [3482:3482:INFO:feature_manager.cc(174)] Enabling bindings: 
04-09 09:32:13.333  3084  3084 I cast_shell: [3087:3087:INFO:grpc_manager_impl.cc(505)] GRPC[uri=[::]:0]: num_pending_calls=0, num_active_handlers=0, num_free_handlers=0
04-09 09:32:13.333  3084  3084 I cast_shell: [3087:3087:INFO:grpc_manager_impl.cc(505)] GRPC[uri=]: num_pending_calls=0, num_active_handlers=0, num_free_handlers=0
04-09 09:32:13.395  3084  3084 I cast_shell: [3087:3087:INFO:grpc_manager_impl.cc(505)] GRPC[uri=unix:/tmp/hcp_ipc_auth.socket]: num_pending_calls=0, num_active_handlers=10, num_free_handlers=0
04-09 09:32:13.400  3084  3084 I cast_shell: [3087:3087:INFO:grpc_manager_impl.cc(505)] GRPC[uri=unix:/tmp/modular_updater/modular_update_service]: num_pending_calls=0, num_active_handlers=0, num_free_handlers=0
04-09 09:32:13.423  3084  3084 I cast_shell: [3087:3087:INFO:metrics_recorder.cc(112)] Metrics stat: total=26
04-09 09:32:13.423  3084  3084 I cast_shell: Cast.Assistant.Auth.FetchToken=1
04-09 09:32:13.423  3084  3084 I cast_shell: Cast.Assistant.AuthError.NOT_LINKED=1
04-09 09:32:13.423  3084  3084 I cast_shell: Cast.Auth.OK=1
04-09 09:32:13.423  3084  3084 I cast_shell: Cast.CRL.DownloadSuccess=1
04-09 09:32:13.423  3084  3084 I cast_shell: Cast.DCS.DownloadSuccess=1
04-09 09:32:13.423  3084  3084 I cast_shell: Cast.Discovery.Ble.Enabled=1
04-09 09:32:13.423  3084  3084 I cast_shell: Cast.Discovery.Mdns.ResponderStarted=1
04-09 09:32:13.423  3084  3084 I cast_shell: Cast.Discovery.Mdns.ResponderStopped=1
04-09 09:32:13.423  3084  3084 I cast_shell: Cast.Discovery.Mdns.SocketCreated=3
04-09 09:32:13.423  3084  3084 I cast_shell: Cast.Discovery.Mdns.SocketDestroyed=2
04-09 09:32:13.445  3084  3084 I cast_shell: [3087:3087:INFO:CONSOLE(116)] Cast App (CC1AD845): " [  0.001s] [cast.receiver.IpcChannel] Opening platform websocket ", source: https://www.gstatic.com/cast/sdk/libs/caf_receiver/v3/cast_receiver_framework.js (116)
04-09 09:32:13.456  3084  3084 I cast_shell: [3482:3482:INFO:media_source_impl.cc(363)] isTypeSupported("video/mp4;codecs=hev1.2.4.L153.B0") -> false (not supported by HTMLMediaElement)
04-09 09:32:13.457  3084  3084 I cast_shell: [3482:3482:INFO:media_source_impl.cc(363)] isTypeSupported("video/mp4;codecs=dvhe.04.06") -> false (not supported by HTMLMediaElement)
04-09 09:32:13.458  3084  3084 I cast_shell: [3087:3087:INFO:CONSOLE(1162)] Cast App (CC1AD845): "canDisplayType(video/mp4; codecs=hev1.2.4.L153.B0; eotf=smpte2084): Codec not supported.", source:  (1162)
04-09 09:32:13.458  3084  3084 I cast_shell: [3087:3087:INFO:CONSOLE(1162)] Cast App (CC1AD845): "canDisplayType(video/mp4; codecs=dvhe.04.06): Codec not supported.", source:  (1162)
04-09 09:32:13.459  3084  3084 I cast_shell: [3482:3482:INFO:media_source_impl.cc(363)] isTypeSupported("audio/mp4;codecs=ec-3") -> false (not supported by HTMLMediaElement)
04-09 09:32:13.460  3084  3084 I cast_shell: [3087:3087:INFO:CONSOLE(1162)] Cast App (CC1AD845): "canDisplayType(audio/mp4; codecs=ec-3; spatialRendering=true): Codec not supported.", source:  (1162)
04-09 09:32:13.470  3084  3084 I cast_shell: [3482:0xaf97bbc8]     1715 ms: Scavenge 1.8 (1.9) -> 1.6 (2.4) MB, 5.0 / 0.1 ms  (average mu = 1.000, current mu = 1.000) allocation failure 
04-09 09:32:13.477  3084  3084 I cast_shell: [3087:3087:INFO:CONSOLE(739)] Cast App (CC1AD845): "Lit is in dev mode. Not recommended for production! See https://lit.dev/msg/dev-mode for more information.", source: https://www.gstatic.com/cast/sdk/libs/caf_receiver/v3/cast_receiver_framework.js (739)
04-09 09:32:13.484  3084  3084 I cast_shell: [3087:3087:INFO:CONSOLE(36)] Cast App (CC1AD845): "Unknown queryable value: log-level-cast-receiver", source:  (36)
04-09 09:32:13.600  3084  3084 I cast_shell: [3087:3087:INFO:grpc_manager_impl.cc(505)] GRPC[uri=[::]:8012]: num_pending_calls=0, num_active_handlers=1, num_free_handlers=0
04-09 09:32:13.603  3084  3084 I cast_shell: [3087:3087:INFO:CONSOLE(836)] Cast App (CC1AD845): "CAST SDK CAF Version: 3.0.0103", source: https://www.gstatic.com/cast/sdk/libs/caf_receiver/v3/cast_receiver_framework.js (836)
04-09 09:32:13.623  3084  3084 I cast_shell: [3482:0xaf97bbc8]     1868 ms: Scavenge 2.3 (2.9) -> 2.1 (3.1) MB, 6.1 / 0.0 ms  (average mu = 1.000, current mu = 1.000) allocation failure 
04-09 09:32:13.647  3084  3084 I cast_shell: [3482:3482:INFO:html_media_element.cc(538)] HTMLMediaElement(0x33b22f30)
04-09 09:32:13.700  3084  3084 I cast_shell: [3482:3482:INFO:identification_settings_manager.cc(68)] CSS URL detected and replaced with empty text URI.
04-09 09:32:13.700  3084  3084 I cast_shell: [3482:3482:INFO:identification_settings_manager.cc(169)] WillStartResourceRequest: replacement URL found
04-09 09:32:13.966  3084  3084 I cast_shell: [3087:3139:INFO:metrics_recorder.cc(282)] Cast v2 action(socket_id=e3f9106d-ef87-8737-8d3f-95aa22c18d5a.3): CastV2.Connection.Connect.In
04-09 09:32:13.982  3084  3084 I cast_shell: [3087:3128:INFO:setup_namespace_handler.cc(94)] Added a peer for setup namespace: e3f9106d-ef87-8737-8d3f-95aa22c18d5a.3:gms_cast_prober-1
04-09 09:32:13.983  3084  3084 I cast_shell: [3087:3128:INFO:setup_state.cc(544)] EurekaInfoCalled: wifi_state=10, is_usable_ip_address=1, connected=1, is_initial_setup=0
04-09 09:32:13.998  3084  3084 I cast_shell: [3087:3087:INFO:mdns_util.cc(102)] Defaulting mDNS capabilities for audio-only build
04-09 09:32:13.998  3084  3084 I cast_shell: [3087:3087:INFO:mdns_util.cc(102)] Defaulting mDNS capabilities for audio-only build
04-09 09:32:14.104  3084  3084 I cast_shell: [3087:3087:INFO:metrics_recorder.cc(282)] cast event: Cloud.Transport.Https.Register.Out.Success
04-09 09:32:14.104  3084  3084 I cast_shell: [3087:3087:WARNING:ccs_transport_util.cc(409)] Auth info absent from the config reply from CCS.
04-09 09:32:14.104  3084  3084 I cast_shell: [3087:3087:WARNING:ccs_transport_util.cc(313)] Missing SensingSettings in the CCS config.
04-09 09:32:14.104  3084  3084 I cast_shell: [3087:3087:INFO:metrics_recorder.cc(282)] cast event: Cloud.Transport.Https.Config.In
04-09 09:32:14.104  3084  3084 I cast_shell: [3087:3087:INFO:ccs_manager_impl.cc(1150)] Handling CONFIG message from CCS.
04-09 09:32:14.104  3084  3084 I cast_shell: [3087:3087:INFO:ccs_manager_impl.cc(1151)] [PII] device_id=4EFE30C2EF58AB67F089BBB3E16AEDA3
04-09 09:32:14.104  3084  3084 I cast_shell: [3087:3087:INFO:metrics_recorder.cc(282)] Record action: Cloud.Transport.Https.LinkedStatus.NotLinked
04-09 09:32:14.104  3084  3084 I cast_shell: [3087:3087:INFO:structure_info_from_home_graph.cc(53)] received config from home graph. Will use it: 1
04-09 09:32:14.104  3084  3084 I cast_shell: [3087:3087:INFO:structure_info_from_home_graph.cc(59)] Num devices in the structure: 0
04-09 09:32:14.104  3084  3084 I cast_shell: [3087:3087:INFO:ccs_heartbeat_listener.cc(56)] Setting heartbeat interval from CCS: 120000ms
04-09 09:32:14.104  3084  3084 I cast_shell: [3087:3095:INFO:heartbeat_manager.cc(306)] Set client HB: 120000
04-09 09:32:14.104  3084  3084 I cast_shell: [3087:3095:INFO:heartbeat_manager.cc(311)] ResettingConnection bc: 1680000
04-09 09:32:14.104  3084  3084 I cast_shell: [3087:3095:INFO:heartbeat_manager.cc(332)] ResetConnection: %d5
04-09 09:32:14.111  3084  3084 I cast_shell: [3087:3087:INFO:user_auth_impl.cc(267)] linked status: NOT_LINKED
04-09 09:32:14.111  3084  3084 I cast_shell: [3087:3087:INFO:robot_account_auth_manager.cc(320)] V1 AuthManager received a UpdateAuthToken request
04-09 09:32:14.111  3084  3084 I cast_shell: [3087:3087:INFO:ccs_transport_https.cc(1352)] No cloud settings in response
04-09 09:32:14.111  3084  3084 I cast_shell: [3087:3087:INFO:gcm_manager.cc(238)] GCM connection lost.
04-09 09:32:14.136  3084  3084 I cast_shell: [3087:3087:INFO:CONSOLE(109)] Cast App (CC1AD845): "CAST SDK MPL Version: 1.0.0.113", source: https://www.gstatic.com/cast/sdk/libs/mediaplayer/1.0.0/media_player.js (109)
04-09 09:32:14.139  3084  3084 I cast_shell: [3087:3087:INFO:CONSOLE(36)] Cast App (CC1AD845): "Unknown queryable value: log-level-mpl", source:  (36)
04-09 09:32:14.184  3084  3084 I cast_shell: [3087:3139:INFO:v2_ssl_socket.cc(358)] Stop reading on pending closed socket
04-09 09:32:14.185  3084  3084 I cast_shell: [3087:3128:INFO:setup_namespace_handler.cc(104)] Removed a peer for setup namespace: e3f9106d-ef87-8737-8d3f-95aa22c18d5a.3:gms_cast_prober-1
04-09 09:32:14.582  3497  3497 E wac-main: WAC timeout cb
04-09 09:32:14.582  3497  3497 E wac-main: send wac api : a5a1
04-09 09:32:14.583  2967  2977 E wac-main: API event
04-09 09:32:14.583  2967  2977 E wac-main: msg : a5a1
04-09 09:32:14.583  2967  2977 E wac-main: msg : a5a1
04-09 09:32:14.583  2967  2977 E wac-main: Enter poll and wait
04-09 09:32:14.584  2967  3498 E wac-main: enter WACStartStopThread
04-09 09:32:14.584  2967  3498 E wac-main: WACStartStopThread() event -> 'wacstop' is WACServer? UP -> 'Yes' 
04-09 09:32:14.584  2967  3498 E WACSERVER: WACServerStop wait
04-09 09:32:14.584  2967  3049 E WACBONJOUR: RemoveWACBonjourService
04-09 09:32:14.586  2967  3049 I wifiapi : newconn : 0xf5602510
04-09 09:32:14.614  2967  2977 D wac-main: Netlink event
04-09 09:32:14.615  2967  2977 E wac-main: Netlink event 16 Interface Index 7 
04-09 09:32:14.615  2967  2977 E wac-main: Enter poll and wait
04-09 09:32:14.615  2710  2722 I yani_kernel: yani_geteventfrom_changeaddr() Message-Id '1' Netlink event '16' Interface Index '7' -> Name 'p2p1' 
04-09 09:32:14.618  2730  2742 E CommandListener: Message not handled: unrecognized interface p2p1
04-09 09:32:14.618  2730  2742 W FrameworkListener: Handler 'Iface' error (Success)
04-09 09:32:14.644  2967  2977 D wac-main: Netlink event
04-09 09:32:14.644  2967  2977 E wac-main: Netlink event 16 Interface Index 7 
04-09 09:32:14.645  2967  2977 E wac-main: Enter poll and wait
04-09 09:32:14.645  2730  2742 E CommandListener: Message not handled: unrecognized interface p2p1
04-09 09:32:14.645  2730  2742 W FrameworkListener: Handler 'Iface' error (Success)
04-09 09:32:14.645  2710  2722 I yani_kernel: yani_geteventfrom_changeaddr() Message-Id '1' Netlink event '16' Interface Index '7' -> Name 'p2p1' 
04-09 09:32:14.648  2730  2742 E CommandListener: Message not handled: unrecognized interface p2p1
04-09 09:32:14.648  2730  2742 W FrameworkListener: Handler 'Iface' error (Success)
04-09 09:32:14.660  2967  3049 I wifiapi : 'DISABLE' command returned = 0
04-09 09:32:14.660  2967  3049 I wifiapi : stop hostapd
04-09 09:32:14.661  2967  3049 I wifiapi : stop dnsmasq
04-09 09:32:14.663  2710  2722 I yani_kernel: yani_geteventfrom_changeaddr() Message-Id '1' Netlink event '21' Interface Index '7' -> Name 'p2p1' 
04-09 09:32:14.663  2967  2977 D wac-main: Netlink event
04-09 09:32:14.663  2967  2977 E wac-main: Netlink event 21 Interface Index 7 
04-09 09:32:14.663  2967  2977 E wac-main: Enter poll and wait
04-09 09:32:14.663  2730  2742 E CommandListener: Message not handled: unrecognized interface p2p1
04-09 09:32:14.664  2730  2742 W FrameworkListener: Handler 'Iface' error (Success)
04-09 09:32:14.667  2967  3049 E wac-main: WACCallback() message 5 -> 'Stopped'
04-09 09:32:14.667  2711  2711 I lucitransport: writeRemoteMessage() MID = 143 buffer = 5
04-09 09:32:14.667  2711  2711 I luciUART: write() MID = 143  bytes = 11 data = 5 m_fd = 0x5
04-09 09:32:14.685  3084  3084 I cast_shell: [3087:3087:ERROR:cast_web_contents_impl.cc(828)] Resource "https://ajax.googleapis.com/ajax/libs/shaka-player/3.2.2/shaka-player.compiled.js" failed to load with net_error=-21, description=ERR_NETWORK_CHANGED
04-09 09:32:14.685  3084  3084 I cast_shell: [3087:3087:INFO:CONSOLE(116)] Cast App (CC1AD845): " [  1.245s] [cast.framework.common.libraryloader] library(//ajax.googleapis.com/ajax/libs/shaka-player/3.2.2/shaka-player.compiled.js) cannot be loaded ", source: https://www.gstatic.com/cast/sdk/libs/caf_receiver/v3/cast_receiver_framework.js (116)
04-09 09:32:14.703  3084  3084 I cast_shell: [3087:3087:INFO:cast_web_contents_impl.cc(712)] Finished loading page after 2195 ms, url=https://www.gstatic.com/cast/sdk/default_receiver/dogfood/app.html?skin=https://www.gstatic.com/eureka/player/0000/skins/cast/skin.css&google_cast_bg=true
04-09 09:32:14.703  3084  3084 I cast_shell: [3087:3087:INFO:web_application.cc(991)] [65d79529] Page state changed: app=CC1AD845 page_state=LOADED
04-09 09:32:14.703  3084  3084 I cast_shell: [3087:3087:INFO:CONSOLE(0)] Cast App (CC1AD845): "Uncaught (in promise) undefined", source: https://www.gstatic.com/cast/sdk/default_receiver/dogfood/app.html?skin=https://www.gstatic.com/eureka/player/0000/skins/cast/skin.css&google_cast_bg=true (0)
04-09 09:32:14.703  3084  3084 I cast_shell: [3087:3087:ERROR:cast_web_contents_impl.cc(828)] Resource "https://clients3.google.com/cast/senderconfig/config?hw=mpl&id=8141292408060605" failed to load with net_error=-21, description=ERR_NETWORK_CHANGED
04-09 09:32:14.711  3084  3084 I cast_shell: [3087:3087:INFO:CONSOLE(82)] Cast App (CC1AD845): " [  0.571s] [cast.player.common.Experimentation] Failed to download experimentation flags. ", source: https://www.gstatic.com/cast/sdk/libs/mediaplayer/1.0.0/media_player.js (82)
