04-09 09:35:45.464  3072  3072 I cast_shell: [3075:3126:INFO:multizone_manager.cc(1889)] Initial discovery complete
04-09 09:35:45.465  3072  3072 I cast_shell: [3075:3123:INFO:mdns_app_filter.cc(1605)] Re-probing due to newly registered service '3': _googlezone
04-09 09:35:45.465  3072  3072 I cast_shell: [3075:3075:INFO:mdns_manager_impl.cc(311)] Successfully registered service: type=_googlezone
04-09 09:35:45.526  2710  2722 I yani_server: doLotofWork() List of interface '4'
04-09 09:35:45.526  2710  2722 I yani_server: doLotofWork() Interface 'p2p0' ifr[0].ifr_name 'lo' ipaddress '127.0.0.1'
04-09 09:35:45.526  2710  2722 I yani_server: doLotofWork() Interface 'p2p0' ifr[1].ifr_name 'p2p0' ipaddress '192.168.255.249'
04-09 09:35:45.526  2710  2722 I yani_server: doLotofWork() returns 'REFILL WACMODE'
04-09 09:35:45.526  2710  2722 E yani_server: YANI: I am Done Wait For Event 
04-09 09:35:45.527  3161  3161 I dnsmasq : started, version 2.51 DNS disabled
04-09 09:35:45.527  3161  3161 I dnsmasq : compile time options: no-IPv6 GNU-getopt no-DBus no-I18N DHCP no-scripts no-TFTP
04-09 09:35:45.527  3161  3161 I dnsmasq : DHCP, IP range 192.168.255.250 -- 192.168.255.254, lease time 12h
04-09 09:35:45.527  2710  2813 I yani_server: onNetworkParametersChanged() WAC Mode '1'  Index '2' Interface 'p2p0' Status '1'
04-09 09:35:45.533  3072  3072 I cast_shell: [3075:3113:INFO:ble_setup.cc(789)] Missing required info for sign.
04-09 09:35:45.534  2957  3152 I LibreCastControlDelegate: OnCastStatus() +++ Lyric Speaker Box 21f384:0xab6c9198:NOT_SETUP
04-09 09:35:45.534  2957  3152 I LibreCastControlDelegate: Device Build Number -> '1.52.272222'
04-09 09:35:45.534  2957  3152 I librecast: updateCastBuildVersion() Version 1.52.272222
04-09 09:35:45.534  2711  2718 I lucitransport: readRemoteMessage() MID char = 7 buffer = 1.52.272222
04-09 09:35:45.534  2957  3152 I LibreCastControlDelegate: Active Applications -> 0
04-09 09:35:45.534  2957  3152 I LibreCastControlDelegate: Current Cast State '2' -> 'NOT_SETUP'
04-09 09:35:45.535  2957  3152 I LibreCastControlDelegate: OnCastStatus() ---
04-09 09:35:45.535  2957  3152 I LibreCastControlDelegate: OnCastStatus() +++ Lyric Speaker Box 21f384:0xab6c9198:NOT_SETUP
04-09 09:35:45.535  2957  3152 I LibreCastControlDelegate: Device Build Number -> '1.52.272222'
04-09 09:35:45.535  2957  3152 I librecast: updateCastBuildVersion() Version 1.52.272222
04-09 09:35:45.535  2711  2718 I lucitransport: readRemoteMessage() MID char = 7 buffer = 1.52.272222
04-09 09:35:45.535  2957  3152 I LibreCastControlDelegate: Active Applications -> 0
04-09 09:35:45.535  2957  3152 I LibreCastControlDelegate: Current Cast State '2' -> 'NOT_SETUP'
04-09 09:35:45.537  2957  3152 I LibreCastControl: LibreCastControl_SetMultizoneAudioOutputDelay() delay '80000' usecs RequestId '5' pCastControl 0xf4f00728
04-09 09:35:45.537  2957  3152 I LibreCastControlDelegate: MultizoneDelay request ID 5 with delay 80000 usecs
04-09 09:35:45.538  2711  2719 E luciUART: UART:aa
04-09 09:35:45.539  2711  2719 E luciUART: UART:aa
04-09 09:35:45.539  2711  2719 E luciUART: UART:2
04-09 09:35:45.539  2711  2719 E luciUART: UART:0
04-09 09:35:45.539  2711  2719 E luciUART: UART:d0
04-09 09:35:45.539  2711  2719 E luciUART: UART:0
04-09 09:35:45.539  2711  2719 I chatty  : uid=0(root) UARTLUCIControl identical 2 lines
04-09 09:35:45.539  2711  2719 E luciUART: UART:0
04-09 09:35:45.539  2711  2719 E luciUART: UART:9
04-09 09:35:45.539  2711  2719 I luciUART: read() RemoteID = 43690 Command = 208 Type = 2 Status = 0 DataLen = 9
04-09 09:35:45.539  2711  2719 E luciUART: Error: full data not available yet! readBytes 0
04-09 09:35:45.539  2711  2719 I luciUART: Previous Packet read contd., 
04-09 09:35:45.539  2711  2719 E luciUART: UART:52
04-09 09:35:45.539  2711  2719 I luciUART: Previous Packet read contd., 
04-09 09:35:45.539  2711  2719 E luciUART: UART:45
04-09 09:35:45.539  2711  2719 I luciUART: Previous Packet read contd., 
04-09 09:35:45.539  2711  2719 E luciUART: UART:41
04-09 09:35:45.539  2711  2719 I luciUART: Previous Packet read contd., 
04-09 09:35:45.540  2711  2719 E luciUART: UART:44
04-09 09:35:45.540  2711  2719 I luciUART: Previous Packet read contd., 
04-09 09:35:45.540  2711  2719 E luciUART: UART:5f
04-09 09:35:45.540  2711  2719 I luciUART: Previous Packet read contd., 
04-09 09:35:45.540  2711  2719 E luciUART: UART:73
04-09 09:35:45.540  2711  2719 I luciUART: Previous Packet read contd., 
04-09 09:35:45.540  2711  2719 E luciUART: UART:73
04-09 09:35:45.540  2711  2719 I luciUART: Previous Packet read contd., 
04-09 09:35:45.540  2711  2719 E luciUART: UART:69
04-09 09:35:45.540  2711  2719 I luciUART: Previous Packet read contd., 
04-09 09:35:45.540  2711  2719 E luciUART: UART:64
04-09 09:35:45.540  2711  2720 E LUCI_SERVER: Luci Server Thread wait over MID 208....
04-09 09:35:45.540  2711  2720 E LUCI_SERVER: Got NV name : ssid
04-09 09:35:45.542  2956  2967 D wac-main: Netlink event
04-09 09:35:45.542  2956  2967 E wac-main: Netlink event 16 Interface Index 6 
04-09 09:35:45.542  2956  2967 E wac-main: p2p0 event Link Changed : 1002 
04-09 09:35:45.542  2956  2967 E wac-main: Enter poll and wait
04-09 09:35:45.543  2711  2720 I luciUART: write() MID = 208  bytes = 15 data = ssid: m_fd = 0x5
04-09 09:35:45.543  2711  2720 E LUCI_SERVER: NV_READ response= ssid:
04-09 09:35:45.543  2711  2720 E LUCI_SERVER: Luci Server Thread waiting for packets....
04-09 09:35:45.544  2710  2722 I yani_kernel: yani_geteventfrom_changeaddr() Message-Id '1' Netlink event '16' Interface Index '6' -> Name 'p2p0' 
04-09 09:35:46.015  2730  2739 E WifiUtil: command: "SCAN" failed: FAIL-BUSY
04-09 09:35:46.015  2730  2739 W HotspotManager: hotspot already started
04-09 09:35:46.018  2710  2722 I yani_server: NetLink Event '-1' Interface-Index '5' WLAN '-1' Ethernet '-1' Parsed-iFill '-1' -> 'INVALID' ifIndex '1' -> 'lo'
04-09 09:35:46.020  2710  2722 I yani_server: NetLink Event '-1' Interface-Index '5' WLAN '0' Ethernet '-1' Parsed-iFill '-1' -> 'INVALID' ifIndex '1' -> 'lo'
04-09 09:35:46.022  2957  3152 I LibreCastControlDelegate: OnCastStatus() +++ Lyric Speaker Box 21f384:0xab6c9198:NOT_SETUP
04-09 09:35:46.022  2957  3152 I LibreCastControlDelegate: Device Build Number -> '1.52.272222'
04-09 09:35:46.022  2957  3152 I librecast: updateCastBuildVersion() Version 1.52.272222
04-09 09:35:46.022  2711  2718 I lucitransport: readRemoteMessage() MID char = 7 buffer = 1.52.272222
04-09 09:35:46.025  3072  3072 I cast_shell: [3075:3075:INFO:multizone_setup.cc(328)] Configured audio output delay changed. User delay = 0 s, OEM delay = 0.08 s, HDMI delay = 0 s
04-09 09:35:46.058  2956  2967 D wac-main: Netlink event
04-09 09:35:46.058  2956  2967 E wac-main: Netlink event 16 Interface Index 6 
04-09 09:35:46.058  2956  2967 E wac-main: p2p0 event Link Changed : 11043 
04-09 09:35:46.058  2956  2967 E wac-main: p2p0 Changed Up 
04-09 09:35:46.059  2710  2722 I yani_kernel: yani_geteventfrom_changeaddr() Message-Id '1' Netlink event '16' Interface Index '6' -> Name 'p2p0' 
04-09 09:35:46.060  2956  2967 I wifiapi : newconn : 0xf5200718
04-09 09:35:46.062  2956  2967 I wifiapi : 'STATUS' command returned = 0
04-09 09:35:46.062  2956  2967 E wac-main: current wifi status : 10
04-09 09:35:46.079  3072  3072 I cast_shell: [3075:3113:INFO:gatt_client_manager_impl.cc(202)] Enabling GATT client connectability
04-09 09:35:46.085  2732  2760 E bt_btif : BTA_GATTS_AddService: rcb_idx = 0
04-09 09:35:46.085  2732  2760 I bluetoothtbd: [0408/210546.085455:INFO:gatt_api.cc(207)] GATTS_AddService
04-09 09:35:46.085  3072  3072 I cast_shell: [3075:3113:INFO:ble_setup.cc(915)] Sign related info completed, no future EurekaInfo need sign.
04-09 09:35:46.085  3072  3072 I cast_shell: [3075:3113:INFO:gatt_client_manager_impl.cc(202)] Enabling GATT client connectability
04-09 09:35:46.085  3072  3072 I chatty  : uid=1000(chrome) /bin/logwrapper identical 1 line
04-09 09:35:46.085  3072  3072 I cast_shell: [3075:3113:INFO:gatt_client_manager_impl.cc(202)] Enabling GATT client connectability
04-09 09:35:46.086  2732  2760 I bluetoothtbd: [0408/210546.086257:INFO:gatt_api.cc(317)] GATTS_AddService: service parsed correctly, now starting
04-09 09:35:46.089  3072  3072 I cast_shell: [3075:3113:INFO:ble_setup_manager.cc(744)] Started Bluetooth service
04-09 09:35:46.997  3072  3072 I cast_shell: [3075:3083:ERROR:connectivity_checker_impl.cc(265)] Connectivity check failed: 400
04-09 09:35:47.457  3072  3072 I cast_shell: [3075:3123:INFO:mdns_app_filter.cc(1403)] MdnsAppFilter: Done probing.
04-09 09:35:48.004  3072  3072 I cast_shell: [3075:3083:ERROR:connectivity_checker_impl.cc(265)] Connectivity check failed: 400
04-09 09:35:48.461  3072  3072 I cast_shell: [3075:3075:INFO:grpc_service_discovery_impl.cc(185)] Mdns discovered google RPC for [PII](6E7A039D92C571F8B515BB6FEF572108).
04-09 09:35:49.010  3072  3072 I cast_shell: [3075:3083:ERROR:connectivity_checker_impl.cc(265)] Connectivity check failed: 400
04-09 09:35:49.063  2956  2967 E wac-main: Enter poll and wait
04-09 09:35:49.462  3072  3072 I cast_shell: [3075:3123:INFO:mdns_app_filter.cc(1526)] MdnsAppFilter: Done announcing.
04-09 09:35:50.016  3072  3072 I cast_shell: [3075:3083:ERROR:connectivity_checker_impl.cc(265)] Connectivity check failed: 400
04-09 09:35:51.022  3072  3072 I cast_shell: [3075:3083:ERROR:connectivity_checker_impl.cc(265)] Connectivity check failed: 400
04-09 09:35:51.783  3072  3072 I cast_shell: [3075:3083:INFO:parent_tracker.cc(291)] [PII](6E7A039D92C571F8B515BB6FEF572108) Become root
04-09 09:35:51.783  3072  3072 I cast_shell: [3075:3083:INFO:directory_service_impl.cc(200)] This device became root
04-09 09:35:52.028  3072  3072 I cast_shell: [3075:3083:ERROR:connectivity_checker_impl.cc(265)] Connectivity check failed: 400
04-09 09:35:53.035  3072  3072 I chatty  : uid=1000(chrome) /bin/logwrapper identical 1 line
04-09 09:35:54.042  3072  3072 I cast_shell: [3075:3083:ERROR:connectivity_checker_impl.cc(265)] Connectivity check failed: 400
04-09 09:35:54.156  3072  3072 I cast_shell: [3075:3113:ERROR:setup_state.cc(424)] Timeout for state=SETUP_STATE_CHECKING_GLOBAL_CONNECTIVITY(50): move to state=SETUP_STATE_CHECKING_GLOBAL_CONNECTIVITY_BAD_ROUTER(52).
04-09 09:35:54.156  3072  3072 I cast_shell: [3075:3113:INFO:setup_state.cc(261)] Setup state changed: SETUP_STATE_CHECKING_GLOBAL_CONNECTIVITY (50) -> SETUP_STATE_CHECKING_GLOBAL_CONNECTIVITY_BAD_ROUTER (52)
04-09 09:35:54.159  2957  3152 I LibreCastControlDelegate: OnCastStatus() +++ Lyric Speaker Box 21f384:0xab6c9198:NOT_SETUP
04-09 09:35:54.159  2957  3152 I LibreCastControlDelegate: Device Build Number -> '1.52.272222'
04-09 09:35:54.159  2957  3152 I librecast: updateCastBuildVersion() Version 1.52.272222
04-09 09:35:54.160  2711  2718 I lucitransport: readRemoteMessage() MID char = 7 buffer = 1.52.272222
04-09 09:35:54.160  2957  3152 I LibreCastControlDelegate: Active Applications -> 0
04-09 09:35:54.160  2957  3152 I LibreCastControlDelegate: Current Cast State '2' -> 'NOT_SETUP'
04-09 09:35:54.160  2957  3152 I LibreCastControlDelegate: OnCastStatus() ---
04-09 09:35:55.049  3072  3072 I cast_shell: [3075:3083:ERROR:connectivity_checker_impl.cc(265)] Connectivity check failed: 400
04-09 09:36:20.076  2730  2738 E NetworkMonitor: cannot find default IPv4 route for wlan0
04-09 09:36:20.076  2730  2738 E NetworkMonitor: cannot find default IPv6 route for wlan0
04-09 09:36:23.176  2730  2738 E NetworkMonitor: no response for /bin/ping -n -I wlan0 -c 10 -w 10 8.8.8.8
04-09 09:36:23.187  2730  2738 E NetworkMonitor: no response for /bin/ping6 -n -I wlan0 -c 10 -w 10 2001:4860:4860::8888
04-09 09:36:23.190  2730  2738 E NetworkMonitor: dns resolution failed
04-09 09:36:23.191  2730  2738 I NetworkMonitor: Cast.Wifi.Failure.Type 7
04-09 09:36:42.360  3072  3072 I chatty  : uid=1000(chrome) /bin/logwrapper identical 47 lines
04-09 09:36:43.366  3072  3072 I cast_shell: [3075:3083:ERROR:connectivity_checker_impl.cc(265)] Connectivity check failed: 400
04-09 09:36:43.802  3072  3072 I cast_shell: [3075:3075:INFO:grpc_manager_impl.cc(505)] GRPC[uri=[::]:0]: num_pending_calls=0, num_active_handlers=0, num_free_handlers=0
04-09 09:36:43.802  3072  3072 I cast_shell: [3075:3075:INFO:gcm_manager.cc(269)] Disabling GCM Driver
04-09 09:36:43.802  3072  3072 I cast_shell: [3075:3075:INFO:grpc_manager_impl.cc(505)] GRPC[uri=]: num_pending_calls=0, num_active_handlers=0, num_free_handlers=0
04-09 09:36:43.851  3072  3072 I cast_shell: [3075:3075:INFO:grpc_manager_impl.cc(505)] GRPC[uri=unix:/tmp/hcp_ipc_auth.socket]: num_pending_calls=0, num_active_handlers=10, num_free_handlers=0
04-09 09:36:43.856  3072  3072 I cast_shell: [3075:3075:INFO:grpc_manager_impl.cc(505)] GRPC[uri=unix:/tmp/modular_updater/modular_update_service]: num_pending_calls=0, num_active_handlers=0, num_free_handlers=0
04-09 09:36:43.879  3072  3072 I cast_shell: [3075:3075:INFO:metrics_recorder.cc(112)] Metrics stat: total=13
04-09 09:36:43.879  3072  3072 I cast_shell: Cast.Discovery.Mdns.ResponderStarted=2
04-09 09:36:43.879  3072  3072 I cast_shell: Cast.Discovery.Mdns.ResponderStopped=1
04-09 09:36:43.879  3072  3072 I cast_shell: Cast.Discovery.Mdns.SocketCreated=4
04-09 09:36:43.879  3072  3072 I cast_shell: Cast.Discovery.Mdns.SocketDestroyed=2
04-09 09:36:43.879  3072  3072 I cast_shell: Cast.System.Timezone.ChangeSuccessful=1
04-09 09:36:43.879  3072  3072 I cast_shell: CastV2.Connection.Connect.In=1
04-09 09:36:43.879  3072  3072 I cast_shell: CastV2.Receiver.DeviceStatus.Out=5
04-09 09:36:43.879  3072  3072 I cast_shell: CastV2.Receiver.DeviceStatus.Out.Broadcast=2
04-09 09:36:43.879  3072  3072 I cast_shell: CastV2.Receiver.GetStatus.In=1
04-09 09:36:43.879  3072  3072 I cast_shell: CastV2.Resource.Provider.In=1
04-09 09:36:43.970  3072  3072 I cast_shell: [3075:3075:INFO:metrics_recorder_impl.cc(672)] Activated server experiments: []
04-09 09:36:43.972  3072  3072 I cast_shell: [3075:3075:INFO:cast_logs_metrics_provider.cc(59)] netif is ipv4
04-09 09:36:43.973  3072  3072 I cast_shell: [3075:3075:ERROR:socket_posix.cc(148)] bind() failed: Address already in use (98)
04-09 09:36:43.973  3072  3072 I cast_shell: [3075:3075:INFO:net_util_impl.cc(1041)] Platform supports dual-stack
04-09 09:36:43.988  3072  3072 I cast_shell: [3075:3075:INFO:grpc_manager_impl.cc(505)] GRPC[uri=[::]:8012]: num_pending_calls=0, num_active_handlers=1, num_free_handlers=0
04-09 09:36:44.373  3072  3072 I cast_shell: [3075:3083:ERROR:connectivity_checker_impl.cc(265)] Connectivity check failed: 400
04-09 09:37:24.202  2730  2738 E NetworkMonitor: cannot find default IPv4 route for wlan0
04-09 09:37:24.202  2730  2738 E NetworkMonitor: cannot find default IPv6 route for wlan0
04-09 09:37:27.304  2730  2738 E NetworkMonitor: no response for /bin/ping -n -I wlan0 -c 10 -w 10 8.8.8.8
04-09 09:37:27.315  2730  2738 E NetworkMonitor: no response for /bin/ping6 -n -I wlan0 -c 10 -w 10 2001:4860:4860::8888
04-09 09:37:27.316  2730  2738 E NetworkMonitor: dns resolution failed
04-09 09:37:30.677  3072  3072 I chatty  : uid=1000(chrome) /bin/logwrapper identical 46 lines
04-09 09:37:31.684  3072  3072 I cast_shell: [3075:3083:ERROR:connectivity_checker_impl.cc(265)] Connectivity check failed: 400
04-09 09:37:32.077  2732  2810 I bt_btm_ble: btm_ble_conn_complete unable to match and resolve random address
04-09 09:37:32.080  2732  2760 I bluetoothtbd: [0408/210732.080088:INFO:gatt_server.cc(280)] Added connection entry for conn_id: 5 device address: 74:1F:F4:22:53:1A
04-09 09:37:32.080  2732  2810 W bt_smp  : smp_br_connect_callback is called on unexpected transport 2
04-09 09:37:32.080  2732  2810 W bt_btif : bta_dm_acl_change info: 0x0
04-09 09:37:32.080  2732  2760 D bt_btif_dm: remote version info [74:1f:f4:22:53:1a]: 0, 0, 0
04-09 09:37:32.080  2732  2760 I bluetoothtbd: [0408/210732.080875:INFO:adapter.cc(719)] ACL state changed: 74:1F:F4:22:53:1A - connected: true
04-09 09:37:32.081  3072  3072 I cast_shell: [3075:3113:ERROR:bluetooth_v1_via_v2.cc(796)] Connection state changed. :1a true
04-09 09:37:32.591  2732  2760 D bt_btif_scanner: btif_gatts_upstreams_evt: Unhandled event (26)
04-09 09:37:32.691  3072  3072 I cast_shell: [3075:3083:ERROR:connectivity_checker_impl.cc(265)] Connectivity check failed: 400
04-09 09:37:33.160  2732  2810 E bluetoothtbd: [0408/210733.159940:ERROR:gatt_sr.cc(743)] MTU request PDU with MTU size 515
04-09 09:37:33.160  2732  2810 W bt_l2cap: l2cble_set_fixed_channel_tx_data_length, request not supported
04-09 09:37:33.160  2732  2810 W bluetoothtbd: [0408/210733.160867:WARNING:gatt_utils.cc(837)] Call back not found for application conn_id=3
04-09 09:37:33.161  2732  2810 W bluetoothtbd: [0408/210733.160971:WARNING:gatt_utils.cc(837)] Call back not found for application conn_id=4
04-09 09:37:33.161  2732  2810 W bluetoothtbd: [0408/210733.161059:WARNING:gatt_utils.cc(837)] Call back not found for application conn_id=6
04-09 09:37:33.185  3072  3072 I cast_shell: [3075:3113:INFO:ble_setup.cc(322)] Record action: Setup.set_eureka_info.BLE.Locale
04-09 09:37:33.185  3072  3072 I cast_shell: [3075:3113:INFO:locale_manager.cc(576)] New locale: en-US
04-09 09:37:33.193  3072  3072 I cast_shell: [3075:3113:INFO:setup_state.cc(544)] EurekaInfoCalled: wifi_state=3, is_usable_ip_address=1, connected=0, is_initial_setup=1
04-09 09:37:33.193  3072  3072 I cast_shell: [3075:3113:INFO:setup_state.cc(261)] Setup state changed: SETUP_STATE_CHECKING_GLOBAL_CONNECTIVITY_BAD_ROUTER (52) -> SETUP_STATE_DISCONNECTED_EXTERNAL_CLIENT_ACCESSED (11)
04-09 09:37:33.193  3072  3072 I cast_shell: [3075:3098:INFO:media_manager_impl.cc(383)] TurnActive result: 0
04-09 09:37:33.205  2957  3152 I LibreCastControlDelegate: OnCastStatus() +++ Lyric Speaker Box 21f384:0xab6c9198:NOT_SETUP
04-09 09:37:33.205  2957  3152 I LibreCastControlDelegate: Device Build Number -> '1.52.272222'
04-09 09:37:33.205  2957  3152 I librecast: updateCastBuildVersion() Version 1.52.272222
04-09 09:37:33.206  2711  2718 I lucitransport: readRemoteMessage() MID char = 7 buffer = 1.52.272222
04-09 09:37:33.206  2957  3152 I LibreCastControlDelegate: Active Applications -> 0
04-09 09:37:33.206  2957  3152 I LibreCastControlDelegate: Current Cast State '2' -> 'NOT_SETUP'
04-09 09:37:33.206  2957  3152 I LibreCastControlDelegate: OnCastStatus() ---
04-09 09:37:33.208  2957  3152 I LibreCastControlDelegate: OnCastStatus() +++ Lyric Speaker Box 21f384:0xab6c9198:NOT_SETUP
04-09 09:37:33.208  2957  3152 I LibreCastControlDelegate: Device Build Number -> '1.52.272222'
04-09 09:37:33.208  2957  3152 I librecast: updateCastBuildVersion() Version 1.52.272222
04-09 09:37:33.208  2711  2718 I lucitransport: readRemoteMessage() MID char = 7 buffer = 1.52.272222
04-09 09:37:33.208  2957  3152 I LibreCastControlDelegate: Active Applications -> 0
04-09 09:37:33.208  2957  3152 I LibreCastControlDelegate: Current Cast State '2' -> 'NOT_SETUP'
04-09 09:37:33.208  2957  3152 I LibreCastControlDelegate: OnCastStatus() ---
04-09 09:37:33.213  3072  3072 I cast_shell: [3075:3113:INFO:metrics_recorder.cc(282)] Record action: Setup.version.BLE
04-09 09:37:33.223  2732  2760 D bt_btif_scanner: btif_gatts_upstreams_evt: Unhandled event (26)
04-09 09:37:33.275  3072  3072 I cast_shell: [3075:3113:INFO:metrics_recorder.cc(282)] Record action: Setup.name_utf8.BLE
04-09 09:37:33.565  3072  3072 I cast_shell: [3075:3113:INFO:metrics_recorder.cc(282)] Record action: Setup.tos_accepted.BLE
04-09 09:37:33.678  2732  2760 D bt_btif_scanner: btif_gatts_upstreams_evt: Unhandled event (26)
04-09 09:37:33.680  3072  3072 I cast_shell: [3075:3113:INFO:metrics_recorder.cc(282)] Record action: Setup.state.BLE
04-09 09:37:33.697  3072  3072 I cast_shell: [3075:3083:ERROR:connectivity_checker_impl.cc(265)] Connectivity check failed: 400
04-09 09:37:33.708  3072  3072 I cast_shell: [3075:3113:INFO:metrics_recorder.cc(282)] Record action: Setup.ip_address.BLE
04-09 09:37:33.768  3072  3072 I cast_shell: [3075:3113:INFO:metrics_recorder.cc(282)] Record action: Setup.eureka_info_immutable_basic.BLE
04-09 09:37:33.813  3072  3072 I cast_shell: [3075:3113:INFO:metrics_recorder.cc(282)] Record action: Setup.eureka_info_mutable_reads.BLE
04-09 09:37:33.843  3072  3072 I cast_shell: [3075:3113:INFO:metrics_recorder.cc(282)] Record action: Setup.eureak_info_keys.BLE
04-09 09:37:33.948  3072  3072 I cast_shell: [3075:3113:INFO:metrics_recorder.cc(282)] Record action: Setup.eureka_info_immutable_basic.BLE
04-09 09:37:33.978  3072  3072 I cast_shell: [3075:3113:INFO:metrics_recorder.cc(282)] Record action: Setup.eureak_info_keys.BLE
04-09 09:37:34.308  3072  3072 I chatty  : uid=1000(chrome) /bin/logwrapper identical 4 lines
04-09 09:37:34.383  3072  3072 I cast_shell: [3075:3113:INFO:metrics_recorder.cc(282)] Record action: Setup.eureak_info_keys.BLE
04-09 09:37:34.458  3072  3072 I cast_shell: [3075:3113:INFO:metrics_recorder.cc(282)] Record action: Setup.i8n_info.BLE
04-09 09:37:34.608  3072  3072 I chatty  : uid=1000(chrome) /bin/logwrapper identical 2 lines
04-09 09:37:34.682  3072  3072 I cast_shell: [3075:3113:INFO:metrics_recorder.cc(282)] Record action: Setup.i8n_info.BLE
04-09 09:37:34.704  3072  3072 I cast_shell: [3075:3083:ERROR:connectivity_checker_impl.cc(265)] Connectivity check failed: 400
04-09 09:37:34.772  3072  3072 I cast_shell: [3075:3113:INFO:metrics_recorder.cc(282)] Record action: Setup.i8n_info.BLE
04-09 09:37:34.847  3072  3072 I chatty  : uid=1000(chrome) /bin/logwrapper identical 1 line
04-09 09:37:34.922  3072  3072 I cast_shell: [3075:3113:INFO:metrics_recorder.cc(282)] Record action: Setup.i8n_info.BLE
04-09 09:37:34.968  3072  3072 I cast_shell: [3075:3113:INFO:ble_setup.cc(322)] Record action: Setup.set_eureka_info.BLE.CountryCode
04-09 09:37:34.968  3072  3072 I cast_shell: [3075:3113:INFO:locale_manager.cc(639)] New country code: IN
04-09 09:37:34.976  2709  2709 I wpa_supplicant: wlan0: CTRL-EVENT-REGDOM-CHANGE init=USER type=COUNTRY alpha2=IN
04-09 09:37:34.978  2710  2722 I yani_server: NetLink Event '-1' Interface-Index '5' WLAN '-1' Ethernet '-1' Parsed-iFill '-1' -> 'INVALID' ifIndex '1' -> 'lo'
04-09 09:37:34.984  2710  2722 I yani_server: NetLink Event '-1' Interface-Index '5' WLAN '0' Ethernet '-1' Parsed-iFill '-1' -> 'INVALID' ifIndex '1' -> 'lo'
04-09 09:37:34.985  2957  3152 I LibreCastControlDelegate: OnCastStatus() +++ Lyric Speaker Box 21f384:0xab6c9198:NOT_SETUP
04-09 09:37:34.985  2957  3152 I LibreCastControlDelegate: Device Build Number -> '1.52.272222'
04-09 09:37:34.985  2957  3152 I librecast: updateCastBuildVersion() Version 1.52.272222
04-09 09:37:34.985  2711  2718 I lucitransport: readRemoteMessage() MID char = 7 buffer = 1.52.272222
04-09 09:37:34.985  2957  3152 I LibreCastControlDelegate: Active Applications -> 0
04-09 09:37:34.985  2957  3152 I LibreCastControlDelegate: Current Cast State '2' -> 'NOT_SETUP'
04-09 09:37:34.985  2957  3152 I LibreCastControlDelegate: OnCastStatus() ---
04-09 09:37:35.711  3072  3072 I cast_shell: [3075:3083:ERROR:connectivity_checker_impl.cc(265)] Connectivity check failed: 400
04-09 09:37:36.018  3072  3072 I cast_shell: [3075:3113:INFO:ble_setup.cc(322)] Record action: Setup.scan_wifi.BLE
04-09 09:37:36.019  3072  3072 I cast_shell: [3075:3113:WARNING:wifi_controller_wpa_supplicant.cc(797)] Wpa responses FAIL-BUSY, assuming it is associating, which will keep scan_results fresh.
04-09 09:37:36.717  3072  3072 I cast_shell: [3075:3083:ERROR:connectivity_checker_impl.cc(265)] Connectivity check failed: 400
04-09 09:37:37.724  3072  3072 I cast_shell: [3075:3083:ERROR:connectivity_checker_impl.cc(265)] Connectivity check failed: 400
04-09 09:37:38.477  2956  2967 D wac-main: Netlink event
04-09 09:37:38.478  2956  2967 E wac-main: Netlink event 16 Interface Index 5 
04-09 09:37:38.478  2956  2967 E wac-main: Enter poll and wait
04-09 09:37:38.478  2956  2967 D wac-main: Netlink event
04-09 09:37:38.478  2956  2967 E wac-main: Netlink event 16 Interface Index 5 
04-09 09:37:38.478  2956  2967 E wac-main: Enter poll and wait
04-09 09:37:38.482  2710  2722 I yani_server: NetLink Event '-1' Interface-Index '5' WLAN '0' Ethernet '-1' Parsed-iFill '-1' -> 'INVALID' ifIndex '1' -> 'lo'
04-09 09:37:38.488  2710  2722 I chatty  : uid=0(root) YaniServer identical 3 lines
04-09 09:37:38.489  2710  2722 I yani_server: NetLink Event '-1' Interface-Index '5' WLAN '0' Ethernet '-1' Parsed-iFill '-1' -> 'INVALID' ifIndex '1' -> 'lo'
04-09 09:37:38.496  2957  3152 I LibreCastControlDelegate: OnCastStatus() +++ Lyric Speaker Box 21f384:0xab6c9198:NOT_SETUP
04-09 09:37:38.497  2957  3152 I LibreCastControlDelegate: Device Build Number -> '1.52.272222'
04-09 09:37:38.497  2957  3152 I librecast: updateCastBuildVersion() Version 1.52.272222
04-09 09:37:38.497  2711  2718 I lucitransport: readRemoteMessage() MID char = 7 buffer = 1.52.272222
04-09 09:37:38.497  2957  3152 I LibreCastControlDelegate: Active Applications -> 0
04-09 09:37:38.497  2957  3152 I LibreCastControlDelegate: Current Cast State '2' -> 'NOT_SETUP'
04-09 09:37:38.497  2957  3152 I LibreCastControlDelegate: OnCastStatus() ---
04-09 09:37:38.731  3072  3072 I cast_shell: [3075:3083:ERROR:connectivity_checker_impl.cc(265)] Connectivity check failed: 400
04-09 09:37:39.737  3072  3072 I cast_shell: [3075:3083:ERROR:connectivity_checker_impl.cc(265)] Connectivity check failed: 400
04-09 09:37:40.053  3072  3072 I cast_shell: [3075:3113:INFO:ble_setup.cc(322)] Record action: Setup.scan_wifi.BLE
04-09 09:37:40.056  2710  2722 I yani_server: NetLink Event '-1' Interface-Index '5' WLAN '-1' Ethernet '-1' Parsed-iFill '-1' -> 'INVALID' ifIndex '1' -> 'lo'
04-09 09:37:40.744  3072  3072 I cast_shell: [3075:3083:ERROR:connectivity_checker_impl.cc(265)] Connectivity check failed: 400
04-09 09:37:41.751  3072  3072 I chatty  : uid=1000(chrome) /bin/logwrapper identical 1 line
04-09 09:37:42.758  3072  3072 I cast_shell: [3075:3083:ERROR:connectivity_checker_impl.cc(265)] Connectivity check failed: 400
04-09 09:37:43.495  2956  2967 D wac-main: Netlink event
04-09 09:37:43.496  2956  2967 E wac-main: Netlink event 16 Interface Index 5 
04-09 09:37:43.496  2956  2967 E wac-main: Enter poll and wait
04-09 09:37:43.496  2956  2967 D wac-main: Netlink event
04-09 09:37:43.496  2956  2967 E wac-main: Netlink event 16 Interface Index 5 
04-09 09:37:43.496  2956  2967 E wac-main: Enter poll and wait
04-09 09:37:43.497  2710  2722 I yani_server: NetLink Event '-1' Interface-Index '5' WLAN '0' Ethernet '-1' Parsed-iFill '-1' -> 'INVALID' ifIndex '1' -> 'lo'
04-09 09:37:43.507  2710  2722 I chatty  : uid=0(root) YaniServer identical 7 lines
04-09 09:37:43.508  2710  2722 I yani_server: NetLink Event '-1' Interface-Index '5' WLAN '0' Ethernet '-1' Parsed-iFill '-1' -> 'INVALID' ifIndex '1' -> 'lo'
04-09 09:37:43.509  2710  2722 I yani_server: NetLink Event '-1' Interface-Index '5' WLAN '0' Ethernet '-1' Parsed-iFill '-1' -> 'INVALID' ifIndex '1' -> 'lo'
04-09 09:37:43.510  2957  3152 I LibreCastControlDelegate: OnCastStatus() +++ Lyric Speaker Box 21f384:0xab6c9198:NOT_SETUP
04-09 09:37:43.510  2957  3152 I LibreCastControlDelegate: Device Build Number -> '1.52.272222'
04-09 09:37:43.510  2957  3152 I librecast: updateCastBuildVersion() Version 1.52.272222
04-09 09:37:43.510  2711  2718 I lucitransport: readRemoteMessage() MID char = 7 buffer = 1.52.272222
04-09 09:37:43.510  2957  3152 I LibreCastControlDelegate: Active Applications -> 0
04-09 09:37:43.510  2957  3152 I LibreCastControlDelegate: Current Cast State '2' -> 'NOT_SETUP'
04-09 09:37:43.510  2957  3152 I LibreCastControlDelegate: OnCastStatus() ---
04-09 09:37:43.511  2710  2722 I yani_server: NetLink Event '-1' Interface-Index '5' WLAN '0' Ethernet '-1' Parsed-iFill '-1' -> 'INVALID' ifIndex '1' -> 'lo'
04-09 09:37:43.512  2710  2722 I chatty  : uid=0(root) YaniServer identical 1 line
04-09 09:37:43.513  2710  2722 I yani_server: NetLink Event '-1' Interface-Index '5' WLAN '0' Ethernet '-1' Parsed-iFill '-1' -> 'INVALID' ifIndex '1' -> 'lo'
04-09 09:37:43.513  2710  2722 I yani_kernel: yani_geteventfrom_changeaddr() Message-Id '1' Netlink event '16' Interface Index '5' -> Name 'wlan0' 
04-09 09:37:43.514  2710  2722 I yani_kernel: yani_geteventfrom_changeaddr() Message-Id '1' Netlink event '16' Interface Index '5' -> Name 'wlan0' 
04-09 09:37:43.765  3072  3072 I cast_shell: [3075:3083:ERROR:connectivity_checker_impl.cc(265)] Connectivity check failed: 400
04-09 09:37:43.802  3072  3072 I cast_shell: [3075:3075:INFO:grpc_manager_impl.cc(505)] GRPC[uri=[::]:0]: num_pending_calls=0, num_active_handlers=0, num_free_handlers=0
04-09 09:37:43.802  3072  3072 I cast_shell: [3075:3075:INFO:grpc_manager_impl.cc(505)] GRPC[uri=]: num_pending_calls=0, num_active_handlers=0, num_free_handlers=0
04-09 09:37:43.851  3072  3072 I cast_shell: [3075:3075:INFO:grpc_manager_impl.cc(505)] GRPC[uri=unix:/tmp/hcp_ipc_auth.socket]: num_pending_calls=0, num_active_handlers=10, num_free_handlers=0
04-09 09:37:43.857  3072  3072 I cast_shell: [3075:3075:INFO:grpc_manager_impl.cc(505)] GRPC[uri=unix:/tmp/modular_updater/modular_update_service]: num_pending_calls=0, num_active_handlers=0, num_free_handlers=0
04-09 09:37:43.879  3072  3072 I cast_shell: [3075:3075:INFO:metrics_recorder.cc(112)] Metrics stat: total=11
04-09 09:37:43.879  3072  3072 I cast_shell: Cast.Discovery.Mdns.ResponderPing=1
04-09 09:37:43.879  3072  3072 I cast_shell: Cast.Discovery.Mdns.SocketPing=2
04-09 09:37:43.879  3072  3072 I cast_shell: Setup.eureak_info_keys.BLE=7
04-09 09:37:43.879  3072  3072 I cast_shell: Setup.eureka_info_immutable_basic.BLE=2
04-09 09:37:43.879  3072  3072 I cast_shell: Setup.eureka_info_mutable_reads.BLE=1
04-09 09:37:43.879  3072  3072 I cast_shell: Setup.i8n_info.BLE=7
04-09 09:37:43.879  3072  3072 I cast_shell: Setup.ip_address.BLE=1
04-09 09:37:43.879  3072  3072 I cast_shell: Setup.name_utf8.BLE=1
04-09 09:37:43.879  3072  3072 I cast_shell: Setup.state.BLE=1
04-09 09:37:43.879  3072  3072 I cast_shell: Setup.tos_accepted.BLE=1
04-09 09:37:43.962  3072  3072 I cast_shell: [3075:3113:INFO:wifi_proximity.cc(177)] Request scan.
04-09 09:37:43.989  3072  3072 I cast_shell: [3075:3075:INFO:grpc_manager_impl.cc(505)] GRPC[uri=[::]:8012]: num_pending_calls=0, num_active_handlers=1, num_free_handlers=0
04-09 09:37:44.117  3072  3072 I cast_shell: [3075:3113:INFO:metrics_recorder.cc(282)] Record action: Setup.scan_results.BLE
04-09 09:37:44.192  3072  3072 I cast_shell: [3075:3113:INFO:metrics_recorder.cc(282)] Record action: Setup.scan_results.BLE
04-09 09:37:44.771  3072  3072 I cast_shell: [3075:3083:ERROR:connectivity_checker_impl.cc(265)] Connectivity check failed: 400
04-09 09:37:45.777  3072  3072 I cast_shell: [3075:3083:ERROR:connectivity_checker_impl.cc(265)] Connectivity check failed: 400
04-09 09:37:46.338  3072  3072 I cast_shell: [3075:3113:INFO:ble_setup.cc(322)] Record action: Setup.play_sound.BLE
04-09 09:37:46.339  3072  3072 I cast_shell: [3075:3092:INFO:synchronized_sound_player.cc(362)] Playing sound key 2
04-09 09:37:46.367  3072  3072 I cast_shell: [3075:3092:INFO:audio_decoder_software_wrapper.cc(86)] Using backend decoder for PCM
04-09 09:37:46.368  3072  3072 I cast_shell: [3075:3097:INFO:mixer_input_connection.cc(208)] Create 0xf3f65c68 (no_delay), content type: media, focus type: media, fill size: 512, algorithm fill size: 221, channel count: 1, input sample rate: 44100, start threshold: 3087, max queue size: 8820, socket: 0xf3d1f2e0
04-09 09:37:46.369  3072  3072 I cast_shell: [3075:3095:INFO:stream_mixer.cc(604)] Input source channel count = 1
04-09 09:37:46.369  3072  3072 I cast_shell: [3075:3096:INFO:mixer_output_stream_alsa.cc(428)] ALSA buffer = 4096, period = 512
04-09 09:37:46.369  3072  3072 I cast_shell: [3075:3095:INFO:stream_mixer.cc(607)] Dynamic channel count not enabled; using stereo
04-09 09:37:46.369  3072  3072 I cast_shell: [3075:3095:INFO:stream_mixer.cc(604)] Input source channel count = 1
04-09 09:37:46.369  3072  3072 I cast_shell: [3075:3095:INFO:stream_mixer.cc(607)] Dynamic channel count not enabled; using stereo
04-09 09:37:46.369  3072  3072 I cast_shell: [3075:3095:INFO:stream_mixer.cc(416)] Start with 0 active inputs
04-09 09:37:46.381  3072  3072 I cast_shell: [3075:3096:INFO:mixer_output_stream_alsa.cc(171)] snd_pcm_open: handle=0xf2b4fa48
04-09 09:37:46.383  3072  3072 I cast_shell: [3075:3096:WARNING:mixer_output_stream_alsa.cc(341)] Requested sample rate (44100 Hz) does not match the actual sample rate (48000 Hz). This may lead to lower audio quality.
04-09 09:37:46.384  3072  3072 I cast_shell: [3075:3096:INFO:mixer_output_stream_alsa.cc(346)] Sample rate changed from 0 to 48000
04-09 09:37:46.384  3072  3072 I cast_shell: [3075:3096:WARNING:mixer_output_stream_alsa.cc(379)] Requested period size (512 frames) does not match the actual period size (1024 frames). This may lead to an increase in CPU usage or an increase in audio latency.
04-09 09:37:46.386  3072  3072 I cast_shell: [3075:3095:INFO:stream_mixer.cc(466)] Output 2 channels at 48000 samples per second
04-09 09:37:46.386  3072  3072 I cast_shell: [3075:3096:INFO:filter_group.cc(340)] : 2ch@48000hz -> [GROUP]mix -> 2ch@48000hz
04-09 09:37:46.386  3072  3072 I cast_shell: [3075:3095:INFO:stream_mixer.cc(484)] Using 2 loopback channels
04-09 09:37:46.387  3072  3072 I cast_shell: [3075:3096:INFO:filter_group.cc(340)] [GROUP]mix: 2ch@48000hz -> [GROUP]linearize -> 2ch@48000hz
04-09 09:37:46.387  3072  3072 I cast_shell: [3075:3095:INFO:stream_mixer.cc(640)] Add input 0xf3f65c6c to mix @ 48000 samples per second. Is primary source? = 0
04-09 09:37:46.392  3072  3072 I cast_shell: [3075:3095:INFO:mixer_input.cc(361)] no_delay(0xf3f65c6c): set volume limits to [0, 1]
04-09 09:37:46.392  3072  3072 I cast_shell: [3075:3095:INFO:mixer_input.cc(121)] Remixing channels for 0xf3f65c6c from 1 to 2
04-09 09:37:46.392  3072  3072 I cast_shell: [3075:3095:INFO:mixer_input.cc(346)] no_delay(0xf3f65c6c): type volume = 1, effective multiplier = 1
04-09 09:37:46.392  3072  3072 I cast_shell: [3075:3095:INFO:mixer_input.cc(395)] no_delay(0xf3f65c6c): mute volume = 1, effective multiplier = 1
04-09 09:37:46.393  3072  3072 I cast_shell: [3075:3092:INFO:media_pipeline_backend_for_mixer.cc(276)] Audio ready to play
04-09 09:37:46.394  3072  3072 I cast_shell: [3075:3095:INFO:mixer_input_connection.cc(1053)] 0xf3f65c68 ready for playback
04-09 09:37:46.394  3072  3072 I cast_shell: [3075:3095:INFO:mixer_input_connection.cc(705)] Start 0xf3f65c68
04-09 09:37:46.399  3072  3072 I cast_shell: [3075:3113:INFO:ble_setup.cc(322)] Record action: Setup.play_sound.BLE
04-09 09:37:46.399  3072  3072 I cast_shell: [3075:3092:INFO:synchronized_sound_player.cc(362)] Playing sound key 0
04-09 09:37:46.399  3072  3072 I cast_shell: [3075:3097:INFO:mixer_input_connection.cc(386)] Remove 0xf3f65c68
04-09 09:37:46.420  3072  3072 I cast_shell: [3075:3092:INFO:audio_decoder_software_wrapper.cc(86)] Using backend decoder for PCM
04-09 09:37:46.420  3072  3072 I cast_shell: [3075:3097:INFO:mixer_input_connection.cc(208)] Create 0xf3f64ce8 (no_delay), content type: media, focus type: media, fill size: 512, algorithm fill size: 240, channel count: 2, input sample rate: 48000, start threshold: 3360, max queue size: 9600, socket: 0xf3d2b7c0
04-09 09:37:46.440  3072  3072 I cast_shell: [3075:3097:INFO:mixer_input_connection.cc(243)] Delete 0xf3f65c68
04-09 09:37:46.440  3072  3072 I cast_shell: [3075:3095:INFO:stream_mixer.cc(683)] Remove input 0xf3f65c6c
04-09 09:37:46.440  3072  3072 I chatty  : uid=1000(chrome) /bin/logwrapper identical 1 line
04-09 09:37:46.440  3072  3072 I cast_shell: [3075:3095:INFO:stream_mixer.cc(683)] Remove input 0xf3f65c6c
04-09 09:37:46.440  3072  3072 I cast_shell: [3075:3095:INFO:stream_mixer.cc(604)] Input source channel count = 2
04-09 09:37:46.440  3072  3072 I cast_shell: [3075:3095:INFO:stream_mixer.cc(607)] Dynamic channel count not enabled; using stereo
04-09 09:37:46.440  3072  3072 I cast_shell: [3075:3095:INFO:stream_mixer.cc(640)] Add input 0xf3f64cec to mix @ 48000 samples per second. Is primary source? = 0
04-09 09:37:46.440  3072  3072 I cast_shell: [3075:3095:INFO:mixer_input.cc(361)] no_delay(0xf3f64cec): set volume limits to [0, 1]
04-09 09:37:46.440  3072  3072 I cast_shell: [3075:3095:INFO:mixer_input.cc(346)] no_delay(0xf3f64cec): type volume = 1, effective multiplier = 1
04-09 09:37:46.440  3072  3072 I cast_shell: [3075:3095:INFO:mixer_input.cc(395)] no_delay(0xf3f64cec): mute volume = 1, effective multiplier = 1
04-09 09:37:46.441  3072  3072 I cast_shell: [3075:3092:INFO:media_pipeline_backend_for_mixer.cc(276)] Audio ready to play
04-09 09:37:46.441  3072  3072 I cast_shell: [3075:3095:INFO:mixer_input_connection.cc(1053)] 0xf3f64ce8 ready for playback
04-09 09:37:46.461  3072  3072 I cast_shell: [3075:3095:INFO:mixer_input_connection.cc(705)] Start 0xf3f64ce8
04-09 09:37:46.784  3072  3072 I cast_shell: [3075:3083:ERROR:connectivity_checker_impl.cc(265)] Connectivity check failed: 400
04-09 09:37:47.789  3072  3072 I cast_shell: [3075:3083:ERROR:connectivity_checker_impl.cc(265)] Connectivity check failed: 400
04-09 09:37:48.061  3072  3072 I cast_shell: [3075:3095:INFO:mixer_input_connection.cc(589)] End of stream for 0xf3f64ce8
04-09 09:37:48.253  3072  3072 I cast_shell: [3075:3092:INFO:synchronized_sound_player.cc(496)] Finished playing sound
04-09 09:37:48.253  3072  3072 I cast_shell: [3075:3097:INFO:mixer_input_connection.cc(386)] Remove 0xf3f64ce8
04-09 09:37:48.317  3072  3072 I cast_shell: [3075:3097:INFO:mixer_input_connection.cc(243)] Delete 0xf3f64ce8
04-09 09:37:48.317  3072  3072 I cast_shell: [3075:3095:INFO:stream_mixer.cc(683)] Remove input 0xf3f64cec
04-09 09:37:48.317  3072  3072 I cast_shell: [3075:3095:INFO:stream_mixer.cc(774)] Close timeout
04-09 09:37:48.317  3072  3072 I cast_shell: [3075:3095:INFO:stream_mixer.cc(541)] Stop
04-09 09:37:48.318  3072  3072 I cast_shell: [3075:3083:INFO:loopback_audio_input.cc(194)] [REALIGN] loopback interrupted; reason = 4
04-09 09:37:48.318  3072  3072 I cast_shell: [3075:3075:INFO:cast_receiver_mojo.cc(844)] cast event : Cast.Platform.Audio.OutputInterrupted
04-09 09:37:48.402  3072  3072 I cast_shell: [3075:3096:INFO:mixer_output_stream_alsa.cc(293)] snd_pcm_close: handle=0xf2b4fa48
04-09 09:37:48.796  3072  3072 I cast_shell: [3075:3083:ERROR:connectivity_checker_impl.cc(265)] Connectivity check failed: 400
04-09 09:37:57.856  3072  3072 I chatty  : uid=1000(chrome) /bin/logwrapper identical 9 lines
04-09 09:37:58.862  3072  3072 I cast_shell: [3075:3083:ERROR:connectivity_checker_impl.cc(265)] Connectivity check failed: 400
04-09 09:37:59.354  3072  3072 I cast_shell: [3075:3113:INFO:ble_setup.cc(322)] Record action: Setup.connect_wifi.BLE
04-09 09:37:59.361  3072  3072 I cast_shell: [3075:3113:INFO:setup_manager_impl.cc(1965)] New value: pref=tos-accepted, value=1
04-09 09:37:59.361  3072  3072 I cast_shell: [3075:3113:INFO:api_connect_wifi.cc(86)] connect_wifi Auth: 7
04-09 09:37:59.361  3072  3072 I cast_shell: [3075:3113:INFO:api_connect_wifi.cc(90)] connect_wifi Cipher: 4
04-09 09:37:59.362  3072  3072 I cast_shell: [3075:3075:INFO:bluetooth_setup.cc(686)] Disabling connectability: no bonded devices.
04-09 09:37:59.362  3072  3072 I cast_shell: [3075:3075:INFO:cast_receiver_impl.cc(1100)] Leaving discovery-only mode
04-09 09:37:59.362  3072  3072 I cast_shell: [3075:3075:INFO:application_config_manager_impl.cc(566)] Enabling virtual device 5ac3f6c7-15f8-9300-671d-e385986e1d56
04-09 09:37:59.362  3072  3072 I cast_shell: [3075:3123:INFO:mdns_cast_service.cc(351)] Device discovery state is idle
04-09 09:37:59.362  3072  3072 I cast_shell: [3075:3123:INFO:mdns_util.cc(102)] Defaulting mDNS capabilities for audio-only build
04-09 09:37:59.375  3072  3072 I cast_shell: [3075:3113:INFO:wifi_controller_wpa_supplicant.cc(1188)] strongest_snr=25 wifi_interface_index=0
04-09 09:37:59.390  3072  3072 I cast_shell: [3075:3113:INFO:api_connect_wifi.cc(159)] [PII] Configuring wifi: ssid=Linksys16717_2G, auth=7, pairwise=4, id=0"
04-09 09:37:59.391  3072  3072 I cast_shell: [3075:3113:INFO:api_connect_wifi.cc(162)] Configuring wifi: otg =0, tethering_mode =0, wifi_auto_save_enabled=0
04-09 09:37:59.396  2732  2760 I bluetoothtbd: [0408/210759.396387:INFO:adapter.cc(551)] Adapter properties changed
04-09 09:37:59.396  3072  3072 I cast_shell: [3075:3113:INFO:local_network_info_impl.cc(276)] CONNECTIVITY_ID changed:
04-09 09:37:59.396  3072  3072 I cast_shell: [3075:3113:INFO:setup_state.cc(261)] Setup state changed: SETUP_STATE_DISCONNECTED_EXTERNAL_CLIENT_ACCESSED (11) -> SETUP_STATE_SCANNING (20)
04-09 09:37:59.396  3072  3072 I cast_shell: [3075:3075:INFO:ccs_manager_impl.cc(1799)] Connectivity ID has changed; Will re-register CCS
04-09 09:37:59.396  3072  3072 I cast_shell: [3075:3075:INFO:ccs_manager_impl.cc(851)] Network connectivity down for CcsManager
04-09 09:37:59.396  3072  3072 I cast_shell: [3075:3113:INFO:bluetooth_manager.cc(115)] Record action: Cast.Bluetooth.DiscoveryMode.Disable
04-09 09:37:59.396  3072  3072 I cast_shell: [3075:3113:INFO:setup_state.cc(261)] Setup state changed: SETUP_STATE_SCANNING (20) -> SETUP_STATE_CHECKING_GLOBAL_CONNECTIVITY (50)
04-09 09:37:59.399  2710  2722 I yani_server: NetLink Event '-1' Interface-Index '5' WLAN '-1' Ethernet '-1' Parsed-iFill '-1' -> 'INVALID' ifIndex '1' -> 'lo'
04-09 09:37:59.402  2957  3152 I LibreCastControlDelegate: OnCastStatus() +++ Lyric Speaker Box 21f384:0xab6c9198:OFFLINE
04-09 09:37:59.402  2957  3152 I LibreCastControlDelegate: Device Build Number -> '1.52.272222'
04-09 09:37:59.402  2957  3152 I librecast: updateCastBuildVersion() Version 1.52.272222
04-09 09:37:59.402  2711  2718 I lucitransport: readRemoteMessage() MID char = 7 buffer = 1.52.272222
04-09 09:37:59.403  2957  3152 I LibreCastControlDelegate: Active Applications -> 0
04-09 09:37:59.403  2957  3152 I LibreCastControlDelegate: Current Cast State '3' -> 'OFFLINE'
04-09 09:37:59.403  2957  3152 I LibreCastControlDelegate: OnCastStatus() ---
04-09 09:37:59.403  2957  3152 I LibreCastControlDelegate: OnCastStatus() +++ Lyric Speaker Box 21f384:0xab6c9198:OFFLINE
04-09 09:37:59.403  2957  3152 I LibreCastControlDelegate: Device Build Number -> '1.52.272222'
04-09 09:37:59.403  2957  3152 I librecast: updateCastBuildVersion() Version 1.52.272222
04-09 09:37:59.403  2711  2718 I lucitransport: readRemoteMessage() MID char = 7 buffer = 1.52.272222
04-09 09:37:59.404  2957  3152 I LibreCastControlDelegate: Active Applications -> 0
04-09 09:37:59.404  2957  3152 I LibreCastControlDelegate: Current Cast State '3' -> 'OFFLINE'
04-09 09:37:59.404  2957  3152 I LibreCastControlDelegate: OnCastStatus() ---
04-09 09:37:59.868  3072  3072 I cast_shell: [3075:3083:ERROR:connectivity_checker_impl.cc(265)] Connectivity check failed: 400
04-09 09:37:59.897  3072  3072 I cast_shell: [3075:3113:INFO:metrics_recorder.cc(282)] Record action: Setup.version.BLE
04-09 09:37:59.927  3072  3072 I cast_shell: [3075:3113:INFO:metrics_recorder.cc(282)] Record action: Setup.tos_accepted.BLE
04-09 09:37:59.972  3072  3072 I cast_shell: [3075:3113:INFO:metrics_recorder.cc(282)] Record action: Setup.state.BLE
04-09 09:38:00.002  3072  3072 I cast_shell: [3075:3113:INFO:metrics_recorder.cc(282)] Record action: Setup.ip_address.BLE
04-09 09:38:00.368  3072  3072 I cast_shell: [3075:3075:INFO:grpc_service_discovery_impl.cc(185)] Mdns discovered google RPC for [PII](6E7A039D92C571F8B515BB6FEF572108).
04-09 09:38:00.542  3072  3072 I cast_shell: [3075:3113:INFO:metrics_recorder.cc(282)] Record action: Setup.version.BLE
04-09 09:38:00.572  3072  3072 I cast_shell: [3075:3113:INFO:metrics_recorder.cc(282)] Record action: Setup.tos_accepted.BLE
04-09 09:38:00.601  3072  3072 I cast_shell: [3075:3113:INFO:metrics_recorder.cc(282)] Record action: Setup.state.BLE
04-09 09:38:00.631  3072  3072 I cast_shell: [3075:3113:INFO:metrics_recorder.cc(282)] Record action: Setup.ip_address.BLE
04-09 09:38:00.875  3072  3072 I cast_shell: [3075:3083:ERROR:connectivity_checker_impl.cc(265)] Connectivity check failed: 400
04-09 09:38:01.172  3072  3072 I cast_shell: [3075:3113:INFO:metrics_recorder.cc(282)] Record action: Setup.version.BLE
04-09 09:38:01.202  3072  3072 I cast_shell: [3075:3113:INFO:metrics_recorder.cc(282)] Record action: Setup.tos_accepted.BLE
04-09 09:38:01.231  3072  3072 I cast_shell: [3075:3113:INFO:metrics_recorder.cc(282)] Record action: Setup.state.BLE
04-09 09:38:01.262  3072  3072 I cast_shell: [3075:3113:INFO:metrics_recorder.cc(282)] Record action: Setup.ip_address.BLE
04-09 09:38:01.371  3072  3072 I cast_shell: [3075:3123:INFO:mdns_app_filter.cc(1526)] MdnsAppFilter: Done announcing.
04-09 09:38:01.802  3072  3072 I cast_shell: [3075:3113:INFO:metrics_recorder.cc(282)] Record action: Setup.version.BLE
04-09 09:38:01.831  3072  3072 I cast_shell: [3075:3113:INFO:metrics_recorder.cc(282)] Record action: Setup.tos_accepted.BLE
04-09 09:38:01.862  3072  3072 I cast_shell: [3075:3113:INFO:metrics_recorder.cc(282)] Record action: Setup.state.BLE
04-09 09:38:01.881  3072  3072 I cast_shell: [3075:3083:ERROR:connectivity_checker_impl.cc(265)] Connectivity check failed: 400
04-09 09:38:01.891  3072  3072 I cast_shell: [3075:3113:INFO:metrics_recorder.cc(282)] Record action: Setup.ip_address.BLE
04-09 09:38:02.432  3072  3072 I cast_shell: [3075:3113:INFO:metrics_recorder.cc(282)] Record action: Setup.version.BLE
04-09 09:38:02.462  3072  3072 I cast_shell: [3075:3113:INFO:metrics_recorder.cc(282)] Record action: Setup.tos_accepted.BLE
04-09 09:38:02.492  3072  3072 I cast_shell: [3075:3113:INFO:metrics_recorder.cc(282)] Record action: Setup.state.BLE
04-09 09:38:02.522  3072  3072 I cast_shell: [3075:3113:INFO:metrics_recorder.cc(282)] Record action: Setup.ip_address.BLE
04-09 09:38:02.846  2709  2709 I wpa_supplicant: wlan0: Selected BSS :ef (level:-44 noise:-61 frequency:2427)
04-09 09:38:02.848  2709  2709 I wpa_supplicant: wlan0: SME: Trying to authenticate with c8:b3:73:44:ae:ef (SSID='Linksys16717_2G' freq=2427 MHz)
04-09 09:38:02.851  2710  2722 I yani_server: NetLink Event '-1' Interface-Index '5' WLAN '0' Ethernet '-1' Parsed-iFill '-1' -> 'INVALID' ifIndex '1' -> 'lo'
04-09 09:38:02.852  2710  2722 I chatty  : uid=0(root) YaniServer identical 2 lines
04-09 09:38:02.853  2710  2722 I yani_server: NetLink Event '-1' Interface-Index '5' WLAN '0' Ethernet '-1' Parsed-iFill '-1' -> 'INVALID' ifIndex '1' -> 'lo'
04-09 09:38:02.854  2956  2967 D wac-main: Netlink event
04-09 09:38:02.854  2956  2967 E wac-main: Netlink event 16 Interface Index 5 
04-09 09:38:02.854  2956  2967 E wac-main: Enter poll and wait
04-09 09:38:02.854  2956  2967 D wac-main: Netlink event
04-09 09:38:02.854  2956  2967 E wac-main: Netlink event 16 Interface Index 5 
04-09 09:38:02.854  2956  2967 E wac-main: Enter poll and wait
04-09 09:38:02.857  2710  2722 I yani_server: NetLink Event '-1' Interface-Index '5' WLAN '0' Ethernet '-1' Parsed-iFill '-1' -> 'INVALID' ifIndex '1' -> 'lo'
04-09 09:38:02.860  2709  2709 I wpa_supplicant: wlan0: Trying to associate with c8:b3:73:44:ae:ef (SSID='Linksys16717_2G' freq=2427 MHz)
04-09 09:38:02.862  2710  2722 I chatty  : uid=0(root) YaniServer identical 2 lines
04-09 09:38:02.863  2710  2722 I yani_server: NetLink Event '-1' Interface-Index '5' WLAN '0' Ethernet '-1' Parsed-iFill '-1' -> 'INVALID' ifIndex '1' -> 'lo'
04-09 09:38:02.863  2710  2722 I yani_kernel: yani_geteventfrom_changeaddr() Message-Id '1' Netlink event '16' Interface Index '5' -> Name 'wlan0' 
04-09 09:38:02.864  2710  2722 I yani_kernel: yani_geteventfrom_changeaddr() Message-Id '1' Netlink event '16' Interface Index '5' -> Name 'wlan0' 
04-09 09:38:02.887  3154  3154 I hostapd : p2p0: IEEE 802.11 driver had channel switch: freq=2427, ht=1, vht_ch=0x0, offset=0, width=1 (20 MHz), cf1=2427, cf2=0
04-09 09:38:02.890  3039  3039 I hostapd : p2p1: IEEE 802.11 driver had channel switch: freq=2427, ht=1, vht_ch=0x0, offset=0, width=1 (20 MHz), cf1=2427, cf2=0
04-09 09:38:02.891  2709  2709 I wpa_supplicant: wlan0: Associated with c8:b3:73:44:ae:ef
04-09 09:38:02.891  2709  2709 I wpa_supplicant: wlan0: CTRL-EVENT-SUBNET-STATUS-UPDATE status=0
04-09 09:38:02.893  2710  2722 I yani_server: NetLink Event '-1' Interface-Index '5' WLAN '-1' Ethernet '-1' Parsed-iFill '-1' -> 'INVALID' ifIndex '1' -> 'lo'
04-09 09:38:02.895  2710  2722 I yani_server: NetLink Event '-1' Interface-Index '5' WLAN '0' Ethernet '-1' Parsed-iFill '-1' -> 'INVALID' ifIndex '1' -> 'lo'
04-09 09:38:02.895  2710  2722 I yani_kernel: yani_geteventfrom_changeaddr() Message-Id '1' Netlink event '16' Interface Index '5' -> Name 'wlan0' 
04-09 09:38:02.896  2710  2722 I yani_kernel: yani_geteventfrom_changeaddr() Message-Id '1' Netlink event '16' Interface Index '5' -> Name 'wlan0' 
04-09 09:38:02.896  2709  2709 I wpa_supplicant: wlan0: WPA: RX message 1 of 4-Way Handshake from c8:b3:73:44:ae:ef (ver=2)
04-09 09:38:02.896  2709  2709 I wpa_supplicant: wlan0: WPA: Sending EAPOL-Key 2/4
04-09 09:38:02.897  2956  2967 D wac-main: Netlink event
04-09 09:38:02.897  2956  2967 E wac-main: Netlink event 16 Interface Index 5 
04-09 09:38:02.897  2956  2967 E wac-main: Enter poll and wait
04-09 09:38:02.897  2956  2967 D wac-main: Netlink event
04-09 09:38:02.897  2956  2967 E wac-main: Netlink event 16 Interface Index 5 
