04-09 10:13:16.200  3070  3070 I cast_shell: [3073:3112:INFO:setup_state.cc(261)] Setup state changed: SETUP_STATE_UNKNOWN (0) -> SETUP_STATE_CHECKING_GLOBAL_CONNECTIVITY (50)
04-09 10:13:16.200  3070  3070 I cast_shell: [3073:3112:INFO:gatt_client_manager_impl.cc(202)] Enabling GATT client connectability
04-09 10:13:16.200  3070  3070 I cast_shell: [3073:3122:INFO:metrics_recorder.cc(282)] cast event: Cast.Discovery.Mdns.SocketCreated
04-09 10:13:16.208  3070  3070 I cast_shell: [system_updater_dummy.cpp(29)] system_updater_socket_create
04-09 10:13:16.210  3070  3070 I cast_shell: [3073:3091:WARNING:crl_downloader.cc(136)] CRL failed to restore.
04-09 10:13:16.277  2963  2991 I otamanager: OTAManager connected to CastUpdater via  /tmp/socket/system_updater
04-09 10:13:16.278  2963  2991 I otamanager: cast_updater_threadEntry socket handle 5
04-09 10:13:16.439  2957  3032 I LibreCastControl: LibreCastControl_init() Socket Initialized
04-09 10:13:16.449  2957  3032 E LibreCastControl: PULSAR:CreateCastControlThread:18
04-09 10:13:16.449  2957  3032 E LibreCastControl: Create LibreCastLUCITimerThreadInit 
04-09 10:13:16.449  2957  3148 E LibreCastControl: PULSAR:Run:23
04-09 10:13:16.450  2957  3149 E LibreCastControl: Timer Sem Wait Start iCastPlayerstate = 0 
04-09 10:13:16.463  2690  2690 I sh      : [0408/214316.462841:INFO:cast_control_impl.cc(744)] CastControl has started running.
04-09 10:13:16.463  2690  2690 I sh      : [0408/214316.463695:INFO:cast_control_impl.cc(745)] Attempting to connect CastMessageService. socket=/tmp/cast-control
04-09 10:13:16.466  2957  3148 I LibreCastControlDelegate: OnCastStatus() +++ :0xab228198:STARTING
04-09 10:13:16.466  2690  2690 I sh      : [0408/214316.466641:INFO:cast_control_socket.cc(64)] Successfully connected Cast Control Socket
04-09 10:13:16.466  2957  3148 E LibreCastControlDelegate: OnCastStatus:177
04-09 10:13:16.468  2957  3148 I LibreCastControl: LibreCastControl_SetCastName()  name 'Lyric Speaker Box 21f384' RequestId '1' pCastControl 0xf5000728
04-09 10:13:16.468  2957  3148 I LibreCastControlDelegate: Active Applications -> 0
04-09 10:13:16.468  2957  3148 I LibreCastControlDelegate: Current Cast State '1' -> 'STARTING'
04-09 10:13:16.468  2957  3148 I LibreCastControlDelegate: OnCastStatus() ---
04-09 10:13:16.468  2690  2690 I sh      : [0408/214316.468686:INFO:cast_message_service_impl.cc(185)] Sending connect message!
04-09 10:13:16.472  3070  3070 I cast_shell: [3073:3123:INFO:metrics_recorder.cc(282)] Cast v2 action(socket_id=domain-socket@/tmp/cast-control.1): CastV2.Connection.Connect.In
04-09 10:13:16.473  3070  3070 I cast_shell: [3073:3073:INFO:resource_namespace_handler.cc(307)] Setting resource provider: sender_id=domain-socket@/tmp/cast-control.1:system-0
04-09 10:13:16.473  2690  2690 I sh      : [0408/214316.473727:INFO:cast_message_service_impl.cc(1007)] CastMessageServiceImpl matched versions
04-09 10:13:16.676  2733  2744 I WifiUtil: get p2p0 channel 6 (2437MHz)
04-09 10:13:16.676  2733  2744 I HotspotManager: start hostapd at channel=6 SSID=<SSID omitted> hidden_ssid=0
04-09 10:13:16.682  3070  3070 I cast_shell: [3073:3122:INFO:metrics_recorder.cc(282)] cast event: Cast.Discovery.Mdns.SocketCreated
04-09 10:13:16.682  3070  3070 I cast_shell: [3073:3122:INFO:mdns_app_filter.cc(1254)] Created mDNS socket for interface:name=p2p1, address=192.168.2.1, index=7
04-09 10:13:16.682  3070  3070 I cast_shell: [3073:3122:INFO:metrics_recorder.cc(282)] cast event: Cast.Discovery.Mdns.SocketCreated
04-09 10:13:16.682  3070  3070 I cast_shell: [3073:3122:INFO:mdns_app_filter.cc(1254)] Created mDNS socket for interface:name=usb0, address=192.168.10.1, index=9
04-09 10:13:16.682  3070  3070 I cast_shell: [3073:3122:INFO:mdns_app_filter.cc(977)] MdnsAppFilter is starting.
04-09 10:13:16.682  3070  3070 I cast_shell: [3073:3122:INFO:metrics_recorder.cc(282)] cast event: Cast.Discovery.Mdns.ResponderStarted
04-09 10:13:16.682  3070  3070 I cast_shell: [3073:3122:INFO:discovered_service_client.cc(78)] Primary interface for service discovery has changed: ifindex=9
04-09 10:13:16.684  2736  2766 I bluetoothtbd: [0408/214316.684889:INFO:adapter.cc(551)] Adapter properties changed
04-09 10:13:16.687  2713  2725 I yani_kernel: yani_geteventfrom_changeaddr() Message-Id '1' Netlink event '20' Interface Index '6' -> Name 'p2p0' 
04-09 10:13:16.688  2736  2766 I bluetoothtbd: [0408/214316.688615:INFO:adapter.cc(551)] Adapter properties changed
04-09 10:13:16.690  3070  3070 I cast_shell: [3073:3112:INFO:bluetooth_manager.cc(115)] Record action: Cast.Bluetooth.DiscoveryMode.Disable
04-09 10:13:16.690  3070  3070 I cast_shell: [3073:3112:INFO:ble_setup.cc(1096)] LAT flag change 0
04-09 10:13:16.692  2733  2744 I HotspotManager: start dnsmasq
04-09 10:13:16.693  2956  2967 D wac-main: Netlink event
04-09 10:13:16.694  2956  2967 E wac-main: Netlink event 20 Interface Index 6 
04-09 10:13:16.694  2956  2967 E wac-main: Enter poll and wait
04-09 10:13:16.698  3070  3070 I cast_shell: [3073:3112:INFO:ble_setup.cc(1106)] Cleared generated LAT.
04-09 10:13:16.698  3070  3070 I cast_shell: [3073:3112:WARNING:setup_manager_impl.cc(1136)] NAT not supported, no captive portal support.
04-09 10:13:16.699  3070  3070 I cast_shell: [3073:3112:INFO:setup_namespace_handler.cc(94)] Added a peer for setup namespace: domain-socket@/tmp/cast-control.1:system-0
04-09 10:13:16.703  2957  3148 I LibreCastControlDelegate: OnCastStatus() +++ LSB7906:0xab228198:NOT_SETUP
04-09 10:13:16.703  2957  3148 I LibreCastControlDelegate: Device Build Number -> '1.52.272222'
04-09 10:13:16.703  2957  3148 I librecast: updateCastBuildVersion() Version 1.52.272222
04-09 10:13:16.713  3070  3070 I cast_shell: [3073:3125:INFO:multizone_group.cc(357)] Change name for group [PII](908C0CD9D881BA772B557226FC3D020C) to [PII](Lyric Speaker Box 21f384)
04-09 10:13:16.715  3070  3070 I cast_shell: [3073:3073:INFO:device_info_impl.cc(1133)] SSDP Config ID is increased: id=2
04-09 10:13:16.716  3070  3070 I cast_shell: [3073:3073:INFO:device_info_impl.cc(1133)] SSDP Config ID is increased: id=3
04-09 10:13:16.717  3070  3070 I cast_shell: [3073:3122:INFO:mdns_util.cc(102)] Defaulting mDNS capabilities for audio-only build
04-09 10:13:16.717  3070  3070 I cast_shell: [3073:3122:INFO:mdns_util.cc(102)] Defaulting mDNS capabilities for audio-only build
04-09 10:13:16.717  3070  3070 I cast_shell: [3073:3073:INFO:mdns_manager_impl.cc(429)] Successfully updated service: type=_googlecast
04-09 10:13:16.717  3070  3070 I cast_shell: [3073:3073:INFO:virtual_device.cc(296)] Updated mDNS service for virtual device: id=523e1ccc-f807-5341-7e32-8d475ce21d1b
04-09 10:13:16.717  3070  3070 I cast_shell: [3073:3073:INFO:mdns_manager_impl.cc(429)] Successfully updated service: type=_googlecast
04-09 10:13:16.717  3070  3070 I cast_shell: [3073:3073:INFO:virtual_device.cc(296)] Updated mDNS service for virtual device: id=523e1ccc-f807-5341-7e32-8d475ce21d1b
04-09 10:13:16.724  2957  3148 I LibreCastControlDelegate: Active Applications -> 0
04-09 10:13:16.735  3070  3070 I cast_shell: [3073:3112:INFO:bluetooth_manager.cc(1232)] [PII] Set device name to 'Lyric Speaker Box 21f384'
04-09 10:13:16.736  3070  3070 I cast_shell: [3073:3073:INFO:multizone_setup.cc(328)] Configured audio output delay changed. User delay = 0 s, OEM delay = 0.08 s, HDMI delay = 0 s
04-09 10:13:16.760  2713  2725 I yani_server: NetLink Event '6' Interface-Index '6' WLAN '-1' Ethernet '-1' Parsed-iFill '6' -> 'P2P0 CONNECTED' ifIndex '2' -> 'tunl0'
04-09 10:13:16.764  2957  3148 I LibreCastControl: LibreCastControl_RequestGVAStatus() RequestId '5' pCastControl 0xf5000728
04-09 10:13:16.765  2690  2690 I sh      : [0408/214316.764174:INFO:cast_message_service_impl.cc(1076)] CastMessageServiceImpl is ready
04-09 10:13:16.765  3070  3070 I cast_shell: [3073:3073:INFO:assistant_namespace_handler.cc(144)] Added a status listening peer for assistant namespace: domain-socket@/tmp/cast-control.1:system-0
04-09 10:13:16.766  2957  3148 I LibreCastControlDelegate: OnResponse() ReqeustID 5, error  0
04-09 10:13:17.378  3070  3070 I cast_shell: [3073:3073:INFO:crypto_manager.cc(278)] Public key: MIIBCgKCAQEAkMi2Hp6D6/jiBZzgq6LP6Lfv9ZQYGlF8XvFH3snyyZ1heO5kgW+uWphd76wgZvuzMlvZYse7u6wCjw7IR7ISIhONgFrgfSYzhVDNKw9cq1m5MNldSX5EMwHPHgEHcE+/lBECweJ43watTHEW9L/xhcOSYjmLgSLolU3mx9GUCMwTdlH129kOiLWokwT1PaeX6az/Jnc8VtopGOWWRT39e/Cwvq3IgRpnKwMg9v7LTEHphdILXe7Qav0+MMsVqfQW0umiSNEvq1miNNyTsd0bvXhcHE6eD8aV8M8fj5ft/7ikYmuPTiRC0ZXxtC9wtPs6+ql0I07iWIxsSEVspVLu6QIDAQAB
04-09 10:13:17.379  3070  3070 I cast_shell: [3073:3073:INFO:crypto_manager.cc(289)] Public modulus: kMi2Hp6D6_jiBZzgq6LP6Lfv9ZQYGlF8XvFH3snyyZ1heO5kgW-uWphd76wgZvuzMlvZYse7u6wCjw7IR7ISIhONgFrgfSYzhVDNKw9cq1m5MNldSX5EMwHPHgEHcE-_lBECweJ43watTHEW9L_xhcOSYjmLgSLolU3mx9GUCMwTdlH129kOiLWokwT1PaeX6az_Jnc8VtopGOWWRT39e_Cwvq3IgRpnKwMg9v7LTEHphdILXe7Qav0-MMsVqfQW0umiSNEvq1miNNyTsd0bvXhcHE6eD8aV8M8fj5ft_7ikYmuPTiRC0ZXxtC9wtPs6-ql0I07iWIxsSEVspVLu6Q
04-09 10:13:17.379  3070  3070 I cast_shell: [3073:3073:INFO:crypto_manager.cc(294)] Public exponent: AQAB
04-09 10:13:17.494  3070  3070 I cast_shell: [3073:3122:INFO:mdns_app_filter.cc(1403)] MdnsAppFilter: Done probing.
04-09 10:13:17.531  3070  3070 I cast_shell: [3073:3125:INFO:multizone_manager.cc(1889)] Initial discovery complete
04-09 10:13:17.531  3070  3070 I cast_shell: [3073:3122:INFO:mdns_app_filter.cc(1605)] Re-probing due to newly registered service '3': _googlezone
04-09 10:13:17.532  3070  3070 I cast_shell: [3073:3073:INFO:mdns_manager_impl.cc(311)] Successfully registered service: type=_googlezone
04-09 10:13:17.572  2713  2725 I yani_server: doLotofWork() List of interface '4'
04-09 10:13:17.572  2713  2725 I yani_server: doLotofWork() Interface 'p2p0' ifr[0].ifr_name 'lo' ipaddress '127.0.0.1'
04-09 10:13:17.572  2713  2725 I yani_server: doLotofWork() Interface 'p2p0' ifr[1].ifr_name 'p2p0' ipaddress '192.168.255.249'
04-09 10:13:17.572  2713  2725 I yani_server: doLotofWork() returns 'REFILL WACMODE'
04-09 10:13:17.572  2713  2725 E yani_server: YANI: I am Done Wait For Event 
04-09 10:13:17.572  2713  2725 I yani_kernel: yani_geteventfrom_changeaddr() Message-Id '1' Netlink event '21' Interface Index '6' -> Name 'p2p0' 
04-09 10:13:17.573  2713  2815 I yani_server: onNetworkParametersChanged() WAC Mode '1'  Index '2' Interface 'p2p0' Status '1'
04-09 10:13:17.573  2730  2747 I MB_HANDLER: YaniAlert() Interface '4' Status '1'
04-09 10:13:17.574  3152  3152 I dnsmasq : started, version 2.51 DNS disabled
04-09 10:13:17.574  3152  3152 I dnsmasq : compile time options: no-IPv6 GNU-getopt no-DBus no-I18N DHCP no-scripts no-TFTP
04-09 10:13:17.577  2714  2714 I lucitransport: writeRemoteMessage() MID = 124 buffer = 4#1,0#2,0#3,1#4,1
04-09 10:13:17.577  2714  2714 I luciUART: write() MID = 124  bytes = 27 data = 4#1,0#2,0#3,1#4,1 m_fd = 0x5
04-09 10:13:17.577  2731  2731 E AirableUIHelper: AirableUIHelper::YaniAlert  4 1 
04-09 10:13:17.578  2713  2725 I yani_server: NetLink Event '5' Interface-Index '6' WLAN '-1' Ethernet '-1' Parsed-iFill '5' -> 'P2P0 DISCONNECTED' ifIndex '2' -> 'tunl0'
04-09 10:13:17.578  2963  2984 I otamanager: YaniAlert() Interface 4 Status Up
04-09 10:13:17.579  2959  2999 I airplay-main: YaniAlert Interface 4 Status 1
04-09 10:13:17.581  2713  2725 E yani_server: YANI: I am Done Wait For Event 
04-09 10:13:17.581  2713  2725 I yani_kernel: yani_geteventfrom_changeaddr() Message-Id '1' Netlink event '20' Interface Index '6' -> Name 'p2p0' 
04-09 10:13:17.581  2713  2815 I yani_server: onNetworkParametersChanged() WAC Mode '0'  Index '2' Interface 'p2p0' Status '0'
04-09 10:13:17.581  2730  2747 I MB_HANDLER: YaniAlert() Interface '3' Status '0'
04-09 10:13:17.582  2714  2714 I lucitransport: writeRemoteMessage() MID = 124 buffer = 0#1,0#2,0#3,0#4,0
04-09 10:13:17.582  2714  2714 I luciUART: write() MID = 124  bytes = 27 data = 0#1,0#2,0#3,0#4,0 m_fd = 0x5
04-09 10:13:17.583  2731  2731 E AirableUIHelper: AirableUIHelper::YaniAlert  3 0 
04-09 10:13:17.584  2963  2984 I otamanager: YaniAlert() Interface 3 Status Down
04-09 10:13:17.584  2959  2999 I airplay-main: YaniAlert Interface 3 Status 0
04-09 10:13:17.585  2713  2725 I yani_server: NetLink Event '6' Interface-Index '6' WLAN '-1' Ethernet '-1' Parsed-iFill '6' -> 'P2P0 CONNECTED' ifIndex '2' -> 'tunl0'
04-09 10:13:17.589  2956  2967 D wac-main: Netlink event
04-09 10:13:17.589  2956  2967 E wac-main: Netlink event 16 Interface Index 6 
04-09 10:13:17.589  2956  2967 E wac-main: p2p0 event Link Changed : 1002 
04-09 10:13:17.589  2956  2967 E wac-main: Enter poll and wait
04-09 10:13:17.591  2714  2722 E luciUART: UART:aa
04-09 10:13:17.591  2714  2722 E luciUART: UART:aa
04-09 10:13:17.591  2714  2722 E luciUART: UART:2
04-09 10:13:17.592  2714  2722 E luciUART: UART:0
04-09 10:13:17.592  2714  2722 E luciUART: UART:d0
04-09 10:13:17.592  2714  2722 E luciUART: UART:0
04-09 10:13:17.592  2714  2722 I chatty  : uid=0(root) UARTLUCIControl identical 2 lines
04-09 10:13:17.592  2714  2722 E luciUART: UART:0
04-09 10:13:17.592  2714  2722 E luciUART: UART:9
04-09 10:13:17.592  2714  2722 I luciUART: read() RemoteID = 43690 Command = 208 Type = 2 Status = 0 DataLen = 9
04-09 10:13:17.592  2714  2722 E luciUART: Error: full data not available yet! readBytes 0
04-09 10:13:17.592  2714  2722 I luciUART: Previous Packet read contd., 
04-09 10:13:17.592  2714  2722 E luciUART: UART:52
04-09 10:13:17.592  2714  2722 I luciUART: Previous Packet read contd., 
04-09 10:13:17.592  2714  2722 E luciUART: UART:45
04-09 10:13:17.592  2714  2722 I luciUART: Previous Packet read contd., 
04-09 10:13:17.592  2714  2722 E luciUART: UART:41
04-09 10:13:17.592  2714  2722 I luciUART: Previous Packet read contd., 
04-09 10:13:17.592  2714  2722 E luciUART: UART:44
04-09 10:13:17.592  2714  2722 I luciUART: Previous Packet read contd., 
04-09 10:13:17.592  2714  2722 E luciUART: UART:5f
04-09 10:13:17.592  2714  2722 I luciUART: Previous Packet read contd., 
04-09 10:13:17.592  2714  2722 E luciUART: UART:73
04-09 10:13:17.592  2714  2722 I luciUART: Previous Packet read contd., 
04-09 10:13:17.593  2714  2722 E luciUART: UART:73
04-09 10:13:17.593  2714  2722 I luciUART: Previous Packet read contd., 
04-09 10:13:17.593  2714  2722 E luciUART: UART:69
04-09 10:13:17.593  2714  2722 I luciUART: Previous Packet read contd., 
04-09 10:13:17.593  2714  2722 E luciUART: UART:64
04-09 10:13:17.593  2714  2723 E LUCI_SERVER: Luci Server Thread wait over MID 208....
04-09 10:13:17.593  2714  2722 E luciUART: UART:aa
04-09 10:13:17.593  2714  2723 E LUCI_SERVER: Got NV name : ssid
04-09 10:13:17.593  2714  2722 E luciUART: UART:aa
04-09 10:13:17.593  2714  2722 E luciUART: UART:2
04-09 10:13:17.593  2714  2722 E luciUART: UART:0
04-09 10:13:17.593  2714  2722 E luciUART: UART:d0
04-09 10:13:17.593  2714  2722 E luciUART: UART:0
04-09 10:13:17.593  2714  2722 I chatty  : uid=0(root) UARTLUCIControl identical 2 lines
04-09 10:13:17.594  2714  2722 E luciUART: UART:0
04-09 10:13:17.605  2714  2722 E luciUART: UART:aa
04-09 10:13:17.605  2714  2722 E luciUART: UART:aa
04-09 10:13:17.606  2714  2722 E luciUART: UART:2
04-09 10:13:17.606  2714  2722 E luciUART: UART:0
04-09 10:13:17.606  2714  2722 E luciUART: UART:d0
04-09 10:13:17.606  2714  2722 E luciUART: UART:0
04-09 10:13:17.606  2714  2722 I chatty  : uid=0(root) UARTLUCIControl identical 2 lines
04-09 10:13:17.606  2714  2722 E luciUART: UART:0
04-09 10:13:17.606  2714  2722 E luciUART: UART:9
04-09 10:13:17.606  2714  2722 I luciUART: read() RemoteID = 43690 Command = 208 Type = 2 Status = 0 DataLen = 9
04-09 10:13:17.606  2714  2722 E luciUART: Error: full data not available yet! readBytes 0
04-09 10:13:17.606  2714  2722 I luciUART: Previous Packet read contd., 
04-09 10:13:17.606  2714  2722 E luciUART: UART:52
04-09 10:13:17.606  2714  2722 I luciUART: Previous Packet read contd., 
04-09 10:13:17.606  2714  2722 E luciUART: UART:45
04-09 10:13:17.606  2714  2722 I luciUART: Previous Packet read contd., 
04-09 10:13:17.606  2714  2722 E luciUART: UART:41
04-09 10:13:17.606  2714  2722 I luciUART: Previous Packet read contd., 
04-09 10:13:17.606  2714  2722 E luciUART: UART:44
04-09 10:13:17.606  2714  2722 I luciUART: Previous Packet read contd., 
04-09 10:13:17.607  2714  2722 E luciUART: UART:5f
04-09 10:13:17.607  2714  2722 I luciUART: Previous Packet read contd., 
04-09 10:13:17.607  2714  2722 E luciUART: UART:73
04-09 10:13:17.607  2714  2722 I luciUART: Previous Packet read contd., 
04-09 10:13:17.607  2714  2722 E luciUART: UART:73
04-09 10:13:17.607  2714  2722 I luciUART: Previous Packet read contd., 
04-09 10:13:17.607  2714  2722 E luciUART: UART:69
04-09 10:13:17.607  2714  2722 I luciUART: Previous Packet read contd., 
04-09 10:13:17.607  2714  2722 E luciUART: UART:64
04-09 10:13:17.607  2714  2723 E LUCI_SERVER: Luci Server Thread wait over MID 208....
04-09 10:13:17.607  2714  2723 E LUCI_SERVER: Got NV name : ssid
04-09 10:13:17.608  2714  2723 I luciUART: write() MID = 208  bytes = 15 data = ssid: m_fd = 0x5
04-09 10:13:17.608  2714  2723 E LUCI_SERVER: NV_READ response= ssid:
04-09 10:13:17.608  2714  2723 E LUCI_SERVER: Luci Server Thread waiting for packets....
04-09 10:13:18.073  2957  3148 I LibreCastControlDelegate: OnResponse() ReqeustID 3, error  0
04-09 10:13:18.074  2957  3148 I LibreCastControlDelegate: OnCastStatus() +++ Lyric Speaker Box 21f384:0xab228198:NOT_SETUP
04-09 10:13:18.074  3070  3070 I cast_shell: [3073:3112:INFO:ble_setup.cc(789)] Missing required info for sign.
04-09 10:13:18.074  2957  3148 I LibreCastControlDelegate: Device Build Number -> '1.52.272222'
04-09 10:13:18.074  2957  3148 I librecast: updateCastBuildVersion() Version 1.52.272222
04-09 10:13:18.074  2714  2714 I lucitransport: readRemoteMessage() MID char = 7 buffer = 1.52.272222
04-09 10:13:18.074  2957  3148 I LibreCastControlDelegate: Active Applications -> 0
04-09 10:13:18.075  2957  3148 I LibreCastControlDelegate: Current Cast State '2' -> 'NOT_SETUP'
04-09 10:13:18.075  2957  3148 I LibreCastControlDelegate: OnCastStatus() ---
04-09 10:13:18.076  2713  2725 I yani_server: NetLink Event '-1' Interface-Index '5' WLAN '-1' Ethernet '-1' Parsed-iFill '-1' -> 'INVALID' ifIndex '1' -> 'lo'
04-09 10:13:18.079  2956  2967 D wac-main: Netlink event
04-09 10:13:18.079  2956  2967 E wac-main: Netlink event 16 Interface Index 6 
04-09 10:13:18.079  2956  2967 E wac-main: p2p0 event Link Changed : 1003 
04-09 10:13:18.079  2956  2967 E wac-main: Enter poll and wait
04-09 10:13:18.082  2713  2725 I yani_server: NetLink Event '-1' Interface-Index '5' WLAN '0' Ethernet '-1' Parsed-iFill '-1' -> 'INVALID' ifIndex '1' -> 'lo'
04-09 10:13:18.082  3150  3150 I hostapd : p2p0: IEEE 802.11 channel=6 mode=ht bw=20 htcaps=0x177f vhtcaps=0x0 cf_seg0=0 cf_seg1=0
04-09 10:13:18.085  2713  2725 I yani_server: NetLink Event '-1' Interface-Index '5' WLAN '0' Ethernet '-1' Parsed-iFill '-1' -> 'INVALID' ifIndex '1' -> 'lo'
04-09 10:13:18.085  2713  2725 I yani_kernel: yani_geteventfrom_changeaddr() Message-Id '1' Netlink event '16' Interface Index '6' -> Name 'p2p0' 
04-09 10:13:18.091  2957  3148 I LibreCastControlDelegate: OnCastStatus() +++ Lyric Speaker Box 21f384:0xab228198:NOT_SETUP
04-09 10:13:18.091  2957  3148 I LibreCastControlDelegate: Device Build Number -> '1.52.272222'
04-09 10:13:18.091  2957  3148 I librecast: updateCastBuildVersion() Version 1.52.272222
04-09 10:13:18.091  2714  2714 I lucitransport: readRemoteMessage() MID char = 7 buffer = 1.52.272222
04-09 10:13:18.091  2957  3148 I LibreCastControlDelegate: Active Applications -> 0
04-09 10:13:18.091  2957  3148 I LibreCastControlDelegate: Current Cast State '2' -> 'NOT_SETUP'
04-09 10:13:18.091  2957  3148 I LibreCastControlDelegate: OnCastStatus() ---
04-09 10:13:18.097  2957  3148 I LibreCastControlDelegate: OnCastStatus() +++ Lyric Speaker Box 21f384:0xab228198:NOT_SETUP
04-09 10:13:18.097  2957  3148 I LibreCastControlDelegate: Device Build Number -> '1.52.272222'
04-09 10:13:18.097  2957  3148 I librecast: updateCastBuildVersion() Version 1.52.272222
04-09 10:13:18.097  2714  2714 I lucitransport: readRemoteMessage() MID char = 7 buffer = 1.52.272222
04-09 10:13:18.098  2957  3148 I LibreCastControlDelegate: Active Applications -> 0
04-09 10:13:18.098  2957  3148 I LibreCastControlDelegate: Current Cast State '2' -> 'NOT_SETUP'
04-09 10:13:18.098  2957  3148 I LibreCastControlDelegate: OnCastStatus() ---
04-09 10:13:18.101  2957  3148 I LibreCastControlDelegate: OnCastStatus() +++ Lyric Speaker Box 21f384:0xab228198:NOT_SETUP
04-09 10:13:18.101  2957  3148 I LibreCastControlDelegate: Device Build Number -> '1.52.272222'
04-09 10:13:18.101  2957  3148 I librecast: updateCastBuildVersion() Version 1.52.272222
04-09 10:13:18.101  2714  2714 I lucitransport: readRemoteMessage() MID char = 7 buffer = 1.52.272222
04-09 10:13:18.101  2957  3148 I LibreCastControlDelegate: Active Applications -> 0
04-09 10:13:18.101  2957  3148 I LibreCastControlDelegate: Current Cast State '2' -> 'NOT_SETUP'
04-09 10:13:18.101  2957  3148 I LibreCastControlDelegate: OnCastStatus() ---
04-09 10:13:18.123  3070  3070 I cast_shell: [3073:3112:INFO:gatt_client_manager_impl.cc(202)] Enabling GATT client connectability
04-09 10:13:18.125  3070  3070 I cast_shell: [3073:3112:INFO:ble_setup.cc(915)] Sign related info completed, no future EurekaInfo need sign.
04-09 10:13:18.126  3070  3070 I cast_shell: [3073:3112:INFO:gatt_client_manager_impl.cc(202)] Enabling GATT client connectability
04-09 10:13:18.126  3070  3070 I chatty  : uid=1000(chrome) /bin/logwrapper identical 1 line
04-09 10:13:18.126  3070  3070 I cast_shell: [3073:3112:INFO:gatt_client_manager_impl.cc(202)] Enabling GATT client connectability
04-09 10:13:18.129  2736  2766 E bt_btif : BTA_GATTS_AddService: rcb_idx = 0
04-09 10:13:18.129  2736  2766 I bluetoothtbd: [0408/214318.129939:INFO:gatt_api.cc(207)] GATTS_AddService
04-09 10:13:18.130  2736  2766 I bluetoothtbd: [0408/214318.130260:INFO:gatt_api.cc(317)] GATTS_AddService: service parsed correctly, now starting
04-09 10:13:18.133  3070  3070 I cast_shell: [3073:3112:INFO:ble_setup_manager.cc(744)] Started Bluetooth service
04-09 10:13:18.141  2956  2967 D wac-main: Netlink event
04-09 10:13:18.142  2956  2967 E wac-main: Netlink event 16 Interface Index 6 
04-09 10:13:18.142  2956  2967 E wac-main: p2p0 event Link Changed : 11043 
04-09 10:13:18.142  2956  2967 E wac-main: p2p0 Changed Up 
04-09 10:13:18.142  2713  2725 I yani_kernel: yani_geteventfrom_changeaddr() Message-Id '1' Netlink event '16' Interface Index '6' -> Name 'p2p0' 
04-09 10:13:18.144  2956  2967 I wifiapi : newconn : 0xf4a00718
04-09 10:13:18.144  2956  2967 I wifiapi : 'STATUS' command returned = 0
04-09 10:13:18.145  2956  2967 E wac-main: current wifi status : 10
04-09 10:13:19.060  3070  3070 I cast_shell: [3073:3081:ERROR:connectivity_checker_impl.cc(265)] Connectivity check failed: 400
04-09 10:13:19.471  3070  3070 I cast_shell: [3073:3122:INFO:mdns_app_filter.cc(1403)] MdnsAppFilter: Done probing.
04-09 10:13:20.066  3070  3070 I cast_shell: [3073:3081:ERROR:connectivity_checker_impl.cc(265)] Connectivity check failed: 400
04-09 10:13:20.475  3070  3070 I cast_shell: [3073:3073:INFO:grpc_service_discovery_impl.cc(185)] Mdns discovered google RPC for [PII](908C0CD9D881BA772B557226FC3D020C).
04-09 10:13:21.073  3070  3070 I cast_shell: [3073:3081:ERROR:connectivity_checker_impl.cc(265)] Connectivity check failed: 400
04-09 10:13:21.145  2956  2967 E wac-main: Enter poll and wait
04-09 10:13:21.477  3070  3070 I cast_shell: [3073:3122:INFO:mdns_app_filter.cc(1526)] MdnsAppFilter: Done announcing.
04-09 10:13:22.078  3070  3070 I cast_shell: [3073:3081:ERROR:connectivity_checker_impl.cc(265)] Connectivity check failed: 400
04-09 10:13:24.091  3070  3070 I chatty  : uid=1000(chrome) /bin/logwrapper identical 2 lines
04-09 10:13:25.098  3070  3070 I cast_shell: [3073:3081:ERROR:connectivity_checker_impl.cc(265)] Connectivity check failed: 400
04-09 10:13:25.687  3070  3070 I cast_shell: [3073:3081:INFO:parent_tracker.cc(291)] [PII](908C0CD9D881BA772B557226FC3D020C) Become root
04-09 10:13:25.687  3070  3070 I cast_shell: [3073:3081:INFO:directory_service_impl.cc(200)] This device became root
04-09 10:13:26.106  3070  3070 I cast_shell: [3073:3081:ERROR:connectivity_checker_impl.cc(265)] Connectivity check failed: 400
04-09 10:13:26.203  3070  3070 I cast_shell: [3073:3112:ERROR:setup_state.cc(424)] Timeout for state=SETUP_STATE_CHECKING_GLOBAL_CONNECTIVITY(50): move to state=SETUP_STATE_CHECKING_GLOBAL_CONNECTIVITY_BAD_ROUTER(52).
04-09 10:13:26.203  3070  3070 I cast_shell: [3073:3112:INFO:setup_state.cc(261)] Setup state changed: SETUP_STATE_CHECKING_GLOBAL_CONNECTIVITY (50) -> SETUP_STATE_CHECKING_GLOBAL_CONNECTIVITY_BAD_ROUTER (52)
04-09 10:13:26.207  2957  3148 I LibreCastControlDelegate: OnCastStatus() +++ Lyric Speaker Box 21f384:0xab228198:NOT_SETUP
04-09 10:13:26.207  2957  3148 I LibreCastControlDelegate: Device Build Number -> '1.52.272222'
04-09 10:13:26.207  2957  3148 I librecast: updateCastBuildVersion() Version 1.52.272222
04-09 10:13:26.207  2714  2714 I lucitransport: readRemoteMessage() MID char = 7 buffer = 1.52.272222
04-09 10:13:26.208  2957  3148 I LibreCastControlDelegate: Active Applications -> 0
04-09 10:13:26.208  2957  3148 I LibreCastControlDelegate: Current Cast State '2' -> 'NOT_SETUP'
04-09 10:13:26.208  2957  3148 I LibreCastControlDelegate: OnCastStatus() ---
04-09 10:13:27.112  3070  3070 I cast_shell: [3073:3081:ERROR:connectivity_checker_impl.cc(265)] Connectivity check failed: 400
04-09 10:13:52.065  2733  2743 E NetworkMonitor: cannot find default IPv4 route for wlan0
04-09 10:13:52.065  2733  2743 E NetworkMonitor: cannot find default IPv6 route for wlan0
04-09 10:13:55.167  2733  2743 E NetworkMonitor: no response for /bin/ping -n -I wlan0 -c 10 -w 10 8.8.8.8
04-09 10:13:55.178  2733  2743 E NetworkMonitor: no response for /bin/ping6 -n -I wlan0 -c 10 -w 10 2001:4860:4860::8888
04-09 10:13:55.181  2733  2743 E NetworkMonitor: dns resolution failed
04-09 10:13:55.182  2733  2743 I NetworkMonitor: Cast.Wifi.Failure.Type 7
04-09 10:14:14.422  3070  3070 I chatty  : uid=1000(chrome) /bin/logwrapper identical 47 lines
04-09 10:14:15.429  3070  3070 I cast_shell: [3073:3081:ERROR:connectivity_checker_impl.cc(265)] Connectivity check failed: 400
04-09 10:14:15.835  3070  3070 I cast_shell: [3073:3073:INFO:grpc_manager_impl.cc(505)] GRPC[uri=[::]:0]: num_pending_calls=0, num_active_handlers=0, num_free_handlers=0
04-09 10:14:15.837  3070  3070 I cast_shell: [3073:3073:INFO:gcm_manager.cc(269)] Disabling GCM Driver
04-09 10:14:15.838  3070  3070 I cast_shell: [3073:3073:INFO:grpc_manager_impl.cc(505)] GRPC[uri=]: num_pending_calls=0, num_active_handlers=0, num_free_handlers=0
04-09 10:14:15.902  3070  3070 I cast_shell: [3073:3073:INFO:grpc_manager_impl.cc(505)] GRPC[uri=unix:/tmp/hcp_ipc_auth.socket]: num_pending_calls=0, num_active_handlers=10, num_free_handlers=0
04-09 10:14:15.907  3070  3070 I cast_shell: [3073:3073:INFO:grpc_manager_impl.cc(505)] GRPC[uri=unix:/tmp/modular_updater/modular_update_service]: num_pending_calls=0, num_active_handlers=0, num_free_handlers=0
04-09 10:14:15.928  3070  3070 I cast_shell: [3073:3073:INFO:metrics_recorder.cc(112)] Metrics stat: total=13
04-09 10:14:15.928  3070  3070 I cast_shell: Cast.Discovery.Mdns.ResponderStarted=2
04-09 10:14:15.928  3070  3070 I cast_shell: Cast.Discovery.Mdns.ResponderStopped=1
04-09 10:14:15.928  3070  3070 I cast_shell: Cast.Discovery.Mdns.SocketCreated=4
04-09 10:14:15.928  3070  3070 I cast_shell: Cast.Discovery.Mdns.SocketDestroyed=2
04-09 10:14:15.928  3070  3070 I cast_shell: Cast.System.Timezone.ChangeSuccessful=1
04-09 10:14:15.928  3070  3070 I cast_shell: CastV2.Connection.Connect.In=1
04-09 10:14:15.928  3070  3070 I cast_shell: CastV2.Receiver.DeviceStatus.Out=5
04-09 10:14:15.928  3070  3070 I cast_shell: CastV2.Receiver.DeviceStatus.Out.Broadcast=2
04-09 10:14:15.928  3070  3070 I cast_shell: CastV2.Receiver.GetStatus.In=1
04-09 10:14:15.928  3070  3070 I cast_shell: CastV2.Resource.Provider.In=1
04-09 10:14:16.037  3070  3070 I cast_shell: [3073:3073:INFO:metrics_recorder_impl.cc(672)] Activated server experiments: []
04-09 10:14:16.039  3070  3070 I cast_shell: [3073:3073:INFO:cast_logs_metrics_provider.cc(59)] netif is ipv4
04-09 10:14:16.039  3070  3070 I cast_shell: [3073:3073:ERROR:socket_posix.cc(148)] bind() failed: Address already in use (98)
04-09 10:14:16.039  3070  3070 I cast_shell: [3073:3073:INFO:net_util_impl.cc(1041)] Platform supports dual-stack
04-09 10:14:16.051  3070  3070 I cast_shell: [3073:3073:INFO:grpc_manager_impl.cc(505)] GRPC[uri=[::]:8012]: num_pending_calls=0, num_active_handlers=1, num_free_handlers=0
04-09 10:14:16.435  3070  3070 I cast_shell: [3073:3081:ERROR:connectivity_checker_impl.cc(265)] Connectivity check failed: 400
04-09 10:14:56.191  2733  2743 E NetworkMonitor: cannot find default IPv4 route for wlan0
04-09 10:14:56.192  2733  2743 E NetworkMonitor: cannot find default IPv6 route for wlan0
04-09 10:14:59.294  2733  2743 E NetworkMonitor: no response for /bin/ping -n -I wlan0 -c 10 -w 10 8.8.8.8
04-09 10:14:59.305  2733  2743 E NetworkMonitor: no response for /bin/ping6 -n -I wlan0 -c 10 -w 10 2001:4860:4860::8888
04-09 10:14:59.307  2733  2743 E NetworkMonitor: dns resolution failed
04-09 10:15:14.818  3070  3070 I chatty  : uid=1000(chrome) /bin/logwrapper identical 58 lines
04-09 10:15:15.824  3070  3070 I cast_shell: [3073:3081:ERROR:connectivity_checker_impl.cc(265)] Connectivity check failed: 400
04-09 10:15:15.837  3070  3070 I cast_shell: [3073:3073:INFO:grpc_manager_impl.cc(505)] GRPC[uri=[::]:0]: num_pending_calls=0, num_active_handlers=0, num_free_handlers=0
04-09 10:15:15.839  3070  3070 I cast_shell: [3073:3073:INFO:grpc_manager_impl.cc(505)] GRPC[uri=]: num_pending_calls=0, num_active_handlers=0, num_free_handlers=0
04-09 10:15:15.903  3070  3070 I cast_shell: [3073:3073:INFO:grpc_manager_impl.cc(505)] GRPC[uri=unix:/tmp/hcp_ipc_auth.socket]: num_pending_calls=0, num_active_handlers=10, num_free_handlers=0
04-09 10:15:15.908  3070  3070 I cast_shell: [3073:3073:INFO:grpc_manager_impl.cc(505)] GRPC[uri=unix:/tmp/modular_updater/modular_update_service]: num_pending_calls=0, num_active_handlers=0, num_free_handlers=0
04-09 10:15:15.928  3070  3070 I cast_shell: [3073:3073:INFO:metrics_recorder.cc(112)] Metrics stat: total=2
04-09 10:15:15.929  3070  3070 I cast_shell: Cast.Discovery.Mdns.ResponderPing=1
04-09 10:15:15.929  3070  3070 I cast_shell: Cast.Discovery.Mdns.SocketPing=2
04-09 10:15:16.052  3070  3070 I cast_shell: [3073:3073:INFO:grpc_manager_impl.cc(505)] GRPC[uri=[::]:8012]: num_pending_calls=0, num_active_handlers=1, num_free_handlers=0
04-09 10:15:16.830  3070  3070 I cast_shell: [3073:3081:ERROR:connectivity_checker_impl.cc(265)] Connectivity check failed: 400
04-09 10:15:46.019  3070  3070 I chatty  : uid=1000(chrome) /bin/logwrapper identical 29 lines
04-09 10:15:47.026  3070  3070 I cast_shell: [3073:3081:ERROR:connectivity_checker_impl.cc(265)] Connectivity check failed: 400
04-09 10:15:47.341  2736  2813 I bt_btm_ble: btm_ble_conn_complete unable to match and resolve random address
04-09 10:15:47.344  2736  2813 W bt_smp  : smp_br_connect_callback is called on unexpected transport 2
04-09 10:15:47.344  2736  2813 W bt_btif : bta_dm_acl_change info: 0x0
04-09 10:15:47.345  2736  2766 I bluetoothtbd: [0408/214547.345012:INFO:gatt_server.cc(280)] Added connection entry for conn_id: 5 device address: 42:5A:B8:F0:A7:E0
04-09 10:15:47.345  2736  2766 D bt_btif_dm: remote version info [42:5a:b8:f0:a7:e0]: 0, 0, 0
04-09 10:15:47.345  2736  2766 I bluetoothtbd: [0408/214547.345404:INFO:adapter.cc(719)] ACL state changed: 42:5A:B8:F0:A7:E0 - connected: true
04-09 10:15:47.348  3070  3070 I cast_shell: [3073:3112:ERROR:bluetooth_v1_via_v2.cc(796)] Connection state changed. :e0 true
04-09 10:15:47.838  2736  2766 D bt_btif_scanner: btif_gatts_upstreams_evt: Unhandled event (26)
04-09 10:15:48.033  3070  3070 I cast_shell: [3073:3081:ERROR:connectivity_checker_impl.cc(265)] Connectivity check failed: 400
04-09 10:15:48.415  2736  2813 E bluetoothtbd: [0408/214548.415582:ERROR:gatt_sr.cc(743)] MTU request PDU with MTU size 515
04-09 10:15:48.416  2736  2813 W bt_l2cap: l2cble_set_fixed_channel_tx_data_length, request not supported
04-09 10:15:48.416  2736  2813 W bluetoothtbd: [0408/214548.416571:WARNING:gatt_utils.cc(837)] Call back not found for application conn_id=3
04-09 10:15:48.416  2736  2813 W bluetoothtbd: [0408/214548.416671:WARNING:gatt_utils.cc(837)] Call back not found for application conn_id=4
04-09 10:15:48.416  2736  2813 W bluetoothtbd: [0408/214548.416767:WARNING:gatt_utils.cc(837)] Call back not found for application conn_id=6
04-09 10:15:48.460  3070  3070 I cast_shell: [3073:3112:INFO:ble_setup.cc(322)] Record action: Setup.set_eureka_info.BLE.Locale
04-09 10:15:48.461  3070  3070 I cast_shell: [3073:3112:INFO:locale_manager.cc(576)] New locale: en-US
04-09 10:15:48.462  3070  3070 I cast_shell: [3073:3097:INFO:media_manager_impl.cc(383)] TurnActive result: 0
04-09 10:15:48.472  3070  3070 I cast_shell: [3073:3112:INFO:setup_state.cc(544)] EurekaInfoCalled: wifi_state=3, is_usable_ip_address=1, connected=0, is_initial_setup=1
04-09 10:15:48.472  3070  3070 I cast_shell: [3073:3112:INFO:setup_state.cc(261)] Setup state changed: SETUP_STATE_CHECKING_GLOBAL_CONNECTIVITY_BAD_ROUTER (52) -> SETUP_STATE_DISCONNECTED_EXTERNAL_CLIENT_ACCESSED (11)
04-09 10:15:48.477  2957  3148 I LibreCastControlDelegate: OnCastStatus() +++ Lyric Speaker Box 21f384:0xab228198:NOT_SETUP
04-09 10:15:48.477  2957  3148 I LibreCastControlDelegate: Device Build Number -> '1.52.272222'
04-09 10:15:48.477  2957  3148 I librecast: updateCastBuildVersion() Version 1.52.272222
04-09 10:15:48.477  2714  2714 I lucitransport: readRemoteMessage() MID char = 7 buffer = 1.52.272222
04-09 10:15:48.478  2957  3148 I LibreCastControlDelegate: Active Applications -> 0
04-09 10:15:48.478  2957  3148 I LibreCastControlDelegate: Current Cast State '2' -> 'NOT_SETUP'
04-09 10:15:48.478  2957  3148 I LibreCastControlDelegate: OnCastStatus() ---
04-09 10:15:48.478  2957  3148 I LibreCastControlDelegate: OnCastStatus() +++ Lyric Speaker Box 21f384:0xab228198:NOT_SETUP
04-09 10:15:48.478  2957  3148 I LibreCastControlDelegate: Device Build Number -> '1.52.272222'
04-09 10:15:48.478  2957  3148 I librecast: updateCastBuildVersion() Version 1.52.272222
04-09 10:15:48.479  2714  2714 I lucitransport: readRemoteMessage() MID char = 7 buffer = 1.52.272222
04-09 10:15:48.480  3070  3070 I cast_shell: [3073:3112:INFO:metrics_recorder.cc(282)] Record action: Setup.version.BLE
04-09 10:15:48.500  3070  3070 I cast_shell: [3073:3112:INFO:metrics_recorder.cc(282)] Record action: Setup.name_utf8.BLE
04-09 10:15:48.545  3070  3070 I cast_shell: [3073:3112:INFO:metrics_recorder.cc(282)] Record action: Setup.tos_accepted.BLE
04-09 10:15:48.560  3070  3070 I cast_shell: [3073:3112:INFO:metrics_recorder.cc(282)] Record action: Setup.state.BLE
04-09 10:15:48.575  3070  3070 I cast_shell: [3073:3112:INFO:metrics_recorder.cc(282)] Record action: Setup.ip_address.BLE
04-09 10:15:48.605  3070  3070 I cast_shell: [3073:3112:INFO:metrics_recorder.cc(282)] Record action: Setup.eureka_info_immutable_basic.BLE
04-09 10:15:48.643  3070  3070 I cast_shell: [3073:3112:INFO:metrics_recorder.cc(282)] Record action: Setup.eureka_info_mutable_reads.BLE
04-09 10:15:48.665  3070  3070 I cast_shell: [3073:3112:INFO:metrics_recorder.cc(282)] Record action: Setup.eureak_info_keys.BLE
04-09 10:15:48.747  3070  3070 I cast_shell: [3073:3112:INFO:metrics_recorder.cc(282)] Record action: Setup.eureka_info_immutable_basic.BLE
04-09 10:15:48.762  3070  3070 I cast_shell: [3073:3112:INFO:metrics_recorder.cc(282)] Record action: Setup.eureak_info_keys.BLE
04-09 10:15:48.836  2736  2766 D bt_btif_scanner: btif_gatts_upstreams_evt: Unhandled event (26)
04-09 10:15:48.983  3070  3070 I cast_shell: [3073:3112:INFO:metrics_recorder.cc(282)] Record action: Setup.eureak_info_keys.BLE
04-09 10:15:49.039  3070  3070 I cast_shell: [3073:3081:ERROR:connectivity_checker_impl.cc(265)] Connectivity check failed: 400
04-09 10:15:49.178  3070  3070 I cast_shell: [3073:3112:INFO:metrics_recorder.cc(282)] Record action: Setup.eureak_info_keys.BLE
04-09 10:15:49.286  2736  2766 D bt_btif_scanner: btif_gatts_upstreams_evt: Unhandled event (26)
04-09 10:15:49.317  3070  3070 I cast_shell: [3073:3112:INFO:metrics_recorder.cc(282)] Record action: Setup.eureak_info_keys.BLE
04-09 10:15:49.392  3070  3070 I chatty  : uid=1000(chrome) /bin/logwrapper identical 1 line
04-09 10:15:49.468  3070  3070 I cast_shell: [3073:3112:INFO:metrics_recorder.cc(282)] Record action: Setup.eureak_info_keys.BLE
04-09 10:15:49.542  3070  3070 I cast_shell: [3073:3112:INFO:metrics_recorder.cc(282)] Record action: Setup.i8n_info.BLE
04-09 10:15:49.917  3070  3070 I chatty  : uid=1000(chrome) /bin/logwrapper identical 5 lines
04-09 10:15:49.992  3070  3070 I cast_shell: [3073:3112:INFO:metrics_recorder.cc(282)] Record action: Setup.i8n_info.BLE
04-09 10:15:50.037  3070  3070 I cast_shell: [3073:3112:INFO:ble_setup.cc(322)] Record action: Setup.set_eureka_info.BLE.CountryCode
04-09 10:15:50.038  3070  3070 I cast_shell: [3073:3112:INFO:locale_manager.cc(639)] New country code: IN
04-09 10:15:50.045  2712  2712 I wpa_supplicant: wlan0: CTRL-EVENT-REGDOM-CHANGE init=USER type=COUNTRY alpha2=IN
04-09 10:15:50.047  2713  2725 I yani_server: NetLink Event '-1' Interface-Index '5' WLAN '-1' Ethernet '-1' Parsed-iFill '-1' -> 'INVALID' ifIndex '1' -> 'lo'
04-09 10:15:50.047  3070  3070 I cast_shell: [3073:3081:ERROR:connectivity_checker_impl.cc(265)] Connectivity check failed: 400
04-09 10:15:50.053  2713  2725 I yani_server: NetLink Event '-1' Interface-Index '5' WLAN '0' Ethernet '-1' Parsed-iFill '-1' -> 'INVALID' ifIndex '1' -> 'lo'
04-09 10:15:50.056  2957  3148 I LibreCastControlDelegate: OnCastStatus() +++ Lyric Speaker Box 21f384:0xab228198:NOT_SETUP
04-09 10:15:50.056  2957  3148 I LibreCastControlDelegate: Device Build Number -> '1.52.272222'
04-09 10:15:50.056  2957  3148 I librecast: updateCastBuildVersion() Version 1.52.272222
04-09 10:15:50.056  2714  2714 I lucitransport: readRemoteMessage() MID char = 7 buffer = 1.52.272222
04-09 10:15:50.056  2957  3148 I LibreCastControlDelegate: Active Applications -> 0
04-09 10:15:50.056  2957  3148 I LibreCastControlDelegate: Current Cast State '2' -> 'NOT_SETUP'
04-09 10:15:50.056  2957  3148 I LibreCastControlDelegate: OnCastStatus() ---
04-09 10:15:51.054  3070  3070 I cast_shell: [3073:3081:ERROR:connectivity_checker_impl.cc(265)] Connectivity check failed: 400
04-09 10:15:51.102  3070  3070 I cast_shell: [3073:3112:INFO:ble_setup.cc(322)] Record action: Setup.scan_wifi.BLE
04-09 10:15:51.103  3070  3070 I cast_shell: [3073:3112:WARNING:wifi_controller_wpa_supplicant.cc(797)] Wpa responses FAIL-BUSY, assuming it is associating, which will keep scan_results fresh.
04-09 10:15:52.061  3070  3070 I cast_shell: [3073:3081:ERROR:connectivity_checker_impl.cc(265)] Connectivity check failed: 400
04-09 10:15:53.067  3070  3070 I cast_shell: [3073:3081:ERROR:connectivity_checker_impl.cc(265)] Connectivity check failed: 400
04-09 10:15:53.469  2956  2967 D wac-main: Netlink event
04-09 10:15:53.469  2956  2967 E wac-main: Netlink event 16 Interface Index 5 
04-09 10:15:53.469  2956  2967 E wac-main: Enter poll and wait
04-09 10:15:53.469  2956  2967 D wac-main: Netlink event
04-09 10:15:53.469  2956  2967 E wac-main: Netlink event 16 Interface Index 5 
04-09 10:15:53.469  2956  2967 E wac-main: Enter poll and wait
04-09 10:15:53.479  2713  2725 I yani_server: NetLink Event '-1' Interface-Index '5' WLAN '0' Ethernet '-1' Parsed-iFill '-1' -> 'INVALID' ifIndex '1' -> 'lo'
04-09 10:15:53.481  2713  2725 I chatty  : uid=0(root) YaniServer identical 3 lines
04-09 10:15:53.481  2713  2725 I yani_server: NetLink Event '-1' Interface-Index '5' WLAN '0' Ethernet '-1' Parsed-iFill '-1' -> 'INVALID' ifIndex '1' -> 'lo'
04-09 10:15:53.490  2957  3148 I LibreCastControlDelegate: OnCastStatus() +++ Lyric Speaker Box 21f384:0xab228198:NOT_SETUP
04-09 10:15:53.491  2957  3148 I LibreCastControlDelegate: Device Build Number -> '1.52.272222'
04-09 10:15:53.491  2957  3148 I librecast: updateCastBuildVersion() Version 1.52.272222
04-09 10:15:53.491  2714  2714 I lucitransport: readRemoteMessage() MID char = 7 buffer = 1.52.272222
04-09 10:15:53.491  2957  3148 I LibreCastControlDelegate: Active Applications -> 0
04-09 10:15:53.491  2957  3148 I LibreCastControlDelegate: Current Cast State '2' -> 'NOT_SETUP'
04-09 10:15:53.491  2957  3148 I LibreCastControlDelegate: OnCastStatus() ---
04-09 10:15:54.074  3070  3070 I cast_shell: [3073:3081:ERROR:connectivity_checker_impl.cc(265)] Connectivity check failed: 400
04-09 10:15:55.080  3070  3070 I cast_shell: [3073:3081:ERROR:connectivity_checker_impl.cc(265)] Connectivity check failed: 400
04-09 10:15:55.152  3070  3070 I cast_shell: [3073:3112:INFO:ble_setup.cc(322)] Record action: Setup.scan_wifi.BLE
04-09 10:15:55.155  2713  2725 I yani_server: NetLink Event '-1' Interface-Index '5' WLAN '-1' Ethernet '-1' Parsed-iFill '-1' -> 'INVALID' ifIndex '1' -> 'lo'
04-09 10:15:56.086  3070  3070 I cast_shell: [3073:3081:ERROR:connectivity_checker_impl.cc(265)] Connectivity check failed: 400
04-09 10:15:57.093  3070  3070 I chatty  : uid=1000(chrome) /bin/logwrapper identical 1 line
04-09 10:15:58.099  3070  3070 I cast_shell: [3073:3081:ERROR:connectivity_checker_impl.cc(265)] Connectivity check failed: 400
04-09 10:15:58.487  2956  2967 D wac-main: Netlink event
04-09 10:15:58.487  2956  2967 E wac-main: Netlink event 16 Interface Index 5 
04-09 10:15:58.487  2956  2967 E wac-main: Enter poll and wait
04-09 10:15:58.487  2956  2967 D wac-main: Netlink event
04-09 10:15:58.487  2956  2967 E wac-main: Netlink event 16 Interface Index 5 
04-09 10:15:58.487  2956  2967 E wac-main: Enter poll and wait
04-09 10:15:58.489  2713  2725 I yani_server: NetLink Event '-1' Interface-Index '5' WLAN '0' Ethernet '-1' Parsed-iFill '-1' -> 'INVALID' ifIndex '1' -> 'lo'
04-09 10:15:58.496  2713  2725 I chatty  : uid=0(root) YaniServer identical 3 lines
04-09 10:15:58.498  2713  2725 I yani_server: NetLink Event '-1' Interface-Index '5' WLAN '0' Ethernet '-1' Parsed-iFill '-1' -> 'INVALID' ifIndex '1' -> 'lo'
04-09 10:15:58.499  2957  3148 I LibreCastControlDelegate: OnCastStatus() +++ Lyric Speaker Box 21f384:0xab228198:NOT_SETUP
04-09 10:15:58.499  2957  3148 I LibreCastControlDelegate: Device Build Number -> '1.52.272222'
04-09 10:15:58.499  2957  3148 I librecast: updateCastBuildVersion() Version 1.52.272222
04-09 10:15:58.499  2714  2714 I lucitransport: readRemoteMessage() MID char = 7 buffer = 1.52.272222
04-09 10:15:58.500  2957  3148 I LibreCastControlDelegate: Active Applications -> 0
04-09 10:15:58.500  2957  3148 I LibreCastControlDelegate: Current Cast State '2' -> 'NOT_SETUP'
04-09 10:15:58.500  2957  3148 I LibreCastControlDelegate: OnCastStatus() ---
04-09 10:15:58.500  2713  2725 I yani_server: NetLink Event '-1' Interface-Index '5' WLAN '0' Ethernet '-1' Parsed-iFill '-1' -> 'INVALID' ifIndex '1' -> 'lo'
04-09 10:15:58.505  2713  2725 I chatty  : uid=0(root) YaniServer identical 6 lines
04-09 10:15:58.506  2713  2725 I yani_server: NetLink Event '-1' Interface-Index '5' WLAN '0' Ethernet '-1' Parsed-iFill '-1' -> 'INVALID' ifIndex '1' -> 'lo'
04-09 10:15:58.506  2713  2725 I yani_kernel: yani_geteventfrom_changeaddr() Message-Id '1' Netlink event '16' Interface Index '5' -> Name 'wlan0' 
04-09 10:15:58.508  2713  2725 I yani_kernel: yani_geteventfrom_changeaddr() Message-Id '1' Netlink event '16' Interface Index '5' -> Name 'wlan0' 
04-09 10:15:59.106  3070  3070 I cast_shell: [3073:3081:ERROR:connectivity_checker_impl.cc(265)] Connectivity check failed: 400
04-09 10:15:59.217  3070  3070 I cast_shell: [3073:3112:INFO:metrics_recorder.cc(282)] Record action: Setup.scan_results.BLE
04-09 10:15:59.292  3070  3070 I cast_shell: [3073:3112:INFO:metrics_recorder.cc(282)] Record action: Setup.scan_results.BLE
04-09 10:16:00.112  3070  3070 I cast_shell: [3073:3081:ERROR:connectivity_checker_impl.cc(265)] Connectivity check failed: 400
04-09 10:16:00.318  2733  2743 E NetworkMonitor: cannot find default IPv4 route for wlan0
04-09 10:16:00.318  2733  2743 E NetworkMonitor: cannot find default IPv6 route for wlan0
04-09 10:16:01.119  3070  3070 I cast_shell: [3073:3081:ERROR:connectivity_checker_impl.cc(265)] Connectivity check failed: 400
04-09 10:16:01.423  3070  3070 I cast_shell: [3073:3112:INFO:ble_setup.cc(322)] Record action: Setup.play_sound.BLE
04-09 10:16:01.425  3070  3070 I cast_shell: [3073:3090:INFO:synchronized_sound_player.cc(362)] Playing sound key 2
04-09 10:16:01.452  3070  3070 I cast_shell: [3073:3090:INFO:audio_decoder_software_wrapper.cc(86)] Using backend decoder for PCM
04-09 10:16:01.453  3070  3070 I cast_shell: [3073:3096:INFO:mixer_input_connection.cc(208)] Create 0xf413a7f8 (no_delay), content type: media, focus type: media, fill size: 512, algorithm fill size: 221, channel count: 1, input sample rate: 44100, start threshold: 3087, max queue size: 8820, socket: 0xf551bce0
04-09 10:16:01.453  3070  3070 I cast_shell: [3073:3095:INFO:mixer_output_stream_alsa.cc(428)] ALSA buffer = 4096, period = 512
04-09 10:16:01.453  3070  3070 I cast_shell: [3073:3094:INFO:stream_mixer.cc(604)] Input source channel count = 1
04-09 10:16:01.454  3070  3070 I cast_shell: [3073:3094:INFO:stream_mixer.cc(607)] Dynamic channel count not enabled; using stereo
04-09 10:16:01.454  3070  3070 I cast_shell: [3073:3094:INFO:stream_mixer.cc(604)] Input source channel count = 1
04-09 10:16:01.454  3070  3070 I cast_shell: [3073:3094:INFO:stream_mixer.cc(607)] Dynamic channel count not enabled; using stereo
04-09 10:16:01.454  3070  3070 I cast_shell: [3073:3094:INFO:stream_mixer.cc(416)] Start with 0 active inputs
04-09 10:16:01.457  3070  3070 I cast_shell: [3073:3095:INFO:mixer_output_stream_alsa.cc(171)] snd_pcm_open: handle=0xf422c680
04-09 10:16:01.465  3070  3070 I cast_shell: [3073:3095:WARNING:mixer_output_stream_alsa.cc(341)] Requested sample rate (44100 Hz) does not match the actual sample rate (48000 Hz). This may lead to lower audio quality.
04-09 10:16:01.465  3070  3070 I cast_shell: [3073:3095:INFO:mixer_output_stream_alsa.cc(346)] Sample rate changed from 0 to 48000
04-09 10:16:01.469  3070  3070 I cast_shell: [3073:3095:WARNING:mixer_output_stream_alsa.cc(379)] Requested period size (512 frames) does not match the actual period size (1024 frames). This may lead to an increase in CPU usage or an increase in audio latency.
04-09 10:16:01.469  3070  3070 I cast_shell: [3073:3112:INFO:ble_setup.cc(322)] Record action: Setup.play_sound.BLE
04-09 10:16:01.469  3070  3070 I cast_shell: [3073:3090:INFO:synchronized_sound_player.cc(362)] Playing sound key 0
04-09 10:16:01.469  3070  3070 I cast_shell: [3073:3095:INFO:filter_group.cc(340)] : 2ch@48000hz -> [GROUP]mix -> 2ch@48000hz
04-09 10:16:01.469  3070  3070 I cast_shell: [3073:3096:INFO:mixer_input_connection.cc(386)] Remove 0xf413a7f8
04-09 10:16:01.469  3070  3070 I cast_shell: [3073:3095:INFO:filter_group.cc(340)] [GROUP]mix: 2ch@48000hz -> [GROUP]linearize -> 2ch@48000hz
04-09 10:16:01.469  3070  3070 I cast_shell: [3073:3094:INFO:stream_mixer.cc(466)] Output 2 channels at 48000 samples per second
04-09 10:16:01.469  3070  3070 I cast_shell: [3073:3094:INFO:stream_mixer.cc(484)] Using 2 loopback channels
04-09 10:16:01.469  3070  3070 I cast_shell: [3073:3094:INFO:stream_mixer.cc(640)] Add input 0xf413a7fc to mix @ 48000 samples per second. Is primary source? = 0
04-09 10:16:01.476  3070  3070 I cast_shell: [3073:3096:INFO:mixer_input_connection.cc(243)] Delete 0xf413a7f8
04-09 10:16:01.476  3070  3070 I cast_shell: [3073:3094:INFO:mixer_input.cc(361)] no_delay(0xf413a7fc): set volume limits to [0, 1]
04-09 10:16:01.476  3070  3070 I cast_shell: [3073:3094:INFO:mixer_input.cc(121)] Remixing channels for 0xf413a7fc from 1 to 2
04-09 10:16:01.476  3070  3070 I cast_shell: [3073:3094:INFO:mixer_input.cc(346)] no_delay(0xf413a7fc): type volume = 1, effective multiplier = 1
04-09 10:16:01.476  3070  3070 I cast_shell: [3073:3094:INFO:mixer_input.cc(395)] no_delay(0xf413a7fc): mute volume = 1, effective multiplier = 1
04-09 10:16:01.476  3070  3070 I cast_shell: [3073:3094:INFO:stream_mixer.cc(683)] Remove input 0xf413a7fc
04-09 10:16:01.476  3070  3070 I chatty  : uid=1000(chrome) /bin/logwrapper identical 2 lines
04-09 10:16:01.476  3070  3070 I cast_shell: [3073:3094:INFO:stream_mixer.cc(683)] Remove input 0xf413a7fc
04-09 10:16:01.476  3070  3070 I cast_shell: [3073:3094:INFO:stream_mixer.cc(774)] Close timeout
04-09 10:16:01.476  3070  3070 I cast_shell: [3073:3094:INFO:stream_mixer.cc(541)] Stop
04-09 10:16:01.499  3070  3070 I cast_shell: [3073:3090:INFO:audio_decoder_software_wrapper.cc(86)] Using backend decoder for PCM
04-09 10:16:01.499  3070  3070 I cast_shell: [3073:3096:INFO:mixer_input_connection.cc(208)] Create 0xf4168c50 (no_delay), content type: media, focus type: media, fill size: 512, algorithm fill size: 240, channel count: 2, input sample rate: 48000, start threshold: 3360, max queue size: 9600, socket: 0xf551a750
