04-09 10:33:57.141  3009  3009 I sh      : Info: PostInstall(): Verified: 86ffac070ac268f2447750370ff23c205b4af94e chromecast_locales/pt-PT.pak
04-09 10:33:57.142  3009  3009 I sh      : Info: PostInstall(): Verified: 5c90a221ad4f9f58d88b412c1c9de9f20308dd1c chromecast_locales/pt-PT.pak.info
04-09 10:33:57.143  3009  3009 I sh      : Info: PostInstall(): Verified: 09d13b1467b818abbd615ab1b53044d0894745dc chromecast_locales/ro.pak
04-09 10:33:57.145  3009  3009 I sh      : Info: PostInstall(): Verified: 5c90a221ad4f9f58d88b412c1c9de9f20308dd1c chromecast_locales/ro.pak.info
04-09 10:33:57.146  3009  3009 I sh      : Info: PostInstall(): Verified: 816c45d9d6e3f41cfc1559a1d22682c8fe25f035 chromecast_locales/ru.pak
04-09 10:33:57.148  3009  3009 I sh      : Info: PostInstall(): Verified: 5c90a221ad4f9f58d88b412c1c9de9f20308dd1c chromecast_locales/ru.pak.info
04-09 10:33:57.149  3009  3009 I sh      : Info: PostInstall(): Verified: ffbca09992bac11f6083cbe497ac13f83a12820d chromecast_locales/sk.pak
04-09 10:33:57.151  3009  3009 I sh      : Info: PostInstall(): Verified: 5c90a221ad4f9f58d88b412c1c9de9f20308dd1c chromecast_locales/sk.pak.info
04-09 10:33:57.152  3009  3009 I sh      : Info: PostInstall(): Verified: 2eba9c0f5b99b883b20060f9106b13e28aa882a0 chromecast_locales/sl.pak
04-09 10:33:57.154  3009  3009 I sh      : Info: PostInstall(): Verified: 5c90a221ad4f9f58d88b412c1c9de9f20308dd1c chromecast_locales/sl.pak.info
04-09 10:33:57.155  3009  3009 I sh      : Info: PostInstall(): Verified: 9eb52dc8570df24a7207b91e0f49001d0a14fa56 chromecast_locales/sr.pak
04-09 10:33:57.156  3009  3009 I sh      : Info: PostInstall(): Verified: 5c90a221ad4f9f58d88b412c1c9de9f20308dd1c chromecast_locales/sr.pak.info
04-09 10:33:57.158  3009  3009 I sh      : Info: PostInstall(): Verified: 024d699cb1d0b2c98a08183352b0d64bcd1e6816 chromecast_locales/sv.pak
04-09 10:33:57.158  3009  3009 I sh      : Info: PostInstall(): Verified: 5c90a221ad4f9f58d88b412c1c9de9f20308dd1c chromecast_locales/sv.pak.info
04-09 10:33:57.160  3009  3009 I sh      : Info: PostInstall(): Verified: 07f7863fdc4b5f5b7c52ecfbfaa0dd62859bcc01 chromecast_locales/sw.pak
04-09 10:33:57.161  3009  3009 I sh      : Info: PostInstall(): Verified: 5c90a221ad4f9f58d88b412c1c9de9f20308dd1c chromecast_locales/sw.pak.info
04-09 10:33:57.163  3009  3009 I sh      : Info: PostInstall(): Verified: ede467de7669871964a808a71d7e370957473e07 chromecast_locales/ta.pak
04-09 10:33:57.164  3009  3009 I sh      : Info: PostInstall(): Verified: 5c90a221ad4f9f58d88b412c1c9de9f20308dd1c chromecast_locales/ta.pak.info
04-09 10:33:57.165  3009  3009 I sh      : Info: PostInstall(): Verified: 2ada79a5c1355451488e13004262885da2261dee chromecast_locales/te.pak
04-09 10:33:57.166  3009  3009 I sh      : Info: PostInstall(): Verified: 5c90a221ad4f9f58d88b412c1c9de9f20308dd1c chromecast_locales/te.pak.info
04-09 10:33:57.167  3009  3009 I sh      : Info: PostInstall(): Verified: a8de633c4bb25e07c2d1857207e75231c6bc96ca chromecast_locales/th.pak
04-09 10:33:57.169  3009  3009 I sh      : Info: PostInstall(): Verified: 5c90a221ad4f9f58d88b412c1c9de9f20308dd1c chromecast_locales/th.pak.info
04-09 10:33:57.170  3009  3009 I sh      : Info: PostInstall(): Verified: 8327166c63d997e0e9b1d4f2bb8e6cc6931da478 chromecast_locales/tr.pak
04-09 10:33:57.171  3009  3009 I sh      : Info: PostInstall(): Verified: 5c90a221ad4f9f58d88b412c1c9de9f20308dd1c chromecast_locales/tr.pak.info
04-09 10:33:57.173  3009  3009 I sh      : Info: PostInstall(): Verified: 7f7a5e75753577eee4d21f334915ab23e369a1b4 chromecast_locales/uk.pak
04-09 10:33:57.174  3009  3009 I sh      : Info: PostInstall(): Verified: 5c90a221ad4f9f58d88b412c1c9de9f20308dd1c chromecast_locales/uk.pak.info
04-09 10:33:57.175  3009  3009 I sh      : Info: PostInstall(): Verified: c45435b650b97c9237e8e6cf86a577e84f870eb6 chromecast_locales/vi.pak
04-09 10:33:57.176  3009  3009 I sh      : Info: PostInstall(): Verified: 5c90a221ad4f9f58d88b412c1c9de9f20308dd1c chromecast_locales/vi.pak.info
04-09 10:33:57.177  3009  3009 I sh      : Info: PostInstall(): Verified: 2b83b0c75ca4e800f61d2956c292ccd9726e4ba2 chromecast_locales/zh-CN.pak
04-09 10:33:57.179  3009  3009 I sh      : Info: PostInstall(): Verified: 5c90a221ad4f9f58d88b412c1c9de9f20308dd1c chromecast_locales/zh-CN.pak.info
04-09 10:33:57.179  3009  3009 I sh      : Info: PostInstall(): Verified: 803dec27b796774264492cf0ff8e2307a1943565 chromecast_locales/zh-TW.pak
04-09 10:33:57.181  3009  3009 I sh      : Info: PostInstall(): Verified: 5c90a221ad4f9f58d88b412c1c9de9f20308dd1c chromecast_locales/zh-TW.pak.info
04-09 10:33:57.198  3009  3009 I sh      : Info: PostInstall(): Verified: bad50441bf16338439de914202c9bcae4d1c654b client_auth_indiv
04-09 10:33:57.226  3009  3009 I sh      : Info: PostInstall(): Verified: 6fdda17c0a0e4ed166b26cd95fcbc6beab544c94 crash_uploader
04-09 10:33:57.229  3009  3009 I sh      : Info: PostInstall(): Verified: bb0a5ee18a026f587daba27a1a7777b3f4a3c182 dogfood/fake.dmp
04-09 10:33:57.231  3009  3009 I sh      : Info: PostInstall(): Verified: 00b35ebe39db20dc053dc8350f28f9cd37971773 dumpstate
04-09 10:33:57.232  3009  3009 I sh      : Info: PostInstall(): Verified: 327cf1c4dce5edd4faf64799e24b275ccc1538c5 fake_log_report.dmp
04-09 10:33:57.533  3009  3009 I sh      : Info: PostInstall(): Verified: 8a33a4a7585a196724dea11757da796580bcd07b icudtl.dat
04-09 10:33:57.535  3009  3009 I sh      : Info: PostInstall(): Verified: 81c868ad83c300151cb577d86239acfc8cf0cc5e lib/libcast_assistant_1.0.so
04-09 10:33:57.538  3009  3009 I sh      : Info: PostInstall(): Verified: 8e0b707952d032ffb05c4335f6a7ea214e245471 lib/libcast_avsettings_1.0.so
04-09 10:33:57.540  3009  3009 I sh      : Info: PostInstall(): Verified: 0050df18924fe5104917c536e92303331407ccad lib/libcast_external_audio_pipeline_1.0.so
04-09 10:33:57.550  3009  3009 I sh      : Info: PostInstall(): Verified: de3340b3a6b3dbd46c444aeedeca960aaad6058b lib/libcast_graphics_1.0.so
04-09 10:33:57.561  3009  3009 I sh      : Info: PostInstall(): Verified: 368f4cab77b33dc9c9f56e11ee3bf056a154f041 lib/libcast_hotspot_1.0.so
04-09 10:33:57.603  3009  3009 I sh      : Info: PostInstall(): Verified: c0a32d19e9472d75e6a4a0d415c7142f1d812e45 lib/libcast_media_1.0.so
04-09 10:33:57.605  3009  3009 I sh      : Info: PostInstall(): Verified: ea15fd3f7263c4e4ec8ff7e661ad009b2751d6b0 lib/libcast_reboot_1.0.so
04-09 10:33:57.619  3009  3009 I sh      : Info: PostInstall(): Verified: bab44ef72e87840c779595947789f92d8933915d lib/libcast_sys_info_1.0.so
04-09 10:33:57.620  3009  3009 I sh      : Info: PostInstall(): Verified: e6a256e1c84600b07ff6b036c5831ae9e001e9e1 lib/libcast_sys_updater_1.0.so
04-09 10:33:57.694  3009  3009 I sh      : Info: PostInstall(): Verified: c445234efe669df3f2b3a16af74b704dc1ce4984 lib/libcast_widevine_ce_cdm.so
04-09 10:33:57.709  3009  3009 I sh      : Info: PostInstall(): Verified: dd9142a277aaa9d66c4abe5c40621d90d09911a0 lib/libcast_wifi_1.0.so
04-09 10:33:57.710  3009  3009 I sh      : Info: PostInstall(): Verified: 72cbb2ec7b9d7add7327a3fc606b0640546a438c lib/libcast_wifi_stats_1.0.so
04-09 10:33:57.846  3009  3009 I sh      : Info: PostInstall(): Verified: 6b6c90c3c6b2518130085a774bec657f0b81ea9a lib/libffmpeg.so
04-09 10:33:57.859  3009  3009 I sh      : Info: PostInstall(): Verified: 31568a1c2bd951fbb438564c85bd1712182569a2 lib/processors/libcast_bass_extender_2.0.so
04-09 10:33:57.873  3009  3009 I sh      : Info: PostInstall(): Verified: dc4a61a051d820dec51d3413c36eef73d023d5ca lib/processors/libcast_brownout_limiter_2.0.so
04-09 10:33:57.888  3009  3009 I sh      : Info: PostInstall(): Verified: c0f0eaa712bfc62609b97109199b7b2f9adaa9ee lib/processors/libcast_crossover_2.0.so
04-09 10:33:57.899  3009  3009 I sh      : Info: PostInstall(): Verified: 2b3bac0645899d6bdda74d39822d04e72b52de47 lib/processors/libcast_delay_2.0.so
04-09 10:33:57.910  3009  3009 I sh      : Info: PostInstall(): Verified: 9d788835deb556a7a502fa414826b2ec4aa4223f lib/processors/libcast_dynamic_bass_extender_2.0.so
04-09 10:33:57.921  3009  3009 I sh      : Info: PostInstall(): Verified: aa6f782203b0d98f3178c7f7d3c97e8defdf9c2e lib/processors/libcast_dynamic_biquad_2.0.so
04-09 10:33:57.934  3009  3009 I sh      : Info: PostInstall(): Verified: 1a09dcdb4cae5a07c055af0c06f87833b2ea9847 lib/processors/libcast_dynamic_range_2.0.so
04-09 10:33:57.938  3009  3009 I sh      : Info: PostInstall(): Verified: 776f16f6ec2986b8bc807728525b4fa24dee4998 lib/processors/libcast_equalizer_1.0.so
04-09 10:33:57.950  3009  3009 I sh      : Info: PostInstall(): Verified: efe4f7e45d5552c079004a821679b5276d9cdd88 lib/processors/libcast_equalizer_2.0.so
04-09 10:33:57.961  3009  3009 I sh      : Info: PostInstall(): Verified: 96630ea6fffd74f6886f9929f7f61dac4bff5efb lib/processors/libcast_function_generator_2.0.so
04-09 10:33:57.976  3009  3009 I sh      : Info: PostInstall(): Verified: 9e828f5def5913b23912981961e2546f69e04c92 lib/processors/libcast_governor_2.0.so
04-09 10:33:57.991  3009  3009 I sh      : Info: PostInstall(): Verified: c0c81c0db860e5de36a1c28d5a116116d8b22391 lib/processors/libcast_multiband_2.0.so
04-09 10:33:58.002  3009  3009 I sh      : Info: PostInstall(): Verified: 986e13ac6c5a2a0803b6560a5846af7b8a4406d5 lib/processors/libcast_pop_checker_2.0.so
04-09 10:33:58.016  3009  3009 I sh      : Info: PostInstall(): Verified: 9cc46d270dedfce7beedb62462bdc1a40165067e lib/processors/libcast_saturated_gain_2.0.so
04-09 10:33:58.026  3009  3009 I sh      : Info: PostInstall(): Verified: 805527f3da2374f54e65954a463b3d4be6570358 lib/processors/libcast_sound_meter_2.0.so
04-09 10:33:58.033  3009  3009 I sh      : Info: PostInstall(): Verified: ffe5f0bf40d7e59d8b4573c258a0bd74a40f8c58 lib/processors/libcast_upsampler_2.0.so
04-09 10:33:58.035  3009  3009 I sh      : Info: PostInstall(): Verified: 9ad64d7bbc019b7df806c981d02984f41df0f531 process.json
04-09 10:33:58.061  3009  3009 I sh      : Info: PostInstall(): Verified: 8aa86838a19280c5fc46f4cc3dc3fe969d6cafce process_manager
04-09 10:33:58.064  3009  3009 I sh      : Info: PostInstall(): Verified: c25f6c874c4e8013d85db646bfba65a155a806f5 resources/inspector/main/main.js
04-09 10:33:58.066  3009  3009 I sh      : Info: PostInstall(): Verified: da39a3ee5e6b4b0d3255bfef95601890afd80709 setup/http/.dummy
04-09 10:33:58.068  3009  3009 I sh      : Info: PostInstall(): Verified: 801b2570021e2760cd6730de30071aebd9f5158b setup/http/audio/audio.html
04-09 10:33:58.069  3009  3009 I sh      : Info: PostInstall(): Verified: 4aae69dca77c81a6a19181124a01ef403b088cc8 setup/http/audio/css/main.css
04-09 10:33:58.072  3009  3009 I sh      : Info: PostInstall(): Verified: 01a9e53b6cd4692e6c288392bf4bdd9603c5e45a setup/http/audio/data/config.json
04-09 10:33:58.073  3009  3009 I sh      : Info: PostInstall(): Verified: 0423952e9750b5b4e5e0a4ad4ba8c3b19a32e4f1 setup/http/audio/favicon.ico
04-09 10:33:58.076  3009  3009 I sh      : Info: PostInstall(): Verified: 4a2e549068fac4c7019c6f5950f961cb8f45e867 setup/http/audio/js/audio.js
04-09 10:33:58.077  3009  3009 I sh      : Info: PostInstall(): Verified: 488e70c0bd8f32e55dccff3ec6de0660fc58d5b4 setup/http/audio/js/json-stringify-pretty-compact.js
04-09 10:33:58.082  3009  3009 I sh      : Info: PostInstall(): Verified: 48590ae1c3bbf8facb1619c1c762bb78fca99c8a snapshot_blob.bin
04-09 10:33:58.123  3009  3009 I sh      : Info: PostInstall(): Verified: 07acf09cefae3554a741667403d911f94b22a7d4 update_engine
04-09 10:33:58.125  3009  3009 I sh      : Info: PostInstall(): Verified: e05ef1cc2cdb0a31bc7ada56aa635f3d655fe2e7 watchdog/wd.dmp
04-09 10:33:58.125  3009  3009 I sh      : Info: PostInstall(): PostInstall validation OK
04-09 10:33:58.125  3009  3009 I sh      : Info: main(): Post-Installation validation succeeded
04-09 10:33:58.182  3070  3070 I sh      : test: not integer: LSB
04-09 10:33:58.203  3070  3070 I sh      : test: not integer: d256
04-09 10:33:58.204  3070  3070 I sh      : Model : LSB, SSID-Suffix : d256
04-09 10:33:58.268  3071  3071 I cast_cli: [0408/220358.267388:INFO:package_utils.cc(186)] Run process_manager: /bin/logwrapper /system/chrome/process_manager --async --accept-resource-provider=true --alsa-enable-upsampling=true --alsa-output-avail-min=256 --alsa-output-buffer-size=4096 --alsa-output-period-size=512 --alsa-output-start-threshold=2048 --default-eureka-name-prefix=LSB --enable-background-apps=true --enable-hi-res-audio-support=true --enable-multizone=true --netif-for-unique-ids=wlan0 --ota-directory=/data/chrome/cache/ --setup-ssid-suffix=d256 --setup-support-guest-mode=0 --wpa-supplicant-unix-socket-path=/dev/socket/wpa_wlan0
04-09 10:33:58.295  3077  3077 I process_manager: [0408/220358.294858:INFO:process_manager.cc(348)] process manager initialized
04-09 10:33:58.295  3077  3077 I process_manager: [0408/220358.295293:INFO:process_manager.cc(399)] Process manager is starting
04-09 10:33:58.296  3077  3077 I process_manager: [0408/220358.295812:INFO:process_manager.cc(409)] Process manager successfully started with pid 3079
04-09 10:33:58.298  3071  3071 I cast_cli: [0408/220358.298391:INFO:cast_cli.cc(433)] Process manager successfully started as daemon
04-09 10:33:58.326  3079  3079 I process_manager: [0408/220358.325431:INFO:process_manager.cc(348)] process manager initialized
04-09 10:33:58.326  3079  3079 I process_manager: [0408/220358.325986:INFO:process_manager.cc(475)] Resuming manager from a previous state
04-09 10:33:58.360  3079  3079 I process_manager: [0408/220358.360058:INFO:package_utils.cc(186)] Run update_engine: /bin/logwrapper /system/chrome/update_engine --foreground --netif-for-unique-ids=eth0 --omaha-beta-app-id={c71af7c9-fb75-4084-9bb1-6483fae36524} --omaha-prod-app-id={c71af7c9-fb75-4084-9bb1-6483fae36524} --ota-directory=/chrome/cache/ --update-engine-unix-socket-path=/tmp/socket/updater --v=4 --netif-for-unique-ids=wlan0 --ota-directory=/data/chrome/cache/
04-09 10:33:58.361  3079  3079 I process_manager: [0408/220358.361129:INFO:package_utils.cc(186)] Run crash_uploader: /bin/logwrapper /system/chrome/crash_uploader
04-09 10:33:58.362  3079  3079 I process_manager: [0408/220358.362059:INFO:package_utils.cc(186)] Run cast_shell: /bin/logwrapper /system/chrome/cast_shell --accept-resource-provider=true --alsa-enable-upsampling=false --app-config-path=/fakeapp.conf --blink-platform-log-channels=Media --cast-control-unix-socket-path=/tmp/cast-control --default-eureka-name-prefix=Google Cast Speaker --disable-dial=true --disable-images-for-app-id=*|1B11061A --enable-background-apps=false --idle-screen=false --js-flags=--trace_gc --netif-for-unique-ids=eth0 --no-daily-reboot=true --ota-directory=/chrome/cache/ --setup-support-guest-mode=0 --skip-gpu-data-loading --update-engine-unix-socket-path=/tmp/socket/updater --accept-resource-provider=true --alsa-enable-upsampling=true --alsa-output-avail-min=256 --alsa-output-buffer-size=4096 --alsa-output-period-size=512 --alsa-output-start-threshold=2048 --default-eureka-name-prefix=LSB --enable-background-apps=true --enable-hi-res-audio-support=true --enable-multizone=true --netif-for-unique-ids=wlan0 --ota-directory=/data/chrome/cache/ --setup-ssid-suffix=d256 --setup-support-guest-mode=0 --wpa-supplicant-unix-socket-path=/dev/socket/wpa_wlan0
04-09 10:33:58.386  3082  3082 I crash_uploader: [0408/220358.385621:INFO:crash_uploader.cc(45)] Starting crash uploader...
04-09 10:33:58.387  3082  3082 I crash_uploader: [0408/220358.387067:ERROR:synchronized_minidump_manager.cc(251)] Lockfile did not parse correctly. 
04-09 10:33:58.394  3081  3081 I update_engine: [0408/220358.393668:INFO:main.cc(149)] Eureka Update Engine starting
04-09 10:33:58.395  3081  3081 I update_engine: [0408/220358.394341:INFO:update_check_scheduler.cc(77)] Next update check in 2700 seconds
04-09 10:33:58.395  3081  3081 I update_engine: [0408/220358.394488:INFO:string_based_ipc_server.cc(75)] Start IPC server: /tmp/socket/updater
04-09 10:33:58.395  3081  3081 I update_engine: [0408/220358.394673:INFO:unix_stream_server_socket.cc(62)] Unix server socket is created: /tmp/socket/updater
04-09 10:33:58.594  3083  3083 I cast_shell: [3086:3086:ERROR:pref_service_helper.cc(79)] Cannot initialize chromecast config: /data/chrome/.eureka.conf, pref_error=6
04-09 10:33:58.596  3083  3083 I cast_shell: [3086:3086:WARNING:discardable_shared_memory_manager.cc(194)] Less than 64MB of free space in temporary directory for shared memory files: 32
04-09 10:33:58.606  3083  3083 I cast_shell: Fontconfig warning: "/etc/fonts/fonts.conf", line 80: unknown element "blank"
04-09 10:33:58.792  3083  3083 I cast_shell: [3086:3086:INFO:cast_system_memory_pressure_evaluator.cc(167)] AdjustMemoryFractions: critical_memory_fraction_=0.25, moderate_memory_fraction_=0.4
04-09 10:33:58.798  3083  3083 I cast_shell: [3086:3086:INFO:cast_window_manager_aura.cc(198)] Starting window manager, bounds: 0,0 1x1
04-09 10:33:58.807  3083  3083 I cast_shell: [3086:3103:ERROR:mixer_connection.cc(91)] Failed to connect to mixer service: -102
04-09 10:33:58.807  3083  3083 I cast_shell: [3086:3086:WARNING:client_auth_manager.cc(94)] Old certificate is empty.
04-09 10:33:58.812  3083  3083 I cast_shell: [3086:3086:INFO:device_info_impl.cc(135)] [PII] Weave device ID: 
04-09 10:33:58.812  3083  3083 I cast_shell: [3086:3086:INFO:device_info_impl.cc(406)] MAC address for wlan0: CC:90:93:21:F3:84
04-09 10:33:58.812  3083  3083 I cast_shell: [3086:3086:INFO:device_info_impl.cc(431)] Device model id: COTODAMA.LS10 Platform.LSB
04-09 10:33:58.812  3083  3083 I cast_shell: [3086:3086:INFO:device_info_impl.cc(466)] Control Notifications: 0
04-09 10:33:58.812  3083  3083 I cast_shell: [3086:3086:ERROR:device_info_impl.cc(145)] Cannot read file: /data/bootid
04-09 10:33:58.812  3083  3083 I cast_shell: [3086:3086:INFO:device_info_impl.cc(482)] SSDP Boot ID: 0
04-09 10:33:58.812  3083  3083 I cast_shell: [3086:3086:INFO:device_info_impl.cc(486)] SSDP Config ID: 1
04-09 10:33:58.812  3083  3083 I cast_shell: [3086:3086:WARNING:secure_storage_impl.cc(85)] Device key not available yet.
04-09 10:33:58.812  3083  3083 I cast_shell: [3086:3086:INFO:cast_power_manager_provider.cc(26)] Creating DummyCastPowerManagerProvider
04-09 10:33:58.812  3083  3083 I cast_shell: [3086:3086:WARNING:auth_provider_impl.cc(72)] No IoT client_id found on the device. If device was FDRed please ignore this warning.
04-09 10:33:58.812  3083  3083 I cast_shell: [3086:3086:INFO:file_provider_impl.cc(67)] Initialized file provider with base dir: /data/chrome/auth
04-09 10:33:58.817  3083  3083 I cast_shell: [3086:3108:INFO:audio_socket_service_uds.cc(44)] Using endpoint /tmp/mixer-service
04-09 10:33:58.819  3083  3083 I cast_shell: [3086:3106:INFO:alsa_volume_control.cc(219)] Volume device = default, element = Master
04-09 10:33:58.819  3083  3083 I cast_shell: [3086:3106:INFO:alsa_volume_control.cc(221)] Mute device = default, element = Master
04-09 10:33:58.819  3083  3083 I cast_shell: [3086:3106:INFO:alsa_volume_control.cc(234)] Idle device = default, elements = []
04-09 10:33:58.819  3083  3083 I cast_shell: [3086:3106:INFO:alsa_volume_control.cc(43)] Opening mixer element "Master" on device "default"
04-09 10:33:58.824  3086  3086 E         : Create
04-09 10:33:58.824  3086  3086 E         : OOBE IsSupported
04-09 10:33:58.825  3083  3083 I cast_shell: [3086:3086:INFO:multizone_manager.cc(330)] Multizone features are enabled
04-09 10:33:58.825  3083  3083 I cast_shell: [3086:3086:INFO:cast_power_manager_provider.cc(26)] Creating DummyCastPowerManagerProvider
04-09 10:33:58.825  3083  3083 I cast_shell: [3086:3086:INFO:update_engine_client_with_ipc.cc(343)] Using IPC UpdateEngineClient
04-09 10:33:58.825  3083  3083 I cast_shell: [3086:3094:INFO:parent_tracker.cc(90)] [PII](AB5F13CC61E4DFB91E148ADD071BB1E6) has hash 4267093163, root wait is 0.064899 s
04-09 10:33:58.825  3083  3083 I cast_shell: [3086:3094:INFO:parent_tracker.cc(120)] Can't use IPv4
04-09 10:33:58.825  3083  3083 I cast_shell: [3086:3094:INFO:parent_tracker.cc(124)] Can't use IPv6
04-09 10:33:58.825  3083  3083 I cast_shell: [3086:3094:ERROR:parent_tracker.cc(125)] No valid interface for multicast
04-09 10:33:58.825  3083  3083 I cast_shell: [3086:3094:INFO:directory_service_impl.cc(168)] Boot count is now 1
04-09 10:33:58.825  3083  3083 I cast_shell: [3086:3094:ERROR:socket_posix.cc(148)] bind() failed: Address already in use (98)
04-09 10:33:58.825  3083  3083 I cast_shell: [3086:3094:ERROR:tcp_listener.cc(64)] Listen failed: net::ERR_ADDRESS_IN_USE : 0.0.0.0:10101
04-09 10:33:58.825  3083  3083 I cast_shell: [3086:3094:ERROR:directory_service_impl.cc(213)] TCP listener error: -1
04-09 10:33:58.830  3083  3083 I cast_shell: [3086:3086:INFO:chromecast_service_client_default.cc(75)] System updater is supported, and this is first setup.
04-09 10:33:58.830  3083  3083 I cast_shell: [3086:3086:INFO:managed_mode_service.cc(345)] Starting in managed mode: 0
04-09 10:33:58.830  3083  3083 I cast_shell: [3086:3086:INFO:platform_client_auth_creds.cc(114)] Loaded client certificate. Key len = 2048 bits. Chain len = 2 (source FROM_CERT).
04-09 10:33:58.830  3083  3083 I cast_shell: [3086:3086:INFO:grpc_manager_impl.cc(245)] Registered service chromecast.LocalCloudcastService
04-09 10:33:58.830  3083  3083 I cast_shell: [3086:3086:INFO:grpc_manager_impl.cc(262)] Registered a handler ExecuteActionScript for service chromecast.LocalCloudcastService
04-09 10:33:58.830  3083  3083 I cast_shell: [3086:3086:INFO:grpc_manager_impl.cc(262)] Registered a handler ObserveDeviceStatus for service chromecast.LocalCloudcastService
04-09 10:33:58.831  3083  3083 I cast_shell: [3086:3086:INFO:grpc_manager_impl.cc(262)] Registered a handler GetDeviceStatus for service chromecast.LocalCloudcastService
04-09 10:33:58.831  3083  3083 I cast_shell: [3086:3086:INFO:grpc_manager_impl.cc(505)] GRPC[uri=[::]:0]: num_pending_calls=0, num_active_handlers=0, num_free_handlers=0
04-09 10:33:58.831  3083  3083 I cast_shell: [3086:3086:INFO:cast_power_manager_provider.cc(26)] Creating DummyCastPowerManagerProvider
04-09 10:33:58.831  3083  3083 I cast_shell: [3086:3086:INFO:cast_power_manager_provider.cc(26)] Creating DummyCastPowerManagerProvider
04-09 10:33:58.831  3083  3083 I cast_shell: [3086:3086:INFO:gcm_manager.cc(140)] GCM Dir = /data/chrome/gcm
04-09 10:33:58.832  3083  3083 I cast_shell: [3086:3086:INFO:gcm_manager.cc(258)] Enabling GCM Driver
04-09 10:33:58.833  3083  3083 I cast_shell: [3086:3086:INFO:grpc_manager_impl.cc(505)] GRPC[uri=]: num_pending_calls=0, num_active_handlers=0, num_free_handlers=0
04-09 10:33:58.833  3083  3083 I cast_shell: [3086:3086:INFO:lycra_gcm.cc(117)] Deferring GCM registration until connectivity is up.
04-09 10:33:58.890  3083  3083 I cast_shell: [3086:3094:INFO:parent_tracker.cc(291)] [PII](AB5F13CC61E4DFB91E148ADD071BB1E6) Become root
04-09 10:33:58.890  3083  3083 I cast_shell: [3086:3094:INFO:directory_service_impl.cc(200)] This device became root
04-09 10:33:58.896  3083  3083 I cast_shell: [3086:3086:WARNING:cloud_settings_manager.cc(513)] Cannot initialize device settings config: /data/chrome/cloud_settings/cloud_settings.prefs, pref_error=6
04-09 10:33:58.897  3083  3083 I cast_shell: [3086:3086:INFO:cloud_settings_manager.cc(195)] Cloud settings is disabled.
04-09 10:33:58.897  3083  3083 I cast_shell: [3086:3086:INFO:pref_metrics_manager.cc(66)] PrefMetricsManager started.
04-09 10:33:58.898  3083  3083 I cast_shell: [3086:3086:INFO:pref_control_service_impl.cc(142)] Loading prefs from /data/chrome/pref_control/pref_control.prefs
04-09 10:33:58.898  3083  3083 I cast_shell: [3086:3086:INFO:pref_control_service_impl.cc(602)] Registering pref Pref [Name:motion_sensing_pref,RestoreValue:1,ForceEnableParent:1,Value:1,Optin:1]
04-09 10:33:58.898  3083  3083 I cast_shell: [3086:3086:INFO:pref_control_service_impl.cc(602)] Registering pref Pref [Name:sleep_sensing_pref,RestoreValue:0,ForceEnableParent:1,Value:1,Optin:0]
04-09 10:33:58.898  3083  3083 I cast_shell: [3086:3086:INFO:pref_control_service_impl.cc(602)] Registering pref Pref [Name:sleep_disturbance_pref,RestoreValue:1,ForceEnableParent:0,Value:1,Optin:0]
04-09 10:33:58.898  3083  3083 I cast_shell: [3086:3086:INFO:pref_control_service_impl.cc(602)] Registering pref Pref [Name:sleep_coaching_pref,RestoreValue:1,ForceEnableParent:0,Value:1,Optin:0]
04-09 10:33:58.898  3083  3083 I cast_shell: [3086:3086:INFO:pref_control_service_impl.cc(602)] Registering pref Pref [Name:gesture_sensing_pref,RestoreValue:0,ForceEnableParent:1,Value:1,Optin:0]
04-09 10:33:58.898  3083  3083 I cast_shell: [3086:3086:INFO:pref_control_service_impl.cc(602)] Registering pref Pref [Name:play_and_pause_gesture_pref,RestoreValue:1,ForceEnableParent:0,Value:1,Optin:0]
04-09 10:33:58.899  3083  3083 I cast_shell: [3086:3086:INFO:pref_control_service_impl.cc(602)] Registering pref Pref [Name:snooze_alarm_gesture_pref,RestoreValue:1,ForceEnableParent:0,Value:1,Optin:0]
04-09 10:33:58.899  3083  3083 I cast_shell: [3086:3086:INFO:pref_control_service_impl.cc(602)] Registering pref Pref [Name:stop_timers_gesture_pref,RestoreValue:1,ForceEnableParent:0,Value:1,Optin:0]
04-09 10:33:58.899  3083  3083 I cast_shell: [3086:3086:INFO:pref_metrics_manager.cc(94)] Adding motion_sensing_pref to PrefMetricsManager.
04-09 10:33:58.899  3083  3083 I cast_shell: [3086:3086:INFO:pref_metrics_manager.cc(94)] Adding sleep_sensing_pref to PrefMetricsManager.
04-09 10:33:58.899  3083  3083 I cast_shell: [3086:3086:INFO:pref_metrics_manager.cc(94)] Adding sleep_disturbance_pref to PrefMetricsManager.
04-09 10:33:58.899  3083  3083 I cast_shell: [3086:3086:INFO:pref_metrics_manager.cc(94)] Adding sleep_coaching_pref to PrefMetricsManager.
04-09 10:33:58.899  3083  3083 I cast_shell: [3086:3086:INFO:pref_metrics_manager.cc(94)] Adding gesture_sensing_pref to PrefMetricsManager.
04-09 10:33:58.899  3083  3083 I cast_shell: [3086:3086:INFO:pref_metrics_manager.cc(94)] Adding play_and_pause_gesture_pref to PrefMetricsManager.
04-09 10:33:58.899  3083  3083 I cast_shell: [3086:3086:INFO:pref_metrics_manager.cc(94)] Adding snooze_alarm_gesture_pref to PrefMetricsManager.
04-09 10:33:58.899  3083  3083 I cast_shell: [3086:3086:INFO:pref_metrics_manager.cc(94)] Adding stop_timers_gesture_pref to PrefMetricsManager.
04-09 10:33:58.899  3083  3083 I cast_shell: [3086:3086:INFO:pref_control_service_impl.cc(107)] PrefControlService constructed.
04-09 10:33:58.900  3083  3083 I cast_shell: [3086:3086:INFO:grpc_manager_impl.cc(245)] Registered service chromecast.grpc_discovery.GrpcDiscoveryService
04-09 10:33:58.900  3083  3083 I cast_shell: [3086:3086:INFO:grpc_manager_impl.cc(262)] Registered a handler GetServiceInfo for service chromecast.grpc_discovery.GrpcDiscoveryService
04-09 10:33:58.901  3083  3083 I cast_shell: [3086:3086:INFO:grpc_manager_impl.cc(505)] GRPC[uri=unix:/tmp/hcp_ipc_auth.socket]: num_pending_calls=0, num_active_handlers=0, num_free_handlers=0
04-09 10:33:58.901  3083  3083 I cast_shell: [3086:3086:INFO:grpc_manager_impl.cc(245)] Registered service usonia.ipc.Auth
04-09 10:33:58.902  3083  3083 I cast_shell: [3086:3121:INFO:common_time.cc(128)] New common clock leader AB5F13CC61E4DFB91E148ADD071BB1E6, is_this_device = 1, IP = [::1]:10006, quality = 0
04-09 10:33:58.902  3083  3083 I cast_shell: [3086:3121:INFO:common_time.cc(158)] Set this device as common time source
04-09 10:33:58.902  3083  3083 I cast_shell: [3086:3086:INFO:grpc_manager_impl.cc(262)] Registered a handler Sign for service usonia.ipc.Auth
04-09 10:33:58.902  3083  3083 I cast_shell: [3086:3086:INFO:grpc_manager_impl.cc(262)] Registered a handler Verify for service usonia.ipc.Auth
04-09 10:33:58.902  3083  3083 I cast_shell: [3086:3086:INFO:grpc_manager_impl.cc(262)] Registered a handler AuthReady for service usonia.ipc.Auth
04-09 10:33:58.902  3083  3083 I cast_shell: [3086:3086:INFO:grpc_manager_impl.cc(245)] Registered service usonia.ipc.DistributedServiceDiscovery
04-09 10:33:58.903  3083  3083 I cast_shell: [3086:3086:INFO:grpc_manager_impl.cc(262)] Registered a handler UpdateServiceObservers for service usonia.ipc.DistributedServiceDiscovery
04-09 10:33:58.903  3083  3083 I cast_shell: [3086:3086:INFO:grpc_manager_impl.cc(262)] Registered a handler FetchAllPeerAddressList for service usonia.ipc.DistributedServiceDiscovery
04-09 10:33:58.903  3083  3083 I cast_shell: [3086:3086:INFO:grpc_manager_impl.cc(262)] Registered a handler ResolvePeerAddress for service usonia.ipc.DistributedServiceDiscovery
04-09 10:33:58.903  3083  3083 I cast_shell: [3086:3086:INFO:grpc_manager_impl.cc(262)] Registered a handler AddService for service usonia.ipc.DistributedServiceDiscovery
04-09 10:33:58.904  3083  3083 I cast_shell: [3086:3086:INFO:grpc_manager_impl.cc(262)] Registered a handler IsServiceAllowed for service usonia.ipc.DistributedServiceDiscovery
04-09 10:33:58.904  3083  3083 I cast_shell: [3086:3086:INFO:grpc_manager_impl.cc(245)] Registered service usonia.ipc.LeaderElector
04-09 10:33:58.904  3083  3083 I cast_shell: [3086:3086:INFO:grpc_manager_impl.cc(262)] Registered a handler LeaderElection for service usonia.ipc.LeaderElector
04-09 10:33:58.904  3083  3083 I cast_shell: [3086:3086:INFO:grpc_manager_impl.cc(245)] Registered service usonia.ipc.TimeSynchronizer
04-09 10:33:58.904  3083  3083 I cast_shell: [3086:3086:INFO:grpc_manager_impl.cc(262)] Registered a handler ObserveCommonTime for service usonia.ipc.TimeSynchronizer
04-09 10:33:58.906  3083  3083 I cast_shell: [3086:3086:INFO:grpc_manager_impl.cc(317)] Grpc server started in port 1
04-09 10:33:58.906  3083  3083 I cast_shell: [3086:3086:INFO:sensor_pref_manager.cc(84)] SensorPrefManager is disabled.
04-09 10:33:58.907  3083  3083 I cast_shell: [3086:3086:INFO:remote_ducking_receiver.cc(183)] remote ducking: starting receiver.
04-09 10:33:58.907  3083  3083 I cast_shell: [3086:3086:INFO:grpc_manager_impl.cc(505)] GRPC[uri=unix:/tmp/modular_updater/modular_update_service]: num_pending_calls=0, num_active_handlers=0, num_free_handlers=0
04-09 10:33:58.908  3083  3083 I cast_shell: [3086:3086:INFO:cast_power_manager_provider.cc(26)] Creating DummyCastPowerManagerProvider
04-09 10:33:58.914  3083  3083 I cast_shell: [3086:3086:INFO:timezone_settings.cc(288)] Setting system timezone to America/Los_Angeles
04-09 10:33:58.915  3083  3083 I cast_shell: [3086:3086:INFO:daily_reboot_impl.cc(172)] Daily reboot is disabled
04-09 10:33:58.915  3083  3083 I cast_shell: [3086:3086:INFO:api_reboot.cc(321)] active_activities count=1
04-09 10:33:58.916  3083  3083 I cast_shell: [3086:3093:INFO:gamma_utils.cc(31)] Gamma calibration file is not present, use default LUT
04-09 10:33:58.916  3083  3083 I cast_shell: [3086:3086:INFO:cast_power_manager_provider.cc(26)] Creating DummyCastPowerManagerProvider
04-09 10:33:58.916  3083  3083 I chatty  : uid=1000(chrome) /bin/logwrapper identical 1 line
04-09 10:33:58.916  3083  3083 I cast_shell: [3086:3086:INFO:cast_power_manager_provider.cc(26)] Creating DummyCastPowerManagerProvider
04-09 10:33:58.919  3083  3083 I cast_shell: [3086:3093:INFO:tuning_manager.cc(118)] No file found at /etc/cast_audio.json
04-09 10:33:58.919  3083  3083 I cast_shell: [3086:3093:INFO:tuning_manager.cc(130)] No file found at /etc/cast_audio.json
04-09 10:33:58.919  3083  3083 I cast_shell: [3086:3086:INFO:setup_api_registry.cc(192)] Register external API: audio/delete_config
04-09 10:33:58.919  3083  3083 I cast_shell: [3086:3086:INFO:setup_api_registry.cc(192)] Register external API: audio/get_avail_processors
04-09 10:33:58.919  3083  3083 I cast_shell: [3086:3086:INFO:setup_api_registry.cc(192)] Register external API: audio/get_config
04-09 10:33:58.919  3083  3083 I cast_shell: [3086:3086:INFO:setup_api_registry.cc(192)] Register external API: audio/get_default_config
04-09 10:33:58.919  3083  3083 I cast_shell: [3086:3086:INFO:setup_api_registry.cc(192)] Register external API: audio/set_params
04-09 10:33:58.919  3083  3083 I cast_shell: [3086:3086:INFO:setup_api_registry.cc(192)] Register external API: audio/set_config
04-09 10:33:58.920  3083  3083 I cast_shell: [3086:3086:INFO:setup_api_registry.cc(192)] Register external API: user_eq/set_equalizer
04-09 10:33:58.920  3083  3083 I cast_shell: [3086:3086:INFO:capture_service_dummy.cc(11)] Dummy CaptureService.
04-09 10:33:58.923  3083  3083 I cast_shell: [3086:3086:INFO:setup_api_registry.cc(192)] Register external API: auto_media_volume
04-09 10:33:58.924  3083  3083 I cast_shell: [3086:3086:INFO:cast_thread_health_check.cc(53)] Receiver health check timeout: 15 seconds.
04-09 10:33:58.925  3083  3083 I cast_shell: [3086:3086:INFO:file_util.cc(28)] base_assistant_dir = /data/chrome
04-09 10:33:58.925  3083  3083 I cast_shell: [3086:3086:INFO:chromecast_service.cc(2189)] Geolocation changed to: 0
04-09 10:33:58.926  3083  3083 I cast_shell: [3086:3086:INFO:chromecast_service.cc(2229)] AoGH feature is: 0
04-09 10:33:58.926  3083  3083 I cast_shell: [3086:3086:INFO:chromecast_service.cc(2248)] Playback disruption feature is: 0
04-09 10:33:58.931  3083  3083 I cast_shell: [3086:3086:INFO:metrics_recorder.cc(112)] Metrics stat: total=0
04-09 10:33:58.932  3083  3083 I cast_shell: [3086:3109:INFO:media_manager_impl.cc(1043)] New device volume control type: new_type=1, old_type=0
04-09 10:33:58.932  3083  3083 I cast_shell: [3086:3109:INFO:media_manager_impl.cc(1066)] New device volume step interval: new_interval=0.02, old_interval=0
04-09 10:33:58.932  3083  3083 I cast_shell: [3086:3109:ERROR:media_manager_impl.cc(1294)] GetScreenResolution failed.
04-09 10:33:58.932  3083  3083 I cast_shell: [3086:3109:INFO:media_manager_impl.cc(343)] Media manager is initialized.
04-09 10:33:58.932  3083  3083 I cast_shell: [3086:3086:INFO:media_manager_impl.cc(269)] IsHdmiPlatform: 0
04-09 10:33:58.933  3083  3083 I cast_shell: [3086:3086:INFO:hds_settings.cc(136)] HdsSettings using HDS url https://preprod-home-devices.sandbox.google.com/
04-09 10:33:58.934  3083  3083 I cast_shell: [3086:3086:INFO:client_auth_creds.cc(173)] Device cert: 4D8AC5B9056A76852E4F FA:8F:CA:87:13:D1
04-09 10:33:58.935  3083  3083 I cast_shell: [3086:3086:INFO:client_auth_creds.cc(182)] Intermediate cert: LSB
04-09 10:33:58.935  3083  3083 I cast_shell: [3086:3086:INFO:client_auth_creds.cc(182)] Intermediate cert: Amlogic GVA Manufacturer Cert
04-09 10:33:58.935  3083  3083 I cast_shell: [3086:3086:INFO:client_auth_creds.cc(226)] Imported client auth cert.
04-09 10:33:58.935  3083  3083 I cast_shell: [3086:3086:INFO:client_auth_creds.cc(237)] Imported client auth private key
04-09 10:33:58.935  3083  3083 I cast_shell: [3086:3086:INFO:client_auth_signer.cc(155)] Created singleton instance of ClientAuthSigner.
04-09 10:33:58.936  3083  3083 I cast_shell: [3086:3086:INFO:client_auth_manager.cc(119)] Storing the certificate first used by the device.
04-09 10:33:58.976  3083  3083 I cast_shell: [3086:3086:WARNING:application_config_manager_impl.cc(253)] Cannot read application config file: /fakeapp.conf
04-09 10:33:58.976  3083  3083 I cast_shell: [3086:3086:INFO:application_manager_impl.cc(398)] Application manager is initialized.
04-09 10:33:58.977  3083  3083 I cast_shell: [3086:3086:INFO:mdns_cast_service.cc(156)] Device discovery state is idle
04-09 10:33:58.978  3083  3083 I cast_shell: [3086:3086:INFO:mdns_manager_impl.cc(177)] MdnsManager is initialized
04-09 10:33:58.978  3083  3083 I cast_shell: [3086:3134:INFO:mdns_app_filter.cc(573)] MdnsAppFilter initialized
04-09 10:33:58.978  3083  3083 I cast_shell: [3086:3134:INFO:discovered_service_client.cc(102)] Registering new service PTR listener: _googlecast._tcp.local
04-09 10:33:58.979  3083  3083 I cast_shell: [3086:3086:INFO:config_downloader.cc(239)] Set config periodic interval: min=300, max=420
04-09 10:33:58.979  3083  3083 I cast_shell: [3086:3135:INFO:v2_transport.cc(458)] Added Cast V2 endpoint: id=Tr@n$p0rt-0, socket_factory_id=[PII](*)
04-09 10:33:58.979  3083  3083 I cast_shell: [3086:3135:INFO:endpoint_with_namespace_handler.cc(103)] Added a namespace handler: local_id=Tr@n$p0rt-0, namespace=urn:x-cast:com.google.cast.tp.connection
04-09 10:33:58.979  3083  3083 I cast_shell: [3086:3135:INFO:endpoint_with_namespace_handler.cc(103)] Added a namespace handler: local_id=Tr@n$p0rt-0, namespace=urn:x-cast:com.google.cast.tp.heartbeat
04-09 10:33:58.979  3083  3083 I cast_shell: [3086:3135:INFO:endpoint_with_namespace_handler.cc(103)] Added a namespace handler: local_id=Tr@n$p0rt-0, namespace=urn:x-cast:com.google.cast.tp.deviceauth
04-09 10:33:58.979  3083  3083 I cast_shell: [3086:3135:INFO:v2_transport.cc(335)] V2Transport initialized.
04-09 10:33:58.979  3083  3083 I cast_shell: [3086:3086:INFO:crl_downloader.cc(274)] Set CRL periodic interval: min=2160, max=2880
04-09 10:33:58.980  3083  3083 I cast_shell: [3086:3086:INFO:hds_broker_impl.cc(121)] HDS type registered type.googleapis.com/home.hds.proto.device.relayedcasting.RelayedCastingPleaseConnectRequest
04-09 10:33:58.980  3083  3083 I cast_shell: [3086:3135:INFO:v2_transport.cc(411)] Added socket factory: id=domain-socket@/tmp/cast-control
04-09 10:33:58.980  3083  3083 I cast_shell: [3086:3135:INFO:v2_transport.cc(411)] Added socket factory: id=opencast-socket
04-09 10:33:58.981  3083  3083 I cast_shell: [3086:3086:INFO:mdns_util.cc(102)] Defaulting mDNS capabilities for audio-only build
04-09 10:33:58.981  3083  3083 I cast_shell: [3086:3086:INFO:virtual_device_manager.cc(138)] Added virtual device: id=[PII](1d6cf37e-ee8f-4eb5-faa6-6928fdfff1d2)
04-09 10:33:58.981  3083  3083 I cast_shell: [3086:3135:INFO:v2_transport.cc(458)] Added Cast V2 endpoint: id=receiver-1d6cf37e-ee8f-4eb5-faa6-6928fdfff1d2, socket_factory_id=[PII](1d6cf37e-ee8f-4eb5-faa6-6928fdfff1d2)
04-09 10:33:58.981  3083  3083 I cast_shell: [3086:3135:INFO:endpoint_with_namespace_handler.cc(103)] Added a namespace handler: local_id=receiver-1d6cf37e-ee8f-4eb5-faa6-6928fdfff1d2, namespace=urn:x-cast:com.google.cast.receiver
04-09 10:33:58.981  3083  3083 I cast_shell: [3086:3135:INFO:endpoint_with_namespace_handler.cc(103)] Added a namespace handler: local_id=receiver-1d6cf37e-ee8f-4eb5-faa6-6928fdfff1d2, namespace=urn:x-cast:com.google.cast.receiver.discovery
04-09 10:33:58.982  3083  3083 I cast_shell: [3086:3086:INFO:ccs_manager_impl.cc(522)] Added CCS device
04-09 10:33:58.982  3083  3083 I cast_shell: [3086:3135:INFO:endpoint_with_namespace_handler.cc(103)] Added a namespace handler: local_id=receiver-1d6cf37e-ee8f-4eb5-faa6-6928fdfff1d2, namespace=urn:x-cast:com.google.cast.receiver.debug
04-09 10:33:58.982  3083  3083 I cast_shell: [3086:3135:INFO:v2_transport.cc(411)] Added socket factory: id=1d6cf37e-ee8f-4eb5-faa6-6928fdfff1d2
04-09 10:33:58.982  3083  3083 I cast_shell: [3086:3086:INFO:ccs_manager_impl.cc(523)] [PII] device_id=AB5F13CC61E4DFB91E148ADD071BB1E6
04-09 10:33:58.982  3083  3083 I cast_shell: [3086:3135:INFO:endpoint_with_namespace_handler.cc(103)] Added a namespace handler: local_id=receiver-1d6cf37e-ee8f-4eb5-faa6-6928fdfff1d2, namespace=urn:x-cast:com.google.cast.receiver.key_exchange
04-09 10:33:58.982  3083  3083 I cast_shell: [3086:3135:INFO:endpoint_with_namespace_handler.cc(103)] Added a namespace handler: local_id=receiver-1d6cf37e-ee8f-4eb5-faa6-6928fdfff1d2, namespace=urn:x-cast:com.google.cast.broadcast
04-09 10:33:58.982  3083  3083 I cast_shell: [3086:3135:INFO:endpoint_with_namespace_handler.cc(103)] Added a namespace handler: local_id=receiver-1d6cf37e-ee8f-4eb5-faa6-6928fdfff1d2, namespace=urn:x-cast:com.google.cast.proximity
04-09 10:33:58.982  3083  3083 I cast_shell: [3086:3135:INFO:endpoint_with_namespace_handler.cc(103)] Added a namespace handler: local_id=receiver-1d6cf37e-ee8f-4eb5-faa6-6928fdfff1d2, namespace=urn:x-cast:com.google.cast.resource
04-09 10:33:58.988  3083  3083 I cast_shell: [3086:3086:INFO:setup_manager_impl.cc(610)] release channel: beta-channel
04-09 10:33:58.988  3083  3083 I cast_shell: [3086:3124:INFO:net_util_shlib_support.cc(51)] Wifi interface found: wlan0
04-09 10:33:58.988  3083  3083 I cast_shell: [3086:3124:INFO:net_util_shlib_support.cc(51)] Wifi interface found: p2p0
04-09 10:33:58.988  3083  3083 I cast_shell: [3086:3124:INFO:net_util_shlib_support.cc(51)] Wifi interface found: p2p1
04-09 10:33:58.988  3083  3083 I cast_shell: [3086:3124:INFO:net_util_shlib_support.cc(51)] Wifi interface found: wfd0
04-09 10:33:58.997  3083  3083 I cast_shell: [3086:3086:INFO:multizone_manager.cc(371)] Using SSL for control data
04-09 10:33:58.997  3083  3083 I cast_shell: [3086:3086:INFO:multizone_setup.cc(206)] OEM delay = 0 s
04-09 10:33:58.997  3083  3083 I cast_shell: [3086:3086:INFO:mdns_util.cc(102)] Defaulting mDNS capabilities for audio-only build
04-09 10:33:58.997  2710  2710 I wpa_supplicant: wlan0: CTRL-EVENT-REGDOM-CHANGE init=CORE type=WORLD
04-09 10:33:58.999  3083  3083 I cast_shell: [3086:3086:INFO:api_reboot.cc(321)] active_activities count=1
04-09 10:33:59.000  2711  2723 I yani_server: NetLink Event '-1' Interface-Index '5' WLAN '-1' Ethernet '-1' Parsed-iFill '-1' -> 'INVALID' ifIndex '1' -> 'lo'
04-09 10:33:59.000  3083  3083 I cast_shell: [3086:3086:INFO:setup_api_registry.cc(192)] Register external API: reboot
04-09 10:33:59.002  3083  3083 I cast_shell: [3086:3086:WARNING:cast_crypto_keys_openssl_shlib.cc(70)] No valid ESN read.
04-09 10:33:59.002  3083  3083 I cast_shell: [3086:3086:WARNING:cast_crypto_keys_openssl_shlib.cc(83)] Invalid or no DKE value read.
04-09 10:33:59.002  3083  3083 I cast_shell: [3086:3086:WARNING:cast_crypto_keys_openssl_shlib.cc(95)] Invalid or no DKH value read.
04-09 10:33:59.002  3083  3083 I cast_shell: [3086:3086:WARNING:cast_crypto_keys_openssl_shlib.cc(151)] Invalid or no DKW value read/computed.
04-09 10:33:59.002  3083  3083 I cast_shell: [3086:3137:INFO:multizone_manager.cc(539)] Dynamic groups are enabled
04-09 10:33:59.002  3083  3083 I cast_shell: [3086:3137:INFO:multizone_group.cc(357)] Change name for group [PII](AB5F13CC61E4DFB91E148ADD071BB1E6) to [PII](LSB9450)
04-09 10:33:59.002  3083  3083 I cast_shell: [3086:3135:INFO:endpoint_with_namespace_handler.cc(103)] Added a namespace handler: local_id=receiver-1d6cf37e-ee8f-4eb5-faa6-6928fdfff1d2, namespace=urn:x-cast:com.google.cast.multizone
04-09 10:33:59.002  3083  3083 I cast_shell: [3086:3137:INFO:setup_api_registry.cc(192)] Register external API: multizone/aux_in
04-09 10:33:59.002  3083  3083 I cast_shell: [3086:3134:INFO:discovered_service_client.cc(102)] Registering new service PTR listener: _googlezone._tcp.local
04-09 10:33:59.008  2711  2723 I yani_server: NetLink Event '-1' Interface-Index '5' WLAN '0' Ethernet '-1' Parsed-iFill '-1' -> 'INVALID' ifIndex '1' -> 'lo'
04-09 10:33:59.024  2734  2813 I bluetoothtbd: [0408/220359.024607:INFO:gatt_api.cc(1005)] GATT_Register
04-09 10:33:59.024  2734  2813 I bluetoothtbd: [0408/220359.024822:INFO:gatt_api.cc(1028)] allocated gatt_if=4
04-09 10:33:59.030  2734  2813 E bt_btif : register application first_unuse rcb_idx = 0
04-09 10:33:59.030  2734  2813 I bluetoothtbd: [0408/220359.030839:INFO:gatt_api.cc(1005)] GATT_Register
04-09 10:33:59.030  2734  2813 I bluetoothtbd: [0408/220359.030968:INFO:gatt_api.cc(1028)] allocated gatt_if=5
04-09 10:33:59.037  3083  3083 I cast_shell: [3086:3086:INFO:input_manager_impl.cc(284)] RegisterInput: device_id: cast, type: 0, state: 0
04-09 10:33:59.037  2734  2764 I bluetoothtbd: [0408/220359.037664:INFO:adapter.cc(551)] Adapter properties changed
04-09 10:33:59.037  2734  2764 I bluetoothtbd: [0408/220359.037821:INFO:adapter.cc(573)] Adapter name changed
04-09 10:33:59.038  2734  2813 I bluetoothtbd: [0408/220359.038114:INFO:gatt_api.cc(1005)] GATT_Register
04-09 10:33:59.038  2734  2813 I bluetoothtbd: [0408/220359.038248:INFO:gatt_api.cc(1028)] allocated gatt_if=6
04-09 10:33:59.038  3083  3083 I cast_shell: [3086:3086:INFO:input_manager_impl.cc(308)] NotifyInputConnect: device_id: cast, sample_rate: 0, num_channels: 0
04-09 10:33:59.038  3083  3083 I cast_shell: [3086:3086:INFO:input_manager_impl.cc(370)] SetActiveInput: cast
04-09 10:33:59.038  3083  3083 I cast_shell: [3086:3086:INFO:bluetooth_setup.cc(690)] Disabling connectability.
04-09 10:33:59.038  2734  2764 I bluetoothtbd: [0408/220359.038588:INFO:adapter.cc(551)] Adapter properties changed
04-09 10:33:59.038  3083  3083 I cast_shell: [3086:3086:INFO:input_manager_impl.cc(284)] RegisterInput: device_id: bluetooth, type: 1, state: 0
04-09 10:33:59.040  3083  3083 I cast_shell: [3086:3135:INFO:endpoint_with_namespace_handler.cc(103)] Added a namespace handler: local_id=receiver-1d6cf37e-ee8f-4eb5-faa6-6928fdfff1d2, namespace=urn:x-cast:com.google.cast.assistant
04-09 10:33:59.040  2734  2764 I bluetoothtbd: [0408/220359.040506:INFO:adapter.cc(551)] Adapter properties changed
04-09 10:33:59.040  3083  3083 I cast_shell: [3086:3135:INFO:endpoint_with_namespace_handler.cc(103)] Added a namespace handler: local_id=receiver-1d6cf37e-ee8f-4eb5-faa6-6928fdfff1d2, namespace=urn:x-cast:com.google.cast.companionauth
04-09 10:33:59.040  3083  3083 I cast_shell: [3086:3135:INFO:endpoint_with_namespace_handler.cc(103)] Added a namespace handler: local_id=receiver-1d6cf37e-ee8f-4eb5-faa6-6928fdfff1d2, namespace=urn:x-cast:com.google.cast.companion
04-09 10:33:59.040  3083  3083 I cast_shell: [3086:3135:INFO:endpoint_with_namespace_handler.cc(103)] Added a namespace handler: local_id=receiver-1d6cf37e-ee8f-4eb5-faa6-6928fdfff1d2, namespace=urn:x-cast:com.google.cast.timesync
04-09 10:33:59.042  2734  2813 I bluetoothtbd: [0408/220359.042005:INFO:btif_ble_advertiser.cc(90)] RegisterAdvertiserCb status: 0 , adveriser_id: 0
04-09 10:33:59.042  3083  3083 I cast_shell: [3086:3086:INFO:hds_broker_impl.cc(121)] HDS type registered type.googleapis.com/home.hds.proto.device.cast.ManagedModeCommandRequest
04-09 10:33:59.042  3083  3083 I cast_shell: [3086:3086:INFO:grpc_manager_impl.cc(245)] Registered service chromecast.modular_update.ModularUpdateService
04-09 10:33:59.042  3083  3083 I cast_shell: [3086:3086:INFO:grpc_manager_impl.cc(262)] Registered a handler GetCastInfo for service chromecast.modular_update.ModularUpdateService
04-09 10:33:59.042  3083  3083 I cast_shell: [3086:3086:INFO:grpc_manager_impl.cc(262)] Registered a handler SendHttpRequest for service chromecast.modular_update.ModularUpdateService
04-09 10:33:59.042  3083  3083 I cast_shell: [3086:3086:INFO:grpc_manager_impl.cc(262)] Registered a handler SynchronousUpdateProgress for service chromecast.modular_update.ModularUpdateService
04-09 10:33:59.044  3083  3083 I cast_shell: [3086:3103:ERROR:cast_media_shlib.cc(80)] snd_hctl_find_elem failed to find the rate offset element.
04-09 10:33:59.044  2734  2764 I bluetoothtbd: [0408/220359.044227:INFO:adapter.cc(551)] Adapter properties changed
04-09 10:33:59.044  2734  2764 E bluetoothtbd: [0408/220359.044383:ERROR:adapter.cc(608)] Invalid property length: 512
04-09 10:33:59.045  3083  3083 I cast_shell: [3086:3124:INFO:gatt_client_manager_impl.cc(202)] Enabling GATT client connectability
04-09 10:33:59.045  3083  3083 I cast_shell: [3086:3124:INFO:setup_api_registry.cc(192)] Register external API: input/status
04-09 10:33:59.045  3083  3083 I cast_shell: [3086:3124:INFO:setup_api_registry.cc(192)] Register external API: input/set_active
04-09 10:33:59.045  3083  3083 I cast_shell: [3086:3124:INFO:setup_api_registry.cc(192)] Register external API: input/debug_register
04-09 10:33:59.045  3083  3083 I cast_shell: [3086:3124:INFO:setup_api_registry.cc(192)] Register external API: input/debug_connect
04-09 10:33:59.045  3083  3083 I cast_shell: [3086:3124:INFO:setup_api_registry.cc(192)] Register external API: input/debug_disconnect
04-09 10:33:59.046  2734  2764 I bluetoothtbd: [0408/220359.045982:INFO:adapter.cc(551)] Adapter properties changed
04-09 10:33:59.046  3083  3083 I cast_shell: [3086:3124:INFO:bluetooth_manager.cc(115)] Record action: Cast.Bluetooth.DiscoveryMode.Disable
04-09 10:33:59.047  3083  3083 I cast_shell: [3086:3124:INFO:setup_api_registry.cc(192)] Register external API: bluetooth/api
04-09 10:33:59.047  3083  3083 I cast_shell: [3086:3124:INFO:setup_api_registry.cc(192)] Register external API: bluetooth/bond
04-09 10:33:59.047  3083  3083 I cast_shell: [3086:3124:INFO:setup_api_registry.cc(192)] Register external API: bluetooth/connect
04-09 10:33:59.047  3083  3083 I cast_shell: [3086:3124:INFO:setup_api_registry.cc(192)] Register external API: bluetooth/discovery
04-09 10:33:59.047  3083  3083 I cast_shell: [3086:3124:INFO:setup_api_registry.cc(192)] Register external API: bluetooth/get_bonded
04-09 10:33:59.047  3083  3083 I cast_shell: [3086:3124:INFO:setup_api_registry.cc(192)] Register external API: bluetooth/scan
04-09 10:33:59.047  3083  3083 I cast_shell: [3086:3124:INFO:setup_api_registry.cc(192)] Register external API: bluetooth/scan_results
04-09 10:33:59.047  3083  3083 I cast_shell: [3086:3124:INFO:setup_api_registry.cc(192)] Register external API: bluetooth/set_connectable
04-09 10:33:59.047  3083  3083 I cast_shell: [3086:3124:INFO:setup_api_registry.cc(192)] Register external API: bluetooth/status
04-09 10:33:59.047  3083  3083 I cast_shell: [3086:3124:INFO:setup_api_registry.cc(192)] Register external API: bluetooth/le/connect
04-09 10:33:59.047  3083  3083 I cast_shell: [3086:3124:INFO:setup_api_registry.cc(192)] Register external API: bluetooth/le/pause_scan
04-09 10:33:59.047  3083  3083 I cast_shell: [3086:3124:INFO:setup_api_registry.cc(192)] Register external API: bluetooth/le/set_scan_parameters
