04-09 14:47:03.910  2734  2766 I bluetoothtbd: [0409/021703.910831:INFO:adapter.cc(573)] Adapter name changed
04-09 14:47:03.912  2734  2766 I bt_btif_core: btif_enable_bluetooth_evt entered: status 0
04-09 14:47:03.912  2734  2766 W bt_btif : btif_enable_bluetooth_evt: Saving the Adapter Address
04-09 14:47:03.912  2734  2766 I bluetoothtbd: [0409/021703.912386:INFO:adapter.cc(551)] Adapter properties changed
04-09 14:47:03.912  2734  2766 I bluetoothtbd: [0409/021703.912538:INFO:adapter.cc(564)] Adapter address changed: CC:90:93:21:F3:85
04-09 14:47:03.912  2734  2766 D bt_hci  : do_postload posting postload work item
04-09 14:47:03.919  2734  2855 I bt_osi_thread: run_thread: thread id 2855, thread name btif_sock started
04-09 14:47:03.922  2734  2766 D bt_bte_conf: Device ID record 1 : primary
04-09 14:47:03.922  2734  2766 D bt_bte_conf:   vendorId            = 000f
04-09 14:47:03.922  2734  2766 D bt_bte_conf:   vendorIdSource      = 0001
04-09 14:47:03.922  2734  2766 D bt_bte_conf:   product             = 1200
04-09 14:47:03.922  2734  2766 D bt_bte_conf:   version             = 1436
04-09 14:47:03.922  2734  2766 D bt_bte_conf:   clientExecutableURL = 
04-09 14:47:03.922  2734  2766 D bt_bte_conf:   serviceDescription  = 
04-09 14:47:03.922  2734  2766 D bt_bte_conf:   documentationURL    = 
04-09 14:47:03.922  2734  2766 D bt_bte_conf: bte_load_did_conf no section named DID2.
04-09 14:47:03.923  2734  2760 I bt_stack_manager: event_start_up_stack finished
04-09 14:47:03.923  2734  2766 I bt_btif_core: btif_enable_bluetooth_evt finished
04-09 14:47:04.058  2729  2729 I ServiceManager: Waiting for service media.player...
04-09 14:47:04.168  2710  2719 I yani_kernel: yani_geteventfrom_changeaddr() Message-Id '1' Netlink event '16' Interface Index '9' -> Name 'usb0' 
04-09 14:47:04.169  2732  2745 E CommandListener: Message not handled: unrecognized interface usb0
04-09 14:47:04.169  2732  2745 W FrameworkListener: Handler 'Iface' error (Success)
04-09 14:47:05.058  2729  2729 I ServiceManager: Waiting for service media.player...
04-09 14:47:05.076  2732  2744 E WifiUtil: command: "SCAN" failed: FAIL-BUSY
04-09 14:47:05.388  2710  2719 I yani_server: NetLink Event '-1' Interface-Index '5' WLAN '-1' Ethernet '-1' Parsed-iFill '-1' -> 'INVALID' ifIndex '1' -> 'lo'
04-09 14:47:05.389  2710  2719 I yani_server: NetLink Event '-1' Interface-Index '5' WLAN '0' Ethernet '-1' Parsed-iFill '-1' -> 'INVALID' ifIndex '1' -> 'lo'
04-09 14:47:05.414  2710  2719 I chatty  : uid=0(root) YaniServer identical 39 lines
04-09 14:47:05.414  2710  2719 I yani_server: NetLink Event '-1' Interface-Index '5' WLAN '0' Ethernet '-1' Parsed-iFill '-1' -> 'INVALID' ifIndex '1' -> 'lo'
04-09 14:47:05.415  2710  2719 I yani_kernel: yani_geteventfrom_changeaddr() Message-Id '1' Netlink event '16' Interface Index '5' -> Name 'wlan0' 
04-09 14:47:05.415  2710  2719 I yani_kernel: yani_geteventfrom_changeaddr() Message-Id '1' Netlink event '16' Interface Index '5' -> Name 'wlan0' 
04-09 14:47:05.576  2732  2745 E CommandListener: Message not handled: unrecognized interface usb0
04-09 14:47:05.577  2732  2745 W FrameworkListener: Handler 'Iface' error (Success)
04-09 14:47:05.980  2712  2712 I SourceSwitch: SourceSwitch() Host 1 initialized...
04-09 14:47:06.059  2729  2729 I ServiceManager: Waiting for service media.player...
04-09 14:47:06.221  2788  2788 I dnsmasq : DHCPDISCOVER(usb0) a6:c4:6e:81:7c:bb 
04-09 14:47:06.221  2788  2788 I dnsmasq : DHCPOFFER(usb0) 192.168.10.3 a6:c4:6e:81:7c:bb 
04-09 14:47:06.222  2788  2788 I dnsmasq : DHCPDISCOVER(usb0) a6:c4:6e:81:7c:bb 
04-09 14:47:06.222  2788  2788 I dnsmasq : DHCPOFFER(usb0) 192.168.10.3 a6:c4:6e:81:7c:bb 
04-09 14:47:06.225  2788  2788 I dnsmasq : DHCPREQUEST(usb0) 192.168.10.3 a6:c4:6e:81:7c:bb 
04-09 14:47:06.225  2788  2788 I dnsmasq : DHCPACK(usb0) 192.168.10.3 a6:c4:6e:81:7c:bb 
04-09 14:47:06.227  2788  2788 I dnsmasq : DHCPREQUEST(usb0) 192.168.10.3 a6:c4:6e:81:7c:bb 
04-09 14:47:06.227  2788  2788 I dnsmasq : DHCPACK(usb0) 192.168.10.3 a6:c4:6e:81:7c:bb 
04-09 14:47:06.940  2734  2766 E bt_osi_config: config_save unable to open dir '/data/misc/bluedroid': No such file or directory
04-09 14:47:07.059  2729  2729 I ServiceManager: Waiting for service media.player...
04-09 14:47:07.079  2710  2719 I yani_server: NetLink Event '-1' Interface-Index '5' WLAN '-1' Ethernet '-1' Parsed-iFill '-1' -> 'INVALID' ifIndex '1' -> 'lo'
04-09 14:47:08.011  2690  2690 I sh      : btaudioplayer: not found
04-09 14:47:08.063  2690  2690 I sh      : *** play mode control constructor end 
04-09 14:47:08.063  2729  2729 E BrowseModeControl: Read env failed
04-09 14:47:08.063  2729  2729 I UIModeManager: RegisterModeControl Mode - BrowseMode ModeControl - 0xab028830
04-09 14:47:08.063  2729  2729 E DefaultBrowser: m_ItemsCount = 7 
04-09 14:47:08.063  2729  2729 E SDCardBrowser: SDCARD Browser constructor mounting vfat first
04-09 14:47:08.065  2729  2729 E SDCardBrowser: 3 GOTOP  Sytem return value = -1
04-09 14:47:08.065  2729  2729 E SDCardBrowser: mounting vfat failed, try ntfs, return value = -1
04-09 14:47:08.067  2729  2729 I ServiceManager: Waiting for service media.player...
04-09 14:47:08.086  2690  2690 I sh      : /dev/block/sd*: No such file or directory
04-09 14:47:09.067  2729  2729 I ServiceManager: Waiting for service media.player...
04-09 14:47:09.069  2960  2960 I wac-main: main() defaultServiceManager 0xaaf45fa8 
04-09 14:47:09.073  2960  2960 I wac-main: Getinstance
04-09 14:47:09.074  2960  2960 I wac-main: WAC LUCI listener created
04-09 14:47:09.075  2960  2970 I wac-main: init_netlink_skt() Success Netlink socket fd 7
04-09 14:47:09.075  2960  2970 E wac-main: Enter poll and wait
04-09 14:47:09.076  2960  2960 E wac-main: send wac api : a5a0
04-09 14:47:09.076  2960  2970 E wac-main: API event
04-09 14:47:09.076  2960  2960 I wac-main: OnStartup() WAC Triggered 'Success' after 1 attempt(s)
04-09 14:47:09.076  2960  2970 E wac-main: msg : a5a0
04-09 14:47:09.076  2960  2970 E wac-main: msg : a5a0
04-09 14:47:09.082  2960  2970 E wac-main: Enter poll and wait
04-09 14:47:09.086  2960  2973 E wac-main: enter WACStartStopThread
04-09 14:47:09.093  2960  2973 E wac-main: WACStartStopThread() event -> 'wacstart' is WACServer? UP -> 'No' 
04-09 14:47:09.102  2711  2720 I lucitransport: readRemoteMessage() MID char = 90 buffer = Lyric Speaker Box 21f384
04-09 14:47:09.103  2960  2973 E WACSERVER: ************************************************
04-09 14:47:09.103  2960  2973 E WACSERVER: PLATFORM ATTRIBUTES:
04-09 14:47:09.103  2960  2973 E WACSERVER:     NAME.........: Lyric Speaker Box 21f384
04-09 14:47:09.103  2960  2973 E WACSERVER:     MODEL........: LSB
04-09 14:47:09.103  2960  2973 E WACSERVER:     MANUFACTURER.: COTODAMA
04-09 14:47:09.103  2960  2973 E WACSERVER:     FW REV.......: p0000
04-09 14:47:09.103  2960  2973 E WACSERVER:     HW REV.......: LS10 VP1.0
04-09 14:47:09.103  2960  2973 E WACSERVER:     SERIAL NUMBER: cc909321f384
04-09 14:47:09.103  2960  2973 E WACSERVER:     UNCONFIGURED.: YES
04-09 14:47:09.103  2960  2973 E WACSERVER: PLATFORM FEATURES:
04-09 14:47:09.120  2732  2744 I NetworkMonitor: Number of APs is 39
04-09 14:47:09.120  2732  2744 I NetworkMonitor: Number of APs with same essid 0
04-09 14:47:09.123  2711  2720 I lucitransport: writeRemoteMessage() MID = 143 buffer = 0
04-09 14:47:09.123  2711  2720 I luciUART: write() MID = 143  bytes = 11 data = 0 m_fd = 0x5
04-09 14:47:09.124  2711  2720 I lucitransport: writeLocalMessage() MID = 143 buffer = 0
04-09 14:47:09.124  2711  2722 E LUCI_SERVER: Luci Server Thread wait over MID 143....
04-09 14:47:09.124  2711  2722 E LUCI_SERVER: Luci Server Thread waiting for packets....
04-09 14:47:09.125  2960  2975 D WACSERVER: Advertising WAC SSID Lyric Speaker Box 21f384
04-09 14:47:09.128  2960  2970 D wac-main: Netlink event
04-09 14:47:09.128  2960  2970 E wac-main: Netlink event 20 Interface Index 7 
04-09 14:47:09.128  2960  2970 E wac-main: Enter poll and wait
04-09 14:47:09.128  2732  2745 E CommandListener: Message not handled: unrecognized interface p2p1
04-09 14:47:09.153  2690  2690 I sh      : mkdir failed for misc, File exists
04-09 14:47:09.154  2690  2690 I sh      : ***** START WEBSERVER ******
04-09 14:47:09.162  2690  2690 I sh      : threadLoop entry.... 
04-09 14:47:09.162  2690  2690 I sh      : WebServerManager::InitWebServerManager ++ 
04-09 14:47:09.163  2690  2690 I sh      : WebServerManager::InitWebServerManager --
04-09 14:47:09.195  2961  2961 E librecast: Starting Libre Cast process...
04-09 14:47:09.199  2961  2961 E librecast: librecast:189
04-09 14:47:09.201  2961  2961 E librecast: librecast:195
04-09 14:47:09.207  2961  2961 E librecast: librecast:217:GoogleCast NV set to 'true' so starting cast_installer service
04-09 14:47:09.210  2966  2985 E LibreConnect: 
04-09 14:47:09.210  2966  2985 E LibreConnect:  start /factory/custom/web YES, Its a DIR
04-09 14:47:09.211  2967  2988 I otamanager: OTA: set OTA timer
04-09 14:47:09.211  2967  2988 I otamanager: Timer set for 14400 seconds
04-09 14:47:09.212  2967  2988 D otamanager: Thread created successfully
04-09 14:47:09.212  2967  2988 I otamanager: OTA Manager Initialization Complete!!!
04-09 14:47:09.212  2967  2988 I otamanager: OnStartupCheck() wlanstate 0  ethstate 0 m_IsFDR 1
04-09 14:47:09.212  2967  2988 I otamanager: CurrentFirmwareUpdateState: 'Idle' 
04-09 14:47:09.217  2690  2690 I sh      : 
04-09 14:47:09.217  2690  2690 I sh      : 
04-09 14:47:09.217  2690  2690 I sh      : MAIN TO START SPOTIFY START
04-09 14:47:09.217  2690  2690 I sh      : 
04-09 14:47:09.217  2690  2690 I chatty  : uid=1005(log) /bin/logwrapper identical 1 line
04-09 14:47:09.217  2690  2690 I sh      : 
04-09 14:47:09.238  2964  2995 E SPOTIFY : Spotify initSpotifyLibrary 
04-09 14:47:09.254  2964  2995 E SPOTIFY : TLS Cert free resposne = 6 
04-09 14:47:09.254  2964  2995 E SPOTIFY : Certificate bundle Length= 200519 
04-09 14:47:09.254  2690  2690 I sh      : Unable to chmod bluedroid/*: No such file or directory
04-09 14:47:09.260  2960  2970 D wac-main: Netlink event
04-09 14:47:09.260  2960  2970 E wac-main: Netlink event 16 Interface Index 7 
04-09 14:47:09.260  2960  2970 E wac-main: Enter poll and wait
04-09 14:47:09.261  2710  2719 I yani_kernel: yani_geteventfrom_changeaddr() Message-Id '1' Netlink event '16' Interface Index '7' -> Name 'p2p1' 
04-09 14:47:09.265  2732  2745 E CommandListener: Message not handled: unrecognized interface p2p1
04-09 14:47:09.265  2732  2745 W FrameworkListener: Handler 'Iface' error (Success)
04-09 14:47:09.294  2964  2995 E SPOTIFY : sCertificate = -----BEGIN CERTIFICATE-----
04-09 14:47:09.294  2964  2995 E SPOTIFY : MIIDrzCCApegAwIBAgIQCDvgVpBCRrGhdWrJWZHHSjANBgkqhkiG9w0BAQUFADBhMQswCQYDVQQG
04-09 14:47:09.294  2964  2995 E SPOTIFY : EwJVUzEVMBMGA1UEChMMRGlnaUNlcnQgSW5jMRkwFwYDVQQLExB3d3cuZGlnaWNlcnQuY29tMSAw
04-09 14:47:09.294  2964  2995 E SPOTIFY : HgYDVQQDExdEaWdpQ2VydCBHbG9iYWwgUm9vdCBDQTAeFw0wNjExMTAwMDAwMDBaFw0zMTExMTAw
04-09 14:47:09.294  2964  2995 E SPOTIFY : MDAwMDBaMGExCzAJBgNVBAYTAlVTMRUwEwYDVQQKEwxEaWdpQ2VydCBJbmMxGTAXBgNVBAsTEHd3
04-09 14:47:09.294  2964  2995 E SPOTIFY : dy5kaWdpY2VydC5jb20xIDAeBgNVBAMTF0RpZ2lDZXJ0IEdsb2JhbCBSb290IENBMIIBIjANBgkq
04-09 14:47:09.294  2964  2995 E SPOTIFY : hkiG9w0BAQEFAAOCAQ8AMIIBCgKCAQEA4jvhEXLeqKTTo1eqUKKPC3eQyaKl7hLOllsBCSDMAZOn
04-09 14:47:09.294  2964  2995 E SPOTIFY : TjC3U/dDxGkAV53ijSLdhwZAAIEJzs4bg7/fzTtxRuLWZscFs3YnFo97nh6Vfe63SKMI2tavegw5
04-09 14:47:09.294  2964  2995 E SPOTIFY : BmV/Sl0fvBf4q77uKNd0f3p4mVmFaG5cIzJLv07A6Fpt43C/dxC//AH2hdmoRBBYMql1GNXRor5H
04-09 14:47:09.294  2964  2995 E SPOTIFY : 4idq9Joz+EkIYIvUX7Q6hL+hqkpMfT7PT19sdl6gSzeRntwi5m3OFBqOasv+zbMUZBfHWymeMr/y
04-09 14:47:09.294  2964  2995 E SPOTIFY : 7vrTC0LUq7dBMtoM1O/4gdW7jVg/tRvoSSiicNoxBN33shbyTApOB6jtSj1etX+jkMOvJwIDAQAB
04-09 14:47:09.294  2964  2995 E SPOTIFY : o2MwYTAOBgNVHQ8BAf8EBAMCAYYwDwYDVR0TAQH/BAUwAwEB/zAdBgNVHQ4EFgQUA95QNVbRTLtm
04-09 14:47:09.294  2964  2995 E SPOTIFY : 8KPiGxvDl7I90VUwHwYDVR0jBBgwFoAUA95QNVbRTLtm8KPiGxvDl7I90VUwDQYJKoZIhvcNAQEF
04-09 14:47:09.294  2964  2995 E SPOTIFY : BQADggEBAMucN6pIExIK+t1EnE9SsPTfrgT1eXkIoyQY/EsrhMAtudXH/vTBH1jLuG2cenTnmCmr
04-09 14:47:09.294  2964  2995 E SPOTIFY : EbXjcKChzUyImZOMkXDiqw8cvpOp/2PV5Adg06O/nVsJ8dWO41P0jmP6P6fbtGbfYmbW0W5BjfIt
04-09 14:47:09.294  2964  2995 E SPOTIFY : tep3Sp+dWOIrWcBAI+0tKIJFPnlUkiaY4IBIqDfv8NZ5YBberOgOzW6sRBc4L0na4UU+Krk2U886
04-09 14:47:09.294  2964  2995 E SPOTIFY : UAb3LujEV0lsYSEY1QSteDwsOoBrp+uvFRTp2InBuThs4pFsiv9kuXclVzDAGySj4dzp30d8tbQk
04-09 14:47:09.294  2964  2995 E SPOTIFY : CAUw7C29C79Fv1C5qfPrmAESrciIxpg0X40KPMbp1ZWVbd4=
04-09 14:47:09.294  2964  2995 E SPOTIFY : -----END CERTIFICATE-----
04-09 14:47:09.294  2964  2995 E SPOTIFY : -----BEGIN CERTIFICATE-----
04-09 14:47:09.294  2964  2995 E SPOTIFY : MIIDtzCCAp+gAwIBAgIQDOfg5RfYRv6P5WD8G/AwOTANBgkqhkiG9w0BAQUFADBlMQswCQYDVQQG
04-09 14:47:09.294  2964  2995 E SPOTIFY : EwJVUzEVMBMGA1UEChMMRGlnaUNlcnQgSW5jMRkwFwYDVQQLExB3d3cuZGlnaWNlcnQuY29tMSQw
04-09 14:47:09.294  2964  2995 E SPOTIFY : IgYDVQQDExtEaWdpQ2VydCBBc3N1cmVkIElEIFJvb3QgQ0EwHhcNMDYxMTEwMDAwMDAwWhcNMzEx
04-09 14:47:09.294  2964  2995 E SPOTIFY : MTEwMDAwMDAwWjBlMQswCQYDVQQGEwJVUzEVMBMGA1UEChMMRGlnaUNlcnQgSW5jMRkwFwYDVQQL
04-09 14:47:09.294  2964  2995 E SPOTIFY : ExB3d3cuZGlnaWNlcnQuY29tMSQwIgYDVQQDExtEaWdpQ2VydCBBc3N1cmVkIElEIFJvb3QgQ0Ew
04-09 14:47:09.294  2964  2995 E SPOTIFY : ggEiMA0GCSqGSIb3DQEBAQUAA4IBDwAwggEKAoIBAQCtDhXO5EOAXLGH87dg+XESpa7cJpSIqvTO
04-09 14:47:09.294  2964  2995 E SPOTIFY : 9SA5KFhgDPiA2qkVlTJhPLWxKISKityfCgyDF3qPkKyK53lTXDGEKvYPmDI2dsze3Tyoou9q+yHy
04-09 14:47:09.294  2964  2995 E SPOTIFY : UmHfnyDXH+Kx2f4YZNISW1/5WBg1vEfNoTb5a3/UsDg+wRvDjDPZ2C8Y/igPs6eD1sNuRMBhNZYW
04-09 14:47:09.294  2964  2995 E SPOTIFY : /lmci3Zt1/GiSw0r/wty2p5g0I6QNcZ4VYcgoc/lbQrISXwxmDNsIumH0DJaoroTghHtORedmTpy
04-09 14:47:09.294  2964  2995 E SPOTIFY : oeb6pNnVFzF1roV9Iq4/AUaG9ih5yLHa5FcXxH4cDrC0kqZWs72yl+2qp/C3xag/lRbQ/6GW6whf
04-09 14:47:09.294  2964  2995 E SPOTIFY : GHdPAgMBAAGjYzBhMA4GA1UdDwEB/wQEAwIBhjAPBgNVHRMBAf8EBTADAQH/MB0GA1UdDgQWBBRF
04-09 14:47:09.294  2964  2995 E SPOTIFY : 66Kv9JLLgjEtUYunpyGd823IDzAfBgNVHSMEGDAWgBRF66Kv9JLLgjEtUYunpyGd823IDzANBgkq
04-09 14:47:09.294  2964  2995 E SPOTIFY : hkiG9w0BAQUFAAOCAQEAog683+Lt8ONyc3pklL/3cmbYMuRCdWKuh+vy1dneVrOfzM4UKLkNl2Bc
04-09 14:47:09.294  2964  2995 E SPOTIFY : EkxY5NM9g0lFWJc1aRqoR+pWxnmrEthngYTffwk8lOa4JiwgvT2zKIn3X/8i4peEH+ll74fg38Fn
04-09 14:47:09.294  2964  2995 E SPOTIFY : SbNd67IJKusm7Xi+fT8r87cmNW1fiQG2SVufAQWbqz0lwcy2f8Lxb4bG+mRo64EtlOtCt/qMHt1i
04-09 14:47:09.294  2964  2995 E SPOTIFY : 8b5QZ7dsvfPxH2sMNgcWfzd8qVttevESRmCD1ycEvkvOl77DZypoEd+A5wwzZr8TDRRu838fYxAe
04-09 14:47:09.294  2964  2995 E SPOTIFY : +o0bJW1sj6W3YQGx0qMmoRBxna3iw/nDmVG3KwcIzi7mULKn+gpFL6Lw8g==
04-09 14:47:09.294  2964  2995 E SPOTIFY : -----END CERTIFICATE-----
04-09 14:47:09.294  2964  2995 E SPOTIFY : -----BEGIN CERTIFICATE-----
04-09 14:47:09.294  2964  2995 E SPOTIFY : MIIDxTCCAq2gAwIBAgIQAqxcJmoLQJuPC3nyrkYldzANBgkqhkiG9w0BAQUFADBsMQswCQYDVQQG
04-09 14:47:09.294  2964  2995 E SPOTIFY : EwJVUzEVMBMGA1UEChMMRGlnaUNlcnQgSW5jMRkwFwYDVQQLExB3d3cuZGlnaWNlcnQuY29tMSsw
04-09 14:47:09.294  2964  2995 E SPOTIFY : KQYDVQQDEyJEaWdpQ2VydCBIaWdoIEFzc3VyYW5jZSBFViBSb290IENBMB4XDTA2MTExMDAwMDAw
04-09 14:47:09.294  2964  2995 E SPOTIFY : MFoXDTMxMTExMDAwMDAwMFowbDELMAkGA1UEBhMCVVMxFTATBgNVBAoTDERpZ2lDZXJ0IEluYzEZ
04-09 14:47:09.294  2964  2995 E SPOTIFY : MBcGA1UECxMQd3d3LmRpZ2ljZXJ0LmNvbTErMCkGA1UEAxMiRGlnaUNlcnQgSGlnaCBBc3N1cmFu
04-09 14:47:09.294  2964  2995 E SPOTIFY : Y2UgRVYgUm9vdCBDQTCCASIwDQYJKoZIhvcNAQEBBQADggEPADCCAQoCggEBAMbM5XPm+9S75S0t
04-09 14:47:09.294  2964  2995 E SPOTIFY : Mqbf5YE/yc0lSbZxKsPVlDRnogocsF9ppkCxxLeyj9CYpKlBWTrT3JTWPNt0OKRKzE0lgvdKpVMS
04-09 14:47:09.294  2964  2995 E SPOTIFY : OO7zSW1xkX5jtqumX8OkhPhPYlG++MXs2ziS4wblCJEMxChBVfvLWokVfnHoNb9Ncgk9vjo4UFt3
04-09 14:47:09.294  2964  2995 E SPOTIFY : MRuNs8ckRZqnrG0AFFoEt7oT61EKmEFBIk5lYYeBQVCmeVyJ3hlKV9Uu5l0cUyx+mM0aBhakaHPQ
04-09 14:47:09.294  2964  2995 E SPOTIFY : NAQTXKFx01p8VdteZOE3hzBWBOURtCmAEvF5OYiiAhF8J2a3iLd48soKqDirCmTCv2ZdlYTBoSUe
04-09 14:47:09.294  2964  2995 E SPOTIFY : h10aUAsgEsxBu24LUTi4S8sCAwEAAaNjMGEwDgYDVR0PAQH/BAQDAgGGMA8GA1UdEwEB/wQFMAMB
04-09 14:47:09.294  2964  2995 E SPOTIFY : Af8wHQYDVR0OBBYEFLE+w2kD+L9HAdSYJhoIAu9jZCvDMB8GA1UdIwQYMBaAFLE+w2kD+L9HAdSY
04-09 14:47:09.294  2964  2995 E SPOTIFY : JhoIAu9jZCvDMA0GCSqGSIb3DQEBBQUAA4IBAQAcGgaX3NecnzyIZgYIVyHbIUf4KmeqvxgydkAQ
04-09 14:47:09.294  2964  2995 E SPOTIFY : V8GK83rZEWWONfqe/EW1ntlMMUu4kehDLI6zeM7b41N5cdblIZQB2lWHmiRk9opmzN6cN82oNLFp
04-09 14:47:09.294  2964  2995 E SPOTIFY : myPInngiK3BD41VHMWEZ71jFhS9OMPagMRYjyOfiZRYzy78aG6A9+MpeizGLYAiJLQwGXFK3xPkK
04-09 14:47:09.294  2964  2995 E SPOTIFY : mNEVX58Svnw2Yzi9RKR/5CYrCsSXaQ3pjOLAEFe4yHYSkVXySGnYvCoCWw9E1CAx2/S6cCZdkGCe
04-09 14:47:09.294  2964  2995 E SPOTIFY : vEsXCS+0yx5DaMkHJ8HSXPfqIbloEpw8nL+e/IBcm2PN7E
04-09 14:47:09.295  2961  2961 I librecast: populateProperties ++
04-09 14:47:09.307  2979  2979 I hostapd : p2p1: IEEE 802.11 channel=6 mode=ht bw=20 htcaps=0x177f vhtcaps=0x0 cf_seg0=0 cf_seg1=0
04-09 14:47:09.327  2960  2970 D wac-main: Netlink event
04-09 14:47:09.327  2960  2970 E wac-main: Netlink event 16 Interface Index 5 
04-09 14:47:09.327  2960  2970 E wac-main: Enter poll and wait
04-09 14:47:09.329  2710  2719 I yani_kernel: yani_geteventfrom_changeaddr() Message-Id '1' Netlink event '16' Interface Index '5' -> Name 'wlan0' 
04-09 14:47:09.331  2960  2970 D wac-main: Netlink event
04-09 14:47:09.331  2960  2970 E wac-main: Netlink event 16 Interface Index 5 
04-09 14:47:09.331  2960  2970 E wac-main: Enter poll and wait
04-09 14:47:09.340  2710  2719 I yani_server: NetLink Event '-1' Interface-Index '5' WLAN '-1' Ethernet '-1' Parsed-iFill '-1' -> 'INVALID' ifIndex '1' -> 'lo'
04-09 14:47:09.345  2963  2963 I airplayluci: Getinstance
04-09 14:47:09.349  2710  2719 I yani_server: NetLink Event '-1' Interface-Index '5' WLAN '0' Ethernet '-1' Parsed-iFill '-1' -> 'INVALID' ifIndex '1' -> 'lo'
04-09 14:47:09.349  2963  2963 I airplayUI: supportedMetadataFlag gArtworkFlag 5 
04-09 14:47:09.350  2963  2963 W airplay-main: Airplay not launched WLAN 0 Ethernet 0
04-09 14:47:09.359  2710  2719 I yani_server: NetLink Event '-1' Interface-Index '5' WLAN '0' Ethernet '-1' Parsed-iFill '-1' -> 'INVALID' ifIndex '1' -> 'lo'
04-09 14:47:09.360  2710  2719 I chatty  : uid=0(root) YaniServer identical 1 line
04-09 14:47:09.361  2710  2719 I yani_server: NetLink Event '-1' Interface-Index '5' WLAN '0' Ethernet '-1' Parsed-iFill '-1' -> 'INVALID' ifIndex '1' -> 'lo'
04-09 14:47:09.363  2960  2970 D wac-main: Netlink event
04-09 14:47:09.363  2960  2970 E wac-main: Netlink event 16 Interface Index 7 
04-09 14:47:09.363  2732  2745 E CommandListener: Message not handled: unrecognized interface p2p1
04-09 14:47:09.363  2732  2745 W FrameworkListener: Handler 'Iface' error (Success)
04-09 14:47:09.363  2960  2970 E wac-main: Enter poll and wait
04-09 14:47:09.382  2961  2961 I librecast: BT MAC address cc:90:93:21:f3:85
04-09 14:47:09.382  2961  2961 I librecast: populateProperties --
04-09 14:47:09.384  2710  2719 I yani_server: NetLink Event '-1' Interface-Index '5' WLAN '0' Ethernet '-1' Parsed-iFill '-1' -> 'INVALID' ifIndex '1' -> 'lo'
04-09 14:47:09.386  2710  2719 I chatty  : uid=0(root) YaniServer identical 3 lines
04-09 14:47:09.387  2710  2719 I yani_server: NetLink Event '-1' Interface-Index '5' WLAN '0' Ethernet '-1' Parsed-iFill '-1' -> 'INVALID' ifIndex '1' -> 'lo'
04-09 14:47:09.387  2710  2719 I yani_kernel: yani_geteventfrom_changeaddr() Message-Id '1' Netlink event '16' Interface Index '5' -> Name 'wlan0' 
04-09 14:47:09.388  2710  2719 I yani_kernel: yani_geteventfrom_changeaddr() Message-Id '1' Netlink event '16' Interface Index '7' -> Name 'p2p1' 
04-09 14:47:09.400  2961  3037 I LibreCastControl: LibreCastControl_init() pCastLuciobj 0xac4c5198
04-09 14:47:09.409  3006  3006 I sh      : Info: main(): Installing cast package from /data/chrome/cache/ota.zip to /chrome/ ...
04-09 14:47:09.409  3006  3006 I sh      : Error: main(): /data/chrome/cache/ota.zip doesn't exist
04-09 14:47:09.409  3006  3006 I sh      : Info: main(): Post-installation validation ...
04-09 14:47:09.409  3006  3006 I sh      : Info: PostInstall(): PostInstall validation
04-09 14:47:09.416  3006  3006 I sh      : Info: PostInstall(): Verifying sha1sum for 176 files
04-09 14:47:09.447  2960  2975 E WACSERVER: Platform Software Access Point started
04-09 14:47:09.447  2960  2975 E WACSERVER: HTTPServer started
04-09 14:47:09.458  2960  2975 E WACBONJOUR: Lyric Speaker Box 21f384@_mfi-config._tcp:5000 registered successfully
04-09 14:47:09.458  2960  2975 E WACSERVER: Bonjour service registered with seed: 1
04-09 14:47:09.458  2960  2975 E wac-main: WACCallback() message 1 -> 'Ready'
04-09 14:47:09.459  2711  2720 I lucitransport: writeRemoteMessage() MID = 143 buffer = 1
04-09 14:47:09.459  2711  2720 I luciUART: write() MID = 143  bytes = 11 data = 1 m_fd = 0x5
04-09 14:47:09.459  2711  2720 I lucitransport: writeLocalMessage() MID = 143 buffer = 1
04-09 14:47:09.460  2711  2722 E LUCI_SERVER: Luci Server Thread wait over MID 143....
04-09 14:47:09.460  2711  2722 E LUCI_SERVER: Luci Server Thread waiting for packets....
04-09 14:47:09.486  3057  3057 I dnsmasq : started, version 2.51 DNS disabled
04-09 14:47:09.486  3057  3057 I dnsmasq : compile time options: no-IPv6 GNU-getopt no-DBus no-I18N DHCP no-scripts no-TFTP
04-09 14:47:09.487  3057  3057 I dnsmasq : DHCP, IP range 192.168.2.10 -- 192.168.2.20, lease time 12h
04-09 14:47:09.746  2964  2995 E SPOTIFY : TLS Cert Add response = 0  iErr = 0 
04-09 14:47:09.746  2964  2995 E SPOTIFY : Spotify init config 
04-09 14:47:09.747  2964  2995 E SPOTIFY : Spotify single Sp client key 
04-09 14:47:09.748  2964  2995 E SPOTIFY : SpotifyClentId = a6f3d52313b843f8a78af56829cf1726 
04-09 14:47:09.748  2964  2995 E SPOTIFY : wifiMacID = cc:90:93:21:f3:84 
04-09 14:47:09.748  2964  2995 E SPOTIFY : sMACAddr = cc909321f384
04-09 14:47:09.748  2964  2995 E SPOTIFY : wifiMacID  = cc909321f384
04-09 14:47:09.749  2964  2995 E SPOTIFY : FriendlyName = Lyric Speaker Box 21f384 
04-09 14:47:09.750  2964  2995 E SPOTIFY : Spotify FriendlyName = Lyric Speaker Box 21f384
04-09 14:47:09.750  2964  2995 E SPOTIFY : Spotify Device Name = Lyric Speaker Box 21f384
04-09 14:47:09.751  2964  2995 E SPOTIFY : Model name read success 
04-09 14:47:09.751  2964  2995 E SPOTIFY : Spotify Model Truncated = LSB
04-09 14:47:09.753  2964  2995 E SPOTIFY : Manufacturer name read success 
04-09 14:47:09.753  2964  2995 E SPOTIFY : Spotify Manufacturer = COTODAMA
04-09 14:47:09.754  2964  2995 E SPOTIFY : iProductID = 1 
04-09 14:47:09.756  2964  2995 E SPOTIFY : config.display_name = Lyric Speaker Box 21f384 
04-09 14:47:09.756  2964  2995 E SPOTIFY : config.brand_name = COTODAMA 
04-09 14:47:09.756  2964  2995 E SPOTIFY : config.model_display_name = LSB 
04-09 14:47:09.756  2964  2995 E SPOTIFY : config.brand_display_name = COTODAMA 
04-09 14:47:09.756  2964  2995 E SPOTIFY : config.product_id = 1 
04-09 14:47:09.756  2964  2995 E SPOTIFY : config.client_id = a6f3d52313b843f8a78af56829cf1726 
04-09 14:47:09.757  2964  2995 E SPOTIFY : config.unique_id = cc909321f384 
04-09 14:47:09.796  2966  2985 E LibreConnect: Version eng.C4A.1203
04-09 14:47:09.797  2966  2985 E LibreConnect: Fwdata with only LIBRE Version  eng.C4A.1203
04-09 14:47:09.807  2966  2985 E LibreConnect: ENVitems Writing Failed!!!
04-09 14:47:09.822  2966  2985 E LibreConnect: ENVitems Writing Failed!!!
04-09 14:47:09.827  2964  2995 E SPOTIFY : Spotify startSpotifyLogin 
04-09 14:47:09.829  2964  2995 E SPOTIFY : Spotify Username = 0
04-09 14:47:09.829  2964  2995 E SPOTIFY : Spotify first start 
04-09 14:47:09.830  2964  3060 E SPOTIFY : audio_thread_main : wait for  isActiveSource and isPlayingSource
04-09 14:47:09.831  2964  2995 E SPOTIFY : Spotify application main while loop 
04-09 14:47:09.843  2964  3061 E SPOTIFY : Timer Sem Wait Start
04-09 14:47:09.850  3006  3006 I sh      : Info: PostInstall(): Verified: 905cfaa824f1c8aef643b8b1bfe806b03078dd84 assets/cast_shell.pak
04-09 14:47:09.882  3006  3006 I sh      : Info: PostInstall(): Verified: 4d8dc2d84f68d888210fc81e4165c2826addefba cast_cli
04-09 14:47:10.068  2729  2729 I ServiceManager: Waiting for service media.player...
04-09 14:47:10.505  2732  2745 E CommandListener: Message not handled: unrecognized interface p2p1
04-09 14:47:10.505  2732  2745 W FrameworkListener: Handler 'Iface' error (Success)
04-09 14:47:11.068  2729  2729 I chatty  : uid=0(root) UIframework identical 1 line
04-09 14:47:12.069  2729  2729 I ServiceManager: Waiting for service media.player...
04-09 14:47:13.092  2690  2690 I sh      : mkdir failed for /lsync/images, File exists
04-09 14:47:13.093  2729  2729 E USBbrowser: USBBrowser UIcount cne read err...
04-09 14:47:13.094  2729  2729 E USBbrowser: USB Browser m_displaySize = 150 
04-09 14:47:13.095  2729  2729 I AirableBrowser: AirableBrowser Contructor
04-09 14:47:13.097  2729  2729 E AirableBrowser:  Airable ENV_AirableBaseURL_ID Envitem returned failed!!!
04-09 14:47:13.099  2729  2729 E AirableBrowser:  Airable ENV_AirableSecret_ID Envitem returned failed!!!
04-09 14:47:13.099  2729  2729 E AirableBrowser: Airable Base URL = 
04-09 14:47:13.099  2729  2729 E AirableBrowser: Secret =  
04-09 14:47:13.099  2729  2729 E AirableBrowser: AirableBrowser UIcount env read err...
04-09 14:47:13.099  2729  2729 E AirableBrowser:  Airable ENV_SoundQuality_ID Envitem returned failed!!!
04-09 14:47:13.099  2729  2729 I BrowseModeControl: BrowseModeControl::switchBrowser browser - BROWSER_HOME 
04-09 14:47:13.099  2729  2729 E DefaultBrowser: m_ItemsCount = 7 
04-09 14:47:13.099  2729  2729 I DefaultBrowser: DefaultBrowser::updateViewData ++
04-09 14:47:13.099  2729  2729 E DefaultBrowser: Item No = 0 Name -  MEDIA SERVERS 
04-09 14:47:13.099  2729  2729 E DefaultBrowser: Item No = 1 Name -  VTUNER 
04-09 14:47:13.099  2729  2729 E DefaultBrowser: Item No = 2 Name -  USB 
04-09 14:47:13.099  2729  2729 E DefaultBrowser: Item No = 3 Name -  SDCARD 
04-09 14:47:13.099  2729  2729 E DefaultBrowser: Item No = 4 Name -  TIDAL 
04-09 14:47:13.099  2729  2729 E DefaultBrowser: Item No = 5 Name -  AIRABLE 
04-09 14:47:13.099  2729  2729 E DefaultBrowser: Item No = 6 Name -  FAVORITES 
04-09 14:47:13.099  2729  2729 I DefaultBrowser: DefaultBrowser::updateViewData --
04-09 14:47:13.100  2729  2729 E PlayListManager: playlistManager const 
04-09 14:47:13.101  2729  2729 E PlayListManager: Envitem returned failed!!!
04-09 14:47:13.101  2729  2729 E PlayListManager: sdIndex = £ÿ len = 2
04-09 14:47:13.122  2690  2690 I sh      : mkdir failed for /media/sdb/.Libre, No such file or directory
04-09 14:47:13.128  2729  2729 E PlayListManager: a<--ENV DEBUG : dev_current: 0 fd : 6  PLAYLIST_SECT_SIZE : 0x10000,DEVOFFSET (dev_current) : 0x0, mtdinfo.type : 4
04-09 14:47:13.128  2729  2729 E PlayListManager: a<-- ONETOUCH sect read completed : UBI#
04-09 14:47:13.128  2729  2729 E PlayListManager: a<--No vaild ONETOUCH sect found
04-09 14:47:13.129  2729  2729 E PlayListManager: ENV Update : erase.start : 0 erase.length : 65536
04-09 14:47:13.129  2729  2729 E PlayListManager: ENV Flash : MEMUNLOCK : -1
04-09 14:47:13.129  2729  2729 E PlayListManager: ENV Flash erase failed 
04-09 14:47:13.129  2690  2690 I sh      : Write error on /dev/mtd/mtd6: Invalid argument
04-09 14:47:13.129  2729  2729 E PlayListManager: a<---Writing tunein part environment at 0x0 buffsize 8,buffeaddrr=FFA36680
04-09 14:47:13.129  2729  2729 E PlayListManager: a<--blockstart=9f7f1c00,block_seek=0
04-09 14:47:13.129  2690  2690 I sh      : Write error on /dev/mtd/mtd6: Invalid argument
04-09 14:47:13.129  2729  2729 E PlayListManager: a<--plistHeadersize=6
04-09 14:47:13.129  2729  2729 E PlayListManager: a<--plistSt->validity=0x0
04-09 14:47:13.129  2729  2729 I chatty  : uid=0(root) UIframework identical 2 lines
04-09 14:47:13.129  2729  2729 E PlayListManager: a<--plistSt->validity=0x0
04-09 14:47:13.129  2729  2729 E PlayListManager: a<--plistSt->validity=0xFF
04-09 14:47:13.129  2729  2729 E PlayListManager: a<--FRee Loc detected=0x4CB7
04-09 14:47:13.129  2729  2729 E PlayListManager: a<--importToFlash curValidLocOffset=0,nxtFreeLocOffset=4CB7
04-09 14:47:13.131  2729  2729 I UIModeManager: Before ChangeModeControl CurrentMode - INVALID MODE (Something Extremely Wrong)!! NewMode - BrowseMode object - (nil)
04-09 14:47:13.131  2729  2729 I UIModeManager: After ChangeModeControl CurrentMode - BrowseMode NewMode - BrowseMode object - 0xab028830
04-09 14:47:13.131  2729  2729 I BrowseModeControl: BrowseModeControl::activate() 
04-09 14:47:13.131  2729  2729 E ViewCtrl: switchView PreventUIUpdate - FALSE CurrentView - PlayView NewView - BrowseView
04-09 14:47:13.131  2729  2729 E ViewCtrl: Draw View CurrentView - BrowseView NewView - BrowseView
04-09 14:47:13.139  2729  2729 E BrowseView: Name = MEDIA SERVERS 
04-09 14:47:13.139  2729  2729 E BrowseView: Name = VTUNER 
04-09 14:47:13.139  2729  2729 E BrowseView: Name = USB 
04-09 14:47:13.139  2729  2729 E BrowseView: Name = SDCARD 
04-09 14:47:13.139  2729  2729 E BrowseView: Name = TIDAL 
04-09 14:47:13.139  2729  2729 E BrowseView: Name = AIRABLE 
04-09 14:47:13.139  2729  2729 E BrowseView: Name = FAVORITES 
04-09 14:47:13.142  2729  2729 E BrowseView: DrawView() json size - 539 data - {"CMD ID":1,"Title":"BrowseView","Window CONTENTS":{"Browser":"HOME","CurrentPath":"","Index":0,"Item Count":7,"ItemList":[{"Fav":0,"Item ID":0,"ItemType":"Folder","Name":"MEDIA SERVERS"},{"Fav":0,"Item ID":1,"ItemType":"Folder","Name":"VTUNER"},{"Fav":0,"Item ID":2,"ItemType":"Folder","Name":"USB"},{"Fav":0,"Item ID":3,"ItemType":"Folder","Name":"SDCARD"},{"Fav":0,"Item ID":4,"ItemType":"Folder","Name":"TIDAL"},{"Fav":0,"Item ID":5,"ItemType":"Folder","Name":"AIRABLE"},{"Fav":0,"Item ID":6,"ItemType":"Folder","Name":"FAVORITES"}]}}
04-09 14:47:13.142  2729  2729 E BrowseView:  
04-09 14:47:13.142  2711  2720 I lucitransport: writeRemoteMessage() MID = 42 buffer = {"CMD ID":1,"Title":"BrowseView","Window CONTENTS":{"Browser":"HOME","CurrentPath":"","Index":0,"Item Count":7,"ItemList":[{"Fav":0,"Item ID":0,"ItemType":"Folder","Name":"MEDIA SERVERS"},{"Fav":0,"Item ID":1,"ItemType":"Folder","Name":"VTUNER"},{"Fav":0,"Item ID":2,"ItemType":"Folder","Name":"USB"},{"Fav":0,"Item ID":3,"ItemType":"Folder","Name":"SDCARD"},{"Fav":0,"Item ID":4,"ItemType":"Folder","Name":"TIDAL"},{"Fav":0,"Item ID":5,"ItemType":"Folder","Name":"AIRABLE"},{"Fav":0,"Item ID":6,"ItemType":"Folder","Name":"FAVORITES"}]}}
04-09 14:47:13.142  2711  2720 I luciUART: write() MID = 42  bytes = 549 data = {"CMD ID":1,"Title":"BrowseView","Window CONTENTS":{"Browser":"HOME","CurrentPath":"","Index":0,"Item Count":7,"ItemList":[{"Fav":0,"Item ID":0,"ItemType":"Folder","Name":"MEDIA SERVERS"},{"Fav":0,"Item ID":1,"ItemType":"Folder","Name":"VTUNER"},{"Fav":0,"Item ID":2,"ItemType":"Folder","Name":"USB"},{"Fav":0,"Item ID":3,"ItemType":"Folder","Name":"SDCARD"},{"Fav":0,"Item ID":4,"ItemType":"Folder","Name":"TIDAL"},{"Fav":0,"Item ID":5,"ItemType":"Folder","Name":"AIRABLE"},{"Fav":0,"Item ID":6,"ItemType":"Folder","Name":"FAVORITES"}]}}
04-09 14:47:13.142  2711  2720 I luciUART:  m_fd = 0x5
04-09 14:47:13.143  2729  2729 E UIModeManager: UIModeManager Constructor --
04-09 14:47:13.143  2729  2729 I UIFRAMEWORK: UIModeManager created 
04-09 14:47:13.962  3006  3006 I sh      : Info: PostInstall(): Verified: e821ba590efe93be93563422343dddc517f7dcef cast_shell
04-09 14:47:13.963  3006  3006 I sh      : Info: PostInstall(): Verified: dbd7236e1d919ddf44e169d15eedaad2c6a9c560 chrome-sandbox
04-09 14:47:13.966  3006  3006 I sh      : Info: PostInstall(): Verified: 1d429151b1209001eed83ece10a95c768b4cdffe chromecast_locales/am.pak
04-09 14:47:13.970  3006  3006 I sh      : Info: PostInstall(): Verified: 5c90a221ad4f9f58d88b412c1c9de9f20308dd1c chromecast_locales/am.pak.info
04-09 14:47:13.972  3006  3006 I sh      : Info: PostInstall(): Verified: 6d2dd4dfd7e825228dd054cd2db0f001bb19abda chromecast_locales/ar.pak
04-09 14:47:13.974  3006  3006 I sh      : Info: PostInstall(): Verified: 5c90a221ad4f9f58d88b412c1c9de9f20308dd1c chromecast_locales/ar.pak.info
04-09 14:47:13.976  3006  3006 I sh      : Info: PostInstall(): Verified: bdbce9d107f07381a8609c003fc2c3f20ead014a chromecast_locales/bg.pak
04-09 14:47:13.979  3006  3006 I sh      : Info: PostInstall(): Verified: 5c90a221ad4f9f58d88b412c1c9de9f20308dd1c chromecast_locales/bg.pak.info
04-09 14:47:13.981  3006  3006 I sh      : Info: PostInstall(): Verified: 23257302b687b276523234a9f0996762a2e03e37 chromecast_locales/bn.pak
04-09 14:47:13.983  3006  3006 I sh      : Info: PostInstall(): Verified: 5c90a221ad4f9f58d88b412c1c9de9f20308dd1c chromecast_locales/bn.pak.info
04-09 14:47:13.985  3006  3006 I sh      : Info: PostInstall(): Verified: 2c79f962fd6f235c5931b07327c1451087ccd1f0 chromecast_locales/ca.pak
04-09 14:47:13.987  3006  3006 I sh      : Info: PostInstall(): Verified: 5c90a221ad4f9f58d88b412c1c9de9f20308dd1c chromecast_locales/ca.pak.info
04-09 14:47:13.989  3006  3006 I sh      : Info: PostInstall(): Verified: 62d807820351d1eadd1e2c8016e22c712aec9a28 chromecast_locales/cs.pak
04-09 14:47:13.990  3006  3006 I sh      : Info: PostInstall(): Verified: 5c90a221ad4f9f58d88b412c1c9de9f20308dd1c chromecast_locales/cs.pak.info
04-09 14:47:13.992  3006  3006 I sh      : Info: PostInstall(): Verified: 7e9e74e07c81013c1324756250d0417131241b9b chromecast_locales/da.pak
04-09 14:47:13.995  3006  3006 I sh      : Info: PostInstall(): Verified: 5c90a221ad4f9f58d88b412c1c9de9f20308dd1c chromecast_locales/da.pak.info
04-09 14:47:13.996  3006  3006 I sh      : Info: PostInstall(): Verified: 429325494ae57853dcc33db4105f432edf7dcd55 chromecast_locales/de.pak
04-09 14:47:13.997  3006  3006 I sh      : Info: PostInstall(): Verified: 5c90a221ad4f9f58d88b412c1c9de9f20308dd1c chromecast_locales/de.pak.info
04-09 14:47:13.999  3006  3006 I sh      : Info: PostInstall(): Verified: 8c577874ec2e1532c473233de76ea09cc19b5c84 chromecast_locales/el.pak
04-09 14:47:14.001  3006  3006 I sh      : Info: PostInstall(): Verified: 5c90a221ad4f9f58d88b412c1c9de9f20308dd1c chromecast_locales/el.pak.info
04-09 14:47:14.003  3006  3006 I sh      : Info: PostInstall(): Verified: ba12d503fd87c5b1c0e341857ec8a1bc5e83f8b7 chromecast_locales/en-GB.pak
04-09 14:47:14.004  3006  3006 I sh      : Info: PostInstall(): Verified: 5c90a221ad4f9f58d88b412c1c9de9f20308dd1c chromecast_locales/en-GB.pak.info
04-09 14:47:14.005  3006  3006 I sh      : Info: PostInstall(): Verified: 700d7197595126ed117eb453c0bdc00fd9db2e18 chromecast_locales/en-US.pak
04-09 14:47:14.006  3006  3006 I sh      : Info: PostInstall(): Verified: 5c90a221ad4f9f58d88b412c1c9de9f20308dd1c chromecast_locales/en-US.pak.info
04-09 14:47:14.008  3006  3006 I sh      : Info: PostInstall(): Verified: 809aa5df09dc1c592a70b3509b61568d2c2cc841 chromecast_locales/es-419.pak
04-09 14:47:14.010  3006  3006 I sh      : Info: PostInstall(): Verified: 5c90a221ad4f9f58d88b412c1c9de9f20308dd1c chromecast_locales/es-419.pak.info
04-09 14:47:14.011  3006  3006 I sh      : Info: PostInstall(): Verified: 0ee2c7a9602547946aa26785d4837b86debdfa4b chromecast_locales/es.pak
04-09 14:47:14.013  3006  3006 I sh      : Info: PostInstall(): Verified: 5c90a221ad4f9f58d88b412c1c9de9f20308dd1c chromecast_locales/es.pak.info
04-09 14:47:14.014  3006  3006 I sh      : Info: PostInstall(): Verified: 001933e65f51cd2f33b5ad73a5a4a95238544cbc chromecast_locales/et.pak
04-09 14:47:14.015  3006  3006 I sh      : Info: PostInstall(): Verified: 5c90a221ad4f9f58d88b412c1c9de9f20308dd1c chromecast_locales/et.pak.info
04-09 14:47:14.017  3006  3006 I sh      : Info: PostInstall(): Verified: 348c88cd3303d4b4a648f1a2720fc2380505f190 chromecast_locales/fa.pak
04-09 14:47:14.018  3006  3006 I sh      : Info: PostInstall(): Verified: 5c90a221ad4f9f58d88b412c1c9de9f20308dd1c chromecast_locales/fa.pak.info
04-09 14:47:14.019  3006  3006 I sh      : Info: PostInstall(): Verified: 81360c75e76e7038494058c0a5108c443f552646 chromecast_locales/fi.pak
04-09 14:47:14.021  3006  3006 I sh      : Info: PostInstall(): Verified: 5c90a221ad4f9f58d88b412c1c9de9f20308dd1c chromecast_locales/fi.pak.info
04-09 14:47:14.022  3006  3006 I sh      : Info: PostInstall(): Verified: 03957508253e5766a81dd620988ef6c3ae9e3a7d chromecast_locales/fil.pak
04-09 14:47:14.024  3006  3006 I sh      : Info: PostInstall(): Verified: 5c90a221ad4f9f58d88b412c1c9de9f20308dd1c chromecast_locales/fil.pak.info
04-09 14:47:14.025  3006  3006 I sh      : Info: PostInstall(): Verified: 3756083a6c746d41a2a14c57edc86928162f8de9 chromecast_locales/fr.pak
04-09 14:47:14.027  3006  3006 I sh      : Info: PostInstall(): Verified: 5c90a221ad4f9f58d88b412c1c9de9f20308dd1c chromecast_locales/fr.pak.info
04-09 14:47:14.028  3006  3006 I sh      : Info: PostInstall(): Verified: 9c7d9789e8c4bc3935a8ce8e5a43deb8be76c83d chromecast_locales/gu.pak
04-09 14:47:14.030  3006  3006 I sh      : Info: PostInstall(): Verified: 5c90a221ad4f9f58d88b412c1c9de9f20308dd1c chromecast_locales/gu.pak.info
04-09 14:47:14.032  3006  3006 I sh      : Info: PostInstall(): Verified: 02e057f0a4a4d971618f5f3339ee7c7b9143d82a chromecast_locales/he.pak
04-09 14:47:14.033  3006  3006 I sh      : Info: PostInstall(): Verified: 5c90a221ad4f9f58d88b412c1c9de9f20308dd1c chromecast_locales/he.pak.info
04-09 14:47:14.035  3006  3006 I sh      : Info: PostInstall(): Verified: 2da9cb67a90a9fe721c82943b64e1f5a71647474 chromecast_locales/hi.pak
04-09 14:47:14.037  3006  3006 I sh      : Info: PostInstall(): Verified: 5c90a221ad4f9f58d88b412c1c9de9f20308dd1c chromecast_locales/hi.pak.info
04-09 14:47:14.038  3006  3006 I sh      : Info: PostInstall(): Verified: af9710191e38458ab30e96505ff783400ca74004 chromecast_locales/hr.pak
04-09 14:47:14.039  3006  3006 I sh      : Info: PostInstall(): Verified: 5c90a221ad4f9f58d88b412c1c9de9f20308dd1c chromecast_locales/hr.pak.info
04-09 14:47:14.040  3006  3006 I sh      : Info: PostInstall(): Verified: 807b5cc9f5242e034ca07e7b0dd649de74f481ff chromecast_locales/hu.pak
04-09 14:47:14.042  3006  3006 I sh      : Info: PostInstall(): Verified: 5c90a221ad4f9f58d88b412c1c9de9f20308dd1c chromecast_locales/hu.pak.info
04-09 14:47:14.043  3006  3006 I sh      : Info: PostInstall(): Verified: d2ac31a94263bc83ebcfe23bbfd792d30413676d chromecast_locales/id.pak
04-09 14:47:14.044  3006  3006 I sh      : Info: PostInstall(): Verified: 5c90a221ad4f9f58d88b412c1c9de9f20308dd1c chromecast_locales/id.pak.info
04-09 14:47:14.046  3006  3006 I sh      : Info: PostInstall(): Verified: 29ebeaa7ae37d910c0af59abbff49ba92eb9950c chromecast_locales/it.pak
04-09 14:47:14.047  3006  3006 I sh      : Info: PostInstall(): Verified: 5c90a221ad4f9f58d88b412c1c9de9f20308dd1c chromecast_locales/it.pak.info
04-09 14:47:14.049  3006  3006 I sh      : Info: PostInstall(): Verified: a675d067145e48a816160631bcc74c5e9f7a20cb chromecast_locales/ja.pak
04-09 14:47:14.051  3006  3006 I sh      : Info: PostInstall(): Verified: 5c90a221ad4f9f58d88b412c1c9de9f20308dd1c chromecast_locales/ja.pak.info
04-09 14:47:14.052  3006  3006 I sh      : Info: PostInstall(): Verified: 9f6172b557699a0e7dee341bc491e3c64fca7681 chromecast_locales/kn.pak
04-09 14:47:14.054  3006  3006 I sh      : Info: PostInstall(): Verified: 5c90a221ad4f9f58d88b412c1c9de9f20308dd1c chromecast_locales/kn.pak.info
04-09 14:47:14.055  3006  3006 I sh      : Info: PostInstall(): Verified: 43d635b70dace1118f49a1a6a1246130dbc0f424 chromecast_locales/ko.pak
04-09 14:47:14.056  3006  3006 I sh      : Info: PostInstall(): Verified: 5c90a221ad4f9f58d88b412c1c9de9f20308dd1c chromecast_locales/ko.pak.info
04-09 14:47:14.058  3006  3006 I sh      : Info: PostInstall(): Verified: 2b810f10e6d899febb1347942de9d59793361b8d chromecast_locales/lt.pak
04-09 14:47:14.059  3006  3006 I sh      : Info: PostInstall(): Verified: 5c90a221ad4f9f58d88b412c1c9de9f20308dd1c chromecast_locales/lt.pak.info
04-09 14:47:14.060  3006  3006 I sh      : Info: PostInstall(): Verified: d005a24e64e2fc1c330bd390cf3a9cc7375fd4c3 chromecast_locales/lv.pak
04-09 14:47:14.061  3006  3006 I sh      : Info: PostInstall(): Verified: 5c90a221ad4f9f58d88b412c1c9de9f20308dd1c chromecast_locales/lv.pak.info
04-09 14:47:14.063  3006  3006 I sh      : Info: PostInstall(): Verified: 933c6fcf10c24b7a802099345e3ff9aa9a234bae chromecast_locales/ml.pak
04-09 14:47:14.064  3006  3006 I sh      : Info: PostInstall(): Verified: 5c90a221ad4f9f58d88b412c1c9de9f20308dd1c chromecast_locales/ml.pak.info
04-09 14:47:14.065  3006  3006 I sh      : Info: PostInstall(): Verified: aaa3b9f6457cc055d8b1581d2609380036b5f241 chromecast_locales/mr.pak
04-09 14:47:14.066  3006  3006 I sh      : Info: PostInstall(): Verified: 5c90a221ad4f9f58d88b412c1c9de9f20308dd1c chromecast_locales/mr.pak.info
04-09 14:47:14.067  3006  3006 I sh      : Info: PostInstall(): Verified: 9bae2c78d20c5f4c6194c930c470d7beebf7bb27 chromecast_locales/ms.pak
04-09 14:47:14.069  3006  3006 I sh      : Info: PostInstall(): Verified: 5c90a221ad4f9f58d88b412c1c9de9f20308dd1c chromecast_locales/ms.pak.info
04-09 14:47:14.070  3006  3006 I sh      : Info: PostInstall(): Verified: d75e93bbf3e16645b24e58b9423c90c5ed13f196 chromecast_locales/nb.pak
04-09 14:47:14.071  3006  3006 I sh      : Info: PostInstall(): Verified: 5c90a221ad4f9f58d88b412c1c9de9f20308dd1c chromecast_locales/nb.pak.info
04-09 14:47:14.072  3006  3006 I sh      : Info: PostInstall(): Verified: 04e32db87548cf3d8e105afbd26638832c0b11ab chromecast_locales/nl.pak
04-09 14:47:14.074  3006  3006 I sh      : Info: PostInstall(): Verified: 5c90a221ad4f9f58d88b412c1c9de9f20308dd1c chromecast_locales/nl.pak.info
04-09 14:47:14.075  3006  3006 I sh      : Info: PostInstall(): Verified: 7f04e88bb276537d5e4a774a7619717e08404b13 chromecast_locales/pl.pak
04-09 14:47:14.076  3006  3006 I sh      : Info: PostInstall(): Verified: 5c90a221ad4f9f58d88b412c1c9de9f20308dd1c chromecast_locales/pl.pak.info
04-09 14:47:14.077  3006  3006 I sh      : Info: PostInstall(): Verified: 2c3064f6d100b3dfbb7adeac77531bacfbc132b4 chromecast_locales/pt-BR.pak
04-09 14:47:14.078  3006  3006 I sh      : Info: PostInstall(): Verified: 5c90a221ad4f9f58d88b412c1c9de9f20308dd1c chromecast_locales/pt-BR.pak.info
04-09 14:47:14.079  3006  3006 I sh      : Info: PostInstall(): Verified: 86ffac070ac268f2447750370ff23c205b4af94e chromecast_locales/pt-PT.pak
04-09 14:47:14.080  3006  3006 I sh      : Info: PostInstall(): Verified: 5c90a221ad4f9f58d88b412c1c9de9f20308dd1c chromecast_locales/pt-PT.pak.info
04-09 14:47:14.082  3006  3006 I sh      : Info: PostInstall(): Verified: 09d13b1467b818abbd615ab1b53044d0894745dc chromecast_locales/ro.pak
04-09 14:47:14.083  3006  3006 I sh      : Info: PostInstall(): Verified: 5c90a221ad4f9f58d88b412c1c9de9f20308dd1c chromecast_locales/ro.pak.info
04-09 14:47:14.085  3006  3006 I sh      : Info: PostInstall(): Verified: 816c45d9d6e3f41cfc1559a1d22682c8fe25f035 chromecast_locales/ru.pak
04-09 14:47:14.086  3006  3006 I sh      : Info: PostInstall(): Verified: 5c90a221ad4f9f58d88b412c1c9de9f20308dd1c chromecast_locales/ru.pak.info
04-09 14:47:14.088  3006  3006 I sh      : Info: PostInstall(): Verified: ffbca09992bac11f6083cbe497ac13f83a12820d chromecast_locales/sk.pak
04-09 14:47:14.089  3006  3006 I sh      : Info: PostInstall(): Verified: 5c90a221ad4f9f58d88b412c1c9de9f20308dd1c chromecast_locales/sk.pak.info
04-09 14:47:14.091  3006  3006 I sh      : Info: PostInstall(): Verified: 2eba9c0f5b99b883b20060f9106b13e28aa882a0 chromecast_locales/sl.pak
04-09 14:47:14.092  3006  3006 I sh      : Info: PostInstall(): Verified: 5c90a221ad4f9f58d88b412c1c9de9f20308dd1c chromecast_locales/sl.pak.info
04-09 14:47:14.093  3006  3006 I sh      : Info: PostInstall(): Verified: 9eb52dc8570df24a7207b91e0f49001d0a14fa56 chromecast_locales/sr.pak
04-09 14:47:14.095  3006  3006 I sh      : Info: PostInstall(): Verified: 5c90a221ad4f9f58d88b412c1c9de9f20308dd1c chromecast_locales/sr.pak.info
04-09 14:47:14.096  3006  3006 I sh      : Info: PostInstall(): Verified: 024d699cb1d0b2c98a08183352b0d64bcd1e6816 chromecast_locales/sv.pak
04-09 14:47:14.097  3006  3006 I sh      : Info: PostInstall(): Verified: 5c90a221ad4f9f58d88b412c1c9de9f20308dd1c chromecast_locales/sv.pak.info
04-09 14:47:14.098  3006  3006 I sh      : Info: PostInstall(): Verified: 07f7863fdc4b5f5b7c52ecfbfaa0dd62859bcc01 chromecast_locales/sw.pak
04-09 14:47:14.099  3006  3006 I sh      : Info: PostInstall(): Verified: 5c90a221ad4f9f58d88b412c1c9de9f20308dd1c chromecast_locales/sw.pak.info
04-09 14:47:14.101  3006  3006 I sh      : Info: PostInstall(): Verified: ede467de7669871964a808a71d7e370957473e07 chromecast_locales/ta.pak
04-09 14:47:14.102  3006  3006 I sh      : Info: PostInstall(): Verified: 5c90a221ad4f9f58d88b412c1c9de9f20308dd1c chromecast_locales/ta.pak.info
04-09 14:47:14.103  3006  3006 I sh      : Info: PostInstall(): Verified: 2ada79a5c1355451488e13004262885da2261dee chromecast_