04-09 11:27:51.432     0     0 I         : [    1.438316@0] Registered swp emulation handler
04-09 11:27:51.432     0     0 I         : [    1.438357@0] Registered cp15_barrier emulation handler
04-09 11:27:51.432     0     0 I         : [    1.438744@0] Registered setend emulation handler
04-09 11:27:51.432     0     0 I         : [    1.439262@0] disable EAS feature
04-09 11:27:51.432     0     0 I         : [    1.440339@0] registered taskstats version 1
04-09 11:27:51.432     0     0 W         : [    1.449976@0] dwc3 ff500000.dwc3: Configuration mismatch. dr_mode forced to host
04-09 11:27:51.432     0     0 I         : [    1.954697@0] xhci-hcd xhci-hcd.0.auto: xHCI Host Controller
04-09 11:27:51.432     0     0 I         : [    1.954763@0] xhci-hcd xhci-hcd.0.auto: new USB bus registered, assigned bus number 1
04-09 11:27:51.432     0     0 I         : [    1.955967@0] xhci-hcd xhci-hcd.0.auto: hcc params 0x0220f664 hci version 0x100 quirks 0x02010010
04-09 11:27:51.432     0     0 I         : [    1.956439@0] xhci-hcd xhci-hcd.0.auto: irq 27, io mem 0xff500000
04-09 11:27:51.432     0     0 I         : [    1.957916@2] hub 1-0:1.0: USB hub found
04-09 11:27:51.432     0     0 I         : [    1.958029@2] hub 1-0:1.0: 1 port detected
04-09 11:27:51.432     0     0 I         : [    1.958546@2] xhci-hcd xhci-hcd.0.auto: xHCI Host Controller
04-09 11:27:51.432     0     0 I         : [    1.958741@2] xhci-hcd xhci-hcd.0.auto: new USB bus registered, assigned bus number 2
04-09 11:27:51.432     0     0 I         : [    1.959569@2] usb usb2: We don't know the algorithms for LPM for this host, disabling LPM.
04-09 11:27:51.432     0     0 I         : [    1.961095@0] hub 2-0:1.0: USB hub found
04-09 11:27:51.432     0     0 E         : [    1.961164@0] hub 2-0:1.0: config failed, hub doesn't have any ports! (err -19)
04-09 11:27:51.432     0     0 E         : [    1.961764@0] usb usb2: Unsupported the hub
04-09 11:27:51.432     0     0 I         : [    1.962529@0] aml_vrtc rtc: setting system clock to 2022-04-09 05:57:48 UTC (1649483868)
04-09 11:27:51.432     0     0 D         : [    1.963334@0] dwc_otg ff400000.dwc2_a: dwc_otg_driver_probe(ffffffc01d654c00)
04-09 11:27:51.432     0     0 W [    1.963381@0] dwc_otg: usb0: type: 2 speed: 0, config: 0, dma: 0, id: 0, phy: ffe09000, ctrl: 0
04-09 11:27:51.432     0     0 D         : [    1.963759@0] dwc_otg ff400000.dwc2_a: base=0xffffff8008a40000
04-09 11:27:51.432     0     0 D         : [    1.963764@0] dwc_otg ff400000.dwc2_a: dwc_otg_device=0xffffffc01bd2b400
04-09 11:27:51.432     0     0 W [    2.064043@0] dwc_otg: Core Release: 3.10a
04-09 11:27:51.432     0     0 W [    2.064084@0] dwc_otg: Setting default values for core params
04-09 11:27:51.432     0     0 W [    2.064493@0] dwc_otg: curmode: 0, host_only: 0
04-09 11:27:51.432     0     0 D         : [    2.064949@0] dwc_otg ff400000.dwc2_a: DMA config: BURST_DEFAULT
04-09 11:27:51.432     0     0 W [    2.077261@0] dwc_otg: Using Buffer DMA mode
04-09 11:27:51.432     0     0 W [    2.077289@0] dwc_otg: OTG VER PARAM: 1, OTG VER FLAG: 1
04-09 11:27:51.432     0     0 W [    2.077668@0] dwc_otg: Working on port type = SLAVE
04-09 11:27:51.432     0     0 W [    2.078163@0] dwc_otg: Dedicated Tx FIFOs mode
04-09 11:27:51.432     0     0 I [    2.080643@0] input: adc_keypad as /devices/platform/adc_keypad/input/input1
04-09 11:27:51.432     0     0 I         : [    2.082503@2] cpucore_cooling_register, max_cpu_core_num:4
04-09 11:27:51.432     0     0 I [    2.088933@0] gxbb_pm: enter meson_pm_probe!
04-09 11:27:51.432     0     0 I         : [    2.088973@0] no vddio3v3_en pin
04-09 11:27:51.432     0     0 E         : [    2.089138@0] pm-meson aml_pm: Can't get switch_clk81
04-09 11:27:51.432     0     0 I [    2.089659@0] gxbb_pm: meson_pm_probe done
04-09 11:27:51.432     0     0 I         : [    2.090432@0] ALSA device list:
04-09 11:27:51.432     0     0 I [    2.090459@0]   #0: AML-AUGESOUND
04-09 11:27:51.432     0     0 I         : [    2.090918@0] meson_uart ff804000.serial: ttyS3 use xtal(8M) 24000000 change 115200 to 115200
04-09 11:27:51.432     0     0 I         : [    2.096821@0] Freeing unused kernel memory: 6080K
04-09 11:27:51.432     0     0 I [    2.311579@0] ubi0: attaching mtd6
04-09 11:27:51.432     0     0 I [    2.521544@0] ubi0: scanning is finished
04-09 11:27:51.432     0     0 I [    2.525460@2] ubi0: attached mtd6 (name "system", size 100 MiB)
04-09 11:27:51.432     0     0 I [    2.525743@2] ubi0: PEB size: 262144 bytes (256 KiB), LEB size: 253952 bytes
04-09 11:27:51.432     0     0 I [    2.532864@2] ubi0: min./max. I/O unit sizes: 4096/4096, sub-page size 4096
04-09 11:27:51.432     0     0 I [    2.539640@2] ubi0: VID header offset: 4096 (aligned 4096), data offset: 8192
04-09 11:27:51.432     0     0 I [    2.546704@2] ubi0: good PEBs: 400, bad PEBs: 0, corrupted PEBs: 0
04-09 11:27:51.432     0     0 I [    2.552832@2] ubi0: user volume: 1, internal volumes: 1, max. volumes count: 128
04-09 11:27:51.432     0     0 I [    2.560161@2] ubi0: max/mean erase counter: 37/25, WL threshold: 4096, image sequence number: 736763309
04-09 11:27:51.432     0     0 I [    2.569545@2] ubi0: available PEBs: 0, total reserved PEBs: 400, PEBs reserved for bad PEB handling: 40
04-09 11:27:51.432     0     0 I [    2.578800@0] ubi0: background thread "ubi_bgt0d" started, PID 2142
04-09 11:27:51.432     0     0 I         : [    2.584584@2] UBIFS (ubi0:0): background thread "ubifs_bgt0_0" started, PID 2145
04-09 11:27:51.432     0     0 I         : [    2.638609@1] UBIFS (ubi0:0): UBIFS: mounted UBI device 0, volume 0, name "rootfs"
04-09 11:27:51.432     0     0 I         : [    2.640544@1] UBIFS (ubi0:0): LEB size: 253952 bytes (248 KiB), min./max. I/O unit sizes: 4096 bytes/4096 bytes
04-09 11:27:51.432     0     0 I         : [    2.650579@1] UBIFS (ubi0:0): FS size: 87867392 bytes (83 MiB, 346 LEBs), journal size 9404416 bytes (8 MiB, 38 LEBs)
04-09 11:27:51.432     0     0 I         : [    2.661074@1] UBIFS (ubi0:0): reserved for root: 0 bytes (0 KiB)
04-09 11:27:51.432     0     0 I         : [    2.667029@1] UBIFS (ubi0:0): media format: w4/r0 (latest is w4/r0), UUID DC99A6D8-69BA-4DD7-9E44-726260A6E747, small LPT model
04-09 11:27:51.432     0     0 I [    2.926770@0] init: property init
04-09 11:27:51.432     0     0 I [    2.927515@0] init: reading config file
04-09 11:27:51.432     0     0 I [    2.934296@0] init: processing action 0xaaeec808 (boot_start)
04-09 11:27:51.432     0     0 I [    2.942100@0] init: command 'boot_start' r=0
04-09 11:27:51.432     0     0 I [    2.943140@0] init: processing action 0xaaee86b0 (early-init)
04-09 11:27:51.432     0     0 I [    2.947837@0] init: starting 'ueventd'
04-09 11:27:51.432     0     0 I [    2.951176@0] init: command 'start' r=0
04-09 11:27:51.432     0     0 I [    2.954050@0] init: command 'loglevel' r=0
04-09 11:27:51.432     0     0 I [    2.958943@0] init: command 'mount' r=0
04-09 11:27:51.433     0     0 I [    2.960437@2] init: starting ueventd
04-09 11:27:51.433     0     0 I [    2.961224@2] init: /sys/ rule /sys/devices/virtual/input/input* enable
04-09 11:27:51.433     0     0 I [    2.961236@2] init: /sys/ rule /sys/devices/virtual/input/input* poll_delay
04-09 11:27:51.433     0     0 I [    2.961246@2] init: /sys/ rule /sys/devices/virtual/usb_composite/* enable
04-09 11:27:51.433     0     0 I [    2.966809@2] init: adding platform device ffd0f0d0.watchdog
04-09 11:27:51.433     0     0 I [    2.967236@2] init: adding platform device reg-dummy
04-09 11:27:51.433     0     0 I [    2.967838@2] init: adding platform device cpu_iomap
04-09 11:27:51.433     0     0 I [    2.968127@2] init: adding platform device 7400000.ramoops
04-09 11:27:51.433     0     0 I [    2.968389@2] init: adding platform device bt-dev
04-09 11:27:51.433     0     0 I [    2.968959@2] init: adding platform device dummy
04-09 11:27:51.433     0     0 I [    3.016572@0] init: command 'mount' r=0
04-09 11:27:51.433     0     0 I [    3.220813@2] ubi1: attaching mtd7
04-09 11:27:51.433     0     0 I [    3.514795@2] ubi1: scanning is finished
04-09 11:27:51.433     0     0 I [    3.519159@0] ubi1: attached mtd7 (name "chrome", size 140 MiB)
04-09 11:27:51.433     0     0 I [    3.519446@0] ubi1: PEB size: 262144 bytes (256 KiB), LEB size: 253952 bytes
04-09 11:27:51.433     0     0 I [    3.526457@0] ubi1: min./max. I/O unit sizes: 4096/4096, sub-page size 4096
04-09 11:27:51.433     0     0 I [    3.533343@0] ubi1: VID header offset: 4096 (aligned 4096), data offset: 8192
04-09 11:27:51.433     0     0 I [    3.540422@0] ubi1: good PEBs: 560, bad PEBs: 0, corrupted PEBs: 0
04-09 11:27:51.433     0     0 I [    3.546535@0] ubi1: user volume: 1, internal volumes: 1, max. volumes count: 128
04-09 11:27:51.433     0     0 I [    3.553863@0] ubi1: max/mean erase counter: 34/25, WL threshold: 4096, image sequence number: 1458511589
04-09 11:27:51.433     0     0 I [    3.563267@0] ubi1: available PEBs: 0, total reserved PEBs: 560, PEBs reserved for bad PEB handling: 40
04-09 11:27:51.433     0     0 I [    3.572590@2] ubi1: background thread "ubi_bgt1d" started, PID 2556
04-09 11:27:51.433     0     0 I         : [    3.587042@0] UBIFS (ubi1:0): background thread "ubifs_bgt1_0" started, PID 2559
04-09 11:27:51.433     0     0 I         : [    3.613348@3] UBIFS (ubi1:0): recovery needed
04-09 11:27:51.433     0     0 I         : [    3.666677@2] UBIFS (ubi1:0): recovery completed
04-09 11:27:51.433     0     0 I         : [    3.666868@2] UBIFS (ubi1:0): UBIFS: mounted UBI device 1, volume 0, name "chrome"
04-09 11:27:51.433     0     0 I         : [    3.673189@2] UBIFS (ubi1:0): LEB size: 253952 bytes (248 KiB), min./max. I/O unit sizes: 4096 bytes/4096 bytes
04-09 11:27:51.433     0     0 I         : [    3.683189@2] UBIFS (ubi1:0): FS size: 128499712 bytes (122 MiB, 506 LEBs), journal size 9404416 bytes (8 MiB, 38 LEBs)
04-09 11:27:51.433     0     0 I         : [    3.694008@2] UBIFS (ubi1:0): reserved for root: 0 bytes (0 KiB)
04-09 11:27:51.433     0     0 I         : [    3.699836@2] UBIFS (ubi1:0): media format: w4/r0 (latest is w4/r0), UUID 3D7B4A1D-6849-462E-B889-C151DCC94211, small LPT model
04-09 11:27:51.433     0     0 I [    3.743194@3] ubi2: attaching mtd8
04-09 11:27:51.433     0     0 I         : [    3.909656@3]  NAND bbt detect factory Bad block at 17a40000
04-09 11:27:51.433     0     0 I         : [    3.921278@3]  NAND bbt detect factory Bad block at 18000000
04-09 11:27:51.433     0     0 I         : [    3.921337@3]  NAND bbt detect factory Bad block at 18040000
04-09 11:27:51.433     0     0 I [    4.194290@3] ubi2: scanning is finished
04-09 11:27:51.433     0     0 I [    4.199108@0] ubi2: attached mtd8 (name "data", size 213 MiB)
04-09 11:27:51.433     0     0 I [    4.199226@0] ubi2: PEB size: 262144 bytes (256 KiB), LEB size: 253952 bytes
04-09 11:27:51.433     0     0 I [    4.206236@0] ubi2: min./max. I/O unit sizes: 4096/4096, sub-page size 4096
04-09 11:27:51.433     0     0 I [    4.213121@0] ubi2: VID header offset: 4096 (aligned 4096), data offset: 8192
04-09 11:27:51.433     0     0 I [    4.220187@0] ubi2: good PEBs: 849, bad PEBs: 3, corrupted PEBs: 0
04-09 11:27:51.433     0     0 I [    4.226315@0] ubi2: user volume: 2, internal volumes: 1, max. volumes count: 128
04-09 11:27:51.433     0     0 I [    4.233655@0] ubi2: max/mean erase counter: 65/45, WL threshold: 4096, image sequence number: 1018457084
04-09 11:27:51.433     0     0 I [    4.243078@0] ubi2: available PEBs: 0, total reserved PEBs: 849, PEBs reserved for bad PEB handling: 37
04-09 11:27:51.433     0     0 I [    4.252442@1] ubi2: background thread "ubi_bgt2d" started, PID 2567
04-09 11:27:51.433     0     0 I         : [    4.266214@2] UBIFS (ubi2:0): background thread "ubifs_bgt2_0" started, PID 2570
04-09 11:27:51.433     0     0 I         : [    4.292508@0] UBIFS (ubi2:0): recovery needed
04-09 11:27:51.433     0     0 I         : [    4.369297@1] UBIFS (ubi2:0): recovery completed
04-09 11:27:51.433     0     0 I         : [    4.369455@1] UBIFS (ubi2:0): UBIFS: mounted UBI device 2, volume 0, name "factory"
04-09 11:27:51.433     0     0 I         : [    4.375905@1] UBIFS (ubi2:0): LEB size: 253952 bytes (248 KiB), min./max. I/O unit sizes: 4096 bytes/4096 bytes
04-09 11:27:51.433     0     0 I         : [    4.385893@1] UBIFS (ubi2:0): FS size: 10158080 bytes (9 MiB, 40 LEBs), journal size 2285569 bytes (2 MiB, 9 LEBs)
04-09 11:27:51.433     0     0 I         : [    4.396155@1] UBIFS (ubi2:0): reserved for root: 0 bytes (0 KiB)
04-09 11:27:51.433     0     0 I         : [    4.402109@1] UBIFS (ubi2:0): media format: w4/r0 (latest is w4/r0), UUID AD7DC8BC-6ACA-4841-8B12-7A54B54F57E7, small LPT model
04-09 11:27:51.433     0     0 I         : [    4.425748@2] UBIFS (ubi2:1): background thread "ubifs_bgt2_1" started, PID 2573
04-09 11:27:51.433     0     0 I         : [    4.451643@0] UBIFS (ubi2:1): recovery needed
04-09 11:27:51.433     0     0 I         : [    4.545697@0] UBIFS (ubi2:1): recovery completed
04-09 11:27:51.433     0     0 I         : [    4.545857@0] UBIFS (ubi2:1): UBIFS: mounted UBI device 2, volume 1, name "data"
04-09 11:27:51.433     0     0 I         : [    4.552045@0] UBIFS (ubi2:1): LEB size: 253952 bytes (248 KiB), min./max. I/O unit sizes: 4096 bytes/4096 bytes
04-09 11:27:51.433     0     0 I         : [    4.562035@0] UBIFS (ubi2:1): FS size: 189956096 bytes (181 MiB, 748 LEBs), journal size 9404416 bytes (8 MiB, 38 LEBs)
04-09 11:27:51.433     0     0 I         : [    4.572727@0] UBIFS (ubi2:1): reserved for root: 0 bytes (0 KiB)
04-09 11:27:51.433     0     0 I         : [    4.578680@0] UBIFS (ubi2:1): media format: w4/r0 (latest is w4/r0), UUID 34A475AE-5814-4337-8EB7-8868427E3B0E, small LPT model
04-09 11:27:51.433     0     0 I         : [    4.817897@0] aml_wifi wifi: [usb_power_control] Set WiFi power down
04-09 11:27:51.433     0     0 I [    4.818659@0] meson-mmc: [sdio_notify] finish
04-09 11:27:51.433     0     0 I         : [    4.822957@0] aml_wifi wifi: [wifi_power_ioctl] ioctl Set sdio wifi power down!
04-09 11:27:51.433     0     0 I         : [    4.826315@1] UBIFS (ubi0:0): background thread "ubifs_bgt0_0" stops
04-09 11:27:52.520  2586  2586 E         : found the match wifi is: sd8887
04-09 11:27:52.521  2586  2586 E         : wifi_insmod command:insmod /lib/modules/4.9.113/kernel/mrvl/mlan8887.ko 
--------- beginning of system
04-09 11:27:52.542  2605  2605 I wpa_supplicant: Successfully initialized wpa_supplicant
04-09 11:27:52.581  2605  2605 E wpa_supplicant: Could not read interface wlan0 flags: No such device
04-09 11:27:52.583  2605  2605 I wpa_supplicant: nl80211: Driver does not support authentication/association or connect commands
04-09 11:27:52.585  2605  2605 I wpa_supplicant: nl80211: deinit ifname=wlan0 disabled_11b_rates=0
04-09 11:27:52.588  2605  2605 E wpa_supplicant: Could not read interface wlan0 flags: No such device
04-09 11:27:52.589  2605  2605 E wpa_supplicant: wlan0: Failed to initialize driver interface
04-09 11:27:52.670  2586  2586 E         : wifi_insmod command:insmod /lib/modules/4.9.113/kernel/mrvl/sd8xxx.ko cal_data_cfg=mrvl/WlanCalData_ext_LS9x_291119.conf txpwrlimit_cfg=mrvl/txpwrlimit_cfg_8887.bin fw_name=mrvl/sd8887_wlan_a2_p59.bin cfg80211_wext=0xf host_mlme=1 auto_ds=2 fw_serial=1 sta_name="wlan" uap_name="p2p" ps_mode=2 max_uap_bss=2 drvdbg=0x7 reg_alpha2="00"
04-09 11:27:53.807  2586  2586 E         : Load BT driver
04-09 11:27:53.807  2586  2586 E         : found the match wifi is: (null)
04-09 11:27:53.807  2586  2586 E         : wifi_insmod command:insmod /lib/modules/4.9.113/kernel/mrvl/bt8xxx.ko fw_name=mrvl/sd8887_bt_a2_p59.bin bt_fw_serial=0
04-09 11:27:53.946  2696  2696 I ServiceManager: Waiting for service libre.EnvItems...
04-09 11:27:53.950  2690  2690 W sshd    : Failed loading /etc/dropbear/dropbear_rsa_host_key
04-09 11:27:53.950  2690  2690 W sshd    : Failed loading /etc/dropbear/dropbear_dss_host_key
04-09 11:27:53.950  2690  2690 W sshd    : Failed loading /etc/dropbear/dropbear_ecdsa_host_key
04-09 11:27:53.960  2690  2690 I sshd    : Not backgrounding
04-09 11:27:53.971  2698  2698 E writeSerialNo: Writing serial number to unifykey
04-09 11:27:53.993  2692  2692 I sh      : FACTEST:unifykey read success:20 20
04-09 11:27:53.993  2692  2692 I sh      : inbuf=de4f95ffa64d5e74b026  ret=20 serial.txt=de4f95ffa64d5e74b026 bytesread=20 strcmp=0
04-09 11:27:54.027  2699  2699 I ENV     : init 
04-09 11:27:54.028  2699  2699 I ENV     :  First boot 
04-09 11:27:54.029  2699  2699 E ENV     : fileExists:153 /lsync/env/env.db does not exist
04-09 11:27:54.035  2699  2699 D AVS_SDK :  [  1] I sdkVersion: 1.19.1
04-09 11:27:54.035  2699  2699 E ENV     :  FAILED to open:/lsync/env/tmp.db 
04-09 11:27:54.036  2699  2699 I ENV     : removeItem:79:/lsync/env/tmp.db not found
04-09 11:27:54.036  2699  2699 E ENV     : /lsync/env/env.db does not Exist.. tempStorage = 0
04-09 11:27:54.036  2699  2699 I ENV     : createUserDBFromFactoryCfg 
04-09 11:27:54.043  2699  2699 I ENV     : Using /factory/custom/factoryEnv.conf as conf file
04-09 11:27:54.044  2699  2699 I ENV     : removeItem:79:/lsync/env/env.db not found
04-09 11:27:54.044  2699  2699 E ENV     : Error removing /lsync/env/env.db
04-09 11:27:54.108  2699  2699 E ENV     : createUserDBFromFactoryCfg:307: tempStorage is undefined
04-09 11:27:54.108  2699  2699 I ENV     : Using /factory/custom/factoryEnv.conf and /lsync/env/env.db as conf and db file
04-09 11:27:54.108  2699  2699 I ENV     : init 
04-09 11:27:54.108  2699  2699 I ENV     :  First boot 
04-09 11:27:54.109  2699  2699 I ENV     : fileExists:151 /lsync/env/env.db exists
04-09 11:27:54.111  2699  2699 I ENV     : Copied /lsync/env/env.db to /lsync/env/tmp.db
04-09 11:27:54.111  2699  2699 E ENV     : /lsync/env/env.db does not Exist.. tempStorage = ab447db0
04-09 11:27:54.111  2699  2699 I ENV     : createUserDBFromFactoryCfg 
04-09 11:27:54.114  2699  2699 I ENV     : Using /factory/custom/factoryEnv.conf as conf file
04-09 11:27:54.114  2699  2699 I ENV     : removeItem:74:/lsync/env/env.db removed
04-09 11:27:54.114  2699  2699 I ENV     : Removed /lsync/env/env.db
04-09 11:27:54.127  2699  2699 E ENV     : createUserDBFromFactoryCfg:301: Failed at tempStorage->get_changed
04-09 11:27:54.520  2699  2699 I chatty  : uid=0(root) env_service identical 64 lines
04-09 11:27:54.527  2699  2699 E ENV     : createUserDBFromFactoryCfg:301: Failed at tempStorage->get_changed
04-09 11:27:54.528  2699  2699 E AVS_SDK :  [  1] E SQLiteStatement:SQLiteStatement::stepFailed::Executing the select did not generate a row or complete.:result=19
04-09 11:27:54.529  2699  2699 E AVS_SDK :  [  1] E SQLiteStatement:SQLiteStatement::finalizeFailed::Could release the prepared statement.:rcode=19
04-09 11:27:54.529  2699  2699 E ENV     : createUserDBFromFactoryCfg:286: Failed at m_miscStorage->put
04-09 11:27:54.534  2699  2699 E ENV     : createUserDBFromFactoryCfg:301: Failed at tempStorage->get_changed
04-09 11:27:54.716  2699  2699 I chatty  : uid=0(root) env_service identical 29 lines
04-09 11:27:54.722  2699  2699 E ENV     : createUserDBFromFactoryCfg:301: Failed at tempStorage->get_changed
04-09 11:27:54.722  2699  2699 I ENV     : Using /factory/custom/factoryEnv.conf and /lsync/env/env.db as conf and db file
04-09 11:27:54.723  2699  2699 I ENV     : fileExists:151 /lsync/env/env_bk.db exists
04-09 11:27:54.724  2699  2699 I ENV     : fileExists:151 /factory/custom/factoryEnv_bk.conf exists
04-09 11:27:54.725  2699  2699 I ENV     : removeItem:74:/lsync/env/tmp.db removed
04-09 11:27:56.964  2711  2711 I wpa_supplicant: Successfully initialized wpa_supplicant
04-09 11:27:56.975  2711  2711 I wpa_supplicant: rfkill: Cannot open RFKILL control device
04-09 11:27:57.014  2713  2713 E LUCI_FACTORY: LUCIFactory::registerBuiltinFactories
04-09 11:27:57.023  2713  2713 E LUCI_SERVER: IP = 0
04-09 11:27:57.024  2714  2714 I main_sourceswitch: ServiceManager: 0xac675f88
04-09 11:27:57.025  2714  2714 E luci_helper: LUCIHelper: Waiting for Module Init
04-09 11:27:57.025  2714  2714 E luci_helper: LUCIHelper: Waiting for Module Init
04-09 11:27:57.039  2712  2712 E luci_helper: LUCIHelper: Waiting for Module Init
04-09 11:27:57.039  2712  2712 E luci_helper: LUCIHelper: Waiting for Module Init
04-09 11:27:57.041  2712  2712 E yani_server: YaniServer FAILED TO GET LuciHelper
04-09 11:27:57.072  2692  2692 I sh      : Simple mixer control 'Master',0
04-09 11:27:57.072  2692  2692 I sh      :   Capabilities: volume pswitch pswitch-joined
04-09 11:27:57.072  2692  2692 I sh      :   Playback channels: Front Left - Front Right
04-09 11:27:57.072  2692  2692 I sh      :   Capture channels: Front Left - Front Right
04-09 11:27:57.072  2692  2692 I sh      :   Limits: 0 - 100
04-09 11:27:57.092  2712  2712 E luci_helper: LUCIHelper: Waiting for Module Init
04-09 11:27:57.092  2712  2712 E yani_server: YaniServer FAILED TO GET LuciHelper
04-09 11:27:57.096  2692  2692 I sh      :   Front Left: 30 [30%] [-10.45dB] Playback [on]
04-09 11:27:57.096  2692  2692 I sh      :   Front Right: 30 [30%] [-10.45dB] Playback [on]
04-09 11:27:57.100  2713  2713 E luciUART: bufff write ? = 1 
04-09 11:27:57.102  2713  2713 E luciUART: tcsetattr succeed
04-09 11:27:57.103  2713  2722 E LUCI_SERVER: Luci Server Thread waiting for packets....
04-09 11:27:57.103  2711  2711 I wpa_supplicant: MPM: Debug Dialog Token initialized 3095644492 (0xb883c94c)
04-09 11:27:57.111  2711  2711 I wpa_supplicant: wlan0: CTRL-EVENT-REGDOM-CHANGE init=USER type=COUNTRY alpha2=US
04-09 11:27:57.177  2710  2710 I         : [0408/225757.176491:INFO:cast_auth_check.cc(163)] Cast auth test is successful.
04-09 11:27:57.552  2712  2724 E yani_kernel: Interface status 0
04-09 11:27:57.558  2712  2724 I yani_kernel: set_device_name() Interface 'wlan0' MAC Address 'cc:90:93:21:f3:84' FriendlyName 'Lyric Speaker Box 21f384' status '0'
04-09 11:27:57.559  2712  2724 I yani_server: First boot after Factory reset! Friendly Name modified Lyric Speaker Box  -> Lyric Speaker Box 21f384
04-09 11:27:57.565  2713  2713 I lucitransport: writeRemoteMessage() MID = 90 buffer = Lyric Speaker Box 21f384
04-09 11:27:57.565  2713  2713 I luciUART: write() MID = 90  bytes = 34 data = Lyric Speaker Box 21f384 m_fd = 0x5
04-09 11:27:57.565  2713  2713 I lucitransport: writeLocalMessage() MID = 90 buffer = Lyric Speaker Box 21f384
04-09 11:27:57.566  2713  2722 E LUCI_SERVER: Luci Server Thread wait over MID 90....
04-09 11:27:57.572  2712  2724 E yani_server: Device Supports CastSetup 1
04-09 11:27:57.572  2712  2724 I yani_kernel: yani_init_net() Success Netlink socket fd 6
04-09 11:27:57.575  2712  2724 E WifiHW  : wifi_start_supplicant
04-09 11:27:57.576  2712  2724 E WifiHW  : wifi_start_ctl.start : wpa_supplicant
04-09 11:27:57.592  2713  2722 E LUCI_SERVER: Luci Server Thread waiting for packets....
04-09 11:27:57.777  2712  2724 E WifiHW  : wifi_connect_to_supplicant : wlan0
04-09 11:27:57.777  2712  2724 E WifiHW  : wifi_connect_on_socket_path1 : wlan0
04-09 11:27:57.780  2712  2724 E yani_wifi: enable_disable_net_if() Failed SIOCGIFFLAGS for interface 'wlan1' enable '0'
04-09 11:27:57.784  2712  2724 I yani_wifi: configure_wifi() SSID '' security '' passphrase '********' Country 'US'
04-09 11:27:58.968  2692  2692 I sh      : LSDeviceService: not found
04-09 11:27:59.044  2733  2733 I NetMgr  : Net_Mgr starting
04-09 11:27:59.046  2733  2733 I HotspotManager: Default WiFi Interface : wlan0
04-09 11:27:59.053  2733  2733 I NetworkMonitor: WiFi Interface : wlan0
04-09 11:27:59.053  2733  2733 I NetworkMonitor: Default WiFi Interface : wlan0
04-09 11:27:59.069  2733  2741 I NetworkMonitor: Start monitor thread
04-09 11:27:59.078  2733  2741 E WifiUtil: command: "SCAN" failed: FAIL-BUSY
04-09 11:27:59.094  2730  2730 E         :  Start MessageBox Handler 
04-09 11:27:59.099  2738  2738 E dhcpcd  : eth0: interface not found or invalid
04-09 11:27:59.107  2731  2731 E UIModeManager: UIModeManager Constructor ++
04-09 11:27:59.117  2738  2738 D dhcpcd  : wlan0: adding address fe80::ce90:93ff:fe21:f384
04-09 11:27:59.120  2731  2731 I AirableUIHelper: AirableUIHelper Contructor 
04-09 11:27:59.122  2731  2731 E AirableUIHelper:  Airable ENV_AirableBaseURL_ID Envitem returned failed!!!
04-09 11:27:59.122  2730  2747 E MB_HANDLER: HOST present 1
04-09 11:27:59.124  2731  2731 E AirableUIHelper:  Airable ENV_AirableSecret_ID Envitem returned failed!!!
04-09 11:27:59.124  2731  2731 E AirableUIHelper: Airable Secret =  
04-09 11:27:59.128  2730  2747 E MB_HANDLER:  REGISTERED YANI LISTENER IN MessageBoxHandler
04-09 11:27:59.129  2730  2747 E         : External Host present 1
04-09 11:27:59.129  2730  2747 E MB_HANDLER: REGISTERED ExternalSource IN MessageBoxHandler
04-09 11:27:59.133  2730  2747 E MB_HANDLER: Check Device Support ENV_CastSetup true ENV_GoogleCast_ID true 
04-09 11:27:59.134  2713  2713 I lucitransport: readRemoteMessage() MID char = 43689 buffer = 1
04-09 11:27:59.134  2713  2713 I lucitransport: writeRemoteMessage() MID = 43690 buffer = ªªªªª
04-09 11:27:59.134  2713  2713 I luciUART: write() MID = 43690  bytes = 15 data = ªªªªª m_fd = 0x5
04-09 11:27:59.134  2730  2747 E MB_HANDLER: LUCI UART READY MSG!!
04-09 11:27:59.134  2730  2747 E MB_HANDLER: Set Default Network Status on Bootup 0#1,0#2,0#3,0#4,0!
04-09 11:27:59.134  2713  2713 I lucitransport: writeRemoteMessage() MID = 124 buffer = 0#1,0#2,0#3,0#4,0
04-09 11:27:59.134  2713  2713 I luciUART: write() MID = 124  bytes = 27 data = 0#1,0#2,0#3,0#4,0 m_fd = 0x5
04-09 11:27:59.138  2730  2747 E MB_HANDLER: connected_cnt =0
04-09 11:27:59.138  2713  2713 I lucitransport: writeRemoteMessage() MID = 35 buffer = 1
04-09 11:27:59.140  2730  2747 E MB_HANDLER: boot_after_factory : 1
04-09 11:27:59.143  2731  2731 I UIModeManager: RegisterModeControl Mode - PlayMode ModeControl - 0xac8e0c30
04-09 11:27:59.144  2713  2721 E luciUART: UART:aa
04-09 11:27:59.144  2713  2721 E luciUART: UART:aa
04-09 11:27:59.144  2713  2721 E luciUART: UART:2
04-09 11:27:59.144  2713  2721 E luciUART: UART:0
04-09 11:27:59.144  2713  2721 E luciUART: UART:9
04-09 11:27:59.144  2713  2721 E luciUART: UART:0
04-09 11:27:59.144  2713  2721 E luciUART: UART:0
04-09 11:27:59.144  2731  2731 I ServiceManager: Waiting for service media.player...
04-09 11:27:59.144  2713  2721 E luciUART: UART:0
04-09 11:27:59.144  2713  2721 E luciUART: UART:0
04-09 11:27:59.144  2713  2721 E luciUART: UART:1
04-09 11:27:59.144  2713  2721 I luciUART: read() RemoteID = 43690 Command = 9 Type = 2 Status = 0 DataLen = 1
04-09 11:27:59.155  2713  2722 I luciUART: write() MID = 208  bytes = 21 data = MCUVersion: m_fd = 0x5
04-09 11:27:59.155  2713  2722 E LUCI_SERVER: NV_READ response= MCUVersion:
04-09 11:27:59.155  2713  2722 E LUCI_SERVER: Luci Server Thread wait over MID 91....
04-09 11:27:59.155  2713  2722 E LUCI_SERVER: setting mid[91] to NULL
04-09 11:27:59.156  2730  2746 E MB_HANDLER: Messagebox_handler::MessageBoxAlert id = 91
04-09 11:27:59.156  2730  2747 E MB_HANDLER: Message Handler Thread wait over MID[91]....
04-09 11:27:59.156  2713  2713 I lucitransport: readRemoteMessage() MID char = 91 buffer = (null)
04-09 11:27:59.158  2730  2747 E MB_HANDLER: ENV READ FAILED
04-09 11:27:59.158  2713  2722 I luciUART: write() MID = 91  bytes = 10 data =  m_fd = 0x5
04-09 11:27:59.158  2713  2722 E LUCI_SERVER: Luci Server Thread wait over MID 208....
04-09 11:27:59.158  2713  2722 E LUCI_SERVER: Got NV name : Country
04-09 11:27:59.160  2713  2722 I luciUART: write() MID = 208  bytes = 20 data = Country:US m_fd = 0x5
04-09 11:27:59.160  2713  2722 E LUCI_SERVER: NV_READ response= Country:US
04-09 11:27:59.160  2713  2722 E LUCI_SERVER: Luci Server Thread wait over MID 5....
04-09 11:27:59.167  2730  2747 E MB_HANDLER: MacAddress :CC:90:93:21:F3:84
04-09 11:27:59.167  2713  2713 I lucitransport: writeRemoteMessage() MID = 91 buffer = CC:90:93:21:F3:84
04-09 11:27:59.168  2713  2713 I luciUART: write() MID = 91  bytes = 27 data = CC:90:93:21:F3:84 m_fd = 0x5
04-09 11:27:59.168  2730  2747 E MB_HANDLER: Message Handler Thread waiting for messages....
04-09 11:27:59.168  2735  2735 D bt_osi_allocation_tracker: canary initialized
04-09 11:27:59.175  2735  2758 I bt_osi_thread: run_thread: thread id 2758, thread name stack_manager started
04-09 11:27:59.176  2735  2758 I bt_stack_manager: event_init_stack is initializing the stack
04-09 11:27:59.177  2713  2721 E luciUART: UART:aa
04-09 11:27:59.177  2713  2721 E luciUART: UART:aa
04-09 11:27:59.177  2713  2721 E luciUART: UART:2
04-09 11:27:59.177  2713  2721 E luciUART: UART:0
04-09 11:27:59.177  2713  2721 E luciUART: UART:6
04-09 11:27:59.177  2713  2721 E luciUART: UART:0
04-09 11:27:59.177  2713  2721 I chatty  : uid=0(root) UARTLUCIControl identical 2 lines
04-09 11:27:59.177  2713  2721 E luciUART: UART:0
04-09 11:27:59.177  2713  2721 E luciUART: UART:4
04-09 11:27:59.177  2713  2721 I luciUART: read() RemoteID = 43690 Command = 6 Type = 2 Status = 0 DataLen = 4
04-09 11:27:59.181  2713  2721 E luciUART: UART:6c
04-09 11:27:59.181  2735  2758 E bt_osi_config: config_new unable to open file '/data/misc/bluedroid/bt_config.conf': No such file or directory
04-09 11:27:59.182  2735  2758 W bt_btif_config: init unable to load config file: /data/misc/bluedroid/bt_config.conf; using backup.
04-09 11:27:59.182  2735  2758 E bt_osi_config: config_new unable to open file '/data/misc/bluedroid/bt_config.bak': No such file or directory
04-09 11:27:59.182  2735  2758 W bt_btif_config: init unable to load backup; attempting to transcode legacy file.
04-09 11:27:59.183  2713  2722 E LUCI_SERVER: Luci Server Thread wait over MID 208....
04-09 11:27:59.183  2713  2722 E LUCI_SERVER: Got NV name : fwdownload_xml
04-09 11:27:59.184  2735  2758 E bt_btif_config_transcode: btif_config_transcode unable to load XML file '/data/misc/bluedroid/bt_config.xml': 3
04-09 11:27:59.185  2735  2758 E bt_btif_config: init unable to transcode legacy file; creating empty config.
04-09 11:27:59.186  2735  2762 I bt_osi_thread: run_thread: thread id 2762, thread name alarm_default_ca started
04-09 11:27:59.187  2735  2763 I bt_osi_thread: run_thread: thread id 2763, thread name alarm_dispatcher started
04-09 11:27:59.190  2735  2758 I bt_btif_core: btif_init_bluetooth entered
04-09 11:27:59.190  2730  2747 E MB_HANDLER: Message Handler Thread waiting for messages....
04-09 11:27:59.192  2713  2722 I luciUART: write() MID = 208  bytes = 67 data = fwdownload_xml:https://openotaengine.libreiotcloud.com/v1 m_fd = 0x5
04-09 11:27:59.192  2713  2722 E LUCI_SERVER: NV_READ response= fwdownload_xml:https://openotaengine.libreiotcloud.com/v1
04-09 11:27:59.192  2713  2722 E LUCI_SERVER: Luci Server Thread waiting for packets....
04-09 11:27:59.193  2735  2758 I bt_stack_config: init attempt to load stack conf from /etc/bluetooth/bt_stack.conf
04-09 11:27:59.196  2735  2764 I bt_osi_thread: run_thread: thread id 2764, thread name bt_jni_workqueue started
04-09 11:27:59.197  2735  2758 I bt_btif_core: btif_init_bluetooth finished
04-09 11:27:59.197  2735  2764 I bt_btif_core: run_message_loop entered
04-09 11:27:59.200  2735  2735 I bt_btif : get_profile_interface: id = gatt
04-09 11:27:59.212  2735  2735 I bt_btif : get_profile_interface: id = a2dp
04-09 11:27:59.213  2735  2735 I bt_btif : get_profile_interface: id = a2dp_sink
04-09 11:27:59.220  2735  2770 I bt_osi_thread: run_thread: thread id 2770, thread name btif_a2dp_sink_w started
04-09 11:27:59.223  2735  2735 D a2dp_codec: init
04-09 11:27:59.224  2735  2735 D a2dp_codec: createCodec: codec SBC
04-09 11:27:59.226  2735  2735 D a2dp_codec: createCodec: codec AAC
04-09 11:27:59.227  2735  2735 D a2dp_codec: createCodec: codec aptX
04-09 11:27:59.228  2735  2735 E a2dp_vendor_aptx_encoder: A2DP_VendorLoadEncoderAptx: cannot open aptX encoder library libaptX_encoder.so: libaptX_encoder.so: cannot open shared object file: No such file or directory
04-09 11:27:59.228  2735  2735 E a2dp_vendor_aptx: init: cannot load the encoder
04-09 11:27:59.228  2735  2735 D a2dp_codec: createCodec: codec aptX-HD
04-09 11:27:59.229  2733  2742 E CommandListener: Message not handled: unrecognized interface usb0
04-09 11:27:59.230  2733  2742 W FrameworkListener: Handler 'Iface' error (Success)
04-09 11:27:59.230  2733  2742 E CommandListener: Message not handled: unrecognized interface usb0
04-09 11:27:59.230  2733  2742 W FrameworkListener: Handler 'Iface' error (Success)
04-09 11:27:59.231  2735  2735 E a2dp_vendor_aptx_hd_encoder: A2DP_VendorLoadEncoderAptxHd: cannot open aptX-HD encoder library libaptXHD_encoder.so: libaptXHD_encoder.so: cannot open shared object file: No such file or directory
04-09 11:27:59.231  2735  2735 E a2dp_vendor_aptx_hd: init: cannot load the encoder
04-09 11:27:59.232  2735  2735 D a2dp_codec: createCodec: codec LDAC
04-09 11:27:59.233  2735  2735 E a2dp_vendor_ldac_encoder: A2DP_VendorLoadEncoderLdac: cannot open LDAC encoder library libldacBT_enc.so: libldacBT_enc.so: cannot open shared object file: No such file or directory
04-09 11:27:59.233  2735  2735 E a2dp_vendor_ldac: init: cannot load the encoder
04-09 11:27:59.233  2735  2735 D a2dp_codec: createCodec: codec SBC SINK
04-09 11:27:59.233  2735  2735 D a2dp_codec: createCodec: codec AAC SINK
04-09 11:27:59.233  2735  2735 I a2dp_codec: init: initialized Source codec AAC
04-09 11:27:59.233  2735  2735 I a2dp_codec: init: initialized Source codec SBC
04-09 11:27:59.233  2735  2735 I a2dp_codec: init: initialized Sink codec AAC(Sink)
04-09 11:27:59.233  2735  2735 I a2dp_codec: init: initialized Sink codec SBC(Sink)
04-09 11:27:59.233  2735  2735 W bt_btif : ## ON A2DP IDLE ## peer_sep = 0
04-09 11:27:59.234  2735  2764 E bt_btif : btif_sm_dispatch : Invalid handle
04-09 11:27:59.234  2735  2735 I bt_btif : get_profile_interface: id = avrcp
04-09 11:27:59.235  2735  2735 I bt_btif : get_profile_interface: id = avrcp_ctrl
04-09 11:27:59.235  2735  2735 I bt_btif : get_profile_interface: id = hidhost
04-09 11:27:59.244  2733  2742 E CommandListener: Message not handled: unrecognized interface usb0
04-09 11:27:59.244  2733  2742 W FrameworkListener: Handler 'Iface' error (Success)
04-09 11:27:59.245  2733  2742 E CommandListener: Message not handled: unrecognized interface usb0
04-09 11:27:59.245  2733  2742 W FrameworkListener: Handler 'Iface' error (Success)
04-09 11:27:59.247  2733  2742 E CommandListener: Message not handled: unrecognized interface usb0
04-09 11:27:59.247  2733  2742 W FrameworkListener: Handler 'Iface' error (Success)
04-09 11:27:59.247  2733  2742 E CommandListener: Message not handled: unrecognized interface usb0
04-09 11:27:59.247  2733  2742 W FrameworkListener: Handler 'Iface' error (Success)
04-09 11:27:59.253  2735  2735 I bluetoothtbd: [0408/225759.253618:INFO:daemon.cc(168)] Daemon initialized
04-09 11:27:59.254  2735  2735 I bt_btif : enable: start restricted = 0
04-09 11:27:59.254  2735  2758 I bt_stack_manager: event_start_up_stack is bringing up the stack
04-09 11:27:59.254  2735  2758 I bt_core_module: module_start_up Starting module "btif_config_module"
04-09 11:27:59.254  2735  2758 I bt_core_module: module_start_up Started module "btif_config_module"
04-09 11:27:59.254  2735  2758 I bt_core_module: module_start_up Starting module "btsnoop_module"
04-09 11:27:59.254  2735  2758 I bt_core_module: module_start_up Started module "btsnoop_module"
04-09 11:27:59.255  2735  2758 I bt_core_module: module_start_up Starting module "hci_module"
04-09 11:27:59.255  2735  2758 I bt_hci  : hci_module_start_up
04-09 11:27:59.259  2735  2781 I bt_osi_thread: run_thread: thread id 2781, thread name hci_thread started
04-09 11:27:59.260  2735  2758 D bt_hci  : hci_module_start_up starting async portion
04-09 11:27:59.261  2735  2781 I bluetoothtbd: [0408/225759.261468:INFO:hci_layer_linux.cc(172)] hci_initialize
04-09 11:27:59.261  2735  2781 I bluetoothtbd: [0408/225759.261622:INFO:hci_layer_linux.cc(184)] Using interface hci0
04-09 11:27:59.261  2735  2781 I bluetoothtbd: [0408/225759.261675:INFO:hci_layer_linux.cc(378)] rfkill
04-09 11:27:59.286  2738  2738 D dhcpcd  : no interfaces have a carrier
04-09 11:27:59.287  2738  2738 D dhcpcd  : wlan0: waiting for carrier
04-09 11:27:59.302  2789  2789 I dnsmasq : started, version 2.51 cachesize 150
04-09 11:27:59.302  2789  2789 I dnsmasq : compile time options: no-IPv6 GNU-getopt no-DBus no-I18N DHCP no-scripts no-TFTP
04-09 11:27:59.302  2789  2789 I dnsmasq : DHCP, IP range 192.168.10.3 -- 192.168.10.10, lease time 12h
04-09 11:27:59.303  2789  2789 I dnsmasq : reading /etc/resolv.conf
04-09 11:27:59.303  2789  2789 I dnsmasq : using nameserver 8.8.8.8#53
04-09 11:27:59.303  2789  2789 I dnsmasq : read /etc/hosts - 1 addresses
04-09 11:27:59.666  2733  2742 E CommandListener: Message not handled: unrecognized interface usb0
04-09 11:27:59.666  2733  2742 W FrameworkListener: Handler 'Iface' error (Success)
04-09 11:27:59.675  2735  2781 I bluetoothtbd: [0408/225759.675603:INFO:hci_layer_linux.cc(295)] wait_hcidev
04-09 11:27:59.675  2735  2781 I bluetoothtbd: [0408/225759.675887:INFO:hci_layer_linux.cc(332)] Do poll() with timeout of 3000ms
04-09 11:27:59.677  2735  2781 I bluetoothtbd: [0408/225759.677431:INFO:hci_layer_linux.cc(228)] HCI device ready
04-09 11:27:59.677  2735  2781 I bt_hci  : event_finish_startup
04-09 11:27:59.677  2735  2758 I bt_core_module: module_start_up Started module "hci_module"
04-09 11:27:59.679  2735  2813 I bt_osi_thread: run_thread: thread id 2813, thread name bt_workqueue started
04-09 11:27:59.680  2735  2813 I bluetoothtbd: [0408/225759.680427:INFO:btu_task.cc(107)] Bluetooth chip preload is complete
04-09 11:27:59.686  2735  2813 I         : No vendor HCI socket available. Won't create SocketWriter.
04-09 11:27:59.695  2735  2813 I bluetoothtbd: [0408/225759.695067:INFO:gatt_api.cc(1005)] GATT_Register
04-09 11:27:59.696  2735  2813 I bluetoothtbd: [0408/225759.696761:INFO:gatt_api.cc(1028)] allocated gatt_if=1
04-09 11:27:59.698  2735  2813 I bluetoothtbd: [0408/225759.698306:INFO:gatt_api.cc(207)] GATTS_AddService
04-09 11:27:59.699  2735  2813 I bluetoothtbd: [0408/225759.699343:INFO:gatt_api.cc(317)] GATTS_AddService: service parsed correctly, now starting
04-09 11:27:59.700  2735  2813 E bluetoothtbd: [0408/225759.700223:ERROR:gatt_attr.cc(302)] gatt_profile_db_init:  gatt_if=1
04-09 11:27:59.707  2735  2813 I bluetoothtbd: [0408/225759.707238:INFO:gatt_api.cc(1005)] GATT_Register
04-09 11:27:59.707  2735  2813 I bluetoothtbd: [0408/225759.707384:INFO:gatt_api.cc(1028)] allocated gatt_if=2
04-09 11:27:59.707  2735  2813 I bluetoothtbd: [0408/225759.707444:INFO:gatt_api.cc(207)] GATTS_AddService
04-09 11:27:59.707  2735  2813 I bluetoothtbd: [0408/225759.707521:INFO:gatt_api.cc(317)] GATTS_AddService: service parsed correctly, now starting
04-09 11:27:59.711  2735  2814 I bt_osi_thread: run_thread: thread id 2814, thread name btu message loop started
04-09 11:27:59.751  2735  2815 I bt_osi_thread: run_thread: thread id 2815, thread name module_wrapper started
04-09 11:27:59.752  2735  2815 I bt_core_module: module_start_up Starting module "controller_module"
04-09 11:27:59.788  2712  2724 I yani_server: ifindexeth0 0 ifindexwlan0 5 ifindexp2p0 6 ifindexwlan1 0
04-09 11:27:59.788  2712  2724 I yani_server: NetLink Event '-1' Interface-Index '5' WLAN '0' Ethernet '-1' Parsed-iFill '-1' -> 'INVALID' ifIndex '1' -> 'lo'
04-09 11:27:59.789  2712  2724 I yani_kernel: yani_geteventfrom_changeaddr() Message-Id '1' Netlink event '16' Interface Index '5' -> Name 'wlan0' 
04-09 11:27:59.790  2712  2724 I yani_kernel: yani_geteventfrom_changeaddr() Message-Id '1' Netlink event '16' Interface Index '9' -> Name 'usb0' 
04-09 11:27:59.791  2712  2724 I yani_kernel: yani_geteventfrom_changeaddr() Message-Id '1' Netlink event '16' Interface Index '9' -> Name 'usb0' 
04-09 11:27:59.792  2712  2724 I yani_kernel: yani_geteventfrom_changeaddr() Message-Id '1' Netlink event '20' Interface Index '9' -> Name 'usb0' 
04-09 11:27:59.793  2712  2724 I yani_kernel: yani_geteventfrom_changeaddr() Message-Id '1' Netlink event '16' Interface Index '9' -> Name 'usb0' 
04-09 11:27:59.794  2712  2724 I yani_kernel: yani_geteventfrom_changeaddr() Message-Id '1' Netlink event '21' Interface Index '9' -> Name 'usb0' 
04-09 11:27:59.795  2712  2724 I yani_kernel: yani_geteventfrom_changeaddr() Message-Id '1' Netlink event '20' Interface Index '9' -> Name 'usb0' 
04-09 11:27:59.796  2712  2724 I yani_kernel: yani_geteventfrom_changeaddr() Message-Id '1' Netlink event '16' Interface Index '9' -> Name 'usb0' 
04-09 11:27:59.921  2735  2815 I bt_core_module: module_start_up Started module "controller_module"
04-09 11:27:59.921  2735  2815 W bt_osi_thread: run_thread: thread id 2815, thread name module_wrapper exited
04-09 11:27:59.925  2735  2813 W bt_btm  : btm_decode_ext_features_page: feature page 1 ignored
04-09 11:27:59.925  2735  2813 W bt_btm  : btm_decode_ext_features_page: feature page 2 ignored
04-09 11:27:59.926  2735  2814 I bt_btm_sec: BTM_SecRegister p_cb_info->p_le_callback == 0x0xf700cb99
04-09 11:27:59.927  2735  2814 I bt_btm_sec: BTM_SecRegister btm_cb.api.p_le_callback = 0x0xf700cb99 
04-09 11:27:59.929  2735  2814 I bluetoothtbd: [0408/225759.929163:INFO:ble_advertiser_hci_interface.cc(736)] Legacy advertising will be in use
04-09 11:27:59.931  2735  2814 I bluetoothtbd: [0408/225759.931558:INFO:gatt_api.cc(1005)] GATT_Register
04-09 11:27:59.931  2735  2814 I bluetoothtbd: [0408/225759.931699:INFO:gatt_api.cc(1028)] allocated gatt_if=3
04-09 11:27:59.957  2735  2814 I bt_bta_av: AVRCP version used for sdp: "avrcp14"
04-09 11:27:59.960  2735  2764 E bt_btif_storage: btif_storage_get_adapter_property: Controller ready!
04-09 11:27:59.960  2735  2764 I bt_btif_storage: btif_storage_get_adapter_property service_mask:0x40000
04-09 11:27:59.961  2735  2764 I bluetoothtbd: [0408/225759.961523:INFO:adapter.cc(551)] Adapter properties changed
04-09 11:27:59.961  2735  2764 I bluetoothtbd: [0408/225759.961678:INFO:adapter.cc(564)] Adapter address changed: CC:90:93:21:F3:85
04-09 11:27:59.961  2735  2764 I bluetoothtbd: [0408/225759.961736:INFO:adapter.cc(573)] Adapter name changed
04-09 11:27:59.962  2735  2764 I bt_btif_core: btif_enable_bluetooth_evt entered: status 0
04-09 11:27:59.962  2735  2764 W bt_btif : btif_enable_bluetooth_evt: Saving the Adapter Address
04-09 11:27:59.962  2735  2764 I bluetoothtbd: [0408/225759.962802:INFO:adapter.cc(551)] Adapter properties changed
04-09 11:27:59.962  2735  2764 I bluetoothtbd: [0408/225759.962887:INFO:adapter.cc(564)] Adapter address changed: CC:90:93:21:F3:85
04-09 11:27:59.962  2735  2764 D bt_hci  : do_postload posting postload work item
04-09 11:27:59.967  2735  2856 I bt_osi_thread: run_thread: thread id 2856, thread name btif_sock started
04-09 11:27:59.970  2735  2764 D bt_bte_conf: Device ID record 1 : primary
04-09 11:27:59.971  2735  2764 D bt_bte_conf:   vendorId            = 000f
04-09 11:27:59.971  2735  2764 D bt_bte_conf:   vendorIdSource      = 0001
04-09 11:27:59.971  2735  2764 D bt_bte_conf:   product             = 1200
04-09 11:27:59.971  2735  2764 D bt_bte_conf:   version             = 1436
04-09 11:27:59.971  2735  2764 D bt_bte_conf:   clientExecutableURL = 
04-09 11:27:59.971  2735  2764 D bt_bte_conf:   serviceDescription  = 
04-09 11:27:59.971  2735  2764 D bt_bte_conf:   documentationURL    = 
04-09 11:27:59.971  2735  2764 D bt_bte_conf: bte_load_did_conf no section named DID2.
04-09 11:27:59.971  2735  2764 I bt_btif_core: btif_enable_bluetooth_evt finished
04-09 11:27:59.971  2735  2758 I bt_stack_manager: event_start_up_stack finished
04-09 11:27:59.972  2735  2764 I bluetoothtbd: [0408/225759.972458:INFO:adapter.cc(529)] Adapter state changed: BT_STATE_ON
04-09 11:28:00.144  2731  2731 I ServiceManager: Waiting for service media.player...
04-09 11:28:00.252  2712  2724 I yani_kernel: yani_geteventfrom_changeaddr() Message-Id '1' Netlink event '16' Interface Index '9' -> Name 'usb0' 
04-09 11:28:00.253  2733  2742 E CommandListener: Message not handled: unrecognized interface usb0
04-09 11:28:00.253  2733  2742 W FrameworkListener: Handler 'Iface' error (Success)
04-09 11:28:00.732  2733  2742 E CommandListener: Message not handled: unrecognized interface usb0
04-09 11:28:00.732  2733  2742 W FrameworkListener: Handler 'Iface' error (Success)
04-09 11:28:01.078  2733  2741 E WifiUtil: command: "SCAN" failed: FAIL-BUSY
04-09 11:28:01.145  2731  2731 I ServiceManager: Waiting for service media.player...
04-09 11:28:01.359  2712  2724 I yani_server: NetLink Event '-1' Interface-Index '5' WLAN '-1' Ethernet '-1' Parsed-iFill '-1' -> 'INVALID' ifIndex '1' -> 'lo'
04-09 11:28:01.360  2712  2724 I yani_server: NetLink Event '-1' Interface-Index '5' WLAN '0' Ethernet '-1' Parsed-iFill '-1' -> 'INVALID' ifIndex '1' -> 'lo'
04-09 11:28:01.388  2712  2724 I chatty  : uid=0(root) YaniServer identical 40 lines
04-09 11:28:01.388  2712  2724 I yani_server: NetLink Event '-1' Interface-Index '5' WLAN '0' Ethernet '-1' Parsed-iFill '-1' -> 'INVALID' ifIndex '1' -> 'lo'
04-09 11:28:01.388  2712  2724 I yani_kernel: yani_geteventfrom_changeaddr() Message-Id '1' Netlink event '16' Interface Index '5' -> Name 'wlan0' 
04-09 11:28:01.389  2712  2724 I yani_kernel: yani_geteventfrom_changeaddr() Message-Id '1' Netlink event '16' Interface Index '5' -> Name 'wlan0' 
04-09 11:28:02.027  2714  2714 I SourceSwitch: SourceSwitch() Host 1 initialized...
04-09 11:28:02.145  2731  2731 I ServiceManager: Waiting for service media.player...
04-09 11:28:02.979  2735  2764 E bt_osi_config: config_save unable to open dir '/data/misc/bluedroid': No such file or directory
04-09 11:28:03.020  2789  2789 I dnsmasq : DHCPDISCOVER(usb0) be:58:fc:8f:d5:dd 
04-09 11:28:03.020  2789  2789 I dnsmasq : DHCPOFFER(usb0) 192.168.10.6 be:58:fc:8f:d5:dd 
04-09 11:28:03.020  2789  2789 I dnsmasq : DHCPDISCOVER(usb0) be:58:fc:8f:d5:dd 
04-09 11:28:03.020  2789  2789 I dnsmasq : DHCPOFFER(usb0) 192.168.10.6 be:58:fc:8f:d5:dd 
04-09 11:28:03.023  2789  2789 I dnsmasq : DHCPREQUEST(usb0) 192.168.10.6 be:58:fc:8f:d5:dd 
04-09 11:28:03.023  2789  2789 I dnsmasq : DHCPACK(usb0) 192.168.10.6 be:58:fc:8f:d5:dd 
04-09 11:28:03.025  2789  2789 I dnsmasq : DHCPREQUEST(usb0) 192.168.10.6 be:58:fc:8f:d5:dd 
04-09 11:28:03.025  2789  2789 I dnsmasq : DHCPACK(usb0) 192.168.10.6 be:58:fc:8f:d5:dd 
04-09 11:28:03.081  2712  2724 I yani_server: NetLink Event '-1' Interface-Index '5' WLAN '-1' Ethernet '-1' Parsed-iFill '-1' -> 'INVALID' ifIndex '1' -> 'lo'
04-09 11:28:03.145  2731  2731 I ServiceManager: Waiting for service media.player...
04-09 11:28:04.062  2692  2692 I sh      : btaudioplayer: not found
04-09 11:28:04.149  2692  2692 I sh      : *** play mode control constructor end 
04-09 11:28:04.149  2731  2731 E BrowseModeControl: Read env failed
04-09 11:28:04.149  2731  2731 I UIModeManager: RegisterModeControl Mode - BrowseMode ModeControl - 0xac8e3830
04-09 11:28:04.149  2731  2731 E DefaultBrowser: m_ItemsCount = 7 
04-09 11:28:04.150  2731  2731 E SDCardBrowser: SDCARD Browser constructor mounting vfat first
04-09 11:28:04.151  2731  2731 E SDCardBrowser: 3 GOTOP  Sytem return value = -1
04-09 11:28:04.151  2731  2731 E SDCardBrowser: mounting vfat failed, try ntfs, return value = -1
04-09 11:28:04.153  2731  2731 I ServiceManager: Waiting for service media.player...
04-09 11:28:04.174  2692  2692 I sh      : /dev/block/sd*: No such file or directory
04-09 11:28:05.086  2733  2741 I NetworkMonitor: Number of APs is 40
04-09 11:28:05.086  2733  2741 I NetworkMonitor: Number of APs with same essid 0
04-09 11:28:05.126  2963  2963 I wac-main: main() defaultServiceManager 0xab8c7fa8 
04-09 11:28:05.127  2963  2963 I wac-main: Getinstance
04-09 11:28:05.128  2963  2963 I wac-main: WAC LUCI listener created
04-09 11:28:05.135  2963  2963 E wac-main: wac trigger pipe not ready
04-09 11:28:05.140  2963  2973 I wac-main: init_netlink_skt() Success Netlink socket fd 7
04-09 11:28:05.140  2963  2973 E wac-main: Enter poll and wait
04-09 11:28:05.154  2731  2731 I ServiceManager: Waiting for service media.player...
04-09 11:28:05.167  2692  2692 I sh      : mkdir failed for misc, File exists
04-09 11:28:05.184  2964  2964 E librecast: Starting Libre Cast process...
04-09 11:28:05.184  2964  2964 E librecast: librecast:189
04-09 11:28:05.190  2692  2692 I sh      : ***** START WEBSERVER ******
04-09 11:28:05.195  2964  2964 E librecast: librecast:195
04-09 11:28:05.197  2692  2692 I sh      : threadLoop entry.... 
04-09 11:28:05.198  2692  2692 I sh      : WebServerManager::InitWebServerManager ++ 
04-09 11:28:05.200  2964  2964 E librecast: librecast:217:GoogleCast NV set to 'true' so starting cast_installer service
04-09 11:28:05.213  2692  2692 I sh      : WebServerManager::InitWebServerManager --
04-09 11:28:05.222  2969  2982 E LibreConnect: 
04-09 11:28:05.222  2969  2982 E LibreConnect:  start /factory/custom/web YES, Its a DIR
04-09 11:28:05.236  2692  2692 I sh      : 
04-09 11:28:05.236  2692  2692 I sh      : 
04-09 11:28:05.236  2692  2692 I sh      : MAIN TO START SPOTIFY START
04-09 11:28:05.236  2692  2692 I sh      : 
