04-09 19:19:01.422     0     0 I         : [    1.431200@2] Registered cp15_barrier emulation handler
04-09 19:19:01.422     0     0 I         : [    1.431581@2] Registered setend emulation handler
04-09 19:19:01.422     0     0 I         : [    1.432098@2] disable EAS feature
04-09 19:19:01.422     0     0 I         : [    1.433162@2] registered taskstats version 1
04-09 19:19:01.422     0     0 W         : [    1.442841@2] dwc3 ff500000.dwc3: Configuration mismatch. dr_mode forced to host
04-09 19:19:01.422     0     0 I         : [    1.947534@2] xhci-hcd xhci-hcd.0.auto: xHCI Host Controller
04-09 19:19:01.422     0     0 I         : [    1.947603@2] xhci-hcd xhci-hcd.0.auto: new USB bus registered, assigned bus number 1
04-09 19:19:01.422     0     0 I         : [    1.948874@2] xhci-hcd xhci-hcd.0.auto: hcc params 0x0220f664 hci version 0x100 quirks 0x02010010
04-09 19:19:01.422     0     0 I         : [    1.949277@2] xhci-hcd xhci-hcd.0.auto: irq 27, io mem 0xff500000
04-09 19:19:01.422     0     0 I         : [    1.950846@3] hub 1-0:1.0: USB hub found
04-09 19:19:01.422     0     0 I         : [    1.950915@3] hub 1-0:1.0: 1 port detected
04-09 19:19:01.422     0     0 I         : [    1.951460@3] xhci-hcd xhci-hcd.0.auto: xHCI Host Controller
04-09 19:19:01.422     0     0 I         : [    1.951674@3] xhci-hcd xhci-hcd.0.auto: new USB bus registered, assigned bus number 2
04-09 19:19:01.422     0     0 I         : [    1.952502@3] usb usb2: We don't know the algorithms for LPM for this host, disabling LPM.
04-09 19:19:01.422     0     0 I         : [    1.954103@0] hub 2-0:1.0: USB hub found
04-09 19:19:01.422     0     0 E         : [    1.954180@0] hub 2-0:1.0: config failed, hub doesn't have any ports! (err -19)
04-09 19:19:01.422     0     0 E         : [    1.954769@0] usb usb2: Unsupported the hub
04-09 19:19:01.422     0     0 I         : [    1.955500@0] aml_vrtc rtc: setting system clock to 2022-04-09 13:48:58 UTC (1649512138)
04-09 19:19:01.422     0     0 D         : [    1.956338@0] dwc_otg ff400000.dwc2_a: dwc_otg_driver_probe(ffffffc01d6b8c00)
04-09 19:19:01.422     0     0 W [    1.956385@0] dwc_otg: usb0: type: 2 speed: 0, config: 0, dma: 0, id: 0, phy: ffe09000, ctrl: 0
04-09 19:19:01.422     0     0 D         : [    1.956761@0] dwc_otg ff400000.dwc2_a: base=0xffffff8008a40000
04-09 19:19:01.422     0     0 D         : [    1.956767@0] dwc_otg ff400000.dwc2_a: dwc_otg_device=0xffffffc01d7e5800
04-09 19:19:01.422     0     0 W [    2.057124@1] dwc_otg: Core Release: 3.10a
04-09 19:19:01.422     0     0 W [    2.057204@1] dwc_otg: Setting default values for core params
04-09 19:19:01.422     0     0 W [    2.057572@1] dwc_otg: curmode: 0, host_only: 0
04-09 19:19:01.422     0     0 D         : [    2.058059@1] dwc_otg ff400000.dwc2_a: DMA config: BURST_DEFAULT
04-09 19:19:01.422     0     0 W [    2.070376@1] dwc_otg: Using Buffer DMA mode
04-09 19:19:01.422     0     0 W [    2.070399@1] dwc_otg: OTG VER PARAM: 1, OTG VER FLAG: 1
04-09 19:19:01.422     0     0 W [    2.070782@1] dwc_otg: Working on port type = SLAVE
04-09 19:19:01.422     0     0 W [    2.071267@1] dwc_otg: Dedicated Tx FIFOs mode
04-09 19:19:01.422     0     0 I [    2.073806@1] input: adc_keypad as /devices/platform/adc_keypad/input/input1
04-09 19:19:01.422     0     0 I         : [    2.075837@1] cpucore_cooling_register, max_cpu_core_num:4
04-09 19:19:01.422     0     0 I [    2.082484@0] gxbb_pm: enter meson_pm_probe!
04-09 19:19:01.422     0     0 I         : [    2.082524@0] no vddio3v3_en pin
04-09 19:19:01.422     0     0 E         : [    2.082684@0] pm-meson aml_pm: Can't get switch_clk81
04-09 19:19:01.422     0     0 I [    2.083209@0] gxbb_pm: meson_pm_probe done
04-09 19:19:01.422     0     0 I         : [    2.083961@0] ALSA device list:
04-09 19:19:01.422     0     0 I [    2.083987@0]   #0: AML-AUGESOUND
04-09 19:19:01.422     0     0 I         : [    2.084461@0] meson_uart ff804000.serial: ttyS3 use xtal(8M) 24000000 change 115200 to 115200
04-09 19:19:01.422     0     0 I         : [    2.090369@0] Freeing unused kernel memory: 6080K
04-09 19:19:01.422     0     0 I [    2.304734@3] ubi0: attaching mtd6
04-09 19:19:01.422     0     0 I [    2.514683@3] ubi0: scanning is finished
04-09 19:19:01.422     0     0 I [    2.518590@0] ubi0: attached mtd6 (name "system", size 100 MiB)
04-09 19:19:01.422     0     0 I [    2.518875@0] ubi0: PEB size: 262144 bytes (256 KiB), LEB size: 253952 bytes
04-09 19:19:01.423     0     0 I [    2.525889@0] ubi0: min./max. I/O unit sizes: 4096/4096, sub-page size 4096
04-09 19:19:01.423     0     0 I [    2.532765@0] ubi0: VID header offset: 4096 (aligned 4096), data offset: 8192
04-09 19:19:01.423     0     0 I [    2.539835@0] ubi0: good PEBs: 400, bad PEBs: 0, corrupted PEBs: 0
04-09 19:19:01.423     0     0 I [    2.545965@0] ubi0: user volume: 1, internal volumes: 1, max. volumes count: 128
04-09 19:19:01.423     0     0 I [    2.553291@0] ubi0: max/mean erase counter: 38/26, WL threshold: 4096, image sequence number: 736763309
04-09 19:19:01.423     0     0 I [    2.562609@0] ubi0: available PEBs: 0, total reserved PEBs: 400, PEBs reserved for bad PEB handling: 40
04-09 19:19:01.423     0     0 I [    2.571931@1] ubi0: background thread "ubi_bgt0d" started, PID 2142
04-09 19:19:01.423     0     0 I         : [    2.577538@3] UBIFS (ubi0:0): background thread "ubifs_bgt0_0" started, PID 2145
04-09 19:19:01.423     0     0 I         : [    2.619479@0] UBIFS (ubi0:0): UBIFS: mounted UBI device 0, volume 0, name "rootfs"
04-09 19:19:01.423     0     0 I         : [    2.621410@0] UBIFS (ubi0:0): LEB size: 253952 bytes (248 KiB), min./max. I/O unit sizes: 4096 bytes/4096 bytes
04-09 19:19:01.423     0     0 I         : [    2.631452@0] UBIFS (ubi0:0): FS size: 87867392 bytes (83 MiB, 346 LEBs), journal size 9404416 bytes (8 MiB, 38 LEBs)
04-09 19:19:01.423     0     0 I         : [    2.641942@0] UBIFS (ubi0:0): reserved for root: 0 bytes (0 KiB)
04-09 19:19:01.423     0     0 I         : [    2.647893@0] UBIFS (ubi0:0): media format: w4/r0 (latest is w4/r0), UUID DC99A6D8-69BA-4DD7-9E44-726260A6E747, small LPT model
04-09 19:19:01.423     0     0 I [    2.898896@1] init: property init
04-09 19:19:01.423     0     0 I [    2.899641@1] init: reading config file
04-09 19:19:01.423     0     0 I [    2.906557@1] init: processing action 0xab00e808 (boot_start)
04-09 19:19:01.423     0     0 I [    2.914361@1] init: command 'boot_start' r=0
04-09 19:19:01.423     0     0 I [    2.915403@1] init: processing action 0xab00a6b0 (early-init)
04-09 19:19:01.423     0     0 I [    2.920103@1] init: starting 'ueventd'
04-09 19:19:01.423     0     0 I [    2.923398@1] init: command 'start' r=0
04-09 19:19:01.423     0     0 I [    2.926297@1] init: command 'loglevel' r=0
04-09 19:19:01.423     0     0 I [    2.931225@1] init: command 'mount' r=0
04-09 19:19:01.423     0     0 I [    2.933043@0] init: starting ueventd
04-09 19:19:01.423     0     0 I [    2.933893@0] init: /sys/ rule /sys/devices/virtual/input/input* enable
04-09 19:19:01.423     0     0 I [    2.933907@0] init: /sys/ rule /sys/devices/virtual/input/input* poll_delay
04-09 19:19:01.423     0     0 I [    2.933917@0] init: /sys/ rule /sys/devices/virtual/usb_composite/* enable
04-09 19:19:01.423     0     0 I [    2.939413@0] init: adding platform device ffd0f0d0.watchdog
04-09 19:19:01.423     0     0 I [    2.939828@0] init: adding platform device reg-dummy
04-09 19:19:01.423     0     0 I [    2.940477@0] init: adding platform device cpu_iomap
04-09 19:19:01.423     0     0 I [    2.940764@0] init: adding platform device 7400000.ramoops
04-09 19:19:01.423     0     0 I [    2.941060@0] init: adding platform device bt-dev
04-09 19:19:01.423     0     0 I [    2.941630@0] init: adding platform device dummy
04-09 19:19:01.423     0     0 I [    2.988839@1] init: command 'mount' r=0
04-09 19:19:01.423     0     0 I [    3.193153@0] ubi1: attaching mtd7
04-09 19:19:01.423     0     0 I [    3.486846@0] ubi1: scanning is finished
04-09 19:19:01.423     0     0 I [    3.491160@3] ubi1: attached mtd7 (name "chrome", size 140 MiB)
04-09 19:19:01.423     0     0 I [    3.491447@3] ubi1: PEB size: 262144 bytes (256 KiB), LEB size: 253952 bytes
04-09 19:19:01.423     0     0 I [    3.498456@3] ubi1: min./max. I/O unit sizes: 4096/4096, sub-page size 4096
04-09 19:19:01.423     0     0 I [    3.505344@3] ubi1: VID header offset: 4096 (aligned 4096), data offset: 8192
04-09 19:19:01.423     0     0 I [    3.512408@3] ubi1: good PEBs: 560, bad PEBs: 0, corrupted PEBs: 0
04-09 19:19:01.423     0     0 I [    3.518535@3] ubi1: user volume: 1, internal volumes: 1, max. volumes count: 128
04-09 19:19:01.423     0     0 I [    3.525863@3] ubi1: max/mean erase counter: 37/26, WL threshold: 4096, image sequence number: 1458511589
04-09 19:19:01.423     0     0 I [    3.535268@3] ubi1: available PEBs: 0, total reserved PEBs: 560, PEBs reserved for bad PEB handling: 40
04-09 19:19:01.423     0     0 I [    3.544589@0] ubi1: background thread "ubi_bgt1d" started, PID 2554
04-09 19:19:01.423     0     0 I         : [    3.559046@1] UBIFS (ubi1:0): background thread "ubifs_bgt1_0" started, PID 2558
04-09 19:19:01.423     0     0 I         : [    3.585455@2] UBIFS (ubi1:0): recovery needed
04-09 19:19:01.423     0     0 I         : [    3.638011@0] UBIFS (ubi1:0): recovery completed
04-09 19:19:01.423     0     0 I         : [    3.638178@0] UBIFS (ubi1:0): UBIFS: mounted UBI device 1, volume 0, name "chrome"
04-09 19:19:01.423     0     0 I         : [    3.644523@0] UBIFS (ubi1:0): LEB size: 253952 bytes (248 KiB), min./max. I/O unit sizes: 4096 bytes/4096 bytes
04-09 19:19:01.423     0     0 I         : [    3.654525@0] UBIFS (ubi1:0): FS size: 128499712 bytes (122 MiB, 506 LEBs), journal size 9404416 bytes (8 MiB, 38 LEBs)
04-09 19:19:01.423     0     0 I         : [    3.665217@0] UBIFS (ubi1:0): reserved for root: 0 bytes (0 KiB)
04-09 19:19:01.423     0     0 I         : [    3.671170@0] UBIFS (ubi1:0): media format: w4/r0 (latest is w4/r0), UUID 3D7B4A1D-6849-462E-B889-C151DCC94211, small LPT model
04-09 19:19:01.423     0     0 I [    3.714631@0] ubi2: attaching mtd8
04-09 19:19:01.423     0     0 I         : [    3.881095@0]  NAND bbt detect factory Bad block at 17a40000
04-09 19:19:01.423     0     0 I         : [    3.892707@0]  NAND bbt detect factory Bad block at 18000000
04-09 19:19:01.423     0     0 I         : [    3.892764@0]  NAND bbt detect factory Bad block at 18040000
04-09 19:19:01.423     0     0 I [    4.165898@0] ubi2: scanning is finished
04-09 19:19:01.423     0     0 I [    4.170904@1] ubi2: attached mtd8 (name "data", size 213 MiB)
04-09 19:19:01.423     0     0 I [    4.171019@1] ubi2: PEB size: 262144 bytes (256 KiB), LEB size: 253952 bytes
04-09 19:19:01.423     0     0 I [    4.178030@1] ubi2: min./max. I/O unit sizes: 4096/4096, sub-page size 4096
04-09 19:19:01.423     0     0 I [    4.184909@1] ubi2: VID header offset: 4096 (aligned 4096), data offset: 8192
04-09 19:19:01.423     0     0 I [    4.191980@1] ubi2: good PEBs: 849, bad PEBs: 3, corrupted PEBs: 0
04-09 19:19:01.423     0     0 I [    4.198220@1] ubi2: user volume: 2, internal volumes: 1, max. volumes count: 128
04-09 19:19:01.423     0     0 I [    4.205441@1] ubi2: max/mean erase counter: 76/50, WL threshold: 4096, image sequence number: 1018457084
04-09 19:19:01.423     0     0 I [    4.214841@1] ubi2: available PEBs: 0, total reserved PEBs: 849, PEBs reserved for bad PEB handling: 37
04-09 19:19:01.423     0     0 I [    4.224163@2] ubi2: background thread "ubi_bgt2d" started, PID 2566
04-09 19:19:01.423     0     0 I         : [    4.238203@3] UBIFS (ubi2:0): background thread "ubifs_bgt2_0" started, PID 2569
04-09 19:19:01.423     0     0 I         : [    4.264760@0] UBIFS (ubi2:0): recovery needed
04-09 19:19:01.423     0     0 I         : [    4.340305@1] UBIFS (ubi2:0): recovery completed
04-09 19:19:01.423     0     0 I         : [    4.340462@1] UBIFS (ubi2:0): UBIFS: mounted UBI device 2, volume 0, name "factory"
04-09 19:19:01.423     0     0 I         : [    4.346912@1] UBIFS (ubi2:0): LEB size: 253952 bytes (248 KiB), min./max. I/O unit sizes: 4096 bytes/4096 bytes
04-09 19:19:01.423     0     0 I         : [    4.356904@1] UBIFS (ubi2:0): FS size: 10158080 bytes (9 MiB, 40 LEBs), journal size 2285569 bytes (2 MiB, 9 LEBs)
04-09 19:19:01.423     0     0 I         : [    4.367252@1] UBIFS (ubi2:0): reserved for root: 0 bytes (0 KiB)
04-09 19:19:01.423     0     0 I         : [    4.373118@1] UBIFS (ubi2:0): media format: w4/r0 (latest is w4/r0), UUID AD7DC8BC-6ACA-4841-8B12-7A54B54F57E7, small LPT model
04-09 19:19:01.423     0     0 I         : [    4.396663@1] UBIFS (ubi2:1): background thread "ubifs_bgt2_1" started, PID 2572
04-09 19:19:01.423     0     0 I         : [    4.422547@0] UBIFS (ubi2:1): recovery needed
04-09 19:19:01.424     0     0 I         : [    4.521597@2] UBIFS (ubi2:1): recovery completed
04-09 19:19:01.424     0     0 I         : [    4.521781@2] UBIFS (ubi2:1): UBIFS: mounted UBI device 2, volume 1, name "data"
04-09 19:19:01.424     0     0 I         : [    4.527936@2] UBIFS (ubi2:1): LEB size: 253952 bytes (248 KiB), min./max. I/O unit sizes: 4096 bytes/4096 bytes
04-09 19:19:01.424     0     0 I         : [    4.537932@2] UBIFS (ubi2:1): FS size: 189956096 bytes (181 MiB, 748 LEBs), journal size 9404416 bytes (8 MiB, 38 LEBs)
04-09 19:19:01.424     0     0 I         : [    4.548624@2] UBIFS (ubi2:1): reserved for root: 0 bytes (0 KiB)
04-09 19:19:01.424     0     0 I         : [    4.554578@2] UBIFS (ubi2:1): media format: w4/r0 (latest is w4/r0), UUID 34A475AE-5814-4337-8EB7-8868427E3B0E, small LPT model
04-09 19:19:01.424     0     0 I         : [    4.793597@3] aml_wifi wifi: [usb_power_control] Set WiFi power down
04-09 19:19:01.424     0     0 I [    4.794351@3] meson-mmc: [sdio_notify] finish
04-09 19:19:01.424     0     0 I         : [    4.798658@3] aml_wifi wifi: [wifi_power_ioctl] ioctl Set sdio wifi power down!
04-09 19:19:01.424     0     0 I         : [    4.803357@0] UBIFS (ubi0:0): background thread "ubifs_bgt0_0" stops
04-09 19:19:02.483  2585  2585 E         : found the match wifi is: sd8887
04-09 19:19:02.483  2585  2585 E         : wifi_insmod command:insmod /lib/modules/4.9.113/kernel/mrvl/mlan8887.ko 
--------- beginning of system
04-09 19:19:02.531  2604  2604 I wpa_supplicant: Successfully initialized wpa_supplicant
04-09 19:19:02.566  2604  2604 E wpa_supplicant: Could not read interface wlan0 flags: No such device
04-09 19:19:02.569  2604  2604 I wpa_supplicant: nl80211: Driver does not support authentication/association or connect commands
04-09 19:19:02.571  2604  2604 I wpa_supplicant: nl80211: deinit ifname=wlan0 disabled_11b_rates=0
04-09 19:19:02.572  2604  2604 E wpa_supplicant: Could not read interface wlan0 flags: No such device
04-09 19:19:02.574  2604  2604 E wpa_supplicant: wlan0: Failed to initialize driver interface
04-09 19:19:02.660  2585  2585 E         : wifi_insmod command:insmod /lib/modules/4.9.113/kernel/mrvl/sd8xxx.ko cal_data_cfg=mrvl/WlanCalData_ext_LS9x_291119.conf txpwrlimit_cfg=mrvl/txpwrlimit_cfg_8887.bin fw_name=mrvl/sd8887_wlan_a2_p59.bin cfg80211_wext=0xf host_mlme=1 auto_ds=2 fw_serial=1 sta_name="wlan" uap_name="p2p" ps_mode=2 max_uap_bss=2 drvdbg=0x7 reg_alpha2="00"
04-09 19:19:03.803  2585  2585 E         : Load BT driver
04-09 19:19:03.803  2585  2585 E         : found the match wifi is: (null)
04-09 19:19:03.803  2585  2585 E         : wifi_insmod command:insmod /lib/modules/4.9.113/kernel/mrvl/bt8xxx.ko fw_name=mrvl/sd8887_bt_a2_p59.bin bt_fw_serial=0
04-09 19:19:03.906  2688  2688 W sshd    : Failed loading /etc/dropbear/dropbear_rsa_host_key
04-09 19:19:03.906  2688  2688 W sshd    : Failed loading /etc/dropbear/dropbear_dss_host_key
04-09 19:19:03.906  2688  2688 W sshd    : Failed loading /etc/dropbear/dropbear_ecdsa_host_key
04-09 19:19:03.910  2688  2688 I sshd    : Not backgrounding
04-09 19:19:03.938  2696  2696 E writeSerialNo: Writing serial number to unifykey
04-09 19:19:03.960  2690  2690 I sh      : FACTEST:unifykey read success:20 20
04-09 19:19:03.961  2690  2690 I sh      : inbuf=de4f95ffa64d5e74b026  ret=20 serial.txt=de4f95ffa64d5e74b026 bytesread=20 strcmp=0
04-09 19:19:03.981  2694  2694 I ServiceManager: Waiting for service libre.EnvItems...
04-09 19:19:04.017  2697  2697 I ENV     : init 
04-09 19:19:04.018  2697  2697 I ENV     :  First boot 
04-09 19:19:04.018  2697  2697 E ENV     : fileExists:153 /lsync/env/env.db does not exist
04-09 19:19:04.024  2697  2697 D AVS_SDK :  [  1] I sdkVersion: 1.19.1
04-09 19:19:04.024  2697  2697 E ENV     :  FAILED to open:/lsync/env/tmp.db 
04-09 19:19:04.025  2697  2697 I ENV     : removeItem:79:/lsync/env/tmp.db not found
04-09 19:19:04.026  2697  2697 E ENV     : /lsync/env/env.db does not Exist.. tempStorage = 0
04-09 19:19:04.026  2697  2697 I ENV     : createUserDBFromFactoryCfg 
04-09 19:19:04.033  2697  2697 I ENV     : Using /factory/custom/factoryEnv.conf as conf file
04-09 19:19:04.033  2697  2697 I ENV     : removeItem:79:/lsync/env/env.db not found
04-09 19:19:04.033  2697  2697 E ENV     : Error removing /lsync/env/env.db
04-09 19:19:04.098  2697  2697 E ENV     : createUserDBFromFactoryCfg:307: tempStorage is undefined
04-09 19:19:04.098  2697  2697 I ENV     : Using /factory/custom/factoryEnv.conf and /lsync/env/env.db as conf and db file
04-09 19:19:04.098  2697  2697 I ENV     : init 
04-09 19:19:04.098  2697  2697 I ENV     :  First boot 
04-09 19:19:04.098  2697  2697 I ENV     : fileExists:151 /lsync/env/env.db exists
04-09 19:19:04.100  2697  2697 I ENV     : Copied /lsync/env/env.db to /lsync/env/tmp.db
04-09 19:19:04.101  2697  2697 E ENV     : /lsync/env/env.db does not Exist.. tempStorage = ab177db0
04-09 19:19:04.101  2697  2697 I ENV     : createUserDBFromFactoryCfg 
04-09 19:19:04.103  2697  2697 I ENV     : Using /factory/custom/factoryEnv.conf as conf file
04-09 19:19:04.104  2697  2697 I ENV     : removeItem:74:/lsync/env/env.db removed
04-09 19:19:04.104  2697  2697 I ENV     : Removed /lsync/env/env.db
04-09 19:19:04.117  2697  2697 E ENV     : createUserDBFromFactoryCfg:301: Failed at tempStorage->get_changed
04-09 19:19:04.510  2697  2697 I chatty  : uid=0(root) env_service identical 64 lines
04-09 19:19:04.516  2697  2697 E ENV     : createUserDBFromFactoryCfg:301: Failed at tempStorage->get_changed
04-09 19:19:04.518  2697  2697 E AVS_SDK :  [  1] E SQLiteStatement:SQLiteStatement::stepFailed::Executing the select did not generate a row or complete.:result=19
04-09 19:19:04.518  2697  2697 E AVS_SDK :  [  1] E SQLiteStatement:SQLiteStatement::finalizeFailed::Could release the prepared statement.:rcode=19
04-09 19:19:04.518  2697  2697 E ENV     : createUserDBFromFactoryCfg:286: Failed at m_miscStorage->put
04-09 19:19:04.524  2697  2697 E ENV     : createUserDBFromFactoryCfg:301: Failed at tempStorage->get_changed
04-09 19:19:04.709  2697  2697 I chatty  : uid=0(root) env_service identical 29 lines
04-09 19:19:04.715  2697  2697 E ENV     : createUserDBFromFactoryCfg:301: Failed at tempStorage->get_changed
04-09 19:19:04.716  2697  2697 I ENV     : Using /factory/custom/factoryEnv.conf and /lsync/env/env.db as conf and db file
04-09 19:19:04.716  2697  2697 I ENV     : fileExists:151 /lsync/env/env_bk.db exists
04-09 19:19:04.717  2697  2697 I ENV     : fileExists:151 /factory/custom/factoryEnv_bk.conf exists
04-09 19:19:04.717  2697  2697 I ENV     : removeItem:74:/lsync/env/tmp.db removed
04-09 19:19:06.957  2710  2710 I wpa_supplicant: Successfully initialized wpa_supplicant
04-09 19:19:06.975  2710  2710 I wpa_supplicant: rfkill: Cannot open RFKILL control device
04-09 19:19:07.011  2713  2713 I main_sourceswitch: ServiceManager: 0xab5bbf88
04-09 19:19:07.012  2712  2712 E LUCI_FACTORY: LUCIFactory::registerBuiltinFactories
04-09 19:19:07.016  2713  2713 E luci_helper: LUCIHelper: Waiting for Module Init
04-09 19:19:07.016  2713  2713 E luci_helper: LUCIHelper: Waiting for Module Init
04-09 19:19:07.019  2712  2712 E LUCI_SERVER: IP = 0
04-09 19:19:07.046  2711  2711 E luci_helper: LUCIHelper: Waiting for Module Init
04-09 19:19:07.046  2711  2711 E luci_helper: LUCIHelper: Waiting for Module Init
04-09 19:19:07.048  2711  2711 E yani_server: YaniServer FAILED TO GET LuciHelper
04-09 19:19:07.066  2690  2690 I sh      : Simple mixer control 'Master',0
04-09 19:19:07.066  2690  2690 I sh      :   Capabilities: volume pswitch pswitch-joined
04-09 19:19:07.066  2690  2690 I sh      :   Playback channels: Front Left - Front Right
04-09 19:19:07.066  2690  2690 I sh      :   Capture channels: Front Left - Front Right
04-09 19:19:07.066  2690  2690 I sh      :   Limits: 0 - 100
04-09 19:19:07.088  2690  2690 I sh      :   Front Left: 30 [30%] [-10.45dB] Playback [on]
04-09 19:19:07.088  2690  2690 I sh      :   Front Right: 30 [30%] [-10.45dB] Playback [on]
04-09 19:19:07.092  2712  2712 E luciUART: bufff write ? = 1 
04-09 19:19:07.094  2712  2712 E luciUART: tcsetattr succeed
04-09 19:19:07.094  2712  2721 E LUCI_SERVER: Luci Server Thread waiting for packets....
04-09 19:19:07.104  2710  2710 I wpa_supplicant: MPM: Debug Dialog Token initialized 155944032 (0x94b8460)
04-09 19:19:07.113  2710  2710 I wpa_supplicant: wlan0: CTRL-EVENT-REGDOM-CHANGE init=USER type=COUNTRY alpha2=US
04-09 19:19:07.172  2709  2709 I         : [0409/064907.171780:INFO:cast_auth_check.cc(163)] Cast auth test is successful.
04-09 19:19:07.517  2711  2723 E yani_kernel: Interface status 0
04-09 19:19:07.524  2711  2723 I yani_kernel: set_device_name() Interface 'wlan0' MAC Address 'cc:90:93:21:f3:84' FriendlyName 'Lyric Speaker Box 21f384' status '0'
04-09 19:19:07.525  2711  2723 I yani_server: First boot after Factory reset! Friendly Name modified Lyric Speaker Box  -> Lyric Speaker Box 21f384
04-09 19:19:07.531  2712  2712 I lucitransport: writeRemoteMessage() MID = 90 buffer = Lyric Speaker Box 21f384
04-09 19:19:07.531  2712  2712 I luciUART: write() MID = 90  bytes = 34 data = Lyric Speaker Box 21f384 m_fd = 0x5
04-09 19:19:07.531  2712  2712 I lucitransport: writeLocalMessage() MID = 90 buffer = Lyric Speaker Box 21f384
04-09 19:19:07.531  2712  2721 E LUCI_SERVER: Luci Server Thread wait over MID 90....
04-09 19:19:07.533  2711  2723 E yani_server: Device Supports CastSetup 1
04-09 19:19:07.533  2711  2723 I yani_kernel: yani_init_net() Success Netlink socket fd 6
04-09 19:19:07.536  2711  2723 E WifiHW  : wifi_start_supplicant
04-09 19:19:07.536  2711  2723 E WifiHW  : wifi_start_ctl.start : wpa_supplicant
04-09 19:19:07.561  2712  2721 E LUCI_SERVER: Luci Server Thread waiting for packets....
04-09 19:19:07.738  2711  2723 E WifiHW  : wifi_connect_to_supplicant : wlan0
04-09 19:19:07.738  2711  2723 E WifiHW  : wifi_connect_on_socket_path1 : wlan0
04-09 19:19:07.741  2711  2723 E yani_wifi: enable_disable_net_if() Failed SIOCGIFFLAGS for interface 'wlan1' enable '0'
04-09 19:19:07.746  2711  2723 I yani_wifi: configure_wifi() SSID '' security '' passphrase '********' Country 'US'
04-09 19:19:08.961  2690  2690 I sh      : LSDeviceService: not found
04-09 19:19:09.048  2731  2731 I NetMgr  : Net_Mgr starting
04-09 19:19:09.058  2728  2728 E         :  Start MessageBox Handler 
04-09 19:19:09.063  2729  2729 E UIModeManager: UIModeManager Constructor ++
04-09 19:19:09.066  2731  2731 I HotspotManager: Default WiFi Interface : wlan0
04-09 19:19:09.075  2729  2729 I AirableUIHelper: AirableUIHelper Contructor 
04-09 19:19:09.077  2729  2729 E AirableUIHelper:  Airable ENV_AirableBaseURL_ID Envitem returned failed!!!
04-09 19:19:09.079  2729  2729 E AirableUIHelper:  Airable ENV_AirableSecret_ID Envitem returned failed!!!
04-09 19:19:09.079  2729  2729 E AirableUIHelper: Airable Secret =  
04-09 19:19:09.081  2731  2731 I NetworkMonitor: WiFi Interface : wlan0
04-09 19:19:09.081  2731  2731 I NetworkMonitor: Default WiFi Interface : wlan0
04-09 19:19:09.086  2728  2741 E MB_HANDLER: HOST present 1
04-09 19:19:09.088  2728  2741 E MB_HANDLER:  REGISTERED YANI LISTENER IN MessageBoxHandler
04-09 19:19:09.090  2728  2741 E         : External Host present 1
04-09 19:19:09.091  2728  2741 E MB_HANDLER: REGISTERED ExternalSource IN MessageBoxHandler
04-09 19:19:09.091  2731  2743 I NetworkMonitor: Start monitor thread
04-09 19:19:09.094  2729  2729 I UIModeManager: RegisterModeControl Mode - PlayMode ModeControl - 0xabd71c30
04-09 19:19:09.095  2728  2741 E MB_HANDLER: Check Device Support ENV_CastSetup true ENV_GoogleCast_ID true 
04-09 19:19:09.096  2712  2712 I lucitransport: readRemoteMessage() MID char = 43689 buffer = 1
04-09 19:19:09.096  2712  2712 I lucitransport: writeRemoteMessage() MID = 43690 buffer = ªªªªª
04-09 19:19:09.096  2712  2712 I luciUART: write() MID = 43690  bytes = 15 data = ªªªªª m_fd = 0x5
04-09 19:19:09.096  2728  2741 E MB_HANDLER: LUCI UART READY MSG!!
04-09 19:19:09.096  2728  2741 E MB_HANDLER: Set Default Network Status on Bootup 0#1,0#2,0#3,0#4,0!
04-09 19:19:09.096  2712  2712 I lucitransport: writeRemoteMessage() MID = 124 buffer = 0#1,0#2,0#3,0#4,0
04-09 19:19:09.096  2712  2712 I luciUART: write() MID = 124  bytes = 27 data = 0#1,0#2,0#3,0#4,0 m_fd = 0x5
04-09 19:19:09.097  2712  2712 I lucitransport: readRemoteMessage() MID char = 43689 buffer = 1
04-09 19:19:09.097  2712  2712 I lucitransport: readRemoteMessage() MID char = 38 buffer = (null)
04-09 19:19:09.097  2712  2712 I lucitransport: readRemoteMessage() MID char = 35 buffer = 0
04-09 19:19:09.097  2712  2712 I lucitransport: writeRemoteMessage() MID = 35 buffer = 1
04-09 19:19:09.099  2729  2729 I ServiceManager: Waiting for service media.player...
04-09 19:19:09.099  2728  2741 E MB_HANDLER: boot_after_factory : 1
04-09 19:19:09.102  2728  2741 I MB_HANDLER: Env Details: LS-Host '1' Cast-Setup 'true'
04-09 19:19:09.102  2728  2741 E MB_HANDLER: Message Handler Thread waiting for messages....
04-09 19:19:09.104  2731  2743 E WifiUtil: command: "SCAN" failed: FAIL-BUSY
04-09 19:19:09.105  2712  2720 E luciUART: UART:aa
04-09 19:19:09.105  2712  2720 E luciUART: UART:aa
04-09 19:19:09.105  2712  2720 E luciUART: UART:2
04-09 19:19:09.105  2712  2720 E luciUART: UART:0
04-09 19:19:09.105  2712  2720 E luciUART: UART:9
04-09 19:19:09.105  2712  2720 E luciUART: UART:0
04-09 19:19:09.105  2712  2720 I chatty  : uid=0(root) UARTLUCIControl identical 2 lines
04-09 19:19:09.105  2712  2720 E luciUART: UART:0
04-09 19:19:09.105  2712  2720 E luciUART: UART:1
04-09 19:19:09.105  2712  2720 I luciUART: read() RemoteID = 43690 Command = 9 Type = 2 Status = 0 DataLen = 1
04-09 19:19:09.105  2712  2720 E luciUART: Error: full data not available yet! readBytes 0
04-09 19:19:09.105  2712  2720 I luciUART: Previous Packet read contd., 
04-09 19:19:09.105  2712  2720 E luciUART: UART:31
04-09 19:19:09.106  2712  2721 E LUCI_SERVER: Luci Server Thread wait over MID 9....
04-09 19:19:09.106  2712  2721 I luciUART: write() MID = 9  bytes = 10 data =  m_fd = 0x5
04-09 19:19:09.106  2712  2721 E LUCI_SERVER: Luci Server Thread waiting for packets....
04-09 19:19:09.106  2712  2720 E luciUART: UART:aa
04-09 19:19:09.106  2712  2720 E luciUART: UART:aa
04-09 19:19:09.106  2712  2720 E luciUART: UART:1
04-09 19:19:09.106  2712  2720 E luciUART: UART:0
04-09 19:19:09.110  2712  2720 E luciUART: UART:7c
04-09 19:19:09.110  2712  2720 E luciUART: UART:0
04-09 19:19:09.110  2712  2720 I chatty  : uid=0(root) UARTLUCIControl identical 3 lines
04-09 19:19:09.110  2712  2720 E luciUART: UART:0
04-09 19:19:09.110  2712  2720 I luciUART: read() RemoteID = 43690 Command = 124 Type = 1 Status = 0 DataLen = 0
04-09 19:19:09.110  2712  2720 E luciUART: UART:aa
04-09 19:19:09.110  2712  2721 E LUCI_SERVER: Luci Server Thread wait over MID 124....
04-09 19:19:09.110  2712  2720 E luciUART: UART:aa
04-09 19:19:09.110  2712  2720 E luciUART: UART:2
04-09 19:19:09.113  2712  2721 I luciUART: write() MID = 208  bytes = 21 data = MCUVersion: m_fd = 0x5
04-09 19:19:09.113  2712  2720 E luciUART: UART:0
04-09 19:19:09.113  2712  2721 E LUCI_SERVER: NV_READ response= MCUVersion:
04-09 19:19:09.113  2712  2720 I luciUART: read() RemoteID = 43690 Command = 91 Type = 2 Status = 0 DataLen = 0
04-09 19:19:09.113  2712  2721 E LUCI_SERVER: Luci Server Thread waiting for packets....
04-09 19:19:09.113  2712  2720 E luciUART: UART:aa
04-09 19:19:09.113  2712  2721 E LUCI_SERVER: Luci Server Thread wait over MID 91....
04-09 19:19:09.113  2712  2720 E luciUART: UART:aa
04-09 19:19:09.113  2712  2720 E luciUART: UART:2
04-09 19:19:09.115  2712  2720 E luciUART: UART:0
04-09 19:19:09.115  2712  2720 E luciUART: UART:d0
04-09 19:19:09.115  2712  2720 E luciUART: UART:0
04-09 19:19:09.115  2712  2720 E luciUART: UART:9
04-09 19:19:09.115  2712  2720 I luciUART: read() RemoteID = 43690 Command = 208 Type = 2 Status = 0 DataLen = 9
04-09 19:19:09.115  2712  2720 E luciUART: UART:52
04-09 19:19:09.115  2712  2720 E luciUART: UART:45
04-09 19:19:09.115  2712  2720 E luciUART: UART:41
04-09 19:19:09.116  2712  2720 E luciUART: UART:69
04-09 19:19:09.116  2728  2741 E MB_HANDLER: ENV READ FAILED
04-09 19:19:09.116  2712  2720 I luciUART: Previous Packet read contd., 
04-09 19:19:09.116  2712  2720 E luciUART: UART:64
04-09 19:19:09.119  2712  2721 I luciUART: write() MID = 208  bytes = 20 data = Country:US m_fd = 0x5
04-09 19:19:09.119  2712  2721 E LUCI_SERVER: NV_READ response= Country:US
04-09 19:19:09.119  2712  2721 E LUCI_SERVER: Luci Server Thread wait over MID 5....
04-09 19:19:09.119  2712  2721 I luciUART: write() MID = 5  bytes = 22 data = eng.C4A.1203 m_fd = 0x5
04-09 19:19:09.119  2712  2721 E LUCI_SERVER: Luci Server Thread wait over MID 151....
04-09 19:19:09.120  2712  2721 E WLANP2PIF: ioctl failed
04-09 19:19:09.120  2712  2721 E LUCI_SERVER: ** RSSI  = 255
04-09 19:19:09.120  2712  2721 I luciUART: write() MID = 151  bytes = 10 data =  m_fd = 0x5
04-09 19:19:09.120  2712  2721 E LUCI_SERVER: Luci Server Thread wait over MID 208....
04-09 19:19:09.120  2712  2721 E LUCI_SERVER: Got NV name : ssid
04-09 19:19:09.121  2735  2735 E dhcpcd  : eth0: interface not found or invalid
04-09 19:19:09.122  2728  2741 E MB_HANDLER: MacAddress :CC:90:93:21:F3:84
04-09 19:19:09.122  2712  2712 I lucitransport: writeRemoteMessage() MID = 91 buffer = CC:90:93:21:F3:84
04-09 19:19:09.122  2712  2712 I luciUART: write() MID = 91  bytes = 27 data = CC:90:93:21:F3:84 m_fd = 0x5
04-09 19:19:09.124  2728  2741 E MB_HANDLER: Message Handler Thread waiting for messages....
04-09 19:19:09.124  2712  2721 I luciUART: write() MID = 208  bytes = 15 data = ssid: m_fd = 0x5
04-09 19:19:09.129  2735  2735 D dhcpcd  : wlan0: adding address fe80::ce90:93ff:fe21:f384
04-09 19:19:09.133  2712  2720 E luciUART: UART:aa
04-09 19:19:09.133  2712  2720 E luciUART: UART:aa
04-09 19:19:09.133  2712  2720 E luciUART: UART:2
04-09 19:19:09.133  2712  2720 E luciUART: UART:0
04-09 19:19:09.133  2712  2720 E luciUART: UART:d0
04-09 19:19:09.133  2712  2720 E luciUART: UART:0
04-09 19:19:09.133  2712  2720 I chatty  : uid=0(root) UARTLUCIControl identical 2 lines
04-09 19:19:09.133  2712  2720 E luciUART: UART:0
04-09 19:19:09.133  2712  2720 E luciUART: UART:9
04-09 19:19:09.134  2712  2720 I luciUART: read() RemoteID = 43690 Command = 208 Type = 2 Status = 0 DataLen = 9
04-09 19:19:09.134  2712  2720 E luciUART: Error: full data not available yet! readBytes 0
04-09 19:19:09.134  2712  2720 I luciUART: Previous Packet read contd., 
04-09 19:19:09.134  2712  2720 E luciUART: UART:52
04-09 19:19:09.134  2712  2720 I luciUART: Previous Packet read contd., 
04-09 19:19:09.134  2712  2720 E luciUART: UART:45
04-09 19:19:09.134  2712  2720 I luciUART: Previous Packet read contd., 
04-09 19:19:09.135  2712  2720 E luciUART: UART:aa
04-09 19:19:09.135  2712  2720 E luciUART: UART:aa
04-09 19:19:09.135  2712  2720 E luciUART: UART:2
04-09 19:19:09.135  2712  2720 E luciUART: UART:0
04-09 19:19:09.135  2712  2720 E luciUART: UART:6
04-09 19:19:09.135  2712  2720 E luciUART: UART:0
04-09 19:19:09.135  2712  2720 I chatty  : uid=0(root) UARTLUCIControl identical 2 lines
04-09 19:19:09.135  2712  2720 E luciUART: UART:0
04-09 19:19:09.135  2712  2720 E luciUART: UART:4
04-09 19:19:09.135  2712  2720 I luciUART: read() RemoteID = 43690 Command = 6 Type = 2 Status = 0 DataLen = 4
04-09 19:19:09.135  2712  2720 E luciUART: Error: full data not available yet! readBytes 0
04-09 19:19:09.135  2712  2720 I luciUART: Previous Packet read contd., 
04-09 19:19:09.135  2712  2720 E luciUART: UART:31
04-09 19:19:09.135  2712  2720 I luciUART: Previous Packet read contd., 
04-09 19:19:09.136  2712  2720 E luciUART: UART:30
04-09 19:19:09.136  2712  2720 I luciUART: Previous Packet read contd., 
04-09 19:19:09.136  2712  2720 E luciUART: UART:30
04-09 19:19:09.136  2712  2720 I luciUART: Previous Packet read contd., 
04-09 19:19:09.136  2712  2720 E luciUART: UART:31
04-09 19:19:09.136  2712  2720 E luciUART: UART:aa
04-09 19:19:09.136  2712  2720 E luciUART: UART:aa
04-09 19:19:09.136  2712  2720 E luciUART: UART:2
04-09 19:19:09.136  2712  2721 I luciUART: write() MID = 208  bytes = 15 data = ssid: m_fd = 0x5
04-09 19:19:09.136  2712  2721 E LUCI_SERVER: NV_READ response= ssid:
04-09 19:19:09.136  2712  2721 E LUCI_SERVER: Luci Server Thread wait over MID 6....
04-09 19:19:09.136  2712  2720 E luciUART: UART:0
04-09 19:19:09.136  2712  2720 E luciUART: UART:d0
04-09 19:19:09.136  2712  2720 E luciUART: UART:0
04-09 19:19:09.136  2712  2720 I chatty  : uid=0(root) UARTLUCIControl identical 1 line
04-09 19:19:09.136  2712  2720 E luciUART: UART:0
04-09 19:19:09.136  2728  2740 E MB_HANDLER: Messagebox_handler::MessageBoxAlert id = 6
04-09 19:19:09.136  2712  2721 I luciUART: write() MID = 6  bytes = 10 data =  m_fd = 0x5
04-09 19:19:09.136  2712  2721 E LUCI_SERVER: Luci Server Thread waiting for packets....
04-09 19:19:09.136  2728  2741 E MB_HANDLER: Message Handler Thread wait over MID[6]....
04-09 19:19:09.137  2712  2712 I lucitransport: readRemoteMessage() MID char = 6 buffer = 1001
04-09 19:19:09.137  2712  2720 E luciUART: UART:0
04-09 19:19:09.137  2712  2720 E luciUART: UART:13
04-09 19:19:09.137  2712  2720 I luciUART: read() RemoteID = 43690 Command = 208 Type = 2 Status = 0 DataLen = 19
04-09 19:19:09.137  2712  2720 E luciUART: Error: full data not available yet! readBytes 0
04-09 19:19:09.137  2712  2720 I luciUART: Previous Packet read contd., 
04-09 19:19:09.137  2712  2720 E luciUART: UART:52
04-09 19:19:09.137  2712  2720 I luciUART: Previous Packet read contd., 
04-09 19:19:09.138  2712  2720 E luciUART: UART:77
04-09 19:19:09.138  2712  2720 I luciUART: Previous Packet read contd., 
04-09 19:19:09.138  2712  2720 E luciUART: UART:64
04-09 19:19:09.138  2712  2720 I luciUART: Previous Packet read contd., 
04-09 19:19:09.138  2712  2720 E luciUART: UART:6f
04-09 19:19:09.138  2712  2720 I luciUART: Previous Packet read contd., 
04-09 19:19:09.138  2712  2720 E luciUART: UART:77
04-09 19:19:09.138  2712  2720 I luciUART: Previous Packet read contd., 
04-09 19:19:09.138  2712  2720 E luciUART: UART:6e
04-09 19:19:09.138  2712  2720 I luciUART: Previous Packet read contd., 
04-09 19:19:09.138  2712  2720 E luciUART: UART:6c
04-09 19:19:09.138  2712  2720 I luciUART: Previous Packet read contd., 
04-09 19:19:09.138  2712  2720 E luciUART: UART:6f
04-09 19:19:09.138  2712  2720 I luciUART: Previous Packet read contd., 
04-09 19:19:09.138  2712  2720 E luciUART: UART:61
04-09 19:19:09.138  2712  2720 I luciUART: Previous Packet read contd., 
04-09 19:19:09.138  2712  2720 E luciUART: UART:64
04-09 19:19:09.138  2712  2720 I luciUART: Previous Packet read contd., 
04-09 19:19:09.138  2712  2720 E luciUART: UART:5f
04-09 19:19:09.138  2712  2720 I luciUART: Previous Packet read contd., 
04-09 19:19:09.138  2712  2720 E luciUART: UART:78
04-09 19:19:09.138  2712  2720 I luciUART: Previous Packet read contd., 
04-09 19:19:09.138  2712  2720 E luciUART: UART:6d
04-09 19:19:09.138  2712  2720 I luciUART: Previous Packet read contd., 
04-09 19:19:09.138  2712  2720 E luciUART: UART:6c
04-09 19:19:09.138  2712  2721 E LUCI_SERVER: Luci Server Thread wait over MID 208....
04-09 19:19:09.138  2712  2721 E LUCI_SERVER: Got NV name : fwdownload_xml
04-09 19:19:09.140  2712  2721 I luciUART: write() MID = 208  bytes = 67 data = fwdownload_xml:https://openotaengine.libreiotcloud.com/v1 m_fd = 0x5
04-09 19:19:09.140  2712  2721 E LUCI_SERVER: NV_READ response= fwdownload_xml:https://openotaengine.libreiotcloud.com/v1
04-09 19:19:09.140  2712  2721 E LUCI_SERVER: Luci Server Thread waiting for packets....
04-09 19:19:09.145  2728  2741 E MB_HANDLER: Message Handler Thread waiting for messages....
04-09 19:19:09.153  2733  2733 I bt_btif : init
04-09 19:19:09.155  2733  2733 D bt_osi_allocation_tracker: canary initialized
04-09 19:19:09.158  2733  2755 I bt_osi_thread: run_thread: thread id 2755, thread name stack_manager started
04-09 19:19:09.158  2733  2755 I bt_stack_manager: event_init_stack is initializing the stack
04-09 19:19:09.164  2733  2755 E bt_osi_config: config_new unable to open file '/data/misc/bluedroid/bt_config.conf': No such file or directory
04-09 19:19:09.164  2733  2755 W bt_btif_config: init unable to load config file: /data/misc/bluedroid/bt_config.conf; using backup.
04-09 19:19:09.164  2733  2755 E bt_osi_config: config_new unable to open file '/data/misc/bluedroid/bt_config.bak': No such file or directory
04-09 19:19:09.164  2733  2755 W bt_btif_config: init unable to load backup; attempting to transcode legacy file.
04-09 19:19:09.167  2733  2755 E bt_btif_config_transcode: btif_config_transcode unable to load XML file '/data/misc/bluedroid/bt_config.xml': 3
04-09 19:19:09.167  2733  2755 E bt_btif_config: init unable to transcode legacy file; creating empty config.
04-09 19:19:09.168  2733  2759 I bt_osi_thread: run_thread: thread id 2759, thread name alarm_default_ca started
04-09 19:19:09.169  2733  2760 I bt_osi_thread: run_thread: thread id 2760, thread name alarm_dispatcher started
04-09 19:19:09.171  2733  2755 I bt_btif_core: btif_init_bluetooth entered
04-09 19:19:09.174  2733  2755 I bt_stack_config: init attempt to load stack conf from /etc/bluetooth/bt_stack.conf
04-09 19:19:09.184  2733  2762 I bt_osi_thread: run_thread: thread id 2762, thread name bt_jni_workqueue started
04-09 19:19:09.184  2733  2755 I bt_btif_core: btif_init_bluetooth finished
04-09 19:19:09.184  2733  2755 I bt_stack_manager: event_init_stack finished
04-09 19:19:09.186  2733  2733 I bt_osi_wakelock: wakelock_set_os_callouts set to non-native
04-09 19:19:09.190  2733  2762 I bt_btif_core: run_message_loop entered
04-09 19:19:09.190  2733  2733 I bt_btif : get_profile_interface: id = gatt
04-09 19:19:09.194  2733  2733 I bt_btif : get_profile_interface: id = a2dp
04-09 19:19:09.194  2733  2733 I bt_btif : get_profile_interface: id = a2dp_sink
04-09 19:19:09.203  2731  2744 E CommandListener: Message not handled: unrecognized interface usb0
04-09 19:19:09.203  2731  2744 W FrameworkListener: Handler 'Iface' error (Success)
04-09 19:19:09.203  2731  2744 E CommandListener: Message not handled: unrecognized interface usb0
04-09 19:19:09.203  2731  2744 W FrameworkListener: Handler 'Iface' error (Success)
04-09 19:19:09.212  2733  2773 I bt_osi_thread: run_thread: thread id 2773, thread name btif_a2dp_sink_w started
04-09 19:19:09.218  2733  2733 D a2dp_codec: init
04-09 19:19:09.220  2731  2744 E CommandListener: Message not handled: unrecognized interface usb0
04-09 19:19:09.220  2731  2744 W FrameworkListener: Handler 'Iface' error (Success)
04-09 19:19:09.220  2731  2744 E CommandListener: Message not handled: unrecognized interface usb0
04-09 19:19:09.220  2731  2744 W FrameworkListener: Handler 'Iface' error (Success)
04-09 19:19:09.220  2731  2744 E CommandListener: Message not handled: unrecognized interface usb0
04-09 19:19:09.220  2731  2744 W FrameworkListener: Handler 'Iface' error (Success)
04-09 19:19:09.221  2733  2733 D a2dp_codec: createCodec: codec SBC
04-09 19:19:09.225  2733  2733 D a2dp_codec: createCodec: codec AAC
04-09 19:19:09.227  2731  2744 E CommandListener: Message not handled: unrecognized interface usb0
04-09 19:19:09.227  2731  2744 W FrameworkListener: Handler 'Iface' error (Success)
04-09 19:19:09.228  2733  2733 D a2dp_codec: createCodec: codec aptX
04-09 19:19:09.229  2733  2733 E a2dp_vendor_aptx_encoder: A2DP_VendorLoadEncoderAptx: cannot open aptX encoder library libaptX_encoder.so: libaptX_encoder.so: cannot open shared object file: No such file or directory
04-09 19:19:09.229  2733  2733 E a2dp_vendor_aptx: init: cannot load the encoder
04-09 19:19:09.229  2733  2733 D a2dp_codec: createCodec: codec aptX-HD
04-09 19:19:09.229  2733  2733 E a2dp_vendor_aptx_hd_encoder: A2DP_VendorLoadEncoderAptxHd: cannot open aptX-HD encoder library libaptXHD_encoder.so: libaptXHD_encoder.so: cannot open shared object file: No such file or directory
04-09 19:19:09.229  2733  2733 E a2dp_vendor_aptx_hd: init: cannot load the encoder
04-09 19:19:09.230  2733  2733 D a2dp_codec: createCodec: codec LDAC
04-09 19:19:09.231  2733  2733 E a2dp_vendor_ldac_encoder: A2DP_VendorLoadEncoderLdac: cannot open LDAC encoder library libldacBT_enc.so: libldacBT_enc.so: cannot open shared object file: No such file or directory
04-09 19:19:09.231  2733  2733 E a2dp_vendor_ldac: init: cannot load the encoder
04-09 19:19:09.231  2733  2733 D a2dp_codec: createCodec: codec SBC SINK
04-09 19:19:09.231  2733  2733 D a2dp_codec: createCodec: codec AAC SINK
04-09 19:19:09.231  2733  2733 I a2dp_codec: init: initialized Source codec AAC
04-09 19:19:09.232  2733  2733 I bt_btif : get_profile_interface: id = avrcp
04-09 19:19:09.232  2733  2762 E bt_btif : btif_sm_dispatch : Invalid handle
04-09 19:19:09.233  2733  2733 I bt_btif : get_profile_interface: id = avrcp_ctrl
04-09 19:19:09.233  2733  2733 I bt_btif : get_profile_interface: id = hidhost
04-09 19:19:09.254  2733  2733 I bluetoothtbd: [0409/064909.254241:INFO:daemon.cc(168)] Daemon initialized
04-09 19:19:09.254  2733  2733 I bt_btif : enable: start restricted = 0
04-09 19:19:09.255  2733  2755 I bt_stack_manager: event_start_up_stack is bringing up the stack
04-09 19:19:09.255  2733  2755 I bt_core_module: module_start_up Starting module "btif_config_module"
04-09 19:19:09.255  2733  2755 I bt_core_module: module_start_up Started module "btif_config_module"
04-09 19:19:09.255  2733  2755 I bt_core_module: module_start_up Starting module "btsnoop_module"
04-09 19:19:09.255  2733  2755 I bt_core_module: module_start_up Started module "btsnoop_module"
04-09 19:19:09.256  2733  2755 I bt_core_module: module_start_up Starting module "hci_module"
04-09 19:19:09.256  2733  2755 I bt_hci  : hci_module_start_up
04-09 19:19:09.259  2733  2782 I bt_osi_thread: run_thread: thread id 2782, thread name hci_thread started
04-09 19:19:09.260  2733  2755 D bt_hci  : hci_module_start_up starting async portion
04-09 19:19:09.261  2733  2782 I bluetoothtbd: [0409/064909.261744:INFO:hci_layer_linux.cc(172)] hci_initialize
04-09 19:19:09.261  2733  2782 I bluetoothtbd: [0409/064909.261930:INFO:hci_layer_linux.cc(184)] Using interface hci0
04-09 19:19:09.261  2733  2782 I bluetoothtbd: [0409/064909.261977:INFO:hci_layer_linux.cc(378)] rfkill
04-09 19:19:09.282  2785  2785 I dnsmasq : started, version 2.51 cachesize 150
04-09 19:19:09.282  2785  2785 I dnsmasq : compile time options: no-IPv6 GNU-getopt no-DBus no-I18N DHCP no-scripts no-TFTP
04-09 19:19:09.282  2785  2785 I dnsmasq : DHCP, IP range 192.168.10.3 -- 192.168.10.10, lease time 12h
04-09 19:19:09.282  2785  2785 I dnsmasq : reading /etc/resolv.conf
04-09 19:19:09.282  2785  2785 I dnsmasq : using nameserver 8.8.8.8#53
04-09 19:19:09.282  2785  2785 I dnsmasq : read /etc/hosts - 1 addresses
04-09 19:19:09.292  2735  2735 D dhcpcd  : no interfaces have a carrier
04-09 19:19:09.293  2735  2735 D dhcpcd  : wlan0: waiting for carrier
04-09 19:19:09.647  2731  2744 E CommandListener: Message not handled: unrecognized interface usb0
04-09 19:19:09.647  2731  2744 W FrameworkListener: Handler 'Iface' error (Success)
04-09 19:19:09.674  2733  2782 I bluetoothtbd: [0409/064909.674320:INFO:hci_layer_linux.cc(295)] wait_hcidev
04-09 19:19:09.674  2733  2782 I bluetoothtbd: [0409/064909.674572:INFO:hci_layer_linux.cc(332)] Do poll() with timeout of 3000ms
04-09 19:19:09.676  2733  2782 I bluetoothtbd: [0409/064909.676115:INFO:hci_layer_linux.cc(228)] HCI device ready
04-09 19:19:09.676  2733  2782 I bt_hci  : event_finish_startup
04-09 19:19:09.676  2733  2755 I bt_core_module: module_start_up Started module "hci_module"
04-09 19:19:09.678  2733  2811 I bt_osi_thread: run_thread: thread id 2811, thread name bt_workqueue started
04-09 19:19:09.678  2733  2811 I bluetoothtbd: [0409/064909.678392:INFO:btu_task.cc(107)] Bluetooth chip preload is complete
04-09 19:19:09.684  2733  2811 I         : No vendor HCI socket available. Won't create SocketWriter.
04-09 19:19:09.693  2733  2811 I bluetoothtbd: [0409/064909.693005:INFO:gatt_api.cc(1005)] GATT_Register
04-09 19:19:09.694  2733  2811 I bluetoothtbd: [0409/064909.694740:INFO:gatt_api.cc(1028)] allocated gatt_if=1
04-09 19:19:09.696  2733  2811 I bluetoothtbd: [0409/064909.696310:INFO:gatt_api.cc(207)] GATTS_AddService
04-09 19:19:09.697  2733  2811 I bluetoothtbd: [0409/064909.697356:INFO:gatt_api.cc(317)] GATTS_AddService: service parsed correctly, now starting
04-09 19:19:09.698  2733  2811 E bluetoothtbd: [0409/064909.698259:ERROR:gatt_attr.cc(302)] gatt_profile_db_init:  gatt_if=1
04-09 19:19:09.705  2733  2811 I bluetoothtbd: [0409/064909.705294:INFO:gatt_api.cc(1005)] GATT_Register
04-09 19:19:09.705  2733  2811 I bluetoothtbd: [0409/064909.705431:INFO:gatt_api.cc(1028)] allocated gatt_if=2
04-09 19:19:09.705  2733  2811 I bluetoothtbd: [0409/064909.705479:INFO:gatt_api.cc(207)] GATTS_AddService
04-09 19:19:09.705  2733  2811 I bluetoothtbd: [0409/064909.705531:INFO:gatt_api.cc(317)] GATTS_AddService: service parsed correctly, now starting
04-09 19:19:09.709  2733  2812 I bt_osi_thread: run_thread: thread id 2812, thread name btu message loop started
04-09 19:19:09.738  2733  2813 I bt_osi_thread: run_thread: thread id 2813, thread name module_wrapper started
04-09 19:19:09.738  2733  2813 I bt_core_module: module_start_up Starting module "controller_module"
04-09 19:19:09.749  2711  2723 I yani_server: ifindexeth0 0 ifindexwlan0 5 ifindexp2p0 6 ifindexwlan1 0
04-09 19:19:09.749  2711  2723 I yani_server: NetLink Event '-1' Interface-Index '5' WLAN '0' Ethernet '-1' Parsed-iFill '-1' -> 'INVALID' ifIndex '1' -> 'lo'
04-09 19:19:09.749  2711  2723 I yani_kernel: yani_geteventfrom_changeaddr() Message-Id '1' Netlink event '16' Interface Index '5' -> Name 'wlan0' 
04-09 19:19:09.751  2711  2723 I yani_kernel: yani_geteventfrom_changeaddr() Message-Id '1' Netlink event '16' Interface Index '9' -> Name 'usb0' 
04-09 19:19:09.752  2711  2723 I yani_kernel: yani_geteventfrom_changeaddr() Message-Id '1' Netlink event '16' Interface Index '9' -> Name 'usb0' 
04-09 19:19:09.753  2711  2723 I yani_kernel: yani_geteventfrom_changeaddr() Message-Id '1' Netlink event '20' Interface Index '9' -> Name 'usb0' 
04-09 19:19:09.754  2711  2723 I yani_kernel: yani_geteventfrom_changeaddr() Message-Id '1' Netlink event '16' Interface Index '9' -> Name 'usb0' 
04-09 19:19:09.755  2711  2723 I yani_kernel: yani_geteventfrom_changeaddr() Message-Id '1' Netlink event '21' Interface Index '9' -> Name 'usb0' 
04-09 19:19:09.756  2711  2723 I yani_kernel: yani_geteventfrom_changeaddr() Message-Id '1' Netlink event '20' Interface Index '9' -> Name 'usb0' 
04-09 19:19:09.757  2711  2723 I yani_kernel: yani_geteventfrom_changeaddr() Message-Id '1' Netlink event '16' Interface Index '9' -> Name 'usb0' 
04-09 19:19:09.915  2733  2813 I bt_core_module: module_start_up Started module "controller_module"
04-09 19:19:09.915  2733  2813 W bt_osi_thread: run_thread: thread id 2813, thread name module_wrapper exited
04-09 19:19:09.919  2733  2811 W bt_btm  : btm_decode_ext_features_page: feature page 1 ignored
04-09 19:19:09.919  2733  2811 W bt_btm  : btm_decode_ext_features_page: feature page 2 ignored
04-09 19:19:09.919  2733  2812 I bt_btm_sec: BTM_SecRegister p_cb_info->p_le_callback == 0x0xf68e4b99
04-09 19:19:09.921  2733  2812 I bt_btm_sec: BTM_SecRegister btm_cb.api.p_le_callback = 0x0xf68e4b99 
04-09 19:19:09.922  2733  2812 I bluetoothtbd: [0409/064909.922882:INFO:ble_advertiser_hci_interface.cc(736)] Legacy advertising will be in use
04-09 19:19:09.925  2733  2812 I bluetoothtbd: [0409/064909.925266:INFO:gatt_api.cc(1005)] GATT_Register
04-09 19:19:09.925  2733  2812 I bluetoothtbd: [0409/064909.925395:INFO:gatt_api.cc(1028)] allocated gatt_if=3
04-09 19:19:09.948  2733  2812 I bt_bta_av: AVRCP version used for sdp: "avrcp14"
04-09 19:19:09.951  2733  2762 E bt_btif_storage: btif_storage_get_adapter_property: Controller ready!
04-09 19:19:09.951  2733  2762 I bt_btif_storage: btif_storage_get_adapter_property service_mask:0x40000
04-09 19:19:09.952  2733  2762 I bluetoothtbd: [0409/064909.952476:INFO:adapter.cc(551)] Adapter properties changed
