04-09 19:19:22.727  2733  2762 I bluetoothtbd: [0409/064922.727281:INFO:adapter.cc(551)] Adapter properties changed
04-09 19:19:22.727  2733  2762 I bluetoothtbd: [0409/064922.727454:INFO:adapter.cc(573)] Adapter name changed
04-09 19:19:22.728  3080  3080 I cast_shell: [3083:3123:INFO:bluetooth_manager.cc(1232)] [PII] Set device name to 'LSB9234'
04-09 19:19:22.728  2733  2762 I bluetoothtbd: [0409/064922.728907:INFO:adapter.cc(551)] Adapter properties changed
04-09 19:19:22.729  2961  2972 D wac-main: Netlink event
04-09 19:19:22.729  2731  2744 I HotspotManager: start dnsmasq
04-09 19:19:22.729  2961  2972 E wac-main: Netlink event 20 Interface Index 6 
04-09 19:19:22.729  2961  2972 E wac-main: Enter poll and wait
04-09 19:19:22.735  3080  3080 I cast_shell: [3083:3123:INFO:bluetooth_manager.cc(115)] Record action: Cast.Bluetooth.DiscoveryMode.Disable
04-09 19:19:22.735  3080  3080 I cast_shell: [3083:3123:INFO:ble_setup.cc(1096)] LAT flag change 0
04-09 19:19:22.740  3080  3080 I cast_shell: [3083:3123:INFO:ble_setup.cc(1106)] Cleared generated LAT.
04-09 19:19:22.740  3080  3080 I cast_shell: [3083:3123:WARNING:setup_manager_impl.cc(1136)] NAT not supported, no captive portal support.
04-09 19:19:22.743  3080  3080 I cast_shell: [3083:3123:INFO:setup_namespace_handler.cc(94)] Added a peer for setup namespace: domain-socket@/tmp/cast-control.1:system-0
04-09 19:19:22.745  3080  3080 I cast_shell: [3083:3135:INFO:multizone_group.cc(357)] Change name for group [PII](DAE941F7E62E89FC6A9E35CD4E2EDDD1) to [PII](Lyric Speaker Box 21f384)
04-09 19:19:22.745  3080  3080 I cast_shell: [3083:3083:INFO:device_info_impl.cc(1133)] SSDP Config ID is increased: id=2
04-09 19:19:22.748  3080  3080 I cast_shell: [3083:3133:INFO:mdns_util.cc(102)] Defaulting mDNS capabilities for audio-only build
04-09 19:19:22.748  3080  3080 I cast_shell: [3083:3083:INFO:mdns_manager_impl.cc(429)] Successfully updated service: type=_googlecast
04-09 19:19:22.748  3080  3080 I cast_shell: [3083:3083:INFO:virtual_device.cc(296)] Updated mDNS service for virtual device: id=b0ba0719-1488-255d-eec3-c542c877e99a
04-09 19:19:22.748  3080  3080 I cast_shell: [3083:3133:INFO:mdns_util.cc(102)] Defaulting mDNS capabilities for audio-only build
04-09 19:19:22.748  3080  3080 I cast_shell: [3083:3083:INFO:mdns_manager_impl.cc(429)] Successfully updated service: type=_googlecast
04-09 19:19:22.748  3080  3080 I cast_shell: [3083:3083:INFO:virtual_device.cc(296)] Updated mDNS service for virtual device: id=b0ba0719-1488-255d-eec3-c542c877e99a
04-09 19:19:22.749  3080  3080 I cast_shell: [3083:3083:INFO:device_info_impl.cc(1133)] SSDP Config ID is increased: id=3
04-09 19:19:22.754  2711  2723 I yani_server: NetLink Event '6' Interface-Index '6' WLAN '-1' Ethernet '-1' Parsed-iFill '6' -> 'P2P0 CONNECTED' ifIndex '2' -> 'tunl0'
04-09 19:19:22.756  2733  2762 I bluetoothtbd: [0409/064922.756608:INFO:adapter.cc(551)] Adapter properties changed
04-09 19:19:22.756  2733  2762 I bluetoothtbd: [0409/064922.756742:INFO:adapter.cc(573)] Adapter name changed
04-09 19:19:22.757  3080  3080 I cast_shell: [3083:3123:INFO:bluetooth_manager.cc(1232)] [PII] Set device name to 'Lyric Speaker Box 21f384'
04-09 19:19:22.757  2962  3159 I LibreCastControlDelegate: OnCastStatus() +++ LSB9234:0xabc12198:NOT_SETUP
04-09 19:19:22.757  2962  3159 I LibreCastControlDelegate: Device Build Number -> '1.52.272222'
04-09 19:19:22.757  2962  3159 I librecast: updateCastBuildVersion() Version 1.52.272222
04-09 19:19:22.758  2712  2712 I lucitransport: readRemoteMessage() MID char = 7 buffer = (null)
04-09 19:19:22.758  2733  2762 I bluetoothtbd: [0409/064922.758078:INFO:adapter.cc(551)] Adapter properties changed
04-09 19:19:22.758  2733  2762 I bluetoothtbd: [0409/064922.758271:INFO:adapter.cc(573)] Adapter name changed
04-09 19:19:22.761  2712  2712 I lucitransport: writeRemoteMessage() MID = 7 buffer = 1.52.272222
04-09 19:19:22.761  2712  2712 I luciUART: write() MID = 7  bytes = 21 data = 1.52.272222 m_fd = 0x5
04-09 19:19:22.770  2711  2723 I yani_server: doLotofWork() List of interface '4'
04-09 19:19:22.770  2711  2723 I yani_server: doLotofWork() Interface 'p2p0' ifr[0].ifr_name 'lo' ipaddress '127.0.0.1'
04-09 19:19:22.770  2711  2723 I yani_server: doLotofWork() Interface 'p2p0' ifr[1].ifr_name 'p2p0' ipaddress '192.168.255.249'
04-09 19:19:22.781  2962  3159 I LibreCastControlDelegate: OnCastStatus() +++ Lyric Speaker Box 21f384:0xabc12198:NOT_SETUP
04-09 19:19:22.791  2962  3159 I LibreCastControlDelegate: Active Applications -> 0
04-09 19:19:22.791  2962  3159 I LibreCastControlDelegate: Current Cast State '2' -> 'NOT_SETUP'
04-09 19:19:22.792  2712  2720 E luciUART: UART:aa
04-09 19:19:22.792  2712  2720 E luciUART: UART:aa
04-09 19:19:22.792  2712  2720 E luciUART: UART:2
04-09 19:19:22.794  2962  3159 I LibreCastControl: LibreCastControl_SetMultizoneAudioOutputDelay() delay '80000' usecs RequestId '3' pCastControl 0xf4f00728
04-09 19:19:22.794  2962  3159 I LibreCastControlDelegate: MultizoneDelay request ID 3 with delay 80000 usecs
04-09 19:19:22.794  2962  3159 I LibreCastControlDelegate: OnCastStatus() ---
04-09 19:19:22.794  2712  2720 E luciUART: UART:0
04-09 19:19:22.794  2712  2720 E luciUART: UART:d0
04-09 19:19:22.794  2712  2720 E luciUART: UART:0
04-09 19:19:22.794  2712  2720 I chatty  : uid=0(root) UARTLUCIControl identical 2 lines
04-09 19:19:22.794  2712  2720 E luciUART: UART:0
04-09 19:19:22.794  2712  2720 E luciUART: UART:9
04-09 19:19:22.794  2712  2720 I luciUART: read() RemoteID = 43690 Command = 208 Type = 2 Status = 0 DataLen = 9
04-09 19:19:22.794  2712  2720 E luciUART: Error: full data not available yet! readBytes 0
04-09 19:19:22.794  2712  2720 I luciUART: Previous Packet read contd., 
04-09 19:19:22.794  2712  2720 I luciUART: Previous Packet read contd., 
04-09 19:19:22.794  2712  2720 E luciUART: UART:41
04-09 19:19:22.794  2712  2720 E luciUART: UART:5f
04-09 19:19:22.794  2712  2720 I luciUART: Previous Packet read contd., 
04-09 19:19:22.794  2712  2720 E luciUART: UART:73
04-09 19:19:22.794  2712  2720 E luciUART: UART:73
04-09 19:19:22.794  2712  2720 I luciUART: Previous Packet read contd., 
04-09 19:19:22.794  2712  2720 E luciUART: UART:69
04-09 19:19:22.795  2712  2712 I lucitransport: readRemoteMessage() MID char = 7 buffer = 1.52.272222
04-09 19:19:22.795  2712  2721 E LUCI_SERVER: Luci Server Thread wait over MID 208....
04-09 19:19:22.795  2712  2721 E LUCI_SERVER: Got NV name : ssid
04-09 19:19:22.796  2712  2721 I luciUART: write() MID = 208  bytes = 15 data = ssid: m_fd = 0x5
04-09 19:19:22.796  2712  2721 E LUCI_SERVER: NV_READ response= ssid:
04-09 19:19:22.796  2712  2721 E LUCI_SERVER: Luci Server Thread waiting for packets....
04-09 19:19:22.796  2962  3159 I LibreCastControlDelegate: Active Applications -> 0
04-09 19:19:22.796  2962  3159 I LibreCastControlDelegate: Current Cast State '2' -> 'NOT_SETUP'
04-09 19:19:22.796  2962  3159 I LibreCastControlDelegate: OnCastStatus() ---
04-09 19:19:22.797  2690  2690 I sh      : [0409/064922.797155:INFO:cast_message_service_impl.cc(1037)] Received initial eureka info
04-09 19:19:22.799  2690  2690 I sh      : [0409/064922.799615:INFO:cast_message_service_impl.cc(1067)] Received initial receiver info
04-09 19:19:22.802  3080  3080 I cast_shell: [3083:3083:INFO:multizone_setup.cc(328)] Configured audio output delay changed. User delay = 0 s, OEM delay = 0.08 s, HDMI delay = 0 s
04-09 19:19:22.802  2690  2690 I sh      : [0409/064922.802710:INFO:cast_message_service_impl.cc(1073)] Sent PlatformSettingsRegister message
04-09 19:19:22.802  2962  3159 I LibreCastControlDelegate: OnControlConnected()
04-09 19:19:22.803  2711  2723 I yani_server: NetLink Event '6' Interface-Index '6' WLAN '-1' Ethernet '-1' Parsed-iFill '6' -> 'P2P0 CONNECTED' ifIndex '2' -> 'tunl0'
04-09 19:19:22.826  2962  3159 I LibreCastControl: LibreCastControl_RequestGVAStatus() RequestId '5' pCastControl 0xf4f00728
04-09 19:19:22.826  2962  3159 I LibreCastControlDelegate: OnResponse() ReqeustID 3, error  0
04-09 19:19:22.827  2690  2690 I sh      : [0409/064922.826487:INFO:cast_message_service_impl.cc(1076)] CastMessageServiceImpl is ready
04-09 19:19:22.828  3080  3080 I cast_shell: [3083:3083:INFO:assistant_namespace_handler.cc(144)] Added a status listening peer for assistant namespace: domain-socket@/tmp/cast-control.1:system-0
04-09 19:19:22.828  2962  3159 I LibreCastControlDelegate: OnResponse() ReqeustID 5, error  0
04-09 19:19:23.545  3080  3080 I cast_shell: [3083:3135:INFO:multizone_manager.cc(1889)] Initial discovery complete
04-09 19:19:23.546  3080  3080 I cast_shell: [3083:3133:INFO:mdns_app_filter.cc(1605)] Re-probing due to newly registered service '3': _googlezone
04-09 19:19:23.546  3080  3080 I cast_shell: [3083:3083:INFO:mdns_manager_impl.cc(311)] Successfully registered service: type=_googlezone
04-09 19:19:23.606  3164  3164 I dnsmasq : started, version 2.51 DNS disabled
04-09 19:19:23.607  3164  3164 I dnsmasq : compile time options: no-IPv6 GNU-getopt no-DBus no-I18N DHCP no-scripts no-TFTP
04-09 19:19:23.607  3164  3164 I dnsmasq : DHCP, IP range 192.168.255.250 -- 192.168.255.254, lease time 12h
04-09 19:19:23.607  2711  2723 I yani_server: doLotofWork() List of interface '4'
04-09 19:19:23.607  2711  2723 I yani_server: doLotofWork() Interface 'p2p0' ifr[0].ifr_name 'lo' ipaddress '127.0.0.1'
04-09 19:19:23.607  2711  2723 I yani_server: doLotofWork() Interface 'p2p0' ifr[1].ifr_name 'p2p0' ipaddress '192.168.255.249'
04-09 19:19:23.607  2711  2723 I yani_server: doLotofWork() returns 'REFILL WACMODE'
04-09 19:19:23.607  2711  2723 E yani_server: YANI: I am Done Wait For Event 
04-09 19:19:23.607  2711  2814 I yani_server: onNetworkParametersChanged() WAC Mode '1'  Index '2' Interface 'p2p0' Status '1'
04-09 19:19:23.607  2728  2740 I MB_HANDLER: YaniAlert() Interface '4' Status '1'
04-09 19:19:23.610  2712  2712 I lucitransport: writeRemoteMessage() MID = 124 buffer = 4#1,0#2,0#3,1#4,1
04-09 19:19:23.611  2729  2729 E AirableUIHelper: AirableUIHelper::YaniAlert  4 1 
04-09 19:19:23.611  2968  2975 I otamanager: YaniAlert() Interface 4 Status Up
04-09 19:19:23.611  2966  3004 I airplay-main: YaniAlert Interface 4 Status 1
04-09 19:19:23.614  3080  3080 I cast_shell: [3083:3123:INFO:gatt_client_manager_impl.cc(202)] Enabling GATT client connectability
04-09 19:19:23.614  2962  3159 I LibreCastControlDelegate: OnCastStatus() +++ Lyric Speaker Box 21f384:0xabc12198:NOT_SETUP
04-09 19:19:23.614  2962  3159 I LibreCastControlDelegate: Device Build Number -> '1.52.272222'
04-09 19:19:23.614  2962  3159 I librecast: updateCastBuildVersion() Version 1.52.272222
04-09 19:19:23.615  2712  2712 I lucitransport: readRemoteMessage() MID char = 7 buffer = 1.52.272222
04-09 19:19:23.615  2962  3159 I LibreCastControlDelegate: Active Applications -> 0
04-09 19:19:23.615  2962  3159 I LibreCastControlDelegate: Current Cast State '2' -> 'NOT_SETUP'
04-09 19:19:23.615  2962  3159 I LibreCastControlDelegate: OnCastStatus() ---
04-09 19:19:23.617  2712  2720 E luciUART: UART:aa
04-09 19:19:23.618  2712  2720 E luciUART: UART:aa
04-09 19:19:23.618  2712  2720 E luciUART: UART:2
04-09 19:19:23.618  2712  2720 E luciUART: UART:0
04-09 19:19:23.618  2712  2720 E luciUART: UART:d0
04-09 19:19:23.618  2712  2720 E luciUART: UART:0
04-09 19:19:23.618  2712  2720 I chatty  : uid=0(root) UARTLUCIControl identical 2 lines
04-09 19:19:23.618  2712  2720 E luciUART: UART:0
04-09 19:19:23.618  2712  2720 E luciUART: UART:9
04-09 19:19:23.618  2712  2720 I luciUART: read() RemoteID = 43690 Command = 208 Type = 2 Status = 0 DataLen = 9
04-09 19:19:23.618  2712  2720 E luciUART: Error: full data not available yet! readBytes 0
04-09 19:19:23.618  2712  2720 I luciUART: Previous Packet read contd., 
04-09 19:19:23.618  2712  2720 E luciUART: UART:52
04-09 19:19:23.618  2712  2720 I luciUART: Previous Packet read contd., 
04-09 19:19:23.618  2712  2720 E luciUART: UART:45
04-09 19:19:23.618  2712  2720 I luciUART: Previous Packet read contd., 
04-09 19:19:23.618  2712  2720 E luciUART: UART:41
04-09 19:19:23.618  2712  2720 I luciUART: Previous Packet read contd., 
04-09 19:19:23.619  2712  2720 E luciUART: UART:44
04-09 19:19:23.619  2712  2720 I luciUART: Previous Packet read contd., 
04-09 19:19:23.619  2712  2720 E luciUART: UART:5f
04-09 19:19:23.619  2712  2720 I luciUART: Previous Packet read contd., 
04-09 19:19:23.619  2712  2720 E luciUART: UART:73
04-09 19:19:23.619  2712  2720 I luciUART: Previous Packet read contd., 
04-09 19:19:23.619  2712  2720 E luciUART: UART:73
04-09 19:19:23.619  2712  2720 I luciUART: Previous Packet read contd., 
04-09 19:19:23.619  2712  2720 E luciUART: UART:69
04-09 19:19:23.619  2712  2720 I luciUART: Previous Packet read contd., 
04-09 19:19:23.619  2712  2720 E luciUART: UART:64
04-09 19:19:23.619  2712  2721 E LUCI_SERVER: Luci Server Thread wait over MID 208....
04-09 19:19:23.619  2712  2721 E LUCI_SERVER: Got NV name : ssid
04-09 19:19:23.620  2712  2721 I luciUART: write() MID = 208  bytes = 15 data = ssid: m_fd = 0x5
04-09 19:19:23.621  2712  2721 E LUCI_SERVER: NV_READ response= ssid:
04-09 19:19:23.621  2712  2721 E LUCI_SERVER: Luci Server Thread waiting for packets....
04-09 19:19:23.622  2961  2972 D wac-main: Netlink event
04-09 19:19:23.623  2961  2972 E wac-main: Netlink event 16 Interface Index 6 
04-09 19:19:23.623  2961  2972 E wac-main: p2p0 event Link Changed : 1002 
04-09 19:19:23.623  2961  2972 E wac-main: Enter poll and wait
04-09 19:19:23.623  2711  2723 I yani_kernel: yani_geteventfrom_changeaddr() Message-Id '1' Netlink event '16' Interface Index '6' -> Name 'p2p0' 
04-09 19:19:23.627  2731  2744 E WifiUtil: command: "SCAN" failed: FAIL-BUSY
04-09 19:19:23.627  2731  2744 W HotspotManager: hotspot already started
04-09 19:19:23.915  3080  3080 I cast_shell: [3083:3083:INFO:crypto_manager.cc(278)] Public key: MIIBCgKCAQEAzvkzOOpX8SllY98JwnwusMmFIjQa3V00Kml59inyug7LT5WY4ruMsDUchkcOioFt3uKKzfIBoHsaxw++m0j4WTBpE8qWEOWUPVoFnjJ9b7c82OX9WKCiXm3DhC4kj4L/aV+fDR8HvJoWHbraKFwXNUdVMQagqoK0Np3SWAFxKTAEtLBGur4GI0LXuFKdORQqKddvo+TCcFJ6l2naSZMMcsEYLKtx5gAu+H9QDRJmGrYurft7BSmEM7Q6OY8qgS6RM2tMncTAf5+BrU7SGDWN2RNqWPNd/ylx2Q4wyQU3KdNn0S/FUd3Hw60GL0vQagErHxruaB2O2NPG40ybETKqZwIDAQAB
04-09 19:19:23.915  3080  3080 I cast_shell: [3083:3083:INFO:crypto_manager.cc(289)] Public modulus: zvkzOOpX8SllY98JwnwusMmFIjQa3V00Kml59inyug7LT5WY4ruMsDUchkcOioFt3uKKzfIBoHsaxw--m0j4WTBpE8qWEOWUPVoFnjJ9b7c82OX9WKCiXm3DhC4kj4L_aV-fDR8HvJoWHbraKFwXNUdVMQagqoK0Np3SWAFxKTAEtLBGur4GI0LXuFKdORQqKddvo-TCcFJ6l2naSZMMcsEYLKtx5gAu-H9QDRJmGrYurft7BSmEM7Q6OY8qgS6RM2tMncTAf5-BrU7SGDWN2RNqWPNd_ylx2Q4wyQU3KdNn0S_FUd3Hw60GL0vQagErHxruaB2O2NPG40ybETKqZw
04-09 19:19:23.915  3080  3080 I cast_shell: [3083:3083:INFO:crypto_manager.cc(294)] Public exponent: AQAB
04-09 19:19:24.109  2711  2723 I yani_server: NetLink Event '-1' Interface-Index '5' WLAN '-1' Ethernet '-1' Parsed-iFill '-1' -> 'INVALID' ifIndex '1' -> 'lo'
04-09 19:19:24.112  2961  2972 D wac-main: Netlink event
04-09 19:19:24.112  2961  2972 E wac-main: Netlink event 16 Interface Index 6 
04-09 19:19:24.112  2961  2972 E wac-main: p2p0 event Link Changed : 1003 
04-09 19:19:24.112  2961  2972 E wac-main: Enter poll and wait
04-09 19:19:24.113  2711  2723 I yani_server: NetLink Event '-1' Interface-Index '5' WLAN '0' Ethernet '-1' Parsed-iFill '-1' -> 'INVALID' ifIndex '1' -> 'lo'
04-09 19:19:24.114  2711  2723 I yani_server: NetLink Event '-1' Interface-Index '5' WLAN '0' Ethernet '-1' Parsed-iFill '-1' -> 'INVALID' ifIndex '1' -> 'lo'
04-09 19:19:24.114  2711  2723 I yani_kernel: yani_geteventfrom_changeaddr() Message-Id '1' Netlink event '16' Interface Index '6' -> Name 'p2p0' 
04-09 19:19:24.117  2962  3159 I LibreCastControlDelegate: OnCastStatus() +++ Lyric Speaker Box 21f384:0xabc12198:NOT_SETUP
04-09 19:19:24.117  2962  3159 I LibreCastControlDelegate: Device Build Number -> '1.52.272222'
04-09 19:19:24.117  2962  3159 I librecast: updateCastBuildVersion() Version 1.52.272222
04-09 19:19:24.177  2961  2972 D wac-main: Netlink event
04-09 19:19:24.177  2961  2972 E wac-main: Netlink event 16 Interface Index 6 
04-09 19:19:24.177  2961  2972 E wac-main: p2p0 event Link Changed : 11043 
04-09 19:19:24.177  2961  2972 E wac-main: p2p0 Changed Up 
04-09 19:19:24.178  2961  2972 I wifiapi : newconn : 0xf5000718
04-09 19:19:24.178  2711  2723 I yani_kernel: yani_geteventfrom_changeaddr() Message-Id '1' Netlink event '16' Interface Index '6' -> Name 'p2p0' 
04-09 19:19:24.179  2961  2972 I wifiapi : 'STATUS' command returned = 0
04-09 19:19:24.180  2961  2972 E wac-main: current wifi status : 10
04-09 19:19:24.611  3080  3080 I cast_shell: [3083:3123:INFO:ble_setup.cc(789)] Missing required info for sign.
04-09 19:19:24.657  2733  2762 E bt_btif : BTA_GATTS_AddService: rcb_idx = 0
04-09 19:19:24.657  2733  2762 I bluetoothtbd: [0409/064924.657546:INFO:gatt_api.cc(207)] GATTS_AddService
04-09 19:19:24.657  2733  2762 I bluetoothtbd: [0409/064924.657872:INFO:gatt_api.cc(317)] GATTS_AddService: service parsed correctly, now starting
04-09 19:19:24.659  3080  3080 I cast_shell: [3083:3123:INFO:gatt_client_manager_impl.cc(202)] Enabling GATT client connectability
04-09 19:19:24.659  3080  3080 I cast_shell: [3083:3123:INFO:ble_setup.cc(915)] Sign related info completed, no future EurekaInfo need sign.
04-09 19:19:24.659  3080  3080 I cast_shell: [3083:3123:INFO:gatt_client_manager_impl.cc(202)] Enabling GATT client connectability
04-09 19:19:24.659  3080  3080 I chatty  : uid=1000(chrome) /bin/logwrapper identical 1 line
04-09 19:19:24.659  3080  3080 I cast_shell: [3083:3123:INFO:gatt_client_manager_impl.cc(202)] Enabling GATT client connectability
04-09 19:19:24.661  3080  3080 I cast_shell: [3083:3123:INFO:ble_setup_manager.cc(744)] Started Bluetooth service
04-09 19:19:25.087  3080  3080 I cast_shell: [3083:3091:ERROR:connectivity_checker_impl.cc(265)] Connectivity check failed: 400
04-09 19:19:25.226  3080  3080 I cast_shell: [3083:3091:INFO:parent_tracker.cc(291)] [PII](DAE941F7E62E89FC6A9E35CD4E2EDDD1) Become root
04-09 19:19:25.226  3080  3080 I cast_shell: [3083:3091:INFO:directory_service_impl.cc(200)] This device became root
04-09 19:19:25.318  3080  3080 I cast_shell: [3083:3133:INFO:mdns_app_filter.cc(1403)] MdnsAppFilter: Done probing.
04-09 19:19:26.094  3080  3080 I cast_shell: [3083:3091:ERROR:connectivity_checker_impl.cc(265)] Connectivity check failed: 400
04-09 19:19:26.323  3080  3080 I cast_shell: [3083:3083:INFO:grpc_service_discovery_impl.cc(185)] Mdns discovered google RPC for [PII](DAE941F7E62E89FC6A9E35CD4E2EDDD1).
04-09 19:19:27.100  3080  3080 I cast_shell: [3083:3091:ERROR:connectivity_checker_impl.cc(265)] Connectivity check failed: 400
04-09 19:19:27.180  2961  2972 E wac-main: Enter poll and wait
04-09 19:19:27.324  3080  3080 I cast_shell: [3083:3133:INFO:mdns_app_filter.cc(1526)] MdnsAppFilter: Done announcing.
04-09 19:19:28.107  3080  3080 I cast_shell: [3083:3091:ERROR:connectivity_checker_impl.cc(265)] Connectivity check failed: 400
04-09 19:19:31.126  3080  3080 I chatty  : uid=1000(chrome) /bin/logwrapper identical 3 lines
04-09 19:19:32.133  3080  3080 I cast_shell: [3083:3091:ERROR:connectivity_checker_impl.cc(265)] Connectivity check failed: 400
04-09 19:19:32.248  3080  3080 I cast_shell: [3083:3123:ERROR:setup_state.cc(424)] Timeout for state=SETUP_STATE_CHECKING_GLOBAL_CONNECTIVITY(50): move to state=SETUP_STATE_CHECKING_GLOBAL_CONNECTIVITY_BAD_ROUTER(52).
04-09 19:19:32.248  3080  3080 I cast_shell: [3083:3123:INFO:setup_state.cc(261)] Setup state changed: SETUP_STATE_CHECKING_GLOBAL_CONNECTIVITY (50) -> SETUP_STATE_CHECKING_GLOBAL_CONNECTIVITY_BAD_ROUTER (52)
04-09 19:19:32.263  2962  3159 I LibreCastControlDelegate: OnCastStatus() +++ Lyric Speaker Box 21f384:0xabc12198:NOT_SETUP
04-09 19:19:32.263  2962  3159 I LibreCastControlDelegate: Device Build Number -> '1.52.272222'
04-09 19:19:32.263  2962  3159 I librecast: updateCastBuildVersion() Version 1.52.272222
04-09 19:19:32.264  2712  2712 I lucitransport: readRemoteMessage() MID char = 7 buffer = 1.52.272222
04-09 19:19:32.264  2962  3159 I LibreCastControlDelegate: Active Applications -> 0
04-09 19:19:32.264  2962  3159 I LibreCastControlDelegate: Current Cast State '2' -> 'NOT_SETUP'
04-09 19:19:32.264  2962  3159 I LibreCastControlDelegate: OnCastStatus() ---
04-09 19:19:33.139  3080  3080 I cast_shell: [3083:3091:ERROR:connectivity_checker_impl.cc(265)] Connectivity check failed: 400
04-09 19:19:58.121  2731  2743 E NetworkMonitor: cannot find default IPv4 route for wlan0
04-09 19:19:58.122  2731  2743 E NetworkMonitor: cannot find default IPv6 route for wlan0
04-09 19:20:01.209  2731  2743 E NetworkMonitor: no response for /bin/ping -n -I wlan0 -c 10 -w 10 8.8.8.8
04-09 19:20:01.220  2731  2743 E NetworkMonitor: no response for /bin/ping6 -n -I wlan0 -c 10 -w 10 2001:4860:4860::8888
04-09 19:20:01.223  2731  2743 E NetworkMonitor: dns resolution failed
04-09 19:20:01.223  2731  2743 I NetworkMonitor: Cast.Wifi.Failure.Type 7
04-09 19:20:20.447  3080  3080 I chatty  : uid=1000(chrome) /bin/logwrapper identical 47 lines
04-09 19:20:21.454  3080  3080 I cast_shell: [3083:3091:ERROR:connectivity_checker_impl.cc(265)] Connectivity check failed: 400
04-09 19:20:21.864  3080  3080 I cast_shell: [3083:3083:INFO:grpc_manager_impl.cc(505)] GRPC[uri=[::]:0]: num_pending_calls=0, num_active_handlers=0, num_free_handlers=0
04-09 19:20:21.866  3080  3080 I cast_shell: [3083:3083:INFO:gcm_manager.cc(269)] Disabling GCM Driver
04-09 19:20:21.867  3080  3080 I cast_shell: [3083:3083:INFO:grpc_manager_impl.cc(505)] GRPC[uri=]: num_pending_calls=0, num_active_handlers=0, num_free_handlers=0
04-09 19:20:21.900  3080  3080 I cast_shell: [3083:3083:INFO:grpc_manager_impl.cc(505)] GRPC[uri=unix:/tmp/hcp_ipc_auth.socket]: num_pending_calls=0, num_active_handlers=10, num_free_handlers=0
04-09 19:20:21.905  3080  3080 I cast_shell: [3083:3083:INFO:grpc_manager_impl.cc(505)] GRPC[uri=unix:/tmp/modular_updater/modular_update_service]: num_pending_calls=0, num_active_handlers=0, num_free_handlers=0
04-09 19:20:21.928  3080  3080 I cast_shell: [3083:3083:INFO:metrics_recorder.cc(112)] Metrics stat: total=13
04-09 19:20:21.928  3080  3080 I cast_shell: Cast.Discovery.Mdns.ResponderStarted=2
04-09 19:20:21.928  3080  3080 I cast_shell: Cast.Discovery.Mdns.ResponderStopped=1
04-09 19:20:21.928  3080  3080 I cast_shell: Cast.Discovery.Mdns.SocketCreated=4
04-09 19:20:21.928  3080  3080 I cast_shell: Cast.Discovery.Mdns.SocketDestroyed=2
04-09 19:20:21.928  3080  3080 I cast_shell: Cast.System.Timezone.ChangeSuccessful=1
04-09 19:20:21.928  3080  3080 I cast_shell: CastV2.Connection.Connect.In=1
04-09 19:20:21.928  3080  3080 I cast_shell: CastV2.Receiver.DeviceStatus.Out=5
04-09 19:20:21.928  3080  3080 I cast_shell: CastV2.Receiver.DeviceStatus.Out.Broadcast=2
04-09 19:20:21.928  3080  3080 I cast_shell: CastV2.Receiver.GetStatus.In=1
04-09 19:20:21.928  3080  3080 I cast_shell: CastV2.Resource.Provider.In=1
04-09 19:20:22.053  3080  3080 I cast_shell: [3083:3083:INFO:metrics_recorder_impl.cc(672)] Activated server experiments: []
04-09 19:20:22.055  3080  3080 I cast_shell: [3083:3083:INFO:cast_logs_metrics_provider.cc(59)] netif is ipv4
04-09 19:20:22.055  3080  3080 I cast_shell: [3083:3083:ERROR:socket_posix.cc(148)] bind() failed: Address already in use (98)
04-09 19:20:22.055  3080  3080 I cast_shell: [3083:3083:INFO:net_util_impl.cc(1041)] Platform supports dual-stack
04-09 19:20:22.076  3080  3080 I cast_shell: [3083:3083:INFO:grpc_manager_impl.cc(505)] GRPC[uri=[::]:8012]: num_pending_calls=0, num_active_handlers=1, num_free_handlers=0
04-09 19:20:22.461  3080  3080 I cast_shell: [3083:3091:ERROR:connectivity_checker_impl.cc(265)] Connectivity check failed: 400
04-09 19:21:00.713  3080  3080 I chatty  : uid=1000(chrome) /bin/logwrapper identical 38 lines
04-09 19:21:01.720  3080  3080 I cast_shell: [3083:3091:ERROR:connectivity_checker_impl.cc(265)] Connectivity check failed: 400
04-09 19:21:01.885  2733  2812 I bt_btm_ble: btm_ble_conn_complete unable to match and resolve random address
04-09 19:21:01.888  2733  2812 W bt_smp  : smp_br_connect_callback is called on unexpected transport 2
04-09 19:21:01.888  2733  2812 W bt_btif : bta_dm_acl_change info: 0x0
04-09 19:21:01.888  2733  2762 I bluetoothtbd: [0409/065101.888801:INFO:gatt_server.cc(280)] Added connection entry for conn_id: 5 device address: 66:EF:A5:8C:62:86
04-09 19:21:01.889  2733  2762 D bt_btif_dm: remote version info [66:ef:a5:8c:62:86]: 0, 0, 0
04-09 19:21:01.889  2733  2762 I bluetoothtbd: [0409/065101.889427:INFO:adapter.cc(719)] ACL state changed: 66:EF:A5:8C:62:86 - connected: true
04-09 19:21:01.892  3080  3080 I cast_shell: [3083:3123:ERROR:bluetooth_v1_via_v2.cc(796)] Connection state changed. :86 true
04-09 19:21:02.233  2731  2743 E NetworkMonitor: cannot find default IPv4 route for wlan0
04-09 19:21:02.233  2731  2743 E NetworkMonitor: cannot find default IPv6 route for wlan0
04-09 19:21:02.394  2733  2762 D bt_btif_scanner: btif_gatts_upstreams_evt: Unhandled event (26)
04-09 19:21:02.727  3080  3080 I cast_shell: [3083:3091:ERROR:connectivity_checker_impl.cc(265)] Connectivity check failed: 400
04-09 19:21:02.976  2733  2812 E bluetoothtbd: [0409/065102.976814:ERROR:gatt_sr.cc(743)] MTU request PDU with MTU size 515
04-09 19:21:02.977  2733  2812 W bt_l2cap: l2cble_set_fixed_channel_tx_data_length, request not supported
04-09 19:21:02.977  2733  2812 W bluetoothtbd: [0409/065102.977731:WARNING:gatt_utils.cc(837)] Call back not found for application conn_id=3
04-09 19:21:02.977  2733  2812 W bluetoothtbd: [0409/065102.977819:WARNING:gatt_utils.cc(837)] Call back not found for application conn_id=4
04-09 19:21:02.977  2733  2812 W bluetoothtbd: [0409/065102.977896:WARNING:gatt_utils.cc(837)] Call back not found for application conn_id=6
04-09 19:21:03.000  3080  3080 I cast_shell: [3083:3123:INFO:ble_setup.cc(322)] Record action: Setup.set_eureka_info.BLE.Locale
04-09 19:21:03.000  3080  3080 I cast_shell: [3083:3123:INFO:locale_manager.cc(576)] New locale: en-US
04-09 19:21:03.008  3080  3080 I cast_shell: [3083:3108:INFO:media_manager_impl.cc(383)] TurnActive result: 0
04-09 19:21:03.018  3080  3080 I cast_shell: [3083:3123:INFO:setup_state.cc(544)] EurekaInfoCalled: wifi_state=3, is_usable_ip_address=1, connected=0, is_initial_setup=1
04-09 19:21:03.018  3080  3080 I cast_shell: [3083:3123:INFO:setup_state.cc(261)] Setup state changed: SETUP_STATE_CHECKING_GLOBAL_CONNECTIVITY_BAD_ROUTER (52) -> SETUP_STATE_DISCONNECTED_EXTERNAL_CLIENT_ACCESSED (11)
04-09 19:21:03.023  2962  3159 I LibreCastControlDelegate: OnCastStatus() +++ Lyric Speaker Box 21f384:0xabc12198:NOT_SETUP
04-09 19:21:03.023  2962  3159 I LibreCastControlDelegate: Device Build Number -> '1.52.272222'
04-09 19:21:03.023  2962  3159 I librecast: updateCastBuildVersion() Version 1.52.272222
04-09 19:21:03.023  2712  2712 I lucitransport: readRemoteMessage() MID char = 7 buffer = 1.52.272222
04-09 19:21:03.023  2962  3159 I LibreCastControlDelegate: Active Applications -> 0
04-09 19:21:03.023  2962  3159 I LibreCastControlDelegate: Current Cast State '2' -> 'NOT_SETUP'
04-09 19:21:03.023  2962  3159 I LibreCastControlDelegate: OnCastStatus() ---
04-09 19:21:03.025  3080  3080 I cast_shell: [3083:3123:INFO:metrics_recorder.cc(282)] Record action: Setup.version.BLE
04-09 19:21:03.025  2962  3159 I LibreCastControlDelegate: OnCastStatus() +++ Lyric Speaker Box 21f384:0xabc12198:NOT_SETUP
04-09 19:21:03.026  2962  3159 I LibreCastControlDelegate: Device Build Number -> '1.52.272222'
04-09 19:21:03.026  2962  3159 I librecast: updateCastBuildVersion() Version 1.52.272222
04-09 19:21:03.026  2712  2712 I lucitransport: readRemoteMessage() MID char = 7 buffer = 1.52.272222
04-09 19:21:03.026  2962  3159 I LibreCastControlDelegate: Active Applications -> 0
04-09 19:21:03.026  2962  3159 I LibreCastControlDelegate: Current Cast State '2' -> 'NOT_SETUP'
04-09 19:21:03.026  2962  3159 I LibreCastControlDelegate: OnCastStatus() ---
04-09 19:21:03.046  3080  3080 I cast_shell: [3083:3123:INFO:metrics_recorder.cc(282)] Record action: Setup.name_utf8.BLE
04-09 19:21:03.099  3080  3080 I cast_shell: [3083:3123:INFO:metrics_recorder.cc(282)] Record action: Setup.tos_accepted.BLE
04-09 19:21:03.121  3080  3080 I cast_shell: [3083:3123:INFO:metrics_recorder.cc(282)] Record action: Setup.state.BLE
04-09 19:21:03.144  3080  3080 I cast_shell: [3083:3123:INFO:metrics_recorder.cc(282)] Record action: Setup.ip_address.BLE
04-09 19:21:03.181  3080  3080 I cast_shell: [3083:3123:INFO:metrics_recorder.cc(282)] Record action: Setup.eureka_info_immutable_basic.BLE
04-09 19:21:03.218  3080  3080 I cast_shell: [3083:3123:INFO:metrics_recorder.cc(282)] Record action: Setup.eureka_info_mutable_reads.BLE
04-09 19:21:03.233  3080  3080 I cast_shell: [3083:3123:INFO:metrics_recorder.cc(282)] Record action: Setup.eureak_info_keys.BLE
04-09 19:21:03.316  3080  3080 I cast_shell: [3083:3123:INFO:metrics_recorder.cc(282)] Record action: Setup.eureka_info_immutable_basic.BLE
04-09 19:21:03.363  2733  2762 D bt_btif_scanner: btif_gatts_upstreams_evt: Unhandled event (26)
04-09 19:21:03.365  3080  3080 I cast_shell: [3083:3123:INFO:metrics_recorder.cc(282)] Record action: Setup.eureak_info_keys.BLE
04-09 19:21:03.560  3080  3080 I cast_shell: [3083:3123:INFO:metrics_recorder.cc(282)] Record action: Setup.eureak_info_keys.BLE
04-09 19:21:03.733  3080  3080 I cast_shell: [3083:3091:ERROR:connectivity_checker_impl.cc(265)] Connectivity check failed: 400
04-09 19:21:03.810  2733  2762 D bt_btif_scanner: btif_gatts_upstreams_evt: Unhandled event (26)
04-09 19:21:03.812  3080  3080 I cast_shell: [3083:3123:INFO:metrics_recorder.cc(282)] Record action: Setup.eureak_info_keys.BLE
04-09 19:21:03.961  3080  3080 I chatty  : uid=1000(chrome) /bin/logwrapper identical 2 lines
04-09 19:21:04.051  3080  3080 I cast_shell: [3083:3123:INFO:metrics_recorder.cc(282)] Record action: Setup.eureak_info_keys.BLE
04-09 19:21:04.126  3080  3080 I cast_shell: [3083:3123:INFO:metrics_recorder.cc(282)] Record action: Setup.i8n_info.BLE
04-09 19:21:04.546  3080  3080 I chatty  : uid=1000(chrome) /bin/logwrapper identical 5 lines
04-09 19:21:04.621  3080  3080 I cast_shell: [3083:3123:INFO:metrics_recorder.cc(282)] Record action: Setup.i8n_info.BLE
04-09 19:21:04.680  3080  3080 I cast_shell: [3083:3123:INFO:ble_setup.cc(322)] Record action: Setup.set_eureka_info.BLE.CountryCode
04-09 19:21:04.680  3080  3080 I cast_shell: [3083:3123:INFO:locale_manager.cc(639)] New country code: AT
04-09 19:21:04.688  2710  2710 I wpa_supplicant: wlan0: CTRL-EVENT-REGDOM-CHANGE init=USER type=COUNTRY alpha2=AT
04-09 19:21:04.689  2711  2723 I yani_server: NetLink Event '-1' Interface-Index '5' WLAN '-1' Ethernet '-1' Parsed-iFill '-1' -> 'INVALID' ifIndex '1' -> 'lo'
04-09 19:21:04.694  2711  2723 I yani_server: NetLink Event '-1' Interface-Index '5' WLAN '0' Ethernet '-1' Parsed-iFill '-1' -> 'INVALID' ifIndex '1' -> 'lo'
04-09 19:21:04.696  2962  3159 I LibreCastControlDelegate: OnCastStatus() +++ Lyric Speaker Box 21f384:0xabc12198:NOT_SETUP
04-09 19:21:04.696  2962  3159 I LibreCastControlDelegate: Device Build Number -> '1.52.272222'
04-09 19:21:04.696  2962  3159 I librecast: updateCastBuildVersion() Version 1.52.272222
04-09 19:21:04.697  2712  2712 I lucitransport: readRemoteMessage() MID char = 7 buffer = 1.52.272222
04-09 19:21:04.697  2962  3159 I LibreCastControlDelegate: Active Applications -> 0
04-09 19:21:04.697  2962  3159 I LibreCastControlDelegate: Current Cast State '2' -> 'NOT_SETUP'
04-09 19:21:04.697  2962  3159 I LibreCastControlDelegate: OnCastStatus() ---
04-09 19:21:04.739  3080  3080 I cast_shell: [3083:3091:ERROR:connectivity_checker_impl.cc(265)] Connectivity check failed: 400
04-09 19:21:05.304  2731  2743 E NetworkMonitor: no response for /bin/ping -n -I wlan0 -c 10 -w 10 8.8.8.8
04-09 19:21:05.315  2731  2743 E NetworkMonitor: no response for /bin/ping6 -n -I wlan0 -c 10 -w 10 2001:4860:4860::8888
04-09 19:21:05.316  2731  2743 E NetworkMonitor: dns resolution failed
04-09 19:21:05.731  3080  3080 I cast_shell: [3083:3123:INFO:ble_setup.cc(322)] Record action: Setup.scan_wifi.BLE
04-09 19:21:05.732  3080  3080 I cast_shell: [3083:3123:WARNING:wifi_controller_wpa_supplicant.cc(797)] Wpa responses FAIL-BUSY, assuming it is associating, which will keep scan_results fresh.
04-09 19:21:05.746  3080  3080 I cast_shell: [3083:3091:ERROR:connectivity_checker_impl.cc(265)] Connectivity check failed: 400
04-09 19:21:07.759  3080  3080 I chatty  : uid=1000(chrome) /bin/logwrapper identical 2 lines
04-09 19:21:08.766  3080  3080 I cast_shell: [3083:3091:ERROR:connectivity_checker_impl.cc(265)] Connectivity check failed: 400
04-09 19:21:09.765  3080  3080 I cast_shell: [3083:3123:INFO:ble_setup.cc(322)] Record action: Setup.scan_wifi.BLE
04-09 19:21:09.767  3080  3080 I cast_shell: [3083:3123:WARNING:wifi_controller_wpa_supplicant.cc(797)] Wpa responses FAIL-BUSY, assuming it is associating, which will keep scan_results fresh.
04-09 19:21:09.773  3080  3080 I cast_shell: [3083:3091:ERROR:connectivity_checker_impl.cc(265)] Connectivity check failed: 400
04-09 19:21:10.095  2961  2972 D wac-main: Netlink event
04-09 19:21:10.095  2961  2972 E wac-main: Netlink event 16 Interface Index 5 
04-09 19:21:10.095  2961  2972 E wac-main: Enter poll and wait
04-09 19:21:10.095  2961  2972 D wac-main: Netlink event
04-09 19:21:10.095  2961  2972 E wac-main: Netlink event 16 Interface Index 5 
04-09 19:21:10.095  2961  2972 E wac-main: Enter poll and wait
04-09 19:21:10.100  2711  2723 I yani_server: NetLink Event '-1' Interface-Index '5' WLAN '0' Ethernet '-1' Parsed-iFill '-1' -> 'INVALID' ifIndex '1' -> 'lo'
04-09 19:21:10.106  2711  2723 I chatty  : uid=0(root) YaniServer identical 3 lines
04-09 19:21:10.107  2711  2723 I yani_server: NetLink Event '-1' Interface-Index '5' WLAN '0' Ethernet '-1' Parsed-iFill '-1' -> 'INVALID' ifIndex '1' -> 'lo'
04-09 19:21:10.110  2962  3159 I LibreCastControlDelegate: OnCastStatus() +++ Lyric Speaker Box 21f384:0xabc12198:NOT_SETUP
04-09 19:21:10.111  2962  3159 I LibreCastControlDelegate: Device Build Number -> '1.52.272222'
04-09 19:21:10.111  2962  3159 I librecast: updateCastBuildVersion() Version 1.52.272222
04-09 19:21:10.111  2712  2712 I lucitransport: readRemoteMessage() MID char = 7 buffer = 1.52.272222
04-09 19:21:10.111  2962  3159 I LibreCastControlDelegate: Active Applications -> 0
04-09 19:21:10.111  2962  3159 I LibreCastControlDelegate: Current Cast State '2' -> 'NOT_SETUP'
04-09 19:21:10.111  2962  3159 I LibreCastControlDelegate: OnCastStatus() ---
04-09 19:21:10.112  2711  2723 I yani_server: NetLink Event '-1' Interface-Index '5' WLAN '0' Ethernet '-1' Parsed-iFill '-1' -> 'INVALID' ifIndex '1' -> 'lo'
04-09 19:21:10.115  2711  2723 I chatty  : uid=0(root) YaniServer identical 4 lines
04-09 19:21:10.115  2711  2723 I yani_server: NetLink Event '-1' Interface-Index '5' WLAN '0' Ethernet '-1' Parsed-iFill '-1' -> 'INVALID' ifIndex '1' -> 'lo'
04-09 19:21:10.115  2711  2723 I yani_kernel: yani_geteventfrom_changeaddr() Message-Id '1' Netlink event '16' Interface Index '5' -> Name 'wlan0' 
04-09 19:21:10.117  2711  2723 I yani_kernel: yani_geteventfrom_changeaddr() Message-Id '1' Netlink event '16' Interface Index '5' -> Name 'wlan0' 
04-09 19:21:10.779  3080  3080 I cast_shell: [3083:3091:ERROR:connectivity_checker_impl.cc(265)] Connectivity check failed: 400
04-09 19:21:12.793  3080  3080 I chatty  : uid=1000(chrome) /bin/logwrapper identical 2 lines
04-09 19:21:13.799  3080  3080 I cast_shell: [3083:3091:ERROR:connectivity_checker_impl.cc(265)] Connectivity check failed: 400
04-09 19:21:13.830  3080  3080 I cast_shell: [3083:3123:INFO:metrics_recorder.cc(282)] Record action: Setup.scan_results.BLE
04-09 19:21:13.905  3080  3080 I cast_shell: [3083:3123:INFO:metrics_recorder.cc(282)] Record action: Setup.scan_results.BLE
04-09 19:21:14.806  3080  3080 I cast_shell: [3083:3091:ERROR:connectivity_checker_impl.cc(265)] Connectivity check failed: 400
04-09 19:21:15.813  3080  3080 I cast_shell: [3083:3091:ERROR:connectivity_checker_impl.cc(265)] Connectivity check failed: 400
04-09 19:21:16.065  3080  3080 I cast_shell: [3083:3123:INFO:ble_setup.cc(322)] Record action: Setup.play_sound.BLE
04-09 19:21:16.068  3080  3080 I cast_shell: [3083:3102:INFO:synchronized_sound_player.cc(362)] Playing sound key 2
04-09 19:21:16.109  3080  3080 I cast_shell: [3083:3102:INFO:audio_decoder_software_wrapper.cc(86)] Using backend decoder for PCM
04-09 19:21:16.110  3080  3080 I cast_shell: [3083:3107:INFO:mixer_input_connection.cc(208)] Create 0xf3c2fd58 (no_delay), content type: media, focus type: media, fill size: 512, algorithm fill size: 221, channel count: 1, input sample rate: 44100, start threshold: 3087, max queue size: 8820, socket: 0xf062d2f0
04-09 19:21:16.111  3080  3080 I cast_shell: [3083:3106:INFO:mixer_output_stream_alsa.cc(428)] ALSA buffer = 4096, period = 512
04-09 19:21:16.111  3080  3080 I cast_shell: [3083:3105:INFO:stream_mixer.cc(604)] Input source channel count = 1
04-09 19:21:16.111  3080  3080 I cast_shell: [3083:3105:INFO:stream_mixer.cc(607)] Dynamic channel count not enabled; using stereo
04-09 19:21:16.111  3080  3080 I cast_shell: [3083:3105:INFO:stream_mixer.cc(604)] Input source channel count = 1
04-09 19:21:16.111  3080  3080 I cast_shell: [3083:3105:INFO:stream_mixer.cc(607)] Dynamic channel count not enabled; using stereo
04-09 19:21:16.111  3080  3080 I cast_shell: [3083:3105:INFO:stream_mixer.cc(416)] Start with 0 active inputs
04-09 19:21:16.133  3080  3080 I cast_shell: [3083:3106:INFO:mixer_output_stream_alsa.cc(171)] snd_pcm_open: handle=0xf3d0a588
04-09 19:21:16.133  3080  3080 I cast_shell: [3083:3106:WARNING:mixer_output_stream_alsa.cc(341)] Requested sample rate (44100 Hz) does not match the actual sample rate (48000 Hz). This may lead to lower audio quality.
04-09 19:21:16.133  3080  3080 I cast_shell: [3083:3106:INFO:mixer_output_stream_alsa.cc(346)] Sample rate changed from 0 to 48000
04-09 19:21:16.133  3080  3080 I cast_shell: [3083:3106:WARNING:mixer_output_stream_alsa.cc(379)] Requested period size (512 frames) does not match the actual period size (1024 frames). This may lead to an increase in CPU usage or an increase in audio latency.
04-09 19:21:16.133  3080  3080 I cast_shell: [3083:3106:INFO:filter_group.cc(340)] : 2ch@48000hz -> [GROUP]mix -> 2ch@48000hz
04-09 19:21:16.133  3080  3080 I cast_shell: [3083:3106:INFO:filter_group.cc(340)] [GROUP]mix: 2ch@48000hz -> [GROUP]linearize -> 2ch@48000hz
04-09 19:21:16.133  3080  3080 I cast_shell: [3083:3102:INFO:media_pipeline_backend_for_mixer.cc(276)] Audio ready to play
04-09 19:21:16.133  3080  3080 I cast_shell: [3083:3105:INFO:stream_mixer.cc(466)] Output 2 channels at 48000 samples per second
04-09 19:21:16.133  3080  3080 I cast_shell: [3083:3105:INFO:stream_mixer.cc(484)] Using 2 loopback channels
04-09 19:21:16.133  3080  3080 I cast_shell: [3083:3105:INFO:stream_mixer.cc(640)] Add input 0xf3c2fd5c to mix @ 48000 samples per second. Is primary source? = 0
04-09 19:21:16.134  3080  3080 I cast_shell: [3083:3105:INFO:mixer_input.cc(361)] no_delay(0xf3c2fd5c): set volume limits to [0, 1]
04-09 19:21:16.134  3080  3080 I cast_shell: [3083:3105:INFO:mixer_input.cc(121)] Remixing channels for 0xf3c2fd5c from 1 to 2
04-09 19:21:16.134  3080  3080 I cast_shell: [3083:3105:INFO:mixer_input.cc(346)] no_delay(0xf3c2fd5c): type volume = 1, effective multiplier = 1
04-09 19:21:16.134  3080  3080 I cast_shell: [3083:3105:INFO:mixer_input.cc(395)] no_delay(0xf3c2fd5c): mute volume = 1, effective multiplier = 1
04-09 19:21:16.134  3080  3080 I cast_shell: [3083:3105:INFO:mixer_input_connection.cc(1053)] 0xf3c2fd58 ready for playback
04-09 19:21:16.134  3080  3080 I cast_shell: [3083:3105:INFO:mixer_input_connection.cc(705)] Start 0xf3c2fd58
04-09 19:21:16.136  3080  3080 I cast_shell: [3083:3123:INFO:ble_setup.cc(322)] Record action: Setup.play_sound.BLE
04-09 19:21:16.137  3080  3080 I cast_shell: [3083:3102:INFO:synchronized_sound_player.cc(362)] Playing sound key 0
04-09 19:21:16.137  3080  3080 I cast_shell: [3083:3107:INFO:mixer_input_connection.cc(386)] Remove 0xf3c2fd58
04-09 19:21:16.159  3080  3080 I cast_shell: [3083:3102:INFO:audio_decoder_software_wrapper.cc(86)] Using backend decoder for PCM
04-09 19:21:16.159  3080  3080 I cast_shell: [3083:3107:INFO:mixer_input_connection.cc(208)] Create 0xf3c383f8 (no_delay), content type: media, focus type: media, fill size: 512, algorithm fill size: 240, channel count: 2, input sample rate: 48000, start threshold: 3360, max queue size: 9600, socket: 0xf0618510
04-09 19:21:16.179  3080  3080 I cast_shell: [3083:3107:INFO:mixer_input_connection.cc(243)] Delete 0xf3c2fd58
04-09 19:21:16.179  3080  3080 I cast_shell: [3083:3105:INFO:stream_mixer.cc(683)] Remove input 0xf3c2fd5c
04-09 19:21:16.179  3080  3080 I chatty  : uid=1000(chrome) /bin/logwrapper identical 1 line
04-09 19:21:16.179  3080  3080 I cast_shell: [3083:3105:INFO:stream_mixer.cc(683)] Remove input 0xf3c2fd5c
04-09 19:21:16.179  3080  3080 I cast_shell: [3083:3105:INFO:stream_mixer.cc(604)] Input source channel count = 2
04-09 19:21:16.179  3080  3080 I cast_shell: [3083:3105:INFO:stream_mixer.cc(607)] Dynamic channel count not enabled; using stereo
04-09 19:21:16.179  3080  3080 I cast_shell: [3083:3105:INFO:stream_mixer.cc(640)] Add input 0xf3c383fc to mix @ 48000 samples per second. Is primary source? = 0
04-09 19:21:16.179  3080  3080 I cast_shell: [3083:3105:INFO:mixer_input.cc(361)] no_delay(0xf3c383fc): set volume limits to [0, 1]
04-09 19:21:16.179  3080  3080 I cast_shell: [3083:3105:INFO:mixer_input.cc(346)] no_delay(0xf3c383fc): type volume = 1, effective multiplier = 1
04-09 19:21:16.179  3080  3080 I cast_shell: [3083:3105:INFO:mixer_input.cc(395)] no_delay(0xf3c383fc): mute volume = 1, effective multiplier = 1
04-09 19:21:16.180  3080  3080 I cast_shell: [3083:3102:INFO:media_pipeline_backend_for_mixer.cc(276)] Audio ready to play
04-09 19:21:16.180  3080  3080 I cast_shell: [3083:3105:INFO:mixer_input_connection.cc(1053)] 0xf3c383f8 ready for playback
04-09 19:21:16.200  3080  3080 I cast_shell: [3083:3105:INFO:mixer_input_connection.cc(705)] Start 0xf3c383f8
04-09 19:21:16.819  3080  3080 I cast_shell: [3083:3091:ERROR:connectivity_checker_impl.cc(265)] Connectivity check failed: 400
04-09 19:21:17.800  3080  3080 I cast_shell: [3083:3105:INFO:mixer_input_connection.cc(589)] End of stream for 0xf3c383f8
04-09 19:21:17.826  3080  3080 I cast_shell: [3083:3091:ERROR:connectivity_checker_impl.cc(265)] Connectivity check failed: 400
04-09 19:21:17.992  3080  3080 I cast_shell: [3083:3102:INFO:synchronized_sound_player.cc(496)] Finished playing sound
04-09 19:21:17.992  3080  3080 I cast_shell: [3083:3107:INFO:mixer_input_connection.cc(386)] Remove 0xf3c383f8
04-09 19:21:18.056  3080  3080 I cast_shell: [3083:3107:INFO:mixer_input_connection.cc(243)] Delete 0xf3c383f8
04-09 19:21:18.056  3080  3080 I cast_shell: [3083:3105:INFO:stream_mixer.cc(683)] Remove input 0xf3c383fc
04-09 19:21:18.056  3080  3080 I cast_shell: [3083:3105:INFO:stream_mixer.cc(774)] Close timeout
04-09 19:21:18.056  3080  3080 I cast_shell: [3083:3105:INFO:stream_mixer.cc(541)] Stop
04-09 19:21:18.056  3080  3080 I cast_shell: [3083:3091:INFO:loopback_audio_input.cc(194)] [REALIGN] loopback interrupted; reason = 4
04-09 19:21:18.057  3080  3080 I cast_shell: [3083:3083:INFO:cast_receiver_mojo.cc(844)] cast event : Cast.Platform.Audio.OutputInterrupted
04-09 19:21:18.141  3080  3080 I cast_shell: [3083:3106:INFO:mixer_output_stream_alsa.cc(293)] snd_pcm_close: handle=0xf3d0a588
04-09 19:21:18.833  3080  3080 I cast_shell: [3083:3091:ERROR:connectivity_checker_impl.cc(265)] Connectivity check failed: 400
04-09 19:21:20.846  3080  3080 I chatty  : uid=1000(chrome) /bin/logwrapper identical 2 lines
04-09 19:21:21.853  3080  3080 I cast_shell: [3083:3091:ERROR:connectivity_checker_impl.cc(265)] Connectivity check failed: 400
04-09 19:21:21.865  3080  3080 I cast_shell: [3083:3083:INFO:grpc_manager_impl.cc(505)] GRPC[uri=[::]:0]: num_pending_calls=0, num_active_handlers=0, num_free_handlers=0
04-09 19:21:21.867  3080  3080 I cast_shell: [3083:3083:INFO:grpc_manager_impl.cc(505)] GRPC[uri=]: num_pending_calls=0, num_active_handlers=0, num_free_handlers=0
04-09 19:21:21.901  3080  3080 I cast_shell: [3083:3083:INFO:grpc_manager_impl.cc(505)] GRPC[uri=unix:/tmp/hcp_ipc_auth.socket]: num_pending_calls=0, num_active_handlers=10, num_free_handlers=0
04-09 19:21:21.906  3080  3080 I cast_shell: [3083:3083:INFO:grpc_manager_impl.cc(505)] GRPC[uri=unix:/tmp/modular_updater/modular_update_service]: num_pending_calls=0, num_active_handlers=0, num_free_handlers=0
04-09 19:21:21.929  3080  3080 I cast_shell: [3083:3083:INFO:metrics_recorder.cc(112)] Metrics stat: total=12
04-09 19:21:21.929  3080  3080 I cast_shell: Cast.Discovery.Mdns.ResponderPing=1
04-09 19:21:21.929  3080  3080 I cast_shell: Cast.Discovery.Mdns.SocketPing=2
04-09 19:21:21.929  3080  3080 I cast_shell: Setup.eureak_info_keys.BLE=7
04-09 19:21:21.929  3080  3080 I cast_shell: Setup.eureka_info_immutable_basic.BLE=2
04-09 19:21:21.929  3080  3080 I cast_shell: Setup.eureka_info_mutable_reads.BLE=1
04-09 19:21:21.929  3080  3080 I cast_shell: Setup.i8n_info.BLE=7
04-09 19:21:21.929  3080  3080 I cast_shell: Setup.ip_address.BLE=1
04-09 19:21:21.929  3080  3080 I cast_shell: Setup.name_utf8.BLE=1
04-09 19:21:21.929  3080  3080 I cast_shell: Setup.scan_results.BLE=2
04-09 19:21:21.929  3080  3080 I cast_shell: Setup.state.BLE=1
04-09 19:21:22.050  3080  3080 I cast_shell: [3083:3123:INFO:wifi_proximity.cc(177)] Request scan.
04-09 19:21:22.077  3080  3080 I cast_shell: [3083:3083:INFO:grpc_manager_impl.cc(505)] GRPC[uri=[::]:8012]: num_pending_calls=0, num_active_handlers=1, num_free_handlers=0
04-09 19:21:22.860  3080  3080 I cast_shell: [3083:3091:ERROR:connectivity_checker_impl.cc(265)] Connectivity check failed: 400
04-09 19:21:27.893  3080  3080 I chatty  : uid=1000(chrome) /bin/logwrapper identical 5 lines
04-09 19:21:28.900  3080  3080 I cast_shell: [3083:3091:ERROR:connectivity_checker_impl.cc(265)] Connectivity check failed: 400
04-09 19:21:29.247  3080  3080 I cast_shell: [3083:3123:INFO:ble_setup.cc(322)] Record action: Setup.connect_wifi.BLE
04-09 19:21:29.254  3080  3080 I cast_shell: [3083:3123:INFO:setup_manager_impl.cc(1965)] New value: pref=tos-accepted, value=1
04-09 19:21:29.254  3080  3080 I cast_shell: [3083:3123:INFO:api_connect_wifi.cc(86)] connect_wifi Auth: 7
04-09 19:21:29.254  3080  3080 I cast_shell: [3083:3123:INFO:api_connect_wifi.cc(90)] connect_wifi Cipher: 4
04-09 19:21:29.254  3080  3080 I cast_shell: [3083:3083:INFO:bluetooth_setup.cc(686)] Disabling connectability: no bonded devices.
04-09 19:21:29.254  3080  3080 I cast_shell: [3083:3083:INFO:cast_receiver_impl.cc(1100)] Leaving discovery-only mode
04-09 19:21:29.254  3080  3080 I cast_shell: [3083:3083:INFO:application_config_manager_impl.cc(566)] Enabling virtual device b0ba0719-1488-255d-eec3-c542c877e99a
04-09 19:21:29.254  3080  3080 I cast_shell: [3083:3133:INFO:mdns_cast_service.cc(351)] Device discovery state is idle
04-09 19:21:29.255  3080  3080 I cast_shell: [3083:3133:INFO:mdns_util.cc(102)] Defaulting mDNS capabilities for audio-only build
04-09 19:21:29.268  3080  3080 I cast_shell: [3083:3123:INFO:wifi_controller_wpa_supplicant.cc(1188)] strongest_snr=25 wifi_interface_index=0
04-09 19:21:29.285  2733  2762 I bluetoothtbd: [0409/065129.285650:INFO:adapter.cc(551)] Adapter properties changed
04-09 19:21:29.286  2711  2723 I yani_server: NetLink Event '-1' Interface-Index '5' WLAN '-1' Ethernet '-1' Parsed-iFill '-1' -> 'INVALID' ifIndex '1' -> 'lo'
04-09 19:21:29.288  3080  3080 I cast_shell: [3083:3123:INFO:api_connect_wifi.cc(159)] [PII] Configuring wifi: ssid=Linksys16717_2G, auth=7, pairwise=4, id=0"
04-09 19:21:29.288  3080  3080 I cast_shell: [3083:3123:INFO:api_connect_wifi.cc(162)] Configuring wifi: otg =0, tethering_mode =0, wifi_auto_save_enabled=0
04-09 19:21:29.288  3080  3080 I cast_shell: [3083:3123:INFO:local_network_info_impl.cc(276)] CONNECTIVITY_ID changed:
04-09 19:21:29.288  3080  3080 I cast_shell: [3083:3123:INFO:setup_state.cc(261)] Setup state changed: SETUP_STATE_DISCONNECTED_EXTERNAL_CLIENT_ACCESSED (11) -> SETUP_STATE_SCANNING (20)
04-09 19:21:29.288  3080  3080 I cast_shell: [3083:3083:INFO:ccs_manager_impl.cc(1799)] Connectivity ID has changed; Will re-register CCS
04-09 19:21:29.288  3080  3080 I cast_shell: [3083:3083:INFO:ccs_manager_impl.cc(851)] Network connectivity down for CcsManager
04-09 19:21:29.290  3080  3080 I cast_shell: [3083:3123:INFO:bluetooth_manager.cc(115)] Record action: Cast.Bluetooth.DiscoveryMode.Disable
04-09 19:21:29.291  3080  3080 I cast_shell: [3083:3123:INFO:setup_state.cc(261)] Setup state changed: SETUP_STATE_SCANNING (20) -> SETUP_STATE_CHECKING_GLOBAL_CONNECTIVITY (50)
04-09 19:21:29.296  2962  3159 I LibreCastControlDelegate: OnCastStatus() +++ Lyric Speaker Box 21f384:0xabc12198:OFFLINE
04-09 19:21:29.296  2962  3159 I LibreCastControlDelegate: Device Build Number -> '1.52.272222'
04-09 19:21:29.296  2962  3159 I librecast: updateCastBuildVersion() Version 1.52.272222
