04-09 19:19:20.636  2998  2998 I sh      : Info: PostInstall(): Verified: c0a32d19e9472d75e6a4a0d415c7142f1d812e45 lib/libcast_media_1.0.so
04-09 19:19:20.637  2998  2998 I sh      : Info: PostInstall(): Verified: ea15fd3f7263c4e4ec8ff7e661ad009b2751d6b0 lib/libcast_reboot_1.0.so
04-09 19:19:20.651  2998  2998 I sh      : Info: PostInstall(): Verified: bab44ef72e87840c779595947789f92d8933915d lib/libcast_sys_info_1.0.so
04-09 19:19:20.652  2998  2998 I sh      : Info: PostInstall(): Verified: e6a256e1c84600b07ff6b036c5831ae9e001e9e1 lib/libcast_sys_updater_1.0.so
04-09 19:19:20.726  2998  2998 I sh      : Info: PostInstall(): Verified: c445234efe669df3f2b3a16af74b704dc1ce4984 lib/libcast_widevine_ce_cdm.so
04-09 19:19:20.741  2998  2998 I sh      : Info: PostInstall(): Verified: dd9142a277aaa9d66c4abe5c40621d90d09911a0 lib/libcast_wifi_1.0.so
04-09 19:19:20.742  2998  2998 I sh      : Info: PostInstall(): Verified: 72cbb2ec7b9d7add7327a3fc606b0640546a438c lib/libcast_wifi_stats_1.0.so
04-09 19:19:20.878  2998  2998 I sh      : Info: PostInstall(): Verified: 6b6c90c3c6b2518130085a774bec657f0b81ea9a lib/libffmpeg.so
04-09 19:19:20.891  2998  2998 I sh      : Info: PostInstall(): Verified: 31568a1c2bd951fbb438564c85bd1712182569a2 lib/processors/libcast_bass_extender_2.0.so
04-09 19:19:20.905  2998  2998 I sh      : Info: PostInstall(): Verified: dc4a61a051d820dec51d3413c36eef73d023d5ca lib/processors/libcast_brownout_limiter_2.0.so
04-09 19:19:20.920  2998  2998 I sh      : Info: PostInstall(): Verified: c0f0eaa712bfc62609b97109199b7b2f9adaa9ee lib/processors/libcast_crossover_2.0.so
04-09 19:19:20.931  2998  2998 I sh      : Info: PostInstall(): Verified: 2b3bac0645899d6bdda74d39822d04e72b52de47 lib/processors/libcast_delay_2.0.so
04-09 19:19:20.942  2998  2998 I sh      : Info: PostInstall(): Verified: 9d788835deb556a7a502fa414826b2ec4aa4223f lib/processors/libcast_dynamic_bass_extender_2.0.so
04-09 19:19:20.953  2998  2998 I sh      : Info: PostInstall(): Verified: aa6f782203b0d98f3178c7f7d3c97e8defdf9c2e lib/processors/libcast_dynamic_biquad_2.0.so
04-09 19:19:20.966  2998  2998 I sh      : Info: PostInstall(): Verified: 1a09dcdb4cae5a07c055af0c06f87833b2ea9847 lib/processors/libcast_dynamic_range_2.0.so
04-09 19:19:20.971  2998  2998 I sh      : Info: PostInstall(): Verified: 776f16f6ec2986b8bc807728525b4fa24dee4998 lib/processors/libcast_equalizer_1.0.so
04-09 19:19:20.982  2998  2998 I sh      : Info: PostInstall(): Verified: efe4f7e45d5552c079004a821679b5276d9cdd88 lib/processors/libcast_equalizer_2.0.so
04-09 19:19:20.993  2998  2998 I sh      : Info: PostInstall(): Verified: 96630ea6fffd74f6886f9929f7f61dac4bff5efb lib/processors/libcast_function_generator_2.0.so
04-09 19:19:21.009  2998  2998 I sh      : Info: PostInstall(): Verified: 9e828f5def5913b23912981961e2546f69e04c92 lib/processors/libcast_governor_2.0.so
04-09 19:19:21.023  2998  2998 I sh      : Info: PostInstall(): Verified: c0c81c0db860e5de36a1c28d5a116116d8b22391 lib/processors/libcast_multiband_2.0.so
04-09 19:19:21.034  2998  2998 I sh      : Info: PostInstall(): Verified: 986e13ac6c5a2a0803b6560a5846af7b8a4406d5 lib/processors/libcast_pop_checker_2.0.so
04-09 19:19:21.048  2998  2998 I sh      : Info: PostInstall(): Verified: 9cc46d270dedfce7beedb62462bdc1a40165067e lib/processors/libcast_saturated_gain_2.0.so
04-09 19:19:21.059  2998  2998 I sh      : Info: PostInstall(): Verified: 805527f3da2374f54e65954a463b3d4be6570358 lib/processors/libcast_sound_meter_2.0.so
04-09 19:19:21.065  2998  2998 I sh      : Info: PostInstall(): Verified: ffe5f0bf40d7e59d8b4573c258a0bd74a40f8c58 lib/processors/libcast_upsampler_2.0.so
04-09 19:19:21.067  2998  2998 I sh      : Info: PostInstall(): Verified: 9ad64d7bbc019b7df806c981d02984f41df0f531 process.json
04-09 19:19:21.094  2998  2998 I sh      : Info: PostInstall(): Verified: 8aa86838a19280c5fc46f4cc3dc3fe969d6cafce process_manager
04-09 19:19:21.096  2998  2998 I sh      : Info: PostInstall(): Verified: c25f6c874c4e8013d85db646bfba65a155a806f5 resources/inspector/main/main.js
04-09 19:19:21.098  2998  2998 I sh      : Info: PostInstall(): Verified: da39a3ee5e6b4b0d3255bfef95601890afd80709 setup/http/.dummy
04-09 19:19:21.100  2998  2998 I sh      : Info: PostInstall(): Verified: 801b2570021e2760cd6730de30071aebd9f5158b setup/http/audio/audio.html
04-09 19:19:21.101  2998  2998 I sh      : Info: PostInstall(): Verified: 4aae69dca77c81a6a19181124a01ef403b088cc8 setup/http/audio/css/main.css
04-09 19:19:21.105  2998  2998 I sh      : Info: PostInstall(): Verified: 01a9e53b6cd4692e6c288392bf4bdd9603c5e45a setup/http/audio/data/config.json
04-09 19:19:21.105  2998  2998 I sh      : Info: PostInstall(): Verified: 0423952e9750b5b4e5e0a4ad4ba8c3b19a32e4f1 setup/http/audio/favicon.ico
04-09 19:19:21.108  2998  2998 I sh      : Info: PostInstall(): Verified: 4a2e549068fac4c7019c6f5950f961cb8f45e867 setup/http/audio/js/audio.js
04-09 19:19:21.110  2998  2998 I sh      : Info: PostInstall(): Verified: 488e70c0bd8f32e55dccff3ec6de0660fc58d5b4 setup/http/audio/js/json-stringify-pretty-compact.js
04-09 19:19:21.114  2998  2998 I sh      : Info: PostInstall(): Verified: 48590ae1c3bbf8facb1619c1c762bb78fca99c8a snapshot_blob.bin
04-09 19:19:21.155  2998  2998 I sh      : Info: PostInstall(): Verified: 07acf09cefae3554a741667403d911f94b22a7d4 update_engine
04-09 19:19:21.157  2998  2998 I sh      : Info: PostInstall(): Verified: e05ef1cc2cdb0a31bc7ada56aa635f3d655fe2e7 watchdog/wd.dmp
04-09 19:19:21.157  2998  2998 I sh      : Info: PostInstall(): PostInstall validation OK
04-09 19:19:21.157  2998  2998 I sh      : Info: main(): Post-Installation validation succeeded
04-09 19:19:21.212  3067  3067 I sh      : test: not integer: LSB
04-09 19:19:21.234  3067  3067 I sh      : test: not integer: d256
04-09 19:19:21.235  3067  3067 I sh      : Model : LSB, SSID-Suffix : d256
04-09 19:19:21.298  3068  3068 I cast_cli: [0409/064921.298087:INFO:package_utils.cc(186)] Run process_manager: /bin/logwrapper /system/chrome/process_manager --async --accept-resource-provider=true --alsa-enable-upsampling=true --alsa-output-avail-min=256 --alsa-output-buffer-size=4096 --alsa-output-period-size=512 --alsa-output-start-threshold=2048 --default-eureka-name-prefix=LSB --enable-background-apps=true --enable-hi-res-audio-support=true --enable-multizone=true --netif-for-unique-ids=wlan0 --ota-directory=/data/chrome/cache/ --setup-ssid-suffix=d256 --setup-support-guest-mode=0 --wpa-supplicant-unix-socket-path=/dev/socket/wpa_wlan0
04-09 19:19:21.326  3074  3074 I process_manager: [0409/064921.325967:INFO:process_manager.cc(348)] process manager initialized
04-09 19:19:21.326  3074  3074 I process_manager: [0409/064921.326444:INFO:process_manager.cc(399)] Process manager is starting
04-09 19:19:21.327  3074  3074 I process_manager: [0409/064921.326960:INFO:process_manager.cc(409)] Process manager successfully started with pid 3076
04-09 19:19:21.329  3068  3068 I cast_cli: [0409/064921.329466:INFO:cast_cli.cc(433)] Process manager successfully started as daemon
04-09 19:19:21.356  3076  3076 I process_manager: [0409/064921.355785:INFO:process_manager.cc(348)] process manager initialized
04-09 19:19:21.356  3076  3076 I process_manager: [0409/064921.356372:INFO:process_manager.cc(475)] Resuming manager from a previous state
04-09 19:19:21.389  3076  3076 I process_manager: [0409/064921.389058:INFO:package_utils.cc(186)] Run update_engine: /bin/logwrapper /system/chrome/update_engine --foreground --netif-for-unique-ids=eth0 --omaha-beta-app-id={c71af7c9-fb75-4084-9bb1-6483fae36524} --omaha-prod-app-id={c71af7c9-fb75-4084-9bb1-6483fae36524} --ota-directory=/chrome/cache/ --update-engine-unix-socket-path=/tmp/socket/updater --v=4 --netif-for-unique-ids=wlan0 --ota-directory=/data/chrome/cache/
04-09 19:19:21.390  3076  3076 I process_manager: [0409/064921.390070:INFO:package_utils.cc(186)] Run crash_uploader: /bin/logwrapper /system/chrome/crash_uploader
04-09 19:19:21.391  3076  3076 I process_manager: [0409/064921.391052:INFO:package_utils.cc(186)] Run cast_shell: /bin/logwrapper /system/chrome/cast_shell --accept-resource-provider=true --alsa-enable-upsampling=false --app-config-path=/fakeapp.conf --blink-platform-log-channels=Media --cast-control-unix-socket-path=/tmp/cast-control --default-eureka-name-prefix=Google Cast Speaker --disable-dial=true --disable-images-for-app-id=*|1B11061A --enable-background-apps=false --idle-screen=false --js-flags=--trace_gc --netif-for-unique-ids=eth0 --no-daily-reboot=true --ota-directory=/chrome/cache/ --setup-support-guest-mode=0 --skip-gpu-data-loading --update-engine-unix-socket-path=/tmp/socket/updater --accept-resource-provider=true --alsa-enable-upsampling=true --alsa-output-avail-min=256 --alsa-output-buffer-size=4096 --alsa-output-period-size=512 --alsa-output-start-threshold=2048 --default-eureka-name-prefix=LSB --enable-background-apps=true --enable-hi-res-audio-support=true --enable-multizone=true --netif-for-unique-ids=wlan0 --ota-directory=/data/chrome/cache/ --setup-ssid-suffix=d256 --setup-support-guest-mode=0 --wpa-supplicant-unix-socket-path=/dev/socket/wpa_wlan0
04-09 19:19:21.415  3079  3079 I crash_uploader: [0409/064921.414426:INFO:crash_uploader.cc(45)] Starting crash uploader...
04-09 19:19:21.417  3079  3079 I crash_uploader: [0409/064921.416996:ERROR:synchronized_minidump_manager.cc(251)] Lockfile did not parse correctly. 
04-09 19:19:21.421  3078  3078 I update_engine: [0409/064921.420916:INFO:main.cc(149)] Eureka Update Engine starting
04-09 19:19:21.422  3078  3078 I update_engine: [0409/064921.422231:INFO:update_check_scheduler.cc(77)] Next update check in 2700 seconds
04-09 19:19:21.422  3078  3078 I update_engine: [0409/064921.422482:INFO:string_based_ipc_server.cc(75)] Start IPC server: /tmp/socket/updater
04-09 19:19:21.422  3078  3078 I update_engine: [0409/064921.422824:INFO:unix_stream_server_socket.cc(62)] Unix server socket is created: /tmp/socket/updater
04-09 19:19:21.623  3080  3080 I cast_shell: [3083:3083:ERROR:pref_service_helper.cc(79)] Cannot initialize chromecast config: /data/chrome/.eureka.conf, pref_error=6
04-09 19:19:21.625  3080  3080 I cast_shell: [3083:3083:WARNING:discardable_shared_memory_manager.cc(194)] Less than 64MB of free space in temporary directory for shared memory files: 32
04-09 19:19:21.638  3080  3080 I cast_shell: Fontconfig warning: "/etc/fonts/fonts.conf", line 80: unknown element "blank"
04-09 19:19:21.826  3080  3080 I cast_shell: [3083:3083:INFO:cast_system_memory_pressure_evaluator.cc(167)] AdjustMemoryFractions: critical_memory_fraction_=0.25, moderate_memory_fraction_=0.4
04-09 19:19:21.833  3080  3080 I cast_shell: [3083:3083:INFO:cast_window_manager_aura.cc(198)] Starting window manager, bounds: 0,0 1x1
04-09 19:19:21.840  3080  3080 I cast_shell: [3083:3102:ERROR:mixer_connection.cc(91)] Failed to connect to mixer service: -102
04-09 19:19:21.841  3080  3080 I cast_shell: [3083:3083:WARNING:client_auth_manager.cc(94)] Old certificate is empty.
04-09 19:19:21.841  3080  3080 I cast_shell: [3083:3083:INFO:device_info_impl.cc(135)] [PII] Weave device ID: 
04-09 19:19:21.845  3080  3080 I cast_shell: [3083:3083:INFO:device_info_impl.cc(406)] MAC address for wlan0: CC:90:93:21:F3:84
04-09 19:19:21.845  3080  3080 I cast_shell: [3083:3083:INFO:device_info_impl.cc(431)] Device model id: COTODAMA.LS10 Platform.LSB
04-09 19:19:21.845  3080  3080 I cast_shell: [3083:3083:INFO:device_info_impl.cc(466)] Control Notifications: 0
04-09 19:19:21.845  3080  3080 I cast_shell: [3083:3083:ERROR:device_info_impl.cc(145)] Cannot read file: /data/bootid
04-09 19:19:21.845  3080  3080 I cast_shell: [3083:3083:INFO:device_info_impl.cc(482)] SSDP Boot ID: 0
04-09 19:19:21.845  3080  3080 I cast_shell: [3083:3083:INFO:device_info_impl.cc(486)] SSDP Config ID: 1
04-09 19:19:21.845  3080  3080 I cast_shell: [3083:3083:WARNING:secure_storage_impl.cc(85)] Device key not available yet.
04-09 19:19:21.845  3080  3080 I cast_shell: [3083:3083:INFO:cast_power_manager_provider.cc(26)] Creating DummyCastPowerManagerProvider
04-09 19:19:21.846  3080  3080 I cast_shell: [3083:3083:WARNING:auth_provider_impl.cc(72)] No IoT client_id found on the device. If device was FDRed please ignore this warning.
04-09 19:19:21.846  3080  3080 I cast_shell: [3083:3083:INFO:file_provider_impl.cc(67)] Initialized file provider with base dir: /data/chrome/auth
04-09 19:19:21.846  3080  3080 I cast_shell: [3083:3083:INFO:cast_power_manager_provider.cc(26)] Creating DummyCastPowerManagerProvider
04-09 19:19:21.846  3080  3080 I cast_shell: [3083:3105:INFO:stream_mixer.cc(222)] Mixer health checker started
04-09 19:19:21.846  3080  3080 I cast_shell: [3083:3106:INFO:stream_mixer.cc(121)] Actual priority = 99, policy = 1
04-09 19:19:21.846  3080  3080 I cast_shell: [3083:3105:WARNING:post_processing_pipeline_parser.cc(65)] No post-processing config found at /etc/cast_audio.json.
04-09 19:19:21.846  3080  3080 I cast_shell: [3083:3105:WARNING:post_processing_pipeline_parser.cc(133)] No post-processor description found for "mix" in /etc/cast_audio.json. Using passthrough.
04-09 19:19:21.846  3080  3080 I cast_shell: [3083:3105:INFO:mixer_pipeline.cc(103)] 2 input channels to 'mix' group
04-09 19:19:21.846  3080  3080 I cast_shell: [3083:3105:WARNING:post_processing_pipeline_parser.cc(133)] No post-processor description found for "linearize" in /etc/cast_audio.json. Using passthrough.
04-09 19:19:21.846  3080  3080 I cast_shell: [3083:3105:INFO:mixer_pipeline.cc(124)] 2 input channels to 'linearize' group
04-09 19:19:21.846  3080  3080 I cast_shell: [3083:3105:INFO:alsa_volume_control.cc(43)] Opening mixer element "Master" on device "default"
04-09 19:19:21.849  3080  3080 I cast_shell: [3083:3107:INFO:audio_socket_service_uds.cc(44)] Using endpoint /tmp/mixer-service
04-09 19:19:21.852  3080  3080 I cast_shell: [3083:3105:INFO:alsa_volume_control.cc(219)] Volume device = default, element = Master
04-09 19:19:21.852  3080  3080 I cast_shell: [3083:3105:INFO:alsa_volume_control.cc(221)] Mute device = default, element = Master
04-09 19:19:21.852  3080  3080 I cast_shell: [3083:3105:INFO:alsa_volume_control.cc(234)] Idle device = default, elements = []
04-09 19:19:21.852  3080  3080 I cast_shell: [3083:3105:INFO:alsa_volume_control.cc(43)] Opening mixer element "Master" on device "default"
04-09 19:19:21.856  3080  3080 I cast_shell: [3083:3091:INFO:parent_tracker.cc(90)] [PII](DAE941F7E62E89FC6A9E35CD4E2EDDD1) has hash 2848136661, root wait is 3.36867 s
04-09 19:19:21.856  3080  3080 I cast_shell: [3083:3083:INFO:multizone_manager.cc(330)] Multizone features are enabled
04-09 19:19:21.856  3080  3080 I cast_shell: [3083:3083:INFO:cast_power_manager_provider.cc(26)] Creating DummyCastPowerManagerProvider
04-09 19:19:21.856  3080  3080 I cast_shell: [3083:3083:INFO:update_engine_client_with_ipc.cc(343)] Using IPC UpdateEngineClient
04-09 19:19:21.857  3083  3083 E         : Create
04-09 19:19:21.857  3083  3083 E         : OOBE IsSupported
04-09 19:19:21.858  3080  3080 I cast_shell: [3083:3091:INFO:parent_tracker.cc(120)] Can't use IPv4
04-09 19:19:21.858  3080  3080 I cast_shell: [3083:3091:INFO:parent_tracker.cc(124)] Can't use IPv6
04-09 19:19:21.858  3080  3080 I cast_shell: [3083:3091:ERROR:parent_tracker.cc(125)] No valid interface for multicast
04-09 19:19:21.858  3080  3080 I cast_shell: [3083:3091:INFO:directory_service_impl.cc(168)] Boot count is now 1
04-09 19:19:21.858  3080  3080 I cast_shell: [3083:3091:ERROR:socket_posix.cc(148)] bind() failed: Address already in use (98)
04-09 19:19:21.858  3080  3080 I cast_shell: [3083:3091:ERROR:tcp_listener.cc(64)] Listen failed: net::ERR_ADDRESS_IN_USE : 0.0.0.0:10101
04-09 19:19:21.858  3080  3080 I cast_shell: [3083:3091:ERROR:directory_service_impl.cc(213)] TCP listener error: -1
04-09 19:19:21.859  3080  3080 I cast_shell: [3083:3083:INFO:chromecast_service_client_default.cc(75)] System updater is supported, and this is first setup.
04-09 19:19:21.860  3080  3080 I cast_shell: [3083:3083:INFO:managed_mode_service.cc(345)] Starting in managed mode: 0
04-09 19:19:21.860  3080  3080 I cast_shell: [3083:3083:INFO:platform_client_auth_creds.cc(114)] Loaded client certificate. Key len = 2048 bits. Chain len = 2 (source FROM_CERT).
04-09 19:19:21.862  3080  3080 I cast_shell: [3083:3083:INFO:grpc_manager_impl.cc(245)] Registered service chromecast.LocalCloudcastService
04-09 19:19:21.862  3080  3080 I cast_shell: [3083:3083:INFO:grpc_manager_impl.cc(262)] Registered a handler ExecuteActionScript for service chromecast.LocalCloudcastService
04-09 19:19:21.863  3080  3080 I cast_shell: [3083:3083:INFO:grpc_manager_impl.cc(262)] Registered a handler ObserveDeviceStatus for service chromecast.LocalCloudcastService
04-09 19:19:21.863  3080  3080 I cast_shell: [3083:3083:INFO:grpc_manager_impl.cc(262)] Registered a handler GetDeviceStatus for service chromecast.LocalCloudcastService
04-09 19:19:21.864  3080  3080 I cast_shell: [3083:3083:INFO:grpc_manager_impl.cc(505)] GRPC[uri=[::]:0]: num_pending_calls=0, num_active_handlers=0, num_free_handlers=0
04-09 19:19:21.864  3080  3080 I cast_shell: [3083:3083:INFO:cast_power_manager_provider.cc(26)] Creating DummyCastPowerManagerProvider
04-09 19:19:21.864  3080  3080 I cast_shell: [3083:3083:INFO:cast_power_manager_provider.cc(26)] Creating DummyCastPowerManagerProvider
04-09 19:19:21.864  3080  3080 I cast_shell: [3083:3083:INFO:gcm_manager.cc(140)] GCM Dir = /data/chrome/gcm
04-09 19:19:21.865  3080  3080 I cast_shell: [3083:3083:INFO:gcm_manager.cc(258)] Enabling GCM Driver
04-09 19:19:21.865  3080  3080 I cast_shell: [3083:3083:INFO:grpc_manager_impl.cc(505)] GRPC[uri=]: num_pending_calls=0, num_active_handlers=0, num_free_handlers=0
04-09 19:19:21.866  3080  3080 I cast_shell: [3083:3083:INFO:lycra_gcm.cc(117)] Deferring GCM registration until connectivity is up.
04-09 19:19:21.894  3080  3080 I cast_shell: [3083:3083:WARNING:cloud_settings_manager.cc(513)] Cannot initialize device settings config: /data/chrome/cloud_settings/cloud_settings.prefs, pref_error=6
04-09 19:19:21.895  3080  3080 I cast_shell: [3083:3083:INFO:cloud_settings_manager.cc(195)] Cloud settings is disabled.
04-09 19:19:21.895  3080  3080 I cast_shell: [3083:3083:INFO:pref_metrics_manager.cc(66)] PrefMetricsManager started.
04-09 19:19:21.896  3080  3080 I cast_shell: [3083:3083:INFO:pref_control_service_impl.cc(142)] Loading prefs from /data/chrome/pref_control/pref_control.prefs
04-09 19:19:21.896  3080  3080 I cast_shell: [3083:3083:INFO:pref_control_service_impl.cc(602)] Registering pref Pref [Name:motion_sensing_pref,RestoreValue:1,ForceEnableParent:1,Value:1,Optin:1]
04-09 19:19:21.896  3080  3080 I cast_shell: [3083:3083:INFO:pref_control_service_impl.cc(602)] Registering pref Pref [Name:sleep_sensing_pref,RestoreValue:0,ForceEnableParent:1,Value:1,Optin:0]
04-09 19:19:21.897  3080  3080 I cast_shell: [3083:3083:INFO:pref_control_service_impl.cc(602)] Registering pref Pref [Name:sleep_disturbance_pref,RestoreValue:1,ForceEnableParent:0,Value:1,Optin:0]
04-09 19:19:21.897  3080  3080 I cast_shell: [3083:3083:INFO:pref_control_service_impl.cc(602)] Registering pref Pref [Name:sleep_coaching_pref,RestoreValue:1,ForceEnableParent:0,Value:1,Optin:0]
04-09 19:19:21.897  3080  3080 I cast_shell: [3083:3083:INFO:pref_control_service_impl.cc(602)] Registering pref Pref [Name:gesture_sensing_pref,RestoreValue:0,ForceEnableParent:1,Value:1,Optin:0]
04-09 19:19:21.897  3080  3080 I cast_shell: [3083:3083:INFO:pref_control_service_impl.cc(602)] Registering pref Pref [Name:play_and_pause_gesture_pref,RestoreValue:1,ForceEnableParent:0,Value:1,Optin:0]
04-09 19:19:21.897  3080  3080 I cast_shell: [3083:3083:INFO:pref_control_service_impl.cc(602)] Registering pref Pref [Name:snooze_alarm_gesture_pref,RestoreValue:1,ForceEnableParent:0,Value:1,Optin:0]
04-09 19:19:21.897  3080  3080 I cast_shell: [3083:3083:INFO:pref_control_service_impl.cc(602)] Registering pref Pref [Name:stop_timers_gesture_pref,RestoreValue:1,ForceEnableParent:0,Value:1,Optin:0]
04-09 19:19:21.897  3080  3080 I cast_shell: [3083:3083:INFO:pref_metrics_manager.cc(94)] Adding motion_sensing_pref to PrefMetricsManager.
04-09 19:19:21.897  3080  3080 I cast_shell: [3083:3083:INFO:pref_metrics_manager.cc(94)] Adding sleep_sensing_pref to PrefMetricsManager.
04-09 19:19:21.897  3080  3080 I cast_shell: [3083:3083:INFO:pref_metrics_manager.cc(94)] Adding sleep_disturbance_pref to PrefMetricsManager.
04-09 19:19:21.897  3080  3080 I cast_shell: [3083:3083:INFO:pref_metrics_manager.cc(94)] Adding sleep_coaching_pref to PrefMetricsManager.
04-09 19:19:21.898  3080  3080 I cast_shell: [3083:3083:INFO:pref_metrics_manager.cc(94)] Adding play_and_pause_gesture_pref to PrefMetricsManager.
04-09 19:19:21.898  3080  3080 I cast_shell: [3083:3083:INFO:pref_metrics_manager.cc(94)] Adding snooze_alarm_gesture_pref to PrefMetricsManager.
04-09 19:19:21.898  3080  3080 I cast_shell: [3083:3083:INFO:pref_metrics_manager.cc(94)] Adding stop_timers_gesture_pref to PrefMetricsManager.
04-09 19:19:21.898  3080  3080 I cast_shell: [3083:3083:INFO:pref_control_service_impl.cc(107)] PrefControlService constructed.
04-09 19:19:21.898  3080  3080 I cast_shell: [3083:3083:INFO:grpc_manager_impl.cc(245)] Registered service chromecast.grpc_discovery.GrpcDiscoveryService
04-09 19:19:21.898  3080  3080 I cast_shell: [3083:3083:INFO:grpc_manager_impl.cc(262)] Registered a handler GetServiceInfo for service chromecast.grpc_discovery.GrpcDiscoveryService
04-09 19:19:21.899  3080  3080 I cast_shell: [3083:3083:INFO:grpc_manager_impl.cc(505)] GRPC[uri=unix:/tmp/hcp_ipc_auth.socket]: num_pending_calls=0, num_active_handlers=0, num_free_handlers=0
04-09 19:19:21.900  3080  3080 I cast_shell: [3083:3083:INFO:grpc_manager_impl.cc(245)] Registered service usonia.ipc.Auth
04-09 19:19:21.900  3080  3080 I cast_shell: [3083:3120:INFO:common_time.cc(128)] New common clock leader DAE941F7E62E89FC6A9E35CD4E2EDDD1, is_this_device = 1, IP = [::1]:10006, quality = 0
04-09 19:19:21.900  3080  3080 I cast_shell: [3083:3120:INFO:common_time.cc(158)] Set this device as common time source
04-09 19:19:21.904  3080  3080 I cast_shell: [3083:3083:INFO:grpc_manager_impl.cc(505)] GRPC[uri=unix:/tmp/modular_updater/modular_update_service]: num_pending_calls=0, num_active_handlers=0, num_free_handlers=0
04-09 19:19:21.905  3080  3080 I cast_shell: [3083:3083:INFO:cast_power_manager_provider.cc(26)] Creating DummyCastPowerManagerProvider
04-09 19:19:21.911  3080  3080 I cast_shell: [3083:3083:INFO:timezone_settings.cc(288)] Setting system timezone to America/Los_Angeles
04-09 19:19:21.912  3080  3080 I cast_shell: [3083:3083:INFO:daily_reboot_impl.cc(172)] Daily reboot is disabled
04-09 19:19:21.912  3080  3080 I cast_shell: [3083:3083:INFO:api_reboot.cc(321)] active_activities count=1
04-09 19:19:21.913  3080  3080 I cast_shell: [3083:3097:INFO:gamma_utils.cc(31)] Gamma calibration file is not present, use default LUT
04-09 19:19:21.913  3080  3080 I cast_shell: [3083:3083:INFO:cast_power_manager_provider.cc(26)] Creating DummyCastPowerManagerProvider
04-09 19:19:21.913  3080  3080 I chatty  : uid=1000(chrome) /bin/logwrapper identical 1 line
04-09 19:19:21.913  3080  3080 I cast_shell: [3083:3083:INFO:cast_power_manager_provider.cc(26)] Creating DummyCastPowerManagerProvider
04-09 19:19:21.915  3080  3080 I cast_shell: [3083:3097:INFO:tuning_manager.cc(118)] No file found at /etc/cast_audio.json
04-09 19:19:21.916  3080  3080 I cast_shell: [3083:3097:INFO:tuning_manager.cc(130)] No file found at /etc/cast_audio.json
04-09 19:19:21.916  3080  3080 I cast_shell: [3083:3083:INFO:setup_api_registry.cc(192)] Register external API: audio/delete_config
04-09 19:19:21.916  3080  3080 I cast_shell: [3083:3083:INFO:setup_api_registry.cc(192)] Register external API: audio/get_avail_processors
04-09 19:19:21.916  3080  3080 I cast_shell: [3083:3083:INFO:setup_api_registry.cc(192)] Register external API: audio/get_config
04-09 19:19:21.916  3080  3080 I cast_shell: [3083:3083:INFO:setup_api_registry.cc(192)] Register external API: audio/get_default_config
04-09 19:19:21.916  3080  3080 I cast_shell: [3083:3083:INFO:setup_api_registry.cc(192)] Register external API: audio/set_params
04-09 19:19:21.916  3080  3080 I cast_shell: [3083:3083:INFO:setup_api_registry.cc(192)] Register external API: audio/set_config
04-09 19:19:21.916  3080  3080 I cast_shell: [3083:3083:INFO:setup_api_registry.cc(192)] Register external API: user_eq/set_equalizer
04-09 19:19:21.916  3080  3080 I cast_shell: [3083:3083:INFO:capture_service_dummy.cc(11)] Dummy CaptureService.
04-09 19:19:21.920  3080  3080 I cast_shell: [3083:3083:INFO:setup_api_registry.cc(192)] Register external API: auto_media_volume
04-09 19:19:21.920  3080  3080 I cast_shell: [3083:3083:INFO:cast_thread_health_check.cc(53)] Receiver health check timeout: 15 seconds.
04-09 19:19:21.921  3080  3080 I cast_shell: [3083:3083:INFO:file_util.cc(28)] base_assistant_dir = /data/chrome
04-09 19:19:21.921  3080  3080 I cast_shell: [3083:3083:INFO:chromecast_service.cc(2189)] Geolocation changed to: 0
04-09 19:19:21.921  3080  3080 I cast_shell: [3083:3083:INFO:chromecast_service.cc(2229)] AoGH feature is: 0
04-09 19:19:21.921  3080  3080 I cast_shell: [3083:3083:INFO:chromecast_service.cc(2248)] Playback disruption feature is: 0
04-09 19:19:21.927  3080  3080 I cast_shell: [3083:3083:INFO:metrics_recorder.cc(112)] Metrics stat: total=0
04-09 19:19:21.927  3080  3080 I cast_shell: [3083:3108:INFO:media_manager_impl.cc(1043)] New device volume control type: new_type=1, old_type=0
04-09 19:19:21.927  3080  3080 I cast_shell: [3083:3108:INFO:media_manager_impl.cc(1066)] New device volume step interval: new_interval=0.02, old_interval=0
04-09 19:19:21.927  3080  3080 I cast_shell: [3083:3108:ERROR:media_manager_impl.cc(1294)] GetScreenResolution failed.
04-09 19:19:21.927  3080  3080 I cast_shell: [3083:3108:INFO:media_manager_impl.cc(343)] Media manager is initialized.
04-09 19:19:21.927  3080  3080 I cast_shell: [3083:3083:INFO:media_manager_impl.cc(269)] IsHdmiPlatform: 0
04-09 19:19:21.928  3080  3080 I cast_shell: [3083:3083:INFO:hds_settings.cc(136)] HdsSettings using HDS url https://preprod-home-devices.sandbox.google.com/
04-09 19:19:21.929  3080  3080 I cast_shell: [3083:3083:INFO:client_auth_creds.cc(173)] Device cert: 4D8AC5B9056A76852E4F FA:8F:CA:87:13:D1
04-09 19:19:21.929  3080  3080 I cast_shell: [3083:3083:INFO:client_auth_creds.cc(182)] Intermediate cert: LSB
04-09 19:19:21.930  3080  3080 I cast_shell: [3083:3083:INFO:client_auth_creds.cc(182)] Intermediate cert: Amlogic GVA Manufacturer Cert
04-09 19:19:21.930  3080  3080 I cast_shell: [3083:3083:INFO:client_auth_creds.cc(226)] Imported client auth cert.
04-09 19:19:21.930  3080  3080 I cast_shell: [3083:3083:INFO:client_auth_creds.cc(237)] Imported client auth private key
04-09 19:19:21.930  3080  3080 I cast_shell: [3083:3083:INFO:client_auth_signer.cc(155)] Created singleton instance of ClientAuthSigner.
04-09 19:19:21.930  3080  3080 I cast_shell: [3083:3083:INFO:client_auth_manager.cc(119)] Storing the certificate first used by the device.
04-09 19:19:21.990  3080  3080 I cast_shell: [3083:3083:WARNING:application_config_manager_impl.cc(253)] Cannot read application config file: /fakeapp.conf
04-09 19:19:21.990  3080  3080 I cast_shell: [3083:3083:INFO:application_manager_impl.cc(398)] Application manager is initialized.
04-09 19:19:21.991  3080  3080 I cast_shell: [3083:3083:INFO:mdns_cast_service.cc(156)] Device discovery state is idle
04-09 19:19:21.991  3080  3080 I cast_shell: [3083:3083:INFO:mdns_manager_impl.cc(177)] MdnsManager is initialized
04-09 19:19:21.992  3080  3080 I cast_shell: [3083:3133:INFO:mdns_app_filter.cc(573)] MdnsAppFilter initialized
04-09 19:19:21.992  3080  3080 I cast_shell: [3083:3133:INFO:discovered_service_client.cc(102)] Registering new service PTR listener: _googlecast._tcp.local
04-09 19:19:21.992  3080  3080 I cast_shell: [3083:3083:INFO:config_downloader.cc(239)] Set config periodic interval: min=300, max=420
04-09 19:19:21.992  3080  3080 I cast_shell: [3083:3083:INFO:crl_downloader.cc(274)] Set CRL periodic interval: min=2160, max=2880
04-09 19:19:21.992  3080  3080 I cast_shell: [3083:3083:INFO:hds_broker_impl.cc(121)] HDS type registered type.googleapis.com/home.hds.proto.device.relayedcasting.RelayedCastingPleaseConnectRequest
04-09 19:19:21.993  3080  3080 I cast_shell: [3083:3134:INFO:v2_transport.cc(458)] Added Cast V2 endpoint: id=Tr@n$p0rt-0, socket_factory_id=[PII](*)
04-09 19:19:21.993  3080  3080 I cast_shell: [3083:3134:INFO:endpoint_with_namespace_handler.cc(103)] Added a namespace handler: local_id=Tr@n$p0rt-0, namespace=urn:x-cast:com.google.cast.tp.connection
04-09 19:19:21.993  3080  3080 I cast_shell: [3083:3134:INFO:endpoint_with_namespace_handler.cc(103)] Added a namespace handler: local_id=Tr@n$p0rt-0, namespace=urn:x-cast:com.google.cast.tp.heartbeat
04-09 19:19:21.993  3080  3080 I cast_shell: [3083:3083:INFO:mdns_util.cc(102)] Defaulting mDNS capabilities for audio-only build
04-09 19:19:21.993  3080  3080 I cast_shell: [3083:3134:INFO:endpoint_with_namespace_handler.cc(103)] Added a namespace handler: local_id=Tr@n$p0rt-0, namespace=urn:x-cast:com.google.cast.tp.deviceauth
04-09 19:19:21.993  3080  3080 I cast_shell: [3083:3134:INFO:v2_transport.cc(335)] V2Transport initialized.
04-09 19:19:21.993  3080  3080 I cast_shell: [3083:3134:INFO:v2_transport.cc(411)] Added socket factory: id=domain-socket@/tmp/cast-control
04-09 19:19:21.993  3080  3080 I cast_shell: [3083:3083:INFO:virtual_device_manager.cc(138)] Added virtual device: id=[PII](b0ba0719-1488-255d-eec3-c542c877e99a)
04-09 19:19:21.993  3080  3080 I cast_shell: [3083:3134:INFO:v2_transport.cc(411)] Added socket factory: id=opencast-socket
04-09 19:19:21.993  3080  3080 I cast_shell: [3083:3134:INFO:v2_transport.cc(458)] Added Cast V2 endpoint: id=receiver-b0ba0719-1488-255d-eec3-c542c877e99a, socket_factory_id=[PII](b0ba0719-1488-255d-eec3-c542c877e99a)
04-09 19:19:21.993  3080  3080 I cast_shell: [3083:3083:INFO:ccs_manager_impl.cc(522)] Added CCS device
04-09 19:19:21.993  3080  3080 I cast_shell: [3083:3083:INFO:ccs_manager_impl.cc(523)] [PII] device_id=DAE941F7E62E89FC6A9E35CD4E2EDDD1
04-09 19:19:21.993  3080  3080 I cast_shell: [3083:3083:INFO:ccs_manager_impl.cc(838)] Device model revision set to 0
04-09 19:19:21.993  3080  3080 I cast_shell: [3083:3133:INFO:discovered_service_client.cc(102)] Registering new service PTR listener: _googlerpc._tcp.local
04-09 19:19:21.994  3080  3080 I cast_shell: [3083:3134:INFO:endpoint_with_namespace_handler.cc(103)] Added a namespace handler: local_id=receiver-b0ba0719-1488-255d-eec3-c542c877e99a, namespace=urn:x-cast:com.google.cast.receiver
04-09 19:19:21.994  3080  3080 I cast_shell: [3083:3134:INFO:endpoint_with_namespace_handler.cc(103)] Added a namespace handler: local_id=receiver-b0ba0719-1488-255d-eec3-c542c877e99a, namespace=urn:x-cast:com.google.cast.receiver.discovery
04-09 19:19:21.994  3080  3080 I cast_shell: [3083:3134:INFO:endpoint_with_namespace_handler.cc(103)] Added a namespace handler: local_id=receiver-b0ba0719-1488-255d-eec3-c542c877e99a, namespace=urn:x-cast:com.google.cast.receiver.debug
04-09 19:19:21.994  3080  3080 I cast_shell: [3083:3134:INFO:v2_transport.cc(411)] Added socket factory: id=b0ba0719-1488-255d-eec3-c542c877e99a
04-09 19:19:21.994  3080  3080 I cast_shell: [3083:3134:INFO:endpoint_with_namespace_handler.cc(103)] Added a namespace handler: local_id=receiver-b0ba0719-1488-255d-eec3-c542c877e99a, namespace=urn:x-cast:com.google.cast.receiver.key_exchange
04-09 19:19:21.994  3080  3080 I cast_shell: [3083:3134:INFO:endpoint_with_namespace_handler.cc(103)] Added a namespace handler: local_id=receiver-b0ba0719-1488-255d-eec3-c542c877e99a, namespace=urn:x-cast:com.google.cast.broadcast
04-09 19:19:21.994  3080  3080 I cast_shell: [3083:3134:INFO:endpoint_with_namespace_handler.cc(103)] Added a namespace handler: local_id=receiver-b0ba0719-1488-255d-eec3-c542c877e99a, namespace=urn:x-cast:com.google.cast.proximity
04-09 19:19:21.994  3080  3080 I cast_shell: [3083:3134:INFO:endpoint_with_namespace_handler.cc(103)] Added a namespace handler: local_id=receiver-b0ba0719-1488-255d-eec3-c542c877e99a, namespace=urn:x-cast:com.google.cast.resource
04-09 19:19:21.996  2731  2744 W HotspotManager: hotspot already stopped
04-09 19:19:21.996  3080  3080 I cast_shell: [3083:3097:INFO:hotspot_controller_netmgr.cc(134)] Hotspot socket initialized: /dev/socket/net_mgr
04-09 19:19:21.996  3080  3080 I cast_shell: [3083:3097:INFO:hotspot_manager.cc(103)] Stop zombie hotspot if there is one
04-09 19:19:21.996  3080  3080 I cast_shell: [3083:3083:INFO:setup_manager_impl.cc(610)] release channel: beta-channel
04-09 19:19:21.996  3080  3080 I cast_shell: [3083:3083:INFO:locale_manager.cc(245)] No timezone yet.
04-09 19:19:22.000  3080  3080 I cast_shell: [3083:3135:INFO:multizone_group.cc(357)] Change name for group [PII](DAE941F7E62E89FC6A9E35CD4E2EDDD1) to [PII](LSB9234)
04-09 19:19:22.003  3080  3080 I cast_shell: [3083:3136:INFO:thread_watching_io_shlib.cc(81)] Start thread watching IO: WifiEventMonitor
04-09 19:19:22.003  3080  3080 I cast_shell: [3083:3123:INFO:wifi_controller_wpa_supplicant.cc(487)] After initialization: current_wifi_index_=0
04-09 19:19:22.005  3080  3080 I cast_shell: [3083:3123:INFO:setup_manager_impl.cc(732)] Initially set Google DNS servers: enable
04-09 19:19:22.005  3080  3080 I cast_shell: [3083:3123:INFO:setup_api_registry.cc(192)] Register external API: eureka_info
04-09 19:19:22.005  3080  3080 I cast_shell: [3083:3123:INFO:setup_api_registry.cc(192)] Register external API: set_eureka_info
04-09 19:19:22.005  3080  3080 I cast_shell: [3083:3123:INFO:setup_api_registry.cc(192)] Register external API: set_network
04-09 19:19:22.005  3080  3080 I cast_shell: [3083:3123:INFO:setup_api_registry.cc(192)] Register external API: set_network_ssid
04-09 19:19:22.005  3080  3080 I cast_shell: [3083:3123:INFO:setup_api_registry.cc(192)] Register external API: get_app_device_id
04-09 19:19:22.005  3080  3080 I cast_shell: [3083:3123:INFO:setup_api_registry.cc(192)] Register external API: send_log_report
04-09 19:19:22.005  3080  3080 I cast_shell: [3083:3123:INFO:setup_api_registry.cc(192)] Register external API: accept_tos
04-09 19:19:22.010  2710  2710 I wpa_supplicant: wlan0: CTRL-EVENT-REGDOM-CHANGE init=CORE type=WORLD
04-09 19:19:22.012  2711  2723 I yani_server: NetLink Event '-1' Interface-Index '5' WLAN '-1' Ethernet '-1' Parsed-iFill '-1' -> 'INVALID' ifIndex '1' -> 'lo'
04-09 19:19:22.018  2711  2723 I yani_server: NetLink Event '-1' Interface-Index '5' WLAN '0' Ethernet '-1' Parsed-iFill '-1' -> 'INVALID' ifIndex '1' -> 'lo'
04-09 19:19:22.027  2733  2812 I bluetoothtbd: [0409/064922.027877:INFO:gatt_api.cc(1005)] GATT_Register
04-09 19:19:22.028  2733  2812 I bluetoothtbd: [0409/064922.028079:INFO:gatt_api.cc(1028)] allocated gatt_if=4
04-09 19:19:22.032  2733  2812 E bt_btif : register application first_unuse rcb_idx = 0
04-09 19:19:22.033  2733  2812 I bluetoothtbd: [0409/064922.032970:INFO:gatt_api.cc(1005)] GATT_Register
04-09 19:19:22.033  2733  2812 I bluetoothtbd: [0409/064922.033100:INFO:gatt_api.cc(1028)] allocated gatt_if=5
04-09 19:19:22.039  2733  2812 I bluetoothtbd: [0409/064922.038968:INFO:gatt_api.cc(1005)] GATT_Register
04-09 19:19:22.039  2733  2812 I bluetoothtbd: [0409/064922.039145:INFO:gatt_api.cc(1028)] allocated gatt_if=6
04-09 19:19:22.039  2733  2762 I bluetoothtbd: [0409/064922.039703:INFO:adapter.cc(551)] Adapter properties changed
04-09 19:19:22.039  2733  2762 I bluetoothtbd: [0409/064922.039834:INFO:adapter.cc(573)] Adapter name changed
04-09 19:19:22.040  3080  3080 I cast_shell: [3083:3083:INFO:input_manager_impl.cc(284)] RegisterInput: device_id: cast, type: 0, state: 0
04-09 19:19:22.040  3080  3080 I cast_shell: [3083:3134:INFO:endpoint_with_namespace_handler.cc(103)] Added a namespace handler: local_id=receiver-b0ba0719-1488-255d-eec3-c542c877e99a, namespace=urn:x-cast:com.google.cast.audio.input
04-09 19:19:22.040  3080  3080 I cast_shell: [3083:3083:INFO:input_manager_impl.cc(308)] NotifyInputConnect: device_id: cast, sample_rate: 0, num_channels: 0
04-09 19:19:22.040  3080  3080 I cast_shell: [3083:3083:INFO:input_manager_impl.cc(370)] SetActiveInput: cast
04-09 19:19:22.042  2733  2762 I bluetoothtbd: [0409/064922.042435:INFO:adapter.cc(551)] Adapter properties changed
04-09 19:19:22.042  2733  2762 I bluetoothtbd: [0409/064922.042842:INFO:adapter.cc(551)] Adapter properties changed
04-09 19:19:22.043  2733  2762 I bluetoothtbd: [0409/064922.043028:INFO:adapter.cc(551)] Adapter properties changed
04-09 19:19:22.043  2733  2762 E bluetoothtbd: [0409/064922.043081:ERROR:adapter.cc(608)] Invalid property length: 512
04-09 19:19:22.043  3080  3080 I cast_shell: [3083:3083:INFO:bluetooth_setup.cc(690)] Disabling connectability.
04-09 19:19:22.043  3080  3080 I cast_shell: [3083:3083:INFO:input_manager_impl.cc(284)] RegisterInput: device_id: bluetooth, type: 1, state: 0
04-09 19:19:22.044  3080  3080 I cast_shell: [3083:3083:INFO:robot_account_auth_manager.cc(295)] No backend type specified. Getting COS URL based on the build type instead.
04-09 19:19:22.047  3080  3080 I cast_shell: [3083:3123:INFO:wifi_proximity.cc(177)] Request scan.
04-09 19:19:22.052  3080  3080 I cast_shell: [3083:3083:INFO:device_info_impl.cc(970)] Metrics client ID: 00960e58-43c1-440b-8b5f-20a3a29ad072
04-09 19:19:22.053  3080  3080 I cast_shell: [3083:3093:INFO:crypto_manager.cc(75)] Creating private key: size=2048
04-09 19:19:22.062  3080  3080 I cast_shell: [3083:3083:INFO:cast_receiver_impl.cc(828)] Cast receiver started.
04-09 19:19:22.063  3080  3080 I cast_shell: [3083:3083:WARNING:cast_receiver_impl.cc(1126)] Network is not globally connected. Don't schedule config downloading yet.
04-09 19:19:22.063  3080  3080 I cast_shell: [3083:3083:INFO:ccs_manager_impl.cc(663)] Starting cloud ipc activity with CCS
04-09 19:19:22.063  3080  3080 I cast_shell: [3083:3083:INFO:ccs_manager_impl.cc(1286)] CcsManagerImpl opt_in.cloud_ipc pref changed: 1
04-09 19:19:22.063  3080  3080 I cast_shell: [3083:3083:INFO:ccs_manager_impl.cc(1322)] Waiting for all transports to be enabled
04-09 19:19:22.064  3080  3080 I cast_shell: [3083:3083:INFO:ccs_transport_gcm.cc(94)] Deferring GCM registration until connectivity is up
04-09 19:19:22.064  3080  3080 I cast_shell: [3083:3083:INFO:multizone_manager.cc(2397)] Resuming MultizoneManager
04-09 19:19:22.064  3080  3080 I cast_shell: [3083:3083:INFO:cast_receiver_impl.cc(934)] Cast receiver resumed.
04-09 19:19:22.064  3080  3080 I cast_shell: [3083:3083:WARNING:cast_receiver_impl.cc(1138)] Network is not globally connected. Don't schedule CRL downloading yet.
04-09 19:19:22.064  3080  3080 I cast_shell: [3083:3134:ERROR:socket_posix.cc(148)] bind() failed: Address already in use (98)
04-09 19:19:22.064  3080  3080 I cast_shell: [3083:3134:INFO:v2_ssl_socket.cc(775)] IPv6 socket probably supports both IPv4 and IPv6
04-09 19:19:22.064  3080  3080 I cast_shell: [3083:3083:INFO:chromecast_service.cc(1935)] Network is disconnected, reconnecting Wifi.
04-09 19:19:22.064  3080  3080 I cast_shell: [3083:3134:INFO:v2_unix_domain_socket_factory.cc(84)] Cast V2 Unix domain socket is listening: path=/tmp/cast-control
04-09 19:19:22.064  3080  3080 I cast_shell: [3083:3083:WARNING:chromecast_service.cc(1807)] TOS not accepted yet
04-09 19:19:22.073  3080  3080 I cast_shell: [3083:3123:INFO:ble_setup_manager.cc(767)] Reloading cached setup read attributes
04-09 19:19:22.073  3080  3080 I cast_shell: [3083:3097:INFO:device_info_impl.cc(895)] [PII] Hotspot BSSID from cert: FA:8F:CA:87:13:D1
04-09 19:19:22.073  3080  3080 I cast_shell: [3083:3097:INFO:hotspot_manager.cc(198)] Starting request id=1 ssid=LSB9234.d256, hidden=0
04-09 19:19:22.073  3080  3080 I cast_shell: [3083:3123:INFO:gatt_client_manager_impl.cc(202)] Enabling GATT client connectability
04-09 19:19:22.073  3080  3080 I cast_shell: [3083:3123:INFO:ble_setup.cc(1096)] LAT flag change 0
04-09 19:19:22.073  3080  3080 I cast_shell: [3083:3123:INFO:ble_setup.cc(417)] BLE setup started.
04-09 19:19:22.073  3080  3080 I cast_shell: [3083:3089:ERROR:cast_audio_input_json.cc(33)] Failed to read JSON file: /etc/cast_audio_input.json
04-09 19:19:22.073  3080  3080 I cast_shell: [3083:3089:ERROR:channel_selector_reader.cc(44)] Failed to read audio input json
04-09 19:19:22.073  3080  3080 I cast_shell: [3083:3147:INFO:external_mojo_broker.cc(405)] Initializing external mojo broker at: /tmp/cast_mojo_broker
04-09 19:19:22.074  3080  3080 I cast_shell: [3083:3083:INFO:audio_focus_manager_impl.cc(27)] use_media_starting_block: 0
04-09 19:19:22.075  3080  3080 I cast_shell: [3083:3083:INFO:grpc_auth_manager_in_process.cc(135)] Initializing Auth.
04-09 19:19:22.075  3080  3080 I cast_shell: [3083:3083:INFO:grpc_manager_impl.cc(505)] GRPC[uri=[::]:8012]: num_pending_calls=0, num_active_handlers=0, num_free_handlers=0
04-09 19:19:22.077  3080  3080 I cast_shell: [3083:3089:INFO:auto_volume.cc(107)] Auto volume is disabled
04-09 19:19:22.079  3080  3080 I cast_shell: [3083:3083:INFO:grpc_manager_impl.cc(317)] Grpc server started in port 8012
04-09 19:19:22.079  3080  3080 I cast_shell: [3083:3083:INFO:ccs_manager_impl.cc(851)] Network connectivity down for CcsManager
04-09 19:19:22.081  3080  3080 I cast_shell: [3083:3104:INFO:cast_auth_api_adaptor.cc(82)] CastAuth: init with library: libcast_auth.so
04-09 19:19:22.082  3080  3080 I cast_shell: [3083:3104:INFO:cast_auth_api_adaptor.cc(93)] CastAuth: common module initialization successful.
04-09 19:19:22.082  3080  3080 I cast_shell: [3083:3104:INFO:cast_auth_api_adaptor.cc(98)] CastAuth: model-based module initialization successful.
04-09 19:19:22.091  3080  3080 I cast_shell: [3083:3123:INFO:ble_setup.cc(789)] Missing required info for sign.
04-09 19:19:22.102  3080  3080 I cast_shell: [3083:3083:INFO:mdns_manager_impl.cc(468)] Setting new conflict callback
04-09 19:19:22.103  3080  3080 I cast_shell: [3083:3083:INFO:mdns_util.cc(102)] Defaulting mDNS capabilities for audio-only build
04-09 19:19:22.103  3080  3080 I cast_shell: [3083:3083:INFO:ccs_manager_impl.cc(1322)] Waiting for all transports to be enabled
04-09 19:19:22.103  3080  3080 I cast_shell: [3083:3083:INFO:bluetooth_setup.cc(690)] Disabling connectability.
04-09 19:19:22.103  3080  3080 I cast_shell: [3083:3083:INFO:input_manager_impl.cc(468)] Using virtual device b0ba0719-1488-255d-eec3-c542c877e99a
04-09 19:19:22.103  3080  3080 I cast_shell: [3083:3083:INFO:virtual_device_manager.cc(247)] Virtual device [PII](b0ba0719-1488-255d-eec3-c542c877e99a) using Cast V2 port 8009
04-09 19:19:22.115  3080  3080 I cast_shell: [3083:3083:INFO:metrics_recorder.cc(282)] cast event: Cast.System.Timezone.ChangeSuccessful
04-09 19:19:22.115  3080  3080 I cast_shell: [3083:3083:WARNING:channel_selector_impl.cc(113)] Cannot get selected channels from json, will use the previous value {0,1}.
04-09 19:19:22.128  3080  3080 I cast_shell: [3083:3083:INFO:secure_storage_impl.cc(107)] Secure storage initialized.
04-09 19:19:22.128  3080  3080 I cast_shell: [3083:3083:INFO:ccs_manager_impl.cc(851)] Network connectivity down for CcsManager
04-09 19:19:22.218  2961  2972 D wac-main: Netlink event
04-09 19:19:22.218  2961  2972 E wac-main: Netlink event 16 Interface Index 6 
04-09 19:19:22.218  2961  2972 E wac-main: p2p0 event Link Changed : 1002 
04-09 19:19:22.218  2961  2972 E wac-main: Enter poll and wait
04-09 19:19:22.219  2711  2723 I yani_kernel: yani_geteventfrom_changeaddr() Message-Id '1' Netlink event '16' Interface Index '6' -> Name 'p2p0' 
04-09 19:19:22.225  3080  3080 I cast_shell: [system_updater_dummy.cpp(79)] Initialize
04-09 19:19:22.225  3080  3080 I cast_shell: [system_updater_dummy.cpp(29)] system_updater_socket_create
04-09 19:19:22.227  2731  2744 I HotspotManager: setSSID <SSID omitted> visible
04-09 19:19:22.228  3080  3080 I cast_shell: [3083:3083:INFO:device_info_impl.cc(1094)] Primary netif changed: new=usb0, old=
04-09 19:19:22.228  3080  3080 I cast_shell: [3083:3083:INFO:device_info_impl.cc(1103)] Primary IP address changed: netif=usb0, new=192.168.10.1, old=
04-09 19:19:22.229  2731  2744 E WifiUtil: command: "SCAN" failed: FAIL-BUSY
04-09 19:19:22.229  2731  2744 I HotspotManager: hotspot start
04-09 19:19:22.236  3080  3080 I cast_shell: [3083:3133:INFO:metrics_recorder.cc(282)] cast event: Cast.Discovery.Mdns.SocketCreated
04-09 19:19:22.236  3080  3080 I cast_shell: [3083:3133:INFO:mdns_app_filter.cc(1254)] Created mDNS socket for interface:name=p2p1, address=192.168.2.1, index=7
04-09 19:19:22.236  3080  3080 I cast_shell: [3083:3089:WARNING:crl_downloader.cc(136)] CRL failed to restore.
04-09 19:19:22.236  3080  3080 I cast_shell: [3083:3133:INFO:metrics_recorder.cc(282)] cast event: Cast.Discovery.Mdns.SocketCreated
04-09 19:19:22.236  3080  3080 I cast_shell: [3083:3133:INFO:mdns_app_filter.cc(1254)] Created mDNS socket for interface:name=usb0, address=192.168.10.1, index=9
04-09 19:19:22.236  3080  3080 I cast_shell: [3083:3133:INFO:mdns_app_filter.cc(977)] MdnsAppFilter is starting.
04-09 19:19:22.236  3080  3080 I cast_shell: [3083:3133:INFO:metrics_recorder.cc(282)] cast event: Cast.Discovery.Mdns.ResponderStarted
04-09 19:19:22.236  3080  3080 I cast_shell: [3083:3133:INFO:mdns_cast_service.cc(351)] Device discovery state is setup-only
04-09 19:19:22.236  3080  3080 I cast_shell: [3083:3133:INFO:mdns_app_filter.cc(1605)] Re-probing due to newly registered service '1': _googlerpc
04-09 19:19:22.236  3080  3080 I cast_shell: [3083:3133:INFO:mdns_app_filter.cc(1605)] Re-probing due to newly registered service '2': _googlecast
04-09 19:19:22.236  3080  3080 I cast_shell: [3083:3133:INFO:mdns_util.cc(102)] Defaulting mDNS capabilities for audio-only build
04-09 19:19:22.241  3080  3080 I cast_shell: [3083:3123:INFO:gatt_client_manager_impl.cc(202)] Enabling GATT client connectability
04-09 19:19:22.265  2968  2984 I otamanager: OTAManager connected to CastUpdater via  /tmp/socket/system_updater
04-09 19:19:22.265  2968  2984 I otamanager: cast_updater_threadEntry socket handle 5
04-09 19:19:22.436  2962  3008 I LibreCastControl: LibreCastControl_init() Socket Initialized
04-09 19:19:22.445  2962  3008 E LibreCastControl: PULSAR:CreateCastControlThread:18
04-09 19:19:22.446  2962  3008 E LibreCastControl: Create LibreCastLUCITimerThreadInit 
04-09 19:19:22.446  2962  3159 E LibreCastControl: PULSAR:Run:23
04-09 19:19:22.446  2962  3160 E LibreCastControl: Timer Sem Wait Start iCastPlayerstate = 0 
04-09 19:19:22.460  2690  2690 I sh      : [0409/064922.459148:INFO:cast_control_impl.cc(744)] CastControl has started running.
04-09 19:19:22.460  2690  2690 I sh      : [0409/064922.460009:INFO:cast_control_impl.cc(745)] Attempting to connect CastMessageService. socket=/tmp/cast-control
04-09 19:19:22.463  2962  3159 I LibreCastControlDelegate: OnCastStatus() +++ :0xabc12198:STARTING
04-09 19:19:22.463  2690  2690 I sh      : [0409/064922.462934:INFO:cast_control_socket.cc(64)] Successfully connected Cast Control Socket
04-09 19:19:22.463  2962  3159 E LibreCastControlDelegate: OnCastStatus:177
04-09 19:19:22.464  2962  3159 I LibreCastControl: LibreCastControl_SetCastName()  name 'Lyric Speaker Box 21f384' RequestId '1' pCastControl 0xf4f00728
04-09 19:19:22.465  2962  3159 I LibreCastControlDelegate: Active Applications -> 0
04-09 19:19:22.465  2962  3159 I LibreCastControlDelegate: Current Cast State '1' -> 'STARTING'
04-09 19:19:22.465  2962  3159 I LibreCastControlDelegate: OnCastStatus() ---
04-09 19:19:22.465  2690  2690 I sh      : [0409/064922.465131:INFO:cast_message_service_impl.cc(185)] Sending connect message!
04-09 19:19:22.469  3080  3080 I cast_shell: [3083:3134:INFO:metrics_recorder.cc(282)] Cast v2 action(socket_id=domain-socket@/tmp/cast-control.1): CastV2.Connection.Connect.In
04-09 19:19:22.469  3080  3080 I cast_shell: [3083:3083:INFO:resource_namespace_handler.cc(307)] Setting resource provider: sender_id=domain-socket@/tmp/cast-control.1:system-0
04-09 19:19:22.470  2690  2690 I sh      : [0409/064922.470543:INFO:cast_message_service_impl.cc(1007)] CastMessageServiceImpl matched versions
04-09 19:19:22.712  2731  2744 I WifiUtil: get p2p0 channel 6 (2437MHz)
04-09 19:19:22.712  2731  2744 I HotspotManager: start hostapd at channel=6 SSID=<SSID omitted> hidden_ssid=0
04-09 19:19:22.718  3080  3080 I cast_shell: [3083:3133:INFO:metrics_recorder.cc(282)] cast event: Cast.Discovery.Mdns.SocketCreated
04-09 19:19:22.718  3080  3080 I cast_shell: [3083:3133:INFO:mdns_app_filter.cc(1254)] Created mDNS socket for interface:name=p2p1, address=192.168.2.1, index=7
04-09 19:19:22.718  3080  3080 I cast_shell: [3083:3133:INFO:metrics_recorder.cc(282)] cast event: Cast.Discovery.Mdns.SocketCreated
04-09 19:19:22.718  3080  3080 I cast_shell: [3083:3133:INFO:mdns_app_filter.cc(1254)] Created mDNS socket for interface:name=usb0, address=192.168.10.1, index=9
04-09 19:19:22.718  3080  3080 I cast_shell: [3083:3133:INFO:mdns_app_filter.cc(977)] MdnsAppFilter is starting.
04-09 19:19:22.718  3080  3080 I cast_shell: [3083:3133:INFO:metrics_recorder.cc(282)] cast event: Cast.Discovery.Mdns.ResponderStarted
04-09 19:19:22.718  3080  3080 I cast_shell: [3083:3133:INFO:discovered_service_client.cc(78)] Primary interface for service discovery has changed: ifindex=9
