04-09 19:21:29.297  2712  2712 I lucitransport: readRemoteMessage() MID char = 7 buffer = 1.52.272222
04-09 19:21:29.297  2962  3159 I LibreCastControlDelegate: Active Applications -> 0
04-09 19:21:29.297  2962  3159 I LibreCastControlDelegate: Current Cast State '3' -> 'OFFLINE'
04-09 19:21:29.297  2962  3159 I LibreCastControlDelegate: OnCastStatus() ---
04-09 19:21:29.300  2962  3159 I LibreCastControlDelegate: OnCastStatus() +++ Lyric Speaker Box 21f384:0xabc12198:OFFLINE
04-09 19:21:29.300  2962  3159 I LibreCastControlDelegate: Device Build Number -> '1.52.272222'
04-09 19:21:29.300  2962  3159 I librecast: updateCastBuildVersion() Version 1.52.272222
04-09 19:21:29.300  2712  2712 I lucitransport: readRemoteMessage() MID char = 7 buffer = 1.52.272222
04-09 19:21:29.300  2962  3159 I LibreCastControlDelegate: Active Applications -> 0
04-09 19:21:29.300  2962  3159 I LibreCastControlDelegate: Current Cast State '3' -> 'OFFLINE'
04-09 19:21:29.300  2962  3159 I LibreCastControlDelegate: OnCastStatus() ---
04-09 19:21:29.301  2962  3159 I LibreCastControlDelegate: OnCastStatus() +++ Lyric Speaker Box 21f384:0xabc12198:OFFLINE
04-09 19:21:29.301  2962  3159 I LibreCastControlDelegate: Device Build Number -> '1.52.272222'
04-09 19:21:29.301  2962  3159 I librecast: updateCastBuildVersion() Version 1.52.272222
04-09 19:21:29.301  2712  2712 I lucitransport: readRemoteMessage() MID char = 7 buffer = 1.52.272222
04-09 19:21:29.301  2962  3159 I LibreCastControlDelegate: Active Applications -> 0
04-09 19:21:29.301  2962  3159 I LibreCastControlDelegate: Current Cast State '3' -> 'OFFLINE'
04-09 19:21:29.301  2962  3159 I LibreCastControlDelegate: OnCastStatus() ---
04-09 19:21:29.791  3080  3080 I cast_shell: [3083:3123:INFO:metrics_recorder.cc(282)] Record action: Setup.version.BLE
04-09 19:21:29.819  3080  3080 I cast_shell: [3083:3123:INFO:metrics_recorder.cc(282)] Record action: Setup.tos_accepted.BLE
04-09 19:21:29.849  3080  3080 I cast_shell: [3083:3123:INFO:metrics_recorder.cc(282)] Record action: Setup.state.BLE
04-09 19:21:29.879  3080  3080 I cast_shell: [3083:3123:INFO:metrics_recorder.cc(282)] Record action: Setup.ip_address.BLE
04-09 19:21:29.906  3080  3080 I cast_shell: [3083:3091:ERROR:connectivity_checker_impl.cc(265)] Connectivity check failed: 400
04-09 19:21:30.261  3080  3080 I cast_shell: [3083:3083:INFO:grpc_service_discovery_impl.cc(185)] Mdns discovered google RPC for [PII](DAE941F7E62E89FC6A9E35CD4E2EDDD1).
04-09 19:21:30.420  3080  3080 I cast_shell: [3083:3123:INFO:metrics_recorder.cc(282)] Record action: Setup.version.BLE
04-09 19:21:30.448  3080  3080 I cast_shell: [3083:3123:INFO:metrics_recorder.cc(282)] Record action: Setup.tos_accepted.BLE
04-09 19:21:30.494  3080  3080 I cast_shell: [3083:3123:INFO:metrics_recorder.cc(282)] Record action: Setup.state.BLE
04-09 19:21:30.524  3080  3080 I cast_shell: [3083:3123:INFO:metrics_recorder.cc(282)] Record action: Setup.ip_address.BLE
04-09 19:21:30.913  3080  3080 I cast_shell: [3083:3091:ERROR:connectivity_checker_impl.cc(265)] Connectivity check failed: 400
04-09 19:21:31.065  3080  3080 I cast_shell: [3083:3123:INFO:metrics_recorder.cc(282)] Record action: Setup.version.BLE
04-09 19:21:31.094  3080  3080 I cast_shell: [3083:3123:INFO:metrics_recorder.cc(282)] Record action: Setup.tos_accepted.BLE
04-09 19:21:31.124  3080  3080 I cast_shell: [3083:3123:INFO:metrics_recorder.cc(282)] Record action: Setup.state.BLE
04-09 19:21:31.153  3080  3080 I cast_shell: [3083:3123:INFO:metrics_recorder.cc(282)] Record action: Setup.ip_address.BLE
04-09 19:21:31.264  3080  3080 I cast_shell: [3083:3133:INFO:mdns_app_filter.cc(1526)] MdnsAppFilter: Done announcing.
04-09 19:21:31.694  3080  3080 I cast_shell: [3083:3123:INFO:metrics_recorder.cc(282)] Record action: Setup.version.BLE
04-09 19:21:31.723  3080  3080 I cast_shell: [3083:3123:INFO:metrics_recorder.cc(282)] Record action: Setup.tos_accepted.BLE
04-09 19:21:31.753  3080  3080 I cast_shell: [3083:3123:INFO:metrics_recorder.cc(282)] Record action: Setup.state.BLE
04-09 19:21:31.783  3080  3080 I cast_shell: [3083:3123:INFO:metrics_recorder.cc(282)] Record action: Setup.ip_address.BLE
04-09 19:21:31.919  3080  3080 I cast_shell: [3083:3091:ERROR:connectivity_checker_impl.cc(265)] Connectivity check failed: 400
04-09 19:21:32.309  3080  3080 I cast_shell: [3083:3123:INFO:metrics_recorder.cc(282)] Record action: Setup.version.BLE
04-09 19:21:32.339  3080  3080 I cast_shell: [3083:3123:INFO:metrics_recorder.cc(282)] Record action: Setup.tos_accepted.BLE
04-09 19:21:32.368  3080  3080 I cast_shell: [3083:3123:INFO:metrics_recorder.cc(282)] Record action: Setup.state.BLE
04-09 19:21:32.398  3080  3080 I cast_shell: [3083:3123:INFO:metrics_recorder.cc(282)] Record action: Setup.ip_address.BLE
04-09 19:21:32.926  3080  3080 I cast_shell: [3083:3091:ERROR:connectivity_checker_impl.cc(265)] Connectivity check failed: 400
04-09 19:21:32.939  3080  3080 I cast_shell: [3083:3123:INFO:metrics_recorder.cc(282)] Record action: Setup.version.BLE
04-09 19:21:32.968  3080  3080 I cast_shell: [3083:3123:INFO:metrics_recorder.cc(282)] Record action: Setup.tos_accepted.BLE
04-09 19:21:32.998  3080  3080 I cast_shell: [3083:3123:INFO:metrics_recorder.cc(282)] Record action: Setup.state.BLE
04-09 19:21:33.028  3080  3080 I cast_shell: [3083:3123:INFO:metrics_recorder.cc(282)] Record action: Setup.ip_address.BLE
04-09 19:21:33.569  3080  3080 I cast_shell: [3083:3123:INFO:metrics_recorder.cc(282)] Record action: Setup.version.BLE
04-09 19:21:33.598  3080  3080 I cast_shell: [3083:3123:INFO:metrics_recorder.cc(282)] Record action: Setup.tos_accepted.BLE
04-09 19:21:33.628  3080  3080 I cast_shell: [3083:3123:INFO:metrics_recorder.cc(282)] Record action: Setup.state.BLE
04-09 19:21:33.658  3080  3080 I cast_shell: [3083:3123:INFO:metrics_recorder.cc(282)] Record action: Setup.ip_address.BLE
04-09 19:21:33.933  3080  3080 I cast_shell: [3083:3091:ERROR:connectivity_checker_impl.cc(265)] Connectivity check failed: 400
04-09 19:21:34.199  3080  3080 I cast_shell: [3083:3123:INFO:metrics_recorder.cc(282)] Record action: Setup.version.BLE
04-09 19:21:34.228  3080  3080 I cast_shell: [3083:3123:INFO:metrics_recorder.cc(282)] Record action: Setup.tos_accepted.BLE
04-09 19:21:34.258  3080  3080 I cast_shell: [3083:3123:INFO:metrics_recorder.cc(282)] Record action: Setup.state.BLE
04-09 19:21:34.303  3080  3080 I cast_shell: [3083:3123:INFO:metrics_recorder.cc(282)] Record action: Setup.ip_address.BLE
04-09 19:21:34.669  2710  2710 I wpa_supplicant: wlan0: Selected BSS :ef (level:-50 noise:-58 frequency:2427)
04-09 19:21:34.672  2961  2972 D wac-main: Netlink event
04-09 19:21:34.672  2961  2972 E wac-main: Netlink event 16 Interface Index 5 
04-09 19:21:34.672  2961  2972 E wac-main: Enter poll and wait
04-09 19:21:34.672  2961  2972 D wac-main: Netlink event
04-09 19:21:34.672  2961  2972 E wac-main: Netlink event 16 Interface Index 5 
04-09 19:21:34.672  2961  2972 E wac-main: Enter poll and wait
04-09 19:21:34.674  2710  2710 I wpa_supplicant: wlan0: SME: Trying to authenticate with c8:b3:73:44:ae:ef (SSID='Linksys16717_2G' freq=2427 MHz)
04-09 19:21:34.676  2711  2723 I yani_server: NetLink Event '-1' Interface-Index '5' WLAN '0' Ethernet '-1' Parsed-iFill '-1' -> 'INVALID' ifIndex '1' -> 'lo'
04-09 19:21:34.688  2711  2723 I chatty  : uid=0(root) YaniServer identical 8 lines
04-09 19:21:34.690  2711  2723 I yani_server: NetLink Event '-1' Interface-Index '5' WLAN '0' Ethernet '-1' Parsed-iFill '-1' -> 'INVALID' ifIndex '1' -> 'lo'
04-09 19:21:34.691  2962  3159 I LibreCastControlDelegate: OnCastStatus() +++ Lyric Speaker Box 21f384:0xabc12198:OFFLINE
04-09 19:21:34.691  2962  3159 I LibreCastControlDelegate: Device Build Number -> '1.52.272222'
04-09 19:21:34.691  2962  3159 I librecast: updateCastBuildVersion() Version 1.52.272222
04-09 19:21:34.691  2711  2723 I yani_server: NetLink Event '-1' Interface-Index '5' WLAN '0' Ethernet '-1' Parsed-iFill '-1' -> 'INVALID' ifIndex '1' -> 'lo'
04-09 19:21:34.691  2712  2712 I lucitransport: readRemoteMessage() MID char = 7 buffer = 1.52.272222
04-09 19:21:34.691  2962  3159 I LibreCastControlDelegate: Active Applications -> 0
04-09 19:21:34.691  2962  3159 I LibreCastControlDelegate: Current Cast State '3' -> 'OFFLINE'
04-09 19:21:34.691  2962  3159 I LibreCastControlDelegate: OnCastStatus() ---
04-09 19:21:34.691  2711  2723 I yani_server: NetLink Event '-1' Interface-Index '5' WLAN '0' Ethernet '-1' Parsed-iFill '-1' -> 'INVALID' ifIndex '1' -> 'lo'
04-09 19:21:34.698  2711  2723 I chatty  : uid=0(root) YaniServer identical 7 lines
04-09 19:21:34.699  2711  2723 I yani_server: NetLink Event '-1' Interface-Index '5' WLAN '0' Ethernet '-1' Parsed-iFill '-1' -> 'INVALID' ifIndex '1' -> 'lo'
04-09 19:21:34.699  2711  2723 I yani_kernel: yani_geteventfrom_changeaddr() Message-Id '1' Netlink event '16' Interface Index '5' -> Name 'wlan0' 
04-09 19:21:34.700  2711  2723 I yani_kernel: yani_geteventfrom_changeaddr() Message-Id '1' Netlink event '16' Interface Index '5' -> Name 'wlan0' 
04-09 19:21:34.723  2710  2710 I wpa_supplicant: wlan0: Trying to associate with c8:b3:73:44:ae:ef (SSID='Linksys16717_2G' freq=2427 MHz)
04-09 19:21:34.725  2711  2723 I yani_server: NetLink Event '-1' Interface-Index '5' WLAN '-1' Ethernet '-1' Parsed-iFill '-1' -> 'INVALID' ifIndex '1' -> 'lo'
04-09 19:21:34.761  3161  3161 I hostapd : p2p0: IEEE 802.11 driver had channel switch: freq=2427, ht=1, vht_ch=0x0, offset=0, width=1 (20 MHz), cf1=2427, cf2=0
04-09 19:21:34.762  3047  3047 I hostapd : p2p1: IEEE 802.11 driver had channel switch: freq=2427, ht=1, vht_ch=0x0, offset=0, width=1 (20 MHz), cf1=2427, cf2=0
04-09 19:21:34.764  2710  2710 I wpa_supplicant: wlan0: Associated with c8:b3:73:44:ae:ef
04-09 19:21:34.764  2710  2710 I wpa_supplicant: wlan0: CTRL-EVENT-SUBNET-STATUS-UPDATE status=0
04-09 19:21:34.764  2961  2972 D wac-main: Netlink event
04-09 19:21:34.764  2961  2972 E wac-main: Netlink event 16 Interface Index 5 
04-09 19:21:34.764  2961  2972 E wac-main: Enter poll and wait
04-09 19:21:34.764  2961  2972 D wac-main: Netlink event
04-09 19:21:34.765  2961  2972 E wac-main: Netlink event 16 Interface Index 5 
04-09 19:21:34.765  2961  2972 E wac-main: Enter poll and wait
04-09 19:21:34.765  2961  2972 D wac-main: Netlink event
04-09 19:21:34.765  2961  2972 E wac-main: Netlink event 16 Interface Index 5 
04-09 19:21:34.765  2961  2972 E wac-main: Enter poll and wait
04-09 19:21:34.765  2961  2972 D wac-main: Netlink event
04-09 19:21:34.782  2711  2723 I yani_kernel: yani_geteventfrom_changeaddr() Message-Id '1' Netlink event '16' Interface Index '5' -> Name 'wlan0' 
04-09 19:21:34.790  2710  2710 I wpa_supplicant: wlan0: WPA: RX message 3 of 4-Way Handshake from c8:b3:73:44:ae:ef (ver=2)
04-09 19:21:34.790  2710  2710 I wpa_supplicant: wlan0: WPA: Sending EAPOL-Key 4/4
04-09 19:21:34.792  2710  2710 I wpa_supplicant: wlan0: WPA: Key negotiation completed with c8:b3:73:44:ae:ef [PTK=CCMP GTK=TKIP]
04-09 19:21:34.792  2711  2723 I yani_server: NetLink Event '-1' Interface-Index '5' WLAN '-1' Ethernet '-1' Parsed-iFill '-1' -> 'INVALID' ifIndex '1' -> 'lo'
04-09 19:21:34.792  2710  2710 I wpa_supplicant: wlan0: CTRL-EVENT-CONNECTED - Connection to c8:b3:73:44:ae:ef completed [id=0 id_str=]
04-09 19:21:34.792  2961  2972 D wac-main: Netlink event
04-09 19:21:34.792  2961  2972 E wac-main: Netlink event 16 Interface Index 5 
04-09 19:21:34.792  2961  2972 E wac-main: Enter poll and wait
04-09 19:21:34.793  2961  2972 D wac-main: Netlink event
04-09 19:21:34.793  2961  2972 E wac-main: Netlink event 16 Interface Index 5 
04-09 19:21:34.793  2961  2972 E wac-main: Enter poll and wait
04-09 19:21:34.793  2735  2735 D dhcpcd  : wlan0: carrier acquired
04-09 19:21:34.798  3080  3080 I cast_shell: [3083:3136:INFO:wifi_controller_wpa_supplicant.cc(634)] After connection, current_wifi_index=0
04-09 19:21:34.804  2711  2723 I yani_server: NetLink Event '-1' Interface-Index '5' WLAN '0' Ethernet '-1' Parsed-iFill '-1' -> 'INVALID' ifIndex '1' -> 'lo'
04-09 19:21:34.805  2711  2723 I yani_server: NetLink Event '-1' Interface-Index '5' WLAN '0' Ethernet '-1' Parsed-iFill '-1' -> 'INVALID' ifIndex '1' -> 'lo'
04-09 19:21:34.806  2962  3159 I LibreCastControlDelegate: OnCastStatus() +++ Lyric Speaker Box 21f384:0xabc12198:OFFLINE
04-09 19:21:34.806  2962  3159 I LibreCastControlDelegate: Device Build Number -> '1.52.272222'
04-09 19:21:34.806  2962  3159 I librecast: updateCastBuildVersion() Version 1.52.272222
04-09 19:21:34.806  2712  2712 I lucitransport: readRemoteMessage() MID char = 7 buffer = 1.52.272222
04-09 19:21:34.806  2711  2723 I yani_server: NetLink Event '-1' Interface-Index '5' WLAN '7' Ethernet '-1' Parsed-iFill '7' -> 'WLAN0 LINKUP' ifIndex '1' -> 'lo'
04-09 19:21:34.806  2711  2723 I yani_server: saveConfig:537:wlan0
04-09 19:21:34.806  2962  3159 I LibreCastControlDelegate: Active Applications -> 0
04-09 19:21:34.807  2962  3159 I LibreCastControlDelegate: Current Cast State '3' -> 'OFFLINE'
04-09 19:21:34.807  2962  3159 I LibreCastControlDelegate: OnCastStatus() ---
04-09 19:21:34.807  2711  2723 I wifiapi : newconn : 0xac11eb48
04-09 19:21:34.807  2711  2723 I yani_server: saveConfig:544:got handle successfully
04-09 19:21:34.807  2711  2723 I wifiapi : 'STATUS' command returned = 0
04-09 19:21:34.810  2711  2723 I wifiapi : 'SAVE_CONFIG' command returned = 0
04-09 19:21:34.810  2711  2723 E yani_server: wlan0 Status=8 SaveConfig returns=0
04-09 19:21:34.811  2711  2723 I yani_server: SaveConfig return value=0
04-09 19:21:34.811  2711  2723 E WLANP2PIF: WlanP2pif: current chan = 4
04-09 19:21:34.812  2690  2690 I sh      : saveConfig:538:wlan0wlan0 Status=8 SaveConfig returns=0
04-09 19:21:34.812  2711  2723 E yani_wifi: set txpower chan : 4 country : US
04-09 19:21:34.812  2711  2723 E yani_wifi: nrates = 7
04-09 19:21:34.844  3080  3080 I cast_shell: [3083:3123:INFO:metrics_recorder.cc(282)] Record action: Setup.version.BLE
04-09 19:21:34.873  3080  3080 I cast_shell: [3083:3123:INFO:metrics_recorder.cc(282)] Record action: Setup.tos_accepted.BLE
04-09 19:21:34.903  3080  3080 I cast_shell: [3083:3123:INFO:metrics_recorder.cc(282)] Record action: Setup.state.BLE
04-09 19:21:34.933  3080  3080 I cast_shell: [3083:3123:INFO:metrics_recorder.cc(282)] Record action: Setup.ip_address.BLE
04-09 19:21:34.940  3080  3080 I cast_shell: [3083:3091:ERROR:connectivity_checker_impl.cc(265)] Connectivity check failed: 400
04-09 19:21:35.474  3080  3080 I cast_shell: [3083:3123:INFO:metrics_recorder.cc(282)] Record action: Setup.version.BLE
04-09 19:21:35.503  3080  3080 I cast_shell: [3083:3123:INFO:metrics_recorder.cc(282)] Record action: Setup.tos_accepted.BLE
04-09 19:21:35.533  3080  3080 I cast_shell: [3083:3123:INFO:metrics_recorder.cc(282)] Record action: Setup.state.BLE
04-09 19:21:35.563  3080  3080 I cast_shell: [3083:3123:INFO:metrics_recorder.cc(282)] Record action: Setup.ip_address.BLE
04-09 19:21:35.820  2711  2723 I yani_autoip: start_autoip() Interface 'wlan0' Is AutoIP Required 'Yes' Thread-Running 'No' 
04-09 19:21:35.821  2711  2723 E yani_server: YANI: I am Done Wait For Event 
04-09 19:21:35.821  2711  2723 I yani_kernel: yani_geteventfrom_changeaddr() Message-Id '1' Netlink event '16' Interface Index '5' -> Name 'wlan0' 
04-09 19:21:35.823  2711  3347 I yani_autoip: Setting autoiptimer to 70000
04-09 19:21:35.824  2711  2723 I yani_kernel: yani_geteventfrom_changeaddr() Message-Id '1' Netlink event '16' Interface Index '5' -> Name 'wlan0' 
04-09 19:21:35.825  2711  2723 I yani_kernel: yani_geteventfrom_changeaddr() Message-Id '1' Netlink event '16' Interface Index '5' -> Name 'wlan0' 
04-09 19:21:35.833  2731  2744 I NetworkMonitor: turn off power-save
04-09 19:21:35.833  3346  3346 E dhcpcd  : control_open: Connection refused
04-09 19:21:35.835  3346  3346 E dhcpcd  : eth0: interface not found or invalid
04-09 19:21:35.836  3346  3346 D dhcpcd  : wlan0: adding address fe80::ce90:93ff:fe21:f384
04-09 19:21:35.837  2961  2972 D wac-main: Netlink event
04-09 19:21:35.837  2961  2972 E wac-main: Netlink event 16 Interface Index 5 
04-09 19:21:35.837  2961  2972 E wac-main: Enter poll and wait
04-09 19:21:35.842  2711  2723 I yani_kernel: yani_geteventfrom_changeaddr() Message-Id '1' Netlink event '16' Interface Index '5' -> Name 'wlan0' 
04-09 19:21:35.848  2731  2744 E DNSResolver: Error in connect: Network is unreachable
04-09 19:21:35.848  2731  2744 I chatty  : uid=0(root) /bin/net_mgr identical 2 lines
04-09 19:21:35.848  2731  2744 E DNSResolver: Error in connect: Network is unreachable
04-09 19:21:35.876  2731  2744 E HttpTimeSync: Error in curl perform, returns 6: Couldn't resolve host name
04-09 19:21:35.877  2731  2744 E HttpTimeSync: Failed in getting HTTP header from http://clients1.google.com/generate_204
04-09 19:21:35.878  2731  2744 I NetworkMonitor: turn off power-save
04-09 19:21:35.882  2731  2744 E DNSResolver: Error in connect: Network is unreachable
04-09 19:21:35.883  2731  2744 I chatty  : uid=0(root) /bin/net_mgr identical 4 lines
04-09 19:21:35.883  2731  2744 E DNSResolver: Error in connect: Network is unreachable
04-09 19:21:35.883  2731  2744 E HttpTimeSync: Error resolve name clients1.google.com
04-09 19:21:35.884  2731  2744 E HttpTimeSync: Error in curl perform, returns 6: Couldn't resolve host name
04-09 19:21:35.884  2731  2744 E HttpTimeSync: Failed in getting HTTP header from http://clients1.google.com/generate_204
04-09 19:21:35.938  3346  3346 E dhcpcd  : error writing DUID: /etc/dhcpcd/dhcpcd.duid: Read-only file system
04-09 19:21:35.938  3346  3346 D dhcpcd  : DUID 00:03:00:01:cc:90:93:21:f3:84
04-09 19:21:35.938  3346  3346 D dhcpcd  : wlan0: IAID 93:21:f3:84
04-09 19:21:35.947  3080  3080 I cast_shell: [3083:3091:ERROR:connectivity_checker_impl.cc(265)] Connectivity check failed: 400
04-09 19:21:36.104  3080  3080 I cast_shell: [3083:3123:INFO:metrics_recorder.cc(282)] Record action: Setup.version.BLE
04-09 19:21:36.133  3080  3080 I cast_shell: [3083:3123:INFO:metrics_recorder.cc(282)] Record action: Setup.tos_accepted.BLE
04-09 19:21:36.163  3080  3080 I cast_shell: [3083:3123:INFO:metrics_recorder.cc(282)] Record action: Setup.state.BLE
04-09 19:21:36.193  3080  3080 I cast_shell: [3083:3123:INFO:metrics_recorder.cc(282)] Record action: Setup.ip_address.BLE
04-09 19:21:36.328  3080  3080 I cast_shell: [3083:3123:INFO:metrics_recorder.cc(282)] Record action: Setup.eureka_info.Local
04-09 19:21:36.329  3080  3080 I cast_shell: [3083:3123:INFO:metrics_recorder.cc(282)] Record action: Setup.eureka_info.Local.200
04-09 19:21:36.331  2731  2743 E DNSResolver: Error in connect: Network is unreachable
04-09 19:21:36.331  2731  2743 I chatty  : uid=0(root) MonitorThread identical 4 lines
04-09 19:21:36.331  2731  2743 E DNSResolver: Error in connect: Network is unreachable
04-09 19:21:36.331  2731  2743 E HttpTimeSync: Error resolve name clients1.google.com
04-09 19:21:36.334  2731  2743 E HttpTimeSync: Error in curl perform, returns 6: Couldn't resolve host name
04-09 19:21:36.334  2731  2743 E HttpTimeSync: Failed in getting HTTP header from http://clients1.google.com/generate_204
04-09 19:21:36.378  3346  3346 D dhcpcd  : wlan0: soliciting a DHCP lease
04-09 19:21:36.379  3346  3346 D dhcpcd  : wlan0: sending DISCOVER (xid 0x9587d764), next in -23784884546255111501563602248988039559528764816020573578424020410025975021528605530342918821458537767372697325032644305895675073574236645942578858272976896338668186084065756245729492185611611439196543251984203165998495374451404392656384950842400735892378953290088448.0 seconds
04-09 19:21:36.734  3080  3080 I cast_shell: [3083:3123:INFO:metrics_recorder.cc(282)] Record action: Setup.version.BLE
04-09 19:21:36.745  3346  3346 D dhcpcd  : wlan0: soliciting an IPv6 router
04-09 19:21:36.763  3080  3080 I cast_shell: [3083:3123:INFO:metrics_recorder.cc(282)] Record action: Setup.tos_accepted.BLE
04-09 19:21:36.794  3080  3080 I cast_shell: [3083:3123:INFO:metrics_recorder.cc(282)] Record action: Setup.state.BLE
04-09 19:21:36.823  3080  3080 I cast_shell: [3083:3123:INFO:metrics_recorder.cc(282)] Record action: Setup.ip_address.BLE
04-09 19:21:36.856  3346  3346 D dhcpcd  : wlan0: Router Advertisement from fe80::cab3:73ff:fe44:aeed
04-09 19:21:36.856  3346  3346 D dhcpcd  : wlan0: adding address fd70:d3e7:6555:0:ce90:93ff:fe21:f384/64
04-09 19:21:36.857  3346  3346 D dhcpcd  : wlan0: adding address fd70:d3e7:6555:0:7dfe:66a:e518:7fa0/64
04-09 19:21:36.858  3346  3346 D dhcpcd  : wlan0: adding route to fd70:d3e7:6555::/64
04-09 19:21:36.859  3346  3346 D dhcpcd  : wlan0: requesting DHCPv6 information
04-09 19:21:36.953  3080  3080 I cast_shell: [3083:3091:ERROR:connectivity_checker_impl.cc(265)] Connectivity check failed: 400
04-09 19:21:37.334  2731  2743 E DNSResolver: Error in connect: Network is unreachable
04-09 19:21:37.335  2731  2743 I chatty  : uid=0(root) MonitorThread identical 4 lines
04-09 19:21:37.335  2731  2743 E DNSResolver: Error in connect: Network is unreachable
04-09 19:21:37.335  2731  2743 E HttpTimeSync: Error resolve name clients1.google.com
04-09 19:21:37.337  2731  2743 E HttpTimeSync: Error in curl perform, returns 6: Couldn't resolve host name
04-09 19:21:37.337  2731  2743 E HttpTimeSync: Failed in getting HTTP header from http://clients1.google.com/generate_204
04-09 19:21:37.364  3080  3080 I cast_shell: [3083:3123:INFO:metrics_recorder.cc(282)] Record action: Setup.version.BLE
04-09 19:21:37.393  3080  3080 I cast_shell: [3083:3123:INFO:metrics_recorder.cc(282)] Record action: Setup.tos_accepted.BLE
04-09 19:21:37.423  3080  3080 I cast_shell: [3083:3123:INFO:metrics_recorder.cc(282)] Record action: Setup.state.BLE
04-09 19:21:37.453  3080  3080 I cast_shell: [3083:3123:INFO:metrics_recorder.cc(282)] Record action: Setup.ip_address.BLE
04-09 19:21:37.470  3346  3346 D dhcpcd  : wlan0: received OFFER with xid 0x9587d764
04-09 19:21:37.470  3346  3346 D dhcpcd  : wlan0: offered 192.168.1.145 from 192.168.1.1
04-09 19:21:37.470  3346  3346 D dhcpcd  : wlan0: requesting lease of 192.168.1.145
04-09 19:21:37.471  3346  3346 D dhcpcd  : wlan0: sending REQUEST (xid 0x9587d764), next in -23784884546255111501563602248988039559528764816020573578424020410025975021528605530342918821458537767372697325032644305895675073574236645942578858272976896338668186084065756245729492185611611439196543251984203165998495374451404392656384950842400735892378953290088448.0 seconds
04-09 19:21:37.576  3346  3346 D dhcpcd  : wlan0: received ACK with xid 0x9587d764
04-09 19:21:37.576  3346  3346 D dhcpcd  : wlan0: acknowledged 192.168.1.145 from 192.168.1.1
04-09 19:21:37.576  3346  3346 D dhcpcd  : wlan0: leased 192.168.1.145 for 86400 seconds
04-09 19:21:37.578  2961  2972 D wac-main: Netlink event
04-09 19:21:37.578  2961  2972 E wac-main: Netlink event 20 Interface Index 5 
04-09 19:21:37.578  2961  2972 E wac-main: Enter poll and wait
04-09 19:21:37.579  2711  2723 I yani_kernel: yani_geteventfrom_changeaddr() Message-Id '1' Netlink event '20' Interface Index '5' -> Name 'wlan0' 
04-09 19:21:37.580  2711  2723 I yani_server: NetLink Event '2' Interface-Index '5' WLAN '-1' Ethernet '-1' Parsed-iFill '2' -> 'WLAN0 CONNECTED' ifIndex '1' -> 'lo'
04-09 19:21:37.583  2731  2744 I NetworkMonitor: turn off power-save
04-09 19:21:37.588  2711  2723 I yani_server: doLotofWork() List of interface '5'
04-09 19:21:37.588  2711  2723 I yani_server: doLotofWork() Interface 'wlan0' ifr[0].ifr_name 'lo' ipaddress '127.0.0.1'
04-09 19:21:37.588  2711  2723 I yani_server: doLotofWork() Interface 'wlan0' ifr[1].ifr_name 'wlan0' ipaddress '192.168.1.145'
04-09 19:21:37.588  2711  2723 E yani_server: YANI GOT IP FOR IFACE=wlan0 IP=192.168.1.145 mstatus=0 mifacetype=1
04-09 19:21:37.588  2711  2723 I yani_server: doLotofWork() returns 'REFILL IP ASSIGNED'
04-09 19:21:37.588  2711  2723 I yani_autoip: stop_autoip() Thread-Running 'Yes'
04-09 19:21:37.588  2711  2814 I yani_server: onNetworkParametersChanged() WAC Mode '1'  Index '1' Interface 'wlan0' Status '1'
04-09 19:21:37.588  2711  3347 E yani_autoip: Force Exit AutoIP thread bytes '1' value 'q'
04-09 19:21:37.588  2711  3347 I yani_autoip: Exiting AutoIP thread return poll status 1
04-09 19:21:37.589  2728  2740 I MB_HANDLER: YaniAlert() Interface '1' Status '1'
04-09 19:21:37.589  2728  2740 E MB_HANDLER: SaveWifiSettingToENV
04-09 19:21:37.602  2712  2712 I lucitransport: writeRemoteMessage() MID = 124 buffer = 1#1,1#2,0#3,1#4,1
04-09 19:21:37.602  2712  2712 I luciUART: write() MID = 124  bytes = 27 data = 1#1,1#2,0#3,1#4,1 m_fd = 0x5
04-09 19:21:37.603  2729  2729 E AirableUIHelper: AirableUIHelper::YaniAlert  1 1 
04-09 19:21:37.603  2729  2729 E AirableUIHelper: Wlan is up
04-09 19:21:37.603  2968  2975 I otamanager: YaniAlert() Interface 1 Status Up
04-09 19:21:37.603  2968  2975 I otamanager: CreateFirmwareUpdateTimerOnYaniAlert done
04-09 19:21:37.604  2966  3004 I airplay-main: YaniAlert Interface 1 Status 1
04-09 19:21:37.604  2712  2712 I lucitransport: readRemoteMessage() MID char = 90 buffer = Lyric Speaker Box 21f384
04-09 19:21:37.610  2712  2720 E luciUART: UART:aa
04-09 19:21:37.610  2712  2720 E luciUART: UART:aa
04-09 19:21:37.610  2712  2720 E luciUART: UART:2
04-09 19:21:37.610  2712  2720 E luciUART: UART:0
04-09 19:21:37.610  2712  2720 E luciUART: UART:d0
04-09 19:21:37.610  2712  2720 E luciUART: UART:0
04-09 19:21:37.610  2712  2720 I chatty  : uid=0(root) UARTLUCIControl identical 2 lines
04-09 19:21:37.610  2712  2720 E luciUART: UART:0
04-09 19:21:37.610  2712  2720 E luciUART: UART:9
04-09 19:21:37.611  2712  2720 I luciUART: read() RemoteID = 43690 Command = 208 Type = 2 Status = 0 DataLen = 9
04-09 19:21:37.611  2712  2720 E luciUART: Error: full data not available yet! readBytes 0
04-09 19:21:37.611  2712  2720 I luciUART: Previous Packet read contd., 
04-09 19:21:37.611  2712  2720 E luciUART: UART:52
04-09 19:21:37.611  2712  2720 I luciUART: Previous Packet read contd., 
04-09 19:21:37.611  2712  2720 E luciUART: UART:45
04-09 19:21:37.611  2712  2720 I luciUART: Previous Packet read contd., 
04-09 19:21:37.611  2712  2720 E luciUART: UART:41
04-09 19:21:37.611  2712  2720 I luciUART: Previous Packet read contd., 
04-09 19:21:37.611  2712  2720 E luciUART: UART:44
04-09 19:21:37.611  2712  2720 I luciUART: Previous Packet read contd., 
04-09 19:21:37.611  2712  2720 E luciUART: UART:5f
04-09 19:21:37.611  2712  2720 I luciUART: Previous Packet read contd., 
04-09 19:21:37.611  2712  2720 E luciUART: UART:73
04-09 19:21:37.611  2712  2720 I luciUART: Previous Packet read contd., 
04-09 19:21:37.689  2966  3383 I airplay-main: checkACPAvailability() err 0 -> Present!
04-09 19:21:37.689  2966  3383 D airplay-main: arguments[0] -> airplay_v2 -> airplay_v2
04-09 19:21:37.689  2966  3383 D airplay-main: arguments[1] -> -n -> -n
04-09 19:21:37.689  2966  3383 D airplay-main: arguments[2] -> Lyric Speaker Box 21f384 -> Lyric Speaker Box 21f384
04-09 19:21:37.689  2966  3383 D airplay-main: arguments[3] -> -z -> -z
04-09 19:21:37.689  2966  3383 D airplay-main: arguments[4] -> 1 -> 1
04-09 19:21:37.689  2966  3383 D airplay-main: arguments[5] -> -d -> -d
04-09 19:21:37.689  2966  3383 D airplay-main: arguments[6] -> 47617500 -> 47617500
04-09 19:21:37.690  2966  3383 D airplay-main: Total Number of Arguments 7
04-09 19:21:37.700  2966  3383 I airplay_v2_0_6: 2022-04-09 06:51:37.699001 [AirPlayDemo] homedir /data/ sUserPreferencesDirectoryPath /data//.airplaydemo 
04-09 19:21:37.776  2966  3383 I airplay-main: checkACPAvailability() err 0 -> Present!
04-09 19:21:37.794  3080  3080 I cast_shell: [3083:3123:INFO:metrics_recorder.cc(282)] Record action: Setup.eureka_info.Android
04-09 19:21:37.794  3080  3080 I cast_shell: [3083:3123:WARNING:setup_api_registry.cc(126)] Insecure fallback for API: eureka_info
04-09 19:21:37.794  3080  3080 I cast_shell: [3083:3123:WARNING:api_eureka_info.cc(996)] Insecure access to eureka_info. Parameters have been stripped.
04-09 19:21:37.795  3080  3080 I cast_shell: [3083:3123:INFO:setup_state.cc(544)] EurekaInfoCalled: wifi_state=10, is_usable_ip_address=1, connected=0, is_initial_setup=0
04-09 19:21:37.795  3080  3080 I cast_shell: [3083:3123:INFO:metrics_recorder.cc(282)] Record action: Setup.eureka_info.Android.200
04-09 19:21:37.865  2966  3407 I airplay_v2_0_6: 2022-04-09 06:51:37.865674 [AirPlayDemo] *********** AirPlayDemoPlatformSetProperty:homeIntegrationData value - 
04-09 19:21:37.865  2966  3407 I airplay_v2_0_6:     +0000: 62706c69 73743030 d101025f 10114343 |bplist00^^^_^^CC| (67 bytes)
04-09 19:21:37.865  2966  3407 I airplay_v2_0_6:     +0010: 3a39303a 39333a32 313a4633 3a3834d0 |:90:93:21:F3:84^|
04-09 19:21:37.865  2966  3407 I airplay_v2_0_6:     +0020: 080b1f00 00000000 00010100 00000000 |^^^^^^^^^^^^^^^^|
04-09 19:21:37.865  2966  3407 I airplay_v2_0_6:     +0030: 00000300 00000000 00000000 00000000 |^^^^^^^^^^^^^^^^|
04-09 19:21:37.865  2966  3407 I airplay_v2_0_6:     +0040: 000020                              |^^              |
04-09 19:21:37.868  2966  3407 I airplay_v2_0_6: 2022-04-09 06:51:37.868666 [AirPlayDemo] AirPlayDemoServerCopyProperty Password is <<NULL>>
04-09 19:21:37.878  2966  3407 I airplay_v2_0_6: 2022-04-09 06:51:37.878236 [AirPlayDemo] *********** AirPlayDemoPlatformSetProperty:homeIntegrationData value - 
04-09 19:21:37.878  2966  3407 I airplay_v2_0_6:     +0000: 62706c69 73743030 d101025f 10114343 |bplist00^^^_^^CC| (165 bytes)
04-09 19:21:37.878  2966  3407 I airplay_v2_0_6:     +0010: 3a39303a 39333a32 313a4633 3a3834d3 |:90:93:21:F3:84^
04-09 19:21:37.878  2966  3407 I airplay_v2_0_6: |
04-09 19:21:37.878  2966  3407 I airplay_v2_0_6:     +0020: 03040501 06075a69 64656e74 69666965 |^^^^^^Zidentifie|
04-09 19:21:37.878  2966  3407 I airplay_v2_0_6:     +0030: 7252736b 52706b4f 10200de9 cd8d9f20 |rRskRpkO^ ^^^^^ |
04-09 19:21:37.878  2966  3407 I airplay_v2_0_6:     +0040: 021a8459 e80f9b38 e28189ca f4689aa5 |^^^Y^^^8^^^^^h^^|
04-09 19:21:37.878  2966  3407 I airplay_v2_0_6:     +0050: 1b23a229 506ed467 8a234f10 208bed82 |
04-09 19:21:37.878  2966  3407 I airplay_v2_0_6: ^#^)Pn^g^#O^ ^^^|
04-09 19:21:37.878  2966  3407 I airplay_v2_0_6:     +0060: f35b3777 b43394dc 611d3b18 b768f6b2 |^[7w^3^^a^;^^h^^|
04-09 19:21:37.878  2966  3407 I airplay_v2_0_6:     +0070: d4942f68 70997e8a 2a4b3b5f 3f080b1f |^^/hp^~^*K;_?^^^|
04-09 19:21:37.878  2966  3407 I airplay_v2_0_6:     +0080: 26313437 5a000000 00000001 01000000 |&147Z^^^^^^^^^^^|
04-09 19:21:37.878  2966  3407 I airplay_v2_0_6:     +0090: 
04-09 19:21:37.878  2966  3407 I airplay_v2_0_6: 00000000 08000000 00000000 00000000 |^^^^^^^^^^^^^^^^|
04-09 19:21:37.878  2966  3407 I airplay_v2_0_6:     +00A0: 00000000 7d                         |^^^^}           |
04-09 19:21:37.879  2712  2712 I lucitransport: readRemoteMessage() MID char = 90 buffer = Lyric Speaker Box 21f384
04-09 19:21:37.881  2966  3383 I airplay_v2_0_6: 2022-04-09 06:51:37.881054 [AirPlay] Registering Bonjour _airplay._tcp. port 7000
04-09 19:21:37.883  2966  3407 I airplay_v2_0_6: 2022-04-09 06:51:37.883355 [AirPlayDemo] AirPlayDemoServerCopyProperty Password is <<NULL>>
04-09 19:21:37.884  2966  3407 I airplay_v2_0_6: 2022-04-09 06:51:37.884876 [AirPlayDemo] AirPlayDemoServerCopyProperty Password is <<NULL>>
04-09 19:21:37.885  2712  2712 I lucitransport: readRemoteMessage() MID char = 90 buffer = Lyric Speaker Box 21f384
04-09 19:21:37.887  2966  3383 I airplay_v2_0_6: 2022-04-09 06:51:37.887029 [AirPlay] Registering Bonjour CC909321F384@Lyric Speaker Box 21f384._raop._tcp. port 7000
04-09 19:21:37.887  2966  3383 I airplay_v2_0_6: 2022-04-09 06:51:37.887180 [AirPlay] AirPlay servers started
04-09 19:21:37.912  2731  2744 I NetworkMonitor: turn off power-save
04-09 19:21:37.978  3080  3080 I cast_shell: [3083:3091:ERROR:connectivity_checker_impl.cc(265)] Connectivity check failed: 400
04-09 19:21:37.994  3080  3080 I cast_shell: [3083:3123:INFO:metrics_recorder.cc(282)] Record action: Setup.version.BLE
04-09 19:21:38.023  3080  3080 I cast_shell: [3083:3123:INFO:metrics_recorder.cc(282)] Record action: Setup.tos_accepted.BLE
04-09 19:21:38.053  3080  3080 I cast_shell: [3083:3123:INFO:metrics_recorder.cc(282)] Record action: Setup.state.BLE
04-09 19:21:38.083  3080  3080 I cast_shell: [3083:3123:INFO:metrics_recorder.cc(282)] Record action: Setup.ip_address.BLE
04-09 19:21:38.195  2731  2744 I HttpTimeSync: Building resolve list for clients1.google.com, total 1.
04-09 19:21:38.195  2731  2744 I HttpTimeSync: 	0: 142.251.36.142
04-09 19:21:38.220  3080  3080 I cast_shell: [3083:3123:INFO:metrics_recorder.cc(282)] Record action: Setup.eureka_info.Android
04-09 19:21:38.221  3080  3080 I cast_shell: [3083:3123:INFO:setup_state.cc(544)] EurekaInfoCalled: wifi_state=10, is_usable_ip_address=1, connected=0, is_initial_setup=0
04-09 19:21:38.265  3080  3080 I cast_shell: [3083:3123:INFO:metrics_recorder.cc(282)] Record action: Setup.eureka_info.Android.200
04-09 19:22:07.797  2964  2987 I SPOTIFY : ConnectionNotify event(0-Login, 1-Logout, rest Error) = 7 
04-09 19:22:07.969  3080  3080 I cast_shell: [3083:3123:INFO:metrics_recorder.cc(282)] Record action: Setup.version.BLE
04-09 19:22:07.981  2731  2744 I HttpTimeSync: Http time synced
04-09 19:22:07.981  2731  2744 I NetworkMonitor: turn off power-save
04-09 19:22:07.998  3080  3080 I cast_shell: [3083:3123:INFO:metrics_recorder.cc(282)] Record action: Setup.tos_accepted.BLE
04-09 19:22:08.002  3080  3080 I cast_shell: [3083:3123:INFO:metrics_recorder.cc(282)] Record action: Setup.get_app_device_id.Android
04-09 19:22:08.028  3080  3080 I cast_shell: [3083:3123:INFO:metrics_recorder.cc(282)] Record action: Setup.state.BLE
04-09 19:22:08.042  3080  3080 I cast_shell: [3083:3123:INFO:metrics_recorder.cc(282)] Record action: Setup.get_app_device_id.Android.200
04-09 19:22:08.058  3080  3080 I cast_shell: [3083:3123:INFO:metrics_recorder.cc(282)] Record action: Setup.ip_address.BLE
04-09 19:22:08.430  3080  3080 I cast_shell: [3083:3123:INFO:metrics_recorder.cc(282)] Record action: Setup.offer.Android
04-09 19:22:08.471  3080  3080 I cast_shell: [3083:3123:INFO:api_offer.cc(126)] Added LNID header value to offer request
04-09 19:22:08.599  3080  3080 I cast_shell: [3083:3123:INFO:metrics_recorder.cc(282)] Record action: Setup.version.BLE
04-09 19:22:08.628  3080  3080 I cast_shell: [3083:3123:INFO:metrics_recorder.cc(282)] Record action: Setup.tos_accepted.BLE
04-09 19:22:08.638  3080  3080 I cast_shell: [3083:3123:ERROR:setup_state.cc(424)] Timeout for state=SETUP_STATE_CHECKING_GLOBAL_CONNECTIVITY(50): move to state=SETUP_STATE_CHECKING_GLOBAL_CONNECTIVITY_BAD_ROUTER_WIFI_NOT_SAVED(51).
04-09 19:22:08.638  3080  3080 I cast_shell: [3083:3123:INFO:setup_state.cc(261)] Setup state changed: SETUP_STATE_CHECKING_GLOBAL_CONNECTIVITY (50) -> SETUP_STATE_CHECKING_GLOBAL_CONNECTIVITY_BAD_ROUTER_WIFI_NOT_SAVED (51)
04-09 19:22:08.642  2962  3159 I LibreCastControlDelegate: OnCastStatus() +++ Lyric Speaker Box 21f384:0xabc12198:OFFLINE
04-09 19:22:08.642  2962  3159 I LibreCastControlDelegate: Device Build Number -> '1.52.272222'
04-09 19:22:08.642  2962  3159 I librecast: updateCastBuildVersion() Version 1.52.272222
04-09 19:22:08.642  2712  2712 I lucitransport: readRemoteMessage() MID char = 7 buffer = 1.52.272222
04-09 19:22:08.642  2962  3159 I LibreCastControlDelegate: Active Applications -> 0
04-09 19:22:08.642  2962  3159 I LibreCastControlDelegate: Current Cast State '3' -> 'OFFLINE'
04-09 19:22:08.642  2962  3159 I LibreCastControlDelegate: OnCastStatus() ---
04-09 19:22:08.658  3080  3080 I cast_shell: [3083:3123:INFO:metrics_recorder.cc(282)] Record action: Setup.state.BLE
04-09 19:22:08.688  3080  3080 I cast_shell: [3083:3123:INFO:metrics_recorder.cc(282)] Record action: Setup.ip_address.BLE
04-09 19:22:09.214  3080  3080 I cast_shell: [3083:3123:INFO:metrics_recorder.cc(282)] Record action: Setup.version.BLE
04-09 19:22:09.242  3080  3080 I cast_shell: [3083:3123:INFO:metrics_recorder.cc(282)] Record action: Setup.tos_accepted.BLE
04-09 19:22:09.253  3080  3080 I cast_shell: [3083:3091:INFO:connectivity_checker_impl.cc(144)] Change check url=http://connectivitycheck.gstatic.com/generate_204
04-09 19:22:09.253  3083  3097 E         : OOBE CheckUpdate
04-09 19:22:09.259  3080  3080 I cast_shell: [3083:3091:INFO:connectivity_checker_impl.cc(148)] Global connection is: Up
04-09 19:22:09.259  3080  3080 I cast_shell: [3083:3097:INFO:update_engine_client_with_system_updater.cc(216)] Network first connected, check system force update
04-09 19:22:09.259  3080  3080 I cast_shell: [system_updater_dummy.cpp(109)] CheckUpdate
04-09 19:22:09.259  3080  3080 I cast_shell: [3083:3083:INFO:lycra_gcm.cc(121)] Registering GCM handler.
04-09 19:22:09.259  3080  3080 I cast_shell: [3083:3083:INFO:gcm_manager.cc(258)] Enabling GCM Driver
04-09 19:22:09.259  3080  3080 I cast_shell: [3083:3083:INFO:ccs_transport_gcm.cc(102)] Registering GCM handler
04-09 19:22:09.259  3080  3080 I cast_shell: [3083:3083:INFO:api_reboot.cc(321)] active_activities count=0
04-09 19:22:09.259  3080  3080 I cast_shell: [3083:3083:INFO:cloud_settings_manager.cc(431)] Connectivity established. Reconciling cloud settings.
04-09 19:22:09.260  3080  3080 I cast_shell: [3083:3083:INFO:cloud_settings_manager.cc(195)] Cloud settings is disabled.
04-09 19:22:09.268  3080  3080 I cast_shell: [3083:3083:INFO:cast_receiver_impl.cc(1612)] mDNS Discovery stopped.
04-09 19:22:09.269  3080  3080 I cast_shell: [3083:3083:INFO:cast_receiver_impl.cc(1679)] Network is globally connected. Schedule config downloading if necessary.
04-09 19:22:09.269  3080  3080 I cast_shell: [3083:3083:INFO:cast_receiver_impl.cc(1685)] Network is globally connected. Schedule crl downloading if necessary.
04-09 19:22:09.269  3080  3080 I cast_shell: [3083:3083:INFO:crl_downloader.cc(366)] Downloading crl: url=https://clients5.google.com/cast/chromecast/device/crl
04-09 19:22:09.270  3080  3080 I cast_shell: [3083:3083:INFO:cast_receiver_impl.cc(1695)] Network is globally connected. Refreshing CcsManager.
04-09 19:22:09.270  3080  3080 I cast_shell: [3083:3083:INFO:iot_auth_manager_wrapper.cc(311)] Network provider informed of connected network status.
04-09 19:22:09.270  3080  3080 I cast_shell: [3083:3083:INFO:config_downloader.cc(489)] Downloading config: headers (excl. auth) ='Accept: application/protobuf', url=https://clients5.google.com/cast/chromecast/device/baseconfig?m=LSB&M=COTODAMA&p=LS10+Platform&b=1.52.272222&c=wifi&r=beta-channel&pt=3&ln=&d=DE4F95FFA64D5E74B026&at=1
04-09 19:22:09.272  3080  3080 I cast_shell: [3083:3123:WARNING:setup_manager_impl.cc(1136)] NAT not supported, no captive portal support.
04-09 19:22:09.274  3080  3080 I cast_shell: [3083:3133:INFO:mdns_app_filter.cc(1702)] MdnsAppFilter is stopping
04-09 19:22:09.274  3080  3080 I cast_shell: [3083:3133:INFO:metrics_recorder.cc(282)] cast event: Cast.Discovery.Mdns.ResponderStopped
04-09 19:22:09.274  2968  2984 I otamanager: cast_updater_threadEntry() Response 'CheckUpdate' Current Firmware Update state 'Idle'
04-09 19:22:09.274  2968  2984 I otamanager: checkUpdate_l
04-09 19:22:09.274  2968  2984 I otamanager: Firmware Update State Change from Idle to CheckUpdate
04-09 19:22:09.281  2711  2723 I yani_server: NetLink Event '-1' Interface-Index '5' WLAN '0' Ethernet '-1' Parsed-iFill '-1' -> 'INVALID' ifIndex '1' -> 'lo'
04-09 19:22:09.296  3080  3080 I cast_shell: [3083:3134:INFO:transport_creds.cc(151)] Self-signed certificate created: CN=b0ba0719-1488-255d-eec3-c542c877e99a
04-09 19:22:09.431  2968  2984 E otamanager: lo not valid Interface for MAC ID
04-09 19:22:09.431  2968  2984 D otamanager: OTA: wlan IP = 192.168.1.145
04-09 19:22:09.431  2968  2984 I otamanager: OTA:checkIP mac = cc909321f384  IP = 192.168.1.145 
04-09 19:22:09.432  3080  3080 I cast_shell: [3083:3133:INFO:mdns_app_filter.cc(1120)] Skipping IPv6 interface that also has an IPv4 address: wlan0
04-09 19:22:09.432  3080  3080 I chatty  : uid=1000(chrome) /bin/logwrapper identical 2 lines
04-09 19:22:09.432  3080  3080 I cast_shell: [3083:3133:INFO:mdns_app_filter.cc(1120)] Skipping IPv6 interface that also has an IPv4 address: wlan0
04-09 19:22:09.432  3080  3080 I cast_shell: [3083:3133:INFO:metrics_recorder.cc(282)] cast event: Cast.Discovery.Mdns.SocketCreated
04-09 19:22:09.432  3080  3080 I cast_shell: [3083:3133:INFO:mdns_app_filter.cc(1254)] Created mDNS socket for interface:name=wlan0, address=192.168.1.145, index=5
04-09 19:22:09.432  3080  3080 I cast_shell: [3083:3133:INFO:metrics_recorder.cc(282)] cast event: Cast.Discovery.Mdns.SocketCreated
04-09 19:22:09.432  3080  3080 I cast_shell: [3083:3133:INFO:mdns_app_filter.cc(1254)] Created mDNS socket for interface:name=p2p1, address=192.168.2.1, index=7
04-09 19:22:09.432  3080  3080 I cast_shell: [3083:3133:INFO:metrics_recorder.cc(282)] cast event: Cast.Discovery.Mdns.SocketCreated
04-09 19:22:09.432  3080  3080 I cast_shell: [3083:3133:INFO:mdns_app_filter.cc(1254)] Created mDNS socket for interface:name=usb0, address=192.168.10.1, index=9
04-09 19:22:09.432  3080  3080 I cast_shell: [3083:3133:INFO:mdns_app_filter.cc(977)] MdnsAppFilter is starting.
04-09 19:22:09.439  3080  3080 I cast_shell: [3083:3133:INFO:mdns_cast_service.cc(351)] Device discovery state is setup-only
04-09 19:22:09.439  3080  3080 I cast_shell: [3083:3133:INFO:mdns_util.cc(102)] Defaulting mDNS capabilities for audio-only build
04-09 19:22:09.441  2712  2712 I lucitransport: readRemoteMessage() MID char = 6 buffer = 1001
04-09 19:22:09.441  2712  2712 I lucitransport: readRemoteMessage() MID char = 7 buffer = 1.52.272222
04-09 19:22:09.442  2968  2984 I otamanager: OTA: DownloadHttpContent :payload =  {"device":{"brand":"COTODAMA","castVersion":"1.52.272222","deviceId":"cc909321f384","deviceType":"LS10_C4A","fwVersion":"1203","googleCast":true,"mcuVersion":"1001","model":"LSB"}}
04-09 19:22:09.442  2968  2984 I otamanager:  
04-09 19:22:09.442  2968  2984 I otamanager: OTA:------curlDownloadFirmwareXml---
04-09 19:22:09.442  2968  2984 I otamanager: OTA:isValidIpAddress: result 0
04-09 19:22:09.446  3080  3080 I cast_shell: [3083:3123:INFO:metrics_recorder.cc(282)] Record action: Setup.offer.Android.200
04-09 19:22:09.447  2962  3159 I LibreCastControlDelegate: OnCastStatus() +++ Lyric Speaker Box 21f384:0xabc12198:NOT_SETUP
04-09 19:22:09.447  2962  3159 I LibreCastControlDelegate: Device Build Number -> '1.52.272222'
04-09 19:22:09.447  2962  3159 I librecast: updateCastBuildVersion() Version 1.52.272222
04-09 19:22:09.447  2712  2712 I lucitransport: readRemoteMessage() MID char = 7 buffer = 1.52.272222
04-09 19:22:09.447  2962  3159 I LibreCastControlDelegate: Active Applications -> 0
04-09 19:22:09.447  2962  3159 I LibreCastControlDelegate: Current Cast State '2' -> 'NOT_SETUP'
04-09 19:22:09.447  2962  3159 I LibreCastControlDelegate: OnCastStatus() ---
04-09 19:22:09.448  2962  3159 I LibreCastControlDelegate: OnCastStatus() +++ Lyric Speaker Box 21f384:0xabc12198:NOT_SETUP
04-09 19:22: