04-09 17:26:48.434     0     0 I         : [    1.429286@2] Registered swp emulation handler
04-09 17:26:48.434     0     0 I         : [    1.429326@2] Registered cp15_barrier emulation handler
04-09 17:26:48.434     0     0 I         : [    1.429711@2] Registered setend emulation handler
04-09 17:26:48.434     0     0 I         : [    1.430228@2] disable EAS feature
04-09 17:26:48.434     0     0 I         : [    1.431312@2] registered taskstats version 1
04-09 17:26:48.434     0     0 W         : [    1.441028@2] dwc3 ff500000.dwc3: Configuration mismatch. dr_mode forced to host
04-09 17:26:48.434     0     0 I         : [    1.945672@2] xhci-hcd xhci-hcd.0.auto: xHCI Host Controller
04-09 17:26:48.434     0     0 I         : [    1.945732@2] xhci-hcd xhci-hcd.0.auto: new USB bus registered, assigned bus number 1
04-09 17:26:48.434     0     0 I         : [    1.946932@2] xhci-hcd xhci-hcd.0.auto: hcc params 0x0220f664 hci version 0x100 quirks 0x02010010
04-09 17:26:48.434     0     0 I         : [    1.947415@2] xhci-hcd xhci-hcd.0.auto: irq 27, io mem 0xff500000
04-09 17:26:48.434     0     0 I         : [    1.948938@0] hub 1-0:1.0: USB hub found
04-09 17:26:48.434     0     0 I         : [    1.949009@0] hub 1-0:1.0: 1 port detected
04-09 17:26:48.434     0     0 I         : [    1.949523@0] xhci-hcd xhci-hcd.0.auto: xHCI Host Controller
04-09 17:26:48.434     0     0 I         : [    1.949760@0] xhci-hcd xhci-hcd.0.auto: new USB bus registered, assigned bus number 2
04-09 17:26:48.434     0     0 I         : [    1.950589@0] usb usb2: We don't know the algorithms for LPM for this host, disabling LPM.
04-09 17:26:48.434     0     0 I         : [    1.952126@0] hub 2-0:1.0: USB hub found
04-09 17:26:48.434     0     0 E         : [    1.952193@0] hub 2-0:1.0: config failed, hub doesn't have any ports! (err -19)
04-09 17:26:48.434     0     0 E         : [    1.952791@0] usb usb2: Unsupported the hub
04-09 17:26:48.434     0     0 I         : [    1.953552@0] aml_vrtc rtc: setting system clock to 2022-04-09 11:56:45 UTC (1649505405)
04-09 17:26:48.434     0     0 D         : [    1.954362@0] dwc_otg ff400000.dwc2_a: dwc_otg_driver_probe(ffffffc01d679400)
04-09 17:26:48.434     0     0 W [    1.954409@0] dwc_otg: usb0: type: 2 speed: 0, config: 0, dma: 0, id: 0, phy: ffe09000, ctrl: 0
04-09 17:26:48.434     0     0 D         : [    1.954786@0] dwc_otg ff400000.dwc2_a: base=0xffffff8008a40000
04-09 17:26:48.434     0     0 D         : [    1.954792@0] dwc_otg ff400000.dwc2_a: dwc_otg_device=0xffffffc01c7f5400
04-09 17:26:48.434     0     0 W [    2.055069@0] dwc_otg: Core Release: 3.10a
04-09 17:26:48.434     0     0 W [    2.055109@0] dwc_otg: Setting default values for core params
04-09 17:26:48.434     0     0 W [    2.055521@0] dwc_otg: curmode: 0, host_only: 0
04-09 17:26:48.434     0     0 D         : [    2.055979@0] dwc_otg ff400000.dwc2_a: DMA config: BURST_DEFAULT
04-09 17:26:48.434     0     0 W [    2.068327@0] dwc_otg: Using Buffer DMA mode
04-09 17:26:48.434     0     0 W [    2.068351@0] dwc_otg: OTG VER PARAM: 1, OTG VER FLAG: 1
04-09 17:26:48.434     0     0 W [    2.068731@0] dwc_otg: Working on port type = SLAVE
04-09 17:26:48.434     0     0 W [    2.069216@0] dwc_otg: Dedicated Tx FIFOs mode
04-09 17:26:48.434     0     0 I [    2.071657@0] input: adc_keypad as /devices/platform/adc_keypad/input/input1
04-09 17:26:48.434     0     0 I         : [    2.073605@3] cpucore_cooling_register, max_cpu_core_num:4
04-09 17:26:48.434     0     0 I [    2.080055@0] gxbb_pm: enter meson_pm_probe!
04-09 17:26:48.434     0     0 I         : [    2.080129@0] no vddio3v3_en pin
04-09 17:26:48.434     0     0 E         : [    2.080289@0] pm-meson aml_pm: Can't get switch_clk81
04-09 17:26:48.434     0     0 I [    2.080811@0] gxbb_pm: meson_pm_probe done
04-09 17:26:48.434     0     0 I         : [    2.081554@0] ALSA device list:
04-09 17:26:48.435     0     0 I [    2.081579@0]   #0: AML-AUGESOUND
04-09 17:26:48.435     0     0 I         : [    2.082065@0] meson_uart ff804000.serial: ttyS3 use xtal(8M) 24000000 change 115200 to 115200
04-09 17:26:48.435     0     0 I         : [    2.087948@0] Freeing unused kernel memory: 6080K
04-09 17:26:48.435     0     0 I [    2.302454@2] ubi0: attaching mtd6
04-09 17:26:48.435     0     0 I [    2.512429@2] ubi0: scanning is finished
04-09 17:26:48.435     0     0 I [    2.516410@3] ubi0: attached mtd6 (name "system", size 100 MiB)
04-09 17:26:48.435     0     0 I [    2.516702@3] ubi0: PEB size: 262144 bytes (256 KiB), LEB size: 253952 bytes
04-09 17:26:48.435     0     0 I [    2.523704@3] ubi0: min./max. I/O unit sizes: 4096/4096, sub-page size 4096
04-09 17:26:48.435     0     0 I [    2.530711@3] ubi0: VID header offset: 4096 (aligned 4096), data offset: 8192
04-09 17:26:48.435     0     0 I [    2.537665@3] ubi0: good PEBs: 400, bad PEBs: 0, corrupted PEBs: 0
04-09 17:26:48.435     0     0 I [    2.543791@3] ubi0: user volume: 1, internal volumes: 1, max. volumes count: 128
04-09 17:26:48.435     0     0 I [    2.551120@3] ubi0: max/mean erase counter: 38/25, WL threshold: 4096, image sequence number: 736763309
04-09 17:26:48.435     0     0 I [    2.560501@3] ubi0: available PEBs: 0, total reserved PEBs: 400, PEBs reserved for bad PEB handling: 40
04-09 17:26:48.435     0     0 I [    2.569827@0] ubi0: background thread "ubi_bgt0d" started, PID 2142
04-09 17:26:48.435     0     0 I         : [    2.575391@2] UBIFS (ubi0:0): background thread "ubifs_bgt0_0" started, PID 2145
04-09 17:26:48.435     0     0 I         : [    2.626984@1] UBIFS (ubi0:0): UBIFS: mounted UBI device 0, volume 0, name "rootfs"
04-09 17:26:48.435     0     0 I         : [    2.628963@1] UBIFS (ubi0:0): LEB size: 253952 bytes (248 KiB), min./max. I/O unit sizes: 4096 bytes/4096 bytes
04-09 17:26:48.435     0     0 I         : [    2.638925@1] UBIFS (ubi0:0): FS size: 87867392 bytes (83 MiB, 346 LEBs), journal size 9404416 bytes (8 MiB, 38 LEBs)
04-09 17:26:48.435     0     0 I         : [    2.649443@1] UBIFS (ubi0:0): reserved for root: 0 bytes (0 KiB)
04-09 17:26:48.435     0     0 I         : [    2.655397@1] UBIFS (ubi0:0): media format: w4/r0 (latest is w4/r0), UUID DC99A6D8-69BA-4DD7-9E44-726260A6E747, small LPT model
04-09 17:26:48.435     0     0 I [    2.924634@0] init: property init
04-09 17:26:48.435     0     0 I [    2.925365@0] init: reading config file
04-09 17:26:48.435     0     0 I [    2.932158@0] init: processing action 0xaac2f808 (boot_start)
04-09 17:26:48.435     0     0 I [    2.939946@0] init: command 'boot_start' r=0
04-09 17:26:48.435     0     0 I [    2.941022@0] init: processing action 0xaac2b6b0 (early-init)
04-09 17:26:48.435     0     0 I [    2.945699@0] init: starting 'ueventd'
04-09 17:26:48.435     0     0 I [    2.948971@0] init: command 'start' r=0
04-09 17:26:48.435     0     0 I [    2.951851@0] init: command 'loglevel' r=0
04-09 17:26:48.435     0     0 I [    2.956814@0] init: command 'mount' r=0
04-09 17:26:48.435     0     0 I [    2.958073@2] init: starting ueventd
04-09 17:26:48.435     0     0 I [    2.958874@2] init: /sys/ rule /sys/devices/virtual/input/input* enable
04-09 17:26:48.435     0     0 I [    2.958886@2] init: /sys/ rule /sys/devices/virtual/input/input* poll_delay
04-09 17:26:48.435     0     0 I [    2.958895@2] init: /sys/ rule /sys/devices/virtual/usb_composite/* enable
04-09 17:26:48.435     0     0 I [    2.964467@2] init: adding platform device ffd0f0d0.watchdog
04-09 17:26:48.435     0     0 I [    2.964877@2] init: adding platform device reg-dummy
04-09 17:26:48.435     0     0 I [    2.965552@2] init: adding platform device cpu_iomap
04-09 17:26:48.435     0     0 I [    2.965841@2] init: adding platform device 7400000.ramoops
04-09 17:26:48.435     0     0 I [    2.966112@2] init: adding platform device bt-dev
04-09 17:26:48.435     0     0 I [    2.966683@2] init: adding platform device dummy
04-09 17:26:48.435     0     0 I [    3.014404@0] init: command 'mount' r=0
04-09 17:26:48.435     0     0 I [    3.218699@1] ubi1: attaching mtd7
04-09 17:26:48.435     0     0 I [    3.512322@1] ubi1: scanning is finished
04-09 17:26:48.435     0     0 I [    3.516730@3] ubi1: attached mtd7 (name "chrome", size 140 MiB)
04-09 17:26:48.435     0     0 I [    3.517021@3] ubi1: PEB size: 262144 bytes (256 KiB), LEB size: 253952 bytes
04-09 17:26:48.435     0     0 I [    3.524038@3] ubi1: min./max. I/O unit sizes: 4096/4096, sub-page size 4096
04-09 17:26:48.435     0     0 I [    3.531015@3] ubi1: VID header offset: 4096 (aligned 4096), data offset: 8192
04-09 17:26:48.435     0     0 I [    3.537984@3] ubi1: good PEBs: 560, bad PEBs: 0, corrupted PEBs: 0
04-09 17:26:48.435     0     0 I [    3.544112@3] ubi1: user volume: 1, internal volumes: 1, max. volumes count: 128
04-09 17:26:48.435     0     0 I [    3.551445@3] ubi1: max/mean erase counter: 36/26, WL threshold: 4096, image sequence number: 1458511589
04-09 17:26:48.435     0     0 I [    3.560911@3] ubi1: available PEBs: 0, total reserved PEBs: 560, PEBs reserved for bad PEB handling: 40
04-09 17:26:48.435     0     0 I [    3.570233@2] ubi1: background thread "ubi_bgt1d" started, PID 2555
04-09 17:26:48.435     0     0 I         : [    3.584765@0] UBIFS (ubi1:0): background thread "ubifs_bgt1_0" started, PID 2558
04-09 17:26:48.435     0     0 I         : [    3.611634@1] UBIFS (ubi1:0): recovery needed
04-09 17:26:48.435     0     0 I         : [    3.648994@2] UBIFS (ubi1:0): recovery completed
04-09 17:26:48.435     0     0 I         : [    3.649149@2] UBIFS (ubi1:0): UBIFS: mounted UBI device 1, volume 0, name "chrome"
04-09 17:26:48.435     0     0 I         : [    3.655506@2] UBIFS (ubi1:0): LEB size: 253952 bytes (248 KiB), min./max. I/O unit sizes: 4096 bytes/4096 bytes
04-09 17:26:48.435     0     0 I         : [    3.665505@2] UBIFS (ubi1:0): FS size: 128499712 bytes (122 MiB, 506 LEBs), journal size 9404416 bytes (8 MiB, 38 LEBs)
04-09 17:26:48.435     0     0 I         : [    3.676198@2] UBIFS (ubi1:0): reserved for root: 0 bytes (0 KiB)
04-09 17:26:48.435     0     0 I         : [    3.682150@2] UBIFS (ubi1:0): media format: w4/r0 (latest is w4/r0), UUID 3D7B4A1D-6849-462E-B889-C151DCC94211, small LPT model
04-09 17:26:48.435     0     0 I [    3.725363@1] ubi2: attaching mtd8
04-09 17:26:48.435     0     0 I         : [    3.891750@1]  NAND bbt detect factory Bad block at 17a40000
04-09 17:26:48.435     0     0 I         : [    3.903356@1]  NAND bbt detect factory Bad block at 18000000
04-09 17:26:48.435     0     0 I         : [    3.903413@1]  NAND bbt detect factory Bad block at 18040000
04-09 17:26:48.435     0     0 I [    4.176139@1] ubi2: scanning is finished
04-09 17:26:48.435     0     0 I [    4.180888@0] ubi2: attached mtd8 (name "data", size 213 MiB)
04-09 17:26:48.435     0     0 I [    4.181008@0] ubi2: PEB size: 262144 bytes (256 KiB), LEB size: 253952 bytes
04-09 17:26:48.435     0     0 I [    4.188018@0] ubi2: min./max. I/O unit sizes: 4096/4096, sub-page size 4096
04-09 17:26:48.435     0     0 I [    4.194903@0] ubi2: VID header offset: 4096 (aligned 4096), data offset: 8192
04-09 17:26:48.435     0     0 I [    4.201970@0] ubi2: good PEBs: 849, bad PEBs: 3, corrupted PEBs: 0
04-09 17:26:48.435     0     0 I [    4.208097@0] ubi2: user volume: 2, internal volumes: 1, max. volumes count: 128
04-09 17:26:48.435     0     0 I [    4.215437@0] ubi2: max/mean erase counter: 73/49, WL threshold: 4096, image sequence number: 1018457084
04-09 17:26:48.435     0     0 I [    4.224832@0] ubi2: available PEBs: 0, total reserved PEBs: 849, PEBs reserved for bad PEB handling: 37
04-09 17:26:48.435     0     0 I [    4.234153@2] ubi2: background thread "ubi_bgt2d" started, PID 2566
04-09 17:26:48.435     0     0 I         : [    4.248029@3] UBIFS (ubi2:0): background thread "ubifs_bgt2_0" started, PID 2569
04-09 17:26:48.435     0     0 I         : [    4.274424@0] UBIFS (ubi2:0): recovery needed
04-09 17:26:48.435     0     0 I         : [    4.368442@2] UBIFS (ubi2:0): recovery completed
04-09 17:26:48.435     0     0 I         : [    4.368639@2] UBIFS (ubi2:0): UBIFS: mounted UBI device 2, volume 0, name "factory"
04-09 17:26:48.436     0     0 I         : [    4.375092@2] UBIFS (ubi2:0): LEB size: 253952 bytes (248 KiB), min./max. I/O unit sizes: 4096 bytes/4096 bytes
04-09 17:26:48.436     0     0 I         : [    4.385038@2] UBIFS (ubi2:0): FS size: 10158080 bytes (9 MiB, 40 LEBs), journal size 2285569 bytes (2 MiB, 9 LEBs)
04-09 17:26:48.436     0     0 I         : [    4.395299@2] UBIFS (ubi2:0): reserved for root: 0 bytes (0 KiB)
04-09 17:26:48.436     0     0 I         : [    4.401253@2] UBIFS (ubi2:0): media format: w4/r0 (latest is w4/r0), UUID AD7DC8BC-6ACA-4841-8B12-7A54B54F57E7, small LPT model
04-09 17:26:48.436     0     0 I         : [    4.424903@3] UBIFS (ubi2:1): background thread "ubifs_bgt2_1" started, PID 2572
04-09 17:26:48.436     0     0 I         : [    4.450607@0] UBIFS (ubi2:1): recovery needed
04-09 17:26:48.436     0     0 I         : [    4.538766@0] UBIFS (ubi2:1): recovery completed
04-09 17:26:48.436     0     0 I         : [    4.538923@0] UBIFS (ubi2:1): UBIFS: mounted UBI device 2, volume 1, name "data"
04-09 17:26:48.436     0     0 I         : [    4.545106@0] UBIFS (ubi2:1): LEB size: 253952 bytes (248 KiB), min./max. I/O unit sizes: 4096 bytes/4096 bytes
04-09 17:26:48.436     0     0 I         : [    4.555106@0] UBIFS (ubi2:1): FS size: 189956096 bytes (181 MiB, 748 LEBs), journal size 9404416 bytes (8 MiB, 38 LEBs)
04-09 17:26:48.436     0     0 I         : [    4.565798@0] UBIFS (ubi2:1): reserved for root: 0 bytes (0 KiB)
04-09 17:26:48.436     0     0 I         : [    4.571751@0] UBIFS (ubi2:1): media format: w4/r0 (latest is w4/r0), UUID 34A475AE-5814-4337-8EB7-8868427E3B0E, small LPT model
04-09 17:26:48.436     0     0 I         : [    4.809555@2] aml_wifi wifi: [usb_power_control] Set WiFi power down
04-09 17:26:48.436     0     0 I [    4.810279@2] meson-mmc: [sdio_notify] finish
04-09 17:26:48.436     0     0 I         : [    4.814628@2] aml_wifi wifi: [wifi_power_ioctl] ioctl Set sdio wifi power down!
04-09 17:26:48.436     0     0 I         : [    4.818112@1] UBIFS (ubi0:0): background thread "ubifs_bgt0_0" stops
04-09 17:26:49.502  2585  2585 E         : found the match wifi is: sd8887
04-09 17:26:49.502  2585  2585 E         : wifi_insmod command:insmod /lib/modules/4.9.113/kernel/mrvl/mlan8887.ko 
--------- beginning of system
04-09 17:26:49.547  2605  2605 I wpa_supplicant: Successfully initialized wpa_supplicant
04-09 17:26:49.580  2605  2605 E wpa_supplicant: Could not read interface wlan0 flags: No such device
04-09 17:26:49.583  2605  2605 I wpa_supplicant: nl80211: Driver does not support authentication/association or connect commands
04-09 17:26:49.585  2605  2605 I wpa_supplicant: nl80211: deinit ifname=wlan0 disabled_11b_rates=0
04-09 17:26:49.586  2605  2605 E wpa_supplicant: Could not read interface wlan0 flags: No such device
04-09 17:26:49.591  2605  2605 E wpa_supplicant: wlan0: Failed to initialize driver interface
04-09 17:26:49.672  2585  2585 E         : wifi_insmod command:insmod /lib/modules/4.9.113/kernel/mrvl/sd8xxx.ko cal_data_cfg=mrvl/WlanCalData_ext_LS9x_291119.conf txpwrlimit_cfg=mrvl/txpwrlimit_cfg_8887.bin fw_name=mrvl/sd8887_wlan_a2_p59.bin cfg80211_wext=0xf host_mlme=1 auto_ds=2 fw_serial=1 sta_name="wlan" uap_name="p2p" ps_mode=2 max_uap_bss=2 drvdbg=0x7 reg_alpha2="00"
04-09 17:26:50.780  2585  2585 E         : Load BT driver
04-09 17:26:50.780  2585  2585 E         : found the match wifi is: (null)
04-09 17:26:50.780  2585  2585 E         : wifi_insmod command:insmod /lib/modules/4.9.113/kernel/mrvl/bt8xxx.ko fw_name=mrvl/sd8887_bt_a2_p59.bin bt_fw_serial=0
04-09 17:26:50.899  2690  2690 W sshd    : Failed loading /etc/dropbear/dropbear_rsa_host_key
04-09 17:26:50.899  2690  2690 W sshd    : Failed loading /etc/dropbear/dropbear_dss_host_key
04-09 17:26:50.899  2690  2690 W sshd    : Failed loading /etc/dropbear/dropbear_ecdsa_host_key
04-09 17:26:50.903  2690  2690 I sshd    : Not backgrounding
04-09 17:26:50.934  2698  2698 E writeSerialNo: Writing serial number to unifykey
04-09 17:26:50.961  2692  2692 I sh      : FACTEST:unifykey read success:20 20
04-09 17:26:50.961  2692  2692 I sh      : inbuf=de4f95ffa64d5e74b026  ret=20 serial.txt=de4f95ffa64d5e74b026 bytesread=20 strcmp=0
04-09 17:26:51.000  2696  2696 I ServiceManager: Waiting for service libre.EnvItems...
04-09 17:26:51.020  2699  2699 I ENV     : init 
04-09 17:26:51.021  2699  2699 I ENV     :  First boot 
04-09 17:26:51.021  2699  2699 E ENV     : fileExists:153 /lsync/env/env.db does not exist
04-09 17:26:51.027  2699  2699 D AVS_SDK :  [  1] I sdkVersion: 1.19.1
04-09 17:26:51.027  2699  2699 E ENV     :  FAILED to open:/lsync/env/tmp.db 
04-09 17:26:51.028  2699  2699 I ENV     : removeItem:79:/lsync/env/tmp.db not found
04-09 17:26:51.029  2699  2699 E ENV     : /lsync/env/env.db does not Exist.. tempStorage = 0
04-09 17:26:51.029  2699  2699 I ENV     : createUserDBFromFactoryCfg 
04-09 17:26:51.036  2699  2699 I ENV     : Using /factory/custom/factoryEnv.conf as conf file
04-09 17:26:51.036  2699  2699 I ENV     : removeItem:79:/lsync/env/env.db not found
04-09 17:26:51.036  2699  2699 E ENV     : Error removing /lsync/env/env.db
04-09 17:26:51.100  2699  2699 E ENV     : createUserDBFromFactoryCfg:307: tempStorage is undefined
04-09 17:26:51.100  2699  2699 I ENV     : Using /factory/custom/factoryEnv.conf and /lsync/env/env.db as conf and db file
04-09 17:26:51.100  2699  2699 I ENV     : init 
04-09 17:26:51.100  2699  2699 I ENV     :  First boot 
04-09 17:26:51.100  2699  2699 I ENV     : fileExists:151 /lsync/env/env.db exists
04-09 17:26:51.102  2699  2699 I ENV     : Copied /lsync/env/env.db to /lsync/env/tmp.db
04-09 17:26:51.103  2699  2699 E ENV     : /lsync/env/env.db does not Exist.. tempStorage = ac87adb0
04-09 17:26:51.103  2699  2699 I ENV     : createUserDBFromFactoryCfg 
04-09 17:26:51.105  2699  2699 I ENV     : Using /factory/custom/factoryEnv.conf as conf file
04-09 17:26:51.106  2699  2699 I ENV     : removeItem:74:/lsync/env/env.db removed
04-09 17:26:51.106  2699  2699 I ENV     : Removed /lsync/env/env.db
04-09 17:26:51.119  2699  2699 E ENV     : createUserDBFromFactoryCfg:301: Failed at tempStorage->get_changed
04-09 17:26:51.512  2699  2699 I chatty  : uid=0(root) env_service identical 64 lines
04-09 17:26:51.518  2699  2699 E ENV     : createUserDBFromFactoryCfg:301: Failed at tempStorage->get_changed
04-09 17:26:51.519  2699  2699 E AVS_SDK :  [  1] E SQLiteStatement:SQLiteStatement::stepFailed::Executing the select did not generate a row or complete.:result=19
04-09 17:26:51.520  2699  2699 E AVS_SDK :  [  1] E SQLiteStatement:SQLiteStatement::finalizeFailed::Could release the prepared statement.:rcode=19
04-09 17:26:51.520  2699  2699 E ENV     : createUserDBFromFactoryCfg:286: Failed at m_miscStorage->put
04-09 17:26:51.525  2699  2699 E ENV     : createUserDBFromFactoryCfg:301: Failed at tempStorage->get_changed
04-09 17:26:51.715  2699  2699 I chatty  : uid=0(root) env_service identical 29 lines
04-09 17:26:51.721  2699  2699 E ENV     : createUserDBFromFactoryCfg:301: Failed at tempStorage->get_changed
04-09 17:26:51.721  2699  2699 I ENV     : Using /factory/custom/factoryEnv.conf and /lsync/env/env.db as conf and db file
04-09 17:26:51.722  2699  2699 I ENV     : fileExists:151 /lsync/env/env_bk.db exists
04-09 17:26:51.723  2699  2699 I ENV     : fileExists:151 /factory/custom/factoryEnv_bk.conf exists
04-09 17:26:51.723  2699  2699 I ENV     : removeItem:74:/lsync/env/tmp.db removed
04-09 17:26:53.963  2711  2711 I wpa_supplicant: Successfully initialized wpa_supplicant
04-09 17:26:53.974  2711  2711 I wpa_supplicant: rfkill: Cannot open RFKILL control device
04-09 17:26:54.009  2714  2714 I main_sourceswitch: ServiceManager: 0xabe64f88
04-09 17:26:54.011  2714  2714 E luci_helper: LUCIHelper: Waiting for Module Init
04-09 17:26:54.011  2714  2714 E luci_helper: LUCIHelper: Waiting for Module Init
04-09 17:26:54.012  2713  2713 E LUCI_FACTORY: LUCIFactory::registerBuiltinFactories
04-09 17:26:54.020  2713  2713 E LUCI_SERVER: IP = 0
04-09 17:26:54.033  2712  2712 E luci_helper: LUCIHelper: Waiting for Module Init
04-09 17:26:54.034  2712  2712 E luci_helper: LUCIHelper: Waiting for Module Init
04-09 17:26:54.035  2712  2712 E yani_server: YaniServer FAILED TO GET LuciHelper
04-09 17:26:54.065  2692  2692 I sh      : Simple mixer control 'Master',0
04-09 17:26:54.065  2692  2692 I sh      :   Capabilities: volume pswitch pswitch-joined
04-09 17:26:54.065  2692  2692 I sh      :   Playback channels: Front Left - Front Right
04-09 17:26:54.065  2692  2692 I sh      :   Capture channels: Front Left - Front Right
04-09 17:26:54.065  2692  2692 I sh      :   Limits: 0 - 100
04-09 17:26:54.086  2712  2712 E luci_helper: LUCIHelper: Waiting for Module Init
04-09 17:26:54.086  2712  2712 E yani_server: YaniServer FAILED TO GET LuciHelper
04-09 17:26:54.086  2692  2692 I sh      :   Front Left: 30 [30%] [-10.45dB] Playback [on]
04-09 17:26:54.086  2692  2692 I sh      :   Front Right: 30 [30%] [-10.45dB] Playback [on]
04-09 17:26:54.091  2713  2713 E luciUART: bufff write ? = 1 
04-09 17:26:54.093  2713  2713 E luciUART: tcsetattr succeed
04-09 17:26:54.094  2713  2722 E LUCI_SERVER: Luci Server Thread waiting for packets....
04-09 17:26:54.109  2711  2711 I wpa_supplicant: MPM: Debug Dialog Token initialized 210883178 (0xc91d26a)
04-09 17:26:54.116  2711  2711 I wpa_supplicant: wlan0: CTRL-EVENT-REGDOM-CHANGE init=USER type=COUNTRY alpha2=US
04-09 17:26:54.190  2710  2710 I         : [0409/045654.189804:INFO:cast_auth_check.cc(163)] Cast auth test is successful.
04-09 17:26:54.545  2712  2724 E yani_kernel: Interface status 0
04-09 17:26:54.552  2712  2724 I yani_kernel: set_device_name() Interface 'wlan0' MAC Address 'cc:90:93:21:f3:84' FriendlyName 'Lyric Speaker Box 21f384' status '0'
04-09 17:26:54.553  2712  2724 I yani_server: First boot after Factory reset! Friendly Name modified Lyric Speaker Box  -> Lyric Speaker Box 21f384
04-09 17:26:54.559  2713  2713 I lucitransport: writeRemoteMessage() MID = 90 buffer = Lyric Speaker Box 21f384
04-09 17:26:54.559  2713  2713 I luciUART: write() MID = 90  bytes = 34 data = Lyric Speaker Box 21f384 m_fd = 0x5
04-09 17:26:54.560  2713  2713 I lucitransport: writeLocalMessage() MID = 90 buffer = Lyric Speaker Box 21f384
04-09 17:26:54.560  2713  2722 E LUCI_SERVER: Luci Server Thread wait over MID 90....
04-09 17:26:54.561  2712  2724 E yani_server: Device Supports CastSetup 1
04-09 17:26:54.562  2712  2724 I yani_kernel: yani_init_net() Success Netlink socket fd 6
04-09 17:26:54.565  2712  2724 E WifiHW  : wifi_start_supplicant
04-09 17:26:54.565  2712  2724 E WifiHW  : wifi_start_ctl.start : wpa_supplicant
04-09 17:26:54.590  2713  2722 E LUCI_SERVER: Luci Server Thread waiting for packets....
04-09 17:26:54.766  2712  2724 E WifiHW  : wifi_connect_to_supplicant : wlan0
04-09 17:26:54.766  2712  2724 E WifiHW  : wifi_connect_on_socket_path1 : wlan0
04-09 17:26:54.769  2712  2724 E yani_wifi: enable_disable_net_if() Failed SIOCGIFFLAGS for interface 'wlan1' enable '0'
04-09 17:26:54.774  2712  2724 I yani_wifi: configure_wifi() SSID '' security '' passphrase '********' Country 'US'
04-09 17:26:55.968  2692  2692 I sh      : LSDeviceService: not found
04-09 17:26:56.051  2732  2732 I NetMgr  : Net_Mgr starting
04-09 17:26:56.053  2732  2732 I HotspotManager: Default WiFi Interface : wlan0
04-09 17:26:56.080  2736  2736 E dhcpcd  : eth0: interface not found or invalid
04-09 17:26:56.080  2732  2732 I NetworkMonitor: WiFi Interface : wlan0
04-09 17:26:56.080  2732  2732 I NetworkMonitor: Default WiFi Interface : wlan0
04-09 17:26:56.090  2729  2729 E         :  Start MessageBox Handler 
04-09 17:26:56.090  2732  2741 I NetworkMonitor: Start monitor thread
04-09 17:26:56.095  2730  2730 E UIModeManager: UIModeManager Constructor ++
04-09 17:26:56.099  2736  2736 D dhcpcd  : wlan0: adding address fe80::ce90:93ff:fe21:f384
04-09 17:26:56.109  2732  2741 E WifiUtil: command: "SCAN" failed: FAIL-BUSY
04-09 17:26:56.110  2730  2730 I AirableUIHelper: AirableUIHelper Contructor 
04-09 17:26:56.112  2730  2730 E AirableUIHelper:  Airable ENV_AirableBaseURL_ID Envitem returned failed!!!
04-09 17:26:56.112  2729  2746 E MB_HANDLER: HOST present 1
04-09 17:26:56.114  2730  2730 E AirableUIHelper:  Airable ENV_AirableSecret_ID Envitem returned failed!!!
04-09 17:26:56.114  2730  2730 E AirableUIHelper: Airable Secret =  
04-09 17:26:56.123  2729  2746 E MB_HANDLER:  REGISTERED YANI LISTENER IN MessageBoxHandler
04-09 17:26:56.124  2729  2746 E         : External Host present 1
04-09 17:26:56.124  2729  2746 E MB_HANDLER: REGISTERED ExternalSource IN MessageBoxHandler
04-09 17:26:56.127  2730  2730 I UIModeManager: RegisterModeControl Mode - PlayMode ModeControl - 0xab334c30
04-09 17:26:56.128  2730  2730 I ServiceManager: Waiting for service media.player...
04-09 17:26:56.129  2729  2746 E MB_HANDLER: Check Device Support ENV_CastSetup true ENV_GoogleCast_ID true 
04-09 17:26:56.130  2713  2713 I lucitransport: readRemoteMessage() MID char = 43689 buffer = 1
04-09 17:26:56.132  2713  2713 I lucitransport: writeRemoteMessage() MID = 43690 buffer = ªªªªª
04-09 17:26:56.133  2713  2713 I luciUART: write() MID = 43690  bytes = 15 data = ªªªªª m_fd = 0x5
04-09 17:26:56.133  2729  2746 E MB_HANDLER: LUCI UART READY MSG!!
04-09 17:26:56.133  2729  2746 E MB_HANDLER: Set Default Network Status on Bootup 0#1,0#2,0#3,0#4,0!
04-09 17:26:56.133  2713  2713 I lucitransport: writeRemoteMessage() MID = 124 buffer = 0#1,0#2,0#3,0#4,0
04-09 17:26:56.133  2713  2713 I luciUART: write() MID = 124  bytes = 27 data = 0#1,0#2,0#3,0#4,0 m_fd = 0x5
04-09 17:26:56.133  2713  2713 I lucitransport: readRemoteMessage() MID char = 43689 buffer = 1
04-09 17:26:56.134  2713  2713 I lucitransport: readRemoteMessage() MID char = 38 buffer = (null)
04-09 17:26:56.134  2713  2713 I lucitransport: readRemoteMessage() MID char = 35 buffer = 0
04-09 17:26:56.134  2729  2746 E MB_HANDLER: connected_cnt =0
04-09 17:26:56.135  2713  2713 I lucitransport: writeRemoteMessage() MID = 35 buffer = 1
04-09 17:26:56.143  2729  2746 E MB_HANDLER: boot_after_factory : 1
04-09 17:26:56.143  2713  2721 E luciUART: UART:aa
04-09 17:26:56.143  2713  2721 E luciUART: UART:aa
04-09 17:26:56.143  2713  2721 E luciUART: UART:2
04-09 17:26:56.143  2713  2721 E luciUART: UART:0
04-09 17:26:56.143  2713  2721 E luciUART: UART:9
04-09 17:26:56.143  2713  2721 E luciUART: UART:0
04-09 17:26:56.143  2713  2721 I chatty  : uid=0(root) UARTLUCIControl identical 2 lines
04-09 17:26:56.143  2713  2721 E luciUART: UART:0
04-09 17:26:56.143  2713  2721 E luciUART: UART:1
04-09 17:26:56.143  2713  2721 I luciUART: read() RemoteID = 43690 Command = 9 Type = 2 Status = 0 DataLen = 1
04-09 17:26:56.145  2713  2721 E luciUART: UART:aa
04-09 17:26:56.145  2713  2721 E luciUART: UART:aa
04-09 17:26:56.145  2713  2721 E luciUART: UART:1
04-09 17:26:56.145  2713  2721 E luciUART: UART:0
04-09 17:26:56.145  2713  2721 E luciUART: UART:7c
04-09 17:26:56.145  2713  2721 E luciUART: UART:0
04-09 17:26:56.145  2713  2721 I chatty  : uid=0(root) UARTLUCIControl identical 3 lines
04-09 17:26:56.145  2713  2721 E luciUART: UART:0
04-09 17:26:56.155  2713  2722 E WLANP2PIF: ioctl failed
04-09 17:26:56.155  2713  2722 E LUCI_SERVER: ** RSSI  = 255
04-09 17:26:56.155  2713  2722 I luciUART: write() MID = 151  bytes = 10 data =  m_fd = 0x5
04-09 17:26:56.155  2713  2722 E LUCI_SERVER: Luci Server Thread wait over MID 208....
04-09 17:26:56.155  2713  2722 E LUCI_SERVER: Got NV name : ssid
04-09 17:26:56.157  2713  2722 I luciUART: write() MID = 208  bytes = 15 data = ssid: m_fd = 0x5
04-09 17:26:56.157  2713  2722 E LUCI_SERVER: NV_READ response= ssid:
04-09 17:26:56.157  2713  2722 E LUCI_SERVER: Luci Server Thread waiting for packets....
04-09 17:26:56.161  2729  2746 E MB_HANDLER: MacAddress :CC:90:93:21:F3:84
04-09 17:26:56.161  2713  2713 I lucitransport: writeRemoteMessage() MID = 91 buffer = CC:90:93:21:F3:84
04-09 17:26:56.161  2713  2713 I luciUART: write() MID = 91  bytes = 27 data = CC:90:93:21:F3:84 m_fd = 0x5
04-09 17:26:56.161  2729  2746 E MB_HANDLER: Message Handler Thread waiting for messages....
04-09 17:26:56.165  2735  2735 I bt_btif : init
04-09 17:26:56.168  2735  2735 D bt_osi_allocation_tracker: canary initialized
04-09 17:26:56.170  2735  2760 I bt_osi_thread: run_thread: thread id 2760, thread name stack_manager started
04-09 17:26:56.171  2735  2760 I bt_stack_manager: event_init_stack is initializing the stack
04-09 17:26:56.171  2713  2721 E luciUART: UART:aa
04-09 17:26:56.171  2713  2721 E luciUART: UART:aa
04-09 17:26:56.171  2713  2721 E luciUART: UART:2
04-09 17:26:56.171  2713  2721 E luciUART: UART:0
04-09 17:26:56.171  2713  2721 E luciUART: UART:d0
04-09 17:26:56.171  2713  2721 E luciUART: UART:0
04-09 17:26:56.171  2713  2721 I chatty  : uid=0(root) UARTLUCIControl identical 2 lines
04-09 17:26:56.171  2713  2721 E luciUART: UART:0
04-09 17:26:56.172  2713  2721 E luciUART: UART:9
04-09 17:26:56.185  2735  2762 I bt_osi_thread: run_thread: thread id 2762, thread name alarm_default_ca started
04-09 17:26:56.186  2735  2765 I bt_osi_thread: run_thread: thread id 2765, thread name alarm_dispatcher started
04-09 17:26:56.189  2735  2760 I bt_btif_core: btif_init_bluetooth entered
04-09 17:26:56.191  2735  2760 I bt_stack_config: init attempt to load stack conf from /etc/bluetooth/bt_stack.conf
04-09 17:26:56.193  2735  2766 I bt_osi_thread: run_thread: thread id 2766, thread name bt_jni_workqueue started
04-09 17:26:56.194  2735  2760 I bt_btif_core: btif_init_bluetooth finished
04-09 17:26:56.194  2735  2760 I bt_stack_manager: event_init_stack finished
04-09 17:26:56.194  2735  2735 I bt_osi_wakelock: wakelock_set_os_callouts set to non-native
04-09 17:26:56.196  2735  2735 I bt_btif : get_profile_interface: id = gatt
04-09 17:26:56.196  2735  2766 I bt_btif_core: run_message_loop entered
04-09 17:26:56.200  2735  2735 I bt_btif : get_profile_interface: id = a2dp
04-09 17:26:56.200  2732  2742 E CommandListener: Message not handled: unrecognized interface usb0
04-09 17:26:56.200  2732  2742 W FrameworkListener: Handler 'Iface' error (Success)
04-09 17:26:56.200  2732  2742 E CommandListener: Message not handled: unrecognized interface usb0
04-09 17:26:56.200  2735  2735 I bt_btif : get_profile_interface: id = a2dp_sink
04-09 17:26:56.200  2732  2742 W FrameworkListener: Handler 'Iface' error (Success)
04-09 17:26:56.211  2735  2774 I bt_osi_thread: run_thread: thread id 2774, thread name btif_a2dp_sink_w started
04-09 17:26:56.217  2735  2735 D a2dp_codec: init
04-09 17:26:56.219  2735  2735 D a2dp_codec: createCodec: codec SBC
04-09 17:26:56.221  2732  2742 E CommandListener: Message not handled: unrecognized interface usb0
04-09 17:26:56.221  2732  2742 W FrameworkListener: Handler 'Iface' error (Success)
04-09 17:26:56.221  2732  2742 E CommandListener: Message not handled: unrecognized interface usb0
04-09 17:26:56.221  2732  2742 W FrameworkListener: Handler 'Iface' error (Success)
04-09 17:26:56.221  2732  2742 E CommandListener: Message not handled: unrecognized interface usb0
04-09 17:26:56.221  2732  2742 W FrameworkListener: Handler 'Iface' error (Success)
04-09 17:26:56.221  2732  2742 E CommandListener: Message not handled: unrecognized interface usb0
04-09 17:26:56.221  2732  2742 W FrameworkListener: Handler 'Iface' error (Success)
04-09 17:26:56.222  2735  2735 D a2dp_codec: createCodec: codec AAC
04-09 17:26:56.222  2735  2735 D a2dp_codec: createCodec: codec aptX
04-09 17:26:56.224  2735  2735 D a2dp_codec: createCodec: codec LDAC
04-09 17:26:56.225  2735  2735 E a2dp_vendor_ldac_encoder: A2DP_VendorLoadEncoderLdac: cannot open LDAC encoder library libldacBT_enc.so: libldacBT_enc.so: cannot open shared object file: No such file or directory
04-09 17:26:56.225  2735  2735 E a2dp_vendor_ldac: init: cannot load the encoder
04-09 17:26:56.225  2735  2735 D a2dp_codec: createCodec: codec SBC SINK
04-09 17:26:56.225  2735  2735 D a2dp_codec: createCodec: codec AAC SINK
04-09 17:26:56.225  2735  2735 I a2dp_codec: init: initialized Source codec AAC
04-09 17:26:56.225  2735  2735 I a2dp_codec: init: initialized Source codec SBC
04-09 17:26:56.225  2735  2735 I a2dp_codec: init: initialized Sink codec AAC(Sink)
04-09 17:26:56.225  2735  2735 I a2dp_codec: init: initialized Sink codec SBC(Sink)
04-09 17:26:56.225  2735  2735 W bt_btif : ## ON A2DP IDLE ## peer_sep = 0
04-09 17:26:56.226  2735  2735 I bt_btif : get_profile_interface: id = avrcp
04-09 17:26:56.227  2735  2735 I bt_btif : get_profile_interface: id = avrcp_ctrl
04-09 17:26:56.252  2735  2735 I bluetoothtbd: [0409/045656.251993:INFO:daemon.cc(168)] Daemon initialized
04-09 17:26:56.253  2735  2735 I bt_btif : enable: start restricted = 0
04-09 17:26:56.253  2735  2760 I bt_stack_manager: event_start_up_stack is bringing up the stack
04-09 17:26:56.253  2735  2760 I bt_core_module: module_start_up Starting module "btif_config_module"
04-09 17:26:56.253  2735  2760 I bt_core_module: module_start_up Started module "btif_config_module"
04-09 17:26:56.253  2735  2760 I bt_core_module: module_start_up Starting module "btsnoop_module"
04-09 17:26:56.253  2735  2760 I bt_core_module: module_start_up Started module "btsnoop_module"
04-09 17:26:56.254  2735  2760 I bt_core_module: module_start_up Starting module "hci_module"
04-09 17:26:56.254  2735  2760 I bt_hci  : hci_module_start_up
04-09 17:26:56.258  2735  2783 I bt_osi_thread: run_thread: thread id 2783, thread name hci_thread started
04-09 17:26:56.259  2735  2760 D bt_hci  : hci_module_start_up starting async portion
04-09 17:26:56.261  2735  2783 I bluetoothtbd: [0409/045656.261339:INFO:hci_layer_linux.cc(172)] hci_initialize
04-09 17:26:56.261  2735  2783 I bluetoothtbd: [0409/045656.261548:INFO:hci_layer_linux.cc(184)] Using interface hci0
04-09 17:26:56.261  2735  2783 I bluetoothtbd: [0409/045656.261612:INFO:hci_layer_linux.cc(378)] rfkill
04-09 17:26:56.271  2736  2736 D dhcpcd  : no interfaces have a carrier
04-09 17:26:56.272  2736  2736 D dhcpcd  : wlan0: waiting for carrier
04-09 17:26:56.278  2787  2787 I dnsmasq : started, version 2.51 cachesize 150
04-09 17:26:56.278  2787  2787 I dnsmasq : compile time options: no-IPv6 GNU-getopt no-DBus no-I18N DHCP no-scripts no-TFTP
04-09 17:26:56.278  2787  2787 I dnsmasq : DHCP, IP range 192.168.10.3 -- 192.168.10.10, lease time 12h
04-09 17:26:56.279  2787  2787 I dnsmasq : reading /etc/resolv.conf
04-09 17:26:56.279  2787  2787 I dnsmasq : using nameserver 8.8.8.8#53
04-09 17:26:56.279  2787  2787 I dnsmasq : read /etc/hosts - 1 addresses
04-09 17:26:56.641  2732  2742 E CommandListener: Message not handled: unrecognized interface usb0
04-09 17:26:56.641  2732  2742 W FrameworkListener: Handler 'Iface' error (Success)
04-09 17:26:56.674  2735  2783 I bluetoothtbd: [0409/045656.674696:INFO:hci_layer_linux.cc(295)] wait_hcidev
04-09 17:26:56.675  2735  2783 I bluetoothtbd: [0409/045656.674970:INFO:hci_layer_linux.cc(332)] Do poll() with timeout of 3000ms
04-09 17:26:56.676  2735  2783 I bluetoothtbd: [0409/045656.676521:INFO:hci_layer_linux.cc(228)] HCI device ready
04-09 17:26:56.676  2735  2783 I bt_hci  : event_finish_startup
04-09 17:26:56.676  2735  2760 I bt_core_module: module_start_up Started module "hci_module"
04-09 17:26:56.678  2735  2812 I bt_osi_thread: run_thread: thread id 2812, thread name bt_workqueue started
04-09 17:26:56.679  2735  2812 I bluetoothtbd: [0409/045656.679476:INFO:btu_task.cc(107)] Bluetooth chip preload is complete
04-09 17:26:56.686  2735  2812 I         : No vendor HCI socket available. Won't create SocketWriter.
04-09 17:26:56.694  2735  2812 I bluetoothtbd: [0409/045656.694128:INFO:gatt_api.cc(1005)] GATT_Register
04-09 17:26:56.695  2735  2812 I bluetoothtbd: [0409/045656.695827:INFO:gatt_api.cc(1028)] allocated gatt_if=1
04-09 17:26:56.697  2735  2812 I bluetoothtbd: [0409/045656.697423:INFO:gatt_api.cc(207)] GATTS_AddService
04-09 17:26:56.698  2735  2812 I bluetoothtbd: [0409/045656.698478:INFO:gatt_api.cc(317)] GATTS_AddService: service parsed correctly, now starting
04-09 17:26:56.700  2735  2812 E bluetoothtbd: [0409/045656.699449:ERROR:gatt_attr.cc(302)] gatt_profile_db_init:  gatt_if=1
04-09 17:26:56.706  2735  2812 I bluetoothtbd: [0409/045656.706512:INFO:gatt_api.cc(1005)] GATT_Register
04-09 17:26:56.706  2735  2812 I bluetoothtbd: [0409/045656.706697:INFO:gatt_api.cc(1028)] allocated gatt_if=2
04-09 17:26:56.706  2735  2812 I bluetoothtbd: [0409/045656.706749:INFO:gatt_api.cc(207)] GATTS_AddService
04-09 17:26:56.706  2735  2812 I bluetoothtbd: [0409/045656.706802:INFO:gatt_api.cc(317)] GATTS_AddService: service parsed correctly, now starting
04-09 17:26:56.770  2735  2814 I bt_osi_thread: run_thread: thread id 2814, thread name module_wrapper started
04-09 17:26:56.770  2735  2814 I bt_core_module: module_start_up Starting module "controller_module"
04-09 17:26:56.777  2712  2724 I yani_server: ifindexeth0 0 ifindexwlan0 5 ifindexp2p0 6 ifindexwlan1 0
04-09 17:26:56.778  2712  2724 I yani_server: NetLink Event '-1' Interface-Index '5' WLAN '0' Ethernet '-1' Parsed-iFill '-1' -> 'INVALID' ifIndex '1' -> 'lo'
04-09 17:26:56.778  2712  2724 I yani_kernel: yani_geteventfrom_changeaddr() Message-Id '1' Netlink event '16' Interface Index '5' -> Name 'wlan0' 
04-09 17:26:56.779  2712  2724 I yani_kernel: yani_geteventfrom_changeaddr() Message-Id '1' Netlink event '16' Interface Index '9' -> Name 'usb0' 
04-09 17:26:56.780  2712  2724 I yani_kernel: yani_geteventfrom_changeaddr() Message-Id '1' Netlink event '16' Interface Index '9' -> Name 'usb0' 
04-09 17:26:56.781  2712  2724 I yani_kernel: yani_geteventfrom_changeaddr() Message-Id '1' Netlink event '20' Interface Index '9' -> Name 'usb0' 
04-09 17:26:56.782  2712  2724 I yani_kernel: yani_geteventfrom_changeaddr() Message-Id '1' Netlink event '16' Interface Index '9' -> Name 'usb0' 
04-09 17:26:56.783  2712  2724 I yani_kernel: yani_geteventfrom_changeaddr() Message-Id '1' Netlink event '21' Interface Index '9' -> Name 'usb0' 
04-09 17:26:56.784  2712  2724 I yani_kernel: yani_geteventfrom_changeaddr() Message-Id '1' Netlink event '20' Interface Index '9' -> Name 'usb0' 
04-09 17:26:56.785  2712  2724 I yani_kernel: yani_geteventfrom_changeaddr() Message-Id '1' Netlink event '16' Interface Index '9' -> Name 'usb0' 
04-09 17:26:56.946  2735  2814 I bt_core_module: module_start_up Started module "controller_module"
04-09 17:26:56.946  2735  2814 W bt_osi_thread: run_thread: thread id 2814, thread name module_wrapper exited
04-09 17:26:56.950  2735  2812 W bt_btm  : btm_decode_ext_features_page: feature page 1 ignored
04-09 17:26:56.950  2735  2812 W bt_btm  : btm_decode_ext_features_page: feature page 2 ignored
04-09 17:26:56.951  2735  2813 I bt_btm_sec: BTM_SecRegister p_cb_info->p_le_callback == 0x0xf6aaab99
04-09 17:26:56.952  2735  2813 I bt_btm_sec: BTM_SecRegister btm_cb.api.p_le_callback = 0x0xf6aaab99 
04-09 17:26:56.954  2735  2813 I bluetoothtbd: [0409/045656.954008:INFO:ble_advertiser_hci_interface.cc(736)] Legacy advertising will be in use
04-09 17:26:56.956  2735  2813 I bluetoothtbd: [0409/045656.956539:INFO:gatt_api.cc(1005)] GATT_Register
04-09 17:26:56.956  2735  2813 I bluetoothtbd: [0409/045656.956710:INFO:gatt_api.cc(1028)] allocated gatt_if=3
04-09 17:26:56.975  2735  2813 I bt_bta_av: AVRCP version used for sdp: "avrcp14"
04-09 17:26:56.979  2735  2766 E bt_btif_storage: btif_storage_get_adapter_property: Controller ready!
04-09 17:26:56.979  2735  2766 I bt_btif_storage: btif_storage_get_adapter_property service_mask:0x40000
04-09 17:26:56.979  2735  2766 I bluetoothtbd: [0409/045656.979857:INFO:adapter.cc(551)] Adapter properties changed
04-09 17:26:56.979  2735  2766 I bluetoothtbd: [0409/045656.979963:INFO:adapter.cc(564)] Adapter address changed: CC:90:93:21:F3:85
04-09 17:26:56.980  2735  2766 I bluetoothtbd: [0409/045656.980007:INFO:adapter.cc(573)] Adapter name changed
04-09 17:26:56.980  2735  2766 I bt_btif_core: btif_enable_bluetooth_evt entered: status 0
04-09 17:26:56.980  2735  2766 W bt_btif : btif_enable_bluetooth_evt: Saving the Adapter Address
04-09 17:26:56.980  2735  2766 I bluetoothtbd: [0409/045656.980757:INFO:adapter.cc(551)] Adapter properties changed
04-09 17:26:56.980  2735  2766 I bluetoothtbd: [0409/045656.980809:INFO:adapter.cc(564)] Adapter address changed: CC:90:93:21:F3:85
04-09 17:26:56.980  2735  2766 D bt_hci  : do_postload posting postload work item
04-09 17:26:56.984  2735  2855 I bt_osi_thread: run_thread: thread id 2855, thread name btif_sock started
04-09 17:26:56.988  2735  2766 D bt_bte_conf: Device ID record 1 : primary
04-09 17:26:56.988  2735  2766 D bt_bte_conf:   vendorId            = 000f
04-09 17:26:56.988  2735  2766 D bt_bte_conf:   vendorIdSource      = 0001
04-09 17:26:56.988  2735  2766 D bt_bte_conf:   product             = 1200
04-09 17:26:56.988  2735  2766 D bt_bte_conf:   version             = 1436
04-09 17:26:56.988  2735  2766 D bt_bte_conf:   clientExecutableURL = 
04-09 17:26:56.988  2735  2766 D bt_bte_conf:   serviceDescription  = 
04-09 17:26:56.988  2735  2766 D bt_bte_conf:   documentationURL    = 
04-09 17:26:56.988  2735  2766 D bt_bte_conf: bte_load_did_conf no section named DID2.
04-09 17:26:56.989  2735  2766 I bt_btif_core: btif_enable_bluetooth_evt finished
04-09 17:26:56.989  2735  2760 I bt_stack_manager: event_start_up_stack finished
04-09 17:26:56.989  2735  2766 I bluetoothtbd: [0409/045656.989671:INFO:adapter.cc(529)] Adapter state changed: BT_STATE_ON
04-09 17:26:57.128  2730  2730 I ServiceManager: Waiting for service media.player...
04-09 17:26:57.231  2712  2724 I yani_kernel: yani_geteventfrom_changeaddr() Message-Id '1' Netlink event '16' Interface Index '9' -> Name 'usb0' 
04-09 17:26:57.231  2732  2742 E CommandListener: Message not handled: unrecognized interface usb0
04-09 17:26:57.231  2732  2742 W FrameworkListener: Handler 'Iface' error (Success)
04-09 17:26:58.110  2732  2741 E WifiUtil: command: "SCAN" failed: FAIL-BUSY
04-09 17:26:58.129  2730  2730 I ServiceManager: Waiting for service media.player...
04-09 17:26:58.442  2712  2724 I yani_server: NetLink Event '-1' Interface-Index '5' WLAN '-1' Ethernet '-1' Parsed-iFill '-1' -> 'INVALID' ifIndex '1' -> 'lo'
04-09 17:26:58.443  2712  2724 I yani_server: NetLink Event '-1' Interface-Index '5' WLAN '0' Ethernet '-1' Parsed-iFill '-1' -> 'INVALID' ifIndex '1' -> 'lo'
04-09 17:26:58.464  2712  2724 I chatty  : uid=0(root) YaniServer identical 34 lines
04-09 17:26:58.465  2712  2724 I yani_server: NetLink Event '-1' Interface-Index '5' WLAN '0' Ethernet '-1' Parsed-iFill '-1' -> 'INVALID' ifIndex '1' -> 'lo'
04-09 17:26:58.465  2712  2724 I yani_kernel: yani_geteventfrom_changeaddr() Message-Id '1' Netlink event '16' Interface Index '5' -> Name 'wlan0' 
04-09 17:26:58.466  2712  2724 I yani_kernel: yani_geteventfrom_changeaddr() Message-Id '1' Netlink event '16' Interface Index '5' -> Name 'wlan0' 
04-09 17:26:58.671  2732  2742 E CommandListener: Message not handled: unrecognized interface usb0
04-09 17:26:58.671  2732  2742 W FrameworkListener: Handler 'Iface' error (Success)
04-09 17:26:59.013  2714  2714 I SourceSwitch: SourceSwitch() Host 1 initialized...
04-09 17:26:59.129  2730  2730 I ServiceManager: Waiting for service media.player...
04-09 17:27:00.013  2735  2766 E bt_osi_config: config_save unable to open dir '/data/misc/bluedroid': No such file or directory
04-09 17:27:00.112  2712  2724 I yani_server: NetLink Event '-1' Interface-Index '5' WLAN '-1' Ethernet '-1' Parsed-iFill '-1' -> 'INVALID' ifIndex '1' -> 'lo'
04-09 17:27:00.130  2730  2730 I ServiceManager: Waiting for service media.player...
04-09 17:27:00.135  2787  2787 I dnsmasq : DHCPDISCOVER(usb0) c2:97:da:c6:cd:b9 
04-09 17:27:00.136  2787  2787 I dnsmasq : DHCPOFFER(usb0) 192.168.10.10 c2:97:da:c6:cd:b9 
04-09 17:27:00.136  2787  2787 I dnsmasq : DHCPDISCOVER(usb0) c2:97:da:c6:cd:b9 
04-09 17:27:00.136  2787  2787 I dnsmasq : DHCPOFFER(usb0) 192.168.10.10 c2:97:da:c6:cd:b9 
04-09 17:27:00.139  2787  2787 I dnsmasq : DHCPREQUEST(usb0) 192.168.10.10 c2:97:da:c6:cd:b9 
04-09 17:27:00.139  2787  2787 I dnsmasq : DHCPACK(usb0) 192.168.10.10 c2:97:da:c6:cd:b9 
04-09 17:27:00.141  2787  2787 I dnsmasq : DHCPREQUEST(usb0) 192.168.10.10 c2:97:da:c6:cd:b9 
04-09 17:27:00.141  2787  2787 I dnsmasq : DHCPACK(usb0) 192.168.10.10 c2:97:da:c6:cd:b9 
04-09 17:27:01.074  2692  2692 I sh      : btaudioplayer: not found
04-09 17:27:01.133  2692  2692 I sh      : *** play mode control constructor end 
04-09 17:27:01.133  2730  2730 E BrowseModeControl: Read env failed
04-09 17:27:01.133  2730  2730 I UIModeManager: RegisterModeControl Mode - BrowseMode ModeControl - 0xab337830
04-09 17:27:01.133  2730  2730 E DefaultBrowser: m_ItemsCount = 7 
04-09 17:27:01.134  2730  2730 E SDCardBrowser: SDCARD Browser constructor mounting vfat first
04-09 17:27:01.135  2730  2730 E SDCardBrowser: 3 GOTOP  Sytem return value = -1
04-09 17:27:01.135  2730  2730 E SDCardBrowser: mounting vfat failed, try ntfs, return value = -1
04-09 17:27:01.137  2730  2730 I ServiceManager: Waiting for service media.player...
04-09 17:27:01.156  2692  2692 I sh      : /dev/block/sd*: No such file or directory
04-09 17:27:02.128  2732  2741 I NetworkMonitor: Number of APs is 34
04-09 17:27:02.128  2732  2741 I NetworkMonitor: Number of APs with same essid 0
04-09 17:27:02.138  2730  2730 I ServiceManager: Waiting for service media.player...
04-09 17:27:02.140  2950  2950 I wac-main: main() defaultServiceManager 0xabca3fa8 
04-09 17:27:02.142  2950  2950 I wac-main: Getinstance
04-09 17:27:02.143  2950  2950 I wac-main: WAC LUCI listener created
04-09 17:27:02.154  2950  2950 E wac-main: send wac api : a5a0
04-09 17:27:02.154  2950  2950 I wac-main: OnStartup() WAC Triggered 'Success' after 1 attempt(s)
04-09 17:27:02.156  2950  2960 I wac-main: init_netlink_skt() Success Netlink socket fd 7
04-09 17:27:02.156  2950  2960 E wac-main: Enter poll and wait
04-09 17:27:02.156  2950  2960 E wac-main: API event
04-09 17:27:02.158  2950  2960 E wac-main: msg : a5a0
04-09 17:27:02.158  2950  2960 E wac-main: msg : a5a0
04-09 17:27:02.183  2950  2960 E wac-main: Enter poll and wait
04-09 17:27:02.190  2950  2961 E wac-main: enter WACStartStopThread
04-09 17:27:02.194  2950  2961 E wac-main: WACStartStopThread() event -> 'wacstart' is WACServer? UP -> 'No' 
04-09 17:27:02.206  2713  2713 I lucitransport: readRemoteMessage() MID char = 90 buffer = Lyric Speaker Box 21f384
04-09 17:27:02.210  2950  2961 E WACSERVER: ************************************************
04-09 17:27:02.210  2950  2961 E WACSERVER: PLATFORM ATTRIBUTES:
04-09 17:27:02.210  2950  2961 E WACSERVER:     NAME.........: Lyric Speaker Box 21f384
04-09 17:27:02.210  2950  2961 E WACSERVER:     MODEL........: LSB
04-09 17:27:02.210  2950  2961 E WACSERVER:     MANUFACTURER.: COTODAMA
04-09 17:27:02.210  2950  2961 E WACSERVER:     FW REV.......: p0000
04-09 17:27:02.210  2950  2961 E WACSERVER:     HW REV.......: LS10 VP1.0
04-09 17:27:02.210  2950  2961 E WACSERVER:     SERIAL NUMBER: cc909321f384
04-09 17:27:02.210  2950  2961 E WACSERVER:     UNCONFIGURED.: YES
04-09 17:27:02.210  2950  2961 E WACSERVER: PLATFORM FEATURES:
04-09 17:27:02.210  2950  2961 E WACSERVER:     AIRPLAY.....: YES
04-09 17:27:02.211  2950  2961 E WACSERVER:     MAC ADDRESS: CC:90:93:21:F3:84
04-09 17:27:02.211  2950  2961 E WACSERVER: ************************************************
04-09 17:27:02.211  2950  2961 E wac-main: exit WACStartStopThread
04-09 17:27:02.213  2950  2964 E wac-main: WACCallback() message 0 -> 'Initializing'
04-09 17:27:02.218  2692  2692 I sh      : ***** START WEBSERVER ******
04-09 17:27:02.221  2713  2713 I lucitransport: writeRemoteMessage() MID = 143 buffer = 0
04-09 17:27:02.222  2713  2713 I luciUART: write() MID = 143  bytes = 11 data = 0 m_fd = 0x5
04-09 17:27:02.222  2692  2692 I sh      : threadLoop entry.... 
04-09 17:27:02.222  2692  2692 I sh      : WebServerManager::InitWebServerManager ++ 
04-09 17:27:02.222  2713  2713 I lucitransport: writeLocalMessage() MID = 143 buffer = 0
04-09 17:27:02.223  2713  2722 E LUCI_SERVER: Luci Server Thread wait over MID 143....
04-09 17:27:02.223  2713  2722 E LUCI_SERVER: Luci Server Thread waiting for packets....
04-09 17:27:02.225  2950  2964 D WACSERVER: Advertising WAC SSID Lyric Speaker Box 21f384
04-09 17:27:02.228  2950  2960 D wac-main: Netlink event
04-09 17:27:02.229  2950  2960 E wac-main: Netlink event 20 Interface Index 7 
04-09 17:27:02.229  2950  2960 E wac-main: Enter poll and wait
04-09 17:27:02.229  2712  2724 I yani_kernel: yani_geteventfrom_changeaddr() Message-Id '1' Netlink event '20' Interface Index '7' -> Name 'p2p1' 
04-09 17:27:02.232  2732  2742 E CommandListener: Message not handled: unrecognized interface p2p1
04-09 17:27:02.232  2732  2742 W FrameworkListener: Handler 'Iface' error (Success)
04-09 17:27:02.235  2692  2692 I sh      : WebServerManager::InitWebServerManager --
04-09 17:27:02.241  2957  2969 I otamanager: OTA: set OTA timer
