04-09 16:59:46.364  2961  3164 I LibreCastControlDelegate: Active Applications -> 0
04-09 16:59:46.364  2961  3164 I LibreCastControlDelegate: Current Cast State '3' -> 'OFFLINE'
04-09 16:59:46.364  2961  3164 I LibreCastControlDelegate: OnCastStatus() ---
04-09 16:59:46.365  2711  2723 I yani_server: NetLink Event '-1' Interface-Index '5' WLAN '0' Ethernet '-1' Parsed-iFill '-1' -> 'INVALID' ifIndex '1' -> 'lo'
04-09 16:59:46.368  2711  2723 I chatty  : uid=0(root) YaniServer identical 4 lines
04-09 16:59:46.369  2711  2723 I yani_server: NetLink Event '-1' Interface-Index '5' WLAN '0' Ethernet '-1' Parsed-iFill '-1' -> 'INVALID' ifIndex '1' -> 'lo'
04-09 16:59:46.369  2711  2723 I yani_kernel: yani_geteventfrom_changeaddr() Message-Id '1' Netlink event '16' Interface Index '5' -> Name 'wlan0' 
04-09 16:59:46.370  2711  2723 I yani_kernel: yani_geteventfrom_changeaddr() Message-Id '1' Netlink event '16' Interface Index '5' -> Name 'wlan0' 
04-09 16:59:46.606  3085  3085 I cast_shell: [3088:3127:INFO:metrics_recorder.cc(282)] Record action: Setup.version.BLE
04-09 16:59:46.637  3085  3085 I cast_shell: [3088:3127:INFO:metrics_recorder.cc(282)] Record action: Setup.tos_accepted.BLE
04-09 16:59:46.667  3085  3085 I cast_shell: [3088:3127:INFO:metrics_recorder.cc(282)] Record action: Setup.state.BLE
04-09 16:59:46.696  3085  3085 I cast_shell: [3088:3127:INFO:metrics_recorder.cc(282)] Record action: Setup.ip_address.BLE
04-09 16:59:47.170  3085  3085 I cast_shell: [3088:3096:ERROR:connectivity_checker_impl.cc(265)] Connectivity check failed: 400
04-09 16:59:47.221  3085  3085 I cast_shell: [3088:3127:INFO:metrics_recorder.cc(282)] Record action: Setup.version.BLE
04-09 16:59:47.251  3085  3085 I cast_shell: [3088:3127:INFO:metrics_recorder.cc(282)] Record action: Setup.tos_accepted.BLE
04-09 16:59:47.281  3085  3085 I cast_shell: [3088:3127:INFO:metrics_recorder.cc(282)] Record action: Setup.state.BLE
04-09 16:59:47.311  3085  3085 I cast_shell: [3088:3127:INFO:metrics_recorder.cc(282)] Record action: Setup.ip_address.BLE
04-09 16:59:47.852  3085  3085 I cast_shell: [3088:3127:INFO:metrics_recorder.cc(282)] Record action: Setup.version.BLE
04-09 16:59:47.880  3085  3085 I cast_shell: [3088:3127:INFO:metrics_recorder.cc(282)] Record action: Setup.tos_accepted.BLE
04-09 16:59:47.910  3085  3085 I cast_shell: [3088:3127:INFO:metrics_recorder.cc(282)] Record action: Setup.state.BLE
04-09 16:59:47.940  3085  3085 I cast_shell: [3088:3127:INFO:metrics_recorder.cc(282)] Record action: Setup.ip_address.BLE
04-09 16:59:48.177  3085  3085 I cast_shell: [3088:3096:ERROR:connectivity_checker_impl.cc(265)] Connectivity check failed: 400
04-09 16:59:48.481  3085  3085 I cast_shell: [3088:3127:INFO:metrics_recorder.cc(282)] Record action: Setup.version.BLE
04-09 16:59:48.510  3085  3085 I cast_shell: [3088:3127:INFO:metrics_recorder.cc(282)] Record action: Setup.tos_accepted.BLE
04-09 16:59:48.539  3085  3085 I cast_shell: [3088:3127:INFO:metrics_recorder.cc(282)] Record action: Setup.state.BLE
04-09 16:59:48.570  3085  3085 I cast_shell: [3088:3127:INFO:metrics_recorder.cc(282)] Record action: Setup.ip_address.BLE
04-09 16:59:49.111  3085  3085 I cast_shell: [3088:3127:INFO:metrics_recorder.cc(282)] Record action: Setup.version.BLE
04-09 16:59:49.140  3085  3085 I cast_shell: [3088:3127:INFO:metrics_recorder.cc(282)] Record action: Setup.tos_accepted.BLE
04-09 16:59:49.170  3085  3085 I cast_shell: [3088:3127:INFO:metrics_recorder.cc(282)] Record action: Setup.state.BLE
04-09 16:59:49.183  3085  3085 I cast_shell: [3088:3096:ERROR:connectivity_checker_impl.cc(265)] Connectivity check failed: 400
04-09 16:59:49.200  3085  3085 I cast_shell: [3088:3127:INFO:metrics_recorder.cc(282)] Record action: Setup.ip_address.BLE
04-09 16:59:49.742  3085  3085 I cast_shell: [3088:3127:INFO:metrics_recorder.cc(282)] Record action: Setup.version.BLE
04-09 16:59:49.770  3085  3085 I cast_shell: [3088:3127:INFO:metrics_recorder.cc(282)] Record action: Setup.tos_accepted.BLE
04-09 16:59:49.800  3085  3085 I cast_shell: [3088:3127:INFO:metrics_recorder.cc(282)] Record action: Setup.state.BLE
04-09 16:59:49.845  3085  3085 I cast_shell: [3088:3127:INFO:metrics_recorder.cc(282)] Record action: Setup.ip_address.BLE
04-09 16:59:50.190  3085  3085 I cast_shell: [3088:3096:ERROR:connectivity_checker_impl.cc(265)] Connectivity check failed: 400
04-09 16:59:50.371  3085  3085 I cast_shell: [3088:3127:INFO:metrics_recorder.cc(282)] Record action: Setup.version.BLE
04-09 16:59:50.400  3085  3085 I cast_shell: [3088:3127:INFO:metrics_recorder.cc(282)] Record action: Setup.tos_accepted.BLE
04-09 16:59:50.430  3085  3085 I cast_shell: [3088:3127:INFO:metrics_recorder.cc(282)] Record action: Setup.state.BLE
04-09 16:59:50.460  3085  3085 I cast_shell: [3088:3127:INFO:metrics_recorder.cc(282)] Record action: Setup.ip_address.BLE
04-09 16:59:51.001  3085  3085 I cast_shell: [3088:3127:INFO:metrics_recorder.cc(282)] Record action: Setup.version.BLE
04-09 16:59:51.030  3085  3085 I cast_shell: [3088:3127:INFO:metrics_recorder.cc(282)] Record action: Setup.tos_accepted.BLE
04-09 16:59:51.060  3085  3085 I cast_shell: [3088:3127:INFO:metrics_recorder.cc(282)] Record action: Setup.state.BLE
04-09 16:59:51.090  3085  3085 I cast_shell: [3088:3127:INFO:metrics_recorder.cc(282)] Record action: Setup.ip_address.BLE
04-09 16:59:51.196  3085  3085 I cast_shell: [3088:3096:ERROR:connectivity_checker_impl.cc(265)] Connectivity check failed: 400
04-09 16:59:51.355  2711  2723 I yani_server: NetLink Event '-1' Interface-Index '5' WLAN '-1' Ethernet '-1' Parsed-iFill '-1' -> 'INVALID' ifIndex '1' -> 'lo'
04-09 16:59:51.631  3085  3085 I cast_shell: [3088:3127:INFO:metrics_recorder.cc(282)] Record action: Setup.version.BLE
04-09 16:59:51.660  3085  3085 I cast_shell: [3088:3127:INFO:metrics_recorder.cc(282)] Record action: Setup.tos_accepted.BLE
04-09 16:59:51.690  3085  3085 I cast_shell: [3088:3127:INFO:metrics_recorder.cc(282)] Record action: Setup.state.BLE
04-09 16:59:51.719  3085  3085 I cast_shell: [3088:3127:INFO:metrics_recorder.cc(282)] Record action: Setup.ip_address.BLE
04-09 16:59:52.203  3085  3085 I cast_shell: [3088:3096:ERROR:connectivity_checker_impl.cc(265)] Connectivity check failed: 400
04-09 16:59:52.261  3085  3085 I cast_shell: [3088:3127:INFO:metrics_recorder.cc(282)] Record action: Setup.version.BLE
04-09 16:59:52.290  3085  3085 I cast_shell: [3088:3127:INFO:metrics_recorder.cc(282)] Record action: Setup.tos_accepted.BLE
04-09 16:59:52.320  3085  3085 I cast_shell: [3088:3127:INFO:metrics_recorder.cc(282)] Record action: Setup.state.BLE
04-09 16:59:52.350  3085  3085 I cast_shell: [3088:3127:INFO:metrics_recorder.cc(282)] Record action: Setup.ip_address.BLE
04-09 16:59:52.891  3085  3085 I cast_shell: [3088:3127:INFO:metrics_recorder.cc(282)] Record action: Setup.version.BLE
04-09 16:59:52.920  3085  3085 I cast_shell: [3088:3127:INFO:metrics_recorder.cc(282)] Record action: Setup.tos_accepted.BLE
04-09 16:59:52.949  3085  3085 I cast_shell: [3088:3127:INFO:metrics_recorder.cc(282)] Record action: Setup.state.BLE
04-09 16:59:52.970  3085  3085 I cast_shell: [3088:3127:ERROR:setup_state.cc(424)] Timeout for state=SETUP_STATE_CHECKING_GLOBAL_CONNECTIVITY(50): move to state=SETUP_STATE_CHECKING_GLOBAL_CONNECTIVITY_BAD_ROUTER_WIFI_NOT_SAVED(51).
04-09 16:59:52.970  3085  3085 I cast_shell: [3088:3127:INFO:setup_state.cc(261)] Setup state changed: SETUP_STATE_CHECKING_GLOBAL_CONNECTIVITY (50) -> SETUP_STATE_CHECKING_GLOBAL_CONNECTIVITY_BAD_ROUTER_WIFI_NOT_SAVED (51)
04-09 16:59:52.975  2961  3164 I LibreCastControlDelegate: OnCastStatus() +++ Lyric Speaker Box 21f384:0xab471198:OFFLINE
04-09 16:59:52.975  2961  3164 I LibreCastControlDelegate: Device Build Number -> '1.52.272222'
04-09 16:59:52.975  2961  3164 I librecast: updateCastBuildVersion() Version 1.52.272222
04-09 16:59:52.975  2712  2712 I lucitransport: readRemoteMessage() MID char = 7 buffer = 1.52.272222
04-09 16:59:52.975  2961  3164 I LibreCastControlDelegate: Active Applications -> 0
04-09 16:59:52.975  2961  3164 I LibreCastControlDelegate: Current Cast State '3' -> 'OFFLINE'
04-09 16:59:52.976  2961  3164 I LibreCastControlDelegate: OnCastStatus() ---
04-09 16:59:52.980  3085  3085 I cast_shell: [3088:3127:INFO:metrics_recorder.cc(282)] Record action: Setup.ip_address.BLE
04-09 16:59:53.209  3085  3085 I cast_shell: [3088:3096:ERROR:connectivity_checker_impl.cc(265)] Connectivity check failed: 400
04-09 16:59:53.521  3085  3085 I cast_shell: [3088:3127:INFO:metrics_recorder.cc(282)] Record action: Setup.version.BLE
04-09 16:59:53.550  3085  3085 I cast_shell: [3088:3127:INFO:metrics_recorder.cc(282)] Record action: Setup.tos_accepted.BLE
04-09 16:59:53.585  3085  3085 I cast_shell: [3088:3127:INFO:metrics_recorder.cc(282)] Record action: Setup.state.BLE
04-09 16:59:53.610  3085  3085 I cast_shell: [3088:3127:INFO:metrics_recorder.cc(282)] Record action: Setup.ip_address.BLE
04-09 16:59:54.151  3085  3085 I cast_shell: [3088:3127:INFO:metrics_recorder.cc(282)] Record action: Setup.version.BLE
04-09 16:59:54.180  3085  3085 I cast_shell: [3088:3127:INFO:metrics_recorder.cc(282)] Record action: Setup.tos_accepted.BLE
04-09 16:59:54.210  3085  3085 I cast_shell: [3088:3127:INFO:metrics_recorder.cc(282)] Record action: Setup.state.BLE
04-09 16:59:54.216  3085  3085 I cast_shell: [3088:3096:ERROR:connectivity_checker_impl.cc(265)] Connectivity check failed: 400
04-09 16:59:54.240  3085  3085 I cast_shell: [3088:3127:INFO:metrics_recorder.cc(282)] Record action: Setup.ip_address.BLE
04-09 16:59:54.747  2710  2710 I wpa_supplicant: wlan0: Selected BSS :ef (level:-47 noise:-61 frequency:2427)
04-09 16:59:54.749  2710  2710 I wpa_supplicant: wlan0: SME: Trying to authenticate with c8:b3:73:44:ae:ef (SSID='Linksys16717_2G' freq=2427 MHz)
04-09 16:59:54.751  2711  2723 I yani_server: NetLink Event '-1' Interface-Index '5' WLAN '0' Ethernet '-1' Parsed-iFill '-1' -> 'INVALID' ifIndex '1' -> 'lo'
04-09 16:59:54.753  2711  2723 I chatty  : uid=0(root) YaniServer identical 1 line
04-09 16:59:54.753  2711  2723 I yani_server: NetLink Event '-1' Interface-Index '5' WLAN '0' Ethernet '-1' Parsed-iFill '-1' -> 'INVALID' ifIndex '1' -> 'lo'
04-09 16:59:54.755  2960  2971 D wac-main: Netlink event
04-09 16:59:54.755  2960  2971 E wac-main: Netlink event 16 Interface Index 5 
04-09 16:59:54.755  2960  2971 E wac-main: Enter poll and wait
04-09 16:59:54.755  2960  2971 D wac-main: Netlink event
04-09 16:59:54.755  2960  2971 E wac-main: Netlink event 16 Interface Index 5 
04-09 16:59:54.755  2960  2971 E wac-main: Enter poll and wait
04-09 16:59:54.762  2710  2710 I wpa_supplicant: wlan0: Trying to associate with c8:b3:73:44:ae:ef (SSID='Linksys16717_2G' freq=2427 MHz)
04-09 16:59:54.763  2711  2723 I yani_server: NetLink Event '-1' Interface-Index '5' WLAN '0' Ethernet '-1' Parsed-iFill '-1' -> 'INVALID' ifIndex '1' -> 'lo'
04-09 16:59:54.767  2711  2723 I chatty  : uid=0(root) YaniServer identical 4 lines
04-09 16:59:54.767  2711  2723 I yani_server: NetLink Event '-1' Interface-Index '5' WLAN '0' Ethernet '-1' Parsed-iFill '-1' -> 'INVALID' ifIndex '1' -> 'lo'
04-09 16:59:54.767  2711  2723 I yani_kernel: yani_geteventfrom_changeaddr() Message-Id '1' Netlink event '16' Interface Index '5' -> Name 'wlan0' 
04-09 16:59:54.768  2711  2723 I yani_kernel: yani_geteventfrom_changeaddr() Message-Id '1' Netlink event '16' Interface Index '5' -> Name 'wlan0' 
04-09 16:59:54.783  3166  3166 I hostapd : p2p0: IEEE 802.11 driver had channel switch: freq=2427, ht=1, vht_ch=0x0, offset=0, width=1 (20 MHz), cf1=2427, cf2=0
04-09 16:59:54.804  2989  2989 I hostapd : p2p1: IEEE 802.11 driver had channel switch: freq=2427, ht=1, vht_ch=0x0, offset=0, width=1 (20 MHz), cf1=2427, cf2=0
04-09 16:59:54.805  2710  2710 I wpa_supplicant: wlan0: Associated with c8:b3:73:44:ae:ef
04-09 16:59:54.805  2710  2710 I wpa_supplicant: wlan0: CTRL-EVENT-SUBNET-STATUS-UPDATE status=0
04-09 16:59:54.806  2960  2971 D wac-main: Netlink event
04-09 16:59:54.806  2960  2971 E wac-main: Netlink event 16 Interface Index 5 
04-09 16:59:54.806  2960  2971 E wac-main: Enter poll and wait
04-09 16:59:54.806  2960  2971 D wac-main: Netlink event
04-09 16:59:54.806  2960  2971 E wac-main: Netlink event 16 Interface Index 5 
04-09 16:59:54.806  2960  2971 E wac-main: Enter poll and wait
04-09 16:59:54.806  2960  2971 D wac-main: Netlink event
04-09 16:59:54.806  2960  2971 E wac-main: Netlink event 16 Interface Index 5 
04-09 16:59:54.806  2960  2971 E wac-main: Enter poll and wait
04-09 16:59:54.839  3085  3085 I cast_shell: [3088:3127:INFO:metrics_recorder.cc(282)] Record action: Setup.tos_accepted.BLE
04-09 16:59:54.869  3085  3085 I cast_shell: [3088:3127:INFO:metrics_recorder.cc(282)] Record action: Setup.state.BLE
04-09 16:59:54.899  3085  3085 I cast_shell: [3088:3127:INFO:metrics_recorder.cc(282)] Record action: Setup.ip_address.BLE
04-09 16:59:55.222  3085  3085 I cast_shell: [3088:3096:ERROR:connectivity_checker_impl.cc(265)] Connectivity check failed: 400
04-09 16:59:55.441  3085  3085 I cast_shell: [3088:3127:INFO:metrics_recorder.cc(282)] Record action: Setup.version.BLE
04-09 16:59:55.469  3085  3085 I cast_shell: [3088:3127:INFO:metrics_recorder.cc(282)] Record action: Setup.tos_accepted.BLE
04-09 16:59:55.499  3085  3085 I cast_shell: [3088:3127:INFO:metrics_recorder.cc(282)] Record action: Setup.state.BLE
04-09 16:59:55.530  3085  3085 I cast_shell: [3088:3127:INFO:metrics_recorder.cc(282)] Record action: Setup.ip_address.BLE
04-09 16:59:55.795  2710  2710 I wpa_supplicant: wlan0: WPA: RX message 1 of 4-Way Handshake from c8:b3:73:44:ae:ef (ver=2)
04-09 16:59:55.795  2710  2710 I wpa_supplicant: wlan0: WPA: Sending EAPOL-Key 2/4
04-09 16:59:55.796  2711  2723 I yani_server: NetLink Event '-1' Interface-Index '5' WLAN '-1' Ethernet '-1' Parsed-iFill '-1' -> 'INVALID' ifIndex '1' -> 'lo'
04-09 16:59:55.797  2711  2723 I yani_server: NetLink Event '-1' Interface-Index '5' WLAN '0' Ethernet '-1' Parsed-iFill '-1' -> 'INVALID' ifIndex '1' -> 'lo'
04-09 16:59:55.808  2710  2710 I wpa_supplicant: wlan0: WPA: RX message 3 of 4-Way Handshake from c8:b3:73:44:ae:ef (ver=2)
04-09 16:59:55.808  2710  2710 I wpa_supplicant: wlan0: WPA: Sending EAPOL-Key 4/4
04-09 16:59:55.810  2711  2723 I yani_server: NetLink Event '-1' Interface-Index '5' WLAN '0' Ethernet '-1' Parsed-iFill '-1' -> 'INVALID' ifIndex '1' -> 'lo'
04-09 16:59:55.811  2710  2710 I wpa_supplicant: wlan0: WPA: Key negotiation completed with c8:b3:73:44:ae:ef [PTK=CCMP GTK=TKIP]
04-09 16:59:55.811  2710  2710 I wpa_supplicant: wlan0: CTRL-EVENT-CONNECTED - Connection to c8:b3:73:44:ae:ef completed [id=0 id_str=]
04-09 16:59:55.812  3085  3085 I cast_shell: [3088:3140:INFO:wifi_controller_wpa_supplicant.cc(634)] After connection, current_wifi_index=0
04-09 16:59:55.812  2960  2971 D wac-main: Netlink event
04-09 16:59:55.812  2960  2971 E wac-main: Netlink event 16 Interface Index 5 
04-09 16:59:55.812  2960  2971 E wac-main: Enter poll and wait
04-09 16:59:55.813  2711  2723 I yani_server: NetLink Event '-1' Interface-Index '5' WLAN '0' Ethernet '-1' Parsed-iFill '-1' -> 'INVALID' ifIndex '1' -> 'lo'
04-09 16:59:55.814  2735  2735 D dhcpcd  : wlan0: carrier acquired
04-09 16:59:55.816  2960  2971 D wac-main: Netlink event
04-09 16:59:55.826  2711  2723 I yani_server: NetLink Event '-1' Interface-Index '5' WLAN '0' Ethernet '-1' Parsed-iFill '-1' -> 'INVALID' ifIndex '1' -> 'lo'
04-09 16:59:55.826  2711  2723 I yani_server: NetLink Event '-1' Interface-Index '5' WLAN '7' Ethernet '-1' Parsed-iFill '7' -> 'WLAN0 LINKUP' ifIndex '1' -> 'lo'
04-09 16:59:55.827  2711  2723 I yani_server: saveConfig:537:wlan0
04-09 16:59:55.827  2711  2723 I wifiapi : newconn : 0xaaf1dbe8
04-09 16:59:55.827  2711  2723 I yani_server: saveConfig:544:got handle successfully
04-09 16:59:55.828  2711  2723 I wifiapi : 'STATUS' command returned = 0
04-09 16:59:55.830  2711  2723 I wifiapi : 'SAVE_CONFIG' command returned = 0
04-09 16:59:55.831  2711  2723 E yani_server: wlan0 Status=8 SaveConfig returns=0
04-09 16:59:55.831  2711  2723 I yani_server: SaveConfig return value=0
04-09 16:59:55.831  2711  2723 E WLANP2PIF: WlanP2pif: current chan = 4
04-09 16:59:55.833  2691  2691 I sh      : saveConfig:538:wlan0wlan0 Status=8 SaveConfig returns=0
04-09 16:59:55.833  2711  2723 E yani_wifi: set txpower chan : 4 country : US
04-09 16:59:55.833  2711  2723 E yani_wifi: nrates = 7
04-09 16:59:56.071  3085  3085 I cast_shell: [3088:3127:INFO:metrics_recorder.cc(282)] Record action: Setup.version.BLE
04-09 16:59:56.100  3085  3085 I cast_shell: [3088:3127:INFO:metrics_recorder.cc(282)] Record action: Setup.tos_accepted.BLE
04-09 16:59:56.130  3085  3085 I cast_shell: [3088:3127:INFO:metrics_recorder.cc(282)] Record action: Setup.state.BLE
04-09 16:59:56.160  3085  3085 I cast_shell: [3088:3127:INFO:metrics_recorder.cc(282)] Record action: Setup.ip_address.BLE
04-09 16:59:56.229  3085  3085 I cast_shell: [3088:3096:ERROR:connectivity_checker_impl.cc(265)] Connectivity check failed: 400
04-09 16:59:56.686  3085  3085 I cast_shell: [3088:3127:INFO:metrics_recorder.cc(282)] Record action: Setup.version.BLE
04-09 16:59:56.729  3085  3085 I cast_shell: [3088:3127:INFO:metrics_recorder.cc(282)] Record action: Setup.tos_accepted.BLE
04-09 16:59:56.759  3085  3085 I cast_shell: [3088:3127:INFO:metrics_recorder.cc(282)] Record action: Setup.state.BLE
04-09 16:59:56.789  3085  3085 I cast_shell: [3088:3127:INFO:metrics_recorder.cc(282)] Record action: Setup.ip_address.BLE
04-09 16:59:56.847  2711  2723 I yani_autoip: start_autoip() Interface 'wlan0' Is AutoIP Required 'Yes' Thread-Running 'No' 
04-09 16:59:56.847  2711  2723 E yani_server: YANI: I am Done Wait For Event 
04-09 16:59:56.847  2711  2723 I yani_kernel: yani_geteventfrom_changeaddr() Message-Id '1' Netlink event '16' Interface Index '5' -> Name 'wlan0' 
04-09 16:59:56.848  2711  3410 I yani_autoip: Setting autoiptimer to 70000
04-09 16:59:56.850  2711  2723 I yani_kernel: yani_geteventfrom_changeaddr() Message-Id '1' Netlink event '16' Interface Index '5' -> Name 'wlan0' 
04-09 16:59:56.851  2711  2723 I yani_kernel: yani_geteventfrom_changeaddr() Message-Id '1' Netlink event '16' Interface Index '5' -> Name 'wlan0' 
04-09 16:59:56.861  3409  3409 E dhcpcd  : control_open: Connection refused
04-09 16:59:56.862  3409  3409 E dhcpcd  : eth0: interface not found or invalid
04-09 16:59:56.863  2960  2971 D wac-main: Netlink event
04-09 16:59:56.863  2960  2971 E wac-main: Netlink event 16 Interface Index 5 
04-09 16:59:56.863  2960  2971 E wac-main: Enter poll and wait
04-09 16:59:56.864  3409  3409 D dhcpcd  : wlan0: adding address fe80::ce90:93ff:fe21:f384
04-09 16:59:56.867  2711  2723 I yani_kernel: yani_geteventfrom_changeaddr() Message-Id '1' Netlink event '16' Interface Index '5' -> Name 'wlan0' 
04-09 16:59:56.964  3409  3409 E dhcpcd  : error writing DUID: /etc/dhcpcd/dhcpcd.duid: Read-only file system
04-09 16:59:56.964  3409  3409 D dhcpcd  : DUID 00:03:00:01:cc:90:93:21:f3:84
04-09 16:59:56.964  3409  3409 D dhcpcd  : wlan0: IAID 93:21:f3:84
04-09 16:59:57.036  3409  3409 D dhcpcd  : wlan0: soliciting an IPv6 router
04-09 16:59:57.194  3409  3409 D dhcpcd  : wlan0: soliciting a DHCP lease
04-09 16:59:57.194  3409  3409 D dhcpcd  : wlan0: sending DISCOVER (xid 0x54e237fb), next in -1437590697871019547379030028070202580358483230875683089363690623689658743852264475330967442193320877335487332938368067412005033520256428646046674799731956166789878215145775249156385864144308514366451173375706107115444571213232058298429751393927077660840416946461605888.0 seconds
04-09 16:59:57.235  3085  3085 I cast_shell: [3088:3096:ERROR:connectivity_checker_impl.cc(265)] Connectivity check failed: 400
04-09 16:59:57.331  3085  3085 I cast_shell: [3088:3127:INFO:metrics_recorder.cc(282)] Record action: Setup.version.BLE
04-09 16:59:57.359  3085  3085 I cast_shell: [3088:3127:INFO:metrics_recorder.cc(282)] Record action: Setup.tos_accepted.BLE
04-09 16:59:57.389  3085  3085 I cast_shell: [3088:3127:INFO:metrics_recorder.cc(282)] Record action: Setup.state.BLE
04-09 16:59:57.419  3085  3085 I cast_shell: [3088:3127:INFO:metrics_recorder.cc(282)] Record action: Setup.ip_address.BLE
04-09 16:59:57.583  2731  2742 I NetworkMonitor: turn off power-save
04-09 16:59:57.589  2731  2742 E DNSResolver: Error in connect: Network is unreachable
04-09 16:59:57.589  2731  2742 I chatty  : uid=0(root) /bin/net_mgr identical 4 lines
04-09 16:59:57.589  2731  2742 E DNSResolver: Error in connect: Network is unreachable
04-09 16:59:57.589  2731  2742 E HttpTimeSync: Error resolve name clients1.google.com
04-09 16:59:57.607  2731  2742 E HttpTimeSync: Error in curl perform, returns 6: Couldn't resolve host name
04-09 16:59:57.608  2731  2742 E HttpTimeSync: Failed in getting HTTP header from http://clients1.google.com/generate_204
04-09 16:59:57.667  3409  3409 D dhcpcd  : wlan0: Router Advertisement from fe80::cab3:73ff:fe44:aeed
04-09 16:59:57.667  3409  3409 D dhcpcd  : wlan0: adding address fd70:d3e7:6555:0:ce90:93ff:fe21:f384/64
04-09 16:59:57.668  3409  3409 D dhcpcd  : wlan0: adding address fd70:d3e7:6555:0:d1fb:1380:bab5:34d9/64
04-09 16:59:57.668  3409  3409 D dhcpcd  : wlan0: adding route to fd70:d3e7:6555::/64
04-09 16:59:57.669  3409  3409 D dhcpcd  : wlan0: requesting DHCPv6 information
04-09 16:59:57.960  3085  3085 I cast_shell: [3088:3127:INFO:metrics_recorder.cc(282)] Record action: Setup.version.BLE
04-09 16:59:57.989  3085  3085 I cast_shell: [3088:3127:INFO:metrics_recorder.cc(282)] Record action: Setup.tos_accepted.BLE
04-09 16:59:58.019  3085  3085 I cast_shell: [3088:3127:INFO:metrics_recorder.cc(282)] Record action: Setup.state.BLE
04-09 16:59:58.050  3085  3085 I cast_shell: [3088:3127:INFO:metrics_recorder.cc(282)] Record action: Setup.ip_address.BLE
04-09 16:59:58.242  3085  3085 I cast_shell: [3088:3096:ERROR:connectivity_checker_impl.cc(265)] Connectivity check failed: 400
04-09 16:59:58.494  3085  3085 I cast_shell: [3088:3127:INFO:metrics_recorder.cc(282)] Record action: Setup.eureka_info.Local
04-09 16:59:58.495  3085  3085 I cast_shell: [3088:3127:INFO:metrics_recorder.cc(282)] Record action: Setup.eureka_info.Local.200
04-09 16:59:58.496  2731  2741 E DNSResolver: Error in connect: Network is unreachable
04-09 16:59:58.496  2731  2741 I chatty  : uid=0(root) MonitorThread identical 4 lines
04-09 16:59:58.496  2731  2741 E DNSResolver: Error in connect: Network is unreachable
04-09 16:59:58.496  2731  2741 E HttpTimeSync: Error resolve name clients1.google.com
04-09 16:59:58.498  2731  2741 E HttpTimeSync: Error in curl perform, returns 6: Couldn't resolve host name
04-09 16:59:58.498  2731  2741 E HttpTimeSync: Failed in getting HTTP header from http://clients1.google.com/generate_204
04-09 16:59:58.591  3085  3085 I cast_shell: [3088:3127:INFO:metrics_recorder.cc(282)] Record action: Setup.version.BLE
04-09 16:59:58.620  3085  3085 I cast_shell: [3088:3127:INFO:metrics_recorder.cc(282)] Record action: Setup.tos_accepted.BLE
04-09 16:59:58.649  3085  3085 I cast_shell: [3088:3127:INFO:metrics_recorder.cc(282)] Record action: Setup.state.BLE
04-09 16:59:58.679  3085  3085 I cast_shell: [3088:3127:INFO:metrics_recorder.cc(282)] Record action: Setup.ip_address.BLE
04-09 16:59:58.831  2731  2742 I NetworkMonitor: turn off power-save
04-09 16:59:58.835  2731  2742 E DNSResolver: Error in connect: Network is unreachable
04-09 16:59:58.836  2731  2742 I chatty  : uid=0(root) /bin/net_mgr identical 4 lines
04-09 16:59:58.836  2731  2742 E DNSResolver: Error in connect: Network is unreachable
04-09 16:59:58.836  2731  2742 E HttpTimeSync: Error resolve name clients1.google.com
04-09 16:59:58.837  2731  2742 E HttpTimeSync: Error in curl perform, returns 6: Couldn't resolve host name
04-09 16:59:58.837  2731  2742 E HttpTimeSync: Failed in getting HTTP header from http://clients1.google.com/generate_204
04-09 16:59:58.897  2731  2742 I NetworkMonitor: turn off power-save
04-09 16:59:58.902  2731  2742 E DNSResolver: Error in connect: Network is unreachable
04-09 16:59:58.903  2731  2742 I chatty  : uid=0(root) /bin/net_mgr identical 4 lines
04-09 16:59:58.903  2731  2742 E DNSResolver: Error in connect: Network is unreachable
04-09 16:59:58.903  2731  2742 E HttpTimeSync: Error resolve name clients1.google.com
04-09 16:59:58.904  2731  2742 E HttpTimeSync: Error in curl perform, returns 6: Couldn't resolve host name
04-09 16:59:58.904  2731  2742 E HttpTimeSync: Failed in getting HTTP header from http://clients1.google.com/generate_204
04-09 16:59:58.904  2731  2742 I NetworkMonitor: turn off power-save
04-09 16:59:58.908  2731  2742 E DNSResolver: Error in connect: Network is unreachable
04-09 16:59:58.909  2731  2742 I chatty  : uid=0(root) /bin/net_mgr identical 4 lines
04-09 16:59:58.909  2731  2742 E DNSResolver: Error in connect: Network is unreachable
04-09 16:59:58.909  2731  2742 E HttpTimeSync: Error resolve name clients1.google.com
04-09 16:59:58.910  2731  2742 E HttpTimeSync: Error in curl perform, returns 6: Couldn't resolve host name
04-09 16:59:58.910  2731  2742 E HttpTimeSync: Failed in getting HTTP header from http://clients1.google.com/generate_204
04-09 16:59:59.207  3085  3085 I cast_shell: [3088:3127:INFO:metrics_recorder.cc(282)] Record action: Setup.version.BLE
04-09 16:59:59.234  3085  3085 I cast_shell: [3088:3127:INFO:metrics_recorder.cc(282)] Record action: Setup.tos_accepted.BLE
04-09 16:59:59.248  3085  3085 I cast_shell: [3088:3096:ERROR:connectivity_checker_impl.cc(265)] Connectivity check failed: 400
04-09 16:59:59.264  3085  3085 I cast_shell: [3088:3127:INFO:metrics_recorder.cc(282)] Record action: Setup.state.BLE
04-09 16:59:59.309  3085  3085 I cast_shell: [3088:3127:INFO:metrics_recorder.cc(282)] Record action: Setup.ip_address.BLE
04-09 16:59:59.375  2731  2742 I NetworkMonitor: turn off power-save
04-09 16:59:59.379  2731  2742 E DNSResolver: Error in connect: Network is unreachable
04-09 16:59:59.379  2731  2742 I chatty  : uid=0(root) /bin/net_mgr identical 4 lines
04-09 16:59:59.379  2731  2742 E DNSResolver: Error in connect: Network is unreachable
04-09 16:59:59.379  2731  2742 E HttpTimeSync: Error resolve name clients1.google.com
04-09 16:59:59.380  2731  2742 E HttpTimeSync: Error in curl perform, returns 6: Couldn't resolve host name
04-09 16:59:59.380  2731  2742 E HttpTimeSync: Failed in getting HTTP header from http://clients1.google.com/generate_204
04-09 16:59:59.498  2731  2741 E DNSResolver: Error in connect: Network is unreachable
04-09 16:59:59.499  2731  2741 I chatty  : uid=0(root) MonitorThread identical 4 lines
04-09 16:59:59.499  2731  2741 E DNSResolver: Error in connect: Network is unreachable
04-09 16:59:59.499  2731  2741 E HttpTimeSync: Error resolve name clients1.google.com
04-09 16:59:59.500  2731  2741 E HttpTimeSync: Error in curl perform, returns 6: Couldn't resolve host name
04-09 16:59:59.500  2731  2741 E HttpTimeSync: Failed in getting HTTP header from http://clients1.google.com/generate_204
04-09 16:59:59.850  3085  3085 I cast_shell: [3088:3127:INFO:metrics_recorder.cc(282)] Record action: Setup.version.BLE
04-09 16:59:59.879  3085  3085 I cast_shell: [3088:3127:INFO:metrics_recorder.cc(282)] Record action: Setup.tos_accepted.BLE
04-09 16:59:59.909  3085  3085 I cast_shell: [3088:3127:INFO:metrics_recorder.cc(282)] Record action: Setup.state.BLE
04-09 16:59:59.939  3085  3085 I cast_shell: [3088:3127:INFO:metrics_recorder.cc(282)] Record action: Setup.ip_address.BLE
04-09 17:00:00.255  3085  3085 I cast_shell: [3088:3096:ERROR:connectivity_checker_impl.cc(265)] Connectivity check failed: 400
04-09 17:00:00.466  3085  3085 I cast_shell: [3088:3127:INFO:metrics_recorder.cc(282)] Record action: Setup.version.BLE
04-09 17:00:00.494  3085  3085 I cast_shell: [3088:3127:INFO:metrics_recorder.cc(282)] Record action: Setup.tos_accepted.BLE
04-09 17:00:00.500  2731  2741 E DNSResolver: Error in connect: Network is unreachable
04-09 17:00:00.500  2731  2741 I chatty  : uid=0(root) MonitorThread identical 4 lines
04-09 17:00:00.501  2731  2741 E DNSResolver: Error in connect: Network is unreachable
04-09 17:00:00.501  2731  2741 E HttpTimeSync: Error resolve name clients1.google.com
04-09 17:00:00.502  2731  2741 E HttpTimeSync: Error in curl perform, returns 6: Couldn't resolve host name
04-09 17:00:00.502  2731  2741 E HttpTimeSync: Failed in getting HTTP header from http://clients1.google.com/generate_204
04-09 17:00:00.524  3085  3085 I cast_shell: [3088:3127:INFO:metrics_recorder.cc(282)] Record action: Setup.state.BLE
04-09 17:00:00.554  3085  3085 I cast_shell: [3088:3127:INFO:metrics_recorder.cc(282)] Record action: Setup.ip_address.BLE
04-09 17:00:01.095  3085  3085 I cast_shell: [3088:3127:INFO:metrics_recorder.cc(282)] Record action: Setup.version.BLE
04-09 17:00:01.124  3085  3085 I cast_shell: [3088:3127:INFO:metrics_recorder.cc(282)] Record action: Setup.tos_accepted.BLE
04-09 17:00:01.154  3085  3085 I cast_shell: [3088:3127:INFO:metrics_recorder.cc(282)] Record action: Setup.state.BLE
04-09 17:00:01.184  3085  3085 I cast_shell: [3088:3127:INFO:metrics_recorder.cc(282)] Record action: Setup.ip_address.BLE
04-09 17:00:01.262  3085  3085 I cast_shell: [3088:3096:ERROR:connectivity_checker_impl.cc(265)] Connectivity check failed: 400
04-09 17:00:01.386  3085  3085 I cast_shell: [3088:3096:INFO:parent_tracker.cc(237)] Network changed
04-09 17:00:01.386  3085  3085 I cast_shell: [3088:3096:INFO:parent_tracker.cc(120)] Can't use IPv4
04-09 17:00:01.386  3085  3085 I cast_shell: [3088:3096:INFO:parent_tracker.cc(135)] Now using local address [PII](fd70:d3e7:6555:0:8d97:47bf:bd6a:e62)
04-09 17:00:01.386  3085  3085 I cast_shell: [3088:3127:INFO:local_network_info_impl.cc(435)] LNID_W changed:
04-09 17:00:01.386  3085  3085 I cast_shell: [3088:3096:INFO:directory_service_impl.cc(200)] This device became root
04-09 17:00:01.386  3085  3085 I cast_shell: [3088:3096:INFO:parent_tracker.cc(237)] Network changed
04-09 17:00:01.387  3085  3085 I cast_shell: [3088:3096:INFO:parent_tracker.cc(120)] Can't use IPv4
04-09 17:00:01.387  3085  3085 I cast_shell: [3088:3096:INFO:parent_tracker.cc(132)] No need to recreate socket
04-09 17:00:01.502  2731  2741 E DNSResolver: Error in connect: Network is unreachable
04-09 17:00:01.503  2731  2741 I chatty  : uid=0(root) MonitorThread identical 4 lines
04-09 17:00:01.503  2731  2741 E DNSResolver: Error in connect: Network is unreachable
04-09 17:00:01.503  2731  2741 E HttpTimeSync: Error resolve name clients1.google.com
04-09 17:00:01.504  2731  2741 E HttpTimeSync: Error in curl perform, returns 6: Couldn't resolve host name
04-09 17:00:01.504  2731  2741 E HttpTimeSync: Failed in getting HTTP header from http://clients1.google.com/generate_204
04-09 17:00:01.725  3085  3085 I cast_shell: [3088:3127:INFO:metrics_recorder.cc(282)] Record action: Setup.version.BLE
04-09 17:00:01.754  3085  3085 I cast_shell: [3088:3127:INFO:metrics_recorder.cc(282)] Record action: Setup.tos_accepted.BLE
04-09 17:00:01.784  3085  3085 I cast_shell: [3088:3127:INFO:metrics_recorder.cc(282)] Record action: Setup.state.BLE
04-09 17:00:01.814  3085  3085 I cast_shell: [3088:3127:INFO:metrics_recorder.cc(282)] Record action: Setup.ip_address.BLE
04-09 17:00:02.013  3409  3409 D dhcpcd  : wlan0: sending DISCOVER (xid 0x54e237fb), next in -1437590034274319479284865888391652652860370625427549598886365783804879805286211772826018655317729786404577781499753055137735289065929389328815704972907724585782020430045758373298601431131337448348687191557376002991376762609319674946363459349650757509330117367047389184.0 seconds
04-09 17:00:02.034  3409  3409 D dhcpcd  : wlan0: received OFFER with xid 0x54e237fb
04-09 17:00:02.034  3409  3409 D dhcpcd  : wlan0: offered 192.168.1.145 from 192.168.1.1
04-09 17:00:02.034  3409  3409 D dhcpcd  : wlan0: requesting lease of 192.168.1.145
04-09 17:00:02.035  3409  3409 D dhcpcd  : wlan0: sending REQUEST (xid 0x54e237fb), next in -1437590697871019547379030028070202580358483230875683089363690623689658743852264475330967442193320877335487332938368067412005033520256428646046674799731956166789878215145775249156385864144308514366451173375706107115444571213232058298429751393927077660840416946461605888.0 seconds
04-09 17:00:02.137  3409  3409 D dhcpcd  : wlan0: received ACK with xid 0x54e237fb
04-09 17:00:02.137  3409  3409 D dhcpcd  : wlan0: acknowledged 192.168.1.145 from 192.168.1.1
04-09 17:00:02.137  3409  3409 D dhcpcd  : wlan0: leased 192.168.1.145 for 86400 seconds
04-09 17:00:02.138  3409  3409 D dhcpcd  : wlan0: adding route to 192.168.1.0/24
04-09 17:00:02.138  3409  3409 D dhcpcd  : wlan0: adding default route via 192.168.1.1
04-09 17:00:02.141  2711  2723 I yani_kernel: yani_geteventfrom_changeaddr() Message-Id '1' Netlink event '20' Interface Index '5' -> Name 'wlan0' 
04-09 17:00:02.145  2960  2971 D wac-main: Netlink event
04-09 17:00:02.145  2960  2971 E wac-main: Netlink event 20 Interface Index 5 
04-09 17:00:02.145  2960  2971 E wac-main: Enter poll and wait
04-09 17:00:02.146  2731  2742 I NetworkMonitor: turn off power-save
04-09 17:00:02.147  2711  2723 I yani_server: NetLink Event '2' Interface-Index '5' WLAN '-1' Ethernet '-1' Parsed-iFill '2' -> 'WLAN0 CONNECTED' ifIndex '1' -> 'lo'
04-09 17:00:02.254  2964  3463 I airplay-main: checkACPAvailability() err 0 -> Present!
04-09 17:00:02.254  2964  3463 D airplay-main: arguments[0] -> airplay_v2 -> airplay_v2
04-09 17:00:02.255  2964  3463 D airplay-main: arguments[1] -> -n -> -n
04-09 17:00:02.255  2964  3463 D airplay-main: arguments[2] -> Lyric Speaker Box 21f384 -> Lyric Speaker Box 21f384
04-09 17:00:02.255  2964  3463 D airplay-main: arguments[3] -> -z -> -z
04-09 17:00:02.255  2964  3463 D airplay-main: arguments[4] -> 1 -> 1
04-09 17:00:02.255  2964  3463 D airplay-main: arguments[5] -> -d -> -d
04-09 17:00:02.255  2964  3463 D airplay-main: arguments[6] -> 47617500 -> 47617500
04-09 17:00:02.255  2964  3463 D airplay-main: Total Number of Arguments 7
04-09 17:00:02.267  2964  3463 I airplay_v2_0_6: 2022-04-09 04:30:02.266017 [AirPlayDemo] homedir /data/ sUserPreferencesDirectoryPath /data//.airplaydemo 
04-09 17:00:02.343  2731  2742 I HttpTimeSync: Building resolve list for clients1.google.com, total 1.
04-09 17:00:02.343  2731  2742 I HttpTimeSync: 	0: 142.251.36.142
04-09 17:00:02.344  2964  3463 I airplay-main: checkACPAvailability() err 0 -> Present!
04-09 17:00:02.355  3085  3085 I cast_shell: [3088:3127:INFO:metrics_recorder.cc(282)] Record action: Setup.version.BLE
04-09 17:00:02.384  3085  3085 I cast_shell: [3088:3127:INFO:metrics_recorder.cc(282)] Record action: Setup.tos_accepted.BLE
04-09 17:00:02.414  3085  3085 I cast_shell: [3088:3127:INFO:metrics_recorder.cc(282)] Record action: Setup.state.BLE
04-09 17:00:02.428  2964  3485 I airplay_v2_0_6: 2022-04-09 04:30:02.428227 [AirPlayDemo] *********** AirPlayDemoPlatformSetProperty:homeIntegrationData value - 
04-09 17:00:02.428  2964  3485 I airplay_v2_0_6:     +0000: 62706c69 73743030 d101025f 10114343 |bplist00^^^_^^CC| (67 bytes)
04-09 17:00:02.428  2964  3485 I airplay_v2_0_6:     +0010: 3a39303a 39333a32 313a4633 3a3834d0 |:90:93:21:F3:84^|
04-09 17:00:02.428  2964  3485 I airplay_v2_0_6:     +0020: 080b1f00 00000000 00010100 00000000 |^^^^^^^^^^^^^^^^|
04-09 17:00:02.428  2964  3485 I airplay_v2_0_6:     +0030: 00000300 00000000 00000000 00000000 |^^^^^^^^^^^^^^^^|
04-09 17:00:02.428  2964  3485 I airplay_v2_0_6:     +0040: 000020                              |^^              |
04-09 17:00:02.430  2964  3487 I airplay_v2_0_6: 2022-04-09 04:30:02.430576 [AirPlayDemo] AirPlayDemoServerCopyProperty Password is <<NULL>>
04-09 17:00:02.444  3085  3085 I cast_shell: [3088:3127:INFO:metrics_recorder.cc(282)] Record action: Setup.ip_address.BLE
04-09 17:00:02.445  2964  3485 I airplay_v2_0_6: 2022-04-09 04:30:02.445262 [AirPlayDemo] *********** AirPlayDemoPlatformSetProperty:homeIntegrationData value - 
04-09 17:00:02.445  2964  3485 I airplay_v2_0_6:     +0000: 62706c69 73743030 d101025f 10114343 |bplist00^^^_^^CC| (165 bytes)
04-09 17:00:02.445  2964  3485 I airplay_v2_0_6:     +0010: 3a39303a 39333a32 313a4633 3a3834d3 |:90:93:21:F3:84^
04-09 17:00:02.445  2964  3485 I airplay_v2_0_6: |
04-09 17:00:02.445  2964  3485 I airplay_v2_0_6:     +0020: 03040501 06075a69 64656e74 69666965 |^^^^^^Zidentifie|
04-09 17:00:02.445  2964  3485 I airplay_v2_0_6:     +0030: 7252736b 52706b4f 10202409 4adf6a4c |rRskRpkO^ $^J^jL|
04-09 17:00:02.445  2964  3485 I airplay_v2_0_6:     +0040: f45cf01e c42f575e afcb892d 0210942c |^\^^^/W^^^^-^^^,|
04-09 17:00:02.445  2964  3485 I airplay_v2_0_6:     +0050: cd257d53 7d61dc26 4a9e4f10 203ea5f0 |
04-09 17:00:02.445  2964  3485 I airplay_v2_0_6: ^%}S}a^&J^O^ >^^|
04-09 17:00:02.445  2964  3485 I airplay_v2_0_6:     +0060: ffe2a7fa 7f684acb 019823dc dc816fc7 |^^^^^hJ^^^#^^^o^|
04-09 17:00:02.445  2964  3485 I airplay_v2_0_6:     +0070: f4b9a73f f6b8b2e6 8da5ada9 64080b1f |^^^?^^^^^^^^d^^^|
04-09 17:00:02.445  2964  3485 I airplay_v2_0_6:     +0080: 26313437 5a000000 00000001 01000000 |&147Z^^^^^^^^^^^|
04-09 17:00:02.445  2964  3485 I airplay_v2_0_6:     +0090: 
04-09 17:00:02.445  2964  3485 I airplay_v2_0_6: 00000000 08000000 00000000 00000000 |^^^^^^^^^^^^^^^^|
04-09 17:00:02.445  2964  3485 I airplay_v2_0_6:     +00A0: 00000000 7d                         |^^^^}           |
04-09 17:00:02.446  2712  2712 I lucitransport: readRemoteMessage() MID char = 90 buffer = Lyric Speaker Box 21f384
04-09 17:00:02.448  2964  3463 I airplay_v2_0_6: 2022-04-09 04:30:02.448265 [AirPlay] Registering Bonjour _airplay._tcp. port 7000
04-09 17:00:02.450  2964  3485 I airplay_v2_0_6: 2022-04-09 04:30:02.450414 [AirPlayDemo] AirPlayDemoServerCopyProperty Password is <<NULL>>
04-09 17:00:02.452  2964  3487 I airplay_v2_0_6: 2022-04-09 04:30:02.452030 [AirPlayDemo] AirPlayDemoServerCopyProperty Password is <<NULL>>
04-09 17:00:02.452  2712  2712 I lucitransport: readRemoteMessage() MID char = 90 buffer = Lyric Speaker Box 21f384
04-09 17:00:02.454  2964  3463 I airplay_v2_0_6: 2022-04-09 04:30:02.454328 [AirPlay] Registering Bonjour CC909321F384@Lyric Speaker Box 21f384._raop._tcp. port 7000
04-09 17:00:02.454  2964  3463 I airplay_v2_0_6: 2022-04-09 04:30:02.454485 [AirPlay] AirPlay servers started
04-09 17:00:04.538  2963  2985 I SPOTIFY : ConnectionNotify event(0-Login, 1-Logout, rest Error) = 7 
04-09 17:00:04.637  2731  2742 I HttpTimeSync: Http time synced
04-09 17:00:04.940  3085  3085 I cast_shell: [3088:3127:INFO:metrics_recorder.cc(282)] Record action: Setup.version.BLE
04-09 17:00:04.969  3085  3085 I cast_shell: [3088:3127:INFO:metrics_recorder.cc(282)] Record action: Setup.tos_accepted.BLE
04-09 17:00:04.999  3085  3085 I cast_shell: [3088:3127:INFO:metrics_recorder.cc(282)] Record action: Setup.state.BLE
04-09 17:00:05.029  3085  3085 I cast_shell: [3088:3127:INFO:metrics_recorder.cc(282)] Record action: Setup.ip_address.BLE
04-09 17:00:05.066  3088  3307 E         : OOBE CheckUpdate
04-09 17:00:05.068  3085  3085 I cast_shell: [3088:3096:INFO:connectivity_checker_impl.cc(144)] Change check url=http://connectivitycheck.gstatic.com/generate_204
04-09 17:00:05.072  3085  3085 I cast_shell: [3088:3307:INFO:update_engine_client_with_system_updater.cc(216)] Network first connected, check system force update
04-09 17:00:05.072  3085  3085 I cast_shell: [system_updater_dummy.cpp(109)] CheckUpdate
04-09 17:00:05.072  3085  3085 I cast_shell: [3088:3127:WARNING:setup_manager_impl.cc(1100)] NAT not supported, no captive portal support.
04-09 17:00:05.072  3085  3085 I cast_shell: [3088:3088:INFO:ccs_transport_gcm.cc(102)] Registering GCM handler
04-09 17:00:05.072  3085  3085 I cast_shell: [3088:3088:INFO:gcm_manager.cc(258)] Enabling GCM Driver
04-09 17:00:05.072  3085  3085 I cast_shell: [3088:3088:INFO:api_reboot.cc(321)] active_activities count=0
04-09 17:00:05.072  3085  3085 I cast_shell: [3088:3088:INFO:cloud_settings_manager.cc(431)] Connectivity established. Reconciling cloud settings.
04-09 17:00:05.072  3085  3085 I cast_shell: [3088:3088:INFO:cloud_settings_manager.cc(195)] Cloud settings is disabled.
04-09 17:00:05.072  3085  3085 I cast_shell: [3088:3088:INFO:lycra_gcm.cc(121)] Registering GCM handler.
04-09 17:00:05.074  2712  2712 I lucitransport: readRemoteMessage() MID char = 232 buffer = TRUE
04-09 17:00:05.074  2967  2995 E otamanager: lo not valid Interface for MAC ID
04-09 17:00:05.074  2967  2995 D otamanager: OTA: wlan IP = 192.168.1.145
04-09 17:00:05.074  2967  2995 I otamanager: OTA:checkIP mac = cc909321f384  IP = 192.168.1.145 
04-09 17:00:05.076  2967  2995 I otamanager: DownloadHttpContent firmware version = eng.C4A.1203
04-09 17:00:05.076  3085  3085 I cast_shell: [3088:3127:INFO:setup_state.cc(261)] Setup state changed: SETUP_STATE_CHECKING_GLOBAL_CONNECTIVITY_BAD_ROUTER_WIFI_NOT_SAVED (51) -> SETUP_STATE_CONNECTED_WIFI_NOT_SAVED (61)
04-09 17:00:05.079  3085  3085 I cast_shell: [3088:3088:INFO:device_info_impl.cc(1094)] Primary netif changed: new=wlan0, old=usb0
04-09 17:00:05.079  3085  3085 I cast_shell: [3088:3088:INFO:device_info_impl.cc(1103)] Primary IP address changed: netif=wlan0, new=192.168.1.145, old=192.168.10.1
04-09 17:00:05.081  2712  2712 I lucitransport: readRemoteMessage() MID char = 6 buffer = 1001
04-09 17:00:05.081  2712  2712 I lucitransport: readRemoteMessage() MID char = 7 buffer = 1.52.272222
04-09 17:00:05.082  2967  2995 I otamanager: OTA: DownloadHttpContent :payload =  {"device":{"brand":"COTODAMA","castVersion":"1.52.272222","deviceId":"cc909321f384","deviceType":"LS10_C4A","fwVersion":"1203","googleCast":true,"mcuVersion":"1001","model":"LSB"}}
04-09 17:00:05.082  2967  2995 I otamanager:  
04-09 17:00:05.082  2967  2995 I otamanager: OTA:------curlDownloadFirmwareXml---
04-09 17:00:05.082  2967  2995 I otamanager: OTA:isValidIpAddress: result 0
04-09 17:00:05.084  3085  3085 I cast_shell: [3088:3139:INFO:multizone_manager.cc(2131)] Updated leader quality: 49807409
04-09 17:00:05.084  3085  3085 I cast_shell: [3088:3096:INFO:connectivity_checker_impl.cc(148)] Global connection is: Up
04-09 17:00:05.084  3085  3085 I cast_shell: [3088:3088:INFO:cast_receiver_impl.cc(1093)] Entering discovery-only mode
04-09 17:00:05.084  3085  3085 I cast_shell: [3088:3088:INFO:application_config_manager_impl.cc(575)] Disabling virtual device 879478a3-9d3a-7506-31b7-d46a6f7b5989
04-09 17:00:05.086  3085  3085 I cast_shell: [3088:3127:WARNING:setup_manager_impl.cc(1136)] NAT not supported, no captive portal support.
04-09 17:00:05.086  3085  3085 I cast_shell: [3088:3137:INFO:mdns_cast_service.cc(351)] Device discovery state is setup-only
04-09 17:00:05.086  3085  3085 I cast_shell: [3088:3137:INFO:mdns_util.cc(102)] Defaulting mDNS capabilities for audio-only build
04-09 17:00:05.086  2711  2723 I yani_server: NetLink Event '-1' Interface-Index '5' WLAN '0' Ethernet '-1' Parsed-iFill '-1' -> 'INVALID' ifIndex '1' -> 'lo'
04-09 17:00:05.095  3085  3085 I cast_shell: [3088:3088:INFO:cast_receiver_impl.cc(1612)] mDNS Discovery stopped.
04-09 17:00:05.095  3085  3085 I cast_shell: [3088:3088:INFO:cast_receiver_impl.cc(1679)] Network is globally connected. Schedule config downloading if necessary.
04-09 17:00:05.099  3085  3085 I cast_shell: [3088:3088:INFO:cast_receiver_impl.cc(1685)] Network is globally connected. Schedule crl downloading if necessary.
04-09 17:00:05.099  3085  3085 I cast_shell: [3088:3088:INFO:crl_downloader.cc(366)] Downloading crl: url=https://clients5.google.com/cast/chromecast/device/crl
04-09 17:00:05.099  3085  3085 I cast_shell: [3088:3088:INFO:cast_receiver_impl.cc(1695)] Network is globally connected. Refreshing CcsManager.
04-09 17:00:05.099  3085  3085 I cast_shell: [3088:3088:INFO:iot_auth_manager_wrapper.cc(311)] Network provider informed of connected network status.
04-09 17:00:05.099  3085  3085 I cast_shell: [3088:3137:INFO:mdns_app_filter.cc(1702)] MdnsAppFilter is stopping
04-09 17:00:05.099  3085  3085 I cast_shell: [3088:3137:INFO:metrics_recorder.cc(282)] cast event: Cast.Discovery.Mdns.ResponderStopped
04-09 17:00:05.101  3085  3085 I cast_shell: [3088:3137:INFO:mdns_app_filter.cc(1709)] MdnsAppFilter is stopping; closing socket: address=192.168.2.1
04-09 17:00:05.101  3085  3085 I cast_shell: [3088:3137:INFO:metrics_recorder.cc(282)] cast event: Cast.Discovery.Mdns.SocketDestroyed
04-09 17:00:05.101  3085  3085 I cast_shell: [3088:3137:INFO:mdns_app_filter.cc(1709)] MdnsAppFilter is stopping; closing socket: address=192.168.10.1
04-09 17:00:05.101  3085  3085 I cast_shell: [3088:3137:INFO:metrics_recorder.cc(282)] cast event: Cast.Discovery.Mdns.SocketDestroyed
04-09 17:00:05.103  3085  3085 I cast_shell: [3088:3137:INFO:mdns_app_filter.cc(1120)] Skipping IPv6 interface that also has an IPv4 address: wlan0
04-09 17:00:05.103  3085  3085 I cast_shell: [3088:3137:INFO:metrics_recorder.cc(282)] cast event: Cast.Discovery.Mdns.SocketCreated
04-09 17:00:05.103  3085  3085 I cast_shell: [3088:3137:INFO:mdns_app_filter.cc(1254)] Created mDNS socket for interface:name=wlan0, address=192.168.1.145, index=5
04-09 17:00:05.104  3085  3085 I cast_shell: [3088:3137:INFO:metrics_recorder.cc(282)] cast event: Cast.Discovery.Mdns.SocketCreated
04-09 17:00:05.104  3085  3085 I cast_shell: [3088:3137:INFO:mdns_app_filter.cc(1254)] Created mDNS socket for interface:name=p2p1, address=192.168.2.1, index=7
04-09 17:00:05.104  3085  3085 I cast_shell: [3088:3137:INFO:metrics_recorder.cc(282)] cast event: Cast.Discovery.Mdns.SocketCreated
04-09 17:00:05.104  3085  3085 I cast_shell: [3088:3137:INFO:mdns_app_filter.cc(1254)] Created mDNS socket for interface:name=usb0, address=192.168.10.1, index=9
04-09 17:00:05.104  3085  3085 I cast_shell: [3088:3137:INFO:mdns_app_filter.cc(977)] MdnsAppFilter is starting.
04-09 17:00:05.104  3085  3085 I cast_shell: [3088:3137:INFO:metrics_recorder.cc(282)] cast event: Cast.Discovery.Mdns.ResponderStarted
04-09 17:00:05.104  3085  3085 I cast_shell: [3088:3137:INFO:discovered_service_client.cc(78)] Primary interface for service discovery has changed: ifindex=5
04-09 17:00:05.106  3085  3085 I cast_shell: [3088:3137:INFO:mdns_app_filter.cc(1120)] Skipping IPv6 interface that also has an IPv4 address: wlan0
04-09 17:00:05.106  3085  3085 I chatty  : uid=1000(chrome) /bin/logwrapper identical 2 lines
04-09 17:00:05.106  3085  3085 I cast_shell: [3088:3137:INFO:mdns_app_filter.cc(1120)] Skipping IPv6 interface that also has an IPv4 address: wlan0
04-09 17:00:05.106  3085  3085 I cast_shell: [3088:3088:INFO:mdns_manager_impl.cc(429)] Successfully updated service: type=_googlezone
04-09 17:00:05.126  3085  3085 I cast_shell: [3088:3138:INFO:transport_creds.cc(151)] Self-signed certificate created: CN=879478a3-9d3a-7506-31b7-d46a6f7b5989
04-09 17:00:05.126  2961  3164 I LibreCastControlDelegate: OnCastStatus() +++ Lyric Speaker Box 21f384:0xab471198:NOT_SETUP
04-09 17:00:05.127  2961  3164 I LibreCastControlDelegate: Device Build Number -> '1.52.272222'
04-09 17:00:05.127  2961  3164 I librecast: updateCastBuildVersion() Version 1.52.272222
04-09 17:00:05.127  2712  2712 I lucitransport: readRemoteMessage() MID char = 7 buffer = 1.52.272222
04-09 17:00:05.127  2961  3164 I LibreCastControlDelegate: Active Applications -> 0
04-09 17:00:05.127  2961  3164 I LibreCastControlDelegate: Current Cast State '2' -> 'NOT_SETUP'
04-09 17:00:05.127  2961  3164 I LibreCastControlDelegate: OnCastStatus() ---
04-09 17:00:05.127  2961  3164 I LibreCastControlDelegate: OnCastStatus() +++ Lyric Speaker Box 21f384:0xab471198:NOT_SETUP
04-09 17:00:05.127  2961  3164 I LibreCastControlDelegate: Device Build Number -> '1.52.272222'
04-09 17:00:05.127  2961  3164 I librecast: updateCastBuildVersion() Version 1.52.272222
04-09 17:00:05.140  3085  3085 I cast_shell: [3088:3088:INFO:config_downloader.cc(489)] Downloading config: headers (excl. auth) ='Accept: application/protobuf', url=https://clients5.google.com/cast/chromecast/device/baseconfig?m=LSB&M=COTODAMA&p=LS10+Platform&b=1.52.272222&c=wifi&r=beta-channel&pt=3&ln=&d=DE4F95FFA64D5E74B026&at=1
04-09 17:00:05.329  2967  2995 I otamanager: OTA:ResolveDNSName IP = 34.227.156.126
04-09 17:00:05.329  2967  2995 I otamanager: OTA:hostIp string: https://34.227.156.126/v1
04-09 17:00:05.329  2967  2995 I otamanager: OTA: trying after 2 sec 
04-09 17:00:05.570  3085  3085 I cast_shell: [3088:3127:INFO:metrics_recorder.cc(282)] Record action: Setup.version.BLE
04-09 17:00:05.599  3085  3085 I cast_shell: [3088:3127:INFO:metrics_recorder.cc(282)] Record action: Setup.tos_accepted.BLE
04-09 17:00:05.629  3085  3085 I cast_shell: [3088:3127:INFO:metrics_recorder.cc(282)] Record action: Setup.state.BLE
04-09 17:00:05.659  3085  3085 I cast_shell: [3088:3127:INFO:metrics_recorder.cc(282)] Record action: Setup.ip_address.BLE
04-09 17:00:05.710  3085  3085 I cast_shell: [3088:3127:INFO:ble_setup.cc(322)] Record action: Setup.set_eureka_info.BLE
04-09 17:00:05.713  3085  3085 I cast_shell: [3088:3127:INFO:timezone_settings.cc(288)] Setting system timezone to Asia/Kolkata
04-09 17:00:05.713  3085  3085 I cast_shell: [3088:3139:INFO:multizone_group.cc(357)] Change name for group [PII](48613F3449CCAE965DB4105443B8CE83) to [PII](Attic speaker)
04-09 17:00:05.713  3085  3085 I cast_shell: [3088:3127:INFO:locale_manager.cc(511)] New timezone: Asia/Kolkata
