04-09 17:27:08.340  3075  3075 I update_engine: [0409/045708.340503:INFO:update_check_scheduler.cc(77)] Next update check in 2700 seconds
04-09 17:27:08.340  3075  3075 I update_engine: [0409/045708.340781:INFO:string_based_ipc_server.cc(75)] Start IPC server: /tmp/socket/updater
04-09 17:27:08.341  3075  3075 I update_engine: [0409/045708.341194:INFO:unix_stream_server_socket.cc(62)] Unix server socket is created: /tmp/socket/updater
04-09 17:27:08.540  3077  3077 I cast_shell: [3080:3080:ERROR:pref_service_helper.cc(79)] Cannot initialize chromecast config: /data/chrome/.eureka.conf, pref_error=6
04-09 17:27:08.542  3077  3077 I cast_shell: [3080:3080:WARNING:discardable_shared_memory_manager.cc(194)] Less than 64MB of free space in temporary directory for shared memory files: 32
04-09 17:27:08.554  3077  3077 I cast_shell: Fontconfig warning: "/etc/fonts/fonts.conf", line 80: unknown element "blank"
04-09 17:27:08.741  3077  3077 I cast_shell: [3080:3080:INFO:cast_system_memory_pressure_evaluator.cc(167)] AdjustMemoryFractions: critical_memory_fraction_=0.25, moderate_memory_fraction_=0.4
04-09 17:27:08.748  3077  3077 I cast_shell: [3080:3080:INFO:cast_window_manager_aura.cc(198)] Starting window manager, bounds: 0,0 1x1
04-09 17:27:08.754  3077  3077 I cast_shell: [3080:3097:ERROR:mixer_connection.cc(91)] Failed to connect to mixer service: -102
04-09 17:27:08.755  3077  3077 I cast_shell: [3080:3080:WARNING:client_auth_manager.cc(94)] Old certificate is empty.
04-09 17:27:08.755  3077  3077 I cast_shell: [3080:3080:INFO:device_info_impl.cc(135)] [PII] Weave device ID: 
04-09 17:27:08.756  3077  3077 I cast_shell: [3080:3080:INFO:device_info_impl.cc(406)] MAC address for wlan0: CC:90:93:21:F3:84
04-09 17:27:08.756  3077  3077 I cast_shell: [3080:3080:INFO:device_info_impl.cc(431)] Device model id: COTODAMA.LS10 Platform.LSB
04-09 17:27:08.756  3077  3077 I cast_shell: [3080:3080:INFO:device_info_impl.cc(466)] Control Notifications: 0
04-09 17:27:08.757  3077  3077 I cast_shell: [3080:3080:ERROR:device_info_impl.cc(145)] Cannot read file: /data/bootid
04-09 17:27:08.757  3077  3077 I cast_shell: [3080:3080:INFO:device_info_impl.cc(482)] SSDP Boot ID: 0
04-09 17:27:08.757  3077  3077 I cast_shell: [3080:3080:INFO:device_info_impl.cc(486)] SSDP Config ID: 1
04-09 17:27:08.757  3077  3077 I cast_shell: [3080:3080:WARNING:secure_storage_impl.cc(85)] Device key not available yet.
04-09 17:27:08.757  3077  3077 I cast_shell: [3080:3080:INFO:cast_power_manager_provider.cc(26)] Creating DummyCastPowerManagerProvider
04-09 17:27:08.757  3077  3077 I cast_shell: [3080:3080:WARNING:auth_provider_impl.cc(72)] No IoT client_id found on the device. If device was FDRed please ignore this warning.
04-09 17:27:08.757  3077  3077 I cast_shell: [3080:3080:INFO:file_provider_impl.cc(67)] Initialized file provider with base dir: /data/chrome/auth
04-09 17:27:08.758  3077  3077 I cast_shell: [3080:3080:INFO:cast_power_manager_provider.cc(26)] Creating DummyCastPowerManagerProvider
04-09 17:27:08.758  3077  3077 I cast_shell: [3080:3080:INFO:cast_power_manager_provider.cc(26)] Creating DummyCastPowerManagerProvider
04-09 17:27:08.758  3077  3077 I cast_shell: [3080:3080:INFO:hds_broker_impl.cc(121)] HDS type registered type.googleapis.com/home.hds.proto.device.config.RefreshConfigRequest
04-09 17:27:08.758  3077  3077 I cast_shell: [3080:3080:INFO:preload_initiator_mdns.cc(92)] Preload type: mdns
04-09 17:27:08.758  3077  3077 I cast_shell: [3080:3080:WARNING:hds_settings.cc(104)] HDS URL has not been set through command line.
04-09 17:27:08.763  3077  3077 I cast_shell: [3080:3080:WARNING:volume_map.cc(55)] No cast audio config found; using default volume map.
04-09 17:27:08.763  3077  3077 I cast_shell: [3080:3080:INFO:saved_volumes.cc(63)] No saved volumes found
04-09 17:27:08.763  3077  3077 I cast_shell: [3080:3080:INFO:saved_volumes.cc(70)] Invalid JSON from /etc/cast_audio.json
04-09 17:27:08.764  3077  3077 I cast_shell: [3080:3100:INFO:stream_mixer.cc(194)] StreamMixer
04-09 17:27:08.764  3077  3077 I cast_shell: [3080:3100:INFO:stream_mixer.cc(222)] Mixer health checker started
04-09 17:27:08.765  3077  3077 I cast_shell: [3080:3101:INFO:stream_mixer.cc(121)] Actual priority = 99, policy = 1
04-09 17:27:08.765  3077  3077 I cast_shell: [3080:3100:WARNING:post_processing_pipeline_parser.cc(65)] No post-processing config found at /etc/cast_audio.json.
04-09 17:27:08.765  3077  3077 I cast_shell: [3080:3100:WARNING:post_processing_pipeline_parser.cc(133)] No post-processor description found for "mix" in /etc/cast_audio.json. Using passthrough.
04-09 17:27:08.765  3077  3077 I cast_shell: [3080:3100:INFO:mixer_pipeline.cc(103)] 2 input channels to 'mix' group
04-09 17:27:08.765  3077  3077 I cast_shell: [3080:3100:WARNING:post_processing_pipeline_parser.cc(133)] No post-processor description found for "linearize" in /etc/cast_audio.json. Using passthrough.
04-09 17:27:08.766  3077  3077 I cast_shell: [3080:3100:INFO:mixer_pipeline.cc(124)] 2 input channels to 'linearize' group
04-09 17:27:08.766  3077  3077 I cast_shell: [3080:3100:INFO:alsa_volume_control.cc(43)] Opening mixer element "Master" on device "default"
04-09 17:27:08.766  3077  3077 I cast_shell: [3080:3102:INFO:audio_socket_service_uds.cc(44)] Using endpoint /tmp/mixer-service
04-09 17:27:08.772  3077  3077 I cast_shell: [3080:3100:INFO:alsa_volume_control.cc(219)] Volume device = default, element = Master
04-09 17:27:08.772  3077  3077 I cast_shell: [3080:3100:INFO:alsa_volume_control.cc(221)] Mute device = default, element = Master
04-09 17:27:08.772  3077  3077 I cast_shell: [3080:3100:INFO:alsa_volume_control.cc(234)] Idle device = default, elements = []
04-09 17:27:08.772  3077  3077 I cast_shell: [3080:3100:INFO:alsa_volume_control.cc(43)] Opening mixer element "Master" on device "default"
04-09 17:27:08.777  3080  3080 E         : Create
04-09 17:27:08.777  3080  3080 E         : OOBE IsSupported
04-09 17:27:08.778  3077  3077 I cast_shell: [3080:3080:INFO:multizone_manager.cc(330)] Multizone features are enabled
04-09 17:27:08.779  3077  3077 I cast_shell: [3080:3080:INFO:cast_power_manager_provider.cc(26)] Creating DummyCastPowerManagerProvider
04-09 17:27:08.779  3077  3077 I cast_shell: [3080:3080:INFO:update_engine_client_with_ipc.cc(343)] Using IPC UpdateEngineClient
04-09 17:27:08.779  3077  3077 I cast_shell: [3080:3088:INFO:parent_tracker.cc(90)] [PII](526E01C641239844DA8F41CB6ACF4883) has hash 4066135220, root wait is 0.532791 s
04-09 17:27:08.779  3077  3077 I cast_shell: [3080:3088:INFO:parent_tracker.cc(120)] Can't use IPv4
04-09 17:27:08.779  3077  3077 I cast_shell: [3080:3088:INFO:parent_tracker.cc(124)] Can't use IPv6
04-09 17:27:08.779  3077  3077 I cast_shell: [3080:3088:ERROR:parent_tracker.cc(125)] No valid interface for multicast
04-09 17:27:08.779  3077  3077 I cast_shell: [3080:3088:INFO:directory_service_impl.cc(168)] Boot count is now 1
04-09 17:27:08.779  3077  3077 I cast_shell: [3080:3088:ERROR:socket_posix.cc(148)] bind() failed: Address already in use (98)
04-09 17:27:08.779  3077  3077 I cast_shell: [3080:3088:ERROR:tcp_listener.cc(64)] Listen failed: net::ERR_ADDRESS_IN_USE : 0.0.0.0:10101
04-09 17:27:08.779  3077  3077 I cast_shell: [3080:3088:ERROR:directory_service_impl.cc(213)] TCP listener error: -1
04-09 17:27:08.782  3077  3077 I cast_shell: [3080:3080:INFO:chromecast_service_client_default.cc(75)] System updater is supported, and this is first setup.
04-09 17:27:08.782  3077  3077 I cast_shell: [3080:3080:INFO:managed_mode_service.cc(345)] Starting in managed mode: 0
04-09 17:27:08.782  3077  3077 I cast_shell: [3080:3080:INFO:platform_client_auth_creds.cc(114)] Loaded client certificate. Key len = 2048 bits. Chain len = 2 (source FROM_CERT).
04-09 17:27:08.784  3077  3077 I cast_shell: [3080:3080:INFO:grpc_manager_impl.cc(245)] Registered service chromecast.LocalCloudcastService
04-09 17:27:08.784  3077  3077 I cast_shell: [3080:3080:INFO:grpc_manager_impl.cc(262)] Registered a handler ExecuteActionScript for service chromecast.LocalCloudcastService
04-09 17:27:08.784  3077  3077 I cast_shell: [3080:3080:INFO:grpc_manager_impl.cc(262)] Registered a handler ObserveDeviceStatus for service chromecast.LocalCloudcastService
04-09 17:27:08.784  3077  3077 I cast_shell: [3080:3080:INFO:grpc_manager_impl.cc(262)] Registered a handler GetDeviceStatus for service chromecast.LocalCloudcastService
04-09 17:27:08.785  3077  3077 I cast_shell: [3080:3080:INFO:grpc_manager_impl.cc(505)] GRPC[uri=[::]:0]: num_pending_calls=0, num_active_handlers=0, num_free_handlers=0
04-09 17:27:08.785  3077  3077 I cast_shell: [3080:3080:INFO:cast_power_manager_provider.cc(26)] Creating DummyCastPowerManagerProvider
04-09 17:27:08.785  3077  3077 I cast_shell: [3080:3080:INFO:cast_power_manager_provider.cc(26)] Creating DummyCastPowerManagerProvider
04-09 17:27:08.785  3077  3077 I cast_shell: [3080:3080:INFO:gcm_manager.cc(140)] GCM Dir = /data/chrome/gcm
04-09 17:27:08.786  3077  3077 I cast_shell: [3080:3080:INFO:gcm_manager.cc(258)] Enabling GCM Driver
04-09 17:27:08.786  3077  3077 I cast_shell: [3080:3080:INFO:grpc_manager_impl.cc(505)] GRPC[uri=]: num_pending_calls=0, num_active_handlers=0, num_free_handlers=0
04-09 17:27:08.787  3077  3077 I cast_shell: [3080:3080:INFO:lycra_gcm.cc(117)] Deferring GCM registration until connectivity is up.
04-09 17:27:08.846  3077  3077 I cast_shell: [3080:3080:WARNING:cloud_settings_manager.cc(513)] Cannot initialize device settings config: /data/chrome/cloud_settings/cloud_settings.prefs, pref_error=6
04-09 17:27:08.847  3077  3077 I cast_shell: [3080:3080:INFO:cloud_settings_manager.cc(195)] Cloud settings is disabled.
04-09 17:27:08.847  3077  3077 I cast_shell: [3080:3080:INFO:pref_metrics_manager.cc(66)] PrefMetricsManager started.
04-09 17:27:08.848  3077  3077 I cast_shell: [3080:3080:INFO:pref_control_service_impl.cc(142)] Loading prefs from /data/chrome/pref_control/pref_control.prefs
04-09 17:27:08.848  3077  3077 I cast_shell: [3080:3080:INFO:pref_control_service_impl.cc(602)] Registering pref Pref [Name:motion_sensing_pref,RestoreValue:1,ForceEnableParent:1,Value:1,Optin:1]
04-09 17:27:08.848  3077  3077 I cast_shell: [3080:3080:INFO:pref_control_service_impl.cc(602)] Registering pref Pref [Name:sleep_sensing_pref,RestoreValue:0,ForceEnableParent:1,Value:1,Optin:0]
04-09 17:27:08.848  3077  3077 I cast_shell: [3080:3080:INFO:pref_control_service_impl.cc(602)] Registering pref Pref [Name:sleep_disturbance_pref,RestoreValue:1,ForceEnableParent:0,Value:1,Optin:0]
04-09 17:27:08.849  3077  3077 I cast_shell: [3080:3080:INFO:pref_control_service_impl.cc(602)] Registering pref Pref [Name:sleep_coaching_pref,RestoreValue:1,ForceEnableParent:0,Value:1,Optin:0]
04-09 17:27:08.849  3077  3077 I cast_shell: [3080:3080:INFO:pref_control_service_impl.cc(602)] Registering pref Pref [Name:gesture_sensing_pref,RestoreValue:0,ForceEnableParent:1,Value:1,Optin:0]
04-09 17:27:08.849  3077  3077 I cast_shell: [3080:3080:INFO:pref_control_service_impl.cc(602)] Registering pref Pref [Name:play_and_pause_gesture_pref,RestoreValue:1,ForceEnableParent:0,Value:1,Optin:0]
04-09 17:27:08.849  3077  3077 I cast_shell: [3080:3080:INFO:pref_control_service_impl.cc(602)] Registering pref Pref [Name:snooze_alarm_gesture_pref,RestoreValue:1,ForceEnableParent:0,Value:1,Optin:0]
04-09 17:27:08.849  3077  3077 I cast_shell: [3080:3080:INFO:pref_control_service_impl.cc(602)] Registering pref Pref [Name:stop_timers_gesture_pref,RestoreValue:1,ForceEnableParent:0,Value:1,Optin:0]
04-09 17:27:08.849  3077  3077 I cast_shell: [3080:3080:INFO:pref_metrics_manager.cc(94)] Adding motion_sensing_pref to PrefMetricsManager.
04-09 17:27:08.849  3077  3077 I cast_shell: [3080:3080:INFO:pref_metrics_manager.cc(94)] Adding sleep_sensing_pref to PrefMetricsManager.
04-09 17:27:08.849  3077  3077 I cast_shell: [3080:3080:INFO:pref_metrics_manager.cc(94)] Adding sleep_disturbance_pref to PrefMetricsManager.
04-09 17:27:08.850  3077  3077 I cast_shell: [3080:3080:INFO:pref_metrics_manager.cc(94)] Adding sleep_coaching_pref to PrefMetricsManager.
04-09 17:27:08.850  3077  3077 I cast_shell: [3080:3080:INFO:pref_metrics_manager.cc(94)] Adding gesture_sensing_pref to PrefMetricsManager.
04-09 17:27:08.850  3077  3077 I cast_shell: [3080:3080:INFO:pref_metrics_manager.cc(94)] Adding play_and_pause_gesture_pref to PrefMetricsManager.
04-09 17:27:08.850  3077  3077 I cast_shell: [3080:3080:INFO:pref_metrics_manager.cc(94)] Adding snooze_alarm_gesture_pref to PrefMetricsManager.
04-09 17:27:08.850  3077  3077 I cast_shell: [3080:3080:INFO:pref_metrics_manager.cc(94)] Adding stop_timers_gesture_pref to PrefMetricsManager.
04-09 17:27:08.850  3077  3077 I cast_shell: [3080:3080:INFO:pref_control_service_impl.cc(107)] PrefControlService constructed.
04-09 17:27:08.850  3077  3077 I cast_shell: [3080:3080:INFO:grpc_manager_impl.cc(245)] Registered service chromecast.grpc_discovery.GrpcDiscoveryService
04-09 17:27:08.850  3077  3077 I cast_shell: [3080:3080:INFO:grpc_manager_impl.cc(262)] Registered a handler GetServiceInfo for service chromecast.grpc_discovery.GrpcDiscoveryService
04-09 17:27:08.851  3077  3077 I cast_shell: [3080:3080:INFO:grpc_manager_impl.cc(505)] GRPC[uri=unix:/tmp/hcp_ipc_auth.socket]: num_pending_calls=0, num_active_handlers=0, num_free_handlers=0
04-09 17:27:08.852  3077  3077 I cast_shell: [3080:3115:INFO:common_time.cc(128)] New common clock leader 526E01C641239844DA8F41CB6ACF4883, is_this_device = 1, IP = [::1]:10006, quality = 0
04-09 17:27:08.852  3077  3077 I cast_shell: [3080:3115:INFO:common_time.cc(158)] Set this device as common time source
04-09 17:27:08.852  3077  3077 I cast_shell: [3080:3080:INFO:grpc_manager_impl.cc(245)] Registered service usonia.ipc.Auth
04-09 17:27:08.852  3077  3077 I cast_shell: [3080:3080:INFO:grpc_manager_impl.cc(262)] Registered a handler Sign for service usonia.ipc.Auth
04-09 17:27:08.853  3077  3077 I cast_shell: [3080:3080:INFO:grpc_manager_impl.cc(262)] Registered a handler Verify for service usonia.ipc.Auth
04-09 17:27:08.853  3077  3077 I cast_shell: [3080:3080:INFO:grpc_manager_impl.cc(262)] Registered a handler AuthReady for service usonia.ipc.Auth
04-09 17:27:08.853  3077  3077 I cast_shell: [3080:3080:INFO:grpc_manager_impl.cc(245)] Registered service usonia.ipc.DistributedServiceDiscovery
04-09 17:27:08.853  3077  3077 I cast_shell: [3080:3080:INFO:grpc_manager_impl.cc(262)] Registered a handler UpdateServiceObservers for service usonia.ipc.DistributedServiceDiscovery
04-09 17:27:08.853  3077  3077 I cast_shell: [3080:3080:INFO:grpc_manager_impl.cc(262)] Registered a handler FetchAllPeerAddressList for service usonia.ipc.DistributedServiceDiscovery
04-09 17:27:08.853  3077  3077 I cast_shell: [3080:3080:INFO:grpc_manager_impl.cc(262)] Registered a handler ResolvePeerAddress for service usonia.ipc.DistributedServiceDiscovery
04-09 17:27:08.853  3077  3077 I cast_shell: [3080:3080:INFO:grpc_manager_impl.cc(262)] Registered a handler AddService for service usonia.ipc.DistributedServiceDiscovery
04-09 17:27:08.853  3077  3077 I cast_shell: [3080:3080:INFO:grpc_manager_impl.cc(262)] Registered a handler IsServiceAllowed for service usonia.ipc.DistributedServiceDiscovery
04-09 17:27:08.853  3077  3077 I cast_shell: [3080:3080:INFO:grpc_manager_impl.cc(245)] Registered service usonia.ipc.LeaderElector
04-09 17:27:08.853  3077  3077 I cast_shell: [3080:3080:INFO:grpc_manager_impl.cc(262)] Registered a handler LeaderElection for service usonia.ipc.LeaderElector
04-09 17:27:08.854  3077  3077 I cast_shell: [3080:3080:INFO:grpc_manager_impl.cc(245)] Registered service usonia.ipc.TimeSynchronizer
04-09 17:27:08.854  3077  3077 I cast_shell: [3080:3080:INFO:grpc_manager_impl.cc(262)] Registered a handler ObserveCommonTime for service usonia.ipc.TimeSynchronizer
04-09 17:27:08.856  3077  3077 I cast_shell: [3080:3080:INFO:remote_ducking_receiver.cc(183)] remote ducking: starting receiver.
04-09 17:27:08.857  3077  3077 I cast_shell: [3080:3080:INFO:grpc_manager_impl.cc(505)] GRPC[uri=unix:/tmp/modular_updater/modular_update_service]: num_pending_calls=0, num_active_handlers=0, num_free_handlers=0
04-09 17:27:08.857  3077  3077 I cast_shell: [3080:3080:INFO:cast_power_manager_provider.cc(26)] Creating DummyCastPowerManagerProvider
04-09 17:27:08.864  3077  3077 I cast_shell: [3080:3080:INFO:timezone_settings.cc(288)] Setting system timezone to America/Los_Angeles
04-09 17:27:08.864  3077  3077 I cast_shell: [3080:3080:INFO:daily_reboot_impl.cc(172)] Daily reboot is disabled
04-09 17:27:08.865  3077  3077 I cast_shell: [3080:3080:INFO:api_reboot.cc(321)] active_activities count=1
04-09 17:27:08.865  3077  3077 I cast_shell: [3080:3090:INFO:gamma_utils.cc(31)] Gamma calibration file is not present, use default LUT
04-09 17:27:08.866  3077  3077 I cast_shell: [3080:3080:INFO:cast_power_manager_provider.cc(26)] Creating DummyCastPowerManagerProvider
04-09 17:27:08.866  3077  3077 I chatty  : uid=1000(chrome) /bin/logwrapper identical 1 line
04-09 17:27:08.866  3077  3077 I cast_shell: [3080:3080:INFO:cast_power_manager_provider.cc(26)] Creating DummyCastPowerManagerProvider
04-09 17:27:08.869  3077  3077 I cast_shell: [3080:3090:INFO:tuning_manager.cc(118)] No file found at /etc/cast_audio.json
04-09 17:27:08.869  3077  3077 I cast_shell: [3080:3090:INFO:tuning_manager.cc(130)] No file found at /etc/cast_audio.json
04-09 17:27:08.869  3077  3077 I cast_shell: [3080:3080:INFO:setup_api_registry.cc(192)] Register external API: audio/delete_config
04-09 17:27:08.869  3077  3077 I cast_shell: [3080:3080:INFO:setup_api_registry.cc(192)] Register external API: audio/get_avail_processors
04-09 17:27:08.869  3077  3077 I cast_shell: [3080:3080:INFO:setup_api_registry.cc(192)] Register external API: audio/get_config
04-09 17:27:08.869  3077  3077 I cast_shell: [3080:3080:INFO:setup_api_registry.cc(192)] Register external API: audio/get_default_config
04-09 17:27:08.870  3077  3077 I cast_shell: [3080:3080:INFO:setup_api_registry.cc(192)] Register external API: audio/set_params
04-09 17:27:08.870  3077  3077 I cast_shell: [3080:3080:INFO:setup_api_registry.cc(192)] Register external API: audio/set_config
04-09 17:27:08.870  3077  3077 I cast_shell: [3080:3080:INFO:setup_api_registry.cc(192)] Register external API: user_eq/set_equalizer
04-09 17:27:08.870  3077  3077 I cast_shell: [3080:3080:INFO:capture_service_dummy.cc(11)] Dummy CaptureService.
04-09 17:27:08.874  3077  3077 I cast_shell: [3080:3080:INFO:setup_api_registry.cc(192)] Register external API: auto_media_volume
04-09 17:27:08.875  3077  3077 I cast_shell: [3080:3080:INFO:cast_thread_health_check.cc(53)] Receiver health check timeout: 15 seconds.
04-09 17:27:08.876  3077  3077 I cast_shell: [3080:3080:INFO:file_util.cc(28)] base_assistant_dir = /data/chrome
04-09 17:27:08.876  3077  3077 I cast_shell: [3080:3080:INFO:chromecast_service.cc(2189)] Geolocation changed to: 0
04-09 17:27:08.876  3077  3077 I cast_shell: [3080:3080:INFO:chromecast_service.cc(2229)] AoGH feature is: 0
04-09 17:27:08.876  3077  3077 I cast_shell: [3080:3080:INFO:chromecast_service.cc(2248)] Playback disruption feature is: 0
04-09 17:27:08.881  3077  3077 I cast_shell: [3080:3080:INFO:metrics_recorder.cc(112)] Metrics stat: total=0
04-09 17:27:08.882  3077  3077 I cast_shell: [3080:3103:INFO:media_manager_impl.cc(1043)] New device volume control type: new_type=1, old_type=0
04-09 17:27:08.882  3077  3077 I cast_shell: [3080:3103:INFO:media_manager_impl.cc(1066)] New device volume step interval: new_interval=0.02, old_interval=0
04-09 17:27:08.882  3077  3077 I cast_shell: [3080:3103:ERROR:media_manager_impl.cc(1294)] GetScreenResolution failed.
04-09 17:27:08.882  3077  3077 I cast_shell: [3080:3103:INFO:media_manager_impl.cc(343)] Media manager is initialized.
04-09 17:27:08.882  3077  3077 I cast_shell: [3080:3080:INFO:media_manager_impl.cc(269)] IsHdmiPlatform: 0
04-09 17:27:08.884  3077  3077 I cast_shell: [3080:3080:INFO:hds_settings.cc(136)] HdsSettings using HDS url https://preprod-home-devices.sandbox.google.com/
04-09 17:27:08.885  3077  3077 I cast_shell: [3080:3080:INFO:client_auth_creds.cc(173)] Device cert: 4D8AC5B9056A76852E4F FA:8F:CA:87:13:D1
04-09 17:27:08.885  3077  3077 I cast_shell: [3080:3080:INFO:client_auth_creds.cc(182)] Intermediate cert: LSB
04-09 17:27:08.885  3077  3077 I cast_shell: [3080:3080:INFO:client_auth_creds.cc(182)] Intermediate cert: Amlogic GVA Manufacturer Cert
04-09 17:27:08.885  3077  3077 I cast_shell: [3080:3080:INFO:client_auth_creds.cc(226)] Imported client auth cert.
04-09 17:27:08.886  3077  3077 I cast_shell: [3080:3080:INFO:client_auth_creds.cc(237)] Imported client auth private key
04-09 17:27:08.886  3077  3077 I cast_shell: [3080:3080:INFO:client_auth_signer.cc(155)] Created singleton instance of ClientAuthSigner.
04-09 17:27:08.886  3077  3077 I cast_shell: [3080:3080:INFO:client_auth_manager.cc(119)] Storing the certificate first used by the device.
04-09 17:27:08.918  3077  3077 I cast_shell: [3080:3080:WARNING:application_config_manager_impl.cc(253)] Cannot read application config file: /fakeapp.conf
04-09 17:27:08.919  3077  3077 I cast_shell: [3080:3080:INFO:application_manager_impl.cc(398)] Application manager is initialized.
04-09 17:27:08.919  3077  3077 I cast_shell: [3080:3080:INFO:mdns_cast_service.cc(156)] Device discovery state is idle
04-09 17:27:08.919  3077  3077 I cast_shell: [3080:3080:INFO:mdns_manager_impl.cc(177)] MdnsManager is initialized
04-09 17:27:08.920  3077  3077 I cast_shell: [3080:3128:INFO:mdns_app_filter.cc(573)] MdnsAppFilter initialized
04-09 17:27:08.920  3077  3077 I cast_shell: [3080:3129:INFO:v2_transport.cc(458)] Added Cast V2 endpoint: id=Tr@n$p0rt-0, socket_factory_id=[PII](*)
04-09 17:27:08.920  3077  3077 I cast_shell: [3080:3129:INFO:endpoint_with_namespace_handler.cc(103)] Added a namespace handler: local_id=Tr@n$p0rt-0, namespace=urn:x-cast:com.google.cast.tp.connection
04-09 17:27:08.920  3077  3077 I cast_shell: [3080:3129:INFO:endpoint_with_namespace_handler.cc(103)] Added a namespace handler: local_id=Tr@n$p0rt-0, namespace=urn:x-cast:com.google.cast.tp.heartbeat
04-09 17:27:08.920  3077  3077 I cast_shell: [3080:3129:INFO:endpoint_with_namespace_handler.cc(103)] Added a namespace handler: local_id=Tr@n$p0rt-0, namespace=urn:x-cast:com.google.cast.tp.deviceauth
04-09 17:27:08.921  3077  3077 I cast_shell: [3080:3080:INFO:config_downloader.cc(239)] Set config periodic interval: min=300, max=420
04-09 17:27:08.921  3077  3077 I cast_shell: [3080:3129:INFO:v2_transport.cc(335)] V2Transport initialized.
04-09 17:27:08.921  3077  3077 I cast_shell: [3080:3080:INFO:crl_downloader.cc(274)] Set CRL periodic interval: min=2160, max=2880
04-09 17:27:08.921  3077  3077 I cast_shell: [3080:3080:INFO:hds_broker_impl.cc(121)] HDS type registered type.googleapis.com/home.hds.proto.device.relayedcasting.RelayedCastingPleaseConnectRequest
04-09 17:27:08.921  3077  3077 I cast_shell: [3080:3129:INFO:v2_transport.cc(411)] Added socket factory: id=domain-socket@/tmp/cast-control
04-09 17:27:08.921  3077  3077 I cast_shell: [3080:3129:INFO:v2_transport.cc(411)] Added socket factory: id=opencast-socket
04-09 17:27:08.921  3077  3077 I cast_shell: [3080:3080:INFO:mdns_util.cc(102)] Defaulting mDNS capabilities for audio-only build
04-09 17:27:08.921  3077  3077 I cast_shell: [3080:3080:INFO:virtual_device_manager.cc(138)] Added virtual device: id=[PII](eafb811e-dccb-3b89-53d1-1e4d4b49d57a)
04-09 17:27:08.922  3077  3077 I cast_shell: [3080:3080:INFO:ccs_manager_impl.cc(522)] Added CCS device
04-09 17:27:08.922  3077  3077 I cast_shell: [3080:3080:INFO:ccs_manager_impl.cc(523)] [PII] device_id=526E01C641239844DA8F41CB6ACF4883
04-09 17:27:08.922  3077  3077 I cast_shell: [3080:3080:INFO:ccs_manager_impl.cc(838)] Device model revision set to 0
04-09 17:27:08.923  3077  3077 I cast_shell: [3080:3128:INFO:discovered_service_client.cc(102)] Registering new service PTR listener: _googlerpc._tcp.local
04-09 17:27:08.923  3077  3077 I cast_shell: [3080:3129:INFO:v2_transport.cc(458)] Added Cast V2 endpoint: id=receiver-eafb811e-dccb-3b89-53d1-1e4d4b49d57a, socket_factory_id=[PII](eafb811e-dccb-3b89-53d1-1e4d4b49d57a)
04-09 17:27:08.923  3077  3077 I cast_shell: [3080:3129:INFO:endpoint_with_namespace_handler.cc(103)] Added a namespace handler: local_id=receiver-eafb811e-dccb-3b89-53d1-1e4d4b49d57a, namespace=urn:x-cast:com.google.cast.receiver
04-09 17:27:08.923  3077  3077 I cast_shell: [3080:3090:INFO:hotspot_controller_netmgr.cc(134)] Hotspot socket initialized: /dev/socket/net_mgr
04-09 17:27:08.923  3077  3077 I cast_shell: [3080:3090:INFO:hotspot_manager.cc(103)] Stop zombie hotspot if there is one
04-09 17:27:08.923  3077  3077 I cast_shell: [3080:3129:INFO:endpoint_with_namespace_handler.cc(103)] Added a namespace handler: local_id=receiver-eafb811e-dccb-3b89-53d1-1e4d4b49d57a, namespace=urn:x-cast:com.google.cast.receiver.discovery
04-09 17:27:08.924  3077  3077 I cast_shell: [3080:3129:INFO:endpoint_with_namespace_handler.cc(103)] Added a namespace handler: local_id=receiver-eafb811e-dccb-3b89-53d1-1e4d4b49d57a, namespace=urn:x-cast:com.google.cast.receiver.debug
04-09 17:27:08.924  3077  3077 I cast_shell: [3080:3129:INFO:v2_transport.cc(411)] Added socket factory: id=eafb811e-dccb-3b89-53d1-1e4d4b49d57a
04-09 17:27:08.924  3077  3077 I cast_shell: [3080:3129:INFO:endpoint_with_namespace_handler.cc(103)] Added a namespace handler: local_id=receiver-eafb811e-dccb-3b89-53d1-1e4d4b49d57a, namespace=urn:x-cast:com.google.cast.receiver.key_exchange
04-09 17:27:08.924  3077  3077 I cast_shell: [3080:3129:INFO:endpoint_with_namespace_handler.cc(103)] Added a namespace handler: local_id=receiver-eafb811e-dccb-3b89-53d1-1e4d4b49d57a, namespace=urn:x-cast:com.google.cast.broadcast
04-09 17:27:08.924  3077  3077 I cast_shell: [3080:3129:INFO:endpoint_with_namespace_handler.cc(103)] Added a namespace handler: local_id=receiver-eafb811e-dccb-3b89-53d1-1e4d4b49d57a, namespace=urn:x-cast:com.google.cast.proximity
04-09 17:27:08.926  3077  3077 I cast_shell: [3080:3080:INFO:locale_manager.cc(329)] Use factory country code: 00
04-09 17:27:08.926  3077  3077 I cast_shell: [3080:3080:INFO:locale_manager.cc(639)] New country code: 00
04-09 17:27:08.935  2711  2711 I wpa_supplicant: wlan0: CTRL-EVENT-REGDOM-CHANGE init=CORE type=WORLD
04-09 17:27:08.936  3077  3077 I cast_shell: [3080:3080:INFO:mdns_util.cc(102)] Defaulting mDNS capabilities for audio-only build
04-09 17:27:08.936  3077  3077 I cast_shell: [3080:3080:INFO:api_reboot.cc(321)] active_activities count=1
04-09 17:27:08.936  3077  3077 I cast_shell: [3080:3131:INFO:multizone_manager.cc(539)] Dynamic groups are enabled
04-09 17:27:08.936  3077  3077 I cast_shell: [3080:3080:INFO:setup_api_registry.cc(192)] Register external API: reboot
04-09 17:27:08.936  3077  3077 I cast_shell: [3080:3080:WARNING:cast_crypto_keys_openssl_shlib.cc(70)] No valid ESN read.
04-09 17:27:08.936  3077  3077 I cast_shell: [3080:3080:WARNING:cast_crypto_keys_openssl_shlib.cc(83)] Invalid or no DKE value read.
04-09 17:27:08.938  2712  2724 I yani_server: NetLink Event '-1' Interface-Index '5' WLAN '-1' Ethernet '-1' Parsed-iFill '-1' -> 'INVALID' ifIndex '1' -> 'lo'
04-09 17:27:08.945  2712  2724 I yani_server: NetLink Event '-1' Interface-Index '5' WLAN '0' Ethernet '-1' Parsed-iFill '-1' -> 'INVALID' ifIndex '1' -> 'lo'
04-09 17:27:08.958  2735  2813 I bluetoothtbd: [0409/045708.958604:INFO:gatt_api.cc(1005)] GATT_Register
04-09 17:27:08.958  2735  2813 I bluetoothtbd: [0409/045708.958830:INFO:gatt_api.cc(1028)] allocated gatt_if=4
04-09 17:27:08.964  2735  2813 E bt_btif : register application first_unuse rcb_idx = 0
04-09 17:27:08.964  2735  2813 I bluetoothtbd: [0409/045708.964502:INFO:gatt_api.cc(1005)] GATT_Register
04-09 17:27:08.964  2735  2813 I bluetoothtbd: [0409/045708.964627:INFO:gatt_api.cc(1028)] allocated gatt_if=5
04-09 17:27:08.971  2735  2813 I bluetoothtbd: [0409/045708.971100:INFO:gatt_api.cc(1005)] GATT_Register
04-09 17:27:08.971  2735  2813 I bluetoothtbd: [0409/045708.971251:INFO:gatt_api.cc(1028)] allocated gatt_if=6
04-09 17:27:08.973  2735  2766 I bluetoothtbd: [0409/045708.973245:INFO:adapter.cc(551)] Adapter properties changed
04-09 17:27:08.973  2735  2766 I bluetoothtbd: [0409/045708.973404:INFO:adapter.cc(573)] Adapter name changed
04-09 17:27:08.973  3077  3077 I cast_shell: [3080:3080:INFO:input_manager_impl.cc(284)] RegisterInput: device_id: cast, type: 0, state: 0
04-09 17:27:08.974  3077  3077 I cast_shell: [3080:3080:INFO:input_manager_impl.cc(308)] NotifyInputConnect: device_id: cast, sample_rate: 0, num_channels: 0
04-09 17:27:08.974  3077  3077 I cast_shell: [3080:3080:INFO:input_manager_impl.cc(370)] SetActiveInput: cast
04-09 17:27:08.974  2735  2766 I bluetoothtbd: [0409/045708.974130:INFO:adapter.cc(551)] Adapter properties changed
04-09 17:27:08.974  3077  3077 I cast_shell: [3080:3080:INFO:bluetooth_setup.cc(690)] Disabling connectability.
04-09 17:27:08.975  3077  3077 I cast_shell: [3080:3129:INFO:endpoint_with_namespace_handler.cc(103)] Added a namespace handler: local_id=receiver-eafb811e-dccb-3b89-53d1-1e4d4b49d57a, namespace=urn:x-cast:com.google.cast.audio.input
04-09 17:27:08.975  2735  2766 I bluetoothtbd: [0409/045708.975150:INFO:adapter.cc(551)] Adapter properties changed
04-09 17:27:08.975  2735  2766 I bluetoothtbd: [0409/045708.975325:INFO:adapter.cc(551)] Adapter properties changed
04-09 17:27:08.975  3077  3077 I cast_shell: [3080:3129:INFO:endpoint_with_namespace_handler.cc(103)] Added a namespace handler: local_id=receiver-eafb811e-dccb-3b89-53d1-1e4d4b49d57a, namespace=urn:x-cast:com.google.cast.assistant
04-09 17:27:08.976  3077  3077 I cast_shell: [3080:3118:INFO:gatt_client_manager_impl.cc(202)] Enabling GATT client connectability
04-09 17:27:08.976  3077  3077 I cast_shell: [3080:3118:INFO:setup_api_registry.cc(192)] Register external API: input/status
04-09 17:27:08.976  3077  3077 I cast_shell: [3080:3129:INFO:endpoint_with_namespace_handler.cc(103)] Added a namespace handler: local_id=receiver-eafb811e-dccb-3b89-53d1-1e4d4b49d57a, namespace=urn:x-cast:com.google.cast.companionauth
04-09 17:27:08.976  3077  3077 I cast_shell: [3080:3118:INFO:setup_api_registry.cc(192)] Register external API: input/set_active
04-09 17:27:08.976  3077  3077 I cast_shell: [3080:3118:INFO:setup_api_registry.cc(192)] Register external API: input/debug_register
04-09 17:27:08.976  3077  3077 I cast_shell: [3080:3118:INFO:setup_api_registry.cc(192)] Register external API: input/debug_connect
04-09 17:27:08.976  3077  3077 I cast_shell: [3080:3129:INFO:endpoint_with_namespace_handler.cc(103)] Added a namespace handler: local_id=receiver-eafb811e-dccb-3b89-53d1-1e4d4b49d57a, namespace=urn:x-cast:com.google.cast.companion
04-09 17:27:08.976  3077  3077 I cast_shell: [3080:3118:INFO:setup_api_registry.cc(192)] Register external API: input/debug_disconnect
04-09 17:27:08.976  3077  3077 I cast_shell: [3080:3129:INFO:endpoint_with_namespace_handler.cc(103)] Added a namespace handler: local_id=receiver-eafb811e-dccb-3b89-53d1-1e4d4b49d57a, namespace=urn:x-cast:com.google.cast.timesync
04-09 17:27:08.977  2735  2766 I bluetoothtbd: [0409/045708.977259:INFO:adapter.cc(551)] Adapter properties changed
04-09 17:27:08.977  3077  3077 I cast_shell: [3080:3118:INFO:bluetooth_manager.cc(115)] Record action: Cast.Bluetooth.DiscoveryMode.Disable
04-09 17:27:08.978  2735  2813 I bluetoothtbd: [0409/045708.977956:INFO:btif_ble_advertiser.cc(90)] RegisterAdvertiserCb status: 0 , adveriser_id: 0
04-09 17:27:08.979  2735  2766 I bluetoothtbd: [0409/045708.979447:INFO:adapter.cc(551)] Adapter properties changed
04-09 17:27:08.979  2735  2766 I bluetoothtbd: [0409/045708.979570:INFO:adapter.cc(573)] Adapter name changed
04-09 17:27:08.979  3077  3077 I cast_shell: [3080:3118:INFO:bluetooth_manager.cc(1232)] [PII] Set device name to 'LSB0130'
04-09 17:27:08.979  3077  3077 I cast_shell: [3080:3118:INFO:wifi_proximity.cc(177)] Request scan.
04-09 17:27:08.980  3077  3077 I cast_shell: [3080:3080:INFO:robot_account_auth_manager.cc(295)] No backend type specified. Getting COS URL based on the build type instead.
04-09 17:27:08.980  3077  3077 I cast_shell: [3080:3080:WARNING:robot_account_auth_manager.cc(463)] Failed to initialize JWT for 38579375
04-09 17:27:08.980  3077  3077 I cast_shell: [3080:3080:INFO:queryable_data_registrar.cc(52)] Registering queryable data for managed mode as: 0
04-09 17:27:08.980  3077  3077 I cast_shell: [3080:3080:INFO:queryable_data_registrar.cc(59)] Registering enable_hls_sample_aes=1
04-09 17:27:08.980  3077  3077 I cast_shell: [3080:3080:INFO:queryable_data_registrar.cc(64)] Registering hls_sample_aes_init_segment
04-09 17:27:08.980  3077  3077 I cast_shell: [3080:3080:INFO:queryable_data_registrar.cc(70)] Registering visual-punt-on-platform-supported
04-09 17:27:08.980  3077  3077 I cast_shell: [3080:3080:INFO:hds_broker_impl.cc(121)] HDS type registered type.googleapis.com/home.hds.proto.device.cast.ManagedModeCommandRequest
04-09 17:27:08.981  3077  3077 I cast_shell: [3080:3080:INFO:grpc_manager_impl.cc(245)] Registered service chromecast.modular_update.ModularUpdateService
04-09 17:27:08.981  3077  3077 I cast_shell: [3080:3080:INFO:grpc_manager_impl.cc(262)] Registered a handler GetCastInfo for service chromecast.modular_update.ModularUpdateService
04-09 17:27:08.981  3077  3077 I cast_shell: [3080:3080:INFO:grpc_manager_impl.cc(262)] Registered a handler SendHttpRequest for service chromecast.modular_update.ModularUpdateService
04-09 17:27:08.981  3077  3077 I cast_shell: [3080:3080:INFO:grpc_manager_impl.cc(262)] Registered a handler SynchronousUpdateProgress for service chromecast.modular_update.ModularUpdateService
04-09 17:27:08.981  3077  3077 I cast_shell: [3080:3080:INFO:grpc_manager_impl.cc(262)] Registered a handler ReportInstalledManifestVersion for service chromecast.modular_update.ModularUpdateService
04-09 17:27:08.981  3077  3077 I cast_shell: [3080:3080:INFO:grpc_manager_impl.cc(262)] Registered a handler ReportMetricsEvent for service chromecast.modular_update.ModularUpdateService
04-09 17:27:08.981  3077  3077 I cast_shell: [3080:3080:INFO:grpc_manager_impl.cc(262)] Registered a handler StreamHttpRequest for service chromecast.modular_update.ModularUpdateService
04-09 17:27:08.983  3077  3077 I cast_shell: E0409 04:57:08.983283094    3080 server_chttp2.cc:40]        {"created":"@1649505428.982596844","description":"No address added out of total 1 resolved","file":"../../third_party/grpc/src/src/core/ext/transport/chttp2/server/chttp2_server.cc","file_line":397,"referenced_errors":[{"created":"@1649505428.982495719","description":"Unable to configure socket","fd":152,"file":"../../third_party/grpc/src/src/core/lib/iomgr/tcp_server_utils_posix_common.cc","file_line":216,"referenced_errors":[{"created":"@1649505428.982439219","description":"No such file or directory","errno":2,"file":"../../third_party/grpc/src/src/core/lib/iomgr/tcp_server_utils_posix_common.cc","file_line":189,"os_error":"No such file or directory","syscall":"bind"}]}]}
04-09 17:27:08.983  3077  3077 I cast_shell: [3080:3080:ERROR:grpc_manager_impl.cc(311)] Could not start Grpc server.
04-09 17:27:08.984  3077  3077 I cast_shell: [3080:3097:ERROR:cast_media_shlib.cc(80)] snd_hctl_find_elem failed to find the rate offset element.
04-09 17:27:08.989  3077  3077 I cast_shell: [3080:3080:ERROR:server.cc(243)] XDG_RUNTIME_DIR not set in the environment
04-09 17:27:08.989  3077  3077 I cast_shell: [3080:3080:ERROR:wayland_server_controller.cc(27)] Wayland server creation failed
04-09 17:27:08.989  3077  3077 I cast_shell: [3080:3080:WARNING:cast_metrics_service_client.cc(134)] Empty client id from platform, assuming this is the first boot up of a new device.
04-09 17:27:08.989  3077  3077 I cast_shell: [3080:3080:INFO:cast_metrics_service_client.cc(93)] Metrics client ID set: 62f20283-8c95-42e7-8e57-2ca32f377845
04-09 17:27:08.989  3077  3077 I cast_shell: [3080:3080:INFO:device_info_impl.cc(970)] Metrics client ID: 62f20283-8c95-42e7-8e57-2ca32f377845
04-09 17:27:08.990  3077  3077 I cast_shell: [3080:3080:INFO:cast_metrics_service_client.cc(93)] Metrics client ID set: 62f20283-8c95-42e7-8e57-2ca32f377845
04-09 17:27:08.990  3077  3077 I cast_shell: [3080:3080:INFO:device_info_impl.cc(970)] Metrics client ID: 62f20283-8c95-42e7-8e57-2ca32f377845
04-09 17:27:09.001  3077  3077 I cast_shell: [3080:3086:INFO:crypto_manager.cc(75)] Creating private key: size=2048
04-09 17:27:09.001  3077  3077 I cast_shell: [3080:3129:INFO:v2_unix_domain_socket_factory.cc(84)] Cast V2 Unix domain socket is listening: path=/tmp/cast-control
04-09 17:27:09.001  3077  3077 I cast_shell: [3080:3129:ERROR:socket_posix.cc(148)] bind() failed: Address already in use (98)
04-09 17:27:09.001  3077  3077 I cast_shell: [3080:3129:INFO:v2_ssl_socket.cc(775)] IPv6 socket probably supports both IPv4 and IPv6
04-09 17:27:09.001  3077  3077 I cast_shell: [3080:3080:INFO:cast_receiver_impl.cc(828)] Cast receiver started.
04-09 17:27:09.002  3077  3077 I cast_shell: [3080:3080:WARNING:cast_receiver_impl.cc(1126)] Network is not globally connected. Don't schedule config downloading yet.
04-09 17:27:09.002  3077  3077 I cast_shell: [3080:3080:INFO:ccs_manager_impl.cc(663)] Starting cloud ipc activity with CCS
04-09 17:27:09.002  3077  3077 I cast_shell: [3080:3080:INFO:ccs_manager_impl.cc(1286)] CcsManagerImpl opt_in.cloud_ipc pref changed: 1
04-09 17:27:09.002  3077  3077 I cast_shell: [3080:3080:INFO:ccs_manager_impl.cc(1322)] Waiting for all transports to be enabled
04-09 17:27:09.002  3077  3077 I cast_shell: [3080:3080:INFO:ccs_transport_gcm.cc(94)] Deferring GCM registration until connectivity is up
04-09 17:27:09.002  3077  3077 I cast_shell: [3080:3080:INFO:multizone_manager.cc(2397)] Resuming MultizoneManager
04-09 17:27:09.003  3077  3077 I cast_shell: [3080:3142:INFO:device_info_impl.cc(895)] [PII] Hotspot BSSID from cert: FA:8F:CA:87:13:D1
04-09 17:27:09.003  2732  2742 I HotspotManager: setting interface MAC addr
04-09 17:27:09.003  3077  3077 I cast_shell: [3080:3142:INFO:hotspot_manager.cc(198)] Starting request id=1 ssid=LSB0130.d256, hidden=0
04-09 17:27:09.007  3077  3077 I cast_shell: [3080:3087:ERROR:cast_audio_input_json.cc(33)] Failed to read JSON file: /etc/cast_audio_input.json
04-09 17:27:09.007  3077  3077 I cast_shell: [3080:3087:ERROR:channel_selector_reader.cc(44)] Failed to read audio input json
04-09 17:27:09.007  3077  3077 I cast_shell: [3080:3087:INFO:auto_volume.cc(107)] Auto volume is disabled
04-09 17:27:09.012  3077  3077 I cast_shell: [3080:3080:INFO:audio_focus_manager_impl.cc(27)] use_media_starting_block: 0
04-09 17:27:09.014  3077  3077 I cast_shell: [3080:3080:INFO:grpc_auth_manager_in_process.cc(135)] Initializing Auth.
04-09 17:27:09.014  3077  3077 I cast_shell: [3080:3080:INFO:grpc_manager_impl.cc(505)] GRPC[uri=[::]:8012]: num_pending_calls=0, num_active_handlers=0, num_free_handlers=0
04-09 17:27:09.018  3077  3077 I cast_shell: [3080:3080:INFO:grpc_manager_impl.cc(317)] Grpc server started in port 8012
04-09 17:27:09.018  3077  3077 I cast_shell: [3080:3128:INFO:mdns_app_filter.cc(1605)] Re-probing due to newly registered service '1': _googlerpc
04-09 17:27:09.018  3077  3077 I cast_shell: [3080:3080:INFO:ccs_manager_impl.cc(851)] Network connectivity down for CcsManager
04-09 17:27:09.022  3077  3077 I cast_shell: [3080:3099:INFO:cast_auth_api_adaptor.cc(82)] CastAuth: init with library: libcast_auth.so
04-09 17:27:09.022  3077  3077 I cast_shell: [3080:3099:INFO:cast_auth_api_adaptor.cc(93)] CastAuth: common module initialization successful.
04-09 17:27:09.022  3077  3077 I cast_shell: [3080:3099:INFO:cast_auth_api_adaptor.cc(98)] CastAuth: model-based module initialization successful.
04-09 17:27:09.033  3077  3077 I cast_shell: [3080:3118:INFO:ble_setup.cc(789)] Missing required info for sign.
04-09 17:27:09.033  3077  3077 I cast_shell: [3080:3080:INFO:mdns_manager_impl.cc(468)] Setting new conflict callback
04-09 17:27:09.033  3077  3077 I cast_shell: [3080:3080:INFO:mdns_util.cc(102)] Defaulting mDNS capabilities for audio-only build
04-09 17:27:09.034  3077  3077 I cast_shell: [3080:3080:INFO:virtual_device_manager.cc(247)] Virtual device [PII](eafb811e-dccb-3b89-53d1-1e4d4b49d57a) using Cast V2 port 8009
04-09 17:27:09.034  3077  3077 I cast_shell: [3080:3080:INFO:ccs_manager_impl.cc(1322)] Waiting for all transports to be enabled
04-09 17:27:09.035  3077  3077 I cast_shell: [3080:3128:INFO:mdns_app_filter.cc(1605)] Re-probing due to newly registered service '2': _googlecast
04-09 17:27:09.035  3077  3077 I cast_shell: [3080:3080:INFO:bluetooth_setup.cc(690)] Disabling connectability.
04-09 17:27:09.035  3077  3077 I cast_shell: [3080:3128:INFO:mdns_util.cc(102)] Defaulting mDNS capabilities for audio-only build
04-09 17:27:09.035  3077  3077 I cast_shell: [3080:3080:INFO:input_manager_impl.cc(468)] Using virtual device eafb811e-dccb-3b89-53d1-1e4d4b49d57a
04-09 17:27:09.036  3077  3077 I cast_shell: [3080:3080:INFO:metrics_recorder.cc(282)] cast event: Cast.System.Timezone.ChangeSuccessful
04-09 17:27:09.036  3077  3077 I cast_shell: [3080:3080:WARNING:channel_selector_impl.cc(113)] Cannot get selected channels from json, will use the previous value {0,1}.
04-09 17:27:09.043  3077  3077 I cast_shell: [3080:3128:INFO:mdns_util.cc(102)] Defaulting mDNS capabilities for audio-only build
04-09 17:27:09.043  3077  3077 I cast_shell: [3080:3080:INFO:mdns_manager_impl.cc(311)] Successfully registered service: type=_googlerpc
04-09 17:27:09.044  3077  3077 I cast_shell: [3080:3080:INFO:mdns_manager_impl.cc(311)] Successfully registered service: type=_googlecast
04-09 17:27:09.044  3077  3077 I cast_shell: [3080:3080:INFO:virtual_device.cc(254)] Registered mDNS service for virtual device: id=eafb811e-dccb-3b89-53d1-1e4d4b49d57a
04-09 17:27:09.071  3077  3077 I cast_shell: [3080:3080:INFO:secure_storage_impl.cc(107)] Secure storage initialized.
04-09 17:27:09.071  3077  3077 I cast_shell: [3080:3080:INFO:ccs_manager_impl.cc(851)] Network connectivity down for CcsManager
04-09 17:27:09.145  2950  2960 D wac-main: Netlink event
04-09 17:27:09.145  2950  2960 E wac-main: Netlink event 16 Interface Index 6 
04-09 17:27:09.145  2950  2960 E wac-main: p2p0 event Link Changed : 1002 
04-09 17:27:09.146  2950  2960 E wac-main: Enter poll and wait
04-09 17:27:09.146  2712  2724 I yani_kernel: yani_geteventfrom_changeaddr() Message-Id '1' Netlink event '16' Interface Index '6' -> Name 'p2p0' 
04-09 17:27:09.151  3077  3077 I cast_shell: [3080:3080:INFO:device_info_impl.cc(1094)] Primary netif changed: new=usb0, old=
04-09 17:27:09.151  3077  3077 I cast_shell: [3080:3080:INFO:device_info_impl.cc(1103)] Primary IP address changed: netif=usb0, new=192.168.10.1, old=
04-09 17:27:09.154  2732  2742 I HotspotManager: setSSID <SSID omitted> visible
04-09 17:27:09.155  2732  2742 E WifiUtil: command: "SCAN" failed: FAIL-BUSY
04-09 17:27:09.155  2732  2742 I HotspotManager: hotspot start
04-09 17:27:09.155  2732  2742 E WifiUtil: Setting interface p2p0 up.
04-09 17:27:09.155  3077  3077 I cast_shell: [system_updater_dummy.cpp(79)] Initialize
04-09 17:27:09.156  2950  2960 D wac-main: Netlink event
04-09 17:27:09.156  2950  2960 E wac-main: Netlink event 16 Interface Index 6 
04-09 17:27:09.156  2950  2960 E wac-main: p2p0 event Link Changed : 1003 
04-09 17:27:09.156  2950  2960 E wac-main: Enter poll and wait
04-09 17:27:09.158  3077  3077 I cast_shell: [system_updater_dummy.cpp(29)] system_updater_socket_create
04-09 17:27:09.158  3077  3077 I cast_shell: [3080:3087:WARNING:crl_downloader.cc(136)] CRL failed to restore.
04-09 17:27:09.163  3077  3077 I cast_shell: [3080:3118:INFO:gatt_client_manager_impl.cc(202)] Enabling GATT client connectability
04-09 17:27:09.164  3077  3077 I cast_shell: [3080:3128:INFO:mdns_app_filter.cc(1702)] MdnsAppFilter is stopping
04-09 17:27:09.164  3077  3077 I cast_shell: [3080:3128:INFO:metrics_recorder.cc(282)] cast event: Cast.Discovery.Mdns.ResponderStopped
04-09 17:27:09.164  3077  3077 I cast_shell: [3080:3128:INFO:mdns_app_filter.cc(1709)] MdnsAppFilter is stopping; closing socket: address=192.168.2.1
04-09 17:27:09.164  3077  3077 I cast_shell: [3080:3128:INFO:metrics_recorder.cc(282)] cast event: Cast.Discovery.Mdns.SocketDestroyed
04-09 17:27:09.164  3077  3077 I cast_shell: [3080:3128:INFO:mdns_app_filter.cc(1709)] MdnsAppFilter is stopping; closing socket: address=192.168.10.1
04-09 17:27:09.164  3077  3077 I cast_shell: [3080:3128:INFO:metrics_recorder.cc(282)] cast event: Cast.Discovery.Mdns.SocketDestroyed
04-09 17:27:09.164  3077  3077 I cast_shell: [3080:3080:INFO:cast_receiver_impl.cc(1612)] mDNS Discovery stopped.
04-09 17:27:09.165  3077  3077 I cast_shell: [3080:3080:INFO:cast_receiver_impl.cc(1667)] Network is globally disconnected. Refresh CcsManager
04-09 17:27:09.165  3077  3077 I cast_shell: [3080:3080:INFO:iot_auth_manager_wrapper.cc(307)] Network provider informed of disconnected network status.
04-09 17:27:09.171  2957  2976 I otamanager: OTAManager connected to CastUpdater via  /tmp/socket/system_updater
04-09 17:27:09.171  2957  2976 I otamanager: cast_updater_threadEntry socket handle 5
04-09 17:27:09.311  3077  3077 I cast_shell: [3080:3088:INFO:parent_tracker.cc(291)] [PII](526E01C641239844DA8F41CB6ACF4883) Become root
04-09 17:27:09.311  3077  3077 I cast_shell: [3080:3088:INFO:directory_service_impl.cc(200)] This device became root
04-09 17:27:09.451  2951  3004 I LibreCastControl: LibreCastControl_init() Socket Initialized
04-09 17:27:09.460  2951  3004 E LibreCastControl: PULSAR:CreateCastControlThread:18
04-09 17:27:09.460  2951  3004 E LibreCastControl: Create LibreCastLUCITimerThreadInit 
04-09 17:27:09.460  2951  3154 E LibreCastControl: PULSAR:Run:23
04-09 17:27:09.461  2951  3155 E LibreCastControl: Timer Sem Wait Start iCastPlayerstate = 0 
04-09 17:27:09.475  2692  2692 I sh      : [0409/045709.474326:INFO:cast_control_impl.cc(744)] CastControl has started running.
04-09 17:27:09.475  2692  2692 I sh      : [0409/045709.475252:INFO:cast_control_impl.cc(745)] Attempting to connect CastMessageService. socket=/tmp/cast-control
04-09 17:27:09.478  2951  3154 I LibreCastControlDelegate: OnCastStatus() +++ :0xaaf94198:STARTING
04-09 17:27:09.478  2692  2692 I sh      : [0409/045709.478175:INFO:cast_control_socket.cc(64)] Successfully connected Cast Control Socket
04-09 17:27:09.478  2951  3154 E LibreCastControlDelegate: OnCastStatus:177
04-09 17:27:09.480  2951  3154 I LibreCastControl: LibreCastControl_SetCastName()  name 'Lyric Speaker Box 21f384' RequestId '1' pCastControl 0xf4e00728
04-09 17:27:09.480  2951  3154 I LibreCastControlDelegate: Active Applications -> 0
04-09 17:27:09.480  2951  3154 I LibreCastControlDelegate: Current Cast State '1' -> 'STARTING'
04-09 17:27:09.480  2951  3154 I LibreCastControlDelegate: OnCastStatus() ---
04-09 17:27:09.480  2692  2692 I sh      : [0409/045709.480225:INFO:cast_message_service_impl.cc(185)] Sending connect message!
04-09 17:27:09.484  3077  3077 I cast_shell: [3080:3129:INFO:metrics_recorder.cc(282)] Cast v2 action(socket_id=domain-socket@/tmp/cast-control.1): CastV2.Connection.Connect.In
04-09 17:27:09.484  3077  3077 I cast_shell: [3080:3080:INFO:resource_namespace_handler.cc(307)] Setting resource provider: sender_id=domain-socket@/tmp/cast-control.1:system-0
04-09 17:27:09.485  2692  2692 I sh      : [0409/045709.485223:INFO:cast_message_service_impl.cc(1007)] CastMessageServiceImpl matched versions
04-09 17:27:09.639  2732  2742 I WifiUtil: get p2p0 channel 6 (2437MHz)
04-09 17:27:09.639  2732  2742 I HotspotManager: start hostapd at channel=6 SSID=<SSID omitted> hidden_ssid=0
04-09 17:27:09.644  3077  3077 I cast_shell: [3080:3128:INFO:metrics_recorder.cc(282)] cast event: Cast.Discovery.Mdns.SocketCreated
04-09 17:27:09.645  3077  3077 I cast_shell: [3080:3128:INFO:mdns_app_filter.cc(1254)] Created mDNS socket for interface:name=p2p1, address=192.168.2.1, index=7
04-09 17:27:09.645  3077  3077 I cast_shell: [3080:3128:INFO:metrics_recorder.cc(282)] cast event: Cast.Discovery.Mdns.SocketCreated
04-09 17:27:09.645  3077  3077 I cast_shell: [3080:3128:INFO:mdns_app_filter.cc(1254)] Created mDNS socket for interface:name=usb0, address=192.168.10.1, index=9
04-09 17:27:09.645  3077  3077 I cast_shell: [3080:3128:INFO:mdns_app_filter.cc(977)] MdnsAppFilter is starting.
04-09 17:27:09.645  3077  3077 I cast_shell: [3080:3128:INFO:metrics_recorder.cc(282)] cast event: Cast.Discovery.Mdns.ResponderStarted
04-09 17:27:09.645  3077  3077 I cast_shell: [3080:3128:INFO:discovered_service_client.cc(78)] Primary interface for service discovery has changed: ifindex=9
04-09 17:27:09.649  2950  2960 D wac-main: Netlink event
04-09 17:27:09.673  2951  3154 I LibreCastControlDelegate: Active Applications -> 0
04-09 17:27:09.673  2951  3154 I LibreCastControlDelegate: Current Cast State '2' -> 'NOT_SETUP'
04-09 17:27:09.673  2951  3154 I LibreCastControlDelegate: OnCastStatus() ---
04-09 17:27:09.677  3077  3077 I cast_shell: [3080:3131:INFO:multizone_group.cc(357)] Change name for group [PII](526E01C641239844DA8F41CB6ACF4883) to [PII](Lyric Speaker Box 21f384)
04-09 17:27:09.677  3077  3077 I cast_shell: [3080:3080:INFO:device_info_impl.cc(1133)] SSDP Config ID is increased: id=2
