04-09 16:56:43.215  3079  3079 I process_manager: [0409/042643.214539:INFO:process_manager.cc(409)] Process manager successfully started with pid 3081
04-09 16:56:43.217  3073  3073 I cast_cli: [0409/042643.217048:INFO:cast_cli.cc(433)] Process manager successfully started as daemon
04-09 16:56:43.243  3081  3081 I process_manager: [0409/042643.243217:INFO:process_manager.cc(348)] process manager initialized
04-09 16:56:43.243  3081  3081 I process_manager: [0409/042643.243790:INFO:process_manager.cc(475)] Resuming manager from a previous state
04-09 16:56:43.276  3081  3081 I process_manager: [0409/042643.276554:INFO:package_utils.cc(186)] Run update_engine: /bin/logwrapper /system/chrome/update_engine --foreground --netif-for-unique-ids=eth0 --omaha-beta-app-id={c71af7c9-fb75-4084-9bb1-6483fae36524} --omaha-prod-app-id={c71af7c9-fb75-4084-9bb1-6483fae36524} --ota-directory=/chrome/cache/ --update-engine-unix-socket-path=/tmp/socket/updater --v=4 --netif-for-unique-ids=wlan0 --ota-directory=/data/chrome/cache/
04-09 16:56:43.277  3081  3081 I process_manager: [0409/042643.277562:INFO:package_utils.cc(186)] Run crash_uploader: /bin/logwrapper /system/chrome/crash_uploader
04-09 16:56:43.281  3081  3081 I process_manager: [0409/042643.278630:INFO:package_utils.cc(186)] Run cast_shell: /bin/logwrapper /system/chrome/cast_shell --accept-resource-provider=true --alsa-enable-upsampling=false --app-config-path=/fakeapp.conf --blink-platform-log-channels=Media --cast-control-unix-socket-path=/tmp/cast-control --default-eureka-name-prefix=Google Cast Speaker --disable-dial=true --disable-images-for-app-id=*|1B11061A --enable-background-apps=false --idle-screen=false --js-flags=--trace_gc --netif-for-unique-ids=eth0 --no-daily-reboot=true --ota-directory=/chrome/cache/ --setup-support-guest-mode=0 --skip-gpu-data-loading --update-engine-unix-socket-path=/tmp/socket/updater --accept-resource-provider=true --alsa-enable-upsampling=true --alsa-output-avail-min=256 --alsa-output-buffer-size=4096 --alsa-output-period-size=512 --alsa-output-start-threshold=2048 --default-eureka-name-prefix=LSB --enable-background-apps=true --enable-hi-res-audio-support=true --enable-multizone=true --netif-for-unique-ids=wlan0 --ota-directory=/data/chrome/cache/ --setup-ssid-suffix=d256 --setup-support-guest-mode=0 --wpa-supplicant-unix-socket-path=/dev/socket/wpa_wlan0
04-09 16:56:43.302  3084  3084 I crash_uploader: [0409/042643.301613:INFO:crash_uploader.cc(45)] Starting crash uploader...
04-09 16:56:43.304  3084  3084 I crash_uploader: [0409/042643.304309:ERROR:synchronized_minidump_manager.cc(251)] Lockfile did not parse correctly. 
04-09 16:56:43.310  3083  3083 I update_engine: [0409/042643.309588:INFO:main.cc(149)] Eureka Update Engine starting
04-09 16:56:43.310  3083  3083 I update_engine: [0409/042643.310749:INFO:update_check_scheduler.cc(77)] Next update check in 2700 seconds
04-09 16:56:43.311  3083  3083 I update_engine: [0409/042643.311019:INFO:string_based_ipc_server.cc(75)] Start IPC server: /tmp/socket/updater
04-09 16:56:43.311  3083  3083 I update_engine: [0409/042643.311352:INFO:unix_stream_server_socket.cc(62)] Unix server socket is created: /tmp/socket/updater
04-09 16:56:43.511  3085  3085 I cast_shell: [3088:3088:ERROR:pref_service_helper.cc(79)] Cannot initialize chromecast config: /data/chrome/.eureka.conf, pref_error=6
04-09 16:56:43.513  3085  3085 I cast_shell: [3088:3088:WARNING:discardable_shared_memory_manager.cc(194)] Less than 64MB of free space in temporary directory for shared memory files: 32
04-09 16:56:43.526  3085  3085 I cast_shell: Fontconfig warning: "/etc/fonts/fonts.conf", line 80: unknown element "blank"
04-09 16:56:43.712  3085  3085 I cast_shell: [3088:3088:INFO:cast_system_memory_pressure_evaluator.cc(167)] AdjustMemoryFractions: critical_memory_fraction_=0.25, moderate_memory_fraction_=0.4
04-09 16:56:43.720  3085  3085 I cast_shell: [3088:3088:INFO:cast_window_manager_aura.cc(198)] Starting window manager, bounds: 0,0 1x1
04-09 16:56:43.726  3085  3085 I cast_shell: [3088:3105:ERROR:mixer_connection.cc(91)] Failed to connect to mixer service: -102
04-09 16:56:43.727  3085  3085 I cast_shell: [3088:3088:WARNING:client_auth_manager.cc(94)] Old certificate is empty.
04-09 16:56:43.729  3085  3085 I cast_shell: [3088:3088:INFO:device_info_impl.cc(135)] [PII] Weave device ID: 
04-09 16:56:43.729  3085  3085 I cast_shell: [3088:3088:INFO:device_info_impl.cc(406)] MAC address for wlan0: CC:90:93:21:F3:84
04-09 16:56:43.729  3085  3085 I cast_shell: [3088:3088:INFO:device_info_impl.cc(431)] Device model id: COTODAMA.LS10 Platform.LSB
04-09 16:56:43.729  3085  3085 I cast_shell: [3088:3088:INFO:device_info_impl.cc(466)] Control Notifications: 0
04-09 16:56:43.730  3085  3085 I cast_shell: [3088:3088:ERROR:device_info_impl.cc(145)] Cannot read file: /data/bootid
04-09 16:56:43.730  3085  3085 I cast_shell: [3088:3088:INFO:device_info_impl.cc(482)] SSDP Boot ID: 0
04-09 16:56:43.730  3085  3085 I cast_shell: [3088:3088:INFO:device_info_impl.cc(486)] SSDP Config ID: 1
04-09 16:56:43.730  3085  3085 I cast_shell: [3088:3088:WARNING:secure_storage_impl.cc(85)] Device key not available yet.
04-09 16:56:43.730  3085  3085 I cast_shell: [3088:3088:INFO:cast_power_manager_provider.cc(26)] Creating DummyCastPowerManagerProvider
04-09 16:56:43.730  3085  3085 I cast_shell: [3088:3088:WARNING:auth_provider_impl.cc(72)] No IoT client_id found on the device. If device was FDRed please ignore this warning.
04-09 16:56:43.733  3085  3085 I cast_shell: [3088:3088:INFO:file_provider_impl.cc(67)] Initialized file provider with base dir: /data/chrome/auth
04-09 16:56:43.733  3085  3085 I cast_shell: [3088:3088:INFO:cast_power_manager_provider.cc(26)] Creating DummyCastPowerManagerProvider
04-09 16:56:43.733  3085  3085 I cast_shell: [3088:3088:INFO:cast_power_manager_provider.cc(26)] Creating DummyCastPowerManagerProvider
04-09 16:56:43.733  3085  3085 I cast_shell: [3088:3088:INFO:hds_broker_impl.cc(121)] HDS type registered type.googleapis.com/home.hds.proto.device.config.RefreshConfigRequest
04-09 16:56:43.733  3085  3085 I cast_shell: [3088:3088:INFO:preload_initiator_mdns.cc(92)] Preload type: mdns
04-09 16:56:43.733  3085  3085 I cast_shell: [3088:3088:WARNING:hds_settings.cc(104)] HDS URL has not been set through command line.
04-09 16:56:43.734  3085  3085 I cast_shell: [3088:3088:WARNING:volume_map.cc(55)] No cast audio config found; using default volume map.
04-09 16:56:43.734  3085  3085 I cast_shell: [3088:3088:INFO:saved_volumes.cc(63)] No saved volumes found
04-09 16:56:43.734  3085  3085 I cast_shell: [3088:3088:INFO:saved_volumes.cc(70)] Invalid JSON from /etc/cast_audio.json
04-09 16:56:43.734  3085  3085 I cast_shell: [3088:3109:INFO:stream_mixer.cc(194)] StreamMixer
04-09 16:56:43.735  3085  3085 I cast_shell: [3088:3109:INFO:stream_mixer.cc(222)] Mixer health checker started
04-09 16:56:43.735  3085  3085 I cast_shell: [3088:3110:INFO:stream_mixer.cc(121)] Actual priority = 99, policy = 1
04-09 16:56:43.735  3085  3085 I cast_shell: [3088:3109:WARNING:post_processing_pipeline_parser.cc(65)] No post-processing config found at /etc/cast_audio.json.
04-09 16:56:43.735  3085  3085 I cast_shell: [3088:3109:WARNING:post_processing_pipeline_parser.cc(133)] No post-processor description found for "mix" in /etc/cast_audio.json. Using passthrough.
04-09 16:56:43.735  3085  3085 I cast_shell: [3088:3109:INFO:mixer_pipeline.cc(103)] 2 input channels to 'mix' group
04-09 16:56:43.735  3085  3085 I cast_shell: [3088:3109:WARNING:post_processing_pipeline_parser.cc(133)] No post-processor description found for "linearize" in /etc/cast_audio.json. Using passthrough.
04-09 16:56:43.735  3085  3085 I cast_shell: [3088:3109:INFO:mixer_pipeline.cc(124)] 2 input channels to 'linearize' group
04-09 16:56:43.735  3085  3085 I cast_shell: [3088:3109:INFO:alsa_volume_control.cc(43)] Opening mixer element "Master" on device "default"
04-09 16:56:43.735  3085  3085 I cast_shell: [3088:3111:INFO:audio_socket_service_uds.cc(44)] Using endpoint /tmp/mixer-service
04-09 16:56:43.741  3085  3085 I cast_shell: [3088:3109:INFO:alsa_volume_control.cc(219)] Volume device = default, element = Master
04-09 16:56:43.741  3085  3085 I cast_shell: [3088:3109:INFO:alsa_volume_control.cc(221)] Mute device = default, element = Master
04-09 16:56:43.741  3085  3085 I cast_shell: [3088:3109:INFO:alsa_volume_control.cc(234)] Idle device = default, elements = []
04-09 16:56:43.741  3085  3085 I cast_shell: [3088:3109:INFO:alsa_volume_control.cc(43)] Opening mixer element "Master" on device "default"
04-09 16:56:43.745  3088  3088 E         : Create
04-09 16:56:43.745  3085  3085 I cast_shell: [3088:3096:INFO:parent_tracker.cc(90)] [PII](48613F3449CCAE965DB4105443B8CE83) has hash 833420962, root wait is 8.05954 s
04-09 16:56:43.745  3088  3088 E         : OOBE IsSupported
04-09 16:56:43.745  3085  3085 I cast_shell: [3088:3088:INFO:multizone_manager.cc(330)] Multizone features are enabled
04-09 16:56:43.745  3085  3085 I cast_shell: [3088:3088:INFO:cast_power_manager_provider.cc(26)] Creating DummyCastPowerManagerProvider
04-09 16:56:43.745  3085  3085 I cast_shell: [3088:3088:INFO:update_engine_client_with_ipc.cc(343)] Using IPC UpdateEngineClient
04-09 16:56:43.745  3085  3085 I cast_shell: [3088:3096:INFO:parent_tracker.cc(120)] Can't use IPv4
04-09 16:56:43.745  3085  3085 I cast_shell: [3088:3096:INFO:parent_tracker.cc(124)] Can't use IPv6
04-09 16:56:43.745  3085  3085 I cast_shell: [3088:3096:ERROR:parent_tracker.cc(125)] No valid interface for multicast
04-09 16:56:43.745  3085  3085 I cast_shell: [3088:3096:INFO:directory_service_impl.cc(168)] Boot count is now 1
04-09 16:56:43.745  3085  3085 I cast_shell: [3088:3096:ERROR:socket_posix.cc(148)] bind() failed: Address already in use (98)
04-09 16:56:43.747  3085  3085 I cast_shell: [3088:3096:ERROR:directory_service_impl.cc(213)] TCP listener error: -1
04-09 16:56:43.751  3085  3085 I cast_shell: [3088:3088:INFO:chromecast_service_client_default.cc(75)] System updater is supported, and this is first setup.
04-09 16:56:43.752  3085  3085 I cast_shell: [3088:3088:INFO:managed_mode_service.cc(345)] Starting in managed mode: 0
04-09 16:56:43.752  3085  3085 I cast_shell: [3088:3088:INFO:platform_client_auth_creds.cc(114)] Loaded client certificate. Key len = 2048 bits. Chain len = 2 (source FROM_CERT).
04-09 16:56:43.752  3085  3085 I cast_shell: [3088:3088:INFO:grpc_manager_impl.cc(245)] Registered service chromecast.LocalCloudcastService
04-09 16:56:43.752  3085  3085 I cast_shell: [3088:3088:INFO:grpc_manager_impl.cc(262)] Registered a handler ExecuteActionScript for service chromecast.LocalCloudcastService
04-09 16:56:43.752  3085  3085 I cast_shell: [3088:3088:INFO:grpc_manager_impl.cc(262)] Registered a handler ObserveDeviceStatus for service chromecast.LocalCloudcastService
04-09 16:56:43.752  3085  3085 I cast_shell: [3088:3088:INFO:grpc_manager_impl.cc(262)] Registered a handler GetDeviceStatus for service chromecast.LocalCloudcastService
04-09 16:56:43.752  3085  3085 I cast_shell: [3088:3088:INFO:grpc_manager_impl.cc(505)] GRPC[uri=[::]:0]: num_pending_calls=0, num_active_handlers=0, num_free_handlers=0
04-09 16:56:43.752  3085  3085 I cast_shell: [3088:3088:INFO:cast_power_manager_provider.cc(26)] Creating DummyCastPowerManagerProvider
04-09 16:56:43.753  3085  3085 I cast_shell: [3088:3088:INFO:lycra_gcm.cc(117)] Deferring GCM registration until connectivity is up.
04-09 16:56:43.814  3085  3085 I cast_shell: [3088:3088:WARNING:cloud_settings_manager.cc(513)] Cannot initialize device settings config: /data/chrome/cloud_settings/cloud_settings.prefs, pref_error=6
04-09 16:56:43.814  3085  3085 I cast_shell: [3088:3088:INFO:cloud_settings_manager.cc(195)] Cloud settings is disabled.
04-09 16:56:43.814  3085  3085 I cast_shell: [3088:3088:INFO:pref_metrics_manager.cc(66)] PrefMetricsManager started.
04-09 16:56:43.815  3085  3085 I cast_shell: [3088:3088:INFO:pref_control_service_impl.cc(142)] Loading prefs from /data/chrome/pref_control/pref_control.prefs
04-09 16:56:43.816  3085  3085 I cast_shell: [3088:3088:INFO:pref_control_service_impl.cc(602)] Registering pref Pref [Name:motion_sensing_pref,RestoreValue:1,ForceEnableParent:1,Value:1,Optin:1]
04-09 16:56:43.816  3085  3085 I cast_shell: [3088:3088:INFO:pref_control_service_impl.cc(602)] Registering pref Pref [Name:sleep_sensing_pref,RestoreValue:0,ForceEnableParent:1,Value:1,Optin:0]
04-09 16:56:43.816  3085  3085 I cast_shell: [3088:3088:INFO:pref_control_service_impl.cc(602)] Registering pref Pref [Name:sleep_disturbance_pref,RestoreValue:1,ForceEnableParent:0,Value:1,Optin:0]
04-09 16:56:43.816  3085  3085 I cast_shell: [3088:3088:INFO:pref_control_service_impl.cc(602)] Registering pref Pref [Name:sleep_coaching_pref,RestoreValue:1,ForceEnableParent:0,Value:1,Optin:0]
04-09 16:56:43.816  3085  3085 I cast_shell: [3088:3088:INFO:pref_control_service_impl.cc(602)] Registering pref Pref [Name:gesture_sensing_pref,RestoreValue:0,ForceEnableParent:1,Value:1,Optin:0]
04-09 16:56:43.816  3085  3085 I cast_shell: [3088:3088:INFO:pref_control_service_impl.cc(602)] Registering pref Pref [Name:play_and_pause_gesture_pref,RestoreValue:1,ForceEnableParent:0,Value:1,Optin:0]
04-09 16:56:43.816  3085  3085 I cast_shell: [3088:3088:INFO:pref_control_service_impl.cc(602)] Registering pref Pref [Name:snooze_alarm_gesture_pref,RestoreValue:1,ForceEnableParent:0,Value:1,Optin:0]
04-09 16:56:43.816  3085  3085 I cast_shell: [3088:3088:INFO:pref_control_service_impl.cc(602)] Registering pref Pref [Name:stop_timers_gesture_pref,RestoreValue:1,ForceEnableParent:0,Value:1,Optin:0]
04-09 16:56:43.817  3085  3085 I cast_shell: [3088:3088:INFO:pref_metrics_manager.cc(94)] Adding motion_sensing_pref to PrefMetricsManager.
04-09 16:56:43.817  3085  3085 I cast_shell: [3088:3088:INFO:pref_metrics_manager.cc(94)] Adding sleep_sensing_pref to PrefMetricsManager.
04-09 16:56:43.817  3085  3085 I cast_shell: [3088:3088:INFO:pref_metrics_manager.cc(94)] Adding sleep_disturbance_pref to PrefMetricsManager.
04-09 16:56:43.817  3085  3085 I cast_shell: [3088:3088:INFO:pref_metrics_manager.cc(94)] Adding sleep_coaching_pref to PrefMetricsManager.
04-09 16:56:43.817  3085  3085 I cast_shell: [3088:3088:INFO:pref_metrics_manager.cc(94)] Adding gesture_sensing_pref to PrefMetricsManager.
04-09 16:56:43.817  3085  3085 I cast_shell: [3088:3088:INFO:pref_metrics_manager.cc(94)] Adding play_and_pause_gesture_pref to PrefMetricsManager.
04-09 16:56:43.817  3085  3085 I cast_shell: [3088:3088:INFO:pref_metrics_manager.cc(94)] Adding snooze_alarm_gesture_pref to PrefMetricsManager.
04-09 16:56:43.817  3085  3085 I cast_shell: [3088:3088:INFO:pref_metrics_manager.cc(94)] Adding stop_timers_gesture_pref to PrefMetricsManager.
04-09 16:56:43.817  3085  3085 I cast_shell: [3088:3088:INFO:pref_control_service_impl.cc(107)] PrefControlService constructed.
04-09 16:56:43.818  3085  3085 I cast_shell: [3088:3088:INFO:grpc_manager_impl.cc(245)] Registered service chromecast.grpc_discovery.GrpcDiscoveryService
04-09 16:56:43.818  3085  3085 I cast_shell: [3088:3088:INFO:grpc_manager_impl.cc(262)] Registered a handler GetServiceInfo for service chromecast.grpc_discovery.GrpcDiscoveryService
04-09 16:56:43.819  3085  3085 I cast_shell: [3088:3088:INFO:grpc_manager_impl.cc(505)] GRPC[uri=unix:/tmp/hcp_ipc_auth.socket]: num_pending_calls=0, num_active_handlers=0, num_free_handlers=0
04-09 16:56:43.819  3085  3085 I cast_shell: [3088:3088:INFO:grpc_manager_impl.cc(245)] Registered service usonia.ipc.Auth
04-09 16:56:43.819  3085  3085 I cast_shell: [3088:3088:INFO:grpc_manager_impl.cc(262)] Registered a handler Sign for service usonia.ipc.Auth
04-09 16:56:43.820  3085  3085 I cast_shell: [3088:3088:INFO:grpc_manager_impl.cc(262)] Registered a handler Verify for service usonia.ipc.Auth
04-09 16:56:43.820  3085  3085 I cast_shell: [3088:3088:INFO:grpc_manager_impl.cc(262)] Registered a handler AuthReady for service usonia.ipc.Auth
04-09 16:56:43.820  3085  3085 I cast_shell: [3088:3088:INFO:grpc_manager_impl.cc(245)] Registered service usonia.ipc.DistributedServiceDiscovery
04-09 16:56:43.820  3085  3085 I cast_shell: [3088:3088:INFO:grpc_manager_impl.cc(262)] Registered a handler UpdateServiceObservers for service usonia.ipc.DistributedServiceDiscovery
04-09 16:56:43.820  3085  3085 I cast_shell: [3088:3088:INFO:grpc_manager_impl.cc(262)] Registered a handler FetchAllPeerAddressList for service usonia.ipc.DistributedServiceDiscovery
04-09 16:56:43.821  3085  3085 I cast_shell: [3088:3088:INFO:grpc_manager_impl.cc(262)] Registered a handler ResolvePeerAddress for service usonia.ipc.DistributedServiceDiscovery
04-09 16:56:43.821  3085  3085 I cast_shell: [3088:3088:INFO:grpc_manager_impl.cc(262)] Registered a handler AddService for service usonia.ipc.DistributedServiceDiscovery
04-09 16:56:43.821  3085  3085 I cast_shell: [3088:3088:INFO:grpc_manager_impl.cc(262)] Registered a handler IsServiceAllowed for service usonia.ipc.DistributedServiceDiscovery
04-09 16:56:43.821  3085  3085 I cast_shell: [3088:3088:INFO:grpc_manager_impl.cc(245)] Registered service usonia.ipc.LeaderElector
04-09 16:56:43.821  3085  3085 I cast_shell: [3088:3088:INFO:grpc_manager_impl.cc(262)] Registered a handler LeaderElection for service usonia.ipc.LeaderElector
04-09 16:56:43.822  3085  3085 I cast_shell: [3088:3088:INFO:grpc_manager_impl.cc(245)] Registered service usonia.ipc.TimeSynchronizer
04-09 16:56:43.822  3085  3085 I cast_shell: [3088:3088:INFO:grpc_manager_impl.cc(262)] Registered a handler ObserveCommonTime for service usonia.ipc.TimeSynchronizer
04-09 16:56:43.823  3085  3085 I cast_shell: [3088:3124:INFO:common_time.cc(128)] New common clock leader 48613F3449CCAE965DB4105443B8CE83, is_this_device = 1, IP = [::1]:10006, quality = 0
04-09 16:56:43.823  3085  3085 I cast_shell: [3088:3124:INFO:common_time.cc(158)] Set this device as common time source
04-09 16:56:43.823  3085  3085 I cast_shell: [3088:3088:INFO:grpc_manager_impl.cc(317)] Grpc server started in port 1
04-09 16:56:43.824  3085  3085 I cast_shell: [3088:3088:INFO:sensor_pref_manager.cc(84)] SensorPrefManager is disabled.
04-09 16:56:43.824  3085  3085 I cast_shell: [3088:3088:INFO:remote_ducking_receiver.cc(183)] remote ducking: starting receiver.
04-09 16:56:43.825  3085  3085 I cast_shell: [3088:3088:INFO:grpc_manager_impl.cc(505)] GRPC[uri=unix:/tmp/modular_updater/modular_update_service]: num_pending_calls=0, num_active_handlers=0, num_free_handlers=0
04-09 16:56:43.825  3085  3085 I cast_shell: [3088:3088:INFO:cast_power_manager_provider.cc(26)] Creating DummyCastPowerManagerProvider
04-09 16:56:43.832  3085  3085 I cast_shell: [3088:3088:INFO:timezone_settings.cc(288)] Setting system timezone to America/Los_Angeles
04-09 16:56:43.833  3085  3085 I cast_shell: [3088:3088:INFO:daily_reboot_impl.cc(172)] Daily reboot is disabled
04-09 16:56:43.833  3085  3085 I cast_shell: [3088:3088:INFO:api_reboot.cc(321)] active_activities count=1
04-09 16:56:43.834  3085  3085 I cast_shell: [3088:3095:INFO:gamma_utils.cc(31)] Gamma calibration file is not present, use default LUT
04-09 16:56:43.834  3085  3085 I cast_shell: [3088:3088:INFO:cast_power_manager_provider.cc(26)] Creating DummyCastPowerManagerProvider
04-09 16:56:43.835  3085  3085 I chatty  : uid=1000(chrome) /bin/logwrapper identical 1 line
04-09 16:56:43.835  3085  3085 I cast_shell: [3088:3088:INFO:cast_power_manager_provider.cc(26)] Creating DummyCastPowerManagerProvider
04-09 16:56:43.837  3085  3085 I cast_shell: [3088:3095:INFO:tuning_manager.cc(118)] No file found at /etc/cast_audio.json
04-09 16:56:43.837  3085  3085 I cast_shell: [3088:3095:INFO:tuning_manager.cc(130)] No file found at /etc/cast_audio.json
04-09 16:56:43.838  3085  3085 I cast_shell: [3088:3088:INFO:setup_api_registry.cc(192)] Register external API: audio/delete_config
04-09 16:56:43.838  3085  3085 I cast_shell: [3088:3088:INFO:setup_api_registry.cc(192)] Register external API: audio/get_avail_processors
04-09 16:56:43.838  3085  3085 I cast_shell: [3088:3088:INFO:setup_api_registry.cc(192)] Register external API: audio/get_config
04-09 16:56:43.838  3085  3085 I cast_shell: [3088:3088:INFO:setup_api_registry.cc(192)] Register external API: audio/get_default_config
04-09 16:56:43.838  3085  3085 I cast_shell: [3088:3088:INFO:setup_api_registry.cc(192)] Register external API: audio/set_params
04-09 16:56:43.838  3085  3085 I cast_shell: [3088:3088:INFO:setup_api_registry.cc(192)] Register external API: audio/set_config
04-09 16:56:43.838  3085  3085 I cast_shell: [3088:3088:INFO:setup_api_registry.cc(192)] Register external API: user_eq/set_equalizer
04-09 16:56:43.839  3085  3085 I cast_shell: [3088:3088:INFO:capture_service_dummy.cc(11)] Dummy CaptureService.
04-09 16:56:43.843  3085  3085 I cast_shell: [3088:3088:INFO:setup_api_registry.cc(192)] Register external API: auto_media_volume
04-09 16:56:43.843  3085  3085 I cast_shell: [3088:3088:INFO:cast_thread_health_check.cc(53)] Receiver health check timeout: 15 seconds.
04-09 16:56:43.844  3085  3085 I cast_shell: [3088:3088:INFO:file_util.cc(28)] base_assistant_dir = /data/chrome
04-09 16:56:43.845  3085  3085 I cast_shell: [3088:3088:INFO:chromecast_service.cc(2189)] Geolocation changed to: 0
04-09 16:56:43.845  3085  3085 I cast_shell: [3088:3088:INFO:chromecast_service.cc(2229)] AoGH feature is: 0
04-09 16:56:43.845  3085  3085 I cast_shell: [3088:3088:INFO:chromecast_service.cc(2248)] Playback disruption feature is: 0
04-09 16:56:43.851  3085  3085 I cast_shell: [3088:3088:INFO:metrics_recorder.cc(112)] Metrics stat: total=0
04-09 16:56:43.852  3085  3085 I cast_shell: [3088:3112:INFO:media_manager_impl.cc(1043)] New device volume control type: new_type=1, old_type=0
04-09 16:56:43.852  3085  3085 I cast_shell: [3088:3112:INFO:media_manager_impl.cc(1066)] New device volume step interval: new_interval=0.02, old_interval=0
04-09 16:56:43.852  3085  3085 I cast_shell: [3088:3112:ERROR:media_manager_impl.cc(1294)] GetScreenResolution failed.
04-09 16:56:43.852  3085  3085 I cast_shell: [3088:3112:INFO:media_manager_impl.cc(343)] Media manager is initialized.
04-09 16:56:43.852  3085  3085 I cast_shell: [3088:3088:INFO:media_manager_impl.cc(269)] IsHdmiPlatform: 0
04-09 16:56:43.853  3085  3085 I cast_shell: [3088:3088:INFO:hds_settings.cc(136)] HdsSettings using HDS url https://preprod-home-devices.sandbox.google.com/
04-09 16:56:43.854  3085  3085 I cast_shell: [3088:3088:INFO:client_auth_creds.cc(173)] Device cert: 4D8AC5B9056A76852E4F FA:8F:CA:87:13:D1
04-09 16:56:43.855  3085  3085 I cast_shell: [3088:3088:INFO:client_auth_creds.cc(182)] Intermediate cert: LSB
04-09 16:56:43.855  3085  3085 I cast_shell: [3088:3088:INFO:client_auth_creds.cc(182)] Intermediate cert: Amlogic GVA Manufacturer Cert
04-09 16:56:43.855  3085  3085 I cast_shell: [3088:3088:INFO:client_auth_creds.cc(226)] Imported client auth cert.
04-09 16:56:43.855  3085  3085 I cast_shell: [3088:3088:INFO:client_auth_creds.cc(237)] Imported client auth private key
04-09 16:56:43.855  3085  3085 I cast_shell: [3088:3088:INFO:client_auth_signer.cc(155)] Created singleton instance of ClientAuthSigner.
04-09 16:56:43.855  3085  3085 I cast_shell: [3088:3088:INFO:client_auth_manager.cc(119)] Storing the certificate first used by the device.
04-09 16:56:43.876  3085  3085 I cast_shell: [3088:3088:WARNING:application_config_manager_impl.cc(253)] Cannot read application config file: /fakeapp.conf
04-09 16:56:43.876  3085  3085 I cast_shell: [3088:3088:INFO:application_manager_impl.cc(398)] Application manager is initialized.
04-09 16:56:43.876  3085  3085 I cast_shell: [3088:3088:INFO:mdns_cast_service.cc(156)] Device discovery state is idle
04-09 16:56:43.876  3085  3085 I cast_shell: [3088:3088:INFO:mdns_manager_impl.cc(177)] MdnsManager is initialized
04-09 16:56:43.877  3085  3085 I cast_shell: [3088:3137:INFO:mdns_app_filter.cc(573)] MdnsAppFilter initialized
04-09 16:56:43.877  3085  3085 I cast_shell: [3088:3137:INFO:discovered_service_client.cc(102)] Registering new service PTR listener: _googlecast._tcp.local
04-09 16:56:43.877  3085  3085 I cast_shell: [3088:3088:INFO:config_downloader.cc(239)] Set config periodic interval: min=300, max=420
04-09 16:56:43.878  3085  3085 I cast_shell: [3088:3088:INFO:crl_downloader.cc(274)] Set CRL periodic interval: min=2160, max=2880
04-09 16:56:43.878  3085  3085 I cast_shell: [3088:3138:INFO:v2_transport.cc(458)] Added Cast V2 endpoint: id=Tr@n$p0rt-0, socket_factory_id=[PII](*)
04-09 16:56:43.878  3085  3085 I cast_shell: [3088:3138:INFO:endpoint_with_namespace_handler.cc(103)] Added a namespace handler: local_id=Tr@n$p0rt-0, namespace=urn:x-cast:com.google.cast.tp.connection
04-09 16:56:43.878  3085  3085 I cast_shell: [3088:3138:INFO:endpoint_with_namespace_handler.cc(103)] Added a namespace handler: local_id=Tr@n$p0rt-0, namespace=urn:x-cast:com.google.cast.tp.heartbeat
04-09 16:56:43.878  3085  3085 I cast_shell: [3088:3138:INFO:endpoint_with_namespace_handler.cc(103)] Added a namespace handler: local_id=Tr@n$p0rt-0, namespace=urn:x-cast:com.google.cast.tp.deviceauth
04-09 16:56:43.878  3085  3085 I cast_shell: [3088:3138:INFO:v2_transport.cc(335)] V2Transport initialized.
04-09 16:56:43.878  3085  3085 I cast_shell: [3088:3088:INFO:hds_broker_impl.cc(121)] HDS type registered type.googleapis.com/home.hds.proto.device.relayedcasting.RelayedCastingPleaseConnectRequest
04-09 16:56:43.878  3085  3085 I cast_shell: [3088:3138:INFO:v2_transport.cc(411)] Added socket factory: id=domain-socket@/tmp/cast-control
04-09 16:56:43.881  3085  3085 I cast_shell: [3088:3095:INFO:hotspot_manager.cc(103)] Stop zombie hotspot if there is one
04-09 16:56:43.882  3085  3085 I cast_shell: [3088:3088:INFO:setup_manager_impl.cc(610)] release channel: beta-channel
04-09 16:56:43.882  3085  3085 I cast_shell: [3088:3088:INFO:locale_manager.cc(245)] No timezone yet.
04-09 16:56:43.882  3085  3085 I cast_shell: [3088:3088:INFO:locale_manager.cc(274)] Current time format: 12-hour
04-09 16:56:43.882  3085  3085 I cast_shell: [3088:3088:INFO:locale_manager.cc(295)] No locale. Set default from factory: en-00
04-09 16:56:43.882  3085  3085 I cast_shell: [3088:3088:INFO:locale_manager.cc(329)] Use factory country code: 00
04-09 16:56:43.883  3085  3085 I cast_shell: [3088:3088:INFO:locale_manager.cc(639)] New country code: 00
04-09 16:56:43.883  3085  3085 I cast_shell: [3088:3088:INFO:setup_manager_impl.cc(645)] Initial activation date cached value: 
04-09 16:56:43.883  3085  3085 I cast_shell: [3088:3088:INFO:hds_broker_impl.cc(121)] HDS type registered type.googleapis.com/google.internal.home.foyer.v1.resources.IsDeviceReadyRequest
04-09 16:56:43.883  3085  3085 I cast_shell: [3088:3088:INFO:hds_broker_impl.cc(121)] HDS type registered type.googleapis.com/home.cloud.biz.EnterWeavePairingModeRequest
04-09 16:56:43.883  3085  3085 I cast_shell: [3088:3088:INFO:multizone_manager.cc(371)] Using SSL for control data
04-09 16:56:43.883  3085  3085 I cast_shell: [3088:3127:INFO:net_util_shlib_support.cc(51)] Wifi interface found: wlan0
04-09 16:56:43.885  3085  3085 I cast_shell: [3088:3127:INFO:net_util_shlib_support.cc(51)] Wifi interface found: p2p0
04-09 16:56:43.885  3085  3085 I cast_shell: [3088:3088:INFO:multizone_setup.cc(206)] OEM delay = 0 s
04-09 16:56:43.888  3085  3085 I cast_shell: [3088:3127:INFO:setup_api_registry.cc(192)] Register external API: accept_tos
04-09 16:56:43.888  3085  3085 I cast_shell: [3088:3127:INFO:setup_api_registry.cc(192)] Register external API: connect_wifi
04-09 16:56:43.888  3085  3085 I cast_shell: [3088:3127:INFO:setup_api_registry.cc(192)] Register external API: forget_wifi
04-09 16:56:43.888  3085  3085 I cast_shell: [3088:3127:INFO:setup_api_registry.cc(192)] Register external API: play_sound
04-09 16:56:43.888  3085  3085 I cast_shell: [3088:3127:INFO:setup_api_registry.cc(192)] Register external API: resume_cast
04-09 16:56:43.888  3085  3085 I cast_shell: [3088:3127:INFO:setup_api_registry.cc(192)] Register external API: save_wifi
04-09 16:56:43.888  3085  3085 I cast_shell: [3088:3127:INFO:setup_api_registry.cc(192)] Register external API: scan_results
04-09 16:56:43.888  3085  3085 I cast_shell: [3088:3127:INFO:setup_api_registry.cc(192)] Register external API: scan_wifi
04-09 16:56:43.888  3085  3085 I cast_shell: [3088:3127:INFO:setup_api_registry.cc(192)] Register external API: supported_timezones
04-09 16:56:43.888  3085  3085 I cast_shell: [3088:3127:INFO:setup_api_registry.cc(192)] Register external API: supported_locales
04-09 16:56:43.890  3085  3085 I cast_shell: [3088:3127:INFO:setup_api_registry.cc(192)] Register external API: test_internet_download_speed
04-09 16:56:43.891  3085  3085 I cast_shell: [3088:3127:INFO:setup_api_registry.cc(192)] Register external API: test_udp_throughput
04-09 16:56:43.891  3085  3085 I cast_shell: [3088:3127:INFO:setup_api_registry.cc(192)] Register external API: debug/trigger_weave_pairing
04-09 16:56:43.891  3085  3085 I cast_shell: [3088:3127:INFO:setup_api_registry.cc(192)] Register external API: get_local_authorization_token
04-09 16:56:43.891  3085  3085 I cast_shell: [3088:3127:INFO:setup_manager_impl.cc(820)] Initially Set WPA3 support: disable
04-09 16:56:43.891  3085  3085 I cast_shell: [3088:3127:INFO:setup_manager_impl.cc(825)] Initially Set WiFi power-save: disable
04-09 16:56:43.894  2710  2710 I wpa_supplicant: wlan0: CTRL-EVENT-REGDOM-CHANGE init=CORE type=WORLD
04-09 16:56:43.895  2711  2723 I yani_server: NetLink Event '-1' Interface-Index '5' WLAN '-1' Ethernet '-1' Parsed-iFill '-1' -> 'INVALID' ifIndex '1' -> 'lo'
04-09 16:56:43.905  2711  2723 I yani_server: NetLink Event '-1' Interface-Index '5' WLAN '0' Ethernet '-1' Parsed-iFill '-1' -> 'INVALID' ifIndex '1' -> 'lo'
04-09 16:56:43.912  2734  2811 I bluetoothtbd: [0409/042643.912583:INFO:gatt_api.cc(1005)] GATT_Register
04-09 16:56:43.912  2734  2811 I bluetoothtbd: [0409/042643.912804:INFO:gatt_api.cc(1028)] allocated gatt_if=4
04-09 16:56:43.918  2734  2811 E bt_btif : register application first_unuse rcb_idx = 0
04-09 16:56:43.918  2734  2811 I bluetoothtbd: [0409/042643.918634:INFO:gatt_api.cc(1005)] GATT_Register
04-09 16:56:43.918  2734  2811 I bluetoothtbd: [0409/042643.918767:INFO:gatt_api.cc(1028)] allocated gatt_if=5
04-09 16:56:43.926  2734  2811 I bluetoothtbd: [0409/042643.926423:INFO:gatt_api.cc(1005)] GATT_Register
04-09 16:56:43.926  2734  2811 I bluetoothtbd: [0409/042643.926608:INFO:gatt_api.cc(1028)] allocated gatt_if=6
04-09 16:56:43.928  2734  2766 I bluetoothtbd: [0409/042643.928299:INFO:adapter.cc(551)] Adapter properties changed
04-09 16:56:43.928  2734  2766 I bluetoothtbd: [0409/042643.928456:INFO:adapter.cc(573)] Adapter name changed
04-09 16:56:43.930  2734  2811 I bluetoothtbd: [0409/042643.930001:INFO:btif_ble_advertiser.cc(90)] RegisterAdvertiserCb status: 0 , adveriser_id: 0
04-09 16:56:43.934  3085  3085 I cast_shell: [3088:3138:INFO:endpoint_with_namespace_handler.cc(103)] Added a namespace handler: local_id=receiver-879478a3-9d3a-7506-31b7-d46a6f7b5989, namespace=urn:x-cast:com.google.cast.audio.input
04-09 16:56:43.934  2734  2766 I bluetoothtbd: [0409/042643.934809:INFO:adapter.cc(551)] Adapter properties changed
04-09 16:56:43.935  2734  2766 I bluetoothtbd: [0409/042643.935037:INFO:adapter.cc(551)] Adapter properties changed
04-09 16:56:43.935  3085  3085 I cast_shell: [3088:3088:INFO:input_manager_impl.cc(284)] RegisterInput: device_id: cast, type: 0, state: 0
04-09 16:56:43.935  3085  3085 I cast_shell: [3088:3088:INFO:input_manager_impl.cc(308)] NotifyInputConnect: device_id: cast, sample_rate: 0, num_channels: 0
04-09 16:56:43.935  3085  3085 I cast_shell: [3088:3088:INFO:input_manager_impl.cc(370)] SetActiveInput: cast
04-09 16:56:43.935  2734  2766 I bluetoothtbd: [0409/042643.935900:INFO:adapter.cc(551)] Adapter properties changed
04-09 16:56:43.936  2734  2766 E bluetoothtbd: [0409/042643.936024:ERROR:adapter.cc(608)] Invalid property length: 512
04-09 16:56:43.936  3085  3085 I cast_shell: [3088:3127:INFO:gatt_client_manager_impl.cc(202)] Enabling GATT client connectability
04-09 16:56:43.937  3085  3085 I cast_shell: [3088:3127:INFO:setup_api_registry.cc(192)] Register external API: input/status
04-09 16:56:43.942  3085  3085 I cast_shell: [3088:3138:INFO:endpoint_with_namespace_handler.cc(103)] Added a namespace handler: local_id=receiver-879478a3-9d3a-7506-31b7-d46a6f7b5989, namespace=urn:x-cast:com.google.cast.companionauth
04-09 16:56:43.957  2731  2742 I HotspotManager: setting interface MAC addr
04-09 16:56:43.959  3085  3085 I cast_shell: [3088:3088:INFO:cast_receiver_impl.cc(828)] Cast receiver started.
04-09 16:56:43.959  3085  3085 I cast_shell: [3088:3095:INFO:crypto_manager.cc(75)] Creating private key: size=2048
04-09 16:56:43.959  3085  3085 I cast_shell: [3088:3088:WARNING:cast_receiver_impl.cc(1126)] Network is not globally connected. Don't schedule config downloading yet.
04-09 16:56:43.959  3085  3085 I cast_shell: [3088:3088:INFO:ccs_manager_impl.cc(663)] Starting cloud ipc activity with CCS
04-09 16:56:43.959  3085  3085 I cast_shell: [3088:3088:INFO:ccs_manager_impl.cc(1286)] CcsManagerImpl opt_in.cloud_ipc pref changed: 1
04-09 16:56:43.959  3085  3085 I cast_shell: [3088:3088:INFO:ccs_manager_impl.cc(1322)] Waiting for all transports to be enabled
04-09 16:56:43.959  3085  3085 I cast_shell: [3088:3088:INFO:ccs_transport_gcm.cc(94)] Deferring GCM registration until connectivity is up
04-09 16:56:43.959  3085  3085 I cast_shell: [3088:3088:INFO:multizone_manager.cc(2397)] Resuming MultizoneManager
04-09 16:56:43.962  3085  3085 I cast_shell: [3088:3106:ERROR:cast_audio_input_json.cc(33)] Failed to read JSON file: /etc/cast_audio_input.json
04-09 16:56:43.962  3085  3085 I cast_shell: [3088:3106:ERROR:channel_selector_reader.cc(44)] Failed to read audio input json
04-09 16:56:43.962  3085  3085 I cast_shell: [3088:3106:INFO:auto_volume.cc(107)] Auto volume is disabled
04-09 16:56:43.967  3085  3085 I cast_shell: [3088:3088:INFO:audio_focus_manager_impl.cc(27)] use_media_starting_block: 0
04-09 16:56:43.969  3085  3085 I cast_shell: [3088:3088:INFO:ccs_manager_impl.cc(851)] Network connectivity down for CcsManager
04-09 16:56:43.969  3085  3085 I cast_shell: [3088:3088:INFO:grpc_auth_manager_in_process.cc(135)] Initializing Auth.
04-09 16:56:43.969  3085  3085 I cast_shell: [3088:3088:INFO:grpc_manager_impl.cc(505)] GRPC[uri=[::]:8012]: num_pending_calls=0, num_active_handlers=0, num_free_handlers=0
04-09 16:56:43.973  3085  3085 I cast_shell: [3088:3088:INFO:grpc_manager_impl.cc(317)] Grpc server started in port 8012
04-09 16:56:43.977  3085  3085 I cast_shell: [3088:3137:INFO:mdns_app_filter.cc(1605)] Re-probing due to newly registered service '1': _googlerpc
04-09 16:56:43.977  3085  3085 I cast_shell: [3088:3108:INFO:cast_auth_api_adaptor.cc(82)] CastAuth: init with library: libcast_auth.so
04-09 16:56:43.978  3085  3085 I cast_shell: [3088:3127:INFO:ble_setup.cc(789)] Missing required info for sign.
04-09 16:56:43.978  3085  3085 I cast_shell: [3088:3088:INFO:mdns_manager_impl.cc(468)] Setting new conflict callback
04-09 16:56:43.978  3085  3085 I cast_shell: [3088:3088:INFO:mdns_util.cc(102)] Defaulting mDNS capabilities for audio-only build
04-09 16:56:43.985  3085  3085 I cast_shell: [3088:3108:INFO:cast_auth_api_adaptor.cc(93)] CastAuth: common module initialization successful.
04-09 16:56:43.985  3085  3085 I cast_shell: [3088:3108:INFO:cast_auth_api_adaptor.cc(98)] CastAuth: model-based module initialization successful.
04-09 16:56:43.986  3085  3085 I cast_shell: [3088:3088:INFO:ccs_manager_impl.cc(1322)] Waiting for all transports to be enabled
04-09 16:56:43.988  3085  3085 I cast_shell: [3088:3088:INFO:bluetooth_setup.cc(690)] Disabling connectability.
04-09 16:56:43.988  3085  3085 I cast_shell: [3088:3088:INFO:input_manager_impl.cc(468)] Using virtual device 879478a3-9d3a-7506-31b7-d46a6f7b5989
04-09 16:56:43.990  3085  3085 I cast_shell: [3088:3088:INFO:virtual_device_manager.cc(247)] Virtual device [PII](879478a3-9d3a-7506-31b7-d46a6f7b5989) using Cast V2 port 8009
04-09 16:56:43.990  3085  3085 I cast_shell: [3088:3137:INFO:mdns_app_filter.cc(1605)] Re-probing due to newly registered service '2': _googlecast
04-09 16:56:43.990  3085  3085 I cast_shell: [3088:3137:INFO:mdns_util.cc(102)] Defaulting mDNS capabilities for audio-only build
04-09 16:56:43.991  3085  3085 I cast_shell: [3088:3088:INFO:metrics_recorder.cc(282)] cast event: Cast.System.Timezone.ChangeSuccessful
04-09 16:56:43.991  3085  3085 I cast_shell: [3088:3088:WARNING:channel_selector_impl.cc(113)] Cannot get selected channels from json, will use the previous value {0,1}.
04-09 16:56:44.000  3085  3085 I cast_shell: [3088:3137:INFO:mdns_util.cc(102)] Defaulting mDNS capabilities for audio-only build
04-09 16:56:44.001  3085  3085 I cast_shell: [3088:3088:INFO:mdns_manager_impl.cc(311)] Successfully registered service: type=_googlerpc
04-09 16:56:44.001  3085  3085 I cast_shell: [3088:3088:INFO:mdns_manager_impl.cc(311)] Successfully registered service: type=_googlecast
04-09 16:56:44.001  3085  3085 I cast_shell: [3088:3088:INFO:virtual_device.cc(254)] Registered mDNS service for virtual device: id=879478a3-9d3a-7506-31b7-d46a6f7b5989
04-09 16:56:44.020  3085  3085 I cast_shell: [3088:3088:INFO:secure_storage_impl.cc(107)] Secure storage initialized.
04-09 16:56:44.020  3085  3085 I cast_shell: [3088:3088:INFO:ccs_manager_impl.cc(851)] Network connectivity down for CcsManager
04-09 16:56:44.105  2960  2971 D wac-main: Netlink event
04-09 16:56:44.105  2960  2971 E wac-main: Netlink event 16 Interface Index 6 
04-09 16:56:44.105  2960  2971 E wac-main: p2p0 event Link Changed : 1002 
04-09 16:56:44.105  2960  2971 E wac-main: Enter poll and wait
04-09 16:56:44.106  2711  2723 I yani_kernel: yani_geteventfrom_changeaddr() Message-Id '1' Netlink event '16' Interface Index '6' -> Name 'p2p0' 
04-09 16:56:44.123  2731  2742 I HotspotManager: setSSID <SSID omitted> visible
04-09 16:56:44.124  2731  2742 E WifiUtil: command: "SCAN" failed: FAIL-BUSY
04-09 16:56:44.124  2731  2742 I HotspotManager: hotspot start
04-09 16:56:44.124  2731  2742 E WifiUtil: Setting interface p2p0 up.
04-09 16:56:44.125  2731  2742 E WifiUtil: ioctl SIOCGIWFREQ fails for wlan0 Bad address
04-09 16:56:44.125  3085  3085 I cast_shell: [3088:3138:ERROR:broadcast_filter.cc(70)] Failed to join broadcast filter multicast group
04-09 16:56:44.125  3085  3085 I cast_shell: [3088:3138:WARNING:broadcast_filter.cc(120)] Failed to enable BroadcastFilter
04-09 16:56:44.125  3085  3085 I cast_shell: [3088:3138:INFO:endpoint_with_namespace_handler.cc(103)] Added a namespace handler: local_id=receiver-879478a3-9d3a-7506-31b7-d46a6f7b5989, namespace=urn:x-cast:com.google.cast.setup
04-09 16:56:44.125  3085  3085 I cast_shell: [3088:3100:WARNING:crl_downloader.cc(136)] CRL failed to restore.
04-09 16:56:44.125  3085  3085 I cast_shell: [system_updater_dummy.cpp(79)] Initialize
04-09 16:56:44.125  3085  3085 I cast_shell: [system_updater_dummy.cpp(29)] system_updater_socket_create
04-09 16:56:44.127  2711  2723 I yani_kernel: yani_geteventfrom_changeaddr() Message-Id '1' Netlink event '16' Interface Index '6' -> Name 'p2p0' 
04-09 16:56:44.199  2967  2995 I otamanager: OTAManager connected to CastUpdater via  /tmp/socket/system_updater
04-09 16:56:44.199  2967  2995 I otamanager: cast_updater_threadEntry socket handle 5
04-09 16:56:44.305  2961  3009 I LibreCastControl: LibreCastControl_init() Socket Initialized
04-09 16:56:44.315  2961  3009 E LibreCastControl: PULSAR:CreateCastControlThread:18
04-09 16:56:44.315  2961  3009 E LibreCastControl: Create LibreCastLUCITimerThreadInit 
04-09 16:56:44.315  2961  3164 E LibreCastControl: PULSAR:Run:23
04-09 16:56:44.316  2961  3165 E LibreCastControl: Timer Sem Wait Start iCastPlayerstate = 0 
04-09 16:56:44.330  2691  2691 I sh      : [0409/042644.329557:INFO:cast_control_impl.cc(744)] CastControl has started running.
04-09 16:56:44.330  2691  2691 I sh      : [0409/042644.330486:INFO:cast_control_impl.cc(745)] Attempting to connect CastMessageService. socket=/tmp/cast-control
04-09 16:56:44.333  2961  3164 I LibreCastControlDelegate: OnCastStatus() +++ :0xab471198:STARTING
04-09 16:56:44.333  2691  2691 I sh      : [0409/042644.333396:INFO:cast_control_socket.cc(64)] Successfully connected Cast Control Socket
04-09 16:56:44.333  2961  3164 E LibreCastControlDelegate: OnCastStatus:177
04-09 16:56:44.335  2961  3164 I LibreCastControl: LibreCastControl_SetCastName()  name 'Lyric Speaker Box 21f384' RequestId '1' pCastControl 0xf4b00728
04-09 16:56:44.335  2961  3164 I LibreCastControlDelegate: Active Applications -> 0
04-09 16:56:44.335  2961  3164 I LibreCastControlDelegate: Current Cast State '1' -> 'STARTING'
04-09 16:56:44.335  2961  3164 I LibreCastControlDelegate: OnCastStatus() ---
04-09 16:56:44.335  2691  2691 I sh      : [0409/042644.335449:INFO:cast_message_service_impl.cc(185)] Sending connect message!
04-09 16:56:44.339  3085  3085 I cast_shell: [3088:3138:INFO:metrics_recorder.cc(282)] Cast v2 action(socket_id=domain-socket@/tmp/cast-control.1): CastV2.Connection.Connect.In
04-09 16:56:44.340  3085  3085 I cast_shell: [3088:3088:INFO:resource_namespace_handler.cc(307)] Setting resource provider: sender_id=domain-socket@/tmp/cast-control.1:system-0
04-09 16:56:44.340  2691  2691 I sh      : [0409/042644.340534:INFO:cast_message_service_impl.cc(1007)] CastMessageServiceImpl matched versions
04-09 16:56:44.599  2731  2742 I WifiUtil: get p2p0 channel 6 (2437MHz)
04-09 16:56:44.599  2731  2742 I HotspotManager: start hostapd at channel=6 SSID=<SSID omitted> hidden_ssid=0
04-09 16:56:44.600  2960  2971 D wac-main: Netlink event
04-09 16:56:44.601  2960  2971 E wac-main: Netlink event 20 Interface Index 6 
04-09 16:56:44.601  2960  2971 E wac-main: Enter poll and wait
04-09 16:56:44.601  2960  2971 D wac-main: Netlink event
04-09 16:56:44.601  2960  2971 E wac-main: Netlink event 21 Interface Index 6 
04-09 16:56:44.601  2960  2971 E wac-main: Enter poll and wait
04-09 16:56:44.601  2711  2723 I yani_kernel: yani_geteventfrom_changeaddr() Message-Id '1' Netlink event '20' Interface Index '6' -> Name 'p2p0' 
04-09 16:56:44.604  2960  2971 D wac-main: Netlink event
04-09 16:56:44.605  2960  2971 E wac-main: Netlink event 20 Interface Index 6 
04-09 16:56:44.605  2960  2971 E wac-main: Enter poll and wait
04-09 16:56:44.609  2734  2766 I bluetoothtbd: [0409/042644.609541:INFO:adapter.cc(551)] Adapter properties changed
04-09 16:56:44.609  2734  2766 I bluetoothtbd: [0409/042644.609683:INFO:adapter.cc(573)] Adapter name changed
04-09 16:56:44.610  3085  3085 I cast_shell: [3088:3127:INFO:bluetooth_manager.cc(1232)] [PII] Set device name to 'LSB7270'
04-09 16:56:44.611  2734  2766 I bluetoothtbd: [0409/042644.611700:INFO:adapter.cc(551)] Adapter properties changed
04-09 16:56:44.612  3085  3085 I cast_shell: [3088:3127:INFO:bluetooth_manager.cc(115)] Record action: Cast.Bluetooth.DiscoveryMode.Disable
04-09 16:56:44.613  3085  3085 I cast_shell: [3088:3127:INFO:ble_setup.cc(1096)] LAT flag change 0
04-09 16:56:44.647  3166  3166 I hostapd : IEEE 802.11: Steering disabled
04-09 16:56:44.650  3085  3085 I cast_shell: [3088:3088:INFO:device_info_impl.cc(1133)] SSDP Config ID is increased: id=3
04-09 16:56:44.651  3085  3085 I cast_shell: [3088:3137:INFO:mdns_util.cc(102)] Defaulting mDNS capabilities for audio-only build
04-09 16:56:44.651  3085  3085 I cast_shell: [3088:3088:INFO:mdns_manager_impl.cc(429)] Successfully updated service: type=_googlecast
04-09 16:56:44.652  3085  3085 I cast_shell: [3088:3088:INFO:virtual_device.cc(296)] Updated mDNS service for virtual device: id=879478a3-9d3a-7506-31b7-d46a6f7b5989
04-09 16:56:44.664  2711  2723 I yani_server: NetLink Event '6' Interface-Index '6' WLAN '-1' Ethernet '-1' Parsed-iFill '6' -> 'P2P0 CONNECTED' ifIndex '2' -> 'tunl0'
04-09 16:56:44.676  2961  3164 I LibreCastControl: LibreCastControl_RequestGVAStatus() RequestId '4' pCastControl 0xf4b00728
04-09 16:56:44.677  2961  3164 I LibreCastControlDelegate: OnCastStatus() +++ LSB7270:0xab471198:NOT_SETUP
04-09 16:56:44.677  2961  3164 I LibreCastControlDelegate: Device Build Number -> '1.52.272222'
04-09 16:56:44.677  2961  3164 I librecast: updateCastBuildVersion() Version 1.52.272222
04-09 16:56:44.678  2712  2712 I lucitransport: readRemoteMessage() MID char = 7 buffer = 1.52.272222
04-09 16:56:44.678  2691  2691 I sh      : [0409/042644.676944:INFO:cast_message_service_impl.cc(1076)] CastMessageServiceImpl is ready
04-09 16:56:44.679  3085  3085 I cast_shell: [3088:3088:INFO:assistant_namespace_handler.cc(144)] Added a status listening peer for assistant namespace: domain-socket@/tmp/cast-control.1:system-0
04-09 16:56:44.679  2961  3164 I LibreCastControlDelegate: Active Applications -> 0
04-09 16:56:44.679  2961  3164 I LibreCastControlDelegate: Current Cast State '2' -> 'NOT_SETUP'
04-09 16:56:44.679  2961  3164 I LibreCastControlDelegate: OnCastStatus() ---
04-09 16:56:44.680  2961  3164 I LibreCastControlDelegate: OnResponse() ReqeustID 1, error  0
04-09 16:56:44.680  2961  3164 I LibreCastControlDelegate: OnResponse() ReqeustID 4, error  0
04-09 16:56:44.706  3085  3085 I cast_shell: [3088:3088:INFO:crypto_manager.cc(278)] Public key: MIIBCgKCAQEAj9e0k96e1yIjehWGs7uxaN4dqTtoYy8EyLvcbtttocgAdNoyrZZ4RbYf/9Gg/8l8o2hA3XJTjrCgsHzHavT70WP8AwYPXR/IFBsAQ2incsszoT5XNBImfkopFFSubvItXrzMo0CG5bw8/CH3djgbY2FL60V0qBMbsHaeABVvHufixbtDER9r7rUwGzB5ztJw+E9slPu8ONiBje2Y0ZCOMSjbwQrTk2GjKi4Ln97MHA5a6ekTWsUR8P3r0Rue8OsoERvCvjzPycPowkReAjgz+bzU24FmTDaM1BjF0yCSE8QJKlTwUvwQFGaHrYGAyA2lZBxuqMAmqL4ZtwLa3UbFAwIDAQAB
04-09 16:56:44.706  3085  3085 I cast_shell: [3088:3088:INFO:crypto_manager.cc(289)] Public modulus: j9e0k96e1yIjehWGs7uxaN4dqTtoYy8EyLvcbtttocgAdNoyrZZ4RbYf_9Gg_8l8o2hA3XJTjrCgsHzHavT70WP8AwYPXR_IFBsAQ2incsszoT5XNBImfkopFFSubvItXrzMo0CG5bw8_CH3djgbY2FL60V0qBMbsHaeABVvHufixbtDER9r7rUwGzB5ztJw-E9slPu8ONiBje2Y0ZCOMSjbwQrTk2GjKi4Ln97MHA5a6ekTWsUR8P3r0Rue8OsoERvCvjzPycPowkReAjgz-bzU24FmTDaM1BjF0yCSE8QJKlTwUvwQFGaHrYGAyA2lZBxuqMAmqL4ZtwLa3UbFAw
04-09 16:56:44.706  3085  3085 I cast_shell: [3088:3088:INFO:crypto_manager.cc(294)] Public exponent: AQAB
04-09 16:56:45.446  3085  3085 I cast_shell: [3088:3139:INFO:multizone_manager.cc(1889)] Initial discovery complete
04-09 16:56:45.446  3085  3085 I cast_shell: [3088:3137:INFO:mdns_app_filter.cc(1605)] Re-probing due to newly registered service '3': _googlezone
04-09 16:56:45.447  3085  3085 I cast_shell: [3088:3088:INFO:mdns_manager_impl.cc(311)] Successfully registered service: type=_googlezone
04-09 16:56:45.494  3168  3168 I dnsmasq : started, version 2.51 DNS disabled
04-09 16:56:45.494  3168  3168 I dnsmasq : compile time options: no-IPv6 GNU-getopt no-DBus no-I18N DHCP no-scripts no-TFTP
04-09 16:56:45.494  3168  3168 I dnsmasq : DHCP, IP range 192.168.255.250 -- 192.168.255.254, lease time 12h
04-09 16:56:45.494  2711  2723 I yani_server: doLotofWork() List of interface '4'
04-09 16:56:45.494  2711  2723 I yani_server: doLotofWork() Interface 'p2p0' ifr[0].ifr_name 'lo' ipaddress '127.0.0.1'
04-09 16:56:45.494  2711  2723 I yani_server: doLotofWork() Interface 'p2p0' ifr[1].ifr_name 'p2p0' ipaddress '192.168.255.249'
04-09 16:56:45.494  2711  2723 I yani_server: doLotofWork() returns 'REFILL WACMODE'
04-09 16:56:45.494  2711  2723 E yani_server: YANI: I am Done Wait For Event 
04-09 16:56:45.494  2711  2723 I yani_kernel: yani_geteventfrom_changeaddr() Message-Id '1' Netlink event '21' Interface Index '6' -> Name 'p2p0' 
04-09 16:56:45.495  2711  2812 I yani_server: onNetworkParametersChanged() WAC Mode '1'  Index '2' Interface 'p2p0' Status '1'
04-09 16:56:45.495  2728  2746 I MB_HANDLER: YaniAlert() Interface '4' Status '1'
04-09 16:56:45.512  2712  2720 E luciUART: UART:aa
04-09 16:56:45.512  2712  2720 E luciUART: UART:aa
04-09 16:56:45.512  2712  2720 E luciUART: UART:2
04-09 16:56:45.512  2712  2720 E luciUART: UART:0
04-09 16:56:45.512  2712  2720 E luciUART: UART:d0
04-09 16:56:45.512  2712  2720 E luciUART: UART:0
04-09 16:56:45.512  2712  2720 I chatty  : uid=0(root) UARTLUCIControl identical 2 lines
04-09 16:56:45.512  2712  2720 E luciUART: UART:0
04-09 16:56:45.512  2712  2720 E luciUART: UART:9
04-09 16:56:45.512  2712  2720 I luciUART: read() RemoteID = 43690 Command = 208 Type = 2 Status = 0 DataLen = 9
04-09 16:56:45.513  2712  2720 E luciUART: Error: full data not available yet! readBytes 0
04-09 16:56:45.513  2712  2720 I luciUART: Previous Packet read contd., 
04-09 16:56:45.513  2712  2720 E luciUART: UART:52
04-09 16:56:45.513  2712  2720 I luciUART: Previous Packet read contd., 
04-09 16:56:45.513  2712  2720 E luciUART: UART:45
04-09 16:56:45.513  2712  2720 I luciUART: Previous Packet read contd., 
04-09 16:56:45.513  2712  2720 E luciUART: UART:41
04-09 16:56:45.513  2712  2720 I luciUART: Previous Packet read contd., 
04-09 16:56:45.513  2712  2720 E luciUART: UART:44
04-09 16:56:45.513  2712  2720 I luciUART: Previous Packet read contd., 
04-09 16:56:45.513  2712  2720 E luciUART: UART:5f
04-09 16:56:45.513  2712  2720 I luciUART: Previous Packet read contd., 
04-09 16:56:45.513  2712  2720 E luciUART: UART:73
04-09 16:56:45.513  2712  2720 I luciUART: Previous Packet read contd., 
04-09 16:56:45.513  2712  2720 E luciUART: UART:73
04-09 16:56:45.513  2712  2720 I luciUART: Previous Packet read contd., 
