04-09 16:34:28.492  3077  3077 I cast_shell: [3080:3102:INFO:mixer_input_connection.cc(208)] Create 0xf3e2bda0 (no_delay), content type: media, focus type: media, fill size: 512, algorithm fill size: 240, channel count: 2, input sample rate: 48000, start threshold: 3360, max queue size: 9600, socket: 0xf3c22aa0
04-09 16:34:28.534  3077  3077 I cast_shell: [3080:3101:INFO:mixer_output_stream_alsa.cc(293)] snd_pcm_close: handle=0xf2a36b98
04-09 16:34:28.535  3077  3077 I cast_shell: [3080:3100:INFO:stream_mixer.cc(604)] Input source channel count = 2
04-09 16:34:28.535  3077  3077 I cast_shell: [3080:3100:INFO:stream_mixer.cc(607)] Dynamic channel count not enabled; using stereo
04-09 16:34:28.535  3077  3077 I cast_shell: [3080:3100:INFO:stream_mixer.cc(604)] Input source channel count = 2
04-09 16:34:28.535  3077  3077 I cast_shell: [3080:3100:INFO:stream_mixer.cc(607)] Dynamic channel count not enabled; using stereo
04-09 16:34:28.535  3077  3077 I cast_shell: [3080:3100:INFO:stream_mixer.cc(416)] Start with 0 active inputs
04-09 16:34:28.537  3077  3077 I cast_shell: [3080:3101:INFO:mixer_output_stream_alsa.cc(171)] snd_pcm_open: handle=0xf2a53ab8
04-09 16:34:28.545  3077  3077 I cast_shell: [3080:3101:INFO:mixer_output_stream_alsa.cc(346)] Sample rate changed from 48000 to 48000
04-09 16:34:28.548  3077  3077 I cast_shell: [3080:3100:INFO:stream_mixer.cc(466)] Output 2 channels at 48000 samples per second
04-09 16:34:28.548  3077  3077 I cast_shell: [3080:3101:INFO:filter_group.cc(340)] : 2ch@48000hz -> [GROUP]mix -> 2ch@48000hz
04-09 16:34:28.548  3077  3077 I cast_shell: [3080:3100:INFO:stream_mixer.cc(484)] Using 2 loopback channels
04-09 16:34:28.548  3077  3077 I cast_shell: [3080:3101:INFO:filter_group.cc(340)] [GROUP]mix: 2ch@48000hz -> [GROUP]linearize -> 2ch@48000hz
04-09 16:34:28.550  3077  3077 I cast_shell: [3080:3100:INFO:stream_mixer.cc(640)] Add input 0xf3e2bda4 to mix @ 48000 samples per second. Is primary source? = 0
04-09 16:34:28.550  3077  3077 I cast_shell: [3080:3097:INFO:media_pipeline_backend_for_mixer.cc(276)] Audio ready to play
04-09 16:34:28.553  3077  3077 I cast_shell: [3080:3100:INFO:mixer_input.cc(361)] no_delay(0xf3e2bda4): set volume limits to [0, 1]
04-09 16:34:28.553  3077  3077 I cast_shell: [3080:3100:INFO:mixer_input.cc(346)] no_delay(0xf3e2bda4): type volume = 1, effective multiplier = 1
04-09 16:34:28.553  3077  3077 I cast_shell: [3080:3100:INFO:mixer_input.cc(395)] no_delay(0xf3e2bda4): mute volume = 1, effective multiplier = 1
04-09 16:34:28.553  3077  3077 I cast_shell: [3080:3100:INFO:mixer_input_connection.cc(1053)] 0xf3e2bda0 ready for playback
04-09 16:34:28.553  3077  3077 I cast_shell: [3080:3100:INFO:mixer_input_connection.cc(705)] Start 0xf3e2bda0
04-09 16:34:28.830  3077  3077 I cast_shell: [3080:3088:ERROR:connectivity_checker_impl.cc(265)] Connectivity check failed: 400
04-09 16:34:29.837  3077  3077 I cast_shell: [3080:3088:ERROR:connectivity_checker_impl.cc(265)] Connectivity check failed: 400
04-09 16:34:30.138  3077  3077 I cast_shell: [3080:3100:INFO:mixer_input_connection.cc(589)] End of stream for 0xf3e2bda0
04-09 16:34:30.330  3077  3077 I cast_shell: [3080:3097:INFO:synchronized_sound_player.cc(496)] Finished playing sound
04-09 16:34:30.330  3077  3077 I cast_shell: [3080:3102:INFO:mixer_input_connection.cc(386)] Remove 0xf3e2bda0
04-09 16:34:30.393  3077  3077 I cast_shell: [3080:3102:INFO:mixer_input_connection.cc(243)] Delete 0xf3e2bda0
04-09 16:34:30.394  3077  3077 I cast_shell: [3080:3100:INFO:stream_mixer.cc(683)] Remove input 0xf3e2bda4
04-09 16:34:30.394  3077  3077 I cast_shell: [3080:3100:INFO:stream_mixer.cc(774)] Close timeout
04-09 16:34:30.394  3077  3077 I cast_shell: [3080:3100:INFO:stream_mixer.cc(541)] Stop
04-09 16:34:30.394  3077  3077 I cast_shell: [3080:3088:INFO:loopback_audio_input.cc(194)] [REALIGN] loopback interrupted; reason = 4
04-09 16:34:30.394  3077  3077 I cast_shell: [3080:3080:INFO:cast_receiver_mojo.cc(844)] cast event : Cast.Platform.Audio.OutputInterrupted
04-09 16:34:30.478  3077  3077 I cast_shell: [3080:3101:INFO:mixer_output_stream_alsa.cc(293)] snd_pcm_close: handle=0xf2a53ab8
04-09 16:34:30.843  3077  3077 I cast_shell: [3080:3088:ERROR:connectivity_checker_impl.cc(265)] Connectivity check failed: 400
04-09 16:35:10.311  2730  2741 E NetworkMonitor: cannot find default IPv4 route for wlan0
04-09 16:35:10.312  2730  2741 E NetworkMonitor: cannot find default IPv6 route for wlan0
04-09 16:35:12.114  3077  3077 I chatty  : uid=1000(chrome) /bin/logwrapper identical 41 lines
04-09 16:35:13.120  3077  3077 I cast_shell: [3080:3088:ERROR:connectivity_checker_impl.cc(265)] Connectivity check failed: 400
04-09 16:35:13.384  2730  2741 E NetworkMonitor: no response for /bin/ping -n -I wlan0 -c 10 -w 10 8.8.8.8
04-09 16:35:13.395  2730  2741 E NetworkMonitor: no response for /bin/ping6 -n -I wlan0 -c 10 -w 10 2001:4860:4860::8888
04-09 16:35:13.396  2730  2741 E NetworkMonitor: dns resolution failed
04-09 16:35:13.782  3077  3077 I cast_shell: [3080:3118:INFO:ble_setup.cc(322)] Record action: Setup.connect_wifi.BLE
04-09 16:35:13.790  3077  3077 I cast_shell: [3080:3118:INFO:setup_manager_impl.cc(1965)] New value: pref=tos-accepted, value=1
04-09 16:35:13.790  3077  3077 I cast_shell: [3080:3118:INFO:api_connect_wifi.cc(86)] connect_wifi Auth: 7
04-09 16:35:13.790  3077  3077 I cast_shell: [3080:3118:INFO:api_connect_wifi.cc(90)] connect_wifi Cipher: 4
04-09 16:35:13.790  3077  3077 I cast_shell: [3080:3080:INFO:bluetooth_setup.cc(686)] Disabling connectability: no bonded devices.
04-09 16:35:13.790  3077  3077 I cast_shell: [3080:3080:INFO:cast_receiver_impl.cc(1100)] Leaving discovery-only mode
04-09 16:35:13.790  3077  3077 I cast_shell: [3080:3080:INFO:application_config_manager_impl.cc(566)] Enabling virtual device ec7f458d-1bef-9f83-8e9c-2de52299c538
04-09 16:35:13.791  3077  3077 I cast_shell: [3080:3128:INFO:mdns_cast_service.cc(351)] Device discovery state is idle
04-09 16:35:13.791  3077  3077 I cast_shell: [3080:3128:INFO:mdns_util.cc(102)] Defaulting mDNS capabilities for audio-only build
04-09 16:35:13.804  3077  3077 I cast_shell: [3080:3118:INFO:wifi_controller_wpa_supplicant.cc(1188)] strongest_snr=22 wifi_interface_index=0
04-09 16:35:13.819  2732  2763 I bluetoothtbd: [0409/040513.819677:INFO:adapter.cc(551)] Adapter properties changed
04-09 16:35:13.819  3077  3077 I cast_shell: [3080:3118:INFO:api_connect_wifi.cc(159)] [PII] Configuring wifi: ssid=Linksys16717_2G, auth=7, pairwise=4, id=0"
04-09 16:35:13.820  3077  3077 I cast_shell: [3080:3118:INFO:api_connect_wifi.cc(162)] Configuring wifi: otg =0, tethering_mode =0, wifi_auto_save_enabled=0
04-09 16:35:13.820  3077  3077 I cast_shell: [3080:3118:INFO:local_network_info_impl.cc(276)] CONNECTIVITY_ID changed:
04-09 16:35:13.820  3077  3077 I cast_shell: [3080:3118:INFO:setup_state.cc(261)] Setup state changed: SETUP_STATE_DISCONNECTED_EXTERNAL_CLIENT_ACCESSED (11) -> SETUP_STATE_SCANNING (20)
04-09 16:35:13.820  3077  3077 I cast_shell: [3080:3118:INFO:bluetooth_manager.cc(115)] Record action: Cast.Bluetooth.DiscoveryMode.Disable
04-09 16:35:13.820  3077  3077 I cast_shell: [3080:3080:INFO:ccs_manager_impl.cc(1799)] Connectivity ID has changed; Will re-register CCS
04-09 16:35:13.820  3077  3077 I cast_shell: [3080:3080:INFO:ccs_manager_impl.cc(851)] Network connectivity down for CcsManager
04-09 16:35:13.821  2710  2722 I yani_server: NetLink Event '-1' Interface-Index '5' WLAN '-1' Ethernet '-1' Parsed-iFill '-1' -> 'INVALID' ifIndex '1' -> 'lo'
04-09 16:35:13.827  3077  3077 I cast_shell: [3080:3118:INFO:setup_state.cc(261)] Setup state changed: SETUP_STATE_SCANNING (20) -> SETUP_STATE_CHECKING_GLOBAL_CONNECTIVITY (50)
04-09 16:35:13.833  2968  3155 I LibreCastControlDelegate: OnCastStatus() +++ Lyric Speaker Box 21f384:0xabe25198:OFFLINE
04-09 16:35:13.833  2968  3155 I LibreCastControlDelegate: Device Build Number -> '1.52.272222'
04-09 16:35:13.833  2968  3155 I librecast: updateCastBuildVersion() Version 1.52.272222
04-09 16:35:13.833  2711  2711 I lucitransport: readRemoteMessage() MID char = 7 buffer = 1.52.272222
04-09 16:35:13.833  2968  3155 I LibreCastControlDelegate: Active Applications -> 0
04-09 16:35:13.833  2968  3155 I LibreCastControlDelegate: Current Cast State '3' -> 'OFFLINE'
04-09 16:35:13.833  2968  3155 I LibreCastControlDelegate: OnCastStatus() ---
04-09 16:35:13.836  2968  3155 I LibreCastControlDelegate: OnCastStatus() +++ Lyric Speaker Box 21f384:0xabe25198:OFFLINE
04-09 16:35:13.836  2968  3155 I LibreCastControlDelegate: Device Build Number -> '1.52.272222'
04-09 16:35:13.836  2968  3155 I librecast: updateCastBuildVersion() Version 1.52.272222
04-09 16:35:13.836  2711  2711 I lucitransport: readRemoteMessage() MID char = 7 buffer = 1.52.272222
04-09 16:35:13.836  2968  3155 I LibreCastControlDelegate: Active Applications -> 0
04-09 16:35:13.836  2968  3155 I LibreCastControlDelegate: Current Cast State '3' -> 'OFFLINE'
04-09 16:35:13.836  2968  3155 I LibreCastControlDelegate: OnCastStatus() ---
04-09 16:35:13.837  2968  3155 I LibreCastControlDelegate: OnCastStatus() +++ Lyric Speaker Box 21f384:0xabe25198:OFFLINE
04-09 16:35:13.837  2968  3155 I LibreCastControlDelegate: Device Build Number -> '1.52.272222'
04-09 16:35:13.837  2968  3155 I librecast: updateCastBuildVersion() Version 1.52.272222
04-09 16:35:13.837  2711  2711 I lucitransport: readRemoteMessage() MID char = 7 buffer = 1.52.272222
04-09 16:35:13.837  2968  3155 I LibreCastControlDelegate: Active Applications -> 0
04-09 16:35:13.837  2968  3155 I LibreCastControlDelegate: Current Cast State '3' -> 'OFFLINE'
04-09 16:35:14.127  3077  3077 I cast_shell: [3080:3088:ERROR:connectivity_checker_impl.cc(265)] Connectivity check failed: 400
04-09 16:35:14.334  3077  3077 I cast_shell: [3080:3118:INFO:metrics_recorder.cc(282)] Record action: Setup.version.BLE
04-09 16:35:14.363  3077  3077 I cast_shell: [3080:3118:INFO:metrics_recorder.cc(282)] Record action: Setup.tos_accepted.BLE
04-09 16:35:14.393  3077  3077 I cast_shell: [3080:3118:INFO:metrics_recorder.cc(282)] Record action: Setup.state.BLE
04-09 16:35:14.423  3077  3077 I cast_shell: [3080:3118:INFO:metrics_recorder.cc(282)] Record action: Setup.ip_address.BLE
04-09 16:35:14.796  3077  3077 I cast_shell: [3080:3080:INFO:grpc_service_discovery_impl.cc(185)] Mdns discovered google RPC for [PII](BCBAC5B9903CBE40318173B946A6D437).
04-09 16:35:14.963  3077  3077 I cast_shell: [3080:3118:INFO:metrics_recorder.cc(282)] Record action: Setup.version.BLE
04-09 16:35:14.993  3077  3077 I cast_shell: [3080:3118:INFO:metrics_recorder.cc(282)] Record action: Setup.tos_accepted.BLE
04-09 16:35:15.023  3077  3077 I cast_shell: [3080:3118:INFO:metrics_recorder.cc(282)] Record action: Setup.state.BLE
04-09 16:35:15.053  3077  3077 I cast_shell: [3080:3118:INFO:metrics_recorder.cc(282)] Record action: Setup.ip_address.BLE
04-09 16:35:15.133  3077  3077 I cast_shell: [3080:3088:ERROR:connectivity_checker_impl.cc(265)] Connectivity check failed: 400
04-09 16:35:15.593  3077  3077 I cast_shell: [3080:3118:INFO:metrics_recorder.cc(282)] Record action: Setup.version.BLE
04-09 16:35:15.623  3077  3077 I cast_shell: [3080:3118:INFO:metrics_recorder.cc(282)] Record action: Setup.tos_accepted.BLE
04-09 16:35:15.653  3077  3077 I cast_shell: [3080:3118:INFO:metrics_recorder.cc(282)] Record action: Setup.state.BLE
04-09 16:35:15.683  3077  3077 I cast_shell: [3080:3118:INFO:metrics_recorder.cc(282)] Record action: Setup.ip_address.BLE
04-09 16:35:15.799  3077  3077 I cast_shell: [3080:3128:INFO:mdns_app_filter.cc(1526)] MdnsAppFilter: Done announcing.
04-09 16:35:16.140  3077  3077 I cast_shell: [3080:3088:ERROR:connectivity_checker_impl.cc(265)] Connectivity check failed: 400
04-09 16:35:16.223  3077  3077 I cast_shell: [3080:3118:INFO:metrics_recorder.cc(282)] Record action: Setup.version.BLE
04-09 16:35:16.252  3077  3077 I cast_shell: [3080:3118:INFO:metrics_recorder.cc(282)] Record action: Setup.tos_accepted.BLE
04-09 16:35:16.283  3077  3077 I cast_shell: [3080:3118:INFO:metrics_recorder.cc(282)] Record action: Setup.state.BLE
04-09 16:35:16.313  3077  3077 I cast_shell: [3080:3118:INFO:metrics_recorder.cc(282)] Record action: Setup.ip_address.BLE
04-09 16:35:16.398  2730  2741 E WifiUtil: command: "SCAN" failed: FAIL-BUSY
04-09 16:35:16.853  3077  3077 I cast_shell: [3080:3118:INFO:metrics_recorder.cc(282)] Record action: Setup.version.BLE
04-09 16:35:16.882  3077  3077 I cast_shell: [3080:3118:INFO:metrics_recorder.cc(282)] Record action: Setup.tos_accepted.BLE
04-09 16:35:16.913  3077  3077 I cast_shell: [3080:3118:INFO:metrics_recorder.cc(282)] Record action: Setup.state.BLE
04-09 16:35:16.943  3077  3077 I cast_shell: [3080:3118:INFO:metrics_recorder.cc(282)] Record action: Setup.ip_address.BLE
04-09 16:35:17.147  3077  3077 I cast_shell: [3080:3088:ERROR:connectivity_checker_impl.cc(265)] Connectivity check failed: 400
04-09 16:35:17.192  2967  2978 D wac-main: Netlink event
04-09 16:35:17.192  2967  2978 E wac-main: Netlink event 16 Interface Index 5 
04-09 16:35:17.193  2967  2978 E wac-main: Enter poll and wait
04-09 16:35:17.193  2967  2978 D wac-main: Netlink event
04-09 16:35:17.193  2967  2978 E wac-main: Netlink event 16 Interface Index 5 
04-09 16:35:17.193  2967  2978 E wac-main: Enter poll and wait
04-09 16:35:17.193  2710  2722 I yani_kernel: yani_geteventfrom_changeaddr() Message-Id '1' Netlink event '16' Interface Index '5' -> Name 'wlan0' 
04-09 16:35:17.198  2710  2722 I yani_kernel: yani_geteventfrom_changeaddr() Message-Id '1' Netlink event '16' Interface Index '5' -> Name 'wlan0' 
04-09 16:35:17.201  2709  2709 I wpa_supplicant: wlan0: Selected BSS :ef (level:-47 noise:-61 frequency:2427)
04-09 16:35:17.204  2709  2709 I wpa_supplicant: wlan0: SME: Trying to authenticate with c8:b3:73:44:ae:ef (SSID='Linksys16717_2G' freq=2427 MHz)
04-09 16:35:17.206  2710  2722 I yani_server: NetLink Event '-1' Interface-Index '5' WLAN '-1' Ethernet '-1' Parsed-iFill '-1' -> 'INVALID' ifIndex '1' -> 'lo'
04-09 16:35:17.216  2710  2722 I yani_server: NetLink Event '-1' Interface-Index '5' WLAN '0' Ethernet '-1' Parsed-iFill '-1' -> 'INVALID' ifIndex '1' -> 'lo'
04-09 16:35:17.217  2710  2722 I chatty  : uid=0(root) YaniServer identical 1 line
04-09 16:35:17.218  2710  2722 I yani_server: NetLink Event '-1' Interface-Index '5' WLAN '0' Ethernet '-1' Parsed-iFill '-1' -> 'INVALID' ifIndex '1' -> 'lo'
04-09 16:35:17.218  2968  3155 I LibreCastControlDelegate: OnCastStatus() +++ Lyric Speaker Box 21f384:0xabe25198:OFFLINE
04-09 16:35:17.218  2968  3155 I LibreCastControlDelegate: Device Build Number -> '1.52.272222'
04-09 16:35:17.218  2968  3155 I librecast: updateCastBuildVersion() Version 1.52.272222
04-09 16:35:17.218  2711  2711 I lucitransport: readRemoteMessage() MID char = 7 buffer = 1.52.272222
04-09 16:35:17.218  2968  3155 I LibreCastControlDelegate: Active Applications -> 0
04-09 16:35:17.218  2968  3155 I LibreCastControlDelegate: Current Cast State '3' -> 'OFFLINE'
04-09 16:35:17.218  2968  3155 I LibreCastControlDelegate: OnCastStatus() ---
04-09 16:35:17.219  2710  2722 I yani_server: NetLink Event '-1' Interface-Index '5' WLAN '0' Ethernet '-1' Parsed-iFill '-1' -> 'INVALID' ifIndex '1' -> 'lo'
04-09 16:35:17.271  2709  2709 I wpa_supplicant: wlan0: Trying to associate with c8:b3:73:44:ae:ef (SSID='Linksys16717_2G' freq=2427 MHz)
04-09 16:35:17.272  2710  2722 I yani_server: NetLink Event '-1' Interface-Index '5' WLAN '0' Ethernet '-1' Parsed-iFill '-1' -> 'INVALID' ifIndex '1' -> 'lo'
04-09 16:35:17.293  3157  3157 I hostapd : p2p0: IEEE 802.11 driver had channel switch: freq=2427, ht=1, vht_ch=0x0, offset=0, width=1 (20 MHz), cf1=2427, cf2=0
04-09 16:35:17.294  2990  2990 I hostapd : p2p1: IEEE 802.11 driver had channel switch: freq=2427, ht=1, vht_ch=0x0, offset=0, width=1 (20 MHz), cf1=2427, cf2=0
04-09 16:35:17.295  2709  2709 I wpa_supplicant: wlan0: Associated with c8:b3:73:44:ae:ef
04-09 16:35:17.295  2709  2709 I wpa_supplicant: wlan0: CTRL-EVENT-SUBNET-STATUS-UPDATE status=0
04-09 16:35:17.296  2967  2978 D wac-main: Netlink event
04-09 16:35:17.296  2967  2978 E wac-main: Netlink event 16 Interface Index 5 
04-09 16:35:17.296  2967  2978 E wac-main: Enter poll and wait
04-09 16:35:17.296  2967  2978 D wac-main: Netlink event
04-09 16:35:17.296  2967  2978 E wac-main: Netlink event 16 Interface Index 5 
04-09 16:35:17.296  2967  2978 E wac-main: Enter poll and wait
04-09 16:35:17.296  2967  2978 D wac-main: Netlink event
04-09 16:35:17.296  2967  2978 E wac-main: Netlink event 16 Interface Index 5 
04-09 16:35:17.296  2967  2978 E wac-main: Enter poll and wait
04-09 16:35:17.296  2967  2978 D wac-main: Netlink event
04-09 16:35:17.296  2967  2978 E wac-main: Netlink event 16 Interface Index 5 
04-09 16:35:17.296  2967  2978 E wac-main: Enter poll and wait
04-09 16:35:17.296  2967  2978 D wac-main: Netlink event
04-09 16:35:17.301  2967  2978 E wac-main: Netlink event 16 Interface Index 5 
04-09 16:35:17.301  2967  2978 E wac-main: Enter poll and wait
04-09 16:35:17.301  2967  2978 D wac-main: Netlink event
04-09 16:35:17.301  2967  2978 E wac-main: Netlink event 16 Interface Index 5 
04-09 16:35:17.301  2967  2978 E wac-main: Enter poll and wait
04-09 16:35:17.303  2709  2709 I wpa_supplicant: wlan0: WPA: RX message 1 of 4-Way Handshake from c8:b3:73:44:ae:ef (ver=2)
04-09 16:35:17.304  2709  2709 I wpa_supplicant: wlan0: WPA: Sending EAPOL-Key 2/4
04-09 16:35:17.305  2710  2722 I yani_server: NetLink Event '-1' Interface-Index '5' WLAN '0' Ethernet '-1' Parsed-iFill '-1' -> 'INVALID' ifIndex '1' -> 'lo'
04-09 16:35:17.306  2710  2722 I chatty  : uid=0(root) YaniServer identical 2 lines
04-09 16:35:17.307  2710  2722 I yani_server: NetLink Event '-1' Interface-Index '5' WLAN '0' Ethernet '-1' Parsed-iFill '-1' -> 'INVALID' ifIndex '1' -> 'lo'
04-09 16:35:17.307  2710  2722 I yani_kernel: yani_geteventfrom_changeaddr() Message-Id '1' Netlink event '16' Interface Index '5' -> Name 'wlan0' 
04-09 16:35:17.312  2710  2722 I chatty  : uid=0(root) YaniServer identical 4 lines
04-09 16:35:17.313  2710  2722 I yani_kernel: yani_geteventfrom_changeaddr() Message-Id '1' Netlink event '16' Interface Index '5' -> Name 'wlan0' 
04-09 16:35:17.318  2709  2709 I wpa_supplicant: wlan0: WPA: RX message 3 of 4-Way Handshake from c8:b3:73:44:ae:ef (ver=2)
04-09 16:35:17.318  2709  2709 I wpa_supplicant: wlan0: WPA: Sending EAPOL-Key 4/4
04-09 16:35:17.320  2710  2722 I yani_server: NetLink Event '-1' Interface-Index '5' WLAN '-1' Ethernet '-1' Parsed-iFill '-1' -> 'INVALID' ifIndex '1' -> 'lo'
04-09 16:35:17.321  2709  2709 I wpa_supplicant: wlan0: WPA: Key negotiation completed with c8:b3:73:44:ae:ef [PTK=CCMP GTK=TKIP]
04-09 16:35:17.321  2709  2709 I wpa_supplicant: wlan0: CTRL-EVENT-CONNECTED - Connection to c8:b3:73:44:ae:ef completed [id=0 id_str=]
04-09 16:35:17.323  2967  2978 D wac-main: Netlink event
04-09 16:35:17.324  2967  2978 E wac-main: Netlink event 16 Interface Index 5 
04-09 16:35:17.324  2967  2978 E wac-main: Enter poll and wait
04-09 16:35:17.324  2967  2978 D wac-main: Netlink event
04-09 16:35:17.324  2967  2978 E wac-main: Netlink event 16 Interface Index 5 
04-09 16:35:17.324  2967  2978 E wac-main: Enter poll and wait
04-09 16:35:17.324  2734  2734 D dhcpcd  : wlan0: carrier acquired
04-09 16:35:17.327  3077  3077 I cast_shell: [3080:3130:INFO:wifi_controller_wpa_supplicant.cc(634)] After connection, current_wifi_index=0
04-09 16:35:17.327  2967  2978 D wac-main: Netlink event
04-09 16:35:17.327  2967  2978 E wac-main: Netlink event 16 Interface Index 5 
04-09 16:35:17.328  2967  2978 E wac-main: Enter poll and wait
04-09 16:35:17.328  2710  2722 I yani_server: NetLink Event '-1' Interface-Index '5' WLAN '0' Ethernet '-1' Parsed-iFill '-1' -> 'INVALID' ifIndex '1' -> 'lo'
04-09 16:35:17.331  2968  3155 I LibreCastControlDelegate: OnCastStatus() +++ Lyric Speaker Box 21f384:0xabe25198:OFFLINE
04-09 16:35:17.331  2968  3155 I LibreCastControlDelegate: Device Build Number -> '1.52.272222'
04-09 16:35:17.331  2968  3155 I librecast: updateCastBuildVersion() Version 1.52.272222
04-09 16:35:17.331  2711  2711 I lucitransport: readRemoteMessage() MID char = 7 buffer = 1.52.272222
04-09 16:35:17.332  2968  3155 I LibreCastControlDelegate: Active Applications -> 0
04-09 16:35:17.332  2968  3155 I LibreCastControlDelegate: Current Cast State '3' -> 'OFFLINE'
04-09 16:35:17.332  2968  3155 I LibreCastControlDelegate: OnCastStatus() ---
04-09 16:35:17.336  2710  2722 I yani_server: NetLink Event '-1' Interface-Index '5' WLAN '0' Ethernet '-1' Parsed-iFill '-1' -> 'INVALID' ifIndex '1' -> 'lo'
04-09 16:35:17.337  2710  2722 I yani_server: NetLink Event '-1' Interface-Index '5' WLAN '7' Ethernet '-1' Parsed-iFill '7' -> 'WLAN0 LINKUP' ifIndex '1' -> 'lo'
04-09 16:35:17.337  2710  2722 I yani_server: saveConfig:537:wlan0
04-09 16:35:17.338  2710  2722 I wifiapi : newconn : 0xac82bbe8
04-09 16:35:17.338  2710  2722 I yani_server: saveConfig:544:got handle successfully
04-09 16:35:17.338  2710  2722 I wifiapi : 'STATUS' command returned = 0
04-09 16:35:17.341  2710  2722 I wifiapi : 'SAVE_CONFIG' command returned = 0
04-09 16:35:17.341  2710  2722 E yani_server: wlan0 Status=8 SaveConfig returns=0
04-09 16:35:17.341  2710  2722 I yani_server: SaveConfig return value=0
04-09 16:35:17.341  2710  2722 E WLANP2PIF: WlanP2pif: current chan = 4
04-09 16:35:17.343  2690  2690 I sh      : saveConfig:538:wlan0wlan0 Status=8 SaveConfig returns=0
04-09 16:35:17.343  2710  2722 E yani_wifi: set txpower chan : 4 country : US
04-09 16:35:17.343  2710  2722 E yani_wifi: nrates = 7
04-09 16:35:17.483  3077  3077 I cast_shell: [3080:3118:INFO:metrics_recorder.cc(282)] Record action: Setup.version.BLE
04-09 16:35:17.512  3077  3077 I cast_shell: [3080:3118:INFO:metrics_recorder.cc(282)] Record action: Setup.tos_accepted.BLE
04-09 16:35:17.542  3077  3077 I cast_shell: [3080:3118:INFO:metrics_recorder.cc(282)] Record action: Setup.state.BLE
04-09 16:35:17.572  3077  3077 I cast_shell: [3080:3118:INFO:metrics_recorder.cc(282)] Record action: Setup.ip_address.BLE
04-09 16:35:18.113  3077  3077 I cast_shell: [3080:3118:INFO:metrics_recorder.cc(282)] Record action: Setup.version.BLE
04-09 16:35:18.153  3077  3077 I cast_shell: [3080:3088:ERROR:connectivity_checker_impl.cc(265)] Connectivity check failed: 400
04-09 16:35:18.157  3077  3077 I cast_shell: [3080:3118:INFO:metrics_recorder.cc(282)] Record action: Setup.tos_accepted.BLE
04-09 16:35:18.187  3077  3077 I cast_shell: [3080:3118:INFO:metrics_recorder.cc(282)] Record action: Setup.state.BLE
04-09 16:35:18.233  3077  3077 I cast_shell: [3080:3118:INFO:metrics_recorder.cc(282)] Record action: Setup.ip_address.BLE
04-09 16:35:18.350  2710  2722 I yani_autoip: start_autoip() Interface 'wlan0' Is AutoIP Required 'Yes' Thread-Running 'No' 
04-09 16:35:18.351  2710  2722 E yani_server: YANI: I am Done Wait For Event 
04-09 16:35:18.351  2710  2722 I yani_kernel: yani_geteventfrom_changeaddr() Message-Id '1' Netlink event '16' Interface Index '5' -> Name 'wlan0' 
04-09 16:35:18.352  2710  2722 I yani_kernel: yani_geteventfrom_changeaddr() Message-Id '1' Netlink event '16' Interface Index '5' -> Name 'wlan0' 
04-09 16:35:18.353  2710  3346 I yani_autoip: Setting autoiptimer to 70000
04-09 16:35:18.354  2710  2722 I yani_kernel: yani_geteventfrom_changeaddr() Message-Id '1' Netlink event '16' Interface Index '5' -> Name 'wlan0' 
04-09 16:35:18.363  3345  3345 E dhcpcd  : control_open: Connection refused
04-09 16:35:18.364  3345  3345 E dhcpcd  : eth0: interface not found or invalid
04-09 16:35:18.365  2967  2978 D wac-main: Netlink event
04-09 16:35:18.365  2967  2978 E wac-main: Netlink event 16 Interface Index 5 
04-09 16:35:18.365  3345  3345 D dhcpcd  : wlan0: adding address fe80::ce90:93ff:fe21:f384
04-09 16:35:18.365  2967  2978 E wac-main: Enter poll and wait
04-09 16:35:18.370  2710  2722 I yani_kernel: yani_geteventfrom_changeaddr() Message-Id '1' Netlink event '16' Interface Index '5' -> Name 'wlan0' 
04-09 16:35:18.465  3345  3345 E dhcpcd  : error writing DUID: /etc/dhcpcd/dhcpcd.duid: Read-only file system
04-09 16:35:18.465  3345  3345 D dhcpcd  : DUID 00:03:00:01:cc:90:93:21:f3:84
04-09 16:35:18.465  3345  3345 D dhcpcd  : wlan0: IAID 93:21:f3:84
04-09 16:35:18.773  3077  3077 I cast_shell: [3080:3118:INFO:metrics_recorder.cc(282)] Record action: Setup.version.BLE
04-09 16:35:18.803  3077  3077 I cast_shell: [3080:3118:INFO:metrics_recorder.cc(282)] Record action: Setup.tos_accepted.BLE
04-09 16:35:18.815  3345  3345 D dhcpcd  : wlan0: soliciting a DHCP lease
04-09 16:35:18.815  3345  3345 D dhcpcd  : wlan0: sending DISCOVER (xid 0x4485660b), next in -1417437860084712348879602704187174656205806721082610833705935447656884438015593800999464244664843386859317199357495735397899598293520206041711936261523369147204907552105980968818658549800261319308000127921509971761521481031899496613474166497585949178837154506202939392.0 seconds
04-09 16:35:18.832  3077  3077 I cast_shell: [3080:3118:INFO:metrics_recorder.cc(282)] Record action: Setup.state.BLE
04-09 16:35:18.863  3077  3077 I cast_shell: [3080:3118:INFO:metrics_recorder.cc(282)] Record action: Setup.ip_address.BLE
04-09 16:35:19.160  3077  3077 I cast_shell: [3080:3088:ERROR:connectivity_checker_impl.cc(265)] Connectivity check failed: 400
04-09 16:35:19.207  2730  2742 I NetworkMonitor: turn off power-save
04-09 16:35:19.212  2730  2742 E DNSResolver: Error in connect: Network is unreachable
04-09 16:35:19.213  2730  2742 I chatty  : uid=0(root) /bin/net_mgr identical 4 lines
04-09 16:35:19.213  2730  2742 E DNSResolver: Error in connect: Network is unreachable
04-09 16:35:19.213  2730  2742 E HttpTimeSync: Error resolve name clients1.google.com
04-09 16:35:19.233  2730  2742 E HttpTimeSync: Error in curl perform, returns 6: Couldn't resolve host name
04-09 16:35:19.234  2730  2742 E HttpTimeSync: Failed in getting HTTP header from http://clients1.google.com/generate_204
04-09 16:35:19.288  3345  3345 D dhcpcd  : wlan0: soliciting an IPv6 router
04-09 16:35:19.387  3345  3345 D dhcpcd  : wlan0: Router Advertisement from fe80::cab3:73ff:fe44:aeed
04-09 16:35:19.387  3345  3345 D dhcpcd  : wlan0: adding address fd70:d3e7:6555:0:ce90:93ff:fe21:f384/64
04-09 16:35:19.388  3345  3345 D dhcpcd  : wlan0: adding address fd70:d3e7:6555:0:6c84:c95:b94e:b1d5/64
04-09 16:35:19.388  3345  3345 D dhcpcd  : wlan0: adding route to fd70:d3e7:6555::/64
04-09 16:35:19.389  3345  3345 D dhcpcd  : wlan0: requesting DHCPv6 information
04-09 16:35:19.404  3077  3077 I cast_shell: [3080:3118:INFO:metrics_recorder.cc(282)] Record action: Setup.version.BLE
04-09 16:35:19.406  3077  3077 I cast_shell: [3080:3118:INFO:metrics_recorder.cc(282)] Record action: Setup.eureka_info.Local
04-09 16:35:19.407  3077  3077 I cast_shell: [3080:3118:INFO:metrics_recorder.cc(282)] Record action: Setup.eureka_info.Local.200
04-09 16:35:19.408  2730  2741 E DNSResolver: Error in connect: Network is unreachable
04-09 16:35:19.409  2730  2741 I chatty  : uid=0(root) MonitorThread identical 4 lines
04-09 16:35:19.409  2730  2741 E DNSResolver: Error in connect: Network is unreachable
04-09 16:35:19.409  2730  2741 E HttpTimeSync: Error resolve name clients1.google.com
04-09 16:35:19.410  2730  2741 E HttpTimeSync: Error in curl perform, returns 6: Couldn't resolve host name
04-09 16:35:19.410  2730  2741 E HttpTimeSync: Failed in getting HTTP header from http://clients1.google.com/generate_204
04-09 16:35:19.433  3077  3077 I cast_shell: [3080:3118:INFO:metrics_recorder.cc(282)] Record action: Setup.tos_accepted.BLE
04-09 16:35:19.463  3077  3077 I cast_shell: [3080:3118:INFO:metrics_recorder.cc(282)] Record action: Setup.state.BLE
04-09 16:35:19.508  3077  3077 I cast_shell: [3080:3118:INFO:metrics_recorder.cc(282)] Record action: Setup.ip_address.BLE
04-09 16:35:19.898  3345  3345 D dhcpcd  : wlan0: received OFFER with xid 0x4485660b
04-09 16:35:19.898  3345  3345 D dhcpcd  : wlan0: offered 192.168.1.145 from 192.168.1.1
04-09 16:35:19.898  3345  3345 D dhcpcd  : wlan0: requesting lease of 192.168.1.145
04-09 16:35:19.898  3345  3345 D dhcpcd  : wlan0: sending REQUEST (xid 0x4485660b), next in -1417437860084712348879602704187174656205806721082610833705935447656884438015593800999464244664843386859317199357495735397899598293520206041711936261523369147204907552105980968818658549800261319308000127921509971761521481031899496613474166497585949178837154506202939392.0 seconds
04-09 16:35:20.003  3345  3345 D dhcpcd  : wlan0: received ACK with xid 0x4485660b
04-09 16:35:20.003  3345  3345 D dhcpcd  : wlan0: acknowledged 192.168.1.145 from 192.168.1.1
04-09 16:35:20.003  3345  3345 D dhcpcd  : wlan0: leased 192.168.1.145 for 86400 seconds
04-09 16:35:20.005  3345  3345 D dhcpcd  : wlan0: adding route to 192.168.1.0/24
04-09 16:35:20.005  3345  3345 D dhcpcd  : wlan0: adding default route via 192.168.1.1
04-09 16:35:20.006  2967  2978 D wac-main: Netlink event
04-09 16:35:20.006  2967  2978 E wac-main: Netlink event 20 Interface Index 5 
04-09 16:35:20.006  2967  2978 E wac-main: Enter poll and wait
04-09 16:35:20.006  2710  2722 I yani_kernel: yani_geteventfrom_changeaddr() Message-Id '1' Netlink event '20' Interface Index '5' -> Name 'wlan0' 
04-09 16:35:20.010  2710  2722 I yani_server: NetLink Event '2' Interface-Index '5' WLAN '-1' Ethernet '-1' Parsed-iFill '2' -> 'WLAN0 CONNECTED' ifIndex '1' -> 'lo'
04-09 16:35:20.010  2710  2722 I yani_server: doLotofWork() List of interface '5'
04-09 16:35:20.010  2710  2722 I yani_server: doLotofWork() Interface 'wlan0' ifr[0].ifr_name 'lo' ipaddress '127.0.0.1'
04-09 16:35:20.011  2728  2728 E AirableUIHelper: AirableUIHelper::YaniAlert  1 1 
04-09 16:35:20.011  2728  2728 E AirableUIHelper: Wlan is up
04-09 16:35:20.011  2727  2745 I MB_HANDLER: YaniAlert() Interface '1' Status '1'
04-09 16:35:20.012  2727  2745 E MB_HANDLER: SaveWifiSettingToENV
04-09 16:35:20.012  2727  2745 I wifiapi : newconn : 0xf5d00c40
04-09 16:35:20.012  2727  2745 I wifiapi : 'GET_NETWORK 0 ssid' command returned = 0
04-09 16:35:20.012  2727  2745 E MB_HANDLER: save ENV ssid = "Linksys16717_2G"
04-09 16:35:20.014  2710  2722 E yani_server: YANI: I am Done Wait For Event 
04-09 16:35:20.014  2730  2742 I NetworkMonitor: turn off power-save
04-09 16:35:20.023  2711  2711 I lucitransport: writeRemoteMessage() MID = 124 buffer = 1#1,1#2,0#3,1#4,1
04-09 16:35:20.023  2711  2711 I luciUART: write() MID = 124  bytes = 27 data = 1#1,1#2,0#3,1#4,1 m_fd = 0x6
04-09 16:35:20.024  2974  2995 I otamanager: YaniAlert() Interface 1 Status Up
04-09 16:35:20.024  2974  2995 I otamanager: CreateFirmwareUpdateTimerOnYaniAlert done
04-09 16:35:20.024  2970  3053 I airplay-main: YaniAlert Interface 1 Status 1
04-09 16:35:20.026  2711  2711 I lucitransport: readRemoteMessage() MID char = 90 buffer = Lyric Speaker Box 21f384
04-09 16:35:20.030  2711  2719 E luciUART: UART:aa
04-09 16:35:20.030  2711  2719 E luciUART: UART:aa
04-09 16:35:20.030  2711  2719 E luciUART: UART:2
04-09 16:35:20.030  2711  2719 E luciUART: UART:0
04-09 16:35:20.031  2711  2719 E luciUART: UART:d0
04-09 16:35:20.031  2711  2719 E luciUART: UART:0
04-09 16:35:20.031  2711  2719 I chatty  : uid=0(root) UARTLUCIControl identical 2 lines
04-09 16:35:20.031  2711  2719 E luciUART: UART:0
04-09 16:35:20.031  2711  2719 E luciUART: UART:9
04-09 16:35:20.031  2711  2719 I luciUART: read() RemoteID = 43690 Command = 208 Type = 2 Status = 0 DataLen = 9
04-09 16:35:20.031  2711  2719 E luciUART: Error: full data not available yet! readBytes 0
04-09 16:35:20.031  2711  2719 I luciUART: Previous Packet read contd., 
04-09 16:35:20.031  2711  2719 E luciUART: UART:52
04-09 16:35:20.031  2711  2719 I luciUART: Previous Packet read contd., 
04-09 16:35:20.031  2711  2719 E luciUART: UART:45
04-09 16:35:20.031  2711  2719 I luciUART: Previous Packet read contd., 
04-09 16:35:20.031  2711  2719 E luciUART: UART:41
04-09 16:35:20.031  2711  2719 I luciUART: Previous Packet read contd., 
04-09 16:35:20.031  2711  2719 E luciUART: UART:44
04-09 16:35:20.031  2711  2719 I luciUART: Previous Packet read contd., 
04-09 16:35:20.047  3077  3077 I cast_shell: [3080:3118:INFO:metrics_recorder.cc(282)] Record action: Setup.version.BLE
04-09 16:35:20.077  3077  3077 I cast_shell: [3080:3118:INFO:metrics_recorder.cc(282)] Record action: Setup.tos_accepted.BLE
04-09 16:35:20.108  3077  3077 I cast_shell: [3080:3118:INFO:metrics_recorder.cc(282)] Record action: Setup.state.BLE
04-09 16:35:20.111  2970  3380 I airplay-main: checkACPAvailability() err 0 -> Present!
04-09 16:35:20.111  2970  3380 D airplay-main: arguments[0] -> airplay_v2 -> airplay_v2
04-09 16:35:20.112  2970  3380 D airplay-main: arguments[1] -> -n -> -n
04-09 16:35:20.112  2970  3380 D airplay-main: arguments[2] -> Lyric Speaker Box 21f384 -> Lyric Speaker Box 21f384
04-09 16:35:20.112  2970  3380 D airplay-main: arguments[3] -> -z -> -z
04-09 16:35:20.112  2970  3380 D airplay-main: arguments[4] -> 1 -> 1
04-09 16:35:20.112  2970  3380 D airplay-main: arguments[5] -> -d -> -d
04-09 16:35:20.112  2970  3380 D airplay-main: arguments[6] -> 47617500 -> 47617500
04-09 16:35:20.112  2970  3380 D airplay-main: Total Number of Arguments 7
04-09 16:35:20.122  2970  3380 I airplay_v2_0_6: 2022-04-09 04:05:20.121782 [AirPlayDemo] homedir /data/ sUserPreferencesDirectoryPath /data//.airplaydemo 
04-09 16:35:20.139  3077  3077 I cast_shell: [3080:3118:INFO:metrics_recorder.cc(282)] Record action: Setup.ip_address.BLE
04-09 16:35:20.182  2730  2742 I HttpTimeSync: Building resolve list for clients1.google.com, total 1.
04-09 16:35:20.182  2730  2742 I HttpTimeSync: 	0: 142.251.36.142
04-09 16:35:20.198  2970  3380 I airplay-main: checkACPAvailability() err 0 -> Present!
04-09 16:35:20.280  2970  3403 I airplay_v2_0_6: 2022-04-09 04:05:20.280672 [AirPlayDemo] *********** AirPlayDemoPlatformSetProperty:homeIntegrationData value - 
04-09 16:35:20.280  2970  3403 I airplay_v2_0_6:     +0000: 62706c69 73743030 d101025f 10114343 |bplist00^^^_^^CC| (67 bytes)
04-09 16:35:20.280  2970  3403 I airplay_v2_0_6:     +0010: 3a39303a 39333a32 313a4633 3a3834d0 |:90:93:21:F3:84^|
04-09 16:35:20.280  2970  3403 I airplay_v2_0_6:     +0020: 080b1f00 00000000 00010100 00000000 |^^^^^^^^^^^^^^^^|
04-09 16:35:20.280  2970  3403 I airplay_v2_0_6:     +0030: 00000300 00000000 00000000 00000000 |^^^^^^^^^^^^^^^^|
04-09 16:35:20.280  2970  3403 I airplay_v2_0_6:     +0040: 000020                              |^^              |
04-09 16:35:20.283  2970  3405 I airplay_v2_0_6: 2022-04-09 04:05:20.283230 [AirPlayDemo] AirPlayDemoServerCopyProperty Password is <<NULL>>
04-09 16:35:20.293  2970  3403 I airplay_v2_0_6: 2022-04-09 04:05:20.292965 [AirPlayDemo] *********** AirPlayDemoPlatformSetProperty:homeIntegrationData value - 
04-09 16:35:20.293  2970  3403 I airplay_v2_0_6:     +0000: 62706c69 73743030 d101025f 10114343 |bplist00^^^_^^CC| (165 bytes)
04-09 16:35:20.293  2970  3403 I airplay_v2_0_6:     +0010: 3a39303a 39333a32 313a4633 3a3834d3 |:90:93:21:F3:84^
04-09 16:35:20.293  2970  3403 I airplay_v2_0_6: |
04-09 16:35:20.293  2970  3403 I airplay_v2_0_6:     +0020: 03040501 06075a69 64656e74 69666965 |^^^^^^Zidentifie|
04-09 16:35:20.293  2970  3403 I airplay_v2_0_6:     +0030: 7252736b 52706b4f 1020d61b c6099e5b |rRskRpkO^ ^^^^^[|
04-09 16:35:20.293  2970  3403 I airplay_v2_0_6:     +0040: 6cfc2cbb 9fe7a636 b137b6c4 bcef9ede |l^,^^^^6^7^^^^^^|
04-09 16:35:20.293  2970  3403 I airplay_v2_0_6:     +0050: 24c5963b fdd9d37e 99b84f10 20d6f034 |
04-09 16:35:20.293  2970  3403 I airplay_v2_0_6: $^^;^^^~^^O^ ^^4|
04-09 16:35:20.293  2970  3403 I airplay_v2_0_6:     +0060: 1628364b b525a9f8 526d7ff5 3b94eef6 |^(6K^%^^Rm^^;^^^|
04-09 16:35:20.293  2970  3403 I airplay_v2_0_6:     +0070: 97d9c867 a6688f89 6b587a0b 14080b1f |^^^g^h^^kXz^^^^^|
04-09 16:35:20.293  2970  3403 I airplay_v2_0_6:     +0080: 26313437 5a000000 00000001 01000000 |&147Z^^^^^^^^^^^|
04-09 16:35:20.293  2970  3403 I airplay_v2_0_6:     +0090: 
04-09 16:35:20.293  2970  3403 I airplay_v2_0_6: 00000000 08000000 00000000 00000000 |^^^^^^^^^^^^^^^^|
04-09 16:35:20.293  2970  3403 I airplay_v2_0_6:     +00A0: 00000000 7d                         |^^^^}           |
04-09 16:35:20.293  2711  2711 I lucitransport: readRemoteMessage() MID char = 90 buffer = Lyric Speaker Box 21f384
04-09 16:35:20.295  2970  3380 I airplay_v2_0_6: 2022-04-09 04:05:20.295490 [AirPlay] Registering Bonjour _airplay._tcp. port 7000
04-09 16:35:20.297  2970  3403 I airplay_v2_0_6: 2022-04-09 04:05:20.297477 [AirPlayDemo] AirPlayDemoServerCopyProperty Password is <<NULL>>
04-09 16:35:20.299  2970  3405 I airplay_v2_0_6: 2022-04-09 04:05:20.299017 [AirPlayDemo] AirPlayDemoServerCopyProperty Password is <<NULL>>
04-09 16:35:20.299  2711  2711 I lucitransport: readRemoteMessage() MID char = 90 buffer = Lyric Speaker Box 21f384
04-09 16:35:20.300  2970  3380 I airplay_v2_0_6: 2022-04-09 04:05:20.300862 [AirPlay] Registering Bonjour CC909321F384@Lyric Speaker Box 21f384._raop._tcp. port 7000
04-09 16:35:20.301  2970  3380 I airplay_v2_0_6: 2022-04-09 04:05:20.300999 [AirPlay] AirPlay servers started
04-09 16:35:21.247  3077  3077 I cast_shell: [3080:3088:ERROR:connectivity_checker_impl.cc(265)] Connectivity check failed: 400
04-09 16:35:21.267  2971  3004 I SPOTIFY : ConnectionNotify event(0-Login, 1-Logout, rest Error) = 7 
04-09 16:35:21.355  2730  2742 I HttpTimeSync: Http time synced
04-09 16:35:21.355  2730  2742 I NetworkMonitor: turn off power-save
04-09 16:35:21.465  3077  3077 I cast_shell: [3080:3118:INFO:metrics_recorder.cc(282)] Record action: Setup.version.BLE
04-09 16:35:21.496  3077  3077 I cast_shell: [3080:3118:INFO:metrics_recorder.cc(282)] Record action: Setup.tos_accepted.BLE
04-09 16:35:21.525  3077  3077 I cast_shell: [3080:3118:INFO:metrics_recorder.cc(282)] Record action: Setup.state.BLE
04-09 16:35:21.555  3077  3077 I cast_shell: [3080:3118:INFO:metrics_recorder.cc(282)] Record action: Setup.ip_address.BLE
04-09 16:35:22.096  3077  3077 I cast_shell: [3080:3118:INFO:metrics_recorder.cc(282)] Record action: Setup.version.BLE
04-09 16:35:22.126  3077  3077 I cast_shell: [3080:3118:INFO:metrics_recorder.cc(282)] Record action: Setup.tos_accepted.BLE
04-09 16:35:22.156  3077  3077 I cast_shell: [3080:3118:INFO:metrics_recorder.cc(282)] Record action: Setup.state.BLE
04-09 16:35:22.186  3077  3077 I cast_shell: [3080:3118:INFO:metrics_recorder.cc(282)] Record action: Setup.ip_address.BLE
04-09 16:35:22.726  3077  3077 I cast_shell: [3080:3118:INFO:metrics_recorder.cc(282)] Record action: Setup.version.BLE
04-09 16:35:22.756  3077  3077 I cast_shell: [3080:3118:INFO:metrics_recorder.cc(282)] Record action: Setup.tos_accepted.BLE
04-09 16:35:22.785  3077  3077 I cast_shell: [3080:3118:INFO:metrics_recorder.cc(282)] Record action: Setup.state.BLE
04-09 16:35:22.816  3077  3077 I cast_shell: [3080:3118:INFO:metrics_recorder.cc(282)] Record action: Setup.ip_address.BLE
04-09 16:35:23.238  3077  3077 I cast_shell: [3080:3088:INFO:connectivity_checker_impl.cc(144)] Change check url=http://connectivitycheck.gstatic.com/generate_204
04-09 16:35:23.238  3077  3077 I cast_shell: [3080:3088:INFO:connectivity_checker_impl.cc(148)] Global connection is: Up
04-09 16:35:23.238  3080  3086 E         : OOBE CheckUpdate
04-09 16:35:23.243  3077  3077 I cast_shell: [3080:3080:INFO:lycra_gcm.cc(121)] Registering GCM handler.
04-09 16:35:23.243  3077  3077 I cast_shell: [3080:3080:INFO:gcm_manager.cc(258)] Enabling GCM Driver
04-09 16:35:23.243  3077  3077 I cast_shell: [3080:3080:INFO:cloud_settings_manager.cc(431)] Connectivity established. Reconciling cloud settings.
04-09 16:35:23.243  3077  3077 I cast_shell: [3080:3080:INFO:cloud_settings_manager.cc(195)] Cloud settings is disabled.
04-09 16:35:23.243  3077  3077 I cast_shell: [3080:3080:INFO:api_reboot.cc(321)] active_activities count=0
04-09 16:35:23.243  3077  3077 I cast_shell: [3080:3080:INFO:ccs_transport_gcm.cc(102)] Registering GCM handler
04-09 16:35:23.243  3077  3077 I cast_shell: [3080:3118:WARNING:setup_manager_impl.cc(1100)] NAT not supported, no captive portal support.
04-09 16:35:23.243  3077  3077 I cast_shell: [3080:3086:INFO:update_engine_client_with_system_updater.cc(216)] Network first connected, check system force update
04-09 16:35:23.245  3077  3077 I cast_shell: [3080:3118:INFO:setup_state.cc(261)] Setup state changed: SETUP_STATE_CHECKING_GLOBAL_CONNECTIVITY (50) -> SETUP_STATE_CONNECTED_WIFI_NOT_SAVED (61)
04-09 16:35:23.246  2710  2722 I yani_server: NetLink Event '-1' Interface-Index '5' WLAN '0' Ethernet '-1' Parsed-iFill '-1' -> 'INVALID' ifIndex '1' -> 'lo'
04-09 16:35:23.246  3077  3077 I cast_shell: [3080:3080:INFO:cast_receiver_impl.cc(1093)] Entering discovery-only mode
04-09 16:35:23.246  3077  3077 I cast_shell: [3080:3080:INFO:application_config_manager_impl.cc(575)] Disabling virtual device ec7f458d-1bef-9f83-8e9c-2de52299c538
04-09 16:35:23.247  3077  3077 I cast_shell: [3080:3143:ERROR:unix_stream_client_socket.cc(52)] Cannot connect unix socket: /dev/socket/panel: No such file or directory (2)
04-09 16:35:23.247  3077  3077 I cast_shell: [3080:3143:ERROR:led_controller_ipc.cc(84)] Could not create IPC client for socket: /dev/socket/panel
04-09 16:35:23.248  3077  3077 I cast_shell: [3080:3080:INFO:device_info_impl.cc(1094)] Primary netif changed: new=wlan0, old=usb0
04-09 16:35:23.254  2974  2999 I otamanager: cast_updater_threadEntry() Response 'CheckUpdate' Current Firmware Update state 'Idle'
04-09 16:35:23.254  2974  2999 I otamanager: checkUpdate_l
04-09 16:35:23.254  2974  2999 I otamanager: Firmware Update State Change from Idle to CheckUpdate
04-09 16:35:23.255  2711  2711 I lucitransport: readRemoteMessage() MID char = 232 buffer = TRUE
04-09 16:35:23.255  3077  3077 I cast_shell: [3080:3080:INFO:device_info_impl.cc(1103)] Primary IP address changed: netif=wlan0, new=192.168.1.145, old=192.168.10.1
04-09 16:35:23.255  3077  3077 I cast_shell: [3080:3128:INFO:mdns_cast_service.cc(351)] Device discovery state is setup-only
04-09 16:35:23.255  3077  3077 I cast_shell: [3080:3128:INFO:mdns_util.cc(102)] Defaulting mDNS capabilities for audio-only build
04-09 16:35:23.256  3077  3077 I cast_shell: [3080:3118:WARNING:setup_manager_impl.cc(1136)] NAT not supported, no captive portal support.
04-09 16:35:23.260  3077  3077 I cast_shell: [3080:3128:INFO:mdns_app_filter.cc(1702)] MdnsAppFilter is stopping
04-09 16:35:23.269  3077  3077 I cast_shell: [3080:3128:INFO:metrics_recorder.cc(282)] cast event: Cast.Discovery.Mdns.ResponderStopped
04-09 16:35:23.269  3077  3077 I cast_shell: [3080:3128:INFO:mdns_app_filter.cc(1709)] MdnsAppFilter is stopping; closing socket: address=192.168.2.1
04-09 16:35:23.269  3077  3077 I cast_shell: [3080:3128:INFO:metrics_recorder.cc(282)] cast event: Cast.Discovery.Mdns.SocketDestroyed
04-09 16:35:23.269  3077  3077 I cast_shell: [3080:3128:INFO:mdns_app_filter.cc(1709)] MdnsAppFilter is stopping; closing socket: address=192.168.10.1
04-09 16:35:23.269  3077  3077 I cast_shell: [3080:3128:INFO:metrics_recorder.cc(282)] cast event: Cast.Discovery.Mdns.SocketDestroyed
04-09 16:35:23.269  3077  3077 I cast_shell: [3080:3080:INFO:cast_receiver_impl.cc(1612)] mDNS Discovery stopped.
04-09 16:35:23.269  3077  3077 I cast_shell: [3080:3080:INFO:cast_receiver_impl.cc(1679)] Network is globally connected. Schedule config downloading if necessary.
04-09 16:35:23.269  3077  3077 I cast_shell: [3080:3080:INFO:cast_receiver_impl.cc(1685)] Network is globally connected. Schedule crl downloading if necessary.
04-09 16:35:23.269  3077  3077 I cast_shell: [3080:3080:INFO:crl_downloader.cc(366)] Downloading crl: url=https://clients5.google.com/cast/chromecast/device/crl
04-09 16:35:23.269  3077  3077 I cast_shell: [3080:3080:INFO:cast_receiver_impl.cc(1695)] Network is globally connected. Refreshing CcsManager.
04-09 16:35:23.269  3077  3077 I cast_shell: [3080:3080:INFO:iot_auth_manager_wrapper.cc(311)] Network provider informed of connected network status.
04-09 16:35:23.303  3077  3077 I cast_shell: [3080:3080:INFO:config_downloader.cc(489)] Downloading config: headers (excl. auth) ='Accept: application/protobuf', url=https://clients5.google.com/cast/chromecast/device/baseconfig?m=LSB&M=COTODAMA&p=LS10+Platform&b=1.52.272222&c=wifi&r=beta-channel&pt=3&ln=&d=DE4F95FFA64D5E74B026&at=1
04-09 16:35:23.401  3077  3077 I cast_shell: [3080:3131:INFO:multizone_manager.cc(2131)] Updated leader quality: 49807407
04-09 16:35:23.401  2974  2999 E otamanager: lo not valid Interface for MAC ID
04-09 16:35:23.402  2974  2999 D otamanager: OTA: wlan IP = 192.168.1.145
04-09 16:35:23.402  2974  2999 I otamanager: OTA:checkIP mac = cc909321f384  IP = 192.168.1.145 
04-09 16:35:23.404  2974  2999 I otamanager: DownloadHttpContent firmware version = eng.C4A.1203
04-09 16:35:23.405  3077  3077 I cast_shell: [3080:3118:INFO:metrics_recorder.cc(282)] Record action: Setup.version.BLE
04-09 16:35:23.406  2968  3155 I LibreCastControlDelegate: OnCastStatus() +++ Lyric Speaker Box 21f384:0xabe25198:NOT_SETUP
04-09 16:35:23.406  2968  3155 I LibreCastControlDelegate: Device Build Number -> '1.52.272222'
04-09 16:35:23.406  2968  3155 I librecast: updateCastBuildVersion() Version 1.52.272222
04-09 16:35:23.406  2711  2711 I lucitransport: readRemoteMessage() MID char = 7 buffer = 1.52.272222
04-09 16:35:23.406  2968  3155 I LibreCastControlDelegate: Active Applications -> 0
04-09 16:35:23.406  2968  3155 I LibreCastControlDelegate: Current Cast State '2' -> 'NOT_SETUP'
04-09 16:35:23.414  3077  3077 I cast_shell: [3080:3080:INFO:mdns_manager_impl.cc(429)] Successfully updated service: type=_googlezone
04-09 16:35:23.415  2968  3155 I LibreCastControlDelegate: OnCastStatus() +++ Lyric Speaker Box 21f384:0xabe25198:NOT_SETUP
04-09 16:35:23.415  2968  3155 I LibreCastControlDelegate: Device Build Number -> '1.52.272222'
04-09 16:35:23.415  2968  3155 I librecast: updateCastBuildVersion() Version 1.52.272222
04-09 16:35:23.415  2711  2711 I lucitransport: readRemoteMessage() MID char = 7 buffer = 1.52.272222
04-09 16:35:23.415  2968  3155 I LibreCastControlDelegate: Active Applications -> 0
04-09 16:35:23.415  2968  3155 I LibreCastControlDelegate: Current Cast State '2' -> 'NOT_SETUP'
04-09 16:35:23.415  2968  3155 I LibreCastControlDelegate: OnCastStatus() ---
04-09 16:35:23.430  3077  3077 I cast_shell: [3080:3118:INFO:metrics_recorder.cc(282)] Record action: Setup.tos_accepted.BLE
04-09 16:35:23.461  3077  3077 I cast_shell: [3080:3118:INFO:metrics_recorder.cc(282)] Record action: Setup.state.BLE
04-09 16:35:23.491  3077  3077 I cast_shell: [3080:3118:INFO:metrics_recorder.cc(282)] Record action: Setup.ip_address.BLE
04-09 16:35:23.539  3077  3077 I cast_shell: [3080:3118:INFO:ble_setup.cc(322)] Record action: Setup.set_eureka_info.BLE
04-09 16:35:23.540  3077  3077 I cast_shell: [3080:3118:INFO:timezone_settings.cc(288)] Setting system timezone to Asia/Kolkata
04-09 16:35:23.540  3077  3077 I cast_shell: [3080:3131:INFO:multizone_group.cc(357)] Change name for group [PII](BCBAC5B9903CBE40318173B946A6D437) to [PII](Bedroom speaker 3)
04-09 16:35:23.540  3077  3077 I cast_shell: [3080:3118:INFO:locale_manager.cc(511)] New timezone: Asia/Kolkata
04-09 16:35:23.540  3077  3077 I cast_shell: [3080:3118:INFO:locale_manager.cc(539)] New time format: 24-hour
04-09 16:35:23.542  3077  3077 I cast_shell: [3080:3080:INFO:device_info_impl.cc(1133)] SSDP Config ID is increased: id=4
04-09 16:35:23.544  3077  3077 I cast_shell: [3080:3118:INFO:metrics_recorder.cc(282)] cast event: Cast.System.Timezone.ChangeSuccessful
04-09 16:35:23.546  2732  2763 I bluetoothtbd: [0409/040523.545984:INFO:adapter.cc(551)] Adapter properties changed
04-09 16:35:23.546  2732  2763 I bluetoothtbd: [0409/040523.546180:INFO:adapter.cc(573)] Adapter name changed
04-09 16:35:23.547  3077  3077 I cast_shell: [3080:3118:INFO:bluetooth_manager.cc(1232)] [PII] Set device name to 'Bedroom speaker 3'
04-09 16:35:23.549  3077  3077 I cast_shell: [3080:3080:INFO:device_info_impl.cc(1133)] SSDP Config ID is increased: id=5
04-09 16:35:23.556  2732  2763 I bluetoothtbd: [0409/040523.556425:INFO:adapter.cc(551)] Adapter properties changed
04-09 16:35:23.557  2732  2763 I bluetoothtbd: [0409/040523.557103:INFO:adapter.cc(573)] Adapter name changed
04-09 16:35:23.557  3077  3077 I cast_shell: [3080:3118:INFO:bluetooth_manager.cc(1232)] [PII] Set device name to 'Bedroom speaker 3'
04-09 16:35:23.559  2968  3155 I LibreCastControlDelegate: OnCastStatus() +++ Bedroom speaker 3:0xabe25198:NOT_SETUP
04-09 16:35:23.559  2968  3155 I LibreCastControlDelegate: Device Build Number -> '1.52.272222'
04-09 16:35:23.559  2968  3155 I librecast: updateCastBuildVersion() Version 1.52.272222
04-09 16:35:23.559  2711  2711 I lucitransport: readRemoteMessage() MID char = 7 buffer = 1.52.272222
04-09 16:35:23.559  2968  3155 I LibreCastControlDelegate: Active Applications -> 0
04-09 16:35:23.559  2968  3155 I LibreCastControlDelegate: Current Cast State '2' -> 'NOT_SETUP'
04-09 16:35:23.559  2968  3155 I LibreCastControlDelegate: OnCastStatus() ---
04-09 16:35:23.560  2968  3155 I LibreCastControlDelegate: OnCastStatus() +++ Bedroom speaker 3:0xabe25198:NOT_SETUP
04-09 16:35:23.560  2968  3155 I LibreCastControlDelegate: Device Build Number -> '1.52.272222'
