04-09 15:32:47.508  3068  3068 I cast_shell: [3071:3079:ERROR:connectivity_checker_impl.cc(265)] Connectivity check failed: 400
04-09 15:32:47.539  3068  3068 I cast_shell: [3071:3110:INFO:metrics_recorder.cc(282)] Record action: Setup.version.BLE
04-09 15:32:47.569  3068  3068 I cast_shell: [3071:3110:INFO:metrics_recorder.cc(282)] Record action: Setup.tos_accepted.BLE
04-09 15:32:47.599  3068  3068 I cast_shell: [3071:3110:INFO:metrics_recorder.cc(282)] Record action: Setup.state.BLE
04-09 15:32:47.629  3068  3068 I cast_shell: [3071:3110:INFO:metrics_recorder.cc(282)] Record action: Setup.ip_address.BLE
04-09 15:32:48.169  3068  3068 I cast_shell: [3071:3110:INFO:metrics_recorder.cc(282)] Record action: Setup.version.BLE
04-09 15:32:48.199  3068  3068 I cast_shell: [3071:3110:INFO:metrics_recorder.cc(282)] Record action: Setup.tos_accepted.BLE
04-09 15:32:48.229  3068  3068 I cast_shell: [3071:3110:INFO:metrics_recorder.cc(282)] Record action: Setup.state.BLE
04-09 15:32:48.259  3068  3068 I cast_shell: [3071:3110:INFO:metrics_recorder.cc(282)] Record action: Setup.ip_address.BLE
04-09 15:32:48.375  3068  3068 I cast_shell: [3071:3120:INFO:mdns_app_filter.cc(1526)] MdnsAppFilter: Done announcing.
04-09 15:32:48.515  3068  3068 I cast_shell: [3071:3079:ERROR:connectivity_checker_impl.cc(265)] Connectivity check failed: 400
04-09 15:32:48.799  3068  3068 I cast_shell: [3071:3110:INFO:metrics_recorder.cc(282)] Record action: Setup.version.BLE
04-09 15:32:48.829  3068  3068 I cast_shell: [3071:3110:INFO:metrics_recorder.cc(282)] Record action: Setup.tos_accepted.BLE
04-09 15:32:48.859  3068  3068 I cast_shell: [3071:3110:INFO:metrics_recorder.cc(282)] Record action: Setup.state.BLE
04-09 15:32:48.889  3068  3068 I cast_shell: [3071:3110:INFO:metrics_recorder.cc(282)] Record action: Setup.ip_address.BLE
04-09 15:32:49.429  3068  3068 I cast_shell: [3071:3110:INFO:metrics_recorder.cc(282)] Record action: Setup.version.BLE
04-09 15:32:49.459  3068  3068 I cast_shell: [3071:3110:INFO:metrics_recorder.cc(282)] Record action: Setup.tos_accepted.BLE
04-09 15:32:49.489  3068  3068 I cast_shell: [3071:3110:INFO:metrics_recorder.cc(282)] Record action: Setup.state.BLE
04-09 15:32:49.519  3068  3068 I cast_shell: [3071:3110:INFO:metrics_recorder.cc(282)] Record action: Setup.ip_address.BLE
04-09 15:32:49.523  3068  3068 I cast_shell: [3071:3079:ERROR:connectivity_checker_impl.cc(265)] Connectivity check failed: 400
04-09 15:32:49.768  2965  2976 D wac-main: Netlink event
04-09 15:32:49.768  2965  2976 E wac-main: Netlink event 16 Interface Index 5 
04-09 15:32:49.768  2965  2976 E wac-main: Enter poll and wait
04-09 15:32:49.770  2965  2976 D wac-main: Netlink event
04-09 15:32:49.770  2965  2976 E wac-main: Netlink event 16 Interface Index 5 
04-09 15:32:49.770  2965  2976 E wac-main: Enter poll and wait
04-09 15:32:49.770  2712  2724 I yani_server: NetLink Event '-1' Interface-Index '5' WLAN '0' Ethernet '-1' Parsed-iFill '-1' -> 'INVALID' ifIndex '1' -> 'lo'
04-09 15:32:49.776  2712  2724 I chatty  : uid=0(root) YaniServer identical 3 lines
04-09 15:32:49.779  2712  2724 I yani_server: NetLink Event '-1' Interface-Index '5' WLAN '0' Ethernet '-1' Parsed-iFill '-1' -> 'INVALID' ifIndex '1' -> 'lo'
04-09 15:32:49.785  2966  3145 I LibreCastControlDelegate: Active Applications -> 0
04-09 15:32:49.785  2966  3145 I LibreCastControlDelegate: Current Cast State '3' -> 'OFFLINE'
04-09 15:32:49.785  2966  3145 I LibreCastControlDelegate: OnCastStatus() ---
04-09 15:32:49.786  2712  2724 I yani_server: NetLink Event '-1' Interface-Index '5' WLAN '0' Ethernet '-1' Parsed-iFill '-1' -> 'INVALID' ifIndex '1' -> 'lo'
04-09 15:32:49.791  2712  2724 I chatty  : uid=0(root) YaniServer identical 7 lines
04-09 15:32:49.792  2712  2724 I yani_server: NetLink Event '-1' Interface-Index '5' WLAN '0' Ethernet '-1' Parsed-iFill '-1' -> 'INVALID' ifIndex '1' -> 'lo'
04-09 15:32:49.792  2712  2724 I yani_kernel: yani_geteventfrom_changeaddr() Message-Id '1' Netlink event '16' Interface Index '5' -> Name 'wlan0' 
04-09 15:32:49.793  2712  2724 I yani_kernel: yani_geteventfrom_changeaddr() Message-Id '1' Netlink event '16' Interface Index '5' -> Name 'wlan0' 
04-09 15:32:50.059  3068  3068 I cast_shell: [3071:3110:INFO:metrics_recorder.cc(282)] Record action: Setup.version.BLE
04-09 15:32:50.089  3068  3068 I cast_shell: [3071:3110:INFO:metrics_recorder.cc(282)] Record action: Setup.tos_accepted.BLE
04-09 15:32:50.119  3068  3068 I cast_shell: [3071:3110:INFO:metrics_recorder.cc(282)] Record action: Setup.state.BLE
04-09 15:32:50.149  3068  3068 I cast_shell: [3071:3110:INFO:metrics_recorder.cc(282)] Record action: Setup.ip_address.BLE
04-09 15:32:50.529  3068  3068 I cast_shell: [3071:3079:ERROR:connectivity_checker_impl.cc(265)] Connectivity check failed: 400
04-09 15:32:50.689  3068  3068 I cast_shell: [3071:3110:INFO:metrics_recorder.cc(282)] Record action: Setup.version.BLE
04-09 15:32:50.719  3068  3068 I cast_shell: [3071:3110:INFO:metrics_recorder.cc(282)] Record action: Setup.tos_accepted.BLE
04-09 15:32:50.749  3068  3068 I cast_shell: [3071:3110:INFO:metrics_recorder.cc(282)] Record action: Setup.state.BLE
04-09 15:32:50.779  3068  3068 I cast_shell: [3071:3110:INFO:metrics_recorder.cc(282)] Record action: Setup.ip_address.BLE
04-09 15:32:51.319  3068  3068 I cast_shell: [3071:3110:INFO:metrics_recorder.cc(282)] Record action: Setup.version.BLE
04-09 15:32:51.349  3068  3068 I cast_shell: [3071:3110:INFO:metrics_recorder.cc(282)] Record action: Setup.tos_accepted.BLE
04-09 15:32:51.379  3068  3068 I cast_shell: [3071:3110:INFO:metrics_recorder.cc(282)] Record action: Setup.state.BLE
04-09 15:32:51.409  3068  3068 I cast_shell: [3071:3110:INFO:metrics_recorder.cc(282)] Record action: Setup.ip_address.BLE
04-09 15:32:51.536  3068  3068 I cast_shell: [3071:3079:ERROR:connectivity_checker_impl.cc(265)] Connectivity check failed: 400
04-09 15:32:51.948  3068  3068 I cast_shell: [3071:3110:INFO:metrics_recorder.cc(282)] Record action: Setup.version.BLE
04-09 15:32:51.979  3068  3068 I cast_shell: [3071:3110:INFO:metrics_recorder.cc(282)] Record action: Setup.tos_accepted.BLE
04-09 15:32:52.009  3068  3068 I cast_shell: [3071:3110:INFO:metrics_recorder.cc(282)] Record action: Setup.state.BLE
04-09 15:32:52.039  3068  3068 I cast_shell: [3071:3110:INFO:metrics_recorder.cc(282)] Record action: Setup.ip_address.BLE
04-09 15:32:52.542  3068  3068 I cast_shell: [3071:3079:ERROR:connectivity_checker_impl.cc(265)] Connectivity check failed: 400
04-09 15:32:52.578  3068  3068 I cast_shell: [3071:3110:INFO:metrics_recorder.cc(282)] Record action: Setup.version.BLE
04-09 15:32:52.609  3068  3068 I cast_shell: [3071:3110:INFO:metrics_recorder.cc(282)] Record action: Setup.tos_accepted.BLE
04-09 15:32:52.639  3068  3068 I cast_shell: [3071:3110:INFO:metrics_recorder.cc(282)] Record action: Setup.state.BLE
04-09 15:32:52.669  3068  3068 I cast_shell: [3071:3110:INFO:metrics_recorder.cc(282)] Record action: Setup.ip_address.BLE
04-09 15:32:53.209  3068  3068 I cast_shell: [3071:3110:INFO:metrics_recorder.cc(282)] Record action: Setup.version.BLE
04-09 15:32:53.239  3068  3068 I cast_shell: [3071:3110:INFO:metrics_recorder.cc(282)] Record action: Setup.tos_accepted.BLE
04-09 15:32:53.269  3068  3068 I cast_shell: [3071:3110:INFO:metrics_recorder.cc(282)] Record action: Setup.state.BLE
04-09 15:32:53.299  3068  3068 I cast_shell: [3071:3110:INFO:metrics_recorder.cc(282)] Record action: Setup.ip_address.BLE
04-09 15:32:53.549  3068  3068 I cast_shell: [3071:3079:ERROR:connectivity_checker_impl.cc(265)] Connectivity check failed: 400
04-09 15:32:53.823  3068  3068 I cast_shell: [3071:3110:INFO:metrics_recorder.cc(282)] Record action: Setup.version.BLE
04-09 15:32:53.854  3068  3068 I cast_shell: [3071:3110:INFO:metrics_recorder.cc(282)] Record action: Setup.tos_accepted.BLE
04-09 15:32:53.884  3068  3068 I cast_shell: [3071:3110:INFO:metrics_recorder.cc(282)] Record action: Setup.state.BLE
04-09 15:32:53.914  3068  3068 I cast_shell: [3071:3110:INFO:metrics_recorder.cc(282)] Record action: Setup.ip_address.BLE
04-09 15:32:54.453  3068  3068 I cast_shell: [3071:3110:INFO:metrics_recorder.cc(282)] Record action: Setup.version.BLE
04-09 15:32:54.484  3068  3068 I cast_shell: [3071:3110:INFO:metrics_recorder.cc(282)] Record action: Setup.tos_accepted.BLE
04-09 15:32:54.514  3068  3068 I cast_shell: [3071:3110:INFO:metrics_recorder.cc(282)] Record action: Setup.state.BLE
04-09 15:32:54.544  3068  3068 I cast_shell: [3071:3110:INFO:metrics_recorder.cc(282)] Record action: Setup.ip_address.BLE
04-09 15:32:54.555  3068  3068 I cast_shell: [3071:3079:ERROR:connectivity_checker_impl.cc(265)] Connectivity check failed: 400
04-09 15:32:54.772  2712  2724 I yani_server: NetLink Event '-1' Interface-Index '5' WLAN '-1' Ethernet '-1' Parsed-iFill '-1' -> 'INVALID' ifIndex '1' -> 'lo'
04-09 15:32:55.098  3068  3068 I cast_shell: [3071:3110:INFO:metrics_recorder.cc(282)] Record action: Setup.version.BLE
04-09 15:32:55.129  3068  3068 I cast_shell: [3071:3110:INFO:metrics_recorder.cc(282)] Record action: Setup.tos_accepted.BLE
04-09 15:32:55.158  3068  3068 I cast_shell: [3071:3110:INFO:metrics_recorder.cc(282)] Record action: Setup.state.BLE
04-09 15:32:55.204  3068  3068 I cast_shell: [3071:3110:INFO:metrics_recorder.cc(282)] Record action: Setup.ip_address.BLE
04-09 15:32:55.562  3068  3068 I cast_shell: [3071:3079:ERROR:connectivity_checker_impl.cc(265)] Connectivity check failed: 400
04-09 15:32:55.743  3068  3068 I cast_shell: [3071:3110:INFO:metrics_recorder.cc(282)] Record action: Setup.version.BLE
04-09 15:32:55.789  3068  3068 I cast_shell: [3071:3110:INFO:metrics_recorder.cc(282)] Record action: Setup.tos_accepted.BLE
04-09 15:32:55.818  3068  3068 I cast_shell: [3071:3110:INFO:metrics_recorder.cc(282)] Record action: Setup.state.BLE
04-09 15:32:55.849  3068  3068 I cast_shell: [3071:3110:INFO:metrics_recorder.cc(282)] Record action: Setup.ip_address.BLE
04-09 15:32:56.389  3068  3068 I cast_shell: [3071:3110:INFO:metrics_recorder.cc(282)] Record action: Setup.version.BLE
04-09 15:32:56.408  3068  3068 I cast_shell: [3071:3110:ERROR:setup_state.cc(424)] Timeout for state=SETUP_STATE_CHECKING_GLOBAL_CONNECTIVITY(50): move to state=SETUP_STATE_CHECKING_GLOBAL_CONNECTIVITY_BAD_ROUTER_WIFI_NOT_SAVED(51).
04-09 15:32:56.408  3068  3068 I cast_shell: [3071:3110:INFO:setup_state.cc(261)] Setup state changed: SETUP_STATE_CHECKING_GLOBAL_CONNECTIVITY (50) -> SETUP_STATE_CHECKING_GLOBAL_CONNECTIVITY_BAD_ROUTER_WIFI_NOT_SAVED (51)
04-09 15:32:56.412  2966  3145 I LibreCastControlDelegate: OnCastStatus() +++ Lyric Speaker Box 21f384:0xab5ff198:OFFLINE
04-09 15:32:56.412  2966  3145 I LibreCastControlDelegate: Device Build Number -> '1.52.272222'
04-09 15:32:56.412  2966  3145 I librecast: updateCastBuildVersion() Version 1.52.272222
04-09 15:32:56.412  2713  2720 I lucitransport: readRemoteMessage() MID char = 7 buffer = 1.52.272222
04-09 15:32:56.413  2966  3145 I LibreCastControlDelegate: Active Applications -> 0
04-09 15:32:56.413  2966  3145 I LibreCastControlDelegate: Current Cast State '3' -> 'OFFLINE'
04-09 15:32:56.413  2966  3145 I LibreCastControlDelegate: OnCastStatus() ---
04-09 15:32:56.417  3068  3068 I cast_shell: [3071:3110:INFO:metrics_recorder.cc(282)] Record action: Setup.tos_accepted.BLE
04-09 15:32:56.449  3068  3068 I cast_shell: [3071:3110:INFO:metrics_recorder.cc(282)] Record action: Setup.state.BLE
04-09 15:32:56.479  3068  3068 I cast_shell: [3071:3110:INFO:metrics_recorder.cc(282)] Record action: Setup.ip_address.BLE
04-09 15:32:56.568  3068  3068 I cast_shell: [3071:3079:ERROR:connectivity_checker_impl.cc(265)] Connectivity check failed: 400
04-09 15:32:57.019  3068  3068 I cast_shell: [3071:3110:INFO:metrics_recorder.cc(282)] Record action: Setup.version.BLE
04-09 15:32:57.049  3068  3068 I cast_shell: [3071:3110:INFO:metrics_recorder.cc(282)] Record action: Setup.tos_accepted.BLE
04-09 15:32:57.079  3068  3068 I cast_shell: [3071:3110:INFO:metrics_recorder.cc(282)] Record action: Setup.state.BLE
04-09 15:32:57.109  3068  3068 I cast_shell: [3071:3110:INFO:metrics_recorder.cc(282)] Record action: Setup.ip_address.BLE
04-09 15:32:57.575  3068  3068 I cast_shell: [3071:3079:ERROR:connectivity_checker_impl.cc(265)] Connectivity check failed: 400
04-09 15:32:57.649  3068  3068 I cast_shell: [3071:3110:INFO:metrics_recorder.cc(282)] Record action: Setup.version.BLE
04-09 15:32:57.679  3068  3068 I cast_shell: [3071:3110:INFO:metrics_recorder.cc(282)] Record action: Setup.tos_accepted.BLE
04-09 15:32:57.709  3068  3068 I cast_shell: [3071:3110:INFO:metrics_recorder.cc(282)] Record action: Setup.state.BLE
04-09 15:32:57.738  3068  3068 I cast_shell: [3071:3110:INFO:metrics_recorder.cc(282)] Record action: Setup.ip_address.BLE
04-09 15:32:58.161  2711  2711 I wpa_supplicant: wlan0: Selected BSS :ef (level:-46 noise:-61 frequency:2427)
04-09 15:32:58.163  2711  2711 I wpa_supplicant: wlan0: SME: Trying to authenticate with c8:b3:73:44:ae:ef (SSID='Linksys16717_2G' freq=2427 MHz)
04-09 15:32:58.166  2712  2724 I yani_server: NetLink Event '-1' Interface-Index '5' WLAN '0' Ethernet '-1' Parsed-iFill '-1' -> 'INVALID' ifIndex '1' -> 'lo'
04-09 15:32:58.167  2712  2724 I chatty  : uid=0(root) YaniServer identical 2 lines
04-09 15:32:58.168  2712  2724 I yani_server: NetLink Event '-1' Interface-Index '5' WLAN '0' Ethernet '-1' Parsed-iFill '-1' -> 'INVALID' ifIndex '1' -> 'lo'
04-09 15:32:58.170  2965  2976 D wac-main: Netlink event
04-09 15:32:58.170  2965  2976 E wac-main: Netlink event 16 Interface Index 5 
04-09 15:32:58.170  2965  2976 E wac-main: Enter poll and wait
04-09 15:32:58.170  2965  2976 D wac-main: Netlink event
04-09 15:32:58.170  2965  2976 E wac-main: Netlink event 16 Interface Index 5 
04-09 15:32:58.170  2965  2976 E wac-main: Enter poll and wait
04-09 15:32:58.174  2712  2724 I yani_server: NetLink Event '-1' Interface-Index '5' WLAN '0' Ethernet '-1' Parsed-iFill '-1' -> 'INVALID' ifIndex '1' -> 'lo'
04-09 15:32:58.178  2711  2711 I wpa_supplicant: wlan0: Trying to associate with c8:b3:73:44:ae:ef (SSID='Linksys16717_2G' freq=2427 MHz)
04-09 15:32:58.181  2712  2724 I chatty  : uid=0(root) YaniServer identical 6 lines
04-09 15:32:58.182  2712  2724 I yani_server: NetLink Event '-1' Interface-Index '5' WLAN '0' Ethernet '-1' Parsed-iFill '-1' -> 'INVALID' ifIndex '1' -> 'lo'
04-09 15:32:58.182  2712  2724 I yani_kernel: yani_geteventfrom_changeaddr() Message-Id '1' Netlink event '16' Interface Index '5' -> Name 'wlan0' 
04-09 15:32:58.183  2712  2724 I yani_kernel: yani_geteventfrom_changeaddr() Message-Id '1' Netlink event '16' Interface Index '5' -> Name 'wlan0' 
04-09 15:32:58.214  3147  3147 I hostapd : p2p0: IEEE 802.11 driver had channel switch: freq=2427, ht=1, vht_ch=0x0, offset=0, width=1 (20 MHz), cf1=2427, cf2=0
04-09 15:32:58.229  2986  2986 I hostapd : p2p1: IEEE 802.11 driver had channel switch: freq=2427, ht=1, vht_ch=0x0, offset=0, width=1 (20 MHz), cf1=2427, cf2=0
04-09 15:32:58.230  2965  2976 D wac-main: Netlink event
04-09 15:32:58.230  2965  2976 E wac-main: Netlink event 16 Interface Index 5 
04-09 15:32:58.230  2965  2976 E wac-main: Enter poll and wait
04-09 15:32:58.230  2965  2976 D wac-main: Netlink event
04-09 15:32:58.230  2965  2976 E wac-main: Netlink event 16 Interface Index 5 
04-09 15:32:58.230  2965  2976 E wac-main: Enter poll and wait
04-09 15:32:58.230  2965  2976 D wac-main: Netlink event
04-09 15:32:58.230  2965  2976 E wac-main: Netlink event 16 Interface Index 5 
04-09 15:32:58.230  2965  2976 E wac-main: Enter poll and wait
04-09 15:32:58.230  2965  2976 D wac-main: Netlink event
04-09 15:32:58.253  2711  2711 I wpa_supplicant: wlan0: WPA: RX message 3 of 4-Way Handshake from c8:b3:73:44:ae:ef (ver=2)
04-09 15:32:58.254  2711  2711 I wpa_supplicant: wlan0: WPA: Sending EAPOL-Key 4/4
04-09 15:32:58.255  2712  2724 I yani_server: NetLink Event '-1' Interface-Index '5' WLAN '-1' Ethernet '-1' Parsed-iFill '-1' -> 'INVALID' ifIndex '1' -> 'lo'
04-09 15:32:58.255  2965  2976 D wac-main: Netlink event
04-09 15:32:58.255  2965  2976 E wac-main: Netlink event 16 Interface Index 5 
04-09 15:32:58.255  2965  2976 E wac-main: Enter poll and wait
04-09 15:32:58.256  2711  2711 I wpa_supplicant: wlan0: WPA: Key negotiation completed with c8:b3:73:44:ae:ef [PTK=CCMP GTK=TKIP]
04-09 15:32:58.256  2711  2711 I wpa_supplicant: wlan0: CTRL-EVENT-CONNECTED - Connection to c8:b3:73:44:ae:ef completed [id=0 id_str=]
04-09 15:32:58.256  3068  3068 I cast_shell: [3071:3122:INFO:wifi_controller_wpa_supplicant.cc(634)] After connection, current_wifi_index=0
04-09 15:32:58.257  2965  2976 D wac-main: Netlink event
04-09 15:32:58.257  2965  2976 E wac-main: Netlink event 16 Interface Index 5 
04-09 15:32:58.257  2965  2976 E wac-main: Enter poll and wait
04-09 15:32:58.257  2712  2724 I yani_server: NetLink Event '-1' Interface-Index '5' WLAN '0' Ethernet '-1' Parsed-iFill '-1' -> 'INVALID' ifIndex '1' -> 'lo'
04-09 15:32:58.258  2712  2724 I yani_server: NetLink Event '-1' Interface-Index '5' WLAN '0' Ethernet '-1' Parsed-iFill '-1' -> 'INVALID' ifIndex '1' -> 'lo'
04-09 15:32:58.259  2712  2724 I yani_server: NetLink Event '-1' Interface-Index '5' WLAN '7' Ethernet '-1' Parsed-iFill '7' -> 'WLAN0 LINKUP' ifIndex '1' -> 'lo'
04-09 15:32:58.259  2712  2724 I yani_server: saveConfig:537:wlan0
04-09 15:32:58.260  2737  2737 D dhcpcd  : wlan0: carrier acquired
04-09 15:32:58.261  2712  2724 I wifiapi : newconn : 0xacb76b48
04-09 15:32:58.261  2712  2724 I yani_server: saveConfig:544:got handle successfully
04-09 15:32:58.261  2966  3145 I LibreCastControlDelegate: OnCastStatus() +++ Lyric Speaker Box 21f384:0xab5ff198:OFFLINE
04-09 15:32:58.261  2966  3145 I LibreCastControlDelegate: Device Build Number -> '1.52.272222'
04-09 15:32:58.261  2966  3145 I librecast: updateCastBuildVersion() Version 1.52.272222
04-09 15:32:58.262  2713  2720 I lucitransport: readRemoteMessage() MID char = 7 buffer = 1.52.272222
04-09 15:32:58.262  2712  2724 I wifiapi : 'STATUS' command returned = 0
04-09 15:32:58.263  2965  2976 D wac-main: Netlink event
04-09 15:32:58.263  2965  2976 E wac-main: Netlink event 16 Interface Index 5 
04-09 15:32:58.263  2965  2976 E wac-main: Enter poll and wait
04-09 15:32:58.264  2966  3145 I LibreCastControlDelegate: Active Applications -> 0
04-09 15:32:58.264  2966  3145 I LibreCastControlDelegate: Current Cast State '3' -> 'OFFLINE'
04-09 15:32:58.264  2966  3145 I LibreCastControlDelegate: OnCastStatus() ---
04-09 15:32:58.264  2712  2724 I wifiapi : 'SAVE_CONFIG' command returned = 0
04-09 15:32:58.265  2712  2724 E yani_server: wlan0 Status=8 SaveConfig returns=0
04-09 15:32:58.265  2712  2724 I yani_server: SaveConfig return value=0
04-09 15:32:58.265  2692  2692 I sh      : saveConfig:538:wlan0wlan0 Status=8 SaveConfig returns=0
04-09 15:32:58.265  2712  2724 E WLANP2PIF: WlanP2pif: current chan = 4
04-09 15:32:58.267  2712  2724 E yani_wifi: set txpower chan : 4 country : US
04-09 15:32:58.267  2712  2724 E yani_wifi: nrates = 7
04-09 15:32:58.279  3068  3068 I cast_shell: [3071:3110:INFO:metrics_recorder.cc(282)] Record action: Setup.version.BLE
04-09 15:32:58.308  3068  3068 I cast_shell: [3071:3110:INFO:metrics_recorder.cc(282)] Record action: Setup.tos_accepted.BLE
04-09 15:32:58.339  3068  3068 I cast_shell: [3071:3110:INFO:metrics_recorder.cc(282)] Record action: Setup.state.BLE
04-09 15:32:58.368  3068  3068 I cast_shell: [3071:3110:INFO:metrics_recorder.cc(282)] Record action: Setup.ip_address.BLE
04-09 15:32:58.582  3068  3068 I cast_shell: [3071:3079:ERROR:connectivity_checker_impl.cc(265)] Connectivity check failed: 400
04-09 15:32:58.909  3068  3068 I cast_shell: [3071:3110:INFO:metrics_recorder.cc(282)] Record action: Setup.version.BLE
04-09 15:32:58.939  3068  3068 I cast_shell: [3071:3110:INFO:metrics_recorder.cc(282)] Record action: Setup.tos_accepted.BLE
04-09 15:32:58.969  3068  3068 I cast_shell: [3071:3110:INFO:metrics_recorder.cc(282)] Record action: Setup.state.BLE
04-09 15:32:58.999  3068  3068 I cast_shell: [3071:3110:INFO:metrics_recorder.cc(282)] Record action: Setup.ip_address.BLE
04-09 15:32:59.276  2712  2724 I yani_autoip: start_autoip() Interface 'wlan0' Is AutoIP Required 'Yes' Thread-Running 'No' 
04-09 15:32:59.276  2712  2724 E yani_server: YANI: I am Done Wait For Event 
04-09 15:32:59.276  2712  2724 I yani_kernel: yani_geteventfrom_changeaddr() Message-Id '1' Netlink event '16' Interface Index '5' -> Name 'wlan0' 
04-09 15:32:59.278  2712  3349 I yani_autoip: Setting autoiptimer to 70000
04-09 15:32:59.279  2712  2724 I yani_kernel: yani_geteventfrom_changeaddr() Message-Id '1' Netlink event '16' Interface Index '5' -> Name 'wlan0' 
04-09 15:32:59.281  2712  2724 I yani_kernel: yani_geteventfrom_changeaddr() Message-Id '1' Netlink event '16' Interface Index '5' -> Name 'wlan0' 
04-09 15:32:59.290  3348  3348 E dhcpcd  : control_open: Connection refused
04-09 15:32:59.291  3348  3348 E dhcpcd  : eth0: interface not found or invalid
04-09 15:32:59.292  2965  2976 D wac-main: Netlink event
04-09 15:32:59.292  2965  2976 E wac-main: Netlink event 16 Interface Index 5 
04-09 15:32:59.293  3348  3348 D dhcpcd  : wlan0: adding address fe80::ce90:93ff:fe21:f384
04-09 15:32:59.293  2965  2976 E wac-main: Enter poll and wait
04-09 15:32:59.293  2712  2724 I yani_kernel: yani_geteventfrom_changeaddr() Message-Id '1' Netlink event '16' Interface Index '5' -> Name 'wlan0' 
04-09 15:32:59.393  3348  3348 E dhcpcd  : error writing DUID: /etc/dhcpcd/dhcpcd.duid: Read-only file system
04-09 15:32:59.393  3348  3348 D dhcpcd  : DUID 00:03:00:01:cc:90:93:21:f3:84
04-09 15:32:59.393  3348  3348 D dhcpcd  : wlan0: IAID 93:21:f3:84
04-09 15:32:59.501  3348  3348 D dhcpcd  : wlan0: soliciting a DHCP lease
04-09 15:32:59.501  3348  3348 D dhcpcd  : wlan0: sending DISCOVER (xid 0xa8c68802), next in -17172234927791273025133166471078310712743056229785518116407408108851249003444480489860737296003358596040293520905241700802812097349702022959768091834370674176350991752412676584022825653133152672618663870915653724881867107785231394715468381921462049499681497513197568.0 seconds
04-09 15:32:59.539  3068  3068 I cast_shell: [3071:3110:INFO:metrics_recorder.cc(282)] Record action: Setup.version.BLE
04-09 15:32:59.567  3068  3068 I cast_shell: [3071:3110:INFO:metrics_recorder.cc(282)] Record action: Setup.tos_accepted.BLE
04-09 15:32:59.588  3068  3068 I cast_shell: [3071:3079:ERROR:connectivity_checker_impl.cc(265)] Connectivity check failed: 400
04-09 15:32:59.597  3068  3068 I cast_shell: [3071:3110:INFO:metrics_recorder.cc(282)] Record action: Setup.state.BLE
04-09 15:32:59.622  2733  2748 I NetworkMonitor: turn off power-save
04-09 15:32:59.629  2733  2748 E DNSResolver: Error in connect: Network is unreachable
04-09 15:32:59.629  2733  2748 I chatty  : uid=0(root) /bin/net_mgr identical 4 lines
04-09 15:32:59.630  2733  2748 E DNSResolver: Error in connect: Network is unreachable
04-09 15:32:59.630  2733  2748 E HttpTimeSync: Error resolve name clients1.google.com
04-09 15:32:59.643  3068  3068 I cast_shell: [3071:3110:INFO:metrics_recorder.cc(282)] Record action: Setup.ip_address.BLE
04-09 15:32:59.648  2733  2748 E HttpTimeSync: Error in curl perform, returns 6: Couldn't resolve host name
04-09 15:32:59.649  2733  2748 E HttpTimeSync: Failed in getting HTTP header from http://clients1.google.com/generate_204
04-09 15:32:59.993  3348  3348 D dhcpcd  : wlan0: soliciting an IPv6 router
04-09 15:33:00.027  3348  3348 D dhcpcd  : wlan0: Router Advertisement from fe80::cab3:73ff:fe44:aeed
04-09 15:33:00.027  3348  3348 D dhcpcd  : wlan0: adding address fd70:d3e7:6555:0:ce90:93ff:fe21:f384/64
04-09 15:33:00.028  3348  3348 D dhcpcd  : wlan0: adding address fd70:d3e7:6555:0:8489:4e62:ec3:b4b4/64
04-09 15:33:00.028  3348  3348 D dhcpcd  : wlan0: adding route to fd70:d3e7:6555::/64
04-09 15:33:00.029  3348  3348 D dhcpcd  : wlan0: requesting DHCPv6 information
04-09 15:33:00.183  3068  3068 I cast_shell: [3071:3110:INFO:metrics_recorder.cc(282)] Record action: Setup.version.BLE
04-09 15:33:00.212  3068  3068 I cast_shell: [3071:3110:INFO:metrics_recorder.cc(282)] Record action: Setup.tos_accepted.BLE
04-09 15:33:00.242  3068  3068 I cast_shell: [3071:3110:INFO:metrics_recorder.cc(282)] Record action: Setup.state.BLE
04-09 15:33:00.272  3068  3068 I cast_shell: [3071:3110:INFO:metrics_recorder.cc(282)] Record action: Setup.ip_address.BLE
04-09 15:33:00.320  3068  3068 I cast_shell: [3071:3110:INFO:metrics_recorder.cc(282)] Record action: Setup.eureka_info.Local
04-09 15:33:00.321  3068  3068 I cast_shell: [3071:3110:INFO:metrics_recorder.cc(282)] Record action: Setup.eureka_info.Local.200
04-09 15:33:00.322  2733  2747 E DNSResolver: Error in connect: Network is unreachable
04-09 15:33:00.323  2733  2747 I chatty  : uid=0(root) MonitorThread identical 4 lines
04-09 15:33:00.323  2733  2747 E DNSResolver: Error in connect: Network is unreachable
04-09 15:33:00.323  2733  2747 E HttpTimeSync: Error resolve name clients1.google.com
04-09 15:33:00.325  2733  2747 E HttpTimeSync: Error in curl perform, returns 6: Couldn't resolve host name
04-09 15:33:00.325  2733  2747 E HttpTimeSync: Failed in getting HTTP header from http://clients1.google.com/generate_204
04-09 15:33:00.542  3348  3348 D dhcpcd  : wlan0: received OFFER with xid 0xa8c68802
04-09 15:33:00.543  3348  3348 D dhcpcd  : wlan0: offered 192.168.1.145 from 192.168.1.1
04-09 15:33:00.543  3348  3348 D dhcpcd  : wlan0: requesting lease of 192.168.1.145
04-09 15:33:00.543  3348  3348 D dhcpcd  : wlan0: sending REQUEST (xid 0xa8c68802), next in -17172234927791273025133166471078310712743056229785518116407408108851249003444480489860737296003358596040293520905241700802812097349702022959768091834370674176350991752412676584022825653133152672618663870915653724881867107785231394715468381921462049499681497513197568.0 seconds
04-09 15:33:00.594  3068  3068 I cast_shell: [3071:3079:ERROR:connectivity_checker_impl.cc(265)] Connectivity check failed: 400
04-09 15:33:00.647  3348  3348 D dhcpcd  : wlan0: received ACK with xid 0xa8c68802
04-09 15:33:00.648  3348  3348 D dhcpcd  : wlan0: acknowledged 192.168.1.145 from 192.168.1.1
04-09 15:33:00.648  3348  3348 D dhcpcd  : wlan0: leased 192.168.1.145 for 86400 seconds
04-09 15:33:00.649  3348  3348 D dhcpcd  : wlan0: adding route to 192.168.1.0/24
04-09 15:33:00.649  3348  3348 D dhcpcd  : wlan0: adding default route via 192.168.1.1
04-09 15:33:00.650  2965  2976 D wac-main: Netlink event
04-09 15:33:00.650  2965  2976 E wac-main: Netlink event 20 Interface Index 5 
04-09 15:33:00.650  2965  2976 E wac-main: Enter poll and wait
04-09 15:33:00.651  2712  2724 I yani_kernel: yani_geteventfrom_changeaddr() Message-Id '1' Netlink event '20' Interface Index '5' -> Name 'wlan0' 
04-09 15:33:00.652  2733  2748 I NetworkMonitor: turn off power-save
04-09 15:33:00.658  2712  2724 I yani_server: NetLink Event '2' Interface-Index '5' WLAN '-1' Ethernet '-1' Parsed-iFill '2' -> 'WLAN0 CONNECTED' ifIndex '1' -> 'lo'
04-09 15:33:00.658  2712  2724 I yani_server: doLotofWork() List of interface '5'
04-09 15:33:00.658  2712  2724 I yani_server: doLotofWork() Interface 'wlan0' ifr[0].ifr_name 'lo' ipaddress '127.0.0.1'
04-09 15:33:00.658  2712  2724 I yani_server: doLotofWork() Interface 'wlan0' ifr[1].ifr_name 'wlan0' ipaddress '192.168.1.145'
04-09 15:33:00.658  2712  2724 E yani_server: YANI GOT IP FOR IFACE=wlan0 IP=192.168.1.145 mstatus=0 mifacetype=1
04-09 15:33:00.658  2712  2724 I yani_server: doLotofWork() returns 'REFILL IP ASSIGNED'
04-09 15:33:00.659  2712  2724 I yani_autoip: stop_autoip() Thread-Running 'Yes'
04-09 15:33:00.659  2712  2815 I yani_server: onNetworkParametersChanged() WAC Mode '1'  Index '1' Interface 'wlan0' Status '1'
04-09 15:33:00.659  2712  3349 E yani_autoip: Force Exit AutoIP thread bytes '1' value 'q'
04-09 15:33:00.659  2712  3349 I yani_autoip: Exiting AutoIP thread return poll status 1
04-09 15:33:00.659  2731  2731 E AirableUIHelper: AirableUIHelper::YaniAlert  1 1 
04-09 15:33:00.660  2712  2724 E yani_server: YANI: I am Done Wait For Event 
04-09 15:33:00.660  2730  2743 I wifiapi : newconn : 0xf5a00c40
04-09 15:33:00.661  2730  2743 I wifiapi : 'GET_NETWORK 0 ssid' command returned = 0
04-09 15:33:00.661  2730  2743 E MB_HANDLER: save ENV ssid = "Linksys16717_2G"
04-09 15:33:00.674  2713  2720 I lucitransport: writeRemoteMessage() MID = 124 buffer = 1#1,1#2,0#3,1#4,1
04-09 15:33:00.674  2713  2720 I luciUART: write() MID = 124  bytes = 27 data = 1#1,1#2,0#3,1#4,1 m_fd = 0x5
04-09 15:33:00.675  2972  2989 I otamanager: YaniAlert() Interface 1 Status Up
04-09 15:33:00.675  2972  2989 I otamanager: CreateFirmwareUpdateTimerOnYaniAlert done
04-09 15:33:00.675  2968  3015 I airplay-main: YaniAlert Interface 1 Status 1
04-09 15:33:00.676  2713  2720 I lucitransport: readRemoteMessage() MID char = 90 buffer = Lyric Speaker Box 21f384
04-09 15:33:00.683  2713  2721 E luciUART: UART:aa
04-09 15:33:00.683  2713  2721 E luciUART: UART:aa
04-09 15:33:00.683  2713  2721 E luciUART: UART:2
04-09 15:33:00.683  2713  2721 E luciUART: UART:0
04-09 15:33:00.683  2713  2721 E luciUART: UART:d0
04-09 15:33:00.683  2713  2721 E luciUART: UART:0
04-09 15:33:00.683  2713  2721 I chatty  : uid=0(root) UARTLUCIControl identical 2 lines
04-09 15:33:00.683  2713  2721 E luciUART: UART:0
04-09 15:33:00.683  2713  2721 E luciUART: UART:9
04-09 15:33:00.683  2713  2721 I luciUART: read() RemoteID = 43690 Command = 208 Type = 2 Status = 0 DataLen = 9
04-09 15:33:00.683  2713  2721 E luciUART: Error: full data not available yet! readBytes 0
04-09 15:33:00.683  2713  2721 I luciUART: Previous Packet read contd., 
04-09 15:33:00.683  2713  2721 E luciUART: UART:52
04-09 15:33:00.683  2713  2721 I luciUART: Previous Packet read contd., 
04-09 15:33:00.683  2713  2721 E luciUART: UART:45
04-09 15:33:00.683  2713  2721 I luciUART: Previous Packet read contd., 
04-09 15:33:00.683  2713  2721 E luciUART: UART:41
04-09 15:33:00.683  2713  2721 I luciUART: Previous Packet read contd., 
04-09 15:33:00.683  2713  2721 E luciUART: UART:44
04-09 15:33:00.683  2713  2721 I luciUART: Previous Packet read contd., 
04-09 15:33:00.683  2713  2721 E luciUART: UART:5f
04-09 15:33:00.683  2713  2721 I luciUART: Previous Packet read contd., 
04-09 15:33:00.684  2713  2721 E luciUART: UART:73
04-09 15:33:00.684  2713  2721 I luciUART: Previous Packet read contd., 
04-09 15:33:00.684  2713  2721 E luciUART: UART:73
04-09 15:33:00.684  2713  2721 I luciUART: Previous Packet read contd., 
04-09 15:33:00.684  2713  2721 E luciUART: UART:69
04-09 15:33:00.684  2713  2721 I luciUART: Previous Packet read contd., 
04-09 15:33:00.684  2713  2721 E luciUART: UART:64
04-09 15:33:00.684  2713  2722 E LUCI_SERVER: Luci Server Thread wait over MID 208....
04-09 15:33:00.684  2713  2722 E LUCI_SERVER: Got NV name : ssid
04-09 15:33:00.685  2713  2722 I luciUART: write() MID = 208  bytes = 30 data = ssid:Linksys16717_2G m_fd = 0x5
04-09 15:33:00.686  2713  2722 E LUCI_SERVER: NV_READ response= ssid:Linksys16717_2G
04-09 15:33:00.686  2713  2722 E LUCI_SERVER: Luci Server Thread waiting for packets....
04-09 15:33:00.755  2968  3384 I airplay-main: checkACPAvailability() err 0 -> Present!
04-09 15:33:00.755  2968  3384 D airplay-main: arguments[0] -> airplay_v2 -> airplay_v2
04-09 15:33:00.755  2968  3384 D airplay-main: arguments[1] -> -n -> -n
04-09 15:33:00.755  2968  3384 D airplay-main: arguments[2] -> Lyric Speaker Box 21f384 -> Lyric Speaker Box 21f384
04-09 15:33:00.756  2968  3384 D airplay-main: arguments[3] -> -z -> -z
04-09 15:33:00.756  2968  3384 D airplay-main: arguments[4] -> 1 -> 1
04-09 15:33:00.756  2968  3384 D airplay-main: arguments[5] -> -d -> -d
04-09 15:33:00.756  2968  3384 D airplay-main: arguments[6] -> 47617500 -> 47617500
04-09 15:33:00.756  2968  3384 D airplay-main: Total Number of Arguments 7
04-09 15:33:00.766  2968  3384 I airplay_v2_0_6: 2022-04-09 03:03:00.765576 [AirPlayDemo] homedir /data/ sUserPreferencesDirectoryPath /data//.airplaydemo 
04-09 15:33:00.815  3068  3068 I cast_shell: [3071:3110:INFO:metrics_recorder.cc(282)] Record action: Setup.version.BLE
04-09 15:33:00.842  3068  3068 I cast_shell: [3071:3110:INFO:metrics_recorder.cc(282)] Record action: Setup.tos_accepted.BLE
04-09 15:33:00.845  2968  3384 I airplay-main: checkACPAvailability() err 0 -> Present!
04-09 15:33:00.872  3068  3068 I cast_shell: [3071:3110:INFO:metrics_recorder.cc(282)] Record action: Setup.state.BLE
04-09 15:33:00.902  3068  3068 I cast_shell: [3071:3110:INFO:metrics_recorder.cc(282)] Record action: Setup.ip_address.BLE
04-09 15:33:00.925  2968  3406 I airplay_v2_0_6: 2022-04-09 03:03:00.925738 [AirPlayDemo] *********** AirPlayDemoPlatformSetProperty:homeIntegrationData value - 
04-09 15:33:00.925  2968  3406 I airplay_v2_0_6:     +0000: 62706c69 73743030 d101025f 10114343 |bplist00^^^_^^CC| (67 bytes)
04-09 15:33:00.925  2968  3406 I airplay_v2_0_6:     +0010: 3a39303a 39333a32 313a4633 3a3834d0 |:90:93:21:F3:84^|
04-09 15:33:00.926  2968  3406 I airplay_v2_0_6:     +0020: 080b1f00 00000000 00010100 00000000 |^^^^^^^^^^^^^^^^|
04-09 15:33:00.926  2968  3406 I airplay_v2_0_6:     +0030: 00000300 00000000 00000000 00000000 |^^^^^^^^^^^^^^^^|
04-09 15:33:00.926  2968  3406 I airplay_v2_0_6:     +0040: 000020                              |^^              |
04-09 15:33:00.928  2968  3408 I airplay_v2_0_6: 2022-04-09 03:03:00.928202 [AirPlayDemo] AirPlayDemoServerCopyProperty Password is <<NULL>>
04-09 15:33:00.938  2968  3406 I airplay_v2_0_6: 2022-04-09 03:03:00.938604 [AirPlayDemo] *********** AirPlayDemoPlatformSetProperty:homeIntegrationData value - 
04-09 15:33:00.938  2968  3406 I airplay_v2_0_6:     +0000: 62706c69 73743030 d101025f 10114343 |bplist00^^^_^^CC| (165 bytes)
04-09 15:33:00.938  2968  3406 I airplay_v2_0_6:     +0010: 3a39303a 39333a32 313a4633 3a3834d3 |:90:93:21:F3:84^
04-09 15:33:00.938  2968  3406 I airplay_v2_0_6: |
04-09 15:33:00.938  2968  3406 I airplay_v2_0_6:     +0020: 03040501 06075a69 64656e74 69666965 |^^^^^^Zidentifie|
04-09 15:33:00.938  2968  3406 I airplay_v2_0_6:     +0030: 7252736b 52706b4f 102021c4 44b45f27 |rRskRpkO^ !^D^_'|
04-09 15:33:00.938  2968  3406 I airplay_v2_0_6:     +0040: 8acd52d3 15a8b938 7c784d80 ab199fc9 |^^R^^^^8|xM^^^^^|
04-09 15:33:00.938  2968  3406 I airplay_v2_0_6:     +0050: 887d117a e45d4c5a e8c04f10 2038a5a5 |
04-09 15:33:00.938  2968  3406 I airplay_v2_0_6: ^}^z^]LZ^^O^ 8^^|
04-09 15:33:00.938  2968  3406 I airplay_v2_0_6:     +0060: 1c4fcec6 05e4f02b 4daa1f57 b198e22c |^O^^^^^+M^^W^^^,|
04-09 15:33:00.938  2968  3406 I airplay_v2_0_6:     +0070: ea946ad6 0867e7ca 5f488a90 b7080b1f |^^j^^g^^_H^^^^^^|
04-09 15:33:00.938  2968  3406 I airplay_v2_0_6:     +0080: 26313437 5a000000 00000001 01000000 |&147Z^^^^^^^^^^^|
04-09 15:33:00.938  2968  3406 I airplay_v2_0_6:     +0090: 
04-09 15:33:00.938  2968  3406 I airplay_v2_0_6: 00000000 08000000 00000000 00000000 |^^^^^^^^^^^^^^^^|
04-09 15:33:00.938  2968  3406 I airplay_v2_0_6:     +00A0: 00000000 7d                         |^^^^}           |
04-09 15:33:00.939  2713  2720 I lucitransport: readRemoteMessage() MID char = 90 buffer = Lyric Speaker Box 21f384
04-09 15:33:00.941  2968  3384 I airplay_v2_0_6: 2022-04-09 03:03:00.940972 [AirPlay] Registering Bonjour _airplay._tcp. port 7000
04-09 15:33:00.942  2968  3406 I airplay_v2_0_6: 2022-04-09 03:03:00.942911 [AirPlayDemo] AirPlayDemoServerCopyProperty Password is <<NULL>>
04-09 15:33:00.944  2968  3408 I airplay_v2_0_6: 2022-04-09 03:03:00.944390 [AirPlayDemo] AirPlayDemoServerCopyProperty Password is <<NULL>>
04-09 15:33:00.944  2713  2720 I lucitransport: readRemoteMessage() MID char = 90 buffer = Lyric Speaker Box 21f384
04-09 15:33:00.946  2968  3384 I airplay_v2_0_6: 2022-04-09 03:03:00.946598 [AirPlay] Registering Bonjour CC909321F384@Lyric Speaker Box 21f384._raop._tcp. port 7000
04-09 15:33:00.946  2968  3384 I airplay_v2_0_6: 2022-04-09 03:03:00.946742 [AirPlay] AirPlay servers started
04-09 15:33:01.443  3068  3068 I cast_shell: [3071:3110:INFO:metrics_recorder.cc(282)] Record action: Setup.version.BLE
04-09 15:33:01.472  3068  3068 I cast_shell: [3071:3110:INFO:metrics_recorder.cc(282)] Record action: Setup.tos_accepted.BLE
04-09 15:33:01.502  3068  3068 I cast_shell: [3071:3110:INFO:metrics_recorder.cc(282)] Record action: Setup.state.BLE
04-09 15:33:01.532  3068  3068 I cast_shell: [3071:3110:INFO:metrics_recorder.cc(282)] Record action: Setup.ip_address.BLE
04-09 15:33:01.705  3068  3068 I cast_shell: [3071:3079:ERROR:connectivity_checker_impl.cc(265)] Connectivity check failed: 400
04-09 15:33:01.850  2733  2748 I HttpTimeSync: Building resolve list for clients1.google.com, total 1.
04-09 15:33:01.850  2733  2748 I HttpTimeSync: 	0: 142.251.36.142
04-09 15:33:02.005  2969  3004 I SPOTIFY : ConnectionNotify event(0-Login, 1-Logout, rest Error) = 7 
04-09 15:33:03.903  3068  3068 I cast_shell: [3071:3110:INFO:metrics_recorder.cc(282)] Record action: Setup.version.BLE
04-09 15:33:03.962  3068  3068 I cast_shell: [3071:3110:INFO:metrics_recorder.cc(282)] Record action: Setup.tos_accepted.BLE
04-09 15:33:03.991  3068  3068 I cast_shell: [3071:3110:INFO:metrics_recorder.cc(282)] Record action: Setup.state.BLE
04-09 15:33:04.022  3068  3068 I cast_shell: [3071:3110:INFO:metrics_recorder.cc(282)] Record action: Setup.ip_address.BLE
04-09 15:33:04.037  2733  2748 I HttpTimeSync: Http time synced
04-09 15:33:04.038  2733  2748 I NetworkMonitor: turn off power-save
04-09 15:33:04.563  3068  3068 I cast_shell: [3071:3110:INFO:metrics_recorder.cc(282)] Record action: Setup.version.BLE
04-09 15:33:04.592  3068  3068 I cast_shell: [3071:3110:INFO:metrics_recorder.cc(282)] Record action: Setup.tos_accepted.BLE
04-09 15:33:04.622  3068  3068 I cast_shell: [3071:3110:INFO:metrics_recorder.cc(282)] Record action: Setup.state.BLE
04-09 15:33:04.666  3068  3068 I cast_shell: [3071:3110:INFO:metrics_recorder.cc(282)] Record action: Setup.ip_address.BLE
04-09 15:33:05.208  3068  3068 I cast_shell: [3071:3110:INFO:metrics_recorder.cc(282)] Record action: Setup.version.BLE
04-09 15:33:05.237  3068  3068 I cast_shell: [3071:3110:INFO:metrics_recorder.cc(282)] Record action: Setup.tos_accepted.BLE
04-09 15:33:05.267  3068  3068 I cast_shell: [3071:3110:INFO:metrics_recorder.cc(282)] Record action: Setup.state.BLE
04-09 15:33:05.297  3068  3068 I cast_shell: [3071:3110:INFO:metrics_recorder.cc(282)] Record action: Setup.ip_address.BLE
04-09 15:33:05.500  3068  3068 I cast_shell: [3071:3079:INFO:connectivity_checker_impl.cc(144)] Change check url=http://connectivitycheck.gstatic.com/generate_204
04-09 15:33:05.500  3068  3068 I cast_shell: [3071:3079:INFO:connectivity_checker_impl.cc(148)] Global connection is: Up
04-09 15:33:05.501  3068  3068 I cast_shell: [3071:3110:WARNING:setup_manager_impl.cc(1100)] NAT not supported, no captive portal support.
04-09 15:33:05.503  3068  3068 I cast_shell: [3071:3110:INFO:setup_state.cc(261)] Setup state changed: SETUP_STATE_CHECKING_GLOBAL_CONNECTIVITY_BAD_ROUTER_WIFI_NOT_SAVED (51) -> SETUP_STATE_CONNECTED_WIFI_NOT_SAVED (61)
04-09 15:33:05.503  3071  3078 E         : OOBE CheckUpdate
04-09 15:33:05.517  3068  3068 I cast_shell: [3071:3078:INFO:update_engine_client_with_system_updater.cc(216)] Network first connected, check system force update
04-09 15:33:05.517  3068  3068 I cast_shell: [system_updater_dummy.cpp(109)] CheckUpdate
04-09 15:33:05.517  3068  3068 I cast_shell: [3071:3071:INFO:cloud_settings_manager.cc(431)] Connectivity established. Reconciling cloud settings.
04-09 15:33:05.517  3068  3068 I cast_shell: [3071:3071:INFO:cloud_settings_manager.cc(195)] Cloud settings is disabled.
04-09 15:33:05.517  3068  3068 I cast_shell: [3071:3071:INFO:ccs_transport_gcm.cc(102)] Registering GCM handler
04-09 15:33:05.517  3068  3068 I cast_shell: [3071:3071:INFO:gcm_manager.cc(258)] Enabling GCM Driver
04-09 15:33:05.517  3068  3068 I cast_shell: [3071:3121:INFO:v2_transport.cc(681)] V2TransportImpl::CreatSelfSignedCertificateWithKey called.
04-09 15:33:05.517  3068  3068 I cast_shell: [3071:3071:INFO:api_reboot.cc(321)] active_activities count=0
04-09 15:33:05.517  3068  3068 I cast_shell: [3071:3071:INFO:lycra_gcm.cc(121)] Registering GCM handler.
04-09 15:33:05.517  3068  3068 I cast_shell: [3071:3071:INFO:cast_receiver_impl.cc(1093)] Entering discovery-only mode
04-09 15:33:05.517  3068  3068 I cast_shell: [3071:3071:INFO:application_config_manager_impl.cc(575)] Disabling virtual device 4747421e-8aaf-df86-d000-3c3f4905e536
04-09 15:33:05.541  3068  3068 I cast_shell: [3071:3120:INFO:mdns_app_filter.cc(1709)] MdnsAppFilter is stopping; closing socket: address=192.168.2.1
04-09 15:33:05.541  3068  3068 I cast_shell: [3071:3120:INFO:metrics_recorder.cc(282)] cast event: Cast.Discovery.Mdns.SocketDestroyed
04-09 15:33:05.541  3068  3068 I cast_shell: [3071:3120:INFO:mdns_app_filter.cc(1709)] MdnsAppFilter is stopping; closing socket: address=192.168.10.1
04-09 15:33:05.541  3068  3068 I cast_shell: [3071:3120:INFO:metrics_recorder.cc(282)] cast event: Cast.Discovery.Mdns.SocketDestroyed
04-09 15:33:05.541  3068  3068 I cast_shell: [3071:3120:INFO:mdns_app_filter.cc(1120)] Skipping IPv6 interface that also has an IPv4 address: wlan0
04-09 15:33:05.541  3068  3068 I chatty  : uid=1000(chrome) /bin/logwrapper identical 2 lines
04-09 15:33:05.541  3068  3068 I cast_shell: [3071:3120:INFO:mdns_app_filter.cc(1120)] Skipping IPv6 interface that also has an IPv4 address: wlan0
04-09 15:33:05.541  3068  3068 I cast_shell: [3071:3120:INFO:metrics_recorder.cc(282)] cast event: Cast.Discovery.Mdns.SocketCreated
04-09 15:33:05.541  3068  3068 I cast_shell: [3071:3120:INFO:mdns_app_filter.cc(1254)] Created mDNS socket for interface:name=wlan0, address=192.168.1.145, index=5
04-09 15:33:05.543  3068  3068 I cast_shell: [3071:3120:INFO:mdns_app_filter.cc(1254)] Created mDNS socket for interface:name=usb0, address=192.168.10.1, index=9
04-09 15:33:05.543  3068  3068 I cast_shell: [3071:3120:INFO:mdns_app_filter.cc(977)] MdnsAppFilter is starting.
04-09 15:33:05.544  3068  3068 I cast_shell: [3071:3120:INFO:metrics_recorder.cc(282)] cast event: Cast.Discovery.Mdns.ResponderStarted
04-09 15:33:05.544  3068  3068 I cast_shell: [3071:3120:INFO:discovered_service_client.cc(78)] Primary interface for service discovery has changed: ifindex=5
04-09 15:33:05.544  2972  2996 I otamanager: cast_updater_threadEntry() Response 'CheckUpdate' Current Firmware Update state 'Idle'
04-09 15:33:05.544  2972  2996 I otamanager: checkUpdate_l
04-09 15:33:05.544  2972  2996 I otamanager: Firmware Update State Change from Idle to CheckUpdate
04-09 15:33:05.545  2713  2720 I lucitransport: readRemoteMessage() MID char = 232 buffer = TRUE
04-09 15:33:05.545  2972  2996 E otamanager: lo not valid Interface for MAC ID
04-09 15:33:05.545  2972  2996 D otamanager: OTA: wlan IP = 192.168.1.145
04-09 15:33:05.545  2972  2996 I otamanager: OTA:checkIP mac = cc909321f384  IP = 192.168.1.145 
04-09 15:33:05.546  3068  3068 I cast_shell: [3071:3120:INFO:mdns_app_filter.cc(1120)] Skipping IPv6 interface that also has an IPv4 address: wlan0
04-09 15:33:05.546  3068  3068 I cast_shell: [3071:3120:INFO:mdns_app_filter.cc(1120)] Skipping IPv6 interface that also has an IPv4 address: wlan0
04-09 15:33:05.547  2972  2996 I otamanager: DownloadHttpContent firmware version = eng.C4A.1203
04-09 15:33:05.550  2966  3145 I LibreCastControlDelegate: OnCastStatus() +++ Lyric Speaker Box 21f384:0xab5ff198:NOT_SETUP
04-09 15:33:05.551  2966  3145 I LibreCastControlDelegate: Device Build Number -> '1.52.272222'
04-09 15:33:05.551  2966  3145 I librecast: updateCastBuildVersion() Version 1.52.272222
04-09 15:33:05.551  2713  2720 I lucitransport: readRemoteMessage() MID char = 7 buffer = 1.52.272222
04-09 15:33:05.551  3068  3068 I cast_shell: [3071:3121:INFO:transport_creds.cc(151)] Self-signed certificate created: CN=4747421e-8aaf-df86-d000-3c3f4905e536
04-09 15:33:05.551  2966  3145 I LibreCastControlDelegate: Active Applications -> 0
04-09 15:33:05.551  2966  3145 I LibreCastControlDelegate: Current Cast State '2' -> 'NOT_SETUP'
04-09 15:33:05.551  2966  3145 I LibreCastControlDelegate: OnCastStatus() ---
04-09 15:33:05.551  2966  3145 I LibreCastControlDelegate: OnCastStatus() +++ Lyric Speaker Box 21f384:0xab5ff198:NOT_SETUP
04-09 15:33:05.551  2966  3145 I LibreCastControlDelegate: Device Build Number -> '1.52.272222'
04-09 15:33:05.555  2972  2996 I otamanager: OTA: DownloadHttpContent :payload =  {"device":{"brand":"COTODAMA","castVersion":"1.52.272222","deviceId":"cc909321f384","deviceType":"LS10_C4A","fwVersion":"1203","googleCast":true,"mcuVersion":"1001","model":"LSB"}}
04-09 15:33:05.555  2972  2996 I otamanager:  
04-09 15:33:05.556  2972  2996 I otamanager: OTA:------curlDownloadFirmwareXml---
04-09 15:33:05.556  2972  2996 I otamanager: OTA:isValidIpAddress: result 0
04-09 15:33:05.583  3068  3068 I cast_shell: [3071:3071:INFO:config_downloader.cc(489)] Downloading config: headers (excl. auth) ='Accept: application/protobuf', url=https://clients5.google.com/cast/chromecast/device/baseconfig?m=LSB&M=COTODAMA&p=LS10+Platform&b=1.52.272222&c=wifi&r=beta-channel&pt=3&ln=&d=DE4F95FFA64D5E74B026&at=1
04-09 15:33:05.742  2972  2996 I otamanager: OTA:ResolveDNSName IP = 34.227.250.11
04-09 15:33:05.743  2972  2996 I otamanager: OTA:hostIp string: https://34.227.250.11/v1
04-09 15:33:05.743  2972  2996 I otamanager: OTA: trying after 2 sec 
04-09 15:33:05.837  3068  3068 I cast_shell: [3071:3079:INFO:parent_tracker.cc(237)] Network changed
04-09 15:33:05.837  3068  3068 I cast_shell: [3071:3079:INFO:parent_tracker.cc(135)] Now using local address [PII](192.168.1.145)
04-09 15:33:05.837  3068  3068 I cast_shell: [3071:3079:INFO:directory_service_impl.cc(200)] This device became root
04-09 15:33:05.838  3068  3068 I cast_shell: [3071:3079:INFO:parent_tracker.cc(237)] Network changed
04-09 15:33:05.838  3068  3068 I cast_shell: [3071:3079:INFO:parent_tracker.cc(132)] No need to recreate socket
04-09 15:33:05.839  3068  3068 I cast_shell: [3071:3110:INFO:local_network_info_impl.cc(435)] LNID_W changed:
04-09 15:33:05.841  3068  3068 I cast_shell: [3071:3110:INFO:metrics_recorder.cc(282)] Record action: Setup.version.BLE
04-09 15:33:05.844  3068  3068 I cast_shell: [3071:3081:INFO:net_util_impl.cc(582)] IP address: [PII](192.168.1.1) MAC address: [PII](C8:B3:73:44:AE:ED)
04-09 15:33:05.844  3068  3068 I cast_shell: [3071:3081:INFO:local_network_info_impl.cc(346)] LNID changed:
04-09 15:33:05.844  3068  3068 I cast_shell: [3071:3071:INFO:ccs_manager_impl.cc(1789)] LNID has changed; Will re-register CCS
04-09 15:33:05.854  3068  3068 I cast_shell: [3071:3081:INFO:net_util_impl.cc(582)] IP address: [PII](192.168.1.1) MAC address: [PII](C8:B3:73:44:AE:ED)
04-09 15:33:05.866  3068  3068 I cast_shell: [3071:3110:INFO:metrics_recorder.cc(282)] Record action: Setup.tos_accepted.BLE
04-09 15:33:05.896  3068  3068 I cast_shell: [3071:3110:INFO:metrics_recorder.cc(282)] Record action: Setup.state.BLE
04-09 15:33:05.926  3068  3068 I cast_shell: [3071:3110:INFO:metrics_recorder.cc(282)] Record action: Setup.ip_address.BLE
04-09 15:33:05.976  3068  3068 I cast_shell: [3071:3110:INFO:ble_setup.cc(322)] Record action: Setup.set_eureka_info.BLE
04-09 15:33:05.978  3068  3068 I cast_shell: [3071:3110:INFO:timezone_settings.cc(288)] Setting system timezone to Asia/Kolkata
04-09 15:33:05.978  3068  3068 I cast_shell: [3071:3123:INFO:multizone_group.cc(357)] Change name for group [PII](9A13E47FA8377C08063DFE7F0DBF4CB4) to [PII](Attic speaker)
04-09 15:33:05.978  3068  3068 I cast_shell: [3071:3110:INFO:locale_manager.cc(511)] New timezone: Asia/Kolkata
04-09 15:33:05.978  3068  3068 I cast_shell: [3071:3110:INFO:locale_manager.cc(539)] New time format: 24-hour
04-09 15:33:05.984  3068  3068 I cast_shell: [3071:3071:INFO:device_info_impl.cc(1133)] SSDP Config ID is increased: id=4
04-09 15:33:05.984  3068  3068 I cast_shell: [3071:3071:INFO:device_info_impl.cc(1133)] SSDP Config ID is increased: id=5
04-09 15:33:05.986  2736  2773 I bluetoothtbd: [0409/030305.986444:INFO:adapter.cc(551)] Adapter properties changed
04-09 15:33:05.986  2736  2773 I bluetoothtbd: [0409/030305.986582:INFO:adapter.cc(573)] Adapter name changed
04-09 15:33:05.987  3068  3068 I cast_shell: [3071:3110:INFO:bluetooth_manager.cc(1232)] [PII] Set device name to 'Attic speaker'
04-09 15:33:05.989  2736  2773 I bluetoothtbd: [0409/030305.989152:INFO:adapter.cc(551)] Adapter properties changed
04-09 15:33:05.989  2736  2773 I bluetoothtbd: [0409/030305.989360:INFO:adapter.cc(573)] Adapter name changed
04-09 15:33:05.989  3068  3068 I cast_shell: [3071:3120:INFO:mdns_util.cc(102)] Defaulting mDNS capabilities for audio-only build
04-09 15:33:05.989  3068  3068 I cast_shell: [3071:3110:INFO:bluetooth_manager.cc(1232)] [PII] Set device name to 'Attic speaker'
04-09 15:33:05.990  3068  3068 I cast_shell: [3071:3120:INFO:mdns_util.cc(102)] Defaulting mDNS capabilities for audio-only build
04-09 15:33:05.990  3068  3068 I cast_shell: [3071:3071:INFO:mdns_manager_impl.cc(429)] Successfully updated service: type=_googlecast
04-09 15:33:05.990  3068  3068 I cast_shell: [3071:3071:INFO:virtual_device.cc(296)] Updated mDNS service for virtual device: id=4747421e-8aaf-df86-d000-3c3f4905e536
