04-09 15:46:08.172  2965  2982 I otamanager: OTA:------curlDownloadFirmwareXml---
04-09 15:46:08.172  2965  2982 I otamanager: OTA:isValidIpAddress: result 0
04-09 15:46:08.334  2965  2982 I otamanager: OTA:ResolveDNSName IP = 52.45.59.166
04-09 15:46:08.334  2965  2982 I otamanager: OTA:hostIp string: https://52.45.59.166/v1
04-09 15:46:08.334  2965  2982 I otamanager: OTA: trying after 2 sec 
04-09 15:46:08.524  3086  3086 I cast_shell: [3089:3127:INFO:metrics_recorder.cc(282)] Record action: Setup.state.BLE
04-09 15:46:08.833  3086  3086 I cast_shell: [3089:3137:INFO:mdns_app_filter.cc(1526)] MdnsAppFilter: Done announcing.
04-09 15:46:09.181  3086  3086 I cast_shell: [system_updater_dummy.cpp(139)] CheckUpdate 139
04-09 15:46:09.181  3086  3086 I cast_shell: [system_updater_dummy.cpp(148)] CheckUpdate 148 return
04-09 15:46:09.559  3086  3086 I cast_shell: [3089:3127:INFO:metrics_recorder.cc(282)] Record action: Setup.state.BLE
04-09 15:46:09.926  2965  2982 I otamanager: OTA:curl response code : 0	
04-09 15:46:09.926  2965  2982 I otamanager: http status code : 200
04-09 15:46:09.926  2965  2982 I otamanager: OTA: contentLen :187.000000
04-09 15:46:09.936  2965  2982 I otamanager: OTA: bytesDownloaded = 187 m_iHttpStatusCode = 200 
04-09 15:46:09.936  2693  2693 I sh      : }{
04-09 15:46:09.936  2965  2982 E otamanager: OTA:error string =  No update available
04-09 15:46:09.936  2693  2693 I sh      : 	"castVersion" : null,
04-09 15:46:09.936  2693  2693 I sh      : 	"crc" : null,
04-09 15:46:09.936  2693  2693 I sh      : 	"errorCode" : 1001,
04-09 15:46:09.936  2693  2693 I sh      : 	"errorString" : "No update available",
04-09 15:46:09.936  2693  2693 I sh      : 	"forceUpgrade" : true,
04-09 15:46:09.936  2693  2693 I sh      : 	"mcuOnlyUpdate" : false,
04-09 15:46:09.936  2693  2693 I sh      : 	"otapackage" : null,
04-09 15:46:09.936  2693  2693 I sh      : 	"url" : null,
04-09 15:46:09.937  2965  2982 I otamanager: Firmware Update State Change from CheckUpdate to Idle
04-09 15:46:09.939  3086  3086 I cast_shell: [system_updater_dummy.cpp(132)] CheckUpdate 132 no new version
04-09 15:46:09.939  3086  3086 I cast_shell: [3089:3095:INFO:update_engine_client_with_system_updater.cc(226)] No system force update, error_code=0
04-09 15:46:09.939  3086  3086 I cast_shell: [3089:3127:INFO:setup_state.cc(261)] Setup state changed: SETUP_STATE_CONNECTED_WIFI_NOT_SAVED (61) -> SETUP_STATE_CONNECTED (60)
04-09 15:46:09.940  3086  3086 I cast_shell: [3089:3127:INFO:setup_manager_impl.cc(1019)] Setup discoverability is disabled
04-09 15:46:09.940  3086  3086 I cast_shell: [3089:3127:INFO:ble_setup_manager.cc(758)] Clearing setup read attributes
04-09 15:46:09.940  3086  3086 I cast_shell: [3089:3127:INFO:gatt_client_manager_impl.cc(202)] Enabling GATT client connectability
04-09 15:46:09.940  3086  3086 I cast_shell: [3089:3127:INFO:ble_setup_manager.cc(620)] Stopped Bluetooth service
04-09 15:46:09.940  3086  3086 I cast_shell: [3089:3127:INFO:ble_setup.cc(423)] BLE setup stopped.
04-09 15:46:02.082  2734  2743 I chatty  : uid=0(root) /bin/net_mgr identical 2 lines
04-09 15:46:02.112  2734  2743 I NetworkMonitor: turn off power-save
04-09 15:46:09.944  2734  2743 I HotspotManager: hotspot stop
04-09 15:46:09.944  2734  2743 I HotspotManager: stop dnsmasq
04-09 15:46:09.955  3086  3086 I cast_shell: [3089:3137:INFO:mdns_cast_service.cc(351)] Device discovery state is idle
04-09 15:46:09.955  3086  3086 I cast_shell: [3089:3089:INFO:ble_discovery_controller.cc(121)] Starting BLE discovery
04-09 15:46:09.955  3086  3086 I cast_shell: [3089:3127:INFO:gatt_client_manager_impl.cc(202)] Enabling GATT client connectability
04-09 15:46:09.955  3086  3086 I cast_shell: [3089:3137:INFO:mdns_util.cc(102)] Defaulting mDNS capabilities for audio-only build
04-09 15:46:09.955  3086  3086 I cast_shell: [3089:3127:INFO:gatt_client_manager_impl.cc(202)] Enabling GATT client connectability
04-09 15:46:09.955  3086  3086 I cast_shell: [3089:3127:INFO:gatt_client_manager_impl.cc(202)] Enabling GATT client connectability
04-09 15:46:09.956  2959  3163 I LibreCastControlDelegate: OnCastStatus() +++ AAA speaker:0xad13a198:READY_TO_CAST
04-09 15:46:09.957  3086  3086 I cast_shell: [3089:3127:INFO:ble_setup_manager.cc(744)] Started Bluetooth service
04-09 15:46:09.957  2959  3163 I LibreCastControlDelegate: Cast Device Name -> 'AAA speaker'
04-09 15:46:09.962  2959  3163 I LibreCastControlDelegate: OnResponse() ReqeustID 6, error  0
04-09 15:46:09.966  2735  2771 I bluetoothtbd: [0409/031609.966000:INFO:adapter.cc(551)] Adapter properties changed
04-09 15:46:09.966  2735  2771 I bluetoothtbd: [0409/031609.966206:INFO:adapter.cc(573)] Adapter name changed
04-09 15:46:09.966  3086  3086 I cast_shell: [3089:3127:INFO:bluetooth_manager.cc(1232)] [PII] Set device name to 'AAA speaker'
04-09 15:46:09.967  3086  3086 I cast_shell: [3089:3089:INFO:device_info_impl.cc(1133)] SSDP Config ID is increased: id=6
04-09 15:46:09.967  3086  3086 I cast_shell: [3089:3089:INFO:ccs_manager_impl.cc(1842)] Postponing device name update while registering
04-09 15:46:09.968  3086  3086 I cast_shell: [3089:3137:INFO:mdns_util.cc(102)] Defaulting mDNS capabilities for audio-only build
04-09 15:46:09.969  2959  3163 I LibreCastControlDelegate: OnCastStatus() +++ AAA speaker:0xad13a198:READY_TO_CAST
04-09 15:46:09.969  3086  3086 I cast_shell: [3089:3089:INFO:mdns_manager_impl.cc(429)] Successfully updated service: type=_googlecast
04-09 15:46:09.970  3086  3086 I cast_shell: [3089:3089:INFO:virtual_device.cc(296)] Updated mDNS service for virtual device: id=f468e1e2-e7c5-f320-46f0-05d1c6251635
04-09 15:46:09.970  2959  3163 I LibreCastControlDelegate: Cast Device Name -> 'AAA speaker'
04-09 15:46:09.970  2959  3163 I librecast: OldFriendlyName '' & New name change By Cast 'AAA speaker' isfirstbootup 56 m_updatedonebyluci 95
04-09 15:46:09.970  2959  3163 I librecast:  Difference in FriendlyName notify all  
04-09 15:46:09.970  2959  3163 I LibreCastControl: LibreCastControl_SetCastName()  name 'AAA speaker' RequestId '7' pCastControl 0xf4a00728
04-09 15:46:09.971  2714  2714 I lucitransport: writeRemoteMessage() MID = 90 buffer = AAA speaker
04-09 15:46:09.971  2714  2714 I luciUART: write() MID = 90  bytes = 21 data = AAA speaker m_fd = 0x5
04-09 15:46:09.971  2714  2721 I lucitransport: writeLocalMessage() MID = 90 buffer = AAA speaker
04-09 15:46:09.971  2959  3163 I LibreCastControlDelegate: Device Build Number -> '1.52.272222'
04-09 15:46:09.971  2959  3163 I librecast: updateCastBuildVersion() Version 1.52.272222
04-09 15:46:09.972  2714  2721 I lucitransport: readRemoteMessage() MID char = 7 buffer = 1.52.272222
04-09 15:46:09.972  2959  3163 I LibreCastControlDelegate: Active Applications -> 0
04-09 15:46:09.972  2959  3163 I LibreCastControlDelegate: Current Cast State '6' -> 'READY_TO_CAST'
04-09 15:46:09.972  2959  3163 I LibreCastControlDelegate: OnCastStatus() ---
04-09 15:46:09.974  2959  3163 I LibreCastControlDelegate: OnResponse() ReqeustID 7, error  0
04-09 15:46:09.975  2735  2771 I bluetoothtbd: [0409/031609.975869:INFO:adapter.cc(551)] Adapter properties changed
04-09 15:46:09.976  2735  2771 I bluetoothtbd: [0409/031609.976033:INFO:adapter.cc(573)] Adapter name changed
04-09 15:46:09.976  3086  3086 I cast_shell: [3089:3127:INFO:bluetooth_manager.cc(1232)] [PII] Set device name to 'AAA speaker'
04-09 15:46:09.979  3086  3086 I cast_shell: [3089:3089:INFO:device_info_impl.cc(1133)] SSDP Config ID is increased: id=7
04-09 15:46:09.980  3086  3086 I cast_shell: [3089:3089:INFO:ccs_manager_impl.cc(1842)] Postponing device name update while registering
04-09 15:46:09.982  2959  3163 I LibreCastControlDelegate: OnCastStatus() +++ AAA speaker:0xad13a198:READY_TO_CAST
04-09 15:46:09.983  3086  3086 I cast_shell: [3089:3137:INFO:mdns_util.cc(102)] Defaulting mDNS capabilities for audio-only build
04-09 15:46:09.983  3086  3086 I cast_shell: [3089:3089:INFO:mdns_manager_impl.cc(429)] Successfully updated service: type=_googlecast
04-09 15:46:09.983  3086  3086 I cast_shell: [3089:3089:INFO:virtual_device.cc(296)] Updated mDNS service for virtual device: id=f468e1e2-e7c5-f320-46f0-05d1c6251635
04-09 15:46:09.983  2959  3163 I LibreCastControlDelegate: Cast Device Name -> 'AAA speaker'
04-09 15:46:09.983  2959  3163 I librecast: OldFriendlyName '' & New name change By Cast 'AAA speaker' isfirstbootup 56 m_updatedonebyluci 95
04-09 15:46:09.983  2959  3163 I librecast:  Difference in FriendlyName notify all  
04-09 15:46:09.987  2959  3163 I LibreCastControlDelegate: OnResponse() ReqeustID 8, error  0
04-09 15:46:09.988  2735  2771 I bluetoothtbd: [0409/031609.988677:INFO:adapter.cc(551)] Adapter properties changed
04-09 15:46:09.988  2735  2771 I bluetoothtbd: [0409/031609.988860:INFO:adapter.cc(573)] Adapter name changed
04-09 15:46:09.989  3086  3086 I cast_shell: [3089:3127:INFO:bluetooth_manager.cc(1232)] [PII] Set device name to 'AAA speaker'
04-09 15:46:09.991  3086  3086 I cast_shell: [3089:3089:INFO:device_info_impl.cc(1133)] SSDP Config ID is increased: id=8
04-09 15:46:09.992  3086  3086 I cast_shell: [3089:3089:INFO:ccs_manager_impl.cc(1842)] Postponing device name update while registering
04-09 15:46:09.993  2959  3163 I LibreCastControlDelegate: OnCastStatus() +++ AAA speaker:0xad13a198:READY_TO_CAST
04-09 15:46:09.994  3086  3086 I cast_shell: [3089:3137:INFO:mdns_util.cc(102)] Defaulting mDNS capabilities for audio-only build
04-09 15:46:09.994  3086  3086 I cast_shell: [3089:3089:INFO:mdns_manager_impl.cc(429)] Successfully updated service: type=_googlecast
04-09 15:46:09.994  3086  3086 I cast_shell: [3089:3089:INFO:virtual_device.cc(296)] Updated mDNS service for virtual device: id=f468e1e2-e7c5-f320-46f0-05d1c6251635
04-09 15:46:09.994  2959  3163 I LibreCastControlDelegate: Cast Device Name -> 'AAA speaker'
04-09 15:46:09.995  2959  3163 I librecast: OldFriendlyName '' & New name change By Cast 'AAA speaker' isfirstbootup 56 m_updatedonebyluci 95
04-09 15:46:09.995  2959  3163 I librecast:  Difference in FriendlyName notify all  
04-09 15:46:09.995  2959  3163 I LibreCastControl: LibreCastControl_SetCastName()  name 'AAA speaker' RequestId '9' pCastControl 0xf4a00728
04-09 15:46:09.995  2714  2721 I lucitransport: writeRemoteMessage() MID = 90 buffer = AAA speaker
04-09 15:46:10.006  3086  3086 I cast_shell: [3089:3089:INFO:ccs_manager_impl.cc(1842)] Postponing device name update while registering
04-09 15:46:10.006  3086  3086 I cast_shell: [3089:3137:INFO:mdns_util.cc(102)] Defaulting mDNS capabilities for audio-only build
04-09 15:46:10.006  3086  3086 I cast_shell: [3089:3089:INFO:mdns_manager_impl.cc(429)] Successfully updated service: type=_googlecast
04-09 15:46:10.006  3086  3086 I cast_shell: [3089:3089:INFO:virtual_device.cc(296)] Updated mDNS service for virtual device: id=f468e1e2-e7c5-f320-46f0-05d1c6251635
04-09 15:46:10.006  2693  2693 I sh      : MessageBoxAlert() MID 90 
04-09 15:46:10.007  2693  2693 I sh      : MessageBoxChanged() MID '90'
04-09 15:46:10.008  2959  3004 I librecast: MessageBoxAlert() Msg = 90 remoteID = 16 
04-09 15:46:10.008  2714  2723 I lucitransport: readRemoteMessage() MID char = 90 buffer = AAA speaker
04-09 15:46:10.009  2959  3004 I LibreCastControl: LibreCastControl_SetCastName()  name 'AAA speaker' RequestId '10' pCastControl 0xf4a00728
04-09 15:46:10.009  2959  3004 E librecast: MessageBoxAlert() friendlyname AAA speaker
04-09 15:46:10.009  2959  3004 I LibreCastControl: MessageBoxAlert() messageBoxID 90
04-09 15:46:10.009  2961  3007 I airplayluci: MessageBoxAlert: MID 90
04-09 15:46:10.009  2961  3466 I airplay_v2_0_6: 2022-04-09 15:46:10.009606 [AirPlay] Deregistered Bonjour _airplay._tcp. for restart
04-09 15:46:10.011  2959  3163 I LibreCastControlDelegate: Cast Device Name -> 'AAA speaker'
04-09 15:46:10.011  2959  3163 I librecast: OldFriendlyName 'AAA speaker' & New name change By Cast 'AAA speaker' isfirstbootup 56 m_updatedonebyluci 0
04-09 15:46:10.011  2959  3163 I LibreCastControlDelegate: Device Build Number -> '1.52.272222'
04-09 15:46:10.011  2959  3163 I librecast: updateCastBuildVersion() Version 1.52.272222
04-09 15:46:10.011  2714  2714 I lucitransport: readRemoteMessage() MID char = 7 buffer = 1.52.272222
04-09 15:46:10.012  2961  3466 I airplay_v2_0_6: 2022-04-09 15:46:10.011967 [AirPlay] Deregistered Bonjour _raop._tcp. for restart
04-09 15:46:10.012  2962  2984 E Spotify-Player: Change Spotify Device name
04-09 15:46:10.012  2959  3163 I LibreCastControlDelegate: Active Applications -> 0
04-09 15:46:10.012  2959  3163 I LibreCastControlDelegate: Current Cast State '6' -> 'READY_TO_CAST'
04-09 15:46:10.012  2959  3163 I LibreCastControlDelegate: OnCastStatus() ---
04-09 15:46:10.014  2714  2723 E LUCI_SERVER: Luci Server Thread wait over MID 90....
04-09 15:46:10.018  2959  3163 I LibreCastControlDelegate: OnResponse() ReqeustID 10, error  0
04-09 15:46:10.018  2735  2771 I bluetoothtbd: [0409/031610.018443:INFO:adapter.cc(551)] Adapter properties changed
04-09 15:46:10.018  2735  2771 I bluetoothtbd: [0409/031610.018578:INFO:adapter.cc(573)] Adapter name changed
04-09 15:46:10.019  3086  3086 I cast_shell: [3089:3127:INFO:bluetooth_manager.cc(1232)] [PII] Set device name to 'AAA speaker'
04-09 15:46:10.020  3086  3086 I cast_shell: [3089:3089:INFO:device_info_impl.cc(1133)] SSDP Config ID is increased: id=10
04-09 15:46:10.020  3086  3086 I cast_shell: [3089:3137:INFO:mdns_util.cc(102)] Defaulting mDNS capabilities for audio-only build
04-09 15:46:10.021  3086  3086 I cast_shell: [3089:3089:INFO:ccs_manager_impl.cc(1842)] Postponing device name update while registering
04-09 15:46:10.022  3086  3086 I cast_shell: [3089:3089:INFO:mdns_manager_impl.cc(429)] Successfully updated service: type=_googlecast
04-09 15:46:10.022  2959  3163 I LibreCastControlDelegate: OnCastStatus() +++ AAA speaker:0xad13a198:READY_TO_CAST
04-09 15:46:10.029  2962  2985 I SPOTIFY : ConnectionNotify event(0-Login, 1-Logout, rest Error) = 6 
04-09 15:46:10.029  2962  2985 E SPOTIFY : Device Name change new name = AAA speaker
04-09 15:46:10.029  2962  2985 E SPOTIFY : err = 0 
04-09 15:46:10.045  2788  2788 I dnsmasq : reading /etc/resolv.conf
04-09 15:46:10.045  2958  2968 D wac-main: Netlink event
04-09 15:46:10.045  2788  2788 I dnsmasq : using nameserver 8.8.4.4#53
04-09 15:46:10.045  2788  2788 I dnsmasq : using nameserver 192.168.1.1#53
04-09 15:46:10.045  2958  2968 E wac-main: Netlink event 21 Interface Index 6 
04-09 15:46:10.045  2788  2788 I dnsmasq : using nameserver 192.168.50.1#53
04-09 15:46:10.045  2958  2968 E wac-main: Enter poll and wait
04-09 15:46:10.045  2788  2788 I dnsmasq : using nameserver 8.8.8.8#53
04-09 15:46:10.045  2713  2725 I yani_kernel: yani_geteventfrom_changeaddr() Message-Id '1' Netlink event '21' Interface Index '6' -> Name 'p2p0' 
04-09 15:46:10.047  2734  2743 I HotspotManager: stop hostapd
04-09 15:46:10.054  2713  2725 I yani_server: NetLink Event '5' Interface-Index '6' WLAN '-1' Ethernet '-1' Parsed-iFill '5' -> 'P2P0 DISCONNECTED' ifIndex '2' -> 'tunl0'
04-09 15:46:10.054  2713  2725 E yani_server: YANI: I am Done Wait For Event 
04-09 15:46:10.055  2713  2815 I yani_server: onNetworkParametersChanged() WAC Mode '0'  Index '2' Interface 'p2p0' Status '0'
04-09 15:46:10.055  2731  2731 E AirableUIHelper: AirableUIHelper::YaniAlert  3 0 
04-09 15:46:10.055  2730  2747 I MB_HANDLER: YaniAlert() Interface '3' Status '0'
04-09 15:46:10.056  2714  2721 I lucitransport: writeRemoteMessage() MID = 124 buffer = 1#1,1#2,0#3,0#4,0
04-09 15:46:10.056  2714  2721 I luciUART: write() MID = 124  bytes = 27 data = 1#1,1#2,0#3,0#4,0 m_fd = 0x5
04-09 15:46:10.057  2693  2693 I sh      : MessageBoxAlert() MID 90 
04-09 15:46:10.057  2693  2693 I sh      : MessageBoxChanged() MID '90'
04-09 15:46:10.057  2965  2977 I otamanager: YaniAlert() Interface 3 Status Down
04-09 15:46:10.058  2959  3004 I librecast: MessageBoxAlert() Msg = 90 remoteID = 16 
04-09 15:46:10.058  2714  2723 I lucitransport: readRemoteMessage() MID char = 90 buffer = AAA speaker
04-09 15:46:10.058  2959  3004 I LibreCastControl: LibreCastControl_SetCastName()  name 'AAA speaker' RequestId '11' pCastControl 0xf4a00728
04-09 15:46:10.058  2959  3004 E librecast: MessageBoxAlert() friendlyname AAA speaker
04-09 15:46:10.058  2959  3004 I LibreCastControl: MessageBoxAlert() messageBoxID 90
04-09 15:46:10.060  2961  3007 I airplayluci: MessageBoxAlert: MID 90
04-09 15:46:10.060  2961  2961 I airplay-main: YaniAlert Interface 3 Status 0
04-09 15:46:10.060  2962  2984 E Spotify-Player: Change Spotify Device name
04-09 15:46:10.061  2714  2723 E LUCI_SERVER: Luci Server Thread wait over MID 90....
04-09 15:46:10.064  2714  2722 E luciUART: UART:aa
04-09 15:46:10.064  2714  2722 E luciUART: UART:aa
04-09 15:46:10.065  2714  2722 E luciUART: UART:2
04-09 15:46:10.065  2714  2722 E luciUART: UART:0
04-09 15:46:10.065  2714  2722 E luciUART: UART:d0
04-09 15:46:10.065  2714  2722 E luciUART: UART:0
04-09 15:46:10.065  2714  2722 E luciUART: UART:0
04-09 15:46:10.069  3086  3086 I cast_shell: [3089:3089:INFO:device_info_impl.cc(1133)] SSDP Config ID is increased: id=11
04-09 15:46:10.071  2962  2985 E SPOTIFY : Device Name change new name = AAA speaker
04-09 15:46:10.071  2962  2985 E SPOTIFY : err = 0 
04-09 15:46:10.073  3086  3086 I cast_shell: [3089:3137:INFO:mdns_util.cc(102)] Defaulting mDNS capabilities for audio-only build
04-09 15:46:10.074  3086  3086 I cast_shell: [3089:3089:INFO:ccs_manager_impl.cc(1842)] Postponing device name update while registering
04-09 15:46:10.075  2959  3163 I LibreCastControlDelegate: OnCastStatus() +++ AAA speaker:0xad13a198:READY_TO_CAST
04-09 15:46:10.075  3086  3086 I cast_shell: [3089:3089:INFO:mdns_manager_impl.cc(429)] Successfully updated service: type=_googlecast
04-09 15:46:10.076  3086  3086 I cast_shell: [3089:3089:INFO:virtual_device.cc(296)] Updated mDNS service for virtual device: id=f468e1e2-e7c5-f320-46f0-05d1c6251635
04-09 15:46:10.076  2959  3163 I LibreCastControlDelegate: Cast Device Name -> 'AAA speaker'
04-09 15:46:10.076  2959  3163 I librecast: OldFriendlyName 'AAA speaker' & New name change By Cast 'AAA speaker' isfirstbootup 56 m_updatedonebyluci 0
04-09 15:46:10.076  2959  3163 I LibreCastControlDelegate: Device Build Number -> '1.52.272222'
04-09 15:46:10.076  2959  3163 I librecast: updateCastBuildVersion() Version 1.52.272222
04-09 15:46:10.077  2714  2721 I lucitransport: readRemoteMessage() MID char = 7 buffer = 1.52.272222
04-09 15:46:10.077  2959  3163 I LibreCastControlDelegate: Active Applications -> 0
04-09 15:46:10.077  2959  3163 I LibreCastControlDelegate: Current Cast State '6' -> 'READY_TO_CAST'
04-09 15:46:10.077  2959  3163 I LibreCastControlDelegate: OnCastStatus() ---
04-09 15:46:10.088  2958  2968 D wac-main: Netlink event
04-09 15:46:10.088  2958  2968 E wac-main: Netlink event 16 Interface Index 6 
04-09 15:46:10.088  2958  2968 E wac-main: p2p0 event Link Changed : 1003 
04-09 15:46:10.088  2958  2968 E wac-main: p2p0 Changed down
04-09 15:46:10.088  2958  2968 E wac-main: wlan0 IP : 192.168.1.145
04-09 15:46:10.088  2713  2725 I yani_kernel: yani_geteventfrom_changeaddr() Message-Id '1' Netlink event '16' Interface Index '6' -> Name 'p2p0' 
04-09 15:46:10.089  2958  2968 E wac-main: Enter poll and wait
04-09 15:46:10.096  2959  3004 I librecast: MessageBoxAlert() Msg = 90 remoteID = 16 
04-09 15:46:10.096  2714  2723 I lucitransport: readRemoteMessage() MID char = 90 buffer = AAA speaker
04-09 15:46:10.097  2959  3004 I LibreCastControl: LibreCastControl_SetCastName()  name 'AAA speaker' RequestId '12' pCastControl 0xf4a00728
04-09 15:46:10.097  2959  3004 E librecast: MessageBoxAlert() friendlyname AAA speaker
04-09 15:46:10.097  2959  3004 I LibreCastControl: MessageBoxAlert() messageBoxID 90
04-09 15:46:10.098  2961  3477 I airplayluci: MessageBoxAlert: MID 90
04-09 15:46:10.098  2693  2693 I sh      : MessageBoxAlert() MID 90 
04-09 15:46:10.098  2693  2693 I sh      : MessageBoxChanged() MID '90'
04-09 15:46:10.099  2962  2984 E Spotify-Player: Change Spotify Device name
04-09 15:46:10.099  2959  3163 I LibreCastControlDelegate: OnResponse() ReqeustID 12, error  0
04-09 15:46:10.100  2714  2723 E LUCI_SERVER: Luci Server Thread wait over MID 90....
04-09 15:46:10.100  2735  2771 I bluetoothtbd: [0409/031610.100884:INFO:adapter.cc(551)] Adapter properties changed
04-09 15:46:10.101  2735  2771 I bluetoothtbd: [0409/031610.101024:INFO:adapter.cc(573)] Adapter name changed
04-09 15:46:10.102  3086  3086 I cast_shell: [3089:3127:INFO:bluetooth_manager.cc(1232)] [PII] Set device name to 'AAA speaker'
04-09 15:46:10.103  2962  2985 E SPOTIFY : Device Name change new name = AAA speaker
04-09 15:46:10.103  2962  2985 E SPOTIFY : err = 0 
04-09 15:46:10.107  3086  3086 I cast_shell: [3089:3089:INFO:device_info_impl.cc(1133)] SSDP Config ID is increased: id=12
04-09 15:46:10.109  3086  3086 I cast_shell: [3089:3089:INFO:ccs_manager_impl.cc(1842)] Postponing device name update while registering
04-09 15:46:10.112  3086  3086 I cast_shell: [3089:3137:INFO:mdns_util.cc(102)] Defaulting mDNS capabilities for audio-only build
04-09 15:46:10.114  2959  3163 I LibreCastControlDelegate: OnCastStatus() +++ AAA speaker:0xad13a198:READY_TO_CAST
04-09 15:46:10.115  2959  3163 I LibreCastControlDelegate: Cast Device Name -> 'AAA speaker'
04-09 15:46:10.115  2959  3163 I librecast: OldFriendlyName 'AAA speaker' & New name change By Cast 'AAA speaker' isfirstbootup 56 m_updatedonebyluci 0
04-09 15:46:10.115  2959  3163 I LibreCastControlDelegate: Device Build Number -> '1.52.272222'
04-09 15:46:10.115  2959  3163 I librecast: updateCastBuildVersion() Version 1.52.272222
04-09 15:46:10.115  2714  2721 I lucitransport: readRemoteMessage() MID char = 7 buffer = 1.52.272222
04-09 15:46:10.115  2959  3163 I LibreCastControlDelegate: Active Applications -> 0
04-09 15:46:10.115  2959  3163 I LibreCastControlDelegate: Current Cast State '6' -> 'READY_TO_CAST'
04-09 15:46:10.116  2959  3163 I LibreCastControlDelegate: OnCastStatus() ---
04-09 15:46:10.116  3086  3086 I cast_shell: [3089:3089:INFO:mdns_manager_impl.cc(429)] Successfully updated service: type=_googlecast
04-09 15:46:10.117  3086  3086 I cast_shell: [3089:3089:INFO:virtual_device.cc(296)] Updated mDNS service for virtual device: id=f468e1e2-e7c5-f320-46f0-05d1c6251635
04-09 15:46:10.135  2693  2693 I sh      : MessageBoxAlert() MID 90 
04-09 15:46:10.135  2693  2693 I sh      : MessageBoxChanged() MID '90'
04-09 15:46:10.135  2959  3004 I librecast: MessageBoxAlert() Msg = 90 remoteID = 16 
04-09 15:46:10.135  2714  2723 I lucitransport: readRemoteMessage() MID char = 90 buffer = AAA speaker
04-09 15:46:10.135  2959  3004 I LibreCastControl: LibreCastControl_SetCastName()  name 'AAA speaker' RequestId '13' pCastControl 0xf4a00728
04-09 15:46:10.135  2959  3004 E librecast: MessageBoxAlert() friendlyname AAA speaker
04-09 15:46:10.135  2959  3004 I LibreCastControl: MessageBoxAlert() messageBoxID 90
04-09 15:46:10.138  2959  3163 I LibreCastControlDelegate: OnResponse() ReqeustID 13, error  0
04-09 15:46:10.139  2735  2771 I bluetoothtbd: [0409/031610.139596:INFO:adapter.cc(551)] Adapter properties changed
04-09 15:46:10.139  2735  2771 I bluetoothtbd: [0409/031610.139738:INFO:adapter.cc(573)] Adapter name changed
04-09 15:46:10.140  3086  3086 I cast_shell: [3089:3127:INFO:bluetooth_manager.cc(1232)] [PII] Set device name to 'AAA speaker'
04-09 15:46:10.141  3086  3086 I cast_shell: [3089:3089:INFO:device_info_impl.cc(1133)] SSDP Config ID is increased: id=13
04-09 15:46:10.141  3086  3086 I cast_shell: [3089:3137:INFO:mdns_util.cc(102)] Defaulting mDNS capabilities for audio-only build
04-09 15:46:10.143  2962  2984 E Spotify-Player: Change Spotify Device name
04-09 15:46:10.143  2714  2723 E LUCI_SERVER: Luci Server Thread wait over MID 208....
04-09 15:46:10.143  2714  2723 E LUCI_SERVER: Got NV name : ssid
04-09 15:46:10.143  3086  3086 I cast_shell: [3089:3089:INFO:ccs_manager_impl.cc(1842)] Postponing device name update while registering
04-09 15:46:10.146  2714  2723 I luciUART: write() MID = 208  bytes = 30 data = ssid:Linksys16717_2G m_fd = 0x5
04-09 15:46:10.146  2962  2985 E SPOTIFY : Device Name change new name = AAA speaker
04-09 15:46:10.146  2962  2985 E SPOTIFY : err = 0 
04-09 15:46:10.146  2714  2723 E LUCI_SERVER: NV_READ response= ssid:Linksys16717_2G
04-09 15:46:10.146  2714  2723 E LUCI_SERVER: Luci Server Thread waiting for packets....
04-09 15:46:10.146  3086  3086 I cast_shell: [3089:3089:INFO:mdns_manager_impl.cc(429)] Successfully updated service: type=_googlecast
04-09 15:46:10.146  3086  3086 I cast_shell: [3089:3089:INFO:virtual_device.cc(296)] Updated mDNS service for virtual device: id=f468e1e2-e7c5-f320-46f0-05d1c6251635
04-09 15:46:10.148  2734  2743 E WifiUtil: Setting interface p2p0 down.
04-09 15:46:10.148  2958  2968 D wac-main: Netlink event
04-09 15:46:10.149  2958  2968 E wac-main: Netlink event 16 Interface Index 6 
04-09 15:46:10.149  2958  2968 E wac-main: p2p0 event Link Changed : 1002 
04-09 15:46:10.149  2958  2968 E wac-main: Enter poll and wait
04-09 15:46:10.149  2713  2725 I yani_kernel: yani_geteventfrom_changeaddr() Message-Id '1' Netlink event '16' Interface Index '6' -> Name 'p2p0' 
04-09 15:46:10.150  2959  3163 I LibreCastControlDelegate: OnCastStatus() +++ AAA speaker:0xad13a198:READY_TO_CAST
04-09 15:46:10.151  2959  3163 I LibreCastControlDelegate: Cast Device Name -> 'AAA speaker'
04-09 15:46:10.151  2959  3163 I librecast: OldFriendlyName 'AAA speaker' & New name change By Cast 'AAA speaker' isfirstbootup 56 m_updatedonebyluci 0
04-09 15:46:10.151  2959  3163 I LibreCastControlDelegate: Device Build Number -> '1.52.272222'
04-09 15:46:10.152  2959  3163 I librecast: updateCastBuildVersion() Version 1.52.272222
04-09 15:46:10.594  3086  3086 I cast_shell: [3089:3127:INFO:metrics_recorder.cc(282)] Record action: Setup.state.BLE
04-09 15:46:10.819  3086  3086 I cast_shell: [3089:3089:INFO:metrics_recorder.cc(282)] cast event: Cloud.Transport.Https.Register.Out.Success
04-09 15:46:10.819  3086  3086 I cast_shell: [3089:3089:INFO:ccs_manager_impl.cc(2485)] Succesfully registered with CCS
04-09 15:46:10.819  3086  3086 I cast_shell: [3089:3089:INFO:ccs_manager_impl.cc(2661)] Local device version is ahead of server; will attempt update
04-09 15:46:10.819  3086  3086 I cast_shell: [3089:3089:INFO:ccs_manager_impl.cc(1757)] Updating device info with CCS: message_id = 5c57dd88-a2e8-476a-9b24-3e1870ff2849
04-09 15:46:10.819  3086  3086 I cast_shell: [3089:3089:INFO:ccs_manager_impl.cc(1758)] [PII] CCS device_id = 577B5649E8518577D93D4B5D344D560F device_name = AAA speaker
04-09 15:46:10.823  3086  3086 I cast_shell: [3089:3089:WARNING:ccs_transport_util.cc(409)] Auth info absent from the config reply from CCS.
04-09 15:46:10.823  3086  3086 I cast_shell: [3089:3089:WARNING:ccs_transport_util.cc(313)] Missing SensingSettings in the CCS config.
04-09 15:46:10.823  3086  3086 I cast_shell: [3089:3089:INFO:metrics_recorder.cc(282)] cast event: Cloud.Transport.Https.Config.In
04-09 15:46:10.823  3086  3086 I cast_shell: [3089:3089:INFO:ccs_manager_impl.cc(1150)] Handling CONFIG message from CCS.
04-09 15:46:10.823  3086  3086 I cast_shell: [3089:3089:INFO:ccs_manager_impl.cc(1151)] [PII] device_id=577B5649E8518577D93D4B5D344D560F
04-09 15:46:10.824  3086  3086 I cast_shell: [3089:3089:INFO:metrics_recorder.cc(282)] Record action: Cloud.Transport.Https.LinkedStatus.NotLinked
04-09 15:46:10.824  3086  3086 I cast_shell: [3089:3089:INFO:structure_info_from_home_graph.cc(53)] received config from home graph. Will use it: 1
04-09 15:46:10.824  3086  3086 I cast_shell: [3089:3089:INFO:structure_info_from_home_graph.cc(59)] Num devices in the structure: 0
04-09 15:46:10.824  3086  3086 I cast_shell: [3089:3089:INFO:ccs_heartbeat_listener.cc(56)] Setting heartbeat interval from CCS: 120000ms
04-09 15:46:10.825  3086  3086 I cast_shell: [3089:3097:INFO:heartbeat_manager.cc(306)] Set client HB: 120000
04-09 15:46:10.825  3086  3086 I cast_shell: [3089:3097:INFO:heartbeat_manager.cc(311)] ResettingConnection bc: 1680000
04-09 15:46:10.825  3086  3086 I cast_shell: [3089:3097:INFO:heartbeat_manager.cc(332)] ResetConnection: %d5
04-09 15:46:10.827  3086  3086 I cast_shell: [3089:3089:INFO:user_auth_impl.cc(267)] linked status: NOT_LINKED
04-09 15:46:10.941  3086  3086 I cast_shell: [3089:3127:INFO:ble_setup.cc(789)] Missing required info for sign.
04-09 15:46:10.945  3086  3086 I cast_shell: [3089:3127:INFO:gatt_client_manager_impl.cc(202)] Enabling GATT client connectability
04-09 15:46:10.945  3086  3086 I cast_shell: [3089:3127:INFO:ble_setup.cc(915)] Sign related info completed, no future EurekaInfo need sign.
04-09 15:46:11.401  3086  3086 I cast_shell: [3089:3089:INFO:metrics_recorder.cc(282)] cast event: Cloud.Transport.Https.Register.Out.Success
04-09 15:46:11.402  3086  3086 I cast_shell: [3089:3089:WARNING:ccs_transport_util.cc(409)] Auth info absent from the config reply from CCS.
04-09 15:46:11.402  3086  3086 I cast_shell: [3089:3089:WARNING:ccs_transport_util.cc(313)] Missing SensingSettings in the CCS config.
04-09 15:46:11.402  3086  3086 I cast_shell: [3089:3089:INFO:metrics_recorder.cc(282)] cast event: Cloud.Transport.Https.Config.In
04-09 15:46:11.402  3086  3086 I cast_shell: [3089:3089:INFO:ccs_manager_impl.cc(1150)] Handling CONFIG message from CCS.
04-09 15:46:11.402  3086  3086 I cast_shell: [3089:3089:INFO:ccs_manager_impl.cc(1151)] [PII] device_id=577B5649E8518577D93D4B5D344D560F
04-09 15:46:11.402  3086  3086 I cast_shell: [3089:3089:INFO:metrics_recorder.cc(282)] Record action: Cloud.Transport.Https.LinkedStatus.NotLinked
04-09 15:46:11.402  3086  3086 I cast_shell: [3089:3089:INFO:structure_info_from_home_graph.cc(53)] received config from home graph. Will use it: 1
04-09 15:46:11.402  3086  3086 I cast_shell: [3089:3089:INFO:structure_info_from_home_graph.cc(59)] Num devices in the structure: 0
04-09 15:46:11.402  3086  3086 I cast_shell: [3089:3089:INFO:ccs_heartbeat_listener.cc(56)] Setting heartbeat interval from CCS: 120000ms
04-09 15:46:11.402  3086  3086 I cast_shell: [3089:3089:INFO:user_auth_impl.cc(267)] linked status: NOT_LINKED
04-09 15:46:11.402  3086  3086 I cast_shell: [3089:3089:INFO:robot_account_auth_manager.cc(320)] V1 AuthManager received a UpdateAuthToken request
04-09 15:46:11.402  3086  3086 I cast_shell: [3089:3089:INFO:ccs_transport_https.cc(1352)] No cloud settings in response
04-09 15:46:11.657  2735  2813 W bt_btif : bta_gattc_conn_cback() - cif=3 connected=0 conn_id=3 reason=0x0013
04-09 15:46:11.657  2735  2813 W bt_btif : bta_gattc_conn_cback() - cif=4 connected=0 conn_id=4 reason=0x0013
04-09 15:46:11.657  2735  2813 W bt_btif : bta_gattc_conn_cback() - cif=6 connected=0 conn_id=6 reason=0x0013
04-09 15:46:11.658  2735  2813 I bt_btm_sec: btm_sec_disconnected clearing pending flag handle:128 reason:19
04-09 15:46:11.659  2735  2771 W bt_btif : btif_av_move_idle: ACL Disconnected state 0 bd_addr=4c:cb:24:33:9a:f9 peer_bda=00:00:00:00:00:00
04-09 15:46:11.659  2735  2771 I bluetoothtbd: [0409/031611.659292:INFO:adapter.cc(719)] ACL state changed: 4C:CB:24:33:9A:F9 - connected: false
04-09 15:46:11.660  3086  3086 I cast_shell: [3089:3127:ERROR:bluetooth_v1_via_v2.cc(796)] Connection state changed. :f9 false
04-09 15:46:11.774  3086  3086 I cast_shell: [3089:3089:INFO:metrics_recorder.cc(282)] cast event: Cloud.Transport.Https.Update.Out.Success
04-09 15:46:11.774  3086  3086 I cast_shell: [3089:3089:INFO:ccs_manager_impl.cc(2569)] Successfully updated with CCS
04-09 15:46:11.963  3086  3086 I cast_shell: [3089:3137:INFO:mdns_app_filter.cc(1526)] MdnsAppFilter: Done announcing.
04-09 15:46:12.014  2961  3496 I airplay_v2_0_6: 2022-04-09 15:46:12.014192 [AirPlayDemo] AirPlayDemoServerCopyProperty Password is <<NULL>>
04-09 15:46:12.015  2714  2714 I lucitransport: readRemoteMessage() MID char = 90 buffer = AAA speaker
04-09 15:46:12.016  2961  3466 I airplay_v2_0_6: 2022-04-09 15:46:12.016875 [AirPlay] Registering Bonjour _airplay._tcp. port 7000
04-09 15:46:12.018  2961  3496 I airplay_v2_0_6: 2022-04-09 15:46:12.018505 [AirPlayDemo] AirPlayDemoServerCopyProperty Password is <<NULL>>
04-09 15:46:12.020  2961  3496 I airplay_v2_0_6: 2022-04-09 15:46:12.020046 [AirPlayDemo] AirPlayDemoServerCopyProperty Password is <<NULL>>
04-09 15:46:12.020  2714  2714 I lucitransport: readRemoteMessage() MID char = 90 buffer = AAA speaker
04-09 15:46:12.022  2961  3466 I airplay_v2_0_6: 2022-04-09 15:46:12.021959 [AirPlay] Registering Bonjour CC909321F384@AAA speaker._raop._tcp. port 7000
04-09 15:46:12.160  3086  3086 I cast_shell: [3089:3138:INFO:metrics_recorder.cc(282)] Cast v2 action(socket_id=f468e1e2-e7c5-f320-46f0-05d1c6251635.3): CastV2.Connection.Connect.In
04-09 15:46:12.165  3086  3086 I cast_shell: [3089:3089:INFO:cast_system_memory_pressure_evaluator.cc(179)] ConfigRelaxMemoryPressureThresholds, 0.1, 0.2
04-09 15:46:12.168  3086  3086 I cast_shell: [3499:3499:INFO:cast_content_renderer_client_internal.cc(83)] Render process started.
04-09 15:46:12.172  3086  3086 I cast_shell: [3089:3089:INFO:application_manager_impl.cc(1417)] Starting background app: CC1AD845 (Default Media Receiver), session_id=009d28e4-f35c-4963-b94a-dadb5b7d8ad0
04-09 15:46:12.172  3086  3086 I cast_shell: [3089:3089:INFO:cast_media_blocker.cc(43)] UpdatePlayingState media_loading_blocked=1 media_starting_blocked=0 suspended=1 controllable=0 paused_by_user=1
04-09 15:46:12.172  3086  3086 I cast_shell: [3089:3089:INFO:application_message_handler.cc(1747)] Scheduling IpcTimerCheck
04-09 15:46:12.173  3086  3086 I cast_shell: [3089:3089:INFO:application_manager_impl.cc(1565)] App starting: CC1AD845 (Default Media Receiver), session_id=009d28e4-f35c-4963-b94a-dadb5b7d8ad0
04-09 15:46:12.173  3086  3086 I cast_shell: [3089:3137:INFO:mdns_util.cc(102)] Defaulting mDNS capabilities for audio-only build
04-09 15:46:12.174  3086  3086 I cast_shell: [3089:3089:INFO:application_identification_settings.cc(410)] new ApplicationIdentificationSettings session_id: 009d28e4-f35c-4963-b94a-dadb5b7d8ad0 app_id: CC1AD845 flags: 0 headers: 0
04-09 15:46:12.175  3086  3086 I cast_shell: [3089:3089:INFO:cast_media_blocker.cc(81)] MediaSessionInfoChanged media_loading_blocked=1 media_starting_blocked=0 is_suspended=1 is_controllable=0 paused_by_user=1
04-09 15:46:12.176  3086  3086 I cast_shell: [3089:3138:INFO:v2_transport.cc(458)] Added Cast V2 endpoint: id=009d28e4-f35c-4963-b94a-dadb5b7d8ad0, socket_factory_id=[PII](f468e1e2-e7c5-f320-46f0-05d1c6251635)
04-09 15:46:12.186  3086  3086 I cast_shell: [3089:3127:INFO:setup_namespace_handler.cc(94)] Added a peer for setup namespace: f468e1e2-e7c5-f320-46f0-05d1c6251635.3:gms_cast_prober-1
04-09 15:46:12.187  3086  3086 I cast_shell: [3089:3127:INFO:setup_state.cc(544)] EurekaInfoCalled: wifi_state=10, is_usable_ip_address=1, connected=1, is_initial_setup=0
04-09 15:46:12.202  3086  3086 I cast_shell: [3089:3089:INFO:web_application.cc(817)] [009d28e4] Supported bitstream audio codecs info: [codecs]None[spatial_rendering]None
04-09 15:46:12.202  3086  3086 I cast_shell: [3089:3089:INFO:cast_web_contents_impl.cc(242)] Load url: https://www.gstatic.com/cast/sdk/default_receiver/dogfood/app.html?skin=https://www.gstatic.com/eureka/player/0000/skins/cast/skin.css
04-09 15:46:12.205  3086  3086 I cast_shell: [3089:3089:INFO:cast_content_browser_client_internal.cc(975)] Disabling images support for application: CC1AD845
04-09 15:46:12.216  3086  3086 I cast_shell: [3089:3089:INFO:web_application.cc(991)] [009d28e4] Page state changed: app=CC1AD845 page_state=LOADING
04-09 15:46:12.220  3086  3086 I cast_shell: [3089:3089:INFO:cast_renderer_oom_adj_manager.cc(82)] Registering renderer 3499
04-09 15:46:12.220  3086  3086 I cast_shell: [3089:3095:INFO:cast_renderer_oom_adj_manager.cc(90)] Adjusting OOM score for renderer(3499) to 400
04-09 15:46:12.220  3086  3086 I cast_shell: [3089:3089:INFO:web_application.cc(585)] [009d28e4] Updating app visibility to hidden for background mode.
04-09 15:46:12.220  3086  3086 I cast_shell: [3089:3095:WARNING:cast_renderer_oom_adj_manager.cc(92)] OOM score adjustment failed for renderer(3499)
04-09 15:46:12.220  3086  3086 I cast_shell: [3089:3089:INFO:application_manager_impl.cc(1579)] App pending: CC1AD845 (Default Media Receiver), session_id=009d28e4-f35c-4963-b94a-dadb5b7d8ad0
04-09 15:46:12.220  3086  3086 I cast_shell: [3089:3137:INFO:mdns_util.cc(102)] Defaulting mDNS capabilities for audio-only build
04-09 15:46:12.222  3086  3086 I cast_shell: [3089:3089:INFO:mdns_util.cc(102)] Defaulting mDNS capabilities for audio-only build
04-09 15:46:12.222  3086  3086 I cast_shell: [3089:3089:INFO:mdns_util.cc(102)] Defaulting mDNS capabilities for audio-only build
04-09 15:46:12.244  3086  3086 I cast_shell: [3499:3499:INFO:media_playback_options.cc(70)] Render frame actions are blocked.
04-09 15:46:12.276  3086  3086 I cast_shell: [3499:3499:INFO:media_playback_options.cc(70)] Render frame actions are blocked.
04-09 15:46:12.277  3086  3086 I cast_shell: [3499:3499:INFO:media_caps.cc(24)] ScreenResolutionChanged resolution=0x0
04-09 15:46:12.280  3086  3086 I cast_shell: [3499:3499:INFO:media_caps.cc(54)] ScreenInfoChanged HDCP version=0 Supported EOTFs=0 DolbyVision flags=0 Screen size(mm): 0x0 cur mode HDR=0 cur mode DV=0
04-09 15:46:12.361  3086  3086 I cast_shell: [3089:3138:INFO:v2_ssl_socket.cc(358)] Stop reading on pending closed socket
04-09 15:46:12.362  3086  3086 I cast_shell: [3089:3127:INFO:setup_namespace_handler.cc(104)] Removed a peer for setup namespace: f468e1e2-e7c5-f320-46f0-05d1c6251635.3:gms_cast_prober-1
04-09 15:46:12.981  3086  3086 I cast_shell: [3499:3499:INFO:cast_content_client.cc(103)] Active URL: https://www.gstatic.com/cast/sdk/default_receiver/dogfood/app.html?skin=https://www.gstatic.com/eureka/player/0000/skins/cast/skin.css&google_cast_bg=true for origin 'null'
04-09 15:46:12.991  3086  3086 I cast_shell: [3089:3089:INFO:cast_content_client.cc(103)] Active URL: https://www.gstatic.com/cast/sdk/default_receiver/dogfood/app.html?skin=https://www.gstatic.com/eureka/player/0000/skins/cast/skin.css&google_cast_bg=true for origin 'null [internally: (E75F6220D4088ECDC84F6475C0202A2C) anonymous]'
04-09 15:46:12.995  3086  3086 I cast_shell: [3089:3095:INFO:process_memory_recorder_utils.cc(43)] CC1AD845 using 39688kB memory
04-09 15:46:13.015  3086  3086 I cast_shell: [3499:3499:INFO:feature_manager.cc(174)] Enabling bindings: 
04-09 15:46:13.039  3086  3086 I cast_shell: [3499:3499:INFO:feature_manager.cc(174)] Enabling bindings: 
04-09 15:46:13.829  3086  3086 I cast_shell: [3089:3089:INFO:robot_account_auth_manager.cc(384)] Sending oauth request for client_id: 2
04-09 15:46:13.829  3086  3086 I cast_shell: [3089:3089:INFO:metrics_recorder.cc(282)] cast event: Cast.Assistant.Auth.FetchToken
04-09 15:46:13.829  3086  3086 I cast_shell: [3089:3440:INFO:chromium_http_connection.cc(436)] Creating a new chromium http url loader factory
04-09 15:46:13.906  3086  3086 I cast_shell: [3089:3089:INFO:CONSOLE(116)] Cast App (CC1AD845): " [  0.001s] [cast.receiver.IpcChannel] Opening platform websocket ", source: https://www.gstatic.com/cast/sdk/libs/caf_receiver/v3/cast_receiver_framework.js (116)
04-09 15:46:13.917  3086  3086 I cast_shell: [3499:3499:INFO:media_source_impl.cc(363)] isTypeSupported("video/mp4;codecs=hev1.2.4.L153.B0") -> false (not supported by HTMLMediaElement)
04-09 15:46:13.919  3086  3086 I cast_shell: [3499:3499:INFO:media_source_impl.cc(363)] isTypeSupported("video/mp4;codecs=dvhe.04.06") -> false (not supported by HTMLMediaElement)
04-09 15:46:13.919  3086  3086 I cast_shell: [3089:3089:INFO:CONSOLE(1162)] Cast App (CC1AD845): "canDisplayType(video/mp4; codecs=hev1.2.4.L153.B0; eotf=smpte2084): Codec not supported.", source:  (1162)
04-09 15:46:13.920  3086  3086 I cast_shell: [3089:3089:INFO:CONSOLE(1162)] Cast App (CC1AD845): "canDisplayType(video/mp4; codecs=dvhe.04.06): Codec not supported.", source:  (1162)
04-09 15:46:13.920  3086  3086 I cast_shell: [3499:3499:INFO:media_source_impl.cc(363)] isTypeSupported("audio/mp4;codecs=ec-3") -> false (not supported by HTMLMediaElement)
04-09 15:46:13.922  3086  3086 I cast_shell: [3089:3089:INFO:CONSOLE(1162)] Cast App (CC1AD845): "canDisplayType(audio/mp4; codecs=ec-3; spatialRendering=true): Codec not supported.", source:  (1162)
04-09 15:46:13.931  3086  3086 I cast_shell: [3499:0xaf982ad8]     1731 ms: Scavenge 1.8 (1.9) -> 1.6 (2.4) MB, 4.9 / 0.1 ms  (average mu = 1.000, current mu = 1.000) allocation failure 
04-09 15:46:13.938  3086  3086 I cast_shell: [3089:3089:INFO:CONSOLE(739)] Cast App (CC1AD845): "Lit is in dev mode. Not recommended for production! See https://lit.dev/msg/dev-mode for more information.", source: https://www.gstatic.com/cast/sdk/libs/caf_receiver/v3/cast_receiver_framework.js (739)
04-09 15:46:13.945  3086  3086 I cast_shell: [3089:3089:INFO:CONSOLE(36)] Cast App (CC1AD845): "Unknown queryable value: log-level-cast-receiver", source:  (36)
04-09 15:46:14.061  3086  3086 I cast_shell: [3089:3089:INFO:CONSOLE(836)] Cast App (CC1AD845): "CAST SDK CAF Version: 3.0.0103", source: https://www.gstatic.com/cast/sdk/libs/caf_receiver/v3/cast_receiver_framework.js (836)
04-09 15:46:14.077  3086  3086 I cast_shell: [3089:3089:INFO:robot_account_auth_manager.cc(525)] Got CAS response: 200
04-09 15:46:14.077  3086  3086 I cast_shell: [3089:3089:INFO:metrics_recorder.cc(282)] cast event: Cast.Assistant.AuthError.NOT_LINKED
04-09 15:46:14.077  3086  3086 I cast_shell: [3089:3089:INFO:robot_account_auth_manager.cc(776)] Current error: NOT_LINKED, new error: NOT_LINKED
04-09 15:46:14.083  3086  3086 I cast_shell: [3499:0xaf982ad8]     1883 ms: Scavenge 2.3 (2.9) -> 2.1 (3.1) MB, 6.1 / 0.0 ms  (average mu = 1.000, current mu = 1.000) allocation failure 
04-09 15:46:14.090  2958  3513 E wac-main: WAC timeout cb
04-09 15:46:14.090  2958  3513 E wac-main: send wac api : a5a1
04-09 15:46:14.090  2958  2968 E wac-main: API event
04-09 15:46:14.090  2958  2968 E wac-main: msg : a5a1
04-09 15:46:14.090  2958  2968 E wac-main: msg : a5a1
04-09 15:46:14.091  2958  3514 E wac-main: enter WACStartStopThread
04-09 15:46:14.091  2958  3514 E wac-main: WACStartStopThread() event -> 'wacstop' is WACServer? UP -> 'Yes' 
04-09 15:46:14.091  2958  3051 E WACBONJOUR: RemoveWACBonjourService
04-09 15:46:14.091  2958  2968 E wac-main: Enter poll and wait
04-09 15:46:14.092  2958  3514 E WACSERVER: WACServerStop wait
04-09 15:46:14.093  2958  3051 I wifiapi : newconn : 0xf4f02510
04-09 15:46:14.109  3086  3086 I cast_shell: [3499:3499:INFO:html_media_element.cc(538)] HTMLMediaElement(0x31fa2f30)
04-09 15:46:14.116  2958  2968 D wac-main: Netlink event
04-09 15:46:14.117  2958  2968 E wac-main: Netlink event 16 Interface Index 7 
04-09 15:46:14.117  2958  2968 E wac-main: Enter poll and wait
04-09 15:46:14.117  2734  2743 E CommandListener: Message not handled: unrecognized interface p2p1
04-09 15:46:14.117  2734  2743 W FrameworkListener: Handler 'Iface' error (Success)
04-09 15:46:14.117  2713  2725 I yani_kernel: yani_geteventfrom_changeaddr() Message-Id '1' Netlink event '16' Interface Index '7' -> Name 'p2p1' 
04-09 15:46:14.154  2958  2968 D wac-main: Netlink event
04-09 15:46:14.154  2958  2968 E wac-main: Netlink event 16 Interface Index 7 
04-09 15:46:14.154  2958  2968 E wac-main: Enter poll and wait
04-09 15:46:14.154  2713  2725 I yani_kernel: yani_geteventfrom_changeaddr() Message-Id '1' Netlink event '16' Interface Index '7' -> Name 'p2p1' 
04-09 15:46:14.155  2734  2743 E CommandListener: Message not handled: unrecognized interface p2p1
04-09 15:46:14.155  2734  2743 W FrameworkListener: Handler 'Iface' error (Success)
04-09 15:46:14.159  2734  2743 E CommandListener: Message not handled: unrecognized interface p2p1
04-09 15:46:14.159  2734  2743 W FrameworkListener: Handler 'Iface' error (Success)
04-09 15:46:14.161  2958  3051 I wifiapi : 'DISABLE' command returned = 0
04-09 15:46:14.173  3086  3086 I cast_shell: [3499:3499:INFO:identification_settings_manager.cc(68)] CSS URL detected and replaced with empty text URI.
04-09 15:46:14.173  3086  3086 I cast_shell: [3499:3499:INFO:identification_settings_manager.cc(169)] WillStartResourceRequest: replacement URL found
04-09 15:46:14.180  2958  3051 I wifiapi : stop hostapd
04-09 15:46:14.181  2958  3051 I wifiapi : stop dnsmasq
04-09 15:46:14.183  2958  2968 D wac-main: Netlink event
04-09 15:46:14.183  2958  2968 E wac-main: Netlink event 21 Interface Index 7 
04-09 15:46:14.183  2958  2968 E wac-main: Enter poll and wait
04-09 15:46:14.184  2713  2725 I yani_kernel: yani_geteventfrom_changeaddr() Message-Id '1' Netlink event '21' Interface Index '7' -> Name 'p2p1' 
04-09 15:46:14.184  2734  2743 E CommandListener: Message not handled: unrecognized interface p2p1
04-09 15:46:14.184  2734  2743 W FrameworkListener: Handler 'Iface' error (Success)
04-09 15:46:14.185  2958  3051 E wac-main: WACCallback() message 5 -> 'Stopped'
04-09 15:46:14.185  2714  2714 I lucitransport: writeRemoteMessage() MID = 143 buffer = 5
04-09 15:46:14.185  2714  2714 I luciUART: write() MID = 143  bytes = 11 data = 5 m_fd = 0x5
04-09 15:46:14.188  2714  2714 I lucitransport: writeLocalMessage() MID = 143 buffer = 5
04-09 15:46:14.188  2958  3051 E wac-main: send wac api : a5a1
04-09 15:46:14.188  2958  3051 E WACSERVER: _HandleState_Cleanup done
04-09 15:46:14.188  2714  2723 E LUCI_SERVER: Luci Server Thread wait over MID 143....
04-09 15:46:14.188  2958  2968 E wac-main: API event
04-09 15:46:14.188  2714  2723 E LUCI_SERVER: Luci Server Thread waiting for packets....
04-09 15:46:14.188  2958  2968 E wac-main: msg : a5a1
04-09 15:46:14.188  2958  2968 E wac-main: msg : a5a1
04-09 15:46:14.188  2958  2968 E wac-main: Enter poll and wait
04-09 15:46:14.188  2958  3514 E WACSERVER: WACServerStop done
04-09 15:46:14.188  2958  3514 E wac-main: exit WACStartStopThread
04-09 15:46:14.403  3086  3086 I cast_shell: [3089:3089:INFO:robot_account_auth_manager.cc(384)] Sending oauth request for client_id: 3
04-09 15:46:14.404  3086  3086 I cast_shell: [3089:3102:INFO:chromium_http_connection.cc(436)] Creating a new chromium http url loader factory
04-09 15:46:14.404  3086  3086 I cast_shell: [3089:3089:INFO:metrics_recorder.cc(282)] cast event: Cast.Assistant.Auth.FetchToken
04-09 15:46:15.236  3086  3086 I cast_shell: [3089:3089:INFO:robot_account_auth_manager.cc(525)] Got CAS response: 200
04-09 15:46:15.236  3086  3086 I cast_shell: [3089:3089:INFO:metrics_recorder.cc(282)] cast event: Cast.Assistant.AuthError.NOT_LINKED
04-09 15:46:15.236  3086  3086 I cast_shell: [3089:3089:INFO:robot_account_auth_manager.cc(776)] Current error: NOT_LINKED, new error: NOT_LINKED
04-09 15:46:15.486  3086  3086 I cast_shell: [3089:3089:INFO:CONSOLE(109)] Cast App (CC1AD845): "CAST SDK MPL Version: 1.0.0.113", source: https://www.gstatic.com/cast/sdk/libs/mediaplayer/1.0.0/media_player.js (109)
04-09 15:46:15.489  3086  3086 I cast_shell: [3089:3089:INFO:CONSOLE(36)] Cast App (CC1AD845): "Unknown queryable value: log-level-mpl", source:  (36)
04-09 15:46:15.564  3086  3086 I cast_shell: [3499:0xaf982ad8]     3363 ms: Scavenge 3.2 (3.9) -> 3.0 (5.4) MB, 4.4 / 0.0 ms  (average mu = 1.000, current mu = 1.000) allocation failure 
04-09 15:46:15.581  3086  3086 I cast_shell: [3499:3499:INFO:media_source_impl.cc(388)] isTypeSupported("video/webm;codecs=vp9") -> true
04-09 15:46:15.586  3086  3086 I cast_shell: [3089:3089:INFO:CONSOLE(265)] Cast App (CC1AD845): "Valid VP9 codec string requires 4-9 fields, but codecId:vp9 has 1fields.", source:  (265)
04-09 15:46:15.588  3086  3086 I cast_shell: [3089:3089:INFO:CONSOLE(265)] Cast App (CC1AD845): "Valid VP9 codec string requires 4-9 fields, but codecId:vp9 has 1fields.", source:  (265)
04-09 15:46:15.588  3086  3086 I cast_shell: [3499:3499:INFO:media_source_impl.cc(388)] isTypeSupported("video/webm;codecs=vp09.00.10.08") -> true
04-09 15:46:15.588  3086  3086 I cast_shell: [3089:3089:INFO:CONSOLE(1162)] Cast App (CC1AD845): "canDisplayType(video/webm; codecs="vp9"): -> true", source:  (1162)
04-09 15:46:15.591  3086  3086 I cast_shell: [3089:3089:INFO:CONSOLE(1162)] Cast App (CC1AD845): "canDisplayType(video/webm; codecs="vp09.00.10.08"): -> true", source:  (1162)
04-09 15:46:15.600  3086  3086 I cast_shell: [3089:3089:INFO:CONSOLE(868)] Cast App (CC1AD845): "EmeEncryptionSchemePolyfill: Waiting to detect encryptionScheme support.", source: https://ajax.googleapis.com/ajax/libs/shaka-player/3.2.2/shaka-player.compiled.js (868)
04-09 15:46:15.601  3086  3086 I cast_shell: [3089:3089:INFO:CONSOLE(873)] Cast App (CC1AD845): "McEncryptionSchemePolyfill: Waiting to detect encryptionScheme support.", source: https://ajax.googleapis.com/ajax/libs/shaka-player/3.2.2/shaka-player.compiled.js (873)
04-09 15:46:15.617  3086  3086 I cast_shell: [3089:3089:INFO:cast_web_contents_impl.cc(712)] Finished loading page after 2648 ms, url=https://www.gstatic.com/cast/sdk/default_receiver/dogfood/app.html?skin=https://www.gstatic.com/eureka/player/0000/skins/cast/skin.css&google_cast_bg=true
04-09 15:46:15.617  3086  3086 I cast_shell: [3089:3089:INFO:web_application.cc(991)] [009d28e4] Page state changed: app=CC1AD845 page_state=LOADED
