04-09 16:43:49.382     0     0 I         : [    1.427218@0] Registered cp15_barrier emulation handler
04-09 16:43:49.382     0     0 I         : [    1.427631@0] Registered setend emulation handler
04-09 16:43:49.382     0     0 I         : [    1.428116@0] disable EAS feature
04-09 16:43:49.382     0     0 I         : [    1.429207@0] registered taskstats version 1
04-09 16:43:49.382     0     0 W         : [    1.438815@0] dwc3 ff500000.dwc3: Configuration mismatch. dr_mode forced to host
04-09 16:43:49.382     0     0 I         : [    1.943494@0] xhci-hcd xhci-hcd.0.auto: xHCI Host Controller
04-09 16:43:49.382     0     0 I         : [    1.943610@0] xhci-hcd xhci-hcd.0.auto: new USB bus registered, assigned bus number 1
04-09 16:43:49.382     0     0 I         : [    1.944860@0] xhci-hcd xhci-hcd.0.auto: hcc params 0x0220f664 hci version 0x100 quirks 0x02010010
04-09 16:43:49.382     0     0 I         : [    1.945261@0] xhci-hcd xhci-hcd.0.auto: irq 27, io mem 0xff500000
04-09 16:43:49.382     0     0 I         : [    1.946741@2] hub 1-0:1.0: USB hub found
04-09 16:43:49.382     0     0 I         : [    1.946814@2] hub 1-0:1.0: 1 port detected
04-09 16:43:49.382     0     0 I         : [    1.947444@2] xhci-hcd xhci-hcd.0.auto: xHCI Host Controller
04-09 16:43:49.382     0     0 I         : [    1.947572@2] xhci-hcd xhci-hcd.0.auto: new USB bus registered, assigned bus number 2
04-09 16:43:49.382     0     0 I         : [    1.948419@2] usb usb2: We don't know the algorithms for LPM for this host, disabling LPM.
04-09 16:43:49.382     0     0 I         : [    1.949922@1] hub 2-0:1.0: USB hub found
04-09 16:43:49.382     0     0 E         : [    1.949988@1] hub 2-0:1.0: config failed, hub doesn't have any ports! (err -19)
04-09 16:43:49.382     0     0 E         : [    1.950593@1] usb usb2: Unsupported the hub
04-09 16:43:49.382     0     0 I         : [    1.951343@1] aml_vrtc rtc: setting system clock to 2022-04-09 11:13:46 UTC (1649502826)
04-09 16:43:49.382     0     0 D         : [    1.952173@1] dwc_otg ff400000.dwc2_a: dwc_otg_driver_probe(ffffffc01d688c00)
04-09 16:43:49.382     0     0 W [    1.952218@1] dwc_otg: usb0: type: 2 speed: 0, config: 0, dma: 0, id: 0, phy: ffe09000, ctrl: 0
04-09 16:43:49.382     0     0 D         : [    1.952588@1] dwc_otg ff400000.dwc2_a: base=0xffffff8008a40000
04-09 16:43:49.382     0     0 D         : [    1.952594@1] dwc_otg ff400000.dwc2_a: dwc_otg_device=0xffffffc01cbec600
04-09 16:43:49.382     0     0 W [    2.053003@1] dwc_otg: Core Release: 3.10a
04-09 16:43:49.382     0     0 W [    2.053041@1] dwc_otg: Setting default values for core params
04-09 16:43:49.382     0     0 W [    2.053451@1] dwc_otg: curmode: 0, host_only: 0
04-09 16:43:49.382     0     0 D         : [    2.053908@1] dwc_otg ff400000.dwc2_a: DMA config: BURST_DEFAULT
04-09 16:43:49.382     0     0 W [    2.066220@1] dwc_otg: Using Buffer DMA mode
04-09 16:43:49.382     0     0 W [    2.066244@1] dwc_otg: OTG VER PARAM: 1, OTG VER FLAG: 1
04-09 16:43:49.382     0     0 W [    2.066626@1] dwc_otg: Working on port type = SLAVE
04-09 16:43:49.382     0     0 W [    2.067111@1] dwc_otg: Dedicated Tx FIFOs mode
04-09 16:43:49.382     0     0 I [    2.069625@1] input: adc_keypad as /devices/platform/adc_keypad/input/input1
04-09 16:43:49.382     0     0 I         : [    2.071594@0] cpucore_cooling_register, max_cpu_core_num:4
04-09 16:43:49.382     0     0 I [    2.078046@0] gxbb_pm: enter meson_pm_probe!
04-09 16:43:49.382     0     0 I         : [    2.078087@0] no vddio3v3_en pin
04-09 16:43:49.382     0     0 E         : [    2.078252@0] pm-meson aml_pm: Can't get switch_clk81
04-09 16:43:49.382     0     0 I [    2.078772@0] gxbb_pm: meson_pm_probe done
04-09 16:43:49.382     0     0 I         : [    2.079531@0] ALSA device list:
04-09 16:43:49.382     0     0 I [    2.079560@0]   #0: AML-AUGESOUND
04-09 16:43:49.382     0     0 I         : [    2.080036@0] meson_uart ff804000.serial: ttyS3 use xtal(8M) 24000000 change 115200 to 115200
04-09 16:43:49.382     0     0 I         : [    2.085907@0] Freeing unused kernel memory: 6080K
04-09 16:43:49.382     0     0 I [    2.300722@3] ubi0: attaching mtd6
04-09 16:43:49.382     0     0 I [    2.510583@3] ubi0: scanning is finished
04-09 16:43:49.382     0     0 I [    2.514371@1] ubi0: attached mtd6 (name "system", size 100 MiB)
04-09 16:43:49.382     0     0 I [    2.514753@1] ubi0: PEB size: 262144 bytes (256 KiB), LEB size: 253952 bytes
04-09 16:43:49.382     0     0 I [    2.521764@1] ubi0: min./max. I/O unit sizes: 4096/4096, sub-page size 4096
04-09 16:43:49.382     0     0 I [    2.528643@1] ubi0: VID header offset: 4096 (aligned 4096), data offset: 8192
04-09 16:43:49.382     0     0 I [    2.535713@1] ubi0: good PEBs: 400, bad PEBs: 0, corrupted PEBs: 0
04-09 16:43:49.382     0     0 I [    2.541844@1] ubi0: user volume: 1, internal volumes: 1, max. volumes count: 128
04-09 16:43:49.382     0     0 I [    2.549169@1] ubi0: max/mean erase counter: 38/25, WL threshold: 4096, image sequence number: 736763309
04-09 16:43:49.382     0     0 I [    2.558488@1] ubi0: available PEBs: 0, total reserved PEBs: 400, PEBs reserved for bad PEB handling: 40
04-09 16:43:49.382     0     0 I [    2.567810@3] ubi0: background thread "ubi_bgt0d" started, PID 2142
04-09 16:43:49.382     0     0 I         : [    2.573664@1] UBIFS (ubi0:0): background thread "ubifs_bgt0_0" started, PID 2144
04-09 16:43:49.382     0     0 I         : [    2.627659@0] UBIFS (ubi0:0): UBIFS: mounted UBI device 0, volume 0, name "rootfs"
04-09 16:43:49.382     0     0 I         : [    2.629587@0] UBIFS (ubi0:0): LEB size: 253952 bytes (248 KiB), min./max. I/O unit sizes: 4096 bytes/4096 bytes
04-09 16:43:49.382     0     0 I         : [    2.639610@0] UBIFS (ubi0:0): FS size: 87867392 bytes (83 MiB, 346 LEBs), journal size 9404416 bytes (8 MiB, 38 LEBs)
04-09 16:43:49.382     0     0 I         : [    2.650117@0] UBIFS (ubi0:0): reserved for root: 0 bytes (0 KiB)
04-09 16:43:49.382     0     0 I         : [    2.656192@0] UBIFS (ubi0:0): media format: w4/r0 (latest is w4/r0), UUID DC99A6D8-69BA-4DD7-9E44-726260A6E747, small LPT model
04-09 16:43:49.382     0     0 I [    2.899970@3] init: property init
04-09 16:43:49.382     0     0 I [    2.900707@3] init: reading config file
04-09 16:43:49.382     0     0 I [    2.907506@3] init: processing action 0xab199808 (boot_start)
04-09 16:43:49.382     0     0 I [    2.915251@3] init: command 'boot_start' r=0
04-09 16:43:49.382     0     0 I [    2.916330@3] init: processing action 0xab1956b0 (early-init)
04-09 16:43:49.382     0     0 I [    2.920981@3] init: starting 'ueventd'
04-09 16:43:49.382     0     0 I [    2.924281@3] init: command 'start' r=0
04-09 16:43:49.383     0     0 I [    2.927155@3] init: command 'loglevel' r=0
04-09 16:43:49.383     0     0 I [    2.932123@3] init: command 'mount' r=0
04-09 16:43:49.383     0     0 I [    2.933784@2] init: starting ueventd
04-09 16:43:49.383     0     0 I [    2.934552@2] init: /sys/ rule /sys/devices/virtual/input/input* enable
04-09 16:43:49.383     0     0 I [    2.934564@2] init: /sys/ rule /sys/devices/virtual/input/input* poll_delay
04-09 16:43:49.383     0     0 I [    2.934574@2] init: /sys/ rule /sys/devices/virtual/usb_composite/* enable
04-09 16:43:49.383     0     0 I [    2.940125@2] init: adding platform device ffd0f0d0.watchdog
04-09 16:43:49.383     0     0 I [    2.940551@2] init: adding platform device reg-dummy
04-09 16:43:49.383     0     0 I [    2.941203@2] init: adding platform device cpu_iomap
04-09 16:43:49.383     0     0 I [    2.941486@2] init: adding platform device 7400000.ramoops
04-09 16:43:49.383     0     0 I [    2.941752@2] init: adding platform device bt-dev
04-09 16:43:49.383     0     0 I [    2.942395@2] init: adding platform device dummy
04-09 16:43:49.383     0     0 I [    2.989714@3] init: command 'mount' r=0
04-09 16:43:49.383     0     0 I [    3.193810@0] ubi1: attaching mtd7
04-09 16:43:49.383     0     0 I [    3.487882@0] ubi1: scanning is finished
04-09 16:43:49.383     0     0 I [    3.492242@2] ubi1: attached mtd7 (name "chrome", size 140 MiB)
04-09 16:43:49.383     0     0 I [    3.492533@2] ubi1: PEB size: 262144 bytes (256 KiB), LEB size: 253952 bytes
04-09 16:43:49.383     0     0 I [    3.499548@2] ubi1: min./max. I/O unit sizes: 4096/4096, sub-page size 4096
04-09 16:43:49.383     0     0 I [    3.506432@2] ubi1: VID header offset: 4096 (aligned 4096), data offset: 8192
04-09 16:43:49.383     0     0 I [    3.513495@2] ubi1: good PEBs: 560, bad PEBs: 0, corrupted PEBs: 0
04-09 16:43:49.383     0     0 I [    3.519623@2] ubi1: user volume: 1, internal volumes: 1, max. volumes count: 128
04-09 16:43:49.383     0     0 I [    3.526954@2] ubi1: max/mean erase counter: 36/26, WL threshold: 4096, image sequence number: 1458511589
04-09 16:43:49.383     0     0 I [    3.536356@2] ubi1: available PEBs: 0, total reserved PEBs: 560, PEBs reserved for bad PEB handling: 40
04-09 16:43:49.383     0     0 I [    3.545679@3] ubi1: background thread "ubi_bgt1d" started, PID 2554
04-09 16:43:49.383     0     0 I         : [    3.560246@2] UBIFS (ubi1:0): background thread "ubifs_bgt1_0" started, PID 2558
04-09 16:43:49.383     0     0 I         : [    3.587118@0] UBIFS (ubi1:0): recovery needed
04-09 16:43:49.383     0     0 I         : [    3.641712@3] UBIFS (ubi1:0): recovery completed
04-09 16:43:49.383     0     0 I         : [    3.641867@3] UBIFS (ubi1:0): UBIFS: mounted UBI device 1, volume 0, name "chrome"
04-09 16:43:49.383     0     0 I         : [    3.648228@3] UBIFS (ubi1:0): LEB size: 253952 bytes (248 KiB), min./max. I/O unit sizes: 4096 bytes/4096 bytes
04-09 16:43:49.383     0     0 I         : [    3.658226@3] UBIFS (ubi1:0): FS size: 128499712 bytes (122 MiB, 506 LEBs), journal size 9404416 bytes (8 MiB, 38 LEBs)
04-09 16:43:49.383     0     0 I         : [    3.668917@3] UBIFS (ubi1:0): reserved for root: 0 bytes (0 KiB)
04-09 16:43:49.383     0     0 I         : [    3.674872@3] UBIFS (ubi1:0): media format: w4/r0 (latest is w4/r0), UUID 3D7B4A1D-6849-462E-B889-C151DCC94211, small LPT model
04-09 16:43:49.383     0     0 I [    3.718116@0] ubi2: attaching mtd8
04-09 16:43:49.383     0     0 I         : [    3.884608@0]  NAND bbt detect factory Bad block at 17a40000
04-09 16:43:49.383     0     0 I         : [    3.896208@0]  NAND bbt detect factory Bad block at 18000000
04-09 16:43:49.383     0     0 I         : [    3.896266@0]  NAND bbt detect factory Bad block at 18040000
04-09 16:43:49.383     0     0 I [    4.169754@0] ubi2: scanning is finished
04-09 16:43:49.383     0     0 I [    4.174866@1] ubi2: attached mtd8 (name "data", size 213 MiB)
04-09 16:43:49.383     0     0 I [    4.174979@1] ubi2: PEB size: 262144 bytes (256 KiB), LEB size: 253952 bytes
04-09 16:43:49.383     0     0 I [    4.181991@1] ubi2: min./max. I/O unit sizes: 4096/4096, sub-page size 4096
04-09 16:43:49.383     0     0 I [    4.188875@1] ubi2: VID header offset: 4096 (aligned 4096), data offset: 8192
04-09 16:43:49.383     0     0 I [    4.195940@1] ubi2: good PEBs: 849, bad PEBs: 3, corrupted PEBs: 0
04-09 16:43:49.383     0     0 I [    4.202068@1] ubi2: user volume: 2, internal volumes: 1, max. volumes count: 128
04-09 16:43:49.383     0     0 I [    4.209396@1] ubi2: max/mean erase counter: 73/49, WL threshold: 4096, image sequence number: 1018457084
04-09 16:43:49.383     0     0 I [    4.218800@1] ubi2: available PEBs: 0, total reserved PEBs: 849, PEBs reserved for bad PEB handling: 37
04-09 16:43:49.383     0     0 I [    4.228126@3] ubi2: background thread "ubi_bgt2d" started, PID 2567
04-09 16:43:49.383     0     0 I         : [    4.241876@0] UBIFS (ubi2:0): background thread "ubifs_bgt2_0" started, PID 2570
04-09 16:43:49.383     0     0 I         : [    4.268425@2] UBIFS (ubi2:0): recovery needed
04-09 16:43:49.383     0     0 I         : [    4.346921@3] UBIFS (ubi2:0): recovery completed
04-09 16:43:49.383     0     0 I         : [    4.347076@3] UBIFS (ubi2:0): UBIFS: mounted UBI device 2, volume 0, name "factory"
04-09 16:43:49.383     0     0 I         : [    4.353522@3] UBIFS (ubi2:0): LEB size: 253952 bytes (248 KiB), min./max. I/O unit sizes: 4096 bytes/4096 bytes
04-09 16:43:49.383     0     0 I         : [    4.363518@3] UBIFS (ubi2:0): FS size: 10158080 bytes (9 MiB, 40 LEBs), journal size 2285569 bytes (2 MiB, 9 LEBs)
04-09 16:43:49.383     0     0 I         : [    4.373779@3] UBIFS (ubi2:0): reserved for root: 0 bytes (0 KiB)
04-09 16:43:49.383     0     0 I         : [    4.379733@3] UBIFS (ubi2:0): media format: w4/r0 (latest is w4/r0), UUID AD7DC8BC-6ACA-4841-8B12-7A54B54F57E7, small LPT model
04-09 16:43:49.383     0     0 I         : [    4.403466@2] UBIFS (ubi2:1): background thread "ubifs_bgt2_1" started, PID 2573
04-09 16:43:49.383     0     0 I         : [    4.429254@3] UBIFS (ubi2:1): recovery needed
04-09 16:43:49.383     0     0 I         : [    4.481208@1] UBIFS (ubi2:1): recovery completed
04-09 16:43:49.383     0     0 I         : [    4.481399@1] UBIFS (ubi2:1): UBIFS: mounted UBI device 2, volume 1, name "data"
04-09 16:43:49.383     0     0 I         : [    4.487552@1] UBIFS (ubi2:1): LEB size: 253952 bytes (248 KiB), min./max. I/O unit sizes: 4096 bytes/4096 bytes
04-09 16:43:49.383     0     0 I         : [    4.497550@1] UBIFS (ubi2:1): FS size: 189956096 bytes (181 MiB, 748 LEBs), journal size 9404416 bytes (8 MiB, 38 LEBs)
04-09 16:43:49.383     0     0 I         : [    4.508245@1] UBIFS (ubi2:1): reserved for root: 0 bytes (0 KiB)
04-09 16:43:49.383     0     0 I         : [    4.514196@1] UBIFS (ubi2:1): media format: w4/r0 (latest is w4/r0), UUID 34A475AE-5814-4337-8EB7-8868427E3B0E, small LPT model
04-09 16:43:49.383     0     0 I         : [    4.753859@3] aml_wifi wifi: [usb_power_control] Set WiFi power down
04-09 16:43:49.383     0     0 I [    4.754590@3] meson-mmc: [sdio_notify] finish
04-09 16:43:49.383     0     0 I         : [    4.758947@3] aml_wifi wifi: [wifi_power_ioctl] ioctl Set sdio wifi power down!
04-09 16:43:49.383     0     0 I         : [    4.762175@0] UBIFS (ubi0:0): background thread "ubifs_bgt0_0" stops
04-09 16:43:50.447  2586  2586 E         : found the match wifi is: sd8887
04-09 16:43:50.447  2586  2586 E         : wifi_insmod command:insmod /lib/modules/4.9.113/kernel/mrvl/mlan8887.ko 
--------- beginning of system
04-09 16:43:50.483  2605  2605 I wpa_supplicant: Successfully initialized wpa_supplicant
04-09 16:43:50.512  2605  2605 E wpa_supplicant: Could not read interface wlan0 flags: No such device
04-09 16:43:50.515  2605  2605 I wpa_supplicant: nl80211: Driver does not support authentication/association or connect commands
04-09 16:43:50.517  2605  2605 I wpa_supplicant: nl80211: deinit ifname=wlan0 disabled_11b_rates=0
04-09 16:43:50.519  2605  2605 E wpa_supplicant: Could not read interface wlan0 flags: No such device
04-09 16:43:50.520  2605  2605 E wpa_supplicant: wlan0: Failed to initialize driver interface
04-09 16:43:50.623  2586  2586 E         : wifi_insmod command:insmod /lib/modules/4.9.113/kernel/mrvl/sd8xxx.ko cal_data_cfg=mrvl/WlanCalData_ext_LS9x_291119.conf txpwrlimit_cfg=mrvl/txpwrlimit_cfg_8887.bin fw_name=mrvl/sd8887_wlan_a2_p59.bin cfg80211_wext=0xf host_mlme=1 auto_ds=2 fw_serial=1 sta_name="wlan" uap_name="p2p" ps_mode=2 max_uap_bss=2 drvdbg=0x7 reg_alpha2="00"
04-09 16:43:51.752  2586  2586 E         : Load BT driver
04-09 16:43:51.752  2586  2586 E         : found the match wifi is: (null)
04-09 16:43:51.752  2586  2586 E         : wifi_insmod command:insmod /lib/modules/4.9.113/kernel/mrvl/bt8xxx.ko fw_name=mrvl/sd8887_bt_a2_p59.bin bt_fw_serial=0
04-09 16:43:51.901  2697  2697 E writeSerialNo: Writing serial number to unifykey
04-09 16:43:51.931  2691  2691 I sh      : FACTEST:unifykey read success:20 20
04-09 16:43:51.931  2691  2691 I sh      : inbuf=de4f95ffa64d5e74b026  ret=20 serial.txt=de4f95ffa64d5e74b026 bytesread=20 strcmp=0
04-09 16:43:51.954  2689  2689 W sshd    : Failed loading /etc/dropbear/dropbear_rsa_host_key
04-09 16:43:51.954  2689  2689 W sshd    : Failed loading /etc/dropbear/dropbear_dss_host_key
04-09 16:43:51.954  2689  2689 W sshd    : Failed loading /etc/dropbear/dropbear_ecdsa_host_key
04-09 16:43:51.963  2689  2689 I sshd    : Not backgrounding
04-09 16:43:51.976  2694  2694 I ServiceManager: Waiting for service libre.EnvItems...
04-09 16:43:51.994  2698  2698 I ENV     : init 
04-09 16:43:51.996  2698  2698 I ENV     :  First boot 
04-09 16:43:51.996  2698  2698 E ENV     : fileExists:153 /lsync/env/env.db does not exist
04-09 16:43:52.005  2698  2698 D AVS_SDK :  [  1] I sdkVersion: 1.19.1
04-09 16:43:52.005  2698  2698 E ENV     :  FAILED to open:/lsync/env/tmp.db 
04-09 16:43:52.007  2698  2698 I ENV     : removeItem:79:/lsync/env/tmp.db not found
04-09 16:43:52.008  2698  2698 E ENV     : /lsync/env/env.db does not Exist.. tempStorage = 0
04-09 16:43:52.008  2698  2698 I ENV     : createUserDBFromFactoryCfg 
04-09 16:43:52.021  2698  2698 I ENV     : Using /factory/custom/factoryEnv.conf as conf file
04-09 16:43:52.021  2698  2698 I ENV     : removeItem:79:/lsync/env/env.db not found
04-09 16:43:52.021  2698  2698 E ENV     : Error removing /lsync/env/env.db
04-09 16:43:52.120  2698  2698 E ENV     : createUserDBFromFactoryCfg:307: tempStorage is undefined
04-09 16:43:52.120  2698  2698 I ENV     : Using /factory/custom/factoryEnv.conf and /lsync/env/env.db as conf and db file
04-09 16:43:52.120  2698  2698 I ENV     : init 
04-09 16:43:52.121  2698  2698 I ENV     :  First boot 
04-09 16:43:52.121  2698  2698 I ENV     : fileExists:151 /lsync/env/env.db exists
04-09 16:43:52.125  2698  2698 I ENV     : Copied /lsync/env/env.db to /lsync/env/tmp.db
04-09 16:43:52.126  2698  2698 E ENV     : /lsync/env/env.db does not Exist.. tempStorage = abeaadb0
04-09 16:43:52.126  2698  2698 I ENV     : createUserDBFromFactoryCfg 
04-09 16:43:52.131  2698  2698 I ENV     : Using /factory/custom/factoryEnv.conf as conf file
04-09 16:43:52.132  2698  2698 I ENV     : removeItem:74:/lsync/env/env.db removed
04-09 16:43:52.132  2698  2698 I ENV     : Removed /lsync/env/env.db
04-09 16:43:52.158  2698  2698 E ENV     : createUserDBFromFactoryCfg:301: Failed at tempStorage->get_changed
04-09 16:43:52.585  2698  2698 I chatty  : uid=0(root) env_service identical 64 lines
04-09 16:43:52.592  2698  2698 E ENV     : createUserDBFromFactoryCfg:301: Failed at tempStorage->get_changed
04-09 16:43:52.594  2698  2698 E AVS_SDK :  [  1] E SQLiteStatement:SQLiteStatement::stepFailed::Executing the select did not generate a row or complete.:result=19
04-09 16:43:52.594  2698  2698 E AVS_SDK :  [  1] E SQLiteStatement:SQLiteStatement::finalizeFailed::Could release the prepared statement.:rcode=19
04-09 16:43:52.594  2698  2698 E ENV     : createUserDBFromFactoryCfg:286: Failed at m_miscStorage->put
04-09 16:43:52.602  2698  2698 E ENV     : createUserDBFromFactoryCfg:301: Failed at tempStorage->get_changed
04-09 16:43:52.784  2698  2698 I chatty  : uid=0(root) env_service identical 29 lines
04-09 16:43:52.791  2698  2698 E ENV     : createUserDBFromFactoryCfg:301: Failed at tempStorage->get_changed
04-09 16:43:52.791  2698  2698 I ENV     : Using /factory/custom/factoryEnv.conf and /lsync/env/env.db as conf and db file
04-09 16:43:52.792  2698  2698 I ENV     : fileExists:151 /lsync/env/env_bk.db exists
04-09 16:43:52.793  2698  2698 I ENV     : fileExists:151 /factory/custom/factoryEnv_bk.conf exists
04-09 16:43:52.793  2698  2698 I ENV     : removeItem:74:/lsync/env/tmp.db removed
04-09 16:43:54.916  2710  2710 I wpa_supplicant: Successfully initialized wpa_supplicant
04-09 16:43:54.928  2710  2710 I wpa_supplicant: rfkill: Cannot open RFKILL control device
04-09 16:43:54.975  2712  2712 E LUCI_FACTORY: LUCIFactory::registerBuiltinFactories
04-09 16:43:54.983  2712  2712 E LUCI_SERVER: IP = 0
04-09 16:43:54.983  2713  2713 I main_sourceswitch: ServiceManager: 0xabd0ef88
04-09 16:43:54.988  2713  2713 E luci_helper: LUCIHelper: Waiting for Module Init
04-09 16:43:54.988  2713  2713 E luci_helper: LUCIHelper: Waiting for Module Init
04-09 16:43:54.999  2711  2711 E luci_helper: LUCIHelper: Waiting for Module Init
04-09 16:43:54.999  2711  2711 E luci_helper: LUCIHelper: Waiting for Module Init
04-09 16:43:55.001  2711  2711 E yani_server: YaniServer FAILED TO GET LuciHelper
04-09 16:43:55.035  2710  2710 I wpa_supplicant: MPM: Debug Dialog Token initialized 3489597141 (0xcfff06d5)
04-09 16:43:55.040  2691  2691 I sh      : Simple mixer control 'Master',0
04-09 16:43:55.040  2691  2691 I sh      :   Capabilities: volume pswitch pswitch-joined
04-09 16:43:55.040  2691  2691 I sh      :   Playback channels: Front Left - Front Right
04-09 16:43:55.040  2691  2691 I sh      :   Capture channels: Front Left - Front Right
04-09 16:43:55.040  2691  2691 I sh      :   Limits: 0 - 100
04-09 16:43:55.044  2710  2710 I wpa_supplicant: wlan0: CTRL-EVENT-REGDOM-CHANGE init=USER type=COUNTRY alpha2=US
04-09 16:43:55.051  2711  2711 E luci_helper: LUCIHelper: Waiting for Module Init
04-09 16:43:55.051  2711  2711 E yani_server: YaniServer FAILED TO GET LuciHelper
04-09 16:43:55.063  2691  2691 I sh      :   Front Left: 30 [30%] [-10.45dB] Playback [on]
04-09 16:43:55.064  2691  2691 I sh      :   Front Right: 30 [30%] [-10.45dB] Playback [on]
04-09 16:43:55.067  2712  2712 E luciUART: bufff write ? = 1 
04-09 16:43:55.069  2712  2712 E luciUART: tcsetattr succeed
04-09 16:43:55.070  2712  2721 E LUCI_SERVER: Luci Server Thread waiting for packets....
04-09 16:43:55.134  2709  2709 I         : [0409/041355.133516:INFO:cast_auth_check.cc(163)] Cast auth test is successful.
04-09 16:43:55.511  2711  2723 E yani_kernel: Interface status 0
04-09 16:43:55.518  2711  2723 I yani_kernel: set_device_name() Interface 'wlan0' MAC Address 'cc:90:93:21:f3:84' FriendlyName 'Lyric Speaker Box 21f384' status '0'
04-09 16:43:55.519  2711  2723 I yani_server: First boot after Factory reset! Friendly Name modified Lyric Speaker Box  -> Lyric Speaker Box 21f384
04-09 16:43:55.525  2712  2712 I lucitransport: writeRemoteMessage() MID = 90 buffer = Lyric Speaker Box 21f384
04-09 16:43:55.525  2712  2712 I luciUART: write() MID = 90  bytes = 34 data = Lyric Speaker Box 21f384 m_fd = 0x5
04-09 16:43:55.525  2712  2712 I lucitransport: writeLocalMessage() MID = 90 buffer = Lyric Speaker Box 21f384
04-09 16:43:55.525  2712  2721 E LUCI_SERVER: Luci Server Thread wait over MID 90....
04-09 16:43:55.527  2711  2723 E yani_server: Device Supports CastSetup 1
04-09 16:43:55.527  2711  2723 I yani_kernel: yani_init_net() Success Netlink socket fd 6
04-09 16:43:55.530  2711  2723 E WifiHW  : wifi_start_supplicant
04-09 16:43:55.530  2711  2723 E WifiHW  : wifi_start_ctl.start : wpa_supplicant
04-09 16:43:55.555  2712  2721 E LUCI_SERVER: Luci Server Thread waiting for packets....
04-09 16:43:55.732  2711  2723 E WifiHW  : wifi_connect_to_supplicant : wlan0
04-09 16:43:55.732  2711  2723 E WifiHW  : wifi_connect_on_socket_path1 : wlan0
04-09 16:43:55.734  2711  2723 E yani_wifi: enable_disable_net_if() Failed SIOCGIFFLAGS for interface 'wlan1' enable '0'
04-09 16:43:55.739  2711  2723 I yani_wifi: configure_wifi() SSID '' security '' passphrase '********' Country 'US'
04-09 16:43:56.921  2691  2691 I sh      : LSDeviceService: not found
04-09 16:43:57.006  2731  2731 I NetMgr  : Net_Mgr starting
04-09 16:43:57.009  2731  2731 I HotspotManager: Default WiFi Interface : wlan0
04-09 16:43:57.024  2731  2731 I NetworkMonitor: WiFi Interface : wlan0
04-09 16:43:57.024  2731  2731 I NetworkMonitor: Default WiFi Interface : wlan0
04-09 16:43:57.026  2731  2740 I NetworkMonitor: Start monitor thread
04-09 16:43:57.044  2731  2740 E WifiUtil: command: "SCAN" failed: FAIL-BUSY
04-09 16:43:57.046  2729  2729 E UIModeManager: UIModeManager Constructor ++
04-09 16:43:57.051  2728  2728 E         :  Start MessageBox Handler 
04-09 16:43:57.055  2735  2735 E dhcpcd  : eth0: interface not found or invalid
04-09 16:43:57.056  2729  2729 I AirableUIHelper: AirableUIHelper Contructor 
04-09 16:43:57.066  2729  2729 E AirableUIHelper:  Airable ENV_AirableBaseURL_ID Envitem returned failed!!!
04-09 16:43:57.068  2729  2729 E AirableUIHelper:  Airable ENV_AirableSecret_ID Envitem returned failed!!!
04-09 16:43:57.068  2729  2729 E AirableUIHelper: Airable Secret =  
04-09 16:43:57.071  2728  2747 E MB_HANDLER: HOST present 1
04-09 16:43:57.072  2735  2735 D dhcpcd  : wlan0: adding address fe80::ce90:93ff:fe21:f384
04-09 16:43:57.077  2728  2747 E MB_HANDLER:  REGISTERED YANI LISTENER IN MessageBoxHandler
04-09 16:43:57.077  2729  2729 I UIModeManager: RegisterModeControl Mode - PlayMode ModeControl - 0xac751c30
04-09 16:43:57.079  2729  2729 I ServiceManager: Waiting for service media.player...
04-09 16:43:57.080  2728  2747 E         : External Host present 1
04-09 16:43:57.080  2728  2747 E MB_HANDLER: REGISTERED ExternalSource IN MessageBoxHandler
04-09 16:43:57.083  2728  2747 E MB_HANDLER: Check Device Support ENV_CastSetup true ENV_GoogleCast_ID true 
04-09 16:43:57.083  2712  2712 I lucitransport: readRemoteMessage() MID char = 43689 buffer = 1
04-09 16:43:57.083  2712  2712 I lucitransport: writeRemoteMessage() MID = 43690 buffer = ªªªªª
04-09 16:43:57.083  2712  2712 I luciUART: write() MID = 43690  bytes = 15 data = ªªªªª m_fd = 0x5
04-09 16:43:57.084  2728  2747 E MB_HANDLER: LUCI UART READY MSG!!
04-09 16:43:57.084  2728  2747 E MB_HANDLER: Set Default Network Status on Bootup 0#1,0#2,0#3,0#4,0!
04-09 16:43:57.084  2712  2712 I lucitransport: writeRemoteMessage() MID = 124 buffer = 0#1,0#2,0#3,0#4,0
04-09 16:43:57.084  2712  2712 I luciUART: write() MID = 124  bytes = 27 data = 0#1,0#2,0#3,0#4,0 m_fd = 0x5
04-09 16:43:57.085  2712  2719 I lucitransport: readRemoteMessage() MID char = 43689 buffer = 1
04-09 16:43:57.085  2712  2719 I lucitransport: readRemoteMessage() MID char = 38 buffer = (null)
04-09 16:43:57.085  2712  2719 I lucitransport: readRemoteMessage() MID char = 35 buffer = 0
04-09 16:43:57.086  2728  2747 E MB_HANDLER: connected_cnt =0
04-09 16:43:57.086  2712  2719 I lucitransport: writeRemoteMessage() MID = 35 buffer = 1
04-09 16:43:57.086  2728  2747 E MB_HANDLER: boot_after_factory : 1
04-09 16:43:57.092  2712  2720 E luciUART: UART:aa
04-09 16:43:57.092  2712  2720 E luciUART: UART:aa
04-09 16:43:57.092  2712  2720 E luciUART: UART:2
04-09 16:43:57.094  2728  2747 I MB_HANDLER: Env Details: LS-Host '1' Cast-Setup 'true'
04-09 16:43:57.094  2728  2747 E MB_HANDLER: Message Handler Thread waiting for messages....
04-09 16:43:57.094  2712  2720 E luciUART: UART:0
04-09 16:43:57.100  2712  2720 I luciUART: Previous Packet read contd., 
04-09 16:43:57.100  2712  2721 I luciUART: write() MID = 91  bytes = 10 data =  m_fd = 0x5
04-09 16:43:57.100  2712  2720 I luciUART: Previous Packet read contd., 
04-09 16:43:57.100  2712  2720 E luciUART: UART:aa
04-09 16:43:57.100  2712  2720 E luciUART: UART:1
04-09 16:43:57.101  2712  2720 E luciUART: UART:0
04-09 16:43:57.101  2712  2720 I chatty  : uid=0(root) UARTLUCIControl identical 1 line
04-09 16:43:57.101  2712  2720 E luciUART: UART:0
04-09 16:43:57.101  2712  2720 I luciUART: read() RemoteID = 43690 Command = 151 Type = 1 Status = 0 DataLen = 0
04-09 16:43:57.101  2712  2720 E luciUART: UART:aa
04-09 16:43:57.101  2712  2720 E luciUART: UART:aa
04-09 16:43:57.101  2712  2720 E luciUART: UART:2
04-09 16:43:57.101  2712  2720 E luciUART: UART:0
04-09 16:43:57.101  2712  2720 E luciUART: UART:d0
04-09 16:43:57.101  2712  2720 E luciUART: UART:0
04-09 16:43:57.101  2712  2720 E luciUART: UART:0
04-09 16:43:57.102  2712  2721 I luciUART: write() MID = 208  bytes = 20 data = Country:US m_fd = 0x5
04-09 16:43:57.102  2712  2721 E LUCI_SERVER: NV_READ response= Country:US
04-09 16:43:57.102  2712  2721 E LUCI_SERVER: Luci Server Thread wait over MID 5....
04-09 16:43:57.102  2712  2721 I luciUART: write() MID = 5  bytes = 22 data = eng.C4A.1203 m_fd = 0x5
04-09 16:43:57.105  2712  2721 E WLANP2PIF: ioctl failed
04-09 16:43:57.105  2712  2721 E LUCI_SERVER: ** RSSI  = 255
04-09 16:43:57.105  2712  2721 I luciUART: write() MID = 151  bytes = 10 data =  m_fd = 0x5
04-09 16:43:57.105  2712  2721 E LUCI_SERVER: Luci Server Thread wait over MID 208....
04-09 16:43:57.105  2712  2721 E LUCI_SERVER: Got NV name : ssid
04-09 16:43:57.105  2728  2747 E MB_HANDLER: ENV READ FAILED
04-09 16:43:57.107  2712  2721 I luciUART: write() MID = 208  bytes = 15 data = ssid: m_fd = 0x5
04-09 16:43:57.107  2712  2721 E LUCI_SERVER: NV_READ response= ssid:
04-09 16:43:57.107  2712  2721 E LUCI_SERVER: Luci Server Thread waiting for packets....
04-09 16:43:57.108  2728  2747 E MB_HANDLER: MacAddress :CC:90:93:21:F3:84
04-09 16:43:57.108  2712  2719 I lucitransport: writeRemoteMessage() MID = 91 buffer = CC:90:93:21:F3:84
04-09 16:43:57.108  2712  2719 I luciUART: write() MID = 91  bytes = 27 data = CC:90:93:21:F3:84 m_fd = 0x5
04-09 16:43:57.109  2728  2747 E MB_HANDLER: Message Handler Thread waiting for messages....
04-09 16:43:57.109  2733  2733 I bt_btif : init
04-09 16:43:57.111  2733  2733 D bt_osi_allocation_tracker: canary initialized
04-09 16:43:57.114  2733  2757 I bt_osi_thread: run_thread: thread id 2757, thread name stack_manager started
04-09 16:43:57.115  2733  2757 I bt_stack_manager: event_init_stack is initializing the stack
04-09 16:43:57.116  2712  2720 E luciUART: UART:aa
04-09 16:43:57.116  2712  2720 E luciUART: UART:aa
04-09 16:43:57.116  2712  2720 E luciUART: UART:2
04-09 16:43:57.117  2712  2720 E luciUART: UART:0
04-09 16:43:57.117  2712  2720 E luciUART: UART:d0
04-09 16:43:57.117  2712  2720 E luciUART: UART:0
04-09 16:43:57.117  2712  2720 I chatty  : uid=0(root) UARTLUCIControl identical 2 lines
04-09 16:43:57.117  2712  2720 E luciUART: UART:0
04-09 16:43:57.117  2712  2720 E luciUART: UART:9
04-09 16:43:57.117  2712  2720 I luciUART: read() RemoteID = 43690 Command = 208 Type = 2 Status = 0 DataLen = 9
04-09 16:43:57.117  2712  2720 E luciUART: Error: full data not available yet! readBytes 0
04-09 16:43:57.117  2712  2720 I luciUART: Previous Packet read contd., 
04-09 16:43:57.117  2712  2720 E luciUART: UART:52
04-09 16:43:57.127  2733  2757 I bt_btif_core: btif_init_bluetooth entered
04-09 16:43:57.127  2712  2721 I luciUART: write() MID = 208  bytes = 67 data = fwdownload_xml:https://openotaengine.libreiotcloud.com/v1 m_fd = 0x5
04-09 16:43:57.127  2712  2721 E LUCI_SERVER: NV_READ response= fwdownload_xml:https://openotaengine.libreiotcloud.com/v1
04-09 16:43:57.127  2712  2721 E LUCI_SERVER: Luci Server Thread waiting for packets....
04-09 16:43:57.130  2733  2757 I bt_stack_config: init attempt to load stack conf from /etc/bluetooth/bt_stack.conf
04-09 16:43:57.134  2733  2764 I bt_osi_thread: run_thread: thread id 2764, thread name bt_jni_workqueue started
04-09 16:43:57.134  2728  2747 E MB_HANDLER: Message Handler Thread waiting for messages....
04-09 16:43:57.135  2733  2757 I bt_btif_core: btif_init_bluetooth finished
04-09 16:43:57.135  2733  2757 I bt_stack_manager: event_init_stack finished
04-09 16:43:57.135  2733  2764 I bt_btif_core: run_message_loop entered
04-09 16:43:57.135  2733  2733 I bt_osi_wakelock: wakelock_set_os_callouts set to non-native
04-09 16:43:57.137  2733  2733 I bt_btif : get_profile_interface: id = gatt
04-09 16:43:57.141  2733  2733 I bt_btif : get_profile_interface: id = a2dp
04-09 16:43:57.141  2733  2733 I bt_btif : get_profile_interface: id = a2dp_sink
04-09 16:43:57.152  2733  2768 I bt_osi_thread: run_thread: thread id 2768, thread name btif_a2dp_sink_w started
04-09 16:43:57.155  2733  2733 D a2dp_codec: init
04-09 16:43:57.157  2733  2733 D a2dp_codec: createCodec: codec SBC
04-09 16:43:57.159  2733  2733 D a2dp_codec: createCodec: codec AAC
04-09 16:43:57.160  2731  2741 E CommandListener: Message not handled: unrecognized interface usb0
04-09 16:43:57.160  2733  2733 D a2dp_codec: createCodec: codec aptX
04-09 16:43:57.160  2731  2741 W FrameworkListener: Handler 'Iface' error (Success)
04-09 16:43:57.160  2731  2741 E CommandListener: Message not handled: unrecognized interface usb0
04-09 16:43:57.160  2731  2741 W FrameworkListener: Handler 'Iface' error (Success)
04-09 16:43:57.161  2733  2733 E a2dp_vendor_aptx_encoder: A2DP_VendorLoadEncoderAptx: cannot open aptX encoder library libaptX_encoder.so: libaptX_encoder.so: cannot open shared object file: No such file or directory
04-09 16:43:57.162  2733  2733 E a2dp_vendor_aptx: init: cannot load the encoder
04-09 16:43:57.162  2733  2733 D a2dp_codec: createCodec: codec aptX-HD
04-09 16:43:57.162  2733  2733 E a2dp_vendor_aptx_hd_encoder: A2DP_VendorLoadEncoderAptxHd: cannot open aptX-HD encoder library libaptXHD_encoder.so: libaptXHD_encoder.so: cannot open shared object file: No such file or directory
04-09 16:43:57.162  2733  2733 E a2dp_vendor_aptx_hd: init: cannot load the encoder
04-09 16:43:57.164  2733  2733 D a2dp_codec: createCodec: codec LDAC
04-09 16:43:57.164  2733  2733 E a2dp_vendor_ldac_encoder: A2DP_VendorLoadEncoderLdac: cannot open LDAC encoder library libldacBT_enc.so: libldacBT_enc.so: cannot open shared object file: No such file or directory
04-09 16:43:57.164  2733  2733 E a2dp_vendor_ldac: init: cannot load the encoder
04-09 16:43:57.164  2733  2733 D a2dp_codec: createCodec: codec SBC SINK
04-09 16:43:57.164  2733  2733 D a2dp_codec: createCodec: codec AAC SINK
04-09 16:43:57.164  2733  2733 I a2dp_codec: init: initialized Source codec AAC
04-09 16:43:57.164  2733  2733 I a2dp_codec: init: initialized Source codec SBC
04-09 16:43:57.164  2733  2733 I a2dp_codec: init: initialized Sink codec AAC(Sink)
04-09 16:43:57.164  2733  2733 I a2dp_codec: init: initialized Sink codec SBC(Sink)
04-09 16:43:57.164  2733  2733 W bt_btif : ## ON A2DP IDLE ## peer_sep = 0
04-09 16:43:57.165  2733  2733 I bt_btif : get_profile_interface: id = avrcp
04-09 16:43:57.173  2731  2741 E CommandListener: Message not handled: unrecognized interface usb0
04-09 16:43:57.173  2731  2741 W FrameworkListener: Handler 'Iface' error (Success)
04-09 16:43:57.174  2731  2741 E CommandListener: Message not handled: unrecognized interface usb0
04-09 16:43:57.174  2731  2741 W FrameworkListener: Handler 'Iface' error (Success)
04-09 16:43:57.175  2731  2741 E CommandListener: Message not handled: unrecognized interface usb0
04-09 16:43:57.175  2731  2741 W FrameworkListener: Handler 'Iface' error (Success)
04-09 16:43:57.177  2731  2741 E CommandListener: Message not handled: unrecognized interface usb0
04-09 16:43:57.177  2731  2741 W FrameworkListener: Handler 'Iface' error (Success)
04-09 16:43:57.185  2733  2733 I bluetoothtbd: [0409/041357.185446:INFO:daemon.cc(168)] Daemon initialized
04-09 16:43:57.186  2733  2733 I bt_btif : enable: start restricted = 0
04-09 16:43:57.186  2733  2757 I bt_stack_manager: event_start_up_stack is bringing up the stack
04-09 16:43:57.186  2733  2757 I bt_core_module: module_start_up Starting module "btif_config_module"
04-09 16:43:57.186  2733  2757 I bt_core_module: module_start_up Started module "btif_config_module"
04-09 16:43:57.186  2733  2757 I bt_core_module: module_start_up Starting module "btsnoop_module"
04-09 16:43:57.186  2733  2757 I bt_core_module: module_start_up Started module "btsnoop_module"
04-09 16:43:57.187  2733  2757 I bt_core_module: module_start_up Starting module "hci_module"
04-09 16:43:57.187  2733  2757 I bt_hci  : hci_module_start_up
04-09 16:43:57.188  2733  2777 I bt_osi_thread: run_thread: thread id 2777, thread name hci_thread started
04-09 16:43:57.188  2733  2757 D bt_hci  : hci_module_start_up starting async portion
04-09 16:43:57.189  2733  2777 I bluetoothtbd: [0409/041357.189681:INFO:hci_layer_linux.cc(172)] hci_initialize
04-09 16:43:57.189  2733  2777 I bluetoothtbd: [0409/041357.189828:INFO:hci_layer_linux.cc(184)] Using interface hci0
04-09 16:43:57.189  2733  2777 I bluetoothtbd: [0409/041357.189891:INFO:hci_layer_linux.cc(378)] rfkill
04-09 16:43:57.225  2786  2786 I dnsmasq : started, version 2.51 cachesize 150
04-09 16:43:57.225  2786  2786 I dnsmasq : compile time options: no-IPv6 GNU-getopt no-DBus no-I18N DHCP no-scripts no-TFTP
04-09 16:43:57.225  2786  2786 I dnsmasq : DHCP, IP range 192.168.10.3 -- 192.168.10.10, lease time 12h
04-09 16:43:57.226  2786  2786 I dnsmasq : reading /etc/resolv.conf
04-09 16:43:57.226  2786  2786 I dnsmasq : using nameserver 8.8.8.8#53
04-09 16:43:57.226  2786  2786 I dnsmasq : read /etc/hosts - 1 addresses
04-09 16:43:57.246  2735  2735 D dhcpcd  : no interfaces have a carrier
04-09 16:43:57.247  2735  2735 D dhcpcd  : wlan0: waiting for carrier
04-09 16:43:57.597  2731  2741 E CommandListener: Message not handled: unrecognized interface usb0
04-09 16:43:57.597  2731  2741 W FrameworkListener: Handler 'Iface' error (Success)
04-09 16:43:57.604  2733  2777 I bluetoothtbd: [0409/041357.604158:INFO:hci_layer_linux.cc(295)] wait_hcidev
04-09 16:43:57.604  2733  2777 I bluetoothtbd: [0409/041357.604419:INFO:hci_layer_linux.cc(332)] Do poll() with timeout of 3000ms
04-09 16:43:57.606  2733  2777 I bluetoothtbd: [0409/041357.605959:INFO:hci_layer_linux.cc(228)] HCI device ready
04-09 16:43:57.606  2733  2777 I bt_hci  : event_finish_startup
04-09 16:43:57.606  2733  2757 I bt_core_module: module_start_up Started module "hci_module"
04-09 16:43:57.608  2733  2811 I bt_osi_thread: run_thread: thread id 2811, thread name bt_workqueue started
04-09 16:43:57.608  2733  2811 I bluetoothtbd: [0409/041357.608850:INFO:btu_task.cc(107)] Bluetooth chip preload is complete
04-09 16:43:57.615  2733  2811 I         : No vendor HCI socket available. Won't create SocketWriter.
04-09 16:43:57.624  2733  2811 I bluetoothtbd: [0409/041357.623559:INFO:gatt_api.cc(1005)] GATT_Register
04-09 16:43:57.625  2733  2811 I bluetoothtbd: [0409/041357.625267:INFO:gatt_api.cc(1028)] allocated gatt_if=1
04-09 16:43:57.626  2733  2811 I bluetoothtbd: [0409/041357.626818:INFO:gatt_api.cc(207)] GATTS_AddService
04-09 16:43:57.627  2733  2811 I bluetoothtbd: [0409/041357.627853:INFO:gatt_api.cc(317)] GATTS_AddService: service parsed correctly, now starting
04-09 16:43:57.629  2733  2811 E bluetoothtbd: [0409/041357.628710:ERROR:gatt_attr.cc(302)] gatt_profile_db_init:  gatt_if=1
04-09 16:43:57.635  2733  2811 I bluetoothtbd: [0409/041357.635711:INFO:gatt_api.cc(1005)] GATT_Register
04-09 16:43:57.635  2733  2811 I bluetoothtbd: [0409/041357.635862:INFO:gatt_api.cc(1028)] allocated gatt_if=2
04-09 16:43:57.635  2733  2811 I bluetoothtbd: [0409/041357.635920:INFO:gatt_api.cc(207)] GATTS_AddService
04-09 16:43:57.635  2733  2811 I bluetoothtbd: [0409/041357.635973:INFO:gatt_api.cc(317)] GATTS_AddService: service parsed correctly, now starting
04-09 16:43:57.639  2733  2812 I bt_osi_thread: run_thread: thread id 2812, thread name btu message loop started
04-09 16:43:57.700  2733  2813 I bt_osi_thread: run_thread: thread id 2813, thread name module_wrapper started
04-09 16:43:57.700  2733  2813 I bt_core_module: module_start_up Starting module "controller_module"
04-09 16:43:57.742  2711  2723 I yani_server: ifindexeth0 0 ifindexwlan0 5 ifindexp2p0 6 ifindexwlan1 0
04-09 16:43:57.743  2711  2723 I yani_server: NetLink Event '-1' Interface-Index '5' WLAN '0' Ethernet '-1' Parsed-iFill '-1' -> 'INVALID' ifIndex '1' -> 'lo'
04-09 16:43:57.743  2711  2723 I yani_kernel: yani_geteventfrom_changeaddr() Message-Id '1' Netlink event '16' Interface Index '5' -> Name 'wlan0' 
04-09 16:43:57.744  2711  2723 I yani_kernel: yani_geteventfrom_changeaddr() Message-Id '1' Netlink event '16' Interface Index '9' -> Name 'usb0' 
04-09 16:43:57.745  2711  2723 I yani_kernel: yani_geteventfrom_changeaddr() Message-Id '1' Netlink event '16' Interface Index '9' -> Name 'usb0' 
04-09 16:43:57.746  2711  2723 I yani_kernel: yani_geteventfrom_changeaddr() Message-Id '1' Netlink event '20' Interface Index '9' -> Name 'usb0' 
04-09 16:43:57.747  2711  2723 I yani_kernel: yani_geteventfrom_changeaddr() Message-Id '1' Netlink event '16' Interface Index '9' -> Name 'usb0' 
04-09 16:43:57.748  2711  2723 I yani_kernel: yani_geteventfrom_changeaddr() Message-Id '1' Netlink event '21' Interface Index '9' -> Name 'usb0' 
04-09 16:43:57.749  2711  2723 I yani_kernel: yani_geteventfrom_changeaddr() Message-Id '1' Netlink event '20' Interface Index '9' -> Name 'usb0' 
04-09 16:43:57.750  2711  2723 I yani_kernel: yani_geteventfrom_changeaddr() Message-Id '1' Netlink event '16' Interface Index '9' -> Name 'usb0' 
04-09 16:43:57.873  2733  2813 I bt_core_module: module_start_up Started module "controller_module"
04-09 16:43:57.873  2733  2813 W bt_osi_thread: run_thread: thread id 2813, thread name module_wrapper exited
04-09 16:43:57.877  2733  2811 W bt_btm  : btm_decode_ext_features_page: feature page 1 ignored
04-09 16:43:57.877  2733  2811 W bt_btm  : btm_decode_ext_features_page: feature page 2 ignored
04-09 16:43:57.877  2733  2812 I bt_btm_sec: BTM_SecRegister p_cb_info->p_le_callback == 0x0xf69e9b99
04-09 16:43:57.879  2733  2812 I bt_btm_sec: BTM_SecRegister btm_cb.api.p_le_callback = 0x0xf69e9b99 
04-09 16:43:57.881  2733  2812 I bluetoothtbd: [0409/041357.880961:INFO:ble_advertiser_hci_interface.cc(736)] Legacy advertising will be in use
04-09 16:43:57.883  2733  2812 I bluetoothtbd: [0409/041357.883617:INFO:gatt_api.cc(1005)] GATT_Register
04-09 16:43:57.883  2733  2812 I bluetoothtbd: [0409/041357.883777:INFO:gatt_api.cc(1028)] allocated gatt_if=3
04-09 16:43:57.902  2733  2812 I bt_bta_av: AVRCP version used for sdp: "avrcp14"
04-09 16:43:57.906  2733  2764 E bt_btif_storage: btif_storage_get_adapter_property: Controller ready!
04-09 16:43:57.906  2733  2764 I bt_btif_storage: btif_storage_get_adapter_property service_mask:0x40000
04-09 16:43:57.907  2733  2764 I bluetoothtbd: [0409/041357.907451:INFO:adapter.cc(551)] Adapter properties changed
04-09 16:43:57.907  2733  2764 I bluetoothtbd: [0409/041357.907552:INFO:adapter.cc(564)] Adapter address changed: CC:90:93:21:F3:85
04-09 16:43:57.907  2733  2764 I bluetoothtbd: [0409/041357.907604:INFO:adapter.cc(573)] Adapter name changed
04-09 16:43:57.908  2733  2764 I bt_btif_core: btif_enable_bluetooth_evt entered: status 0
04-09 16:43:57.908  2733  2764 W bt_btif : btif_enable_bluetooth_evt: Saving the Adapter Address
04-09 16:43:57.908  2733  2764 I bluetoothtbd: [0409/041357.908391:INFO:adapter.cc(551)] Adapter properties changed
04-09 16:43:57.908  2733  2764 I bluetoothtbd: [0409/041357.908472:INFO:adapter.cc(564)] Adapter address changed: CC:90:93:21:F3:85
04-09 16:43:57.908  2733  2764 D bt_hci  : do_postload posting postload work item
04-09 16:43:57.913  2733  2854 I bt_osi_thread: run_thread: thread id 2854, thread name btif_sock started
04-09 16:43:57.916  2733  2764 D bt_bte_conf: Device ID record 1 : primary
04-09 16:43:57.916  2733  2764 D bt_bte_conf:   vendorId            = 000f
04-09 16:43:57.916  2733  2764 D bt_bte_conf:   vendorIdSource      = 0001
04-09 16:43:57.916  2733  2764 D bt_bte_conf:   product             = 1200
04-09 16:43:57.916  2733  2764 D bt_bte_conf:   version             = 1436
04-09 16:43:57.916  2733  2764 D bt_bte_conf:   clientExecutableURL = 
04-09 16:43:57.916  2733  2764 D bt_bte_conf:   serviceDescription  = 
04-09 16:43:57.916  2733  2764 D bt_bte_conf:   documentationURL    = 
04-09 16:43:57.916  2733  2764 D bt_bte_conf: bte_load_did_conf no section named DID2.
04-09 16:43:57.916  2733  2764 I bt_btif_core: btif_enable_bluetooth_evt finished
04-09 16:43:57.916  2733  2757 I bt_stack_manager: event_start_up_stack finished
04-09 16:43:57.917  2733  2764 I bluetoothtbd: [0409/041357.917390:INFO:adapter.cc(529)] Adapter state changed: BT_STATE_ON
04-09 16:43:58.080  2729  2729 I ServiceManager: Waiting for service media.player...
04-09 16:43:58.168  2711  2723 I yani_kernel: yani_geteventfrom_changeaddr() Message-Id '1' Netlink event '16' Interface Index '9' -> Name 'usb0' 
04-09 16:43:58.169  2731  2741 E CommandListener: Message not handled: unrecognized interface usb0
04-09 16:43:58.169  2731  2741 W FrameworkListener: Handler 'Iface' error (Success)
04-09 16:43:58.680  2731  2741 E CommandListener: Message not handled: unrecognized interface usb0
04-09 16:43:58.680  2731  2741 W FrameworkListener: Handler 'Iface' error (Success)
04-09 16:43:59.045  2731  2740 E WifiUtil: command: "SCAN" failed: FAIL-BUSY
04-09 16:43:59.080  2729  2729 I ServiceManager: Waiting for service media.player...
04-09 16:43:59.360  2711  2723 I yani_server: NetLink Event '-1' Interface-Index '5' WLAN '-1' Ethernet '-1' Parsed-iFill '-1' -> 'INVALID' ifIndex '1' -> 'lo'
04-09 16:43:59.361  2711  2723 I yani_server: NetLink Event '-1' Interface-Index '5' WLAN '0' Ethernet '-1' Parsed-iFill '-1' -> 'INVALID' ifIndex '1' -> 'lo'
04-09 16:43:59.386  2711  2723 I chatty  : uid=0(root) YaniServer identical 41 lines
04-09 16:43:59.387  2711  2723 I yani_server: NetLink Event '-1' Interface-Index '5' WLAN '0' Ethernet '-1' Parsed-iFill '-1' -> 'INVALID' ifIndex '1' -> 'lo'
04-09 16:43:59.387  2711  2723 I yani_kernel: yani_geteventfrom_changeaddr() Message-Id '1' Netlink event '16' Interface Index '5' -> Name 'wlan0' 
04-09 16:43:59.388  2711  2723 I yani_kernel: yani_geteventfrom_changeaddr() Message-Id '1' Netlink event '16' Interface Index '5' -> Name 'wlan0' 
04-09 16:43:59.990  2713  2713 I SourceSwitch: SourceSwitch() Host 1 initialized...
04-09 16:44:00.081  2729  2729 I ServiceManager: Waiting for service media.player...
04-09 16:44:00.223  2786  2786 I dnsmasq : DHCPDISCOVER(usb0) 2a:09:00:2f:f7:84 
04-09 16:44:00.223  2786  2786 I dnsmasq : DHCPOFFER(usb0) 192.168.10.8 2a:09:00:2f:f7:84 
04-09 16:44:00.224  2786  2786 I dnsmasq : DHCPDISCOVER(usb0) 2a:09:00:2f:f7:84 
04-09 16:44:00.224  2786  2786 I dnsmasq : DHCPOFFER(usb0) 192.168.10.8 2a:09:00:2f:f7:84 
04-09 16:44:00.227  2786  2786 I dnsmasq : DHCPREQUEST(usb0) 192.168.10.8 2a:09:00:2f:f7:84 
04-09 16:44:00.227  2786  2786 I dnsmasq : DHCPACK(usb0) 192.168.10.8 2a:09:00:2f:f7:84 
04-09 16:44:00.230  2786  2786 I dnsmasq : DHCPREQUEST(usb0) 192.168.10.8 2a:09:00:2f:f7:84 
04-09 16:44:00.230  2786  2786 I dnsmasq : DHCPACK(usb0) 192.168.10.8 2a:09:00:2f:f7:84 
04-09 16:44:00.921  2733  2764 E bt_osi_config: config_save unable to open dir '/data/misc/bluedroid': No such file or directory
04-09 16:44:01.047  2711  2723 I yani_server: NetLink Event '-1' Interface-Index '5' WLAN '-1' Ethernet '-1' Parsed-iFill '-1' -> 'INVALID' ifIndex '1' -> 'lo'
04-09 16:44:01.081  2729  2729 I ServiceManager: Waiting for service media.player...
04-09 16:44:02.015  2691  2691 I sh      : btaudioplayer: not found
04-09 16:44:02.084  2691  2691 I sh      : *** play mode control constructor end 
04-09 16:44:02.085  2729  2729 E BrowseModeControl: Read env failed
04-09 16:44:02.085  2729  2729 I UIModeManager: RegisterModeControl Mode - BrowseMode ModeControl - 0xac754830
04-09 16:44:02.085  2729  2729 E DefaultBrowser: m_ItemsCount = 7 
04-09 16:44:02.085  2729  2729 E SDCardBrowser: SDCARD Browser constructor mounting vfat first
04-09 16:44:02.087  2729  2729 E SDCardBrowser: 3 GOTOP  Sytem return value = -1
04-09 16:44:02.087  2729  2729 E SDCardBrowser: mounting vfat failed, try ntfs, return value = -1
04-09 16:44:02.089  2729  2729 I ServiceManager: Waiting for service media.player...
04-09 16:44:02.108  2691  2691 I sh      : /dev/block/sd*: No such file or directory
04-09 16:44:03.050  2731  2740 I NetworkMonitor: Number of APs is 41
04-09 16:44:03.050  2731  2740 I NetworkMonitor: Number of APs with same essid 0
04-09 16:44:03.085  2963  2963 I wac-main: main() defaultServiceManager 0xac9f6fa8 
04-09 16:44:03.086  2963  2963 I wac-main: Getinstance
04-09 16:44:03.092  2729  2729 I ServiceManager: Waiting for service media.player...
04-09 16:44:03.096  2963  2963 I wac-main: WAC LUCI listener created
04-09 16:44:03.098  2963  2963 E wac-main: wac trigger pipe not ready
04-09 16:44:03.104  2963  2975 I wac-main: init_netlink_skt() Success Netlink socket fd 7
04-09 16:44:03.104  2963  2975 E wac-main: Enter poll and wait
04-09 16:44:03.136  2691  2691 I sh      : mkdir failed for misc, File exists
04-09 16:44:03.145  2691  2691 I sh      : ***** START WEBSERVER ******
04-09 16:44:03.149  2691  2691 I sh      : threadLoop entry.... 
04-09 16:44:03.149  2691  2691 I sh      : WebServerManager::InitWebServerManager ++ 
04-09 16:44:03.151  2691  2691 I sh      : WebServerManager::InitWebServerManager --
04-09 16:44:03.176  2691  2691 I sh      : 
04-09 16:44:03.176  2691  2691 I sh      : 
04-09 16:44:03.176  2691  2691 I sh      : MAIN TO START SPOTIFY START
04-09 16:44:03.176  2691  2691 I sh      : 
04-09 16:44:03.176  2691  2691 I chatty  : uid=1005(log) /bin/logwrapper identical 1 line
04-09 16:44:03.176  2691  2691 I sh      : 
04-09 16:44:03.176  2691  2691 I sh      : MAIN TO START SPOTIFY END
04-09 16:44:03.176  2691  2691 I sh      : 
04-09 16:44:03.178  2969  2981 E LibreConnect: 
04-09 16:44:03.178  2969  2981 E LibreConnect:  start /factory/custom/web YES, Its a DIR
04-09 16:44:03.187  2964  2964 E librecast: Starting Libre Cast process...
04-09 16:44:03.188  2964  2964 E librecast: librecast:189
04-09 16:44:03.190  2970  2983 I otamanager: OTA: set OTA timer
04-09 16:44:03.190  2970  2983 I otamanager: Timer set for 14400 seconds
