04-09 15:42:31.386     0     0 I [    1.436640@1] NET: Registered protocol family 35
04-09 15:42:31.386     0     0 I         : [    1.437295@1] Key type dns_resolver registered
04-09 15:42:31.386     0     0 I         : [    1.438584@1] Registered swp emulation handler
04-09 15:42:31.386     0     0 I         : [    1.438621@1] Registered cp15_barrier emulation handler
04-09 15:42:31.386     0     0 I         : [    1.439002@1] Registered setend emulation handler
04-09 15:42:31.386     0     0 I         : [    1.439559@1] disable EAS feature
04-09 15:42:31.386     0     0 I         : [    1.440543@1] registered taskstats version 1
04-09 15:42:31.386     0     0 W         : [    1.450175@1] dwc3 ff500000.dwc3: Configuration mismatch. dr_mode forced to host
04-09 15:42:31.386     0     0 I         : [    1.954852@1] xhci-hcd xhci-hcd.0.auto: xHCI Host Controller
04-09 15:42:31.386     0     0 I         : [    1.954954@1] xhci-hcd xhci-hcd.0.auto: new USB bus registered, assigned bus number 1
04-09 15:42:31.386     0     0 I         : [    1.956272@1] xhci-hcd xhci-hcd.0.auto: hcc params 0x0220f664 hci version 0x100 quirks 0x02010010
04-09 15:42:31.386     0     0 I         : [    1.956694@1] xhci-hcd xhci-hcd.0.auto: irq 27, io mem 0xff500000
04-09 15:42:31.386     0     0 I         : [    1.958268@3] hub 1-0:1.0: USB hub found
04-09 15:42:31.386     0     0 I         : [    1.958336@3] hub 1-0:1.0: 1 port detected
04-09 15:42:31.386     0     0 I         : [    1.958866@3] xhci-hcd xhci-hcd.0.auto: xHCI Host Controller
04-09 15:42:31.386     0     0 I         : [    1.959094@3] xhci-hcd xhci-hcd.0.auto: new USB bus registered, assigned bus number 2
04-09 15:42:31.386     0     0 I         : [    1.959955@3] usb usb2: We don't know the algorithms for LPM for this host, disabling LPM.
04-09 15:42:31.387     0     0 I         : [    1.961451@0] hub 2-0:1.0: USB hub found
04-09 15:42:31.387     0     0 E         : [    1.961517@0] hub 2-0:1.0: config failed, hub doesn't have any ports! (err -19)
04-09 15:42:31.387     0     0 E         : [    1.962119@0] usb usb2: Unsupported the hub
04-09 15:42:31.387     0     0 I         : [    1.962855@0] aml_vrtc rtc: setting system clock to 2022-04-09 10:12:28 UTC (1649499148)
04-09 15:42:31.387     0     0 D         : [    1.963742@0] dwc_otg ff400000.dwc2_a: dwc_otg_driver_probe(ffffffc01d684c00)
04-09 15:42:31.387     0     0 W [    1.963788@0] dwc_otg: usb0: type: 2 speed: 0, config: 0, dma: 0, id: 0, phy: ffe09000, ctrl: 0
04-09 15:42:31.387     0     0 D         : [    1.964111@0] dwc_otg ff400000.dwc2_a: base=0xffffff8008a40000
04-09 15:42:31.387     0     0 D         : [    1.964117@0] dwc_otg ff400000.dwc2_a: dwc_otg_device=0xffffffc01d4c1400
04-09 15:42:31.387     0     0 W [    2.064538@0] dwc_otg: Core Release: 3.10a
04-09 15:42:31.387     0     0 W [    2.064580@0] dwc_otg: Setting default values for core params
04-09 15:42:31.387     0     0 W [    2.064983@0] dwc_otg: curmode: 0, host_only: 0
04-09 15:42:31.387     0     0 D         : [    2.065440@0] dwc_otg ff400000.dwc2_a: DMA config: BURST_DEFAULT
04-09 15:42:31.387     0     0 W [    2.077751@0] dwc_otg: Using Buffer DMA mode
04-09 15:42:31.387     0     0 W [    2.077776@0] dwc_otg: OTG VER PARAM: 1, OTG VER FLAG: 1
04-09 15:42:31.387     0     0 W [    2.078159@0] dwc_otg: Working on port type = SLAVE
04-09 15:42:31.387     0     0 W [    2.078644@0] dwc_otg: Dedicated Tx FIFOs mode
04-09 15:42:31.387     0     0 I [    2.081098@0] input: adc_keypad as /devices/platform/adc_keypad/input/input1
04-09 15:42:31.387     0     0 I         : [    2.083258@2] cpucore_cooling_register, max_cpu_core_num:4
04-09 15:42:31.387     0     0 I [    2.089756@0] gxbb_pm: enter meson_pm_probe!
04-09 15:42:31.387     0     0 I         : [    2.089795@0] no vddio3v3_en pin
04-09 15:42:31.387     0     0 E         : [    2.089958@0] pm-meson aml_pm: Can't get switch_clk81
04-09 15:42:31.387     0     0 I [    2.090481@0] gxbb_pm: meson_pm_probe done
04-09 15:42:31.387     0     0 I         : [    2.091234@0] ALSA device list:
04-09 15:42:31.387     0     0 I [    2.091263@0]   #0: AML-AUGESOUND
04-09 15:42:31.387     0     0 I         : [    2.091735@0] meson_uart ff804000.serial: ttyS3 use xtal(8M) 24000000 change 115200 to 115200
04-09 15:42:31.387     0     0 I         : [    2.097639@0] Freeing unused kernel memory: 6080K
04-09 15:42:31.387     0     0 I [    2.312425@0] ubi0: attaching mtd6
04-09 15:42:31.387     0     0 I [    2.522361@0] ubi0: scanning is finished
04-09 15:42:31.387     0     0 I [    2.526223@2] ubi0: attached mtd6 (name "system", size 100 MiB)
04-09 15:42:31.387     0     0 I [    2.526536@2] ubi0: PEB size: 262144 bytes (256 KiB), LEB size: 253952 bytes
04-09 15:42:31.387     0     0 I [    2.533651@2] ubi0: min./max. I/O unit sizes: 4096/4096, sub-page size 4096
04-09 15:42:31.387     0     0 I [    2.540431@2] ubi0: VID header offset: 4096 (aligned 4096), data offset: 8192
04-09 15:42:31.387     0     0 I [    2.547497@2] ubi0: good PEBs: 400, bad PEBs: 0, corrupted PEBs: 0
04-09 15:42:31.387     0     0 I [    2.553624@2] ubi0: user volume: 1, internal volumes: 1, max. volumes count: 128
04-09 15:42:31.387     0     0 I [    2.560953@2] ubi0: max/mean erase counter: 37/25, WL threshold: 4096, image sequence number: 736763309
04-09 15:42:31.387     0     0 I [    2.570338@2] ubi0: available PEBs: 0, total reserved PEBs: 400, PEBs reserved for bad PEB handling: 40
04-09 15:42:31.387     0     0 I [    2.579674@0] ubi0: background thread "ubi_bgt0d" started, PID 2143
04-09 15:42:31.387     0     0 I         : [    2.585266@2] UBIFS (ubi0:0): background thread "ubifs_bgt0_0" started, PID 2146
04-09 15:42:31.387     0     0 I         : [    2.630117@3] UBIFS (ubi0:0): UBIFS: mounted UBI device 0, volume 0, name "rootfs"
04-09 15:42:31.387     0     0 I         : [    2.632073@3] UBIFS (ubi0:0): LEB size: 253952 bytes (248 KiB), min./max. I/O unit sizes: 4096 bytes/4096 bytes
04-09 15:42:31.387     0     0 I         : [    2.642059@3] UBIFS (ubi0:0): FS size: 87867392 bytes (83 MiB, 346 LEBs), journal size 9404416 bytes (8 MiB, 38 LEBs)
04-09 15:42:31.387     0     0 I         : [    2.652575@3] UBIFS (ubi0:0): reserved for root: 0 bytes (0 KiB)
04-09 15:42:31.387     0     0 I         : [    2.658528@3] UBIFS (ubi0:0): media format: w4/r0 (latest is w4/r0), UUID DC99A6D8-69BA-4DD7-9E44-726260A6E747, small LPT model
04-09 15:42:31.387     0     0 I [    2.903895@0] init: property init
04-09 15:42:31.387     0     0 I [    2.904633@0] init: reading config file
04-09 15:42:31.387     0     0 I [    2.911421@0] init: processing action 0xaab82808 (boot_start)
04-09 15:42:31.387     0     0 I [    2.919180@0] init: command 'boot_start' r=0
04-09 15:42:31.387     0     0 I [    2.920246@0] init: processing action 0xaab7e6b0 (early-init)
04-09 15:42:31.387     0     0 I [    2.924919@0] init: starting 'ueventd'
04-09 15:42:31.387     0     0 I [    2.928223@0] init: command 'start' r=0
04-09 15:42:31.387     0     0 I [    2.931080@0] init: command 'loglevel' r=0
04-09 15:42:31.387     0     0 I [    2.936062@0] init: command 'mount' r=0
04-09 15:42:31.387     0     0 I [    2.937455@3] init: starting ueventd
04-09 15:42:31.387     0     0 I [    2.938218@3] init: /sys/ rule /sys/devices/virtual/input/input* enable
04-09 15:42:31.387     0     0 I [    2.938229@3] init: /sys/ rule /sys/devices/virtual/input/input* poll_delay
04-09 15:42:31.387     0     0 I [    2.938239@3] init: /sys/ rule /sys/devices/virtual/usb_composite/* enable
04-09 15:42:31.387     0     0 I [    2.943738@3] init: adding platform device ffd0f0d0.watchdog
04-09 15:42:31.387     0     0 I [    2.944171@3] init: adding platform device reg-dummy
04-09 15:42:31.387     0     0 I [    2.944818@3] init: adding platform device cpu_iomap
04-09 15:42:31.387     0     0 I [    2.945117@3] init: adding platform device 7400000.ramoops
04-09 15:42:31.387     0     0 I [    2.945384@3] init: adding platform device bt-dev
04-09 15:42:31.387     0     0 I [    2.945963@3] init: adding platform device dummy
04-09 15:42:31.387     0     0 I [    2.993646@0] init: command 'mount' r=0
04-09 15:42:31.387     0     0 I [    3.197266@1] ubi1: attaching mtd7
04-09 15:42:31.387     0     0 I [    3.491052@1] ubi1: scanning is finished
04-09 15:42:31.387     0     0 I [    3.495334@3] ubi1: attached mtd7 (name "chrome", size 140 MiB)
04-09 15:42:31.387     0     0 I [    3.495624@3] ubi1: PEB size: 262144 bytes (256 KiB), LEB size: 253952 bytes
04-09 15:42:31.387     0     0 I [    3.502627@3] ubi1: min./max. I/O unit sizes: 4096/4096, sub-page size 4096
04-09 15:42:31.387     0     0 I [    3.509517@3] ubi1: VID header offset: 4096 (aligned 4096), data offset: 8192
04-09 15:42:31.387     0     0 I [    3.516589@3] ubi1: good PEBs: 560, bad PEBs: 0, corrupted PEBs: 0
04-09 15:42:31.387     0     0 I [    3.522716@3] ubi1: user volume: 1, internal volumes: 1, max. volumes count: 128
04-09 15:42:31.387     0     0 I [    3.530041@3] ubi1: max/mean erase counter: 36/26, WL threshold: 4096, image sequence number: 1458511589
04-09 15:42:31.387     0     0 I [    3.539446@3] ubi1: available PEBs: 0, total reserved PEBs: 560, PEBs reserved for bad PEB handling: 40
04-09 15:42:31.387     0     0 I [    3.548771@1] ubi1: background thread "ubi_bgt1d" started, PID 2555
04-09 15:42:31.387     0     0 I         : [    3.563108@3] UBIFS (ubi1:0): background thread "ubifs_bgt1_0" started, PID 2559
04-09 15:42:31.387     0     0 I         : [    3.589536@0] UBIFS (ubi1:0): recovery needed
04-09 15:42:31.387     0     0 I         : [    3.631745@1] UBIFS (ubi1:0): recovery completed
04-09 15:42:31.387     0     0 I         : [    3.631902@1] UBIFS (ubi1:0): UBIFS: mounted UBI device 1, volume 0, name "chrome"
04-09 15:42:31.387     0     0 I         : [    3.638248@1] UBIFS (ubi1:0): LEB size: 253952 bytes (248 KiB), min./max. I/O unit sizes: 4096 bytes/4096 bytes
04-09 15:42:31.388     0     0 I         : [    3.648249@1] UBIFS (ubi1:0): FS size: 128499712 bytes (122 MiB, 506 LEBs), journal size 9404416 bytes (8 MiB, 38 LEBs)
04-09 15:42:31.388     0     0 I         : [    3.658942@1] UBIFS (ubi1:0): reserved for root: 0 bytes (0 KiB)
04-09 15:42:31.388     0     0 I         : [    3.664895@1] UBIFS (ubi1:0): media format: w4/r0 (latest is w4/r0), UUID 3D7B4A1D-6849-462E-B889-C151DCC94211, small LPT model
04-09 15:42:31.388     0     0 I [    3.708175@1] ubi2: attaching mtd8
04-09 15:42:31.388     0     0 I         : [    3.874555@1]  NAND bbt detect factory Bad block at 17a40000
04-09 15:42:31.388     0     0 I         : [    3.886163@1]  NAND bbt detect factory Bad block at 18000000
04-09 15:42:31.388     0     0 I         : [    3.886220@1]  NAND bbt detect factory Bad block at 18040000
04-09 15:42:31.388     0     0 I [    4.159230@1] ubi2: scanning is finished
04-09 15:42:31.388     0     0 I [    4.164171@2] ubi2: attached mtd8 (name "data", size 213 MiB)
04-09 15:42:31.388     0     0 I [    4.164286@2] ubi2: PEB size: 262144 bytes (256 KiB), LEB size: 253952 bytes
04-09 15:42:31.388     0     0 I [    4.171295@2] ubi2: min./max. I/O unit sizes: 4096/4096, sub-page size 4096
04-09 15:42:31.388     0     0 I [    4.178182@2] ubi2: VID header offset: 4096 (aligned 4096), data offset: 8192
04-09 15:42:31.388     0     0 I [    4.185246@2] ubi2: good PEBs: 849, bad PEBs: 3, corrupted PEBs: 0
04-09 15:42:31.388     0     0 I [    4.191483@2] ubi2: user volume: 2, internal volumes: 1, max. volumes count: 128
04-09 15:42:31.388     0     0 I [    4.198707@2] ubi2: max/mean erase counter: 71/48, WL threshold: 4096, image sequence number: 1018457084
04-09 15:42:31.388     0     0 I [    4.208107@2] ubi2: available PEBs: 0, total reserved PEBs: 849, PEBs reserved for bad PEB handling: 37
04-09 15:42:31.388     0     0 I [    4.217430@1] ubi2: background thread "ubi_bgt2d" started, PID 2568
04-09 15:42:31.388     0     0 I         : [    4.231217@2] UBIFS (ubi2:0): background thread "ubifs_bgt2_0" started, PID 2571
04-09 15:42:31.388     0     0 I         : [    4.257727@3] UBIFS (ubi2:0): recovery needed
04-09 15:42:31.388     0     0 I         : [    4.340334@0] UBIFS (ubi2:0): recovery completed
04-09 15:42:31.388     0     0 I         : [    4.340492@0] UBIFS (ubi2:0): UBIFS: mounted UBI device 2, volume 0, name "factory"
04-09 15:42:31.388     0     0 I         : [    4.346941@0] UBIFS (ubi2:0): LEB size: 253952 bytes (248 KiB), min./max. I/O unit sizes: 4096 bytes/4096 bytes
04-09 15:42:31.388     0     0 I         : [    4.356932@0] UBIFS (ubi2:0): FS size: 10158080 bytes (9 MiB, 40 LEBs), journal size 2285569 bytes (2 MiB, 9 LEBs)
04-09 15:42:31.388     0     0 I         : [    4.367204@0] UBIFS (ubi2:0): reserved for root: 0 bytes (0 KiB)
04-09 15:42:31.388     0     0 I         : [    4.373174@0] UBIFS (ubi2:0): media format: w4/r0 (latest is w4/r0), UUID AD7DC8BC-6ACA-4841-8B12-7A54B54F57E7, small LPT model
04-09 15:42:31.388     0     0 I         : [    4.396748@2] UBIFS (ubi2:1): background thread "ubifs_bgt2_1" started, PID 2574
04-09 15:42:31.388     0     0 I         : [    4.422461@1] UBIFS (ubi2:1): recovery needed
04-09 15:42:31.388     0     0 I         : [    4.500689@0] UBIFS (ubi2:1): recovery completed
04-09 15:42:31.388     0     0 I         : [    4.500859@0] UBIFS (ubi2:1): UBIFS: mounted UBI device 2, volume 1, name "data"
04-09 15:42:31.388     0     0 I         : [    4.507031@0] UBIFS (ubi2:1): LEB size: 253952 bytes (248 KiB), min./max. I/O unit sizes: 4096 bytes/4096 bytes
04-09 15:42:31.388     0     0 I         : [    4.517028@0] UBIFS (ubi2:1): FS size: 189956096 bytes (181 MiB, 748 LEBs), journal size 9404416 bytes (8 MiB, 38 LEBs)
04-09 15:42:31.388     0     0 I         : [    4.527721@0] UBIFS (ubi2:1): reserved for root: 0 bytes (0 KiB)
04-09 15:42:31.388     0     0 I         : [    4.533674@0] UBIFS (ubi2:1): media format: w4/r0 (latest is w4/r0), UUID 34A475AE-5814-4337-8EB7-8868427E3B0E, small LPT model
04-09 15:42:31.388     0     0 I         : [    4.772505@2] aml_wifi wifi: [usb_power_control] Set WiFi power down
04-09 15:42:31.388     0     0 I [    4.773231@2] meson-mmc: [sdio_notify] finish
04-09 15:42:31.388     0     0 I         : [    4.777581@2] aml_wifi wifi: [wifi_power_ioctl] ioctl Set sdio wifi power down!
04-09 15:42:31.388     0     0 I         : [    4.781047@0] UBIFS (ubi0:0): background thread "ubifs_bgt0_0" stops
04-09 15:42:32.475  2587  2587 E         : found the match wifi is: sd8887
04-09 15:42:32.476  2587  2587 E         : wifi_insmod command:insmod /lib/modules/4.9.113/kernel/mrvl/mlan8887.ko 
--------- beginning of system
04-09 15:42:32.508  2607  2607 I wpa_supplicant: Successfully initialized wpa_supplicant
04-09 15:42:32.551  2607  2607 E wpa_supplicant: Could not read interface wlan0 flags: No such device
04-09 15:42:32.556  2607  2607 I wpa_supplicant: nl80211: Driver does not support authentication/association or connect commands
04-09 15:42:32.559  2607  2607 I wpa_supplicant: nl80211: deinit ifname=wlan0 disabled_11b_rates=0
04-09 15:42:32.561  2607  2607 E wpa_supplicant: Could not read interface wlan0 flags: No such device
04-09 15:42:32.563  2607  2607 E wpa_supplicant: wlan0: Failed to initialize driver interface
04-09 15:42:32.624  2587  2587 E         : wifi_insmod command:insmod /lib/modules/4.9.113/kernel/mrvl/sd8xxx.ko cal_data_cfg=mrvl/WlanCalData_ext_LS9x_291119.conf txpwrlimit_cfg=mrvl/txpwrlimit_cfg_8887.bin fw_name=mrvl/sd8887_wlan_a2_p59.bin cfg80211_wext=0xf host_mlme=1 auto_ds=2 fw_serial=1 sta_name="wlan" uap_name="p2p" ps_mode=2 max_uap_bss=2 drvdbg=0x7 reg_alpha2="00"
04-09 15:42:33.734  2587  2587 E         : Load BT driver
04-09 15:42:33.735  2587  2587 E         : found the match wifi is: (null)
04-09 15:42:33.735  2587  2587 E         : wifi_insmod command:insmod /lib/modules/4.9.113/kernel/mrvl/bt8xxx.ko fw_name=mrvl/sd8887_bt_a2_p59.bin bt_fw_serial=0
04-09 15:42:33.866  2691  2691 W sshd    : Failed loading /etc/dropbear/dropbear_rsa_host_key
04-09 15:42:33.866  2691  2691 W sshd    : Failed loading /etc/dropbear/dropbear_dss_host_key
04-09 15:42:33.866  2691  2691 W sshd    : Failed loading /etc/dropbear/dropbear_ecdsa_host_key
04-09 15:42:33.871  2691  2691 I sshd    : Not backgrounding
04-09 15:42:33.884  2699  2699 E writeSerialNo: Writing serial number to unifykey
04-09 15:42:33.905  2693  2693 I sh      : FACTEST:unifykey read success:20 20
04-09 15:42:33.905  2693  2693 I sh      : inbuf=de4f95ffa64d5e74b026  ret=20 serial.txt=de4f95ffa64d5e74b026 bytesread=20 strcmp=0
04-09 15:42:33.916  2697  2697 I ServiceManager: Waiting for service libre.EnvItems...
04-09 15:42:33.960  2700  2700 I ENV     : init 
04-09 15:42:33.961  2700  2700 I ENV     :  First boot 
04-09 15:42:33.961  2700  2700 E ENV     : fileExists:153 /lsync/env/env.db does not exist
04-09 15:42:33.967  2700  2700 D AVS_SDK :  [  1] I sdkVersion: 1.19.1
04-09 15:42:33.967  2700  2700 E ENV     :  FAILED to open:/lsync/env/tmp.db 
04-09 15:42:33.968  2700  2700 I ENV     : removeItem:79:/lsync/env/tmp.db not found
04-09 15:42:33.969  2700  2700 E ENV     : /lsync/env/env.db does not Exist.. tempStorage = 0
04-09 15:42:33.969  2700  2700 I ENV     : createUserDBFromFactoryCfg 
04-09 15:42:33.976  2700  2700 I ENV     : Using /factory/custom/factoryEnv.conf as conf file
04-09 15:42:33.976  2700  2700 I ENV     : removeItem:79:/lsync/env/env.db not found
04-09 15:42:33.976  2700  2700 E ENV     : Error removing /lsync/env/env.db
04-09 15:42:34.040  2700  2700 E ENV     : createUserDBFromFactoryCfg:307: tempStorage is undefined
04-09 15:42:34.040  2700  2700 I ENV     : Using /factory/custom/factoryEnv.conf and /lsync/env/env.db as conf and db file
04-09 15:42:34.040  2700  2700 I ENV     : init 
04-09 15:42:34.040  2700  2700 I ENV     :  First boot 
04-09 15:42:34.040  2700  2700 I ENV     : fileExists:151 /lsync/env/env.db exists
04-09 15:42:34.042  2700  2700 I ENV     : Copied /lsync/env/env.db to /lsync/env/tmp.db
04-09 15:42:34.043  2700  2700 E ENV     : /lsync/env/env.db does not Exist.. tempStorage = ab42edb0
04-09 15:42:34.043  2700  2700 I ENV     : createUserDBFromFactoryCfg 
04-09 15:42:34.046  2700  2700 I ENV     : Using /factory/custom/factoryEnv.conf as conf file
04-09 15:42:34.046  2700  2700 I ENV     : removeItem:74:/lsync/env/env.db removed
04-09 15:42:34.046  2700  2700 I ENV     : Removed /lsync/env/env.db
04-09 15:42:34.059  2700  2700 E ENV     : createUserDBFromFactoryCfg:301: Failed at tempStorage->get_changed
04-09 15:42:34.448  2700  2700 I chatty  : uid=0(root) env_service identical 64 lines
04-09 15:42:34.454  2700  2700 E ENV     : createUserDBFromFactoryCfg:301: Failed at tempStorage->get_changed
04-09 15:42:34.456  2700  2700 E AVS_SDK :  [  1] E SQLiteStatement:SQLiteStatement::stepFailed::Executing the select did not generate a row or complete.:result=19
04-09 15:42:34.456  2700  2700 E AVS_SDK :  [  1] E SQLiteStatement:SQLiteStatement::finalizeFailed::Could release the prepared statement.:rcode=19
04-09 15:42:34.456  2700  2700 E ENV     : createUserDBFromFactoryCfg:286: Failed at m_miscStorage->put
04-09 15:42:34.462  2700  2700 E ENV     : createUserDBFromFactoryCfg:301: Failed at tempStorage->get_changed
04-09 15:42:34.646  2700  2700 I chatty  : uid=0(root) env_service identical 29 lines
04-09 15:42:34.653  2700  2700 E ENV     : createUserDBFromFactoryCfg:301: Failed at tempStorage->get_changed
04-09 15:42:34.653  2700  2700 I ENV     : Using /factory/custom/factoryEnv.conf and /lsync/env/env.db as conf and db file
04-09 15:42:34.654  2700  2700 I ENV     : fileExists:151 /lsync/env/env_bk.db exists
04-09 15:42:34.655  2700  2700 I ENV     : fileExists:151 /factory/custom/factoryEnv_bk.conf exists
04-09 15:42:34.655  2700  2700 I ENV     : removeItem:74:/lsync/env/tmp.db removed
04-09 15:42:36.898  2712  2712 I wpa_supplicant: Successfully initialized wpa_supplicant
04-09 15:42:36.915  2712  2712 I wpa_supplicant: rfkill: Cannot open RFKILL control device
04-09 15:42:36.952  2714  2714 E LUCI_FACTORY: LUCIFactory::registerBuiltinFactories
04-09 15:42:36.952  2715  2715 I main_sourceswitch: ServiceManager: 0xab4ecf88
04-09 15:42:36.954  2715  2715 E luci_helper: LUCIHelper: Waiting for Module Init
04-09 15:42:36.954  2715  2715 E luci_helper: LUCIHelper: Waiting for Module Init
04-09 15:42:36.960  2714  2714 E LUCI_SERVER: IP = 0
04-09 15:42:36.969  2713  2713 E luci_helper: LUCIHelper: Waiting for Module Init
04-09 15:42:36.970  2713  2713 E luci_helper: LUCIHelper: Waiting for Module Init
04-09 15:42:36.970  2713  2713 E yani_server: YaniServer FAILED TO GET LuciHelper
04-09 15:42:37.011  2693  2693 I sh      : Simple mixer control 'Master',0
04-09 15:42:37.011  2693  2693 I sh      :   Capabilities: volume pswitch pswitch-joined
04-09 15:42:37.011  2693  2693 I sh      :   Playback channels: Front Left - Front Right
04-09 15:42:37.011  2693  2693 I sh      :   Capture channels: Front Left - Front Right
04-09 15:42:37.011  2693  2693 I sh      :   Limits: 0 - 100
04-09 15:42:37.021  2713  2713 E luci_helper: LUCIHelper: Waiting for Module Init
04-09 15:42:37.021  2713  2713 E yani_server: YaniServer FAILED TO GET LuciHelper
04-09 15:42:37.036  2693  2693 I sh      :   Front Left: 30 [30%] [-10.45dB] Playback [on]
04-09 15:42:37.036  2693  2693 I sh      :   Front Right: 30 [30%] [-10.45dB] Playback [on]
04-09 15:42:37.040  2714  2714 E luciUART: bufff write ? = 1 
04-09 15:42:37.042  2714  2714 E luciUART: tcsetattr succeed
04-09 15:42:37.043  2714  2723 E LUCI_SERVER: Luci Server Thread waiting for packets....
04-09 15:42:37.049  2712  2712 I wpa_supplicant: MPM: Debug Dialog Token initialized 2513564943 (0x95d1f50f)
04-09 15:42:37.053  2712  2712 I wpa_supplicant: wlan0: CTRL-EVENT-REGDOM-CHANGE init=USER type=COUNTRY alpha2=US
04-09 15:42:37.109  2711  2711 I         : [0409/031237.108313:INFO:cast_auth_check.cc(163)] Cast auth test is successful.
04-09 15:42:37.480  2713  2725 E yani_kernel: Interface status 0
04-09 15:42:37.487  2713  2725 I yani_kernel: set_device_name() Interface 'wlan0' MAC Address 'cc:90:93:21:f3:84' FriendlyName 'Lyric Speaker Box 21f384' status '0'
04-09 15:42:37.489  2713  2725 I yani_server: First boot after Factory reset! Friendly Name modified Lyric Speaker Box  -> Lyric Speaker Box 21f384
04-09 15:42:37.494  2714  2714 I lucitransport: writeRemoteMessage() MID = 90 buffer = Lyric Speaker Box 21f384
04-09 15:42:37.494  2714  2714 I luciUART: write() MID = 90  bytes = 34 data = Lyric Speaker Box 21f384 m_fd = 0x5
04-09 15:42:37.495  2714  2714 I lucitransport: writeLocalMessage() MID = 90 buffer = Lyric Speaker Box 21f384
04-09 15:42:37.495  2714  2723 E LUCI_SERVER: Luci Server Thread wait over MID 90....
04-09 15:42:37.496  2713  2725 E yani_server: Device Supports CastSetup 1
04-09 15:42:37.496  2713  2725 I yani_kernel: yani_init_net() Success Netlink socket fd 6
04-09 15:42:37.499  2713  2725 E WifiHW  : wifi_start_supplicant
04-09 15:42:37.500  2713  2725 E WifiHW  : wifi_start_ctl.start : wpa_supplicant
04-09 15:42:37.524  2714  2723 E LUCI_SERVER: Luci Server Thread waiting for packets....
04-09 15:42:37.701  2713  2725 E WifiHW  : wifi_connect_to_supplicant : wlan0
04-09 15:42:37.701  2713  2725 E WifiHW  : wifi_connect_on_socket_path1 : wlan0
04-09 15:42:37.704  2713  2725 E yani_wifi: enable_disable_net_if() Failed SIOCGIFFLAGS for interface 'wlan1' enable '0'
04-09 15:42:37.709  2713  2725 I yani_wifi: configure_wifi() SSID '' security '' passphrase '********' Country 'US'
04-09 15:42:38.910  2693  2693 I sh      : LSDeviceService: not found
04-09 15:42:39.000  2734  2734 I NetMgr  : Net_Mgr starting
04-09 15:42:39.011  2734  2734 I HotspotManager: Default WiFi Interface : wlan0
04-09 15:42:39.026  2738  2738 E dhcpcd  : eth0: interface not found or invalid
04-09 15:42:39.026  2734  2734 I NetworkMonitor: WiFi Interface : wlan0
04-09 15:42:39.026  2734  2734 I NetworkMonitor: Default WiFi Interface : wlan0
04-09 15:42:39.034  2730  2730 E         :  Start MessageBox Handler 
04-09 15:42:39.035  2734  2742 I NetworkMonitor: Start monitor thread
04-09 15:42:39.037  2731  2731 E UIModeManager: UIModeManager Constructor ++
04-09 15:42:39.041  2734  2742 E WifiUtil: command: "SCAN" failed: FAIL-BUSY
04-09 15:42:39.042  2731  2731 I AirableUIHelper: AirableUIHelper Contructor 
04-09 15:42:39.044  2731  2731 E AirableUIHelper:  Airable ENV_AirableBaseURL_ID Envitem returned failed!!!
04-09 15:42:39.046  2731  2731 E AirableUIHelper:  Airable ENV_AirableSecret_ID Envitem returned failed!!!
04-09 15:42:39.046  2731  2731 E AirableUIHelper: Airable Secret =  
04-09 15:42:39.051  2738  2738 D dhcpcd  : wlan0: adding address fe80::ce90:93ff:fe21:f384
04-09 15:42:39.053  2730  2748 E MB_HANDLER: HOST present 1
04-09 15:42:39.054  2731  2731 I UIModeManager: RegisterModeControl Mode - PlayMode ModeControl - 0xab9c7c30
04-09 15:42:39.055  2731  2731 I ServiceManager: Waiting for service media.player...
04-09 15:42:39.055  2730  2748 E MB_HANDLER:  REGISTERED YANI LISTENER IN MessageBoxHandler
04-09 15:42:39.057  2730  2748 E         : External Host present 1
04-09 15:42:39.057  2730  2748 E MB_HANDLER: REGISTERED ExternalSource IN MessageBoxHandler
04-09 15:42:39.060  2730  2748 E MB_HANDLER: Check Device Support ENV_CastSetup true ENV_GoogleCast_ID true 
04-09 15:42:39.060  2714  2714 I lucitransport: readRemoteMessage() MID char = 43689 buffer = 1
04-09 15:42:39.061  2714  2714 I lucitransport: writeRemoteMessage() MID = 43690 buffer = ªªªªª
04-09 15:42:39.061  2714  2714 I luciUART: write() MID = 43690  bytes = 15 data = ªªªªª m_fd = 0x5
04-09 15:42:39.061  2730  2748 E MB_HANDLER: LUCI UART READY MSG!!
04-09 15:42:39.064  2730  2748 E MB_HANDLER: boot_after_factory : 1
04-09 15:42:39.067  2730  2748 I MB_HANDLER: Env Details: LS-Host '1' Cast-Setup 'true'
04-09 15:42:39.067  2730  2748 E MB_HANDLER: Message Handler Thread waiting for messages....
04-09 15:42:39.069  2714  2722 E luciUART: UART:aa
04-09 15:42:39.069  2714  2722 E luciUART: UART:aa
04-09 15:42:39.069  2714  2722 E luciUART: UART:2
04-09 15:42:39.069  2714  2722 E luciUART: UART:0
04-09 15:42:39.069  2714  2722 E luciUART: UART:9
04-09 15:42:39.069  2714  2722 E luciUART: UART:0
04-09 15:42:39.069  2714  2722 I chatty  : uid=0(root) UARTLUCIControl identical 2 lines
04-09 15:42:39.071  2714  2722 E luciUART: UART:0
04-09 15:42:39.071  2714  2722 E luciUART: UART:1
04-09 15:42:39.073  2714  2723 E LUCI_SERVER: Luci Server Thread wait over MID 124....
04-09 15:42:39.073  2714  2723 I luciUART: write() MID = 124  bytes = 27 data = 0#1,0#2,0#3,0#4,0 m_fd = 0x5
04-09 15:42:39.073  2714  2723 E LUCI_SERVER: Luci Server Thread waiting for packets....
04-09 15:42:39.076  2714  2722 E luciUART: UART:41
04-09 15:42:39.076  2714  2722 I luciUART: Previous Packet read contd., 
04-09 15:42:39.076  2714  2722 E luciUART: UART:44
04-09 15:42:39.076  2714  2722 I luciUART: Previous Packet read contd., 
04-09 15:42:39.076  2714  2722 E luciUART: UART:5f
04-09 15:42:39.076  2714  2722 I luciUART: Previous Packet read contd., 
04-09 15:42:39.076  2714  2722 E luciUART: UART:4d
04-09 15:42:39.084  2714  2723 E WLANP2PIF: ioctl failed
04-09 15:42:39.084  2714  2723 E LUCI_SERVER: ** RSSI  = 255
04-09 15:42:39.084  2714  2723 I luciUART: write() MID = 151  bytes = 10 data =  m_fd = 0x5
04-09 15:42:39.084  2714  2723 E LUCI_SERVER: Luci Server Thread wait over MID 208....
04-09 15:42:39.084  2714  2723 E LUCI_SERVER: Got NV name : ssid
04-09 15:42:39.086  2730  2748 E MB_HANDLER: MacAddress :CC:90:93:21:F3:84
04-09 15:42:39.086  2714  2714 I lucitransport: writeRemoteMessage() MID = 91 buffer = CC:90:93:21:F3:84
04-09 15:42:39.086  2714  2714 I luciUART: write() MID = 91  bytes = 27 data = CC:90:93:21:F3:84 m_fd = 0x5
04-09 15:42:39.086  2730  2748 E MB_HANDLER: Message Handler Thread waiting for messages....
04-09 15:42:39.097  2714  2722 E luciUART: UART:aa
04-09 15:42:39.097  2714  2722 E luciUART: UART:aa
04-09 15:42:39.097  2714  2722 E luciUART: UART:2
04-09 15:42:39.097  2714  2722 E luciUART: UART:0
04-09 15:42:39.097  2714  2722 E luciUART: UART:6
04-09 15:42:39.097  2714  2722 E luciUART: UART:0
04-09 15:42:39.097  2714  2722 I chatty  : uid=0(root) UARTLUCIControl identical 2 lines
04-09 15:42:39.097  2714  2722 E luciUART: UART:0
04-09 15:42:39.097  2714  2722 E luciUART: UART:4
04-09 15:42:39.097  2714  2722 I luciUART: read() RemoteID = 43690 Command = 6 Type = 2 Status = 0 DataLen = 4
04-09 15:42:39.097  2714  2722 E luciUART: Error: full data not available yet! readBytes 0
04-09 15:42:39.097  2714  2722 I luciUART: Previous Packet read contd., 
04-09 15:42:39.097  2714  2722 E luciUART: UART:31
04-09 15:42:39.097  2714  2722 I luciUART: Previous Packet read contd., 
04-09 15:42:39.097  2714  2722 E luciUART: UART:30
04-09 15:42:39.097  2714  2722 I luciUART: Previous Packet read contd., 
04-09 15:42:39.098  2714  2722 E luciUART: UART:30
04-09 15:42:39.098  2714  2722 I luciUART: Previous Packet read contd., 
04-09 15:42:39.098  2714  2722 E luciUART: UART:31
04-09 15:42:39.098  2714  2723 E LUCI_SERVER: Luci Server Thread wait over MID 6....
04-09 15:42:39.098  2730  2747 E MB_HANDLER: Messagebox_handler::MessageBoxAlert id = 6
04-09 15:42:39.098  2730  2748 E MB_HANDLER: Message Handler Thread wait over MID[6]....
04-09 15:42:39.099  2714  2714 I lucitransport: readRemoteMessage() MID char = 6 buffer = 1001
04-09 15:42:39.099  2714  2722 E luciUART: UART:aa
04-09 15:42:39.099  2714  2722 E luciUART: UART:aa
04-09 15:42:39.099  2714  2722 E luciUART: UART:2
04-09 15:42:39.099  2714  2722 E luciUART: UART:0
04-09 15:42:39.099  2714  2722 E luciUART: UART:d0
04-09 15:42:39.099  2714  2722 E luciUART: UART:0
04-09 15:42:39.099  2714  2722 E luciUART: UART:0
04-09 15:42:39.099  2714  2722 I luciUART: read() RemoteID = 43690 Command = 208 Type = 2 Status = 0 DataLen = 19
04-09 15:42:39.099  2714  2722 E luciUART: Error: full data not available yet! readBytes 0
04-09 15:42:39.106  2714  2722 E luciUART: UART:5f
04-09 15:42:39.106  2714  2722 I luciUART: Previous Packet read contd., 
04-09 15:42:39.106  2714  2722 E luciUART: UART:66
04-09 15:42:39.106  2714  2722 I luciUART: Previous Packet read contd., 
04-09 15:42:39.106  2714  2722 E luciUART: UART:77
04-09 15:42:39.106  2714  2722 I luciUART: Previous Packet read contd., 
04-09 15:42:39.106  2714  2722 E luciUART: UART:64
04-09 15:42:39.106  2714  2722 I luciUART: Previous Packet read contd., 
04-09 15:42:39.106  2714  2722 E luciUART: UART:6f
04-09 15:42:39.106  2714  2722 I luciUART: Previous Packet read contd., 
04-09 15:42:39.106  2714  2722 E luciUART: UART:5f
04-09 15:42:39.106  2714  2722 I luciUART: Previous Packet read contd., 
04-09 15:42:39.106  2714  2722 E luciUART: UART:6d
04-09 15:42:39.106  2714  2722 E luciUART: UART:6c
04-09 15:42:39.106  2714  2723 E LUCI_SERVER: Luci Server Thread wait over MID 208....
04-09 15:42:39.106  2714  2723 E LUCI_SERVER: Got NV name : fwdownload_xml
04-09 15:42:39.112  2714  2723 I luciUART: write() MID = 208  bytes = 67 data = fwdownload_xml:https://openotaengine.libreiotcloud.com/v1 m_fd = 0x5
04-09 15:42:39.112  2714  2723 E LUCI_SERVER: NV_READ response= fwdownload_xml:https://openotaengine.libreiotcloud.com/v1
04-09 15:42:39.112  2714  2723 E LUCI_SERVER: Luci Server Thread waiting for packets....
04-09 15:42:39.114  2735  2735 I bt_btif : init
04-09 15:42:39.116  2735  2735 D bt_osi_allocation_tracker: canary initialized
04-09 15:42:39.119  2735  2761 I bt_osi_thread: run_thread: thread id 2761, thread name stack_manager started
04-09 15:42:39.119  2735  2761 I bt_stack_manager: event_init_stack is initializing the stack
04-09 15:42:39.126  2735  2761 E bt_osi_config: config_new unable to open file '/data/misc/bluedroid/bt_config.conf': No such file or directory
04-09 15:42:39.127  2735  2761 W bt_btif_config: init unable to load config file: /data/misc/bluedroid/bt_config.conf; using backup.
04-09 15:42:39.127  2735  2761 E bt_osi_config: config_new unable to open file '/data/misc/bluedroid/bt_config.bak': No such file or directory
04-09 15:42:39.127  2735  2761 W bt_btif_config: init unable to load backup; attempting to transcode legacy file.
04-09 15:42:39.129  2735  2761 E bt_btif_config_transcode: btif_config_transcode unable to load XML file '/data/misc/bluedroid/bt_config.xml': 3
04-09 15:42:39.129  2735  2761 E bt_btif_config: init unable to transcode legacy file; creating empty config.
04-09 15:42:39.130  2735  2765 I bt_osi_thread: run_thread: thread id 2765, thread name alarm_default_ca started
04-09 15:42:39.130  2735  2766 I bt_osi_thread: run_thread: thread id 2766, thread name alarm_dispatcher started
04-09 15:42:39.134  2735  2761 I bt_btif_core: btif_init_bluetooth entered
04-09 15:42:39.137  2735  2761 I bt_stack_config: init attempt to load stack conf from /etc/bluetooth/bt_stack.conf
04-09 15:42:39.140  2734  2743 E CommandListener: Message not handled: unrecognized interface usb0
04-09 15:42:39.140  2734  2743 W FrameworkListener: Handler 'Iface' error (Success)
04-09 15:42:39.141  2734  2743 E CommandListener: Message not handled: unrecognized interface usb0
04-09 15:42:39.141  2734  2743 W FrameworkListener: Handler 'Iface' error (Success)
04-09 15:42:39.141  2735  2771 I bt_osi_thread: run_thread: thread id 2771, thread name bt_jni_workqueue started
04-09 15:42:39.141  2735  2761 I bt_btif_core: btif_init_bluetooth finished
04-09 15:42:39.141  2735  2761 I bt_stack_manager: event_init_stack finished
04-09 15:42:39.141  2735  2771 I bt_btif_core: run_message_loop entered
04-09 15:42:39.143  2735  2735 I bt_osi_wakelock: wakelock_set_os_callouts set to non-native
04-09 15:42:39.146  2735  2735 I bt_btif : get_profile_interface: id = gatt
04-09 15:42:39.150  2735  2735 I bt_btif : get_profile_interface: id = a2dp
04-09 15:42:39.151  2735  2735 I bt_btif : get_profile_interface: id = a2dp_sink
04-09 15:42:39.157  2734  2743 E CommandListener: Message not handled: unrecognized interface usb0
04-09 15:42:39.157  2734  2743 W FrameworkListener: Handler 'Iface' error (Success)
04-09 15:42:39.159  2735  2776 I bt_osi_thread: run_thread: thread id 2776, thread name btif_a2dp_sink_w started
04-09 15:42:39.161  2734  2743 E CommandListener: Message not handled: unrecognized interface usb0
04-09 15:42:39.161  2734  2743 W FrameworkListener: Handler 'Iface' error (Success)
04-09 15:42:39.163  2734  2743 E CommandListener: Message not handled: unrecognized interface usb0
04-09 15:42:39.163  2734  2743 W FrameworkListener: Handler 'Iface' error (Success)
04-09 15:42:39.165  2734  2743 E CommandListener: Message not handled: unrecognized interface usb0
04-09 15:42:39.165  2734  2743 W FrameworkListener: Handler 'Iface' error (Success)
04-09 15:42:39.168  2735  2735 D a2dp_codec: init
04-09 15:42:39.171  2735  2735 D a2dp_codec: createCodec: codec SBC
04-09 15:42:39.173  2735  2735 D a2dp_codec: createCodec: codec AAC
04-09 15:42:39.173  2735  2735 D a2dp_codec: createCodec: codec aptX
04-09 15:42:39.174  2735  2735 E a2dp_vendor_aptx_encoder: A2DP_VendorLoadEncoderAptx: cannot open aptX encoder library libaptX_encoder.so: libaptX_encoder.so: cannot open shared object file: No such file or directory
04-09 15:42:39.174  2735  2735 E a2dp_vendor_aptx: init: cannot load the encoder
04-09 15:42:39.174  2735  2735 D a2dp_codec: createCodec: codec aptX-HD
04-09 15:42:39.175  2735  2735 E a2dp_vendor_aptx_hd_encoder: A2DP_VendorLoadEncoderAptxHd: cannot open aptX-HD encoder library libaptXHD_encoder.so: libaptXHD_encoder.so: cannot open shared object file: No such file or directory
04-09 15:42:39.175  2735  2735 E a2dp_vendor_aptx_hd: init: cannot load the encoder
04-09 15:42:39.176  2735  2735 D a2dp_codec: createCodec: codec LDAC
04-09 15:42:39.176  2735  2735 E a2dp_vendor_ldac_encoder: A2DP_VendorLoadEncoderLdac: cannot open LDAC encoder library libldacBT_enc.so: libldacBT_enc.so: cannot open shared object file: No such file or directory
04-09 15:42:39.176  2735  2735 E a2dp_vendor_ldac: init: cannot load the encoder
04-09 15:42:39.178  2735  2735 I bt_btif : get_profile_interface: id = avrcp_ctrl
04-09 15:42:39.178  2735  2735 I bt_btif : get_profile_interface: id = hidhost
04-09 15:42:39.195  2735  2735 I bluetoothtbd: [0409/031239.195353:INFO:daemon.cc(168)] Daemon initialized
04-09 15:42:39.196  2735  2735 I bt_btif : enable: start restricted = 0
04-09 15:42:39.196  2735  2761 I bt_stack_manager: event_start_up_stack is bringing up the stack
04-09 15:42:39.196  2735  2761 I bt_core_module: module_start_up Starting module "btif_config_module"
04-09 15:42:39.196  2735  2761 I bt_core_module: module_start_up Started module "btif_config_module"
04-09 15:42:39.196  2735  2761 I bt_core_module: module_start_up Starting module "btsnoop_module"
04-09 15:42:39.196  2735  2761 I bt_core_module: module_start_up Started module "btsnoop_module"
04-09 15:42:39.197  2735  2761 I bt_core_module: module_start_up Starting module "hci_module"
04-09 15:42:39.197  2735  2761 I bt_hci  : hci_module_start_up
04-09 15:42:39.200  2735  2784 I bt_osi_thread: run_thread: thread id 2784, thread name hci_thread started
04-09 15:42:39.201  2735  2761 D bt_hci  : hci_module_start_up starting async portion
04-09 15:42:39.206  2735  2784 I bluetoothtbd: [0409/031239.206506:INFO:hci_layer_linux.cc(172)] hci_initialize
04-09 15:42:39.206  2735  2784 I bluetoothtbd: [0409/031239.206694:INFO:hci_layer_linux.cc(184)] Using interface hci0
04-09 15:42:39.206  2735  2784 I bluetoothtbd: [0409/031239.206745:INFO:hci_layer_linux.cc(378)] rfkill
04-09 15:42:39.216  2738  2738 D dhcpcd  : no interfaces have a carrier
04-09 15:42:39.217  2738  2738 D dhcpcd  : wlan0: waiting for carrier
04-09 15:42:39.221  2788  2788 I dnsmasq : started, version 2.51 cachesize 150
04-09 15:42:39.221  2788  2788 I dnsmasq : compile time options: no-IPv6 GNU-getopt no-DBus no-I18N DHCP no-scripts no-TFTP
04-09 15:42:39.222  2788  2788 I dnsmasq : DHCP, IP range 192.168.10.3 -- 192.168.10.10, lease time 12h
04-09 15:42:39.222  2788  2788 I dnsmasq : reading /etc/resolv.conf
04-09 15:42:39.222  2788  2788 I dnsmasq : using nameserver 8.8.8.8#53
04-09 15:42:39.222  2788  2788 I dnsmasq : read /etc/hosts - 1 addresses
04-09 15:42:39.582  2734  2743 E CommandListener: Message not handled: unrecognized interface usb0
04-09 15:42:39.582  2734  2743 W FrameworkListener: Handler 'Iface' error (Success)
04-09 15:42:39.624  2735  2784 I bluetoothtbd: [0409/031239.624431:INFO:hci_layer_linux.cc(295)] wait_hcidev
04-09 15:42:39.624  2735  2784 I bluetoothtbd: [0409/031239.624700:INFO:hci_layer_linux.cc(332)] Do poll() with timeout of 3000ms
04-09 15:42:39.626  2735  2784 I bluetoothtbd: [0409/031239.626246:INFO:hci_layer_linux.cc(228)] HCI device ready
04-09 15:42:39.626  2735  2784 I bt_hci  : event_finish_startup
04-09 15:42:39.626  2735  2761 I bt_core_module: module_start_up Started module "hci_module"
04-09 15:42:39.628  2735  2812 I bt_osi_thread: run_thread: thread id 2812, thread name bt_workqueue started
04-09 15:42:39.628  2735  2812 I bluetoothtbd: [0409/031239.628555:INFO:btu_task.cc(107)] Bluetooth chip preload is complete
04-09 15:42:39.635  2735  2812 I         : No vendor HCI socket available. Won't create SocketWriter.
04-09 15:42:39.643  2735  2812 I bluetoothtbd: [0409/031239.643197:INFO:gatt_api.cc(1005)] GATT_Register
04-09 15:42:39.644  2735  2812 I bluetoothtbd: [0409/031239.644908:INFO:gatt_api.cc(1028)] allocated gatt_if=1
04-09 15:42:39.646  2735  2812 I bluetoothtbd: [0409/031239.646496:INFO:gatt_api.cc(207)] GATTS_AddService
04-09 15:42:39.647  2735  2812 I bluetoothtbd: [0409/031239.647552:INFO:gatt_api.cc(317)] GATTS_AddService: service parsed correctly, now starting
04-09 15:42:39.648  2735  2812 E bluetoothtbd: [0409/031239.648427:ERROR:gatt_attr.cc(302)] gatt_profile_db_init:  gatt_if=1
04-09 15:42:39.655  2735  2812 I bluetoothtbd: [0409/031239.655477:INFO:gatt_api.cc(1005)] GATT_Register
04-09 15:42:39.655  2735  2812 I bluetoothtbd: [0409/031239.655616:INFO:gatt_api.cc(1028)] allocated gatt_if=2
04-09 15:42:39.655  2735  2812 I bluetoothtbd: [0409/031239.655664:INFO:gatt_api.cc(207)] GATTS_AddService
04-09 15:42:39.655  2735  2812 I bluetoothtbd: [0409/031239.655716:INFO:gatt_api.cc(317)] GATTS_AddService: service parsed correctly, now starting
04-09 15:42:39.659  2735  2813 I bt_osi_thread: run_thread: thread id 2813, thread name btu message loop started
04-09 15:42:39.692  2735  2814 I bt_osi_thread: run_thread: thread id 2814, thread name module_wrapper started
04-09 15:42:39.692  2735  2814 I bt_core_module: module_start_up Starting module "controller_module"
04-09 15:42:39.712  2713  2725 I yani_server: ifindexeth0 0 ifindexwlan0 5 ifindexp2p0 6 ifindexwlan1 0
04-09 15:42:39.712  2713  2725 I yani_server: NetLink Event '-1' Interface-Index '5' WLAN '0' Ethernet '-1' Parsed-iFill '-1' -> 'INVALID' ifIndex '1' -> 'lo'
04-09 15:42:39.713  2713  2725 I yani_kernel: yani_geteventfrom_changeaddr() Message-Id '1' Netlink event '16' Interface Index '5' -> Name 'wlan0' 
04-09 15:42:39.714  2713  2725 I yani_kernel: yani_geteventfrom_changeaddr() Message-Id '1' Netlink event '16' Interface Index '9' -> Name 'usb0' 
04-09 15:42:39.715  2713  2725 I yani_kernel: yani_geteventfrom_changeaddr() Message-Id '1' Netlink event '16' Interface Index '9' -> Name 'usb0' 
04-09 15:42:39.716  2713  2725 I yani_kernel: yani_geteventfrom_changeaddr() Message-Id '1' Netlink event '20' Interface Index '9' -> Name 'usb0' 
04-09 15:42:39.717  2713  2725 I yani_kernel: yani_geteventfrom_changeaddr() Message-Id '1' Netlink event '16' Interface Index '9' -> Name 'usb0' 
04-09 15:42:39.718  2713  2725 I yani_kernel: yani_geteventfrom_changeaddr() Message-Id '1' Netlink event '21' Interface Index '9' -> Name 'usb0' 
04-09 15:42:39.719  2713  2725 I yani_kernel: yani_geteventfrom_changeaddr() Message-Id '1' Netlink event '20' Interface Index '9' -> Name 'usb0' 
04-09 15:42:39.720  2713  2725 I yani_kernel: yani_geteventfrom_changeaddr() Message-Id '1' Netlink event '16' Interface Index '9' -> Name 'usb0' 
04-09 15:42:39.868  2735  2814 I bt_core_module: module_start_up Started module "controller_module"
04-09 15:42:39.868  2735  2814 W bt_osi_thread: run_thread: thread id 2814, thread name module_wrapper exited
04-09 15:42:39.871  2735  2812 W bt_btm  : btm_decode_ext_features_page: feature page 1 ignored
04-09 15:42:39.871  2735  2812 W bt_btm  : btm_decode_ext_features_page: feature page 2 ignored
04-09 15:42:39.872  2735  2813 I bt_btm_sec: BTM_SecRegister p_cb_info->p_le_callback == 0x0xf6c29b99
04-09 15:42:39.873  2735  2813 I bt_btm_sec: BTM_SecRegister btm_cb.api.p_le_callback = 0x0xf6c29b99 
04-09 15:42:39.875  2735  2813 I bluetoothtbd: [0409/031239.875546:INFO:ble_advertiser_hci_interface.cc(736)] Legacy advertising will be in use
04-09 15:42:39.878  2735  2813 I bluetoothtbd: [0409/031239.878116:INFO:gatt_api.cc(1005)] GATT_Register
04-09 15:42:39.878  2735  2813 I bluetoothtbd: [0409/031239.878270:INFO:gatt_api.cc(1028)] allocated gatt_if=3
04-09 15:42:39.896  2735  2813 I bt_bta_av: AVRCP version used for sdp: "avrcp14"
04-09 15:42:39.900  2735  2771 E bt_btif_storage: btif_storage_get_adapter_property: Controller ready!
04-09 15:42:39.901  2735  2771 I bt_btif_storage: btif_storage_get_adapter_property service_mask:0x40000
04-09 15:42:39.901  2735  2771 I bluetoothtbd: [0409/031239.901680:INFO:adapter.cc(551)] Adapter properties changed
04-09 15:42:39.901  2735  2771 I bluetoothtbd: [0409/031239.901790:INFO:adapter.cc(564)] Adapter address changed: CC:90:93:21:F3:85
04-09 15:42:39.901  2735  2771 I bluetoothtbd: [0409/031239.901832:INFO:adapter.cc(573)] Adapter name changed
04-09 15:42:39.902  2735  2771 I bt_btif_core: btif_enable_bluetooth_evt entered: status 0
04-09 15:42:39.902  2735  2771 W bt_btif : btif_enable_bluetooth_evt: Saving the Adapter Address
04-09 15:42:39.902  2735  2771 I bluetoothtbd: [0409/031239.902834:INFO:adapter.cc(551)] Adapter properties changed
04-09 15:42:39.902  2735  2771 I bluetoothtbd: [0409/031239.902919:INFO:adapter.cc(564)] Adapter address changed: CC:90:93:21:F3:85
04-09 15:42:39.902  2735  2771 D bt_hci  : do_postload posting postload work item
04-09 15:42:39.907  2735  2855 I bt_osi_thread: run_thread: thread id 2855, thread name btif_sock started
04-09 15:42:39.911  2735  2771 D bt_bte_conf: Device ID record 1 : primary
04-09 15:42:39.911  2735  2771 D bt_bte_conf:   vendorId            = 000f
04-09 15:42:39.911  2735  2771 D bt_bte_conf:   vendorIdSource      = 0001
04-09 15:42:39.911  2735  2771 D bt_bte_conf:   product             = 1200
04-09 15:42:39.911  2735  2771 D bt_bte_conf:   version             = 1436
04-09 15:42:39.911  2735  2771 D bt_bte_conf:   clientExecutableURL = 
04-09 15:42:39.911  2735  2771 D bt_bte_conf:   serviceDescription  = 
04-09 15:42:39.911  2735  2771 D bt_bte_conf:   documentationURL    = 
04-09 15:42:39.911  2735  2771 D bt_bte_conf: bte_load_did_conf no section named DID2.
04-09 15:42:39.911  2735  2761 I bt_stack_manager: event_start_up_stack finished
04-09 15:42:39.911  2735  2771 I bt_btif_core: btif_enable_bluetooth_evt finished
04-09 15:42:40.056  2731  2731 I ServiceManager: Waiting for service media.player...
04-09 15:42:40.156  2713  2725 I yani_kernel: yani_geteventfrom_changeaddr() Message-Id '1' Netlink event '16' Interface Index '9' -> Name 'usb0' 
04-09 15:42:40.157  2734  2743 E CommandListener: Message not handled: unrecognized interface usb0
04-09 15:42:40.157  2734  2743 W FrameworkListener: Handler 'Iface' error (Success)
04-09 15:42:40.957  2734  2743 E CommandListener: Message not handled: unrecognized interface usb0
04-09 15:42:40.957  2734  2743 W FrameworkListener: Handler 'Iface' error (Success)
04-09 15:42:41.041  2734  2742 E WifiUtil: command: "SCAN" failed: FAIL-BUSY
04-09 15:42:41.056  2731  2731 I ServiceManager: Waiting for service media.player...
04-09 15:42:41.468  2713  2725 I yani_server: NetLink Event '-1' Interface-Index '5' WLAN '-1' Ethernet '-1' Parsed-iFill '-1' -> 'INVALID' ifIndex '1' -> 'lo'
04-09 15:42:41.469  2713  2725 I yani_server: NetLink Event '-1' Interface-Index '5' WLAN '0' Ethernet '-1' Parsed-iFill '-1' -> 'INVALID' ifIndex '1' -> 'lo'
04-09 15:42:41.493  2713  2725 I chatty  : uid=0(root) YaniServer identical 38 lines
04-09 15:42:41.494  2713  2725 I yani_server: NetLink Event '-1' Interface-Index '5' WLAN '0' Ethernet '-1' Parsed-iFill '-1' -> 'INVALID' ifIndex '1' -> 'lo'
04-09 15:42:41.494  2713  2725 I yani_kernel: yani_geteventfrom_changeaddr() Message-Id '1' Netlink event '16' Interface Index '5' -> Name 'wlan0' 
04-09 15:42:41.495  2713  2725 I yani_kernel: yani_geteventfrom_changeaddr() Message-Id '1' Netlink event '16' Interface Index '5' -> Name 'wlan0' 
04-09 15:42:41.956  2715  2715 I SourceSwitch: SourceSwitch() Host 1 initialized...
04-09 15:42:42.056  2731  2731 I ServiceManager: Waiting for service media.player...
04-09 15:42:42.197  2788  2788 I dnsmasq : DHCPDISCOVER(usb0) 72:fb:c2:10:1f:3e 
04-09 15:42:42.197  2788  2788 I dnsmasq : DHCPOFFER(usb0) 192.168.10.7 72:fb:c2:10:1f:3e 
04-09 15:42:42.198  2788  2788 I dnsmasq : DHCPDISCOVER(usb0) 72:fb:c2:10:1f:3e 
04-09 15:42:42.198  2788  2788 I dnsmasq : DHCPOFFER(usb0) 192.168.10.7 72:fb:c2:10:1f:3e 
04-09 15:42:42.202  2788  2788 I dnsmasq : DHCPREQUEST(usb0) 192.168.10.7 72:fb:c2:10:1f:3e 
04-09 15:42:42.202  2788  2788 I dnsmasq : DHCPACK(usb0) 192.168.10.7 72:fb:c2:10:1f:3e 
04-09 15:42:42.204  2788  2788 I dnsmasq : DHCPREQUEST(usb0) 192.168.10.7 72:fb:c2:10:1f:3e 
04-09 15:42:42.204  2788  2788 I dnsmasq : DHCPACK(usb0) 192.168.10.7 72:fb:c2:10:1f:3e 
04-09 15:42:42.923  2735  2771 E bt_osi_config: config_save unable to open dir '/data/misc/bluedroid': No such file or directory
04-09 15:42:43.044  2713  2725 I yani_server: NetLink Event '-1' Interface-Index '5' WLAN '-1' Ethernet '-1' Parsed-iFill '-1' -> 'INVALID' ifIndex '1' -> 'lo'
04-09 15:42:43.057  2731  2731 I ServiceManager: Waiting for service media.player...
04-09 15:42:44.011  2693  2693 I sh      : btaudioplayer: not found
04-09 15:42:44.060  2693  2693 I sh      : *** play mode control constructor end 
04-09 15:42:44.060  2731  2731 E BrowseModeControl: Read env failed
04-09 15:42:44.060  2731  2731 I UIModeManager: RegisterModeControl Mode - BrowseMode ModeControl - 0xab9ca830
04-09 15:42:44.060  2731  2731 E DefaultBrowser: m_ItemsCount = 7 
04-09 15:42:44.061  2731  2731 E SDCardBrowser: SDCARD Browser constructor mounting vfat first
04-09 15:42:44.062  2731  2731 E SDCardBrowser: 3 GOTOP  Sytem return value = -1
04-09 15:42:44.062  2731  2731 E SDCardBrowser: mounting vfat failed, try ntfs, return value = -1
04-09 15:42:44.064  2731  2731 I ServiceManager: Waiting for service media.player...
04-09 15:42:44.083  2693  2693 I sh      : /dev/block/sd*: No such file or directory
04-09 15:42:45.055  2734  2742 I NetworkMonitor: Number of APs is 38
04-09 15:42:45.055  2734  2742 I NetworkMonitor: Number of APs with same essid 0
04-09 15:42:45.065  2731  2731 I ServiceManager: Waiting for service media.player...
04-09 15:42:45.070  2958  2958 I wac-main: main() defaultServiceManager 0xaacf8fa8 
04-09 15:42:45.072  2958  2958 I wac-main: Getinstance
04-09 15:42:45.073  2958  2958 I wac-main: WAC LUCI listener created
