04-09 16:39:01.153  3062  3062 I cast_cli: [0409/040901.152627:INFO:package_utils.cc(186)] Run process_manager: /bin/logwrapper /system/chrome/process_manager --async --accept-resource-provider=true --alsa-enable-upsampling=true --alsa-output-avail-min=256 --alsa-output-buffer-size=4096 --alsa-output-period-size=512 --alsa-output-start-threshold=2048 --default-eureka-name-prefix=LSB --enable-background-apps=true --enable-hi-res-audio-support=true --enable-multizone=true --netif-for-unique-ids=wlan0 --ota-directory=/data/chrome/cache/ --setup-ssid-suffix=d256 --setup-support-guest-mode=0 --wpa-supplicant-unix-socket-path=/dev/socket/wpa_wlan0
04-09 16:39:01.181  3068  3068 I process_manager: [0409/040901.180517:INFO:process_manager.cc(348)] process manager initialized
04-09 16:39:01.181  3068  3068 I process_manager: [0409/040901.180972:INFO:process_manager.cc(399)] Process manager is starting
04-09 16:39:01.182  3068  3068 I process_manager: [0409/040901.181478:INFO:process_manager.cc(409)] Process manager successfully started with pid 3070
04-09 16:39:01.185  3062  3062 I cast_cli: [0409/040901.184069:INFO:cast_cli.cc(433)] Process manager successfully started as daemon
04-09 16:39:01.210  3070  3070 I process_manager: [0409/040901.209621:INFO:process_manager.cc(348)] process manager initialized
04-09 16:39:01.210  3070  3070 I process_manager: [0409/040901.210232:INFO:process_manager.cc(475)] Resuming manager from a previous state
04-09 16:39:01.243  3070  3070 I process_manager: [0409/040901.243765:INFO:package_utils.cc(186)] Run update_engine: /bin/logwrapper /system/chrome/update_engine --foreground --netif-for-unique-ids=eth0 --omaha-beta-app-id={c71af7c9-fb75-4084-9bb1-6483fae36524} --omaha-prod-app-id={c71af7c9-fb75-4084-9bb1-6483fae36524} --ota-directory=/chrome/cache/ --update-engine-unix-socket-path=/tmp/socket/updater --v=4 --netif-for-unique-ids=wlan0 --ota-directory=/data/chrome/cache/
04-09 16:39:01.244  3070  3070 I process_manager: [0409/040901.244784:INFO:package_utils.cc(186)] Run crash_uploader: /bin/logwrapper /system/chrome/crash_uploader
04-09 16:39:01.246  3070  3070 I process_manager: [0409/040901.245732:INFO:package_utils.cc(186)] Run cast_shell: /bin/logwrapper /system/chrome/cast_shell --accept-resource-provider=true --alsa-enable-upsampling=false --app-config-path=/fakeapp.conf --blink-platform-log-channels=Media --cast-control-unix-socket-path=/tmp/cast-control --default-eureka-name-prefix=Google Cast Speaker --disable-dial=true --disable-images-for-app-id=*|1B11061A --enable-background-apps=false --idle-screen=false --js-flags=--trace_gc --netif-for-unique-ids=eth0 --no-daily-reboot=true --ota-directory=/chrome/cache/ --setup-support-guest-mode=0 --skip-gpu-data-loading --update-engine-unix-socket-path=/tmp/socket/updater --accept-resource-provider=true --alsa-enable-upsampling=true --alsa-output-avail-min=256 --alsa-output-buffer-size=4096 --alsa-output-period-size=512 --alsa-output-start-threshold=2048 --default-eureka-name-prefix=LSB --enable-background-apps=true --enable-hi-res-audio-support=true --enable-multizone=true --netif-for-unique-ids=wlan0 --ota-directory=/data/chrome/cache/ --setup-ssid-suffix=d256 --setup-support-guest-mode=0 --wpa-supplicant-unix-socket-path=/dev/socket/wpa_wlan0
04-09 16:39:01.269  3073  3073 I crash_uploader: [0409/040901.268704:INFO:crash_uploader.cc(45)] Starting crash uploader...
04-09 16:39:01.271  3073  3073 I crash_uploader: [0409/040901.271366:ERROR:synchronized_minidump_manager.cc(251)] Lockfile did not parse correctly. 
04-09 16:39:01.277  3072  3072 I update_engine: [0409/040901.276422:INFO:main.cc(149)] Eureka Update Engine starting
04-09 16:39:01.277  3072  3072 I update_engine: [0409/040901.277628:INFO:update_check_scheduler.cc(77)] Next update check in 2700 seconds
04-09 16:39:01.278  3072  3072 I update_engine: [0409/040901.277892:INFO:string_based_ipc_server.cc(75)] Start IPC server: /tmp/socket/updater
04-09 16:39:01.278  3072  3072 I update_engine: [0409/040901.278279:INFO:unix_stream_server_socket.cc(62)] Unix server socket is created: /tmp/socket/updater
04-09 16:39:01.478  3074  3074 I cast_shell: [3077:3077:ERROR:pref_service_helper.cc(79)] Cannot initialize chromecast config: /data/chrome/.eureka.conf, pref_error=6
04-09 16:39:01.480  3074  3074 I cast_shell: [3077:3077:WARNING:discardable_shared_memory_manager.cc(194)] Less than 64MB of free space in temporary directory for shared memory files: 32
04-09 16:39:01.491  3074  3074 I cast_shell: Fontconfig warning: "/etc/fonts/fonts.conf", line 80: unknown element "blank"
04-09 16:39:01.676  3074  3074 I cast_shell: [3077:3077:INFO:cast_system_memory_pressure_evaluator.cc(167)] AdjustMemoryFractions: critical_memory_fraction_=0.25, moderate_memory_fraction_=0.4
04-09 16:39:01.683  3074  3074 I cast_shell: [3077:3077:INFO:cast_window_manager_aura.cc(198)] Starting window manager, bounds: 0,0 1x1
04-09 16:39:01.690  3074  3074 I cast_shell: [3077:3094:ERROR:mixer_connection.cc(91)] Failed to connect to mixer service: -102
04-09 16:39:01.690  3074  3074 I cast_shell: [3077:3077:WARNING:client_auth_manager.cc(94)] Old certificate is empty.
04-09 16:39:01.691  3074  3074 I cast_shell: [3077:3077:INFO:device_info_impl.cc(135)] [PII] Weave device ID: 
04-09 16:39:01.691  3074  3074 I cast_shell: [3077:3077:INFO:device_info_impl.cc(406)] MAC address for wlan0: CC:90:93:21:F3:84
04-09 16:39:01.692  3074  3074 I cast_shell: [3077:3077:INFO:device_info_impl.cc(431)] Device model id: COTODAMA.LS10 Platform.LSB
04-09 16:39:01.692  3074  3074 I cast_shell: [3077:3077:INFO:device_info_impl.cc(466)] Control Notifications: 0
04-09 16:39:01.692  3074  3074 I cast_shell: [3077:3077:ERROR:device_info_impl.cc(145)] Cannot read file: /data/bootid
04-09 16:39:01.692  3074  3074 I cast_shell: [3077:3077:INFO:device_info_impl.cc(482)] SSDP Boot ID: 0
04-09 16:39:01.692  3074  3074 I cast_shell: [3077:3077:INFO:device_info_impl.cc(486)] SSDP Config ID: 1
04-09 16:39:01.692  3074  3074 I cast_shell: [3077:3077:WARNING:secure_storage_impl.cc(85)] Device key not available yet.
04-09 16:39:01.693  3074  3074 I cast_shell: [3077:3077:INFO:cast_power_manager_provider.cc(26)] Creating DummyCastPowerManagerProvider
04-09 16:39:01.693  3074  3074 I cast_shell: [3077:3077:WARNING:auth_provider_impl.cc(72)] No IoT client_id found on the device. If device was FDRed please ignore this warning.
04-09 16:39:01.693  3074  3074 I cast_shell: [3077:3077:INFO:file_provider_impl.cc(67)] Initialized file provider with base dir: /data/chrome/auth
04-09 16:39:01.693  3074  3074 I cast_shell: [3077:3077:INFO:cast_power_manager_provider.cc(26)] Creating DummyCastPowerManagerProvider
04-09 16:39:01.693  3074  3074 I cast_shell: [3077:3077:INFO:cast_power_manager_provider.cc(26)] Creating DummyCastPowerManagerProvider
04-09 16:39:01.693  3074  3074 I cast_shell: [3077:3077:INFO:hds_broker_impl.cc(121)] HDS type registered type.googleapis.com/home.hds.proto.device.config.RefreshConfigRequest
04-09 16:39:01.693  3074  3074 I cast_shell: [3077:3077:INFO:preload_initiator_mdns.cc(92)] Preload type: mdns
04-09 16:39:01.694  3074  3074 I cast_shell: [3077:3077:WARNING:hds_settings.cc(104)] HDS URL has not been set through command line.
04-09 16:39:01.695  3074  3074 I cast_shell: [3077:3077:WARNING:volume_map.cc(55)] No cast audio config found; using default volume map.
04-09 16:39:01.695  3074  3074 I cast_shell: [3077:3077:INFO:saved_volumes.cc(63)] No saved volumes found
04-09 16:39:01.695  3074  3074 I cast_shell: [3077:3077:INFO:saved_volumes.cc(70)] Invalid JSON from /etc/cast_audio.json
04-09 16:39:01.696  3074  3074 I cast_shell: [3077:3098:INFO:stream_mixer.cc(194)] StreamMixer
04-09 16:39:01.696  3074  3074 I cast_shell: [3077:3098:INFO:stream_mixer.cc(222)] Mixer health checker started
04-09 16:39:01.696  3074  3074 I cast_shell: [3077:3099:INFO:stream_mixer.cc(121)] Actual priority = 99, policy = 1
04-09 16:39:01.696  3074  3074 I cast_shell: [3077:3098:WARNING:post_processing_pipeline_parser.cc(65)] No post-processing config found at /etc/cast_audio.json.
04-09 16:39:01.696  3074  3074 I cast_shell: [3077:3098:WARNING:post_processing_pipeline_parser.cc(133)] No post-processor description found for "mix" in /etc/cast_audio.json. Using passthrough.
04-09 16:39:01.696  3074  3074 I cast_shell: [3077:3098:INFO:mixer_pipeline.cc(103)] 2 input channels to 'mix' group
04-09 16:39:01.696  3074  3074 I cast_shell: [3077:3098:WARNING:post_processing_pipeline_parser.cc(133)] No post-processor description found for "linearize" in /etc/cast_audio.json. Using passthrough.
04-09 16:39:01.696  3074  3074 I cast_shell: [3077:3098:INFO:mixer_pipeline.cc(124)] 2 input channels to 'linearize' group
04-09 16:39:01.702  3074  3074 I cast_shell: [3077:3098:INFO:alsa_volume_control.cc(219)] Volume device = default, element = Master
04-09 16:39:01.702  3074  3074 I cast_shell: [3077:3098:INFO:alsa_volume_control.cc(221)] Mute device = default, element = Master
04-09 16:39:01.702  3074  3074 I cast_shell: [3077:3098:INFO:alsa_volume_control.cc(234)] Idle device = default, elements = []
04-09 16:39:01.702  3074  3074 I cast_shell: [3077:3098:INFO:alsa_volume_control.cc(43)] Opening mixer element "Master" on device "default"
04-09 16:39:01.705  3074  3074 I cast_shell: [3077:3085:INFO:parent_tracker.cc(90)] [PII](FF12F689A55AE613E101736EA64EFDF1) has hash 802712876, root wait is 8.13104 s
04-09 16:39:01.706  3074  3074 I cast_shell: [3077:3085:INFO:parent_tracker.cc(120)] Can't use IPv4
04-09 16:39:01.706  3074  3074 I cast_shell: [3077:3077:INFO:multizone_manager.cc(330)] Multizone features are enabled
04-09 16:39:01.706  3074  3074 I cast_shell: [3077:3085:INFO:parent_tracker.cc(124)] Can't use IPv6
04-09 16:39:01.706  3074  3074 I cast_shell: [3077:3085:ERROR:parent_tracker.cc(125)] No valid interface for multicast
04-09 16:39:01.707  3074  3074 I cast_shell: [3077:3077:INFO:cast_power_manager_provider.cc(26)] Creating DummyCastPowerManagerProvider
04-09 16:39:01.707  3074  3074 I cast_shell: [3077:3077:INFO:update_engine_client_with_ipc.cc(343)] Using IPC UpdateEngineClient
04-09 16:39:01.707  3074  3074 I cast_shell: [3077:3085:INFO:directory_service_impl.cc(168)] Boot count is now 1
04-09 16:39:01.707  3074  3074 I cast_shell: [3077:3085:ERROR:socket_posix.cc(148)] bind() failed: Address already in use (98)
04-09 16:39:01.707  3074  3074 I cast_shell: [3077:3085:ERROR:tcp_listener.cc(64)] Listen failed: net::ERR_ADDRESS_IN_USE : 0.0.0.0:10101
04-09 16:39:01.707  3074  3074 I cast_shell: [3077:3085:ERROR:directory_service_impl.cc(213)] TCP listener error: -1
04-09 16:39:01.707  3077  3077 E         : Create
04-09 16:39:01.707  3077  3077 E         : OOBE IsSupported
04-09 16:39:01.714  3074  3074 I cast_shell: [3077:3077:INFO:chromecast_service_client_default.cc(75)] System updater is supported, and this is first setup.
04-09 16:39:01.714  3074  3074 I cast_shell: [3077:3077:INFO:managed_mode_service.cc(345)] Starting in managed mode: 0
04-09 16:39:01.714  3074  3074 I cast_shell: [3077:3077:INFO:platform_client_auth_creds.cc(114)] Loaded client certificate. Key len = 2048 bits. Chain len = 2 (source FROM_CERT).
04-09 16:39:01.714  3074  3074 I cast_shell: [3077:3077:INFO:grpc_manager_impl.cc(245)] Registered service chromecast.LocalCloudcastService
04-09 16:39:01.714  3074  3074 I cast_shell: [3077:3077:INFO:grpc_manager_impl.cc(262)] Registered a handler ExecuteActionScript for service chromecast.LocalCloudcastService
04-09 16:39:01.714  3074  3074 I cast_shell: [3077:3077:INFO:grpc_manager_impl.cc(262)] Registered a handler ObserveDeviceStatus for service chromecast.LocalCloudcastService
04-09 16:39:01.714  3074  3074 I cast_shell: [3077:3077:INFO:grpc_manager_impl.cc(262)] Registered a handler GetDeviceStatus for service chromecast.LocalCloudcastService
04-09 16:39:01.714  3074  3074 I cast_shell: [3077:3077:INFO:grpc_manager_impl.cc(505)] GRPC[uri=[::]:0]: num_pending_calls=0, num_active_handlers=0, num_free_handlers=0
04-09 16:39:01.714  3074  3074 I cast_shell: [3077:3077:INFO:cast_power_manager_provider.cc(26)] Creating DummyCastPowerManagerProvider
04-09 16:39:01.714  3074  3074 I cast_shell: [3077:3077:INFO:cast_power_manager_provider.cc(26)] Creating DummyCastPowerManagerProvider
04-09 16:39:01.714  3074  3074 I cast_shell: [3077:3077:INFO:gcm_manager.cc(140)] GCM Dir = /data/chrome/gcm
04-09 16:39:01.714  3074  3074 I cast_shell: [3077:3077:INFO:lycra_gcm.cc(117)] Deferring GCM registration until connectivity is up.
04-09 16:39:01.802  3074  3074 I cast_shell: [3077:3077:WARNING:cloud_settings_manager.cc(513)] Cannot initialize device settings config: /data/chrome/cloud_settings/cloud_settings.prefs, pref_error=6
04-09 16:39:01.802  3074  3074 I cast_shell: [3077:3077:INFO:cloud_settings_manager.cc(195)] Cloud settings is disabled.
04-09 16:39:01.803  3074  3074 I cast_shell: [3077:3077:INFO:pref_metrics_manager.cc(66)] PrefMetricsManager started.
04-09 16:39:01.803  3074  3074 I cast_shell: [3077:3077:INFO:pref_control_service_impl.cc(142)] Loading prefs from /data/chrome/pref_control/pref_control.prefs
04-09 16:39:01.804  3074  3074 I cast_shell: [3077:3077:INFO:pref_control_service_impl.cc(602)] Registering pref Pref [Name:motion_sensing_pref,RestoreValue:1,ForceEnableParent:1,Value:1,Optin:1]
04-09 16:39:01.804  3074  3074 I cast_shell: [3077:3077:INFO:pref_control_service_impl.cc(602)] Registering pref Pref [Name:sleep_sensing_pref,RestoreValue:0,ForceEnableParent:1,Value:1,Optin:0]
04-09 16:39:01.804  3074  3074 I cast_shell: [3077:3077:INFO:pref_control_service_impl.cc(602)] Registering pref Pref [Name:sleep_disturbance_pref,RestoreValue:1,ForceEnableParent:0,Value:1,Optin:0]
04-09 16:39:01.804  3074  3074 I cast_shell: [3077:3077:INFO:pref_control_service_impl.cc(602)] Registering pref Pref [Name:sleep_coaching_pref,RestoreValue:1,ForceEnableParent:0,Value:1,Optin:0]
04-09 16:39:01.804  3074  3074 I cast_shell: [3077:3077:INFO:pref_control_service_impl.cc(602)] Registering pref Pref [Name:gesture_sensing_pref,RestoreValue:0,ForceEnableParent:1,Value:1,Optin:0]
04-09 16:39:01.804  3074  3074 I cast_shell: [3077:3077:INFO:pref_control_service_impl.cc(602)] Registering pref Pref [Name:play_and_pause_gesture_pref,RestoreValue:1,ForceEnableParent:0,Value:1,Optin:0]
04-09 16:39:01.804  3074  3074 I cast_shell: [3077:3077:INFO:pref_control_service_impl.cc(602)] Registering pref Pref [Name:snooze_alarm_gesture_pref,RestoreValue:1,ForceEnableParent:0,Value:1,Optin:0]
04-09 16:39:01.804  3074  3074 I cast_shell: [3077:3077:INFO:pref_control_service_impl.cc(602)] Registering pref Pref [Name:stop_timers_gesture_pref,RestoreValue:1,ForceEnableParent:0,Value:1,Optin:0]
04-09 16:39:01.804  3074  3074 I cast_shell: [3077:3077:INFO:pref_metrics_manager.cc(94)] Adding motion_sensing_pref to PrefMetricsManager.
04-09 16:39:01.804  3074  3074 I cast_shell: [3077:3077:INFO:pref_metrics_manager.cc(94)] Adding sleep_sensing_pref to PrefMetricsManager.
04-09 16:39:01.804  3074  3074 I cast_shell: [3077:3077:INFO:pref_metrics_manager.cc(94)] Adding sleep_disturbance_pref to PrefMetricsManager.
04-09 16:39:01.804  3074  3074 I cast_shell: [3077:3077:INFO:pref_metrics_manager.cc(94)] Adding sleep_coaching_pref to PrefMetricsManager.
04-09 16:39:01.804  3074  3074 I cast_shell: [3077:3077:INFO:grpc_manager_impl.cc(245)] Registered service chromecast.grpc_discovery.GrpcDiscoveryService
04-09 16:39:01.805  3074  3074 I cast_shell: [3077:3077:INFO:grpc_manager_impl.cc(262)] Registered a handler GetServiceInfo for service chromecast.grpc_discovery.GrpcDiscoveryService
04-09 16:39:01.805  3074  3074 I cast_shell: [3077:3077:INFO:grpc_manager_impl.cc(505)] GRPC[uri=unix:/tmp/hcp_ipc_auth.socket]: num_pending_calls=0, num_active_handlers=0, num_free_handlers=0
04-09 16:39:01.805  3074  3074 I cast_shell: [3077:3077:INFO:grpc_manager_impl.cc(245)] Registered service usonia.ipc.Auth
04-09 16:39:01.805  3074  3074 I cast_shell: [3077:3077:INFO:grpc_manager_impl.cc(262)] Registered a handler Sign for service usonia.ipc.Auth
04-09 16:39:01.805  3074  3074 I cast_shell: [3077:3077:INFO:grpc_manager_impl.cc(262)] Registered a handler Verify for service usonia.ipc.Auth
04-09 16:39:01.805  3074  3074 I cast_shell: [3077:3077:INFO:grpc_manager_impl.cc(262)] Registered a handler AuthReady for service usonia.ipc.Auth
04-09 16:39:01.806  3074  3074 I cast_shell: [3077:3077:INFO:grpc_manager_impl.cc(245)] Registered service usonia.ipc.DistributedServiceDiscovery
04-09 16:39:01.806  3074  3074 I cast_shell: [3077:3077:INFO:grpc_manager_impl.cc(262)] Registered a handler UpdateServiceObservers for service usonia.ipc.DistributedServiceDiscovery
04-09 16:39:01.806  3074  3074 I cast_shell: [3077:3077:INFO:grpc_manager_impl.cc(262)] Registered a handler FetchAllPeerAddressList for service usonia.ipc.DistributedServiceDiscovery
04-09 16:39:01.806  3074  3074 I cast_shell: [3077:3077:INFO:grpc_manager_impl.cc(262)] Registered a handler ResolvePeerAddress for service usonia.ipc.DistributedServiceDiscovery
04-09 16:39:01.806  3074  3074 I cast_shell: [3077:3077:INFO:grpc_manager_impl.cc(262)] Registered a handler AddService for service usonia.ipc.DistributedServiceDiscovery
04-09 16:39:01.806  3074  3074 I cast_shell: [3077:3077:INFO:grpc_manager_impl.cc(262)] Registered a handler IsServiceAllowed for service usonia.ipc.DistributedServiceDiscovery
04-09 16:39:01.806  3074  3074 I cast_shell: [3077:3077:INFO:grpc_manager_impl.cc(245)] Registered service usonia.ipc.LeaderElector
04-09 16:39:01.806  3074  3074 I cast_shell: [3077:3077:INFO:grpc_manager_impl.cc(262)] Registered a handler LeaderElection for service usonia.ipc.LeaderElector
04-09 16:39:01.806  3074  3074 I cast_shell: [3077:3077:INFO:grpc_manager_impl.cc(245)] Registered service usonia.ipc.TimeSynchronizer
04-09 16:39:01.806  3074  3074 I cast_shell: [3077:3077:INFO:grpc_manager_impl.cc(262)] Registered a handler ObserveCommonTime for service usonia.ipc.TimeSynchronizer
04-09 16:39:01.807  3074  3074 I cast_shell: [3077:3077:INFO:grpc_manager_impl.cc(317)] Grpc server started in port 1
04-09 16:39:01.807  3074  3074 I cast_shell: [3077:3077:INFO:sensor_pref_manager.cc(84)] SensorPrefManager is disabled.
04-09 16:39:01.807  3074  3074 I cast_shell: [3077:3077:INFO:remote_ducking_receiver.cc(183)] remote ducking: starting receiver.
04-09 16:39:01.808  3074  3074 I cast_shell: [3077:3077:INFO:grpc_manager_impl.cc(505)] GRPC[uri=unix:/tmp/modular_updater/modular_update_service]: num_pending_calls=0, num_active_handlers=0, num_free_handlers=0
04-09 16:39:01.808  3074  3074 I cast_shell: [3077:3077:INFO:cast_power_manager_provider.cc(26)] Creating DummyCastPowerManagerProvider
04-09 16:39:01.808  3074  3074 I cast_shell: [3077:3113:INFO:common_time.cc(128)] New common clock leader FF12F689A55AE613E101736EA64EFDF1, is_this_device = 1, IP = [::1]:10006, quality = 0
04-09 16:39:01.808  3074  3074 I cast_shell: [3077:3113:INFO:common_time.cc(158)] Set this device as common time source
04-09 16:39:01.815  3074  3074 I cast_shell: [3077:3077:INFO:timezone_settings.cc(288)] Setting system timezone to America/Los_Angeles
04-09 16:39:01.816  3074  3074 I cast_shell: [3077:3077:INFO:daily_reboot_impl.cc(172)] Daily reboot is disabled
04-09 16:39:01.816  3074  3074 I cast_shell: [3077:3077:INFO:api_reboot.cc(321)] active_activities count=1
04-09 16:39:01.817  3074  3074 I cast_shell: [3077:3087:INFO:gamma_utils.cc(31)] Gamma calibration file is not present, use default LUT
04-09 16:39:01.817  3074  3074 I cast_shell: [3077:3077:INFO:cast_power_manager_provider.cc(26)] Creating DummyCastPowerManagerProvider
04-09 16:39:01.817  3074  3074 I chatty  : uid=1000(chrome) /bin/logwrapper identical 1 line
04-09 16:39:01.818  3074  3074 I cast_shell: [3077:3077:INFO:cast_power_manager_provider.cc(26)] Creating DummyCastPowerManagerProvider
04-09 16:39:01.820  3074  3074 I cast_shell: [3077:3087:INFO:tuning_manager.cc(118)] No file found at /etc/cast_audio.json
04-09 16:39:01.820  3074  3074 I cast_shell: [3077:3087:INFO:tuning_manager.cc(130)] No file found at /etc/cast_audio.json
04-09 16:39:01.821  3074  3074 I cast_shell: [3077:3077:INFO:setup_api_registry.cc(192)] Register external API: audio/delete_config
04-09 16:39:01.821  3074  3074 I cast_shell: [3077:3077:INFO:setup_api_registry.cc(192)] Register external API: audio/get_avail_processors
04-09 16:39:01.821  3074  3074 I cast_shell: [3077:3077:INFO:setup_api_registry.cc(192)] Register external API: audio/get_config
04-09 16:39:01.821  3074  3074 I cast_shell: [3077:3077:INFO:setup_api_registry.cc(192)] Register external API: audio/get_default_config
04-09 16:39:01.821  3074  3074 I cast_shell: [3077:3077:INFO:setup_api_registry.cc(192)] Register external API: audio/set_params
04-09 16:39:01.821  3074  3074 I cast_shell: [3077:3077:INFO:setup_api_registry.cc(192)] Register external API: audio/set_config
04-09 16:39:01.822  3074  3074 I cast_shell: [3077:3077:INFO:setup_api_registry.cc(192)] Register external API: user_eq/set_equalizer
04-09 16:39:01.822  3074  3074 I cast_shell: [3077:3077:INFO:capture_service_dummy.cc(11)] Dummy CaptureService.
04-09 16:39:01.826  3074  3074 I cast_shell: [3077:3077:INFO:setup_api_registry.cc(192)] Register external API: auto_media_volume
04-09 16:39:01.826  3074  3074 I cast_shell: [3077:3077:INFO:cast_thread_health_check.cc(53)] Receiver health check timeout: 15 seconds.
04-09 16:39:01.827  3074  3074 I cast_shell: [3077:3077:INFO:file_util.cc(28)] base_assistant_dir = /data/chrome
04-09 16:39:01.827  3074  3074 I cast_shell: [3077:3077:INFO:chromecast_service.cc(2189)] Geolocation changed to: 0
04-09 16:39:01.828  3074  3074 I cast_shell: [3077:3077:INFO:chromecast_service.cc(2229)] AoGH feature is: 0
04-09 16:39:01.828  3074  3074 I cast_shell: [3077:3077:INFO:chromecast_service.cc(2248)] Playback disruption feature is: 0
04-09 16:39:01.833  3074  3074 I cast_shell: [3077:3077:INFO:metrics_recorder.cc(112)] Metrics stat: total=0
04-09 16:39:01.834  3074  3074 I cast_shell: [3077:3101:INFO:media_manager_impl.cc(1043)] New device volume control type: new_type=1, old_type=0
04-09 16:39:01.834  3074  3074 I cast_shell: [3077:3101:INFO:media_manager_impl.cc(1066)] New device volume step interval: new_interval=0.02, old_interval=0
04-09 16:39:01.834  3074  3074 I cast_shell: [3077:3101:ERROR:media_manager_impl.cc(1294)] GetScreenResolution failed.
04-09 16:39:01.834  3074  3074 I cast_shell: [3077:3101:INFO:media_manager_impl.cc(343)] Media manager is initialized.
04-09 16:39:01.834  3074  3074 I cast_shell: [3077:3077:INFO:media_manager_impl.cc(269)] IsHdmiPlatform: 0
04-09 16:39:01.835  3074  3074 I cast_shell: [3077:3077:INFO:hds_settings.cc(136)] HdsSettings using HDS url https://preprod-home-devices.sandbox.google.com/
04-09 16:39:01.836  3074  3074 I cast_shell: [3077:3077:INFO:client_auth_creds.cc(173)] Device cert: 4D8AC5B9056A76852E4F FA:8F:CA:87:13:D1
04-09 16:39:01.837  3074  3074 I cast_shell: [3077:3077:INFO:client_auth_creds.cc(182)] Intermediate cert: LSB
04-09 16:39:01.837  3074  3074 I cast_shell: [3077:3077:INFO:client_auth_creds.cc(182)] Intermediate cert: Amlogic GVA Manufacturer Cert
04-09 16:39:01.837  3074  3074 I cast_shell: [3077:3077:INFO:client_auth_creds.cc(226)] Imported client auth cert.
04-09 16:39:01.837  3074  3074 I cast_shell: [3077:3077:INFO:client_auth_creds.cc(237)] Imported client auth private key
04-09 16:39:01.837  3074  3074 I cast_shell: [3077:3077:INFO:client_auth_signer.cc(155)] Created singleton instance of ClientAuthSigner.
04-09 16:39:01.838  3074  3074 I cast_shell: [3077:3077:INFO:client_auth_manager.cc(119)] Storing the certificate first used by the device.
04-09 16:39:01.894  3074  3074 I cast_shell: [3077:3077:WARNING:application_config_manager_impl.cc(253)] Cannot read application config file: /fakeapp.conf
04-09 16:39:01.894  3074  3074 I cast_shell: [3077:3077:INFO:application_manager_impl.cc(398)] Application manager is initialized.
04-09 16:39:01.895  3074  3074 I cast_shell: [3077:3077:INFO:mdns_cast_service.cc(156)] Device discovery state is idle
04-09 16:39:01.895  3074  3074 I cast_shell: [3077:3077:INFO:mdns_manager_impl.cc(177)] MdnsManager is initialized
04-09 16:39:01.896  3074  3074 I cast_shell: [3077:3126:INFO:mdns_app_filter.cc(573)] MdnsAppFilter initialized
04-09 16:39:01.896  3074  3074 I cast_shell: [3077:3126:INFO:discovered_service_client.cc(102)] Registering new service PTR listener: _googlecast._tcp.local
04-09 16:39:01.896  3074  3074 I cast_shell: [3077:3077:INFO:config_downloader.cc(239)] Set config periodic interval: min=300, max=420
04-09 16:39:01.896  3074  3074 I cast_shell: [3077:3077:INFO:crl_downloader.cc(274)] Set CRL periodic interval: min=2160, max=2880
04-09 16:39:01.896  3074  3074 I cast_shell: [3077:3127:INFO:v2_transport.cc(458)] Added Cast V2 endpoint: id=Tr@n$p0rt-0, socket_factory_id=[PII](*)
04-09 16:39:01.897  3074  3074 I cast_shell: [3077:3127:INFO:endpoint_with_namespace_handler.cc(103)] Added a namespace handler: local_id=Tr@n$p0rt-0, namespace=urn:x-cast:com.google.cast.tp.connection
04-09 16:39:01.897  3074  3074 I cast_shell: [3077:3127:INFO:endpoint_with_namespace_handler.cc(103)] Added a namespace handler: local_id=Tr@n$p0rt-0, namespace=urn:x-cast:com.google.cast.tp.heartbeat
04-09 16:39:01.897  3074  3074 I cast_shell: [3077:3127:INFO:endpoint_with_namespace_handler.cc(103)] Added a namespace handler: local_id=Tr@n$p0rt-0, namespace=urn:x-cast:com.google.cast.tp.deviceauth
04-09 16:39:01.897  3074  3074 I cast_shell: [3077:3127:INFO:v2_transport.cc(335)] V2Transport initialized.
04-09 16:39:01.897  3074  3074 I cast_shell: [3077:3077:INFO:hds_broker_impl.cc(121)] HDS type registered type.googleapis.com/home.hds.proto.device.relayedcasting.RelayedCastingPleaseConnectRequest
04-09 16:39:01.898  3074  3074 I cast_shell: [3077:3077:INFO:ccs_manager_impl.cc(522)] Added CCS device
04-09 16:39:01.898  3074  3074 I cast_shell: [3077:3077:INFO:ccs_manager_impl.cc(523)] [PII] device_id=FF12F689A55AE613E101736EA64EFDF1
04-09 16:39:01.898  3074  3074 I cast_shell: [3077:3127:INFO:v2_transport.cc(411)] Added socket factory: id=domain-socket@/tmp/cast-control
04-09 16:39:01.898  3074  3074 I cast_shell: [3077:3127:INFO:v2_transport.cc(411)] Added socket factory: id=opencast-socket
04-09 16:39:01.898  3074  3074 I cast_shell: [3077:3077:INFO:ccs_manager_impl.cc(838)] Device model revision set to 0
04-09 16:39:01.901  3074  3074 I cast_shell: [3077:3087:INFO:hotspot_controller_netmgr.cc(134)] Hotspot socket initialized: /dev/socket/net_mgr
04-09 16:39:01.901  3074  3074 I cast_shell: [3077:3087:INFO:hotspot_manager.cc(103)] Stop zombie hotspot if there is one
04-09 16:39:01.901  3074  3074 I cast_shell: [3077:3077:INFO:setup_manager_impl.cc(610)] release channel: beta-channel
04-09 16:39:01.901  3074  3074 I cast_shell: [3077:3077:INFO:locale_manager.cc(245)] No timezone yet.
04-09 16:39:01.902  3074  3074 I cast_shell: [3077:3077:INFO:locale_manager.cc(274)] Current time format: 12-hour
04-09 16:39:01.902  3074  3074 I cast_shell: [3077:3077:INFO:locale_manager.cc(295)] No locale. Set default from factory: en-00
04-09 16:39:01.902  3074  3074 I cast_shell: [3077:3077:INFO:locale_manager.cc(329)] Use factory country code: 00
04-09 16:39:01.902  3074  3074 I cast_shell: [3077:3077:INFO:locale_manager.cc(639)] New country code: 00
04-09 16:39:01.902  3074  3074 I cast_shell: [3077:3077:INFO:setup_manager_impl.cc(645)] Initial activation date cached value: 
04-09 16:39:01.902  3074  3074 I cast_shell: [3077:3077:INFO:hds_broker_impl.cc(121)] HDS type registered type.googleapis.com/google.internal.home.foyer.v1.resources.IsDeviceReadyRequest
04-09 16:39:01.902  3074  3074 I cast_shell: [3077:3077:INFO:hds_broker_impl.cc(121)] HDS type registered type.googleapis.com/home.cloud.biz.EnterWeavePairingModeRequest
04-09 16:39:01.902  3074  3074 I cast_shell: [3077:3077:INFO:multizone_setup.cc(206)] OEM delay = 0 s
04-09 16:39:01.903  3074  3074 I cast_shell: [3077:3077:INFO:mdns_util.cc(102)] Defaulting mDNS capabilities for audio-only build
04-09 16:39:01.903  3074  3074 I cast_shell: [3077:3077:INFO:api_reboot.cc(321)] active_activities count=1
04-09 16:39:01.903  3074  3074 I cast_shell: [3077:3077:INFO:setup_api_registry.cc(192)] Register external API: reboot
04-09 16:39:01.903  3074  3074 I cast_shell: [3077:3077:WARNING:cast_crypto_keys_openssl_shlib.cc(70)] No valid ESN read.
04-09 16:39:01.903  3074  3074 I cast_shell: [3077:3077:WARNING:cast_crypto_keys_openssl_shlib.cc(83)] Invalid or no DKE value read.
04-09 16:39:01.903  3074  3074 I cast_shell: [3077:3077:WARNING:cast_crypto_keys_openssl_shlib.cc(95)] Invalid or no DKH value read.
04-09 16:39:01.903  3074  3074 I cast_shell: [3077:3077:WARNING:cast_crypto_keys_openssl_shlib.cc(151)] Invalid or no DKW value read/computed.
04-09 16:39:01.903  3074  3074 I cast_shell: [3077:3128:INFO:multizone_manager.cc(539)] Dynamic groups are enabled
04-09 16:39:01.903  3074  3074 I cast_shell: [3077:3128:INFO:multizone_group.cc(357)] Change name for group [PII](FF12F689A55AE613E101736EA64EFDF1) to [PII](LSB0087)
04-09 16:39:01.905  3074  3074 I cast_shell: [3077:3116:INFO:net_util_shlib_support.cc(51)] Wifi interface found: wlan0
04-09 16:39:01.905  3074  3074 I cast_shell: [3077:3116:INFO:net_util_shlib_support.cc(51)] Wifi interface found: p2p0
04-09 16:39:01.905  3074  3074 I cast_shell: [3077:3116:INFO:net_util_shlib_support.cc(51)] Wifi interface found: p2p1
04-09 16:39:01.905  3074  3074 I cast_shell: [3077:3116:INFO:net_util_shlib_support.cc(51)] Wifi interface found: wfd0
04-09 16:39:01.905  3074  3074 I cast_shell: [3077:3116:INFO:wifi_controller_wpa_supplicant.cc(456)] Wifi is active: wifi_netif=wlan0
04-09 16:39:01.905  3074  3074 I cast_shell: [3077:3116:INFO:wpa_ctrl_wrapper_impl.cc(64)] wpa_ctrl is open: path=/dev/socket/wpa_wlan0, is_monitor=0
04-09 16:39:01.905  3074  3074 I cast_shell: [3077:3116:INFO:wpa_ctrl_wrapper_impl.cc(64)] wpa_ctrl is open: path=/dev/socket/wpa_wlan0, is_monitor=1
04-09 16:39:01.906  3074  3074 I cast_shell: [3077:3116:INFO:wifi_controller_wpa_supplicant.cc(487)] After initialization: current_wifi_index_=0
04-09 16:39:01.907  3074  3074 I cast_shell: [3077:3129:INFO:thread_watching_io_shlib.cc(81)] Start thread watching IO: WifiEventMonitor
04-09 16:39:01.910  3074  3074 I cast_shell: [3077:3116:INFO:setup_manager_impl.cc(732)] Initially set Google DNS servers: enable
04-09 16:39:01.910  3074  3074 I cast_shell: [3077:3116:INFO:setup_api_registry.cc(192)] Register external API: eureka_info
04-09 16:39:01.910  3074  3074 I cast_shell: [3077:3116:INFO:setup_api_registry.cc(192)] Register external API: set_eureka_info
04-09 16:39:01.910  3074  3074 I cast_shell: [3077:3116:INFO:setup_api_registry.cc(192)] Register external API: set_network
04-09 16:39:01.910  3074  3074 I cast_shell: [3077:3116:INFO:setup_api_registry.cc(192)] Register external API: set_network_ssid
04-09 16:39:01.910  3074  3074 I cast_shell: [3077:3116:INFO:setup_api_registry.cc(192)] Register external API: get_app_device_id
04-09 16:39:01.910  3074  3074 I cast_shell: [3077:3116:INFO:setup_api_registry.cc(192)] Register external API: send_log_report
04-09 16:39:01.910  3074  3074 I cast_shell: [3077:3116:INFO:setup_api_registry.cc(192)] Register external API: accept_tos
04-09 16:39:01.910  3074  3074 I cast_shell: [3077:3116:INFO:setup_api_registry.cc(192)] Register external API: configured_networks
04-09 16:39:01.914  2709  2709 I wpa_supplicant: wlan0: CTRL-EVENT-REGDOM-CHANGE init=CORE type=WORLD
04-09 16:39:01.918  2710  2719 I yani_server: NetLink Event '-1' Interface-Index '5' WLAN '-1' Ethernet '-1' Parsed-iFill '-1' -> 'INVALID' ifIndex '1' -> 'lo'
04-09 16:39:01.922  2710  2719 I yani_server: NetLink Event '-1' Interface-Index '5' WLAN '0' Ethernet '-1' Parsed-iFill '-1' -> 'INVALID' ifIndex '1' -> 'lo'
04-09 16:39:01.939  2732  2811 I bluetoothtbd: [0409/040901.939117:INFO:gatt_api.cc(1005)] GATT_Register
04-09 16:39:01.939  2732  2811 I bluetoothtbd: [0409/040901.939322:INFO:gatt_api.cc(1028)] allocated gatt_if=4
04-09 16:39:01.943  2732  2811 E bt_btif : register application first_unuse rcb_idx = 0
04-09 16:39:01.943  2732  2811 I bluetoothtbd: [0409/040901.943106:INFO:gatt_api.cc(1005)] GATT_Register
04-09 16:39:01.943  2732  2811 I bluetoothtbd: [0409/040901.943215:INFO:gatt_api.cc(1028)] allocated gatt_if=5
04-09 16:39:01.951  2732  2765 I bluetoothtbd: [0409/040901.951823:INFO:adapter.cc(551)] Adapter properties changed
04-09 16:39:01.952  2732  2765 I bluetoothtbd: [0409/040901.951985:INFO:adapter.cc(573)] Adapter name changed
04-09 16:39:01.952  2732  2811 I bluetoothtbd: [0409/040901.952312:INFO:gatt_api.cc(1005)] GATT_Register
04-09 16:39:01.952  2732  2811 I bluetoothtbd: [0409/040901.952444:INFO:gatt_api.cc(1028)] allocated gatt_if=6
04-09 16:39:01.952  2732  2765 I bluetoothtbd: [0409/040901.952805:INFO:adapter.cc(551)] Adapter properties changed
04-09 16:39:01.953  3074  3074 I cast_shell: [3077:3077:INFO:input_manager_impl.cc(284)] RegisterInput: device_id: cast, type: 0, state: 0
04-09 16:39:01.955  2732  2811 I bluetoothtbd: [0409/040901.955665:INFO:btif_ble_advertiser.cc(90)] RegisterAdvertiserCb status: 0 , adveriser_id: 0
04-09 16:39:01.956  3074  3074 I cast_shell: [3077:3077:INFO:input_manager_impl.cc(308)] NotifyInputConnect: device_id: cast, sample_rate: 0, num_channels: 0
04-09 16:39:01.956  3074  3074 I cast_shell: [3077:3077:INFO:input_manager_impl.cc(370)] SetActiveInput: cast
04-09 16:39:01.956  3074  3074 I cast_shell: [3077:3127:INFO:endpoint_with_namespace_handler.cc(103)] Added a namespace handler: local_id=receiver-cfb080b9-4c3c-f59e-8c4d-80b74e3a8323, namespace=urn:x-cast:com.google.cast.audio.input
04-09 16:39:01.957  2732  2765 I bluetoothtbd: [0409/040901.957473:INFO:adapter.cc(551)] Adapter properties changed
04-09 16:39:01.957  2732  2765 I bluetoothtbd: [0409/040901.957919:INFO:adapter.cc(551)] Adapter properties changed
04-09 16:39:01.958  2732  2765 E bluetoothtbd: [0409/040901.958018:ERROR:adapter.cc(608)] Invalid property length: 512
04-09 16:39:01.958  3074  3074 I cast_shell: [3077:3077:INFO:bluetooth_setup.cc(690)] Disabling connectability.
04-09 16:39:01.958  3074  3074 I cast_shell: [3077:3077:INFO:input_manager_impl.cc(284)] RegisterInput: device_id: bluetooth, type: 1, state: 0
04-09 16:39:01.958  3074  3074 I cast_shell: [3077:3077:INFO:robot_account_auth_manager.cc(295)] No backend type specified. Getting COS URL based on the build type instead.
04-09 16:39:01.958  3074  3074 I cast_shell: [3077:3077:INFO:robot_account_auth_manager.cc(312)] Auth url: https://clients5.google.com/cast/orchestration/googleoauthtoken?rt=b
04-09 16:39:01.966  3074  3074 I cast_shell: [3077:3077:ERROR:server.cc(243)] XDG_RUNTIME_DIR not set in the environment
04-09 16:39:01.966  3074  3074 I cast_shell: [3077:3077:ERROR:wayland_server_controller.cc(27)] Wayland server creation failed
04-09 16:39:01.966  3074  3074 I cast_shell: [3077:3077:WARNING:cast_metrics_service_client.cc(134)] Empty client id from platform, assuming this is the first boot up of a new device.
04-09 16:39:01.966  3074  3074 I cast_shell: [3077:3077:INFO:cast_metrics_service_client.cc(93)] Metrics client ID set: d8e3a5b5-90a8-414e-87c0-54b4b2138c52
04-09 16:39:01.966  3074  3074 I cast_shell: [3077:3077:INFO:device_info_impl.cc(970)] Metrics client ID: d8e3a5b5-90a8-414e-87c0-54b4b2138c52
04-09 16:39:01.967  3074  3074 I cast_shell: [3077:3077:INFO:cast_metrics_service_client.cc(93)] Metrics client ID set: d8e3a5b5-90a8-414e-87c0-54b4b2138c52
04-09 16:39:01.968  3074  3074 I cast_shell: [3077:3077:INFO:device_info_impl.cc(970)] Metrics client ID: d8e3a5b5-90a8-414e-87c0-54b4b2138c52
04-09 16:39:01.978  2730  2739 I HotspotManager: setting interface MAC addr
04-09 16:39:01.979  3074  3074 I cast_shell: [3077:3087:INFO:crypto_manager.cc(75)] Creating private key: size=2048
04-09 16:39:01.979  3074  3074 I cast_shell: [3077:3127:ERROR:socket_posix.cc(148)] bind() failed: Address already in use (98)
04-09 16:39:01.979  3074  3074 I cast_shell: [3077:3127:INFO:v2_ssl_socket.cc(775)] IPv6 socket probably supports both IPv4 and IPv6
04-09 16:39:01.979  3074  3074 I cast_shell: [3077:3127:INFO:v2_unix_domain_socket_factory.cc(84)] Cast V2 Unix domain socket is listening: path=/tmp/cast-control
04-09 16:39:01.979  3074  3074 I cast_shell: [3077:3077:INFO:cast_receiver_impl.cc(828)] Cast receiver started.
04-09 16:39:01.979  3074  3074 I cast_shell: [3077:3077:WARNING:cast_receiver_impl.cc(1126)] Network is not globally connected. Don't schedule config downloading yet.
04-09 16:39:01.979  3074  3074 I cast_shell: [3077:3077:INFO:ccs_manager_impl.cc(663)] Starting cloud ipc activity with CCS
04-09 16:39:01.979  3074  3074 I cast_shell: [3077:3077:INFO:ccs_manager_impl.cc(1286)] CcsManagerImpl opt_in.cloud_ipc pref changed: 1
04-09 16:39:01.979  3074  3074 I cast_shell: [3077:3077:INFO:ccs_manager_impl.cc(1322)] Waiting for all transports to be enabled
04-09 16:39:01.980  3074  3074 I cast_shell: [3077:3126:INFO:mdns_app_filter.cc(977)] MdnsAppFilter is starting.
04-09 16:39:01.980  3074  3074 I cast_shell: [3077:3126:INFO:mdns_cast_service.cc(351)] Device discovery state is setup-only
04-09 16:39:01.980  3074  3074 I cast_shell: [3077:3085:ERROR:service_manager.cc(210)] Failed to resolve service name: cast_assistant
04-09 16:39:01.980  3074  3074 I cast_shell: [3077:3116:INFO:setup_manager_impl.cc(923)] Setup discoverability is enabled
04-09 16:39:01.980  3074  3074 I cast_shell: [3077:3116:INFO:hotspot_manager.cc(151)] Start: id=1 SSID=LSB0087.d256, hidden=0
04-09 16:39:01.980  3074  3074 I cast_shell: [3077:3116:INFO:ble_setup_manager.cc(767)] Reloading cached setup read attributes
04-09 16:39:01.980  3074  3074 I cast_shell: [3077:3116:INFO:gatt_client_manager_impl.cc(202)] Enabling GATT client connectability
04-09 16:39:01.980  3074  3074 I cast_shell: [3077:3116:INFO:ble_setup.cc(1096)] LAT flag change 0
04-09 16:39:01.985  3074  3074 I cast_shell: [3077:3084:ERROR:cast_audio_input_json.cc(33)] Failed to read JSON file: /etc/cast_audio_input.json
04-09 16:39:01.985  3074  3074 I cast_shell: [3077:3084:ERROR:channel_selector_reader.cc(44)] Failed to read audio input json
04-09 16:39:01.985  3074  3074 I cast_shell: [3077:3084:INFO:auto_volume.cc(107)] Auto volume is disabled
04-09 16:39:01.987  3074  3074 I cast_shell: [3077:3140:INFO:external_mojo_broker.cc(405)] Initializing external mojo broker at: /tmp/cast_mojo_broker
04-09 16:39:01.991  3074  3074 I cast_shell: [3077:3077:INFO:audio_focus_manager_impl.cc(27)] use_media_starting_block: 0
04-09 16:39:01.992  3074  3074 I cast_shell: [3077:3077:INFO:grpc_auth_manager_in_process.cc(135)] Initializing Auth.
04-09 16:39:01.993  3074  3074 I cast_shell: [3077:3077:INFO:grpc_manager_impl.cc(505)] GRPC[uri=[::]:8012]: num_pending_calls=0, num_active_handlers=0, num_free_handlers=0
04-09 16:39:01.996  3074  3074 I cast_shell: [3077:3077:INFO:grpc_manager_impl.cc(317)] Grpc server started in port 8012
04-09 16:39:01.997  3074  3074 I cast_shell: [3077:3077:INFO:ccs_manager_impl.cc(851)] Network connectivity down for CcsManager
04-09 16:39:01.997  3074  3074 I cast_shell: [3077:3126:INFO:mdns_app_filter.cc(1605)] Re-probing due to newly registered service '1': _googlerpc
04-09 16:39:01.998  3074  3074 I cast_shell: [3077:3097:INFO:cast_auth_api_adaptor.cc(82)] CastAuth: init with library: libcast_auth.so
04-09 16:39:01.998  3074  3074 I cast_shell: [3077:3116:INFO:ble_setup.cc(789)] Missing required info for sign.
04-09 16:39:02.001  3074  3074 I cast_shell: [3077:3097:INFO:cast_auth_api_adaptor.cc(93)] CastAuth: common module initialization successful.
04-09 16:39:02.001  3074  3074 I cast_shell: [3077:3097:INFO:cast_auth_api_adaptor.cc(98)] CastAuth: model-based module initialization successful.
04-09 16:39:02.001  3074  3074 I cast_shell: [3077:3077:INFO:mdns_manager_impl.cc(468)] Setting new conflict callback
04-09 16:39:02.001  3074  3074 I cast_shell: [3077:3077:INFO:mdns_util.cc(102)] Defaulting mDNS capabilities for audio-only build
04-09 16:39:02.002  3074  3074 I cast_shell: [3077:3077:INFO:virtual_device_manager.cc(247)] Virtual device [PII](cfb080b9-4c3c-f59e-8c4d-80b74e3a8323) using Cast V2 port 8009
04-09 16:39:02.002  3074  3074 I cast_shell: [3077:3077:INFO:ccs_manager_impl.cc(1322)] Waiting for all transports to be enabled
04-09 16:39:02.002  3074  3074 I cast_shell: [3077:3077:INFO:bluetooth_setup.cc(690)] Disabling connectability.
04-09 16:39:02.003  3074  3074 I cast_shell: [3077:3077:INFO:input_manager_impl.cc(468)] Using virtual device cfb080b9-4c3c-f59e-8c4d-80b74e3a8323
04-09 16:39:02.003  3074  3074 I cast_shell: [3077:3077:INFO:metrics_recorder.cc(282)] cast event: Cast.System.Timezone.ChangeSuccessful
04-09 16:39:02.003  3074  3074 I cast_shell: [3077:3077:WARNING:channel_selector_impl.cc(113)] Cannot get selected channels from json, will use the previous value {0,1}.
04-09 16:39:02.004  3074  3074 I cast_shell: [3077:3126:INFO:mdns_app_filter.cc(1605)] Re-probing due to newly registered service '2': _googlecast
04-09 16:39:02.048  3074  3074 I cast_shell: [3077:3077:INFO:secure_storage_impl.cc(107)] Secure storage initialized.
04-09 16:39:02.049  3074  3074 I cast_shell: [3077:3077:INFO:ccs_manager_impl.cc(851)] Network connectivity down for CcsManager
04-09 16:39:02.122  2974  2984 D wac-main: Netlink event
04-09 16:39:02.122  2974  2984 E wac-main: Netlink event 16 Interface Index 6 
04-09 16:39:02.122  2974  2984 E wac-main: p2p0 event Link Changed : 1002 
04-09 16:39:02.122  2974  2984 E wac-main: Enter poll and wait
04-09 16:39:02.122  2710  2719 I yani_kernel: yani_geteventfrom_changeaddr() Message-Id '1' Netlink event '16' Interface Index '6' -> Name 'p2p0' 
04-09 16:39:02.128  3074  3074 I cast_shell: [system_updater_dummy.cpp(79)] Initialize
04-09 16:39:02.128  3074  3074 I cast_shell: [system_updater_dummy.cpp(29)] system_updater_socket_create
04-09 16:39:02.134  3074  3074 I cast_shell: [3077:3084:WARNING:crl_downloader.cc(136)] CRL failed to restore.
04-09 16:39:02.134  2730  2739 I HotspotManager: setSSID <SSID omitted> visible
04-09 16:39:02.134  3074  3074 I cast_shell: [3077:3077:INFO:device_info_impl.cc(1094)] Primary netif changed: new=usb0, old=
04-09 16:39:02.134  2730  2739 E WifiUtil: command: "SCAN" failed: FAIL-BUSY
04-09 16:39:02.135  2730  2739 I HotspotManager: hotspot start
04-09 16:39:02.135  2730  2739 E WifiUtil: Setting interface p2p0 up.
04-09 16:39:02.135  2730  2739 E WifiUtil: ioctl SIOCGIWFREQ fails for wlan0 Bad address
04-09 16:39:02.136  2974  2984 D wac-main: Netlink event
04-09 16:39:02.136  2974  2984 E wac-main: Netlink event 16 Interface Index 6 
04-09 16:39:02.137  2974  2984 E wac-main: p2p0 event Link Changed : 1003 
04-09 16:39:02.137  2974  2984 E wac-main: Enter poll and wait
04-09 16:39:02.139  3074  3074 I cast_shell: [3077:3077:INFO:cast_receiver_impl.cc(1667)] Network is globally disconnected. Refresh CcsManager
04-09 16:39:02.140  3074  3074 I cast_shell: [3077:3077:INFO:iot_auth_manager_wrapper.cc(307)] Network provider informed of disconnected network status.
04-09 16:39:02.147  2710  2719 I yani_kernel: yani_geteventfrom_changeaddr() Message-Id '1' Netlink event '16' Interface Index '6' -> Name 'p2p0' 
04-09 16:39:02.149  2981  3009 I otamanager: OTAManager connected to CastUpdater via  /tmp/socket/system_updater
04-09 16:39:02.149  2981  3009 I otamanager: cast_updater_threadEntry socket handle 5
04-09 16:39:02.424  2975  3039 I LibreCastControl: LibreCastControl_init() Socket Initialized
04-09 16:39:02.433  2975  3039 E LibreCastControl: PULSAR:CreateCastControlThread:18
04-09 16:39:02.433  2975  3039 E LibreCastControl: Create LibreCastLUCITimerThreadInit 
04-09 16:39:02.433  2975  3152 E LibreCastControl: PULSAR:Run:23
04-09 16:39:02.435  2975  3153 E LibreCastControl: Timer Sem Wait Start iCastPlayerstate = 0 
04-09 16:39:02.448  2690  2690 I sh      : [0409/040902.447576:INFO:cast_control_impl.cc(744)] CastControl has started running.
04-09 16:39:02.448  2690  2690 I sh      : [0409/040902.448433:INFO:cast_control_impl.cc(745)] Attempting to connect CastMessageService. socket=/tmp/cast-control
04-09 16:39:02.451  2975  3152 I LibreCastControlDelegate: OnCastStatus() +++ :0xad220198:STARTING
04-09 16:39:02.451  2690  2690 I sh      : [0409/040902.451409:INFO:cast_control_socket.cc(64)] Successfully connected Cast Control Socket
04-09 16:39:02.451  2975  3152 E LibreCastControlDelegate: OnCastStatus:177
04-09 16:39:02.453  2975  3152 I LibreCastControl: LibreCastControl_SetCastName()  name 'Lyric Speaker Box 21f384' RequestId '1' pCastControl 0xf4c00728
04-09 16:39:02.453  2975  3152 I LibreCastControlDelegate: Active Applications -> 0
04-09 16:39:02.453  2975  3152 I LibreCastControlDelegate: Current Cast State '1' -> 'STARTING'
04-09 16:39:02.453  2975  3152 I LibreCastControlDelegate: OnCastStatus() ---
04-09 16:39:02.453  2690  2690 I sh      : [0409/040902.453388:INFO:cast_message_service_impl.cc(185)] Sending connect message!
04-09 16:39:02.457  3074  3074 I cast_shell: [3077:3127:INFO:metrics_recorder.cc(282)] Cast v2 action(socket_id=domain-socket@/tmp/cast-control.1): CastV2.Connection.Connect.In
04-09 16:39:02.458  3074  3074 I cast_shell: [3077:3077:INFO:resource_namespace_handler.cc(307)] Setting resource provider: sender_id=domain-socket@/tmp/cast-control.1:system-0
04-09 16:39:02.459  2690  2690 I sh      : [0409/040902.458856:INFO:cast_message_service_impl.cc(1007)] CastMessageServiceImpl matched versions
04-09 16:39:02.616  2730  2739 I WifiUtil: get p2p0 channel 6 (2437MHz)
04-09 16:39:02.616  2730  2739 I HotspotManager: start hostapd at channel=6 SSID=<SSID omitted> hidden_ssid=0
04-09 16:39:02.622  3074  3074 I cast_shell: [3077:3126:INFO:metrics_recorder.cc(282)] cast event: Cast.Discovery.Mdns.SocketCreated
04-09 16:39:02.622  3074  3074 I cast_shell: [3077:3126:INFO:mdns_app_filter.cc(1254)] Created mDNS socket for interface:name=p2p1, address=192.168.2.1, index=7
04-09 16:39:02.622  3074  3074 I cast_shell: [3077:3126:INFO:metrics_recorder.cc(282)] cast event: Cast.Discovery.Mdns.SocketCreated
04-09 16:39:02.622  3074  3074 I cast_shell: [3077:3126:INFO:mdns_app_filter.cc(1254)] Created mDNS socket for interface:name=usb0, address=192.168.10.1, index=9
04-09 16:39:02.622  3074  3074 I cast_shell: [3077:3126:INFO:mdns_app_filter.cc(977)] MdnsAppFilter is starting.
04-09 16:39:02.622  3074  3074 I cast_shell: [3077:3126:INFO:metrics_recorder.cc(282)] cast event: Cast.Discovery.Mdns.ResponderStarted
04-09 16:39:02.622  3074  3074 I cast_shell: [3077:3126:INFO:discovered_service_client.cc(78)] Primary interface for service discovery has changed: ifindex=9
04-09 16:39:02.623  3074  3074 I cast_shell: [3077:3116:INFO:setup_state.cc(261)] Setup state changed: SETUP_STATE_UNKNOWN (0) -> SETUP_STATE_CHECKING_GLOBAL_CONNECTIVITY (50)
04-09 16:39:02.876  3074  3074 I cast_shell: [3077:3077:INFO:crypto_manager.cc(278)] Public key: MIIBCgKCAQEA2vqs1H1Lryhd3VvLL9V3scLCYVTYRX2KjWoQu5p549wEDpefOEM97ZonRwZmYNURf4+VsTZqz50BUEyuM8jB+cHdnRjENdcNzqxYsccJzpLmAS+HNBzUbuTwLOxHjtV8HMPhj9LhD+qtqv8wpvUzEixEjAa2DHf2Kw489TwTTXXpbntrFcfDuuTmU0DEXsm71seM/zVq1jvESR0SXQ2EKneWg/HfXyii/R1wOM5JXCgKYFkbRf0TVXdfiJqt/N+T0nxSjyHKEkkZdCe0r2bP/vsa6ye2mT34rxe9Q+VcQOTqGv+eOVnmO2RnHtjXx3aTXkE41MMgJj6H9ObU0a72SwIDAQAB
04-09 16:39:02.876  3074  3074 I cast_shell: [3077:3077:INFO:crypto_manager.cc(289)] Public modulus: 2vqs1H1Lryhd3VvLL9V3scLCYVTYRX2KjWoQu5p549wEDpefOEM97ZonRwZmYNURf4-VsTZqz50BUEyuM8jB-cHdnRjENdcNzqxYsccJzpLmAS-HNBzUbuTwLOxHjtV8HMPhj9LhD-qtqv8wpvUzEixEjAa2DHf2Kw489TwTTXXpbntrFcfDuuTmU0DEXsm71seM_zVq1jvESR0SXQ2EKneWg_HfXyii_R1wOM5JXCgKYFkbRf0TVXdfiJqt_N-T0nxSjyHKEkkZdCe0r2bP_vsa6ye2mT34rxe9Q-VcQOTqGv-eOVnmO2RnHtjXx3aTXkE41MMgJj6H9ObU0a72Sw
04-09 16:39:02.876  3074  3074 I cast_shell: [3077:3077:INFO:crypto_manager.cc(294)] Public exponent: AQAB
04-09 16:39:03.460  3074  3074 I cast_shell: [3077:3126:INFO:mdns_app_filter.cc(1403)] MdnsAppFilter: Done probing.
04-09 16:39:03.461  2690  2690 I sh      : [0409/040903.461136:WARNING:cast_message_service_impl.cc(1029)] Timeout for initial eureka info; retrying again
04-09 16:39:03.462  3074  3074 I cast_shell: [3077:3128:INFO:multizone_manager.cc(1889)] Initial discovery complete
04-09 16:39:03.462  3074  3074 I cast_shell: [3077:3126:INFO:mdns_app_filter.cc(1605)] Re-probing due to newly registered service '3': _googlezone
04-09 16:39:03.463  3074  3074 I cast_shell: [3077:3077:INFO:mdns_manager_impl.cc(311)] Successfully registered service: type=_googlezone
04-09 16:39:03.511  3156  3156 I dnsmasq : started, version 2.51 DNS disabled
04-09 16:39:03.511  3156  3156 I dnsmasq : compile time options: no-IPv6 GNU-getopt no-DBus no-I18N DHCP no-scripts no-TFTP
04-09 16:39:03.511  3156  3156 I dnsmasq : DHCP, IP range 192.168.255.250 -- 192.168.255.254, lease time 12h
04-09 16:39:03.512  2710  2719 I yani_server: doLotofWork() List of interface '4'
04-09 16:39:03.512  2710  2719 I yani_server: doLotofWork() Interface 'p2p0' ifr[0].ifr_name 'lo' ipaddress '127.0.0.1'
04-09 16:39:03.512  2710  2719 I yani_server: doLotofWork() Interface 'p2p0' ifr[1].ifr_name 'p2p0' ipaddress '192.168.255.249'
04-09 16:39:03.512  2710  2719 I yani_server: doLotofWork() returns 'REFILL WACMODE'
04-09 16:39:03.512  2710  2719 E yani_server: YANI: I am Done Wait For Event 
04-09 16:39:03.512  2710  2719 I yani_kernel: yani_geteventfrom_changeaddr() Message-Id '1' Netlink event '21' Interface Index '6' -> Name 'p2p0' 
