04-09 16:22:25.342  3084  3084 I cast_shell: [3087:3110:INFO:mixer_input_connection.cc(243)] Delete 0xf3e10500
04-09 16:22:25.342  3084  3084 I cast_shell: [3087:3095:INFO:loopback_audio_input.cc(194)] [REALIGN] loopback interrupted; reason = 4
04-09 16:22:25.342  3084  3084 I cast_shell: [3087:3087:INFO:cast_receiver_mojo.cc(844)] cast event : Cast.Platform.Audio.OutputInterrupted
04-09 16:22:25.342  3084  3084 I cast_shell: [3087:3108:INFO:stream_mixer.cc(683)] Remove input 0xf3e10504
04-09 16:22:25.342  3084  3084 I chatty  : uid=1000(chrome) /bin/logwrapper identical 1 line
04-09 16:22:25.342  3084  3084 I cast_shell: [3087:3108:INFO:stream_mixer.cc(683)] Remove input 0xf3e10504
04-09 16:22:25.367  3084  3084 I cast_shell: [3087:3105:INFO:audio_decoder_software_wrapper.cc(86)] Using backend decoder for PCM
04-09 16:22:25.369  3084  3084 I cast_shell: [3087:3110:INFO:mixer_input_connection.cc(208)] Create 0xf3e13d10 (no_delay), content type: media, focus type: media, fill size: 512, algorithm fill size: 240, channel count: 2, input sample rate: 48000, start threshold: 3360, max queue size: 9600, socket: 0xae4e0c00
04-09 16:22:25.402  3084  3084 I cast_shell: [3087:3109:INFO:mixer_output_stream_alsa.cc(293)] snd_pcm_close: handle=0xf3d65650
04-09 16:22:25.402  3084  3084 I cast_shell: [3087:3108:INFO:stream_mixer.cc(604)] Input source channel count = 2
04-09 16:22:25.402  3084  3084 I cast_shell: [3087:3108:INFO:stream_mixer.cc(607)] Dynamic channel count not enabled; using stereo
04-09 16:22:25.402  3084  3084 I cast_shell: [3087:3108:INFO:stream_mixer.cc(604)] Input source channel count = 2
04-09 16:22:25.402  3084  3084 I cast_shell: [3087:3108:INFO:stream_mixer.cc(607)] Dynamic channel count not enabled; using stereo
04-09 16:22:25.402  3084  3084 I cast_shell: [3087:3108:INFO:stream_mixer.cc(416)] Start with 0 active inputs
04-09 16:22:25.402  3084  3084 I cast_shell: [3087:3109:INFO:mixer_output_stream_alsa.cc(171)] snd_pcm_open: handle=0xf3d92b40
04-09 16:22:25.402  3084  3084 I cast_shell: [3087:3109:INFO:mixer_output_stream_alsa.cc(346)] Sample rate changed from 48000 to 48000
04-09 16:22:25.402  3084  3084 I cast_shell: [3087:3108:INFO:stream_mixer.cc(466)] Output 2 channels at 48000 samples per second
04-09 16:22:25.402  3084  3084 I cast_shell: [3087:3109:INFO:filter_group.cc(340)] : 2ch@48000hz -> [GROUP]mix -> 2ch@48000hz
04-09 16:22:25.402  3084  3084 I cast_shell: [3087:3109:INFO:filter_group.cc(340)] [GROUP]mix: 2ch@48000hz -> [GROUP]linearize -> 2ch@48000hz
04-09 16:22:25.799  3084  3084 I cast_shell: [3087:3095:ERROR:connectivity_checker_impl.cc(265)] Connectivity check failed: 400
04-09 16:22:26.805  3084  3084 I cast_shell: [3087:3095:ERROR:connectivity_checker_impl.cc(265)] Connectivity check failed: 400
04-09 16:22:26.967  3084  3084 I cast_shell: [3087:3108:INFO:mixer_input_connection.cc(589)] End of stream for 0xf3e13d10
04-09 16:22:27.159  3084  3084 I cast_shell: [3087:3105:INFO:synchronized_sound_player.cc(496)] Finished playing sound
04-09 16:22:27.160  3084  3084 I cast_shell: [3087:3110:INFO:mixer_input_connection.cc(386)] Remove 0xf3e13d10
04-09 16:22:27.223  3084  3084 I cast_shell: [3087:3110:INFO:mixer_input_connection.cc(243)] Delete 0xf3e13d10
04-09 16:22:27.223  3084  3084 I cast_shell: [3087:3108:INFO:stream_mixer.cc(683)] Remove input 0xf3e13d14
04-09 16:22:27.223  3084  3084 I cast_shell: [3087:3108:INFO:stream_mixer.cc(774)] Close timeout
04-09 16:22:27.223  3084  3084 I cast_shell: [3087:3108:INFO:stream_mixer.cc(541)] Stop
04-09 16:22:27.223  3084  3084 I cast_shell: [3087:3095:INFO:loopback_audio_input.cc(194)] [REALIGN] loopback interrupted; reason = 4
04-09 16:22:27.224  3084  3084 I cast_shell: [3087:3087:INFO:cast_receiver_mojo.cc(844)] cast event : Cast.Platform.Audio.OutputInterrupted
04-09 16:22:27.308  3084  3084 I cast_shell: [3087:3109:INFO:mixer_output_stream_alsa.cc(293)] snd_pcm_close: handle=0xf3d92b40
04-09 16:22:27.811  3084  3084 I cast_shell: [3087:3095:ERROR:connectivity_checker_impl.cc(265)] Connectivity check failed: 400
04-09 16:22:36.871  3084  3084 I chatty  : uid=1000(chrome) /bin/logwrapper identical 9 lines
04-09 16:22:37.878  3084  3084 I cast_shell: [3087:3095:ERROR:connectivity_checker_impl.cc(265)] Connectivity check failed: 400
04-09 16:22:38.542  3084  3084 I cast_shell: [3087:3126:INFO:ble_setup.cc(322)] Record action: Setup.connect_wifi.BLE
04-09 16:22:38.548  3084  3084 I cast_shell: [3087:3126:INFO:setup_manager_impl.cc(1965)] New value: pref=tos-accepted, value=1
04-09 16:22:38.548  3084  3084 I cast_shell: [3087:3126:INFO:api_connect_wifi.cc(86)] connect_wifi Auth: 7
04-09 16:22:38.548  3084  3084 I cast_shell: [3087:3126:INFO:api_connect_wifi.cc(90)] connect_wifi Cipher: 4
04-09 16:22:38.548  3084  3084 I cast_shell: [3087:3087:INFO:bluetooth_setup.cc(686)] Disabling connectability: no bonded devices.
04-09 16:22:38.549  3084  3084 I cast_shell: [3087:3087:INFO:cast_receiver_impl.cc(1100)] Leaving discovery-only mode
04-09 16:22:38.549  3084  3084 I cast_shell: [3087:3087:INFO:application_config_manager_impl.cc(566)] Enabling virtual device db5ccafd-8477-a959-47cb-cabc3caf3ae4
04-09 16:22:38.549  3084  3084 I cast_shell: [3087:3136:INFO:mdns_cast_service.cc(351)] Device discovery state is idle
04-09 16:22:38.549  3084  3084 I cast_shell: [3087:3136:INFO:mdns_util.cc(102)] Defaulting mDNS capabilities for audio-only build
04-09 16:22:38.564  3084  3084 I cast_shell: [3087:3126:INFO:wifi_controller_wpa_supplicant.cc(1188)] strongest_snr=25 wifi_interface_index=0
04-09 16:22:38.582  2735  2765 I bluetoothtbd: [0409/035238.582537:INFO:adapter.cc(551)] Adapter properties changed
04-09 16:22:38.583  3084  3084 I cast_shell: [3087:3126:INFO:api_connect_wifi.cc(159)] [PII] Configuring wifi: ssid=Linksys16717_2G, auth=7, pairwise=4, id=0"
04-09 16:22:38.583  3084  3084 I cast_shell: [3087:3126:INFO:api_connect_wifi.cc(162)] Configuring wifi: otg =0, tethering_mode =0, wifi_auto_save_enabled=0
04-09 16:22:38.583  3084  3084 I cast_shell: [3087:3126:INFO:local_network_info_impl.cc(276)] CONNECTIVITY_ID changed:
04-09 16:22:38.583  3084  3084 I cast_shell: [3087:3126:INFO:setup_state.cc(261)] Setup state changed: SETUP_STATE_DISCONNECTED_EXTERNAL_CLIENT_ACCESSED (11) -> SETUP_STATE_SCANNING (20)
04-09 16:22:38.583  3084  3084 I cast_shell: [3087:3087:INFO:ccs_manager_impl.cc(1799)] Connectivity ID has changed; Will re-register CCS
04-09 16:22:38.583  3084  3084 I cast_shell: [3087:3087:INFO:ccs_manager_impl.cc(851)] Network connectivity down for CcsManager
04-09 16:22:38.583  3084  3084 I cast_shell: [3087:3126:INFO:bluetooth_manager.cc(115)] Record action: Cast.Bluetooth.DiscoveryMode.Disable
04-09 16:22:38.583  2711  2724 I yani_server: NetLink Event '-1' Interface-Index '5' WLAN '-1' Ethernet '-1' Parsed-iFill '-1' -> 'INVALID' ifIndex '1' -> 'lo'
04-09 16:22:38.591  3084  3084 I cast_shell: [3087:3126:INFO:setup_state.cc(261)] Setup state changed: SETUP_STATE_SCANNING (20) -> SETUP_STATE_CHECKING_GLOBAL_CONNECTIVITY (50)
04-09 16:22:38.596  2963  3162 I LibreCastControlDelegate: OnCastStatus() +++ Lyric Speaker Box 21f384:0xab80e198:OFFLINE
04-09 16:22:38.596  2963  3162 I LibreCastControlDelegate: Device Build Number -> '1.52.272222'
04-09 16:22:38.596  2963  3162 I librecast: updateCastBuildVersion() Version 1.52.272222
04-09 16:22:38.596  2712  2718 I lucitransport: readRemoteMessage() MID char = 7 buffer = 1.52.272222
04-09 16:22:38.597  2963  3162 I LibreCastControlDelegate: Active Applications -> 0
04-09 16:22:38.597  2963  3162 I LibreCastControlDelegate: Current Cast State '3' -> 'OFFLINE'
04-09 16:22:38.597  2963  3162 I LibreCastControlDelegate: OnCastStatus() ---
04-09 16:22:38.599  2963  3162 I LibreCastControlDelegate: OnCastStatus() +++ Lyric Speaker Box 21f384:0xab80e198:OFFLINE
04-09 16:22:38.599  2963  3162 I LibreCastControlDelegate: Device Build Number -> '1.52.272222'
04-09 16:22:38.599  2963  3162 I librecast: updateCastBuildVersion() Version 1.52.272222
04-09 16:22:38.599  2712  2718 I lucitransport: readRemoteMessage() MID char = 7 buffer = 1.52.272222
04-09 16:22:38.600  2963  3162 I LibreCastControlDelegate: Active Applications -> 0
04-09 16:22:38.600  2963  3162 I LibreCastControlDelegate: Current Cast State '3' -> 'OFFLINE'
04-09 16:22:38.600  2963  3162 I LibreCastControlDelegate: OnCastStatus() ---
04-09 16:22:38.600  2963  3162 I LibreCastControlDelegate: OnCastStatus() +++ Lyric Speaker Box 21f384:0xab80e198:OFFLINE
04-09 16:22:38.600  2963  3162 I LibreCastControlDelegate: Device Build Number -> '1.52.272222'
04-09 16:22:38.600  2963  3162 I librecast: updateCastBuildVersion() Version 1.52.272222
04-09 16:22:38.600  2712  2718 I lucitransport: readRemoteMessage() MID char = 7 buffer = 1.52.272222
04-09 16:22:38.885  3084  3084 I cast_shell: [3087:3095:ERROR:connectivity_checker_impl.cc(265)] Connectivity check failed: 400
04-09 16:22:39.102  3084  3084 I cast_shell: [3087:3126:INFO:metrics_recorder.cc(282)] Record action: Setup.version.BLE
04-09 16:22:39.130  3084  3084 I cast_shell: [3087:3126:INFO:metrics_recorder.cc(282)] Record action: Setup.tos_accepted.BLE
04-09 16:22:39.160  3084  3084 I cast_shell: [3087:3126:INFO:metrics_recorder.cc(282)] Record action: Setup.state.BLE
04-09 16:22:39.190  3084  3084 I cast_shell: [3087:3126:INFO:metrics_recorder.cc(282)] Record action: Setup.ip_address.BLE
04-09 16:22:39.554  3084  3084 I cast_shell: [3087:3087:INFO:grpc_service_discovery_impl.cc(185)] Mdns discovered google RPC for [PII](75EE796C8FD9B29B5EE32CB5BE677F56).
04-09 16:22:39.731  3084  3084 I cast_shell: [3087:3126:INFO:metrics_recorder.cc(282)] Record action: Setup.version.BLE
04-09 16:22:39.760  3084  3084 I cast_shell: [3087:3126:INFO:metrics_recorder.cc(282)] Record action: Setup.tos_accepted.BLE
04-09 16:22:39.790  3084  3084 I cast_shell: [3087:3126:INFO:metrics_recorder.cc(282)] Record action: Setup.state.BLE
04-09 16:22:39.820  3084  3084 I cast_shell: [3087:3126:INFO:metrics_recorder.cc(282)] Record action: Setup.ip_address.BLE
04-09 16:22:39.891  3084  3084 I cast_shell: [3087:3095:ERROR:connectivity_checker_impl.cc(265)] Connectivity check failed: 400
04-09 16:22:40.346  3084  3084 I cast_shell: [3087:3126:INFO:metrics_recorder.cc(282)] Record action: Setup.version.BLE
04-09 16:22:40.375  3084  3084 I cast_shell: [3087:3126:INFO:metrics_recorder.cc(282)] Record action: Setup.tos_accepted.BLE
04-09 16:22:40.405  3084  3084 I cast_shell: [3087:3126:INFO:metrics_recorder.cc(282)] Record action: Setup.state.BLE
04-09 16:22:40.435  3084  3084 I cast_shell: [3087:3126:INFO:metrics_recorder.cc(282)] Record action: Setup.ip_address.BLE
04-09 16:22:40.558  3084  3084 I cast_shell: [3087:3136:INFO:mdns_app_filter.cc(1526)] MdnsAppFilter: Done announcing.
04-09 16:22:40.898  3084  3084 I cast_shell: [3087:3095:ERROR:connectivity_checker_impl.cc(265)] Connectivity check failed: 400
04-09 16:22:40.976  3084  3084 I cast_shell: [3087:3126:INFO:metrics_recorder.cc(282)] Record action: Setup.version.BLE
04-09 16:22:41.005  3084  3084 I cast_shell: [3087:3126:INFO:metrics_recorder.cc(282)] Record action: Setup.tos_accepted.BLE
04-09 16:22:41.035  3084  3084 I cast_shell: [3087:3126:INFO:metrics_recorder.cc(282)] Record action: Setup.state.BLE
04-09 16:22:41.065  3084  3084 I cast_shell: [3087:3126:INFO:metrics_recorder.cc(282)] Record action: Setup.ip_address.BLE
04-09 16:22:41.606  3084  3084 I cast_shell: [3087:3126:INFO:metrics_recorder.cc(282)] Record action: Setup.version.BLE
04-09 16:22:41.635  3084  3084 I cast_shell: [3087:3126:INFO:metrics_recorder.cc(282)] Record action: Setup.tos_accepted.BLE
04-09 16:22:41.680  3084  3084 I cast_shell: [3087:3126:INFO:metrics_recorder.cc(282)] Record action: Setup.state.BLE
04-09 16:22:41.710  3084  3084 I cast_shell: [3087:3126:INFO:metrics_recorder.cc(282)] Record action: Setup.ip_address.BLE
04-09 16:22:41.905  3084  3084 I cast_shell: [3087:3095:ERROR:connectivity_checker_impl.cc(265)] Connectivity check failed: 400
04-09 16:22:41.910  2710  2710 I wpa_supplicant: wlan0: Selected BSS :ef (level:-46 noise:-60 frequency:2427)
04-09 16:22:41.914  2711  2724 I yani_server: NetLink Event '-1' Interface-Index '5' WLAN '0' Ethernet '-1' Parsed-iFill '-1' -> 'INVALID' ifIndex '1' -> 'lo'
04-09 16:22:41.914  2710  2710 I wpa_supplicant: wlan0: SME: Trying to authenticate with c8:b3:73:44:ae:ef (SSID='Linksys16717_2G' freq=2427 MHz)
04-09 16:22:41.916  2711  2724 I chatty  : uid=0(root) YaniServer identical 2 lines
04-09 16:22:41.917  2711  2724 I yani_server: NetLink Event '-1' Interface-Index '5' WLAN '0' Ethernet '-1' Parsed-iFill '-1' -> 'INVALID' ifIndex '1' -> 'lo'
04-09 16:22:41.922  2962  2972 D wac-main: Netlink event
04-09 16:22:41.922  2962  2972 E wac-main: Netlink event 16 Interface Index 5 
04-09 16:22:41.922  2962  2972 E wac-main: Enter poll and wait
04-09 16:22:41.922  2962  2972 D wac-main: Netlink event
04-09 16:22:41.922  2962  2972 E wac-main: Netlink event 16 Interface Index 5 
04-09 16:22:41.922  2962  2972 E wac-main: Enter poll and wait
04-09 16:22:41.923  2711  2724 I yani_kernel: yani_geteventfrom_changeaddr() Message-Id '1' Netlink event '16' Interface Index '5' -> Name 'wlan0' 
04-09 16:22:41.923  2710  2710 I wpa_supplicant: wlan0: Trying to associate with c8:b3:73:44:ae:ef (SSID='Linksys16717_2G' freq=2427 MHz)
04-09 16:22:41.925  2711  2724 I yani_server: NetLink Event '-1' Interface-Index '5' WLAN '-1' Ethernet '-1' Parsed-iFill '-1' -> 'INVALID' ifIndex '1' -> 'lo'
04-09 16:22:41.926  2711  2724 I yani_kernel: yani_geteventfrom_changeaddr() Message-Id '1' Netlink event '16' Interface Index '5' -> Name 'wlan0' 
04-09 16:22:41.947  3164  3164 I hostapd : p2p0: IEEE 802.11 driver had channel switch: freq=2427, ht=1, vht_ch=0x0, offset=0, width=1 (20 MHz), cf1=2427, cf2=0
04-09 16:22:41.948  2986  2986 I hostapd : p2p1: IEEE 802.11 driver had channel switch: freq=2427, ht=1, vht_ch=0x0, offset=0, width=1 (20 MHz), cf1=2427, cf2=0
04-09 16:22:41.949  2711  2724 I yani_kernel: yani_geteventfrom_changeaddr() Message-Id '1' Netlink event '16' Interface Index '6' -> Name 'p2p0' 
04-09 16:22:41.951  2962  2972 D wac-main: Netlink event
04-09 16:22:41.951  2962  2972 E wac-main: Netlink event 16 Interface Index 6 
04-09 16:22:41.952  2962  2972 E wac-main: p2p0 event Link Changed : 11043 
04-09 16:22:41.952  2962  2972 E wac-main: Enter poll and wait
04-09 16:22:41.952  2962  2972 D wac-main: Netlink event
04-09 16:22:41.952  2962  2972 E wac-main: Netlink event 16 Interface Index 5 
04-09 16:22:41.952  2962  2972 E wac-main: Enter poll and wait
04-09 16:22:41.952  2962  2972 D wac-main: Netlink event
04-09 16:22:41.952  2962  2972 E wac-main: Netlink event 16 Interface Index 5 
04-09 16:22:41.952  2962  2972 E wac-main: Enter poll and wait
04-09 16:22:41.954  2710  2710 I wpa_supplicant: wlan0: Associated with c8:b3:73:44:ae:ef
04-09 16:22:41.954  2710  2710 I wpa_supplicant: wlan0: CTRL-EVENT-SUBNET-STATUS-UPDATE status=0
04-09 16:22:41.956  2711  2724 I yani_server: NetLink Event '-1' Interface-Index '5' WLAN '-1' Ethernet '-1' Parsed-iFill '-1' -> 'INVALID' ifIndex '1' -> 'lo'
04-09 16:22:41.957  2711  2724 I yani_server: NetLink Event '-1' Interface-Index '5' WLAN '0' Ethernet '-1' Parsed-iFill '-1' -> 'INVALID' ifIndex '1' -> 'lo'
04-09 16:22:41.957  2711  2724 I yani_kernel: yani_geteventfrom_changeaddr() Message-Id '1' Netlink event '16' Interface Index '5' -> Name 'wlan0' 
04-09 16:22:41.958  2963  3162 I LibreCastControlDelegate: OnCastStatus() +++ Lyric Speaker Box 21f384:0xab80e198:OFFLINE
04-09 16:22:41.959  2963  3162 I LibreCastControlDelegate: Device Build Number -> '1.52.272222'
04-09 16:22:41.959  2963  3162 I librecast: updateCastBuildVersion() Version 1.52.272222
04-09 16:22:41.959  2712  2718 I lucitransport: readRemoteMessage() MID char = 7 buffer = 1.52.272222
04-09 16:22:41.959  2963  3162 I LibreCastControlDelegate: Active Applications -> 0
04-09 16:22:41.959  2963  3162 I LibreCastControlDelegate: Current Cast State '3' -> 'OFFLINE'
04-09 16:22:41.959  2963  3162 I LibreCastControlDelegate: OnCastStatus() ---
04-09 16:22:41.962  2711  2724 I yani_kernel: yani_geteventfrom_changeaddr() Message-Id '1' Netlink event '16' Interface Index '5' -> Name 'wlan0' 
04-09 16:22:41.963  2710  2710 I wpa_supplicant: wlan0: WPA: RX message 1 of 4-Way Handshake from c8:b3:73:44:ae:ef (ver=2)
04-09 16:22:41.963  2711  2724 I yani_kernel: yani_geteventfrom_changeaddr() Message-Id '1' Netlink event '16' Interface Index '5' -> Name 'wlan0' 
04-09 16:22:41.979  2710  2710 I wpa_supplicant: wlan0: WPA: RX message 3 of 4-Way Handshake from c8:b3:73:44:ae:ef (ver=2)
04-09 16:22:41.980  2710  2710 I wpa_supplicant: wlan0: WPA: Sending EAPOL-Key 4/4
04-09 16:22:41.982  2711  2724 I yani_server: NetLink Event '-1' Interface-Index '5' WLAN '-1' Ethernet '-1' Parsed-iFill '-1' -> 'INVALID' ifIndex '1' -> 'lo'
04-09 16:22:41.982  2710  2710 I wpa_supplicant: wlan0: WPA: Key negotiation completed with c8:b3:73:44:ae:ef [PTK=CCMP GTK=TKIP]
04-09 16:22:41.982  2710  2710 I wpa_supplicant: wlan0: CTRL-EVENT-CONNECTED - Connection to c8:b3:73:44:ae:ef completed [id=0 id_str=]
04-09 16:22:41.985  2962  2972 D wac-main: Netlink event
04-09 16:22:41.985  2962  2972 E wac-main: Netlink event 16 Interface Index 5 
04-09 16:22:41.985  2962  2972 E wac-main: Enter poll and wait
04-09 16:22:41.985  2962  2972 D wac-main: Netlink event
04-09 16:22:41.985  2962  2972 E wac-main: Netlink event 16 Interface Index 5 
04-09 16:22:41.985  2962  2972 E wac-main: Enter poll and wait
04-09 16:22:41.993  2963  3162 I LibreCastControlDelegate: OnCastStatus() +++ Lyric Speaker Box 21f384:0xab80e198:OFFLINE
04-09 16:22:41.993  2963  3162 I LibreCastControlDelegate: Device Build Number -> '1.52.272222'
04-09 16:22:41.993  2963  3162 I librecast: updateCastBuildVersion() Version 1.52.272222
04-09 16:22:41.993  2712  2718 I lucitransport: readRemoteMessage() MID char = 7 buffer = 1.52.272222
04-09 16:22:41.993  2963  3162 I LibreCastControlDelegate: Active Applications -> 0
04-09 16:22:41.993  2963  3162 I LibreCastControlDelegate: Current Cast State '3' -> 'OFFLINE'
04-09 16:22:41.993  2963  3162 I LibreCastControlDelegate: OnCastStatus() ---
04-09 16:22:42.000  2711  2724 I yani_server: NetLink Event '-1' Interface-Index '5' WLAN '0' Ethernet '-1' Parsed-iFill '-1' -> 'INVALID' ifIndex '1' -> 'lo'
04-09 16:22:42.000  2711  2724 I yani_server: NetLink Event '-1' Interface-Index '5' WLAN '7' Ethernet '-1' Parsed-iFill '7' -> 'WLAN0 LINKUP' ifIndex '1' -> 'lo'
04-09 16:22:42.001  2711  2724 I yani_server: saveConfig:537:wlan0
04-09 16:22:42.001  2711  2724 I wifiapi : newconn : 0xac1babe8
04-09 16:22:42.001  2711  2724 I yani_server: saveConfig:544:got handle successfully
04-09 16:22:42.001  2711  2724 I wifiapi : 'STATUS' command returned = 0
04-09 16:22:42.006  2711  2724 I wifiapi : 'SAVE_CONFIG' command returned = 0
04-09 16:22:42.006  2711  2724 E yani_server: wlan0 Status=8 SaveConfig returns=0
04-09 16:22:42.006  2711  2724 I yani_server: SaveConfig return value=0
04-09 16:22:42.006  2711  2724 E WLANP2PIF: WlanP2pif: current chan = 4
04-09 16:22:42.008  2691  2691 I sh      : saveConfig:538:wlan0wlan0 Status=8 SaveConfig returns=0
04-09 16:22:42.008  2711  2724 E yani_wifi: set txpower chan : 4 country : US
04-09 16:22:42.008  2711  2724 E yani_wifi: nrates = 7
04-09 16:22:42.236  3084  3084 I cast_shell: [3087:3126:INFO:metrics_recorder.cc(282)] Record action: Setup.version.BLE
04-09 16:22:42.265  3084  3084 I cast_shell: [3087:3126:INFO:metrics_recorder.cc(282)] Record action: Setup.tos_accepted.BLE
04-09 16:22:42.295  3084  3084 I cast_shell: [3087:3126:INFO:metrics_recorder.cc(282)] Record action: Setup.state.BLE
04-09 16:22:42.325  3084  3084 I cast_shell: [3087:3126:INFO:metrics_recorder.cc(282)] Record action: Setup.ip_address.BLE
04-09 16:22:42.865  3084  3084 I cast_shell: [3087:3126:INFO:metrics_recorder.cc(282)] Record action: Setup.version.BLE
04-09 16:22:42.895  3084  3084 I cast_shell: [3087:3126:INFO:metrics_recorder.cc(282)] Record action: Setup.tos_accepted.BLE
04-09 16:22:42.911  3084  3084 I cast_shell: [3087:3095:ERROR:connectivity_checker_impl.cc(265)] Connectivity check failed: 400
04-09 16:22:42.925  3084  3084 I cast_shell: [3087:3126:INFO:metrics_recorder.cc(282)] Record action: Setup.state.BLE
04-09 16:22:42.955  3084  3084 I cast_shell: [3087:3126:INFO:metrics_recorder.cc(282)] Record action: Setup.ip_address.BLE
04-09 16:22:43.015  2711  2724 I yani_autoip: start_autoip() Interface 'wlan0' Is AutoIP Required 'Yes' Thread-Running 'No' 
04-09 16:22:43.015  2711  2724 E yani_server: YANI: I am Done Wait For Event 
04-09 16:22:43.015  2711  2724 I yani_kernel: yani_geteventfrom_changeaddr() Message-Id '1' Netlink event '16' Interface Index '5' -> Name 'wlan0' 
04-09 16:22:43.018  2711  3360 I yani_autoip: Setting autoiptimer to 70000
04-09 16:22:43.019  2711  2724 I yani_kernel: yani_geteventfrom_changeaddr() Message-Id '1' Netlink event '16' Interface Index '5' -> Name 'wlan0' 
04-09 16:22:43.020  2711  2724 I yani_kernel: yani_geteventfrom_changeaddr() Message-Id '1' Netlink event '16' Interface Index '5' -> Name 'wlan0' 
04-09 16:22:43.028  3359  3359 E dhcpcd  : control_open: Connection refused
04-09 16:22:43.030  3359  3359 E dhcpcd  : eth0: interface not found or invalid
04-09 16:22:43.031  2962  2972 D wac-main: Netlink event
04-09 16:22:43.031  2962  2972 E wac-main: Netlink event 16 Interface Index 5 
04-09 16:22:43.031  3359  3359 D dhcpcd  : wlan0: adding address fe80::ce90:93ff:fe21:f384
04-09 16:22:43.031  2962  2972 E wac-main: Enter poll and wait
04-09 16:22:43.036  2711  2724 I yani_kernel: yani_geteventfrom_changeaddr() Message-Id '1' Netlink event '16' Interface Index '5' -> Name 'wlan0' 
04-09 16:22:43.130  3359  3359 E dhcpcd  : error writing DUID: /etc/dhcpcd/dhcpcd.duid: Read-only file system
04-09 16:22:43.130  3359  3359 D dhcpcd  : DUID 00:03:00:01:cc:90:93:21:f3:84
04-09 16:22:43.130  3359  3359 D dhcpcd  : wlan0: IAID 93:21:f3:84
04-09 16:22:43.498  3084  3084 I cast_shell: [3087:3126:INFO:metrics_recorder.cc(282)] Record action: Setup.version.BLE
04-09 16:22:43.525  3084  3084 I cast_shell: [3087:3126:INFO:metrics_recorder.cc(282)] Record action: Setup.tos_accepted.BLE
04-09 16:22:43.555  3084  3084 I cast_shell: [3087:3126:INFO:metrics_recorder.cc(282)] Record action: Setup.state.BLE
04-09 16:22:43.585  3084  3084 I cast_shell: [3087:3126:INFO:metrics_recorder.cc(282)] Record action: Setup.ip_address.BLE
04-09 16:22:43.697  3359  3359 D dhcpcd  : wlan0: soliciting an IPv6 router
04-09 16:22:43.918  3084  3084 I cast_shell: [3087:3095:ERROR:connectivity_checker_impl.cc(265)] Connectivity check failed: 400
04-09 16:22:43.965  3359  3359 D dhcpcd  : wlan0: soliciting a DHCP lease
04-09 16:22:43.965  3359  3359 D dhcpcd  : wlan0: sending DISCOVER (xid 0x1d30d995), next in -21139824659044545433191494686649022432917720375036826674710243447335040189858808396818340510524188561058134181536619365214662624346727117355554370644909157820549936447756285471365397056904832232762815445140640714424844980606885973078917893399176254855333667735076864.0 seconds
04-09 16:22:44.006  2732  2746 I NetworkMonitor: turn off power-save
04-09 16:22:44.014  2732  2746 E DNSResolver: Error in connect: Network is unreachable
04-09 16:22:44.014  2732  2746 I chatty  : uid=0(root) /bin/net_mgr identical 4 lines
04-09 16:22:44.014  2732  2746 E DNSResolver: Error in connect: Network is unreachable
04-09 16:22:44.014  2732  2746 E HttpTimeSync: Error resolve name clients1.google.com
04-09 16:22:44.032  2732  2746 E HttpTimeSync: Error in curl perform, returns 6: Couldn't resolve host name
04-09 16:22:44.033  2732  2746 E HttpTimeSync: Failed in getting HTTP header from http://clients1.google.com/generate_204
04-09 16:22:44.124  3084  3084 I cast_shell: [3087:3126:INFO:metrics_recorder.cc(282)] Record action: Setup.version.BLE
04-09 16:22:44.125  3359  3359 D dhcpcd  : wlan0: Router Advertisement from fe80::cab3:73ff:fe44:aeed
04-09 16:22:44.125  3359  3359 D dhcpcd  : wlan0: adding address fd70:d3e7:6555:0:ce90:93ff:fe21:f384/64
04-09 16:22:44.126  3359  3359 D dhcpcd  : wlan0: adding address fd70:d3e7:6555:0:9cc2:b2e:8de8:e26f/64
04-09 16:22:44.126  3359  3359 D dhcpcd  : wlan0: adding route to fd70:d3e7:6555::/64
04-09 16:22:44.127  3359  3359 D dhcpcd  : wlan0: requesting DHCPv6 information
04-09 16:22:44.155  3084  3084 I cast_shell: [3087:3126:INFO:metrics_recorder.cc(282)] Record action: Setup.tos_accepted.BLE
04-09 16:22:44.185  3084  3084 I cast_shell: [3087:3126:INFO:metrics_recorder.cc(282)] Record action: Setup.state.BLE
04-09 16:22:44.214  3084  3084 I cast_shell: [3087:3126:INFO:metrics_recorder.cc(282)] Record action: Setup.ip_address.BLE
04-09 16:22:44.279  3084  3084 I cast_shell: [3087:3126:INFO:metrics_recorder.cc(282)] Record action: Setup.eureka_info.Local
04-09 16:22:44.280  3084  3084 I cast_shell: [3087:3126:INFO:metrics_recorder.cc(282)] Record action: Setup.eureka_info.Local.200
04-09 16:22:44.281  2732  2745 E DNSResolver: Error in connect: Network is unreachable
04-09 16:22:44.282  2732  2745 I chatty  : uid=0(root) MonitorThread identical 4 lines
04-09 16:22:44.282  2732  2745 E DNSResolver: Error in connect: Network is unreachable
04-09 16:22:44.282  2732  2745 E HttpTimeSync: Error resolve name clients1.google.com
04-09 16:22:44.284  2732  2745 E HttpTimeSync: Error in curl perform, returns 6: Couldn't resolve host name
04-09 16:22:44.284  2732  2745 E HttpTimeSync: Failed in getting HTTP header from http://clients1.google.com/generate_204
04-09 16:22:44.754  3084  3084 I cast_shell: [3087:3126:INFO:metrics_recorder.cc(282)] Record action: Setup.version.BLE
04-09 16:22:44.785  3084  3084 I cast_shell: [3087:3126:INFO:metrics_recorder.cc(282)] Record action: Setup.tos_accepted.BLE
04-09 16:22:44.814  3084  3084 I cast_shell: [3087:3126:INFO:metrics_recorder.cc(282)] Record action: Setup.state.BLE
04-09 16:22:44.845  3084  3084 I cast_shell: [3087:3126:INFO:metrics_recorder.cc(282)] Record action: Setup.ip_address.BLE
04-09 16:22:44.924  3084  3084 I cast_shell: [3087:3095:ERROR:connectivity_checker_impl.cc(265)] Connectivity check failed: 400
04-09 16:22:45.047  3359  3359 D dhcpcd  : wlan0: received OFFER with xid 0x1d30d995
04-09 16:22:45.048  3359  3359 D dhcpcd  : wlan0: offered 192.168.1.145 from 192.168.1.1
04-09 16:22:45.048  3359  3359 D dhcpcd  : wlan0: requesting lease of 192.168.1.145
04-09 16:22:45.048  3359  3359 D dhcpcd  : wlan0: sending REQUEST (xid 0x1d30d995), next in -21139824659044545433191494686649022432917720375036826674710243447335040189858808396818340510524188561058134181536619365214662624346727117355554370644909157820549936447756285471365397056904832232762815445140640714424844980606885973078917893399176254855333667735076864.0 seconds
04-09 16:22:45.061  3359  3359 D dhcpcd  : wlan0: received ACK with xid 0x1d30d995
04-09 16:22:45.061  3359  3359 D dhcpcd  : wlan0: acknowledged 192.168.1.145 from 192.168.1.1
04-09 16:22:45.061  3359  3359 D dhcpcd  : wlan0: leased 192.168.1.145 for 86400 seconds
04-09 16:22:45.062  2962  2972 D wac-main: Netlink event
04-09 16:22:45.062  2962  2972 E wac-main: Netlink event 20 Interface Index 5 
04-09 16:22:45.062  2962  2972 E wac-main: Enter poll and wait
04-09 16:22:45.063  2711  2724 I yani_kernel: yani_geteventfrom_changeaddr() Message-Id '1' Netlink event '20' Interface Index '5' -> Name 'wlan0' 
04-09 16:22:45.063  2711  2724 I yani_server: NetLink Event '2' Interface-Index '5' WLAN '-1' Ethernet '-1' Parsed-iFill '2' -> 'WLAN0 CONNECTED' ifIndex '1' -> 'lo'
04-09 16:22:45.065  3359  3359 D dhcpcd  : wlan0: adding route to 192.168.1.0/24
04-09 16:22:45.065  3359  3359 D dhcpcd  : wlan0: adding default route via 192.168.1.1
04-09 16:22:45.066  2711  2724 I yani_server: doLotofWork() List of interface '5'
04-09 16:22:45.081  2712  2718 I lucitransport: writeRemoteMessage() MID = 124 buffer = 1#1,1#2,0#3,1#4,1
04-09 16:22:45.081  2712  2718 I luciUART: write() MID = 124  bytes = 27 data = 1#1,1#2,0#3,1#4,1 m_fd = 0x6
04-09 16:22:45.082  2969  2991 I otamanager: YaniAlert() Interface 1 Status Up
04-09 16:22:45.082  2969  2991 I otamanager: CreateFirmwareUpdateTimerOnYaniAlert done
04-09 16:22:45.082  2965  3007 I airplay-main: YaniAlert Interface 1 Status 1
04-09 16:22:45.084  2712  2718 I lucitransport: readRemoteMessage() MID char = 90 buffer = Lyric Speaker Box 21f384
04-09 16:22:45.086  3084  3084 I cast_shell: [3087:3135:ERROR:https_ssl_server_socket.cc(129)] SSL Handshake error result=-148
04-09 16:22:45.088  2712  2721 E luciUART: UART:aa
04-09 16:22:45.089  2712  2721 E luciUART: UART:aa
04-09 16:22:45.089  2712  2721 E luciUART: UART:2
04-09 16:22:45.089  2712  2721 E luciUART: UART:0
04-09 16:22:45.089  2712  2721 E luciUART: UART:d0
04-09 16:22:45.089  2712  2721 E luciUART: UART:0
04-09 16:22:45.089  2712  2721 I chatty  : uid=0(root) UARTLUCIControl identical 2 lines
04-09 16:22:45.089  2712  2721 E luciUART: UART:0
04-09 16:22:45.094  2712  2722 I luciUART: write() MID = 208  bytes = 30 data = ssid:Linksys16717_2G m_fd = 0x6
04-09 16:22:45.094  2712  2722 E LUCI_SERVER: NV_READ response= ssid:Linksys16717_2G
04-09 16:22:45.094  2712  2722 E LUCI_SERVER: Luci Server Thread waiting for packets....
04-09 16:22:45.166  2965  3394 I airplay-main: checkACPAvailability() err 0 -> Present!
04-09 16:22:45.166  2965  3394 D airplay-main: arguments[0] -> airplay_v2 -> airplay_v2
04-09 16:22:45.167  2965  3394 D airplay-main: arguments[1] -> -n -> -n
04-09 16:22:45.167  2965  3394 D airplay-main: arguments[2] -> Lyric Speaker Box 21f384 -> Lyric Speaker Box 21f384
04-09 16:22:45.167  2965  3394 D airplay-main: arguments[3] -> -z -> -z
04-09 16:22:45.167  2965  3394 D airplay-main: arguments[4] -> 1 -> 1
04-09 16:22:45.167  2965  3394 D airplay-main: arguments[5] -> -d -> -d
04-09 16:22:45.168  2965  3394 D airplay-main: arguments[6] -> 47617500 -> 47617500
04-09 16:22:45.168  2965  3394 D airplay-main: Total Number of Arguments 7
04-09 16:22:45.179  2965  3394 I airplay_v2_0_6: 2022-04-09 03:52:45.177981 [AirPlayDemo] homedir /data/ sUserPreferencesDirectoryPath /data//.airplaydemo 
04-09 16:22:45.255  2965  3394 I airplay-main: checkACPAvailability() err 0 -> Present!
04-09 16:22:45.261  2732  2746 I HttpTimeSync: Building resolve list for clients1.google.com, total 1.
04-09 16:22:45.261  2732  2746 I HttpTimeSync: 	0: 142.251.36.142
04-09 16:22:45.338  2965  3417 I airplay_v2_0_6: 2022-04-09 03:52:45.338142 [AirPlayDemo] *********** AirPlayDemoPlatformSetProperty:homeIntegrationData value - 
04-09 16:22:45.338  2965  3417 I airplay_v2_0_6:     +0000: 62706c69 73743030 d101025f 10114343 |bplist00^^^_^^CC| (67 bytes)
04-09 16:22:45.338  2965  3417 I airplay_v2_0_6:     +0010: 3a39303a 39333a32 313a4633 3a3834d0 |:90:93:21:F3:84^|
04-09 16:22:45.338  2965  3417 I airplay_v2_0_6:     +0020: 080b1f00 00000000 00010100 00000000 |^^^^^^^^^^^^^^^^|
04-09 16:22:45.338  2965  3417 I airplay_v2_0_6:     +0030: 00000300 00000000 00000000 00000000 |^^^^^^^^^^^^^^^^|
04-09 16:22:45.338  2965  3417 I airplay_v2_0_6:     +0040: 000020                              |^^              |
04-09 16:22:45.340  2965  3417 I airplay_v2_0_6: 2022-04-09 03:52:45.340729 [AirPlayDemo] AirPlayDemoServerCopyProperty Password is <<NULL>>
04-09 16:22:45.350  2965  3419 I airplay_v2_0_6: 2022-04-09 03:52:45.350038 [AirPlayDemo] *********** AirPlayDemoPlatformSetProperty:homeIntegrationData value - 
04-09 16:22:45.350  2965  3419 I airplay_v2_0_6:     +0000: 62706c69 73743030 d101025f 10114343 |bplist00^^^_^^CC| (165 bytes)
04-09 16:22:45.350  2965  3419 I airplay_v2_0_6:     +0010: 3a39303a 39333a32 313a4633 3a3834d3 |:90:93:21:F3:84^
04-09 16:22:45.350  2965  3419 I airplay_v2_0_6: |
04-09 16:22:45.350  2965  3419 I airplay_v2_0_6:     +0020: 03040501 06075a69 64656e74 69666965 |^^^^^^Zidentifie|
04-09 16:22:45.350  2965  3419 I airplay_v2_0_6:     +0030: 7252736b 52706b4f 10204c3b dda037cf |rRskRpkO^ L;^^7^|
04-09 16:22:45.350  2965  3419 I airplay_v2_0_6:     +0040: e3bd5f8e af9d0557 26e2ed88 3e61b8cc |^^_^^^^W&^^^>a^^|
04-09 16:22:45.350  2965  3419 I airplay_v2_0_6:     +0050: 105516f4 82cf9c81 ee794f10 20dab574 |
04-09 16:22:45.350  2965  3419 I airplay_v2_0_6: ^U^^^^^^^yO^ ^^t|
04-09 16:22:45.350  2965  3419 I airplay_v2_0_6:     +0060: dbd58fab 70d1b7e2 2877201e 7d04377a |^^^^p^^^(w ^}^7z|
04-09 16:22:45.350  2965  3419 I airplay_v2_0_6:     +0070: 37012092 5b3d1298 38cee7f4 55080b1f |7^ ^[=^^8^^^U^^^|
04-09 16:22:45.350  2965  3419 I airplay_v2_0_6:     +0080: 26313437 5a000000 00000001 01000000 |&147Z^^^^^^^^^^^|
04-09 16:22:45.350  2965  3419 I airplay_v2_0_6:     +0090: 
04-09 16:22:45.350  2965  3419 I airplay_v2_0_6: 00000000 08000000 00000000 00000000 |^^^^^^^^^^^^^^^^|
04-09 16:22:45.350  2965  3419 I airplay_v2_0_6:     +00A0: 00000000 7d                         |^^^^}           |
04-09 16:22:45.352  2712  2718 I lucitransport: readRemoteMessage() MID char = 90 buffer = Lyric Speaker Box 21f384
04-09 16:22:45.354  2965  3394 I airplay_v2_0_6: 2022-04-09 03:52:45.353597 [AirPlay] Registering Bonjour _airplay._tcp. port 7000
04-09 16:22:45.355  2965  3419 I airplay_v2_0_6: 2022-04-09 03:52:45.355467 [AirPlayDemo] AirPlayDemoServerCopyProperty Password is <<NULL>>
04-09 16:22:45.357  2965  3417 I airplay_v2_0_6: 2022-04-09 03:52:45.356929 [AirPlayDemo] AirPlayDemoServerCopyProperty Password is <<NULL>>
04-09 16:22:45.357  2712  2718 I lucitransport: readRemoteMessage() MID char = 90 buffer = Lyric Speaker Box 21f384
04-09 16:22:45.358  2965  3394 I airplay_v2_0_6: 2022-04-09 03:52:45.358861 [AirPlay] Registering Bonjour CC909321F384@Lyric Speaker Box 21f384._raop._tcp. port 7000
04-09 16:22:45.359  2965  3394 I airplay_v2_0_6: 2022-04-09 03:52:45.359007 [AirPlay] AirPlay servers started
04-09 16:22:45.384  3084  3084 I cast_shell: [3087:3126:INFO:metrics_recorder.cc(282)] Record action: Setup.version.BLE
04-09 16:22:45.414  3084  3084 I cast_shell: [3087:3126:INFO:metrics_recorder.cc(282)] Record action: Setup.tos_accepted.BLE
04-09 16:22:45.445  3084  3084 I cast_shell: [3087:3126:INFO:metrics_recorder.cc(282)] Record action: Setup.state.BLE
04-09 16:22:45.474  3084  3084 I cast_shell: [3087:3126:INFO:metrics_recorder.cc(282)] Record action: Setup.ip_address.BLE
04-09 16:22:45.642  2732  2746 I HttpTimeSync: Http time synced
04-09 16:22:45.643  2732  2746 I NetworkMonitor: turn off power-save
04-09 16:22:47.272  2966  2997 I SPOTIFY : ConnectionNotify event(0-Login, 1-Logout, rest Error) = 7 
04-09 16:22:47.607  3084  3084 I cast_shell: [3087:3126:INFO:metrics_recorder.cc(282)] Record action: Setup.version.BLE
04-09 16:22:47.637  3084  3084 I cast_shell: [3087:3126:INFO:metrics_recorder.cc(282)] Record action: Setup.tos_accepted.BLE
04-09 16:22:47.682  3084  3084 I cast_shell: [3087:3095:ERROR:connectivity_checker_impl.cc(265)] Connectivity check failed: 400
04-09 16:22:47.683  3084  3084 I cast_shell: [3087:3126:INFO:metrics_recorder.cc(282)] Record action: Setup.state.BLE
04-09 16:22:47.712  3084  3084 I cast_shell: [3087:3126:INFO:metrics_recorder.cc(282)] Record action: Setup.ip_address.BLE
04-09 16:22:48.252  3084  3084 I cast_shell: [3087:3126:INFO:metrics_recorder.cc(282)] Record action: Setup.version.BLE
04-09 16:22:48.283  3084  3084 I cast_shell: [3087:3126:INFO:metrics_recorder.cc(282)] Record action: Setup.tos_accepted.BLE
04-09 16:22:48.312  3084  3084 I cast_shell: [3087:3126:INFO:metrics_recorder.cc(282)] Record action: Setup.state.BLE
04-09 16:22:48.342  3084  3084 I cast_shell: [3087:3126:INFO:metrics_recorder.cc(282)] Record action: Setup.ip_address.BLE
04-09 16:22:48.882  3084  3084 I cast_shell: [3087:3126:INFO:metrics_recorder.cc(282)] Record action: Setup.version.BLE
04-09 16:22:48.912  3084  3084 I cast_shell: [3087:3126:INFO:metrics_recorder.cc(282)] Record action: Setup.tos_accepted.BLE
04-09 16:22:48.942  3084  3084 I cast_shell: [3087:3126:INFO:metrics_recorder.cc(282)] Record action: Setup.state.BLE
04-09 16:22:48.972  3084  3084 I cast_shell: [3087:3126:INFO:metrics_recorder.cc(282)] Record action: Setup.ip_address.BLE
04-09 16:22:49.511  3084  3084 I cast_shell: [3087:3126:INFO:metrics_recorder.cc(282)] Record action: Setup.version.BLE
04-09 16:22:49.542  3084  3084 I cast_shell: [3087:3126:INFO:metrics_recorder.cc(282)] Record action: Setup.tos_accepted.BLE
04-09 16:22:49.565  3087  3150 E         : OOBE CheckUpdate
04-09 16:22:49.570  3084  3084 I cast_shell: [3087:3095:INFO:connectivity_checker_impl.cc(144)] Change check url=http://connectivitycheck.gstatic.com/generate_204
04-09 16:22:49.570  3084  3084 I cast_shell: [3087:3095:INFO:connectivity_checker_impl.cc(148)] Global connection is: Up
04-09 16:22:49.570  3084  3084 I cast_shell: [3087:3087:INFO:ccs_transport_gcm.cc(102)] Registering GCM handler
04-09 16:22:49.570  3084  3084 I cast_shell: [3087:3087:INFO:gcm_manager.cc(258)] Enabling GCM Driver
04-09 16:22:49.570  3084  3084 I cast_shell: [3087:3087:INFO:api_reboot.cc(321)] active_activities count=0
04-09 16:22:49.570  3084  3084 I cast_shell: [3087:3087:INFO:cloud_settings_manager.cc(431)] Connectivity established. Reconciling cloud settings.
04-09 16:22:49.570  3084  3084 I cast_shell: [3087:3087:INFO:cloud_settings_manager.cc(195)] Cloud settings is disabled.
04-09 16:22:49.570  3084  3084 I cast_shell: [3087:3087:INFO:lycra_gcm.cc(121)] Registering GCM handler.
04-09 16:22:49.570  3084  3084 I cast_shell: [3087:3150:INFO:update_engine_client_with_system_updater.cc(216)] Network first connected, check system force update
04-09 16:22:49.570  3084  3084 I cast_shell: [system_updater_dummy.cpp(109)] CheckUpdate
04-09 16:22:49.570  3084  3084 I cast_shell: [3087:3137:INFO:v2_transport.cc(681)] V2TransportImpl::CreatSelfSignedCertificateWithKey called.
04-09 16:22:49.582  2969  2999 I otamanager: cast_updater_threadEntry() Response 'CheckUpdate' Current Firmware Update state 'Idle'
04-09 16:22:49.582  2969  2999 I otamanager: checkUpdate_l
04-09 16:22:49.582  2969  2999 I otamanager: Firmware Update State Change from Idle to CheckUpdate
04-09 16:22:49.583  3084  3084 I cast_shell: [3087:3097:ERROR:unix_stream_client_socket.cc(52)] Cannot connect unix socket: /dev/socket/panel: No such file or directory (2)
04-09 16:22:49.583  3084  3084 I cast_shell: [3087:3097:ERROR:led_controller_ipc.cc(84)] Could not create IPC client for socket: /dev/socket/panel
04-09 16:22:49.583  2712  2718 I lucitransport: readRemoteMessage() MID char = 232 buffer = TRUE
04-09 16:22:49.583  2969  2999 E otamanager: lo not valid Interface for MAC ID
04-09 16:22:49.583  2969  2999 D otamanager: OTA: wlan IP = 192.168.1.145
04-09 16:22:49.583  2969  2999 I otamanager: OTA:checkIP mac = cc909321f384  IP = 192.168.1.145 
04-09 16:22:49.592  2969  2999 I otamanager: DownloadHttpContent firmware version = eng.C4A.1203
04-09 16:22:49.594  3084  3084 I cast_shell: [3087:3087:INFO:device_info_impl.cc(1094)] Primary netif changed: new=wlan0, old=usb0
04-09 16:22:49.594  3084  3084 I cast_shell: [3087:3087:INFO:device_info_impl.cc(1103)] Primary IP address changed: netif=wlan0, new=192.168.1.145, old=192.168.10.1
04-09 16:22:49.594  3084  3084 I cast_shell: [3087:3087:INFO:cast_receiver_impl.cc(1612)] mDNS Discovery stopped.
04-09 16:22:49.594  3084  3084 I cast_shell: [3087:3087:INFO:cast_receiver_impl.cc(1679)] Network is globally connected. Schedule config downloading if necessary.
04-09 16:22:49.594  3084  3084 I cast_shell: [3087:3087:INFO:cast_receiver_impl.cc(1685)] Network is globally connected. Schedule crl downloading if necessary.
04-09 16:22:49.594  3084  3084 I cast_shell: [3087:3087:INFO:crl_downloader.cc(366)] Downloading crl: url=https://clients5.google.com/cast/chromecast/device/crl
04-09 16:22:49.594  3084  3084 I cast_shell: [3087:3087:INFO:cast_receiver_impl.cc(1695)] Network is globally connected. Refreshing CcsManager.
04-09 16:22:49.594  3084  3084 I cast_shell: [3087:3087:INFO:iot_auth_manager_wrapper.cc(311)] Network provider informed of connected network status.
04-09 16:22:49.597  2712  2718 I lucitransport: readRemoteMessage() MID char = 6 buffer = 1001
04-09 16:22:49.597  2712  2718 I lucitransport: readRemoteMessage() MID char = 7 buffer = 1.52.272222
04-09 16:22:49.639  3084  3084 I cast_shell: [3087:3087:INFO:config_downloader.cc(489)] Downloading config: headers (excl. auth) ='Accept: application/protobuf', url=https://clients5.google.com/cast/chromecast/device/baseconfig?m=LSB&M=COTODAMA&p=LS10+Platform&b=1.52.272222&c=wifi&r=beta-channel&pt=3&ln=&d=DE4F95FFA64D5E74B026&at=1
04-09 16:22:49.680  3084  3084 I cast_shell: [3087:3095:INFO:parent_tracker.cc(237)] Network changed
04-09 16:22:49.680  3084  3084 I cast_shell: [3087:3095:INFO:parent_tracker.cc(135)] Now using local address [PII](192.168.1.145)
04-09 16:22:49.680  3084  3084 I cast_shell: [3087:3095:INFO:directory_service_impl.cc(200)] This device became root
04-09 16:22:49.729  3084  3084 I cast_shell: [3087:3139:INFO:multizone_manager.cc(2131)] Updated leader quality: 49807409
04-09 16:22:49.733  3084  3084 I cast_shell: [3087:3136:INFO:mdns_app_filter.cc(1120)] Skipping IPv6 interface that also has an IPv4 address: wlan0
04-09 16:22:49.733  3084  3084 I chatty  : uid=1000(chrome) /bin/logwrapper identical 2 lines
04-09 16:22:49.733  3084  3084 I cast_shell: [3087:3136:INFO:mdns_app_filter.cc(1120)] Skipping IPv6 interface that also has an IPv4 address: wlan0
04-09 16:22:49.733  3084  3084 I cast_shell: [3087:3136:INFO:metrics_recorder.cc(282)] cast event: Cast.Discovery.Mdns.SocketCreated
04-09 16:22:49.733  3084  3084 I cast_shell: [3087:3136:INFO:mdns_app_filter.cc(1254)] Created mDNS socket for interface:name=wlan0, address=192.168.1.145, index=5
04-09 16:22:49.734  3084  3084 I cast_shell: [3087:3136:INFO:metrics_recorder.cc(282)] cast event: Cast.Discovery.Mdns.SocketCreated
04-09 16:22:49.734  3084  3084 I cast_shell: [3087:3136:INFO:mdns_app_filter.cc(1254)] Created mDNS socket for interface:name=p2p1, address=192.168.2.1, index=7
04-09 16:22:49.734  3084  3084 I cast_shell: [3087:3136:INFO:metrics_recorder.cc(282)] cast event: Cast.Discovery.Mdns.SocketCreated
04-09 16:22:49.734  3084  3084 I cast_shell: [3087:3136:INFO:mdns_app_filter.cc(1254)] Created mDNS socket for interface:name=usb0, address=192.168.10.1, index=9
04-09 16:22:49.738  3084  3084 I cast_shell: [3087:3095:INFO:parent_tracker.cc(237)] Network changed
04-09 16:22:49.738  3084  3084 I cast_shell: [3087:3087:INFO:mdns_manager_impl.cc(429)] Successfully updated service: type=_googlezone
04-09 16:22:49.738  3084  3084 I cast_shell: [3087:3095:INFO:parent_tracker.cc(132)] No need to recreate socket
04-09 16:22:49.739  3084  3084 I cast_shell: [3087:3126:INFO:local_network_info_impl.cc(435)] LNID_W changed:
04-09 16:22:49.741  3084  3084 I cast_shell: [3087:3097:INFO:net_util_impl.cc(582)] IP address: [PII](192.168.1.1) MAC address: [PII](C8:B3:73:44:AE:ED)
04-09 16:22:49.741  3084  3084 I cast_shell: [3087:3097:INFO:local_network_info_impl.cc(346)] LNID changed:
04-09 16:22:49.741  3084  3084 I cast_shell: [3087:3087:INFO:ccs_manager_impl.cc(1789)] LNID has changed; Will re-register CCS
04-09 16:22:49.746  3084  3084 I cast_shell: [3087:3097:INFO:net_util_impl.cc(582)] IP address: [PII](192.168.1.1) MAC address: [PII](C8:B3:73:44:AE:ED)
04-09 16:22:49.782  2969  2999 I otamanager: OTA:ResolveDNSName IP = 107.20.122.40
04-09 16:22:49.782  2969  2999 I otamanager: OTA:hostIp string: https://107.20.122.40/v1
04-09 16:22:49.782  2969  2999 I otamanager: OTA: trying after 2 sec 
04-09 16:22:50.142  3084  3084 I cast_shell: [3087:3126:INFO:metrics_recorder.cc(282)] Record action: Setup.version.BLE
04-09 16:22:50.172  3084  3084 I cast_shell: [3087:3126:INFO:metrics_recorder.cc(282)] Record action: Setup.tos_accepted.BLE
04-09 16:22:50.202  3084  3084 I cast_shell: [3087:3126:INFO:metrics_recorder.cc(282)] Record action: Setup.state.BLE
04-09 16:22:50.232  3084  3084 I cast_shell: [3087:3126:INFO:metrics_recorder.cc(282)] Record action: Setup.ip_address.BLE
04-09 16:22:50.279  3084  3084 I cast_shell: [3087:3126:INFO:ble_setup.cc(322)] Record action: Setup.set_eureka_info.BLE
04-09 16:22:50.280  3084  3084 I cast_shell: [3087:3126:INFO:timezone_settings.cc(288)] Setting system timezone to Asia/Kolkata
04-09 16:22:50.280  3084  3084 I cast_shell: [3087:3139:INFO:multizone_group.cc(357)] Change name for group [PII](75EE796C8FD9B29B5EE32CB5BE677F56) to [PII](Attic speaker)
04-09 16:22:50.285  3084  3084 I cast_shell: [3087:3126:INFO:locale_manager.cc(511)] New timezone: Asia/Kolkata
04-09 16:22:50.285  3084  3084 I cast_shell: [3087:3126:INFO:locale_manager.cc(539)] New time format: 24-hour
04-09 16:22:50.286  3084  3084 I cast_shell: [3087:3087:INFO:device_info_impl.cc(1133)] SSDP Config ID is increased: id=4
04-09 16:22:50.289  3084  3084 I cast_shell: [3087:3087:INFO:device_info_impl.cc(1133)] SSDP Config ID is increased: id=5
04-09 16:22:50.293  3084  3084 I cast_shell: [3087:3126:INFO:metrics_recorder.cc(282)] cast event: Cast.System.Timezone.ChangeSuccessful
04-09 16:22:50.294  2735  2765 I bluetoothtbd: [0409/035250.294060:INFO:adapter.cc(551)] Adapter properties changed
04-09 16:22:50.294  2735  2765 I bluetoothtbd: [0409/035250.294201:INFO:adapter.cc(573)] Adapter name changed
04-09 16:22:50.295  3084  3084 I cast_shell: [3087:3126:INFO:bluetooth_manager.cc(1232)] [PII] Set device name to 'Attic speaker'
04-09 16:22:50.296  2735  2765 I bluetoothtbd: [0409/035250.296179:INFO:adapter.cc(551)] Adapter properties changed
04-09 16:22:50.296  2735  2765 I bluetoothtbd: [0409/035250.296332:INFO:adapter.cc(573)] Adapter name changed
04-09 16:22:50.296  3084  3084 I cast_shell: [3087:3126:INFO:bluetooth_manager.cc(1232)] [PII] Set device name to 'Attic speaker'
04-09 16:22:50.301  2963  3162 I LibreCastControlDelegate: OnCastStatus() +++ Attic speaker:0xab80e198:NOT_SETUP
04-09 16:22:50.301  2963  3162 I LibreCastControlDelegate: Device Build Number -> '1.52.272222'
04-09 16:22:50.301  2963  3162 I librecast: updateCastBuildVersion() Version 1.52.272222
04-09 16:22:50.301  2712  2718 I lucitransport: readRemoteMessage() MID char = 7 buffer = 1.52.272222
04-09 16:22:50.302  3084  3084 I cast_shell: [3087:3136:INFO:mdns_util.cc(102)] Defaulting mDNS capabilities for audio-only build
04-09 16:22:50.302  3084  3084 I cast_shell: [3087:3136:INFO:mdns_util.cc(102)] Defaulting mDNS capabilities for audio-only build
04-09 16:22:50.302  3084  3084 I cast_shell: [3087:3087:INFO:mdns_manager_impl.cc(429)] Successfully updated service: type=_googlecast
04-09 16:22:50.302  3084  3084 I cast_shell: [3087:3087:INFO:virtual_device.cc(296)] Updated mDNS service for virtual device: id=db5ccafd-8477-a959-47cb-cabc3caf3ae4
04-09 16:22:50.302  3084  3084 I cast_shell: [3087:3087:INFO:mdns_manager_impl.cc(429)] Successfully updated service: type=_googlecast
04-09 16:22:50.353  3084  3084 I cast_shell: [3087:3126:INFO:ble_setup.cc(322)] Record action: Setup.save_wifi.BLE
04-09 16:22:50.354  3084  3084 I cast_shell: [3087:3126:INFO:wifi_controller_wpa_supplicant.cc(692)] Clear bssid from config for network id 0
04-09 16:22:50.357  3084  3084 I cast_shell: [3087:3126:INFO:setup_manager_impl.cc(1725)] Report action: Wifi.FirstConfigured
04-09 16:22:50.572  3084  3084 I cast_shell: [3087:3126:INFO:ble_setup.cc(789)] Missing required info for sign.
04-09 16:22:50.589  3084  3084 I cast_shell: [system_updater_dummy.cpp(139)] CheckUpdate 139
04-09 16:22:50.589  3084  3084 I cast_shell: [system_updater_dummy.cpp(148)] CheckUpdate 148 return
04-09 16:22:50.615  3084  3084 I cast_shell: [3087:3126:INFO:ble_setup.cc(915)] Sign related info completed, no future EurekaInfo need sign.
04-09 16:22:51.208  3084  3084 I cast_shell: [3087:3136:INFO:mdns_app_filter.cc(1403)] MdnsAppFilter: Done probing.
04-09 16:22:51.223  3084  3084 I cast_shell: [3087:3087:INFO:ccs_transport_gcm.cc(244)] Registered GCM handler
04-09 16:22:51.223  3084  3084 I cast_shell: [3087:3087:INFO:ccs_manager_impl.cc(1322)] Waiting for all transports to be enabled
04-09 16:22:51.239  3084  3084 I cast_shell: [3087:3087:INFO:lycra_gcm.cc(212)] Registered GCM handler
04-09 16:22:51.403  3084  3084 I cast_shell: [3087:3126:INFO:metrics_recorder.cc(282)] Record action: Setup.state.BLE
04-09 16:22:51.435  3084  3084 I cast_shell: [3087:3097:INFO:crl_downloader.cc(155)] CRL processed.
04-09 16:22:51.436  3084  3084 I cast_shell: [3087:3097:INFO:metrics_recorder.cc(282)] cast event: Cast.CRL.DownloadSuccess
04-09 16:22:51.438  3084  3084 I cast_shell: [3087:3097:INFO:client_auth_signer.cc(211)] Cast certificate verification: CastCertError::OK
04-09 16:22:51.438  3084  3084 I cast_shell: [3087:3097:INFO:metrics_recorder.cc(282)] cast event: Cast.Auth.OK
04-09 16:22:51.526  2969  2999 I otamanager: OTA:curl response code : 0	
04-09 16:22:51.526  2969  2999 I otamanager: http status code : 200
04-09 16:22:51.526  2969  2999 I otamanager: OTA: contentLen :187.000000
04-09 16:22:51.533  2969  2999 I otamanager: OTA: bytesDownloaded = 187 m_iHttpStatusCode = 200 
04-09 16:22:51.539  2691  2691 I sh      : {
04-09 16:22:51.539  2969  2999 E otamanager: OTA:error string =  No update available
04-09 16:22:51.539  2691  2691 I sh      : 	"castVersion" : null,
04-09 16:22:51.539  2691  2691 I sh      : 	"crc" : null,
04-09 16:22:51.539  2691  2691 I sh      : 	"errorCode" : 1001,
04-09 16:22:51.539  2691  2691 I sh      : 	"errorString" : "No update available",
