04-09 15:42:51.220  3074  3074 I cast_cli: [0409/031251.219612:INFO:package_utils.cc(186)] Run process_manager: /bin/logwrapper /system/chrome/process_manager --async --accept-resource-provider=true --alsa-enable-upsampling=true --alsa-output-avail-min=256 --alsa-output-buffer-size=4096 --alsa-output-period-size=512 --alsa-output-start-threshold=2048 --default-eureka-name-prefix=LSB --enable-background-apps=true --enable-hi-res-audio-support=true --enable-multizone=true --netif-for-unique-ids=wlan0 --ota-directory=/data/chrome/cache/ --setup-ssid-suffix=d256 --setup-support-guest-mode=0 --wpa-supplicant-unix-socket-path=/dev/socket/wpa_wlan0
04-09 15:42:51.247  3080  3080 I process_manager: [0409/031251.246901:INFO:process_manager.cc(348)] process manager initialized
04-09 15:42:51.247  3080  3080 I process_manager: [0409/031251.247351:INFO:process_manager.cc(399)] Process manager is starting
04-09 15:42:51.248  3080  3080 I process_manager: [0409/031251.247893:INFO:process_manager.cc(409)] Process manager successfully started with pid 3082
04-09 15:42:51.250  3074  3074 I cast_cli: [0409/031251.250415:INFO:cast_cli.cc(433)] Process manager successfully started as daemon
04-09 15:42:51.277  3082  3082 I process_manager: [0409/031251.277238:INFO:process_manager.cc(348)] process manager initialized
04-09 15:42:51.277  3082  3082 I process_manager: [0409/031251.277815:INFO:process_manager.cc(475)] Resuming manager from a previous state
04-09 15:42:51.311  3082  3082 I process_manager: [0409/031251.311289:INFO:package_utils.cc(186)] Run update_engine: /bin/logwrapper /system/chrome/update_engine --foreground --netif-for-unique-ids=eth0 --omaha-beta-app-id={c71af7c9-fb75-4084-9bb1-6483fae36524} --omaha-prod-app-id={c71af7c9-fb75-4084-9bb1-6483fae36524} --ota-directory=/chrome/cache/ --update-engine-unix-socket-path=/tmp/socket/updater --v=4 --netif-for-unique-ids=wlan0 --ota-directory=/data/chrome/cache/
04-09 15:42:51.312  3082  3082 I process_manager: [0409/031251.312321:INFO:package_utils.cc(186)] Run crash_uploader: /bin/logwrapper /system/chrome/crash_uploader
04-09 15:42:51.313  3082  3082 I process_manager: [0409/031251.313249:INFO:package_utils.cc(186)] Run cast_shell: /bin/logwrapper /system/chrome/cast_shell --accept-resource-provider=true --alsa-enable-upsampling=false --app-config-path=/fakeapp.conf --blink-platform-log-channels=Media --cast-control-unix-socket-path=/tmp/cast-control --default-eureka-name-prefix=Google Cast Speaker --disable-dial=true --disable-images-for-app-id=*|1B11061A --enable-background-apps=false --idle-screen=false --js-flags=--trace_gc --netif-for-unique-ids=eth0 --no-daily-reboot=true --ota-directory=/chrome/cache/ --setup-support-guest-mode=0 --skip-gpu-data-loading --update-engine-unix-socket-path=/tmp/socket/updater --accept-resource-provider=true --alsa-enable-upsampling=true --alsa-output-avail-min=256 --alsa-output-buffer-size=4096 --alsa-output-period-size=512 --alsa-output-start-threshold=2048 --default-eureka-name-prefix=LSB --enable-background-apps=true --enable-hi-res-audio-support=true --enable-multizone=true --netif-for-unique-ids=wlan0 --ota-directory=/data/chrome/cache/ --setup-ssid-suffix=d256 --setup-support-guest-mode=0 --wpa-supplicant-unix-socket-path=/dev/socket/wpa_wlan0
04-09 15:42:51.347  3085  3085 I crash_uploader: [0409/031251.346477:INFO:crash_uploader.cc(45)] Starting crash uploader...
04-09 15:42:51.349  3085  3085 I crash_uploader: [0409/031251.349001:ERROR:synchronized_minidump_manager.cc(251)] Lockfile did not parse correctly. 
04-09 15:42:51.356  3084  3084 I update_engine: [0409/031251.355976:INFO:main.cc(149)] Eureka Update Engine starting
04-09 15:42:51.357  3084  3084 I update_engine: [0409/031251.357390:INFO:update_check_scheduler.cc(77)] Next update check in 2700 seconds
04-09 15:42:51.357  3084  3084 I update_engine: [0409/031251.357741:INFO:string_based_ipc_server.cc(75)] Start IPC server: /tmp/socket/updater
04-09 15:42:51.358  3084  3084 I update_engine: [0409/031251.358065:INFO:unix_stream_server_socket.cc(62)] Unix server socket is created: /tmp/socket/updater
04-09 15:42:51.545  3086  3086 I cast_shell: [3089:3089:ERROR:pref_service_helper.cc(79)] Cannot initialize chromecast config: /data/chrome/.eureka.conf, pref_error=6
04-09 15:42:51.547  3086  3086 I cast_shell: [3089:3089:WARNING:discardable_shared_memory_manager.cc(194)] Less than 64MB of free space in temporary directory for shared memory files: 32
04-09 15:42:51.560  3086  3086 I cast_shell: Fontconfig warning: "/etc/fonts/fonts.conf", line 80: unknown element "blank"
04-09 15:42:51.746  3086  3086 I cast_shell: [3089:3089:INFO:cast_system_memory_pressure_evaluator.cc(167)] AdjustMemoryFractions: critical_memory_fraction_=0.25, moderate_memory_fraction_=0.4
04-09 15:42:51.752  3086  3086 I cast_shell: [3089:3089:INFO:cast_window_manager_aura.cc(198)] Starting window manager, bounds: 0,0 1x1
04-09 15:42:51.759  3086  3086 I cast_shell: [3089:3106:ERROR:mixer_connection.cc(91)] Failed to connect to mixer service: -102
04-09 15:42:51.760  3086  3086 I cast_shell: [3089:3089:WARNING:client_auth_manager.cc(94)] Old certificate is empty.
04-09 15:42:51.764  3086  3086 I cast_shell: [3089:3089:INFO:device_info_impl.cc(135)] [PII] Weave device ID: 
04-09 15:42:51.764  3086  3086 I cast_shell: [3089:3089:INFO:device_info_impl.cc(406)] MAC address for wlan0: CC:90:93:21:F3:84
04-09 15:42:51.764  3086  3086 I cast_shell: [3089:3089:INFO:device_info_impl.cc(431)] Device model id: COTODAMA.LS10 Platform.LSB
04-09 15:42:51.764  3086  3086 I cast_shell: [3089:3089:INFO:device_info_impl.cc(466)] Control Notifications: 0
04-09 15:42:51.764  3086  3086 I cast_shell: [3089:3089:ERROR:device_info_impl.cc(145)] Cannot read file: /data/bootid
04-09 15:42:51.764  3086  3086 I cast_shell: [3089:3089:INFO:device_info_impl.cc(482)] SSDP Boot ID: 0
04-09 15:42:51.764  3086  3086 I cast_shell: [3089:3089:INFO:device_info_impl.cc(486)] SSDP Config ID: 1
04-09 15:42:51.764  3086  3086 I cast_shell: [3089:3089:WARNING:secure_storage_impl.cc(85)] Device key not available yet.
04-09 15:42:51.764  3086  3086 I cast_shell: [3089:3089:INFO:cast_power_manager_provider.cc(26)] Creating DummyCastPowerManagerProvider
04-09 15:42:51.764  3086  3086 I cast_shell: [3089:3089:WARNING:auth_provider_impl.cc(72)] No IoT client_id found on the device. If device was FDRed please ignore this warning.
04-09 15:42:51.764  3086  3086 I cast_shell: [3089:3089:INFO:file_provider_impl.cc(67)] Initialized file provider with base dir: /data/chrome/auth
04-09 15:42:51.765  3086  3086 I cast_shell: [3089:3109:INFO:stream_mixer.cc(194)] StreamMixer
04-09 15:42:51.766  3086  3086 I cast_shell: [3089:3110:INFO:stream_mixer.cc(121)] Actual priority = 99, policy = 1
04-09 15:42:51.766  3086  3086 I cast_shell: [3089:3109:INFO:stream_mixer.cc(222)] Mixer health checker started
04-09 15:42:51.766  3086  3086 I cast_shell: [3089:3109:WARNING:post_processing_pipeline_parser.cc(65)] No post-processing config found at /etc/cast_audio.json.
04-09 15:42:51.767  3086  3086 I cast_shell: [3089:3109:WARNING:post_processing_pipeline_parser.cc(133)] No post-processor description found for "mix" in /etc/cast_audio.json. Using passthrough.
04-09 15:42:51.767  3086  3086 I cast_shell: [3089:3109:INFO:mixer_pipeline.cc(103)] 2 input channels to 'mix' group
04-09 15:42:51.767  3086  3086 I cast_shell: [3089:3109:WARNING:post_processing_pipeline_parser.cc(133)] No post-processor description found for "linearize" in /etc/cast_audio.json. Using passthrough.
04-09 15:42:51.767  3086  3086 I cast_shell: [3089:3109:INFO:mixer_pipeline.cc(124)] 2 input channels to 'linearize' group
04-09 15:42:51.768  3086  3086 I cast_shell: [3089:3111:INFO:audio_socket_service_uds.cc(44)] Using endpoint /tmp/mixer-service
04-09 15:42:51.768  3086  3086 I cast_shell: [3089:3109:INFO:alsa_volume_control.cc(43)] Opening mixer element "Master" on device "default"
04-09 15:42:51.774  3086  3086 I cast_shell: [3089:3109:INFO:alsa_volume_control.cc(219)] Volume device = default, element = Master
04-09 15:42:51.775  3086  3086 I cast_shell: [3089:3109:INFO:alsa_volume_control.cc(221)] Mute device = default, element = Master
04-09 15:42:51.775  3086  3086 I cast_shell: [3089:3109:INFO:alsa_volume_control.cc(234)] Idle device = default, elements = []
04-09 15:42:51.775  3086  3086 I cast_shell: [3089:3109:INFO:alsa_volume_control.cc(43)] Opening mixer element "Master" on device "default"
04-09 15:42:51.780  3089  3089 E         : Create
04-09 15:42:51.780  3089  3089 E         : OOBE IsSupported
04-09 15:42:51.780  3086  3086 I cast_shell: [3089:3097:INFO:parent_tracker.cc(90)] [PII](577B5649E8518577D93D4B5D344D560F) has hash 1696339172, root wait is 6.0504 s
04-09 15:42:51.780  3086  3086 I cast_shell: [3089:3089:INFO:multizone_manager.cc(330)] Multizone features are enabled
04-09 15:42:51.780  3086  3086 I cast_shell: [3089:3089:INFO:cast_power_manager_provider.cc(26)] Creating DummyCastPowerManagerProvider
04-09 15:42:51.780  3086  3086 I cast_shell: [3089:3089:INFO:update_engine_client_with_ipc.cc(343)] Using IPC UpdateEngineClient
04-09 15:42:51.780  3086  3086 I cast_shell: [3089:3097:INFO:parent_tracker.cc(120)] Can't use IPv4
04-09 15:42:51.780  3086  3086 I cast_shell: [3089:3097:INFO:parent_tracker.cc(124)] Can't use IPv6
04-09 15:42:51.780  3086  3086 I cast_shell: [3089:3097:ERROR:parent_tracker.cc(125)] No valid interface for multicast
04-09 15:42:51.780  3086  3086 I cast_shell: [3089:3097:INFO:directory_service_impl.cc(168)] Boot count is now 1
04-09 15:42:51.780  3086  3086 I cast_shell: [3089:3097:ERROR:socket_posix.cc(148)] bind() failed: Address already in use (98)
04-09 15:42:51.783  3086  3086 I cast_shell: [3089:3089:INFO:platform_client_auth_creds.cc(114)] Loaded client certificate. Key len = 2048 bits. Chain len = 2 (source FROM_CERT).
04-09 15:42:51.785  3086  3086 I cast_shell: [3089:3089:INFO:grpc_manager_impl.cc(245)] Registered service chromecast.LocalCloudcastService
04-09 15:42:51.785  3086  3086 I cast_shell: [3089:3089:INFO:grpc_manager_impl.cc(262)] Registered a handler ExecuteActionScript for service chromecast.LocalCloudcastService
04-09 15:42:51.785  3086  3086 I cast_shell: [3089:3089:INFO:grpc_manager_impl.cc(262)] Registered a handler ObserveDeviceStatus for service chromecast.LocalCloudcastService
04-09 15:42:51.785  3086  3086 I cast_shell: [3089:3089:INFO:grpc_manager_impl.cc(262)] Registered a handler GetDeviceStatus for service chromecast.LocalCloudcastService
04-09 15:42:51.786  3086  3086 I cast_shell: [3089:3089:INFO:grpc_manager_impl.cc(505)] GRPC[uri=[::]:0]: num_pending_calls=0, num_active_handlers=0, num_free_handlers=0
04-09 15:42:51.786  3086  3086 I cast_shell: [3089:3089:INFO:cast_power_manager_provider.cc(26)] Creating DummyCastPowerManagerProvider
04-09 15:42:51.786  3086  3086 I cast_shell: [3089:3089:INFO:cast_power_manager_provider.cc(26)] Creating DummyCastPowerManagerProvider
04-09 15:42:51.786  3086  3086 I cast_shell: [3089:3089:INFO:gcm_manager.cc(140)] GCM Dir = /data/chrome/gcm
04-09 15:42:51.787  3086  3086 I cast_shell: [3089:3089:INFO:gcm_manager.cc(258)] Enabling GCM Driver
04-09 15:42:51.787  3086  3086 I cast_shell: [3089:3089:INFO:grpc_manager_impl.cc(505)] GRPC[uri=]: num_pending_calls=0, num_active_handlers=0, num_free_handlers=0
04-09 15:42:51.787  3086  3086 I cast_shell: [3089:3089:INFO:lycra_gcm.cc(117)] Deferring GCM registration until connectivity is up.
04-09 15:42:51.812  3086  3086 I cast_shell: [3089:3089:WARNING:cloud_settings_manager.cc(513)] Cannot initialize device settings config: /data/chrome/cloud_settings/cloud_settings.prefs, pref_error=6
04-09 15:42:51.812  3086  3086 I cast_shell: [3089:3089:INFO:cloud_settings_manager.cc(195)] Cloud settings is disabled.
04-09 15:42:51.813  3086  3086 I cast_shell: [3089:3089:INFO:pref_metrics_manager.cc(66)] PrefMetricsManager started.
04-09 15:42:51.813  3086  3086 I cast_shell: [3089:3089:INFO:pref_control_service_impl.cc(142)] Loading prefs from /data/chrome/pref_control/pref_control.prefs
04-09 15:42:51.814  3086  3086 I cast_shell: [3089:3089:INFO:pref_control_service_impl.cc(602)] Registering pref Pref [Name:motion_sensing_pref,RestoreValue:1,ForceEnableParent:1,Value:1,Optin:1]
04-09 15:42:51.814  3086  3086 I cast_shell: [3089:3089:INFO:pref_control_service_impl.cc(602)] Registering pref Pref [Name:sleep_sensing_pref,RestoreValue:0,ForceEnableParent:1,Value:1,Optin:0]
04-09 15:42:51.814  3086  3086 I cast_shell: [3089:3089:INFO:pref_control_service_impl.cc(602)] Registering pref Pref [Name:sleep_disturbance_pref,RestoreValue:1,ForceEnableParent:0,Value:1,Optin:0]
04-09 15:42:51.815  3086  3086 I cast_shell: [3089:3089:INFO:pref_control_service_impl.cc(602)] Registering pref Pref [Name:sleep_coaching_pref,RestoreValue:1,ForceEnableParent:0,Value:1,Optin:0]
04-09 15:42:51.815  3086  3086 I cast_shell: [3089:3089:INFO:pref_control_service_impl.cc(602)] Registering pref Pref [Name:gesture_sensing_pref,RestoreValue:0,ForceEnableParent:1,Value:1,Optin:0]
04-09 15:42:51.815  3086  3086 I cast_shell: [3089:3089:INFO:pref_control_service_impl.cc(602)] Registering pref Pref [Name:play_and_pause_gesture_pref,RestoreValue:1,ForceEnableParent:0,Value:1,Optin:0]
04-09 15:42:51.815  3086  3086 I cast_shell: [3089:3089:INFO:pref_control_service_impl.cc(602)] Registering pref Pref [Name:snooze_alarm_gesture_pref,RestoreValue:1,ForceEnableParent:0,Value:1,Optin:0]
04-09 15:42:51.815  3086  3086 I cast_shell: [3089:3089:INFO:pref_control_service_impl.cc(602)] Registering pref Pref [Name:stop_timers_gesture_pref,RestoreValue:1,ForceEnableParent:0,Value:1,Optin:0]
04-09 15:42:51.815  3086  3086 I cast_shell: [3089:3089:INFO:pref_metrics_manager.cc(94)] Adding motion_sensing_pref to PrefMetricsManager.
04-09 15:42:51.816  3086  3086 I cast_shell: [3089:3089:INFO:pref_metrics_manager.cc(94)] Adding sleep_sensing_pref to PrefMetricsManager.
04-09 15:42:51.816  3086  3086 I cast_shell: [3089:3089:INFO:pref_metrics_manager.cc(94)] Adding sleep_disturbance_pref to PrefMetricsManager.
04-09 15:42:51.816  3086  3086 I cast_shell: [3089:3089:INFO:pref_metrics_manager.cc(94)] Adding sleep_coaching_pref to PrefMetricsManager.
04-09 15:42:51.816  3086  3086 I cast_shell: [3089:3089:INFO:pref_metrics_manager.cc(94)] Adding gesture_sensing_pref to PrefMetricsManager.
04-09 15:42:51.816  3086  3086 I cast_shell: [3089:3089:INFO:pref_metrics_manager.cc(94)] Adding play_and_pause_gesture_pref to PrefMetricsManager.
04-09 15:42:51.816  3086  3086 I cast_shell: [3089:3089:INFO:pref_metrics_manager.cc(94)] Adding snooze_alarm_gesture_pref to PrefMetricsManager.
04-09 15:42:51.816  3086  3086 I cast_shell: [3089:3089:INFO:pref_metrics_manager.cc(94)] Adding stop_timers_gesture_pref to PrefMetricsManager.
04-09 15:42:51.816  3086  3086 I cast_shell: [3089:3089:INFO:pref_control_service_impl.cc(107)] PrefControlService constructed.
04-09 15:42:51.816  3086  3086 I cast_shell: [3089:3089:INFO:grpc_manager_impl.cc(245)] Registered service chromecast.grpc_discovery.GrpcDiscoveryService
04-09 15:42:51.816  3086  3086 I cast_shell: [3089:3089:INFO:grpc_manager_impl.cc(262)] Registered a handler GetServiceInfo for service chromecast.grpc_discovery.GrpcDiscoveryService
04-09 15:42:51.817  3086  3086 I cast_shell: [3089:3089:INFO:grpc_manager_impl.cc(505)] GRPC[uri=unix:/tmp/hcp_ipc_auth.socket]: num_pending_calls=0, num_active_handlers=0, num_free_handlers=0
04-09 15:42:51.818  3086  3086 I cast_shell: [3089:3124:INFO:common_time.cc(128)] New common clock leader 577B5649E8518577D93D4B5D344D560F, is_this_device = 1, IP = [::1]:10006, quality = 0
04-09 15:42:51.818  3086  3086 I cast_shell: [3089:3124:INFO:common_time.cc(158)] Set this device as common time source
04-09 15:42:51.818  3086  3086 I cast_shell: [3089:3089:INFO:grpc_manager_impl.cc(245)] Registered service usonia.ipc.Auth
04-09 15:42:51.818  3086  3086 I cast_shell: [3089:3089:INFO:grpc_manager_impl.cc(262)] Registered a handler Sign for service usonia.ipc.Auth
04-09 15:42:51.818  3086  3086 I cast_shell: [3089:3089:INFO:grpc_manager_impl.cc(262)] Registered a handler Verify for service usonia.ipc.Auth
04-09 15:42:51.819  3086  3086 I cast_shell: [3089:3089:INFO:grpc_manager_impl.cc(262)] Registered a handler AuthReady for service usonia.ipc.Auth
04-09 15:42:51.819  3086  3086 I cast_shell: [3089:3089:INFO:grpc_manager_impl.cc(245)] Registered service usonia.ipc.DistributedServiceDiscovery
04-09 15:42:51.819  3086  3086 I cast_shell: [3089:3089:INFO:grpc_manager_impl.cc(262)] Registered a handler UpdateServiceObservers for service usonia.ipc.DistributedServiceDiscovery
04-09 15:42:51.819  3086  3086 I cast_shell: [3089:3089:INFO:grpc_manager_impl.cc(262)] Registered a handler FetchAllPeerAddressList for service usonia.ipc.DistributedServiceDiscovery
04-09 15:42:51.819  3086  3086 I cast_shell: [3089:3089:INFO:grpc_manager_impl.cc(262)] Registered a handler ResolvePeerAddress for service usonia.ipc.DistributedServiceDiscovery
04-09 15:42:51.819  3086  3086 I cast_shell: [3089:3089:INFO:grpc_manager_impl.cc(262)] Registered a handler AddService for service usonia.ipc.DistributedServiceDiscovery
04-09 15:42:51.819  3086  3086 I cast_shell: [3089:3089:INFO:grpc_manager_impl.cc(262)] Registered a handler IsServiceAllowed for service usonia.ipc.DistributedServiceDiscovery
04-09 15:42:51.819  3086  3086 I cast_shell: [3089:3089:INFO:grpc_manager_impl.cc(245)] Registered service usonia.ipc.LeaderElector
04-09 15:42:51.819  3086  3086 I cast_shell: [3089:3089:INFO:grpc_manager_impl.cc(262)] Registered a handler LeaderElection for service usonia.ipc.LeaderElector
04-09 15:42:51.819  3086  3086 I cast_shell: [3089:3089:INFO:grpc_manager_impl.cc(245)] Registered service usonia.ipc.TimeSynchronizer
04-09 15:42:51.819  3086  3086 I cast_shell: [3089:3089:INFO:grpc_manager_impl.cc(262)] Registered a handler ObserveCommonTime for service usonia.ipc.TimeSynchronizer
04-09 15:42:51.821  3086  3086 I cast_shell: [3089:3089:INFO:sensor_pref_manager.cc(84)] SensorPrefManager is disabled.
04-09 15:42:51.822  3086  3086 I cast_shell: [3089:3089:INFO:remote_ducking_receiver.cc(183)] remote ducking: starting receiver.
04-09 15:42:51.822  3086  3086 I cast_shell: [3089:3089:INFO:grpc_manager_impl.cc(505)] GRPC[uri=unix:/tmp/modular_updater/modular_update_service]: num_pending_calls=0, num_active_handlers=0, num_free_handlers=0
04-09 15:42:51.823  3086  3086 I cast_shell: [3089:3089:INFO:cast_power_manager_provider.cc(26)] Creating DummyCastPowerManagerProvider
04-09 15:42:51.829  3086  3086 I cast_shell: [3089:3089:INFO:timezone_settings.cc(288)] Setting system timezone to America/Los_Angeles
04-09 15:42:51.830  3086  3086 I cast_shell: [3089:3089:INFO:daily_reboot_impl.cc(172)] Daily reboot is disabled
04-09 15:42:51.830  3086  3086 I cast_shell: [3089:3089:INFO:api_reboot.cc(321)] active_activities count=1
04-09 15:42:51.831  3086  3086 I cast_shell: [3089:3089:INFO:cast_power_manager_provider.cc(26)] Creating DummyCastPowerManagerProvider
04-09 15:42:51.831  3086  3086 I cast_shell: [3089:3095:INFO:gamma_utils.cc(31)] Gamma calibration file is not present, use default LUT
04-09 15:42:51.831  3086  3086 I cast_shell: [3089:3089:INFO:cast_power_manager_provider.cc(26)] Creating DummyCastPowerManagerProvider
04-09 15:42:51.831  3086  3086 I cast_shell: [3089:3089:INFO:cast_power_manager_provider.cc(26)] Creating DummyCastPowerManagerProvider
04-09 15:42:51.832  3086  3086 I cast_shell: [3089:3089:INFO:setup_api_registry.cc(192)] Register external API: audio/delete_config
04-09 15:42:51.833  3086  3086 I cast_shell: [3089:3089:INFO:setup_api_registry.cc(192)] Register external API: audio/get_avail_processors
04-09 15:42:51.833  3086  3086 I cast_shell: [3089:3089:INFO:setup_api_registry.cc(192)] Register external API: audio/get_config
04-09 15:42:51.833  3086  3086 I cast_shell: [3089:3089:INFO:setup_api_registry.cc(192)] Register external API: audio/get_default_config
04-09 15:42:51.833  3086  3086 I cast_shell: [3089:3089:INFO:setup_api_registry.cc(192)] Register external API: audio/set_params
04-09 15:42:51.833  3086  3086 I cast_shell: [3089:3089:INFO:setup_api_registry.cc(192)] Register external API: audio/set_config
04-09 15:42:51.833  3086  3086 I cast_shell: [3089:3089:INFO:setup_api_registry.cc(192)] Register external API: user_eq/set_equalizer
04-09 15:42:51.833  3086  3086 I cast_shell: [3089:3089:INFO:capture_service_dummy.cc(11)] Dummy CaptureService.
04-09 15:42:51.834  3086  3086 I cast_shell: [3089:3095:INFO:tuning_manager.cc(118)] No file found at /etc/cast_audio.json
04-09 15:42:51.834  3086  3086 I cast_shell: [3089:3095:INFO:tuning_manager.cc(130)] No file found at /etc/cast_audio.json
04-09 15:42:51.837  3086  3086 I cast_shell: [3089:3089:INFO:setup_api_registry.cc(192)] Register external API: auto_media_volume
04-09 15:42:51.837  3086  3086 I cast_shell: [3089:3089:INFO:cast_thread_health_check.cc(53)] Receiver health check timeout: 15 seconds.
04-09 15:42:51.838  3086  3086 I cast_shell: [3089:3089:INFO:file_util.cc(28)] base_assistant_dir = /data/chrome
04-09 15:42:51.838  3086  3086 I cast_shell: [3089:3089:INFO:chromecast_service.cc(2189)] Geolocation changed to: 0
04-09 15:42:51.839  3086  3086 I cast_shell: [3089:3089:INFO:chromecast_service.cc(2229)] AoGH feature is: 0
04-09 15:42:51.839  3086  3086 I cast_shell: [3089:3089:INFO:chromecast_service.cc(2248)] Playback disruption feature is: 0
04-09 15:42:51.843  3086  3086 I cast_shell: [3089:3089:INFO:metrics_recorder.cc(112)] Metrics stat: total=0
04-09 15:42:51.843  3086  3086 I cast_shell: [3089:3112:INFO:media_manager_impl.cc(1043)] New device volume control type: new_type=1, old_type=0
04-09 15:42:51.844  3086  3086 I cast_shell: [3089:3112:INFO:media_manager_impl.cc(1066)] New device volume step interval: new_interval=0.02, old_interval=0
04-09 15:42:51.844  3086  3086 I cast_shell: [3089:3112:ERROR:media_manager_impl.cc(1294)] GetScreenResolution failed.
04-09 15:42:51.844  3086  3086 I cast_shell: [3089:3112:INFO:media_manager_impl.cc(343)] Media manager is initialized.
04-09 15:42:51.844  3086  3086 I cast_shell: [3089:3089:INFO:media_manager_impl.cc(269)] IsHdmiPlatform: 0
04-09 15:42:51.845  3086  3086 I cast_shell: [3089:3089:INFO:hds_settings.cc(136)] HdsSettings using HDS url https://preprod-home-devices.sandbox.google.com/
04-09 15:42:51.846  3086  3086 I cast_shell: [3089:3089:INFO:client_auth_creds.cc(173)] Device cert: 4D8AC5B9056A76852E4F FA:8F:CA:87:13:D1
04-09 15:42:51.846  3086  3086 I cast_shell: [3089:3089:INFO:client_auth_creds.cc(182)] Intermediate cert: LSB
04-09 15:42:51.847  3086  3086 I cast_shell: [3089:3089:INFO:client_auth_creds.cc(182)] Intermediate cert: Amlogic GVA Manufacturer Cert
04-09 15:42:51.847  3086  3086 I cast_shell: [3089:3089:INFO:client_auth_creds.cc(226)] Imported client auth cert.
04-09 15:42:51.847  3086  3086 I cast_shell: [3089:3089:INFO:client_auth_creds.cc(237)] Imported client auth private key
04-09 15:42:51.847  3086  3086 I cast_shell: [3089:3089:INFO:client_auth_signer.cc(155)] Created singleton instance of ClientAuthSigner.
04-09 15:42:51.847  3086  3086 I cast_shell: [3089:3089:INFO:client_auth_manager.cc(119)] Storing the certificate first used by the device.
04-09 15:42:51.904  3086  3086 I cast_shell: [3089:3089:WARNING:application_config_manager_impl.cc(253)] Cannot read application config file: /fakeapp.conf
04-09 15:42:51.904  3086  3086 I cast_shell: [3089:3089:INFO:application_manager_impl.cc(398)] Application manager is initialized.
04-09 15:42:51.905  3086  3086 I cast_shell: [3089:3089:INFO:mdns_cast_service.cc(156)] Device discovery state is idle
04-09 15:42:51.906  3086  3086 I cast_shell: [3089:3089:INFO:mdns_manager_impl.cc(177)] MdnsManager is initialized
04-09 15:42:51.906  3086  3086 I cast_shell: [3089:3137:INFO:mdns_app_filter.cc(573)] MdnsAppFilter initialized
04-09 15:42:51.906  3086  3086 I cast_shell: [3089:3137:INFO:discovered_service_client.cc(102)] Registering new service PTR listener: _googlecast._tcp.local
04-09 15:42:51.907  3086  3086 I cast_shell: [3089:3089:INFO:config_downloader.cc(239)] Set config periodic interval: min=300, max=420
04-09 15:42:51.907  3086  3086 I cast_shell: [3089:3089:INFO:crl_downloader.cc(274)] Set CRL periodic interval: min=2160, max=2880
04-09 15:42:51.907  3086  3086 I cast_shell: [3089:3089:INFO:hds_broker_impl.cc(121)] HDS type registered type.googleapis.com/home.hds.proto.device.relayedcasting.RelayedCastingPleaseConnectRequest
04-09 15:42:51.908  3086  3086 I cast_shell: [3089:3138:INFO:v2_transport.cc(458)] Added Cast V2 endpoint: id=Tr@n$p0rt-0, socket_factory_id=[PII](*)
04-09 15:42:51.908  3086  3086 I cast_shell: [3089:3138:INFO:endpoint_with_namespace_handler.cc(103)] Added a namespace handler: local_id=Tr@n$p0rt-0, namespace=urn:x-cast:com.google.cast.tp.connection
04-09 15:42:51.908  3086  3086 I cast_shell: [3089:3138:INFO:endpoint_with_namespace_handler.cc(103)] Added a namespace handler: local_id=Tr@n$p0rt-0, namespace=urn:x-cast:com.google.cast.tp.heartbeat
04-09 15:42:51.908  3086  3086 I cast_shell: [3089:3138:INFO:endpoint_with_namespace_handler.cc(103)] Added a namespace handler: local_id=Tr@n$p0rt-0, namespace=urn:x-cast:com.google.cast.tp.deviceauth
04-09 15:42:51.908  3086  3086 I cast_shell: [3089:3138:INFO:v2_transport.cc(335)] V2Transport initialized.
04-09 15:42:51.908  3086  3086 I cast_shell: [3089:3138:INFO:v2_transport.cc(411)] Added socket factory: id=domain-socket@/tmp/cast-control
04-09 15:42:51.908  3086  3086 I cast_shell: [3089:3138:INFO:v2_transport.cc(411)] Added socket factory: id=opencast-socket
04-09 15:42:51.909  3086  3086 I cast_shell: [3089:3089:INFO:mdns_util.cc(102)] Defaulting mDNS capabilities for audio-only build
04-09 15:42:51.909  3086  3086 I cast_shell: [3089:3089:INFO:virtual_device_manager.cc(138)] Added virtual device: id=[PII](f468e1e2-e7c5-f320-46f0-05d1c6251635)
04-09 15:42:51.909  3086  3086 I cast_shell: [3089:3089:INFO:ccs_manager_impl.cc(522)] Added CCS device
04-09 15:42:51.909  3086  3086 I cast_shell: [3089:3089:INFO:ccs_manager_impl.cc(523)] [PII] device_id=577B5649E8518577D93D4B5D344D560F
04-09 15:42:51.909  3086  3086 I cast_shell: [3089:3089:INFO:ccs_manager_impl.cc(838)] Device model revision set to 0
04-09 15:42:51.909  3086  3086 I cast_shell: [3089:3137:INFO:discovered_service_client.cc(102)] Registering new service PTR listener: _googlerpc._tcp.local
04-09 15:42:51.909  3086  3086 I cast_shell: [3089:3138:INFO:v2_transport.cc(458)] Added Cast V2 endpoint: id=receiver-f468e1e2-e7c5-f320-46f0-05d1c6251635, socket_factory_id=[PII](f468e1e2-e7c5-f320-46f0-05d1c6251635)
04-09 15:42:51.909  3086  3086 I cast_shell: [3089:3138:INFO:endpoint_with_namespace_handler.cc(103)] Added a namespace handler: local_id=receiver-f468e1e2-e7c5-f320-46f0-05d1c6251635, namespace=urn:x-cast:com.google.cast.receiver
04-09 15:42:51.909  3086  3086 I cast_shell: [3089:3138:INFO:endpoint_with_namespace_handler.cc(103)] Added a namespace handler: local_id=receiver-f468e1e2-e7c5-f320-46f0-05d1c6251635, namespace=urn:x-cast:com.google.cast.receiver.discovery
04-09 15:42:51.909  3086  3086 I cast_shell: [3089:3138:INFO:endpoint_with_namespace_handler.cc(103)] Added a namespace handler: local_id=receiver-f468e1e2-e7c5-f320-46f0-05d1c6251635, namespace=urn:x-cast:com.google.cast.receiver.debug
04-09 15:42:51.910  2734  2743 W HotspotManager: hotspot already stopped
04-09 15:42:51.910  3086  3086 I cast_shell: [3089:3095:INFO:hotspot_controller_netmgr.cc(134)] Hotspot socket initialized: /dev/socket/net_mgr
04-09 15:42:51.910  3086  3086 I cast_shell: [3089:3095:INFO:hotspot_manager.cc(103)] Stop zombie hotspot if there is one
04-09 15:42:51.910  3086  3086 I cast_shell: [3089:3138:INFO:v2_transport.cc(411)] Added socket factory: id=f468e1e2-e7c5-f320-46f0-05d1c6251635
04-09 15:42:51.910  3086  3086 I cast_shell: [3089:3138:INFO:endpoint_with_namespace_handler.cc(103)] Added a namespace handler: local_id=receiver-f468e1e2-e7c5-f320-46f0-05d1c6251635, namespace=urn:x-cast:com.google.cast.receiver.key_exchange
04-09 15:42:51.910  3086  3086 I cast_shell: [3089:3138:INFO:endpoint_with_namespace_handler.cc(103)] Added a namespace handler: local_id=receiver-f468e1e2-e7c5-f320-46f0-05d1c6251635, namespace=urn:x-cast:com.google.cast.broadcast
04-09 15:42:51.910  3086  3086 I cast_shell: [3089:3138:INFO:endpoint_with_namespace_handler.cc(103)] Added a namespace handler: local_id=receiver-f468e1e2-e7c5-f320-46f0-05d1c6251635, namespace=urn:x-cast:com.google.cast.proximity
04-09 15:42:51.910  3086  3086 I cast_shell: [3089:3138:INFO:endpoint_with_namespace_handler.cc(103)] Added a namespace handler: local_id=receiver-f468e1e2-e7c5-f320-46f0-05d1c6251635, namespace=urn:x-cast:com.google.cast.resource
04-09 15:42:51.914  3086  3086 I cast_shell: [3089:3089:INFO:setup_manager_impl.cc(610)] release channel: beta-channel
04-09 15:42:51.914  3086  3086 I cast_shell: [3089:3089:INFO:locale_manager.cc(245)] No timezone yet.
04-09 15:42:51.915  3086  3086 I cast_shell: [3089:3089:INFO:locale_manager.cc(274)] Current time format: 12-hour
04-09 15:42:51.916  3086  3086 I cast_shell: [3089:3089:INFO:locale_manager.cc(295)] No locale. Set default from factory: en-00
04-09 15:42:51.916  3086  3086 I cast_shell: [3089:3127:INFO:net_util_shlib_support.cc(51)] Wifi interface found: wlan0
04-09 15:42:51.916  3086  3086 I cast_shell: [3089:3127:INFO:net_util_shlib_support.cc(51)] Wifi interface found: p2p0
04-09 15:42:51.916  3086  3086 I cast_shell: [3089:3127:INFO:net_util_shlib_support.cc(51)] Wifi interface found: p2p1
04-09 15:42:51.916  3086  3086 I cast_shell: [3089:3127:INFO:net_util_shlib_support.cc(51)] Wifi interface found: wfd0
04-09 15:42:51.916  3086  3086 I cast_shell: [3089:3127:INFO:wifi_controller_wpa_supplicant.cc(456)] Wifi is active: wifi_netif=wlan0
04-09 15:42:51.916  3086  3086 I cast_shell: [3089:3127:INFO:wpa_ctrl_wrapper_impl.cc(64)] wpa_ctrl is open: path=/dev/socket/wpa_wlan0, is_monitor=0
04-09 15:42:51.916  3086  3086 I cast_shell: [3089:3089:INFO:locale_manager.cc(329)] Use factory country code: 00
04-09 15:42:51.916  3086  3086 I cast_shell: [3089:3127:INFO:wpa_ctrl_wrapper_impl.cc(64)] wpa_ctrl is open: path=/dev/socket/wpa_wlan0, is_monitor=1
04-09 15:42:51.916  3086  3086 I cast_shell: [3089:3127:INFO:wifi_controller_wpa_supplicant.cc(487)] After initialization: current_wifi_index_=0
04-09 15:42:51.925  2713  2725 I yani_server: NetLink Event '-1' Interface-Index '5' WLAN '-1' Ethernet '-1' Parsed-iFill '-1' -> 'INVALID' ifIndex '1' -> 'lo'
04-09 15:42:51.931  3086  3086 I cast_shell: [3089:3089:INFO:multizone_setup.cc(206)] OEM delay = 0 s
04-09 15:42:51.932  3086  3086 I cast_shell: [3089:3089:INFO:mdns_util.cc(102)] Defaulting mDNS capabilities for audio-only build
04-09 15:42:51.932  3086  3086 I cast_shell: [3089:3089:INFO:api_reboot.cc(321)] active_activities count=1
04-09 15:42:51.932  3086  3086 I cast_shell: [3089:3089:INFO:setup_api_registry.cc(192)] Register external API: reboot
04-09 15:42:51.932  3086  3086 I cast_shell: [3089:3144:INFO:multizone_manager.cc(539)] Dynamic groups are enabled
04-09 15:42:51.932  3086  3086 I cast_shell: [3089:3089:WARNING:cast_crypto_keys_openssl_shlib.cc(70)] No valid ESN read.
04-09 15:42:51.932  3086  3086 I cast_shell: [3089:3089:WARNING:cast_crypto_keys_openssl_shlib.cc(83)] Invalid or no DKE value read.
04-09 15:42:51.932  3086  3086 I cast_shell: [3089:3089:WARNING:cast_crypto_keys_openssl_shlib.cc(95)] Invalid or no DKH value read.
04-09 15:42:51.932  3086  3086 I cast_shell: [3089:3089:WARNING:cast_crypto_keys_openssl_shlib.cc(151)] Invalid or no DKW value read/computed.
04-09 15:42:51.932  3086  3086 I cast_shell: [3089:3144:INFO:multizone_group.cc(357)] Change name for group [PII](577B5649E8518577D93D4B5D344D560F) to [PII](LSB3534)
04-09 15:42:51.932  3086  3086 I cast_shell: [3089:3138:INFO:endpoint_with_namespace_handler.cc(103)] Added a namespace handler: local_id=receiver-f468e1e2-e7c5-f320-46f0-05d1c6251635, namespace=urn:x-cast:com.google.cast.multizone
04-09 15:42:51.932  3086  3086 I cast_shell: [3089:3137:INFO:discovered_service_client.cc(102)] Registering new service PTR listener: _googlezone._tcp.local
04-09 15:42:51.932  2713  2725 I yani_server: NetLink Event '-1' Interface-Index '5' WLAN '0' Ethernet '-1' Parsed-iFill '-1' -> 'INVALID' ifIndex '1' -> 'lo'
04-09 15:42:51.933  3086  3086 I cast_shell: [3089:3144:INFO:setup_api_registry.cc(192)] Register external API: multizone/aux_in
04-09 15:42:51.933  3086  3086 I cast_shell: [3089:3144:INFO:setup_api_registry.cc(192)] Register external API: multizone/disband_group
04-09 15:42:51.933  3086  3086 I cast_shell: [3089:3144:INFO:setup_api_registry.cc(192)] Register external API: multizone/join_group
04-09 15:42:51.933  3086  3086 I cast_shell: [3089:3144:INFO:setup_api_registry.cc(192)] Register external API: multizone/leave_group
04-09 15:42:51.933  3086  3086 I cast_shell: [3089:3144:INFO:setup_api_registry.cc(192)] Register external API: multizone/set_audio_output_delay
04-09 15:42:51.954  2735  2813 I bluetoothtbd: [0409/031251.954423:INFO:gatt_api.cc(1005)] GATT_Register
04-09 15:42:51.954  2735  2813 I bluetoothtbd: [0409/031251.954640:INFO:gatt_api.cc(1028)] allocated gatt_if=4
04-09 15:42:51.959  2735  2813 E bt_btif : register application first_unuse rcb_idx = 0
04-09 15:42:51.959  2735  2813 I bluetoothtbd: [0409/031251.959499:INFO:gatt_api.cc(1005)] GATT_Register
04-09 15:42:51.959  2735  2813 I bluetoothtbd: [0409/031251.959624:INFO:gatt_api.cc(1028)] allocated gatt_if=5
04-09 15:42:51.966  2735  2813 I bluetoothtbd: [0409/031251.966689:INFO:gatt_api.cc(1005)] GATT_Register
04-09 15:42:51.966  2735  2813 I bluetoothtbd: [0409/031251.966863:INFO:gatt_api.cc(1028)] allocated gatt_if=6
04-09 15:42:51.969  2735  2771 I bluetoothtbd: [0409/031251.969532:INFO:adapter.cc(551)] Adapter properties changed
04-09 15:42:51.969  2735  2771 I bluetoothtbd: [0409/031251.969685:INFO:adapter.cc(573)] Adapter name changed
04-09 15:42:51.970  2735  2771 I bluetoothtbd: [0409/031251.970750:INFO:adapter.cc(551)] Adapter properties changed
04-09 15:42:51.971  2735  2813 I bluetoothtbd: [0409/031251.971704:INFO:btif_ble_advertiser.cc(90)] RegisterAdvertiserCb status: 0 , adveriser_id: 0
04-09 15:42:51.972  3086  3086 I cast_shell: [3089:3089:INFO:input_manager_impl.cc(284)] RegisterInput: device_id: cast, type: 0, state: 0
04-09 15:42:51.973  3086  3086 I cast_shell: [3089:3138:INFO:endpoint_with_namespace_handler.cc(103)] Added a namespace handler: local_id=receiver-f468e1e2-e7c5-f320-46f0-05d1c6251635, namespace=urn:x-cast:com.google.cast.audio.input
04-09 15:42:51.973  2735  2771 I bluetoothtbd: [0409/031251.973406:INFO:adapter.cc(551)] Adapter properties changed
04-09 15:42:51.973  2735  2771 I bluetoothtbd: [0409/031251.973719:INFO:adapter.cc(551)] Adapter properties changed
04-09 15:42:51.973  2735  2771 E bluetoothtbd: [0409/031251.973853:ERROR:adapter.cc(608)] Invalid property length: 512
04-09 15:42:51.974  3086  3086 I cast_shell: [3089:3089:INFO:input_manager_impl.cc(308)] NotifyInputConnect: device_id: cast, sample_rate: 0, num_channels: 0
04-09 15:42:51.974  3086  3086 I cast_shell: [3089:3127:INFO:gatt_client_manager_impl.cc(202)] Enabling GATT client connectability
04-09 15:42:51.974  3086  3086 I cast_shell: [3089:3089:INFO:input_manager_impl.cc(370)] SetActiveInput: cast
04-09 15:42:51.974  3086  3086 I cast_shell: [3089:3127:INFO:setup_api_registry.cc(192)] Register external API: input/status
04-09 15:42:51.975  3086  3086 I cast_shell: [3089:3127:INFO:setup_api_registry.cc(192)] Register external API: input/set_active
04-09 15:42:51.975  3086  3086 I cast_shell: [3089:3127:INFO:setup_api_registry.cc(192)] Register external API: input/debug_register
04-09 15:42:51.975  3086  3086 I cast_shell: [3089:3127:INFO:setup_api_registry.cc(192)] Register external API: input/debug_connect
04-09 15:42:51.975  3086  3086 I cast_shell: [3089:3127:INFO:setup_api_registry.cc(192)] Register external API: input/debug_disconnect
04-09 15:42:51.975  3086  3086 I cast_shell: [3089:3089:INFO:bluetooth_setup.cc(690)] Disabling connectability.
04-09 15:42:51.975  3086  3086 I cast_shell: [3089:3089:INFO:input_manager_impl.cc(284)] RegisterInput: device_id: bluetooth, type: 1, state: 0
04-09 15:42:51.976  2735  2771 I bluetoothtbd: [0409/031251.976391:INFO:adapter.cc(551)] Adapter properties changed
04-09 15:42:51.977  3086  3086 I cast_shell: [3089:3127:INFO:bluetooth_manager.cc(115)] Record action: Cast.Bluetooth.DiscoveryMode.Disable
04-09 15:42:51.977  3086  3086 I cast_shell: [3089:3127:INFO:setup_api_registry.cc(192)] Register external API: bluetooth/api
04-09 15:42:51.977  3086  3086 I cast_shell: [3089:3127:INFO:setup_api_registry.cc(192)] Register external API: bluetooth/bond
04-09 15:42:51.977  3086  3086 I cast_shell: [3089:3127:INFO:setup_api_registry.cc(192)] Register external API: bluetooth/connect
04-09 15:42:51.977  3086  3086 I cast_shell: [3089:3127:INFO:setup_api_registry.cc(192)] Register external API: bluetooth/discovery
04-09 15:42:51.978  3086  3086 I cast_shell: [3089:3138:INFO:endpoint_with_namespace_handler.cc(103)] Added a namespace handler: local_id=receiver-f468e1e2-e7c5-f320-46f0-05d1c6251635, namespace=urn:x-cast:com.google.cast.companionauth
04-09 15:42:51.978  3086  3086 I cast_shell: [3089:3138:INFO:endpoint_with_namespace_handler.cc(103)] Added a namespace handler: local_id=receiver-f468e1e2-e7c5-f320-46f0-05d1c6251635, namespace=urn:x-cast:com.google.cast.companion
04-09 15:42:51.978  3086  3086 I cast_shell: [3089:3138:INFO:endpoint_with_namespace_handler.cc(103)] Added a namespace handler: local_id=receiver-f468e1e2-e7c5-f320-46f0-05d1c6251635, namespace=urn:x-cast:com.google.cast.timesync
04-09 15:42:51.978  3086  3086 I cast_shell: [3089:3089:INFO:hds_broker_impl.cc(121)] HDS type registered type.googleapis.com/home.hds.proto.device.cast.ManagedModeCommandRequest
04-09 15:42:51.978  3086  3086 I cast_shell: [3089:3127:INFO:setup_api_registry.cc(192)] Register external API: bluetooth/le/scan
04-09 15:42:51.984  3086  3086 I cast_shell: [3089:3089:ERROR:server.cc(243)] XDG_RUNTIME_DIR not set in the environment
04-09 15:42:51.984  3086  3086 I cast_shell: [3089:3089:ERROR:wayland_server_controller.cc(27)] Wayland server creation failed
04-09 15:42:51.984  3086  3086 I cast_shell: [3089:3089:WARNING:cast_metrics_service_client.cc(134)] Empty client id from platform, assuming this is the first boot up of a new device.
04-09 15:42:51.984  3086  3086 I cast_shell: [3089:3089:INFO:cast_metrics_service_client.cc(93)] Metrics client ID set: 342d20d4-d057-49f4-a1d2-11801f215084
04-09 15:42:51.984  3086  3086 I cast_shell: [3089:3089:INFO:device_info_impl.cc(970)] Metrics client ID: 342d20d4-d057-49f4-a1d2-11801f215084
04-09 15:42:51.986  3086  3086 I cast_shell: [3089:3089:INFO:cast_metrics_service_client.cc(93)] Metrics client ID set: 342d20d4-d057-49f4-a1d2-11801f215084
04-09 15:42:51.986  3086  3086 I cast_shell: [3089:3089:INFO:device_info_impl.cc(970)] Metrics client ID: 342d20d4-d057-49f4-a1d2-11801f215084
04-09 15:42:51.987  3086  3086 I cast_shell: [3089:3089:INFO:cast_receiver_impl.cc(828)] Cast receiver started.
04-09 15:42:51.988  3086  3086 I cast_shell: [3089:3089:WARNING:cast_receiver_impl.cc(1126)] Network is not globally connected. Don't schedule config downloading yet.
04-09 15:42:51.988  3086  3086 I cast_shell: [3089:3095:INFO:crypto_manager.cc(75)] Creating private key: size=2048
04-09 15:42:51.988  3086  3086 I cast_shell: [3089:3089:INFO:ccs_manager_impl.cc(663)] Starting cloud ipc activity with CCS
04-09 15:42:51.988  3086  3086 I cast_shell: [3089:3089:INFO:ccs_manager_impl.cc(1286)] CcsManagerImpl opt_in.cloud_ipc pref changed: 1
04-09 15:42:51.988  3086  3086 I cast_shell: [3089:3089:INFO:ccs_manager_impl.cc(1322)] Waiting for all transports to be enabled
04-09 15:42:51.988  3086  3086 I cast_shell: [3089:3089:INFO:ccs_transport_gcm.cc(94)] Deferring GCM registration until connectivity is up
04-09 15:42:51.988  3086  3086 I cast_shell: [3089:3089:INFO:multizone_manager.cc(2397)] Resuming MultizoneManager
04-09 15:42:51.988  3086  3086 I cast_shell: [3089:3089:INFO:cast_receiver_impl.cc(934)] Cast receiver resumed.
04-09 15:42:51.988  3086  3086 I cast_shell: [3089:3089:WARNING:cast_receiver_impl.cc(1138)] Network is not globally connected. Don't schedule CRL downloading yet.
04-09 15:42:51.988  3086  3086 I cast_shell: [3089:3138:INFO:v2_unix_domain_socket_factory.cc(84)] Cast V2 Unix domain socket is listening: path=/tmp/cast-control
04-09 15:42:52.006  3086  3086 I cast_shell: [3089:3089:INFO:audio_focus_manager_impl.cc(27)] use_media_starting_block: 0
04-09 15:42:52.007  3086  3086 I cast_shell: [3089:3089:INFO:grpc_auth_manager_in_process.cc(135)] Initializing Auth.
04-09 15:42:52.007  3086  3086 I cast_shell: [3089:3089:INFO:grpc_manager_impl.cc(505)] GRPC[uri=[::]:8012]: num_pending_calls=0, num_active_handlers=0, num_free_handlers=0
04-09 15:42:52.011  3086  3086 I cast_shell: [3089:3089:INFO:grpc_manager_impl.cc(317)] Grpc server started in port 8012
04-09 15:42:52.011  3086  3086 I cast_shell: [3089:3089:INFO:ccs_manager_impl.cc(851)] Network connectivity down for CcsManager
04-09 15:42:52.014  3086  3086 I cast_shell: [3089:3108:INFO:cast_auth_api_adaptor.cc(82)] CastAuth: init with library: libcast_auth.so
04-09 15:42:52.014  3086  3086 I cast_shell: [3089:3108:INFO:cast_auth_api_adaptor.cc(93)] CastAuth: common module initialization successful.
04-09 15:42:52.014  3086  3086 I cast_shell: [3089:3108:INFO:cast_auth_api_adaptor.cc(98)] CastAuth: model-based module initialization successful.
04-09 15:42:52.020  3086  3086 I cast_shell: [3089:3127:INFO:ble_setup.cc(789)] Missing required info for sign.
04-09 15:42:52.024  3086  3086 I cast_shell: [3089:3089:INFO:mdns_manager_impl.cc(468)] Setting new conflict callback
04-09 15:42:52.025  3086  3086 I cast_shell: [3089:3089:INFO:mdns_util.cc(102)] Defaulting mDNS capabilities for audio-only build
04-09 15:42:52.025  3086  3086 I cast_shell: [3089:3089:INFO:ccs_manager_impl.cc(1322)] Waiting for all transports to be enabled
04-09 15:42:52.025  3086  3086 I cast_shell: [3089:3089:INFO:bluetooth_setup.cc(690)] Disabling connectability.
04-09 15:42:52.025  3086  3086 I cast_shell: [3089:3089:INFO:input_manager_impl.cc(468)] Using virtual device f468e1e2-e7c5-f320-46f0-05d1c6251635
04-09 15:42:52.026  3086  3086 I cast_shell: [3089:3089:INFO:virtual_device_manager.cc(247)] Virtual device [PII](f468e1e2-e7c5-f320-46f0-05d1c6251635) using Cast V2 port 8009
04-09 15:42:52.027  3086  3086 I cast_shell: [3089:3089:INFO:metrics_recorder.cc(282)] cast event: Cast.System.Timezone.ChangeSuccessful
04-09 15:42:52.027  3086  3086 I cast_shell: [3089:3089:WARNING:channel_selector_impl.cc(113)] Cannot get selected channels from json, will use the previous value {0,1}.
04-09 15:42:52.067  3086  3086 I cast_shell: [3089:3089:INFO:secure_storage_impl.cc(107)] Secure storage initialized.
04-09 15:42:52.067  3086  3086 I cast_shell: [3089:3089:INFO:ccs_manager_impl.cc(851)] Network connectivity down for CcsManager
04-09 15:42:52.131  2958  2968 D wac-main: Netlink event
04-09 15:42:52.131  2958  2968 E wac-main: Netlink event 16 Interface Index 6 
04-09 15:42:52.131  2958  2968 E wac-main: p2p0 event Link Changed : 1002 
04-09 15:42:52.131  2958  2968 E wac-main: Enter poll and wait
04-09 15:42:52.131  2713  2725 I yani_kernel: yani_geteventfrom_changeaddr() Message-Id '1' Netlink event '16' Interface Index '6' -> Name 'p2p0' 
04-09 15:42:52.139  3086  3086 I cast_shell: [3089:3137:INFO:metrics_recorder.cc(282)] cast event: Cast.Discovery.Mdns.SocketCreated
04-09 15:42:52.139  3086  3086 I cast_shell: [3089:3137:INFO:mdns_app_filter.cc(1254)] Created mDNS socket for interface:name=p2p1, address=192.168.2.1, index=7
04-09 15:42:52.139  3086  3086 I cast_shell: [3089:3137:INFO:metrics_recorder.cc(282)] cast event: Cast.Discovery.Mdns.SocketCreated
04-09 15:42:52.139  3086  3086 I cast_shell: [3089:3137:INFO:mdns_app_filter.cc(1254)] Created mDNS socket for interface:name=usb0, address=192.168.10.1, index=9
04-09 15:42:52.139  3086  3086 I cast_shell: [3089:3137:INFO:mdns_app_filter.cc(977)] MdnsAppFilter is starting.
04-09 15:42:52.139  3086  3086 I cast_shell: [3089:3137:INFO:metrics_recorder.cc(282)] cast event: Cast.Discovery.Mdns.ResponderStarted
04-09 15:42:52.145  2734  2743 I HotspotManager: setSSID <SSID omitted> visible
04-09 15:42:52.145  3086  3086 I cast_shell: [3089:3089:INFO:mdns_manager_impl.cc(311)] Successfully registered service: type=_googlerpc
04-09 15:42:52.145  3086  3086 I cast_shell: [3089:3089:INFO:mdns_manager_impl.cc(311)] Successfully registered service: type=_googlecast
04-09 15:42:52.145  3086  3086 I cast_shell: [3089:3089:INFO:virtual_device.cc(254)] Registered mDNS service for virtual device: id=f468e1e2-e7c5-f320-46f0-05d1c6251635
04-09 15:42:52.146  3086  3086 I cast_shell: [3089:3089:INFO:device_info_impl.cc(1094)] Primary netif changed: new=usb0, old=
04-09 15:42:52.146  3086  3086 I cast_shell: [3089:3089:INFO:device_info_impl.cc(1103)] Primary IP address changed: netif=usb0, new=192.168.10.1, old=
04-09 15:42:52.146  3086  3086 I cast_shell: [3089:3089:INFO:cast_receiver_impl.cc(1612)] mDNS Discovery stopped.
04-09 15:42:52.146  3086  3086 I cast_shell: [3089:3089:INFO:cast_receiver_impl.cc(1667)] Network is globally disconnected. Refresh CcsManager
04-09 15:42:52.146  3086  3086 I cast_shell: [3089:3089:INFO:iot_auth_manager_wrapper.cc(307)] Network provider informed of disconnected network status.
04-09 15:42:52.154  2735  2771 I bluetoothtbd: [0409/031252.154478:INFO:adapter.cc(551)] Adapter properties changed
04-09 15:42:52.154  2735  2771 I bluetoothtbd: [0409/031252.154630:INFO:adapter.cc(573)] Adapter name changed
04-09 15:42:52.156  2735  2771 I bluetoothtbd: [0409/031252.156651:INFO:adapter.cc(551)] Adapter properties changed
04-09 15:42:52.159  3086  3086 I cast_shell: [3089:3127:INFO:bluetooth_manager.cc(1232)] [PII] Set device name to 'LSB3534'
04-09 15:42:52.159  3086  3086 I cast_shell: [3089:3127:INFO:bluetooth_manager.cc(115)] Record action: Cast.Bluetooth.DiscoveryMode.Disable
04-09 15:42:52.159  3086  3086 I cast_shell: [3089:3127:INFO:ble_setup.cc(1096)] LAT flag change 0
04-09 15:42:52.159  2734  2743 E WifiUtil: Setting interface p2p0 up.
04-09 15:42:52.160  2734  2743 E WifiUtil: ioctl SIOCGIWFREQ fails for wlan0 Bad address
04-09 15:42:52.207  2965  2982 I otamanager: OTAManager connected to CastUpdater via  /tmp/socket/system_updater
04-09 15:42:52.207  2965  2982 I otamanager: cast_updater_threadEntry socket handle 5
04-09 15:42:52.302  2959  3003 I LibreCastControl: LibreCastControl_init() Socket Initialized
04-09 15:42:52.312  2959  3003 E LibreCastControl: PULSAR:CreateCastControlThread:18
04-09 15:42:52.312  2959  3003 E LibreCastControl: Create LibreCastLUCITimerThreadInit 
04-09 15:42:52.312  2959  3163 E LibreCastControl: PULSAR:Run:23
04-09 15:42:52.313  2959  3164 E LibreCastControl: Timer Sem Wait Start iCastPlayerstate = 0 
04-09 15:42:52.326  2693  2693 I sh      : [0409/031252.326036:INFO:cast_control_impl.cc(744)] CastControl has started running.
04-09 15:42:52.327  2693  2693 I sh      : [0409/031252.326913:INFO:cast_control_impl.cc(745)] Attempting to connect CastMessageService. socket=/tmp/cast-control
04-09 15:42:52.330  2959  3163 I LibreCastControlDelegate: OnCastStatus() +++ :0xad13a198:STARTING
04-09 15:42:52.330  2693  2693 I sh      : [0409/031252.329862:INFO:cast_control_socket.cc(64)] Successfully connected Cast Control Socket
04-09 15:42:52.330  2959  3163 E LibreCastControlDelegate: OnCastStatus:177
04-09 15:42:52.331  2959  3163 I LibreCastControl: LibreCastControl_SetCastName()  name 'Lyric Speaker Box 21f384' RequestId '1' pCastControl 0xf4a00728
04-09 15:42:52.331  2959  3163 I LibreCastControlDelegate: Active Applications -> 0
04-09 15:42:52.331  2959  3163 I LibreCastControlDelegate: Current Cast State '1' -> 'STARTING'
04-09 15:42:52.331  2959  3163 I LibreCastControlDelegate: OnCastStatus() ---
04-09 15:42:52.331  2693  2693 I sh      : [0409/031252.331854:INFO:cast_message_service_impl.cc(185)] Sending connect message!
04-09 15:42:52.336  3086  3086 I cast_shell: [3089:3138:INFO:metrics_recorder.cc(282)] Cast v2 action(socket_id=domain-socket@/tmp/cast-control.1): CastV2.Connection.Connect.In
04-09 15:42:52.336  3086  3086 I cast_shell: [3089:3089:INFO:resource_namespace_handler.cc(307)] Setting resource provider: sender_id=domain-socket@/tmp/cast-control.1:system-0
04-09 15:42:52.337  2693  2693 I sh      : [0409/031252.337097:INFO:cast_message_service_impl.cc(1007)] CastMessageServiceImpl matched versions
04-09 15:42:52.626  2734  2743 I WifiUtil: get p2p0 channel 6 (2437MHz)
04-09 15:42:52.626  2734  2743 I HotspotManager: start hostapd at channel=6 SSID=<SSID omitted> hidden_ssid=0
04-09 15:42:52.632  3086  3086 I cast_shell: [3089:3137:INFO:metrics_recorder.cc(282)] cast event: Cast.Discovery.Mdns.SocketCreated
04-09 15:42:52.632  3086  3086 I cast_shell: [3089:3137:INFO:mdns_app_filter.cc(1254)] Created mDNS socket for interface:name=p2p1, address=192.168.2.1, index=7
04-09 15:42:52.632  3086  3086 I cast_shell: [3089:3137:INFO:metrics_recorder.cc(282)] cast event: Cast.Discovery.Mdns.SocketCreated
04-09 15:42:52.632  3086  3086 I cast_shell: [3089:3137:INFO:mdns_app_filter.cc(1254)] Created mDNS socket for interface:name=usb0, address=192.168.10.1, index=9
