04-09 17:06:34.690  2713  2725 I yani_server: NetLink Event '-1' Interface-Index '5' WLAN '0' Ethernet '-1' Parsed-iFill '-1' -> 'INVALID' ifIndex '1' -> 'lo'
04-09 17:06:34.690  2713  2725 I yani_kernel: yani_geteventfrom_changeaddr() Message-Id '1' Netlink event '16' Interface Index '5' -> Name 'wlan0' 
04-09 17:06:34.693  2713  2725 I yani_kernel: yani_geteventfrom_changeaddr() Message-Id '1' Netlink event '16' Interface Index '5' -> Name 'wlan0' 
04-09 17:06:34.702  2953  3156 I LibreCastControlDelegate: OnCastStatus() +++ Lyric Speaker Box 21f384:0xac793198:OFFLINE
04-09 17:06:34.702  2953  3156 I LibreCastControlDelegate: Device Build Number -> '1.52.272222'
04-09 17:06:34.702  2953  3156 I librecast: updateCastBuildVersion() Version 1.52.272222
04-09 17:06:34.702  2714  2721 I lucitransport: readRemoteMessage() MID char = 7 buffer = 1.52.272222
04-09 17:06:34.703  2953  3156 I LibreCastControlDelegate: Active Applications -> 0
04-09 17:06:34.703  2953  3156 I LibreCastControlDelegate: Current Cast State '3' -> 'OFFLINE'
04-09 17:06:34.703  2953  3156 I LibreCastControlDelegate: OnCastStatus() ---
04-09 17:06:35.037  3078  3078 I cast_shell: [3081:3120:INFO:metrics_recorder.cc(282)] Record action: Setup.version.BLE
04-09 17:06:35.065  3078  3078 I cast_shell: [3081:3120:INFO:metrics_recorder.cc(282)] Record action: Setup.tos_accepted.BLE
04-09 17:06:35.095  3078  3078 I cast_shell: [3081:3120:INFO:metrics_recorder.cc(282)] Record action: Setup.state.BLE
04-09 17:06:35.125  3078  3078 I cast_shell: [3081:3120:INFO:metrics_recorder.cc(282)] Record action: Setup.ip_address.BLE
04-09 17:06:35.319  3078  3078 I cast_shell: [3081:3089:ERROR:connectivity_checker_impl.cc(265)] Connectivity check failed: 400
04-09 17:06:35.667  3078  3078 I cast_shell: [3081:3120:INFO:metrics_recorder.cc(282)] Record action: Setup.version.BLE
04-09 17:06:35.695  3078  3078 I cast_shell: [3081:3120:INFO:metrics_recorder.cc(282)] Record action: Setup.tos_accepted.BLE
04-09 17:06:35.726  3078  3078 I cast_shell: [3081:3120:INFO:metrics_recorder.cc(282)] Record action: Setup.state.BLE
04-09 17:06:35.757  3078  3078 I cast_shell: [3081:3120:INFO:metrics_recorder.cc(282)] Record action: Setup.ip_address.BLE
04-09 17:06:36.296  3078  3078 I cast_shell: [3081:3120:INFO:metrics_recorder.cc(282)] Record action: Setup.version.BLE
04-09 17:06:36.325  3078  3078 I cast_shell: [3081:3120:INFO:metrics_recorder.cc(282)] Record action: Setup.tos_accepted.BLE
04-09 17:06:36.326  3078  3078 I cast_shell: [3081:3089:ERROR:connectivity_checker_impl.cc(265)] Connectivity check failed: 400
04-09 17:06:36.356  3078  3078 I cast_shell: [3081:3120:INFO:metrics_recorder.cc(282)] Record action: Setup.state.BLE
04-09 17:06:36.400  3078  3078 I cast_shell: [3081:3120:INFO:metrics_recorder.cc(282)] Record action: Setup.ip_address.BLE
04-09 17:06:36.941  3078  3078 I cast_shell: [3081:3120:INFO:metrics_recorder.cc(282)] Record action: Setup.version.BLE
04-09 17:06:36.970  3078  3078 I cast_shell: [3081:3120:INFO:metrics_recorder.cc(282)] Record action: Setup.tos_accepted.BLE
04-09 17:06:37.001  3078  3078 I cast_shell: [3081:3120:INFO:metrics_recorder.cc(282)] Record action: Setup.state.BLE
04-09 17:06:37.030  3078  3078 I cast_shell: [3081:3120:INFO:metrics_recorder.cc(282)] Record action: Setup.ip_address.BLE
04-09 17:06:37.333  3078  3078 I cast_shell: [3081:3089:ERROR:connectivity_checker_impl.cc(265)] Connectivity check failed: 400
04-09 17:06:37.571  3078  3078 I cast_shell: [3081:3120:INFO:metrics_recorder.cc(282)] Record action: Setup.version.BLE
04-09 17:06:37.600  3078  3078 I cast_shell: [3081:3120:INFO:metrics_recorder.cc(282)] Record action: Setup.tos_accepted.BLE
04-09 17:06:37.630  3078  3078 I cast_shell: [3081:3120:INFO:metrics_recorder.cc(282)] Record action: Setup.state.BLE
04-09 17:06:37.661  3078  3078 I cast_shell: [3081:3120:INFO:metrics_recorder.cc(282)] Record action: Setup.ip_address.BLE
04-09 17:06:38.202  3078  3078 I cast_shell: [3081:3120:INFO:metrics_recorder.cc(282)] Record action: Setup.version.BLE
04-09 17:06:38.231  3078  3078 I cast_shell: [3081:3120:INFO:metrics_recorder.cc(282)] Record action: Setup.tos_accepted.BLE
04-09 17:06:38.260  3078  3078 I cast_shell: [3081:3120:INFO:metrics_recorder.cc(282)] Record action: Setup.state.BLE
04-09 17:06:38.290  3078  3078 I cast_shell: [3081:3120:INFO:metrics_recorder.cc(282)] Record action: Setup.ip_address.BLE
04-09 17:06:38.339  3078  3078 I cast_shell: [3081:3089:ERROR:connectivity_checker_impl.cc(265)] Connectivity check failed: 400
04-09 17:06:38.832  3078  3078 I cast_shell: [3081:3120:INFO:metrics_recorder.cc(282)] Record action: Setup.version.BLE
04-09 17:06:38.860  3078  3078 I cast_shell: [3081:3120:INFO:metrics_recorder.cc(282)] Record action: Setup.tos_accepted.BLE
04-09 17:06:38.890  3078  3078 I cast_shell: [3081:3120:INFO:metrics_recorder.cc(282)] Record action: Setup.state.BLE
04-09 17:06:38.919  3078  3078 I cast_shell: [3081:3120:INFO:metrics_recorder.cc(282)] Record action: Setup.ip_address.BLE
04-09 17:06:39.346  3078  3078 I cast_shell: [3081:3089:ERROR:connectivity_checker_impl.cc(265)] Connectivity check failed: 400
04-09 17:06:39.461  3078  3078 I cast_shell: [3081:3120:INFO:metrics_recorder.cc(282)] Record action: Setup.version.BLE
04-09 17:06:39.490  3078  3078 I cast_shell: [3081:3120:INFO:metrics_recorder.cc(282)] Record action: Setup.tos_accepted.BLE
04-09 17:06:39.519  3078  3078 I cast_shell: [3081:3120:INFO:metrics_recorder.cc(282)] Record action: Setup.state.BLE
04-09 17:06:39.550  3078  3078 I cast_shell: [3081:3120:INFO:metrics_recorder.cc(282)] Record action: Setup.ip_address.BLE
04-09 17:06:39.786  2713  2725 I yani_server: NetLink Event '-1' Interface-Index '5' WLAN '-1' Ethernet '-1' Parsed-iFill '-1' -> 'INVALID' ifIndex '1' -> 'lo'
04-09 17:06:40.091  3078  3078 I cast_shell: [3081:3120:INFO:metrics_recorder.cc(282)] Record action: Setup.version.BLE
04-09 17:06:40.119  3078  3078 I cast_shell: [3081:3120:INFO:metrics_recorder.cc(282)] Record action: Setup.tos_accepted.BLE
04-09 17:06:40.149  3078  3078 I cast_shell: [3081:3120:INFO:metrics_recorder.cc(282)] Record action: Setup.state.BLE
04-09 17:06:40.181  3078  3078 I cast_shell: [3081:3120:INFO:metrics_recorder.cc(282)] Record action: Setup.ip_address.BLE
04-09 17:06:40.353  3078  3078 I cast_shell: [3081:3089:ERROR:connectivity_checker_impl.cc(265)] Connectivity check failed: 400
04-09 17:06:40.721  3078  3078 I cast_shell: [3081:3120:INFO:metrics_recorder.cc(282)] Record action: Setup.version.BLE
04-09 17:06:40.750  3078  3078 I cast_shell: [3081:3120:INFO:metrics_recorder.cc(282)] Record action: Setup.tos_accepted.BLE
04-09 17:06:40.780  3078  3078 I cast_shell: [3081:3120:INFO:metrics_recorder.cc(282)] Record action: Setup.state.BLE
04-09 17:06:40.809  3078  3078 I cast_shell: [3081:3120:INFO:metrics_recorder.cc(282)] Record action: Setup.ip_address.BLE
04-09 17:06:41.340  3078  3078 I cast_shell: [3081:3120:ERROR:setup_state.cc(424)] Timeout for state=SETUP_STATE_CHECKING_GLOBAL_CONNECTIVITY(50): move to state=SETUP_STATE_CHECKING_GLOBAL_CONNECTIVITY_BAD_ROUTER_WIFI_NOT_SAVED(51).
04-09 17:06:41.340  3078  3078 I cast_shell: [3081:3120:INFO:setup_state.cc(261)] Setup state changed: SETUP_STATE_CHECKING_GLOBAL_CONNECTIVITY (50) -> SETUP_STATE_CHECKING_GLOBAL_CONNECTIVITY_BAD_ROUTER_WIFI_NOT_SAVED (51)
04-09 17:06:41.344  2953  3156 I LibreCastControlDelegate: OnCastStatus() +++ Lyric Speaker Box 21f384:0xac793198:OFFLINE
04-09 17:06:41.344  2953  3156 I LibreCastControlDelegate: Device Build Number -> '1.52.272222'
04-09 17:06:41.344  2953  3156 I librecast: updateCastBuildVersion() Version 1.52.272222
04-09 17:06:41.345  2714  2721 I lucitransport: readRemoteMessage() MID char = 7 buffer = 1.52.272222
04-09 17:06:41.345  2953  3156 I LibreCastControlDelegate: Active Applications -> 0
04-09 17:06:41.345  2953  3156 I LibreCastControlDelegate: Current Cast State '3' -> 'OFFLINE'
04-09 17:06:41.345  2953  3156 I LibreCastControlDelegate: OnCastStatus() ---
04-09 17:06:41.351  3078  3078 I cast_shell: [3081:3120:INFO:metrics_recorder.cc(282)] Record action: Setup.version.BLE
04-09 17:06:41.359  3078  3078 I cast_shell: [3081:3089:ERROR:connectivity_checker_impl.cc(265)] Connectivity check failed: 400
04-09 17:06:41.395  3078  3078 I cast_shell: [3081:3120:INFO:metrics_recorder.cc(282)] Record action: Setup.tos_accepted.BLE
04-09 17:06:41.425  3078  3078 I cast_shell: [3081:3120:INFO:metrics_recorder.cc(282)] Record action: Setup.state.BLE
04-09 17:06:41.455  3078  3078 I cast_shell: [3081:3120:INFO:metrics_recorder.cc(282)] Record action: Setup.ip_address.BLE
04-09 17:06:41.997  3078  3078 I cast_shell: [3081:3120:INFO:metrics_recorder.cc(282)] Record action: Setup.version.BLE
04-09 17:06:42.025  3078  3078 I cast_shell: [3081:3120:INFO:metrics_recorder.cc(282)] Record action: Setup.tos_accepted.BLE
04-09 17:06:42.055  3078  3078 I cast_shell: [3081:3120:INFO:metrics_recorder.cc(282)] Record action: Setup.state.BLE
04-09 17:06:42.084  3078  3078 I cast_shell: [3081:3120:INFO:metrics_recorder.cc(282)] Record action: Setup.ip_address.BLE
04-09 17:06:42.365  3078  3078 I cast_shell: [3081:3089:ERROR:connectivity_checker_impl.cc(265)] Connectivity check failed: 400
04-09 17:06:42.627  3078  3078 I cast_shell: [3081:3120:INFO:metrics_recorder.cc(282)] Record action: Setup.version.BLE
04-09 17:06:42.656  3078  3078 I cast_shell: [3081:3120:INFO:metrics_recorder.cc(282)] Record action: Setup.tos_accepted.BLE
04-09 17:06:42.685  3078  3078 I cast_shell: [3081:3120:INFO:metrics_recorder.cc(282)] Record action: Setup.state.BLE
04-09 17:06:42.715  3078  3078 I cast_shell: [3081:3120:INFO:metrics_recorder.cc(282)] Record action: Setup.ip_address.BLE
04-09 17:06:43.175  2712  2712 I wpa_supplicant: wlan0: Selected BSS :ef (level:-46 noise:-61 frequency:2427)
04-09 17:06:43.175  2712  2712 I wpa_supplicant: wlan0: SME: Trying to authenticate with c8:b3:73:44:ae:ef (SSID='Linksys16717_2G' freq=2427 MHz)
04-09 17:06:43.177  2713  2725 I yani_server: NetLink Event '-1' Interface-Index '5' WLAN '0' Ethernet '-1' Parsed-iFill '-1' -> 'INVALID' ifIndex '1' -> 'lo'
04-09 17:06:43.178  2713  2725 I yani_server: NetLink Event '-1' Interface-Index '5' WLAN '0' Ethernet '-1' Parsed-iFill '-1' -> 'INVALID' ifIndex '1' -> 'lo'
04-09 17:06:43.180  2952  2962 D wac-main: Netlink event
04-09 17:06:43.180  2952  2962 E wac-main: Netlink event 16 Interface Index 5 
04-09 17:06:43.180  2952  2962 E wac-main: Enter poll and wait
04-09 17:06:43.180  2952  2962 D wac-main: Netlink event
04-09 17:06:43.180  2952  2962 E wac-main: Netlink event 16 Interface Index 5 
04-09 17:06:43.180  2952  2962 E wac-main: Enter poll and wait
04-09 17:06:43.183  2713  2725 I yani_server: NetLink Event '-1' Interface-Index '5' WLAN '0' Ethernet '-1' Parsed-iFill '-1' -> 'INVALID' ifIndex '1' -> 'lo'
04-09 17:06:43.188  2712  2712 I wpa_supplicant: wlan0: Trying to associate with c8:b3:73:44:ae:ef (SSID='Linksys16717_2G' freq=2427 MHz)
04-09 17:06:43.190  2713  2725 I chatty  : uid=0(root) YaniServer identical 4 lines
04-09 17:06:43.191  2713  2725 I yani_server: NetLink Event '-1' Interface-Index '5' WLAN '0' Ethernet '-1' Parsed-iFill '-1' -> 'INVALID' ifIndex '1' -> 'lo'
04-09 17:06:43.191  2713  2725 I yani_kernel: yani_geteventfrom_changeaddr() Message-Id '1' Netlink event '16' Interface Index '5' -> Name 'wlan0' 
04-09 17:06:43.192  2713  2725 I yani_kernel: yani_geteventfrom_changeaddr() Message-Id '1' Netlink event '16' Interface Index '5' -> Name 'wlan0' 
04-09 17:06:43.213  3158  3158 I hostapd : p2p0: IEEE 802.11 driver had channel switch: freq=2427, ht=1, vht_ch=0x0, offset=0, width=1 (20 MHz), cf1=2427, cf2=0
04-09 17:06:43.231  2983  2983 I hostapd : p2p1: IEEE 802.11 driver had channel switch: freq=2427, ht=1, vht_ch=0x0, offset=0, width=1 (20 MHz), cf1=2427, cf2=0
04-09 17:06:43.233  2712  2712 I wpa_supplicant: wlan0: Associated with c8:b3:73:44:ae:ef
04-09 17:06:43.233  2712  2712 I wpa_supplicant: wlan0: CTRL-EVENT-SUBNET-STATUS-UPDATE status=0
04-09 17:06:43.234  2952  2962 D wac-main: Netlink event
04-09 17:06:43.234  2952  2962 E wac-main: Netlink event 16 Interface Index 5 
04-09 17:06:43.235  2952  2962 E wac-main: Enter poll and wait
04-09 17:06:43.235  2952  2962 D wac-main: Netlink event
04-09 17:06:43.235  2952  2962 E wac-main: Netlink event 16 Interface Index 5 
04-09 17:06:43.235  2952  2962 E wac-main: Enter poll and wait
04-09 17:06:43.235  2952  2962 D wac-main: Netlink event
04-09 17:06:43.235  2952  2962 E wac-main: Netlink event 16 Interface Index 5 
04-09 17:06:43.235  2952  2962 E wac-main: Enter poll and wait
04-09 17:06:43.238  2953  3156 I LibreCastControlDelegate: OnCastStatus() +++ Lyric Speaker Box 21f384:0xac793198:OFFLINE
04-09 17:06:43.238  2953  3156 I LibreCastControlDelegate: Device Build Number -> '1.52.272222'
04-09 17:06:43.238  2953  3156 I librecast: updateCastBuildVersion() Version 1.52.272222
04-09 17:06:43.238  2714  2721 I lucitransport: readRemoteMessage() MID char = 7 buffer = 1.52.272222
04-09 17:06:43.238  2953  3156 I LibreCastControlDelegate: Active Applications -> 0
04-09 17:06:43.238  2953  3156 I LibreCastControlDelegate: Current Cast State '3' -> 'OFFLINE'
04-09 17:06:43.238  2953  3156 I LibreCastControlDelegate: OnCastStatus() ---
04-09 17:06:43.239  2713  2725 I yani_server: NetLink Event '-1' Interface-Index '5' WLAN '-1' Ethernet '-1' Parsed-iFill '-1' -> 'INVALID' ifIndex '1' -> 'lo'
04-09 17:06:43.241  2713  2725 I yani_server: NetLink Event '-1' Interface-Index '5' WLAN '0' Ethernet '-1' Parsed-iFill '-1' -> 'INVALID' ifIndex '1' -> 'lo'
04-09 17:06:43.242  2713  2725 I yani_server: NetLink Event '-1' Interface-Index '5' WLAN '0' Ethernet '-1' Parsed-iFill '-1' -> 'INVALID' ifIndex '1' -> 'lo'
04-09 17:06:43.243  3078  3078 I cast_shell: [3081:3120:INFO:metrics_recorder.cc(282)] Record action: Setup.version.BLE
04-09 17:06:43.243  2713  2725 I yani_server: NetLink Event '-1' Interface-Index '5' WLAN '0' Ethernet '-1' Parsed-iFill '-1' -> 'INVALID' ifIndex '1' -> 'lo'
04-09 17:06:43.244  2713  2725 I yani_kernel: yani_geteventfrom_changeaddr() Message-Id '1' Netlink event '16' Interface Index '5' -> Name 'wlan0' 
04-09 17:06:43.246  2713  2725 I chatty  : uid=0(root) YaniServer identical 2 lines
04-09 17:06:43.247  2713  2725 I yani_kernel: yani_geteventfrom_changeaddr() Message-Id '1' Netlink event '16' Interface Index '5' -> Name 'wlan0' 
04-09 17:06:43.248  2712  2712 I wpa_supplicant: wlan0: WPA: RX message 3 of 4-Way Handshake from c8:b3:73:44:ae:ef (ver=2)
04-09 17:06:43.248  2712  2712 I wpa_supplicant: wlan0: WPA: Sending EAPOL-Key 4/4
04-09 17:06:43.251  2713  2725 I yani_server: NetLink Event '-1' Interface-Index '5' WLAN '-1' Ethernet '-1' Parsed-iFill '-1' -> 'INVALID' ifIndex '1' -> 'lo'
04-09 17:06:43.251  2712  2712 I wpa_supplicant: wlan0: WPA: Key negotiation completed with c8:b3:73:44:ae:ef [PTK=CCMP GTK=TKIP]
04-09 17:06:43.251  2712  2712 I wpa_supplicant: wlan0: CTRL-EVENT-CONNECTED - Connection to c8:b3:73:44:ae:ef completed [id=0 id_str=]
04-09 17:06:43.251  2952  2962 D wac-main: Netlink event
04-09 17:06:43.251  2952  2962 E wac-main: Netlink event 16 Interface Index 5 
04-09 17:06:43.251  2952  2962 E wac-main: Enter poll and wait
04-09 17:06:43.252  2952  2962 D wac-main: Netlink event
04-09 17:06:43.252  2952  2962 E wac-main: Netlink event 16 Interface Index 5 
04-09 17:06:43.252  2952  2962 E wac-main: Enter poll and wait
04-09 17:06:43.253  2737  2737 D dhcpcd  : wlan0: carrier acquired
04-09 17:06:43.256  2952  2962 D wac-main: Netlink event
04-09 17:06:43.261  2713  2725 I yani_server: NetLink Event '-1' Interface-Index '5' WLAN '7' Ethernet '-1' Parsed-iFill '7' -> 'WLAN0 LINKUP' ifIndex '1' -> 'lo'
04-09 17:06:43.261  2713  2725 I yani_server: saveConfig:537:wlan0
04-09 17:06:43.261  2713  2725 I wifiapi : newconn : 0xabc6db48
04-09 17:06:43.261  2713  2725 I yani_server: saveConfig:544:got handle successfully
04-09 17:06:43.262  2713  2725 I wifiapi : 'STATUS' command returned = 0
04-09 17:06:43.265  2713  2725 I wifiapi : 'SAVE_CONFIG' command returned = 0
04-09 17:06:43.265  2713  2725 E yani_server: wlan0 Status=8 SaveConfig returns=0
04-09 17:06:43.265  2713  2725 I yani_server: SaveConfig return value=0
04-09 17:06:43.265  2713  2725 E WLANP2PIF: WlanP2pif: current chan = 4
04-09 17:06:43.267  2713  2725 E yani_wifi: set txpower chan : 4 country : US
04-09 17:06:43.268  2713  2725 E yani_wifi: nrates = 7
04-09 17:06:43.269  2693  2693 I sh      : saveConfig:538:wlan0wlan0 Status=8 SaveConfig returns=0
04-09 17:06:43.270  3078  3078 I cast_shell: [3081:3120:INFO:metrics_recorder.cc(282)] Record action: Setup.tos_accepted.BLE
04-09 17:06:43.300  3078  3078 I cast_shell: [3081:3120:INFO:metrics_recorder.cc(282)] Record action: Setup.state.BLE
04-09 17:06:43.329  3078  3078 I cast_shell: [3081:3120:INFO:metrics_recorder.cc(282)] Record action: Setup.ip_address.BLE
04-09 17:06:43.372  3078  3078 I cast_shell: [3081:3089:ERROR:connectivity_checker_impl.cc(265)] Connectivity check failed: 400
04-09 17:06:43.871  3078  3078 I cast_shell: [3081:3120:INFO:metrics_recorder.cc(282)] Record action: Setup.version.BLE
04-09 17:06:43.900  3078  3078 I cast_shell: [3081:3120:INFO:metrics_recorder.cc(282)] Record action: Setup.tos_accepted.BLE
04-09 17:06:43.930  3078  3078 I cast_shell: [3081:3120:INFO:metrics_recorder.cc(282)] Record action: Setup.state.BLE
04-09 17:06:43.960  3078  3078 I cast_shell: [3081:3120:INFO:metrics_recorder.cc(282)] Record action: Setup.ip_address.BLE
04-09 17:06:44.277  2713  2725 I yani_autoip: start_autoip() Interface 'wlan0' Is AutoIP Required 'Yes' Thread-Running 'No' 
04-09 17:06:44.277  2713  2725 E yani_server: YANI: I am Done Wait For Event 
04-09 17:06:44.277  2713  2725 I yani_kernel: yani_geteventfrom_changeaddr() Message-Id '1' Netlink event '16' Interface Index '5' -> Name 'wlan0' 
04-09 17:06:44.279  2713  3370 I yani_autoip: Setting autoiptimer to 70000
04-09 17:06:44.280  2713  2725 I yani_kernel: yani_geteventfrom_changeaddr() Message-Id '1' Netlink event '16' Interface Index '5' -> Name 'wlan0' 
04-09 17:06:44.283  2713  2725 I chatty  : uid=0(root) YaniServer identical 2 lines
04-09 17:06:44.284  2713  2725 I yani_kernel: yani_geteventfrom_changeaddr() Message-Id '1' Netlink event '16' Interface Index '5' -> Name 'wlan0' 
04-09 17:06:44.292  3372  3372 E dhcpcd  : control_open: Connection refused
04-09 17:06:44.293  3372  3372 E dhcpcd  : eth0: interface not found or invalid
04-09 17:06:44.294  2952  2962 D wac-main: Netlink event
04-09 17:06:44.294  2952  2962 E wac-main: Netlink event 16 Interface Index 5 
04-09 17:06:44.294  3372  3372 D dhcpcd  : wlan0: adding address fe80::ce90:93ff:fe21:f384
04-09 17:06:44.294  2952  2962 E wac-main: Enter poll and wait
04-09 17:06:44.295  2713  2725 I yani_kernel: yani_geteventfrom_changeaddr() Message-Id '1' Netlink event '16' Interface Index '5' -> Name 'wlan0' 
04-09 17:06:44.379  3078  3078 I cast_shell: [3081:3089:ERROR:connectivity_checker_impl.cc(265)] Connectivity check failed: 400
04-09 17:06:44.394  3372  3372 E dhcpcd  : error writing DUID: /etc/dhcpcd/dhcpcd.duid: Read-only file system
04-09 17:06:44.394  3372  3372 D dhcpcd  : DUID 00:03:00:01:cc:90:93:21:f3:84
04-09 17:06:44.394  3372  3372 D dhcpcd  : wlan0: IAID 93:21:f3:84
04-09 17:06:44.503  2734  2746 I NetworkMonitor: turn off power-save
04-09 17:06:44.504  3078  3078 I cast_shell: [3081:3120:INFO:metrics_recorder.cc(282)] Record action: Setup.version.BLE
04-09 17:06:44.508  2734  2746 E DNSResolver: Error in connect: Network is unreachable
04-09 17:06:44.509  2734  2746 I chatty  : uid=0(root) /bin/net_mgr identical 4 lines
04-09 17:06:44.509  2734  2746 E DNSResolver: Error in connect: Network is unreachable
04-09 17:06:44.509  2734  2746 E HttpTimeSync: Error resolve name clients1.google.com
04-09 17:06:44.526  2734  2746 E HttpTimeSync: Error in curl perform, returns 6: Couldn't resolve host name
04-09 17:06:44.528  2734  2746 E HttpTimeSync: Failed in getting HTTP header from http://clients1.google.com/generate_204
04-09 17:06:44.530  3078  3078 I cast_shell: [3081:3120:INFO:metrics_recorder.cc(282)] Record action: Setup.tos_accepted.BLE
04-09 17:06:44.535  3078  3078 I cast_shell: [3081:3120:INFO:metrics_recorder.cc(282)] Record action: Setup.eureka_info.Local
04-09 17:06:44.536  3078  3078 I cast_shell: [3081:3120:INFO:metrics_recorder.cc(282)] Record action: Setup.eureka_info.Local.200
04-09 17:06:44.537  2734  2745 E DNSResolver: Error in connect: Network is unreachable
04-09 17:06:44.537  2734  2745 I chatty  : uid=0(root) MonitorThread identical 4 lines
04-09 17:06:44.537  2734  2745 E DNSResolver: Error in connect: Network is unreachable
04-09 17:06:44.538  2734  2745 E HttpTimeSync: Error resolve name clients1.google.com
04-09 17:06:44.540  2734  2745 E HttpTimeSync: Error in curl perform, returns 6: Couldn't resolve host name
04-09 17:06:44.540  2734  2745 E HttpTimeSync: Failed in getting HTTP header from http://clients1.google.com/generate_204
04-09 17:06:44.560  3078  3078 I cast_shell: [3081:3120:INFO:metrics_recorder.cc(282)] Record action: Setup.state.BLE
04-09 17:06:44.590  3078  3078 I cast_shell: [3081:3120:INFO:metrics_recorder.cc(282)] Record action: Setup.ip_address.BLE
04-09 17:06:44.943  3372  3372 D dhcpcd  : wlan0: soliciting an IPv6 router
04-09 17:06:45.029  3372  3372 D dhcpcd  : wlan0: Router Advertisement from fe80::cab3:73ff:fe44:aeed
04-09 17:06:45.029  3372  3372 D dhcpcd  : wlan0: adding address fd70:d3e7:6555:0:ce90:93ff:fe21:f384/64
04-09 17:06:45.029  3372  3372 D dhcpcd  : wlan0: adding address fd70:d3e7:6555:0:b155:a1d3:ebeb:5552/64
04-09 17:06:45.030  3372  3372 D dhcpcd  : wlan0: adding route to fd70:d3e7:6555::/64
04-09 17:06:45.031  3372  3372 D dhcpcd  : wlan0: requesting DHCPv6 information
04-09 17:06:45.130  3078  3078 I cast_shell: [3081:3120:INFO:metrics_recorder.cc(282)] Record action: Setup.version.BLE
04-09 17:06:45.159  3078  3078 I cast_shell: [3081:3120:INFO:metrics_recorder.cc(282)] Record action: Setup.tos_accepted.BLE
04-09 17:06:45.189  3372  3372 D dhcpcd  : wlan0: soliciting a DHCP lease
04-09 17:06:45.189  3372  3372 D dhcpcd  : wlan0: sending DISCOVER (xid 0x5ec53beb), next in -38500992441255473246170650644743336459605808788357941647291692545815421773043558982831660389126124099732928779555533197060610685655882703304910570787658743974842744730402324014973503489850482465555809265363945241963473970929260715623515349509006935521978225728159744.0 seconds
04-09 17:06:45.189  3078  3078 I cast_shell: [3081:3120:INFO:metrics_recorder.cc(282)] Record action: Setup.state.BLE
04-09 17:06:45.219  3078  3078 I cast_shell: [3081:3120:INFO:metrics_recorder.cc(282)] Record action: Setup.ip_address.BLE
04-09 17:06:45.386  3078  3078 I cast_shell: [3081:3089:ERROR:connectivity_checker_impl.cc(265)] Connectivity check failed: 400
04-09 17:06:45.540  2734  2745 E DNSResolver: Error in connect: Network is unreachable
04-09 17:06:45.540  2734  2745 I chatty  : uid=0(root) MonitorThread identical 4 lines
04-09 17:06:45.540  2734  2745 E DNSResolver: Error in connect: Network is unreachable
04-09 17:06:45.540  2734  2745 E HttpTimeSync: Error resolve name clients1.google.com
04-09 17:06:45.542  2734  2745 E HttpTimeSync: Error in curl perform, returns 6: Couldn't resolve host name
04-09 17:06:45.542  2734  2745 E HttpTimeSync: Failed in getting HTTP header from http://clients1.google.com/generate_204
04-09 17:06:45.761  3078  3078 I cast_shell: [3081:3120:INFO:metrics_recorder.cc(282)] Record action: Setup.version.BLE
04-09 17:06:45.789  3078  3078 I cast_shell: [3081:3120:INFO:metrics_recorder.cc(282)] Record action: Setup.tos_accepted.BLE
04-09 17:06:45.819  3078  3078 I cast_shell: [3081:3120:INFO:metrics_recorder.cc(282)] Record action: Setup.state.BLE
04-09 17:06:45.849  3078  3078 I cast_shell: [3081:3120:INFO:metrics_recorder.cc(282)] Record action: Setup.ip_address.BLE
04-09 17:06:46.072  2734  2746 I NetworkMonitor: turn off power-save
04-09 17:06:46.076  2734  2746 E DNSResolver: Error in connect: Network is unreachable
04-09 17:06:46.076  2734  2746 I chatty  : uid=0(root) /bin/net_mgr identical 4 lines
04-09 17:06:46.076  2734  2746 E DNSResolver: Error in connect: Network is unreachable
04-09 17:06:46.076  2734  2746 E HttpTimeSync: Error resolve name clients1.google.com
04-09 17:06:46.077  2734  2746 E HttpTimeSync: Error in curl perform, returns 6: Couldn't resolve host name
04-09 17:06:46.078  2734  2746 E HttpTimeSync: Failed in getting HTTP header from http://clients1.google.com/generate_204
04-09 17:06:46.260  3372  3372 D dhcpcd  : wlan0: received OFFER with xid 0x5ec53beb
04-09 17:06:46.260  3372  3372 D dhcpcd  : wlan0: offered 192.168.1.145 from 192.168.1.1
04-09 17:06:46.260  3372  3372 D dhcpcd  : wlan0: requesting lease of 192.168.1.145
04-09 17:06:46.260  3372  3372 D dhcpcd  : wlan0: sending REQUEST (xid 0x5ec53beb), next in -38500992441255473246170650644743336459605808788357941647291692545815421773043558982831660389126124099732928779555533197060610685655882703304910570787658743974842744730402324014973503489850482465555809265363945241963473970929260715623515349509006935521978225728159744.0 seconds
04-09 17:06:46.365  3372  3372 D dhcpcd  : wlan0: received ACK with xid 0x5ec53beb
04-09 17:06:46.365  3372  3372 D dhcpcd  : wlan0: acknowledged 192.168.1.145 from 192.168.1.1
04-09 17:06:46.365  3372  3372 D dhcpcd  : wlan0: leased 192.168.1.145 for 86400 seconds
04-09 17:06:46.366  3372  3372 D dhcpcd  : wlan0: adding route to 192.168.1.0/24
04-09 17:06:46.367  3372  3372 D dhcpcd  : wlan0: adding default route via 192.168.1.1
04-09 17:06:46.368  2952  2962 D wac-main: Netlink event
04-09 17:06:46.368  2952  2962 E wac-main: Netlink event 20 Interface Index 5 
04-09 17:06:46.368  2952  2962 E wac-main: Enter poll and wait
04-09 17:06:46.368  2713  2725 I yani_kernel: yani_geteventfrom_changeaddr() Message-Id '1' Netlink event '20' Interface Index '5' -> Name 'wlan0' 
04-09 17:06:46.372  2713  2725 I yani_server: NetLink Event '2' Interface-Index '5' WLAN '-1' Ethernet '-1' Parsed-iFill '2' -> 'WLAN0 CONNECTED' ifIndex '1' -> 'lo'
04-09 17:06:46.372  2713  2725 I yani_server: doLotofWork() List of interface '5'
04-09 17:06:46.380  2734  2746 I NetworkMonitor: turn off power-save
04-09 17:06:46.388  2714  2721 I lucitransport: writeRemoteMessage() MID = 124 buffer = 1#1,1#2,0#3,1#4,1
04-09 17:06:46.388  2714  2721 I luciUART: write() MID = 124  bytes = 27 data = 1#1,1#2,0#3,1#4,1 m_fd = 0x5
04-09 17:06:46.389  2731  2731 E AirableUIHelper: AirableUIHelper::YaniAlert  1 1 
04-09 17:06:46.389  2731  2731 E AirableUIHelper: Wlan is up
04-09 17:06:46.389  2959  2964 I otamanager: YaniAlert() Interface 1 Status Up
04-09 17:06:46.389  2959  2964 I otamanager: CreateFirmwareUpdateTimerOnYaniAlert done
04-09 17:06:46.391  3078  3078 I cast_shell: [3081:3120:INFO:metrics_recorder.cc(282)] Record action: Setup.version.BLE
04-09 17:06:46.392  2955  3002 I airplay-main: YaniAlert Interface 1 Status 1
04-09 17:06:46.393  2714  2721 I lucitransport: readRemoteMessage() MID char = 90 buffer = Lyric Speaker Box 21f384
04-09 17:06:46.396  2714  2722 E luciUART: UART:aa
04-09 17:06:46.396  2714  2722 E luciUART: UART:aa
04-09 17:06:46.396  2714  2722 E luciUART: UART:2
04-09 17:06:46.396  2714  2722 E luciUART: UART:0
04-09 17:06:46.396  2714  2722 E luciUART: UART:d0
04-09 17:06:46.396  2714  2722 E luciUART: UART:0
04-09 17:06:46.396  2714  2722 I chatty  : uid=0(root) UARTLUCIControl identical 2 lines
04-09 17:06:46.396  2714  2722 E luciUART: UART:0
04-09 17:06:46.396  2714  2722 E luciUART: UART:9
04-09 17:06:46.396  2714  2722 I luciUART: read() RemoteID = 43690 Command = 208 Type = 2 Status = 0 DataLen = 9
04-09 17:06:46.396  2714  2722 E luciUART: Error: full data not available yet! readBytes 0
04-09 17:06:46.396  2714  2722 I luciUART: Previous Packet read contd., 
04-09 17:06:46.396  2714  2722 E luciUART: UART:45
04-09 17:06:46.419  3078  3078 I cast_shell: [3081:3120:INFO:metrics_recorder.cc(282)] Record action: Setup.tos_accepted.BLE
04-09 17:06:46.449  3078  3078 I cast_shell: [3081:3120:INFO:metrics_recorder.cc(282)] Record action: Setup.state.BLE
04-09 17:06:46.479  3078  3078 I cast_shell: [3081:3120:INFO:metrics_recorder.cc(282)] Record action: Setup.ip_address.BLE
04-09 17:06:46.482  2955  3416 I airplay-main: checkACPAvailability() err 0 -> Present!
04-09 17:06:46.482  2955  3416 D airplay-main: arguments[0] -> airplay_v2 -> airplay_v2
04-09 17:06:46.483  2955  3416 D airplay-main: arguments[1] -> -n -> -n
04-09 17:06:46.483  2955  3416 D airplay-main: arguments[2] -> Lyric Speaker Box 21f384 -> Lyric Speaker Box 21f384
04-09 17:06:46.483  2955  3416 D airplay-main: arguments[3] -> -z -> -z
04-09 17:06:46.483  2955  3416 D airplay-main: arguments[4] -> 1 -> 1
04-09 17:06:46.483  2955  3416 D airplay-main: arguments[5] -> -d -> -d
04-09 17:06:46.484  2955  3416 D airplay-main: arguments[6] -> 47617500 -> 47617500
04-09 17:06:46.484  2955  3416 D airplay-main: Total Number of Arguments 7
04-09 17:06:46.494  2955  3416 I airplay_v2_0_6: 2022-04-09 04:36:46.493385 [AirPlayDemo] homedir /data/ sUserPreferencesDirectoryPath /data//.airplaydemo 
04-09 17:06:46.549  2734  2746 I HttpTimeSync: Building resolve list for clients1.google.com, total 1.
04-09 17:06:46.549  2734  2746 I HttpTimeSync: 	0: 142.251.36.142
04-09 17:06:46.571  2955  3416 I airplay-main: checkACPAvailability() err 0 -> Present!
04-09 17:06:46.653  2955  3438 I airplay_v2_0_6: 2022-04-09 04:36:46.653802 [AirPlayDemo] *********** AirPlayDemoPlatformSetProperty:homeIntegrationData value - 
04-09 17:06:46.653  2955  3438 I airplay_v2_0_6:     +0000: 62706c69 73743030 d101025f 10114343 |bplist00^^^_^^CC| (67 bytes)
04-09 17:06:46.653  2955  3438 I airplay_v2_0_6:     +0010: 3a39303a 39333a32 313a4633 3a3834d0 |:90:93:21:F3:84^|
04-09 17:06:46.654  2955  3438 I airplay_v2_0_6:     +0020: 080b1f00 00000000 00010100 00000000 |^^^^^^^^^^^^^^^^|
04-09 17:06:46.654  2955  3438 I airplay_v2_0_6:     +0030: 00000300 00000000 00000000 00000000 |^^^^^^^^^^^^^^^^|
04-09 17:06:46.654  2955  3438 I airplay_v2_0_6:     +0040: 000020                              |^^              |
04-09 17:06:46.656  2955  3440 I airplay_v2_0_6: 2022-04-09 04:36:46.656356 [AirPlayDemo] AirPlayDemoServerCopyProperty Password is <<NULL>>
04-09 17:06:46.666  2955  3438 I airplay_v2_0_6: 2022-04-09 04:36:46.666746 [AirPlayDemo] *********** AirPlayDemoPlatformSetProperty:homeIntegrationData value - 
04-09 17:06:46.666  2955  3438 I airplay_v2_0_6:     +0000: 62706c69 73743030 d101025f 10114343 |bplist00^^^_^^CC| (165 bytes)
04-09 17:06:46.666  2955  3438 I airplay_v2_0_6:     +0010: 3a39303a 39333a32 313a4633 3a3834d3 |:90:93:21:F3:84^
04-09 17:06:46.666  2955  3438 I airplay_v2_0_6: |
04-09 17:06:46.666  2955  3438 I airplay_v2_0_6:     +0020: 03040501 06075a69 64656e74 69666965 |^^^^^^Zidentifie|
04-09 17:06:46.666  2955  3438 I airplay_v2_0_6:     +0030: 7252736b 52706b4f 10203379 fa13477c |rRskRpkO^ 3y^^G||
04-09 17:06:46.666  2955  3438 I airplay_v2_0_6:     +0040: 98dadfae 8c8c023d 24ea85ad f96ce679 |^^^^^^^=$^^^^l^y|
04-09 17:06:46.666  2955  3438 I airplay_v2_0_6:     +0050: f4a8d69f 203d8d1c c2c14f10 203f35e1 |
04-09 17:06:46.667  2955  3438 I airplay_v2_0_6: ^^^^ =^^^^O^ ?5^|
04-09 17:06:46.667  2955  3438 I airplay_v2_0_6:     +0060: 24a68bf2 44b32cad 01e647db 1609d90a |$^^^D^,^^^G^^^^^|
04-09 17:06:46.667  2955  3438 I airplay_v2_0_6:     +0070: 82ee5c62 6d5ca9eb b7d32911 47080b1f |^^m\^^^^)^G^^^|
04-09 17:06:46.667  2955  3438 I airplay_v2_0_6:     +0080: 26313437 5a000000 00000001 01000000 |&147Z^^^^^^^^^^^|
04-09 17:06:46.667  2955  3438 I airplay_v2_0_6:     +0090: 
04-09 17:06:46.667  2955  3438 I airplay_v2_0_6: 00000000 08000000 00000000 00000000 |^^^^^^^^^^^^^^^^|
04-09 17:06:46.667  2955  3438 I airplay_v2_0_6:     +00A0: 00000000 7d                         |^^^^}           |
04-09 17:06:46.667  2714  2721 I lucitransport: readRemoteMessage() MID char = 90 buffer = Lyric Speaker Box 21f384
04-09 17:06:46.669  2955  3416 I airplay_v2_0_6: 2022-04-09 04:36:46.669134 [AirPlay] Registering Bonjour _airplay._tcp. port 7000
04-09 17:06:46.671  2955  3438 I airplay_v2_0_6: 2022-04-09 04:36:46.671166 [AirPlayDemo] AirPlayDemoServerCopyProperty Password is <<NULL>>
04-09 17:06:46.672  2955  3440 I airplay_v2_0_6: 2022-04-09 04:36:46.672686 [AirPlayDemo] AirPlayDemoServerCopyProperty Password is <<NULL>>
04-09 17:06:46.673  2714  2721 I lucitransport: readRemoteMessage() MID char = 90 buffer = Lyric Speaker Box 21f384
04-09 17:06:46.674  2955  3416 I airplay_v2_0_6: 2022-04-09 04:36:46.674452 [AirPlay] Registering Bonjour CC909321F384@Lyric Speaker Box 21f384._raop._tcp. port 7000
04-09 17:06:46.674  2955  3416 I airplay_v2_0_6: 2022-04-09 04:36:46.674589 [AirPlay] AirPlay servers started
04-09 17:06:48.151  2956  2985 I SPOTIFY : ConnectionNotify event(0-Login, 1-Logout, rest Error) = 7 
04-09 17:06:48.159  3078  3078 I cast_shell: [3081:3089:ERROR:connectivity_checker_impl.cc(265)] Connectivity check failed: 400
04-09 17:06:48.180  2734  2746 I HttpTimeSync: Http time synced
04-09 17:06:48.181  2734  2746 I NetworkMonitor: turn off power-save
04-09 17:06:48.308  3078  3078 I cast_shell: [3081:3120:INFO:metrics_recorder.cc(282)] Record action: Setup.version.BLE
04-09 17:06:48.336  3078  3078 I cast_shell: [3081:3120:INFO:metrics_recorder.cc(282)] Record action: Setup.tos_accepted.BLE
04-09 17:06:48.366  3078  3078 I cast_shell: [3081:3120:INFO:metrics_recorder.cc(282)] Record action: Setup.state.BLE
04-09 17:06:48.396  3078  3078 I cast_shell: [3081:3120:INFO:metrics_recorder.cc(282)] Record action: Setup.ip_address.BLE
04-09 17:06:48.937  3078  3078 I cast_shell: [3081:3120:INFO:metrics_recorder.cc(282)] Record action: Setup.version.BLE
04-09 17:06:48.966  3078  3078 I cast_shell: [3081:3120:INFO:metrics_recorder.cc(282)] Record action: Setup.tos_accepted.BLE
04-09 17:06:48.996  3078  3078 I cast_shell: [3081:3120:INFO:metrics_recorder.cc(282)] Record action: Setup.state.BLE
04-09 17:06:49.026  3078  3078 I cast_shell: [3081:3120:INFO:metrics_recorder.cc(282)] Record action: Setup.ip_address.BLE
04-09 17:06:49.568  3078  3078 I cast_shell: [3081:3120:INFO:metrics_recorder.cc(282)] Record action: Setup.version.BLE
04-09 17:06:49.596  3078  3078 I cast_shell: [3081:3120:INFO:metrics_recorder.cc(282)] Record action: Setup.tos_accepted.BLE
04-09 17:06:49.626  3078  3078 I cast_shell: [3081:3120:INFO:metrics_recorder.cc(282)] Record action: Setup.state.BLE
04-09 17:06:49.656  3078  3078 I cast_shell: [3081:3120:INFO:metrics_recorder.cc(282)] Record action: Setup.ip_address.BLE
04-09 17:06:50.042  3078  3078 I cast_shell: [3081:3089:INFO:connectivity_checker_impl.cc(144)] Change check url=http://connectivitycheck.gstatic.com/generate_204
04-09 17:06:50.042  3078  3078 I cast_shell: [3081:3089:INFO:connectivity_checker_impl.cc(148)] Global connection is: Up
04-09 17:06:50.043  3078  3078 I cast_shell: [3081:3120:WARNING:setup_manager_impl.cc(1100)] NAT not supported, no captive portal support.
04-09 17:06:50.044  3081  3144 E         : OOBE CheckUpdate
04-09 17:06:50.054  3078  3078 I cast_shell: [3081:3081:INFO:api_reboot.cc(321)] active_activities count=0
04-09 17:06:50.055  3078  3078 I cast_shell: [3081:3081:INFO:lycra_gcm.cc(121)] Registering GCM handler.
04-09 17:06:50.055  3078  3078 I cast_shell: [3081:3081:INFO:gcm_manager.cc(258)] Enabling GCM Driver
04-09 17:06:50.055  3078  3078 I cast_shell: [3081:3081:INFO:cloud_settings_manager.cc(431)] Connectivity established. Reconciling cloud settings.
04-09 17:06:50.055  3078  3078 I cast_shell: [3081:3081:INFO:cloud_settings_manager.cc(195)] Cloud settings is disabled.
04-09 17:06:50.055  3078  3078 I cast_shell: [3081:3081:INFO:ccs_transport_gcm.cc(102)] Registering GCM handler
04-09 17:06:50.055  3078  3078 I cast_shell: [3081:3144:INFO:update_engine_client_with_system_updater.cc(216)] Network first connected, check system force update
04-09 17:06:50.058  3078  3078 I cast_shell: [3081:3081:INFO:cast_receiver_impl.cc(1093)] Entering discovery-only mode
04-09 17:06:50.058  3078  3078 I cast_shell: [3081:3081:INFO:application_config_manager_impl.cc(575)] Disabling virtual device 6ab777e2-6437-9030-345a-6a334ace5f09
04-09 17:06:50.058  3078  3078 I cast_shell: [3081:3130:INFO:mdns_cast_service.cc(351)] Device discovery state is setup-only
04-09 17:06:50.058  3078  3078 I cast_shell: [3081:3130:INFO:mdns_util.cc(102)] Defaulting mDNS capabilities for audio-only build
04-09 17:06:50.062  2713  2725 I yani_server: NetLink Event '-1' Interface-Index '5' WLAN '0' Ethernet '-1' Parsed-iFill '-1' -> 'INVALID' ifIndex '1' -> 'lo'
04-09 17:06:50.065  2959  2970 I otamanager: cast_updater_threadEntry() Response 'CheckUpdate' Current Firmware Update state 'Idle'
04-09 17:06:50.065  2959  2970 I otamanager: checkUpdate_l
04-09 17:06:50.065  2959  2970 I otamanager: Firmware Update State Change from Idle to CheckUpdate
04-09 17:06:50.065  2714  2721 I lucitransport: readRemoteMessage() MID char = 232 buffer = TRUE
04-09 17:06:50.066  2959  2970 E otamanager: lo not valid Interface for MAC ID
04-09 17:06:50.066  2959  2970 D otamanager: OTA: wlan IP = 192.168.1.145
04-09 17:06:50.066  2959  2970 I otamanager: OTA:checkIP mac = cc909321f384  IP = 192.168.1.145 
04-09 17:06:50.068  2959  2970 I otamanager: DownloadHttpContent firmware version = eng.C4A.1203
04-09 17:06:50.068  3078  3078 I cast_shell: [3081:3081:INFO:device_info_impl.cc(1094)] Primary netif changed: new=wlan0, old=usb0
04-09 17:06:50.068  3078  3078 I cast_shell: [3081:3081:INFO:device_info_impl.cc(1103)] Primary IP address changed: netif=wlan0, new=192.168.1.145, old=192.168.10.1
04-09 17:06:50.068  3078  3078 I cast_shell: [3081:3081:INFO:cast_receiver_impl.cc(1612)] mDNS Discovery stopped.
04-09 17:06:50.068  3078  3078 I cast_shell: [3081:3081:INFO:cast_receiver_impl.cc(1679)] Network is globally connected. Schedule config downloading if necessary.
04-09 17:06:50.068  3078  3078 I cast_shell: [3081:3081:INFO:cast_receiver_impl.cc(1685)] Network is globally connected. Schedule crl downloading if necessary.
04-09 17:06:50.068  3078  3078 I cast_shell: [3081:3081:INFO:crl_downloader.cc(366)] Downloading crl: url=https://clients5.google.com/cast/chromecast/device/crl
04-09 17:06:50.068  3078  3078 I cast_shell: [3081:3081:INFO:cast_receiver_impl.cc(1695)] Network is globally connected. Refreshing CcsManager.
04-09 17:06:50.068  3078  3078 I cast_shell: [3081:3081:INFO:iot_auth_manager_wrapper.cc(311)] Network provider informed of connected network status.
04-09 17:06:50.074  2714  2721 I lucitransport: readRemoteMessage() MID char = 6 buffer = 1001
04-09 17:06:50.074  2714  2721 I lucitransport: readRemoteMessage() MID char = 7 buffer = 1.52.272222
04-09 17:06:50.075  2959  2970 I otamanager: OTA: DownloadHttpContent :payload =  {"device":{"brand":"COTODAMA","castVersion":"1.52.272222","deviceId":"cc909321f384","deviceType":"LS10_C4A","fwVersion":"1203","googleCast":true,"mcuVersion":"1001","model":"LSB"}}
04-09 17:06:50.075  2959  2970 I otamanager:  
04-09 17:06:50.075  2959  2970 I otamanager: OTA:------curlDownloadFirmwareXml---
04-09 17:06:50.075  2959  2970 I otamanager: OTA:isValidIpAddress: result 0
04-09 17:06:50.079  3078  3078 I cast_shell: [3081:3087:ERROR:unix_stream_client_socket.cc(52)] Cannot connect unix socket: /dev/socket/panel: No such file or directory (2)
04-09 17:06:50.079  3078  3078 I cast_shell: [3081:3087:ERROR:led_controller_ipc.cc(84)] Could not create IPC client for socket: /dev/socket/panel
04-09 17:06:50.079  3078  3078 I cast_shell: [3081:3120:WARNING:setup_manager_impl.cc(1136)] NAT not supported, no captive portal support.
04-09 17:06:50.080  3078  3078 I cast_shell: [3081:3130:INFO:mdns_app_filter.cc(1702)] MdnsAppFilter is stopping
04-09 17:06:50.083  3078  3078 I cast_shell: [3081:3130:INFO:metrics_recorder.cc(282)] cast event: Cast.Discovery.Mdns.ResponderStopped
04-09 17:06:50.084  3078  3078 I cast_shell: [3081:3131:INFO:transport_creds.cc(151)] Self-signed certificate created: CN=6ab777e2-6437-9030-345a-6a334ace5f09
04-09 17:06:50.084  3078  3078 I cast_shell: [3081:3130:INFO:mdns_app_filter.cc(1709)] MdnsAppFilter is stopping; closing socket: address=192.168.2.1
04-09 17:06:50.085  3078  3078 I cast_shell: [3081:3130:INFO:metrics_recorder.cc(282)] cast event: Cast.Discovery.Mdns.SocketDestroyed
04-09 17:06:50.085  2953  3156 I LibreCastControlDelegate: OnCastStatus() +++ Lyric Speaker Box 21f384:0xac793198:NOT_SETUP
04-09 17:06:50.085  2953  3156 I LibreCastControlDelegate: Device Build Number -> '1.52.272222'
04-09 17:06:50.085  2953  3156 I librecast: updateCastBuildVersion() Version 1.52.272222
04-09 17:06:50.086  2714  2721 I lucitransport: readRemoteMessage() MID char = 7 buffer = 1.52.272222
04-09 17:06:50.086  2953  3156 I LibreCastControlDelegate: Active Applications -> 0
04-09 17:06:50.086  2953  3156 I LibreCastControlDelegate: Current Cast State '2' -> 'NOT_SETUP'
04-09 17:06:50.086  2953  3156 I LibreCastControlDelegate: OnCastStatus() ---
04-09 17:06:50.086  3078  3078 I cast_shell: [3081:3130:INFO:mdns_app_filter.cc(1709)] MdnsAppFilter is stopping; closing socket: address=192.168.10.1
04-09 17:06:50.086  3078  3078 I cast_shell: [3081:3130:INFO:metrics_recorder.cc(282)] cast event: Cast.Discovery.Mdns.SocketDestroyed
04-09 17:06:50.125  3078  3078 I cast_shell: [3081:3081:INFO:config_downloader.cc(489)] Downloading config: headers (excl. auth) ='Accept: application/protobuf', url=https://clients5.google.com/cast/chromecast/device/baseconfig?m=LSB&M=COTODAMA&p=LS10+Platform&b=1.52.272222&c=wifi&r=beta-channel&pt=3&ln=&d=DE4F95FFA64D5E74B026&at=1
04-09 17:06:50.197  3078  3078 I cast_shell: [3081:3120:INFO:metrics_recorder.cc(282)] Record action: Setup.version.BLE
04-09 17:06:50.218  3078  3078 I cast_shell: [3081:3133:INFO:multizone_manager.cc(2131)] Updated leader quality: 49807410
04-09 17:06:50.225  3078  3078 I cast_shell: [3081:3130:INFO:mdns_app_filter.cc(1120)] Skipping IPv6 interface that also has an IPv4 address: wlan0
04-09 17:06:50.225  3078  3078 I chatty  : uid=1000(chrome) /bin/logwrapper identical 2 lines
04-09 17:06:50.225  3078  3078 I cast_shell: [3081:3130:INFO:mdns_app_filter.cc(1120)] Skipping IPv6 interface that also has an IPv4 address: wlan0
04-09 17:06:50.225  3078  3078 I cast_shell: [3081:3130:INFO:metrics_recorder.cc(282)] cast event: Cast.Discovery.Mdns.SocketCreated
04-09 17:06:50.225  3078  3078 I cast_shell: [3081:3130:INFO:mdns_app_filter.cc(1254)] Created mDNS socket for interface:name=wlan0, address=192.168.1.145, index=5
04-09 17:06:50.225  3078  3078 I cast_shell: [3081:3130:INFO:metrics_recorder.cc(282)] cast event: Cast.Discovery.Mdns.SocketCreated
04-09 17:06:50.225  3078  3078 I cast_shell: [3081:3130:INFO:mdns_app_filter.cc(1254)] Created mDNS socket for interface:name=p2p1, address=192.168.2.1, index=7
04-09 17:06:50.225  3078  3078 I cast_shell: [3081:3130:INFO:metrics_recorder.cc(282)] cast event: Cast.Discovery.Mdns.SocketCreated
04-09 17:06:50.225  3078  3078 I cast_shell: [3081:3130:INFO:mdns_app_filter.cc(1254)] Created mDNS socket for interface:name=usb0, address=192.168.10.1, index=9
04-09 17:06:50.225  3078  3078 I cast_shell: [3081:3130:INFO:mdns_app_filter.cc(977)] MdnsAppFilter is starting.
04-09 17:06:50.241  3078  3078 I cast_shell: [3081:3120:INFO:metrics_recorder.cc(282)] Record action: Setup.tos_accepted.BLE
04-09 17:06:50.271  3078  3078 I cast_shell: [3081:3120:INFO:metrics_recorder.cc(282)] Record action: Setup.state.BLE
04-09 17:06:50.285  2959  2970 I otamanager: OTA:ResolveDNSName IP = 34.227.250.11
04-09 17:06:50.285  2959  2970 I otamanager: OTA:hostIp string: https://34.227.250.11/v1
04-09 17:06:50.285  2959  2970 I otamanager: OTA: trying after 2 sec 
04-09 17:06:50.301  3078  3078 I cast_shell: [3081:3120:INFO:metrics_recorder.cc(282)] Record action: Setup.ip_address.BLE
04-09 17:06:50.327  3078  3078 I cast_shell: [3081:3089:INFO:parent_tracker.cc(237)] Network changed
04-09 17:06:50.327  3078  3078 I cast_shell: [3081:3089:INFO:parent_tracker.cc(135)] Now using local address [PII](192.168.1.145)
04-09 17:06:50.327  3078  3078 I cast_shell: [3081:3089:INFO:directory_service_impl.cc(200)] This device became root
04-09 17:06:50.327  3078  3078 I cast_shell: [3081:3089:INFO:parent_tracker.cc(237)] Network changed
04-09 17:06:50.327  3078  3078 I cast_shell: [3081:3089:INFO:parent_tracker.cc(132)] No need to recreate socket
04-09 17:06:50.327  3078  3078 I cast_shell: [3081:3093:INFO:net_util_impl.cc(582)] IP address: [PII](192.168.1.1) MAC address: [PII](C8:B3:73:44:AE:ED)
04-09 17:06:50.327  3078  3078 I cast_shell: [3081:3093:INFO:local_network_info_impl.cc(346)] LNID changed:
04-09 17:06:50.327  3078  3078 I cast_shell: [3081:3081:INFO:ccs_manager_impl.cc(1789)] LNID has changed; Will re-register CCS
04-09 17:06:50.327  3078  3078 I cast_shell: [3081:3120:INFO:local_network_info_impl.cc(435)] LNID_W changed:
04-09 17:06:50.328  3078  3078 I cast_shell: [3081:3093:INFO:net_util_impl.cc(582)] IP address: [PII](192.168.1.1) MAC address: [PII](C8:B3:73:44:AE:ED)
04-09 17:06:50.349  3078  3078 I cast_shell: [3081:3120:INFO:ble_setup.cc(322)] Record action: Setup.set_eureka_info.BLE
04-09 17:06:50.351  3078  3078 I cast_shell: [3081:3120:INFO:timezone_settings.cc(288)] Setting system timezone to Asia/Kolkata
04-09 17:06:50.351  3078  3078 I cast_shell: [3081:3133:INFO:multizone_group.cc(357)] Change name for group [PII](A0E15A7B682857592FB3ADAE6E95DDD7) to [PII](AAA speaker)
04-09 17:06:50.351  3078  3078 I cast_shell: [3081:3120:INFO:locale_manager.cc(511)] New timezone: Asia/Kolkata
04-09 17:06:50.351  3078  3078 I cast_shell: [3081:3120:INFO:locale_manager.cc(539)] New time format: 24-hour
04-09 17:06:50.355  2735  2761 I bluetoothtbd: [0409/043650.355185:INFO:adapter.cc(551)] Adapter properties changed
04-09 17:06:50.355  2735  2761 I bluetoothtbd: [0409/043650.355428:INFO:adapter.cc(573)] Adapter name changed
04-09 17:06:50.358  3078  3078 I cast_shell: [3081:3081:INFO:device_info_impl.cc(1133)] SSDP Config ID is increased: id=4
04-09 17:06:50.358  3078  3078 I cast_shell: [3081:3120:INFO:metrics_recorder.cc(282)] cast event: Cast.System.Timezone.ChangeSuccessful
04-09 17:06:50.358  3078  3078 I cast_shell: [3081:3120:INFO:bluetooth_manager.cc(1232)] [PII] Set device name to 'AAA speaker'
04-09 17:06:50.361  3078  3078 I cast_shell: [3081:3081:INFO:device_info_impl.cc(1133)] SSDP Config ID is increased: id=5
04-09 17:06:50.376  2735  2761 I bluetoothtbd: [0409/043650.376667:INFO:adapter.cc(551)] Adapter properties changed
04-09 17:06:50.377  2735  2761 I bluetoothtbd: [0409/043650.377008:INFO:adapter.cc(573)] Adapter name changed
04-09 17:06:50.377  3078  3078 I cast_shell: [3081:3130:INFO:mdns_util.cc(102)] Defaulting mDNS capabilities for audio-only build
04-09 17:06:50.378  2953  3156 I LibreCastControlDelegate: OnCastStatus() +++ AAA speaker:0xac793198:NOT_SETUP
04-09 17:06:50.378  2953  3156 I LibreCastControlDelegate: Device Build Number -> '1.52.272222'
04-09 17:06:50.378  2953  3156 I librecast: updateCastBuildVersion() Version 1.52.272222
04-09 17:06:50.379  3078  3078 I cast_shell: [3081:3120:INFO:bluetooth_manager.cc(1232)] [PII] Set device name to 'AAA speaker'
04-09 17:06:50.379  2714  2721 I lucitransport: readRemoteMessage() MID char = 7 buffer = 1.52.272222
04-09 17:06:50.379  3078  3078 I cast_shell: [3081:3081:INFO:mdns_manager_impl.cc(429)] Successfully updated service: type=_googlecast
04-09 17:06:50.422  3078  3078 I cast_shell: [3081:3120:INFO:ble_setup.cc(322)] Record action: Setup.save_wifi.BLE
04-09 17:06:50.424  3078  3078 I cast_shell: [3081:3120:INFO:wifi_controller_wpa_supplicant.cc(692)] Clear bssid from config for network id 0
04-09 17:06:50.427  3078  3078 I cast_shell: [3081:3120:INFO:setup_manager_impl.cc(1725)] Report action: Wifi.FirstConfigured
04-09 17:06:51.044  3078  3078 I cast_shell: [3081:3120:INFO:ble_setup.cc(789)] Missing required info for sign.
04-09 17:06:51.067  3078  3078 I cast_shell: [system_updater_dummy.cpp(139)] CheckUpdate 139
04-09 17:06:51.067  3078  3078 I cast_shell: [system_updater_dummy.cpp(148)] CheckUpdate 148 return
04-09 17:06:51.088  3078  3078 I cast_shell: [3081:3120:INFO:ble_setup.cc(915)] Sign related info completed, no future EurekaInfo need sign.
04-09 17:06:51.368  3078  3078 I cast_shell: [3081:3130:INFO:mdns_app_filter.cc(1403)] MdnsAppFilter: Done probing.
04-09 17:06:51.424  3078  3078 I cast_shell: [3081:3117:INFO:snr_tracker.cc(50)] snr = 49
04-09 17:06:51.470  3078  3078 I cast_shell: [3081:3120:INFO:metrics_recorder.cc(282)] Record action: Setup.state.BLE
04-09 17:06:51.732  3078  3078 I cast_shell: [3081:3081:INFO:lycra_gcm.cc(212)] Registered GCM handler
04-09 17:06:51.834  3078  3078 I cast_shell: [3081:3081:INFO:ccs_transport_gcm.cc(244)] Registered GCM handler
04-09 17:06:51.834  3078  3078 I cast_shell: [3081:3081:INFO:ccs_manager_impl.cc(1322)] Waiting for all transports to be enabled
04-09 17:06:52.036  2959  2970 I otamanager: OTA:curl response code : 0	
04-09 17:06:52.036  2959  2970 I otamanager: http status code : 200
04-09 17:06:52.037  2959  2970 I otamanager: OTA: contentLen :187.000000
04-09 17:06:52.043  3078  3078 I cast_shell: [3081:3089:INFO:heartbeat_manager.cc(272)] Set HBInterval default: 1680000
