04-09 15:42:52.632  3086  3086 I cast_shell: [3089:3137:INFO:mdns_app_filter.cc(977)] MdnsAppFilter is starting.
04-09 15:42:52.632  3086  3086 I cast_shell: [3089:3137:INFO:metrics_recorder.cc(282)] cast event: Cast.Discovery.Mdns.ResponderStarted
04-09 15:42:52.632  3086  3086 I cast_shell: [3089:3137:INFO:discovered_service_client.cc(78)] Primary interface for service discovery has changed: ifindex=9
04-09 15:42:52.641  3086  3086 I cast_shell: [3089:3127:INFO:setup_namespace_handler.cc(94)] Added a peer for setup namespace: domain-socket@/tmp/cast-control.1:system-0
04-09 15:42:52.641  3086  3086 I cast_shell: [3089:3144:INFO:multizone_group.cc(357)] Change name for group [PII](577B5649E8518577D93D4B5D344D560F) to [PII](Lyric Speaker Box 21f384)
04-09 15:42:52.825  2958  2968 D wac-main: Netlink event
04-09 15:42:52.825  2958  2968 E wac-main: Netlink event 20 Interface Index 6 
04-09 15:42:52.825  2958  2968 E wac-main: Enter poll and wait
04-09 15:42:52.825  2713  2725 I yani_kernel: yani_geteventfrom_changeaddr() Message-Id '1' Netlink event '20' Interface Index '6' -> Name 'p2p0' 
04-09 15:42:52.826  2958  2968 D wac-main: Netlink event
04-09 15:42:52.827  2958  2968 E wac-main: Netlink event 21 Interface Index 6 
04-09 15:42:52.827  2958  2968 E wac-main: Enter poll and wait
04-09 15:42:52.829  2958  2968 D wac-main: Netlink event
04-09 15:42:52.829  2958  2968 E wac-main: Netlink event 20 Interface Index 6 
04-09 15:42:52.829  2958  2968 E wac-main: Enter poll and wait
04-09 15:42:52.829  2734  2743 I HotspotManager: start dnsmasq
04-09 15:42:52.831  2713  2725 I yani_server: NetLink Event '6' Interface-Index '6' WLAN '-1' Ethernet '-1' Parsed-iFill '6' -> 'P2P0 CONNECTED' ifIndex '2' -> 'tunl0'
04-09 15:42:52.832  2713  2725 I yani_server: doLotofWork() List of interface '4'
04-09 15:42:52.832  2713  2725 I yani_server: doLotofWork() Interface 'p2p0' ifr[0].ifr_name 'lo' ipaddress '127.0.0.1'
04-09 15:42:52.832  2713  2725 I yani_server: doLotofWork() Interface 'p2p0' ifr[1].ifr_name 'p2p0' ipaddress '192.168.255.249'
04-09 15:42:52.832  2713  2725 I yani_server: doLotofWork() returns 'REFILL WACMODE'
04-09 15:42:52.832  2713  2725 E yani_server: YANI: I am Done Wait For Event 
04-09 15:42:52.832  2713  2725 I yani_kernel: yani_geteventfrom_changeaddr() Message-Id '1' Netlink event '21' Interface Index '6' -> Name 'p2p0' 
04-09 15:42:52.832  2713  2815 I yani_server: onNetworkParametersChanged() WAC Mode '1'  Index '2' Interface 'p2p0' Status '1'
04-09 15:42:52.833  2731  2731 E AirableUIHelper: AirableUIHelper::YaniAlert  4 1 
04-09 15:42:52.844  2714  2722 E luciUART: UART:aa
04-09 15:42:52.845  2714  2722 E luciUART: UART:aa
04-09 15:42:52.845  2714  2722 E luciUART: UART:2
04-09 15:42:52.845  2714  2722 E luciUART: UART:0
04-09 15:42:52.845  2714  2722 E luciUART: UART:d0
04-09 15:42:52.845  2714  2722 E luciUART: UART:0
04-09 15:42:52.845  2714  2722 I chatty  : uid=0(root) UARTLUCIControl identical 2 lines
04-09 15:42:52.845  2714  2722 E luciUART: UART:0
04-09 15:42:52.845  2714  2722 E luciUART: UART:9
04-09 15:42:52.845  2714  2722 E luciUART: UART:5f
04-09 15:42:52.845  2714  2722 I luciUART: Previous Packet read contd., 
04-09 15:42:52.845  2714  2722 E luciUART: UART:73
04-09 15:42:52.845  2714  2722 I luciUART: Previous Packet read contd., 
04-09 15:42:52.845  2714  2722 E luciUART: UART:73
04-09 15:42:52.846  2714  2722 I luciUART: Previous Packet read contd., 
04-09 15:42:52.846  2714  2722 E luciUART: UART:69
04-09 15:42:52.846  2714  2722 I luciUART: Previous Packet read contd., 
04-09 15:42:52.846  2714  2722 E luciUART: UART:64
04-09 15:42:52.846  2714  2723 E LUCI_SERVER: Luci Server Thread wait over MID 208....
04-09 15:42:52.858  2714  2722 E luciUART: UART:aa
04-09 15:42:52.858  2714  2722 E luciUART: UART:aa
04-09 15:42:52.888  2959  3163 I LibreCastControl: LibreCastControl_RequestGVAStatus() RequestId '4' pCastControl 0xf4a00728
04-09 15:42:52.889  2693  2693 I sh      : [0409/031252.888163:INFO:cast_message_service_impl.cc(1076)] CastMessageServiceImpl is ready
04-09 15:42:52.889  3086  3086 I cast_shell: [3089:3089:INFO:assistant_namespace_handler.cc(144)] Added a status listening peer for assistant namespace: domain-socket@/tmp/cast-control.1:system-0
04-09 15:42:52.890  2959  3163 I LibreCastControlDelegate: OnResponse() ReqeustID 4, error  0
04-09 15:42:53.481  3086  3086 I cast_shell: [3089:3144:INFO:multizone_manager.cc(1889)] Initial discovery complete
04-09 15:42:53.481  3086  3086 I cast_shell: [3089:3137:INFO:mdns_app_filter.cc(1605)] Re-probing due to newly registered service '3': _googlezone
04-09 15:42:53.482  3086  3086 I cast_shell: [3089:3089:INFO:mdns_manager_impl.cc(311)] Successfully registered service: type=_googlezone
04-09 15:42:53.529  2713  2725 I yani_server: doLotofWork() List of interface '4'
04-09 15:42:53.529  2713  2725 I yani_server: doLotofWork() Interface 'p2p0' ifr[0].ifr_name 'lo' ipaddress '127.0.0.1'
04-09 15:42:53.529  2713  2725 I yani_server: doLotofWork() Interface 'p2p0' ifr[1].ifr_name 'p2p0' ipaddress '192.168.255.249'
04-09 15:42:53.529  2713  2725 I yani_server: doLotofWork() returns 'REFILL WACMODE'
04-09 15:42:53.529  2713  2725 E yani_server: YANI: I am Done Wait For Event 
04-09 15:42:53.529  2713  2815 I yani_server: onNetworkParametersChanged() WAC Mode '1'  Index '2' Interface 'p2p0' Status '1'
04-09 15:42:53.529  2731  2731 E AirableUIHelper: AirableUIHelper::YaniAlert  4 1 
04-09 15:42:53.530  2730  2747 I MB_HANDLER: YaniAlert() Interface '4' Status '1'
04-09 15:42:53.541  2714  2723 E LUCI_SERVER: Luci Server Thread wait over MID 208....
04-09 15:42:53.541  2714  2723 E LUCI_SERVER: Got NV name : ssid
04-09 15:42:53.542  3086  3086 I cast_shell: [3089:3127:INFO:gatt_client_manager_impl.cc(202)] Enabling GATT client connectability
04-09 15:42:53.543  2959  3163 I LibreCastControlDelegate: Active Applications -> 0
04-09 15:42:53.543  2714  2723 I luciUART: write() MID = 208  bytes = 15 data = ssid: m_fd = 0x5
04-09 15:42:53.543  2959  3163 I LibreCastControlDelegate: Current Cast State '2' -> 'NOT_SETUP'
04-09 15:42:53.543  2714  2723 E LUCI_SERVER: NV_READ response= ssid:
04-09 15:42:53.543  2959  3163 I LibreCastControlDelegate: OnCastStatus() ---
04-09 15:42:53.543  2714  2723 E LUCI_SERVER: Luci Server Thread waiting for packets....
04-09 15:42:53.545  2959  3163 I LibreCastControlDelegate: OnResponse() ReqeustID 5, error  0
04-09 15:42:53.548  3086  3086 I cast_shell: [3089:3089:INFO:multizone_setup.cc(328)] Configured audio output delay changed. User delay = 0 s, OEM delay = 0.08 s, HDMI delay = 0 s
04-09 15:42:53.549  2959  3163 I LibreCastControlDelegate: OnCastStatus() +++ Lyric Speaker Box 21f384:0xad13a198:NOT_SETUP
04-09 15:42:53.549  2959  3163 I LibreCastControlDelegate: Device Build Number -> '1.52.272222'
04-09 15:42:53.549  2959  3163 I librecast: updateCastBuildVersion() Version 1.52.272222
04-09 15:42:53.550  2714  2714 I lucitransport: readRemoteMessage() MID char = 7 buffer = 1.52.272222
04-09 15:42:53.550  2959  3163 I LibreCastControlDelegate: Active Applications -> 0
04-09 15:42:53.550  2959  3163 I LibreCastControlDelegate: Current Cast State '2' -> 'NOT_SETUP'
04-09 15:42:53.550  2959  3163 I LibreCastControlDelegate: OnCastStatus() ---
04-09 15:42:53.560  2958  2968 D wac-main: Netlink event
04-09 15:42:53.560  2958  2968 E wac-main: Netlink event 16 Interface Index 6 
04-09 15:42:53.561  2958  2968 E wac-main: p2p0 event Link Changed : 1002 
04-09 15:42:53.561  2958  2968 E wac-main: Enter poll and wait
04-09 15:42:53.561  2713  2725 I yani_kernel: yani_geteventfrom_changeaddr() Message-Id '1' Netlink event '16' Interface Index '6' -> Name 'p2p0' 
04-09 15:42:53.564  2734  2743 E WifiUtil: command: "SCAN" failed: FAIL-BUSY
04-09 15:42:53.564  2734  2743 W HotspotManager: hotspot already started
04-09 15:42:53.598  3086  3086 I cast_shell: [3089:3089:INFO:crypto_manager.cc(278)] Public key: MIIBCgKCAQEAterCEqDU4rA7Da0rVhE81n0Bi4seyZyD3hMJCAKlHb6kUKFdDdJObK9iJGuestwcd8GI7mp68FKWZIMncWDceQ4ofYuSeqav/2VgbX9ghmRZBNS+Jvd25oLhJI3LzbI60xkbaml+uLrtBBn0xXNRArAD9X/5KBJ/8locr1Flkk8CV19DLl4GM4LUHWMMutl9yqVMVmAn6imUbR/MHgLFreHH6rxB+VpEU/rcpEYhQlGsrJcIeAiGJcIUI0BvA7yC3tatRE5YoSkYE5b/SzjX03kpBe3eJFmjBTq4+ci2HOF9pVZMpe1YytrhPFlx1HplZ6F21LcHEB/vh0Msg8g2owIDAQAB
04-09 15:42:53.599  3086  3086 I cast_shell: [3089:3089:INFO:crypto_manager.cc(289)] Public modulus: terCEqDU4rA7Da0rVhE81n0Bi4seyZyD3hMJCAKlHb6kUKFdDdJObK9iJGuestwcd8GI7mp68FKWZIMncWDceQ4ofYuSeqav_2VgbX9ghmRZBNS-Jvd25oLhJI3LzbI60xkbaml-uLrtBBn0xXNRArAD9X_5KBJ_8locr1Flkk8CV19DLl4GM4LUHWMMutl9yqVMVmAn6imUbR_MHgLFreHH6rxB-VpEU_rcpEYhQlGsrJcIeAiGJcIUI0BvA7yC3tatRE5YoSkYE5b_SzjX03kpBe3eJFmjBTq4-ci2HOF9pVZMpe1YytrhPFlx1HplZ6F21LcHEB_vh0Msg8g2ow
04-09 15:42:53.599  3086  3086 I cast_shell: [3089:3089:INFO:crypto_manager.cc(294)] Public exponent: AQAB
04-09 15:42:54.016  3169  3169 I dnsmasq : started, version 2.51 DNS disabled
04-09 15:42:54.016  3169  3169 I dnsmasq : compile time options: no-IPv6 GNU-getopt no-DBus no-I18N DHCP no-scripts no-TFTP
04-09 15:42:54.016  3169  3169 I dnsmasq : DHCP, IP range 192.168.255.250 -- 192.168.255.254, lease time 12h
04-09 15:42:54.019  2713  2725 I yani_server: NetLink Event '-1' Interface-Index '5' WLAN '-1' Ethernet '-1' Parsed-iFill '-1' -> 'INVALID' ifIndex '1' -> 'lo'
04-09 15:42:54.021  2713  2725 I yani_server: NetLink Event '-1' Interface-Index '5' WLAN '0' Ethernet '-1' Parsed-iFill '-1' -> 'INVALID' ifIndex '1' -> 'lo'
04-09 15:42:54.022  2713  2725 I yani_server: NetLink Event '-1' Interface-Index '5' WLAN '0' Ethernet '-1' Parsed-iFill '-1' -> 'INVALID' ifIndex '1' -> 'lo'
04-09 15:42:54.026  2958  2968 D wac-main: Netlink event
04-09 15:42:54.026  2958  2968 E wac-main: Netlink event 16 Interface Index 6 
04-09 15:42:54.026  2958  2968 E wac-main: p2p0 event Link Changed : 1003 
04-09 15:42:54.026  2958  2968 E wac-main: Enter poll and wait
04-09 15:42:54.027  2713  2725 I yani_kernel: yani_geteventfrom_changeaddr() Message-Id '1' Netlink event '16' Interface Index '6' -> Name 'p2p0' 
04-09 15:42:54.029  3165  3165 I hostapd : p2p0: IEEE 802.11 channel=6 mode=ht bw=20 htcaps=0x177f vhtcaps=0x0 cf_seg0=0 cf_seg1=0
04-09 15:42:54.034  2959  3163 I LibreCastControlDelegate: OnCastStatus() +++ Lyric Speaker Box 21f384:0xad13a198:NOT_SETUP
04-09 15:42:54.034  2959  3163 I LibreCastControlDelegate: Device Build Number -> '1.52.272222'
04-09 15:42:54.034  2959  3163 I librecast: updateCastBuildVersion() Version 1.52.272222
04-09 15:42:54.034  2714  2714 I lucitransport: readRemoteMessage() MID char = 7 buffer = 1.52.272222
04-09 15:42:54.034  2959  3163 I LibreCastControlDelegate: Active Applications -> 0
04-09 15:42:54.034  2959  3163 I LibreCastControlDelegate: Current Cast State '2' -> 'NOT_SETUP'
04-09 15:42:54.034  2959  3163 I LibreCastControlDelegate: OnCastStatus() ---
04-09 15:42:54.054  2958  2968 D wac-main: Netlink event
04-09 15:42:54.054  2958  2968 E wac-main: Netlink event 16 Interface Index 6 
04-09 15:42:54.054  2958  2968 E wac-main: p2p0 event Link Changed : 11043 
04-09 15:42:54.054  2958  2968 E wac-main: p2p0 Changed Up 
04-09 15:42:54.055  2713  2725 I yani_kernel: yani_geteventfrom_changeaddr() Message-Id '1' Netlink event '16' Interface Index '6' -> Name 'p2p0' 
04-09 15:42:54.056  2958  2968 I wifiapi : newconn : 0xf4e00718
04-09 15:42:54.058  2958  2968 I wifiapi : 'STATUS' command returned = 0
04-09 15:42:54.058  2958  2968 E wac-main: current wifi status : 10
04-09 15:42:54.540  3086  3086 I cast_shell: [3089:3127:INFO:ble_setup.cc(789)] Missing required info for sign.
04-09 15:42:54.587  2735  2771 E bt_btif : BTA_GATTS_AddService: rcb_idx = 0
04-09 15:42:54.587  2735  2771 I bluetoothtbd: [0409/031254.587296:INFO:gatt_api.cc(207)] GATTS_AddService
04-09 15:42:54.587  2735  2771 I bluetoothtbd: [0409/031254.587616:INFO:gatt_api.cc(317)] GATTS_AddService: service parsed correctly, now starting
04-09 15:42:54.589  3086  3086 I cast_shell: [3089:3127:INFO:gatt_client_manager_impl.cc(202)] Enabling GATT client connectability
04-09 15:42:54.589  3086  3086 I cast_shell: [3089:3127:INFO:ble_setup.cc(915)] Sign related info completed, no future EurekaInfo need sign.
04-09 15:42:54.589  3086  3086 I cast_shell: [3089:3127:INFO:gatt_client_manager_impl.cc(202)] Enabling GATT client connectability
04-09 15:42:54.589  3086  3086 I chatty  : uid=1000(chrome) /bin/logwrapper identical 1 line
04-09 15:42:54.589  3086  3086 I cast_shell: [3089:3127:INFO:gatt_client_manager_impl.cc(202)] Enabling GATT client connectability
04-09 15:42:54.591  3086  3086 I cast_shell: [3089:3127:INFO:ble_setup_manager.cc(744)] Started Bluetooth service
04-09 15:42:55.018  3086  3086 I cast_shell: [3089:3097:ERROR:connectivity_checker_impl.cc(265)] Connectivity check failed: 400
04-09 15:42:55.404  3086  3086 I cast_shell: [3089:3137:INFO:mdns_app_filter.cc(1403)] MdnsAppFilter: Done probing.
04-09 15:42:56.025  3086  3086 I cast_shell: [3089:3097:ERROR:connectivity_checker_impl.cc(265)] Connectivity check failed: 400
04-09 15:42:56.408  3086  3086 I cast_shell: [3089:3089:INFO:grpc_service_discovery_impl.cc(185)] Mdns discovered google RPC for [PII](577B5649E8518577D93D4B5D344D560F).
04-09 15:42:57.031  3086  3086 I cast_shell: [3089:3097:ERROR:connectivity_checker_impl.cc(265)] Connectivity check failed: 400
04-09 15:42:57.058  2958  2968 E wac-main: Enter poll and wait
04-09 15:42:57.409  3086  3086 I cast_shell: [3089:3137:INFO:mdns_app_filter.cc(1526)] MdnsAppFilter: Done announcing.
04-09 15:42:57.831  3086  3086 I cast_shell: [3089:3097:INFO:parent_tracker.cc(291)] [PII](577B5649E8518577D93D4B5D344D560F) Become root
04-09 15:42:57.831  3086  3086 I cast_shell: [3089:3097:INFO:directory_service_impl.cc(200)] This device became root
04-09 15:42:58.037  3086  3086 I cast_shell: [3089:3097:ERROR:connectivity_checker_impl.cc(265)] Connectivity check failed: 400
04-09 15:43:01.056  3086  3086 I chatty  : uid=1000(chrome) /bin/logwrapper identical 3 lines
04-09 15:43:02.063  3086  3086 I cast_shell: [3089:3097:ERROR:connectivity_checker_impl.cc(265)] Connectivity check failed: 400
04-09 15:43:02.160  3086  3086 I cast_shell: [3089:3127:ERROR:setup_state.cc(424)] Timeout for state=SETUP_STATE_CHECKING_GLOBAL_CONNECTIVITY(50): move to state=SETUP_STATE_CHECKING_GLOBAL_CONNECTIVITY_BAD_ROUTER(52).
04-09 15:43:02.161  3086  3086 I cast_shell: [3089:3127:INFO:setup_state.cc(261)] Setup state changed: SETUP_STATE_CHECKING_GLOBAL_CONNECTIVITY (50) -> SETUP_STATE_CHECKING_GLOBAL_CONNECTIVITY_BAD_ROUTER (52)
04-09 15:43:02.177  2959  3163 I LibreCastControlDelegate: OnCastStatus() +++ Lyric Speaker Box 21f384:0xad13a198:NOT_SETUP
04-09 15:43:02.177  2959  3163 I LibreCastControlDelegate: Device Build Number -> '1.52.272222'
04-09 15:43:02.177  2959  3163 I librecast: updateCastBuildVersion() Version 1.52.272222
04-09 15:43:02.178  2714  2714 I lucitransport: readRemoteMessage() MID char = 7 buffer = 1.52.272222
04-09 15:43:02.178  2959  3163 I LibreCastControlDelegate: Active Applications -> 0
04-09 15:43:02.178  2959  3163 I LibreCastControlDelegate: Current Cast State '2' -> 'NOT_SETUP'
04-09 15:43:02.178  2959  3163 I LibreCastControlDelegate: OnCastStatus() ---
04-09 15:43:03.070  3086  3086 I cast_shell: [3089:3097:ERROR:connectivity_checker_impl.cc(265)] Connectivity check failed: 400
04-09 15:43:28.070  2734  2742 E NetworkMonitor: cannot find default IPv4 route for wlan0
04-09 15:43:28.070  2734  2742 E NetworkMonitor: cannot find default IPv6 route for wlan0
04-09 15:43:31.167  2734  2742 E NetworkMonitor: no response for /bin/ping -n -I wlan0 -c 10 -w 10 8.8.8.8
04-09 15:43:31.178  2734  2742 E NetworkMonitor: no response for /bin/ping6 -n -I wlan0 -c 10 -w 10 2001:4860:4860::8888
04-09 15:43:31.181  2734  2742 E NetworkMonitor: dns resolution failed
04-09 15:43:31.182  2734  2742 I NetworkMonitor: Cast.Wifi.Failure.Type 7
04-09 15:43:50.379  3086  3086 I chatty  : uid=1000(chrome) /bin/logwrapper identical 47 lines
04-09 15:43:51.385  3086  3086 I cast_shell: [3089:3097:ERROR:connectivity_checker_impl.cc(265)] Connectivity check failed: 400
04-09 15:43:51.787  3086  3086 I cast_shell: [3089:3089:INFO:grpc_manager_impl.cc(505)] GRPC[uri=[::]:0]: num_pending_calls=0, num_active_handlers=0, num_free_handlers=0
04-09 15:43:51.787  3086  3086 I cast_shell: [3089:3089:INFO:gcm_manager.cc(269)] Disabling GCM Driver
04-09 15:43:51.788  3086  3086 I cast_shell: [3089:3089:INFO:grpc_manager_impl.cc(505)] GRPC[uri=]: num_pending_calls=0, num_active_handlers=0, num_free_handlers=0
04-09 15:43:51.818  3086  3086 I cast_shell: [3089:3089:INFO:grpc_manager_impl.cc(505)] GRPC[uri=unix:/tmp/hcp_ipc_auth.socket]: num_pending_calls=0, num_active_handlers=10, num_free_handlers=0
04-09 15:43:51.824  3086  3086 I cast_shell: [3089:3089:INFO:grpc_manager_impl.cc(505)] GRPC[uri=unix:/tmp/modular_updater/modular_update_service]: num_pending_calls=0, num_active_handlers=0, num_free_handlers=0
04-09 15:43:51.844  3086  3086 I cast_shell: [3089:3089:INFO:metrics_recorder.cc(112)] Metrics stat: total=13
04-09 15:43:51.844  3086  3086 I cast_shell: Cast.Discovery.Mdns.ResponderStarted=2
04-09 15:43:51.844  3086  3086 I cast_shell: Cast.Discovery.Mdns.ResponderStopped=1
04-09 15:43:51.844  3086  3086 I cast_shell: Cast.Discovery.Mdns.SocketCreated=4
04-09 15:43:51.844  3086  3086 I cast_shell: Cast.Discovery.Mdns.SocketDestroyed=2
04-09 15:43:51.844  3086  3086 I cast_shell: Cast.System.Timezone.ChangeSuccessful=1
04-09 15:43:51.844  3086  3086 I cast_shell: CastV2.Connection.Connect.In=1
04-09 15:43:51.844  3086  3086 I cast_shell: CastV2.Receiver.DeviceStatus.Out=5
04-09 15:43:51.844  3086  3086 I cast_shell: CastV2.Receiver.DeviceStatus.Out.Broadcast=2
04-09 15:43:51.844  3086  3086 I cast_shell: CastV2.Receiver.GetStatus.In=1
04-09 15:43:51.844  3086  3086 I cast_shell: CastV2.Resource.Provider.In=1
04-09 15:43:51.988  3086  3086 I cast_shell: [3089:3089:INFO:metrics_recorder_impl.cc(672)] Activated server experiments: []
04-09 15:43:51.990  3086  3086 I cast_shell: [3089:3089:INFO:cast_logs_metrics_provider.cc(59)] netif is ipv4
04-09 15:43:51.990  3086  3086 I cast_shell: [3089:3089:ERROR:socket_posix.cc(148)] bind() failed: Address already in use (98)
04-09 15:43:51.991  3086  3086 I cast_shell: [3089:3089:INFO:net_util_impl.cc(1041)] Platform supports dual-stack
04-09 15:43:52.008  3086  3086 I cast_shell: [3089:3089:INFO:grpc_manager_impl.cc(505)] GRPC[uri=[::]:8012]: num_pending_calls=0, num_active_handlers=1, num_free_handlers=0
04-09 15:43:52.391  3086  3086 I cast_shell: [3089:3097:ERROR:connectivity_checker_impl.cc(265)] Connectivity check failed: 400
04-09 15:44:32.192  2734  2742 E NetworkMonitor: cannot find default IPv4 route for wlan0
04-09 15:44:32.193  2734  2742 E NetworkMonitor: cannot find default IPv6 route for wlan0
04-09 15:44:35.294  2734  2742 E NetworkMonitor: no response for /bin/ping -n -I wlan0 -c 10 -w 10 8.8.8.8
04-09 15:44:35.305  2734  2742 E NetworkMonitor: no response for /bin/ping6 -n -I wlan0 -c 10 -w 10 2001:4860:4860::8888
04-09 15:44:35.306  2734  2742 E NetworkMonitor: dns resolution failed
04-09 15:44:50.777  3086  3086 I chatty  : uid=1000(chrome) /bin/logwrapper identical 58 lines
04-09 15:44:51.784  3086  3086 I cast_shell: [3089:3097:ERROR:connectivity_checker_impl.cc(265)] Connectivity check failed: 400
04-09 15:44:51.787  3086  3086 I cast_shell: [3089:3089:INFO:grpc_manager_impl.cc(505)] GRPC[uri=[::]:0]: num_pending_calls=0, num_active_handlers=0, num_free_handlers=0
04-09 15:44:51.789  3086  3086 I cast_shell: [3089:3089:INFO:grpc_manager_impl.cc(505)] GRPC[uri=]: num_pending_calls=0, num_active_handlers=0, num_free_handlers=0
04-09 15:44:51.819  3086  3086 I cast_shell: [3089:3089:INFO:grpc_manager_impl.cc(505)] GRPC[uri=unix:/tmp/hcp_ipc_auth.socket]: num_pending_calls=0, num_active_handlers=10, num_free_handlers=0
04-09 15:44:51.824  3086  3086 I cast_shell: [3089:3089:INFO:grpc_manager_impl.cc(505)] GRPC[uri=unix:/tmp/modular_updater/modular_update_service]: num_pending_calls=0, num_active_handlers=0, num_free_handlers=0
04-09 15:44:51.844  3086  3086 I cast_shell: [3089:3089:INFO:metrics_recorder.cc(112)] Metrics stat: total=2
04-09 15:44:51.845  3086  3086 I cast_shell: Cast.Discovery.Mdns.ResponderPing=1
04-09 15:44:51.845  3086  3086 I cast_shell: Cast.Discovery.Mdns.SocketPing=2
04-09 15:44:52.008  3086  3086 I cast_shell: [3089:3089:INFO:grpc_manager_impl.cc(505)] GRPC[uri=[::]:8012]: num_pending_calls=0, num_active_handlers=1, num_free_handlers=0
04-09 15:44:52.015  3086  3086 I cast_shell: [3089:3127:INFO:wifi_proximity.cc(177)] Request scan.
04-09 15:44:52.791  3086  3086 I cast_shell: [3089:3097:ERROR:connectivity_checker_impl.cc(265)] Connectivity check failed: 400
04-09 15:45:23.992  3086  3086 I chatty  : uid=1000(chrome) /bin/logwrapper identical 31 lines
04-09 15:45:24.998  3086  3086 I cast_shell: [3089:3097:ERROR:connectivity_checker_impl.cc(265)] Connectivity check failed: 400
04-09 15:45:25.393  2735  2813 I bt_btm_ble: btm_ble_conn_complete unable to match and resolve random address
04-09 15:45:25.396  2735  2813 W bt_smp  : smp_br_connect_callback is called on unexpected transport 2
04-09 15:45:25.396  2735  2813 W bt_btif : bta_dm_acl_change info: 0x0
04-09 15:45:25.397  2735  2771 I bluetoothtbd: [0409/031525.397113:INFO:gatt_server.cc(280)] Added connection entry for conn_id: 5 device address: 4C:CB:24:33:9A:F9
04-09 15:45:25.397  2735  2771 D bt_btif_dm: remote version info [4c:cb:24:33:9a:f9]: 0, 0, 0
04-09 15:45:25.397  2735  2771 I bluetoothtbd: [0409/031525.397538:INFO:adapter.cc(719)] ACL state changed: 4C:CB:24:33:9A:F9 - connected: true
04-09 15:45:25.400  3086  3086 I cast_shell: [3089:3127:ERROR:bluetooth_v1_via_v2.cc(796)] Connection state changed. :f9 true
04-09 15:45:25.922  2735  2771 D bt_btif_scanner: btif_gatts_upstreams_evt: Unhandled event (26)
04-09 15:45:26.005  3086  3086 I cast_shell: [3089:3097:ERROR:connectivity_checker_impl.cc(265)] Connectivity check failed: 400
04-09 15:45:26.513  2735  2813 E bluetoothtbd: [0409/031526.513709:ERROR:gatt_sr.cc(743)] MTU request PDU with MTU size 515
04-09 15:45:26.514  2735  2813 W bt_l2cap: l2cble_set_fixed_channel_tx_data_length, request not supported
04-09 15:45:26.514  2735  2813 W bluetoothtbd: [0409/031526.514628:WARNING:gatt_utils.cc(837)] Call back not found for application conn_id=3
04-09 15:45:26.514  2735  2813 W bluetoothtbd: [0409/031526.514715:WARNING:gatt_utils.cc(837)] Call back not found for application conn_id=4
04-09 15:45:26.514  2735  2813 W bluetoothtbd: [0409/031526.514793:WARNING:gatt_utils.cc(837)] Call back not found for application conn_id=6
04-09 15:45:26.539  3086  3086 I cast_shell: [3089:3127:INFO:ble_setup.cc(322)] Record action: Setup.set_eureka_info.BLE.Locale
04-09 15:45:26.539  3086  3086 I cast_shell: [3089:3127:INFO:locale_manager.cc(576)] New locale: en-US
04-09 15:45:26.552  3086  3086 I cast_shell: [3089:3127:INFO:setup_state.cc(544)] EurekaInfoCalled: wifi_state=3, is_usable_ip_address=1, connected=0, is_initial_setup=1
04-09 15:45:26.552  3086  3086 I cast_shell: [3089:3127:INFO:setup_state.cc(261)] Setup state changed: SETUP_STATE_CHECKING_GLOBAL_CONNECTIVITY_BAD_ROUTER (52) -> SETUP_STATE_DISCONNECTED_EXTERNAL_CLIENT_ACCESSED (11)
04-09 15:45:26.552  3086  3086 I cast_shell: [3089:3112:INFO:media_manager_impl.cc(383)] TurnActive result: 0
04-09 15:45:26.557  2959  3163 I LibreCastControlDelegate: OnCastStatus() +++ Lyric Speaker Box 21f384:0xad13a198:NOT_SETUP
04-09 15:45:26.557  2959  3163 I LibreCastControlDelegate: Device Build Number -> '1.52.272222'
04-09 15:45:26.557  2959  3163 I librecast: updateCastBuildVersion() Version 1.52.272222
04-09 15:45:26.557  2714  2714 I lucitransport: readRemoteMessage() MID char = 7 buffer = 1.52.272222
04-09 15:45:26.557  2959  3163 I LibreCastControlDelegate: Active Applications -> 0
04-09 15:45:26.557  2959  3163 I LibreCastControlDelegate: Current Cast State '2' -> 'NOT_SETUP'
04-09 15:45:26.558  2959  3163 I LibreCastControlDelegate: OnCastStatus() ---
04-09 15:45:26.558  2959  3163 I LibreCastControlDelegate: OnCastStatus() +++ Lyric Speaker Box 21f384:0xad13a198:NOT_SETUP
04-09 15:45:26.558  2959  3163 I LibreCastControlDelegate: Device Build Number -> '1.52.272222'
04-09 15:45:26.558  2959  3163 I librecast: updateCastBuildVersion() Version 1.52.272222
04-09 15:45:26.558  2714  2714 I lucitransport: readRemoteMessage() MID char = 7 buffer = 1.52.272222
04-09 15:45:26.561  3086  3086 I cast_shell: [3089:3127:INFO:metrics_recorder.cc(282)] Record action: Setup.version.BLE
04-09 15:45:26.596  2735  2771 D bt_btif_scanner: btif_gatts_upstreams_evt: Unhandled event (26)
04-09 15:45:26.696  3086  3086 I cast_shell: [3089:3127:INFO:metrics_recorder.cc(282)] Record action: Setup.name_utf8.BLE
04-09 15:45:26.988  3086  3086 I cast_shell: [3089:3127:INFO:metrics_recorder.cc(282)] Record action: Setup.tos_accepted.BLE
04-09 15:45:27.011  3086  3086 I cast_shell: [3089:3097:ERROR:connectivity_checker_impl.cc(265)] Connectivity check failed: 400
04-09 15:45:27.039  2735  2771 D bt_btif_scanner: btif_gatts_upstreams_evt: Unhandled event (26)
04-09 15:45:27.055  3086  3086 I cast_shell: [3089:3127:INFO:metrics_recorder.cc(282)] Record action: Setup.state.BLE
04-09 15:45:27.086  3086  3086 I cast_shell: [3089:3127:INFO:metrics_recorder.cc(282)] Record action: Setup.ip_address.BLE
04-09 15:45:27.160  3086  3086 I cast_shell: [3089:3127:INFO:metrics_recorder.cc(282)] Record action: Setup.eureka_info_immutable_basic.BLE
04-09 15:45:27.205  3086  3086 I cast_shell: [3089:3127:INFO:metrics_recorder.cc(282)] Record action: Setup.eureka_info_mutable_reads.BLE
04-09 15:45:27.235  3086  3086 I cast_shell: [3089:3127:INFO:metrics_recorder.cc(282)] Record action: Setup.eureak_info_keys.BLE
04-09 15:45:27.341  3086  3086 I cast_shell: [3089:3127:INFO:metrics_recorder.cc(282)] Record action: Setup.eureka_info_immutable_basic.BLE
04-09 15:45:27.385  3086  3086 I cast_shell: [3089:3127:INFO:metrics_recorder.cc(282)] Record action: Setup.eureak_info_keys.BLE
04-09 15:45:27.700  3086  3086 I chatty  : uid=1000(chrome) /bin/logwrapper identical 4 lines
04-09 15:45:27.775  3086  3086 I cast_shell: [3089:3127:INFO:metrics_recorder.cc(282)] Record action: Setup.eureak_info_keys.BLE
04-09 15:45:27.850  3086  3086 I cast_shell: [3089:3127:INFO:metrics_recorder.cc(282)] Record action: Setup.i8n_info.BLE
04-09 15:45:27.940  3086  3086 I chatty  : uid=1000(chrome) /bin/logwrapper identical 1 line
04-09 15:45:28.015  3086  3086 I cast_shell: [3089:3127:INFO:metrics_recorder.cc(282)] Record action: Setup.i8n_info.BLE
04-09 15:45:28.017  3086  3086 I cast_shell: [3089:3097:ERROR:connectivity_checker_impl.cc(265)] Connectivity check failed: 400
04-09 15:45:28.105  3086  3086 I cast_shell: [3089:3127:INFO:metrics_recorder.cc(282)] Record action: Setup.i8n_info.BLE
04-09 15:45:28.255  3086  3086 I chatty  : uid=1000(chrome) /bin/logwrapper identical 2 lines
04-09 15:45:28.330  3086  3086 I cast_shell: [3089:3127:INFO:metrics_recorder.cc(282)] Record action: Setup.i8n_info.BLE
04-09 15:45:28.376  3086  3086 I cast_shell: [3089:3127:INFO:ble_setup.cc(322)] Record action: Setup.set_eureka_info.BLE.CountryCode
04-09 15:45:28.376  3086  3086 I cast_shell: [3089:3127:INFO:locale_manager.cc(639)] New country code: IN
04-09 15:45:28.381  2712  2712 I wpa_supplicant: wlan0: CTRL-EVENT-REGDOM-CHANGE init=USER type=COUNTRY alpha2=IN
04-09 15:45:28.383  2713  2725 I yani_server: NetLink Event '-1' Interface-Index '5' WLAN '-1' Ethernet '-1' Parsed-iFill '-1' -> 'INVALID' ifIndex '1' -> 'lo'
04-09 15:45:28.388  2713  2725 I yani_server: NetLink Event '-1' Interface-Index '5' WLAN '0' Ethernet '-1' Parsed-iFill '-1' -> 'INVALID' ifIndex '1' -> 'lo'
04-09 15:45:28.390  2959  3163 I LibreCastControlDelegate: OnCastStatus() +++ Lyric Speaker Box 21f384:0xad13a198:NOT_SETUP
04-09 15:45:28.390  2959  3163 I LibreCastControlDelegate: Device Build Number -> '1.52.272222'
04-09 15:45:28.390  2959  3163 I librecast: updateCastBuildVersion() Version 1.52.272222
04-09 15:45:28.390  2714  2714 I lucitransport: readRemoteMessage() MID char = 7 buffer = 1.52.272222
04-09 15:45:28.390  2959  3163 I LibreCastControlDelegate: Active Applications -> 0
04-09 15:45:28.390  2959  3163 I LibreCastControlDelegate: Current Cast State '2' -> 'NOT_SETUP'
04-09 15:45:28.390  2959  3163 I LibreCastControlDelegate: OnCastStatus() ---
04-09 15:45:29.024  3086  3086 I cast_shell: [3089:3097:ERROR:connectivity_checker_impl.cc(265)] Connectivity check failed: 400
04-09 15:45:29.425  3086  3086 I cast_shell: [3089:3127:INFO:ble_setup.cc(322)] Record action: Setup.scan_wifi.BLE
04-09 15:45:29.426  3086  3086 I cast_shell: [3089:3127:WARNING:wifi_controller_wpa_supplicant.cc(797)] Wpa responses FAIL-BUSY, assuming it is associating, which will keep scan_results fresh.
04-09 15:45:30.031  3086  3086 I cast_shell: [3089:3097:ERROR:connectivity_checker_impl.cc(265)] Connectivity check failed: 400
04-09 15:45:31.037  3086  3086 I cast_shell: [3089:3097:ERROR:connectivity_checker_impl.cc(265)] Connectivity check failed: 400
04-09 15:45:31.898  2958  2968 D wac-main: Netlink event
04-09 15:45:31.898  2958  2968 E wac-main: Netlink event 16 Interface Index 5 
04-09 15:45:31.899  2958  2968 E wac-main: Enter poll and wait
04-09 15:45:31.899  2958  2968 D wac-main: Netlink event
04-09 15:45:31.899  2958  2968 E wac-main: Netlink event 16 Interface Index 5 
04-09 15:45:31.899  2958  2968 E wac-main: Enter poll and wait
04-09 15:45:31.899  2713  2725 I yani_kernel: yani_geteventfrom_changeaddr() Message-Id '1' Netlink event '16' Interface Index '5' -> Name 'wlan0' 
04-09 15:45:31.905  2713  2725 I yani_kernel: yani_geteventfrom_changeaddr() Message-Id '1' Netlink event '16' Interface Index '5' -> Name 'wlan0' 
04-09 15:45:31.908  2713  2725 I yani_server: NetLink Event '-1' Interface-Index '5' WLAN '-1' Ethernet '-1' Parsed-iFill '-1' -> 'INVALID' ifIndex '1' -> 'lo'
04-09 15:45:31.909  2713  2725 I yani_server: NetLink Event '-1' Interface-Index '5' WLAN '0' Ethernet '-1' Parsed-iFill '-1' -> 'INVALID' ifIndex '1' -> 'lo'
04-09 15:45:31.911  2713  2725 I yani_server: NetLink Event '-1' Interface-Index '5' WLAN '0' Ethernet '-1' Parsed-iFill '-1' -> 'INVALID' ifIndex '1' -> 'lo'
04-09 15:45:31.922  2959  3163 I LibreCastControlDelegate: OnCastStatus() +++ Lyric Speaker Box 21f384:0xad13a198:NOT_SETUP
04-09 15:45:31.922  2959  3163 I LibreCastControlDelegate: Device Build Number -> '1.52.272222'
04-09 15:45:31.922  2959  3163 I librecast: updateCastBuildVersion() Version 1.52.272222
04-09 15:45:31.922  2714  2714 I lucitransport: readRemoteMessage() MID char = 7 buffer = 1.52.272222
04-09 15:45:31.922  2959  3163 I LibreCastControlDelegate: Active Applications -> 0
04-09 15:45:31.922  2959  3163 I LibreCastControlDelegate: Current Cast State '2' -> 'NOT_SETUP'
04-09 15:45:31.922  2959  3163 I LibreCastControlDelegate: OnCastStatus() ---
04-09 15:45:32.044  3086  3086 I cast_shell: [3089:3097:ERROR:connectivity_checker_impl.cc(265)] Connectivity check failed: 400
04-09 15:45:33.051  3086  3086 I cast_shell: [3089:3097:ERROR:connectivity_checker_impl.cc(265)] Connectivity check failed: 400
04-09 15:45:33.460  3086  3086 I cast_shell: [3089:3127:INFO:ble_setup.cc(322)] Record action: Setup.scan_wifi.BLE
04-09 15:45:33.461  2712  2712 I wpa_supplicant: wlan0: CTRL-EVENT-SCAN-FAILED ret=-11
04-09 15:45:33.464  2713  2725 I yani_server: NetLink Event '-1' Interface-Index '5' WLAN '0' Ethernet '-1' Parsed-iFill '-1' -> 'INVALID' ifIndex '1' -> 'lo'
04-09 15:45:33.467  2959  3163 I LibreCastControlDelegate: OnCastStatus() +++ Lyric Speaker Box 21f384:0xad13a198:NOT_SETUP
04-09 15:45:33.467  2959  3163 I LibreCastControlDelegate: Device Build Number -> '1.52.272222'
04-09 15:45:33.467  2959  3163 I librecast: updateCastBuildVersion() Version 1.52.272222
04-09 15:45:33.467  2714  2714 I lucitransport: readRemoteMessage() MID char = 7 buffer = 1.52.272222
04-09 15:45:33.467  2959  3163 I LibreCastControlDelegate: Active Applications -> 0
04-09 15:45:33.467  2959  3163 I LibreCastControlDelegate: Current Cast State '2' -> 'NOT_SETUP'
04-09 15:45:33.467  2959  3163 I LibreCastControlDelegate: OnCastStatus() ---
04-09 15:45:34.057  3086  3086 I cast_shell: [3089:3097:ERROR:connectivity_checker_impl.cc(265)] Connectivity check failed: 400
04-09 15:45:36.070  3086  3086 I chatty  : uid=1000(chrome) /bin/logwrapper identical 2 lines
04-09 15:45:36.318  2734  2742 E NetworkMonitor: cannot find default IPv4 route for wlan0
04-09 15:45:36.319  2734  2742 E NetworkMonitor: cannot find default IPv6 route for wlan0
04-09 15:45:37.077  3086  3086 I cast_shell: [3089:3097:ERROR:connectivity_checker_impl.cc(265)] Connectivity check failed: 400
04-09 15:45:37.525  3086  3086 I cast_shell: [3089:3127:INFO:metrics_recorder.cc(282)] Record action: Setup.scan_results.BLE
04-09 15:45:37.599  3086  3086 I cast_shell: [3089:3127:INFO:metrics_recorder.cc(282)] Record action: Setup.scan_results.BLE
04-09 15:45:38.082  3086  3086 I cast_shell: [3089:3097:ERROR:connectivity_checker_impl.cc(265)] Connectivity check failed: 400
04-09 15:45:39.089  3086  3086 I cast_shell: [3089:3097:ERROR:connectivity_checker_impl.cc(265)] Connectivity check failed: 400
04-09 15:45:39.390  2734  2742 E NetworkMonitor: no response for /bin/ping -n -I wlan0 -c 10 -w 10 8.8.8.8
04-09 15:45:39.401  2734  2742 E NetworkMonitor: no response for /bin/ping6 -n -I wlan0 -c 10 -w 10 2001:4860:4860::8888
04-09 15:45:39.402  2734  2742 E NetworkMonitor: dns resolution failed
04-09 15:45:39.760  3086  3086 I cast_shell: [3089:3127:INFO:ble_setup.cc(322)] Record action: Setup.play_sound.BLE
04-09 15:45:39.763  3086  3086 I cast_shell: [3089:3106:INFO:synchronized_sound_player.cc(362)] Playing sound key 2
04-09 15:45:39.802  3086  3086 I cast_shell: [3089:3106:INFO:audio_decoder_software_wrapper.cc(86)] Using backend decoder for PCM
04-09 15:45:39.802  3086  3086 I cast_shell: [3089:3111:INFO:mixer_input_connection.cc(208)] Create 0xf420f8f0 (no_delay), content type: media, focus type: media, fill size: 512, algorithm fill size: 221, channel count: 1, input sample rate: 44100, start threshold: 3087, max queue size: 8820, socket: 0xf418d7b0
04-09 15:45:39.818  3086  3086 I cast_shell: [3089:3110:INFO:mixer_output_stream_alsa.cc(428)] ALSA buffer = 4096, period = 512
04-09 15:45:39.827  3086  3086 I cast_shell: [3089:3109:INFO:stream_mixer.cc(604)] Input source channel count = 1
04-09 15:45:39.827  3086  3086 I cast_shell: [3089:3109:INFO:stream_mixer.cc(607)] Dynamic channel count not enabled; using stereo
04-09 15:45:39.827  3086  3086 I cast_shell: [3089:3109:INFO:stream_mixer.cc(604)] Input source channel count = 1
04-09 15:45:39.827  3086  3086 I cast_shell: [3089:3109:INFO:stream_mixer.cc(607)] Dynamic channel count not enabled; using stereo
04-09 15:45:39.827  3086  3086 I cast_shell: [3089:3109:INFO:stream_mixer.cc(416)] Start with 0 active inputs
04-09 15:45:39.827  3086  3086 I cast_shell: [3089:3110:INFO:mixer_output_stream_alsa.cc(171)] snd_pcm_open: handle=0xf4322050
04-09 15:45:39.827  3086  3086 I cast_shell: [3089:3127:INFO:ble_setup.cc(322)] Record action: Setup.play_sound.BLE
04-09 15:45:39.827  3086  3086 I cast_shell: [3089:3110:WARNING:mixer_output_stream_alsa.cc(341)] Requested sample rate (44100 Hz) does not match the actual sample rate (48000 Hz). This may lead to lower audio quality.
04-09 15:45:39.827  3086  3086 I cast_shell: [3089:3110:INFO:mixer_output_stream_alsa.cc(346)] Sample rate changed from 0 to 48000
04-09 15:45:39.827  3086  3086 I cast_shell: [3089:3110:WARNING:mixer_output_stream_alsa.cc(379)] Requested period size (512 frames) does not match the actual period size (1024 frames). This may lead to an increase in CPU usage or an increase in audio latency.
04-09 15:45:39.853  3086  3086 I cast_shell: [3089:3106:INFO:audio_decoder_software_wrapper.cc(86)] Using backend decoder for PCM
04-09 15:45:39.854  3086  3086 I cast_shell: [3089:3111:INFO:mixer_input_connection.cc(208)] Create 0xf421cc60 (no_delay), content type: media, focus type: media, fill size: 512, algorithm fill size: 240, channel count: 2, input sample rate: 48000, start threshold: 3360, max queue size: 9600, socket: 0xf416aa70
04-09 15:45:39.871  3086  3086 I cast_shell: [3089:3111:INFO:mixer_input_connection.cc(243)] Delete 0xf420f8f0
04-09 15:45:39.872  3086  3086 I cast_shell: [3089:3109:INFO:stream_mixer.cc(683)] Remove input 0xf420f8f4
04-09 15:45:39.872  3086  3086 I chatty  : uid=1000(chrome) /bin/logwrapper identical 1 line
04-09 15:45:39.872  3086  3086 I cast_shell: [3089:3109:INFO:stream_mixer.cc(683)] Remove input 0xf420f8f4
04-09 15:45:39.872  3086  3086 I cast_shell: [3089:3109:INFO:stream_mixer.cc(604)] Input source channel count = 2
04-09 15:45:39.872  3086  3086 I cast_shell: [3089:3106:INFO:media_pipeline_backend_for_mixer.cc(276)] Audio ready to play
04-09 15:45:39.872  3086  3086 I cast_shell: [3089:3109:INFO:stream_mixer.cc(607)] Dynamic channel count not enabled; using stereo
04-09 15:45:39.872  3086  3086 I cast_shell: [3089:3109:INFO:stream_mixer.cc(640)] Add input 0xf421cc64 to mix @ 48000 samples per second. Is primary source? = 0
04-09 15:45:39.873  3086  3086 I cast_shell: [3089:3109:INFO:mixer_input.cc(361)] no_delay(0xf421cc64): set volume limits to [0, 1]
04-09 15:45:39.873  3086  3086 I cast_shell: [3089:3109:INFO:mixer_input.cc(346)] no_delay(0xf421cc64): type volume = 1, effective multiplier = 1
04-09 15:45:39.873  3086  3086 I cast_shell: [3089:3109:INFO:mixer_input.cc(395)] no_delay(0xf421cc64): mute volume = 1, effective multiplier = 1
04-09 15:45:39.873  3086  3086 I cast_shell: [3089:3109:INFO:mixer_input_connection.cc(1053)] 0xf421cc60 ready for playback
04-09 15:45:39.893  3086  3086 I cast_shell: [3089:3109:INFO:mixer_input_connection.cc(705)] Start 0xf421cc60
04-09 15:45:40.095  3086  3086 I cast_shell: [3089:3097:ERROR:connectivity_checker_impl.cc(265)] Connectivity check failed: 400
04-09 15:45:41.101  3086  3086 I cast_shell: [3089:3097:ERROR:connectivity_checker_impl.cc(265)] Connectivity check failed: 400
04-09 15:45:41.492  3086  3086 I cast_shell: [3089:3109:INFO:mixer_input_connection.cc(589)] End of stream for 0xf421cc60
04-09 15:45:41.684  3086  3086 I cast_shell: [3089:3106:INFO:synchronized_sound_player.cc(496)] Finished playing sound
04-09 15:45:41.684  3086  3086 I cast_shell: [3089:3111:INFO:mixer_input_connection.cc(386)] Remove 0xf421cc60
04-09 15:45:41.748  3086  3086 I cast_shell: [3089:3111:INFO:mixer_input_connection.cc(243)] Delete 0xf421cc60
04-09 15:45:41.748  3086  3086 I cast_shell: [3089:3109:INFO:stream_mixer.cc(683)] Remove input 0xf421cc64
04-09 15:45:41.748  3086  3086 I cast_shell: [3089:3109:INFO:stream_mixer.cc(774)] Close timeout
04-09 15:45:41.748  3086  3086 I cast_shell: [3089:3109:INFO:stream_mixer.cc(541)] Stop
04-09 15:45:41.749  3086  3086 I cast_shell: [3089:3097:INFO:loopback_audio_input.cc(194)] [REALIGN] loopback interrupted; reason = 4
04-09 15:45:41.749  3086  3086 I cast_shell: [3089:3089:INFO:cast_receiver_mojo.cc(844)] cast event : Cast.Platform.Audio.OutputInterrupted
04-09 15:45:41.833  3086  3086 I cast_shell: [3089:3110:INFO:mixer_output_stream_alsa.cc(293)] snd_pcm_close: handle=0xf4322050
04-09 15:45:42.108  3086  3086 I cast_shell: [3089:3097:ERROR:connectivity_checker_impl.cc(265)] Connectivity check failed: 400
04-09 15:45:45.128  3086  3086 I chatty  : uid=1000(chrome) /bin/logwrapper identical 3 lines
04-09 15:45:46.135  3086  3086 I cast_shell: [3089:3097:ERROR:connectivity_checker_impl.cc(265)] Connectivity check failed: 400
04-09 15:45:46.978  2713  2725 I yani_server: NetLink Event '-1' Interface-Index '5' WLAN '0' Ethernet '-1' Parsed-iFill '-1' -> 'INVALID' ifIndex '1' -> 'lo'
04-09 15:45:46.991  2713  2725 I chatty  : uid=0(root) YaniServer identical 19 lines
04-09 15:45:46.991  2713  2725 I yani_server: NetLink Event '-1' Interface-Index '5' WLAN '0' Ethernet '-1' Parsed-iFill '-1' -> 'INVALID' ifIndex '1' -> 'lo'
04-09 15:45:47.142  3086  3086 I cast_shell: [3089:3097:ERROR:connectivity_checker_impl.cc(265)] Connectivity check failed: 400
04-09 15:45:50.162  3086  3086 I chatty  : uid=1000(chrome) /bin/logwrapper identical 3 lines
04-09 15:45:51.168  3086  3086 I cast_shell: [3089:3097:ERROR:connectivity_checker_impl.cc(265)] Connectivity check failed: 400
04-09 15:45:51.789  3086  3086 I cast_shell: [3089:3089:INFO:grpc_manager_impl.cc(505)] GRPC[uri=[::]:0]: num_pending_calls=0, num_active_handlers=0, num_free_handlers=0
04-09 15:45:51.789  3086  3086 I cast_shell: [3089:3089:INFO:grpc_manager_impl.cc(505)] GRPC[uri=]: num_pending_calls=0, num_active_handlers=0, num_free_handlers=0
04-09 15:45:51.819  3086  3086 I cast_shell: [3089:3089:INFO:grpc_manager_impl.cc(505)] GRPC[uri=unix:/tmp/hcp_ipc_auth.socket]: num_pending_calls=0, num_active_handlers=10, num_free_handlers=0
04-09 15:45:51.825  3086  3086 I cast_shell: [3089:3089:INFO:grpc_manager_impl.cc(505)] GRPC[uri=unix:/tmp/modular_updater/modular_update_service]: num_pending_calls=0, num_active_handlers=0, num_free_handlers=0
04-09 15:45:51.845  3086  3086 I cast_shell: [3089:3089:INFO:metrics_recorder.cc(112)] Metrics stat: total=10
04-09 15:45:51.845  3086  3086 I cast_shell: Setup.eureak_info_keys.BLE=7
04-09 15:45:51.846  3086  3086 I cast_shell: Setup.eureka_info_immutable_basic.BLE=2
04-09 15:45:51.846  3086  3086 I cast_shell: Setup.eureka_info_mutable_reads.BLE=1
04-09 15:45:51.846  3086  3086 I cast_shell: Setup.i8n_info.BLE=7
04-09 15:45:51.846  3086  3086 I cast_shell: Setup.ip_address.BLE=1
04-09 15:45:51.846  3086  3086 I cast_shell: Setup.name_utf8.BLE=1
04-09 15:45:51.846  3086  3086 I cast_shell: Setup.scan_results.BLE=2
04-09 15:45:51.846  3086  3086 I cast_shell: Setup.state.BLE=1
04-09 15:45:51.846  3086  3086 I cast_shell: Setup.tos_accepted.BLE=1
04-09 15:45:51.846  3086  3086 I cast_shell: Setup.version.BLE=1
04-09 15:45:52.009  3086  3086 I cast_shell: [3089:3089:INFO:grpc_manager_impl.cc(505)] GRPC[uri=[::]:8012]: num_pending_calls=0, num_active_handlers=1, num_free_handlers=0
04-09 15:45:52.175  3086  3086 I cast_shell: [3089:3097:ERROR:connectivity_checker_impl.cc(265)] Connectivity check failed: 400
04-09 15:45:52.993  3086  3086 I cast_shell: [3089:3127:INFO:ble_setup.cc(322)] Record action: Setup.connect_wifi.BLE
04-09 15:45:53.000  3086  3086 I cast_shell: [3089:3127:INFO:setup_manager_impl.cc(1965)] New value: pref=tos-accepted, value=1
04-09 15:45:53.000  3086  3086 I cast_shell: [3089:3127:INFO:api_connect_wifi.cc(86)] connect_wifi Auth: 7
04-09 15:45:53.000  3086  3086 I cast_shell: [3089:3127:INFO:api_connect_wifi.cc(90)] connect_wifi Cipher: 4
04-09 15:45:53.001  3086  3086 I cast_shell: [3089:3089:INFO:bluetooth_setup.cc(686)] Disabling connectability: no bonded devices.
04-09 15:45:53.001  3086  3086 I cast_shell: [3089:3089:INFO:cast_receiver_impl.cc(1100)] Leaving discovery-only mode
04-09 15:45:53.001  3086  3086 I cast_shell: [3089:3089:INFO:application_config_manager_impl.cc(566)] Enabling virtual device f468e1e2-e7c5-f320-46f0-05d1c6251635
04-09 15:45:53.001  3086  3086 I cast_shell: [3089:3137:INFO:mdns_cast_service.cc(351)] Device discovery state is idle
04-09 15:45:53.001  3086  3086 I cast_shell: [3089:3137:INFO:mdns_util.cc(102)] Defaulting mDNS capabilities for audio-only build
04-09 15:45:53.014  3086  3086 I cast_shell: [3089:3127:INFO:wifi_controller_wpa_supplicant.cc(1188)] strongest_snr=23 wifi_interface_index=0
04-09 15:45:53.032  2735  2771 I bluetoothtbd: [0409/031553.031968:INFO:adapter.cc(551)] Adapter properties changed
04-09 15:45:53.032  3086  3086 I cast_shell: [3089:3127:INFO:api_connect_wifi.cc(159)] [PII] Configuring wifi: ssid=Linksys16717_2G, auth=7, pairwise=4, id=0"
04-09 15:45:53.032  3086  3086 I cast_shell: [3089:3127:INFO:api_connect_wifi.cc(162)] Configuring wifi: otg =0, tethering_mode =0, wifi_auto_save_enabled=0
04-09 15:45:53.032  3086  3086 I cast_shell: [3089:3127:INFO:local_network_info_impl.cc(276)] CONNECTIVITY_ID changed:
04-09 15:45:53.032  3086  3086 I cast_shell: [3089:3127:INFO:setup_state.cc(261)] Setup state changed: SETUP_STATE_DISCONNECTED_EXTERNAL_CLIENT_ACCESSED (11) -> SETUP_STATE_SCANNING (20)
04-09 15:45:53.032  3086  3086 I cast_shell: [3089:3089:INFO:ccs_manager_impl.cc(1799)] Connectivity ID has changed; Will re-register CCS
04-09 15:45:53.032  3086  3086 I cast_shell: [3089:3089:INFO:ccs_manager_impl.cc(851)] Network connectivity down for CcsManager
04-09 15:45:53.032  2713  2725 I yani_server: NetLink Event '-1' Interface-Index '5' WLAN '0' Ethernet '-1' Parsed-iFill '-1' -> 'INVALID' ifIndex '1' -> 'lo'
04-09 15:45:53.039  3086  3086 I cast_shell: [3089:3127:INFO:bluetooth_manager.cc(115)] Record action: Cast.Bluetooth.DiscoveryMode.Disable
04-09 15:45:53.041  3086  3086 I cast_shell: [3089:3127:INFO:setup_state.cc(261)] Setup state changed: SETUP_STATE_SCANNING (20) -> SETUP_STATE_CHECKING_GLOBAL_CONNECTIVITY (50)
04-09 15:45:53.046  2959  3163 I LibreCastControlDelegate: OnCastStatus() +++ Lyric Speaker Box 21f384:0xad13a198:OFFLINE
04-09 15:45:53.046  2959  3163 I LibreCastControlDelegate: Device Build Number -> '1.52.272222'
04-09 15:45:53.046  2959  3163 I librecast: updateCastBuildVersion() Version 1.52.272222
04-09 15:45:53.046  2714  2714 I lucitransport: readRemoteMessage() MID char = 7 buffer = 1.52.272222
04-09 15:45:53.046  2959  3163 I LibreCastControlDelegate: Active Applications -> 0
04-09 15:45:53.046  2959  3163 I LibreCastControlDelegate: Current Cast State '3' -> 'OFFLINE'
04-09 15:45:53.046  2959  3163 I LibreCastControlDelegate: OnCastStatus() ---
04-09 15:45:53.047  2959  3163 I LibreCastControlDelegate: OnCastStatus() +++ Lyric Speaker Box 21f384:0xad13a198:OFFLINE
04-09 15:45:53.047  2959  3163 I LibreCastControlDelegate: Device Build Number -> '1.52.272222'
04-09 15:45:53.047  2959  3163 I librecast: updateCastBuildVersion() Version 1.52.272222
04-09 15:45:53.048  2714  2714 I lucitransport: readRemoteMessage() MID char = 7 buffer = 1.52.272222
04-09 15:45:53.049  2959  3163 I LibreCastControlDelegate: OnCastStatus() +++ Lyric Speaker Box 21f384:0xad13a198:OFFLINE
04-09 15:45:53.049  2959  3163 I LibreCastControlDelegate: Device Build Number -> '1.52.272222'
04-09 15:45:53.049  2959  3163 I librecast: updateCastBuildVersion() Version 1.52.272222
04-09 15:45:53.049  2714  2714 I lucitransport: readRemoteMessage() MID char = 7 buffer = 1.52.272222
04-09 15:45:53.050  2959  3163 I LibreCastControlDelegate: Active Applications -> 0
04-09 15:45:53.050  2959  3163 I LibreCastControlDelegate: Current Cast State '3' -> 'OFFLINE'
04-09 15:45:53.050  2959  3163 I LibreCastControlDelegate: OnCastStatus() ---
04-09 15:45:53.182  3086  3086 I cast_shell: [3089:3097:ERROR:connectivity_checker_impl.cc(265)] Connectivity check failed: 400
04-09 15:45:53.546  3086  3086 I cast_shell: [3089:3127:INFO:metrics_recorder.cc(282)] Record action: Setup.version.BLE
04-09 15:45:53.573  3086  3086 I cast_shell: [3089:3127:INFO:metrics_recorder.cc(282)] Record action: Setup.tos_accepted.BLE
04-09 15:45:53.603  3086  3086 I cast_shell: [3089:3127:INFO:metrics_recorder.cc(282)] Record action: Setup.state.BLE
04-09 15:45:53.633  3086  3086 I cast_shell: [3089:3127:INFO:metrics_recorder.cc(282)] Record action: Setup.ip_address.BLE
04-09 15:45:54.007  3086  3086 I cast_shell: [3089:3089:INFO:grpc_service_discovery_impl.cc(185)] Mdns discovered google RPC for [PII](577B5649E8518577D93D4B5D344D560F).
04-09 15:45:54.174  3086  3086 I cast_shell: [3089:3127:INFO:metrics_recorder.cc(282)] Record action: Setup.version.BLE
04-09 15:45:54.188  3086  3086 I cast_shell: [3089:3097:ERROR:connectivity_checker_impl.cc(265)] Connectivity check failed: 400
04-09 15:45:54.218  3086  3086 I cast_shell: [3089:3127:INFO:metrics_recorder.cc(282)] Record action: Setup.tos_accepted.BLE
04-09 15:45:54.249  3086  3086 I cast_shell: [3089:3127:INFO:metrics_recorder.cc(282)] Record action: Setup.state.BLE
04-09 15:45:54.278  3086  3086 I cast_shell: [3089:3127:INFO:metrics_recorder.cc(282)] Record action: Setup.ip_address.BLE
04-09 15:45:54.819  3086  3086 I cast_shell: [3089:3127:INFO:metrics_recorder.cc(282)] Record action: Setup.version.BLE
04-09 15:45:54.848  3086  3086 I cast_shell: [3089:3127:INFO:metrics_recorder.cc(282)] Record action: Setup.tos_accepted.BLE
04-09 15:45:54.878  3086  3086 I cast_shell: [3089:3127:INFO:metrics_recorder.cc(282)] Record action: Setup.state.BLE
04-09 15:45:54.908  3086  3086 I cast_shell: [3089:3127:INFO:metrics_recorder.cc(282)] Record action: Setup.ip_address.BLE
04-09 15:45:55.010  3086  3086 I cast_shell: [3089:3137:INFO:mdns_app_filter.cc(1526)] MdnsAppFilter: Done announcing.
04-09 15:45:55.195  3086  3086 I cast_shell: [3089:3097:ERROR:connectivity_checker_impl.cc(265)] Connectivity check failed: 400
04-09 15:45:55.449  3086  3086 I cast_shell: [3089:3127:INFO:metrics_recorder.cc(282)] Record action: Setup.version.BLE
04-09 15:45:55.478  3086  3086 I cast_shell: [3089:3127:INFO:metrics_recorder.cc(282)] Record action: Setup.tos_accepted.BLE
04-09 15:45:55.523  3086  3086 I cast_shell: [3089:3127:INFO:metrics_recorder.cc(282)] Record action: Setup.state.BLE
04-09 15:45:55.553  3086  3086 I cast_shell: [3089:3127:INFO:metrics_recorder.cc(282)] Record action: Setup.ip_address.BLE
04-09 15:45:56.094  3086  3086 I cast_shell: [3089:3127:INFO:metrics_recorder.cc(282)] Record action: Setup.version.BLE
