04-09 16:49:48.408     0     0 I         : [    1.449996@0] Registered swp emulation handler
04-09 16:49:48.408     0     0 I         : [    1.450033@0] Registered cp15_barrier emulation handler
04-09 16:49:48.408     0     0 I         : [    1.450412@0] Registered setend emulation handler
04-09 16:49:48.408     0     0 I         : [    1.450961@0] disable EAS feature
04-09 16:49:48.408     0     0 I         : [    1.452006@0] registered taskstats version 1
04-09 16:49:48.408     0     0 W         : [    1.461614@0] dwc3 ff500000.dwc3: Configuration mismatch. dr_mode forced to host
04-09 16:49:48.408     0     0 I         : [    1.966294@0] xhci-hcd xhci-hcd.0.auto: xHCI Host Controller
04-09 16:49:48.408     0     0 I         : [    1.966353@0] xhci-hcd xhci-hcd.0.auto: new USB bus registered, assigned bus number 1
04-09 16:49:48.408     0     0 I         : [    1.967598@0] xhci-hcd xhci-hcd.0.auto: hcc params 0x0220f664 hci version 0x100 quirks 0x02010010
04-09 16:49:48.408     0     0 I         : [    1.968040@0] xhci-hcd xhci-hcd.0.auto: irq 27, io mem 0xff500000
04-09 16:49:48.408     0     0 I         : [    1.969526@3] hub 1-0:1.0: USB hub found
04-09 16:49:48.408     0     0 I         : [    1.969603@3] hub 1-0:1.0: 1 port detected
04-09 16:49:48.408     0     0 I         : [    1.970124@3] xhci-hcd xhci-hcd.0.auto: xHCI Host Controller
04-09 16:49:48.408     0     0 I         : [    1.970349@3] xhci-hcd xhci-hcd.0.auto: new USB bus registered, assigned bus number 2
04-09 16:49:48.408     0     0 I         : [    1.971223@3] usb usb2: We don't know the algorithms for LPM for this host, disabling LPM.
04-09 16:49:48.408     0     0 I         : [    1.972691@2] hub 2-0:1.0: USB hub found
04-09 16:49:48.408     0     0 E         : [    1.972754@2] hub 2-0:1.0: config failed, hub doesn't have any ports! (err -19)
04-09 16:49:48.408     0     0 E         : [    1.973356@2] usb usb2: Unsupported the hub
04-09 16:49:48.408     0     0 I         : [    1.974092@2] aml_vrtc rtc: setting system clock to 2022-04-09 11:19:45 UTC (1649503185)
04-09 16:49:48.408     0     0 D         : [    1.974974@2] dwc_otg ff400000.dwc2_a: dwc_otg_driver_probe(ffffffc01d63cc00)
04-09 16:49:48.408     0     0 W [    1.975020@2] dwc_otg: usb0: type: 2 speed: 0, config: 0, dma: 0, id: 0, phy: ffe09000, ctrl: 0
04-09 16:49:48.408     0     0 D         : [    1.975349@2] dwc_otg ff400000.dwc2_a: base=0xffffff8008a40000
04-09 16:49:48.408     0     0 D         : [    1.975355@2] dwc_otg ff400000.dwc2_a: dwc_otg_device=0xffffffc01c644200
04-09 16:49:48.408     0     0 W [    2.075900@3] dwc_otg: Core Release: 3.10a
04-09 16:49:48.408     0     0 W [    2.075939@3] dwc_otg: Setting default values for core params
04-09 16:49:48.408     0     0 W [    2.076351@3] dwc_otg: curmode: 0, host_only: 0
04-09 16:49:48.408     0     0 D         : [    2.076808@3] dwc_otg ff400000.dwc2_a: DMA config: BURST_DEFAULT
04-09 16:49:48.408     0     0 W [    2.089122@3] dwc_otg: Using Buffer DMA mode
04-09 16:49:48.408     0     0 W [    2.089146@3] dwc_otg: OTG VER PARAM: 1, OTG VER FLAG: 1
04-09 16:49:48.408     0     0 W [    2.089526@3] dwc_otg: Working on port type = SLAVE
04-09 16:49:48.408     0     0 W [    2.090012@3] dwc_otg: Dedicated Tx FIFOs mode
04-09 16:49:48.408     0     0 I [    2.092411@3] input: adc_keypad as /devices/platform/adc_keypad/input/input1
04-09 16:49:48.408     0     0 I         : [    2.094209@2] cpucore_cooling_register, max_cpu_core_num:4
04-09 16:49:48.408     0     0 I [    2.100616@3] gxbb_pm: enter meson_pm_probe!
04-09 16:49:48.408     0     0 I         : [    2.100654@3] no vddio3v3_en pin
04-09 16:49:48.408     0     0 E         : [    2.100816@3] pm-meson aml_pm: Can't get switch_clk81
04-09 16:49:48.408     0     0 I [    2.101338@3] gxbb_pm: meson_pm_probe done
04-09 16:49:48.408     0     0 I         : [    2.102064@3] ALSA device list:
04-09 16:49:48.408     0     0 I [    2.102091@3]   #0: AML-AUGESOUND
04-09 16:49:48.408     0     0 I         : [    2.102595@3] meson_uart ff804000.serial: ttyS3 use xtal(8M) 24000000 change 115200 to 115200
04-09 16:49:48.408     0     0 I         : [    2.108519@3] Freeing unused kernel memory: 6080K
04-09 16:49:48.408     0     0 I [    2.320907@1] ubi0: attaching mtd6
04-09 16:49:48.408     0     0 I [    2.531077@1] ubi0: scanning is finished
04-09 16:49:48.408     0     0 I [    2.535131@2] ubi0: attached mtd6 (name "system", size 100 MiB)
04-09 16:49:48.408     0     0 I [    2.535418@2] ubi0: PEB size: 262144 bytes (256 KiB), LEB size: 253952 bytes
04-09 16:49:48.408     0     0 I [    2.542433@2] ubi0: min./max. I/O unit sizes: 4096/4096, sub-page size 4096
04-09 16:49:48.408     0     0 I [    2.549427@2] ubi0: VID header offset: 4096 (aligned 4096), data offset: 8192
04-09 16:49:48.408     0     0 I [    2.556382@2] ubi0: good PEBs: 400, bad PEBs: 0, corrupted PEBs: 0
04-09 16:49:48.408     0     0 I [    2.562508@2] ubi0: user volume: 1, internal volumes: 1, max. volumes count: 128
04-09 16:49:48.408     0     0 I [    2.569837@2] ubi0: max/mean erase counter: 38/25, WL threshold: 4096, image sequence number: 736763309
04-09 16:49:48.408     0     0 I [    2.579221@2] ubi0: available PEBs: 0, total reserved PEBs: 400, PEBs reserved for bad PEB handling: 40
04-09 16:49:48.408     0     0 I [    2.588479@3] ubi0: background thread "ubi_bgt0d" started, PID 2141
04-09 16:49:48.408     0     0 I         : [    2.594243@1] UBIFS (ubi0:0): background thread "ubifs_bgt0_0" started, PID 2144
04-09 16:49:48.408     0     0 I         : [    2.647749@0] UBIFS (ubi0:0): UBIFS: mounted UBI device 0, volume 0, name "rootfs"
04-09 16:49:48.408     0     0 I         : [    2.649676@0] UBIFS (ubi0:0): LEB size: 253952 bytes (248 KiB), min./max. I/O unit sizes: 4096 bytes/4096 bytes
04-09 16:49:48.408     0     0 I         : [    2.659718@0] UBIFS (ubi0:0): FS size: 87867392 bytes (83 MiB, 346 LEBs), journal size 9404416 bytes (8 MiB, 38 LEBs)
04-09 16:49:48.408     0     0 I         : [    2.670206@0] UBIFS (ubi0:0): reserved for root: 0 bytes (0 KiB)
04-09 16:49:48.408     0     0 I         : [    2.676157@0] UBIFS (ubi0:0): media format: w4/r0 (latest is w4/r0), UUID DC99A6D8-69BA-4DD7-9E44-726260A6E747, small LPT model
04-09 16:49:48.408     0     0 I [    2.919835@0] init: property init
04-09 16:49:48.408     0     0 I [    2.920567@0] init: reading config file
04-09 16:49:48.408     0     0 I [    2.927366@0] init: processing action 0xab0a4808 (boot_start)
04-09 16:49:48.408     0     0 I [    2.935126@0] init: command 'boot_start' r=0
04-09 16:49:48.408     0     0 I [    2.936184@0] init: processing action 0xab0a06b0 (early-init)
04-09 16:49:48.408     0     0 I [    2.940867@0] init: starting 'ueventd'
04-09 16:49:48.409     0     0 I [    2.944178@0] init: command 'start' r=0
04-09 16:49:48.409     0     0 I [    2.947071@0] init: command 'loglevel' r=0
04-09 16:49:48.409     0     0 I [    2.951947@0] init: command 'mount' r=0
04-09 16:49:48.409     0     0 I [    2.953915@2] init: starting ueventd
04-09 16:49:48.409     0     0 I [    2.954792@2] init: /sys/ rule /sys/devices/virtual/input/input* enable
04-09 16:49:48.409     0     0 I [    2.954809@2] init: /sys/ rule /sys/devices/virtual/input/input* poll_delay
04-09 16:49:48.409     0     0 I [    2.954820@2] init: /sys/ rule /sys/devices/virtual/usb_composite/* enable
04-09 16:49:48.409     0     0 I [    2.960453@2] init: adding platform device ffd0f0d0.watchdog
04-09 16:49:48.409     0     0 I [    2.960873@2] init: adding platform device reg-dummy
04-09 16:49:48.409     0     0 I [    2.961532@2] init: adding platform device cpu_iomap
04-09 16:49:48.409     0     0 I [    2.961812@2] init: adding platform device 7400000.ramoops
04-09 16:49:48.409     0     0 I [    2.962094@2] init: adding platform device bt-dev
04-09 16:49:48.409     0     0 I [    2.962768@2] init: adding platform device dummy
04-09 16:49:48.409     0     0 I [    3.009592@0] init: command 'mount' r=0
04-09 16:49:48.409     0     0 I [    3.214996@1] ubi1: attaching mtd7
04-09 16:49:48.409     0     0 I [    3.508805@1] ubi1: scanning is finished
04-09 16:49:48.409     0     0 I [    3.513169@3] ubi1: attached mtd7 (name "chrome", size 140 MiB)
04-09 16:49:48.409     0     0 I [    3.513459@3] ubi1: PEB size: 262144 bytes (256 KiB), LEB size: 253952 bytes
04-09 16:49:48.409     0     0 I [    3.520468@3] ubi1: min./max. I/O unit sizes: 4096/4096, sub-page size 4096
04-09 16:49:48.409     0     0 I [    3.527356@3] ubi1: VID header offset: 4096 (aligned 4096), data offset: 8192
04-09 16:49:48.409     0     0 I [    3.534420@3] ubi1: good PEBs: 560, bad PEBs: 0, corrupted PEBs: 0
04-09 16:49:48.409     0     0 I [    3.540548@3] ubi1: user volume: 1, internal volumes: 1, max. volumes count: 128
04-09 16:49:48.409     0     0 I [    3.547877@3] ubi1: max/mean erase counter: 36/26, WL threshold: 4096, image sequence number: 1458511589
04-09 16:49:48.409     0     0 I [    3.557280@3] ubi1: available PEBs: 0, total reserved PEBs: 560, PEBs reserved for bad PEB handling: 40
04-09 16:49:48.409     0     0 I [    3.566603@1] ubi1: background thread "ubi_bgt1d" started, PID 2553
04-09 16:49:48.409     0     0 I         : [    3.580951@3] UBIFS (ubi1:0): background thread "ubifs_bgt1_0" started, PID 2557
04-09 16:49:48.409     0     0 I         : [    3.607314@2] UBIFS (ubi1:0): recovery needed
04-09 16:49:48.409     0     0 I         : [    3.663596@1] UBIFS (ubi1:0): recovery completed
04-09 16:49:48.409     0     0 I         : [    3.663755@1] UBIFS (ubi1:0): UBIFS: mounted UBI device 1, volume 0, name "chrome"
04-09 16:49:48.409     0     0 I         : [    3.670106@1] UBIFS (ubi1:0): LEB size: 253952 bytes (248 KiB), min./max. I/O unit sizes: 4096 bytes/4096 bytes
04-09 16:49:48.409     0     0 I         : [    3.680100@1] UBIFS (ubi1:0): FS size: 128499712 bytes (122 MiB, 506 LEBs), journal size 9404416 bytes (8 MiB, 38 LEBs)
04-09 16:49:48.409     0     0 I         : [    3.690792@1] UBIFS (ubi1:0): reserved for root: 0 bytes (0 KiB)
04-09 16:49:48.409     0     0 I         : [    3.696746@1] UBIFS (ubi1:0): media format: w4/r0 (latest is w4/r0), UUID 3D7B4A1D-6849-462E-B889-C151DCC94211, small LPT model
04-09 16:49:48.409     0     0 I [    3.740184@1] ubi2: attaching mtd8
04-09 16:49:48.409     0     0 I         : [    3.906488@1]  NAND bbt detect factory Bad block at 17a40000
04-09 16:49:48.409     0     0 I         : [    3.918093@1]  NAND bbt detect factory Bad block at 18000000
04-09 16:49:48.409     0     0 I         : [    3.918156@1]  NAND bbt detect factory Bad block at 18040000
04-09 16:49:48.409     0     0 I [    4.190967@1] ubi2: scanning is finished
04-09 16:49:48.409     0     0 I [    4.195941@0] ubi2: attached mtd8 (name "data", size 213 MiB)
04-09 16:49:48.409     0     0 I [    4.196060@0] ubi2: PEB size: 262144 bytes (256 KiB), LEB size: 253952 bytes
04-09 16:49:48.409     0     0 I [    4.203071@0] ubi2: min./max. I/O unit sizes: 4096/4096, sub-page size 4096
04-09 16:49:48.409     0     0 I [    4.209956@0] ubi2: VID header offset: 4096 (aligned 4096), data offset: 8192
04-09 16:49:48.409     0     0 I [    4.217021@0] ubi2: good PEBs: 849, bad PEBs: 3, corrupted PEBs: 0
04-09 16:49:48.409     0     0 I [    4.223148@0] ubi2: user volume: 2, internal volumes: 1, max. volumes count: 128
04-09 16:49:48.409     0     0 I [    4.230476@0] ubi2: max/mean erase counter: 73/49, WL threshold: 4096, image sequence number: 1018457084
04-09 16:49:48.409     0     0 I [    4.239880@0] ubi2: available PEBs: 0, total reserved PEBs: 849, PEBs reserved for bad PEB handling: 37
04-09 16:49:48.409     0     0 I [    4.249237@1] ubi2: background thread "ubi_bgt2d" started, PID 2565
04-09 16:49:48.409     0     0 I         : [    4.263218@3] UBIFS (ubi2:0): background thread "ubifs_bgt2_0" started, PID 2568
04-09 16:49:48.409     0     0 I         : [    4.289813@2] UBIFS (ubi2:0): recovery needed
04-09 16:49:48.409     0     0 I         : [    4.370428@2] UBIFS (ubi2:0): recovery completed
04-09 16:49:48.409     0     0 I         : [    4.370583@2] UBIFS (ubi2:0): UBIFS: mounted UBI device 2, volume 0, name "factory"
04-09 16:49:48.409     0     0 I         : [    4.377028@2] UBIFS (ubi2:0): LEB size: 253952 bytes (248 KiB), min./max. I/O unit sizes: 4096 bytes/4096 bytes
04-09 16:49:48.409     0     0 I         : [    4.387110@2] UBIFS (ubi2:0): FS size: 10158080 bytes (9 MiB, 40 LEBs), journal size 2285569 bytes (2 MiB, 9 LEBs)
04-09 16:49:48.409     0     0 I         : [    4.397286@2] UBIFS (ubi2:0): reserved for root: 0 bytes (0 KiB)
04-09 16:49:48.409     0     0 I         : [    4.403237@2] UBIFS (ubi2:0): media format: w4/r0 (latest is w4/r0), UUID AD7DC8BC-6ACA-4841-8B12-7A54B54F57E7, small LPT model
04-09 16:49:48.409     0     0 I         : [    4.426845@3] UBIFS (ubi2:1): background thread "ubifs_bgt2_1" started, PID 2571
04-09 16:49:48.409     0     0 I         : [    4.452576@1] UBIFS (ubi2:1): recovery needed
04-09 16:49:48.409     0     0 I         : [    4.533434@2] UBIFS (ubi2:1): recovery completed
04-09 16:49:48.409     0     0 I         : [    4.533589@2] UBIFS (ubi2:1): UBIFS: mounted UBI device 2, volume 1, name "data"
04-09 16:49:48.409     0     0 I         : [    4.539770@2] UBIFS (ubi2:1): LEB size: 253952 bytes (248 KiB), min./max. I/O unit sizes: 4096 bytes/4096 bytes
04-09 16:49:48.409     0     0 I         : [    4.549876@2] UBIFS (ubi2:1): FS size: 189956096 bytes (181 MiB, 748 LEBs), journal size 9404416 bytes (8 MiB, 38 LEBs)
04-09 16:49:48.409     0     0 I         : [    4.560461@2] UBIFS (ubi2:1): reserved for root: 0 bytes (0 KiB)
04-09 16:49:48.409     0     0 I         : [    4.566414@2] UBIFS (ubi2:1): media format: w4/r0 (latest is w4/r0), UUID 34A475AE-5814-4337-8EB7-8868427E3B0E, small LPT model
04-09 16:49:48.409     0     0 I         : [    4.804436@3] aml_wifi wifi: [usb_power_control] Set WiFi power down
04-09 16:49:48.409     0     0 I [    4.805167@3] meson-mmc: [sdio_notify] finish
04-09 16:49:48.409     0     0 I         : [    4.809519@3] aml_wifi wifi: [wifi_power_ioctl] ioctl Set sdio wifi power down!
04-09 16:49:48.409     0     0 I         : [    4.813084@2] UBIFS (ubi0:0): background thread "ubifs_bgt0_0" stops
04-09 16:49:49.476  2584  2584 E         : found the match wifi is: sd8887
04-09 16:49:49.476  2584  2584 E         : wifi_insmod command:insmod /lib/modules/4.9.113/kernel/mrvl/mlan8887.ko 
--------- beginning of system
04-09 16:49:49.518  2603  2603 I wpa_supplicant: Successfully initialized wpa_supplicant
04-09 16:49:49.549  2603  2603 E wpa_supplicant: Could not read interface wlan0 flags: No such device
04-09 16:49:49.552  2603  2603 I wpa_supplicant: nl80211: Driver does not support authentication/association or connect commands
04-09 16:49:49.554  2603  2603 I wpa_supplicant: nl80211: deinit ifname=wlan0 disabled_11b_rates=0
04-09 16:49:49.555  2603  2603 E wpa_supplicant: Could not read interface wlan0 flags: No such device
04-09 16:49:49.557  2603  2603 E wpa_supplicant: wlan0: Failed to initialize driver interface
04-09 16:49:49.642  2584  2584 E         : wifi_insmod command:insmod /lib/modules/4.9.113/kernel/mrvl/sd8xxx.ko cal_data_cfg=mrvl/WlanCalData_ext_LS9x_291119.conf txpwrlimit_cfg=mrvl/txpwrlimit_cfg_8887.bin fw_name=mrvl/sd8887_wlan_a2_p59.bin cfg80211_wext=0xf host_mlme=1 auto_ds=2 fw_serial=1 sta_name="wlan" uap_name="p2p" ps_mode=2 max_uap_bss=2 drvdbg=0x7 reg_alpha2="00"
04-09 16:49:50.768  2584  2584 E         : Load BT driver
04-09 16:49:50.768  2584  2584 E         : found the match wifi is: (null)
04-09 16:49:50.768  2584  2584 E         : wifi_insmod command:insmod /lib/modules/4.9.113/kernel/mrvl/bt8xxx.ko fw_name=mrvl/sd8887_bt_a2_p59.bin bt_fw_serial=0
04-09 16:49:50.909  2687  2687 W sshd    : Failed loading /etc/dropbear/dropbear_rsa_host_key
04-09 16:49:50.909  2687  2687 W sshd    : Failed loading /etc/dropbear/dropbear_dss_host_key
04-09 16:49:50.909  2687  2687 W sshd    : Failed loading /etc/dropbear/dropbear_ecdsa_host_key
04-09 16:49:50.909  2695  2695 E writeSerialNo: Writing serial number to unifykey
04-09 16:49:50.935  2687  2687 I sshd    : Not backgrounding
04-09 16:49:50.936  2689  2689 I sh      : FACTEST:unifykey read success:20 20
04-09 16:49:50.936  2689  2689 I sh      : inbuf=de4f95ffa64d5e74b026  ret=20 serial.txt=de4f95ffa64d5e74b026 bytesread=20 strcmp=0
04-09 16:49:50.942  2691  2691 I ServiceManager: Waiting for service libre.EnvItems...
04-09 16:49:51.012  2696  2696 I ENV     : init 
04-09 16:49:51.013  2696  2696 I ENV     :  First boot 
04-09 16:49:51.014  2696  2696 E ENV     : fileExists:153 /lsync/env/env.db does not exist
04-09 16:49:51.023  2696  2696 D AVS_SDK :  [  1] I sdkVersion: 1.19.1
04-09 16:49:51.023  2696  2696 E ENV     :  FAILED to open:/lsync/env/tmp.db 
04-09 16:49:51.025  2696  2696 I ENV     : removeItem:79:/lsync/env/tmp.db not found
04-09 16:49:51.026  2696  2696 E ENV     : /lsync/env/env.db does not Exist.. tempStorage = 0
04-09 16:49:51.026  2696  2696 I ENV     : createUserDBFromFactoryCfg 
04-09 16:49:51.039  2696  2696 I ENV     : Using /factory/custom/factoryEnv.conf as conf file
04-09 16:49:51.040  2696  2696 I ENV     : removeItem:79:/lsync/env/env.db not found
04-09 16:49:51.040  2696  2696 E ENV     : Error removing /lsync/env/env.db
04-09 16:49:51.141  2696  2696 E ENV     : createUserDBFromFactoryCfg:307: tempStorage is undefined
04-09 16:49:51.142  2696  2696 I ENV     : Using /factory/custom/factoryEnv.conf and /lsync/env/env.db as conf and db file
04-09 16:49:51.142  2696  2696 I ENV     : init 
04-09 16:49:51.142  2696  2696 I ENV     :  First boot 
04-09 16:49:51.142  2696  2696 I ENV     : fileExists:151 /lsync/env/env.db exists
04-09 16:49:51.146  2696  2696 I ENV     : Copied /lsync/env/env.db to /lsync/env/tmp.db
04-09 16:49:51.147  2696  2696 E ENV     : /lsync/env/env.db does not Exist.. tempStorage = abb0ddb0
04-09 16:49:51.147  2696  2696 I ENV     : createUserDBFromFactoryCfg 
04-09 16:49:51.153  2696  2696 I ENV     : Using /factory/custom/factoryEnv.conf as conf file
04-09 16:49:51.154  2696  2696 I ENV     : removeItem:74:/lsync/env/env.db removed
04-09 16:49:51.154  2696  2696 I ENV     : Removed /lsync/env/env.db
04-09 16:49:51.181  2696  2696 E ENV     : createUserDBFromFactoryCfg:301: Failed at tempStorage->get_changed
04-09 16:49:51.578  2696  2696 I chatty  : uid=0(root) env_service identical 64 lines
04-09 16:49:51.589  2696  2696 E ENV     : createUserDBFromFactoryCfg:301: Failed at tempStorage->get_changed
04-09 16:49:51.591  2696  2696 E AVS_SDK :  [  1] E SQLiteStatement:SQLiteStatement::stepFailed::Executing the select did not generate a row or complete.:result=19
04-09 16:49:51.591  2696  2696 E AVS_SDK :  [  1] E SQLiteStatement:SQLiteStatement::finalizeFailed::Could release the prepared statement.:rcode=19
04-09 16:49:51.591  2696  2696 E ENV     : createUserDBFromFactoryCfg:286: Failed at m_miscStorage->put
04-09 16:49:51.599  2696  2696 E ENV     : createUserDBFromFactoryCfg:301: Failed at tempStorage->get_changed
04-09 16:49:51.779  2696  2696 I chatty  : uid=0(root) env_service identical 29 lines
04-09 16:49:51.785  2696  2696 E ENV     : createUserDBFromFactoryCfg:301: Failed at tempStorage->get_changed
04-09 16:49:51.785  2696  2696 I ENV     : Using /factory/custom/factoryEnv.conf and /lsync/env/env.db as conf and db file
04-09 16:49:51.786  2696  2696 I ENV     : fileExists:151 /lsync/env/env_bk.db exists
04-09 16:49:51.787  2696  2696 I ENV     : fileExists:151 /factory/custom/factoryEnv_bk.conf exists
04-09 16:49:51.787  2696  2696 I ENV     : removeItem:74:/lsync/env/tmp.db removed
04-09 16:49:53.934  2708  2708 I wpa_supplicant: Successfully initialized wpa_supplicant
04-09 16:49:53.946  2708  2708 I wpa_supplicant: rfkill: Cannot open RFKILL control device
04-09 16:49:53.987  2711  2711 I main_sourceswitch: ServiceManager: 0xac551f88
04-09 16:49:53.989  2711  2711 E luci_helper: LUCIHelper: Waiting for Module Init
04-09 16:49:53.990  2711  2711 E luci_helper: LUCIHelper: Waiting for Module Init
04-09 16:49:53.991  2710  2710 E LUCI_FACTORY: LUCIFactory::registerBuiltinFactories
04-09 16:49:53.997  2710  2710 E LUCI_SERVER: IP = 0
04-09 16:49:54.007  2709  2709 E luci_helper: LUCIHelper: Waiting for Module Init
04-09 16:49:54.008  2709  2709 E luci_helper: LUCIHelper: Waiting for Module Init
04-09 16:49:54.009  2709  2709 E yani_server: YaniServer FAILED TO GET LuciHelper
04-09 16:49:54.046  2689  2689 I sh      : Simple mixer control 'Master',0
04-09 16:49:54.046  2689  2689 I sh      :   Capabilities: volume pswitch pswitch-joined
04-09 16:49:54.046  2689  2689 I sh      :   Playback channels: Front Left - Front Right
04-09 16:49:54.046  2689  2689 I sh      :   Capture channels: Front Left - Front Right
04-09 16:49:54.046  2689  2689 I sh      :   Limits: 0 - 100
04-09 16:49:54.059  2709  2709 E luci_helper: LUCIHelper: Waiting for Module Init
04-09 16:49:54.059  2709  2709 E yani_server: YaniServer FAILED TO GET LuciHelper
04-09 16:49:54.072  2689  2689 I sh      :   Front Left: 30 [30%] [-10.45dB] Playback [on]
04-09 16:49:54.072  2689  2689 I sh      :   Front Right: 30 [30%] [-10.45dB] Playback [on]
04-09 16:49:54.076  2708  2708 I wpa_supplicant: MPM: Debug Dialog Token initialized 893775529 (0x3545eea9)
04-09 16:49:54.076  2710  2710 E luciUART: bufff write ? = 1 
04-09 16:49:54.078  2710  2710 E luciUART: tcsetattr succeed
04-09 16:49:54.084  2708  2708 I wpa_supplicant: wlan0: CTRL-EVENT-REGDOM-CHANGE init=USER type=COUNTRY alpha2=US
04-09 16:49:54.085  2710  2719 E LUCI_SERVER: Luci Server Thread waiting for packets....
04-09 16:49:54.153  2707  2707 I         : [0409/041954.152340:INFO:cast_auth_check.cc(163)] Cast auth test is successful.
04-09 16:49:54.519  2709  2721 E yani_kernel: Interface status 0
04-09 16:49:54.525  2709  2721 I yani_kernel: set_device_name() Interface 'wlan0' MAC Address 'cc:90:93:21:f3:84' FriendlyName 'Lyric Speaker Box 21f384' status '0'
04-09 16:49:54.526  2709  2721 I yani_server: First boot after Factory reset! Friendly Name modified Lyric Speaker Box  -> Lyric Speaker Box 21f384
04-09 16:49:54.532  2710  2710 I lucitransport: writeRemoteMessage() MID = 90 buffer = Lyric Speaker Box 21f384
04-09 16:49:54.532  2710  2710 I luciUART: write() MID = 90  bytes = 34 data = Lyric Speaker Box 21f384 m_fd = 0x5
04-09 16:49:54.532  2710  2710 I lucitransport: writeLocalMessage() MID = 90 buffer = Lyric Speaker Box 21f384
04-09 16:49:54.533  2710  2719 E LUCI_SERVER: Luci Server Thread wait over MID 90....
04-09 16:49:54.534  2709  2721 E yani_server: Device Supports CastSetup 1
04-09 16:49:54.534  2709  2721 I yani_kernel: yani_init_net() Success Netlink socket fd 6
04-09 16:49:54.537  2709  2721 E WifiHW  : wifi_start_supplicant
04-09 16:49:54.537  2709  2721 E WifiHW  : wifi_start_ctl.start : wpa_supplicant
04-09 16:49:54.562  2710  2719 E LUCI_SERVER: Luci Server Thread waiting for packets....
04-09 16:49:54.738  2709  2721 E WifiHW  : wifi_connect_to_supplicant : wlan0
04-09 16:49:54.739  2709  2721 E WifiHW  : wifi_connect_on_socket_path1 : wlan0
04-09 16:49:54.741  2709  2721 E yani_wifi: enable_disable_net_if() Failed SIOCGIFFLAGS for interface 'wlan1' enable '0'
04-09 16:49:54.746  2709  2721 I yani_wifi: configure_wifi() SSID '' security '' passphrase '********' Country 'US'
04-09 16:49:55.939  2689  2689 I sh      : LSDeviceService: not found
04-09 16:49:56.036  2731  2731 I NetMgr  : Net_Mgr starting
04-09 16:49:56.038  2731  2731 I HotspotManager: Default WiFi Interface : wlan0
04-09 16:49:56.053  2731  2731 I NetworkMonitor: WiFi Interface : wlan0
04-09 16:49:56.053  2731  2731 I NetworkMonitor: Default WiFi Interface : wlan0
04-09 16:49:56.059  2731  2740 I NetworkMonitor: Start monitor thread
04-09 16:49:56.060  2736  2736 E dhcpcd  : eth0: interface not found or invalid
04-09 16:49:56.073  2736  2736 D dhcpcd  : wlan0: adding address fe80::ce90:93ff:fe21:f384
04-09 16:49:56.077  2728  2728 E         :  Start MessageBox Handler 
04-09 16:49:56.078  2731  2740 E WifiUtil: command: "SCAN" failed: FAIL-BUSY
04-09 16:49:56.086  2729  2729 E UIModeManager: UIModeManager Constructor ++
04-09 16:49:56.088  2728  2746 E MB_HANDLER: HOST present 1
04-09 16:49:56.090  2728  2746 E MB_HANDLER:  REGISTERED YANI LISTENER IN MessageBoxHandler
04-09 16:49:56.091  2728  2746 E         : External Host present 1
04-09 16:49:56.091  2728  2746 E MB_HANDLER: REGISTERED ExternalSource IN MessageBoxHandler
04-09 16:49:56.096  2728  2746 E MB_HANDLER: Check Device Support ENV_CastSetup true ENV_GoogleCast_ID true 
04-09 16:49:56.096  2710  2710 I lucitransport: readRemoteMessage() MID char = 43689 buffer = 1
04-09 16:49:56.096  2710  2717 I lucitransport: writeRemoteMessage() MID = 43690 buffer = ªªªªª
04-09 16:49:56.096  2710  2717 I luciUART: write() MID = 43690  bytes = 15 data = ªªªªª m_fd = 0x5
04-09 16:49:56.097  2728  2746 E MB_HANDLER: LUCI UART READY MSG!!
04-09 16:49:56.097  2728  2746 E MB_HANDLER: Set Default Network Status on Bootup 0#1,0#2,0#3,0#4,0!
04-09 16:49:56.097  2710  2717 I lucitransport: writeRemoteMessage() MID = 124 buffer = 0#1,0#2,0#3,0#4,0
04-09 16:49:56.097  2710  2717 I luciUART: write() MID = 124  bytes = 27 data = 0#1,0#2,0#3,0#4,0 m_fd = 0x5
04-09 16:49:56.098  2710  2717 I lucitransport: readRemoteMessage() MID char = 43689 buffer = 1
04-09 16:49:56.099  2710  2717 I lucitransport: readRemoteMessage() MID char = 38 buffer = (null)
04-09 16:49:56.099  2710  2717 I lucitransport: readRemoteMessage() MID char = 35 buffer = 0
04-09 16:49:56.099  2728  2746 E MB_HANDLER: connected_cnt =0
04-09 16:49:56.099  2710  2717 I lucitransport: writeRemoteMessage() MID = 35 buffer = 1
04-09 16:49:56.100  2728  2746 E MB_HANDLER: boot_after_factory : 1
04-09 16:49:56.103  2728  2746 I MB_HANDLER: Env Details: LS-Host '1' Cast-Setup 'true'
04-09 16:49:56.103  2728  2746 E MB_HANDLER: Message Handler Thread waiting for messages....
04-09 16:49:56.104  2729  2729 I AirableUIHelper: AirableUIHelper Contructor 
04-09 16:49:56.106  2729  2729 E AirableUIHelper:  Airable ENV_AirableBaseURL_ID Envitem returned failed!!!
04-09 16:49:56.106  2710  2718 E luciUART: UART:aa
04-09 16:49:56.106  2710  2718 E luciUART: UART:aa
04-09 16:49:56.106  2710  2718 E luciUART: UART:2
04-09 16:49:56.106  2710  2718 E luciUART: UART:0
04-09 16:49:56.106  2710  2718 E luciUART: UART:9
04-09 16:49:56.106  2710  2718 E luciUART: UART:0
04-09 16:49:56.108  2729  2729 E AirableUIHelper:  Airable ENV_AirableSecret_ID Envitem returned failed!!!
04-09 16:49:56.108  2729  2729 E AirableUIHelper: Airable Secret =  
04-09 16:49:56.108  2710  2718 E luciUART: UART:0
04-09 16:49:56.108  2710  2718 I chatty  : uid=0(root) UARTLUCIControl identical 1 line
04-09 16:49:56.108  2710  2718 E luciUART: UART:0
04-09 16:49:56.108  2710  2718 E luciUART: UART:1
04-09 16:49:56.111  2710  2718 E luciUART: UART:44
04-09 16:49:56.111  2710  2718 I luciUART: Previous Packet read contd., 
04-09 16:49:56.111  2710  2718 E luciUART: UART:5f
04-09 16:49:56.111  2710  2718 I luciUART: Previous Packet read contd., 
04-09 16:49:56.111  2710  2718 E luciUART: UART:4d
04-09 16:49:56.111  2710  2718 I luciUART: Previous Packet read contd., 
04-09 16:49:56.111  2710  2718 E luciUART: UART:43
04-09 16:49:56.111  2710  2718 I luciUART: Previous Packet read contd., 
04-09 16:49:56.111  2710  2718 E luciUART: UART:55
04-09 16:49:56.111  2710  2718 I luciUART: Previous Packet read contd., 
04-09 16:49:56.111  2710  2718 E luciUART: UART:56
04-09 16:49:56.111  2710  2718 I luciUART: Previous Packet read contd., 
04-09 16:49:56.111  2710  2718 E luciUART: UART:65
04-09 16:49:56.112  2710  2718 I luciUART: Previous Packet read contd., 
04-09 16:49:56.112  2710  2718 E luciUART: UART:45
04-09 16:49:56.114  2710  2718 E luciUART: UART:0
04-09 16:49:56.114  2710  2718 E luciUART: UART:5
04-09 16:49:56.114  2710  2718 E luciUART: UART:0
04-09 16:49:56.114  2710  2718 I chatty  : uid=0(root) UARTLUCIControl identical 3 lines
04-09 16:49:56.114  2710  2718 E luciUART: UART:0
04-09 16:49:56.114  2710  2718 I luciUART: read() RemoteID = 43690 Command = 5 Type = 1 Status = 0 DataLen = 0
04-09 16:49:56.114  2710  2718 E luciUART: UART:aa
04-09 16:49:56.114  2710  2718 E luciUART: UART:aa
04-09 16:49:56.114  2710  2718 E luciUART: UART:0
04-09 16:49:56.114  2710  2718 I chatty  : uid=0(root) UARTLUCIControl identical 3 lines
04-09 16:49:56.114  2710  2718 E luciUART: UART:0
04-09 16:49:56.115  2710  2718 I luciUART: read() RemoteID = 43690 Command = 151 Type = 1 Status = 0 DataLen = 0
04-09 16:49:56.115  2710  2718 E luciUART: UART:aa
04-09 16:49:56.115  2728  2746 E MB_HANDLER: Message Handler Thread wait over MID[91]....
04-09 16:49:56.115  2710  2717 I lucitransport: readRemoteMessage() MID char = 91 buffer = (null)
04-09 16:49:56.115  2710  2719 I luciUART: write() MID = 91  bytes = 10 data =  m_fd = 0x5
04-09 16:49:56.115  2710  2718 E luciUART: UART:0
04-09 16:49:56.115  2710  2718 E luciUART: UART:d0
04-09 16:49:56.115  2710  2719 E LUCI_SERVER: Luci Server Thread wait over MID 208....
04-09 16:49:56.115  2710  2718 E luciUART: UART:0
04-09 16:49:56.115  2710  2719 E LUCI_SERVER: Got NV name : Country
04-09 16:49:56.115  2710  2718 E luciUART: UART:0
04-09 16:49:56.115  2710  2718 I chatty  : uid=0(root) UARTLUCIControl identical 1 line
04-09 16:49:56.115  2710  2718 E luciUART: UART:0
04-09 16:49:56.117  2710  2718 E luciUART: UART:64
04-09 16:49:56.117  2728  2746 E MB_HANDLER: ENV READ FAILED
04-09 16:49:56.119  2710  2719 I luciUART: write() MID = 208  bytes = 20 data = Country:US m_fd = 0x5
04-09 16:49:56.119  2710  2719 E LUCI_SERVER: NV_READ response= Country:US
04-09 16:49:56.119  2710  2719 E LUCI_SERVER: Luci Server Thread wait over MID 5....
04-09 16:49:56.119  2710  2719 I luciUART: write() MID = 5  bytes = 22 data = eng.C4A.1203 m_fd = 0x5
04-09 16:49:56.119  2710  2719 E LUCI_SERVER: Luci Server Thread wait over MID 151....
04-09 16:49:56.119  2728  2746 E MB_HANDLER: MacAddress :CC:90:93:21:F3:84
04-09 16:49:56.120  2710  2717 I lucitransport: writeRemoteMessage() MID = 91 buffer = CC:90:93:21:F3:84
04-09 16:49:56.120  2710  2717 I luciUART: write() MID = 91  bytes = 27 data = CC:90:93:21:F3:84 m_fd = 0x5
04-09 16:49:56.120  2728  2746 E MB_HANDLER: Message Handler Thread waiting for messages....
04-09 16:49:56.122  2734  2734 I bt_btif : init
04-09 16:49:56.125  2734  2734 D bt_osi_allocation_tracker: canary initialized
04-09 16:49:56.128  2710  2719 E WLANP2PIF: ioctl failed
04-09 16:49:56.128  2710  2719 E LUCI_SERVER: ** RSSI  = 255
04-09 16:49:56.128  2710  2719 I luciUART: write() MID = 151  bytes = 10 data =  m_fd = 0x5
04-09 16:49:56.128  2710  2719 E LUCI_SERVER: Luci Server Thread wait over MID 208....
04-09 16:49:56.128  2710  2719 E LUCI_SERVER: Got NV name : ssid
04-09 16:49:56.129  2729  2729 I UIModeManager: RegisterModeControl Mode - PlayMode ModeControl - 0xaae2ec30
04-09 16:49:56.130  2710  2719 I luciUART: write() MID = 208  bytes = 15 data = ssid: m_fd = 0x5
04-09 16:49:56.130  2710  2719 E LUCI_SERVER: NV_READ response= ssid:
04-09 16:49:56.130  2710  2719 E LUCI_SERVER: Luci Server Thread waiting for packets....
04-09 16:49:56.130  2729  2729 I ServiceManager: Waiting for service media.player...
04-09 16:49:56.131  2734  2754 I bt_osi_thread: run_thread: thread id 2754, thread name stack_manager started
04-09 16:49:56.132  2710  2718 E luciUART: UART:aa
04-09 16:49:56.132  2734  2754 I bt_stack_manager: event_init_stack is initializing the stack
04-09 16:49:56.132  2710  2718 E luciUART: UART:aa
04-09 16:49:56.132  2710  2718 E luciUART: UART:2
04-09 16:49:56.132  2710  2718 E luciUART: UART:0
04-09 16:49:56.132  2710  2718 E luciUART: UART:d0
04-09 16:49:56.132  2710  2718 E luciUART: UART:0
04-09 16:49:56.132  2710  2718 I chatty  : uid=0(root) UARTLUCIControl identical 2 lines
04-09 16:49:56.132  2710  2718 E luciUART: UART:0
04-09 16:49:56.132  2710  2718 E luciUART: UART:9
04-09 16:49:56.133  2710  2718 I luciUART: Previous Packet read contd., 
04-09 16:49:56.133  2710  2718 E luciUART: UART:73
04-09 16:49:56.133  2710  2718 E luciUART: UART:73
04-09 16:49:56.133  2710  2718 I luciUART: Previous Packet read contd., 
04-09 16:49:56.133  2710  2718 E luciUART: UART:69
04-09 16:49:56.133  2710  2718 I luciUART: Previous Packet read contd., 
04-09 16:49:56.133  2710  2718 E luciUART: UART:64
04-09 16:49:56.133  2710  2718 E luciUART: UART:aa
04-09 16:49:56.133  2710  2719 E LUCI_SERVER: Luci Server Thread wait over MID 208....
04-09 16:49:56.133  2710  2719 E LUCI_SERVER: Got NV name : ssid
04-09 16:49:56.133  2710  2718 E luciUART: UART:aa
04-09 16:49:56.133  2710  2718 E luciUART: UART:2
04-09 16:49:56.134  2710  2718 E luciUART: UART:0
04-09 16:49:56.135  2710  2719 I luciUART: write() MID = 208  bytes = 15 data = ssid: m_fd = 0x5
04-09 16:49:56.135  2710  2719 E LUCI_SERVER: NV_READ response= ssid:
04-09 16:49:56.135  2710  2718 E luciUART: UART:6
04-09 16:49:56.135  2710  2719 E LUCI_SERVER: Luci Server Thread waiting for packets....
04-09 16:49:56.135  2710  2718 E luciUART: UART:0
04-09 16:49:56.135  2710  2718 I chatty  : uid=0(root) UARTLUCIControl identical 2 lines
04-09 16:49:56.135  2710  2718 E luciUART: UART:0
04-09 16:49:56.135  2710  2718 E luciUART: UART:4
04-09 16:49:56.135  2710  2718 I luciUART: read() RemoteID = 43690 Command = 6 Type = 2 Status = 0 DataLen = 4
04-09 16:49:56.135  2710  2718 E luciUART: Error: full data not available yet! readBytes 0
04-09 16:49:56.135  2710  2718 I luciUART: Previous Packet read contd., 
04-09 16:49:56.135  2710  2718 E luciUART: UART:31
04-09 16:49:56.135  2710  2718 I luciUART: Previous Packet read contd., 
04-09 16:49:56.135  2710  2718 E luciUART: UART:30
04-09 16:49:56.135  2710  2718 I luciUART: Previous Packet read contd., 
04-09 16:49:56.135  2710  2718 E luciUART: UART:30
04-09 16:49:56.135  2710  2718 I luciUART: Previous Packet read contd., 
04-09 16:49:56.135  2710  2718 E luciUART: UART:31
04-09 16:49:56.135  2710  2718 E luciUART: UART:aa
04-09 16:49:56.135  2710  2719 E LUCI_SERVER: Luci Server Thread wait over MID 6....
04-09 16:49:56.135  2710  2718 E luciUART: UART:aa
04-09 16:49:56.135  2710  2718 E luciUART: UART:2
04-09 16:49:56.135  2710  2718 E luciUART: UART:0
04-09 16:49:56.135  2710  2718 E luciUART: UART:d0
04-09 16:49:56.135  2710  2718 E luciUART: UART:0
04-09 16:49:56.135  2710  2718 I chatty  : uid=0(root) UARTLUCIControl identical 2 lines
04-09 16:49:56.135  2710  2718 E luciUART: UART:0
04-09 16:49:56.135  2710  2718 E luciUART: UART:13
04-09 16:49:56.135  2710  2718 I luciUART: read() RemoteID = 43690 Command = 208 Type = 2 Status = 0 DataLen = 19
04-09 16:49:56.135  2710  2718 E luciUART: Error: full data not available yet! readBytes 0
04-09 16:49:56.135  2710  2718 I luciUART: Previous Packet read contd., 
04-09 16:49:56.135  2728  2745 E MB_HANDLER: Messagebox_handler::MessageBoxAlert id = 6
04-09 16:49:56.135  2728  2746 E MB_HANDLER: Message Handler Thread wait over MID[6]....
04-09 16:49:56.135  2710  2718 E luciUART: UART:52
04-09 16:49:56.135  2710  2717 I lucitransport: readRemoteMessage() MID char = 6 buffer = 1001
04-09 16:49:56.135  2710  2719 I luciUART: write() MID = 6  bytes = 10 data =  m_fd = 0x5
04-09 16:49:56.135  2710  2718 I luciUART: Previous Packet read contd., 
04-09 16:49:56.135  2710  2719 E LUCI_SERVER: Luci Server Thread waiting for packets....
04-09 16:49:56.135  2710  2718 E luciUART: UART:45
04-09 16:49:56.135  2710  2718 I luciUART: Previous Packet read contd., 
04-09 16:49:56.135  2710  2718 E luciUART: UART:41
04-09 16:49:56.135  2710  2718 I luciUART: Previous Packet read contd., 
04-09 16:49:56.135  2710  2718 E luciUART: UART:44
04-09 16:49:56.136  2710  2718 I luciUART: Previous Packet read contd., 
04-09 16:49:56.136  2710  2718 E luciUART: UART:77
04-09 16:49:56.136  2710  2718 I luciUART: Previous Packet read contd., 
04-09 16:49:56.136  2710  2718 E luciUART: UART:6f
04-09 16:49:56.136  2710  2718 I luciUART: Previous Packet read contd., 
04-09 16:49:56.136  2710  2718 E luciUART: UART:77
04-09 16:49:56.136  2710  2718 I luciUART: Previous Packet read contd., 
04-09 16:49:56.136  2710  2718 E luciUART: UART:6e
04-09 16:49:56.136  2710  2718 I luciUART: Previous Packet read contd., 
04-09 16:49:56.136  2710  2718 E luciUART: UART:6c
04-09 16:49:56.136  2710  2718 I luciUART: Previous Packet read contd., 
04-09 16:49:56.136  2710  2718 E luciUART: UART:6f
04-09 16:49:56.136  2710  2718 I luciUART: Previous Packet read contd., 
04-09 16:49:56.136  2710  2718 E luciUART: UART:61
04-09 16:49:56.136  2710  2718 I luciUART: Previous Packet read contd., 
04-09 16:49:56.136  2710  2718 E luciUART: UART:64
04-09 16:49:56.136  2710  2718 I luciUART: Previous Packet read contd., 
04-09 16:49:56.137  2710  2718 E luciUART: UART:5f
04-09 16:49:56.137  2710  2718 I luciUART: Previous Packet read contd., 
04-09 16:49:56.137  2710  2718 E luciUART: UART:78
04-09 16:49:56.137  2710  2718 I luciUART: Previous Packet read contd., 
04-09 16:49:56.137  2710  2718 E luciUART: UART:6d
04-09 16:49:56.137  2710  2718 I luciUART: Previous Packet read contd., 
04-09 16:49:56.137  2710  2718 E luciUART: UART:6c
04-09 16:49:56.138  2710  2719 E LUCI_SERVER: Luci Server Thread wait over MID 208....
04-09 16:49:56.138  2710  2719 E LUCI_SERVER: Got NV name : fwdownload_xml
04-09 16:49:56.140  2710  2719 I luciUART: write() MID = 208  bytes = 67 data = fwdownload_xml:https://openotaengine.libreiotcloud.com/v1 m_fd = 0x5
04-09 16:49:56.140  2710  2719 E LUCI_SERVER: NV_READ response= fwdownload_xml:https://openotaengine.libreiotcloud.com/v1
04-09 16:49:56.140  2710  2719 E LUCI_SERVER: Luci Server Thread waiting for packets....
04-09 16:49:56.145  2728  2746 E MB_HANDLER: Message Handler Thread waiting for messages....
04-09 16:49:56.148  2734  2754 E bt_osi_config: config_new unable to open file '/data/misc/bluedroid/bt_config.conf': No such file or directory
04-09 16:49:56.149  2734  2754 W bt_btif_config: init unable to load config file: /data/misc/bluedroid/bt_config.conf; using backup.
04-09 16:49:56.149  2734  2754 E bt_osi_config: config_new unable to open file '/data/misc/bluedroid/bt_config.bak': No such file or directory
04-09 16:49:56.149  2734  2754 W bt_btif_config: init unable to load backup; attempting to transcode legacy file.
04-09 16:49:56.150  2734  2754 E bt_btif_config_transcode: btif_config_transcode unable to load XML file '/data/misc/bluedroid/bt_config.xml': 3
04-09 16:49:56.151  2734  2754 E bt_btif_config: init unable to transcode legacy file; creating empty config.
04-09 16:49:56.152  2734  2759 I bt_osi_thread: run_thread: thread id 2759, thread name alarm_default_ca started
04-09 16:49:56.153  2734  2760 I bt_osi_thread: run_thread: thread id 2760, thread name alarm_dispatcher started
04-09 16:49:56.156  2734  2754 I bt_btif_core: btif_init_bluetooth entered
04-09 16:49:56.160  2734  2754 I bt_stack_config: init attempt to load stack conf from /etc/bluetooth/bt_stack.conf
04-09 16:49:56.162  2734  2763 I bt_osi_thread: run_thread: thread id 2763, thread name bt_jni_workqueue started
04-09 16:49:56.162  2734  2754 I bt_btif_core: btif_init_bluetooth finished
04-09 16:49:56.162  2734  2754 I bt_stack_manager: event_init_stack finished
04-09 16:49:56.163  2734  2734 I bt_osi_wakelock: wakelock_set_os_callouts set to non-native
04-09 16:49:56.163  2734  2763 I bt_btif_core: run_message_loop entered
04-09 16:49:56.165  2734  2734 I bt_btif : get_profile_interface: id = gatt
04-09 16:49:56.168  2734  2734 I bt_btif : get_profile_interface: id = a2dp
04-09 16:49:56.168  2734  2734 I bt_btif : get_profile_interface: id = a2dp_sink
04-09 16:49:56.174  2734  2767 I bt_osi_thread: run_thread: thread id 2767, thread name btif_a2dp_sink_w started
04-09 16:49:56.179  2734  2734 D a2dp_codec: init
04-09 16:49:56.180  2734  2734 D a2dp_codec: createCodec: codec SBC
04-09 16:49:56.189  2734  2734 D a2dp_codec: createCodec: codec AAC
04-09 16:49:56.191  2734  2734 D a2dp_codec: createCodec: codec aptX
04-09 16:49:56.194  2734  2734 E a2dp_vendor_aptx_encoder: A2DP_VendorLoadEncoderAptx: cannot open aptX encoder library libaptX_encoder.so: libaptX_encoder.so: cannot open shared object file: No such file or directory
04-09 16:49:56.194  2734  2734 E a2dp_vendor_aptx: init: cannot load the encoder
04-09 16:49:56.194  2734  2734 D a2dp_codec: createCodec: codec aptX-HD
04-09 16:49:56.195  2734  2734 E a2dp_vendor_aptx_hd_encoder: A2DP_VendorLoadEncoderAptxHd: cannot open aptX-HD encoder library libaptXHD_encoder.so: libaptXHD_encoder.so: cannot open shared object file: No such file or directory
04-09 16:49:56.195  2734  2734 E a2dp_vendor_aptx_hd: init: cannot load the encoder
04-09 16:49:56.196  2734  2734 D a2dp_codec: createCodec: codec LDAC
04-09 16:49:56.196  2734  2734 E a2dp_vendor_ldac_encoder: A2DP_VendorLoadEncoderLdac: cannot open LDAC encoder library libldacBT_enc.so: libldacBT_enc.so: cannot open shared object file: No such file or directory
04-09 16:49:56.196  2734  2734 E a2dp_vendor_ldac: init: cannot load the encoder
04-09 16:49:56.196  2731  2741 E CommandListener: Message not handled: unrecognized interface usb0
04-09 16:49:56.196  2734  2734 D a2dp_codec: createCodec: codec SBC SINK
04-09 16:49:56.196  2731  2741 W FrameworkListener: Handler 'Iface' error (Success)
04-09 16:49:56.196  2734  2734 D a2dp_codec: createCodec: codec AAC SINK
04-09 16:49:56.196  2734  2734 I a2dp_codec: init: initialized Source codec AAC
04-09 16:49:56.196  2731  2741 E CommandListener: Message not handled: unrecognized interface usb0
04-09 16:49:56.196  2734  2734 I a2dp_codec: init: initialized Source codec SBC
04-09 16:49:56.196  2731  2741 W FrameworkListener: Handler 'Iface' error (Success)
04-09 16:49:56.197  2734  2734 I bt_btif : get_profile_interface: id = avrcp
04-09 16:49:56.197  2734  2734 I bt_btif : get_profile_interface: id = avrcp_ctrl
04-09 16:49:56.198  2734  2734 I bt_btif : get_profile_interface: id = hidhost
04-09 16:49:56.208  2731  2741 E CommandListener: Message not handled: unrecognized interface usb0
04-09 16:49:56.208  2731  2741 W FrameworkListener: Handler 'Iface' error (Success)
04-09 16:49:56.210  2731  2741 E CommandListener: Message not handled: unrecognized interface usb0
04-09 16:49:56.210  2731  2741 W FrameworkListener: Handler 'Iface' error (Success)
04-09 16:49:56.210  2731  2741 E CommandListener: Message not handled: unrecognized interface usb0
04-09 16:49:56.210  2731  2741 W FrameworkListener: Handler 'Iface' error (Success)
04-09 16:49:56.213  2734  2734 I bluetoothtbd: [0409/041956.213658:INFO:daemon.cc(168)] Daemon initialized
04-09 16:49:56.213  2731  2741 E CommandListener: Message not handled: unrecognized interface usb0
04-09 16:49:56.213  2731  2741 W FrameworkListener: Handler 'Iface' error (Success)
04-09 16:49:56.214  2734  2734 I bt_btif : enable: start restricted = 0
04-09 16:49:56.214  2734  2754 I bt_stack_manager: event_start_up_stack is bringing up the stack
04-09 16:49:56.214  2734  2754 I bt_core_module: module_start_up Starting module "btif_config_module"
04-09 16:49:56.214  2734  2754 I bt_core_module: module_start_up Started module "btif_config_module"
04-09 16:49:56.214  2734  2754 I bt_core_module: module_start_up Starting module "btsnoop_module"
04-09 16:49:56.214  2734  2754 I bt_core_module: module_start_up Started module "btsnoop_module"
04-09 16:49:56.217  2734  2754 I bt_core_module: module_start_up Starting module "hci_module"
04-09 16:49:56.217  2734  2754 I bt_hci  : hci_module_start_up
04-09 16:49:56.219  2734  2779 I bt_osi_thread: run_thread: thread id 2779, thread name hci_thread started
04-09 16:49:56.220  2734  2754 D bt_hci  : hci_module_start_up starting async portion
04-09 16:49:56.221  2734  2779 I bluetoothtbd: [0409/041956.221428:INFO:hci_layer_linux.cc(172)] hci_initialize
04-09 16:49:56.221  2734  2779 I bluetoothtbd: [0409/041956.221601:INFO:hci_layer_linux.cc(184)] Using interface hci0
04-09 16:49:56.221  2734  2779 I bluetoothtbd: [0409/041956.221667:INFO:hci_layer_linux.cc(378)] rfkill
04-09 16:49:56.255  2736  2736 D dhcpcd  : no interfaces have a carrier
04-09 16:49:56.255  2736  2736 D dhcpcd  : wlan0: waiting for carrier
04-09 16:49:56.262  2787  2787 I dnsmasq : started, version 2.51 cachesize 150
04-09 16:49:56.262  2787  2787 I dnsmasq : compile time options: no-IPv6 GNU-getopt no-DBus no-I18N DHCP no-scripts no-TFTP
04-09 16:49:56.262  2787  2787 I dnsmasq : DHCP, IP range 192.168.10.3 -- 192.168.10.10, lease time 12h
04-09 16:49:56.262  2787  2787 I dnsmasq : reading /etc/resolv.conf
04-09 16:49:56.263  2787  2787 I dnsmasq : using nameserver 8.8.8.8#53
04-09 16:49:56.263  2787  2787 I dnsmasq : read /etc/hosts - 1 addresses
04-09 16:49:56.631  2731  2741 E CommandListener: Message not handled: unrecognized interface usb0
04-09 16:49:56.631  2731  2741 W FrameworkListener: Handler 'Iface' error (Success)
04-09 16:49:56.636  2734  2779 I bluetoothtbd: [0409/041956.636685:INFO:hci_layer_linux.cc(295)] wait_hcidev
04-09 16:49:56.636  2734  2779 I bluetoothtbd: [0409/041956.636940:INFO:hci_layer_linux.cc(332)] Do poll() with timeout of 3000ms
04-09 16:49:56.638  2734  2779 I bluetoothtbd: [0409/041956.638531:INFO:hci_layer_linux.cc(228)] HCI device ready
04-09 16:49:56.638  2734  2779 I bt_hci  : event_finish_startup
04-09 16:49:56.638  2734  2754 I bt_core_module: module_start_up Started module "hci_module"
04-09 16:49:56.640  2734  2811 I bt_osi_thread: run_thread: thread id 2811, thread name bt_workqueue started
04-09 16:49:56.640  2734  2811 I bluetoothtbd: [0409/041956.640788:INFO:btu_task.cc(107)] Bluetooth chip preload is complete
04-09 16:49:56.647  2734  2811 I         : No vendor HCI socket available. Won't create SocketWriter.
04-09 16:49:56.656  2734  2811 I bluetoothtbd: [0409/041956.655495:INFO:gatt_api.cc(1005)] GATT_Register
04-09 16:49:56.657  2734  2811 I bluetoothtbd: [0409/041956.657208:INFO:gatt_api.cc(1028)] allocated gatt_if=1
04-09 16:49:56.658  2734  2811 I bluetoothtbd: [0409/041956.658814:INFO:gatt_api.cc(207)] GATTS_AddService
04-09 16:49:56.659  2734  2811 I bluetoothtbd: [0409/041956.659862:INFO:gatt_api.cc(317)] GATTS_AddService: service parsed correctly, now starting
04-09 16:49:56.661  2734  2811 E bluetoothtbd: [0409/041956.660733:ERROR:gatt_attr.cc(302)] gatt_profile_db_init:  gatt_if=1
04-09 16:49:56.667  2734  2811 I bluetoothtbd: [0409/041956.667860:INFO:gatt_api.cc(1005)] GATT_Register
04-09 16:49:56.668  2734  2811 I bluetoothtbd: [0409/041956.668018:INFO:gatt_api.cc(1028)] allocated gatt_if=2
04-09 16:49:56.668  2734  2811 I bluetoothtbd: [0409/041956.668066:INFO:gatt_api.cc(207)] GATTS_AddService
04-09 16:49:56.668  2734  2811 I bluetoothtbd: [0409/041956.668118:INFO:gatt_api.cc(317)] GATTS_AddService: service parsed correctly, now starting
04-09 16:49:56.671  2734  2812 I bt_osi_thread: run_thread: thread id 2812, thread name btu message loop started
04-09 16:49:56.692  2734  2813 I bt_osi_thread: run_thread: thread id 2813, thread name module_wrapper started
04-09 16:49:56.692  2734  2813 I bt_core_module: module_start_up Starting module "controller_module"
04-09 16:49:56.749  2709  2721 I yani_server: ifindexeth0 0 ifindexwlan0 5 ifindexp2p0 6 ifindexwlan1 0
04-09 16:49:56.750  2709  2721 I yani_server: NetLink Event '-1' Interface-Index '5' WLAN '0' Ethernet '-1' Parsed-iFill '-1' -> 'INVALID' ifIndex '1' -> 'lo'
04-09 16:49:56.750  2709  2721 I yani_kernel: yani_geteventfrom_changeaddr() Message-Id '1' Netlink event '16' Interface Index '5' -> Name 'wlan0' 
04-09 16:49:56.751  2709  2721 I yani_kernel: yani_geteventfrom_changeaddr() Message-Id '1' Netlink event '16' Interface Index '9' -> Name 'usb0' 
04-09 16:49:56.752  2709  2721 I yani_kernel: yani_geteventfrom_changeaddr() Message-Id '1' Netlink event '16' Interface Index '9' -> Name 'usb0' 
04-09 16:49:56.753  2709  2721 I yani_kernel: yani_geteventfrom_changeaddr() Message-Id '1' Netlink event '20' Interface Index '9' -> Name 'usb0' 
04-09 16:49:56.754  2709  2721 I yani_kernel: yani_geteventfrom_changeaddr() Message-Id '1' Netlink event '16' Interface Index '9' -> Name 'usb0' 
04-09 16:49:56.755  2709  2721 I yani_kernel: yani_geteventfrom_changeaddr() Message-Id '1' Netlink event '21' Interface Index '9' -> Name 'usb0' 
04-09 16:49:56.756  2709  2721 I yani_kernel: yani_geteventfrom_changeaddr() Message-Id '1' Netlink event '20' Interface Index '9' -> Name 'usb0' 
04-09 16:49:56.758  2709  2721 I yani_kernel: yani_geteventfrom_changeaddr() Message-Id '1' Netlink event '16' Interface Index '9' -> Name 'usb0' 
04-09 16:49:56.867  2734  2813 I bt_core_module: module_start_up Started module "controller_module"
04-09 16:49:56.868  2734  2813 W bt_osi_thread: run_thread: thread id 2813, thread name module_wrapper exited
04-09 16:49:56.871  2734  2811 W bt_btm  : btm_decode_ext_features_page: feature page 1 ignored
04-09 16:49:56.871  2734  2811 W bt_btm  : btm_decode_ext_features_page: feature page 2 ignored
04-09 16:49:56.872  2734  2812 I bt_btm_sec: BTM_SecRegister p_cb_info->p_le_callback == 0x0xf68fdb99
04-09 16:49:56.873  2734  2812 I bt_btm_sec: BTM_SecRegister btm_cb.api.p_le_callback = 0x0xf68fdb99 
