04-09 17:27:09.677  3077  3077 I cast_shell: [3080:3080:INFO:device_info_impl.cc(1133)] SSDP Config ID is increased: id=3
04-09 17:27:09.677  3077  3077 I cast_shell: [3080:3128:INFO:mdns_util.cc(102)] Defaulting mDNS capabilities for audio-only build
04-09 17:27:09.677  3077  3077 I cast_shell: [3080:3128:INFO:mdns_util.cc(102)] Defaulting mDNS capabilities for audio-only build
04-09 17:27:09.678  3077  3077 I cast_shell: [3080:3080:INFO:mdns_manager_impl.cc(429)] Successfully updated service: type=_googlecast
04-09 17:27:09.681  2735  2766 I bluetoothtbd: [0409/045709.681229:INFO:adapter.cc(551)] Adapter properties changed
04-09 17:27:09.681  2735  2766 I bluetoothtbd: [0409/045709.681361:INFO:adapter.cc(573)] Adapter name changed
04-09 17:27:09.684  3077  3077 I cast_shell: [3080:3118:INFO:bluetooth_manager.cc(1232)] [PII] Set device name to 'Lyric Speaker Box 21f384'
04-09 17:27:09.693  2951  3154 I LibreCastControlDelegate: OnCastStatus() +++ LSB0130:0xaaf94198:NOT_SETUP
04-09 17:27:09.693  2951  3154 I LibreCastControlDelegate: Device Build Number -> '1.52.272222'
04-09 17:27:09.694  2951  3154 I librecast: updateCastBuildVersion() Version 1.52.272222
04-09 17:27:09.694  2713  2713 I lucitransport: readRemoteMessage() MID char = 7 buffer = 1.52.272222
04-09 17:27:09.694  2951  3154 I LibreCastControlDelegate: Active Applications -> 0
04-09 17:27:09.694  2712  2724 I yani_server: NetLink Event '6' Interface-Index '6' WLAN '-1' Ethernet '-1' Parsed-iFill '6' -> 'P2P0 CONNECTED' ifIndex '2' -> 'tunl0'
04-09 17:27:09.695  2951  3154 I LibreCastControlDelegate: Current Cast State '2' -> 'NOT_SETUP'
04-09 17:27:09.695  2951  3154 I LibreCastControlDelegate: OnCastStatus() ---
04-09 17:27:09.695  2951  3154 I LibreCastControlDelegate: OnCastStatus() +++ Lyric Speaker Box 21f384:0xaaf94198:NOT_SETUP
04-09 17:27:09.700  2951  3154 I LibreCastControl: LibreCastControl_SetMultizoneAudioOutputDelay() delay '80000' usecs RequestId '3' pCastControl 0xf4e00728
04-09 17:27:09.700  2951  3154 I LibreCastControlDelegate: MultizoneDelay request ID 3 with delay 80000 usecs
04-09 17:27:09.700  2951  3154 I LibreCastControlDelegate: OnCastStatus() ---
04-09 17:27:09.700  2951  3154 I LibreCastControlDelegate: OnCastStatus() +++ Lyric Speaker Box 21f384:0xaaf94198:NOT_SETUP
04-09 17:27:09.700  2951  3154 I LibreCastControlDelegate: Device Build Number -> '1.52.272222'
04-09 17:27:09.700  2951  3154 I librecast: updateCastBuildVersion() Version 1.52.272222
04-09 17:27:09.701  2713  2713 I lucitransport: readRemoteMessage() MID char = 7 buffer = 1.52.272222
04-09 17:27:09.701  2951  3154 I LibreCastControlDelegate: Active Applications -> 0
04-09 17:27:09.701  2951  3154 I LibreCastControlDelegate: Current Cast State '2' -> 'NOT_SETUP'
04-09 17:27:09.725  2951  3154 I LibreCastControl: LibreCastControl_RequestGVAStatus() RequestId '5' pCastControl 0xf4e00728
04-09 17:27:09.725  2692  2692 I sh      : [0409/045709.725465:INFO:cast_message_service_impl.cc(1076)] CastMessageServiceImpl is ready
04-09 17:27:09.729  3077  3077 I cast_shell: [3080:3080:INFO:assistant_namespace_handler.cc(144)] Added a status listening peer for assistant namespace: domain-socket@/tmp/cast-control.1:system-0
04-09 17:27:09.729  3077  3077 I cast_shell: [3080:3080:INFO:multizone_setup.cc(328)] Configured audio output delay changed. User delay = 0 s, OEM delay = 0.08 s, HDMI delay = 0 s
04-09 17:27:09.730  2951  3154 I LibreCastControlDelegate: OnResponse() ReqeustID 5, error  0
04-09 17:27:09.731  2951  3154 I LibreCastControlDelegate: OnResponse() ReqeustID 3, error  0
04-09 17:27:09.927  3077  3077 I cast_shell: [3080:3080:INFO:crypto_manager.cc(278)] Public key: MIIBCgKCAQEAvc90sa7mWR9Gc592APbEYWdiYlIAl5XPsjIBcPheujijQFChcyK4A/tFaJZovMm5U15RjW9fxHkbVM754Fu05m95th5l86QTd7/q+ykv54wW5+dMBa7X9kZJ4iW6wt4ip/7QBOssvIWbCZ19K840UvFTugckry2ExOPesQ13JmqzwIrNdLpxCMH4cEKarHaLDE0tkusC5q/cGKzPdUNXTC9iTolwkbJOi99SjnOrGigKMWQ1rhqM6JHBYToH69KTpdA7mvgu03g0NU/ySVfD7ifpxWECX04nscvFUrvJZ0vRobeBgDBJoHCFCE+FRiYgUh5FHRybbMw95/uF2jN7RQIDAQAB
04-09 17:27:09.927  3077  3077 I cast_shell: [3080:3080:INFO:crypto_manager.cc(289)] Public modulus: vc90sa7mWR9Gc592APbEYWdiYlIAl5XPsjIBcPheujijQFChcyK4A_tFaJZovMm5U15RjW9fxHkbVM754Fu05m95th5l86QTd7_q-ykv54wW5-dMBa7X9kZJ4iW6wt4ip_7QBOssvIWbCZ19K840UvFTugckry2ExOPesQ13JmqzwIrNdLpxCMH4cEKarHaLDE0tkusC5q_cGKzPdUNXTC9iTolwkbJOi99SjnOrGigKMWQ1rhqM6JHBYToH69KTpdA7mvgu03g0NU_ySVfD7ifpxWECX04nscvFUrvJZ0vRobeBgDBJoHCFCE-FRiYgUh5FHRybbMw95_uF2jN7RQ
04-09 17:27:09.927  3077  3077 I cast_shell: [3080:3080:INFO:crypto_manager.cc(294)] Public exponent: AQAB
04-09 17:27:10.483  3077  3077 I cast_shell: [3080:3131:INFO:multizone_manager.cc(1889)] Initial discovery complete
04-09 17:27:10.484  3077  3077 I cast_shell: [3080:3128:INFO:mdns_app_filter.cc(1605)] Re-probing due to newly registered service '3': _googlezone
04-09 17:27:10.485  3077  3077 I cast_shell: [3080:3080:INFO:mdns_manager_impl.cc(311)] Successfully registered service: type=_googlezone
04-09 17:27:10.533  2712  2724 I yani_server: doLotofWork() List of interface '4'
04-09 17:27:10.533  2712  2724 I yani_server: doLotofWork() Interface 'p2p0' ifr[0].ifr_name 'lo' ipaddress '127.0.0.1'
04-09 17:27:10.533  2712  2724 I yani_server: doLotofWork() Interface 'p2p0' ifr[1].ifr_name 'p2p0' ipaddress '192.168.255.249'
04-09 17:27:10.533  2712  2724 I yani_server: doLotofWork() returns 'REFILL WACMODE'
04-09 17:27:10.533  2712  2724 E yani_server: YANI: I am Done Wait For Event 
04-09 17:27:10.534  2712  2724 I yani_kernel: yani_geteventfrom_changeaddr() Message-Id '1' Netlink event '21' Interface Index '6' -> Name 'p2p0' 
04-09 17:27:10.534  3158  3158 I dnsmasq : started, version 2.51 DNS disabled
04-09 17:27:10.534  3158  3158 I dnsmasq : compile time options: no-IPv6 GNU-getopt no-DBus no-I18N DHCP no-scripts no-TFTP
04-09 17:27:10.534  3158  3158 I dnsmasq : DHCP, IP range 192.168.255.250 -- 192.168.255.254, lease time 12h
04-09 17:27:10.535  2712  2815 I yani_server: onNetworkParametersChanged() WAC Mode '1'  Index '2' Interface 'p2p0' Status '1'
04-09 17:27:10.559  2712  2724 I yani_server: doLotofWork() List of interface '4'
04-09 17:27:10.559  2712  2724 I yani_server: doLotofWork() Interface 'p2p0' ifr[0].ifr_name 'lo' ipaddress '127.0.0.1'
04-09 17:27:10.559  2712  2724 I yani_server: doLotofWork() Interface 'p2p0' ifr[1].ifr_name 'p2p0' ipaddress '192.168.255.249'
04-09 17:27:10.559  2712  2724 I yani_server: doLotofWork() returns 'REFILL WACMODE'
04-09 17:27:10.559  2712  2724 E yani_server: YANI: I am Done Wait For Event 
04-09 17:27:10.560  2712  2815 I yani_server: onNetworkParametersChanged() WAC Mode '1'  Index '2' Interface 'p2p0' Status '1'
04-09 17:27:10.560  2713  2721 E luciUART: UART:aa
04-09 17:27:10.560  2713  2721 E luciUART: UART:aa
04-09 17:27:10.560  2713  2721 E luciUART: UART:2
04-09 17:27:10.570  2713  2721 E luciUART: UART:aa
04-09 17:27:10.570  2713  2721 E luciUART: UART:aa
04-09 17:27:10.570  2713  2721 E luciUART: UART:2
04-09 17:27:10.570  2713  2721 E luciUART: UART:0
04-09 17:27:10.570  2713  2721 E luciUART: UART:d0
04-09 17:27:10.570  2713  2721 E luciUART: UART:0
04-09 17:27:10.570  2713  2721 I chatty  : uid=0(root) UARTLUCIControl identical 2 lines
04-09 17:27:10.571  2713  2721 E luciUART: UART:0
04-09 17:27:10.571  2713  2721 E luciUART: UART:9
04-09 17:27:10.571  2713  2721 I luciUART: read() RemoteID = 43690 Command = 208 Type = 2 Status = 0 DataLen = 9
04-09 17:27:10.571  2713  2721 E luciUART: Error: full data not available yet! readBytes 0
04-09 17:27:10.571  2713  2721 I luciUART: Previous Packet read contd., 
04-09 17:27:10.571  2713  2721 E luciUART: UART:52
04-09 17:27:10.571  2713  2721 I luciUART: Previous Packet read contd., 
04-09 17:27:10.571  2713  2721 E luciUART: UART:45
04-09 17:27:10.571  2713  2721 I luciUART: Previous Packet read contd., 
04-09 17:27:10.571  2713  2721 E luciUART: UART:41
04-09 17:27:10.571  2713  2721 I luciUART: Previous Packet read contd., 
04-09 17:27:10.571  2713  2721 E luciUART: UART:44
04-09 17:27:10.571  2713  2721 I luciUART: Previous Packet read contd., 
04-09 17:27:10.571  2713  2721 E luciUART: UART:5f
04-09 17:27:10.571  2713  2721 I luciUART: Previous Packet read contd., 
04-09 17:27:10.571  2713  2721 E luciUART: UART:73
04-09 17:27:10.571  2713  2721 I luciUART: Previous Packet read contd., 
04-09 17:27:10.571  2713  2721 E luciUART: UART:73
04-09 17:27:10.571  2713  2721 I luciUART: Previous Packet read contd., 
04-09 17:27:10.571  2713  2721 E luciUART: UART:69
04-09 17:27:10.571  2713  2721 I luciUART: Previous Packet read contd., 
04-09 17:27:10.571  2713  2721 E luciUART: UART:64
04-09 17:27:10.571  2713  2722 E LUCI_SERVER: Luci Server Thread wait over MID 208....
04-09 17:27:10.572  2713  2722 E LUCI_SERVER: Got NV name : ssid
04-09 17:27:10.573  2713  2722 I luciUART: write() MID = 208  bytes = 15 data = ssid: m_fd = 0x5
04-09 17:27:10.573  2713  2722 E LUCI_SERVER: NV_READ response= ssid:
04-09 17:27:10.573  2713  2722 E LUCI_SERVER: Luci Server Thread waiting for packets....
04-09 17:27:11.038  3077  3077 I cast_shell: [3080:3118:INFO:gatt_client_manager_impl.cc(202)] Enabling GATT client connectability
04-09 17:27:11.038  3077  3077 I cast_shell: [3080:3118:INFO:ble_setup.cc(915)] Sign related info completed, no future EurekaInfo need sign.
04-09 17:27:11.038  3077  3077 I cast_shell: [3080:3118:INFO:gatt_client_manager_impl.cc(202)] Enabling GATT client connectability
04-09 17:27:11.038  3077  3077 I chatty  : uid=1000(chrome) /bin/logwrapper identical 1 line
04-09 17:27:11.038  3077  3077 I cast_shell: [3080:3118:INFO:gatt_client_manager_impl.cc(202)] Enabling GATT client connectability
04-09 17:27:11.039  2735  2766 E bt_btif : BTA_GATTS_AddService: rcb_idx = 0
04-09 17:27:11.039  2735  2766 I bluetoothtbd: [0409/045711.039356:INFO:gatt_api.cc(207)] GATTS_AddService
04-09 17:27:11.039  2735  2766 I bluetoothtbd: [0409/045711.039682:INFO:gatt_api.cc(317)] GATTS_AddService: service parsed correctly, now starting
04-09 17:27:11.046  2950  2960 D wac-main: Netlink event
04-09 17:27:11.047  2712  2724 I yani_kernel: yani_geteventfrom_changeaddr() Message-Id '1' Netlink event '16' Interface Index '6' -> Name 'p2p0' 
04-09 17:27:11.048  3156  3156 I hostapd : p2p0: IEEE 802.11 channel=6 mode=ht bw=20 htcaps=0x177f vhtcaps=0x0 cf_seg0=0 cf_seg1=0
04-09 17:27:11.048  2950  2960 E wac-main: Netlink event 16 Interface Index 6 
04-09 17:27:11.048  2950  2960 E wac-main: p2p0 event Link Changed : 1003 
04-09 17:27:11.048  2950  2960 E wac-main: Enter poll and wait
04-09 17:27:11.051  3077  3077 I cast_shell: [3080:3118:INFO:ble_setup_manager.cc(744)] Started Bluetooth service
04-09 17:27:11.059  2951  3154 I LibreCastControlDelegate: OnCastStatus() +++ Lyric Speaker Box 21f384:0xaaf94198:NOT_SETUP
04-09 17:27:11.059  2951  3154 I LibreCastControlDelegate: Device Build Number -> '1.52.272222'
04-09 17:27:11.059  2951  3154 I librecast: updateCastBuildVersion() Version 1.52.272222
04-09 17:27:11.060  2713  2713 I lucitransport: readRemoteMessage() MID char = 7 buffer = 1.52.272222
04-09 17:27:11.060  2951  3154 I LibreCastControlDelegate: Active Applications -> 0
04-09 17:27:11.060  2951  3154 I LibreCastControlDelegate: Current Cast State '2' -> 'NOT_SETUP'
04-09 17:27:11.060  2951  3154 I LibreCastControlDelegate: OnCastStatus() ---
04-09 17:27:11.062  2950  2960 D wac-main: Netlink event
04-09 17:27:11.062  2950  2960 E wac-main: Netlink event 16 Interface Index 6 
04-09 17:27:11.062  2950  2960 E wac-main: p2p0 event Link Changed : 11043 
04-09 17:27:11.062  2950  2960 E wac-main: p2p0 Changed Up 
04-09 17:27:11.063  2712  2724 I yani_kernel: yani_geteventfrom_changeaddr() Message-Id '1' Netlink event '16' Interface Index '6' -> Name 'p2p0' 
04-09 17:27:11.064  2950  2960 I wifiapi : newconn : 0xf5500718
04-09 17:27:11.064  2950  2960 I wifiapi : 'STATUS' command returned = 0
04-09 17:27:11.064  2950  2960 E wac-main: current wifi status : 10
04-09 17:27:12.023  3077  3077 I cast_shell: [3080:3088:ERROR:connectivity_checker_impl.cc(265)] Connectivity check failed: 400
04-09 17:27:12.412  3077  3077 I cast_shell: [3080:3128:INFO:mdns_app_filter.cc(1403)] MdnsAppFilter: Done probing.
04-09 17:27:13.030  3077  3077 I cast_shell: [3080:3088:ERROR:connectivity_checker_impl.cc(265)] Connectivity check failed: 400
04-09 17:27:13.417  3077  3077 I cast_shell: [3080:3080:INFO:grpc_service_discovery_impl.cc(185)] Mdns discovered google RPC for [PII](526E01C641239844DA8F41CB6ACF4883).
04-09 17:27:14.036  3077  3077 I cast_shell: [3080:3088:ERROR:connectivity_checker_impl.cc(265)] Connectivity check failed: 400
04-09 17:27:14.064  2950  2960 E wac-main: Enter poll and wait
04-09 17:27:14.418  3077  3077 I cast_shell: [3080:3128:INFO:mdns_app_filter.cc(1526)] MdnsAppFilter: Done announcing.
04-09 17:27:15.042  3077  3077 I cast_shell: [3080:3088:ERROR:connectivity_checker_impl.cc(265)] Connectivity check failed: 400
04-09 17:27:18.062  3077  3077 I chatty  : uid=1000(chrome) /bin/logwrapper identical 3 lines
04-09 17:27:19.069  3077  3077 I cast_shell: [3080:3088:ERROR:connectivity_checker_impl.cc(265)] Connectivity check failed: 400
04-09 17:27:19.166  3077  3077 I cast_shell: [3080:3118:ERROR:setup_state.cc(424)] Timeout for state=SETUP_STATE_CHECKING_GLOBAL_CONNECTIVITY(50): move to state=SETUP_STATE_CHECKING_GLOBAL_CONNECTIVITY_BAD_ROUTER(52).
04-09 17:27:19.166  3077  3077 I cast_shell: [3080:3118:INFO:setup_state.cc(261)] Setup state changed: SETUP_STATE_CHECKING_GLOBAL_CONNECTIVITY (50) -> SETUP_STATE_CHECKING_GLOBAL_CONNECTIVITY_BAD_ROUTER (52)
04-09 17:27:19.170  2951  3154 I LibreCastControlDelegate: OnCastStatus() +++ Lyric Speaker Box 21f384:0xaaf94198:NOT_SETUP
04-09 17:27:19.170  2951  3154 I LibreCastControlDelegate: Device Build Number -> '1.52.272222'
04-09 17:27:19.170  2951  3154 I librecast: updateCastBuildVersion() Version 1.52.272222
04-09 17:27:19.170  2713  2713 I lucitransport: readRemoteMessage() MID char = 7 buffer = 1.52.272222
04-09 17:27:19.170  2951  3154 I LibreCastControlDelegate: Active Applications -> 0
04-09 17:27:19.171  2951  3154 I LibreCastControlDelegate: Current Cast State '2' -> 'NOT_SETUP'
04-09 17:27:19.171  2951  3154 I LibreCastControlDelegate: OnCastStatus() ---
04-09 17:27:20.076  3077  3077 I cast_shell: [3080:3088:ERROR:connectivity_checker_impl.cc(265)] Connectivity check failed: 400
04-09 17:27:45.149  2732  2741 E NetworkMonitor: cannot find default IPv4 route for wlan0
04-09 17:27:45.150  2732  2741 E NetworkMonitor: cannot find default IPv6 route for wlan0
04-09 17:27:48.241  2732  2741 E NetworkMonitor: no response for /bin/ping -n -I wlan0 -c 10 -w 10 8.8.8.8
04-09 17:27:48.252  2732  2741 E NetworkMonitor: no response for /bin/ping6 -n -I wlan0 -c 10 -w 10 2001:4860:4860::8888
04-09 17:27:48.255  2732  2741 E NetworkMonitor: dns resolution failed
04-09 17:27:48.256  2732  2741 I NetworkMonitor: Cast.Wifi.Failure.Type 7
04-09 17:28:07.386  3077  3077 I chatty  : uid=1000(chrome) /bin/logwrapper identical 47 lines
04-09 17:28:08.393  3077  3077 I cast_shell: [3080:3088:ERROR:connectivity_checker_impl.cc(265)] Connectivity check failed: 400
04-09 17:28:08.785  3077  3077 I cast_shell: [3080:3080:INFO:grpc_manager_impl.cc(505)] GRPC[uri=[::]:0]: num_pending_calls=0, num_active_handlers=0, num_free_handlers=0
04-09 17:28:08.787  3077  3077 I cast_shell: [3080:3080:INFO:gcm_manager.cc(269)] Disabling GCM Driver
04-09 17:28:08.787  3077  3077 I cast_shell: [3080:3080:INFO:grpc_manager_impl.cc(505)] GRPC[uri=]: num_pending_calls=0, num_active_handlers=0, num_free_handlers=0
04-09 17:28:08.852  3077  3077 I cast_shell: [3080:3080:INFO:grpc_manager_impl.cc(505)] GRPC[uri=unix:/tmp/hcp_ipc_auth.socket]: num_pending_calls=0, num_active_handlers=10, num_free_handlers=0
04-09 17:28:08.857  3077  3077 I cast_shell: [3080:3080:INFO:grpc_manager_impl.cc(505)] GRPC[uri=unix:/tmp/modular_updater/modular_update_service]: num_pending_calls=0, num_active_handlers=0, num_free_handlers=0
04-09 17:28:08.882  3077  3077 I cast_shell: [3080:3080:INFO:metrics_recorder.cc(112)] Metrics stat: total=13
04-09 17:28:08.882  3077  3077 I cast_shell: Cast.Discovery.Mdns.ResponderStarted=2
04-09 17:28:08.882  3077  3077 I cast_shell: Cast.Discovery.Mdns.ResponderStopped=1
04-09 17:28:08.882  3077  3077 I cast_shell: Cast.Discovery.Mdns.SocketCreated=4
04-09 17:28:08.882  3077  3077 I cast_shell: Cast.Discovery.Mdns.SocketDestroyed=2
04-09 17:28:08.882  3077  3077 I cast_shell: Cast.System.Timezone.ChangeSuccessful=1
04-09 17:28:08.882  3077  3077 I cast_shell: CastV2.Connection.Connect.In=1
04-09 17:28:08.882  3077  3077 I cast_shell: CastV2.Receiver.DeviceStatus.Out=5
04-09 17:28:08.882  3077  3077 I cast_shell: CastV2.Receiver.DeviceStatus.Out.Broadcast=2
04-09 17:28:08.882  3077  3077 I cast_shell: CastV2.Receiver.GetStatus.In=1
04-09 17:28:08.882  3077  3077 I cast_shell: CastV2.Resource.Provider.In=1
04-09 17:28:08.993  3077  3077 I cast_shell: [3080:3080:INFO:metrics_recorder_impl.cc(672)] Activated server experiments: []
04-09 17:28:08.995  3077  3077 I cast_shell: [3080:3080:INFO:cast_logs_metrics_provider.cc(59)] netif is ipv4
04-09 17:28:08.995  3077  3077 I cast_shell: [3080:3080:ERROR:socket_posix.cc(148)] bind() failed: Address already in use (98)
04-09 17:28:08.995  3077  3077 I cast_shell: [3080:3080:INFO:net_util_impl.cc(1041)] Platform supports dual-stack
04-09 17:28:09.015  3077  3077 I cast_shell: [3080:3080:INFO:grpc_manager_impl.cc(505)] GRPC[uri=[::]:8012]: num_pending_calls=0, num_active_handlers=1, num_free_handlers=0
04-09 17:28:09.399  3077  3077 I cast_shell: [3080:3088:ERROR:connectivity_checker_impl.cc(265)] Connectivity check failed: 400
04-09 17:28:49.266  2732  2741 E NetworkMonitor: cannot find default IPv4 route for wlan0
04-09 17:28:49.267  2732  2741 E NetworkMonitor: cannot find default IPv6 route for wlan0
04-09 17:28:52.368  2732  2741 E NetworkMonitor: no response for /bin/ping -n -I wlan0 -c 10 -w 10 8.8.8.8
04-09 17:28:52.380  2732  2741 E NetworkMonitor: no response for /bin/ping6 -n -I wlan0 -c 10 -w 10 2001:4860:4860::8888
04-09 17:28:52.381  2732  2741 E NetworkMonitor: dns resolution failed
04-09 17:28:54.695  3077  3077 I chatty  : uid=1000(chrome) /bin/logwrapper identical 45 lines
04-09 17:28:55.702  3077  3077 I cast_shell: [3080:3088:ERROR:connectivity_checker_impl.cc(265)] Connectivity check failed: 400
04-09 17:28:55.857  2735  2813 I bt_btm_ble: btm_ble_conn_complete unable to match and resolve random address
04-09 17:28:55.860  2735  2813 W bt_smp  : smp_br_connect_callback is called on unexpected transport 2
04-09 17:28:55.860  2735  2813 W bt_btif : bta_dm_acl_change info: 0x0
04-09 17:28:55.860  2735  2766 I bluetoothtbd: [0409/045855.860523:INFO:gatt_server.cc(280)] Added connection entry for conn_id: 5 device address: 73:7F:CA:C1:18:B5
04-09 17:28:55.860  2735  2766 D bt_btif_dm: remote version info [73:7f:ca:c1:18:b5]: 0, 0, 0
04-09 17:28:55.860  2735  2766 I bluetoothtbd: [0409/045855.860873:INFO:adapter.cc(719)] ACL state changed: 73:7F:CA:C1:18:B5 - connected: true
04-09 17:28:55.862  3077  3077 I cast_shell: [3080:3118:ERROR:bluetooth_v1_via_v2.cc(796)] Connection state changed. :b5 true
04-09 17:28:56.404  2735  2766 D bt_btif_scanner: btif_gatts_upstreams_evt: Unhandled event (26)
04-09 17:28:56.709  3077  3077 I cast_shell: [3080:3088:ERROR:connectivity_checker_impl.cc(265)] Connectivity check failed: 400
04-09 17:28:57.003  2735  2813 E bluetoothtbd: [0409/045857.003439:ERROR:gatt_sr.cc(743)] MTU request PDU with MTU size 515
04-09 17:28:57.004  2735  2813 W bt_l2cap: l2cble_set_fixed_channel_tx_data_length, request not supported
04-09 17:28:57.004  2735  2813 W bluetoothtbd: [0409/045857.004351:WARNING:gatt_utils.cc(837)] Call back not found for application conn_id=3
04-09 17:28:57.004  2735  2813 W bluetoothtbd: [0409/045857.004438:WARNING:gatt_utils.cc(837)] Call back not found for application conn_id=4
04-09 17:28:57.004  2735  2813 W bluetoothtbd: [0409/045857.004517:WARNING:gatt_utils.cc(837)] Call back not found for application conn_id=6
04-09 17:28:57.036  3077  3077 I cast_shell: [3080:3118:INFO:ble_setup.cc(322)] Record action: Setup.set_eureka_info.BLE.Locale
04-09 17:28:57.036  3077  3077 I cast_shell: [3080:3118:INFO:locale_manager.cc(576)] New locale: en-US
04-09 17:28:57.043  3077  3077 I cast_shell: [3080:3103:INFO:media_manager_impl.cc(383)] TurnActive result: 0
04-09 17:28:57.045  3077  3077 I cast_shell: [3080:3118:INFO:setup_state.cc(544)] EurekaInfoCalled: wifi_state=3, is_usable_ip_address=1, connected=0, is_initial_setup=1
04-09 17:28:57.045  3077  3077 I cast_shell: [3080:3118:INFO:setup_state.cc(261)] Setup state changed: SETUP_STATE_CHECKING_GLOBAL_CONNECTIVITY_BAD_ROUTER (52) -> SETUP_STATE_DISCONNECTED_EXTERNAL_CLIENT_ACCESSED (11)
04-09 17:28:57.062  2951  3154 I LibreCastControlDelegate: OnCastStatus() +++ Lyric Speaker Box 21f384:0xaaf94198:NOT_SETUP
04-09 17:28:57.062  2951  3154 I LibreCastControlDelegate: Device Build Number -> '1.52.272222'
04-09 17:28:57.062  2951  3154 I librecast: updateCastBuildVersion() Version 1.52.272222
04-09 17:28:57.063  2713  2713 I lucitransport: readRemoteMessage() MID char = 7 buffer = 1.52.272222
04-09 17:28:57.063  2951  3154 I LibreCastControlDelegate: Active Applications -> 0
04-09 17:28:57.063  2951  3154 I LibreCastControlDelegate: Current Cast State '2' -> 'NOT_SETUP'
04-09 17:28:57.063  2951  3154 I LibreCastControlDelegate: OnCastStatus() ---
04-09 17:28:57.065  2951  3154 I LibreCastControlDelegate: OnCastStatus() +++ Lyric Speaker Box 21f384:0xaaf94198:NOT_SETUP
04-09 17:28:57.065  2951  3154 I LibreCastControlDelegate: Device Build Number -> '1.52.272222'
04-09 17:28:57.065  2951  3154 I librecast: updateCastBuildVersion() Version 1.52.272222
04-09 17:28:57.065  2713  2713 I lucitransport: readRemoteMessage() MID char = 7 buffer = 1.52.272222
04-09 17:28:57.065  2951  3154 I LibreCastControlDelegate: Active Applications -> 0
04-09 17:28:57.065  2951  3154 I LibreCastControlDelegate: Current Cast State '2' -> 'NOT_SETUP'
04-09 17:28:57.065  2951  3154 I LibreCastControlDelegate: OnCastStatus() ---
04-09 17:28:57.078  2735  2766 D bt_btif_scanner: btif_gatts_upstreams_evt: Unhandled event (26)
04-09 17:28:57.129  3077  3077 I cast_shell: [3080:3118:INFO:metrics_recorder.cc(282)] Record action: Setup.version.BLE
04-09 17:28:57.226  3077  3077 I cast_shell: [3080:3118:INFO:metrics_recorder.cc(282)] Record action: Setup.name_utf8.BLE
04-09 17:28:57.529  2735  2766 D bt_btif_scanner: btif_gatts_upstreams_evt: Unhandled event (26)
04-09 17:28:57.530  3077  3077 I cast_shell: [3080:3118:INFO:metrics_recorder.cc(282)] Record action: Setup.tos_accepted.BLE
04-09 17:28:57.560  3077  3077 I cast_shell: [3080:3118:INFO:metrics_recorder.cc(282)] Record action: Setup.state.BLE
04-09 17:28:57.590  3077  3077 I cast_shell: [3080:3118:INFO:metrics_recorder.cc(282)] Record action: Setup.ip_address.BLE
04-09 17:28:57.650  3077  3077 I cast_shell: [3080:3118:INFO:metrics_recorder.cc(282)] Record action: Setup.eureka_info_immutable_basic.BLE
04-09 17:28:57.695  3077  3077 I cast_shell: [3080:3118:INFO:metrics_recorder.cc(282)] Record action: Setup.eureka_info_mutable_reads.BLE
04-09 17:28:57.715  3077  3077 I cast_shell: [3080:3088:ERROR:connectivity_checker_impl.cc(265)] Connectivity check failed: 400
04-09 17:28:57.725  3077  3077 I cast_shell: [3080:3118:INFO:metrics_recorder.cc(282)] Record action: Setup.eureak_info_keys.BLE
04-09 17:28:57.830  3077  3077 I cast_shell: [3080:3118:INFO:metrics_recorder.cc(282)] Record action: Setup.eureka_info_immutable_basic.BLE
04-09 17:28:57.860  3077  3077 I cast_shell: [3080:3118:INFO:metrics_recorder.cc(282)] Record action: Setup.eureak_info_keys.BLE
04-09 17:28:58.190  3077  3077 I chatty  : uid=1000(chrome) /bin/logwrapper identical 4 lines
04-09 17:28:58.265  3077  3077 I cast_shell: [3080:3118:INFO:metrics_recorder.cc(282)] Record action: Setup.eureak_info_keys.BLE
04-09 17:28:58.355  3077  3077 I cast_shell: [3080:3118:INFO:metrics_recorder.cc(282)] Record action: Setup.i8n_info.BLE
04-09 17:28:58.595  3077  3077 I chatty  : uid=1000(chrome) /bin/logwrapper identical 3 lines
04-09 17:28:58.670  3077  3077 I cast_shell: [3080:3118:INFO:metrics_recorder.cc(282)] Record action: Setup.i8n_info.BLE
04-09 17:28:58.722  3077  3077 I cast_shell: [3080:3088:ERROR:connectivity_checker_impl.cc(265)] Connectivity check failed: 400
04-09 17:28:58.745  3077  3077 I cast_shell: [3080:3118:INFO:metrics_recorder.cc(282)] Record action: Setup.i8n_info.BLE
04-09 17:28:58.820  3077  3077 I cast_shell: [3080:3118:INFO:metrics_recorder.cc(282)] Record action: Setup.i8n_info.BLE
04-09 17:28:58.880  3077  3077 I cast_shell: [3080:3118:INFO:ble_setup.cc(322)] Record action: Setup.set_eureka_info.BLE.CountryCode
04-09 17:28:58.881  3077  3077 I cast_shell: [3080:3118:INFO:locale_manager.cc(639)] New country code: IN
04-09 17:28:58.884  2711  2711 I wpa_supplicant: wlan0: CTRL-EVENT-REGDOM-CHANGE init=USER type=COUNTRY alpha2=IN
04-09 17:28:58.888  2712  2724 I yani_server: NetLink Event '-1' Interface-Index '5' WLAN '-1' Ethernet '-1' Parsed-iFill '-1' -> 'INVALID' ifIndex '1' -> 'lo'
04-09 17:28:58.890  2712  2724 I yani_server: NetLink Event '-1' Interface-Index '5' WLAN '0' Ethernet '-1' Parsed-iFill '-1' -> 'INVALID' ifIndex '1' -> 'lo'
04-09 17:28:58.892  2951  3154 I LibreCastControlDelegate: OnCastStatus() +++ Lyric Speaker Box 21f384:0xaaf94198:NOT_SETUP
04-09 17:28:58.892  2951  3154 I LibreCastControlDelegate: Device Build Number -> '1.52.272222'
04-09 17:28:58.892  2951  3154 I librecast: updateCastBuildVersion() Version 1.52.272222
04-09 17:28:58.893  2713  2713 I lucitransport: readRemoteMessage() MID char = 7 buffer = 1.52.272222
04-09 17:28:58.893  2951  3154 I LibreCastControlDelegate: Active Applications -> 0
04-09 17:28:58.893  2951  3154 I LibreCastControlDelegate: Current Cast State '2' -> 'NOT_SETUP'
04-09 17:28:58.893  2951  3154 I LibreCastControlDelegate: OnCastStatus() ---
04-09 17:28:59.729  3077  3077 I cast_shell: [3080:3088:ERROR:connectivity_checker_impl.cc(265)] Connectivity check failed: 400
04-09 17:28:59.930  3077  3077 I cast_shell: [3080:3118:INFO:ble_setup.cc(322)] Record action: Setup.scan_wifi.BLE
04-09 17:28:59.931  3077  3077 I cast_shell: [3080:3118:WARNING:wifi_controller_wpa_supplicant.cc(797)] Wpa responses FAIL-BUSY, assuming it is associating, which will keep scan_results fresh.
04-09 17:29:00.735  3077  3077 I cast_shell: [3080:3088:ERROR:connectivity_checker_impl.cc(265)] Connectivity check failed: 400
04-09 17:29:01.742  3077  3077 I cast_shell: [3080:3088:ERROR:connectivity_checker_impl.cc(265)] Connectivity check failed: 400
04-09 17:29:02.259  2712  2724 I yani_server: NetLink Event '-1' Interface-Index '5' WLAN '0' Ethernet '-1' Parsed-iFill '-1' -> 'INVALID' ifIndex '1' -> 'lo'
04-09 17:29:02.261  2950  2960 D wac-main: Netlink event
04-09 17:29:02.261  2950  2960 E wac-main: Netlink event 16 Interface Index 5 
04-09 17:29:02.261  2950  2960 E wac-main: Enter poll and wait
04-09 17:29:02.262  2950  2960 D wac-main: Netlink event
04-09 17:29:02.262  2950  2960 E wac-main: Netlink event 16 Interface Index 5 
04-09 17:29:02.262  2950  2960 E wac-main: Enter poll and wait
04-09 17:29:02.267  2712  2724 I yani_server: NetLink Event '-1' Interface-Index '5' WLAN '0' Ethernet '-1' Parsed-iFill '-1' -> 'INVALID' ifIndex '1' -> 'lo'
04-09 17:29:02.270  2712  2724 I chatty  : uid=0(root) YaniServer identical 1 line
04-09 17:29:02.270  2712  2724 I yani_server: NetLink Event '-1' Interface-Index '5' WLAN '0' Ethernet '-1' Parsed-iFill '-1' -> 'INVALID' ifIndex '1' -> 'lo'
04-09 17:29:02.270  2712  2724 I yani_kernel: yani_geteventfrom_changeaddr() Message-Id '1' Netlink event '16' Interface Index '5' -> Name 'wlan0' 
04-09 17:29:02.272  2712  2724 I yani_kernel: yani_geteventfrom_changeaddr() Message-Id '1' Netlink event '16' Interface Index '5' -> Name 'wlan0' 
04-09 17:29:02.281  2951  3154 I LibreCastControlDelegate: OnCastStatus() +++ Lyric Speaker Box 21f384:0xaaf94198:NOT_SETUP
04-09 17:29:02.281  2951  3154 I LibreCastControlDelegate: Device Build Number -> '1.52.272222'
04-09 17:29:02.281  2951  3154 I librecast: updateCastBuildVersion() Version 1.52.272222
04-09 17:29:02.281  2713  2713 I lucitransport: readRemoteMessage() MID char = 7 buffer = 1.52.272222
04-09 17:29:02.281  2951  3154 I LibreCastControlDelegate: Active Applications -> 0
04-09 17:29:02.281  2951  3154 I LibreCastControlDelegate: Current Cast State '2' -> 'NOT_SETUP'
04-09 17:29:02.281  2951  3154 I LibreCastControlDelegate: OnCastStatus() ---
04-09 17:29:02.749  3077  3077 I cast_shell: [3080:3088:ERROR:connectivity_checker_impl.cc(265)] Connectivity check failed: 400
04-09 17:29:03.755  3077  3077 I cast_shell: [3080:3088:ERROR:connectivity_checker_impl.cc(265)] Connectivity check failed: 400
04-09 17:29:03.965  3077  3077 I cast_shell: [3080:3118:INFO:ble_setup.cc(322)] Record action: Setup.scan_wifi.BLE
04-09 17:29:03.968  2712  2724 I yani_server: NetLink Event '-1' Interface-Index '5' WLAN '-1' Ethernet '-1' Parsed-iFill '-1' -> 'INVALID' ifIndex '1' -> 'lo'
04-09 17:29:04.762  3077  3077 I cast_shell: [3080:3088:ERROR:connectivity_checker_impl.cc(265)] Connectivity check failed: 400
04-09 17:29:05.769  3077  3077 I chatty  : uid=1000(chrome) /bin/logwrapper identical 1 line
04-09 17:29:06.775  3077  3077 I cast_shell: [3080:3088:ERROR:connectivity_checker_impl.cc(265)] Connectivity check failed: 400
04-09 17:29:07.381  2712  2724 I yani_server: NetLink Event '-1' Interface-Index '5' WLAN '0' Ethernet '-1' Parsed-iFill '-1' -> 'INVALID' ifIndex '1' -> 'lo'
04-09 17:29:07.382  2712  2724 I yani_server: NetLink Event '-1' Interface-Index '5' WLAN '0' Ethernet '-1' Parsed-iFill '-1' -> 'INVALID' ifIndex '1' -> 'lo'
04-09 17:29:07.383  2950  2960 D wac-main: Netlink event
04-09 17:29:07.383  2950  2960 E wac-main: Netlink event 16 Interface Index 5 
04-09 17:29:07.383  2950  2960 E wac-main: Enter poll and wait
04-09 17:29:07.385  2712  2724 I yani_server: NetLink Event '-1' Interface-Index '5' WLAN '0' Ethernet '-1' Parsed-iFill '-1' -> 'INVALID' ifIndex '1' -> 'lo'
04-09 17:29:07.388  2712  2724 I chatty  : uid=0(root) YaniServer identical 3 lines
04-09 17:29:07.388  2712  2724 I yani_server: NetLink Event '-1' Interface-Index '5' WLAN '0' Ethernet '-1' Parsed-iFill '-1' -> 'INVALID' ifIndex '1' -> 'lo'
04-09 17:29:07.389  2950  2960 D wac-main: Netlink event
04-09 17:29:07.389  2950  2960 E wac-main: Netlink event 16 Interface Index 5 
04-09 17:29:07.389  2950  2960 E wac-main: Enter poll and wait
04-09 17:29:07.389  2712  2724 I yani_server: NetLink Event '-1' Interface-Index '5' WLAN '0' Ethernet '-1' Parsed-iFill '-1' -> 'INVALID' ifIndex '1' -> 'lo'
04-09 17:29:07.396  2712  2724 I chatty  : uid=0(root) YaniServer identical 6 lines
04-09 17:29:07.397  2712  2724 I yani_server: NetLink Event '-1' Interface-Index '5' WLAN '0' Ethernet '-1' Parsed-iFill '-1' -> 'INVALID' ifIndex '1' -> 'lo'
04-09 17:29:07.401  2951  3154 I LibreCastControlDelegate: OnCastStatus() +++ Lyric Speaker Box 21f384:0xaaf94198:NOT_SETUP
04-09 17:29:07.401  2951  3154 I LibreCastControlDelegate: Device Build Number -> '1.52.272222'
04-09 17:29:07.401  2951  3154 I librecast: updateCastBuildVersion() Version 1.52.272222
04-09 17:29:07.401  2713  2713 I lucitransport: readRemoteMessage() MID char = 7 buffer = 1.52.272222
04-09 17:29:07.401  2951  3154 I LibreCastControlDelegate: Active Applications -> 0
04-09 17:29:07.401  2951  3154 I LibreCastControlDelegate: Current Cast State '2' -> 'NOT_SETUP'
04-09 17:29:07.401  2951  3154 I LibreCastControlDelegate: OnCastStatus() ---
04-09 17:29:07.402  2712  2724 I yani_server: NetLink Event '-1' Interface-Index '5' WLAN '0' Ethernet '-1' Parsed-iFill '-1' -> 'INVALID' ifIndex '1' -> 'lo'
04-09 17:29:07.403  2712  2724 I yani_server: NetLink Event '-1' Interface-Index '5' WLAN '0' Ethernet '-1' Parsed-iFill '-1' -> 'INVALID' ifIndex '1' -> 'lo'
04-09 17:29:07.403  2712  2724 I yani_kernel: yani_geteventfrom_changeaddr() Message-Id '1' Netlink event '16' Interface Index '5' -> Name 'wlan0' 
04-09 17:29:07.404  2712  2724 I yani_kernel: yani_geteventfrom_changeaddr() Message-Id '1' Netlink event '16' Interface Index '5' -> Name 'wlan0' 
04-09 17:29:07.782  3077  3077 I cast_shell: [3080:3088:ERROR:connectivity_checker_impl.cc(265)] Connectivity check failed: 400
04-09 17:29:08.029  3077  3077 I cast_shell: [3080:3118:INFO:metrics_recorder.cc(282)] Record action: Setup.scan_results.BLE
04-09 17:29:08.104  3077  3077 I cast_shell: [3080:3118:INFO:metrics_recorder.cc(282)] Record action: Setup.scan_results.BLE
04-09 17:29:08.786  3077  3077 I cast_shell: [3080:3080:INFO:grpc_manager_impl.cc(505)] GRPC[uri=[::]:0]: num_pending_calls=0, num_active_handlers=0, num_free_handlers=0
04-09 17:29:08.787  3077  3077 I cast_shell: [3080:3080:INFO:grpc_manager_impl.cc(505)] GRPC[uri=]: num_pending_calls=0, num_active_handlers=0, num_free_handlers=0
04-09 17:29:08.788  3077  3077 I cast_shell: [3080:3088:ERROR:connectivity_checker_impl.cc(265)] Connectivity check failed: 400
04-09 17:29:08.853  3077  3077 I cast_shell: [3080:3080:INFO:grpc_manager_impl.cc(505)] GRPC[uri=unix:/tmp/hcp_ipc_auth.socket]: num_pending_calls=0, num_active_handlers=10, num_free_handlers=0
04-09 17:29:08.858  3077  3077 I cast_shell: [3080:3080:INFO:grpc_manager_impl.cc(505)] GRPC[uri=unix:/tmp/modular_updater/modular_update_service]: num_pending_calls=0, num_active_handlers=0, num_free_handlers=0
04-09 17:29:08.882  3077  3077 I cast_shell: [3080:3080:INFO:metrics_recorder.cc(112)] Metrics stat: total=12
04-09 17:29:08.883  3077  3077 I cast_shell: Cast.Discovery.Mdns.ResponderPing=1
04-09 17:29:08.883  3077  3077 I cast_shell: Cast.Discovery.Mdns.SocketPing=2
04-09 17:29:08.883  3077  3077 I cast_shell: Setup.eureak_info_keys.BLE=7
04-09 17:29:08.883  3077  3077 I cast_shell: Setup.eureka_info_immutable_basic.BLE=2
04-09 17:29:08.883  3077  3077 I cast_shell: Setup.eureka_info_mutable_reads.BLE=1
04-09 17:29:08.883  3077  3077 I cast_shell: Setup.i8n_info.BLE=7
04-09 17:29:08.883  3077  3077 I cast_shell: Setup.ip_address.BLE=1
04-09 17:29:08.883  3077  3077 I cast_shell: Setup.name_utf8.BLE=1
04-09 17:29:08.883  3077  3077 I cast_shell: Setup.scan_results.BLE=2
04-09 17:29:08.883  3077  3077 I cast_shell: Setup.state.BLE=1
04-09 17:29:08.980  3077  3077 I cast_shell: [3080:3118:INFO:wifi_proximity.cc(177)] Request scan.
04-09 17:29:09.016  3077  3077 I cast_shell: [3080:3080:INFO:grpc_manager_impl.cc(505)] GRPC[uri=[::]:8012]: num_pending_calls=0, num_active_handlers=1, num_free_handlers=0
04-09 17:29:09.795  3077  3077 I cast_shell: [3080:3088:ERROR:connectivity_checker_impl.cc(265)] Connectivity check failed: 400
04-09 17:29:10.220  3077  3077 I cast_shell: [3080:3118:INFO:ble_setup.cc(322)] Record action: Setup.play_sound.BLE
04-09 17:29:10.222  3077  3077 I cast_shell: [3080:3097:INFO:synchronized_sound_player.cc(362)] Playing sound key 2
04-09 17:29:10.249  3077  3077 I cast_shell: [3080:3118:INFO:ble_setup.cc(322)] Record action: Setup.play_sound.BLE
04-09 17:29:10.250  3077  3077 I cast_shell: [3080:3097:INFO:audio_decoder_software_wrapper.cc(86)] Using backend decoder for PCM
04-09 17:29:10.251  3077  3077 I cast_shell: [3080:3102:INFO:mixer_input_connection.cc(208)] Create 0xf3b42c60 (no_delay), content type: media, focus type: media, fill size: 512, algorithm fill size: 221, channel count: 1, input sample rate: 44100, start threshold: 3087, max queue size: 8820, socket: 0xaedb8d30
04-09 17:29:10.251  3077  3077 I cast_shell: [3080:3097:INFO:synchronized_sound_player.cc(362)] Playing sound key 0
04-09 17:29:10.251  3077  3077 I cast_shell: [3080:3101:INFO:mixer_output_stream_alsa.cc(428)] ALSA buffer = 4096, period = 512
04-09 17:29:10.251  3077  3077 I cast_shell: [3080:3102:INFO:mixer_input_connection.cc(386)] Remove 0xf3b42c60
04-09 17:29:10.251  3077  3077 I cast_shell: [3080:3100:INFO:stream_mixer.cc(604)] Input source channel count = 1
04-09 17:29:10.251  3077  3077 I cast_shell: [3080:3100:INFO:stream_mixer.cc(607)] Dynamic channel count not enabled; using stereo
04-09 17:29:10.251  3077  3077 I cast_shell: [3080:3100:INFO:stream_mixer.cc(604)] Input source channel count = 1
04-09 17:29:10.251  3077  3077 I cast_shell: [3080:3100:INFO:stream_mixer.cc(607)] Dynamic channel count not enabled; using stereo
04-09 17:29:10.251  3077  3077 I cast_shell: [3080:3100:INFO:stream_mixer.cc(416)] Start with 0 active inputs
04-09 17:29:10.272  3077  3077 I cast_shell: [3080:3101:INFO:mixer_output_stream_alsa.cc(171)] snd_pcm_open: handle=0xf3c0c7b8
04-09 17:29:10.272  3077  3077 I cast_shell: [3080:3101:WARNING:mixer_output_stream_alsa.cc(341)] Requested sample rate (44100 Hz) does not match the actual sample rate (48000 Hz). This may lead to lower audio quality.
04-09 17:29:10.272  3077  3077 I cast_shell: [3080:3101:INFO:mixer_output_stream_alsa.cc(346)] Sample rate changed from 0 to 48000
04-09 17:29:10.272  3077  3077 I cast_shell: [3080:3101:WARNING:mixer_output_stream_alsa.cc(379)] Requested period size (512 frames) does not match the actual period size (1024 frames). This may lead to an increase in CPU usage or an increase in audio latency.
04-09 17:29:10.278  3077  3077 I cast_shell: [3080:3100:INFO:stream_mixer.cc(466)] Output 2 channels at 48000 samples per second
04-09 17:29:10.278  3077  3077 I cast_shell: [3080:3101:INFO:filter_group.cc(340)] : 2ch@48000hz -> [GROUP]mix -> 2ch@48000hz
04-09 17:29:10.278  3077  3077 I cast_shell: [3080:3097:INFO:audio_decoder_software_wrapper.cc(86)] Using backend decoder for PCM
04-09 17:29:10.278  3077  3077 I cast_shell: [3080:3101:INFO:filter_group.cc(340)] [GROUP]mix: 2ch@48000hz -> [GROUP]linearize -> 2ch@48000hz
04-09 17:29:10.278  3077  3077 I cast_shell: [3080:3102:INFO:mixer_input_connection.cc(208)] Create 0xf3b62840 (no_delay), content type: media, focus type: media, fill size: 512, algorithm fill size: 240, channel count: 2, input sample rate: 48000, start threshold: 3360, max queue size: 9600, socket: 0xaedae9f0
04-09 17:29:10.278  3077  3077 I cast_shell: [3080:3100:INFO:stream_mixer.cc(484)] Using 2 loopback channels
04-09 17:29:10.278  3077  3077 I cast_shell: [3080:3100:INFO:stream_mixer.cc(640)] Add input 0xf3b42c64 to mix @ 48000 samples per second. Is primary source? = 0
04-09 17:29:10.280  3077  3077 I cast_shell: [3080:3100:INFO:mixer_input.cc(361)] no_delay(0xf3b42c64): set volume limits to [0, 1]
04-09 17:29:10.280  3077  3077 I cast_shell: [3080:3100:INFO:mixer_input.cc(121)] Remixing channels for 0xf3b42c64 from 1 to 2
04-09 17:29:10.280  3077  3077 I cast_shell: [3080:3100:INFO:mixer_input.cc(346)] no_delay(0xf3b42c64): type volume = 1, effective multiplier = 1
04-09 17:29:10.280  3077  3077 I cast_shell: [3080:3100:INFO:mixer_input.cc(395)] no_delay(0xf3b42c64): mute volume = 1, effective multiplier = 1
04-09 17:29:10.284  3077  3077 I cast_shell: [3080:3102:INFO:mixer_input_connection.cc(243)] Delete 0xf3b42c60
04-09 17:29:10.284  3077  3077 I cast_shell: [3080:3097:INFO:media_pipeline_backend_for_mixer.cc(276)] Audio ready to play
04-09 17:29:10.284  3077  3077 I cast_shell: [3080:3100:INFO:stream_mixer.cc(640)] Add input 0xf3b62844 to mix @ 48000 samples per second. Is primary source? = 0
04-09 17:29:10.284  3077  3077 I cast_shell: [3080:3100:INFO:mixer_input.cc(361)] no_delay(0xf3b62844): set volume limits to [0, 1]
04-09 17:29:10.284  3077  3077 I cast_shell: [3080:3100:INFO:mixer_input.cc(346)] no_delay(0xf3b62844): type volume = 1, effective multiplier = 1
04-09 17:29:10.284  3077  3077 I cast_shell: [3080:3100:INFO:mixer_input.cc(395)] no_delay(0xf3b62844): mute volume = 1, effective multiplier = 1
04-09 17:29:10.284  3077  3077 I cast_shell: [3080:3100:INFO:stream_mixer.cc(683)] Remove input 0xf3b42c64
04-09 17:29:10.284  3077  3077 I chatty  : uid=1000(chrome) /bin/logwrapper identical 2 lines
04-09 17:29:10.284  3077  3077 I cast_shell: [3080:3100:INFO:stream_mixer.cc(683)] Remove input 0xf3b42c64
04-09 17:29:10.284  3077  3077 I cast_shell: [3080:3100:INFO:mixer_input_connection.cc(1053)] 0xf3b62840 ready for playback
04-09 17:29:10.800  3077  3077 I cast_shell: [3080:3088:ERROR:connectivity_checker_impl.cc(265)] Connectivity check failed: 400
04-09 17:29:11.806  3077  3077 I cast_shell: [3080:3088:ERROR:connectivity_checker_impl.cc(265)] Connectivity check failed: 400
04-09 17:29:11.898  3077  3077 I cast_shell: [3080:3100:INFO:mixer_input_connection.cc(589)] End of stream for 0xf3b62840
04-09 17:29:12.090  3077  3077 I cast_shell: [3080:3097:INFO:synchronized_sound_player.cc(496)] Finished playing sound
04-09 17:29:12.091  3077  3077 I cast_shell: [3080:3102:INFO:mixer_input_connection.cc(386)] Remove 0xf3b62840
04-09 17:29:12.154  3077  3077 I cast_shell: [3080:3102:INFO:mixer_input_connection.cc(243)] Delete 0xf3b62840
04-09 17:29:12.154  3077  3077 I cast_shell: [3080:3100:INFO:stream_mixer.cc(683)] Remove input 0xf3b62844
04-09 17:29:12.154  3077  3077 I cast_shell: [3080:3100:INFO:stream_mixer.cc(774)] Close timeout
04-09 17:29:12.154  3077  3077 I cast_shell: [3080:3100:INFO:stream_mixer.cc(541)] Stop
04-09 17:29:12.154  3077  3077 I cast_shell: [3080:3088:INFO:loopback_audio_input.cc(194)] [REALIGN] loopback interrupted; reason = 4
04-09 17:29:12.155  3077  3077 I cast_shell: [3080:3080:INFO:cast_receiver_mojo.cc(844)] cast event : Cast.Platform.Audio.OutputInterrupted
04-09 17:29:12.239  3077  3077 I cast_shell: [3080:3101:INFO:mixer_output_stream_alsa.cc(293)] snd_pcm_close: handle=0xf3c0c7b8
04-09 17:29:12.813  3077  3077 I cast_shell: [3080:3088:ERROR:connectivity_checker_impl.cc(265)] Connectivity check failed: 400
04-09 17:29:53.393  2732  2741 E NetworkMonitor: cannot find default IPv4 route for wlan0
04-09 17:29:53.393  2732  2741 E NetworkMonitor: cannot find default IPv6 route for wlan0
04-09 17:29:54.085  3077  3077 I chatty  : uid=1000(chrome) /bin/logwrapper identical 41 lines
04-09 17:29:55.092  3077  3077 I cast_shell: [3080:3088:ERROR:connectivity_checker_impl.cc(265)] Connectivity check failed: 400
04-09 17:29:55.108  3077  3077 I cast_shell: [3080:3118:INFO:ble_setup.cc(322)] Record action: Setup.connect_wifi.BLE
04-09 17:29:55.114  3077  3077 I cast_shell: [3080:3118:INFO:setup_manager_impl.cc(1965)] New value: pref=tos-accepted, value=1
04-09 17:29:55.114  3077  3077 I cast_shell: [3080:3118:INFO:api_connect_wifi.cc(86)] connect_wifi Auth: 7
04-09 17:29:55.114  3077  3077 I cast_shell: [3080:3118:INFO:api_connect_wifi.cc(90)] connect_wifi Cipher: 4
04-09 17:29:55.115  3077  3077 I cast_shell: [3080:3080:INFO:bluetooth_setup.cc(686)] Disabling connectability: no bonded devices.
04-09 17:29:55.115  3077  3077 I cast_shell: [3080:3080:INFO:cast_receiver_impl.cc(1100)] Leaving discovery-only mode
04-09 17:29:55.115  3077  3077 I cast_shell: [3080:3080:INFO:application_config_manager_impl.cc(566)] Enabling virtual device eafb811e-dccb-3b89-53d1-1e4d4b49d57a
04-09 17:29:55.115  3077  3077 I cast_shell: [3080:3128:INFO:mdns_cast_service.cc(351)] Device discovery state is idle
04-09 17:29:55.115  3077  3077 I cast_shell: [3080:3128:INFO:mdns_util.cc(102)] Defaulting mDNS capabilities for audio-only build
04-09 17:29:55.129  3077  3077 I cast_shell: [3080:3118:INFO:wifi_controller_wpa_supplicant.cc(1188)] strongest_snr=22 wifi_interface_index=0
04-09 17:29:55.143  3077  3077 I cast_shell: [3080:3118:INFO:api_connect_wifi.cc(159)] [PII] Configuring wifi: ssid=Linksys16717_2G, auth=7, pairwise=4, id=0"
04-09 17:29:55.143  3077  3077 I cast_shell: [3080:3118:INFO:api_connect_wifi.cc(162)] Configuring wifi: otg =0, tethering_mode =0, wifi_auto_save_enabled=0
04-09 17:29:55.143  3077  3077 I cast_shell: [3080:3118:INFO:local_network_info_impl.cc(276)] CONNECTIVITY_ID changed:
04-09 17:29:55.144  3077  3077 I cast_shell: [3080:3118:INFO:setup_state.cc(261)] Setup state changed: SETUP_STATE_DISCONNECTED_EXTERNAL_CLIENT_ACCESSED (11) -> SETUP_STATE_SCANNING (20)
04-09 17:29:55.154  3077  3077 I cast_shell: [3080:3080:INFO:ccs_manager_impl.cc(1799)] Connectivity ID has changed; Will re-register CCS
04-09 17:29:55.154  3077  3077 I cast_shell: [3080:3080:INFO:ccs_manager_impl.cc(851)] Network connectivity down for CcsManager
04-09 17:29:55.155  2712  2724 I yani_server: NetLink Event '-1' Interface-Index '5' WLAN '-1' Ethernet '-1' Parsed-iFill '-1' -> 'INVALID' ifIndex '1' -> 'lo'
04-09 17:29:55.155  2735  2766 I bluetoothtbd: [0409/045955.155411:INFO:adapter.cc(551)] Adapter properties changed
04-09 17:29:55.155  3077  3077 I cast_shell: [3080:3118:INFO:bluetooth_manager.cc(115)] Record action: Cast.Bluetooth.DiscoveryMode.Disable
04-09 17:29:55.156  3077  3077 I cast_shell: [3080:3118:INFO:setup_state.cc(261)] Setup state changed: SETUP_STATE_SCANNING (20) -> SETUP_STATE_CHECKING_GLOBAL_CONNECTIVITY (50)
04-09 17:29:55.163  2951  3154 I LibreCastControlDelegate: OnCastStatus() +++ Lyric Speaker Box 21f384:0xaaf94198:OFFLINE
04-09 17:29:55.163  2951  3154 I LibreCastControlDelegate: Device Build Number -> '1.52.272222'
04-09 17:29:55.163  2951  3154 I librecast: updateCastBuildVersion() Version 1.52.272222
04-09 17:29:55.164  2713  2713 I lucitransport: readRemoteMessage() MID char = 7 buffer = 1.52.272222
04-09 17:29:55.164  2951  3154 I LibreCastControlDelegate: Active Applications -> 0
04-09 17:29:55.164  2951  3154 I LibreCastControlDelegate: Current Cast State '3' -> 'OFFLINE'
04-09 17:29:55.164  2951  3154 I LibreCastControlDelegate: OnCastStatus() ---
04-09 17:29:55.166  2951  3154 I LibreCastControlDelegate: OnCastStatus() +++ Lyric Speaker Box 21f384:0xaaf94198:OFFLINE
04-09 17:29:55.166  2951  3154 I LibreCastControlDelegate: Device Build Number -> '1.52.272222'
04-09 17:29:55.166  2951  3154 I librecast: updateCastBuildVersion() Version 1.52.272222
04-09 17:29:55.166  2713  2713 I lucitransport: readRemoteMessage() MID char = 7 buffer = 1.52.272222
04-09 17:29:55.167  2951  3154 I LibreCastControlDelegate: Active Applications -> 0
04-09 17:29:55.167  2951  3154 I LibreCastControlDelegate: Current Cast State '3' -> 'OFFLINE'
04-09 17:29:55.167  2951  3154 I LibreCastControlDelegate: OnCastStatus() ---
04-09 17:29:55.167  2951  3154 I LibreCastControlDelegate: OnCastStatus() +++ Lyric Speaker Box 21f384:0xaaf94198:OFFLINE
04-09 17:29:55.167  2951  3154 I LibreCastControlDelegate: Device Build Number -> '1.52.272222'
04-09 17:29:55.167  2951  3154 I librecast: updateCastBuildVersion() Version 1.52.272222
04-09 17:29:55.167  2713  2713 I lucitransport: readRemoteMessage() MID char = 7 buffer = 1.52.272222
04-09 17:29:55.668  3077  3077 I cast_shell: [3080:3118:INFO:metrics_recorder.cc(282)] Record action: Setup.version.BLE
04-09 17:29:55.696  3077  3077 I cast_shell: [3080:3118:INFO:metrics_recorder.cc(282)] Record action: Setup.tos_accepted.BLE
04-09 17:29:55.726  3077  3077 I cast_shell: [3080:3118:INFO:metrics_recorder.cc(282)] Record action: Setup.state.BLE
04-09 17:29:55.757  3077  3077 I cast_shell: [3080:3118:INFO:metrics_recorder.cc(282)] Record action: Setup.ip_address.BLE
04-09 17:29:56.098  3077  3077 I cast_shell: [3080:3088:ERROR:connectivity_checker_impl.cc(265)] Connectivity check failed: 400
04-09 17:29:56.121  3077  3077 I cast_shell: [3080:3080:INFO:grpc_service_discovery_impl.cc(185)] Mdns discovered google RPC for [PII](526E01C641239844DA8F41CB6ACF4883).
04-09 17:29:56.297  3077  3077 I cast_shell: [3080:3118:INFO:metrics_recorder.cc(282)] Record action: Setup.version.BLE
04-09 17:29:56.326  3077  3077 I cast_shell: [3080:3118:INFO:metrics_recorder.cc(282)] Record action: Setup.tos_accepted.BLE
04-09 17:29:56.356  3077  3077 I cast_shell: [3080:3118:INFO:metrics_recorder.cc(282)] Record action: Setup.state.BLE
04-09 17:29:56.386  3077  3077 I cast_shell: [3080:3118:INFO:metrics_recorder.cc(282)] Record action: Setup.ip_address.BLE
04-09 17:29:56.464  2732  2741 E NetworkMonitor: no response for /bin/ping -n -I wlan0 -c 10 -w 10 8.8.8.8
04-09 17:29:56.476  2732  2741 E NetworkMonitor: no response for /bin/ping6 -n -I wlan0 -c 10 -w 10 2001:4860:4860::8888
04-09 17:29:56.477  2732  2741 E NetworkMonitor: dns resolution failed
04-09 17:29:56.477  2732  2741 I NetworkMonitor: deauth disabled
04-09 17:29:56.927  3077  3077 I cast_shell: [3080:3118:INFO:metrics_recorder.cc(282)] Record action: Setup.version.BLE
04-09 17:29:56.956  3077  3077 I cast_shell: [3080:3118:INFO:metrics_recorder.cc(282)] Record action: Setup.tos_accepted.BLE
04-09 17:29:56.986  3077  3077 I cast_shell: [3080:3118:INFO:metrics_recorder.cc(282)] Record action: Setup.state.BLE
04-09 17:29:57.016  3077  3077 I cast_shell: [3080:3118:INFO:metrics_recorder.cc(282)] Record action: Setup.ip_address.BLE
04-09 17:29:57.105  3077  3077 I cast_shell: [3080:3088:ERROR:connectivity_checker_impl.cc(265)] Connectivity check failed: 400
04-09 17:29:57.125  3077  3077 I cast_shell: [3080:3128:INFO:mdns_app_filter.cc(1526)] MdnsAppFilter: Done announcing.
04-09 17:29:57.557  3077  3077 I cast_shell: [3080:3118:INFO:metrics_recorder.cc(282)] Record action: Setup.version.BLE
04-09 17:29:57.586  3077  3077 I cast_shell: [3080:3118:INFO:metrics_recorder.cc(282)] Record action: Setup.tos_accepted.BLE
04-09 17:29:57.616  3077  3077 I cast_shell: [3080:3118:INFO:metrics_recorder.cc(282)] Record action: Setup.state.BLE
04-09 17:29:57.646  3077  3077 I cast_shell: [3080:3118:INFO:metrics_recorder.cc(282)] Record action: Setup.ip_address.BLE
