04-09 16:22:51.539  2691  2691 I sh      : 	"forceUpgrade" : true,
04-09 16:22:51.539  2691  2691 I sh      : 	"mcuOnlyUpdate" : false,
04-09 16:22:51.539  2691  2691 I sh      : 	"otapackage" : null,
04-09 16:22:51.539  2691  2691 I sh      : 	"url" : null,
04-09 16:22:51.539  2691  2691 I sh      : 	"version" : null
04-09 16:22:51.547  2969  2999 E otamanager: lo not valid Interface for MAC ID
04-09 16:22:51.547  2969  2999 D otamanager: OTA: wlan IP = 192.168.1.145
04-09 16:22:51.547  2969  2999 I otamanager: OTA:checkIP mac = cc909321f384  IP = 192.168.1.145 
04-09 16:22:51.548  2969  2999 I otamanager: DownloadHttpContent firmware version = eng.C4A.1203
04-09 16:22:51.551  2712  2718 I lucitransport: readRemoteMessage() MID char = 6 buffer = 1001
04-09 16:22:51.552  2712  2718 I lucitransport: readRemoteMessage() MID char = 7 buffer = 1.52.272222
04-09 16:22:51.552  2969  2999 I otamanager: OTA: DownloadHttpContent :payload =  {"device":{"brand":"COTODAMA","castVersion":"1.52.272222","deviceId":"cc909321f384","deviceType":"LS10_C4A","fwVersion":"1203","googleCast":true,"mcuVersion":"1001","model":"LSB"}}
04-09 16:22:51.552  2969  2999 I otamanager:  
04-09 16:22:51.552  2969  2999 I otamanager: OTA:------curlDownloadFirmwareXml---
04-09 16:22:51.552  2969  2999 I otamanager: OTA:isValidIpAddress: result 0
04-09 16:22:51.562  3084  3084 I cast_shell: [3087:3123:INFO:snr_tracker.cc(50)] snr = 50
04-09 16:22:51.772  3084  3084 I cast_shell: [3087:3095:INFO:heartbeat_manager.cc(272)] Set HBInterval default: 1680000
04-09 16:22:51.772  2969  2999 I otamanager: OTA:ResolveDNSName IP = 107.20.122.40
04-09 16:22:51.772  2969  2999 I otamanager: OTA:hostIp string: https://107.20.122.40/v1
04-09 16:22:51.773  2969  2999 I otamanager: OTA: trying after 2 sec 
04-09 16:22:51.774  3084  3084 I cast_shell: [3087:3087:INFO:gcm_manager.cc(233)] GCM connection established.
04-09 16:22:51.975  3084  3084 I cast_shell: [3087:3087:INFO:config_downloader.cc(700)] Received Protobuf config response
04-09 16:22:51.997  3084  3084 I cast_shell: [3087:3087:INFO:application_manager_impl.cc(2024)] max_background_apps changed to: 1
04-09 16:22:51.998  3084  3084 I cast_shell: [3087:3087:ERROR:modular_update_manager_impl.cc(382)] No modular updater app ID can be found in device config.
04-09 16:22:52.008  3084  3084 I cast_shell: [3087:3087:INFO:ccs_settings.cc(262)] CcsSettings using CCS url https://clients5.google.com/cast/cloudcast/
04-09 16:22:52.030  3084  3084 I cast_shell: [3087:3087:INFO:application_config_manager_impl.cc(528)] Setting default remote control app ID: 1374D8AA
04-09 16:22:52.030  3084  3084 I cast_shell: [3087:3087:INFO:application_identification_settings.cc(410)] new ApplicationIdentificationSettings session_id: 89522830-4486-490c-85ad-5932736bd08a app_id: 38579375 flags: 7 headers: 512
04-09 16:22:52.030  3084  3084 I cast_shell: [3087:3087:WARNING:ccs_manager_impl.cc(1566)] Device does not have a weave device id
04-09 16:22:52.030  3084  3084 I cast_shell: [3087:3087:INFO:mdns_util.cc(102)] Defaulting mDNS capabilities for audio-only build
04-09 16:22:52.030  3084  3084 I cast_shell: [3087:3087:INFO:mdns_util.cc(102)] Defaulting mDNS capabilities for audio-only build
04-09 16:22:52.031  3084  3084 I cast_shell: [3087:3087:INFO:ccs_transport_https.cc(1203)] No cloud settings for register request
04-09 16:22:52.031  3084  3084 I cast_shell: [3087:3087:INFO:ccs_manager_impl.cc(1496)] Registering device with CCS: message_id = 9bdea1f8-e594-4593-86d2-64298e397e9d
04-09 16:22:52.031  3084  3084 I cast_shell: [3087:3087:INFO:ccs_manager_impl.cc(1497)] [PII] device_id = 75EE796C8FD9B29B5EE32CB5BE677F56
04-09 16:22:52.031  3084  3084 I cast_shell: [3087:3087:INFO:application_identification_settings.cc(410)] new ApplicationIdentificationSettings session_id: 0c84c86e-6603-4ae6-9080-9dd44ee22d8f app_id: 38579375 flags: 7 headers: 512
04-09 16:22:52.037  3084  3084 I cast_shell: [3087:3087:INFO:robot_account_auth_manager.cc(470)] Successfully initialized JWT for 38579375
04-09 16:22:52.037  3084  3084 I cast_shell: [3087:3087:INFO:config_downloader.cc(900)] Clearing local config cache
04-09 16:22:52.039  3084  3084 I cast_shell: [3087:3087:INFO:metrics_recorder.cc(282)] Record action: Cast.DCS.DownloadSuccess
04-09 16:22:52.039  3084  3084 I cast_shell: [3087:3087:INFO:key_exchange_namespace_handler.cc(178)] Changing key_exchange_support capability
04-09 16:22:52.041  2963  3162 I LibreCastControlDelegate: OnCastStatus() +++ Attic speaker:0xab80e198:NOT_SETUP
04-09 16:22:52.041  2963  3162 I LibreCastControlDelegate: Device Build Number -> '1.52.272222'
04-09 16:22:52.041  2963  3162 I librecast: updateCastBuildVersion() Version 1.52.272222
04-09 16:22:52.041  2712  2718 I lucitransport: readRemoteMessage() MID char = 7 buffer = 1.52.272222
04-09 16:22:52.041  2963  3162 I LibreCastControlDelegate: Active Applications -> 0
04-09 16:22:52.041  2963  3162 I LibreCastControlDelegate: Current Cast State '2' -> 'NOT_SETUP'
04-09 16:22:52.041  2963  3162 I LibreCastControlDelegate: OnCastStatus() ---
04-09 16:22:52.043  3084  3084 I cast_shell: [3087:3087:INFO:mdns_util.cc(102)] Defaulting mDNS capabilities for audio-only build
04-09 16:22:52.044  3084  3084 I cast_shell: [3087:3087:INFO:chromecast_service.cc(2229)] AoGH feature is: 0
04-09 16:22:52.044  3084  3084 I cast_shell: [3087:3136:INFO:mdns_util.cc(102)] Defaulting mDNS capabilities for audio-only build
04-09 16:22:52.044  3084  3084 I cast_shell: [3087:3087:INFO:chromecast_service.cc(2189)] Geolocation changed to: 0
04-09 16:22:52.044  3084  3084 I cast_shell: [3087:3087:INFO:lycra_transport.cc(301)] Feature flag changed: false
04-09 16:22:52.044  3084  3084 I cast_shell: [3087:3087:INFO:chromecast_service.cc(2248)] Playback disruption feature is: 1
04-09 16:22:52.044  3084  3084 I cast_shell: [3087:3087:INFO:playback_disruption_service.cc(328)] Playback disruption service enabled and running
04-09 16:22:52.044  3084  3084 I cast_shell: [3087:3087:INFO:ccs_manager_impl.cc(864)] Re-registering single CCS device
04-09 16:22:52.044  3084  3084 I cast_shell: [3087:3087:WARNING:ccs_manager_impl.cc(1566)] Device does not have a weave device id
04-09 16:22:52.044  3084  3084 I cast_shell: [3087:3087:INFO:mdns_util.cc(102)] Defaulting mDNS capabilities for audio-only build
04-09 16:22:52.044  3084  3084 I cast_shell: [3087:3087:INFO:mdns_util.cc(102)] Defaulting mDNS capabilities for audio-only build
04-09 16:22:52.045  3084  3084 I cast_shell: [3087:3087:INFO:ccs_transport_https.cc(1203)] No cloud settings for register request
04-09 16:22:52.045  3084  3084 I cast_shell: [3087:3087:INFO:application_identification_settings.cc(1120)] CreateJwt in progress; storing callback.
04-09 16:22:52.045  3084  3084 I cast_shell: [3087:3087:INFO:ccs_manager_impl.cc(1496)] Registering device with CCS: message_id = daca87fc-bb26-4e4e-928d-371048611a7a
04-09 16:22:52.045  3084  3084 I cast_shell: [3087:3087:INFO:ccs_manager_impl.cc(1497)] [PII] device_id = 75EE796C8FD9B29B5EE32CB5BE677F56
04-09 16:22:52.073  3084  3084 I cast_shell: [3087:3087:INFO:metrics_recorder.cc(282)] cast event: Cloud.Transport.Https.Register.Out
04-09 16:22:52.074  3084  3084 I cast_shell: [3087:3087:INFO:application_identification_settings.cc(1331)] CreateJwt completed; running all done signing callbacks.
04-09 16:22:52.074  3084  3084 I cast_shell: [3087:3087:INFO:robot_account_auth_manager.cc(496)] JWT expiry in 3600 seconds
04-09 16:22:52.074  3084  3084 I cast_shell: [3087:3087:INFO:robot_account_auth_manager.cc(384)] Sending oauth request for client_id: 0
04-09 16:22:52.074  3084  3084 I cast_shell: [3087:3087:INFO:metrics_recorder.cc(282)] cast event: Cast.Assistant.Auth.FetchToken
04-09 16:22:52.075  3084  3084 I cast_shell: [3087:3097:INFO:chromium_http_connection.cc(436)] Creating a new chromium http url loader factory
04-09 16:22:52.075  3084  3084 I cast_shell: [3087:3087:INFO:metrics_recorder.cc(282)] cast event: Cloud.Transport.Https.Register.Out
04-09 16:22:52.451  3084  3084 I cast_shell: [3087:3126:INFO:metrics_recorder.cc(282)] Record action: Setup.state.BLE
04-09 16:22:52.572  3084  3084 I cast_shell: [system_updater_dummy.cpp(139)] CheckUpdate 139
04-09 16:22:52.573  3084  3084 I cast_shell: [system_updater_dummy.cpp(148)] CheckUpdate 148 return
04-09 16:22:52.936  2962  2972 D wac-main: Netlink event
04-09 16:22:52.936  2962  2972 E wac-main: Netlink event 16 Interface Index 5 
04-09 16:22:52.936  2962  2972 E wac-main: Enter poll and wait
04-09 16:22:52.936  2962  2972 D wac-main: Netlink event
04-09 16:22:52.936  2962  2972 E wac-main: Netlink event 16 Interface Index 5 
04-09 16:22:52.936  2962  2972 E wac-main: Enter poll and wait
04-09 16:22:52.942  2711  2724 I yani_server: NetLink Event '-1' Interface-Index '5' WLAN '0' Ethernet '-1' Parsed-iFill '-1' -> 'INVALID' ifIndex '1' -> 'lo'
04-09 16:22:52.943  2711  2724 I chatty  : uid=0(root) YaniServer identical 1 line
04-09 16:22:52.945  2711  2724 I yani_server: NetLink Event '-1' Interface-Index '5' WLAN '0' Ethernet '-1' Parsed-iFill '-1' -> 'INVALID' ifIndex '1' -> 'lo'
04-09 16:22:52.947  2963  3162 I LibreCastControlDelegate: OnCastStatus() +++ Attic speaker:0xab80e198:NOT_SETUP
04-09 16:22:52.947  2963  3162 I LibreCastControlDelegate: Device Build Number -> '1.52.272222'
04-09 16:22:52.947  2963  3162 I librecast: updateCastBuildVersion() Version 1.52.272222
04-09 16:22:52.947  2712  2718 I lucitransport: readRemoteMessage() MID char = 7 buffer = 1.52.272222
04-09 16:22:52.947  2963  3162 I LibreCastControlDelegate: Active Applications -> 0
04-09 16:22:52.947  2963  3162 I LibreCastControlDelegate: Current Cast State '2' -> 'NOT_SETUP'
04-09 16:22:52.947  2963  3162 I LibreCastControlDelegate: OnCastStatus() ---
04-09 16:22:52.952  2711  2724 I yani_server: NetLink Event '-1' Interface-Index '5' WLAN '0' Ethernet '-1' Parsed-iFill '-1' -> 'INVALID' ifIndex '1' -> 'lo'
04-09 16:22:52.953  2711  2724 I yani_kernel: yani_geteventfrom_changeaddr() Message-Id '1' Netlink event '16' Interface Index '5' -> Name 'wlan0' 
04-09 16:22:52.954  2711  2724 I yani_kernel: yani_geteventfrom_changeaddr() Message-Id '1' Netlink event '16' Interface Index '5' -> Name 'wlan0' 
04-09 16:22:52.965  3084  3084 I cast_shell: [3087:3087:INFO:robot_account_auth_manager.cc(525)] Got CAS response: 200
04-09 16:22:52.965  3084  3084 I cast_shell: [3087:3087:INFO:metrics_recorder.cc(282)] cast event: Cast.Assistant.AuthError.NOT_LINKED
04-09 16:22:52.965  3084  3084 I cast_shell: [3087:3087:INFO:robot_account_auth_manager.cc(776)] Current error: TOKEN_NOT_FETCHED, new error: NOT_LINKED
04-09 16:22:52.965  3084  3084 I cast_shell: [3087:3087:INFO:user_auth_impl.cc(207)] Notified all the observers of new auth tokens.
04-09 16:22:53.048  3084  3084 I cast_shell: [3087:3087:INFO:grpc_service_discovery_impl.cc(185)] Mdns discovered google RPC for [PII](75EE796C8FD9B29B5EE32CB5BE677F56).
04-09 16:22:53.487  3084  3084 I cast_shell: [3087:3126:INFO:metrics_recorder.cc(282)] Record action: Setup.state.BLE
04-09 16:22:53.596  3084  3084 I cast_shell: [system_updater_dummy.cpp(139)] CheckUpdate 139
04-09 16:22:53.597  3084  3084 I cast_shell: [system_updater_dummy.cpp(148)] CheckUpdate 148 return
04-09 16:22:53.819  2969  2999 I otamanager: OTA:curl response code : 0	
04-09 16:22:53.819  2969  2999 I otamanager: http status code : 200
04-09 16:22:53.819  2969  2999 I otamanager: OTA: contentLen :187.000000
04-09 16:22:53.830  2969  2999 I otamanager: OTA: bytesDownloaded = 187 m_iHttpStatusCode = 200 
04-09 16:22:53.830  2691  2691 I sh      : }{
04-09 16:22:53.830  2691  2691 I sh      : 	"castVersion" : null,
04-09 16:22:53.830  2969  2999 E otamanager: OTA:error string =  No update available
04-09 16:22:53.830  2691  2691 I sh      : 	"crc" : null,
04-09 16:22:53.830  2691  2691 I sh      : 	"errorCode" : 1001,
04-09 16:22:53.830  2691  2691 I sh      : 	"errorString" : "No update available",
04-09 16:22:53.830  2691  2691 I sh      : 	"forceUpgrade" : true,
04-09 16:22:53.830  2691  2691 I sh      : 	"mcuOnlyUpdate" : false,
04-09 16:22:53.830  2691  2691 I sh      : 	"otapackage" : null,
04-09 16:22:53.830  2691  2691 I sh      : 	"url" : null,
04-09 16:22:53.830  2691  2691 I sh      : 	"version" : null
04-09 16:22:53.831  2969  2999 I otamanager: Firmware Update State Change from CheckUpdate to Idle
04-09 16:22:53.831  3084  3084 I cast_shell: [system_updater_dummy.cpp(132)] CheckUpdate 132 no new version
04-09 16:22:53.831  3084  3084 I cast_shell: [3087:3150:INFO:update_engine_client_with_system_updater.cc(226)] No system force update, error_code=0
04-09 16:22:47.393  2732  2746 I chatty  : uid=0(root) /bin/net_mgr identical 2 lines
04-09 16:22:47.683  2732  2746 I NetworkMonitor: turn off power-save
04-09 16:22:53.833  2732  2746 I HotspotManager: hotspot stop
04-09 16:22:53.833  2732  2746 I HotspotManager: stop dnsmasq
04-09 16:22:53.833  3166  3166 I dnsmasq : exiting on receipt of SIGTERM
04-09 16:22:53.834  3084  3084 I cast_shell: [3087:3126:INFO:setup_state.cc(261)] Setup state changed: SETUP_STATE_CONNECTED_WIFI_NOT_SAVED (61) -> SETUP_STATE_CONNECTED (60)
04-09 16:22:53.834  3084  3084 I cast_shell: [3087:3126:INFO:setup_manager_impl.cc(1019)] Setup discoverability is disabled
04-09 16:22:53.834  3084  3084 I cast_shell: [3087:3126:INFO:ble_setup_manager.cc(758)] Clearing setup read attributes
04-09 16:22:53.834  3084  3084 I cast_shell: [3087:3126:INFO:gatt_client_manager_impl.cc(202)] Enabling GATT client connectability
04-09 16:22:53.834  3084  3084 I cast_shell: [3087:3126:INFO:ble_setup_manager.cc(620)] Stopped Bluetooth service
04-09 16:22:53.834  3084  3084 I cast_shell: [3087:3126:INFO:ble_setup.cc(423)] BLE setup stopped.
04-09 16:22:53.845  3084  3084 I cast_shell: [3087:3136:INFO:mdns_cast_service.cc(351)] Device discovery state is idle
04-09 16:22:53.845  3084  3084 I cast_shell: [3087:3087:INFO:ble_discovery_controller.cc(121)] Starting BLE discovery
04-09 16:22:53.845  3084  3084 I cast_shell: [3087:3136:INFO:mdns_util.cc(102)] Defaulting mDNS capabilities for audio-only build
04-09 16:22:53.845  3084  3084 I cast_shell: [3087:3126:INFO:gatt_client_manager_impl.cc(202)] Enabling GATT client connectability
04-09 16:22:53.845  3084  3084 I chatty  : uid=1000(chrome) /bin/logwrapper identical 1 line
04-09 16:22:53.845  3084  3084 I cast_shell: [3087:3126:INFO:gatt_client_manager_impl.cc(202)] Enabling GATT client connectability
04-09 16:22:53.845  3084  3084 I cast_shell: [3087:3126:INFO:ble_setup_manager.cc(744)] Started Bluetooth service
04-09 16:22:53.845  2963  3162 I LibreCastControlDelegate: OnCastStatus() +++ Attic speaker:0xab80e198:READY_TO_CAST
04-09 16:22:53.846  2963  3162 I LibreCastControlDelegate: Cast Device Name -> 'Attic speaker'
04-09 16:22:53.846  2963  3162 I librecast: OldFriendlyName '' & New name change By Cast 'Attic speaker' isfirstbootup 56 m_updatedonebyluci 95
04-09 16:22:53.846  2963  3162 I librecast:  Difference in FriendlyName notify all  
04-09 16:22:53.846  2963  3162 I LibreCastControl: LibreCastControl_SetCastName()  name 'Attic speaker' RequestId '6' pCastControl 0xf4900728
04-09 16:22:53.846  2712  2718 I lucitransport: writeRemoteMessage() MID = 90 buffer = Attic speaker
04-09 16:22:53.847  2712  2718 I luciUART: write() MID = 90  bytes = 23 data = Attic speaker m_fd = 0x6
04-09 16:22:53.847  2712  2718 I lucitransport: writeLocalMessage() MID = 90 buffer = Attic speaker
04-09 16:22:53.847  2712  2722 E LUCI_SERVER: Luci Server Thread wait over MID 90....
04-09 16:22:53.849  2963  3162 I LibreCastControlDelegate: Device Build Number -> '1.52.272222'
04-09 16:22:53.858  3084  3084 I cast_shell: [3087:3087:INFO:device_info_impl.cc(1133)] SSDP Config ID is increased: id=6
04-09 16:22:53.859  3084  3084 I cast_shell: [3087:3136:INFO:mdns_util.cc(102)] Defaulting mDNS capabilities for audio-only build
04-09 16:22:53.860  3084  3084 I cast_shell: [3087:3087:INFO:ccs_manager_impl.cc(1842)] Postponing device name update while registering
04-09 16:22:53.860  2963  3162 I LibreCastControlDelegate: OnCastStatus() +++ Attic speaker:0xab80e198:READY_TO_CAST
04-09 16:22:53.864  3084  3084 I cast_shell: [3087:3087:INFO:mdns_manager_impl.cc(429)] Successfully updated service: type=_googlecast
04-09 16:22:53.864  3084  3084 I cast_shell: [3087:3087:INFO:virtual_device.cc(296)] Updated mDNS service for virtual device: id=db5ccafd-8477-a959-47cb-cabc3caf3ae4
04-09 16:22:53.865  2963  3162 I LibreCastControlDelegate: OnResponse() ReqeustID 7, error  0
04-09 16:22:53.865  2735  2765 I bluetoothtbd: [0409/035253.865896:INFO:adapter.cc(551)] Adapter properties changed
04-09 16:22:53.866  2735  2765 I bluetoothtbd: [0409/035253.866051:INFO:adapter.cc(573)] Adapter name changed
04-09 16:22:53.866  3084  3084 I cast_shell: [3087:3126:INFO:bluetooth_manager.cc(1232)] [PII] Set device name to 'Attic speaker'
04-09 16:22:53.870  3084  3084 I cast_shell: [3087:3087:INFO:device_info_impl.cc(1133)] SSDP Config ID is increased: id=7
04-09 16:22:53.870  3084  3084 I cast_shell: [3087:3136:INFO:mdns_util.cc(102)] Defaulting mDNS capabilities for audio-only build
04-09 16:22:53.871  3084  3084 I cast_shell: [3087:3087:INFO:ccs_manager_impl.cc(1842)] Postponing device name update while registering
04-09 16:22:53.872  2963  3162 I LibreCastControlDelegate: OnCastStatus() +++ Attic speaker:0xab80e198:READY_TO_CAST
04-09 16:22:53.872  3084  3084 I cast_shell: [3087:3087:INFO:mdns_manager_impl.cc(429)] Successfully updated service: type=_googlecast
04-09 16:22:53.873  3084  3084 I cast_shell: [3087:3087:INFO:virtual_device.cc(296)] Updated mDNS service for virtual device: id=db5ccafd-8477-a959-47cb-cabc3caf3ae4
04-09 16:22:53.874  2963  3162 I LibreCastControlDelegate: Cast Device Name -> 'Attic speaker'
04-09 16:22:53.874  2963  3162 I librecast: OldFriendlyName '' & New name change By Cast 'Attic speaker' isfirstbootup 56 m_updatedonebyluci 95
04-09 16:22:53.874  2963  3162 I librecast:  Difference in FriendlyName notify all  
04-09 16:22:53.874  2963  3162 I LibreCastControl: LibreCastControl_SetCastName()  name 'Attic speaker' RequestId '8' pCastControl 0xf4900728
04-09 16:22:53.874  2712  2720 I lucitransport: writeRemoteMessage() MID = 90 buffer = Attic speaker
04-09 16:22:53.874  2712  2720 I luciUART: write() MID = 90  bytes = 23 data = Attic speaker m_fd = 0x6
04-09 16:22:53.875  2712  2720 I lucitransport: writeLocalMessage() MID = 90 buffer = Attic speaker
04-09 16:22:53.875  2963  3162 I LibreCastControlDelegate: Device Build Number -> '1.52.272222'
04-09 16:22:53.875  2963  3162 I librecast: updateCastBuildVersion() Version 1.52.272222
04-09 16:22:53.875  2712  2720 I lucitransport: readRemoteMessage() MID char = 7 buffer = 1.52.272222
04-09 16:22:53.877  2963  3162 I LibreCastControlDelegate: OnResponse() ReqeustID 8, error  0
04-09 16:22:53.878  2735  2765 I bluetoothtbd: [0409/035253.878052:INFO:adapter.cc(551)] Adapter properties changed
04-09 16:22:53.884  3084  3084 I cast_shell: [3087:3087:INFO:ccs_manager_impl.cc(1842)] Postponing device name update while registering
04-09 16:22:53.884  3084  3084 I cast_shell: [3087:3136:INFO:mdns_util.cc(102)] Defaulting mDNS capabilities for audio-only build
04-09 16:22:53.884  2691  2691 I sh      : MessageBoxChanged() MID '90'
04-09 16:22:53.885  2963  3012 I librecast: MessageBoxAlert() Msg = 90 remoteID = 16 
04-09 16:22:53.885  3084  3084 I cast_shell: [3087:3087:INFO:mdns_manager_impl.cc(429)] Successfully updated service: type=_googlecast
04-09 16:22:53.885  3084  3084 I cast_shell: [3087:3087:INFO:virtual_device.cc(296)] Updated mDNS service for virtual device: id=db5ccafd-8477-a959-47cb-cabc3caf3ae4
04-09 16:22:53.885  2712  2722 I lucitransport: readRemoteMessage() MID char = 90 buffer = Attic speaker
04-09 16:22:53.885  2963  3012 I LibreCastControl: LibreCastControl_SetCastName()  name 'Attic speaker' RequestId '9' pCastControl 0xf4900728
04-09 16:22:53.885  2963  3012 E librecast: MessageBoxAlert() friendlyname Attic speaker
04-09 16:22:53.889  2966  2996 E Spotify-Player: Change Spotify Device name
04-09 16:22:53.900  3084  3084 I cast_shell: [3087:3087:INFO:device_info_impl.cc(1133)] SSDP Config ID is increased: id=9
04-09 16:22:53.900  2966  2997 I SPOTIFY : ConnectionNotify event(0-Login, 1-Logout, rest Error) = 6 
04-09 16:22:53.900  2966  2997 E SPOTIFY : Device Name change new name = Attic speaker
04-09 16:22:53.900  2966  2997 E SPOTIFY : err = 0 
04-09 16:22:53.902  3084  3084 I cast_shell: [3087:3136:INFO:mdns_util.cc(102)] Defaulting mDNS capabilities for audio-only build
04-09 16:22:53.903  3084  3084 I cast_shell: [3087:3087:INFO:ccs_manager_impl.cc(1842)] Postponing device name update while registering
04-09 16:22:53.904  3084  3084 I cast_shell: [3087:3087:INFO:mdns_manager_impl.cc(429)] Successfully updated service: type=_googlecast
04-09 16:22:53.904  3084  3084 I cast_shell: [3087:3087:INFO:virtual_device.cc(296)] Updated mDNS service for virtual device: id=db5ccafd-8477-a959-47cb-cabc3caf3ae4
04-09 16:22:53.904  2963  3162 I LibreCastControlDelegate: OnCastStatus() +++ Attic speaker:0xab80e198:READY_TO_CAST
04-09 16:22:53.906  2963  3162 I LibreCastControlDelegate: Cast Device Name -> 'Attic speaker'
04-09 16:22:53.906  2963  3162 I librecast: OldFriendlyName 'Attic speaker' & New name change By Cast 'Attic speaker' isfirstbootup 56 m_updatedonebyluci 0
04-09 16:22:53.906  2963  3162 I LibreCastControlDelegate: Device Build Number -> '1.52.272222'
04-09 16:22:53.906  2963  3162 I librecast: updateCastBuildVersion() Version 1.52.272222
04-09 16:22:53.906  2712  2720 I lucitransport: readRemoteMessage() MID char = 7 buffer = 1.52.272222
04-09 16:22:53.907  2963  3162 I LibreCastControlDelegate: Active Applications -> 0
04-09 16:22:53.907  2963  3162 I LibreCastControlDelegate: Current Cast State '6' -> 'READY_TO_CAST'
04-09 16:22:53.907  2963  3162 I LibreCastControlDelegate: OnCastStatus() ---
04-09 16:22:53.924  2691  2691 I sh      : MessageBoxAlert() MID 90 
04-09 16:22:53.924  2691  2691 I sh      : MessageBoxChanged() MID '90'
04-09 16:22:53.925  2963  3012 I librecast: MessageBoxAlert() Msg = 90 remoteID = 16 
04-09 16:22:53.925  2712  2722 I lucitransport: readRemoteMessage() MID char = 90 buffer = Attic speaker
04-09 16:22:53.925  2963  3012 I LibreCastControl: LibreCastControl_SetCastName()  name 'Attic speaker' RequestId '10' pCastControl 0xf4900728
04-09 16:22:53.925  2963  3012 E librecast: MessageBoxAlert() friendlyname Attic speaker
04-09 16:22:53.925  2963  3012 I LibreCastControl: MessageBoxAlert() messageBoxID 90
04-09 16:22:53.928  2735  2765 I bluetoothtbd: [0409/035253.928366:INFO:adapter.cc(551)] Adapter properties changed
04-09 16:22:53.928  2735  2765 I bluetoothtbd: [0409/035253.928518:INFO:adapter.cc(573)] Adapter name changed
04-09 16:22:53.929  3084  3084 I cast_shell: [3087:3126:INFO:bluetooth_manager.cc(1232)] [PII] Set device name to 'Attic speaker'
04-09 16:22:53.930  3084  3084 I cast_shell: [3087:3087:INFO:device_info_impl.cc(1133)] SSDP Config ID is increased: id=10
04-09 16:22:53.931  3084  3084 I cast_shell: [3087:3087:INFO:ccs_manager_impl.cc(1842)] Postponing device name update while registering
04-09 16:22:53.933  2966  2996 E Spotify-Player: Change Spotify Device name
04-09 16:22:53.933  2712  2722 E LUCI_SERVER: Luci Server Thread wait over MID 90....
04-09 16:22:53.933  2962  2972 D wac-main: Netlink event
04-09 16:22:53.934  2962  2972 E wac-main: Netlink event 21 Interface Index 6 
04-09 16:22:53.934  2962  2972 E wac-main: Enter poll and wait
04-09 16:22:53.934  2711  2724 I yani_kernel: yani_geteventfrom_changeaddr() Message-Id '1' Netlink event '21' Interface Index '6' -> Name 'p2p0' 
04-09 16:22:53.934  2788  2788 I dnsmasq : reading /etc/resolv.conf
04-09 16:22:53.934  2788  2788 I dnsmasq : using nameserver 8.8.4.4#53
04-09 16:22:53.934  2788  2788 I dnsmasq : using nameserver 192.168.1.1#53
04-09 16:22:53.934  2788  2788 I dnsmasq : using nameserver 192.168.50.1#53
04-09 16:22:53.934  2788  2788 I dnsmasq : using nameserver 8.8.8.8#53
04-09 16:22:53.939  2732  2746 I HotspotManager: stop hostapd
04-09 16:22:53.939  3164  3164 I hostapd : p2p0: STA 82:2e:ba:97:5a:92 IEEE 802.11: Disconnected, caller:ap_free_sta
04-09 16:22:53.940  2711  2724 I yani_server: NetLink Event '5' Interface-Index '6' WLAN '-1' Ethernet '-1' Parsed-iFill '5' -> 'P2P0 DISCONNECTED' ifIndex '2' -> 'tunl0'
04-09 16:22:53.943  2711  2815 I yani_server: onNetworkParametersChanged() WAC Mode '0'  Index '2' Interface 'p2p0' Status '0'
04-09 16:22:53.943  2963  3162 I LibreCastControlDelegate: Cast Device Name -> 'Attic speaker'
04-09 16:22:53.943  2963  3162 I librecast: OldFriendlyName 'Attic speaker' & New name change By Cast 'Attic speaker' isfirstbootup 56 m_updatedonebyluci 0
04-09 16:22:53.943  2963  3162 I LibreCastControlDelegate: Device Build Number -> '1.52.272222'
04-09 16:22:53.943  2963  3162 I librecast: updateCastBuildVersion() Version 1.52.272222
04-09 16:22:53.943  2730  2730 E AirableUIHelper: AirableUIHelper::YaniAlert  3 0 
04-09 16:22:53.943  2712  2712 I lucitransport: readRemoteMessage() MID char = 7 buffer = 1.52.272222
04-09 16:22:53.943  2963  3162 I LibreCastControlDelegate: Active Applications -> 0
04-09 16:22:53.943  2963  3162 I LibreCastControlDelegate: Current Cast State '6' -> 'READY_TO_CAST'
04-09 16:22:53.948  2712  2712 I lucitransport: writeRemoteMessage() MID = 124 buffer = 1#1,1#2,0#3,0#4,0
04-09 16:22:53.948  2712  2712 I luciUART: write() MID = 124  bytes = 27 data = 1#1,1#2,0#3,0#4,0 m_fd = 0x6
04-09 16:22:53.948  2969  2991 I otamanager: YaniAlert() Interface 3 Status Down
04-09 16:22:53.955  2966  2997 E SPOTIFY : Device Name change new name = Attic speaker
04-09 16:22:53.955  2966  2997 E SPOTIFY : err = 0 
04-09 16:22:53.955  2712  2721 E luciUART: UART:aa
04-09 16:22:53.955  2712  2721 E luciUART: UART:aa
04-09 16:22:53.955  2712  2721 E luciUART: UART:2
04-09 16:22:53.955  2712  2721 E luciUART: UART:0
04-09 16:22:53.955  2712  2721 E luciUART: UART:d0
04-09 16:22:53.956  2712  2721 E luciUART: UART:0
04-09 16:22:53.956  2712  2721 I chatty  : uid=0(root) UARTLUCIControl identical 2 lines
04-09 16:22:53.956  2712  2721 E luciUART: UART:0
04-09 16:22:53.956  2712  2721 E luciUART: UART:9
04-09 16:22:53.956  2712  2721 I luciUART: read() RemoteID = 43690 Command = 208 Type = 2 Status = 0 DataLen = 9
04-09 16:22:53.956  2712  2721 E luciUART: Error: full data not available yet! readBytes 0
04-09 16:22:53.956  2712  2721 I luciUART: Previous Packet read contd., 
04-09 16:22:53.956  2712  2721 E luciUART: UART:52
04-09 16:22:53.956  2712  2721 I luciUART: Previous Packet read contd., 
04-09 16:22:53.957  2712  2721 E luciUART: UART:45
04-09 16:22:53.957  2712  2721 I luciUART: Previous Packet read contd., 
04-09 16:22:53.957  2712  2721 E luciUART: UART:41
04-09 16:22:53.957  2712  2721 I luciUART: Previous Packet read contd., 
04-09 16:22:53.957  2712  2721 E luciUART: UART:44
04-09 16:22:53.957  2712  2721 I luciUART: Previous Packet read contd., 
04-09 16:22:53.957  2712  2721 E luciUART: UART:5f
04-09 16:22:53.957  2712  2721 I luciUART: Previous Packet read contd., 
04-09 16:22:53.957  2712  2721 E luciUART: UART:73
04-09 16:22:53.957  2712  2721 E luciUART: UART:73
04-09 16:22:53.957  2712  2721 I luciUART: Previous Packet read contd., 
04-09 16:22:53.957  2712  2721 E luciUART: UART:69
04-09 16:22:53.957  2712  2721 I luciUART: Previous Packet read contd., 
04-09 16:22:53.957  2712  2721 E luciUART: UART:64
04-09 16:22:53.979  2691  2691 I sh      : MessageBoxAlert() MID 90 
04-09 16:22:53.979  2963  3012 I librecast: MessageBoxAlert() Msg = 90 remoteID = 16 
04-09 16:22:53.979  2691  2691 I sh      : MessageBoxChanged() MID '90'
04-09 16:22:53.979  2712  2722 I lucitransport: readRemoteMessage() MID char = 90 buffer = Attic speaker
04-09 16:22:53.979  2963  3012 I LibreCastControl: LibreCastControl_SetCastName()  name 'Attic speaker' RequestId '11' pCastControl 0xf4900728
04-09 16:22:53.979  2963  3012 E librecast: MessageBoxAlert() friendlyname Attic speaker
04-09 16:22:53.979  2963  3012 I LibreCastControl: MessageBoxAlert() messageBoxID 90
04-09 16:22:53.980  2962  2972 D wac-main: Netlink event
04-09 16:22:53.980  2962  2972 E wac-main: Netlink event 16 Interface Index 6 
04-09 16:22:53.980  2962  2972 E wac-main: p2p0 event Link Changed : 1003 
04-09 16:22:53.980  2962  2972 E wac-main: p2p0 Changed down
04-09 16:22:53.980  2962  2972 E wac-main: wlan0 IP : 192.168.1.145
04-09 16:22:53.981  2711  2724 I yani_kernel: yani_geteventfrom_changeaddr() Message-Id '1' Netlink event '16' Interface Index '6' -> Name 'p2p0' 
04-09 16:22:53.982  2963  3162 I LibreCastControlDelegate: OnResponse() ReqeustID 11, error  0
04-09 16:22:53.985  3084  3084 I cast_shell: [3087:3126:INFO:bluetooth_manager.cc(1232)] [PII] Set device name to 'Attic speaker'
04-09 16:22:53.985  2966  2996 E Spotify-Player: Change Spotify Device name
04-09 16:22:53.987  2966  2997 E SPOTIFY : Device Name change new name = Attic speaker
04-09 16:22:53.987  2966  2997 E SPOTIFY : err = 0 
04-09 16:22:53.988  2712  2722 E LUCI_SERVER: Luci Server Thread wait over MID 208....
04-09 16:22:53.988  2712  2722 E LUCI_SERVER: Got NV name : ssid
04-09 16:22:53.990  2712  2722 I luciUART: write() MID = 208  bytes = 30 data = ssid:Linksys16717_2G m_fd = 0x6
04-09 16:22:53.990  2712  2722 E LUCI_SERVER: NV_READ response= ssid:Linksys16717_2G
04-09 16:22:53.990  2712  2722 E LUCI_SERVER: Luci Server Thread waiting for packets....
04-09 16:22:53.991  2962  2972 E wac-main: Enter poll and wait
04-09 16:22:53.991  3084  3084 I cast_shell: [3087:3087:INFO:device_info_impl.cc(1133)] SSDP Config ID is increased: id=11
04-09 16:22:53.993  3084  3084 I cast_shell: [3087:3087:INFO:ccs_manager_impl.cc(1842)] Postponing device name update while registering
04-09 16:22:53.993  3084  3084 I cast_shell: [3087:3136:INFO:mdns_util.cc(102)] Defaulting mDNS capabilities for audio-only build
04-09 16:22:53.993  2963  3162 I LibreCastControlDelegate: OnCastStatus() +++ Attic speaker:0xab80e198:READY_TO_CAST
04-09 16:22:53.994  3084  3084 I cast_shell: [3087:3087:INFO:mdns_manager_impl.cc(429)] Successfully updated service: type=_googlecast
04-09 16:22:53.994  3084  3084 I cast_shell: [3087:3087:INFO:virtual_device.cc(296)] Updated mDNS service for virtual device: id=db5ccafd-8477-a959-47cb-cabc3caf3ae4
04-09 16:22:53.995  2963  3162 I LibreCastControlDelegate: Cast Device Name -> 'Attic speaker'
04-09 16:22:53.995  2963  3162 I librecast: OldFriendlyName 'Attic speaker' & New name change By Cast 'Attic speaker' isfirstbootup 56 m_updatedonebyluci 0
04-09 16:22:53.995  2963  3162 I LibreCastControlDelegate: Device Build Number -> '1.52.272222'
04-09 16:22:53.995  2963  3162 I librecast: updateCastBuildVersion() Version 1.52.272222
04-09 16:22:53.996  2712  2712 I lucitransport: readRemoteMessage() MID char = 7 buffer = 1.52.272222
04-09 16:22:53.996  2963  3162 I LibreCastControlDelegate: Active Applications -> 0
04-09 16:22:53.996  2963  3162 I LibreCastControlDelegate: Current Cast State '6' -> 'READY_TO_CAST'
04-09 16:22:53.996  2963  3162 I LibreCastControlDelegate: OnCastStatus() ---
04-09 16:22:54.011  3084  3084 I cast_shell: [3087:3126:INFO:ble_setup.cc(789)] Missing required info for sign.
04-09 16:22:54.016  3084  3084 I cast_shell: [3087:3126:INFO:gatt_client_manager_impl.cc(202)] Enabling GATT client connectability
04-09 16:22:54.016  3084  3084 I cast_shell: [3087:3126:INFO:ble_setup.cc(915)] Sign related info completed, no future EurekaInfo need sign.
04-09 16:22:54.040  2732  2746 E WifiUtil: Setting interface p2p0 down.
04-09 16:22:54.041  2711  2724 I yani_kernel: yani_geteventfrom_changeaddr() Message-Id '1' Netlink event '16' Interface Index '6' -> Name 'p2p0' 
04-09 16:22:54.041  2962  2972 D wac-main: Netlink event
04-09 16:22:54.041  2962  2972 E wac-main: Netlink event 16 Interface Index 6 
04-09 16:22:54.041  2962  2972 E wac-main: p2p0 event Link Changed : 1002 
04-09 16:22:54.041  2962  2972 E wac-main: Enter poll and wait
04-09 16:22:54.521  3084  3084 I cast_shell: [3087:3126:INFO:metrics_recorder.cc(282)] Record action: Setup.state.BLE
04-09 16:22:55.586  2735  2813 W bt_btif : bta_gattc_conn_cback() - cif=3 connected=0 conn_id=3 reason=0x0013
04-09 16:22:55.586  2735  2813 W bt_btif : bta_gattc_conn_cback() - cif=4 connected=0 conn_id=4 reason=0x0013
04-09 16:22:55.586  2735  2813 W bt_btif : bta_gattc_conn_cback() - cif=6 connected=0 conn_id=6 reason=0x0013
04-09 16:22:55.587  2735  2813 I bt_btm_sec: btm_sec_disconnected clearing pending flag handle:128 reason:19
04-09 16:22:55.588  3084  3084 I cast_shell: [3087:3126:ERROR:bluetooth_v1_via_v2.cc(796)] Connection state changed. :c6 false
04-09 16:22:55.589  2735  2765 W bt_btif : btif_av_move_idle: ACL Disconnected state 0 bd_addr=71:3d:f8:fc:bb:c6 peer_bda=00:00:00:00:00:00
04-09 16:22:55.589  2735  2765 I bluetoothtbd: [0409/035255.589328:INFO:adapter.cc(719)] ACL state changed: 71:3D:F8:FC:BB:C6 - connected: false
04-09 16:22:55.854  3084  3084 I cast_shell: [3087:3136:INFO:mdns_app_filter.cc(1526)] MdnsAppFilter: Done announcing.
04-09 16:22:55.889  2965  3491 I airplay_v2_0_6: 2022-04-09 16:22:55.888906 [AirPlayDemo] AirPlayDemoServerCopyProperty Password is <<NULL>>
04-09 16:22:55.890  2712  2712 I lucitransport: readRemoteMessage() MID char = 90 buffer = Attic speaker
04-09 16:22:55.891  2965  3466 I airplay_v2_0_6: 2022-04-09 16:22:55.891625 [AirPlay] Registering Bonjour _airplay._tcp. port 7000
04-09 16:22:55.893  2965  3491 I airplay_v2_0_6: 2022-04-09 16:22:55.893557 [AirPlayDemo] AirPlayDemoServerCopyProperty Password is <<NULL>>
04-09 16:22:55.895  2965  3491 I airplay_v2_0_6: 2022-04-09 16:22:55.895543 [AirPlayDemo] AirPlayDemoServerCopyProperty Password is <<NULL>>
04-09 16:22:55.896  2712  2712 I lucitransport: readRemoteMessage() MID char = 90 buffer = Attic speaker
04-09 16:22:55.897  2965  3466 I airplay_v2_0_6: 2022-04-09 16:22:55.897448 [AirPlay] Registering Bonjour CC909321F384@Attic speaker._raop._tcp. port 7000
04-09 16:22:56.097  3084  3084 I cast_shell: [3087:3087:INFO:cast_system_memory_pressure_evaluator.cc(179)] ConfigRelaxMemoryPressureThresholds, 0.1, 0.2
04-09 16:22:56.101  3084  3084 I cast_shell: [3087:3136:INFO:mdns_app_filter.cc(2645)] MdnsAppFilter: responses sent in 152 seconds: 1
04-09 16:22:56.105  3084  3084 I cast_shell: [3494:3494:INFO:cast_content_renderer_client_internal.cc(83)] Render process started.
04-09 16:22:56.108  3084  3084 I cast_shell: [3087:3137:INFO:metrics_recorder.cc(282)] Cast v2 action(socket_id=db5ccafd-8477-a959-47cb-cabc3caf3ae4.2): CastV2.Connection.Connect.In
04-09 16:22:56.109  3084  3084 I cast_shell: [3087:3126:INFO:setup_namespace_handler.cc(94)] Added a peer for setup namespace: db5ccafd-8477-a959-47cb-cabc3caf3ae4.2:gms_cast_prober-1
04-09 16:22:56.111  3084  3084 I cast_shell: [3087:3126:INFO:setup_state.cc(544)] EurekaInfoCalled: wifi_state=10, is_usable_ip_address=1, connected=1, is_initial_setup=0
04-09 16:22:56.115  3084  3084 I cast_shell: [3087:3137:INFO:v2_transport.cc(458)] Added Cast V2 endpoint: id=ebd4d3b4-cf94-49c2-9b13-821af76c5546, socket_factory_id=[PII](db5ccafd-8477-a959-47cb-cabc3caf3ae4)
04-09 16:22:56.115  3084  3084 I cast_shell: [3087:3087:INFO:application_manager_impl.cc(1417)] Starting background app: CC1AD845 (Default Media Receiver), session_id=ebd4d3b4-cf94-49c2-9b13-821af76c5546
04-09 16:22:56.116  3084  3084 I cast_shell: [3087:3087:INFO:cast_media_blocker.cc(43)] UpdatePlayingState media_loading_blocked=1 media_starting_blocked=0 suspended=1 controllable=0 paused_by_user=1
04-09 16:22:56.116  3084  3084 I cast_shell: [3087:3087:INFO:application_message_handler.cc(1747)] Scheduling IpcTimerCheck
04-09 16:22:56.117  3084  3084 I cast_shell: [3087:3087:INFO:application_manager_impl.cc(1565)] App starting: CC1AD845 (Default Media Receiver), session_id=ebd4d3b4-cf94-49c2-9b13-821af76c5546
04-09 16:22:56.117  3084  3084 I cast_shell: [3087:3136:INFO:mdns_util.cc(102)] Defaulting mDNS capabilities for audio-only build
04-09 16:22:56.118  3084  3084 I cast_shell: [3087:3087:INFO:application_identification_settings.cc(410)] new ApplicationIdentificationSettings session_id: ebd4d3b4-cf94-49c2-9b13-821af76c5546 app_id: CC1AD845 flags: 0 headers: 0
04-09 16:22:56.121  3084  3084 I cast_shell: [3087:3087:INFO:cast_media_blocker.cc(81)] MediaSessionInfoChanged media_loading_blocked=1 media_starting_blocked=0 is_suspended=1 is_controllable=0 paused_by_user=1
04-09 16:22:56.128  3084  3084 I cast_shell: [3087:3087:INFO:web_application.cc(817)] [ebd4d3b4] Supported bitstream audio codecs info: [codecs]None[spatial_rendering]None
04-09 16:22:56.129  3084  3084 I cast_shell: [3087:3087:INFO:cast_web_contents_impl.cc(242)] Load url: https://www.gstatic.com/cast/sdk/default_receiver/dogfood/app.html?skin=https://www.gstatic.com/eureka/player/0000/skins/cast/skin.css
04-09 16:22:56.130  3084  3084 I cast_shell: [3087:3087:INFO:cast_content_browser_client_internal.cc(975)] Disabling images support for application: CC1AD845
04-09 16:22:56.139  3084  3084 I cast_shell: [3087:3087:INFO:web_application.cc(991)] [ebd4d3b4] Page state changed: app=CC1AD845 page_state=LOADING
04-09 16:22:56.143  3084  3084 I cast_shell: [3087:3087:INFO:cast_renderer_oom_adj_manager.cc(82)] Registering renderer 3494
04-09 16:22:56.143  3084  3084 I cast_shell: [3087:3087:INFO:web_application.cc(585)] [ebd4d3b4] Updating app visibility to hidden for background mode.
04-09 16:22:56.143  3084  3084 I cast_shell: [3087:3087:INFO:application_manager_impl.cc(1579)] App pending: CC1AD845 (Default Media Receiver), session_id=ebd4d3b4-cf94-49c2-9b13-821af76c5546
04-09 16:22:56.143  3084  3084 I cast_shell: [3087:3136:INFO:mdns_util.cc(102)] Defaulting mDNS capabilities for audio-only build
04-09 16:22:56.143  3084  3084 I cast_shell: [3087:3097:INFO:cast_renderer_oom_adj_manager.cc(90)] Adjusting OOM score for renderer(3494) to 400
04-09 16:22:56.143  3084  3084 I cast_shell: [3087:3087:INFO:mdns_util.cc(102)] Defaulting mDNS capabilities for audio-only build
04-09 16:22:56.143  3084  3084 I cast_shell: [3087:3097:WARNING:cast_renderer_oom_adj_manager.cc(92)] OOM score adjustment failed for renderer(3494)
04-09 16:22:56.143  3084  3084 I cast_shell: [3087:3087:INFO:mdns_util.cc(102)] Defaulting mDNS capabilities for audio-only build
04-09 16:22:56.152  3084  3084 I cast_shell: [3087:3087:INFO:metrics_recorder.cc(282)] cast event: Cloud.Transport.Https.Register.Out.Success
04-09 16:22:56.152  3084  3084 I cast_shell: [3087:3087:WARNING:ccs_transport_util.cc(409)] Auth info absent from the config reply from CCS.
04-09 16:22:56.152  3084  3084 I cast_shell: [3087:3087:WARNING:ccs_transport_util.cc(313)] Missing SensingSettings in the CCS config.
04-09 16:22:56.152  3084  3084 I cast_shell: [3087:3087:INFO:metrics_recorder.cc(282)] cast event: Cloud.Transport.Https.Config.In
04-09 16:22:56.153  3084  3084 I cast_shell: [3087:3087:INFO:ccs_manager_impl.cc(1150)] Handling CONFIG message from CCS.
04-09 16:22:56.153  3084  3084 I cast_shell: [3087:3087:INFO:ccs_manager_impl.cc(1151)] [PII] device_id=75EE796C8FD9B29B5EE32CB5BE677F56
04-09 16:22:56.153  3084  3084 I cast_shell: [3087:3087:INFO:metrics_recorder.cc(282)] Record action: Cloud.Transport.Https.LinkedStatus.NotLinked
04-09 16:22:56.153  3084  3084 I cast_shell: [3087:3087:INFO:structure_info_from_home_graph.cc(53)] received config from home graph. Will use it: 1
04-09 16:22:56.153  3084  3084 I cast_shell: [3087:3087:INFO:structure_info_from_home_graph.cc(59)] Num devices in the structure: 0
04-09 16:22:56.153  3084  3084 I cast_shell: [3087:3087:INFO:ccs_heartbeat_listener.cc(56)] Setting heartbeat interval from CCS: 120000ms
04-09 16:22:56.156  3084  3084 I cast_shell: [3087:3095:INFO:heartbeat_manager.cc(306)] Set client HB: 120000
04-09 16:22:56.156  3084  3084 I cast_shell: [3087:3095:INFO:heartbeat_manager.cc(311)] ResettingConnection bc: 1680000
04-09 16:22:56.156  3084  3084 I cast_shell: [3087:3095:INFO:heartbeat_manager.cc(332)] ResetConnection: %d5
04-09 16:22:56.160  3084  3084 I cast_shell: [3087:3087:INFO:user_auth_impl.cc(267)] linked status: NOT_LINKED
04-09 16:22:56.160  3084  3084 I cast_shell: [3087:3087:INFO:robot_account_auth_manager.cc(320)] V1 AuthManager received a UpdateAuthToken request
04-09 16:22:56.160  3084  3084 I cast_shell: [3087:3087:INFO:ccs_transport_https.cc(1352)] No cloud settings in response
04-09 16:22:56.160  3084  3084 I cast_shell: [3087:3087:INFO:gcm_manager.cc(238)] GCM connection lost.
04-09 16:22:56.194  3084  3084 I cast_shell: [3494:3494:INFO:media_playback_options.cc(70)] Render frame actions are blocked.
04-09 16:22:56.225  3084  3084 I cast_shell: [3494:3494:INFO:media_playback_options.cc(70)] Render frame actions are blocked.
04-09 16:22:56.225  3084  3084 I cast_shell: [3494:3494:INFO:media_caps.cc(24)] ScreenResolutionChanged resolution=0x0
04-09 16:22:56.230  3084  3084 I cast_shell: [3494:3494:INFO:media_caps.cc(54)] ScreenInfoChanged HDCP version=0 Supported EOTFs=0 DolbyVision flags=0 Screen size(mm): 0x0 cur mode HDR=0 cur mode DV=0
04-09 16:22:56.280  3084  3084 I cast_shell: [3087:3137:INFO:v2_ssl_socket.cc(358)] Stop reading on pending closed socket
04-09 16:22:56.280  3084  3084 I cast_shell: [3087:3126:INFO:setup_namespace_handler.cc(104)] Removed a peer for setup namespace: db5ccafd-8477-a959-47cb-cabc3caf3ae4.2:gms_cast_prober-1
04-09 16:22:56.355  3084  3084 I cast_shell: [3087:3087:INFO:metrics_recorder.cc(282)] cast event: Cloud.Transport.Https.Register.Out.Success
04-09 16:22:56.355  3084  3084 I cast_shell: [3087:3087:INFO:ccs_manager_impl.cc(2485)] Succesfully registered with CCS
04-09 16:22:56.355  3084  3084 I cast_shell: [3087:3087:INFO:ccs_manager_impl.cc(2661)] Local device version is ahead of server; will attempt update
04-09 16:22:56.355  3084  3084 I cast_shell: [3087:3087:INFO:ccs_manager_impl.cc(1757)] Updating device info with CCS: message_id = bd841f10-3885-4892-acf5-7525fa0b1a0b
04-09 16:22:56.355  3084  3084 I cast_shell: [3087:3087:INFO:ccs_manager_impl.cc(1758)] [PII] CCS device_id = 75EE796C8FD9B29B5EE32CB5BE677F56 device_name = Attic speaker
04-09 16:22:56.363  3084  3084 I cast_shell: [3087:3087:WARNING:ccs_transport_util.cc(409)] Auth info absent from the config reply from CCS.
04-09 16:22:56.363  3084  3084 I cast_shell: [3087:3087:WARNING:ccs_transport_util.cc(313)] Missing SensingSettings in the CCS config.
04-09 16:22:56.363  3084  3084 I cast_shell: [3087:3087:INFO:metrics_recorder.cc(282)] cast event: Cloud.Transport.Https.Config.In
04-09 16:22:56.363  3084  3084 I cast_shell: [3087:3087:INFO:ccs_manager_impl.cc(1150)] Handling CONFIG message from CCS.
04-09 16:22:56.363  3084  3084 I cast_shell: [3087:3087:INFO:ccs_manager_impl.cc(1151)] [PII] device_id=75EE796C8FD9B29B5EE32CB5BE677F56
04-09 16:22:56.363  3084  3084 I cast_shell: [3087:3087:INFO:metrics_recorder.cc(282)] Record action: Cloud.Transport.Https.LinkedStatus.NotLinked
04-09 16:22:56.363  3084  3084 I cast_shell: [3087:3087:INFO:structure_info_from_home_graph.cc(53)] received config from home graph. Will use it: 1
04-09 16:22:56.363  3084  3084 I cast_shell: [3087:3087:INFO:structure_info_from_home_graph.cc(59)] Num devices in the structure: 0
04-09 16:22:56.363  3084  3084 I cast_shell: [3087:3087:INFO:ccs_heartbeat_listener.cc(56)] Setting heartbeat interval from CCS: 120000ms
04-09 16:22:56.363  3084  3084 I cast_shell: [3087:3087:INFO:user_auth_impl.cc(267)] linked status: NOT_LINKED
04-09 16:22:56.363  3084  3084 I cast_shell: [3087:3087:INFO:robot_account_auth_manager.cc(320)] V1 AuthManager received a UpdateAuthToken request
04-09 16:22:56.363  3084  3084 I cast_shell: [3087:3087:INFO:ccs_transport_https.cc(1352)] No cloud settings in response
04-09 16:22:56.364  3084  3084 I cast_shell: [3087:3087:INFO:metrics_recorder.cc(282)] cast event: Cloud.Transport.Https.Update.Out
04-09 16:22:56.922  3084  3084 I cast_shell: [3494:3494:INFO:cast_content_client.cc(103)] Active URL: https://www.gstatic.com/cast/sdk/default_receiver/dogfood/app.html?skin=https://www.gstatic.com/eureka/player/0000/skins/cast/skin.css&google_cast_bg=true for origin 'null'
04-09 16:22:56.933  3084  3084 I cast_shell: [3087:3087:INFO:cast_content_client.cc(103)] Active URL: https://www.gstatic.com/cast/sdk/default_receiver/dogfood/app.html?skin=https://www.gstatic.com/eureka/player/0000/skins/cast/skin.css&google_cast_bg=true for origin 'null [internally: (A4B44B211EE075ECEF15B7E066710664) anonymous]'
04-09 16:22:56.938  3084  3084 I cast_shell: [3087:3097:INFO:process_memory_recorder_utils.cc(43)] CC1AD845 using 38620kB memory
04-09 16:22:56.959  3084  3084 I cast_shell: [3494:3494:INFO:feature_manager.cc(174)] Enabling bindings: 
04-09 16:22:56.982  3084  3084 I cast_shell: [3494:3494:INFO:feature_manager.cc(174)] Enabling bindings: 
04-09 16:22:57.199  3084  3084 I cast_shell: [3087:3087:INFO:metrics_recorder.cc(282)] cast event: Cloud.Transport.Https.Update.Out.Success
04-09 16:22:57.200  3084  3084 I cast_shell: [3087:3087:INFO:ccs_manager_impl.cc(2569)] Successfully updated with CCS
04-09 16:22:57.843  3084  3084 I cast_shell: [3087:3087:INFO:CONSOLE(116)] Cast App (CC1AD845): " [  0.002s] [cast.receiver.IpcChannel] Opening platform websocket ", source: https://www.gstatic.com/cast/sdk/libs/caf_receiver/v3/cast_receiver_framework.js (116)
04-09 16:22:57.854  3084  3084 I cast_shell: [3494:3494:INFO:media_source_impl.cc(363)] isTypeSupported("video/mp4;codecs=hev1.2.4.L153.B0") -> false (not supported by HTMLMediaElement)
04-09 16:22:57.856  3084  3084 I cast_shell: [3494:3494:INFO:media_source_impl.cc(363)] isTypeSupported("video/mp4;codecs=dvhe.04.06") -> false (not supported by HTMLMediaElement)
04-09 16:22:57.856  3084  3084 I cast_shell: [3087:3087:INFO:CONSOLE(1162)] Cast App (CC1AD845): "canDisplayType(video/mp4; codecs=hev1.2.4.L153.B0; eotf=smpte2084): Codec not supported.", source:  (1162)
04-09 16:22:57.857  3084  3084 I cast_shell: [3087:3087:INFO:CONSOLE(1162)] Cast App (CC1AD845): "canDisplayType(video/mp4; codecs=dvhe.04.06): Codec not supported.", source:  (1162)
04-09 16:22:57.857  3084  3084 I cast_shell: [3494:3494:INFO:media_source_impl.cc(363)] isTypeSupported("audio/mp4;codecs=ec-3") -> false (not supported by HTMLMediaElement)
04-09 16:22:57.858  3084  3084 I cast_shell: [3087:3087:INFO:CONSOLE(1162)] Cast App (CC1AD845): "canDisplayType(audio/mp4; codecs=ec-3; spatialRendering=true): Codec not supported.", source:  (1162)
04-09 16:22:57.868  3084  3084 I cast_shell: [3494:0xb044dc80]     1711 ms: Scavenge 1.8 (1.9) -> 1.6 (2.4) MB, 4.9 / 0.1 ms  (average mu = 1.000, current mu = 1.000) allocation failure 
04-09 16:22:57.875  3084  3084 I cast_shell: [3087:3087:INFO:CONSOLE(739)] Cast App (CC1AD845): "Lit is in dev mode. Not recommended for production! See https://lit.dev/msg/dev-mode for more information.", source: https://www.gstatic.com/cast/sdk/libs/caf_receiver/v3/cast_receiver_framework.js (739)
04-09 16:22:57.882  3084  3084 I cast_shell: [3087:3087:INFO:CONSOLE(36)] Cast App (CC1AD845): "Unknown queryable value: log-level-cast-receiver", source:  (36)
04-09 16:22:57.992  3508  3508 E wac-main: WAC timeout cb
04-09 16:22:57.992  3508  3508 E wac-main: send wac api : a5a1
04-09 16:22:57.992  2962  2972 E wac-main: API event
04-09 16:22:57.992  2962  2972 E wac-main: msg : a5a1
04-09 16:22:57.992  2962  2972 E wac-main: msg : a5a1
04-09 16:22:57.992  2962  2972 E wac-main: Enter poll and wait
04-09 16:22:57.993  2962  3509 E wac-main: enter WACStartStopThread
04-09 16:22:57.993  2962  3509 E wac-main: WACStartStopThread() event -> 'wacstop' is WACServer? UP -> 'Yes' 
04-09 16:22:57.993  2962  3509 E WACSERVER: WACServerStop wait
04-09 16:22:57.993  2962  2977 E WACBONJOUR: RemoveWACBonjourService
04-09 16:22:57.995  2962  2977 I wifiapi : newconn : 0xf4f024e8
04-09 16:22:57.998  3084  3084 I cast_shell: [3087:3087:INFO:CONSOLE(836)] Cast App (CC1AD845): "CAST SDK CAF Version: 3.0.0103", source: https://www.gstatic.com/cast/sdk/libs/caf_receiver/v3/cast_receiver_framework.js (836)
04-09 16:22:58.020  2962  2972 D wac-main: Netlink event
04-09 16:22:58.020  2962  2972 E wac-main: Netlink event 16 Interface Index 7 
04-09 16:22:58.020  2962  2972 E wac-main: Enter poll and wait
04-09 16:22:58.020  2711  2724 I yani_kernel: yani_geteventfrom_changeaddr() Message-Id '1' Netlink event '16' Interface Index '7' -> Name 'p2p1' 
04-09 16:22:58.023  2732  2746 E CommandListener: Message not handled: unrecognized interface p2p1
04-09 16:22:58.023  2732  2746 W FrameworkListener: Handler 'Iface' error (Success)
04-09 16:22:58.023  3084  3084 I cast_shell: [3494:0xb044dc80]     1863 ms: Scavenge 2.3 (2.9) -> 2.1 (3.1) MB, 7.3 / 0.0 ms  (average mu = 1.000, current mu = 1.000) allocation failure 
04-09 16:22:58.038  2962  2972 D wac-main: Netlink event
04-09 16:22:58.038  2962  2972 E wac-main: Netlink event 16 Interface Index 7 
04-09 16:22:58.038  2962  2972 E wac-main: Enter poll and wait
04-09 16:22:58.038  2711  2724 I yani_kernel: yani_geteventfrom_changeaddr() Message-Id '1' Netlink event '16' Interface Index '7' -> Name 'p2p1' 
04-09 16:22:58.039  2732  2746 E CommandListener: Message not handled: unrecognized interface p2p1
04-09 16:22:58.039  2732  2746 W FrameworkListener: Handler 'Iface' error (Success)
