04-09 17:00:05.713  3085  3085 I cast_shell: [3088:3127:INFO:locale_manager.cc(539)] New time format: 24-hour
04-09 17:00:05.721  3085  3085 I cast_shell: [3088:3088:INFO:device_info_impl.cc(1133)] SSDP Config ID is increased: id=4
04-09 17:00:05.721  3085  3085 I cast_shell: [3088:3088:INFO:device_info_impl.cc(1133)] SSDP Config ID is increased: id=5
04-09 17:00:05.722  2734  2766 I bluetoothtbd: [0409/043005.722414:INFO:adapter.cc(551)] Adapter properties changed
04-09 17:00:05.722  2734  2766 I bluetoothtbd: [0409/043005.722568:INFO:adapter.cc(573)] Adapter name changed
04-09 17:00:05.729  3085  3085 I cast_shell: [3088:3127:INFO:bluetooth_manager.cc(1232)] [PII] Set device name to 'Attic speaker'
04-09 17:00:05.729  3085  3085 I cast_shell: [3088:3127:INFO:metrics_recorder.cc(282)] cast event: Cast.System.Timezone.ChangeSuccessful
04-09 17:00:05.732  2734  2766 I bluetoothtbd: [0409/043005.732382:INFO:adapter.cc(551)] Adapter properties changed
04-09 17:00:05.732  2734  2766 I bluetoothtbd: [0409/043005.732769:INFO:adapter.cc(573)] Adapter name changed
04-09 17:00:05.733  3085  3085 I cast_shell: [3088:3127:INFO:bluetooth_manager.cc(1232)] [PII] Set device name to 'Attic speaker'
04-09 17:00:05.735  2961  3164 I LibreCastControlDelegate: OnCastStatus() +++ Attic speaker:0xab471198:NOT_SETUP
04-09 17:00:05.735  2961  3164 I LibreCastControlDelegate: Device Build Number -> '1.52.272222'
04-09 17:00:05.735  2961  3164 I librecast: updateCastBuildVersion() Version 1.52.272222
04-09 17:00:05.736  2712  2712 I lucitransport: readRemoteMessage() MID char = 7 buffer = 1.52.272222
04-09 17:00:05.736  2961  3164 I LibreCastControlDelegate: Active Applications -> 0
04-09 17:00:05.736  2961  3164 I LibreCastControlDelegate: Current Cast State '2' -> 'NOT_SETUP'
04-09 17:00:05.736  2961  3164 I LibreCastControlDelegate: OnCastStatus() ---
04-09 17:00:05.736  3085  3085 I cast_shell: [3088:3137:INFO:mdns_util.cc(102)] Defaulting mDNS capabilities for audio-only build
04-09 17:00:05.743  3085  3085 I cast_shell: [3088:3088:INFO:mdns_manager_impl.cc(429)] Successfully updated service: type=_googlecast
04-09 17:00:05.743  3085  3085 I cast_shell: [3088:3088:INFO:virtual_device.cc(296)] Updated mDNS service for virtual device: id=879478a3-9d3a-7506-31b7-d46a6f7b5989
04-09 17:00:05.744  2961  3164 I LibreCastControlDelegate: OnCastStatus() +++ Attic speaker:0xab471198:NOT_SETUP
04-09 17:00:05.744  2961  3164 I LibreCastControlDelegate: Device Build Number -> '1.52.272222'
04-09 17:00:05.744  2961  3164 I librecast: updateCastBuildVersion() Version 1.52.272222
04-09 17:00:05.744  2712  2712 I lucitransport: readRemoteMessage() MID char = 7 buffer = 1.52.272222
04-09 17:00:05.744  3085  3085 I cast_shell: [3088:3137:INFO:mdns_util.cc(102)] Defaulting mDNS capabilities for audio-only build
04-09 17:00:05.745  2961  3164 I LibreCastControlDelegate: Active Applications -> 0
04-09 17:00:05.745  2961  3164 I LibreCastControlDelegate: Current Cast State '2' -> 'NOT_SETUP'
04-09 17:00:05.745  2961  3164 I LibreCastControlDelegate: OnCastStatus() ---
04-09 17:00:05.745  3085  3085 I cast_shell: [3088:3088:INFO:mdns_manager_impl.cc(429)] Successfully updated service: type=_googlecast
04-09 17:00:05.745  3085  3085 I cast_shell: [3088:3088:INFO:virtual_device.cc(296)] Updated mDNS service for virtual device: id=879478a3-9d3a-7506-31b7-d46a6f7b5989
04-09 17:00:05.746  2961  3164 I LibreCastControlDelegate: OnCastStatus() +++ Attic speaker:0xab471198:NOT_SETUP
04-09 17:00:05.795  3085  3085 I cast_shell: [3088:3127:INFO:ble_setup.cc(322)] Record action: Setup.save_wifi.BLE
04-09 17:00:05.797  3085  3085 I cast_shell: [3088:3127:INFO:wifi_controller_wpa_supplicant.cc(692)] Clear bssid from config for network id 0
04-09 17:00:05.802  3085  3085 I cast_shell: [3088:3127:INFO:setup_manager_impl.cc(1725)] Report action: Wifi.FirstConfigured
04-09 17:00:06.067  3085  3085 I cast_shell: [3088:3127:INFO:ble_setup.cc(789)] Missing required info for sign.
04-09 17:00:06.096  3085  3085 I cast_shell: [system_updater_dummy.cpp(139)] CheckUpdate 139
04-09 17:00:06.096  3085  3085 I cast_shell: [system_updater_dummy.cpp(148)] CheckUpdate 148 return
04-09 17:00:06.100  3085  3085 I cast_shell: [3088:3096:INFO:parent_tracker.cc(237)] Network changed
04-09 17:00:06.101  3085  3085 I cast_shell: [3088:3096:INFO:parent_tracker.cc(135)] Now using local address [PII](192.168.1.145)
04-09 17:00:06.101  3085  3085 I cast_shell: [3088:3096:INFO:directory_service_impl.cc(200)] This device became root
04-09 17:00:06.102  3085  3085 I cast_shell: [3088:3096:INFO:parent_tracker.cc(237)] Network changed
04-09 17:00:06.103  3085  3085 I cast_shell: [3088:3096:INFO:parent_tracker.cc(132)] No need to recreate socket
04-09 17:00:06.110  3085  3085 I cast_shell: [3088:3100:INFO:net_util_impl.cc(582)] IP address: [PII](192.168.1.1) MAC address: [PII](C8:B3:73:44:AE:ED)
04-09 17:00:06.110  3085  3085 I cast_shell: [3088:3100:INFO:local_network_info_impl.cc(346)] LNID changed:
04-09 17:00:06.110  3085  3085 I cast_shell: [3088:3127:INFO:ble_setup.cc(915)] Sign related info completed, no future EurekaInfo need sign.
04-09 17:00:06.111  3085  3085 I cast_shell: [3088:3088:INFO:ccs_manager_impl.cc(1789)] LNID has changed; Will re-register CCS
04-09 17:00:06.117  3085  3085 I cast_shell: [3088:3100:INFO:net_util_impl.cc(582)] IP address: [PII](192.168.1.1) MAC address: [PII](C8:B3:73:44:AE:ED)
04-09 17:00:06.674  3085  3085 I cast_shell: [3088:3137:INFO:mdns_app_filter.cc(1403)] MdnsAppFilter: Done probing.
04-09 17:00:06.722  3085  3085 I cast_shell: [3088:3088:INFO:ccs_transport_gcm.cc(244)] Registered GCM handler
04-09 17:00:06.722  3085  3085 I cast_shell: [3088:3088:INFO:ccs_manager_impl.cc(1322)] Waiting for all transports to be enabled
04-09 17:00:06.722  3085  3085 I cast_shell: [3088:3088:INFO:lycra_gcm.cc(212)] Registered GCM handler
04-09 17:00:06.816  3085  3085 I cast_shell: [3088:3491:INFO:crl_downloader.cc(155)] CRL processed.
04-09 17:00:06.816  3085  3085 I cast_shell: [3088:3491:INFO:metrics_recorder.cc(282)] cast event: Cast.CRL.DownloadSuccess
04-09 17:00:06.816  3085  3085 I cast_shell: [3088:3491:INFO:client_auth_signer.cc(211)] Cast certificate verification: CastCertError::OK
04-09 17:00:06.816  3085  3085 I cast_shell: [3088:3491:INFO:metrics_recorder.cc(282)] cast event: Cast.Auth.OK
04-09 17:00:06.845  3085  3085 I cast_shell: [3088:3127:INFO:metrics_recorder.cc(282)] Record action: Setup.state.BLE
04-09 17:00:06.924  3085  3085 I cast_shell: [3088:3096:INFO:heartbeat_manager.cc(272)] Set HBInterval default: 1680000
04-09 17:00:06.925  3085  3085 I cast_shell: [3088:3088:INFO:gcm_manager.cc(233)] GCM connection established.
04-09 17:00:06.985  3085  3085 I cast_shell: [3088:3124:INFO:snr_tracker.cc(50)] snr = 51
04-09 17:00:07.120  3085  3085 I cast_shell: [system_updater_dummy.cpp(139)] CheckUpdate 139
04-09 17:00:07.120  3085  3085 I cast_shell: [system_updater_dummy.cpp(148)] CheckUpdate 148 return
04-09 17:00:07.246  2967  2995 I otamanager: OTA:curl response code : 0	
04-09 17:00:07.246  2967  2995 I otamanager: http status code : 200
04-09 17:00:07.246  2967  2995 I otamanager: OTA: contentLen :187.000000
04-09 17:00:07.257  2967  2995 I otamanager: OTA: bytesDownloaded = 187 m_iHttpStatusCode = 200 
04-09 17:00:07.262  2691  2691 I sh      : {
04-09 17:00:07.262  2967  2995 E otamanager: OTA:error string =  No update available
04-09 17:00:07.262  2691  2691 I sh      : 	"castVersion" : null,
04-09 17:00:07.262  2691  2691 I sh      : 	"crc" : null,
04-09 17:00:07.262  2691  2691 I sh      : 	"errorCode" : 1001,
04-09 17:00:07.262  2691  2691 I sh      : 	"errorString" : "No update available",
04-09 17:00:07.262  2691  2691 I sh      : 	"forceUpgrade" : true,
04-09 17:00:07.262  2691  2691 I sh      : 	"mcuOnlyUpdate" : false,
04-09 17:00:07.262  2691  2691 I sh      : 	"otapackage" : null,
04-09 17:00:07.262  2691  2691 I sh      : 	"url" : null,
04-09 17:00:07.262  2712  2712 I lucitransport: writeRemoteMessage() MID = 223 buffer = NO_UPDATE
04-09 17:00:07.262  2712  2712 I luciUART: write() MID = 223  bytes = 19 data = NO_UPDATE m_fd = 0x5
04-09 17:00:07.263  2967  2995 I otamanager: Firmware Update State Change from CheckUpdate to Idle
04-09 17:00:07.263  3085  3085 I cast_shell: [system_updater_dummy.cpp(132)] CheckUpdate 132 no new version
04-09 17:00:07.263  3088  3307 E         : OOBE CheckUpdate
04-09 17:00:07.266  3085  3085 I cast_shell: [3088:3307:INFO:update_engine_client_with_system_updater.cc(226)] No system force update, error_code=0
04-09 17:00:07.266  3085  3085 I cast_shell: [3088:3307:INFO:update_engine_client_with_system_updater.cc(167)] Checking system force update.
04-09 17:00:07.266  3085  3085 I cast_shell: [system_updater_dummy.cpp(109)] CheckUpdate
04-09 17:00:07.271  3085  3085 I cast_shell: [system_updater_dummy.cpp(148)] CheckUpdate 148 return
04-09 17:00:07.271  3085  3085 I chatty  : uid=1000(chrome) /bin/logwrapper identical 1 line
04-09 17:00:07.271  3085  3085 I cast_shell: [system_updater_dummy.cpp(148)] CheckUpdate 148 return
04-09 17:00:07.272  2967  2995 I otamanager: cast_updater_threadEntry() Response 'CheckUpdate' Current Firmware Update state 'Idle'
04-09 17:00:07.272  2967  2995 I otamanager: checkUpdate_l
04-09 17:00:07.272  2967  2995 I otamanager: Firmware Update State Change from Idle to CheckUpdate
04-09 17:00:07.272  2712  2712 I lucitransport: readRemoteMessage() MID char = 232 buffer = TRUE
04-09 17:00:07.272  2967  2995 E otamanager: lo not valid Interface for MAC ID
04-09 17:00:07.273  2967  2995 D otamanager: OTA: wlan IP = 192.168.1.145
04-09 17:00:07.273  2967  2995 I otamanager: OTA:checkIP mac = cc909321f384  IP = 192.168.1.145 
04-09 17:00:07.274  2967  2995 I otamanager: DownloadHttpContent firmware version = eng.C4A.1203
04-09 17:00:07.275  3085  3085 I cast_shell: [3088:3088:INFO:config_downloader.cc(700)] Received Protobuf config response
04-09 17:00:07.279  2712  2712 I lucitransport: readRemoteMessage() MID char = 6 buffer = 1001
04-09 17:00:07.279  2712  2712 I lucitransport: readRemoteMessage() MID char = 7 buffer = 1.52.272222
04-09 17:00:07.280  2967  2995 I otamanager: OTA: DownloadHttpContent :payload =  {"device":{"brand":"COTODAMA","castVersion":"1.52.272222","deviceId":"cc909321f384","deviceType":"LS10_C4A","fwVersion":"1203","googleCast":true,"mcuVersion":"1001","model":"LSB"}}
04-09 17:00:07.280  2967  2995 I otamanager:  
04-09 17:00:07.280  2967  2995 I otamanager: OTA:------curlDownloadFirmwareXml---
04-09 17:00:07.280  2967  2995 I otamanager: OTA:isValidIpAddress: result 0
04-09 17:00:07.299  3085  3085 I cast_shell: [3088:3088:INFO:application_manager_impl.cc(2024)] max_background_apps changed to: 1
04-09 17:00:07.299  3085  3085 I cast_shell: [3088:3088:ERROR:modular_update_manager_impl.cc(382)] No modular updater app ID can be found in device config.
04-09 17:00:07.309  3085  3085 I cast_shell: [3088:3088:INFO:ccs_settings.cc(262)] CcsSettings using CCS url https://clients5.google.com/cast/cloudcast/
04-09 17:00:07.331  3085  3085 I cast_shell: [3088:3088:INFO:application_config_manager_impl.cc(528)] Setting default remote control app ID: 1374D8AA
04-09 17:00:07.332  3085  3085 I cast_shell: [3088:3088:INFO:application_identification_settings.cc(410)] new ApplicationIdentificationSettings session_id: ac1a8b2e-f31c-4350-94a0-cca77bb9e77e app_id: 38579375 flags: 7 headers: 512
04-09 17:00:07.332  3085  3085 I cast_shell: [3088:3088:WARNING:ccs_manager_impl.cc(1566)] Device does not have a weave device id
04-09 17:00:07.332  3085  3085 I cast_shell: [3088:3088:INFO:mdns_util.cc(102)] Defaulting mDNS capabilities for audio-only build
04-09 17:00:07.332  3085  3085 I cast_shell: [3088:3088:INFO:mdns_util.cc(102)] Defaulting mDNS capabilities for audio-only build
04-09 17:00:07.332  3085  3085 I cast_shell: [3088:3088:INFO:ccs_transport_https.cc(1203)] No cloud settings for register request
04-09 17:00:07.336  3085  3085 I cast_shell: [3088:3088:INFO:ccs_manager_impl.cc(1496)] Registering device with CCS: message_id = e8b8c6b5-4d47-46fe-823b-cba12f4f6e0d
04-09 17:00:07.336  3085  3085 I cast_shell: [3088:3088:INFO:ccs_manager_impl.cc(1497)] [PII] device_id = 48613F3449CCAE965DB4105443B8CE83
04-09 17:00:07.336  3085  3085 I cast_shell: [3088:3088:INFO:application_identification_settings.cc(410)] new ApplicationIdentificationSettings session_id: dcc1ab80-a03a-40b6-aaa7-83016dcd6e5b app_id: 38579375 flags: 7 headers: 512
04-09 17:00:07.336  3085  3085 I cast_shell: [3088:3088:INFO:robot_account_auth_manager.cc(470)] Successfully initialized JWT for 38579375
04-09 17:00:07.336  3085  3085 I cast_shell: [3088:3088:INFO:config_downloader.cc(900)] Clearing local config cache
04-09 17:00:07.340  3085  3085 I cast_shell: [3088:3088:INFO:metrics_recorder.cc(282)] Record action: Cast.DCS.DownloadSuccess
04-09 17:00:07.340  3085  3085 I cast_shell: [3088:3088:INFO:key_exchange_namespace_handler.cc(178)] Changing key_exchange_support capability
04-09 17:00:07.342  2961  3164 I LibreCastControlDelegate: OnCastStatus() +++ Attic speaker:0xab471198:NOT_SETUP
04-09 17:00:07.342  2961  3164 I LibreCastControlDelegate: Device Build Number -> '1.52.272222'
04-09 17:00:07.342  2961  3164 I librecast: updateCastBuildVersion() Version 1.52.272222
04-09 17:00:07.342  2712  2712 I lucitransport: readRemoteMessage() MID char = 7 buffer = 1.52.272222
04-09 17:00:07.342  2961  3164 I LibreCastControlDelegate: Active Applications -> 0
04-09 17:00:07.342  2961  3164 I LibreCastControlDelegate: Current Cast State '2' -> 'NOT_SETUP'
04-09 17:00:07.342  2961  3164 I LibreCastControlDelegate: OnCastStatus() ---
04-09 17:00:07.345  3085  3085 I cast_shell: [3088:3088:INFO:mdns_util.cc(102)] Defaulting mDNS capabilities for audio-only build
04-09 17:00:07.346  3085  3085 I cast_shell: [3088:3088:INFO:chromecast_service.cc(2229)] AoGH feature is: 0
04-09 17:00:07.346  3085  3085 I cast_shell: [3088:3088:INFO:chromecast_service.cc(2189)] Geolocation changed to: 0
04-09 17:00:07.346  3085  3085 I cast_shell: [3088:3088:INFO:lycra_transport.cc(301)] Feature flag changed: false
04-09 17:00:07.346  3085  3085 I cast_shell: [3088:3088:INFO:chromecast_service.cc(2248)] Playback disruption feature is: 1
04-09 17:00:07.346  3085  3085 I cast_shell: [3088:3137:INFO:mdns_util.cc(102)] Defaulting mDNS capabilities for audio-only build
04-09 17:00:07.346  3085  3085 I cast_shell: [3088:3088:INFO:playback_disruption_service.cc(328)] Playback disruption service enabled and running
04-09 17:00:07.346  3085  3085 I cast_shell: [3088:3088:INFO:ccs_manager_impl.cc(864)] Re-registering single CCS device
04-09 17:00:07.346  3085  3085 I cast_shell: [3088:3088:WARNING:ccs_manager_impl.cc(1566)] Device does not have a weave device id
04-09 17:00:07.346  3085  3085 I cast_shell: [3088:3088:INFO:mdns_util.cc(102)] Defaulting mDNS capabilities for audio-only build
04-09 17:00:07.346  3085  3085 I cast_shell: [3088:3088:INFO:mdns_util.cc(102)] Defaulting mDNS capabilities for audio-only build
04-09 17:00:07.373  3085  3085 I cast_shell: [3088:3088:INFO:metrics_recorder.cc(282)] cast event: Cloud.Transport.Https.Register.Out
04-09 17:00:07.377  3085  3085 I cast_shell: [3088:3088:INFO:application_identification_settings.cc(1331)] CreateJwt completed; running all done signing callbacks.
04-09 17:00:07.377  3085  3085 I cast_shell: [3088:3088:INFO:robot_account_auth_manager.cc(496)] JWT expiry in 3600 seconds
04-09 17:00:07.377  3085  3085 I cast_shell: [3088:3088:INFO:robot_account_auth_manager.cc(384)] Sending oauth request for client_id: 0
04-09 17:00:07.377  3085  3085 I cast_shell: [3088:3088:INFO:metrics_recorder.cc(282)] cast event: Cast.Assistant.Auth.FetchToken
04-09 17:00:07.377  3085  3085 I cast_shell: [3088:3088:INFO:metrics_recorder.cc(282)] cast event: Cloud.Transport.Https.Register.Out
04-09 17:00:07.377  3085  3085 I cast_shell: [3088:3491:INFO:chromium_http_connection.cc(436)] Creating a new chromium http url loader factory
04-09 17:00:07.595  2967  2995 I otamanager: OTA:ResolveDNSName IP = 34.227.156.126
04-09 17:00:07.595  2967  2995 I otamanager: OTA:hostIp string: https://34.227.156.126/v1
04-09 17:00:07.595  2967  2995 I otamanager: OTA: trying after 2 sec 
04-09 17:00:07.880  3085  3085 I cast_shell: [3088:3127:INFO:metrics_recorder.cc(282)] Record action: Setup.state.BLE
04-09 17:00:08.200  3085  3085 I cast_shell: [3088:3088:INFO:robot_account_auth_manager.cc(525)] Got CAS response: 200
04-09 17:00:08.200  3085  3085 I cast_shell: [3088:3088:INFO:metrics_recorder.cc(282)] cast event: Cast.Assistant.AuthError.NOT_LINKED
04-09 17:00:08.200  3085  3085 I cast_shell: [3088:3088:INFO:robot_account_auth_manager.cc(776)] Current error: TOKEN_NOT_FETCHED, new error: NOT_LINKED
04-09 17:00:08.200  3085  3085 I cast_shell: [3088:3088:INFO:user_auth_impl.cc(207)] Notified all the observers of new auth tokens.
04-09 17:00:08.272  3085  3085 I cast_shell: [system_updater_dummy.cpp(139)] CheckUpdate 139
04-09 17:00:08.272  3085  3085 I cast_shell: [system_updater_dummy.cpp(148)] CheckUpdate 148 return
04-09 17:00:08.355  3085  3085 I cast_shell: [3088:3088:INFO:grpc_service_discovery_impl.cc(185)] Mdns discovered google RPC for [PII](48613F3449CCAE965DB4105443B8CE83).
04-09 17:00:08.439  2960  2971 D wac-main: Netlink event
04-09 17:00:08.439  2960  2971 E wac-main: Netlink event 16 Interface Index 5 
04-09 17:00:08.439  2960  2971 E wac-main: Enter poll and wait
04-09 17:00:08.439  2960  2971 D wac-main: Netlink event
04-09 17:00:08.439  2960  2971 E wac-main: Netlink event 16 Interface Index 5 
04-09 17:00:08.439  2960  2971 E wac-main: Enter poll and wait
04-09 17:00:08.445  2711  2723 I yani_server: NetLink Event '-1' Interface-Index '5' WLAN '0' Ethernet '-1' Parsed-iFill '-1' -> 'INVALID' ifIndex '1' -> 'lo'
04-09 17:00:08.461  2711  2723 I chatty  : uid=0(root) YaniServer identical 7 lines
04-09 17:00:08.462  2711  2723 I yani_server: NetLink Event '-1' Interface-Index '5' WLAN '0' Ethernet '-1' Parsed-iFill '-1' -> 'INVALID' ifIndex '1' -> 'lo'
04-09 17:00:08.462  2711  2723 I yani_kernel: yani_geteventfrom_changeaddr() Message-Id '1' Netlink event '16' Interface Index '5' -> Name 'wlan0' 
04-09 17:00:08.463  2711  2723 I yani_kernel: yani_geteventfrom_changeaddr() Message-Id '1' Netlink event '16' Interface Index '5' -> Name 'wlan0' 
04-09 17:00:08.472  2961  3164 I LibreCastControlDelegate: OnCastStatus() +++ Attic speaker:0xab471198:NOT_SETUP
04-09 17:00:08.472  2961  3164 I LibreCastControlDelegate: Device Build Number -> '1.52.272222'
04-09 17:00:08.472  2961  3164 I librecast: updateCastBuildVersion() Version 1.52.272222
04-09 17:00:08.472  2712  2712 I lucitransport: readRemoteMessage() MID char = 7 buffer = 1.52.272222
04-09 17:00:08.472  2961  3164 I LibreCastControlDelegate: Active Applications -> 0
04-09 17:00:08.472  2961  3164 I LibreCastControlDelegate: Current Cast State '2' -> 'NOT_SETUP'
04-09 17:00:08.472  2961  3164 I LibreCastControlDelegate: OnCastStatus() ---
04-09 17:00:08.627  3085  3085 I cast_shell: [3088:3138:INFO:metrics_recorder.cc(282)] Cast v2 action(socket_id=879478a3-9d3a-7506-31b7-d46a6f7b5989.2): CastV2.Connection.Connect.In
04-09 17:00:08.629  3085  3085 I cast_shell: [3088:3127:INFO:setup_namespace_handler.cc(94)] Added a peer for setup namespace: 879478a3-9d3a-7506-31b7-d46a6f7b5989.2:gms_cast_prober-1
04-09 17:00:08.629  3085  3085 I cast_shell: [3088:3088:INFO:application_config_manager_impl.cc(637)] Virtual device not enabled: [PII](879478a3-9d3a-7506-31b7-d46a6f7b5989)
04-09 17:00:08.629  3085  3085 I cast_shell: [3088:3088:WARNING:application_config_manager_impl.cc(424)] App is not supported: id=CC1AD845
04-09 17:00:08.629  3085  3085 I cast_shell: [3088:3127:INFO:setup_state.cc(544)] EurekaInfoCalled: wifi_state=10, is_usable_ip_address=1, connected=1, is_initial_setup=0
04-09 17:00:08.657  3085  3085 I cast_shell: [3088:3088:INFO:mdns_util.cc(102)] Defaulting mDNS capabilities for audio-only build
04-09 17:00:08.658  3085  3085 I cast_shell: [3088:3088:INFO:mdns_util.cc(102)] Defaulting mDNS capabilities for audio-only build
04-09 17:00:08.672  3085  3085 I cast_shell: [3088:3138:INFO:v2_ssl_socket.cc(358)] Stop reading on pending closed socket
04-09 17:00:08.672  3085  3085 I cast_shell: [3088:3127:INFO:setup_namespace_handler.cc(104)] Removed a peer for setup namespace: 879478a3-9d3a-7506-31b7-d46a6f7b5989.2:gms_cast_prober-1
04-09 17:00:08.915  3085  3085 I cast_shell: [3088:3127:INFO:metrics_recorder.cc(282)] Record action: Setup.state.BLE
04-09 17:00:09.296  3085  3085 I cast_shell: [system_updater_dummy.cpp(139)] CheckUpdate 139
04-09 17:00:09.296  3085  3085 I cast_shell: [system_updater_dummy.cpp(148)] CheckUpdate 148 return
04-09 17:00:09.356  3085  3085 I cast_shell: [3088:3137:INFO:mdns_app_filter.cc(1526)] MdnsAppFilter: Done announcing.
04-09 17:00:09.459  2967  2995 I otamanager: OTA:curl response code : 0	
04-09 17:00:09.459  2967  2995 I otamanager: http status code : 200
04-09 17:00:09.459  2967  2995 I otamanager: OTA: contentLen :187.000000
04-09 17:00:09.469  2967  2995 I otamanager: OTA: bytesDownloaded = 187 m_iHttpStatusCode = 200 
04-09 17:00:09.470  2691  2691 I sh      : }{
04-09 17:00:09.470  2967  2995 E otamanager: OTA:error string =  No update available
04-09 17:00:09.470  2691  2691 I sh      : 	"castVersion" : null,
04-09 17:00:09.470  2691  2691 I sh      : 	"crc" : null,
04-09 17:00:09.470  2691  2691 I sh      : 	"errorCode" : 1001,
04-09 17:00:09.470  2691  2691 I sh      : 	"errorString" : "No update available",
04-09 17:00:09.470  2691  2691 I sh      : 	"forceUpgrade" : true,
04-09 17:00:09.470  2691  2691 I sh      : 	"mcuOnlyUpdate" : false,
04-09 17:00:09.470  2691  2691 I sh      : 	"otapackage" : null,
04-09 17:00:09.470  2691  2691 I sh      : 	"url" : null,
04-09 17:00:09.471  2967  2995 I otamanager: Firmware Update State Change from CheckUpdate to Idle
04-09 17:00:09.472  2731  2742 I HotspotManager: hotspot stop
04-09 17:00:09.472  2731  2742 I HotspotManager: stop dnsmasq
04-09 17:00:09.473  3168  3168 I dnsmasq : exiting on receipt of SIGTERM
04-09 17:00:09.474  3085  3085 I cast_shell: [system_updater_dummy.cpp(132)] CheckUpdate 132 no new version
04-09 17:00:09.475  3085  3085 I cast_shell: [3088:3307:INFO:update_engine_client_with_system_updater.cc(226)] No system force update, error_code=0
04-09 17:00:09.475  3085  3085 I cast_shell: [3088:3127:INFO:setup_state.cc(261)] Setup state changed: SETUP_STATE_CONNECTED_WIFI_NOT_SAVED (61) -> SETUP_STATE_CONNECTED (60)
04-09 17:00:09.475  3085  3085 I cast_shell: [3088:3127:INFO:setup_manager_impl.cc(1019)] Setup discoverability is disabled
04-09 17:00:09.475  3085  3085 I cast_shell: [3088:3127:INFO:ble_setup_manager.cc(758)] Clearing setup read attributes
04-09 17:00:09.475  3085  3085 I cast_shell: [3088:3127:INFO:gatt_client_manager_impl.cc(202)] Enabling GATT client connectability
04-09 17:00:09.475  3085  3085 I cast_shell: [3088:3127:INFO:ble_setup_manager.cc(620)] Stopped Bluetooth service
04-09 17:00:09.475  3085  3085 I cast_shell: [3088:3127:INFO:ble_setup.cc(423)] BLE setup stopped.
04-09 17:00:09.486  3085  3085 I cast_shell: [3088:3088:INFO:ble_discovery_controller.cc(121)] Starting BLE discovery
04-09 17:00:09.486  3085  3085 I cast_shell: [3088:3127:INFO:gatt_client_manager_impl.cc(202)] Enabling GATT client connectability
04-09 17:00:09.486  3085  3085 I chatty  : uid=1000(chrome) /bin/logwrapper identical 1 line
04-09 17:00:09.486  3085  3085 I cast_shell: [3088:3127:INFO:gatt_client_manager_impl.cc(202)] Enabling GATT client connectability
04-09 17:00:09.486  3085  3085 I cast_shell: [3088:3088:INFO:cast_receiver_impl.cc(1100)] Leaving discovery-only mode
04-09 17:00:09.486  3085  3085 I cast_shell: [3088:3088:INFO:application_config_manager_impl.cc(566)] Enabling virtual device 879478a3-9d3a-7506-31b7-d46a6f7b5989
04-09 17:00:09.486  3085  3085 I cast_shell: [3088:3127:INFO:ble_setup_manager.cc(744)] Started Bluetooth service
04-09 17:00:09.486  3085  3085 I cast_shell: [3088:3137:INFO:mdns_cast_service.cc(351)] Device discovery state is idle
04-09 17:00:09.486  3085  3085 I cast_shell: [3088:3137:INFO:mdns_util.cc(102)] Defaulting mDNS capabilities for audio-only build
04-09 17:00:09.487  3085  3085 I cast_shell: [3088:3127:INFO:gatt_client_manager_impl.cc(202)] Enabling GATT client connectability
04-09 17:00:09.488  2961  3164 I LibreCastControlDelegate: OnCastStatus() +++ Attic speaker:0xab471198:READY_TO_CAST
04-09 17:00:09.488  2961  3164 I LibreCastControlDelegate: Cast Device Name -> 'Attic speaker'
04-09 17:00:09.488  2961  3164 I librecast: OldFriendlyName '' & New name change By Cast 'Attic speaker' isfirstbootup 56 m_updatedonebyluci 95
04-09 17:00:09.489  2961  3164 I librecast:  Difference in FriendlyName notify all  
04-09 17:00:09.489  2961  3164 I LibreCastControl: LibreCastControl_SetCastName()  name 'Attic speaker' RequestId '6' pCastControl 0xf4b00728
04-09 17:00:09.489  2712  2712 I lucitransport: writeRemoteMessage() MID = 90 buffer = Attic speaker
04-09 17:00:09.489  2712  2712 I luciUART: write() MID = 90  bytes = 23 data = Attic speaker m_fd = 0x5
04-09 17:00:09.489  2712  2712 I lucitransport: writeLocalMessage() MID = 90 buffer = Attic speaker
04-09 17:00:09.489  2712  2721 E LUCI_SERVER: Luci Server Thread wait over MID 90....
04-09 17:00:09.498  2961  3164 I LibreCastControlDelegate: OnResponse() ReqeustID 6, error  0
04-09 17:00:09.500  2734  2766 I bluetoothtbd: [0409/043009.500240:INFO:adapter.cc(551)] Adapter properties changed
04-09 17:00:09.500  2734  2766 I bluetoothtbd: [0409/043009.500386:INFO:adapter.cc(573)] Adapter name changed
04-09 17:00:09.500  3085  3085 I cast_shell: [3088:3127:INFO:bluetooth_manager.cc(1232)] [PII] Set device name to 'Attic speaker'
04-09 17:00:09.505  3085  3085 I cast_shell: [3088:3088:INFO:device_info_impl.cc(1133)] SSDP Config ID is increased: id=6
04-09 17:00:09.506  2961  3164 I LibreCastControlDelegate: OnCastStatus() +++ Attic speaker:0xab471198:READY_TO_CAST
04-09 17:00:09.507  2961  3164 I LibreCastControlDelegate: Cast Device Name -> 'Attic speaker'
04-09 17:00:09.508  2961  3164 I librecast: OldFriendlyName '' & New name change By Cast 'Attic speaker' isfirstbootup 56 m_updatedonebyluci 95
04-09 17:00:09.508  2961  3164 I librecast:  Difference in FriendlyName notify all  
04-09 17:00:09.508  2961  3164 I LibreCastControl: LibreCastControl_SetCastName()  name 'Attic speaker' RequestId '7' pCastControl 0xf4b00728
04-09 17:00:09.508  2712  2712 I lucitransport: writeRemoteMessage() MID = 90 buffer = Attic speaker
04-09 17:00:09.508  2712  2712 I luciUART: write() MID = 90  bytes = 23 data = Attic speaker m_fd = 0x5
04-09 17:00:09.508  3085  3085 I cast_shell: [3088:3137:INFO:mdns_util.cc(102)] Defaulting mDNS capabilities for audio-only build
04-09 17:00:09.509  2712  2712 I lucitransport: writeLocalMessage() MID = 90 buffer = Attic speaker
04-09 17:00:09.509  3085  3085 I cast_shell: [3088:3088:INFO:ccs_manager_impl.cc(1842)] Postponing device name update while registering
04-09 17:00:09.515  3085  3085 I cast_shell: [3088:3137:INFO:mdns_util.cc(102)] Defaulting mDNS capabilities for audio-only build
04-09 17:00:09.516  3085  3085 I cast_shell: [3088:3088:INFO:ccs_manager_impl.cc(1842)] Postponing device name update while registering
04-09 17:00:09.517  2961  3164 I LibreCastControlDelegate: OnCastStatus() +++ Attic speaker:0xab471198:READY_TO_CAST
04-09 17:00:09.518  3085  3085 I cast_shell: [3088:3088:INFO:mdns_manager_impl.cc(429)] Successfully updated service: type=_googlecast
04-09 17:00:09.518  3085  3085 I cast_shell: [3088:3088:INFO:virtual_device.cc(296)] Updated mDNS service for virtual device: id=879478a3-9d3a-7506-31b7-d46a6f7b5989
04-09 17:00:09.518  2961  3164 I LibreCastControlDelegate: Cast Device Name -> 'Attic speaker'
04-09 17:00:09.518  2961  3164 I librecast: OldFriendlyName '' & New name change By Cast 'Attic speaker' isfirstbootup 56 m_updatedonebyluci 95
04-09 17:00:09.518  2961  3164 I librecast:  Difference in FriendlyName notify all  
04-09 17:00:09.518  2961  3164 I LibreCastControl: LibreCastControl_SetCastName()  name 'Attic speaker' RequestId '8' pCastControl 0xf4b00728
04-09 17:00:09.519  2712  2712 I lucitransport: writeRemoteMessage() MID = 90 buffer = Attic speaker
04-09 17:00:09.519  2712  2712 I luciUART: write() MID = 90  bytes = 23 data = Attic speaker m_fd = 0x5
04-09 17:00:09.519  2712  2712 I lucitransport: writeLocalMessage() MID = 90 buffer = Attic speaker
04-09 17:00:09.519  2961  3164 I LibreCastControlDelegate: Device Build Number -> '1.52.272222'
04-09 17:00:09.519  2961  3164 I librecast: updateCastBuildVersion() Version 1.52.272222
04-09 17:00:09.520  2712  2712 I lucitransport: readRemoteMessage() MID char = 7 buffer = 1.52.272222
04-09 17:00:09.520  2961  3164 I LibreCastControlDelegate: Active Applications -> 0
04-09 17:00:09.520  2961  3164 I LibreCastControlDelegate: Current Cast State '6' -> 'READY_TO_CAST'
04-09 17:00:09.520  2961  3164 I LibreCastControlDelegate: OnCastStatus() ---
04-09 17:00:09.526  3085  3085 I cast_shell: [3088:3088:INFO:device_info_impl.cc(1133)] SSDP Config ID is increased: id=8
04-09 17:00:09.526  2961  3164 I LibreCastControlDelegate: OnResponse() ReqeustID 8, error  0
04-09 17:00:09.527  2961  3010 I librecast: MessageBoxAlert() Msg = 90 remoteID = 16 
04-09 17:00:09.528  2734  2766 I bluetoothtbd: [0409/043009.528101:INFO:adapter.cc(551)] Adapter properties changed
04-09 17:00:09.528  2734  2766 I bluetoothtbd: [0409/043009.528297:INFO:adapter.cc(573)] Adapter name changed
04-09 17:00:09.528  3085  3085 I cast_shell: [3088:3088:INFO:ccs_manager_impl.cc(1842)] Postponing device name update while registering
04-09 17:00:09.529  2712  2721 I lucitransport: readRemoteMessage() MID char = 90 buffer = Attic speaker
04-09 17:00:09.529  3085  3085 I cast_shell: [3088:3137:INFO:mdns_util.cc(102)] Defaulting mDNS capabilities for audio-only build
04-09 17:00:09.529  3085  3085 I cast_shell: [3088:3088:INFO:mdns_manager_impl.cc(429)] Successfully updated service: type=_googlecast
04-09 17:00:09.529  3085  3085 I cast_shell: [3088:3088:INFO:virtual_device.cc(296)] Updated mDNS service for virtual device: id=879478a3-9d3a-7506-31b7-d46a6f7b5989
04-09 17:00:09.529  2961  3010 I LibreCastControl: LibreCastControl_SetCastName()  name 'Attic speaker' RequestId '9' pCastControl 0xf4b00728
04-09 17:00:09.529  2961  3010 E librecast: MessageBoxAlert() friendlyname Attic speaker
04-09 17:00:09.529  2961  3010 I LibreCastControl: MessageBoxAlert() messageBoxID 90
04-09 17:00:09.530  2691  2691 I sh      : MessageBoxAlert() MID 90 
04-09 17:00:09.530  2691  2691 I sh      : MessageBoxChanged() MID '90'
04-09 17:00:09.532  2961  3164 I LibreCastControlDelegate: OnCastStatus() +++ Attic speaker:0xab471198:READY_TO_CAST
04-09 17:00:09.538  3085  3085 I cast_shell: [3088:3127:INFO:bluetooth_manager.cc(1232)] [PII] Set device name to 'Attic speaker'
04-09 17:00:09.539  2963  2985 I SPOTIFY : ConnectionNotify event(0-Login, 1-Logout, rest Error) = 6 
04-09 17:00:09.539  2963  2985 E SPOTIFY : Device Name change new name = Attic speaker
04-09 17:00:09.539  2963  2985 E SPOTIFY : err = 0 
04-09 17:00:09.540  2961  3164 I LibreCastControlDelegate: OnCastStatus() +++ Attic speaker:0xab471198:READY_TO_CAST
04-09 17:00:09.541  2961  3164 I LibreCastControlDelegate: Cast Device Name -> 'Attic speaker'
04-09 17:00:09.541  2961  3164 I librecast: OldFriendlyName 'Attic speaker' & New name change By Cast 'Attic speaker' isfirstbootup 56 m_updatedonebyluci 0
04-09 17:00:09.541  2961  3164 I LibreCastControlDelegate: Device Build Number -> '1.52.272222'
04-09 17:00:09.541  2961  3164 I librecast: updateCastBuildVersion() Version 1.52.272222
04-09 17:00:09.542  2712  2712 I lucitransport: readRemoteMessage() MID char = 7 buffer = 1.52.272222
04-09 17:00:09.542  2961  3164 I LibreCastControlDelegate: Active Applications -> 0
04-09 17:00:09.542  2961  3164 I LibreCastControlDelegate: Current Cast State '6' -> 'READY_TO_CAST'
04-09 17:00:09.542  2961  3164 I LibreCastControlDelegate: OnCastStatus() ---
04-09 17:00:09.572  2961  3010 I librecast: MessageBoxAlert() Msg = 90 remoteID = 16 
04-09 17:00:09.572  2712  2721 I lucitransport: readRemoteMessage() MID char = 90 buffer = Attic speaker
04-09 17:00:09.572  2961  3010 I LibreCastControl: LibreCastControl_SetCastName()  name 'Attic speaker' RequestId '10' pCastControl 0xf4b00728
04-09 17:00:09.572  2961  3010 E librecast: MessageBoxAlert() friendlyname Attic speaker
04-09 17:00:09.572  2961  3010 I LibreCastControl: MessageBoxAlert() messageBoxID 90
04-09 17:00:09.573  2960  2971 D wac-main: Netlink event
04-09 17:00:09.573  2960  2971 E wac-main: Netlink event 21 Interface Index 6 
04-09 17:00:09.573  2960  2971 E wac-main: Enter poll and wait
04-09 17:00:09.574  2711  2723 I yani_kernel: yani_geteventfrom_changeaddr() Message-Id '1' Netlink event '21' Interface Index '6' -> Name 'p2p0' 
04-09 17:00:09.574  2785  2785 I dnsmasq : reading /etc/resolv.conf
04-09 17:00:09.574  2785  2785 I dnsmasq : using nameserver 8.8.4.4#53
04-09 17:00:09.574  2785  2785 I dnsmasq : using nameserver 192.168.1.1#53
04-09 17:00:09.574  2785  2785 I dnsmasq : using nameserver 192.168.50.1#53
04-09 17:00:09.574  2785  2785 I dnsmasq : using nameserver 8.8.8.8#53
04-09 17:00:09.576  2731  2742 I HotspotManager: stop hostapd
04-09 17:00:09.579  3085  3085 I cast_shell: [3088:3088:INFO:device_info_impl.cc(1133)] SSDP Config ID is increased: id=10
04-09 17:00:09.579  3085  3085 I cast_shell: [3088:3088:INFO:ccs_manager_impl.cc(1842)] Postponing device name update while registering
04-09 17:00:09.579  3085  3085 I cast_shell: [3088:3137:INFO:mdns_util.cc(102)] Defaulting mDNS capabilities for audio-only build
04-09 17:00:09.580  3085  3085 I cast_shell: [3088:3088:INFO:mdns_manager_impl.cc(429)] Successfully updated service: type=_googlecast
04-09 17:00:09.580  3085  3085 I cast_shell: [3088:3088:INFO:virtual_device.cc(296)] Updated mDNS service for virtual device: id=879478a3-9d3a-7506-31b7-d46a6f7b5989
04-09 17:00:09.581  2691  2691 I sh      : MessageBoxAlert() MID 90 
04-09 17:00:09.581  2691  2691 I sh      : MessageBoxChanged() MID '90'
04-09 17:00:09.581  2961  3164 I LibreCastControlDelegate: OnResponse() ReqeustID 10, error  0
04-09 17:00:09.582  2964  3016 I airplayluci: MessageBoxAlert: MID 90
04-09 17:00:09.583  2963  2984 E Spotify-Player: Change Spotify Device name
04-09 17:00:09.590  2967  2982 I otamanager: YaniAlert() Interface 3 Status Down
04-09 17:00:09.591  2964  3016 I airplay-main: YaniAlert Interface 3 Status 0
04-09 17:00:09.596  2963  2985 E SPOTIFY : Device Name change new name = Attic speaker
04-09 17:00:09.596  2963  2985 E SPOTIFY : err = 0 
04-09 17:00:09.596  2712  2720 E luciUART: UART:aa
04-09 17:00:09.597  2712  2720 E luciUART: UART:aa
04-09 17:00:09.597  2961  3164 I LibreCastControlDelegate: Cast Device Name -> 'Attic speaker'
04-09 17:00:09.597  2961  3164 I librecast: OldFriendlyName 'Attic speaker' & New name change By Cast 'Attic speaker' isfirstbootup 56 m_updatedonebyluci 0
04-09 17:00:09.597  2712  2720 E luciUART: UART:2
04-09 17:00:09.597  2961  3164 I LibreCastControlDelegate: Device Build Number -> '1.52.272222'
04-09 17:00:09.597  2712  2720 E luciUART: UART:0
04-09 17:00:09.597  2961  3164 I librecast: updateCastBuildVersion() Version 1.52.272222
04-09 17:00:09.621  2961  3010 I librecast: MessageBoxAlert() Msg = 90 remoteID = 16 
04-09 17:00:09.621  2712  2721 I lucitransport: readRemoteMessage() MID char = 90 buffer = Attic speaker
04-09 17:00:09.622  2961  3010 I LibreCastControl: LibreCastControl_SetCastName()  name 'Attic speaker' RequestId '11' pCastControl 0xf4b00728
04-09 17:00:09.622  2961  3010 E librecast: MessageBoxAlert() friendlyname Attic speaker
04-09 17:00:09.622  2961  3010 I LibreCastControl: MessageBoxAlert() messageBoxID 90
04-09 17:00:09.623  2691  2691 I sh      : MessageBoxAlert() MID 90 
04-09 17:00:09.623  2691  2691 I sh      : MessageBoxChanged() MID '90'
04-09 17:00:09.623  2964  3016 I airplayluci: MessageBoxAlert: MID 90
04-09 17:00:09.627  2963  2984 E Spotify-Player: Change Spotify Device name
04-09 17:00:09.628  2961  3164 I LibreCastControlDelegate: OnResponse() ReqeustID 11, error  0
04-09 17:00:09.629  2734  2766 I bluetoothtbd: [0409/043009.629219:INFO:adapter.cc(551)] Adapter properties changed
04-09 17:00:09.629  3085  3085 I cast_shell: [3088:3088:INFO:device_info_impl.cc(1133)] SSDP Config ID is increased: id=11
04-09 17:00:09.630  3085  3085 I cast_shell: [3088:3088:INFO:ccs_manager_impl.cc(1842)] Postponing device name update while registering
04-09 17:00:09.630  3085  3085 I cast_shell: [3088:3137:INFO:mdns_util.cc(102)] Defaulting mDNS capabilities for audio-only build
04-09 17:00:09.630  3085  3085 I cast_shell: [3088:3088:INFO:mdns_manager_impl.cc(429)] Successfully updated service: type=_googlecast
04-09 17:00:09.630  3085  3085 I cast_shell: [3088:3088:INFO:virtual_device.cc(296)] Updated mDNS service for virtual device: id=879478a3-9d3a-7506-31b7-d46a6f7b5989
04-09 17:00:09.630  2712  2721 E LUCI_SERVER: Luci Server Thread wait over MID 208....
04-09 17:00:09.634  2961  3164 I librecast: updateCastBuildVersion() Version 1.52.272222
04-09 17:00:09.634  2960  2971 D wac-main: Netlink event
04-09 17:00:09.634  2960  2971 E wac-main: Netlink event 16 Interface Index 6 
04-09 17:00:09.634  2960  2971 E wac-main: p2p0 event Link Changed : 1003 
04-09 17:00:09.634  2960  2971 E wac-main: p2p0 Changed down
04-09 17:00:09.634  2960  2971 E wac-main: wlan0 IP : 192.168.1.145
04-09 17:00:09.634  2712  2712 I lucitransport: readRemoteMessage() MID char = 7 buffer = 1.52.272222
04-09 17:00:09.635  2961  3164 I LibreCastControlDelegate: Active Applications -> 0
04-09 17:00:09.635  2961  3164 I LibreCastControlDelegate: Current Cast State '6' -> 'READY_TO_CAST'
04-09 17:00:09.635  2961  3164 I LibreCastControlDelegate: OnCastStatus() ---
04-09 17:00:09.635  2711  2723 I yani_kernel: yani_geteventfrom_changeaddr() Message-Id '1' Netlink event '16' Interface Index '6' -> Name 'p2p0' 
04-09 17:00:09.638  2963  2985 E SPOTIFY : Device Name change new name = Attic speaker
04-09 17:00:09.638  2963  2985 E SPOTIFY : err = 0 
04-09 17:00:09.639  2960  2971 E wac-main: Enter poll and wait
04-09 17:00:09.676  2731  2742 E WifiUtil: Setting interface p2p0 down.
04-09 17:00:09.678  2711  2723 I yani_kernel: yani_geteventfrom_changeaddr() Message-Id '1' Netlink event '16' Interface Index '6' -> Name 'p2p0' 
04-09 17:00:09.678  2960  2971 D wac-main: Netlink event
04-09 17:00:09.678  2960  2971 E wac-main: Netlink event 16 Interface Index 6 
04-09 17:00:09.678  2960  2971 E wac-main: p2p0 event Link Changed : 1002 
04-09 17:00:09.678  2960  2971 E wac-main: Enter poll and wait
04-09 17:00:09.950  3085  3085 I cast_shell: [3088:3127:INFO:metrics_recorder.cc(282)] Record action: Setup.state.BLE
04-09 17:00:10.475  3085  3085 I cast_shell: [3088:3127:INFO:ble_setup.cc(789)] Missing required info for sign.
04-09 17:00:10.478  3085  3085 I cast_shell: [3088:3127:INFO:gatt_client_manager_impl.cc(202)] Enabling GATT client connectability
04-09 17:00:10.478  3085  3085 I cast_shell: [3088:3127:INFO:ble_setup.cc(915)] Sign related info completed, no future EurekaInfo need sign.
04-09 17:00:10.853  3085  3085 I cast_shell: [3088:3138:INFO:metrics_recorder.cc(282)] Cast v2 action(socket_id=879478a3-9d3a-7506-31b7-d46a6f7b5989.3): CastV2.Connection.Connect.In
04-09 17:00:10.853  3085  3085 I cast_shell: [3088:3088:INFO:cast_system_memory_pressure_evaluator.cc(179)] ConfigRelaxMemoryPressureThresholds, 0.1, 0.2
04-09 17:00:10.854  3085  3085 I cast_shell: [3088:3127:INFO:setup_namespace_handler.cc(94)] Added a peer for setup namespace: 879478a3-9d3a-7506-31b7-d46a6f7b5989.3:gms_cast_prober-1
04-09 17:00:10.854  3085  3085 I cast_shell: [3088:3127:INFO:setup_state.cc(544)] EurekaInfoCalled: wifi_state=10, is_usable_ip_address=1, connected=1, is_initial_setup=0
04-09 17:00:10.856  3085  3085 I cast_shell: [3552:3552:INFO:cast_content_renderer_client_internal.cc(83)] Render process started.
04-09 17:00:10.861  3085  3085 I cast_shell: [3088:3088:INFO:application_manager_impl.cc(1417)] Starting background app: CC1AD845 (Default Media Receiver), session_id=049f8177-120f-4bd5-997d-80567909dfdd
04-09 17:00:10.861  3085  3085 I cast_shell: [3088:3088:INFO:cast_media_blocker.cc(43)] UpdatePlayingState media_loading_blocked=1 media_starting_blocked=0 suspended=1 controllable=0 paused_by_user=1
04-09 17:00:10.870  3085  3085 I cast_shell: [3088:3138:INFO:v2_transport.cc(458)] Added Cast V2 endpoint: id=049f8177-120f-4bd5-997d-80567909dfdd, socket_factory_id=[PII](879478a3-9d3a-7506-31b7-d46a6f7b5989)
04-09 17:00:10.870  3085  3085 I cast_shell: [3088:3088:INFO:application_message_handler.cc(1747)] Scheduling IpcTimerCheck
04-09 17:00:10.870  3085  3085 I cast_shell: [3088:3088:INFO:application_manager_impl.cc(1565)] App starting: CC1AD845 (Default Media Receiver), session_id=049f8177-120f-4bd5-997d-80567909dfdd
04-09 17:00:10.870  3085  3085 I cast_shell: [3088:3137:INFO:mdns_util.cc(102)] Defaulting mDNS capabilities for audio-only build
04-09 17:00:10.870  3085  3085 I cast_shell: [3088:3088:INFO:application_identification_settings.cc(410)] new ApplicationIdentificationSettings session_id: 049f8177-120f-4bd5-997d-80567909dfdd app_id: CC1AD845 flags: 0 headers: 0
04-09 17:00:10.871  3085  3085 I cast_shell: [3088:3088:INFO:cast_media_blocker.cc(81)] MediaSessionInfoChanged media_loading_blocked=1 media_starting_blocked=0 is_suspended=1 is_controllable=0 paused_by_user=1
04-09 17:00:10.883  3085  3085 I cast_shell: [3088:3088:INFO:web_application.cc(817)] [049f8177] Supported bitstream audio codecs info: [codecs]None[spatial_rendering]None
04-09 17:00:10.883  3085  3085 I cast_shell: [3088:3088:INFO:cast_web_contents_impl.cc(242)] Load url: https://www.gstatic.com/cast/sdk/default_receiver/dogfood/app.html?skin=https://www.gstatic.com/eureka/player/0000/skins/cast/skin.css
04-09 17:00:10.897  3085  3085 I cast_shell: [3088:3088:INFO:cast_content_browser_client_internal.cc(975)] Disabling images support for application: CC1AD845
04-09 17:00:10.905  3085  3085 I cast_shell: [3088:3088:INFO:web_application.cc(991)] [049f8177] Page state changed: app=CC1AD845 page_state=LOADING
04-09 17:00:10.909  3085  3085 I cast_shell: [3088:3088:INFO:web_application.cc(585)] [049f8177] Updating app visibility to hidden for background mode.
04-09 17:00:10.909  3085  3085 I cast_shell: [3088:3088:INFO:application_manager_impl.cc(1579)] App pending: CC1AD845 (Default Media Receiver), session_id=049f8177-120f-4bd5-997d-80567909dfdd
04-09 17:00:10.910  3085  3085 I cast_shell: [3088:3137:INFO:mdns_util.cc(102)] Defaulting mDNS capabilities for audio-only build
04-09 17:00:10.913  3085  3085 I cast_shell: [3088:3088:INFO:cast_renderer_oom_adj_manager.cc(82)] Registering renderer 3552
04-09 17:00:10.913  3085  3085 I cast_shell: [3088:3088:INFO:mdns_util.cc(102)] Defaulting mDNS capabilities for audio-only build
04-09 17:00:10.913  3085  3085 I cast_shell: [3088:3088:INFO:mdns_util.cc(102)] Defaulting mDNS capabilities for audio-only build
04-09 17:00:10.914  3085  3085 I cast_shell: [3088:3491:INFO:cast_renderer_oom_adj_manager.cc(90)] Adjusting OOM score for renderer(3552) to 400
04-09 17:00:10.914  3085  3085 I cast_shell: [3088:3491:WARNING:cast_renderer_oom_adj_manager.cc(92)] OOM score adjustment failed for renderer(3552)
04-09 17:00:10.934  3085  3085 I cast_shell: [3552:3552:INFO:media_playback_options.cc(70)] Render frame actions are blocked.
04-09 17:00:10.967  3085  3085 I cast_shell: [3552:3552:INFO:media_playback_options.cc(70)] Render frame actions are blocked.
04-09 17:00:10.967  3085  3085 I cast_shell: [3552:3552:INFO:media_caps.cc(24)] ScreenResolutionChanged resolution=0x0
04-09 17:00:10.972  3085  3085 I cast_shell: [3552:3552:INFO:media_caps.cc(54)] ScreenInfoChanged HDCP version=0 Supported EOTFs=0 DolbyVision flags=0 Screen size(mm): 0x0 cur mode HDR=0 cur mode DV=0
04-09 17:00:11.013  2734  2811 W bt_btif : bta_gattc_conn_cback() - cif=3 connected=0 conn_id=3 reason=0x0013
04-09 17:00:11.013  2734  2811 W bt_btif : bta_gattc_conn_cback() - cif=4 connected=0 conn_id=4 reason=0x0013
04-09 17:00:11.013  2734  2811 W bt_btif : bta_gattc_conn_cback() - cif=6 connected=0 conn_id=6 reason=0x0013
04-09 17:00:11.014  2734  2811 I bt_btm_sec: btm_sec_disconnected clearing pending flag handle:128 reason:19
04-09 17:00:11.015  3085  3085 I cast_shell: [3088:3127:ERROR:bluetooth_v1_via_v2.cc(796)] Connection state changed. :63 false
04-09 17:00:11.015  2734  2766 W bt_btif : btif_av_move_idle: ACL Disconnected state 0 bd_addr=48:68:46:8f:f8:63 peer_bda=00:00:00:00:00:00
04-09 17:00:11.015  2734  2766 I bluetoothtbd: [0409/043011.015455:INFO:adapter.cc(719)] ACL state changed: 48:68:46:8F:F8:63 - connected: false
04-09 17:00:11.064  3085  3085 I cast_shell: [3088:3138:INFO:v2_ssl_socket.cc(358)] Stop reading on pending closed socket
04-09 17:00:11.064  3085  3085 I cast_shell: [3088:3127:INFO:setup_namespace_handler.cc(104)] Removed a peer for setup namespace: 879478a3-9d3a-7506-31b7-d46a6f7b5989.3:gms_cast_prober-1
04-09 17:00:11.497  3085  3085 I cast_shell: [3088:3137:INFO:mdns_app_filter.cc(1526)] MdnsAppFilter: Done announcing.
04-09 17:00:11.538  2964  3566 I airplay_v2_0_6: 2022-04-09 17:00:11.538730 [AirPlayDemo] AirPlayDemoServerCopyProperty Password is <<NULL>>
04-09 17:00:11.539  2712  2712 I lucitransport: readRemoteMessage() MID char = 90 buffer = Attic speaker
04-09 17:00:11.541  2964  3524 I airplay_v2_0_6: 2022-04-09 17:00:11.541422 [AirPlay] Registering Bonjour _airplay._tcp. port 7000
04-09 17:00:11.543  2964  3566 I airplay_v2_0_6: 2022-04-09 17:00:11.543498 [AirPlayDemo] AirPlayDemoServerCopyProperty Password is <<NULL>>
04-09 17:00:11.545  2964  3566 I airplay_v2_0_6: 2022-04-09 17:00:11.545276 [AirPlayDemo] AirPlayDemoServerCopyProperty Password is <<NULL>>
04-09 17:00:11.545  2712  2712 I lucitransport: readRemoteMessage() MID char = 90 buffer = Attic speaker
04-09 17:00:11.547  2964  3524 I airplay_v2_0_6: 2022-04-09 17:00:11.547242 [AirPlay] Registering Bonjour CC909321F384@Attic speaker._raop._tcp. port 7000
04-09 17:00:11.572  3085  3085 I cast_shell: [3088:3088:ERROR:ccs_transport_https.cc(1775)] Received response code 409 for message_id = 5984e04a-d1c3-472a-ad5b-fce36968aec0 - 
04-09 17:00:11.572  3085  3085 I cast_shell: [3088:3088:INFO:metrics_recorder.cc(282)] cast event: Cloud.Transport.Https.Register.Out.Error
04-09 17:00:11.572  3085  3085 I cast_shell: [3088:3088:INFO:ccs_manager_impl.cc(2529)] Scheduling next register for device in time: 59.2 s
04-09 17:00:11.748  3085  3085 I cast_shell: [3088:3088:INFO:metrics_recorder.cc(282)] cast event: Cloud.Transport.Https.Register.Out.Success
04-09 17:00:11.748  3085  3085 I cast_shell: [3088:3088:WARNING:ccs_transport_util.cc(409)] Auth info absent from the config reply from CCS.
04-09 17:00:11.748  3085  3085 I cast_shell: [3552:3552:INFO:cast_content_client.cc(103)] Active URL: https://www.gstatic.com/cast/sdk/default_receiver/dogfood/app.html?skin=https://www.gstatic.com/eureka/player/0000/skins/cast/skin.css&google_cast_bg=true for origin 'null'
04-09 17:00:11.748  3085  3085 I cast_shell: [3088:3088:WARNING:ccs_transport_util.cc(313)] Missing SensingSettings in the CCS config.
04-09 17:00:11.748  3085  3085 I cast_shell: [3088:3088:INFO:metrics_recorder.cc(282)] cast event: Cloud.Transport.Https.Config.In
04-09 17:00:11.748  3085  3085 I cast_shell: [3088:3088:INFO:ccs_manager_impl.cc(1150)] Handling CONFIG message from CCS.
04-09 17:00:11.748  3085  3085 I cast_shell: [3088:3088:INFO:ccs_manager_impl.cc(1151)] [PII] device_id=48613F3449CCAE965DB4105443B8CE83
04-09 17:00:11.748  3085  3085 I cast_shell: [3088:3088:INFO:metrics_recorder.cc(282)] Record action: Cloud.Transport.Https.LinkedStatus.NotLinked
04-09 17:00:11.748  3085  3085 I cast_shell: [3088:3088:INFO:structure_info_from_home_graph.cc(53)] received config from home graph. Will use it: 1
04-09 17:00:11.748  3085  3085 I cast_shell: [3088:3088:INFO:structure_info_from_home_graph.cc(59)] Num devices in the structure: 0
04-09 17:00:11.748  3085  3085 I cast_shell: [3088:3088:INFO:ccs_heartbeat_listener.cc(56)] Setting heartbeat interval from CCS: 120000ms
04-09 17:00:11.762  3085  3085 I cast_shell: [3088:3088:INFO:gcm_manager.cc(238)] GCM connection lost.
04-09 17:00:11.768  3085  3085 I cast_shell: [3088:3088:INFO:cast_content_client.cc(103)] Active URL: https://www.gstatic.com/cast/sdk/default_receiver/dogfood/app.html?skin=https://www.gstatic.com/eureka/player/0000/skins/cast/skin.css&google_cast_bg=true for origin 'null [internally: (26C9B58C527A3DC1CF7E450095458022) anonymous]'
04-09 17:00:11.772  3085  3085 I cast_shell: [3088:3307:INFO:process_memory_recorder_utils.cc(43)] CC1AD845 using 39200kB memory
04-09 17:00:11.797  3085  3085 I cast_shell: [3552:3552:INFO:feature_manager.cc(174)] Enabling bindings: 
04-09 17:00:11.820  3085  3085 I cast_shell: [3552:3552:INFO:feature_manager.cc(174)] Enabling bindings: 
04-09 17:00:12.710  3085  3085 I cast_shell: [3088:3088:INFO:CONSOLE(116)] Cast App (CC1AD845): " [  0.002s] [cast.receiver.IpcChannel] Opening platform websocket ", source: https://www.gstatic.com/cast/sdk/libs/caf_receiver/v3/cast_receiver_framework.js (116)
