04-09 16:44:09.318  3088  3088 I process_manager: [0409/041409.318189:INFO:package_utils.cc(186)] Run update_engine: /bin/logwrapper /system/chrome/update_engine --foreground --netif-for-unique-ids=eth0 --omaha-beta-app-id={c71af7c9-fb75-4084-9bb1-6483fae36524} --omaha-prod-app-id={c71af7c9-fb75-4084-9bb1-6483fae36524} --ota-directory=/chrome/cache/ --update-engine-unix-socket-path=/tmp/socket/updater --v=4 --netif-for-unique-ids=wlan0 --ota-directory=/data/chrome/cache/
04-09 16:44:09.319  3088  3088 I process_manager: [0409/041409.319203:INFO:package_utils.cc(186)] Run crash_uploader: /bin/logwrapper /system/chrome/crash_uploader
04-09 16:44:09.320  3088  3088 I process_manager: [0409/041409.320189:INFO:package_utils.cc(186)] Run cast_shell: /bin/logwrapper /system/chrome/cast_shell --accept-resource-provider=true --alsa-enable-upsampling=false --app-config-path=/fakeapp.conf --blink-platform-log-channels=Media --cast-control-unix-socket-path=/tmp/cast-control --default-eureka-name-prefix=Google Cast Speaker --disable-dial=true --disable-images-for-app-id=*|1B11061A --enable-background-apps=false --idle-screen=false --js-flags=--trace_gc --netif-for-unique-ids=eth0 --no-daily-reboot=true --ota-directory=/chrome/cache/ --setup-support-guest-mode=0 --skip-gpu-data-loading --update-engine-unix-socket-path=/tmp/socket/updater --accept-resource-provider=true --alsa-enable-upsampling=true --alsa-output-avail-min=256 --alsa-output-buffer-size=4096 --alsa-output-period-size=512 --alsa-output-start-threshold=2048 --default-eureka-name-prefix=LSB --enable-background-apps=true --enable-hi-res-audio-support=true --enable-multizone=true --netif-for-unique-ids=wlan0 --ota-directory=/data/chrome/cache/ --setup-ssid-suffix=d256 --setup-support-guest-mode=0 --wpa-supplicant-unix-socket-path=/dev/socket/wpa_wlan0
04-09 16:44:09.343  3091  3091 I crash_uploader: [0409/041409.342975:INFO:crash_uploader.cc(45)] Starting crash uploader...
04-09 16:44:09.345  3091  3091 I crash_uploader: [0409/041409.344810:ERROR:synchronized_minidump_manager.cc(251)] Lockfile did not parse correctly. 
04-09 16:44:09.353  3090  3090 I update_engine: [0409/041409.352645:INFO:main.cc(149)] Eureka Update Engine starting
04-09 16:44:09.353  3090  3090 I update_engine: [0409/041409.353369:INFO:update_check_scheduler.cc(77)] Next update check in 2700 seconds
04-09 16:44:09.354  3090  3090 I update_engine: [0409/041409.353953:INFO:string_based_ipc_server.cc(75)] Start IPC server: /tmp/socket/updater
04-09 16:44:09.354  3090  3090 I update_engine: [0409/041409.354237:INFO:unix_stream_server_socket.cc(62)] Unix server socket is created: /tmp/socket/updater
04-09 16:44:09.553  3092  3092 I cast_shell: [3095:3095:ERROR:pref_service_helper.cc(79)] Cannot initialize chromecast config: /data/chrome/.eureka.conf, pref_error=6
04-09 16:44:09.555  3092  3092 I cast_shell: [3095:3095:WARNING:discardable_shared_memory_manager.cc(194)] Less than 64MB of free space in temporary directory for shared memory files: 32
04-09 16:44:09.567  3092  3092 I cast_shell: Fontconfig warning: "/etc/fonts/fonts.conf", line 80: unknown element "blank"
04-09 16:44:09.754  3092  3092 I cast_shell: [3095:3095:INFO:cast_system_memory_pressure_evaluator.cc(167)] AdjustMemoryFractions: critical_memory_fraction_=0.25, moderate_memory_fraction_=0.4
04-09 16:44:09.761  3092  3092 I cast_shell: [3095:3095:INFO:cast_window_manager_aura.cc(198)] Starting window manager, bounds: 0,0 1x1
04-09 16:44:09.767  3092  3092 I cast_shell: [3095:3112:ERROR:mixer_connection.cc(91)] Failed to connect to mixer service: -102
04-09 16:44:09.768  3092  3092 I cast_shell: [3095:3095:WARNING:client_auth_manager.cc(94)] Old certificate is empty.
04-09 16:44:09.769  3092  3092 I cast_shell: [3095:3095:INFO:device_info_impl.cc(135)] [PII] Weave device ID: 
04-09 16:44:09.771  3092  3092 I cast_shell: [3095:3095:INFO:device_info_impl.cc(406)] MAC address for wlan0: CC:90:93:21:F3:84
04-09 16:44:09.771  3092  3092 I cast_shell: [3095:3095:INFO:device_info_impl.cc(431)] Device model id: COTODAMA.LS10 Platform.LSB
04-09 16:44:09.771  3092  3092 I cast_shell: [3095:3095:INFO:device_info_impl.cc(466)] Control Notifications: 0
04-09 16:44:09.771  3092  3092 I cast_shell: [3095:3095:ERROR:device_info_impl.cc(145)] Cannot read file: /data/bootid
04-09 16:44:09.771  3092  3092 I cast_shell: [3095:3095:INFO:device_info_impl.cc(482)] SSDP Boot ID: 0
04-09 16:44:09.771  3092  3092 I cast_shell: [3095:3095:INFO:device_info_impl.cc(486)] SSDP Config ID: 1
04-09 16:44:09.771  3092  3092 I cast_shell: [3095:3095:WARNING:secure_storage_impl.cc(85)] Device key not available yet.
04-09 16:44:09.771  3092  3092 I cast_shell: [3095:3095:INFO:cast_power_manager_provider.cc(26)] Creating DummyCastPowerManagerProvider
04-09 16:44:09.771  3092  3092 I cast_shell: [3095:3095:WARNING:auth_provider_impl.cc(72)] No IoT client_id found on the device. If device was FDRed please ignore this warning.
04-09 16:44:09.771  3092  3092 I cast_shell: [3095:3095:INFO:file_provider_impl.cc(67)] Initialized file provider with base dir: /data/chrome/auth
04-09 16:44:09.771  3092  3092 I cast_shell: [3095:3095:INFO:cast_power_manager_provider.cc(26)] Creating DummyCastPowerManagerProvider
04-09 16:44:09.772  3092  3092 I cast_shell: [3095:3095:WARNING:volume_map.cc(55)] No cast audio config found; using default volume map.
04-09 16:44:09.773  3092  3092 I cast_shell: [3095:3095:INFO:saved_volumes.cc(63)] No saved volumes found
04-09 16:44:09.773  3092  3092 I cast_shell: [3095:3095:INFO:saved_volumes.cc(70)] Invalid JSON from /etc/cast_audio.json
04-09 16:44:09.774  3092  3092 I cast_shell: [3095:3115:INFO:stream_mixer.cc(194)] StreamMixer
04-09 16:44:09.774  3092  3092 I cast_shell: [3095:3115:INFO:stream_mixer.cc(222)] Mixer health checker started
04-09 16:44:09.774  3092  3092 I cast_shell: [3095:3116:INFO:stream_mixer.cc(121)] Actual priority = 99, policy = 1
04-09 16:44:09.774  3092  3092 I cast_shell: [3095:3115:WARNING:post_processing_pipeline_parser.cc(65)] No post-processing config found at /etc/cast_audio.json.
04-09 16:44:09.774  3092  3092 I cast_shell: [3095:3115:WARNING:post_processing_pipeline_parser.cc(133)] No post-processor description found for "mix" in /etc/cast_audio.json. Using passthrough.
04-09 16:44:09.774  3092  3092 I cast_shell: [3095:3115:INFO:mixer_pipeline.cc(103)] 2 input channels to 'mix' group
04-09 16:44:09.774  3092  3092 I cast_shell: [3095:3115:WARNING:post_processing_pipeline_parser.cc(133)] No post-processor description found for "linearize" in /etc/cast_audio.json. Using passthrough.
04-09 16:44:09.776  3092  3092 I cast_shell: [3095:3117:INFO:audio_socket_service_uds.cc(44)] Using endpoint /tmp/mixer-service
04-09 16:44:09.780  3092  3092 I cast_shell: [3095:3115:INFO:alsa_volume_control.cc(219)] Volume device = default, element = Master
04-09 16:44:09.780  3092  3092 I cast_shell: [3095:3115:INFO:alsa_volume_control.cc(221)] Mute device = default, element = Master
04-09 16:44:09.780  3092  3092 I cast_shell: [3095:3115:INFO:alsa_volume_control.cc(234)] Idle device = default, elements = []
04-09 16:44:09.780  3092  3092 I cast_shell: [3095:3115:INFO:alsa_volume_control.cc(43)] Opening mixer element "Master" on device "default"
04-09 16:44:09.784  3092  3092 I cast_shell: [3095:3103:INFO:parent_tracker.cc(90)] [PII](5AF87A306FA25B67A81D376AFA0DD09F) has hash 3080293081, root wait is 2.82813 s
04-09 16:44:09.784  3092  3092 I cast_shell: [3095:3095:INFO:multizone_manager.cc(330)] Multizone features are enabled
04-09 16:44:09.784  3092  3092 I cast_shell: [3095:3095:INFO:cast_power_manager_provider.cc(26)] Creating DummyCastPowerManagerProvider
04-09 16:44:09.784  3092  3092 I cast_shell: [3095:3095:INFO:update_engine_client_with_ipc.cc(343)] Using IPC UpdateEngineClient
04-09 16:44:09.784  3092  3092 I cast_shell: [3095:3103:INFO:parent_tracker.cc(120)] Can't use IPv4
04-09 16:44:09.784  3092  3092 I cast_shell: [3095:3103:INFO:parent_tracker.cc(124)] Can't use IPv6
04-09 16:44:09.784  3092  3092 I cast_shell: [3095:3103:ERROR:parent_tracker.cc(125)] No valid interface for multicast
04-09 16:44:09.785  3095  3095 E         : Create
04-09 16:44:09.785  3095  3095 E         : OOBE IsSupported
04-09 16:44:09.786  3092  3092 I cast_shell: [3095:3103:INFO:directory_service_impl.cc(168)] Boot count is now 1
04-09 16:44:09.786  3092  3092 I cast_shell: [3095:3103:ERROR:socket_posix.cc(148)] bind() failed: Address already in use (98)
04-09 16:44:09.786  3092  3092 I cast_shell: [3095:3103:ERROR:tcp_listener.cc(64)] Listen failed: net::ERR_ADDRESS_IN_USE : 0.0.0.0:10101
04-09 16:44:09.786  3092  3092 I cast_shell: [3095:3103:ERROR:directory_service_impl.cc(213)] TCP listener error: -1
04-09 16:44:09.788  3092  3092 I cast_shell: [3095:3095:INFO:chromecast_service_client_default.cc(75)] System updater is supported, and this is first setup.
04-09 16:44:09.788  3092  3092 I cast_shell: [3095:3095:INFO:managed_mode_service.cc(345)] Starting in managed mode: 0
04-09 16:44:09.789  3092  3092 I cast_shell: [3095:3095:INFO:platform_client_auth_creds.cc(114)] Loaded client certificate. Key len = 2048 bits. Chain len = 2 (source FROM_CERT).
04-09 16:44:09.791  3092  3092 I cast_shell: [3095:3095:INFO:grpc_manager_impl.cc(245)] Registered service chromecast.LocalCloudcastService
04-09 16:44:09.791  3092  3092 I cast_shell: [3095:3095:INFO:grpc_manager_impl.cc(262)] Registered a handler ExecuteActionScript for service chromecast.LocalCloudcastService
04-09 16:44:09.791  3092  3092 I cast_shell: [3095:3095:INFO:grpc_manager_impl.cc(262)] Registered a handler ObserveDeviceStatus for service chromecast.LocalCloudcastService
04-09 16:44:09.791  3092  3092 I cast_shell: [3095:3095:INFO:grpc_manager_impl.cc(262)] Registered a handler GetDeviceStatus for service chromecast.LocalCloudcastService
04-09 16:44:09.791  3092  3092 I cast_shell: [3095:3095:INFO:grpc_manager_impl.cc(505)] GRPC[uri=[::]:0]: num_pending_calls=0, num_active_handlers=0, num_free_handlers=0
04-09 16:44:09.792  3092  3092 I cast_shell: [3095:3095:INFO:cast_power_manager_provider.cc(26)] Creating DummyCastPowerManagerProvider
04-09 16:44:09.792  3092  3092 I cast_shell: [3095:3095:INFO:cast_power_manager_provider.cc(26)] Creating DummyCastPowerManagerProvider
04-09 16:44:09.792  3092  3092 I cast_shell: [3095:3095:INFO:gcm_manager.cc(140)] GCM Dir = /data/chrome/gcm
04-09 16:44:09.792  3092  3092 I cast_shell: [3095:3095:INFO:gcm_manager.cc(258)] Enabling GCM Driver
04-09 16:44:09.792  3092  3092 I cast_shell: [3095:3095:INFO:grpc_manager_impl.cc(505)] GRPC[uri=]: num_pending_calls=0, num_active_handlers=0, num_free_handlers=0
04-09 16:44:09.793  3092  3092 I cast_shell: [3095:3095:INFO:lycra_gcm.cc(117)] Deferring GCM registration until connectivity is up.
04-09 16:44:09.852  3092  3092 I cast_shell: [3095:3095:WARNING:cloud_settings_manager.cc(513)] Cannot initialize device settings config: /data/chrome/cloud_settings/cloud_settings.prefs, pref_error=6
04-09 16:44:09.852  3092  3092 I cast_shell: [3095:3095:INFO:cloud_settings_manager.cc(195)] Cloud settings is disabled.
04-09 16:44:09.852  3092  3092 I cast_shell: [3095:3095:INFO:pref_metrics_manager.cc(66)] PrefMetricsManager started.
04-09 16:44:09.853  3092  3092 I cast_shell: [3095:3095:INFO:pref_control_service_impl.cc(142)] Loading prefs from /data/chrome/pref_control/pref_control.prefs
04-09 16:44:09.854  3092  3092 I cast_shell: [3095:3095:INFO:pref_control_service_impl.cc(602)] Registering pref Pref [Name:motion_sensing_pref,RestoreValue:1,ForceEnableParent:1,Value:1,Optin:1]
04-09 16:44:09.854  3092  3092 I cast_shell: [3095:3095:INFO:pref_control_service_impl.cc(602)] Registering pref Pref [Name:sleep_sensing_pref,RestoreValue:0,ForceEnableParent:1,Value:1,Optin:0]
04-09 16:44:09.854  3092  3092 I cast_shell: [3095:3095:INFO:pref_control_service_impl.cc(602)] Registering pref Pref [Name:sleep_disturbance_pref,RestoreValue:1,ForceEnableParent:0,Value:1,Optin:0]
04-09 16:44:09.854  3092  3092 I cast_shell: [3095:3095:INFO:pref_control_service_impl.cc(602)] Registering pref Pref [Name:sleep_coaching_pref,RestoreValue:1,ForceEnableParent:0,Value:1,Optin:0]
04-09 16:44:09.854  3092  3092 I cast_shell: [3095:3095:INFO:pref_control_service_impl.cc(602)] Registering pref Pref [Name:gesture_sensing_pref,RestoreValue:0,ForceEnableParent:1,Value:1,Optin:0]
04-09 16:44:09.854  3092  3092 I cast_shell: [3095:3095:INFO:pref_control_service_impl.cc(602)] Registering pref Pref [Name:play_and_pause_gesture_pref,RestoreValue:1,ForceEnableParent:0,Value:1,Optin:0]
04-09 16:44:09.854  3092  3092 I cast_shell: [3095:3095:INFO:pref_control_service_impl.cc(602)] Registering pref Pref [Name:snooze_alarm_gesture_pref,RestoreValue:1,ForceEnableParent:0,Value:1,Optin:0]
04-09 16:44:09.854  3092  3092 I cast_shell: [3095:3095:INFO:pref_control_service_impl.cc(602)] Registering pref Pref [Name:stop_timers_gesture_pref,RestoreValue:1,ForceEnableParent:0,Value:1,Optin:0]
04-09 16:44:09.855  3092  3092 I cast_shell: [3095:3095:INFO:pref_metrics_manager.cc(94)] Adding motion_sensing_pref to PrefMetricsManager.
04-09 16:44:09.855  3092  3092 I cast_shell: [3095:3095:INFO:pref_metrics_manager.cc(94)] Adding sleep_sensing_pref to PrefMetricsManager.
04-09 16:44:09.855  3092  3092 I cast_shell: [3095:3095:INFO:pref_metrics_manager.cc(94)] Adding sleep_disturbance_pref to PrefMetricsManager.
04-09 16:44:09.855  3092  3092 I cast_shell: [3095:3095:INFO:pref_metrics_manager.cc(94)] Adding sleep_coaching_pref to PrefMetricsManager.
04-09 16:44:09.855  3092  3092 I cast_shell: [3095:3095:INFO:pref_metrics_manager.cc(94)] Adding gesture_sensing_pref to PrefMetricsManager.
04-09 16:44:09.855  3092  3092 I cast_shell: [3095:3095:INFO:pref_metrics_manager.cc(94)] Adding play_and_pause_gesture_pref to PrefMetricsManager.
04-09 16:44:09.855  3092  3092 I cast_shell: [3095:3095:INFO:pref_metrics_manager.cc(94)] Adding snooze_alarm_gesture_pref to PrefMetricsManager.
04-09 16:44:09.855  3092  3092 I cast_shell: [3095:3095:INFO:pref_metrics_manager.cc(94)] Adding stop_timers_gesture_pref to PrefMetricsManager.
04-09 16:44:09.855  3092  3092 I cast_shell: [3095:3095:INFO:pref_control_service_impl.cc(107)] PrefControlService constructed.
04-09 16:44:09.855  3092  3092 I cast_shell: [3095:3095:INFO:grpc_manager_impl.cc(245)] Registered service chromecast.grpc_discovery.GrpcDiscoveryService
04-09 16:44:09.856  3092  3092 I cast_shell: [3095:3095:INFO:grpc_manager_impl.cc(262)] Registered a handler GetServiceInfo for service chromecast.grpc_discovery.GrpcDiscoveryService
04-09 16:44:09.857  3092  3092 I cast_shell: [3095:3095:INFO:grpc_manager_impl.cc(505)] GRPC[uri=unix:/tmp/hcp_ipc_auth.socket]: num_pending_calls=0, num_active_handlers=0, num_free_handlers=0
04-09 16:44:09.857  3092  3092 I cast_shell: [3095:3130:INFO:common_time.cc(128)] New common clock leader 5AF87A306FA25B67A81D376AFA0DD09F, is_this_device = 1, IP = [::1]:10006, quality = 0
04-09 16:44:09.857  3092  3092 I cast_shell: [3095:3130:INFO:common_time.cc(158)] Set this device as common time source
04-09 16:44:09.857  3092  3092 I cast_shell: [3095:3095:INFO:grpc_manager_impl.cc(245)] Registered service usonia.ipc.Auth
04-09 16:44:09.857  3092  3092 I cast_shell: [3095:3095:INFO:grpc_manager_impl.cc(262)] Registered a handler Sign for service usonia.ipc.Auth
04-09 16:44:09.857  3092  3092 I cast_shell: [3095:3095:INFO:grpc_manager_impl.cc(262)] Registered a handler Verify for service usonia.ipc.Auth
04-09 16:44:09.858  3092  3092 I cast_shell: [3095:3095:INFO:grpc_manager_impl.cc(262)] Registered a handler AuthReady for service usonia.ipc.Auth
04-09 16:44:09.858  3092  3092 I cast_shell: [3095:3095:INFO:grpc_manager_impl.cc(245)] Registered service usonia.ipc.DistributedServiceDiscovery
04-09 16:44:09.858  3092  3092 I cast_shell: [3095:3095:INFO:grpc_manager_impl.cc(262)] Registered a handler UpdateServiceObservers for service usonia.ipc.DistributedServiceDiscovery
04-09 16:44:09.858  3092  3092 I cast_shell: [3095:3095:INFO:grpc_manager_impl.cc(262)] Registered a handler FetchAllPeerAddressList for service usonia.ipc.DistributedServiceDiscovery
04-09 16:44:09.858  3092  3092 I cast_shell: [3095:3095:INFO:grpc_manager_impl.cc(262)] Registered a handler ResolvePeerAddress for service usonia.ipc.DistributedServiceDiscovery
04-09 16:44:09.858  3092  3092 I cast_shell: [3095:3095:INFO:grpc_manager_impl.cc(262)] Registered a handler AddService for service usonia.ipc.DistributedServiceDiscovery
04-09 16:44:09.859  3092  3092 I cast_shell: [3095:3095:INFO:grpc_manager_impl.cc(262)] Registered a handler ObserveCommonTime for service usonia.ipc.TimeSynchronizer
04-09 16:44:09.860  3092  3092 I cast_shell: [3095:3095:INFO:grpc_manager_impl.cc(317)] Grpc server started in port 1
04-09 16:44:09.861  3092  3092 I cast_shell: [3095:3095:INFO:sensor_pref_manager.cc(84)] SensorPrefManager is disabled.
04-09 16:44:09.861  3092  3092 I cast_shell: [3095:3095:INFO:remote_ducking_receiver.cc(183)] remote ducking: starting receiver.
04-09 16:44:09.861  3092  3092 I cast_shell: [3095:3095:INFO:grpc_manager_impl.cc(505)] GRPC[uri=unix:/tmp/modular_updater/modular_update_service]: num_pending_calls=0, num_active_handlers=0, num_free_handlers=0
04-09 16:44:09.861  3092  3092 I cast_shell: [3095:3095:INFO:cast_power_manager_provider.cc(26)] Creating DummyCastPowerManagerProvider
04-09 16:44:09.868  3092  3092 I cast_shell: [3095:3095:INFO:timezone_settings.cc(288)] Setting system timezone to America/Los_Angeles
04-09 16:44:09.869  3092  3092 I cast_shell: [3095:3095:INFO:daily_reboot_impl.cc(172)] Daily reboot is disabled
04-09 16:44:09.869  3092  3092 I cast_shell: [3095:3095:INFO:api_reboot.cc(321)] active_activities count=1
04-09 16:44:09.869  3092  3092 I cast_shell: [3095:3102:INFO:gamma_utils.cc(31)] Gamma calibration file is not present, use default LUT
04-09 16:44:09.870  3092  3092 I cast_shell: [3095:3095:INFO:cast_power_manager_provider.cc(26)] Creating DummyCastPowerManagerProvider
04-09 16:44:09.870  3092  3092 I chatty  : uid=1000(chrome) /bin/logwrapper identical 1 line
04-09 16:44:09.870  3092  3092 I cast_shell: [3095:3095:INFO:cast_power_manager_provider.cc(26)] Creating DummyCastPowerManagerProvider
04-09 16:44:09.872  3092  3092 I cast_shell: [3095:3102:INFO:tuning_manager.cc(118)] No file found at /etc/cast_audio.json
04-09 16:44:09.872  3092  3092 I cast_shell: [3095:3102:INFO:tuning_manager.cc(130)] No file found at /etc/cast_audio.json
04-09 16:44:09.872  3092  3092 I cast_shell: [3095:3095:INFO:setup_api_registry.cc(192)] Register external API: audio/delete_config
04-09 16:44:09.872  3092  3092 I cast_shell: [3095:3095:INFO:setup_api_registry.cc(192)] Register external API: audio/get_avail_processors
04-09 16:44:09.873  3092  3092 I cast_shell: [3095:3095:INFO:setup_api_registry.cc(192)] Register external API: audio/get_config
04-09 16:44:09.873  3092  3092 I cast_shell: [3095:3095:INFO:setup_api_registry.cc(192)] Register external API: audio/get_default_config
04-09 16:44:09.873  3092  3092 I cast_shell: [3095:3095:INFO:setup_api_registry.cc(192)] Register external API: audio/set_params
04-09 16:44:09.873  3092  3092 I cast_shell: [3095:3095:INFO:setup_api_registry.cc(192)] Register external API: audio/set_config
04-09 16:44:09.873  3092  3092 I cast_shell: [3095:3095:INFO:setup_api_registry.cc(192)] Register external API: user_eq/set_equalizer
04-09 16:44:09.873  3092  3092 I cast_shell: [3095:3095:INFO:capture_service_dummy.cc(11)] Dummy CaptureService.
04-09 16:44:09.876  3092  3092 I cast_shell: [3095:3095:INFO:setup_api_registry.cc(192)] Register external API: auto_media_volume
04-09 16:44:09.877  3092  3092 I cast_shell: [3095:3095:INFO:cast_thread_health_check.cc(53)] Receiver health check timeout: 15 seconds.
04-09 16:44:09.877  3092  3092 I cast_shell: [3095:3095:INFO:file_util.cc(28)] base_assistant_dir = /data/chrome
04-09 16:44:09.878  3092  3092 I cast_shell: [3095:3095:INFO:chromecast_service.cc(2189)] Geolocation changed to: 0
04-09 16:44:09.878  3092  3092 I cast_shell: [3095:3095:INFO:chromecast_service.cc(2229)] AoGH feature is: 0
04-09 16:44:09.878  3092  3092 I cast_shell: [3095:3095:INFO:chromecast_service.cc(2248)] Playback disruption feature is: 0
04-09 16:44:09.883  3092  3092 I cast_shell: [3095:3095:INFO:metrics_recorder.cc(112)] Metrics stat: total=0
04-09 16:44:09.883  3092  3092 I cast_shell: [3095:3118:INFO:media_manager_impl.cc(1043)] New device volume control type: new_type=1, old_type=0
04-09 16:44:09.883  3092  3092 I cast_shell: [3095:3118:INFO:media_manager_impl.cc(1066)] New device volume step interval: new_interval=0.02, old_interval=0
04-09 16:44:09.883  3092  3092 I cast_shell: [3095:3118:ERROR:media_manager_impl.cc(1294)] GetScreenResolution failed.
04-09 16:44:09.883  3092  3092 I cast_shell: [3095:3118:INFO:media_manager_impl.cc(343)] Media manager is initialized.
04-09 16:44:09.884  3092  3092 I cast_shell: [3095:3095:INFO:media_manager_impl.cc(269)] IsHdmiPlatform: 0
04-09 16:44:09.885  3092  3092 I cast_shell: [3095:3095:INFO:hds_settings.cc(136)] HdsSettings using HDS url https://preprod-home-devices.sandbox.google.com/
04-09 16:44:09.886  3092  3092 I cast_shell: [3095:3095:INFO:client_auth_creds.cc(173)] Device cert: 4D8AC5B9056A76852E4F FA:8F:CA:87:13:D1
04-09 16:44:09.886  3092  3092 I cast_shell: [3095:3095:INFO:client_auth_creds.cc(182)] Intermediate cert: LSB
04-09 16:44:09.886  3092  3092 I cast_shell: [3095:3095:INFO:client_auth_creds.cc(182)] Intermediate cert: Amlogic GVA Manufacturer Cert
04-09 16:44:09.886  3092  3092 I cast_shell: [3095:3095:INFO:client_auth_creds.cc(226)] Imported client auth cert.
04-09 16:44:09.886  3092  3092 I cast_shell: [3095:3095:INFO:client_auth_creds.cc(237)] Imported client auth private key
04-09 16:44:09.886  3092  3092 I cast_shell: [3095:3095:INFO:client_auth_signer.cc(155)] Created singleton instance of ClientAuthSigner.
04-09 16:44:09.886  3092  3092 I cast_shell: [3095:3095:INFO:client_auth_manager.cc(119)] Storing the certificate first used by the device.
04-09 16:44:09.930  3092  3092 I cast_shell: [3095:3095:WARNING:application_config_manager_impl.cc(253)] Cannot read application config file: /fakeapp.conf
04-09 16:44:09.930  3092  3092 I cast_shell: [3095:3095:INFO:application_manager_impl.cc(398)] Application manager is initialized.
04-09 16:44:09.930  3092  3092 I cast_shell: [3095:3095:INFO:mdns_cast_service.cc(156)] Device discovery state is idle
04-09 16:44:09.931  3092  3092 I cast_shell: [3095:3095:INFO:mdns_manager_impl.cc(177)] MdnsManager is initialized
04-09 16:44:09.931  3092  3092 I cast_shell: [3095:3143:INFO:mdns_app_filter.cc(573)] MdnsAppFilter initialized
04-09 16:44:09.931  3092  3092 I cast_shell: [3095:3143:INFO:discovered_service_client.cc(102)] Registering new service PTR listener: _googlecast._tcp.local
04-09 16:44:09.931  3092  3092 I cast_shell: [3095:3095:INFO:config_downloader.cc(239)] Set config periodic interval: min=300, max=420
04-09 16:44:09.932  3092  3092 I cast_shell: [3095:3095:INFO:crl_downloader.cc(274)] Set CRL periodic interval: min=2160, max=2880
04-09 16:44:09.932  3092  3092 I cast_shell: [3095:3144:INFO:v2_transport.cc(458)] Added Cast V2 endpoint: id=Tr@n$p0rt-0, socket_factory_id=[PII](*)
04-09 16:44:09.932  3092  3092 I cast_shell: [3095:3144:INFO:endpoint_with_namespace_handler.cc(103)] Added a namespace handler: local_id=Tr@n$p0rt-0, namespace=urn:x-cast:com.google.cast.tp.connection
04-09 16:44:09.932  3092  3092 I cast_shell: [3095:3144:INFO:endpoint_with_namespace_handler.cc(103)] Added a namespace handler: local_id=Tr@n$p0rt-0, namespace=urn:x-cast:com.google.cast.tp.heartbeat
04-09 16:44:09.932  3092  3092 I cast_shell: [3095:3144:INFO:endpoint_with_namespace_handler.cc(103)] Added a namespace handler: local_id=Tr@n$p0rt-0, namespace=urn:x-cast:com.google.cast.tp.deviceauth
04-09 16:44:09.932  3092  3092 I cast_shell: [3095:3144:INFO:v2_transport.cc(335)] V2Transport initialized.
04-09 16:44:09.932  3092  3092 I cast_shell: [3095:3095:INFO:hds_broker_impl.cc(121)] HDS type registered type.googleapis.com/home.hds.proto.device.relayedcasting.RelayedCastingPleaseConnectRequest
04-09 16:44:09.932  3092  3092 I cast_shell: [3095:3144:INFO:v2_transport.cc(411)] Added socket factory: id=domain-socket@/tmp/cast-control
04-09 16:44:09.933  3092  3092 I cast_shell: [3095:3144:INFO:v2_transport.cc(411)] Added socket factory: id=opencast-socket
04-09 16:44:09.933  3092  3092 I cast_shell: [3095:3095:INFO:mdns_util.cc(102)] Defaulting mDNS capabilities for audio-only build
04-09 16:44:09.934  3092  3092 I cast_shell: [3095:3095:INFO:ccs_manager_impl.cc(523)] [PII] device_id=5AF87A306FA25B67A81D376AFA0DD09F
04-09 16:44:09.934  3092  3092 I cast_shell: [3095:3144:INFO:endpoint_with_namespace_handler.cc(103)] Added a namespace handler: local_id=receiver-c65fb0ec-4c57-7942-02b5-54f50a9a975d, namespace=urn:x-cast:com.google.cast.receiver.key_exchange
04-09 16:44:09.934  3092  3092 I cast_shell: [3095:3144:INFO:endpoint_with_namespace_handler.cc(103)] Added a namespace handler: local_id=receiver-c65fb0ec-4c57-7942-02b5-54f50a9a975d, namespace=urn:x-cast:com.google.cast.broadcast
04-09 16:44:09.934  3092  3092 I cast_shell: [3095:3144:INFO:endpoint_with_namespace_handler.cc(103)] Added a namespace handler: local_id=receiver-c65fb0ec-4c57-7942-02b5-54f50a9a975d, namespace=urn:x-cast:com.google.cast.proximity
04-09 16:44:09.934  3092  3092 I cast_shell: [3095:3144:INFO:endpoint_with_namespace_handler.cc(103)] Added a namespace handler: local_id=receiver-c65fb0ec-4c57-7942-02b5-54f50a9a975d, namespace=urn:x-cast:com.google.cast.resource
04-09 16:44:09.934  3092  3092 I cast_shell: [3095:3095:INFO:ccs_manager_impl.cc(838)] Device model revision set to 0
04-09 16:44:09.935  3092  3092 I cast_shell: [3095:3143:INFO:discovered_service_client.cc(102)] Registering new service PTR listener: _googlerpc._tcp.local
04-09 16:44:09.935  2731  2741 W HotspotManager: hotspot already stopped
04-09 16:44:09.936  3092  3092 I cast_shell: [3095:3102:INFO:hotspot_controller_netmgr.cc(134)] Hotspot socket initialized: /dev/socket/net_mgr
04-09 16:44:09.936  3092  3092 I cast_shell: [3095:3102:INFO:hotspot_manager.cc(103)] Stop zombie hotspot if there is one
04-09 16:44:09.940  3092  3092 I cast_shell: [3095:3095:INFO:locale_manager.cc(245)] No timezone yet.
04-09 16:44:09.940  3092  3092 I cast_shell: [3095:3095:INFO:locale_manager.cc(274)] Current time format: 12-hour
04-09 16:44:09.941  3092  3092 I cast_shell: [3095:3133:INFO:net_util_shlib_support.cc(51)] Wifi interface found: wlan0
04-09 16:44:09.941  3092  3092 I cast_shell: [3095:3133:INFO:net_util_shlib_support.cc(51)] Wifi interface found: p2p0
04-09 16:44:09.941  3092  3092 I cast_shell: [3095:3133:INFO:net_util_shlib_support.cc(51)] Wifi interface found: p2p1
04-09 16:44:09.941  3092  3092 I cast_shell: [3095:3133:INFO:net_util_shlib_support.cc(51)] Wifi interface found: wfd0
04-09 16:44:09.941  3092  3092 I cast_shell: [3095:3133:INFO:wifi_controller_wpa_supplicant.cc(456)] Wifi is active: wifi_netif=wlan0
04-09 16:44:09.941  3092  3092 I cast_shell: [3095:3133:INFO:wpa_ctrl_wrapper_impl.cc(64)] wpa_ctrl is open: path=/dev/socket/wpa_wlan0, is_monitor=0
04-09 16:44:09.942  3092  3092 I cast_shell: [3095:3133:INFO:wpa_ctrl_wrapper_impl.cc(64)] wpa_ctrl is open: path=/dev/socket/wpa_wlan0, is_monitor=1
04-09 16:44:09.942  3092  3092 I cast_shell: [3095:3133:INFO:wifi_controller_wpa_supplicant.cc(487)] After initialization: current_wifi_index_=0
04-09 16:44:09.942  3092  3092 I cast_shell: [3095:3145:INFO:thread_watching_io_shlib.cc(81)] Start thread watching IO: WifiEventMonitor
04-09 16:44:09.945  3092  3092 I cast_shell: [3095:3133:INFO:setup_manager_impl.cc(732)] Initially set Google DNS servers: enable
04-09 16:44:09.945  3092  3092 I cast_shell: [3095:3133:INFO:setup_api_registry.cc(192)] Register external API: eureka_info
04-09 16:44:09.945  3092  3092 I cast_shell: [3095:3133:INFO:setup_api_registry.cc(192)] Register external API: set_eureka_info
04-09 16:44:09.945  3092  3092 I cast_shell: [3095:3133:INFO:setup_api_registry.cc(192)] Register external API: set_network
04-09 16:44:09.945  3092  3092 I cast_shell: [3095:3133:INFO:setup_api_registry.cc(192)] Register external API: set_network_ssid
04-09 16:44:09.945  3092  3092 I cast_shell: [3095:3133:INFO:setup_api_registry.cc(192)] Register external API: get_app_device_id
04-09 16:44:09.945  3092  3092 I cast_shell: [3095:3133:INFO:setup_api_registry.cc(192)] Register external API: send_log_report
04-09 16:44:09.945  3092  3092 I cast_shell: [3095:3133:INFO:setup_api_registry.cc(192)] Register external API: accept_tos
04-09 16:44:09.946  3092  3092 I cast_shell: [3095:3095:INFO:locale_manager.cc(295)] No locale. Set default from factory: en-00
04-09 16:44:09.947  3092  3092 I cast_shell: [3095:3095:INFO:locale_manager.cc(329)] Use factory country code: 00
04-09 16:44:09.947  3092  3092 I cast_shell: [3095:3095:INFO:locale_manager.cc(639)] New country code: 00
04-09 16:44:09.949  3092  3092 I cast_shell: [3095:3095:INFO:setup_manager_impl.cc(645)] Initial activation date cached value: 
04-09 16:44:09.950  3092  3092 I cast_shell: [3095:3095:INFO:hds_broker_impl.cc(121)] HDS type registered type.googleapis.com/google.internal.home.foyer.v1.resources.IsDeviceReadyRequest
04-09 16:44:09.950  3092  3092 I cast_shell: [3095:3095:INFO:hds_broker_impl.cc(121)] HDS type registered type.googleapis.com/home.cloud.biz.EnterWeavePairingModeRequest
04-09 16:44:09.950  3092  3092 I cast_shell: [3095:3095:INFO:multizone_manager.cc(371)] Using SSL for control data
04-09 16:44:09.950  3092  3092 I cast_shell: [3095:3095:INFO:multizone_setup.cc(206)] OEM delay = 0 s
04-09 16:44:09.950  3092  3092 I cast_shell: [3095:3095:INFO:mdns_util.cc(102)] Defaulting mDNS capabilities for audio-only build
04-09 16:44:09.950  3092  3092 I cast_shell: [3095:3095:INFO:api_reboot.cc(321)] active_activities count=1
04-09 16:44:09.950  2710  2710 I wpa_supplicant: wlan0: CTRL-EVENT-REGDOM-CHANGE init=CORE type=WORLD
04-09 16:44:09.951  3092  3092 I cast_shell: [3095:3095:INFO:setup_api_registry.cc(192)] Register external API: reboot
04-09 16:44:09.951  3092  3092 I cast_shell: [3095:3146:INFO:multizone_manager.cc(539)] Dynamic groups are enabled
04-09 16:44:09.951  3092  3092 I cast_shell: [3095:3095:WARNING:cast_crypto_keys_openssl_shlib.cc(70)] No valid ESN read.
04-09 16:44:09.952  2711  2723 I yani_server: NetLink Event '-1' Interface-Index '5' WLAN '-1' Ethernet '-1' Parsed-iFill '-1' -> 'INVALID' ifIndex '1' -> 'lo'
04-09 16:44:09.953  3092  3092 I cast_shell: [3095:3144:INFO:endpoint_with_namespace_handler.cc(103)] Added a namespace handler: local_id=receiver-c65fb0ec-4c57-7942-02b5-54f50a9a975d, namespace=urn:x-cast:com.google.cast.multizone
04-09 16:44:09.959  2711  2723 I yani_server: NetLink Event '-1' Interface-Index '5' WLAN '0' Ethernet '-1' Parsed-iFill '-1' -> 'INVALID' ifIndex '1' -> 'lo'
04-09 16:44:09.978  2733  2812 I bluetoothtbd: [0409/041409.977943:INFO:gatt_api.cc(1005)] GATT_Register
04-09 16:44:09.978  2733  2812 I bluetoothtbd: [0409/041409.978155:INFO:gatt_api.cc(1028)] allocated gatt_if=4
04-09 16:44:09.983  2733  2812 E bt_btif : register application first_unuse rcb_idx = 0
04-09 16:44:09.983  2733  2812 I bluetoothtbd: [0409/041409.983346:INFO:gatt_api.cc(1005)] GATT_Register
04-09 16:44:09.983  2733  2812 I bluetoothtbd: [0409/041409.983448:INFO:gatt_api.cc(1028)] allocated gatt_if=5
04-09 16:44:09.991  2733  2812 I bluetoothtbd: [0409/041409.991758:INFO:gatt_api.cc(1005)] GATT_Register
04-09 16:44:09.991  2733  2812 I bluetoothtbd: [0409/041409.991930:INFO:gatt_api.cc(1028)] allocated gatt_if=6
04-09 16:44:09.993  2733  2764 I bluetoothtbd: [0409/041409.993429:INFO:adapter.cc(551)] Adapter properties changed
04-09 16:44:09.993  2733  2764 I bluetoothtbd: [0409/041409.993585:INFO:adapter.cc(573)] Adapter name changed
04-09 16:44:09.995  2733  2764 I bluetoothtbd: [0409/041409.995448:INFO:adapter.cc(551)] Adapter properties changed
04-09 16:44:09.996  2733  2812 I bluetoothtbd: [0409/041409.996849:INFO:btif_ble_advertiser.cc(90)] RegisterAdvertiserCb status: 0 , adveriser_id: 0
04-09 16:44:09.998  3092  3092 I cast_shell: [3095:3095:INFO:input_manager_impl.cc(284)] RegisterInput: device_id: cast, type: 0, state: 0
04-09 16:44:09.998  3092  3092 I cast_shell: [3095:3095:INFO:input_manager_impl.cc(308)] NotifyInputConnect: device_id: cast, sample_rate: 0, num_channels: 0
04-09 16:44:09.998  3092  3092 I cast_shell: [3095:3095:INFO:input_manager_impl.cc(370)] SetActiveInput: cast
04-09 16:44:09.998  3092  3092 I cast_shell: [3095:3144:INFO:endpoint_with_namespace_handler.cc(103)] Added a namespace handler: local_id=receiver-c65fb0ec-4c57-7942-02b5-54f50a9a975d, namespace=urn:x-cast:com.google.cast.audio.input
04-09 16:44:09.999  2733  2764 I bluetoothtbd: [0409/041409.999289:INFO:adapter.cc(551)] Adapter properties changed
04-09 16:44:09.999  2733  2764 I bluetoothtbd: [0409/041409.999503:INFO:adapter.cc(551)] Adapter properties changed
04-09 16:44:09.999  2733  2764 E bluetoothtbd: [0409/041409.999605:ERROR:adapter.cc(608)] Invalid property length: 512
04-09 16:44:10.000  3092  3092 I cast_shell: [3095:3133:INFO:gatt_client_manager_impl.cc(202)] Enabling GATT client connectability
04-09 16:44:10.000  3092  3092 I cast_shell: [3095:3095:INFO:bluetooth_setup.cc(690)] Disabling connectability.
04-09 16:44:10.000  3092  3092 I cast_shell: [3095:3133:INFO:setup_api_registry.cc(192)] Register external API: input/status
04-09 16:44:10.000  3092  3092 I cast_shell: [3095:3095:INFO:input_manager_impl.cc(284)] RegisterInput: device_id: bluetooth, type: 1, state: 0
04-09 16:44:10.000  3092  3092 I cast_shell: [3095:3133:INFO:setup_api_registry.cc(192)] Register external API: input/set_active
04-09 16:44:10.000  3092  3092 I cast_shell: [3095:3133:INFO:setup_api_registry.cc(192)] Register external API: input/debug_register
04-09 16:44:10.000  3092  3092 I cast_shell: [3095:3144:INFO:endpoint_with_namespace_handler.cc(103)] Added a namespace handler: local_id=receiver-c65fb0ec-4c57-7942-02b5-54f50a9a975d, namespace=urn:x-cast:com.google.cast.assistant
04-09 16:44:10.000  3092  3092 I cast_shell: [3095:3133:INFO:setup_api_registry.cc(192)] Register external API: input/debug_connect
04-09 16:44:10.000  3092  3092 I cast_shell: [3095:3144:INFO:endpoint_with_namespace_handler.cc(103)] Added a namespace handler: local_id=receiver-c65fb0ec-4c57-7942-02b5-54f50a9a975d, namespace=urn:x-cast:com.google.cast.companionauth
04-09 16:44:10.000  3092  3092 I cast_shell: [3095:3133:INFO:setup_api_registry.cc(192)] Register external API: input/debug_disconnect
04-09 16:44:10.000  3092  3092 I cast_shell: [3095:3095:INFO:robot_account_auth_manager.cc(295)] No backend type specified. Getting COS URL based on the build type instead.
04-09 16:44:10.004  3092  3092 I cast_shell: E0409 04:14:10.003936844    3095 server_chttp2.cc:40]        {"created":"@1649502850.003593094","description":"No address added out of total 1 resolved","file":"../../third_party/grpc/src/src/core/ext/transport/chttp2/server/chttp2_server.cc","file_line":397,"referenced_errors":[{"created":"@1649502850.003585052","description":"Unable to configure socket","fd":152,"file":"../../third_party/grpc/src/src/core/lib/iomgr/tcp_server_utils_posix_common.cc","file_line":216,"referenced_errors":[{"created":"@1649502850.003547552","description":"No such file or directory","errno":2,"file":"../../third_party/grpc/src/src/core/lib/iomgr/tcp_server_utils_posix_common.cc","file_line":189,"os_error":"No such file or directory","syscall":"bind"}]}]}
04-09 16:44:10.004  3092  3092 I cast_shell: [3095:3133:INFO:bluetooth_manager.cc(1232)] [PII] Set device name to 'LSB6631'
04-09 16:44:10.004  3092  3092 I cast_shell: [3095:3095:ERROR:grpc_manager_impl.cc(311)] Could not start Grpc server.
04-09 16:44:10.004  3092  3092 I cast_shell: [3095:3133:INFO:wifi_proximity.cc(177)] Request scan.
04-09 16:44:10.006  3092  3092 I cast_shell: [3095:3112:ERROR:cast_media_shlib.cc(80)] snd_hctl_find_elem failed to find the rate offset element.
04-09 16:44:10.009  3092  3092 I cast_shell: [3095:3095:ERROR:server.cc(243)] XDG_RUNTIME_DIR not set in the environment
04-09 16:44:10.009  3092  3092 I cast_shell: [3095:3095:ERROR:wayland_server_controller.cc(27)] Wayland server creation failed
04-09 16:44:10.009  3092  3092 I cast_shell: [3095:3095:WARNING:cast_metrics_service_client.cc(134)] Empty client id from platform, assuming this is the first boot up of a new device.
04-09 16:44:10.009  3092  3092 I cast_shell: [3095:3095:INFO:cast_metrics_service_client.cc(93)] Metrics client ID set: 8868b8cb-73c9-49d3-a76b-5bda51704d7f
04-09 16:44:10.009  3092  3092 I cast_shell: [3095:3095:INFO:device_info_impl.cc(970)] Metrics client ID: 8868b8cb-73c9-49d3-a76b-5bda51704d7f
04-09 16:44:10.011  3092  3092 I cast_shell: [3095:3095:INFO:cast_metrics_service_client.cc(93)] Metrics client ID set: 8868b8cb-73c9-49d3-a76b-5bda51704d7f
04-09 16:44:10.011  3092  3092 I cast_shell: [3095:3095:INFO:device_info_impl.cc(970)] Metrics client ID: 8868b8cb-73c9-49d3-a76b-5bda51704d7f
04-09 16:44:10.013  3092  3092 I cast_shell: [3095:3102:INFO:crypto_manager.cc(75)] Creating private key: size=2048
04-09 16:44:10.024  3092  3092 I cast_shell: [3095:3095:INFO:cast_receiver_impl.cc(828)] Cast receiver started.
04-09 16:44:10.024  3092  3092 I cast_shell: [3095:3144:ERROR:socket_posix.cc(148)] bind() failed: Address already in use (98)
04-09 16:44:10.024  3092  3092 I cast_shell: [3095:3095:WARNING:cast_receiver_impl.cc(1126)] Network is not globally connected. Don't schedule config downloading yet.
04-09 16:44:10.024  3092  3092 I cast_shell: [3095:3095:INFO:ccs_manager_impl.cc(663)] Starting cloud ipc activity with CCS
04-09 16:44:10.025  3092  3092 I cast_shell: [3095:3095:INFO:ccs_manager_impl.cc(1286)] CcsManagerImpl opt_in.cloud_ipc pref changed: 1
04-09 16:44:10.025  3092  3092 I cast_shell: [3095:3095:INFO:ccs_manager_impl.cc(1322)] Waiting for all transports to be enabled
04-09 16:44:10.025  3092  3092 I cast_shell: [3095:3095:INFO:ccs_transport_gcm.cc(94)] Deferring GCM registration until connectivity is up
04-09 16:44:10.025  3092  3092 I cast_shell: [3095:3095:INFO:multizone_manager.cc(2397)] Resuming MultizoneManager
04-09 16:44:10.025  3092  3092 I cast_shell: [3095:3144:INFO:v2_ssl_socket.cc(775)] IPv6 socket probably supports both IPv4 and IPv6
04-09 16:44:10.025  3092  3092 I cast_shell: [3095:3095:INFO:cast_receiver_impl.cc(934)] Cast receiver resumed.
04-09 16:44:10.025  3092  3092 I cast_shell: [3095:3095:WARNING:cast_receiver_impl.cc(1138)] Network is not globally connected. Don't schedule CRL downloading yet.
04-09 16:44:10.037  2731  2741 I HotspotManager: setting interface MAC addr
04-09 16:44:10.037  3092  3092 I cast_shell: [3095:3143:INFO:mdns_cast_service.cc(351)] Device discovery state is setup-only
04-09 16:44:10.037  3092  3092 I cast_shell: [3095:3107:INFO:device_info_impl.cc(895)] [PII] Hotspot BSSID from cert: FA:8F:CA:87:13:D1
04-09 16:44:10.037  3092  3092 I cast_shell: [3095:3107:INFO:hotspot_manager.cc(198)] Starting request id=1 ssid=LSB6631.d256, hidden=0
04-09 16:44:10.042  3092  3092 I cast_shell: [3095:3156:INFO:external_mojo_broker.cc(405)] Initializing external mojo broker at: /tmp/cast_mojo_broker
04-09 16:44:10.043  3092  3092 I cast_shell: [3095:3158:ERROR:cast_audio_input_json.cc(33)] Failed to read JSON file: /etc/cast_audio_input.json
04-09 16:44:10.043  3092  3092 I cast_shell: [3095:3158:ERROR:channel_selector_reader.cc(44)] Failed to read audio input json
04-09 16:44:10.045  3092  3092 I cast_shell: [3095:3158:INFO:auto_volume.cc(107)] Auto volume is disabled
04-09 16:44:10.045  3092  3092 I cast_shell: [3095:3095:INFO:audio_focus_manager_impl.cc(27)] use_media_starting_block: 0
04-09 16:44:10.046  3092  3092 I cast_shell: [3095:3095:INFO:ccs_manager_impl.cc(851)] Network connectivity down for CcsManager
04-09 16:44:10.046  3092  3092 I cast_shell: [3095:3095:INFO:grpc_auth_manager_in_process.cc(135)] Initializing Auth.
04-09 16:44:10.047  3092  3092 I cast_shell: [3095:3095:INFO:grpc_manager_impl.cc(505)] GRPC[uri=[::]:8012]: num_pending_calls=0, num_active_handlers=0, num_free_handlers=0
04-09 16:44:10.050  3092  3092 I cast_shell: [3095:3095:INFO:grpc_manager_impl.cc(317)] Grpc server started in port 8012
04-09 16:44:10.050  3092  3092 I cast_shell: [3095:3143:INFO:mdns_app_filter.cc(1605)] Re-probing due to newly registered service '1': _googlerpc
04-09 16:44:10.056  3092  3092 I cast_shell: [3095:3114:INFO:cast_auth_api_adaptor.cc(82)] CastAuth: init with library: libcast_auth.so
04-09 16:44:10.056  3092  3092 I cast_shell: [3095:3095:INFO:mdns_manager_impl.cc(468)] Setting new conflict callback
04-09 16:44:10.056  3092  3092 I cast_shell: [3095:3133:INFO:ble_setup.cc(789)] Missing required info for sign.
04-09 16:44:10.056  3092  3092 I cast_shell: [3095:3095:INFO:mdns_util.cc(102)] Defaulting mDNS capabilities for audio-only build
04-09 16:44:10.056  3092  3092 I cast_shell: [3095:3095:INFO:ccs_manager_impl.cc(1322)] Waiting for all transports to be enabled
04-09 16:44:10.056  3092  3092 I cast_shell: [3095:3095:INFO:bluetooth_setup.cc(690)] Disabling connectability.
04-09 16:44:10.056  3092  3092 I cast_shell: [3095:3114:INFO:cast_auth_api_adaptor.cc(93)] CastAuth: common module initialization successful.
04-09 16:44:10.056  3092  3092 I cast_shell: [3095:3095:INFO:input_manager_impl.cc(468)] Using virtual device c65fb0ec-4c57-7942-02b5-54f50a9a975d
04-09 16:44:10.056  3092  3092 I cast_shell: [3095:3114:INFO:cast_auth_api_adaptor.cc(98)] CastAuth: model-based module initialization successful.
04-09 16:44:10.056  3092  3092 I cast_shell: [3095:3095:INFO:virtual_device_manager.cc(247)] Virtual device [PII](c65fb0ec-4c57-7942-02b5-54f50a9a975d) using Cast V2 port 8009
04-09 16:44:10.056  3092  3092 I cast_shell: [3095:3095:INFO:metrics_recorder.cc(282)] cast event: Cast.System.Timezone.ChangeSuccessful
04-09 16:44:10.065  3092  3092 I cast_shell: [3095:3143:INFO:mdns_util.cc(102)] Defaulting mDNS capabilities for audio-only build
04-09 16:44:10.066  3092  3092 I cast_shell: [3095:3095:INFO:mdns_manager_impl.cc(311)] Successfully registered service: type=_googlerpc
04-09 16:44:10.068  3092  3092 I cast_shell: [3095:3095:INFO:mdns_manager_impl.cc(311)] Successfully registered service: type=_googlecast
04-09 16:44:10.068  3092  3092 I cast_shell: [3095:3095:INFO:virtual_device.cc(254)] Registered mDNS service for virtual device: id=c65fb0ec-4c57-7942-02b5-54f50a9a975d
04-09 16:44:10.107  3092  3092 I cast_shell: [3095:3095:INFO:secure_storage_impl.cc(107)] Secure storage initialized.
04-09 16:44:10.107  3092  3092 I cast_shell: [3095:3095:INFO:ccs_manager_impl.cc(851)] Network connectivity down for CcsManager
04-09 16:44:10.159  2963  2975 D wac-main: Netlink event
04-09 16:44:10.159  2963  2975 E wac-main: Netlink event 16 Interface Index 6 
04-09 16:44:10.160  2963  2975 E wac-main: p2p0 event Link Changed : 1002 
04-09 16:44:10.160  2963  2975 E wac-main: Enter poll and wait
04-09 16:44:10.160  2711  2723 I yani_kernel: yani_geteventfrom_changeaddr() Message-Id '1' Netlink event '16' Interface Index '6' -> Name 'p2p0' 
04-09 16:44:10.168  3092  3092 I cast_shell: [system_updater_dummy.cpp(79)] Initialize
04-09 16:44:10.169  3092  3092 I cast_shell: [system_updater_dummy.cpp(29)] system_updater_socket_create
04-09 16:44:10.170  3092  3092 I cast_shell: [3095:3095:INFO:device_info_impl.cc(1094)] Primary netif changed: new=usb0, old=
04-09 16:44:10.170  3092  3092 I cast_shell: [3095:3095:INFO:device_info_impl.cc(1103)] Primary IP address changed: netif=usb0, new=192.168.10.1, old=
04-09 16:44:10.174  2731  2741 I HotspotManager: setSSID <SSID omitted> visible
04-09 16:44:10.177  2731  2741 E WifiUtil: command: "SCAN" failed: FAIL-BUSY
04-09 16:44:10.177  2731  2741 I HotspotManager: hotspot start
04-09 16:44:10.177  2731  2741 E WifiUtil: Setting interface p2p0 up.
04-09 16:44:10.178  2731  2741 E WifiUtil: ioctl SIOCGIWFREQ fails for wlan0 Bad address
04-09 16:44:10.178  2963  2975 D wac-main: Netlink event
04-09 16:44:10.178  2963  2975 E wac-main: Netlink event 16 Interface Index 6 
04-09 16:44:10.178  2963  2975 E wac-main: p2p0 event Link Changed : 1003 
04-09 16:44:10.206  2970  2989 I otamanager: OTAManager connected to CastUpdater via  /tmp/socket/system_updater
04-09 16:44:10.206  2970  2989 I otamanager: cast_updater_threadEntry socket handle 5
04-09 16:44:10.352  2964  3010 I LibreCastControl: LibreCastControl_init() Socket Initialized
04-09 16:44:10.361  2964  3010 E LibreCastControl: PULSAR:CreateCastControlThread:18
04-09 16:44:10.362  2964  3010 E LibreCastControl: Create LibreCastLUCITimerThreadInit 
04-09 16:44:10.362  2964  3170 E LibreCastControl: PULSAR:Run:23
04-09 16:44:10.363  2964  3171 E LibreCastControl: Timer Sem Wait Start iCastPlayerstate = 0 
04-09 16:44:10.376  2691  2691 I sh      : [0409/041410.375796:INFO:cast_control_impl.cc(744)] CastControl has started running.
04-09 16:44:10.376  2691  2691 I sh      : [0409/041410.376707:INFO:cast_control_impl.cc(745)] Attempting to connect CastMessageService. socket=/tmp/cast-control
04-09 16:44:10.379  2964  3170 I LibreCastControlDelegate: OnCastStatus() +++ :0xaca2b198:STARTING
04-09 16:44:10.379  2691  2691 I sh      : [0409/041410.379603:INFO:cast_control_socket.cc(64)] Successfully connected Cast Control Socket
04-09 16:44:10.379  2964  3170 E LibreCastControlDelegate: OnCastStatus:177
04-09 16:44:10.381  2964  3170 I LibreCastControl: LibreCastControl_SetCastName()  name 'Lyric Speaker Box 21f384' RequestId '1' pCastControl 0xf4a00728
04-09 16:44:10.381  2964  3170 I LibreCastControlDelegate: Active Applications -> 0
04-09 16:44:10.381  2964  3170 I LibreCastControlDelegate: Current Cast State '1' -> 'STARTING'
04-09 16:44:10.381  2964  3170 I LibreCastControlDelegate: OnCastStatus() ---
04-09 16:44:10.381  2691  2691 I sh      : [0409/041410.381665:INFO:cast_message_service_impl.cc(185)] Sending connect message!
04-09 16:44:10.386  3092  3092 I cast_shell: [3095:3144:INFO:metrics_recorder.cc(282)] Cast v2 action(socket_id=domain-socket@/tmp/cast-control.1): CastV2.Connection.Connect.In
04-09 16:44:10.386  3092  3092 I cast_shell: [3095:3095:INFO:resource_namespace_handler.cc(307)] Setting resource provider: sender_id=domain-socket@/tmp/cast-control.1:system-0
04-09 16:44:10.386  2691  2691 I sh      : [0409/041410.386669:INFO:cast_message_service_impl.cc(1007)] CastMessageServiceImpl matched versions
04-09 16:44:10.653  2731  2741 I WifiUtil: get p2p0 channel 6 (2437MHz)
04-09 16:44:10.660  2733  2764 I bluetoothtbd: [0409/041410.660727:INFO:adapter.cc(551)] Adapter properties changed
04-09 16:44:10.660  2733  2764 I bluetoothtbd: [0409/041410.660884:INFO:adapter.cc(573)] Adapter name changed
04-09 16:44:10.661  2731  2741 I HotspotManager: start hostapd at channel=6 SSID=<SSID omitted> hidden_ssid=0
04-09 16:44:10.662  3092  3092 I cast_shell: [3095:3133:INFO:bluetooth_manager.cc(1232)] [PII] Set device name to 'LSB6631'
04-09 16:44:10.662  2963  2975 D wac-main: Netlink event
04-09 16:44:10.662  2963  2975 E wac-main: Netlink event 20 Interface Index 6 
04-09 16:44:10.662  2963  2975 E wac-main: Enter poll and wait
04-09 16:44:10.662  2963  2975 D wac-main: Netlink event
04-09 16:44:10.662  2963  2975 E wac-main: Netlink event 21 Interface Index 6 
04-09 16:44:10.663  2963  2975 E wac-main: Enter poll and wait
04-09 16:44:10.663  2711  2723 I yani_kernel: yani_geteventfrom_changeaddr() Message-Id '1' Netlink event '20' Interface Index '6' -> Name 'p2p0' 
04-09 16:44:10.665  2733  2764 I bluetoothtbd: [0409/041410.665112:INFO:adapter.cc(551)] Adapter properties changed
04-09 16:44:10.666  3092  3092 I cast_shell: [3095:3133:INFO:bluetooth_manager.cc(115)] Record action: Cast.Bluetooth.DiscoveryMode.Disable
04-09 16:44:10.666  3092  3092 I cast_shell: [3095:3133:INFO:ble_setup.cc(1096)] LAT flag change 0
04-09 16:44:10.670  2731  2741 I HotspotManager: start dnsmasq
04-09 16:44:10.671  2963  2975 D wac-main: Netlink event
04-09 16:44:10.671  2963  2975 E wac-main: Netlink event 20 Interface Index 6 
04-09 16:44:10.671  2963  2975 E wac-main: Enter poll and wait
04-09 16:44:10.676  3092  3092 I cast_shell: [3095:3133:INFO:ble_setup.cc(1106)] Cleared generated LAT.
04-09 16:44:10.676  3092  3092 I cast_shell: [3095:3133:WARNING:setup_manager_impl.cc(1136)] NAT not supported, no captive portal support.
04-09 16:44:10.726  2964  3170 I LibreCastControl: LibreCastControl_RequestGVAStatus() RequestId '4' pCastControl 0xf4a00728
04-09 16:44:10.727  2691  2691 I sh      : [0409/041410.726877:INFO:cast_message_service_impl.cc(1076)] CastMessageServiceImpl is ready
04-09 16:44:10.728  3092  3092 I cast_shell: [3095:3095:INFO:assistant_namespace_handler.cc(144)] Added a status listening peer for assistant namespace: domain-socket@/tmp/cast-control.1:system-0
04-09 16:44:10.729  2964  3170 I LibreCastControlDelegate: OnResponse() ReqeustID 4, error  0
04-09 16:44:10.951  3092  3092 I cast_shell: [3095:3143:INFO:mdns_app_filter.cc(1403)] MdnsAppFilter: Done probing.
04-09 16:44:11.505  3092  3092 I cast_shell: [3095:3146:INFO:multizone_manager.cc(1889)] Initial discovery complete
04-09 16:44:11.506  3092  3092 I cast_shell: [3095:3143:INFO:mdns_app_filter.cc(1605)] Re-probing due to newly registered service '3': _googlezone
