04-09 16:04:42.597  3078  3078 I cast_shell: [3081:3121:INFO:metrics_recorder.cc(282)] Record action: Setup.state.BLE
04-09 16:04:42.626  3078  3078 I cast_shell: [3081:3121:INFO:metrics_recorder.cc(282)] Record action: Setup.ip_address.BLE
04-09 16:04:42.818  2712  2724 I yani_server: NetLink Event '-1' Interface-Index '5' WLAN '0' Ethernet '-1' Parsed-iFill '-1' -> 'INVALID' ifIndex '1' -> 'lo'
04-09 16:04:42.829  2712  2724 I chatty  : uid=0(root) YaniServer identical 9 lines
04-09 16:04:42.830  2712  2724 I yani_server: NetLink Event '-1' Interface-Index '5' WLAN '0' Ethernet '-1' Parsed-iFill '-1' -> 'INVALID' ifIndex '1' -> 'lo'
04-09 16:04:42.831  2942  2952 D wac-main: Netlink event
04-09 16:04:42.831  2942  2952 E wac-main: Netlink event 16 Interface Index 5 
04-09 16:04:42.831  2942  2952 E wac-main: Enter poll and wait
04-09 16:04:42.832  2943  3158 I LibreCastControlDelegate: OnCastStatus() +++ Lyric Speaker Box 21f384:0xab90b198:OFFLINE
04-09 16:04:42.832  2943  3158 I LibreCastControlDelegate: Device Build Number -> '1.52.272222'
04-09 16:04:42.832  2943  3158 I librecast: updateCastBuildVersion() Version 1.52.272222
04-09 16:04:42.832  2713  2713 I lucitransport: readRemoteMessage() MID char = 7 buffer = 1.52.272222
04-09 16:04:42.832  2943  3158 I LibreCastControlDelegate: Active Applications -> 0
04-09 16:04:42.832  2943  3158 I LibreCastControlDelegate: Current Cast State '3' -> 'OFFLINE'
04-09 16:04:42.832  2943  3158 I LibreCastControlDelegate: OnCastStatus() ---
04-09 16:04:42.833  2712  2724 I yani_kernel: yani_geteventfrom_changeaddr() Message-Id '1' Netlink event '16' Interface Index '5' -> Name 'wlan0' 
04-09 16:04:42.835  2942  2952 D wac-main: Netlink event
04-09 16:04:42.835  2942  2952 E wac-main: Netlink event 16 Interface Index 5 
04-09 16:04:42.835  2942  2952 E wac-main: Enter poll and wait
04-09 16:04:42.838  2712  2724 I yani_kernel: yani_geteventfrom_changeaddr() Message-Id '1' Netlink event '16' Interface Index '5' -> Name 'wlan0' 
04-09 16:04:43.069  3078  3078 I cast_shell: [3081:3089:ERROR:connectivity_checker_impl.cc(265)] Connectivity check failed: 400
04-09 16:04:43.166  3078  3078 I cast_shell: [3081:3121:INFO:metrics_recorder.cc(282)] Record action: Setup.version.BLE
04-09 16:04:43.196  3078  3078 I cast_shell: [3081:3121:INFO:metrics_recorder.cc(282)] Record action: Setup.tos_accepted.BLE
04-09 16:04:43.226  3078  3078 I cast_shell: [3081:3121:INFO:metrics_recorder.cc(282)] Record action: Setup.state.BLE
04-09 16:04:43.256  3078  3078 I cast_shell: [3081:3121:INFO:metrics_recorder.cc(282)] Record action: Setup.ip_address.BLE
04-09 16:04:43.782  3078  3078 I cast_shell: [3081:3121:INFO:metrics_recorder.cc(282)] Record action: Setup.version.BLE
04-09 16:04:43.812  3078  3078 I cast_shell: [3081:3121:INFO:metrics_recorder.cc(282)] Record action: Setup.tos_accepted.BLE
04-09 16:04:43.841  3078  3078 I cast_shell: [3081:3121:INFO:metrics_recorder.cc(282)] Record action: Setup.state.BLE
04-09 16:04:43.871  3078  3078 I cast_shell: [3081:3121:INFO:metrics_recorder.cc(282)] Record action: Setup.ip_address.BLE
04-09 16:04:44.076  3078  3078 I cast_shell: [3081:3089:ERROR:connectivity_checker_impl.cc(265)] Connectivity check failed: 400
04-09 16:04:44.411  3078  3078 I cast_shell: [3081:3121:INFO:metrics_recorder.cc(282)] Record action: Setup.version.BLE
04-09 16:04:44.440  3078  3078 I cast_shell: [3081:3121:INFO:metrics_recorder.cc(282)] Record action: Setup.tos_accepted.BLE
04-09 16:04:44.471  3078  3078 I cast_shell: [3081:3121:INFO:metrics_recorder.cc(282)] Record action: Setup.state.BLE
04-09 16:04:44.501  3078  3078 I cast_shell: [3081:3121:INFO:metrics_recorder.cc(282)] Record action: Setup.ip_address.BLE
04-09 16:04:45.041  3078  3078 I cast_shell: [3081:3121:INFO:metrics_recorder.cc(282)] Record action: Setup.version.BLE
04-09 16:04:45.071  3078  3078 I cast_shell: [3081:3121:INFO:metrics_recorder.cc(282)] Record action: Setup.tos_accepted.BLE
04-09 16:04:45.082  3078  3078 I cast_shell: [3081:3089:ERROR:connectivity_checker_impl.cc(265)] Connectivity check failed: 400
04-09 16:04:45.100  3078  3078 I cast_shell: [3081:3121:INFO:metrics_recorder.cc(282)] Record action: Setup.state.BLE
04-09 16:04:45.131  3078  3078 I cast_shell: [3081:3121:INFO:metrics_recorder.cc(282)] Record action: Setup.ip_address.BLE
04-09 16:04:45.671  3078  3078 I cast_shell: [3081:3121:INFO:metrics_recorder.cc(282)] Record action: Setup.version.BLE
04-09 16:04:45.701  3078  3078 I cast_shell: [3081:3121:INFO:metrics_recorder.cc(282)] Record action: Setup.tos_accepted.BLE
04-09 16:04:45.731  3078  3078 I cast_shell: [3081:3121:INFO:metrics_recorder.cc(282)] Record action: Setup.state.BLE
04-09 16:04:45.760  3078  3078 I cast_shell: [3081:3121:INFO:metrics_recorder.cc(282)] Record action: Setup.ip_address.BLE
04-09 16:04:46.089  3078  3078 I cast_shell: [3081:3089:ERROR:connectivity_checker_impl.cc(265)] Connectivity check failed: 400
04-09 16:04:46.300  3078  3078 I cast_shell: [3081:3121:INFO:metrics_recorder.cc(282)] Record action: Setup.version.BLE
04-09 16:04:46.331  3078  3078 I cast_shell: [3081:3121:INFO:metrics_recorder.cc(282)] Record action: Setup.tos_accepted.BLE
04-09 16:04:46.361  3078  3078 I cast_shell: [3081:3121:INFO:metrics_recorder.cc(282)] Record action: Setup.state.BLE
04-09 16:04:46.391  3078  3078 I cast_shell: [3081:3121:INFO:metrics_recorder.cc(282)] Record action: Setup.ip_address.BLE
04-09 16:04:46.916  3078  3078 I cast_shell: [3081:3121:INFO:metrics_recorder.cc(282)] Record action: Setup.version.BLE
04-09 16:04:46.945  3078  3078 I cast_shell: [3081:3121:INFO:metrics_recorder.cc(282)] Record action: Setup.tos_accepted.BLE
04-09 16:04:46.975  3078  3078 I cast_shell: [3081:3121:INFO:metrics_recorder.cc(282)] Record action: Setup.state.BLE
04-09 16:04:47.005  3078  3078 I cast_shell: [3081:3121:INFO:metrics_recorder.cc(282)] Record action: Setup.ip_address.BLE
04-09 16:04:47.095  3078  3078 I cast_shell: [3081:3089:ERROR:connectivity_checker_impl.cc(265)] Connectivity check failed: 400
04-09 16:04:47.545  3078  3078 I cast_shell: [3081:3121:INFO:metrics_recorder.cc(282)] Record action: Setup.version.BLE
04-09 16:04:47.576  3078  3078 I cast_shell: [3081:3121:INFO:metrics_recorder.cc(282)] Record action: Setup.tos_accepted.BLE
04-09 16:04:47.607  3078  3078 I cast_shell: [3081:3121:INFO:metrics_recorder.cc(282)] Record action: Setup.state.BLE
04-09 16:04:47.635  3078  3078 I cast_shell: [3081:3121:INFO:metrics_recorder.cc(282)] Record action: Setup.ip_address.BLE
04-09 16:04:47.821  2712  2724 I yani_server: NetLink Event '-1' Interface-Index '5' WLAN '-1' Ethernet '-1' Parsed-iFill '-1' -> 'INVALID' ifIndex '1' -> 'lo'
04-09 16:04:48.102  3078  3078 I cast_shell: [3081:3089:ERROR:connectivity_checker_impl.cc(265)] Connectivity check failed: 400
04-09 16:04:48.176  3078  3078 I cast_shell: [3081:3121:INFO:metrics_recorder.cc(282)] Record action: Setup.version.BLE
04-09 16:04:48.205  3078  3078 I cast_shell: [3081:3121:INFO:metrics_recorder.cc(282)] Record action: Setup.tos_accepted.BLE
04-09 16:04:48.251  3078  3078 I cast_shell: [3081:3121:INFO:metrics_recorder.cc(282)] Record action: Setup.state.BLE
04-09 16:04:48.280  3078  3078 I cast_shell: [3081:3121:INFO:metrics_recorder.cc(282)] Record action: Setup.ip_address.BLE
04-09 16:04:48.821  3078  3078 I cast_shell: [3081:3121:INFO:metrics_recorder.cc(282)] Record action: Setup.version.BLE
04-09 16:04:48.851  3078  3078 I cast_shell: [3081:3121:INFO:metrics_recorder.cc(282)] Record action: Setup.tos_accepted.BLE
04-09 16:04:48.881  3078  3078 I cast_shell: [3081:3121:INFO:metrics_recorder.cc(282)] Record action: Setup.state.BLE
04-09 16:04:48.926  3078  3078 I cast_shell: [3081:3121:INFO:metrics_recorder.cc(282)] Record action: Setup.ip_address.BLE
04-09 16:04:49.108  3078  3078 I cast_shell: [3081:3089:ERROR:connectivity_checker_impl.cc(265)] Connectivity check failed: 400
04-09 16:04:49.466  3078  3078 I cast_shell: [3081:3121:INFO:metrics_recorder.cc(282)] Record action: Setup.version.BLE
04-09 16:04:49.478  3078  3078 I cast_shell: [3081:3121:ERROR:setup_state.cc(424)] Timeout for state=SETUP_STATE_CHECKING_GLOBAL_CONNECTIVITY(50): move to state=SETUP_STATE_CHECKING_GLOBAL_CONNECTIVITY_BAD_ROUTER_WIFI_NOT_SAVED(51).
04-09 16:04:49.478  3078  3078 I cast_shell: [3081:3121:INFO:setup_state.cc(261)] Setup state changed: SETUP_STATE_CHECKING_GLOBAL_CONNECTIVITY (50) -> SETUP_STATE_CHECKING_GLOBAL_CONNECTIVITY_BAD_ROUTER_WIFI_NOT_SAVED (51)
04-09 16:04:49.484  2943  3158 I LibreCastControlDelegate: OnCastStatus() +++ Lyric Speaker Box 21f384:0xab90b198:OFFLINE
04-09 16:04:49.484  2943  3158 I LibreCastControlDelegate: Device Build Number -> '1.52.272222'
04-09 16:04:49.484  2943  3158 I librecast: updateCastBuildVersion() Version 1.52.272222
04-09 16:04:49.484  2713  2713 I lucitransport: readRemoteMessage() MID char = 7 buffer = 1.52.272222
04-09 16:04:49.484  2943  3158 I LibreCastControlDelegate: Active Applications -> 0
04-09 16:04:49.484  2943  3158 I LibreCastControlDelegate: Current Cast State '3' -> 'OFFLINE'
04-09 16:04:49.484  2943  3158 I LibreCastControlDelegate: OnCastStatus() ---
04-09 16:04:49.496  3078  3078 I cast_shell: [3081:3121:INFO:metrics_recorder.cc(282)] Record action: Setup.tos_accepted.BLE
04-09 16:04:49.526  3078  3078 I cast_shell: [3081:3121:INFO:metrics_recorder.cc(282)] Record action: Setup.state.BLE
04-09 16:04:49.556  3078  3078 I cast_shell: [3081:3121:INFO:metrics_recorder.cc(282)] Record action: Setup.ip_address.BLE
04-09 16:04:50.096  3078  3078 I cast_shell: [3081:3121:INFO:metrics_recorder.cc(282)] Record action: Setup.version.BLE
04-09 16:04:50.115  3078  3078 I cast_shell: [3081:3089:ERROR:connectivity_checker_impl.cc(265)] Connectivity check failed: 400
04-09 16:04:50.126  3078  3078 I cast_shell: [3081:3121:INFO:metrics_recorder.cc(282)] Record action: Setup.tos_accepted.BLE
04-09 16:04:50.157  3078  3078 I cast_shell: [3081:3121:INFO:metrics_recorder.cc(282)] Record action: Setup.state.BLE
04-09 16:04:50.186  3078  3078 I cast_shell: [3081:3121:INFO:metrics_recorder.cc(282)] Record action: Setup.ip_address.BLE
04-09 16:04:50.727  3078  3078 I cast_shell: [3081:3121:INFO:metrics_recorder.cc(282)] Record action: Setup.version.BLE
04-09 16:04:50.756  3078  3078 I cast_shell: [3081:3121:INFO:metrics_recorder.cc(282)] Record action: Setup.tos_accepted.BLE
04-09 16:04:50.787  3078  3078 I cast_shell: [3081:3121:INFO:metrics_recorder.cc(282)] Record action: Setup.state.BLE
04-09 16:04:50.816  3078  3078 I cast_shell: [3081:3121:INFO:metrics_recorder.cc(282)] Record action: Setup.ip_address.BLE
04-09 16:04:51.121  3078  3078 I cast_shell: [3081:3089:ERROR:connectivity_checker_impl.cc(265)] Connectivity check failed: 400
04-09 16:04:51.210  2711  2711 I wpa_supplicant: wlan0: Selected BSS :ef (level:-46 noise:-60 frequency:2427)
04-09 16:04:51.212  2711  2711 I wpa_supplicant: wlan0: SME: Trying to authenticate with c8:b3:73:44:ae:ef (SSID='Linksys16717_2G' freq=2427 MHz)
04-09 16:04:51.215  2712  2724 I yani_server: NetLink Event '-1' Interface-Index '5' WLAN '0' Ethernet '-1' Parsed-iFill '-1' -> 'INVALID' ifIndex '1' -> 'lo'
04-09 16:04:51.216  2712  2724 I chatty  : uid=0(root) YaniServer identical 1 line
04-09 16:04:51.216  2712  2724 I yani_server: NetLink Event '-1' Interface-Index '5' WLAN '0' Ethernet '-1' Parsed-iFill '-1' -> 'INVALID' ifIndex '1' -> 'lo'
04-09 16:04:51.217  2942  2952 D wac-main: Netlink event
04-09 16:04:51.218  2942  2952 E wac-main: Netlink event 16 Interface Index 5 
04-09 16:04:51.218  2942  2952 E wac-main: Enter poll and wait
04-09 16:04:51.218  2942  2952 D wac-main: Netlink event
04-09 16:04:51.218  2942  2952 E wac-main: Netlink event 16 Interface Index 5 
04-09 16:04:51.218  2942  2952 E wac-main: Enter poll and wait
04-09 16:04:51.220  2712  2724 I yani_server: NetLink Event '-1' Interface-Index '5' WLAN '0' Ethernet '-1' Parsed-iFill '-1' -> 'INVALID' ifIndex '1' -> 'lo'
04-09 16:04:51.225  2711  2711 I wpa_supplicant: wlan0: Trying to associate with c8:b3:73:44:ae:ef (SSID='Linksys16717_2G' freq=2427 MHz)
04-09 16:04:51.228  2712  2724 I chatty  : uid=0(root) YaniServer identical 4 lines
04-09 16:04:51.229  2712  2724 I yani_server: NetLink Event '-1' Interface-Index '5' WLAN '0' Ethernet '-1' Parsed-iFill '-1' -> 'INVALID' ifIndex '1' -> 'lo'
04-09 16:04:51.229  2712  2724 I yani_kernel: yani_geteventfrom_changeaddr() Message-Id '1' Netlink event '16' Interface Index '5' -> Name 'wlan0' 
04-09 16:04:51.230  2712  2724 I yani_kernel: yani_geteventfrom_changeaddr() Message-Id '1' Netlink event '16' Interface Index '5' -> Name 'wlan0' 
04-09 16:04:51.260  3160  3160 I hostapd : p2p0: IEEE 802.11 driver had channel switch: freq=2427, ht=1, vht_ch=0x0, offset=0, width=1 (20 MHz), cf1=2427, cf2=0
04-09 16:04:51.292  2964  2964 I hostapd : p2p1: IEEE 802.11 driver had channel switch: freq=2427, ht=1, vht_ch=0x0, offset=0, width=1 (20 MHz), cf1=2427, cf2=0
04-09 16:04:51.294  2942  2952 D wac-main: Netlink event
04-09 16:04:51.294  2942  2952 E wac-main: Netlink event 16 Interface Index 5 
04-09 16:04:51.294  2942  2952 E wac-main: Enter poll and wait
04-09 16:04:51.294  2942  2952 D wac-main: Netlink event
04-09 16:04:51.294  2942  2952 E wac-main: Netlink event 16 Interface Index 5 
04-09 16:04:51.294  2942  2952 E wac-main: Enter poll and wait
04-09 16:04:51.294  2942  2952 D wac-main: Netlink event
04-09 16:04:51.295  2942  2952 E wac-main: Netlink event 16 Interface Index 5 
04-09 16:04:51.295  2942  2952 E wac-main: Enter poll and wait
04-09 16:04:51.295  2942  2952 D wac-main: Netlink event
04-09 16:04:51.295  2942  2952 E wac-main: Netlink event 16 Interface Index 5 
04-09 16:04:51.304  2712  2724 I yani_server: NetLink Event '-1' Interface-Index '5' WLAN '0' Ethernet '-1' Parsed-iFill '-1' -> 'INVALID' ifIndex '1' -> 'lo'
04-09 16:04:51.304  2712  2724 I yani_server: NetLink Event '-1' Interface-Index '5' WLAN '0' Ethernet '-1' Parsed-iFill '-1' -> 'INVALID' ifIndex '1' -> 'lo'
04-09 16:04:51.306  2712  2724 I yani_kernel: yani_geteventfrom_changeaddr() Message-Id '1' Netlink event '16' Interface Index '5' -> Name 'wlan0' 
04-09 16:04:51.309  2712  2724 I chatty  : uid=0(root) YaniServer identical 3 lines
04-09 16:04:51.310  2712  2724 I yani_kernel: yani_geteventfrom_changeaddr() Message-Id '1' Netlink event '16' Interface Index '5' -> Name 'wlan0' 
04-09 16:04:51.325  2711  2711 I wpa_supplicant: wlan0: WPA: RX message 3 of 4-Way Handshake from c8:b3:73:44:ae:ef (ver=2)
04-09 16:04:51.325  2711  2711 I wpa_supplicant: wlan0: WPA: Sending EAPOL-Key 4/4
04-09 16:04:51.327  2711  2711 I wpa_supplicant: wlan0: WPA: Key negotiation completed with c8:b3:73:44:ae:ef [PTK=CCMP GTK=TKIP]
04-09 16:04:51.327  2711  2711 I wpa_supplicant: wlan0: CTRL-EVENT-CONNECTED - Connection to c8:b3:73:44:ae:ef completed [id=0 id_str=]
04-09 16:04:51.330  2942  2952 D wac-main: Netlink event
04-09 16:04:51.330  2942  2952 E wac-main: Netlink event 16 Interface Index 5 
04-09 16:04:51.330  2942  2952 E wac-main: Enter poll and wait
04-09 16:04:51.330  2942  2952 D wac-main: Netlink event
04-09 16:04:51.330  2942  2952 E wac-main: Netlink event 16 Interface Index 5 
04-09 16:04:51.330  2942  2952 E wac-main: Enter poll and wait
04-09 16:04:51.330  2736  2736 D dhcpcd  : wlan0: carrier acquired
04-09 16:04:51.331  2942  2952 D wac-main: Netlink event
04-09 16:04:51.335  3078  3078 I cast_shell: [3081:3133:INFO:wifi_controller_wpa_supplicant.cc(634)] After connection, current_wifi_index=0
04-09 16:04:51.337  2712  2724 I yani_server: NetLink Event '-1' Interface-Index '5' WLAN '-1' Ethernet '-1' Parsed-iFill '-1' -> 'INVALID' ifIndex '1' -> 'lo'
04-09 16:04:51.340  2943  3158 I LibreCastControlDelegate: OnCastStatus() +++ Lyric Speaker Box 21f384:0xab90b198:OFFLINE
04-09 16:04:51.340  2943  3158 I LibreCastControlDelegate: Device Build Number -> '1.52.272222'
04-09 16:04:51.340  2943  3158 I librecast: updateCastBuildVersion() Version 1.52.272222
04-09 16:04:51.340  2713  2713 I lucitransport: readRemoteMessage() MID char = 7 buffer = 1.52.272222
04-09 16:04:51.340  2943  3158 I LibreCastControlDelegate: Active Applications -> 0
04-09 16:04:51.340  2943  3158 I LibreCastControlDelegate: Current Cast State '3' -> 'OFFLINE'
04-09 16:04:51.340  2943  3158 I LibreCastControlDelegate: OnCastStatus() ---
04-09 16:04:51.341  2712  2724 I yani_server: NetLink Event '-1' Interface-Index '5' WLAN '0' Ethernet '-1' Parsed-iFill '-1' -> 'INVALID' ifIndex '1' -> 'lo'
04-09 16:04:51.342  2712  2724 I yani_server: NetLink Event '-1' Interface-Index '5' WLAN '0' Ethernet '-1' Parsed-iFill '-1' -> 'INVALID' ifIndex '1' -> 'lo'
04-09 16:04:51.343  2712  2724 I yani_server: NetLink Event '-1' Interface-Index '5' WLAN '7' Ethernet '-1' Parsed-iFill '7' -> 'WLAN0 LINKUP' ifIndex '1' -> 'lo'
04-09 16:04:51.343  2712  2724 I yani_server: saveConfig:537:wlan0
04-09 16:04:51.344  2712  2724 I wifiapi : newconn : 0xab476b48
04-09 16:04:51.344  2712  2724 I yani_server: saveConfig:544:got handle successfully
04-09 16:04:51.344  2712  2724 I wifiapi : 'STATUS' command returned = 0
04-09 16:04:51.347  2712  2724 I wifiapi : 'SAVE_CONFIG' command returned = 0
04-09 16:04:51.347  2712  2724 E yani_server: wlan0 Status=8 SaveConfig returns=0
04-09 16:04:51.348  2712  2724 I yani_server: SaveConfig return value=0
04-09 16:04:51.348  2712  2724 E WLANP2PIF: WlanP2pif: current chan = 4
04-09 16:04:51.350  2692  2692 I sh      : saveConfig:538:wlan0wlan0 Status=8 SaveConfig returns=0
04-09 16:04:51.350  2712  2724 E yani_wifi: set txpower chan : 4 country : US
04-09 16:04:51.350  2712  2724 E yani_wifi: nrates = 7
04-09 16:04:51.356  3078  3078 I cast_shell: [3081:3121:INFO:metrics_recorder.cc(282)] Record action: Setup.version.BLE
04-09 16:04:51.385  3078  3078 I cast_shell: [3081:3121:INFO:metrics_recorder.cc(282)] Record action: Setup.tos_accepted.BLE
04-09 16:04:51.415  3078  3078 I cast_shell: [3081:3121:INFO:metrics_recorder.cc(282)] Record action: Setup.state.BLE
04-09 16:04:51.445  3078  3078 I cast_shell: [3081:3121:INFO:metrics_recorder.cc(282)] Record action: Setup.ip_address.BLE
04-09 16:04:51.971  3078  3078 I cast_shell: [3081:3121:INFO:metrics_recorder.cc(282)] Record action: Setup.version.BLE
04-09 16:04:52.001  3078  3078 I cast_shell: [3081:3121:INFO:metrics_recorder.cc(282)] Record action: Setup.tos_accepted.BLE
04-09 16:04:52.031  3078  3078 I cast_shell: [3081:3121:INFO:metrics_recorder.cc(282)] Record action: Setup.state.BLE
04-09 16:04:52.061  3078  3078 I cast_shell: [3081:3121:INFO:metrics_recorder.cc(282)] Record action: Setup.ip_address.BLE
04-09 16:04:52.128  3078  3078 I cast_shell: [3081:3089:ERROR:connectivity_checker_impl.cc(265)] Connectivity check failed: 400
04-09 16:04:52.360  2712  2724 I yani_autoip: start_autoip() Interface 'wlan0' Is AutoIP Required 'Yes' Thread-Running 'No' 
04-09 16:04:52.360  2712  2724 E yani_server: YANI: I am Done Wait For Event 
04-09 16:04:52.360  2712  2724 I yani_kernel: yani_geteventfrom_changeaddr() Message-Id '1' Netlink event '16' Interface Index '5' -> Name 'wlan0' 
04-09 16:04:52.362  2712  3385 I yani_autoip: Setting autoiptimer to 70000
04-09 16:04:52.364  2712  2724 I yani_kernel: yani_geteventfrom_changeaddr() Message-Id '1' Netlink event '16' Interface Index '5' -> Name 'wlan0' 
04-09 16:04:52.365  2712  2724 I yani_kernel: yani_geteventfrom_changeaddr() Message-Id '1' Netlink event '16' Interface Index '5' -> Name 'wlan0' 
04-09 16:04:52.373  3384  3384 E dhcpcd  : control_open: Connection refused
04-09 16:04:52.374  3384  3384 E dhcpcd  : eth0: interface not found or invalid
04-09 16:04:52.375  2942  2952 D wac-main: Netlink event
04-09 16:04:52.375  3384  3384 D dhcpcd  : wlan0: adding address fe80::ce90:93ff:fe21:f384
04-09 16:04:52.375  2942  2952 E wac-main: Netlink event 16 Interface Index 5 
04-09 16:04:52.375  2942  2952 E wac-main: Enter poll and wait
04-09 16:04:52.380  2712  2724 I yani_kernel: yani_geteventfrom_changeaddr() Message-Id '1' Netlink event '16' Interface Index '5' -> Name 'wlan0' 
04-09 16:04:52.475  3384  3384 E dhcpcd  : error writing DUID: /etc/dhcpcd/dhcpcd.duid: Read-only file system
04-09 16:04:52.475  3384  3384 D dhcpcd  : DUID 00:03:00:01:cc:90:93:21:f3:84
04-09 16:04:52.475  3384  3384 D dhcpcd  : wlan0: IAID 93:21:f3:84
04-09 16:04:52.600  3384  3384 D dhcpcd  : wlan0: soliciting an IPv6 router
04-09 16:04:52.600  3078  3078 I cast_shell: [3081:3121:INFO:metrics_recorder.cc(282)] Record action: Setup.version.BLE
04-09 16:04:52.630  3078  3078 I cast_shell: [3081:3121:INFO:metrics_recorder.cc(282)] Record action: Setup.tos_accepted.BLE
04-09 16:04:52.660  3078  3078 I cast_shell: [3081:3121:INFO:metrics_recorder.cc(282)] Record action: Setup.state.BLE
04-09 16:04:52.690  3078  3078 I cast_shell: [3081:3121:INFO:metrics_recorder.cc(282)] Record action: Setup.ip_address.BLE
04-09 16:04:52.959  3384  3384 D dhcpcd  : wlan0: soliciting a DHCP lease
04-09 16:04:52.959  3384  3384 D dhcpcd  : wlan0: sending DISCOVER (xid 0x1b705a2a), next in -65666014257758036203757883717394215311146996476010564127008340690335884447117584323378608158882725065603905022020123964953367802016862559932614285066124891457560282353629323171783794893596775011586030612283366433080444169154396905475156047131914118485306939193425920.0 seconds
04-09 16:04:53.095  2733  2746 I NetworkMonitor: turn off power-save
04-09 16:04:53.102  2733  2746 E DNSResolver: Error in connect: Network is unreachable
04-09 16:04:53.103  2733  2746 I chatty  : uid=0(root) /bin/net_mgr identical 4 lines
04-09 16:04:53.103  2733  2746 E DNSResolver: Error in connect: Network is unreachable
04-09 16:04:53.103  2733  2746 E HttpTimeSync: Error resolve name clients1.google.com
04-09 16:04:53.121  2733  2746 E HttpTimeSync: Error in curl perform, returns 6: Couldn't resolve host name
04-09 16:04:53.122  2733  2746 E HttpTimeSync: Failed in getting HTTP header from http://clients1.google.com/generate_204
04-09 16:04:53.134  3078  3078 I cast_shell: [3081:3089:ERROR:connectivity_checker_impl.cc(265)] Connectivity check failed: 400
04-09 16:04:53.202  3384  3384 D dhcpcd  : wlan0: Router Advertisement from fe80::cab3:73ff:fe44:aeed
04-09 16:04:53.202  3384  3384 D dhcpcd  : wlan0: adding address fd70:d3e7:6555:0:ce90:93ff:fe21:f384/64
04-09 16:04:53.203  3384  3384 D dhcpcd  : wlan0: adding address fd70:d3e7:6555:0:d821:e397:1a67:30/64
04-09 16:04:53.205  3384  3384 D dhcpcd  : wlan0: adding route to fd70:d3e7:6555::/64
04-09 16:04:53.206  3384  3384 D dhcpcd  : wlan0: requesting DHCPv6 information
04-09 16:04:53.230  3078  3078 I cast_shell: [3081:3121:INFO:metrics_recorder.cc(282)] Record action: Setup.version.BLE
04-09 16:04:53.260  3078  3078 I cast_shell: [3081:3121:INFO:metrics_recorder.cc(282)] Record action: Setup.tos_accepted.BLE
04-09 16:04:53.290  3078  3078 I cast_shell: [3081:3121:INFO:metrics_recorder.cc(282)] Record action: Setup.state.BLE
04-09 16:04:53.320  3078  3078 I cast_shell: [3081:3121:INFO:metrics_recorder.cc(282)] Record action: Setup.ip_address.BLE
04-09 16:04:53.476  3078  3078 I cast_shell: [3081:3121:INFO:metrics_recorder.cc(282)] Record action: Setup.eureka_info.Local
04-09 16:04:53.476  3078  3078 I cast_shell: [3081:3121:INFO:metrics_recorder.cc(282)] Record action: Setup.eureka_info.Local.200
04-09 16:04:53.478  2733  2745 E DNSResolver: Error in connect: Network is unreachable
04-09 16:04:53.478  2733  2745 I chatty  : uid=0(root) MonitorThread identical 4 lines
04-09 16:04:53.478  2733  2745 E DNSResolver: Error in connect: Network is unreachable
04-09 16:04:53.478  2733  2745 E HttpTimeSync: Error resolve name clients1.google.com
04-09 16:04:53.479  2733  2745 E HttpTimeSync: Error in curl perform, returns 6: Couldn't resolve host name
04-09 16:04:53.479  2733  2745 E HttpTimeSync: Failed in getting HTTP header from http://clients1.google.com/generate_204
04-09 16:04:53.861  3078  3078 I cast_shell: [3081:3121:INFO:metrics_recorder.cc(282)] Record action: Setup.version.BLE
04-09 16:04:53.890  3078  3078 I cast_shell: [3081:3121:INFO:metrics_recorder.cc(282)] Record action: Setup.tos_accepted.BLE
04-09 16:04:53.920  3078  3078 I cast_shell: [3081:3121:INFO:metrics_recorder.cc(282)] Record action: Setup.state.BLE
04-09 16:04:53.951  3078  3078 I cast_shell: [3081:3121:INFO:metrics_recorder.cc(282)] Record action: Setup.ip_address.BLE
04-09 16:04:54.010  3384  3384 D dhcpcd  : wlan0: received OFFER with xid 0x1b705a2a
04-09 16:04:54.010  3384  3384 D dhcpcd  : wlan0: offered 192.168.1.145 from 192.168.1.1
04-09 16:04:54.010  3384  3384 D dhcpcd  : wlan0: requesting lease of 192.168.1.145
04-09 16:04:54.010  3384  3384 D dhcpcd  : wlan0: sending REQUEST (xid 0x1b705a2a), next in -65666014257758036203757883717394215311146996476010564127008340690335884447117584323378608158882725065603905022020123964953367802016862559932614285066124891457560282353629323171783794893596775011586030612283366433080444169154396905475156047131914118485306939193425920.0 seconds
04-09 16:04:54.120  3384  3384 D dhcpcd  : wlan0: received ACK with xid 0x1b705a2a
04-09 16:04:54.120  3384  3384 D dhcpcd  : wlan0: acknowledged 192.168.1.145 from 192.168.1.1
04-09 16:04:54.120  3384  3384 D dhcpcd  : wlan0: leased 192.168.1.145 for 86400 seconds
04-09 16:04:54.121  3384  3384 D dhcpcd  : wlan0: adding route to 192.168.1.0/24
04-09 16:04:54.122  3384  3384 D dhcpcd  : wlan0: adding default route via 192.168.1.1
04-09 16:04:54.123  2942  2952 D wac-main: Netlink event
04-09 16:04:54.123  2942  2952 E wac-main: Netlink event 20 Interface Index 5 
04-09 16:04:54.123  2942  2952 E wac-main: Enter poll and wait
04-09 16:04:54.123  2712  2724 I yani_kernel: yani_geteventfrom_changeaddr() Message-Id '1' Netlink event '20' Interface Index '5' -> Name 'wlan0' 
04-09 16:04:54.126  2733  2746 I NetworkMonitor: turn off power-save
04-09 16:04:54.128  2712  2724 I yani_server: NetLink Event '2' Interface-Index '5' WLAN '-1' Ethernet '-1' Parsed-iFill '2' -> 'WLAN0 CONNECTED' ifIndex '1' -> 'lo'
04-09 16:04:54.146  2713  2713 I lucitransport: writeRemoteMessage() MID = 124 buffer = 1#1,1#2,0#3,1#4,1
04-09 16:04:54.146  2713  2713 I luciUART: write() MID = 124  bytes = 27 data = 1#1,1#2,0#3,1#4,1 m_fd = 0x5
04-09 16:04:54.147  2730  2730 E AirableUIHelper: AirableUIHelper::YaniAlert  1 1 
04-09 16:04:54.147  2730  2730 E AirableUIHelper: Wlan is up
04-09 16:04:54.147  2949  2970 I otamanager: YaniAlert() Interface 1 Status Up
04-09 16:04:54.147  2949  2970 I otamanager: CreateFirmwareUpdateTimerOnYaniAlert done
04-09 16:04:54.147  2945  2996 I airplay-main: YaniAlert Interface 1 Status 1
04-09 16:04:54.148  2713  2713 I lucitransport: readRemoteMessage() MID char = 90 buffer = Lyric Speaker Box 21f384
04-09 16:04:54.153  2713  2721 E luciUART: UART:aa
04-09 16:04:54.153  2713  2721 E luciUART: UART:aa
04-09 16:04:54.153  2713  2721 E luciUART: UART:2
04-09 16:04:54.153  2713  2721 E luciUART: UART:0
04-09 16:04:54.154  2713  2721 E luciUART: UART:d0
04-09 16:04:54.154  2713  2721 E luciUART: UART:0
04-09 16:04:54.154  2713  2721 I chatty  : uid=0(root) UARTLUCIControl identical 2 lines
04-09 16:04:54.154  2713  2721 E luciUART: UART:0
04-09 16:04:54.154  2713  2721 E luciUART: UART:9
04-09 16:04:54.154  2713  2721 I luciUART: read() RemoteID = 43690 Command = 208 Type = 2 Status = 0 DataLen = 9
04-09 16:04:54.154  2713  2721 E luciUART: Error: full data not available yet! readBytes 0
04-09 16:04:54.154  2713  2721 I luciUART: Previous Packet read contd., 
04-09 16:04:54.154  2713  2721 E luciUART: UART:52
04-09 16:04:54.154  2713  2721 I luciUART: Previous Packet read contd., 
04-09 16:04:54.154  2713  2721 E luciUART: UART:45
04-09 16:04:54.154  2713  2721 I luciUART: Previous Packet read contd., 
04-09 16:04:54.154  2713  2721 E luciUART: UART:41
04-09 16:04:54.154  2713  2721 E luciUART: UART:44
04-09 16:04:54.154  2713  2721 I luciUART: Previous Packet read contd., 
04-09 16:04:54.154  2713  2721 E luciUART: UART:5f
04-09 16:04:54.154  2713  2721 I luciUART: Previous Packet read contd., 
04-09 16:04:54.154  2713  2721 E luciUART: UART:73
04-09 16:04:54.154  2713  2721 I luciUART: Previous Packet read contd., 
04-09 16:04:54.155  2713  2721 E luciUART: UART:73
04-09 16:04:54.155  2713  2721 I luciUART: Previous Packet read contd., 
04-09 16:04:54.155  2713  2721 E luciUART: UART:69
04-09 16:04:54.155  2713  2721 I luciUART: Previous Packet read contd., 
04-09 16:04:54.155  2713  2721 E luciUART: UART:64
04-09 16:04:54.155  2713  2722 E LUCI_SERVER: Luci Server Thread wait over MID 208....
04-09 16:04:54.155  2713  2722 E LUCI_SERVER: Got NV name : ssid
04-09 16:04:54.156  2713  2722 I luciUART: write() MID = 208  bytes = 30 data = ssid:Linksys16717_2G m_fd = 0x5
04-09 16:04:54.156  2713  2722 E LUCI_SERVER: NV_READ response= ssid:Linksys16717_2G
04-09 16:04:54.156  2713  2722 E LUCI_SERVER: Luci Server Thread waiting for packets....
04-09 16:04:54.229  2945  3420 I airplay-main: checkACPAvailability() err 0 -> Present!
04-09 16:04:54.230  2945  3420 D airplay-main: arguments[0] -> airplay_v2 -> airplay_v2
04-09 16:04:54.230  2945  3420 D airplay-main: arguments[1] -> -n -> -n
04-09 16:04:54.230  2945  3420 D airplay-main: arguments[2] -> Lyric Speaker Box 21f384 -> Lyric Speaker Box 21f384
04-09 16:04:54.231  2945  3420 D airplay-main: arguments[3] -> -z -> -z
04-09 16:04:54.231  2945  3420 D airplay-main: arguments[4] -> 1 -> 1
04-09 16:04:54.231  2945  3420 D airplay-main: arguments[5] -> -d -> -d
04-09 16:04:54.231  2945  3420 D airplay-main: arguments[6] -> 47617500 -> 47617500
04-09 16:04:54.231  2945  3420 D airplay-main: Total Number of Arguments 7
04-09 16:04:54.241  2945  3420 I airplay_v2_0_6: 2022-04-09 03:34:54.240547 [AirPlayDemo] homedir /data/ sUserPreferencesDirectoryPath /data//.airplaydemo 
04-09 16:04:54.281  3078  3078 I cast_shell: [3081:3089:ERROR:connectivity_checker_impl.cc(265)] Connectivity check failed: 400
04-09 16:04:54.317  2945  3420 I airplay-main: checkACPAvailability() err 0 -> Present!
04-09 16:04:54.399  2945  3443 I airplay_v2_0_6: 2022-04-09 03:34:54.399253 [AirPlayDemo] *********** AirPlayDemoPlatformSetProperty:homeIntegrationData value - 
04-09 16:04:54.399  2945  3443 I airplay_v2_0_6:     +0000: 62706c69 73743030 d101025f 10114343 |bplist00^^^_^^CC| (67 bytes)
04-09 16:04:54.399  2945  3443 I airplay_v2_0_6:     +0010: 3a39303a 39333a32 313a4633 3a3834d0 |:90:93:21:F3:84^|
04-09 16:04:54.399  2945  3443 I airplay_v2_0_6:     +0020: 080b1f00 00000000 00010100 00000000 |^^^^^^^^^^^^^^^^|
04-09 16:04:54.399  2945  3443 I airplay_v2_0_6:     +0030: 00000300 00000000 00000000 00000000 |^^^^^^^^^^^^^^^^|
04-09 16:04:54.399  2945  3443 I airplay_v2_0_6:     +0040: 000020                              |^^              |
04-09 16:04:54.401  2945  3443 I airplay_v2_0_6: 2022-04-09 03:34:54.401220 [AirPlayDemo] AirPlayDemoServerCopyProperty Password is <<NULL>>
04-09 16:04:54.411  2945  3445 I airplay_v2_0_6: 2022-04-09 03:34:54.410560 [AirPlayDemo] *********** AirPlayDemoPlatformSetProperty:homeIntegrationData value - 
04-09 16:04:54.411  2945  3445 I airplay_v2_0_6:     +0000: 62706c69 73743030 d101025f 10114343 |bplist00^^^_^^CC| (165 bytes)
04-09 16:04:54.411  2945  3445 I airplay_v2_0_6:     +0010: 3a39303a 39333a32 313a4633 3a3834d3 |:90:93:21:F3:84^
04-09 16:04:54.411  2945  3445 I airplay_v2_0_6: |
04-09 16:04:54.411  2945  3445 I airplay_v2_0_6:     +0020: 03040501 06075a69 64656e74 69666965 |^^^^^^Zidentifie|
04-09 16:04:54.411  2945  3445 I airplay_v2_0_6:     +0030: 7252736b 52706b4f 10209279 b3a3cf96 |rRskRpkO^ ^y^^^^|
04-09 16:04:54.411  2945  3445 I airplay_v2_0_6:     +0040: e4133db5 9ba80c39 d75a1261 24aeebbe |^^=^^^^9^Z^a$^^^|
04-09 16:04:54.411  2945  3445 I airplay_v2_0_6:     +0050: e4ba6907 e52f9436 2f7b4f10 200b9921 |
04-09 16:04:54.411  2945  3445 I airplay_v2_0_6: ^^i^^/^6/{O^ ^^!|
04-09 16:04:54.411  2945  3445 I airplay_v2_0_6:     +0060: 7e131655 e8efd763 51a5f42a 0916e6c8 |~^^U^^^cQ^^*^^^^|
04-09 16:04:54.411  2945  3445 I airplay_v2_0_6:     +0070: eaa9aa0e d6182420 9b496aed 6a080b1f |^^^^^^$ ^Ij^j^^^|
04-09 16:04:54.411  2945  3445 I airplay_v2_0_6:     +0080: 26313437 5a000000 00000001 01000000 |&147Z^^^^^^^^^^^|
04-09 16:04:54.411  2945  3445 I airplay_v2_0_6:     +0090: 
04-09 16:04:54.411  2945  3445 I airplay_v2_0_6: 00000000 08000000 00000000 00000000 |^^^^^^^^^^^^^^^^|
04-09 16:04:54.411  2945  3445 I airplay_v2_0_6:     +00A0: 00000000 7d                         |^^^^}           |
04-09 16:04:54.412  2713  2713 I lucitransport: readRemoteMessage() MID char = 90 buffer = Lyric Speaker Box 21f384
04-09 16:04:54.414  2945  3420 I airplay_v2_0_6: 2022-04-09 03:34:54.414284 [AirPlay] Registering Bonjour _airplay._tcp. port 7000
04-09 16:04:54.416  2945  3445 I airplay_v2_0_6: 2022-04-09 03:34:54.416329 [AirPlayDemo] AirPlayDemoServerCopyProperty Password is <<NULL>>
04-09 16:04:54.417  2945  3443 I airplay_v2_0_6: 2022-04-09 03:34:54.417881 [AirPlayDemo] AirPlayDemoServerCopyProperty Password is <<NULL>>
04-09 16:04:54.418  2713  2713 I lucitransport: readRemoteMessage() MID char = 90 buffer = Lyric Speaker Box 21f384
04-09 16:04:54.419  2945  3420 I airplay_v2_0_6: 2022-04-09 03:34:54.419908 [AirPlay] Registering Bonjour CC909321F384@Lyric Speaker Box 21f384._raop._tcp. port 7000
04-09 16:04:54.420  2945  3420 I airplay_v2_0_6: 2022-04-09 03:34:54.420045 [AirPlay] AirPlay servers started
04-09 16:04:54.491  3078  3078 I cast_shell: [3081:3121:INFO:metrics_recorder.cc(282)] Record action: Setup.version.BLE
04-09 16:04:54.520  3078  3078 I cast_shell: [3081:3121:INFO:metrics_recorder.cc(282)] Record action: Setup.tos_accepted.BLE
04-09 16:04:54.551  3078  3078 I cast_shell: [3081:3121:INFO:metrics_recorder.cc(282)] Record action: Setup.state.BLE
04-09 16:04:54.580  3078  3078 I cast_shell: [3081:3121:INFO:metrics_recorder.cc(282)] Record action: Setup.ip_address.BLE
04-09 16:04:55.120  3078  3078 I cast_shell: [3081:3121:INFO:metrics_recorder.cc(282)] Record action: Setup.version.BLE
04-09 16:04:55.165  3078  3078 I cast_shell: [3081:3121:INFO:metrics_recorder.cc(282)] Record action: Setup.tos_accepted.BLE
04-09 16:04:55.195  3078  3078 I cast_shell: [3081:3121:INFO:metrics_recorder.cc(282)] Record action: Setup.state.BLE
04-09 16:04:55.226  3078  3078 I cast_shell: [3081:3121:INFO:metrics_recorder.cc(282)] Record action: Setup.ip_address.BLE
04-09 16:04:55.350  2733  2746 I HttpTimeSync: Building resolve list for clients1.google.com, total 1.
04-09 16:04:55.350  2733  2746 I HttpTimeSync: 	0: 142.251.36.142
04-09 16:04:57.228  2946  2978 I SPOTIFY : ConnectionNotify event(0-Login, 1-Logout, rest Error) = 7 
04-09 16:04:57.431  2733  2746 I HttpTimeSync: Http time synced
04-09 16:04:57.432  2733  2746 I NetworkMonitor: turn off power-save
04-09 16:04:57.440  2733  2746 I chatty  : uid=0(root) /bin/net_mgr identical 2 lines
04-09 16:04:57.447  2733  2746 I NetworkMonitor: turn off power-save
04-09 16:04:57.506  3078  3078 I cast_shell: [3081:3121:INFO:metrics_recorder.cc(282)] Record action: Setup.version.BLE
04-09 16:04:57.536  3078  3078 I cast_shell: [3081:3121:INFO:metrics_recorder.cc(282)] Record action: Setup.tos_accepted.BLE
04-09 16:04:57.566  3078  3078 I cast_shell: [3081:3121:INFO:metrics_recorder.cc(282)] Record action: Setup.state.BLE
04-09 16:04:57.611  3078  3078 I cast_shell: [3081:3121:INFO:metrics_recorder.cc(282)] Record action: Setup.ip_address.BLE
04-09 16:04:57.873  3081  3088 E         : OOBE CheckUpdate
04-09 16:04:57.884  3078  3078 I cast_shell: [3081:3089:INFO:connectivity_checker_impl.cc(144)] Change check url=http://connectivitycheck.gstatic.com/generate_204
04-09 16:04:57.884  3078  3078 I cast_shell: [3081:3089:INFO:connectivity_checker_impl.cc(148)] Global connection is: Up
04-09 16:04:57.884  3078  3078 I cast_shell: [3081:3081:INFO:ccs_transport_gcm.cc(102)] Registering GCM handler
04-09 16:04:57.884  3078  3078 I cast_shell: [3081:3081:INFO:gcm_manager.cc(258)] Enabling GCM Driver
04-09 16:04:57.884  3078  3078 I cast_shell: [3081:3081:INFO:cloud_settings_manager.cc(431)] Connectivity established. Reconciling cloud settings.
04-09 16:04:57.884  3078  3078 I cast_shell: [3081:3081:INFO:cloud_settings_manager.cc(195)] Cloud settings is disabled.
04-09 16:04:57.884  3078  3078 I cast_shell: [3081:3081:INFO:api_reboot.cc(321)] active_activities count=0
04-09 16:04:57.884  3078  3078 I cast_shell: [3081:3081:INFO:lycra_gcm.cc(121)] Registering GCM handler.
04-09 16:04:57.884  3078  3078 I cast_shell: [3081:3088:INFO:update_engine_client_with_system_updater.cc(216)] Network first connected, check system force update
04-09 16:04:57.884  3078  3078 I cast_shell: [system_updater_dummy.cpp(109)] CheckUpdate
04-09 16:04:57.897  3078  3078 I cast_shell: [3081:3081:INFO:cast_receiver_impl.cc(1093)] Entering discovery-only mode
04-09 16:04:57.897  3078  3078 I cast_shell: [3081:3081:INFO:application_config_manager_impl.cc(575)] Disabling virtual device b44b61db-9acd-9066-d1f9-91456cdd81dd
04-09 16:04:57.897  3078  3078 I cast_shell: [3081:3087:ERROR:unix_stream_client_socket.cc(52)] Cannot connect unix socket: /dev/socket/panel: No such file or directory (2)
04-09 16:04:57.897  3078  3078 I cast_shell: [3081:3087:ERROR:led_controller_ipc.cc(84)] Could not create IPC client for socket: /dev/socket/panel
04-09 16:04:57.897  3078  3078 I cast_shell: [3081:3131:INFO:mdns_cast_service.cc(351)] Device discovery state is setup-only
04-09 16:04:57.897  3078  3078 I cast_shell: [3081:3131:INFO:mdns_util.cc(102)] Defaulting mDNS capabilities for audio-only build
04-09 16:04:57.897  2949  2976 I otamanager: OTA: DownloadHttpContent :payload =  {"device":{"brand":"COTODAMA","castVersion":"1.52.272222","deviceId":"cc909321f384","deviceType":"LS10_C4A","fwVersion":"1203","googleCast":true,"mcuVersion":"1001","model":"LSB"}}
04-09 16:04:57.897  2949  2976 I otamanager:  
04-09 16:04:57.897  2949  2976 I otamanager: OTA:------curlDownloadFirmwareXml---
04-09 16:04:57.897  2949  2976 I otamanager: OTA:isValidIpAddress: result 0
04-09 16:04:57.898  3078  3078 I cast_shell: [3081:3081:INFO:device_info_impl.cc(1094)] Primary netif changed: new=wlan0, old=usb0
04-09 16:04:57.898  3078  3078 I cast_shell: [3081:3081:INFO:device_info_impl.cc(1103)] Primary IP address changed: netif=wlan0, new=192.168.1.145, old=192.168.10.1
04-09 16:04:57.898  3078  3078 I cast_shell: [3081:3081:INFO:cast_receiver_impl.cc(1612)] mDNS Discovery stopped.
04-09 16:04:57.904  3078  3078 I cast_shell: [3081:3121:WARNING:setup_manager_impl.cc(1136)] NAT not supported, no captive portal support.
04-09 16:04:57.904  3078  3078 I cast_shell: [3081:3081:INFO:cast_receiver_impl.cc(1679)] Network is globally connected. Schedule config downloading if necessary.
04-09 16:04:57.914  3078  3078 I cast_shell: [3081:3081:INFO:cast_receiver_impl.cc(1685)] Network is globally connected. Schedule crl downloading if necessary.
04-09 16:04:57.914  3078  3078 I cast_shell: [3081:3081:INFO:crl_downloader.cc(366)] Downloading crl: url=https://clients5.google.com/cast/chromecast/device/crl
04-09 16:04:57.914  3078  3078 I cast_shell: [3081:3081:INFO:cast_receiver_impl.cc(1695)] Network is globally connected. Refreshing CcsManager.
04-09 16:04:57.914  3078  3078 I cast_shell: [3081:3081:INFO:iot_auth_manager_wrapper.cc(311)] Network provider informed of connected network status.
04-09 16:04:57.914  3078  3078 I cast_shell: [3081:3131:INFO:mdns_app_filter.cc(1702)] MdnsAppFilter is stopping
04-09 16:04:57.914  3078  3078 I cast_shell: [3081:3131:INFO:metrics_recorder.cc(282)] cast event: Cast.Discovery.Mdns.ResponderStopped
04-09 16:04:57.914  3078  3078 I cast_shell: [3081:3131:INFO:mdns_app_filter.cc(1709)] MdnsAppFilter is stopping; closing socket: address=192.168.2.1
04-09 16:04:57.914  3078  3078 I cast_shell: [3081:3131:INFO:metrics_recorder.cc(282)] cast event: Cast.Discovery.Mdns.SocketDestroyed
04-09 16:04:57.914  3078  3078 I cast_shell: [3081:3131:INFO:mdns_app_filter.cc(1709)] MdnsAppFilter is stopping; closing socket: address=192.168.10.1
04-09 16:04:57.914  3078  3078 I cast_shell: [3081:3131:INFO:metrics_recorder.cc(282)] cast event: Cast.Discovery.Mdns.SocketDestroyed
04-09 16:04:57.923  3078  3078 I cast_shell: [3081:3132:INFO:transport_creds.cc(151)] Self-signed certificate created: CN=b44b61db-9acd-9066-d1f9-91456cdd81dd
04-09 16:04:57.950  3078  3078 I cast_shell: [3081:3081:INFO:config_downloader.cc(489)] Downloading config: headers (excl. auth) ='Accept: application/protobuf', url=https://clients5.google.com/cast/chromecast/device/baseconfig?m=LSB&M=COTODAMA&p=LS10+Platform&b=1.52.272222&c=wifi&r=beta-channel&pt=3&ln=&d=DE4F95FFA64D5E74B026&at=1
04-09 16:04:58.043  3078  3078 I cast_shell: [3081:3134:INFO:multizone_manager.cc(2131)] Updated leader quality: 49807412
04-09 16:04:58.046  3078  3078 I cast_shell: [3081:3131:INFO:mdns_app_filter.cc(1120)] Skipping IPv6 interface that also has an IPv4 address: wlan0
04-09 16:04:58.047  3078  3078 I chatty  : uid=1000(chrome) /bin/logwrapper identical 2 lines
04-09 16:04:58.047  3078  3078 I cast_shell: [3081:3131:INFO:mdns_app_filter.cc(1120)] Skipping IPv6 interface that also has an IPv4 address: wlan0
04-09 16:04:58.048  3078  3078 I cast_shell: [3081:3131:INFO:metrics_recorder.cc(282)] cast event: Cast.Discovery.Mdns.SocketCreated
04-09 16:04:58.048  3078  3078 I cast_shell: [3081:3131:INFO:mdns_app_filter.cc(1254)] Created mDNS socket for interface:name=wlan0, address=192.168.1.145, index=5
04-09 16:04:58.048  3078  3078 I cast_shell: [3081:3131:INFO:metrics_recorder.cc(282)] cast event: Cast.Discovery.Mdns.SocketCreated
04-09 16:04:58.048  3078  3078 I cast_shell: [3081:3131:INFO:mdns_app_filter.cc(1254)] Created mDNS socket for interface:name=p2p1, address=192.168.2.1, index=7
04-09 16:04:58.048  3078  3078 I cast_shell: [3081:3131:INFO:metrics_recorder.cc(282)] cast event: Cast.Discovery.Mdns.SocketCreated
04-09 16:04:58.048  3078  3078 I cast_shell: [3081:3131:INFO:mdns_app_filter.cc(1254)] Created mDNS socket for interface:name=usb0, address=192.168.10.1, index=9
04-09 16:04:58.048  3078  3078 I cast_shell: [3081:3131:INFO:mdns_app_filter.cc(977)] MdnsAppFilter is starting.
04-09 16:04:58.049  3078  3078 I cast_shell: [3081:3131:INFO:metrics_recorder.cc(282)] cast event: Cast.Discovery.Mdns.ResponderStarted
04-09 16:04:58.049  3078  3078 I cast_shell: [3081:3131:INFO:discovered_service_client.cc(78)] Primary interface for service discovery has changed: ifindex=5
04-09 16:04:58.050  3078  3078 I cast_shell: [3081:3131:INFO:mdns_app_filter.cc(1120)] Skipping IPv6 interface that also has an IPv4 address: wlan0
04-09 16:04:58.050  3078  3078 I chatty  : uid=1000(chrome) /bin/logwrapper identical 2 lines
04-09 16:04:58.050  3078  3078 I cast_shell: [3081:3131:INFO:mdns_app_filter.cc(1120)] Skipping IPv6 interface that also has an IPv4 address: wlan0
04-09 16:04:58.052  2943  3158 I LibreCastControlDelegate: OnCastStatus() +++ Lyric Speaker Box 21f384:0xab90b198:NOT_SETUP
04-09 16:04:58.052  2943  3158 I LibreCastControlDelegate: Device Build Number -> '1.52.272222'
04-09 16:04:58.052  2943  3158 I librecast: updateCastBuildVersion() Version 1.52.272222
04-09 16:04:58.052  2713  2713 I lucitransport: readRemoteMessage() MID char = 7 buffer = 1.52.272222
04-09 16:04:58.052  2943  3158 I LibreCastControlDelegate: Active Applications -> 0
04-09 16:04:58.052  2943  3158 I LibreCastControlDelegate: Current Cast State '2' -> 'NOT_SETUP'
04-09 16:04:58.052  2943  3158 I LibreCastControlDelegate: OnCastStatus() ---
04-09 16:04:58.052  2943  3158 I LibreCastControlDelegate: OnCastStatus() +++ Lyric Speaker Box 21f384:0xab90b198:NOT_SETUP
04-09 16:04:58.053  2943  3158 I LibreCastControlDelegate: Device Build Number -> '1.52.272222'
04-09 16:04:58.053  2943  3158 I librecast: updateCastBuildVersion() Version 1.52.272222
04-09 16:04:58.053  2943  3158 I LibreCastControlDelegate: Active Applications -> 0
04-09 16:04:58.053  2943  3158 I LibreCastControlDelegate: Current Cast State '2' -> 'NOT_SETUP'
04-09 16:04:58.053  2943  3158 I LibreCastControlDelegate: OnCastStatus() ---
04-09 16:04:58.084  2949  2976 I otamanager: OTA:ResolveDNSName IP = 100.26.124.236
04-09 16:04:58.084  2949  2976 I otamanager: OTA:hostIp string: https://100.26.124.236/v1
04-09 16:04:58.084  2949  2976 I otamanager: OTA: trying after 2 sec 
04-09 16:04:58.136  3078  3078 I cast_shell: [3081:3121:INFO:metrics_recorder.cc(282)] Record action: Setup.version.BLE
04-09 16:04:58.166  3078  3078 I cast_shell: [3081:3121:INFO:metrics_recorder.cc(282)] Record action: Setup.tos_accepted.BLE
04-09 16:04:58.196  3078  3078 I cast_shell: [3081:3121:INFO:metrics_recorder.cc(282)] Record action: Setup.state.BLE
04-09 16:04:58.226  3078  3078 I cast_shell: [3081:3121:INFO:metrics_recorder.cc(282)] Record action: Setup.ip_address.BLE
04-09 16:04:58.259  3078  3078 I cast_shell: [3081:3121:INFO:ble_setup.cc(322)] Record action: Setup.set_eureka_info.BLE
04-09 16:04:58.265  3078  3078 I cast_shell: [3081:3121:INFO:timezone_settings.cc(288)] Setting system timezone to Asia/Kolkata
04-09 16:04:58.265  3078  3078 I cast_shell: [3081:3134:INFO:multizone_group.cc(357)] Change name for group [PII](F74EC161DF61D6780201131D0636E4A5) to [PII](Bedroom speaker 2)
04-09 16:04:58.265  3078  3078 I cast_shell: [3081:3121:INFO:locale_manager.cc(511)] New timezone: Asia/Kolkata
04-09 16:04:58.265  3078  3078 I cast_shell: [3081:3121:INFO:locale_manager.cc(539)] New time format: 24-hour
04-09 16:04:58.266  3078  3078 I cast_shell: [3081:3081:INFO:device_info_impl.cc(1133)] SSDP Config ID is increased: id=4
04-09 16:04:58.268  3078  3078 I cast_shell: [3081:3081:INFO:device_info_impl.cc(1133)] SSDP Config ID is increased: id=5
04-09 16:04:58.271  3078  3078 I cast_shell: [3081:3121:INFO:metrics_recorder.cc(282)] cast event: Cast.System.Timezone.ChangeSuccessful
04-09 16:04:58.272  2735  2762 I bluetoothtbd: [0409/033458.272029:INFO:adapter.cc(551)] Adapter properties changed
04-09 16:04:58.272  2735  2762 I bluetoothtbd: [0409/033458.272215:INFO:adapter.cc(573)] Adapter name changed
04-09 16:04:58.273  3078  3078 I cast_shell: [3081:3121:INFO:bluetooth_manager.cc(1232)] [PII] Set device name to 'Bedroom speaker 2'
04-09 16:04:58.278  2735  2762 I bluetoothtbd: [0409/033458.278547:INFO:adapter.cc(551)] Adapter properties changed
04-09 16:04:58.278  2735  2762 I bluetoothtbd: [0409/033458.278672:INFO:adapter.cc(573)] Adapter name changed
04-09 16:04:58.279  3078  3078 I cast_shell: [3081:3121:INFO:bluetooth_manager.cc(1232)] [PII] Set device name to 'Bedroom speaker 2'
04-09 16:04:58.280  2943  3158 I LibreCastControlDelegate: OnCastStatus() +++ Bedroom speaker 2:0xab90b198:NOT_SETUP
04-09 16:04:58.280  2943  3158 I LibreCastControlDelegate: Device Build Number -> '1.52.272222'
04-09 16:04:58.280  2943  3158 I librecast: updateCastBuildVersion() Version 1.52.272222
04-09 16:04:58.280  2713  2713 I lucitransport: readRemoteMessage() MID char = 7 buffer = 1.52.272222
04-09 16:04:58.280  3078  3078 I cast_shell: [3081:3131:INFO:mdns_util.cc(102)] Defaulting mDNS capabilities for audio-only build
04-09 16:04:58.281  2943  3158 I LibreCastControlDelegate: Active Applications -> 0
04-09 16:04:58.281  2943  3158 I LibreCastControlDelegate: Current Cast State '2' -> 'NOT_SETUP'
04-09 16:04:58.281  2943  3158 I LibreCastControlDelegate: OnCastStatus() ---
04-09 16:04:58.281  2943  3158 I LibreCastControlDelegate: OnCastStatus() +++ Bedroom speaker 2:0xab90b198:NOT_SETUP
04-09 16:04:58.281  2943  3158 I LibreCastControlDelegate: Device Build Number -> '1.52.272222'
04-09 16:04:58.281  2943  3158 I librecast: updateCastBuildVersion() Version 1.52.272222
04-09 16:04:58.281  2713  2713 I lucitransport: readRemoteMessage() MID char = 7 buffer = 1.52.272222
04-09 16:04:58.282  3078  3078 I cast_shell: [3081:3081:INFO:mdns_manager_impl.cc(429)] Successfully updated service: type=_googlecast
04-09 16:04:58.282  3078  3078 I cast_shell: [3081:3081:INFO:virtual_device.cc(296)] Updated mDNS service for virtual device: id=b44b61db-9acd-9066-d1f9-91456cdd81dd
04-09 16:04:58.282  2943  3158 I LibreCastControlDelegate: Active Applications -> 0
04-09 16:04:58.302  3078  3078 I cast_shell: [3081:3121:INFO:ble_setup.cc(322)] Record action: Setup.save_wifi.BLE
04-09 16:04:58.304  3078  3078 I cast_shell: [3081:3121:INFO:wifi_controller_wpa_supplicant.cc(692)] Clear bssid from config for network id 0
04-09 16:04:58.307  3078  3078 I cast_shell: [3081:3121:INFO:setup_manager_impl.cc(1725)] Report action: Wifi.FirstConfigured
04-09 16:04:58.886  3078  3078 I cast_shell: [3081:3121:INFO:ble_setup.cc(789)] Missing required info for sign.
04-09 16:04:58.916  3078  3078 I cast_shell: [system_updater_dummy.cpp(139)] CheckUpdate 139
04-09 16:04:58.916  3078  3078 I cast_shell: [system_updater_dummy.cpp(148)] CheckUpdate 148 return
04-09 16:04:58.931  3078  3078 I cast_shell: [3081:3121:INFO:ble_setup.cc(915)] Sign related info completed, no future EurekaInfo need sign.
04-09 16:04:58.968  3078  3078 I cast_shell: [3081:3089:INFO:parent_tracker.cc(237)] Network changed
04-09 16:04:58.969  3078  3078 I cast_shell: [3081:3089:INFO:parent_tracker.cc(135)] Now using local address [PII](192.168.1.145)
04-09 16:04:58.969  3078  3078 I cast_shell: [3081:3089:INFO:directory_service_impl.cc(200)] This device became root
04-09 16:04:58.969  3078  3078 I cast_shell: [3081:3089:INFO:parent_tracker.cc(237)] Network changed
