04-09 16:38:41.398     0     0 I [    1.422258@2] NET: Registered protocol family 35
04-09 16:38:41.398     0     0 I         : [    1.422919@2] Key type dns_resolver registered
04-09 16:38:41.398     0     0 I         : [    1.424209@2] Registered swp emulation handler
04-09 16:38:41.398     0     0 I         : [    1.424247@2] Registered cp15_barrier emulation handler
04-09 16:38:41.398     0     0 I         : [    1.424636@2] Registered setend emulation handler
04-09 16:38:41.398     0     0 I         : [    1.425137@2] disable EAS feature
04-09 16:38:41.398     0     0 I         : [    1.426223@2] registered taskstats version 1
04-09 16:38:41.398     0     0 W         : [    1.435900@2] dwc3 ff500000.dwc3: Configuration mismatch. dr_mode forced to host
04-09 16:38:41.398     0     0 I         : [    1.940583@2] xhci-hcd xhci-hcd.0.auto: xHCI Host Controller
04-09 16:38:41.398     0     0 I         : [    1.940648@2] xhci-hcd xhci-hcd.0.auto: new USB bus registered, assigned bus number 1
04-09 16:38:41.398     0     0 I         : [    1.941928@2] xhci-hcd xhci-hcd.0.auto: hcc params 0x0220f664 hci version 0x100 quirks 0x02010010
04-09 16:38:41.398     0     0 I         : [    1.942329@2] xhci-hcd xhci-hcd.0.auto: irq 27, io mem 0xff500000
04-09 16:38:41.398     0     0 I         : [    1.943907@0] hub 1-0:1.0: USB hub found
04-09 16:38:41.398     0     0 I         : [    1.943974@0] hub 1-0:1.0: 1 port detected
04-09 16:38:41.398     0     0 I         : [    1.944524@0] xhci-hcd xhci-hcd.0.auto: xHCI Host Controller
04-09 16:38:41.398     0     0 I         : [    1.944735@0] xhci-hcd xhci-hcd.0.auto: new USB bus registered, assigned bus number 2
04-09 16:38:41.398     0     0 I         : [    1.945563@0] usb usb2: We don't know the algorithms for LPM for this host, disabling LPM.
04-09 16:38:41.398     0     0 I         : [    1.947208@3] hub 2-0:1.0: USB hub found
04-09 16:38:41.398     0     0 E         : [    1.947273@3] hub 2-0:1.0: config failed, hub doesn't have any ports! (err -19)
04-09 16:38:41.398     0     0 E         : [    1.947878@3] usb usb2: Unsupported the hub
04-09 16:38:41.398     0     0 I         : [    1.948636@3] aml_vrtc rtc: setting system clock to 2022-04-09 11:08:38 UTC (1649502518)
04-09 16:38:41.398     0     0 D         : [    1.949445@3] dwc_otg ff400000.dwc2_a: dwc_otg_driver_probe(ffffffc01d644c00)
04-09 16:38:41.398     0     0 W [    1.949492@3] dwc_otg: usb0: type: 2 speed: 0, config: 0, dma: 0, id: 0, phy: ffe09000, ctrl: 0
04-09 16:38:41.398     0     0 D         : [    1.949872@3] dwc_otg ff400000.dwc2_a: base=0xffffff8008a40000
04-09 16:38:41.398     0     0 D         : [    1.949878@3] dwc_otg ff400000.dwc2_a: dwc_otg_device=0xffffffc01d188e00
04-09 16:38:41.398     0     0 W [    2.050297@3] dwc_otg: Core Release: 3.10a
04-09 16:38:41.398     0     0 W [    2.050341@3] dwc_otg: Setting default values for core params
04-09 16:38:41.398     0     0 W [    2.050775@3] dwc_otg: curmode: 0, host_only: 0
04-09 16:38:41.398     0     0 D         : [    2.051202@3] dwc_otg ff400000.dwc2_a: DMA config: BURST_DEFAULT
04-09 16:38:41.398     0     0 W [    2.063518@3] dwc_otg: Using Buffer DMA mode
04-09 16:38:41.398     0     0 W [    2.063540@3] dwc_otg: OTG VER PARAM: 1, OTG VER FLAG: 1
04-09 16:38:41.398     0     0 W [    2.063920@3] dwc_otg: Working on port type = SLAVE
04-09 16:38:41.398     0     0 W [    2.064405@3] dwc_otg: Dedicated Tx FIFOs mode
04-09 16:38:41.398     0     0 I [    2.066915@3] input: adc_keypad as /devices/platform/adc_keypad/input/input1
04-09 16:38:41.398     0     0 I         : [    2.069635@3] cpucore_cooling_register, max_cpu_core_num:4
04-09 16:38:41.398     0     0 I [    2.076452@3] gxbb_pm: enter meson_pm_probe!
04-09 16:38:41.398     0     0 I         : [    2.076491@3] no vddio3v3_en pin
04-09 16:38:41.398     0     0 E         : [    2.076659@3] pm-meson aml_pm: Can't get switch_clk81
04-09 16:38:41.398     0     0 I [    2.077182@3] gxbb_pm: meson_pm_probe done
04-09 16:38:41.398     0     0 I         : [    2.077911@3] ALSA device list:
04-09 16:38:41.398     0     0 I [    2.077938@3]   #0: AML-AUGESOUND
04-09 16:38:41.398     0     0 I         : [    2.078437@3] meson_uart ff804000.serial: ttyS3 use xtal(8M) 24000000 change 115200 to 115200
04-09 16:38:41.398     0     0 I         : [    2.084339@3] Freeing unused kernel memory: 6080K
04-09 16:38:41.398     0     0 I [    2.299694@3] ubi0: attaching mtd6
04-09 16:38:41.398     0     0 I [    2.510065@2] ubi0: scanning is finished
04-09 16:38:41.398     0     0 I [    2.514046@1] ubi0: attached mtd6 (name "system", size 100 MiB)
04-09 16:38:41.398     0     0 I [    2.514332@1] ubi0: PEB size: 262144 bytes (256 KiB), LEB size: 253952 bytes
04-09 16:38:41.398     0     0 I [    2.521344@1] ubi0: min./max. I/O unit sizes: 4096/4096, sub-page size 4096
04-09 16:38:41.398     0     0 I [    2.528228@1] ubi0: VID header offset: 4096 (aligned 4096), data offset: 8192
04-09 16:38:41.399     0     0 I [    2.535293@1] ubi0: good PEBs: 400, bad PEBs: 0, corrupted PEBs: 0
04-09 16:38:41.399     0     0 I [    2.541421@1] ubi0: user volume: 1, internal volumes: 1, max. volumes count: 128
04-09 16:38:41.399     0     0 I [    2.548751@1] ubi0: max/mean erase counter: 37/25, WL threshold: 4096, image sequence number: 736763309
04-09 16:38:41.399     0     0 I [    2.558068@1] ubi0: available PEBs: 0, total reserved PEBs: 400, PEBs reserved for bad PEB handling: 40
04-09 16:38:41.399     0     0 I [    2.567393@2] ubi0: background thread "ubi_bgt0d" started, PID 2142
04-09 16:38:41.399     0     0 I         : [    2.573182@1] UBIFS (ubi0:0): background thread "ubifs_bgt0_0" started, PID 2145
04-09 16:38:41.399     0     0 I         : [    2.614838@3] UBIFS (ubi0:0): UBIFS: mounted UBI device 0, volume 0, name "rootfs"
04-09 16:38:41.399     0     0 I         : [    2.616765@3] UBIFS (ubi0:0): LEB size: 253952 bytes (248 KiB), min./max. I/O unit sizes: 4096 bytes/4096 bytes
04-09 16:38:41.399     0     0 I         : [    2.626787@3] UBIFS (ubi0:0): FS size: 87867392 bytes (83 MiB, 346 LEBs), journal size 9404416 bytes (8 MiB, 38 LEBs)
04-09 16:38:41.399     0     0 I         : [    2.637297@3] UBIFS (ubi0:0): reserved for root: 0 bytes (0 KiB)
04-09 16:38:41.399     0     0 I         : [    2.643346@3] UBIFS (ubi0:0): media format: w4/r0 (latest is w4/r0), UUID DC99A6D8-69BA-4DD7-9E44-726260A6E747, small LPT model
04-09 16:38:41.399     0     0 I [    2.887559@2] init: property init
04-09 16:38:41.399     0     0 I [    2.888296@2] init: reading config file
04-09 16:38:41.399     0     0 I [    2.895057@2] init: processing action 0xaad6d808 (boot_start)
04-09 16:38:41.399     0     0 I [    2.902844@2] init: command 'boot_start' r=0
04-09 16:38:41.399     0     0 I [    2.903890@2] init: processing action 0xaad696b0 (early-init)
04-09 16:38:41.399     0     0 I [    2.908580@2] init: starting 'ueventd'
04-09 16:38:41.399     0     0 I [    2.911874@2] init: command 'start' r=0
04-09 16:38:41.399     0     0 I [    2.914787@2] init: command 'loglevel' r=0
04-09 16:38:41.399     0     0 I [    2.919683@2] init: command 'mount' r=0
04-09 16:38:41.399     0     0 I [    2.921394@0] init: starting ueventd
04-09 16:38:41.399     0     0 I [    2.922157@0] init: /sys/ rule /sys/devices/virtual/input/input* enable
04-09 16:38:41.399     0     0 I [    2.922168@0] init: /sys/ rule /sys/devices/virtual/input/input* poll_delay
04-09 16:38:41.399     0     0 I [    2.922177@0] init: /sys/ rule /sys/devices/virtual/usb_composite/* enable
04-09 16:38:41.399     0     0 I [    2.927719@0] init: adding platform device ffd0f0d0.watchdog
04-09 16:38:41.399     0     0 I [    2.928111@0] init: adding platform device reg-dummy
04-09 16:38:41.399     0     0 I [    2.928771@0] init: adding platform device cpu_iomap
04-09 16:38:41.399     0     0 I [    2.929048@0] init: adding platform device 7400000.ramoops
04-09 16:38:41.399     0     0 I [    2.929316@0] init: adding platform device bt-dev
04-09 16:38:41.399     0     0 I [    2.929903@0] init: adding platform device dummy
04-09 16:38:41.399     0     0 I [    2.977316@2] init: command 'mount' r=0
04-09 16:38:41.399     0     0 I [    3.181836@0] ubi1: attaching mtd7
04-09 16:38:41.399     0     0 I [    3.475749@0] ubi1: scanning is finished
04-09 16:38:41.399     0     0 I [    3.480006@2] ubi1: attached mtd7 (name "chrome", size 140 MiB)
04-09 16:38:41.399     0     0 I [    3.480297@2] ubi1: PEB size: 262144 bytes (256 KiB), LEB size: 253952 bytes
04-09 16:38:41.399     0     0 I [    3.487311@2] ubi1: min./max. I/O unit sizes: 4096/4096, sub-page size 4096
04-09 16:38:41.399     0     0 I [    3.494194@2] ubi1: VID header offset: 4096 (aligned 4096), data offset: 8192
04-09 16:38:41.399     0     0 I [    3.501259@2] ubi1: good PEBs: 560, bad PEBs: 0, corrupted PEBs: 0
04-09 16:38:41.399     0     0 I [    3.507387@2] ubi1: user volume: 1, internal volumes: 1, max. volumes count: 128
04-09 16:38:41.399     0     0 I [    3.514719@2] ubi1: max/mean erase counter: 36/26, WL threshold: 4096, image sequence number: 1458511589
04-09 16:38:41.399     0     0 I [    3.524119@2] ubi1: available PEBs: 0, total reserved PEBs: 560, PEBs reserved for bad PEB handling: 40
04-09 16:38:41.399     0     0 I [    3.533443@0] ubi1: background thread "ubi_bgt1d" started, PID 2555
04-09 16:38:41.399     0     0 I         : [    3.547873@2] UBIFS (ubi1:0): background thread "ubifs_bgt1_0" started, PID 2558
04-09 16:38:41.399     0     0 I         : [    3.574147@1] UBIFS (ubi1:0): recovery needed
04-09 16:38:41.399     0     0 I         : [    3.626738@0] UBIFS (ubi1:0): recovery completed
04-09 16:38:41.399     0     0 I         : [    3.626892@0] UBIFS (ubi1:0): UBIFS: mounted UBI device 1, volume 0, name "chrome"
04-09 16:38:41.399     0     0 I         : [    3.633244@0] UBIFS (ubi1:0): LEB size: 253952 bytes (248 KiB), min./max. I/O unit sizes: 4096 bytes/4096 bytes
04-09 16:38:41.399     0     0 I         : [    3.643246@0] UBIFS (ubi1:0): FS size: 128499712 bytes (122 MiB, 506 LEBs), journal size 9404416 bytes (8 MiB, 38 LEBs)
04-09 16:38:41.399     0     0 I         : [    3.653939@0] UBIFS (ubi1:0): reserved for root: 0 bytes (0 KiB)
04-09 16:38:41.399     0     0 I         : [    3.659892@0] UBIFS (ubi1:0): media format: w4/r0 (latest is w4/r0), UUID 3D7B4A1D-6849-462E-B889-C151DCC94211, small LPT model
04-09 16:38:41.399     0     0 I [    3.703226@0] ubi2: attaching mtd8
04-09 16:38:41.399     0     0 I         : [    3.869529@0]  NAND bbt detect factory Bad block at 17a40000
04-09 16:38:41.399     0     0 I         : [    3.881117@0]  NAND bbt detect factory Bad block at 18000000
04-09 16:38:41.399     0     0 I         : [    3.881175@0]  NAND bbt detect factory Bad block at 18040000
04-09 16:38:41.399     0     0 I [    4.153795@0] ubi2: scanning is finished
04-09 16:38:41.399     0     0 I [    4.158548@2] ubi2: attached mtd8 (name "data", size 213 MiB)
04-09 16:38:41.399     0     0 I [    4.158662@2] ubi2: PEB size: 262144 bytes (256 KiB), LEB size: 253952 bytes
04-09 16:38:41.399     0     0 I [    4.165670@2] ubi2: min./max. I/O unit sizes: 4096/4096, sub-page size 4096
04-09 16:38:41.399     0     0 I [    4.172561@2] ubi2: VID header offset: 4096 (aligned 4096), data offset: 8192
04-09 16:38:41.399     0     0 I [    4.179624@2] ubi2: good PEBs: 849, bad PEBs: 3, corrupted PEBs: 0
04-09 16:38:41.399     0     0 I [    4.185751@2] ubi2: user volume: 2, internal volumes: 1, max. volumes count: 128
04-09 16:38:41.399     0     0 I [    4.193084@2] ubi2: max/mean erase counter: 72/49, WL threshold: 4096, image sequence number: 1018457084
04-09 16:38:41.399     0     0 I [    4.202484@2] ubi2: available PEBs: 0, total reserved PEBs: 849, PEBs reserved for bad PEB handling: 37
04-09 16:38:41.399     0     0 I [    4.211808@1] ubi2: background thread "ubi_bgt2d" started, PID 2566
04-09 16:38:41.399     0     0 I         : [    4.225635@3] UBIFS (ubi2:0): background thread "ubifs_bgt2_0" started, PID 2569
04-09 16:38:41.399     0     0 I         : [    4.252097@0] UBIFS (ubi2:0): recovery needed
04-09 16:38:41.399     0     0 I         : [    4.327108@2] UBIFS (ubi2:0): recovery completed
04-09 16:38:41.399     0     0 I         : [    4.327265@2] UBIFS (ubi2:0): UBIFS: mounted UBI device 2, volume 0, name "factory"
04-09 16:38:41.399     0     0 I         : [    4.333701@2] UBIFS (ubi2:0): LEB size: 253952 bytes (248 KiB), min./max. I/O unit sizes: 4096 bytes/4096 bytes
04-09 16:38:41.399     0     0 I         : [    4.343744@2] UBIFS (ubi2:0): FS size: 10158080 bytes (9 MiB, 40 LEBs), journal size 2285569 bytes (2 MiB, 9 LEBs)
04-09 16:38:41.399     0     0 I         : [    4.353963@2] UBIFS (ubi2:0): reserved for root: 0 bytes (0 KiB)
04-09 16:38:41.399     0     0 I         : [    4.359915@2] UBIFS (ubi2:0): media format: w4/r0 (latest is w4/r0), UUID AD7DC8BC-6ACA-4841-8B12-7A54B54F57E7, small LPT model
04-09 16:38:41.399     0     0 I         : [    4.383600@0] UBIFS (ubi2:1): background thread "ubifs_bgt2_1" started, PID 2572
04-09 16:38:41.399     0     0 I         : [    4.409503@1] UBIFS (ubi2:1): recovery needed
04-09 16:38:41.399     0     0 I         : [    4.495790@3] UBIFS (ubi2:1): recovery completed
04-09 16:38:41.399     0     0 I         : [    4.495946@3] UBIFS (ubi2:1): UBIFS: mounted UBI device 2, volume 1, name "data"
04-09 16:38:41.399     0     0 I         : [    4.502144@3] UBIFS (ubi2:1): LEB size: 253952 bytes (248 KiB), min./max. I/O unit sizes: 4096 bytes/4096 bytes
04-09 16:38:41.400     0     0 I         : [    4.512233@3] UBIFS (ubi2:1): FS size: 189956096 bytes (181 MiB, 748 LEBs), journal size 9404416 bytes (8 MiB, 38 LEBs)
04-09 16:38:41.400     0     0 I         : [    4.522824@3] UBIFS (ubi2:1): reserved for root: 0 bytes (0 KiB)
04-09 16:38:41.400     0     0 I         : [    4.528775@3] UBIFS (ubi2:1): media format: w4/r0 (latest is w4/r0), UUID 34A475AE-5814-4337-8EB7-8868427E3B0E, small LPT model
04-09 16:38:41.400     0     0 I         : [    4.766583@0] aml_wifi wifi: [usb_power_control] Set WiFi power down
04-09 16:38:41.400     0     0 I [    4.767330@0] meson-mmc: [sdio_notify] finish
04-09 16:38:41.400     0     0 I         : [    4.771647@0] aml_wifi wifi: [wifi_power_ioctl] ioctl Set sdio wifi power down!
04-09 16:38:41.400     0     0 I         : [    4.776650@2] UBIFS (ubi0:0): background thread "ubifs_bgt0_0" stops
04-09 16:38:42.467  2585  2585 E         : found the match wifi is: sd8887
04-09 16:38:42.467  2585  2585 E         : wifi_insmod command:insmod /lib/modules/4.9.113/kernel/mrvl/mlan8887.ko 
--------- beginning of system
04-09 16:38:42.504  2604  2604 I wpa_supplicant: Successfully initialized wpa_supplicant
04-09 16:38:42.529  2604  2604 E wpa_supplicant: Could not read interface wlan0 flags: No such device
04-09 16:38:42.532  2604  2604 I wpa_supplicant: nl80211: Driver does not support authentication/association or connect commands
04-09 16:38:42.534  2604  2604 I wpa_supplicant: nl80211: deinit ifname=wlan0 disabled_11b_rates=0
04-09 16:38:42.536  2604  2604 E wpa_supplicant: Could not read interface wlan0 flags: No such device
04-09 16:38:42.537  2604  2604 E wpa_supplicant: wlan0: Failed to initialize driver interface
04-09 16:38:42.632  2585  2585 E         : wifi_insmod command:insmod /lib/modules/4.9.113/kernel/mrvl/sd8xxx.ko cal_data_cfg=mrvl/WlanCalData_ext_LS9x_291119.conf txpwrlimit_cfg=mrvl/txpwrlimit_cfg_8887.bin fw_name=mrvl/sd8887_wlan_a2_p59.bin cfg80211_wext=0xf host_mlme=1 auto_ds=2 fw_serial=1 sta_name="wlan" uap_name="p2p" ps_mode=2 max_uap_bss=2 drvdbg=0x7 reg_alpha2="00"
04-09 16:38:43.759  2585  2585 E         : Load BT driver
04-09 16:38:43.759  2585  2585 E         : found the match wifi is: (null)
04-09 16:38:43.759  2585  2585 E         : wifi_insmod command:insmod /lib/modules/4.9.113/kernel/mrvl/bt8xxx.ko fw_name=mrvl/sd8887_bt_a2_p59.bin bt_fw_serial=0
04-09 16:38:43.903  2688  2688 W sshd    : Failed loading /etc/dropbear/dropbear_rsa_host_key
04-09 16:38:43.903  2688  2688 W sshd    : Failed loading /etc/dropbear/dropbear_dss_host_key
04-09 16:38:43.903  2688  2688 W sshd    : Failed loading /etc/dropbear/dropbear_ecdsa_host_key
04-09 16:38:43.904  2696  2696 E writeSerialNo: Writing serial number to unifykey
04-09 16:38:43.909  2688  2688 I sshd    : Not backgrounding
04-09 16:38:43.928  2690  2690 I sh      : FACTEST:unifykey read success:20 20
04-09 16:38:43.929  2690  2690 I sh      : inbuf=de4f95ffa64d5e74b026  ret=20 serial.txt=de4f95ffa64d5e74b026 bytesread=20 strcmp=0
04-09 16:38:43.938  2694  2694 I ServiceManager: Waiting for service libre.EnvItems...
04-09 16:38:43.971  2697  2697 I ENV     : init 
04-09 16:38:43.972  2697  2697 I ENV     :  First boot 
04-09 16:38:43.972  2697  2697 E ENV     : fileExists:153 /lsync/env/env.db does not exist
04-09 16:38:43.979  2697  2697 D AVS_SDK :  [  1] I sdkVersion: 1.19.1
04-09 16:38:43.979  2697  2697 E ENV     :  FAILED to open:/lsync/env/tmp.db 
04-09 16:38:43.980  2697  2697 I ENV     : removeItem:79:/lsync/env/tmp.db not found
04-09 16:38:43.981  2697  2697 E ENV     : /lsync/env/env.db does not Exist.. tempStorage = 0
04-09 16:38:43.981  2697  2697 I ENV     : createUserDBFromFactoryCfg 
04-09 16:38:43.989  2697  2697 I ENV     : Using /factory/custom/factoryEnv.conf as conf file
04-09 16:38:43.989  2697  2697 I ENV     : removeItem:79:/lsync/env/env.db not found
04-09 16:38:43.989  2697  2697 E ENV     : Error removing /lsync/env/env.db
04-09 16:38:44.060  2697  2697 E ENV     : createUserDBFromFactoryCfg:307: tempStorage is undefined
04-09 16:38:44.061  2697  2697 I ENV     : Using /factory/custom/factoryEnv.conf and /lsync/env/env.db as conf and db file
04-09 16:38:44.061  2697  2697 I ENV     : init 
04-09 16:38:44.061  2697  2697 I ENV     :  First boot 
04-09 16:38:44.061  2697  2697 I ENV     : fileExists:151 /lsync/env/env.db exists
04-09 16:38:44.064  2697  2697 I ENV     : Copied /lsync/env/env.db to /lsync/env/tmp.db
04-09 16:38:44.064  2697  2697 E ENV     : /lsync/env/env.db does not Exist.. tempStorage = abf86db0
04-09 16:38:44.064  2697  2697 I ENV     : createUserDBFromFactoryCfg 
04-09 16:38:44.067  2697  2697 I ENV     : Using /factory/custom/factoryEnv.conf as conf file
04-09 16:38:44.068  2697  2697 I ENV     : removeItem:74:/lsync/env/env.db removed
04-09 16:38:44.068  2697  2697 I ENV     : Removed /lsync/env/env.db
04-09 16:38:44.083  2697  2697 E ENV     : createUserDBFromFactoryCfg:301: Failed at tempStorage->get_changed
04-09 16:38:44.497  2697  2697 I chatty  : uid=0(root) env_service identical 64 lines
04-09 16:38:44.503  2697  2697 E ENV     : createUserDBFromFactoryCfg:301: Failed at tempStorage->get_changed
04-09 16:38:44.505  2697  2697 E AVS_SDK :  [  1] E SQLiteStatement:SQLiteStatement::stepFailed::Executing the select did not generate a row or complete.:result=19
04-09 16:38:44.505  2697  2697 E AVS_SDK :  [  1] E SQLiteStatement:SQLiteStatement::finalizeFailed::Could release the prepared statement.:rcode=19
04-09 16:38:44.505  2697  2697 E ENV     : createUserDBFromFactoryCfg:286: Failed at m_miscStorage->put
04-09 16:38:44.511  2697  2697 E ENV     : createUserDBFromFactoryCfg:301: Failed at tempStorage->get_changed
04-09 16:38:44.695  2697  2697 I chatty  : uid=0(root) env_service identical 29 lines
04-09 16:38:44.701  2697  2697 E ENV     : createUserDBFromFactoryCfg:301: Failed at tempStorage->get_changed
04-09 16:38:44.701  2697  2697 I ENV     : Using /factory/custom/factoryEnv.conf and /lsync/env/env.db as conf and db file
04-09 16:38:44.702  2697  2697 I ENV     : fileExists:151 /lsync/env/env_bk.db exists
04-09 16:38:44.703  2697  2697 I ENV     : fileExists:151 /factory/custom/factoryEnv_bk.conf exists
04-09 16:38:44.703  2697  2697 I ENV     : removeItem:74:/lsync/env/tmp.db removed
04-09 16:38:46.907  2709  2709 I wpa_supplicant: Successfully initialized wpa_supplicant
04-09 16:38:46.920  2709  2709 I wpa_supplicant: rfkill: Cannot open RFKILL control device
04-09 16:38:46.956  2712  2712 I main_sourceswitch: ServiceManager: 0xac0abf88
04-09 16:38:46.957  2711  2711 E LUCI_FACTORY: LUCIFactory::registerBuiltinFactories
04-09 16:38:46.957  2712  2712 E luci_helper: LUCIHelper: Waiting for Module Init
04-09 16:38:46.958  2712  2712 E luci_helper: LUCIHelper: Waiting for Module Init
04-09 16:38:46.964  2711  2711 E LUCI_SERVER: IP = 0
04-09 16:38:46.988  2710  2710 E luci_helper: LUCIHelper: Waiting for Module Init
04-09 16:38:46.989  2710  2710 E luci_helper: LUCIHelper: Waiting for Module Init
04-09 16:38:46.990  2710  2710 E yani_server: YaniServer FAILED TO GET LuciHelper
04-09 16:38:47.013  2690  2690 I sh      : Simple mixer control 'Master',0
04-09 16:38:47.013  2690  2690 I sh      :   Capabilities: volume pswitch pswitch-joined
04-09 16:38:47.014  2690  2690 I sh      :   Playback channels: Front Left - Front Right
04-09 16:38:47.014  2690  2690 I sh      :   Capture channels: Front Left - Front Right
04-09 16:38:47.014  2690  2690 I sh      :   Limits: 0 - 100
04-09 16:38:47.037  2690  2690 I sh      :   Front Left: 30 [30%] [-10.45dB] Playback [on]
04-09 16:38:47.037  2690  2690 I sh      :   Front Right: 30 [30%] [-10.45dB] Playback [on]
04-09 16:38:47.041  2711  2711 E luciUART: bufff write ? = 1 
04-09 16:38:47.045  2711  2711 E luciUART: tcsetattr succeed
04-09 16:38:47.046  2711  2722 E LUCI_SERVER: Luci Server Thread waiting for packets....
04-09 16:38:47.058  2709  2709 I wpa_supplicant: MPM: Debug Dialog Token initialized 3112454134 (0xb98447f6)
04-09 16:38:47.066  2709  2709 I wpa_supplicant: wlan0: CTRL-EVENT-REGDOM-CHANGE init=USER type=COUNTRY alpha2=US
04-09 16:38:47.134  2708  2708 I         : [0409/040847.133873:INFO:cast_auth_check.cc(163)] Cast auth test is successful.
04-09 16:38:47.455  2710  2719 E yani_kernel: Interface status 0
04-09 16:38:47.461  2710  2719 I yani_kernel: set_device_name() Interface 'wlan0' MAC Address 'cc:90:93:21:f3:84' FriendlyName 'Lyric Speaker Box 21f384' status '0'
04-09 16:38:47.463  2710  2719 I yani_server: First boot after Factory reset! Friendly Name modified Lyric Speaker Box  -> Lyric Speaker Box 21f384
04-09 16:38:47.468  2711  2711 I lucitransport: writeRemoteMessage() MID = 90 buffer = Lyric Speaker Box 21f384
04-09 16:38:47.469  2711  2711 I luciUART: write() MID = 90  bytes = 34 data = Lyric Speaker Box 21f384 m_fd = 0x6
04-09 16:38:47.469  2711  2711 I lucitransport: writeLocalMessage() MID = 90 buffer = Lyric Speaker Box 21f384
04-09 16:38:47.469  2711  2722 E LUCI_SERVER: Luci Server Thread wait over MID 90....
04-09 16:38:47.476  2710  2719 E yani_server: Device Supports CastSetup 1
04-09 16:38:47.476  2710  2719 I yani_kernel: yani_init_net() Success Netlink socket fd 6
04-09 16:38:47.479  2710  2719 E WifiHW  : wifi_start_supplicant
04-09 16:38:47.480  2710  2719 E WifiHW  : wifi_start_ctl.start : wpa_supplicant
04-09 16:38:47.496  2711  2722 E LUCI_SERVER: Luci Server Thread waiting for packets....
04-09 16:38:47.681  2710  2719 E WifiHW  : wifi_connect_to_supplicant : wlan0
04-09 16:38:47.681  2710  2719 E WifiHW  : wifi_connect_on_socket_path1 : wlan0
04-09 16:38:47.684  2710  2719 E yani_wifi: enable_disable_net_if() Failed SIOCGIFFLAGS for interface 'wlan1' enable '0'
04-09 16:38:47.688  2710  2719 I yani_wifi: configure_wifi() SSID '' security '' passphrase '********' Country 'US'
04-09 16:38:48.913  2690  2690 I sh      : LSDeviceService: not found
04-09 16:38:49.003  2730  2730 I NetMgr  : Net_Mgr starting
04-09 16:38:49.006  2730  2730 I HotspotManager: Default WiFi Interface : wlan0
04-09 16:38:49.021  2730  2730 I NetworkMonitor: WiFi Interface : wlan0
04-09 16:38:49.022  2730  2730 I NetworkMonitor: Default WiFi Interface : wlan0
04-09 16:38:49.023  2730  2738 I NetworkMonitor: Start monitor thread
04-09 16:38:49.031  2730  2738 E WifiUtil: command: "SCAN" failed: FAIL-BUSY
04-09 16:38:49.041  2727  2727 E         :  Start MessageBox Handler 
04-09 16:38:49.043  2728  2728 E UIModeManager: UIModeManager Constructor ++
04-09 16:38:49.051  2734  2734 E dhcpcd  : eth0: interface not found or invalid
04-09 16:38:49.057  2728  2728 I AirableUIHelper: AirableUIHelper Contructor 
04-09 16:38:49.059  2734  2734 D dhcpcd  : wlan0: adding address fe80::ce90:93ff:fe21:f384
04-09 16:38:49.061  2727  2745 E MB_HANDLER: HOST present 1
04-09 16:38:49.062  2728  2728 E AirableUIHelper:  Airable ENV_AirableBaseURL_ID Envitem returned failed!!!
04-09 16:38:49.064  2728  2728 E AirableUIHelper:  Airable ENV_AirableSecret_ID Envitem returned failed!!!
04-09 16:38:49.064  2728  2728 E AirableUIHelper: Airable Secret =  
04-09 16:38:49.067  2727  2745 E MB_HANDLER:  REGISTERED YANI LISTENER IN MessageBoxHandler
04-09 16:38:49.069  2727  2745 E         : External Host present 1
04-09 16:38:49.069  2727  2745 E MB_HANDLER: REGISTERED ExternalSource IN MessageBoxHandler
04-09 16:38:49.072  2727  2745 E MB_HANDLER: Check Device Support ENV_CastSetup true ENV_GoogleCast_ID true 
04-09 16:38:49.073  2711  2711 I lucitransport: readRemoteMessage() MID char = 43689 buffer = 1
04-09 16:38:49.073  2711  2720 I lucitransport: writeRemoteMessage() MID = 43690 buffer = ªªªªª
04-09 16:38:49.073  2711  2720 I luciUART: write() MID = 43690  bytes = 15 data = ªªªªª m_fd = 0x6
04-09 16:38:49.073  2727  2745 E MB_HANDLER: LUCI UART READY MSG!!
04-09 16:38:49.073  2727  2745 E MB_HANDLER: Set Default Network Status on Bootup 0#1,0#2,0#3,0#4,0!
04-09 16:38:49.074  2711  2720 I lucitransport: writeRemoteMessage() MID = 124 buffer = 0#1,0#2,0#3,0#4,0
04-09 16:38:49.074  2711  2720 I luciUART: write() MID = 124  bytes = 27 data = 0#1,0#2,0#3,0#4,0 m_fd = 0x6
04-09 16:38:49.074  2711  2720 I lucitransport: readRemoteMessage() MID char = 43689 buffer = 1
04-09 16:38:49.074  2711  2720 I lucitransport: readRemoteMessage() MID char = 38 buffer = (null)
04-09 16:38:49.074  2711  2720 I lucitransport: readRemoteMessage() MID char = 35 buffer = 0
04-09 16:38:49.075  2727  2745 E MB_HANDLER: connected_cnt =0
04-09 16:38:49.075  2711  2720 I lucitransport: writeRemoteMessage() MID = 35 buffer = 1
04-09 16:38:49.080  2727  2745 E MB_HANDLER: boot_after_factory : 1
04-09 16:38:49.082  2711  2721 E luciUART: UART:aa
04-09 16:38:49.082  2711  2721 E luciUART: UART:aa
04-09 16:38:49.082  2711  2721 E luciUART: UART:2
04-09 16:38:49.082  2711  2721 E luciUART: UART:0
04-09 16:38:49.082  2711  2721 E luciUART: UART:9
04-09 16:38:49.082  2711  2721 E luciUART: UART:0
04-09 16:38:49.082  2711  2721 I chatty  : uid=0(root) UARTLUCIControl identical 2 lines
04-09 16:38:49.082  2711  2721 E luciUART: UART:0
04-09 16:38:49.083  2711  2721 E luciUART: UART:1
04-09 16:38:49.083  2711  2721 I luciUART: read() RemoteID = 43690 Command = 9 Type = 2 Status = 0 DataLen = 1
04-09 16:38:49.087  2711  2721 E luciUART: UART:0
04-09 16:38:49.095  2711  2722 I luciUART: write() MID = 208  bytes = 15 data = ssid: m_fd = 0x6
04-09 16:38:49.095  2711  2722 E LUCI_SERVER: NV_READ response= ssid:
04-09 16:38:49.095  2711  2722 E LUCI_SERVER: Luci Server Thread waiting for packets....
04-09 16:38:49.096  2728  2728 I UIModeManager: RegisterModeControl Mode - PlayMode ModeControl - 0xac567c30
04-09 16:38:49.096  2727  2745 I MB_HANDLER: Env Details: LS-Host '1' Cast-Setup 'true'
04-09 16:38:49.096  2727  2745 E MB_HANDLER: Message Handler Thread wait over MID[91]....
04-09 16:38:49.096  2728  2728 I ServiceManager: Waiting for service media.player...
04-09 16:38:49.096  2711  2720 I lucitransport: readRemoteMessage() MID char = 91 buffer = (null)
04-09 16:38:49.098  2727  2745 E MB_HANDLER: ENV READ FAILED
04-09 16:38:49.099  2727  2745 E MB_HANDLER: MacAddress :CC:90:93:21:F3:84
04-09 16:38:49.100  2711  2720 I lucitransport: writeRemoteMessage() MID = 91 buffer = CC:90:93:21:F3:84
04-09 16:38:49.100  2711  2720 I luciUART: write() MID = 91  bytes = 27 data = CC:90:93:21:F3:84 m_fd = 0x6
04-09 16:38:49.100  2727  2745 E MB_HANDLER: Message Handler Thread waiting for messages....
04-09 16:38:49.109  2711  2721 E luciUART: UART:aa
04-09 16:38:49.109  2711  2721 E luciUART: UART:aa
04-09 16:38:49.109  2711  2721 E luciUART: UART:2
04-09 16:38:49.109  2711  2721 E luciUART: UART:0
04-09 16:38:49.109  2711  2721 E luciUART: UART:d0
04-09 16:38:49.109  2711  2721 E luciUART: UART:0
04-09 16:38:49.109  2711  2721 I chatty  : uid=0(root) UARTLUCIControl identical 2 lines
04-09 16:38:49.109  2711  2721 E luciUART: UART:0
04-09 16:38:49.109  2711  2721 E luciUART: UART:9
04-09 16:38:49.109  2711  2721 I luciUART: read() RemoteID = 43690 Command = 208 Type = 2 Status = 0 DataLen = 9
04-09 16:38:49.109  2711  2721 E luciUART: Error: full data not available yet! readBytes 0
04-09 16:38:49.109  2711  2721 I luciUART: Previous Packet read contd., 
04-09 16:38:49.109  2711  2721 E luciUART: UART:52
04-09 16:38:49.109  2711  2721 I luciUART: Previous Packet read contd., 
04-09 16:38:49.109  2711  2721 E luciUART: UART:45
04-09 16:38:49.109  2711  2721 I luciUART: Previous Packet read contd., 
04-09 16:38:49.110  2711  2721 E luciUART: UART:41
04-09 16:38:49.110  2711  2721 I luciUART: Previous Packet read contd., 
04-09 16:38:49.110  2711  2721 E luciUART: UART:44
04-09 16:38:49.110  2711  2721 I luciUART: Previous Packet read contd., 
04-09 16:38:49.110  2711  2721 E luciUART: UART:5f
04-09 16:38:49.110  2711  2721 I luciUART: Previous Packet read contd., 
04-09 16:38:49.110  2711  2721 E luciUART: UART:73
04-09 16:38:49.110  2711  2721 I luciUART: Previous Packet read contd., 
04-09 16:38:49.110  2711  2721 E luciUART: UART:73
04-09 16:38:49.110  2711  2721 I luciUART: Previous Packet read contd., 
04-09 16:38:49.110  2711  2721 E luciUART: UART:69
04-09 16:38:49.110  2711  2721 I luciUART: Previous Packet read contd., 
04-09 16:38:49.110  2711  2721 E luciUART: UART:64
04-09 16:38:49.110  2711  2722 E LUCI_SERVER: Luci Server Thread wait over MID 208....
04-09 16:38:49.110  2711  2722 E LUCI_SERVER: Got NV name : ssid
04-09 16:38:49.110  2711  2721 E luciUART: UART:aa
04-09 16:38:49.110  2711  2721 E luciUART: UART:aa
04-09 16:38:49.110  2711  2721 E luciUART: UART:2
04-09 16:38:49.110  2711  2721 E luciUART: UART:0
04-09 16:38:49.110  2711  2721 E luciUART: UART:6
04-09 16:38:49.111  2711  2721 E luciUART: UART:0
04-09 16:38:49.111  2711  2721 I chatty  : uid=0(root) UARTLUCIControl identical 2 lines
04-09 16:38:49.111  2711  2721 E luciUART: UART:0
04-09 16:38:49.111  2711  2721 E luciUART: UART:4
04-09 16:38:49.111  2711  2721 I luciUART: read() RemoteID = 43690 Command = 6 Type = 2 Status = 0 DataLen = 4
04-09 16:38:49.111  2711  2721 E luciUART: Error: full data not available yet! readBytes 0
04-09 16:38:49.111  2711  2721 I luciUART: Previous Packet read contd., 
04-09 16:38:49.111  2711  2721 E luciUART: UART:31
04-09 16:38:49.111  2711  2721 I luciUART: Previous Packet read contd., 
04-09 16:38:49.111  2711  2721 E luciUART: UART:30
04-09 16:38:49.121  2711  2722 I luciUART: write() MID = 208  bytes = 67 data = fwdownload_xml:https://openotaengine.libreiotcloud.com/v1 m_fd = 0x6
04-09 16:38:49.121  2711  2722 E LUCI_SERVER: NV_READ response= fwdownload_xml:https://openotaengine.libreiotcloud.com/v1
04-09 16:38:49.121  2711  2722 E LUCI_SERVER: Luci Server Thread waiting for packets....
04-09 16:38:49.122  2727  2745 E MB_HANDLER: Message Handler Thread waiting for messages....
04-09 16:38:49.122  2732  2732 I bt_btif : init
04-09 16:38:49.124  2732  2732 D bt_osi_allocation_tracker: canary initialized
04-09 16:38:49.128  2732  2759 I bt_osi_thread: run_thread: thread id 2759, thread name stack_manager started
04-09 16:38:49.128  2732  2759 I bt_stack_manager: event_init_stack is initializing the stack
04-09 16:38:49.132  2732  2759 E bt_osi_config: config_new unable to open file '/data/misc/bluedroid/bt_config.conf': No such file or directory
04-09 16:38:49.133  2732  2759 W bt_btif_config: init unable to load config file: /data/misc/bluedroid/bt_config.conf; using backup.
04-09 16:38:49.133  2732  2759 E bt_osi_config: config_new unable to open file '/data/misc/bluedroid/bt_config.bak': No such file or directory
04-09 16:38:49.133  2732  2759 W bt_btif_config: init unable to load backup; attempting to transcode legacy file.
04-09 16:38:49.134  2732  2759 E bt_btif_config_transcode: btif_config_transcode unable to load XML file '/data/misc/bluedroid/bt_config.xml': 3
04-09 16:38:49.135  2732  2759 E bt_btif_config: init unable to transcode legacy file; creating empty config.
04-09 16:38:49.136  2732  2761 I bt_osi_thread: run_thread: thread id 2761, thread name alarm_default_ca started
04-09 16:38:49.137  2732  2762 I bt_osi_thread: run_thread: thread id 2762, thread name alarm_dispatcher started
04-09 16:38:49.141  2732  2759 I bt_btif_core: btif_init_bluetooth entered
04-09 16:38:49.144  2732  2759 I bt_stack_config: init attempt to load stack conf from /etc/bluetooth/bt_stack.conf
04-09 16:38:49.146  2732  2765 I bt_osi_thread: run_thread: thread id 2765, thread name bt_jni_workqueue started
04-09 16:38:49.146  2732  2759 I bt_btif_core: btif_init_bluetooth finished
04-09 16:38:49.146  2732  2759 I bt_stack_manager: event_init_stack finished
04-09 16:38:49.147  2732  2732 I bt_osi_wakelock: wakelock_set_os_callouts set to non-native
04-09 16:38:49.147  2732  2765 I bt_btif_core: run_message_loop entered
04-09 16:38:49.150  2732  2732 I bt_btif : get_profile_interface: id = gatt
04-09 16:38:49.154  2730  2739 E CommandListener: Message not handled: unrecognized interface usb0
04-09 16:38:49.154  2730  2739 W FrameworkListener: Handler 'Iface' error (Success)
04-09 16:38:49.154  2730  2739 E CommandListener: Message not handled: unrecognized interface usb0
04-09 16:38:49.154  2730  2739 W FrameworkListener: Handler 'Iface' error (Success)
04-09 16:38:49.158  2732  2732 I bt_btif : get_profile_interface: id = a2dp
04-09 16:38:49.159  2732  2732 I bt_btif : get_profile_interface: id = a2dp_sink
04-09 16:38:49.168  2730  2739 E CommandListener: Message not handled: unrecognized interface usb0
04-09 16:38:49.168  2730  2739 W FrameworkListener: Handler 'Iface' error (Success)
04-09 16:38:49.168  2730  2739 E CommandListener: Message not handled: unrecognized interface usb0
04-09 16:38:49.168  2730  2739 W FrameworkListener: Handler 'Iface' error (Success)
04-09 16:38:49.168  2730  2739 E CommandListener: Message not handled: unrecognized interface usb0
04-09 16:38:49.168  2730  2739 W FrameworkListener: Handler 'Iface' error (Success)
04-09 16:38:49.169  2730  2739 E CommandListener: Message not handled: unrecognized interface usb0
04-09 16:38:49.169  2730  2739 W FrameworkListener: Handler 'Iface' error (Success)
04-09 16:38:49.171  2732  2774 I bt_osi_thread: run_thread: thread id 2774, thread name btif_a2dp_sink_w started
04-09 16:38:49.179  2732  2732 D a2dp_codec: init
04-09 16:38:49.180  2732  2732 D a2dp_codec: createCodec: codec SBC
04-09 16:38:49.183  2732  2732 D a2dp_codec: createCodec: codec AAC
04-09 16:38:49.187  2732  2732 D a2dp_codec: createCodec: codec aptX
04-09 16:38:49.188  2732  2732 E a2dp_vendor_aptx_encoder: A2DP_VendorLoadEncoderAptx: cannot open aptX encoder library libaptX_encoder.so: libaptX_encoder.so: cannot open shared object file: No such file or directory
04-09 16:38:49.188  2732  2732 E a2dp_vendor_aptx: init: cannot load the encoder
04-09 16:38:49.188  2732  2732 D a2dp_codec: createCodec: codec aptX-HD
04-09 16:38:49.191  2732  2732 E a2dp_vendor_aptx_hd_encoder: A2DP_VendorLoadEncoderAptxHd: cannot open aptX-HD encoder library libaptXHD_encoder.so: libaptXHD_encoder.so: cannot open shared object file: No such file or directory
04-09 16:38:49.191  2732  2732 E a2dp_vendor_aptx_hd: init: cannot load the encoder
04-09 16:38:49.192  2732  2732 D a2dp_codec: createCodec: codec LDAC
04-09 16:38:49.193  2732  2732 E a2dp_vendor_ldac_encoder: A2DP_VendorLoadEncoderLdac: cannot open LDAC encoder library libldacBT_enc.so: libldacBT_enc.so: cannot open shared object file: No such file or directory
04-09 16:38:49.193  2732  2732 E a2dp_vendor_ldac: init: cannot load the encoder
04-09 16:38:49.193  2732  2732 D a2dp_codec: createCodec: codec SBC SINK
04-09 16:38:49.193  2732  2732 D a2dp_codec: createCodec: codec AAC SINK
04-09 16:38:49.193  2732  2732 I a2dp_codec: init: initialized Source codec AAC
04-09 16:38:49.193  2732  2732 I a2dp_codec: init: initialized Source codec SBC
04-09 16:38:49.193  2732  2732 I a2dp_codec: init: initialized Sink codec AAC(Sink)
04-09 16:38:49.193  2732  2732 I a2dp_codec: init: initialized Sink codec SBC(Sink)
04-09 16:38:49.193  2732  2732 W bt_btif : ## ON A2DP IDLE ## peer_sep = 0
04-09 16:38:49.193  2732  2732 I bt_btif : get_profile_interface: id = avrcp
04-09 16:38:49.196  2732  2732 I bt_btif : get_profile_interface: id = avrcp_ctrl
04-09 16:38:49.197  2732  2732 I bt_btif : get_profile_interface: id = hidhost
04-09 16:38:49.213  2732  2732 I bluetoothtbd: [0409/040849.213028:INFO:daemon.cc(168)] Daemon initialized
04-09 16:38:49.214  2732  2732 I bt_btif : enable: start restricted = 0
04-09 16:38:49.215  2732  2759 I bt_stack_manager: event_start_up_stack is bringing up the stack
04-09 16:38:49.215  2732  2759 I bt_core_module: module_start_up Starting module "btif_config_module"
04-09 16:38:49.215  2732  2759 I bt_core_module: module_start_up Started module "btif_config_module"
04-09 16:38:49.215  2732  2759 I bt_core_module: module_start_up Starting module "btsnoop_module"
04-09 16:38:49.215  2732  2759 I bt_core_module: module_start_up Started module "btsnoop_module"
04-09 16:38:49.215  2732  2759 I bt_core_module: module_start_up Starting module "hci_module"
04-09 16:38:49.215  2732  2759 I bt_hci  : hci_module_start_up
04-09 16:38:49.222  2732  2782 I bt_osi_thread: run_thread: thread id 2782, thread name hci_thread started
04-09 16:38:49.223  2732  2759 D bt_hci  : hci_module_start_up starting async portion
04-09 16:38:49.225  2732  2782 I bluetoothtbd: [0409/040849.225204:INFO:hci_layer_linux.cc(172)] hci_initialize
04-09 16:38:49.225  2732  2782 I bluetoothtbd: [0409/040849.225406:INFO:hci_layer_linux.cc(184)] Using interface hci0
04-09 16:38:49.225  2732  2782 I bluetoothtbd: [0409/040849.225460:INFO:hci_layer_linux.cc(378)] rfkill
04-09 16:38:49.226  2734  2734 D dhcpcd  : no interfaces have a carrier
04-09 16:38:49.227  2734  2734 D dhcpcd  : wlan0: waiting for carrier
04-09 16:38:49.234  2785  2785 I dnsmasq : started, version 2.51 cachesize 150
04-09 16:38:49.234  2785  2785 I dnsmasq : compile time options: no-IPv6 GNU-getopt no-DBus no-I18N DHCP no-scripts no-TFTP
04-09 16:38:49.234  2785  2785 I dnsmasq : DHCP, IP range 192.168.10.3 -- 192.168.10.10, lease time 12h
04-09 16:38:49.234  2785  2785 I dnsmasq : reading /etc/resolv.conf
04-09 16:38:49.234  2785  2785 I dnsmasq : using nameserver 8.8.8.8#53
04-09 16:38:49.234  2785  2785 I dnsmasq : read /etc/hosts - 1 addresses
04-09 16:38:49.591  2730  2739 E CommandListener: Message not handled: unrecognized interface usb0
04-09 16:38:49.591  2730  2739 W FrameworkListener: Handler 'Iface' error (Success)
04-09 16:38:49.638  2732  2782 I bluetoothtbd: [0409/040849.638217:INFO:hci_layer_linux.cc(295)] wait_hcidev
04-09 16:38:49.638  2732  2782 I bluetoothtbd: [0409/040849.638495:INFO:hci_layer_linux.cc(332)] Do poll() with timeout of 3000ms
04-09 16:38:49.640  2732  2782 I bluetoothtbd: [0409/040849.640044:INFO:hci_layer_linux.cc(228)] HCI device ready
04-09 16:38:49.640  2732  2782 I bt_hci  : event_finish_startup
04-09 16:38:49.640  2732  2759 I bt_core_module: module_start_up Started module "hci_module"
04-09 16:38:49.642  2732  2810 I bt_osi_thread: run_thread: thread id 2810, thread name bt_workqueue started
04-09 16:38:49.642  2732  2810 I bluetoothtbd: [0409/040849.642334:INFO:btu_task.cc(107)] Bluetooth chip preload is complete
04-09 16:38:49.648  2732  2810 I         : No vendor HCI socket available. Won't create SocketWriter.
04-09 16:38:49.657  2732  2810 I bluetoothtbd: [0409/040849.657070:INFO:gatt_api.cc(1005)] GATT_Register
04-09 16:38:49.658  2732  2810 I bluetoothtbd: [0409/040849.658766:INFO:gatt_api.cc(1028)] allocated gatt_if=1
04-09 16:38:49.660  2732  2810 I bluetoothtbd: [0409/040849.660332:INFO:gatt_api.cc(207)] GATTS_AddService
04-09 16:38:49.661  2732  2810 I bluetoothtbd: [0409/040849.661378:INFO:gatt_api.cc(317)] GATTS_AddService: service parsed correctly, now starting
04-09 16:38:49.662  2732  2810 E bluetoothtbd: [0409/040849.662242:ERROR:gatt_attr.cc(302)] gatt_profile_db_init:  gatt_if=1
04-09 16:38:49.669  2732  2810 I bluetoothtbd: [0409/040849.669313:INFO:gatt_api.cc(1005)] GATT_Register
04-09 16:38:49.669  2732  2810 I bluetoothtbd: [0409/040849.669457:INFO:gatt_api.cc(1028)] allocated gatt_if=2
04-09 16:38:49.669  2732  2810 I bluetoothtbd: [0409/040849.669506:INFO:gatt_api.cc(207)] GATTS_AddService
04-09 16:38:49.669  2732  2810 I bluetoothtbd: [0409/040849.669558:INFO:gatt_api.cc(317)] GATTS_AddService: service parsed correctly, now starting
04-09 16:38:49.673  2732  2811 I bt_osi_thread: run_thread: thread id 2811, thread name btu message loop started
04-09 16:38:49.692  2710  2719 I yani_server: ifindexeth0 0 ifindexwlan0 5 ifindexp2p0 6 ifindexwlan1 0
04-09 16:38:49.692  2710  2719 I yani_server: NetLink Event '-1' Interface-Index '5' WLAN '0' Ethernet '-1' Parsed-iFill '-1' -> 'INVALID' ifIndex '1' -> 'lo'
04-09 16:38:49.692  2710  2719 I yani_kernel: yani_geteventfrom_changeaddr() Message-Id '1' Netlink event '16' Interface Index '5' -> Name 'wlan0' 
04-09 16:38:49.693  2710  2719 I yani_kernel: yani_geteventfrom_changeaddr() Message-Id '1' Netlink event '16' Interface Index '9' -> Name 'usb0' 
04-09 16:38:49.695  2710  2719 I yani_kernel: yani_geteventfrom_changeaddr() Message-Id '1' Netlink event '16' Interface Index '9' -> Name 'usb0' 
04-09 16:38:49.696  2710  2719 I yani_kernel: yani_geteventfrom_changeaddr() Message-Id '1' Netlink event '20' Interface Index '9' -> Name 'usb0' 
04-09 16:38:49.697  2710  2719 I yani_kernel: yani_geteventfrom_changeaddr() Message-Id '1' Netlink event '16' Interface Index '9' -> Name 'usb0' 
04-09 16:38:49.698  2710  2719 I yani_kernel: yani_geteventfrom_changeaddr() Message-Id '1' Netlink event '21' Interface Index '9' -> Name 'usb0' 
04-09 16:38:49.698  2732  2839 I bt_osi_thread: run_thread: thread id 2839, thread name module_wrapper started
04-09 16:38:49.698  2732  2839 I bt_core_module: module_start_up Starting module "controller_module"
04-09 16:38:49.699  2710  2719 I yani_kernel: yani_geteventfrom_changeaddr() Message-Id '1' Netlink event '20' Interface Index '9' -> Name 'usb0' 
04-09 16:38:49.700  2710  2719 I yani_kernel: yani_geteventfrom_changeaddr() Message-Id '1' Netlink event '16' Interface Index '9' -> Name 'usb0' 
04-09 16:38:49.867  2732  2839 I bt_core_module: module_start_up Started module "controller_module"
04-09 16:38:49.868  2732  2839 W bt_osi_thread: run_thread: thread id 2839, thread name module_wrapper exited
04-09 16:38:49.871  2732  2810 W bt_btm  : btm_decode_ext_features_page: feature page 1 ignored
04-09 16:38:49.871  2732  2810 W bt_btm  : btm_decode_ext_features_page: feature page 2 ignored
04-09 16:38:49.872  2732  2811 I bt_btm_sec: BTM_SecRegister p_cb_info->p_le_callback == 0x0xf6b3eb99
04-09 16:38:49.873  2732  2811 I bt_btm_sec: BTM_SecRegister btm_cb.api.p_le_callback = 0x0xf6b3eb99 
04-09 16:38:49.875  2732  2811 I bluetoothtbd: [0409/040849.875471:INFO:ble_advertiser_hci_interface.cc(736)] Legacy advertising will be in use
04-09 16:38:49.878  2732  2811 I bluetoothtbd: [0409/040849.877998:INFO:gatt_api.cc(1005)] GATT_Register
04-09 16:38:49.878  2732  2811 I bluetoothtbd: [0409/040849.878238:INFO:gatt_api.cc(1028)] allocated gatt_if=3
04-09 16:38:49.894  2732  2811 I bt_bta_av: AVRCP version used for sdp: "avrcp14"
04-09 16:38:49.899  2732  2765 E bt_btif_storage: btif_storage_get_adapter_property: Controller ready!
04-09 16:38:49.899  2732  2765 I bt_btif_storage: btif_storage_get_adapter_property service_mask:0x40000
04-09 16:38:49.899  2732  2765 I bluetoothtbd: [0409/040849.899907:INFO:adapter.cc(551)] Adapter properties changed
04-09 16:38:49.900  2732  2765 I bluetoothtbd: [0409/040849.900013:INFO:adapter.cc(564)] Adapter address changed: CC:90:93:21:F3:85
04-09 16:38:49.900  2732  2765 I bluetoothtbd: [0409/040849.900056:INFO:adapter.cc(573)] Adapter name changed
04-09 16:38:49.900  2732  2765 I bt_btif_core: btif_enable_bluetooth_evt entered: status 0
04-09 16:38:49.900  2732  2765 W bt_btif : btif_enable_bluetooth_evt: Saving the Adapter Address
04-09 16:38:49.900  2732  2765 I bluetoothtbd: [0409/040849.900798:INFO:adapter.cc(551)] Adapter properties changed
04-09 16:38:49.900  2732  2765 I bluetoothtbd: [0409/040849.900849:INFO:adapter.cc(564)] Adapter address changed: CC:90:93:21:F3:85
04-09 16:38:49.900  2732  2765 D bt_hci  : do_postload posting postload work item
04-09 16:38:49.905  2732  2853 I bt_osi_thread: run_thread: thread id 2853, thread name btif_sock started
04-09 16:38:49.909  2732  2765 D bt_bte_conf: Device ID record 1 : primary
04-09 16:38:49.909  2732  2765 D bt_bte_conf:   vendorId            = 000f
04-09 16:38:49.909  2732  2765 D bt_bte_conf:   vendorIdSource      = 0001
04-09 16:38:49.909  2732  2765 D bt_bte_conf:   product             = 1200
04-09 16:38:49.909  2732  2765 D bt_bte_conf:   version             = 1436
04-09 16:38:49.909  2732  2765 D bt_bte_conf:   clientExecutableURL = 
04-09 16:38:49.909  2732  2765 D bt_bte_conf:   serviceDescription  = 
04-09 16:38:49.909  2732  2765 D bt_bte_conf:   documentationURL    = 
04-09 16:38:49.909  2732  2765 D bt_bte_conf: bte_load_did_conf no section named DID2.
04-09 16:38:49.909  2732  2765 I bt_btif_core: btif_enable_bluetooth_evt finished
04-09 16:38:49.909  2732  2759 I bt_stack_manager: event_start_up_stack finished
04-09 16:38:50.097  2728  2728 I ServiceManager: Waiting for service media.player...
04-09 16:38:50.170  2710  2719 I yani_kernel: yani_geteventfrom_changeaddr() Message-Id '1' Netlink event '16' Interface Index '9' -> Name 'usb0' 
04-09 16:38:50.171  2730  2739 E CommandListener: Message not handled: unrecognized interface usb0
04-09 16:38:50.171  2730  2739 W FrameworkListener: Handler 'Iface' error (Success)
04-09 16:38:50.682  2730  2739 E CommandListener: Message not handled: unrecognized interface usb0
04-09 16:38:50.682  2730  2739 W FrameworkListener: Handler 'Iface' error (Success)
04-09 16:38:51.032  2730  2738 E WifiUtil: command: "SCAN" failed: FAIL-BUSY
04-09 16:38:51.097  2728  2728 I ServiceManager: Waiting for service media.player...
04-09 16:38:51.339  2710  2719 I yani_server: NetLink Event '-1' Interface-Index '5' WLAN '-1' Ethernet '-1' Parsed-iFill '-1' -> 'INVALID' ifIndex '1' -> 'lo'
04-09 16:38:51.340  2710  2719 I yani_server: NetLink Event '-1' Interface-Index '5' WLAN '0' Ethernet '-1' Parsed-iFill '-1' -> 'INVALID' ifIndex '1' -> 'lo'
04-09 16:38:51.371  2710  2719 I chatty  : uid=0(root) YaniServer identical 47 lines
04-09 16:38:51.371  2710  2719 I yani_server: NetLink Event '-1' Interface-Index '5' WLAN '0' Ethernet '-1' Parsed-iFill '-1' -> 'INVALID' ifIndex '1' -> 'lo'
04-09 16:38:51.371  2710  2719 I yani_kernel: yani_geteventfrom_changeaddr() Message-Id '1' Netlink event '16' Interface Index '5' -> Name 'wlan0' 
04-09 16:38:51.372  2710  2719 I yani_kernel: yani_geteventfrom_changeaddr() Message-Id '1' Netlink event '16' Interface Index '5' -> Name 'wlan0' 
04-09 16:38:51.960  2712  2712 I SourceSwitch: SourceSwitch() Host 1 initialized...
04-09 16:38:52.097  2728  2728 I ServiceManager: Waiting for service media.player...
04-09 16:38:52.930  2732  2765 E bt_osi_config: config_save unable to open dir '/data/misc/bluedroid': No such file or directory
04-09 16:38:53.031  2785  2785 I dnsmasq : DHCPDISCOVER(usb0) 96:9f:f0:78:20:d6 
04-09 16:38:53.031  2785  2785 I dnsmasq : DHCPOFFER(usb0) 192.168.10.6 96:9f:f0:78:20:d6 
04-09 16:38:53.031  2785  2785 I dnsmasq : DHCPDISCOVER(usb0) 96:9f:f0:78:20:d6 
04-09 16:38:53.031  2785  2785 I dnsmasq : DHCPOFFER(usb0) 192.168.10.6 96:9f:f0:78:20:d6 
04-09 16:38:53.034  2710  2719 I yani_server: NetLink Event '-1' Interface-Index '5' WLAN '-1' Ethernet '-1' Parsed-iFill '-1' -> 'INVALID' ifIndex '1' -> 'lo'
04-09 16:38:53.034  2785  2785 I dnsmasq : DHCPREQUEST(usb0) 192.168.10.6 96:9f:f0:78:20:d6 
04-09 16:38:53.034  2785  2785 I dnsmasq : DHCPACK(usb0) 192.168.10.6 96:9f:f0:78:20:d6 
04-09 16:38:53.036  2785  2785 I dnsmasq : DHCPREQUEST(usb0) 192.168.10.6 96:9f:f0:78:20:d6 
04-09 16:38:53.036  2785  2785 I dnsmasq : DHCPACK(usb0) 192.168.10.6 96:9f:f0:78:20:d6 
04-09 16:38:53.098  2728  2728 I ServiceManager: Waiting for service media.player...
04-09 16:38:54.008  2690  2690 I sh      : btaudioplayer: not found
04-09 16:38:54.101  2690  2690 I sh      : *** play mode control constructor end 
04-09 16:38:54.101  2728  2728 E BrowseModeControl: Read env failed
04-09 16:38:54.101  2728  2728 I UIModeManager: RegisterModeControl Mode - BrowseMode ModeControl - 0xac56a830
04-09 16:38:54.102  2728  2728 E DefaultBrowser: m_ItemsCount = 7 
04-09 16:38:54.102  2728  2728 E SDCardBrowser: SDCARD Browser constructor mounting vfat first
04-09 16:38:54.103  2728  2728 E SDCardBrowser: 3 GOTOP  Sytem return value = -1
04-09 16:38:54.103  2728  2728 E SDCardBrowser: mounting vfat failed, try ntfs, return value = -1
