04-09 17:15:19.161  3076  3076 I cast_shell: [3079:3079:INFO:device_info_impl.cc(1103)] Primary IP address changed: netif=usb0, new=192.168.10.1, old=
04-09 17:15:19.161  2734  2744 E WifiUtil: Setting interface p2p0 up.
04-09 17:15:19.161  2959  2969 D wac-main: Netlink event
04-09 17:15:19.161  2959  2969 E wac-main: Netlink event 16 Interface Index 6 
04-09 17:15:19.161  2734  2744 E WifiUtil: ioctl SIOCGIWFREQ fails for wlan0 Bad address
04-09 17:15:19.161  2959  2969 E wac-main: p2p0 event Link Changed : 1003 
04-09 17:15:19.161  2959  2969 E wac-main: Enter poll and wait
04-09 17:15:19.162  2713  2725 I yani_kernel: yani_geteventfrom_changeaddr() Message-Id '1' Netlink event '16' Interface Index '6' -> Name 'p2p0' 
04-09 17:15:19.163  3076  3076 I cast_shell: [3079:3127:INFO:mdns_app_filter.cc(1702)] MdnsAppFilter is stopping
04-09 17:15:19.163  3076  3076 I cast_shell: [3079:3127:INFO:metrics_recorder.cc(282)] cast event: Cast.Discovery.Mdns.ResponderStopped
04-09 17:15:19.164  3076  3076 I cast_shell: [3079:3127:INFO:mdns_app_filter.cc(1709)] MdnsAppFilter is stopping; closing socket: address=192.168.2.1
04-09 17:15:19.164  3076  3076 I cast_shell: [3079:3127:INFO:metrics_recorder.cc(282)] cast event: Cast.Discovery.Mdns.SocketDestroyed
04-09 17:15:19.164  3076  3076 I cast_shell: [3079:3127:INFO:mdns_app_filter.cc(1709)] MdnsAppFilter is stopping; closing socket: address=192.168.10.1
04-09 17:15:19.164  3076  3076 I cast_shell: [3079:3127:INFO:metrics_recorder.cc(282)] cast event: Cast.Discovery.Mdns.SocketDestroyed
04-09 17:15:19.165  3076  3076 I cast_shell: [3079:3117:INFO:bluetooth_manager.cc(1232)] [PII] Set device name to 'LSB5630'
04-09 17:15:19.165  3076  3076 I cast_shell: [3079:3079:INFO:cast_receiver_impl.cc(1612)] mDNS Discovery stopped.
04-09 17:15:19.166  2735  2772 I bluetoothtbd: [0409/044519.166913:INFO:adapter.cc(551)] Adapter properties changed
04-09 17:15:19.167  3076  3076 I cast_shell: [3079:3079:INFO:cast_receiver_impl.cc(1667)] Network is globally disconnected. Refresh CcsManager
04-09 17:15:19.167  3076  3076 I cast_shell: [3079:3079:INFO:iot_auth_manager_wrapper.cc(307)] Network provider informed of disconnected network status.
04-09 17:15:19.167  3076  3076 I cast_shell: [3079:3117:INFO:bluetooth_manager.cc(115)] Record action: Cast.Bluetooth.DiscoveryMode.Disable
04-09 17:15:19.167  3076  3076 I cast_shell: [3079:3117:INFO:ble_setup.cc(1096)] LAT flag change 0
04-09 17:15:19.170  3076  3076 I cast_shell: [3079:3117:INFO:ble_setup.cc(1106)] Cleared generated LAT.
04-09 17:15:19.170  3076  3076 I cast_shell: [3079:3117:WARNING:setup_manager_impl.cc(1136)] NAT not supported, no captive portal support.
04-09 17:15:19.247  2966  2988 I otamanager: OTAManager connected to CastUpdater via  /tmp/socket/system_updater
04-09 17:15:19.247  2966  2988 I otamanager: cast_updater_threadEntry socket handle 5
04-09 17:15:19.408  2960  3020 I LibreCastControl: LibreCastControl_init() Socket Initialized
04-09 17:15:19.418  2960  3020 E LibreCastControl: PULSAR:CreateCastControlThread:18
04-09 17:15:19.418  2960  3020 E LibreCastControl: Create LibreCastLUCITimerThreadInit 
04-09 17:15:19.418  2960  3154 E LibreCastControl: PULSAR:Run:23
04-09 17:15:19.419  2960  3155 E LibreCastControl: Timer Sem Wait Start iCastPlayerstate = 0 
04-09 17:15:19.432  2693  2693 I sh      : [0409/044519.431550:INFO:cast_control_impl.cc(744)] CastControl has started running.
04-09 17:15:19.432  2693  2693 I sh      : [0409/044519.432419:INFO:cast_control_impl.cc(745)] Attempting to connect CastMessageService. socket=/tmp/cast-control
04-09 17:15:19.435  2960  3154 I LibreCastControlDelegate: OnCastStatus() +++ :0xac6f5198:STARTING
04-09 17:15:19.435  2693  2693 I sh      : [0409/044519.435349:INFO:cast_control_socket.cc(64)] Successfully connected Cast Control Socket
04-09 17:15:19.435  2960  3154 E LibreCastControlDelegate: OnCastStatus:177
04-09 17:15:19.437  2960  3154 I LibreCastControl: LibreCastControl_SetCastName()  name 'Lyric Speaker Box 21f384' RequestId '1' pCastControl 0xf4e00728
04-09 17:15:19.437  2960  3154 I LibreCastControlDelegate: Active Applications -> 0
04-09 17:15:19.437  2960  3154 I LibreCastControlDelegate: Current Cast State '1' -> 'STARTING'
04-09 17:15:19.437  2960  3154 I LibreCastControlDelegate: OnCastStatus() ---
04-09 17:15:19.437  2693  2693 I sh      : [0409/044519.437447:INFO:cast_message_service_impl.cc(185)] Sending connect message!
04-09 17:15:19.441  3076  3076 I cast_shell: [3079:3128:INFO:metrics_recorder.cc(282)] Cast v2 action(socket_id=domain-socket@/tmp/cast-control.1): CastV2.Connection.Connect.In
04-09 17:15:19.442  3076  3076 I cast_shell: [3079:3079:INFO:resource_namespace_handler.cc(307)] Setting resource provider: sender_id=domain-socket@/tmp/cast-control.1:system-0
04-09 17:15:19.443  2693  2693 I sh      : [0409/044519.442441:INFO:cast_message_service_impl.cc(1007)] CastMessageServiceImpl matched versions
04-09 17:15:19.443  3076  3076 I cast_shell: [3079:3117:INFO:setup_namespace_handler.cc(94)] Added a peer for setup namespace: domain-socket@/tmp/cast-control.1:system-0
04-09 17:15:19.443  3076  3076 I cast_shell: [3079:3129:INFO:multizone_group.cc(357)] Change name for group [PII](281CD08793FFB88291ED527B823FA582) to [PII](Lyric Speaker Box 21f384)
04-09 17:15:19.449  3076  3076 I cast_shell: [3079:3079:INFO:device_info_impl.cc(1133)] SSDP Config ID is increased: id=2
04-09 17:15:19.449  3076  3076 I cast_shell: [3079:3079:INFO:device_info_impl.cc(1133)] SSDP Config ID is increased: id=3
04-09 17:15:19.451  2960  3154 I LibreCastControlDelegate: OnResponse() ReqeustID 1, error  0
04-09 17:15:19.632  2734  2744 I WifiUtil: get p2p0 channel 6 (2437MHz)
04-09 17:15:19.632  2734  2744 I HotspotManager: start hostapd at channel=6 SSID=<SSID omitted> hidden_ssid=0
04-09 17:15:19.643  3076  3076 I cast_shell: [3079:3127:INFO:metrics_recorder.cc(282)] cast event: Cast.Discovery.Mdns.SocketCreated
04-09 17:15:19.643  3076  3076 I cast_shell: [3079:3127:INFO:mdns_app_filter.cc(1254)] Created mDNS socket for interface:name=p2p1, address=192.168.2.1, index=7
04-09 17:15:19.643  3076  3076 I cast_shell: [3079:3127:INFO:metrics_recorder.cc(282)] cast event: Cast.Discovery.Mdns.SocketCreated
04-09 17:15:19.643  3076  3076 I cast_shell: [3079:3127:INFO:mdns_app_filter.cc(1254)] Created mDNS socket for interface:name=usb0, address=192.168.10.1, index=9
04-09 17:15:19.643  3076  3076 I cast_shell: [3079:3127:INFO:mdns_app_filter.cc(977)] MdnsAppFilter is starting.
04-09 17:15:19.643  3076  3076 I cast_shell: [3079:3127:INFO:metrics_recorder.cc(282)] cast event: Cast.Discovery.Mdns.ResponderStarted
04-09 17:15:19.643  3076  3076 I cast_shell: [3079:3127:INFO:discovered_service_client.cc(78)] Primary interface for service discovery has changed: ifindex=9
04-09 17:15:19.643  3076  3076 I cast_shell: [3079:3127:INFO:mdns_util.cc(102)] Defaulting mDNS capabilities for audio-only build
04-09 17:15:19.643  3076  3076 I cast_shell: [3079:3127:INFO:mdns_util.cc(102)] Defaulting mDNS capabilities for audio-only build
04-09 17:15:19.663  2960  3154 E librecast: librecast::updateCastBuildVersion Cast build version number = 1.52.272222
04-09 17:15:19.663  2960  3154 E librecast: castVersion = 1.52.272222
04-09 17:15:19.663  2714  2714 I lucitransport: writeRemoteMessage() MID = 7 buffer = 1.52.272222
04-09 17:15:19.663  2714  2714 I luciUART: write() MID = 7  bytes = 21 data = 1.52.272222 m_fd = 0x5
04-09 17:15:19.671  2960  3154 I LibreCastControlDelegate: Active Applications -> 0
04-09 17:15:19.671  2960  3154 I LibreCastControlDelegate: Current Cast State '2' -> 'NOT_SETUP'
04-09 17:15:19.671  2960  3154 I LibreCastControlDelegate: OnCastStatus() ---
04-09 17:15:19.671  2693  2693 I sh      : [0409/044519.671437:INFO:cast_message_service_impl.cc(1037)] Received initial eureka info
04-09 17:15:19.699  2960  3154 I LibreCastControl: LibreCastControl_RequestGVAStatus() RequestId '4' pCastControl 0xf4e00728
04-09 17:15:19.700  2693  2693 I sh      : [0409/044519.699483:INFO:cast_message_service_impl.cc(1076)] CastMessageServiceImpl is ready
04-09 17:15:19.701  3076  3076 I cast_shell: [3079:3079:INFO:assistant_namespace_handler.cc(144)] Added a status listening peer for assistant namespace: domain-socket@/tmp/cast-control.1:system-0
04-09 17:15:19.701  2960  3154 I LibreCastControlDelegate: OnResponse() ReqeustID 4, error  0
04-09 17:15:20.326  2713  2725 I yani_server: doLotofWork() List of interface '4'
04-09 17:15:20.326  2713  2725 I yani_server: doLotofWork() Interface 'p2p0' ifr[0].ifr_name 'lo' ipaddress '127.0.0.1'
04-09 17:15:20.326  2713  2725 I yani_server: doLotofWork() Interface 'p2p0' ifr[1].ifr_name 'p2p0' ipaddress '192.168.255.249'
04-09 17:15:20.326  2713  2725 I yani_server: doLotofWork() returns 'REFILL WACMODE'
04-09 17:15:20.326  2713  2725 E yani_server: YANI: I am Done Wait For Event 
04-09 17:15:20.326  2713  2725 I yani_kernel: yani_geteventfrom_changeaddr() Message-Id '1' Netlink event '21' Interface Index '6' -> Name 'p2p0' 
04-09 17:15:20.327  3159  3159 I dnsmasq : started, version 2.51 DNS disabled
04-09 17:15:20.327  3159  3159 I dnsmasq : compile time options: no-IPv6 GNU-getopt no-DBus no-I18N DHCP no-scripts no-TFTP
04-09 17:15:20.327  3159  3159 I dnsmasq : DHCP, IP range 192.168.255.250 -- 192.168.255.254, lease time 12h
04-09 17:15:20.327  2713  2816 I yani_server: onNetworkParametersChanged() WAC Mode '1'  Index '2' Interface 'p2p0' Status '1'
04-09 17:15:20.332  2966  2984 I otamanager: YaniAlert() Interface 4 Status Up
04-09 17:15:20.333  2962  2996 I airplay-main: YaniAlert Interface 4 Status 1
04-09 17:15:20.334  2713  2725 I yani_server: NetLink Event '5' Interface-Index '6' WLAN '-1' Ethernet '-1' Parsed-iFill '5' -> 'P2P0 DISCONNECTED' ifIndex '2' -> 'tunl0'
04-09 17:15:20.335  2713  2725 E yani_server: YANI: I am Done Wait For Event 
04-09 17:15:20.335  2713  2725 I yani_kernel: yani_geteventfrom_changeaddr() Message-Id '1' Netlink event '20' Interface Index '6' -> Name 'p2p0' 
04-09 17:15:20.335  2713  2816 I yani_server: onNetworkParametersChanged() WAC Mode '0'  Index '2' Interface 'p2p0' Status '0'
04-09 17:15:20.335  2730  2749 I MB_HANDLER: YaniAlert() Interface '3' Status '0'
04-09 17:15:20.344  2714  2722 E luciUART: UART:aa
04-09 17:15:20.344  2714  2722 E luciUART: UART:aa
04-09 17:15:20.344  2714  2722 E luciUART: UART:2
04-09 17:15:20.344  2714  2722 E luciUART: UART:0
04-09 17:15:20.344  2714  2722 E luciUART: UART:d0
04-09 17:15:20.344  2714  2722 E luciUART: UART:0
04-09 17:15:20.344  2714  2722 I chatty  : uid=0(root) UARTLUCIControl identical 2 lines
04-09 17:15:20.344  2714  2722 E luciUART: UART:0
04-09 17:15:20.344  2714  2722 E luciUART: UART:9
04-09 17:15:20.344  2714  2722 I luciUART: read() RemoteID = 43690 Command = 208 Type = 2 Status = 0 DataLen = 9
04-09 17:15:20.344  2714  2722 E luciUART: Error: full data not available yet! readBytes 0
04-09 17:15:20.344  2714  2722 I luciUART: Previous Packet read contd., 
04-09 17:15:20.344  2714  2722 E luciUART: UART:52
04-09 17:15:20.344  2714  2722 I luciUART: Previous Packet read contd., 
04-09 17:15:20.345  2714  2722 E luciUART: UART:45
04-09 17:15:20.345  2714  2722 I luciUART: Previous Packet read contd., 
04-09 17:15:20.345  2714  2722 E luciUART: UART:41
04-09 17:15:20.345  2714  2722 I luciUART: Previous Packet read contd., 
04-09 17:15:20.345  2714  2722 E luciUART: UART:44
04-09 17:15:20.345  2714  2722 I luciUART: Previous Packet read contd., 
04-09 17:15:20.345  2714  2722 E luciUART: UART:5f
04-09 17:15:20.345  2714  2722 I luciUART: Previous Packet read contd., 
04-09 17:15:20.345  2714  2722 E luciUART: UART:73
04-09 17:15:20.345  2714  2722 I luciUART: Previous Packet read contd., 
04-09 17:15:20.345  2714  2722 E luciUART: UART:73
04-09 17:15:20.345  2714  2722 I luciUART: Previous Packet read contd., 
04-09 17:15:20.345  2714  2722 E luciUART: UART:69
04-09 17:15:20.345  2714  2722 I luciUART: Previous Packet read contd., 
04-09 17:15:20.345  2714  2722 E luciUART: UART:64
04-09 17:15:20.345  2714  2723 E LUCI_SERVER: Luci Server Thread wait over MID 208....
04-09 17:15:20.345  2714  2723 E LUCI_SERVER: Got NV name : ssid
04-09 17:15:20.345  2714  2722 E luciUART: UART:aa
04-09 17:15:20.346  2714  2722 E luciUART: UART:aa
04-09 17:15:20.346  2714  2722 E luciUART: UART:2
04-09 17:15:20.347  2714  2722 E luciUART: UART:0
04-09 17:15:20.347  2714  2723 I luciUART: write() MID = 208  bytes = 15 data = ssid: m_fd = 0x5
04-09 17:15:20.347  2714  2723 E LUCI_SERVER: NV_READ response= ssid:
04-09 17:15:20.347  2714  2722 E luciUART: UART:d0
04-09 17:15:20.347  2714  2723 E LUCI_SERVER: Luci Server Thread waiting for packets....
04-09 17:15:20.347  2714  2722 E luciUART: UART:0
04-09 17:15:20.347  2714  2722 E luciUART: UART:52
04-09 17:15:20.347  2714  2722 E luciUART: UART:45
04-09 17:15:20.347  2714  2722 E luciUART: UART:41
04-09 17:15:20.347  2714  2722 E luciUART: UART:44
04-09 17:15:20.347  2714  2722 E luciUART: UART:5f
04-09 17:15:20.347  2714  2722 E luciUART: UART:73
04-09 17:15:20.347  2714  2722 I luciUART: Previous Packet read contd., 
04-09 17:15:20.347  2714  2722 E luciUART: UART:69
04-09 17:15:20.347  2714  2722 E luciUART: UART:64
04-09 17:15:20.347  2714  2723 E LUCI_SERVER: Luci Server Thread wait over MID 208....
04-09 17:15:20.347  2714  2723 E LUCI_SERVER: Got NV name : ssid
04-09 17:15:20.398  3076  3076 I cast_shell: [3079:3079:INFO:crypto_manager.cc(278)] Public key: MIIBCgKCAQEAlChfdp/z+2dIpsYoO6TQtCcFriqjwlRYD4ZZ12D7Hmq2irl1UaJnn7ARsknhHOLyKV1DtV4pP6q7DSiCvUJqaQrtXza2AtWfZGLDn5jjbG+UaEDsrT4sy0sSyDMTcuCTvBqUnlZUut4849qxZ+tOaAT4gGKL0/ejoOr6GWHJF0oo6qZMvjahr+/YBxGDOLyut/9ozOpbEfbcWEzO5YhYb66SAPuHeXdpEv8FEQOyf+HzOFnxtYNUdzcF9hnV/Lf0S8Qj7Ci+FnsfQUa3r9XxH4ffNxCua+YRhR8+XCVonTb73WQZDx0ajTvnmofGmVlt1PGPxpx+KSNlWb5djtqWrQIDAQAB
04-09 17:15:20.398  3076  3076 I cast_shell: [3079:3079:INFO:crypto_manager.cc(289)] Public modulus: lChfdp_z-2dIpsYoO6TQtCcFriqjwlRYD4ZZ12D7Hmq2irl1UaJnn7ARsknhHOLyKV1DtV4pP6q7DSiCvUJqaQrtXza2AtWfZGLDn5jjbG-UaEDsrT4sy0sSyDMTcuCTvBqUnlZUut4849qxZ-tOaAT4gGKL0_ejoOr6GWHJF0oo6qZMvjahr-_YBxGDOLyut_9ozOpbEfbcWEzO5YhYb66SAPuHeXdpEv8FEQOyf-HzOFnxtYNUdzcF9hnV_Lf0S8Qj7Ci-FnsfQUa3r9XxH4ffNxCua-YRhR8-XCVonTb73WQZDx0ajTvnmofGmVlt1PGPxpx-KSNlWb5djtqWrQ
04-09 17:15:20.398  3076  3076 I cast_shell: [3079:3079:INFO:crypto_manager.cc(294)] Public exponent: AQAB
04-09 17:15:20.462  3076  3076 I cast_shell: [3079:3129:INFO:multizone_manager.cc(1889)] Initial discovery complete
04-09 17:15:20.463  3076  3076 I cast_shell: [3079:3127:INFO:mdns_app_filter.cc(1605)] Re-probing due to newly registered service '3': _googlezone
04-09 17:15:20.463  3076  3076 I cast_shell: [3079:3079:INFO:mdns_manager_impl.cc(311)] Successfully registered service: type=_googlezone
04-09 17:15:20.525  2713  2725 I yani_server: doLotofWork() List of interface '4'
04-09 17:15:20.525  2713  2725 I yani_server: doLotofWork() Interface 'p2p0' ifr[0].ifr_name 'lo' ipaddress '127.0.0.1'
04-09 17:15:20.525  2713  2725 I yani_server: doLotofWork() Interface 'p2p0' ifr[1].ifr_name 'p2p0' ipaddress '192.168.255.249'
04-09 17:15:20.525  2713  2725 I yani_server: doLotofWork() returns 'REFILL WACMODE'
04-09 17:15:20.525  2713  2725 E yani_server: YANI: I am Done Wait For Event 
04-09 17:15:20.525  2713  2816 I yani_server: onNetworkParametersChanged() WAC Mode '1'  Index '2' Interface 'p2p0' Status '1'
04-09 17:15:20.526  2730  2749 I MB_HANDLER: YaniAlert() Interface '4' Status '1'
04-09 17:15:20.529  2714  2714 I lucitransport: writeRemoteMessage() MID = 124 buffer = 4#1,0#2,0#3,1#4,1
04-09 17:15:20.529  2714  2714 I luciUART: write() MID = 124  bytes = 27 data = 4#1,0#2,0#3,1#4,1 m_fd = 0x5
04-09 17:15:20.537  2714  2722 E luciUART: UART:d0
04-09 17:15:20.538  3076  3076 I cast_shell: [3079:3117:INFO:ble_setup.cc(789)] Missing required info for sign.
04-09 17:15:20.539  2960  3154 I LibreCastControlDelegate: OnCastStatus() +++ Lyric Speaker Box 21f384:0xac6f5198:NOT_SETUP
04-09 17:15:20.539  2960  3154 I LibreCastControlDelegate: Device Build Number -> '1.52.272222'
04-09 17:15:20.539  2960  3154 I librecast: updateCastBuildVersion() Version 1.52.272222
04-09 17:15:20.539  2714  2722 E luciUART: UART:0
04-09 17:15:20.539  2714  2722 I chatty  : uid=0(root) UARTLUCIControl identical 1 line
04-09 17:15:20.539  2714  2722 E luciUART: UART:0
04-09 17:15:20.539  2714  2722 E luciUART: UART:9
04-09 17:15:20.539  2714  2722 I luciUART: read() RemoteID = 43690 Command = 208 Type = 2 Status = 0 DataLen = 9
04-09 17:15:20.539  2714  2722 E luciUART: Error: full data not available yet! readBytes 0
04-09 17:15:20.539  2714  2722 I luciUART: Previous Packet read contd., 
04-09 17:15:20.542  2714  2714 I lucitransport: readRemoteMessage() MID char = 7 buffer = 1.52.272222
04-09 17:15:20.542  2960  3154 I LibreCastControlDelegate: Active Applications -> 0
04-09 17:15:20.542  2960  3154 I LibreCastControlDelegate: Current Cast State '2' -> 'NOT_SETUP'
04-09 17:15:20.542  2714  2723 I luciUART: write() MID = 208  bytes = 15 data = ssid: m_fd = 0x5
04-09 17:15:20.542  2714  2723 E LUCI_SERVER: NV_READ response= ssid:
04-09 17:15:20.542  2714  2723 E LUCI_SERVER: Luci Server Thread waiting for packets....
04-09 17:15:20.544  2960  3154 I LibreCastControl: LibreCastControl_SetMultizoneAudioOutputDelay() delay '80000' usecs RequestId '5' pCastControl 0xf4e00728
04-09 17:15:20.544  2960  3154 I LibreCastControlDelegate: MultizoneDelay request ID 5 with delay 80000 usecs
04-09 17:15:20.544  2960  3154 I LibreCastControlDelegate: OnCastStatus() ---
04-09 17:15:20.548  2959  2969 D wac-main: Netlink event
04-09 17:15:20.549  2959  2969 E wac-main: Netlink event 16 Interface Index 6 
04-09 17:15:20.549  2959  2969 E wac-main: p2p0 event Link Changed : 1002 
04-09 17:15:20.549  2959  2969 E wac-main: Enter poll and wait
04-09 17:15:20.549  2713  2725 I yani_kernel: yani_geteventfrom_changeaddr() Message-Id '1' Netlink event '16' Interface Index '6' -> Name 'p2p0' 
04-09 17:15:21.023  2734  2744 E WifiUtil: command: "SCAN" failed: FAIL-BUSY
04-09 17:15:21.023  2734  2744 W HotspotManager: hotspot already started
04-09 17:15:21.036  2960  3154 I LibreCastControlDelegate: OnResponse() ReqeustID 5, error  0
04-09 17:15:21.038  3076  3076 I cast_shell: [3079:3079:INFO:multizone_setup.cc(328)] Configured audio output delay changed. User delay = 0 s, OEM delay = 0.08 s, HDMI delay = 0 s
04-09 17:15:21.040  2713  2725 I yani_server: NetLink Event '-1' Interface-Index '5' WLAN '-1' Ethernet '-1' Parsed-iFill '-1' -> 'INVALID' ifIndex '1' -> 'lo'
04-09 17:15:21.041  2713  2725 I yani_server: NetLink Event '-1' Interface-Index '5' WLAN '0' Ethernet '-1' Parsed-iFill '-1' -> 'INVALID' ifIndex '1' -> 'lo'
04-09 17:15:21.042  2713  2725 I yani_server: NetLink Event '-1' Interface-Index '5' WLAN '0' Ethernet '-1' Parsed-iFill '-1' -> 'INVALID' ifIndex '1' -> 'lo'
04-09 17:15:21.044  2959  2969 D wac-main: Netlink event
04-09 17:15:21.045  2959  2969 E wac-main: Netlink event 16 Interface Index 6 
04-09 17:15:21.045  2959  2969 E wac-main: p2p0 event Link Changed : 1003 
04-09 17:15:21.045  2959  2969 E wac-main: Enter poll and wait
04-09 17:15:21.048  2713  2725 I yani_kernel: yani_geteventfrom_changeaddr() Message-Id '1' Netlink event '16' Interface Index '6' -> Name 'p2p0' 
04-09 17:15:21.053  3156  3156 I hostapd : p2p0: IEEE 802.11 channel=6 mode=ht bw=20 htcaps=0x177f vhtcaps=0x0 cf_seg0=0 cf_seg1=0
04-09 17:15:21.057  2960  3154 I LibreCastControlDelegate: OnCastStatus() +++ Lyric Speaker Box 21f384:0xac6f5198:NOT_SETUP
04-09 17:15:21.057  2960  3154 I LibreCastControlDelegate: Device Build Number -> '1.52.272222'
04-09 17:15:21.057  2960  3154 I librecast: updateCastBuildVersion() Version 1.52.272222
04-09 17:15:21.057  2714  2714 I lucitransport: readRemoteMessage() MID char = 7 buffer = 1.52.272222
04-09 17:15:21.058  2960  3154 I LibreCastControlDelegate: Active Applications -> 0
04-09 17:15:21.058  2960  3154 I LibreCastControlDelegate: Current Cast State '2' -> 'NOT_SETUP'
04-09 17:15:21.058  2960  3154 I LibreCastControlDelegate: OnCastStatus() ---
04-09 17:15:21.075  2959  2969 D wac-main: Netlink event
04-09 17:15:21.075  2959  2969 E wac-main: Netlink event 16 Interface Index 6 
04-09 17:15:21.075  2959  2969 E wac-main: p2p0 event Link Changed : 11043 
04-09 17:15:21.075  2959  2969 E wac-main: p2p0 Changed Up 
04-09 17:15:21.076  2713  2725 I yani_kernel: yani_geteventfrom_changeaddr() Message-Id '1' Netlink event '16' Interface Index '6' -> Name 'p2p0' 
04-09 17:15:21.076  2959  2969 I wifiapi : newconn : 0xf5500718
04-09 17:15:21.077  2959  2969 I wifiapi : 'STATUS' command returned = 0
04-09 17:15:21.077  2959  2969 E wac-main: current wifi status : 10
04-09 17:15:21.083  3076  3076 I cast_shell: [3079:3117:INFO:gatt_client_manager_impl.cc(202)] Enabling GATT client connectability
04-09 17:15:21.088  3076  3076 I cast_shell: [3079:3117:INFO:ble_setup.cc(915)] Sign related info completed, no future EurekaInfo need sign.
04-09 17:15:21.088  3076  3076 I cast_shell: [3079:3117:INFO:gatt_client_manager_impl.cc(202)] Enabling GATT client connectability
04-09 17:15:21.088  3076  3076 I chatty  : uid=1000(chrome) /bin/logwrapper identical 1 line
04-09 17:15:21.088  3076  3076 I cast_shell: [3079:3117:INFO:gatt_client_manager_impl.cc(202)] Enabling GATT client connectability
04-09 17:15:21.089  2735  2772 E bt_btif : BTA_GATTS_AddService: rcb_idx = 0
04-09 17:15:21.089  2735  2772 I bluetoothtbd: [0409/044521.089307:INFO:gatt_api.cc(207)] GATTS_AddService
04-09 17:15:21.090  2735  2772 I bluetoothtbd: [0409/044521.090098:INFO:gatt_api.cc(317)] GATTS_AddService: service parsed correctly, now starting
04-09 17:15:21.092  3076  3076 I cast_shell: [3079:3117:INFO:ble_setup_manager.cc(744)] Started Bluetooth service
04-09 17:15:22.000  3076  3076 I cast_shell: [3079:3087:ERROR:connectivity_checker_impl.cc(265)] Connectivity check failed: 400
04-09 17:15:22.465  3076  3076 I cast_shell: [3079:3127:INFO:mdns_app_filter.cc(1403)] MdnsAppFilter: Done probing.
04-09 17:15:23.007  3076  3076 I cast_shell: [3079:3087:ERROR:connectivity_checker_impl.cc(265)] Connectivity check failed: 400
04-09 17:15:23.470  3076  3076 I cast_shell: [3079:3079:INFO:grpc_service_discovery_impl.cc(185)] Mdns discovered google RPC for [PII](281CD08793FFB88291ED527B823FA582).
04-09 17:15:24.014  3076  3076 I cast_shell: [3079:3087:ERROR:connectivity_checker_impl.cc(265)] Connectivity check failed: 400
04-09 17:15:24.077  2959  2969 E wac-main: Enter poll and wait
04-09 17:15:24.471  3076  3076 I cast_shell: [3079:3127:INFO:mdns_app_filter.cc(1526)] MdnsAppFilter: Done announcing.
04-09 17:15:25.019  3076  3076 I cast_shell: [3079:3087:ERROR:connectivity_checker_impl.cc(265)] Connectivity check failed: 400
04-09 17:15:27.032  3076  3076 I chatty  : uid=1000(chrome) /bin/logwrapper identical 2 lines
04-09 17:15:28.039  3076  3076 I cast_shell: [3079:3087:ERROR:connectivity_checker_impl.cc(265)] Connectivity check failed: 400
04-09 17:15:28.524  3076  3076 I cast_shell: [3079:3087:INFO:parent_tracker.cc(291)] [PII](281CD08793FFB88291ED527B823FA582) Become root
04-09 17:15:28.524  3076  3076 I cast_shell: [3079:3087:INFO:directory_service_impl.cc(200)] This device became root
04-09 17:15:29.047  3076  3076 I cast_shell: [3079:3087:ERROR:connectivity_checker_impl.cc(265)] Connectivity check failed: 400
04-09 17:15:29.650  3076  3076 I cast_shell: [3079:3117:ERROR:setup_state.cc(424)] Timeout for state=SETUP_STATE_CHECKING_GLOBAL_CONNECTIVITY(50): move to state=SETUP_STATE_CHECKING_GLOBAL_CONNECTIVITY_BAD_ROUTER(52).
04-09 17:15:29.650  3076  3076 I cast_shell: [3079:3117:INFO:setup_state.cc(261)] Setup state changed: SETUP_STATE_CHECKING_GLOBAL_CONNECTIVITY (50) -> SETUP_STATE_CHECKING_GLOBAL_CONNECTIVITY_BAD_ROUTER (52)
04-09 17:15:29.654  2960  3154 I LibreCastControlDelegate: OnCastStatus() +++ Lyric Speaker Box 21f384:0xac6f5198:NOT_SETUP
04-09 17:15:29.654  2960  3154 I LibreCastControlDelegate: Device Build Number -> '1.52.272222'
04-09 17:15:29.654  2960  3154 I librecast: updateCastBuildVersion() Version 1.52.272222
04-09 17:15:29.654  2714  2714 I lucitransport: readRemoteMessage() MID char = 7 buffer = 1.52.272222
04-09 17:15:29.654  2960  3154 I LibreCastControlDelegate: Active Applications -> 0
04-09 17:15:29.654  2960  3154 I LibreCastControlDelegate: Current Cast State '2' -> 'NOT_SETUP'
04-09 17:15:29.654  2960  3154 I LibreCastControlDelegate: OnCastStatus() ---
04-09 17:15:30.053  3076  3076 I cast_shell: [3079:3087:ERROR:connectivity_checker_impl.cc(265)] Connectivity check failed: 400
04-09 17:15:55.112  2734  2743 E NetworkMonitor: cannot find default IPv4 route for wlan0
04-09 17:15:55.112  2734  2743 E NetworkMonitor: cannot find default IPv6 route for wlan0
04-09 17:15:58.207  2734  2743 E NetworkMonitor: no response for /bin/ping -n -I wlan0 -c 10 -w 10 8.8.8.8
04-09 17:15:58.218  2734  2743 E NetworkMonitor: no response for /bin/ping6 -n -I wlan0 -c 10 -w 10 2001:4860:4860::8888
04-09 17:15:58.221  2734  2743 E NetworkMonitor: dns resolution failed
04-09 17:15:58.222  2734  2743 I NetworkMonitor: Cast.Wifi.Failure.Type 7
04-09 17:16:17.364  3076  3076 I chatty  : uid=1000(chrome) /bin/logwrapper identical 47 lines
04-09 17:16:18.371  3076  3076 I cast_shell: [3079:3087:ERROR:connectivity_checker_impl.cc(265)] Connectivity check failed: 400
04-09 17:16:18.751  3076  3076 I cast_shell: [3079:3079:INFO:grpc_manager_impl.cc(505)] GRPC[uri=[::]:0]: num_pending_calls=0, num_active_handlers=0, num_free_handlers=0
04-09 17:16:18.752  3076  3076 I cast_shell: [3079:3079:INFO:gcm_manager.cc(269)] Disabling GCM Driver
04-09 17:16:18.752  3076  3076 I cast_shell: [3079:3079:INFO:grpc_manager_impl.cc(505)] GRPC[uri=]: num_pending_calls=0, num_active_handlers=0, num_free_handlers=0
04-09 17:16:18.831  3076  3076 I cast_shell: [3079:3079:INFO:grpc_manager_impl.cc(505)] GRPC[uri=unix:/tmp/hcp_ipc_auth.socket]: num_pending_calls=0, num_active_handlers=10, num_free_handlers=0
04-09 17:16:18.835  3076  3076 I cast_shell: [3079:3079:INFO:grpc_manager_impl.cc(505)] GRPC[uri=unix:/tmp/modular_updater/modular_update_service]: num_pending_calls=0, num_active_handlers=0, num_free_handlers=0
04-09 17:16:18.857  3076  3076 I cast_shell: [3079:3079:INFO:metrics_recorder.cc(112)] Metrics stat: total=13
04-09 17:16:18.857  3076  3076 I cast_shell: Cast.Discovery.Mdns.ResponderStarted=2
04-09 17:16:18.857  3076  3076 I cast_shell: Cast.Discovery.Mdns.ResponderStopped=1
04-09 17:16:18.857  3076  3076 I cast_shell: Cast.Discovery.Mdns.SocketCreated=4
04-09 17:16:18.857  3076  3076 I cast_shell: Cast.Discovery.Mdns.SocketDestroyed=2
04-09 17:16:18.857  3076  3076 I cast_shell: Cast.System.Timezone.ChangeSuccessful=1
04-09 17:16:18.857  3076  3076 I cast_shell: CastV2.Connection.Connect.In=1
04-09 17:16:18.857  3076  3076 I cast_shell: CastV2.Receiver.DeviceStatus.Out=5
04-09 17:16:18.857  3076  3076 I cast_shell: CastV2.Receiver.DeviceStatus.Out.Broadcast=2
04-09 17:16:18.857  3076  3076 I cast_shell: CastV2.Receiver.GetStatus.In=1
04-09 17:16:18.857  3076  3076 I cast_shell: CastV2.Resource.Provider.In=1
04-09 17:16:18.971  3076  3076 I cast_shell: [3079:3079:INFO:metrics_recorder_impl.cc(672)] Activated server experiments: []
04-09 17:16:18.973  3076  3076 I cast_shell: [3079:3079:INFO:cast_logs_metrics_provider.cc(59)] netif is ipv4
04-09 17:16:18.974  3076  3076 I cast_shell: [3079:3079:ERROR:socket_posix.cc(148)] bind() failed: Address already in use (98)
04-09 17:16:18.974  3076  3076 I cast_shell: [3079:3079:INFO:net_util_impl.cc(1041)] Platform supports dual-stack
04-09 17:16:18.994  3076  3076 I cast_shell: [3079:3079:INFO:grpc_manager_impl.cc(505)] GRPC[uri=[::]:8012]: num_pending_calls=0, num_active_handlers=1, num_free_handlers=0
04-09 17:16:19.378  3076  3076 I cast_shell: [3079:3087:ERROR:connectivity_checker_impl.cc(265)] Connectivity check failed: 400
04-09 17:16:59.233  2734  2743 E NetworkMonitor: cannot find default IPv4 route for wlan0
04-09 17:16:59.234  2734  2743 E NetworkMonitor: cannot find default IPv6 route for wlan0
04-09 17:17:02.334  2734  2743 E NetworkMonitor: no response for /bin/ping -n -I wlan0 -c 10 -w 10 8.8.8.8
04-09 17:17:02.345  2734  2743 E NetworkMonitor: no response for /bin/ping6 -n -I wlan0 -c 10 -w 10 2001:4860:4860::8888
04-09 17:17:02.346  2734  2743 E NetworkMonitor: dns resolution failed
04-09 17:17:16.752  3076  3076 I chatty  : uid=1000(chrome) /bin/logwrapper identical 57 lines
04-09 17:17:17.759  3076  3076 I cast_shell: [3079:3087:ERROR:connectivity_checker_impl.cc(265)] Connectivity check failed: 400
04-09 17:17:18.751  3076  3076 I cast_shell: [3079:3079:INFO:grpc_manager_impl.cc(505)] GRPC[uri=[::]:0]: num_pending_calls=0, num_active_handlers=0, num_free_handlers=0
04-09 17:17:18.753  3076  3076 I cast_shell: [3079:3079:INFO:grpc_manager_impl.cc(505)] GRPC[uri=]: num_pending_calls=0, num_active_handlers=0, num_free_handlers=0
04-09 17:17:18.766  3076  3076 I cast_shell: [3079:3087:ERROR:connectivity_checker_impl.cc(265)] Connectivity check failed: 400
04-09 17:17:18.831  3076  3076 I cast_shell: [3079:3079:INFO:grpc_manager_impl.cc(505)] GRPC[uri=unix:/tmp/hcp_ipc_auth.socket]: num_pending_calls=0, num_active_handlers=10, num_free_handlers=0
04-09 17:17:18.835  3076  3076 I cast_shell: [3079:3079:INFO:grpc_manager_impl.cc(505)] GRPC[uri=unix:/tmp/modular_updater/modular_update_service]: num_pending_calls=0, num_active_handlers=0, num_free_handlers=0
04-09 17:17:18.857  3076  3076 I cast_shell: [3079:3079:INFO:metrics_recorder.cc(112)] Metrics stat: total=2
04-09 17:17:18.857  3076  3076 I cast_shell: Cast.Discovery.Mdns.ResponderPing=1
04-09 17:17:18.857  3076  3076 I cast_shell: Cast.Discovery.Mdns.SocketPing=2
04-09 17:17:18.989  3076  3076 I cast_shell: [3079:3117:INFO:wifi_proximity.cc(177)] Request scan.
04-09 17:17:18.995  3076  3076 I cast_shell: [3079:3079:INFO:grpc_manager_impl.cc(505)] GRPC[uri=[::]:8012]: num_pending_calls=0, num_active_handlers=1, num_free_handlers=0
04-09 17:17:19.772  3076  3076 I cast_shell: [3079:3087:ERROR:connectivity_checker_impl.cc(265)] Connectivity check failed: 400
04-09 17:17:59.032  3076  3076 I chatty  : uid=1000(chrome) /bin/logwrapper identical 39 lines
04-09 17:18:00.038  3076  3076 I cast_shell: [3079:3087:ERROR:connectivity_checker_impl.cc(265)] Connectivity check failed: 400
04-09 17:18:00.581  2735  2814 I bt_btm_ble: btm_ble_conn_complete unable to match and resolve random address
04-09 17:18:00.584  2735  2772 I bluetoothtbd: [0409/044800.584447:INFO:gatt_server.cc(280)] Added connection entry for conn_id: 5 device address: 5D:1E:57:3C:8E:BD
04-09 17:18:00.584  2735  2814 W bt_smp  : smp_br_connect_callback is called on unexpected transport 2
04-09 17:18:00.584  2735  2814 W bt_btif : bta_dm_acl_change info: 0x0
04-09 17:18:00.585  2735  2772 D bt_btif_dm: remote version info [5d:1e:57:3c:8e:bd]: 0, 0, 0
04-09 17:18:00.585  2735  2772 I bluetoothtbd: [0409/044800.585228:INFO:adapter.cc(719)] ACL state changed: 5D:1E:57:3C:8E:BD - connected: true
04-09 17:18:00.585  3076  3076 I cast_shell: [3079:3117:ERROR:bluetooth_v1_via_v2.cc(796)] Connection state changed. :bd true
04-09 17:18:01.045  3076  3076 I cast_shell: [3079:3087:ERROR:connectivity_checker_impl.cc(265)] Connectivity check failed: 400
04-09 17:18:01.086  2735  2772 D bt_btif_scanner: btif_gatts_upstreams_evt: Unhandled event (26)
04-09 17:18:01.685  2735  2814 E bluetoothtbd: [0409/044801.685546:ERROR:gatt_sr.cc(743)] MTU request PDU with MTU size 515
04-09 17:18:01.686  2735  2814 W bt_l2cap: l2cble_set_fixed_channel_tx_data_length, request not supported
04-09 17:18:01.686  2735  2814 W bluetoothtbd: [0409/044801.686472:WARNING:gatt_utils.cc(837)] Call back not found for application conn_id=3
04-09 17:18:01.686  2735  2814 W bluetoothtbd: [0409/044801.686557:WARNING:gatt_utils.cc(837)] Call back not found for application conn_id=4
04-09 17:18:01.686  2735  2814 W bluetoothtbd: [0409/044801.686641:WARNING:gatt_utils.cc(837)] Call back not found for application conn_id=6
04-09 17:18:01.710  3076  3076 I cast_shell: [3079:3117:INFO:ble_setup.cc(322)] Record action: Setup.set_eureka_info.BLE.Locale
04-09 17:18:01.710  3076  3076 I cast_shell: [3079:3117:INFO:locale_manager.cc(576)] New locale: en-US
04-09 17:18:01.724  3076  3076 I cast_shell: [3079:3117:INFO:setup_state.cc(544)] EurekaInfoCalled: wifi_state=3, is_usable_ip_address=1, connected=0, is_initial_setup=1
04-09 17:18:01.724  3076  3076 I cast_shell: [3079:3117:INFO:setup_state.cc(261)] Setup state changed: SETUP_STATE_CHECKING_GLOBAL_CONNECTIVITY_BAD_ROUTER (52) -> SETUP_STATE_DISCONNECTED_EXTERNAL_CLIENT_ACCESSED (11)
04-09 17:18:01.724  3076  3076 I cast_shell: [3079:3102:INFO:media_manager_impl.cc(383)] TurnActive result: 0
04-09 17:18:01.729  2960  3154 I LibreCastControlDelegate: OnCastStatus() +++ Lyric Speaker Box 21f384:0xac6f5198:NOT_SETUP
04-09 17:18:01.729  2960  3154 I LibreCastControlDelegate: Device Build Number -> '1.52.272222'
04-09 17:18:01.729  2960  3154 I librecast: updateCastBuildVersion() Version 1.52.272222
04-09 17:18:01.729  2714  2714 I lucitransport: readRemoteMessage() MID char = 7 buffer = 1.52.272222
04-09 17:18:01.729  2960  3154 I LibreCastControlDelegate: Active Applications -> 0
04-09 17:18:01.729  2960  3154 I LibreCastControlDelegate: Current Cast State '2' -> 'NOT_SETUP'
04-09 17:18:01.729  2960  3154 I LibreCastControlDelegate: OnCastStatus() ---
04-09 17:18:01.730  2960  3154 I LibreCastControlDelegate: OnCastStatus() +++ Lyric Speaker Box 21f384:0xac6f5198:NOT_SETUP
04-09 17:18:01.730  2960  3154 I LibreCastControlDelegate: Device Build Number -> '1.52.272222'
04-09 17:18:01.730  2960  3154 I librecast: updateCastBuildVersion() Version 1.52.272222
04-09 17:18:01.730  2714  2714 I lucitransport: readRemoteMessage() MID char = 7 buffer = 1.52.272222
04-09 17:18:01.733  3076  3076 I cast_shell: [3079:3117:INFO:metrics_recorder.cc(282)] Record action: Setup.version.BLE
04-09 17:18:01.764  2735  2772 D bt_btif_scanner: btif_gatts_upstreams_evt: Unhandled event (26)
04-09 17:18:01.815  3076  3076 I cast_shell: [3079:3117:INFO:metrics_recorder.cc(282)] Record action: Setup.name_utf8.BLE
04-09 17:18:02.052  3076  3076 I cast_shell: [3079:3087:ERROR:connectivity_checker_impl.cc(265)] Connectivity check failed: 400
04-09 17:18:02.106  3076  3076 I cast_shell: [3079:3117:INFO:metrics_recorder.cc(282)] Record action: Setup.tos_accepted.BLE
04-09 17:18:02.219  2735  2772 D bt_btif_scanner: btif_gatts_upstreams_evt: Unhandled event (26)
04-09 17:18:02.220  3076  3076 I cast_shell: [3079:3117:INFO:metrics_recorder.cc(282)] Record action: Setup.state.BLE
04-09 17:18:02.249  3076  3076 I cast_shell: [3079:3117:INFO:metrics_recorder.cc(282)] Record action: Setup.ip_address.BLE
04-09 17:18:02.308  3076  3076 I cast_shell: [3079:3117:INFO:metrics_recorder.cc(282)] Record action: Setup.eureka_info_immutable_basic.BLE
04-09 17:18:02.353  3076  3076 I cast_shell: [3079:3117:INFO:metrics_recorder.cc(282)] Record action: Setup.eureka_info_mutable_reads.BLE
04-09 17:18:02.383  3076  3076 I cast_shell: [3079:3117:INFO:metrics_recorder.cc(282)] Record action: Setup.eureak_info_keys.BLE
04-09 17:18:02.503  3076  3076 I cast_shell: [3079:3117:INFO:metrics_recorder.cc(282)] Record action: Setup.eureka_info_immutable_basic.BLE
04-09 17:18:02.549  3076  3076 I cast_shell: [3079:3117:INFO:metrics_recorder.cc(282)] Record action: Setup.eureak_info_keys.BLE
04-09 17:18:02.848  3076  3076 I chatty  : uid=1000(chrome) /bin/logwrapper identical 4 lines
04-09 17:18:02.923  3076  3076 I cast_shell: [3079:3117:INFO:metrics_recorder.cc(282)] Record action: Setup.eureak_info_keys.BLE
04-09 17:18:02.998  3076  3076 I cast_shell: [3079:3117:INFO:metrics_recorder.cc(282)] Record action: Setup.i8n_info.BLE
04-09 17:18:03.058  3076  3076 I cast_shell: [3079:3087:ERROR:connectivity_checker_impl.cc(265)] Connectivity check failed: 400
04-09 17:18:03.073  3076  3076 I cast_shell: [3079:3117:INFO:metrics_recorder.cc(282)] Record action: Setup.i8n_info.BLE
04-09 17:18:03.360  2734  2743 E NetworkMonitor: cannot find default IPv4 route for wlan0
04-09 17:18:03.361  2734  2743 E NetworkMonitor: cannot find default IPv6 route for wlan0
04-09 17:18:03.388  3076  3076 I chatty  : uid=1000(chrome) /bin/logwrapper identical 4 lines
04-09 17:18:03.463  3076  3076 I cast_shell: [3079:3117:INFO:metrics_recorder.cc(282)] Record action: Setup.i8n_info.BLE
04-09 17:18:03.510  3076  3076 I cast_shell: [3079:3117:INFO:ble_setup.cc(322)] Record action: Setup.set_eureka_info.BLE.CountryCode
04-09 17:18:03.510  3076  3076 I cast_shell: [3079:3117:INFO:locale_manager.cc(639)] New country code: IN
04-09 17:18:03.515  2712  2712 I wpa_supplicant: wlan0: CTRL-EVENT-REGDOM-CHANGE init=USER type=COUNTRY alpha2=IN
04-09 17:18:03.520  2713  2725 I yani_server: NetLink Event '-1' Interface-Index '5' WLAN '-1' Ethernet '-1' Parsed-iFill '-1' -> 'INVALID' ifIndex '1' -> 'lo'
04-09 17:18:03.522  2713  2725 I yani_server: NetLink Event '-1' Interface-Index '5' WLAN '0' Ethernet '-1' Parsed-iFill '-1' -> 'INVALID' ifIndex '1' -> 'lo'
04-09 17:18:03.524  2960  3154 I LibreCastControlDelegate: OnCastStatus() +++ Lyric Speaker Box 21f384:0xac6f5198:NOT_SETUP
04-09 17:18:03.524  2960  3154 I LibreCastControlDelegate: Device Build Number -> '1.52.272222'
04-09 17:18:03.524  2960  3154 I librecast: updateCastBuildVersion() Version 1.52.272222
04-09 17:18:03.524  2714  2714 I lucitransport: readRemoteMessage() MID char = 7 buffer = 1.52.272222
04-09 17:18:03.524  2960  3154 I LibreCastControlDelegate: Active Applications -> 0
04-09 17:18:03.525  2960  3154 I LibreCastControlDelegate: Current Cast State '2' -> 'NOT_SETUP'
04-09 17:18:03.525  2960  3154 I LibreCastControlDelegate: OnCastStatus() ---
04-09 17:18:04.064  3076  3076 I cast_shell: [3079:3087:ERROR:connectivity_checker_impl.cc(265)] Connectivity check failed: 400
04-09 17:18:04.574  3076  3076 I cast_shell: [3079:3117:INFO:ble_setup.cc(322)] Record action: Setup.scan_wifi.BLE
04-09 17:18:04.575  3076  3076 I cast_shell: [3079:3117:WARNING:wifi_controller_wpa_supplicant.cc(797)] Wpa responses FAIL-BUSY, assuming it is associating, which will keep scan_results fresh.
04-09 17:18:05.071  3076  3076 I cast_shell: [3079:3087:ERROR:connectivity_checker_impl.cc(265)] Connectivity check failed: 400
04-09 17:18:06.079  3076  3076 I cast_shell: [3079:3087:ERROR:connectivity_checker_impl.cc(265)] Connectivity check failed: 400
04-09 17:18:06.462  2734  2743 E NetworkMonitor: no response for /bin/ping -n -I wlan0 -c 10 -w 10 8.8.8.8
04-09 17:18:06.473  2734  2743 E NetworkMonitor: no response for /bin/ping6 -n -I wlan0 -c 10 -w 10 2001:4860:4860::8888
04-09 17:18:06.474  2734  2743 E NetworkMonitor: dns resolution failed
04-09 17:18:06.939  2959  2969 D wac-main: Netlink event
04-09 17:18:06.939  2959  2969 E wac-main: Netlink event 16 Interface Index 5 
04-09 17:18:06.939  2959  2969 E wac-main: Enter poll and wait
04-09 17:18:06.939  2959  2969 D wac-main: Netlink event
04-09 17:18:06.939  2959  2969 E wac-main: Netlink event 16 Interface Index 5 
04-09 17:18:06.939  2959  2969 E wac-main: Enter poll and wait
04-09 17:18:06.939  2713  2725 I yani_kernel: yani_geteventfrom_changeaddr() Message-Id '1' Netlink event '16' Interface Index '5' -> Name 'wlan0' 
04-09 17:18:06.949  2713  2725 I yani_server: NetLink Event '-1' Interface-Index '5' WLAN '-1' Ethernet '-1' Parsed-iFill '-1' -> 'INVALID' ifIndex '1' -> 'lo'
04-09 17:18:06.953  2713  2725 I yani_server: NetLink Event '-1' Interface-Index '5' WLAN '0' Ethernet '-1' Parsed-iFill '-1' -> 'INVALID' ifIndex '1' -> 'lo'
04-09 17:18:06.956  2960  3154 I LibreCastControlDelegate: OnCastStatus() +++ Lyric Speaker Box 21f384:0xac6f5198:NOT_SETUP
04-09 17:18:06.957  2960  3154 I LibreCastControlDelegate: Device Build Number -> '1.52.272222'
04-09 17:18:06.957  2960  3154 I librecast: updateCastBuildVersion() Version 1.52.272222
04-09 17:18:06.957  2714  2714 I lucitransport: readRemoteMessage() MID char = 7 buffer = 1.52.272222
04-09 17:18:06.957  2960  3154 I LibreCastControlDelegate: Active Applications -> 0
04-09 17:18:06.957  2960  3154 I LibreCastControlDelegate: Current Cast State '2' -> 'NOT_SETUP'
04-09 17:18:06.957  2960  3154 I LibreCastControlDelegate: OnCastStatus() ---
04-09 17:18:06.958  2713  2725 I yani_server: NetLink Event '-1' Interface-Index '5' WLAN '0' Ethernet '-1' Parsed-iFill '-1' -> 'INVALID' ifIndex '1' -> 'lo'
04-09 17:18:06.960  2713  2725 I chatty  : uid=0(root) YaniServer identical 2 lines
04-09 17:18:06.960  2713  2725 I yani_server: NetLink Event '-1' Interface-Index '5' WLAN '0' Ethernet '-1' Parsed-iFill '-1' -> 'INVALID' ifIndex '1' -> 'lo'
04-09 17:18:06.960  2713  2725 I yani_kernel: yani_geteventfrom_changeaddr() Message-Id '1' Netlink event '16' Interface Index '5' -> Name 'wlan0' 
04-09 17:18:07.086  3076  3076 I cast_shell: [3079:3087:ERROR:connectivity_checker_impl.cc(265)] Connectivity check failed: 400
04-09 17:18:08.092  3076  3076 I cast_shell: [3079:3087:ERROR:connectivity_checker_impl.cc(265)] Connectivity check failed: 400
04-09 17:18:08.612  3076  3076 I cast_shell: [3079:3117:INFO:ble_setup.cc(322)] Record action: Setup.scan_wifi.BLE
04-09 17:18:08.612  2713  2725 I yani_server: NetLink Event '-1' Interface-Index '5' WLAN '-1' Ethernet '-1' Parsed-iFill '-1' -> 'INVALID' ifIndex '1' -> 'lo'
04-09 17:18:09.099  3076  3076 I cast_shell: [3079:3087:ERROR:connectivity_checker_impl.cc(265)] Connectivity check failed: 400
04-09 17:18:10.106  3076  3076 I chatty  : uid=1000(chrome) /bin/logwrapper identical 1 line
04-09 17:18:11.112  3076  3076 I cast_shell: [3079:3087:ERROR:connectivity_checker_impl.cc(265)] Connectivity check failed: 400
04-09 17:18:11.956  2959  2969 D wac-main: Netlink event
04-09 17:18:11.956  2959  2969 E wac-main: Netlink event 16 Interface Index 5 
04-09 17:18:11.956  2959  2969 E wac-main: Enter poll and wait
04-09 17:18:11.956  2959  2969 D wac-main: Netlink event
04-09 17:18:11.956  2959  2969 E wac-main: Netlink event 16 Interface Index 5 
04-09 17:18:11.956  2959  2969 E wac-main: Enter poll and wait
04-09 17:18:11.957  2713  2725 I yani_kernel: yani_geteventfrom_changeaddr() Message-Id '1' Netlink event '16' Interface Index '5' -> Name 'wlan0' 
04-09 17:18:11.966  2713  2725 I yani_server: NetLink Event '-1' Interface-Index '5' WLAN '-1' Ethernet '-1' Parsed-iFill '-1' -> 'INVALID' ifIndex '1' -> 'lo'
04-09 17:18:11.967  2713  2725 I yani_server: NetLink Event '-1' Interface-Index '5' WLAN '0' Ethernet '-1' Parsed-iFill '-1' -> 'INVALID' ifIndex '1' -> 'lo'
04-09 17:18:11.970  2713  2725 I chatty  : uid=0(root) YaniServer identical 4 lines
04-09 17:18:11.970  2713  2725 I yani_server: NetLink Event '-1' Interface-Index '5' WLAN '0' Ethernet '-1' Parsed-iFill '-1' -> 'INVALID' ifIndex '1' -> 'lo'
04-09 17:18:11.972  2960  3154 I LibreCastControlDelegate: OnCastStatus() +++ Lyric Speaker Box 21f384:0xac6f5198:NOT_SETUP
04-09 17:18:11.972  2960  3154 I LibreCastControlDelegate: Device Build Number -> '1.52.272222'
04-09 17:18:11.972  2960  3154 I librecast: updateCastBuildVersion() Version 1.52.272222
04-09 17:18:11.972  2714  2714 I lucitransport: readRemoteMessage() MID char = 7 buffer = 1.52.272222
04-09 17:18:11.973  2960  3154 I LibreCastControlDelegate: Active Applications -> 0
04-09 17:18:11.973  2960  3154 I LibreCastControlDelegate: Current Cast State '2' -> 'NOT_SETUP'
04-09 17:18:11.973  2960  3154 I LibreCastControlDelegate: OnCastStatus() ---
04-09 17:18:11.973  2713  2725 I yani_server: NetLink Event '-1' Interface-Index '5' WLAN '0' Ethernet '-1' Parsed-iFill '-1' -> 'INVALID' ifIndex '1' -> 'lo'
04-09 17:18:11.978  2713  2725 I chatty  : uid=0(root) YaniServer identical 6 lines
04-09 17:18:11.979  2713  2725 I yani_server: NetLink Event '-1' Interface-Index '5' WLAN '0' Ethernet '-1' Parsed-iFill '-1' -> 'INVALID' ifIndex '1' -> 'lo'
04-09 17:18:11.979  2713  2725 I yani_kernel: yani_geteventfrom_changeaddr() Message-Id '1' Netlink event '16' Interface Index '5' -> Name 'wlan0' 
04-09 17:18:12.119  3076  3076 I cast_shell: [3079:3087:ERROR:connectivity_checker_impl.cc(265)] Connectivity check failed: 400
04-09 17:18:12.673  3076  3076 I cast_shell: [3079:3117:INFO:metrics_recorder.cc(282)] Record action: Setup.scan_results.BLE
04-09 17:18:12.748  3076  3076 I cast_shell: [3079:3117:INFO:metrics_recorder.cc(282)] Record action: Setup.scan_results.BLE
04-09 17:18:13.126  3076  3076 I cast_shell: [3079:3087:ERROR:connectivity_checker_impl.cc(265)] Connectivity check failed: 400
04-09 17:18:14.133  3076  3076 I cast_shell: [3079:3087:ERROR:connectivity_checker_impl.cc(265)] Connectivity check failed: 400
04-09 17:18:14.894  3076  3076 I cast_shell: [3079:3117:INFO:ble_setup.cc(322)] Record action: Setup.play_sound.BLE
04-09 17:18:14.895  3076  3076 I cast_shell: [3079:3096:INFO:synchronized_sound_player.cc(362)] Playing sound key 2
04-09 17:18:14.925  3076  3076 I cast_shell: [3079:3096:INFO:audio_decoder_software_wrapper.cc(86)] Using backend decoder for PCM
04-09 17:18:14.926  3076  3076 I cast_shell: [3079:3101:INFO:mixer_input_connection.cc(208)] Create 0xf446bdf8 (no_delay), content type: media, focus type: media, fill size: 512, algorithm fill size: 221, channel count: 1, input sample rate: 44100, start threshold: 3087, max queue size: 8820, socket: 0xf4461a18
04-09 17:18:14.927  3076  3076 I cast_shell: [3079:3100:INFO:mixer_output_stream_alsa.cc(428)] ALSA buffer = 4096, period = 512
04-09 17:18:14.927  3076  3076 I cast_shell: [3079:3099:INFO:stream_mixer.cc(604)] Input source channel count = 1
04-09 17:18:14.927  3076  3076 I cast_shell: [3079:3099:INFO:stream_mixer.cc(607)] Dynamic channel count not enabled; using stereo
04-09 17:18:14.927  3076  3076 I cast_shell: [3079:3099:INFO:stream_mixer.cc(604)] Input source channel count = 1
04-09 17:18:14.927  3076  3076 I cast_shell: [3079:3099:INFO:stream_mixer.cc(607)] Dynamic channel count not enabled; using stereo
04-09 17:18:14.927  3076  3076 I cast_shell: [3079:3099:INFO:stream_mixer.cc(416)] Start with 0 active inputs
04-09 17:18:14.933  3076  3076 I cast_shell: [3079:3100:INFO:mixer_output_stream_alsa.cc(171)] snd_pcm_open: handle=0xf3047b68
04-09 17:18:14.939  3076  3076 I cast_shell: [3079:3117:INFO:ble_setup.cc(322)] Record action: Setup.play_sound.BLE
04-09 17:18:14.940  3076  3076 I cast_shell: [3079:3096:INFO:synchronized_sound_player.cc(362)] Playing sound key 0
04-09 17:18:14.940  3076  3076 I cast_shell: [3079:3101:INFO:mixer_input_connection.cc(386)] Remove 0xf446bdf8
04-09 17:18:14.941  3076  3076 I cast_shell: [3079:3100:WARNING:mixer_output_stream_alsa.cc(341)] Requested sample rate (44100 Hz) does not match the actual sample rate (48000 Hz). This may lead to lower audio quality.
04-09 17:18:14.941  3076  3076 I cast_shell: [3079:3100:INFO:mixer_output_stream_alsa.cc(346)] Sample rate changed from 0 to 48000
04-09 17:18:14.948  3076  3076 I cast_shell: [3079:3100:WARNING:mixer_output_stream_alsa.cc(379)] Requested period size (512 frames) does not match the actual period size (1024 frames). This may lead to an increase in CPU usage or an increase in audio latency.
04-09 17:18:14.948  3076  3076 I cast_shell: [3079:3100:INFO:filter_group.cc(340)] : 2ch@48000hz -> [GROUP]mix -> 2ch@48000hz
04-09 17:18:14.948  3076  3076 I cast_shell: [3079:3100:INFO:filter_group.cc(340)] [GROUP]mix: 2ch@48000hz -> [GROUP]linearize -> 2ch@48000hz
04-09 17:18:14.948  3076  3076 I cast_shell: [3079:3099:INFO:stream_mixer.cc(466)] Output 2 channels at 48000 samples per second
04-09 17:18:14.948  3076  3076 I cast_shell: [3079:3099:INFO:stream_mixer.cc(484)] Using 2 loopback channels
04-09 17:18:14.948  3076  3076 I cast_shell: [3079:3099:INFO:stream_mixer.cc(640)] Add input 0xf446bdfc to mix @ 48000 samples per second. Is primary source? = 0
04-09 17:18:14.950  3076  3076 I cast_shell: [3079:3099:INFO:mixer_input.cc(361)] no_delay(0xf446bdfc): set volume limits to [0, 1]
04-09 17:18:14.950  3076  3076 I cast_shell: [3079:3099:INFO:mixer_input.cc(121)] Remixing channels for 0xf446bdfc from 1 to 2
04-09 17:18:14.950  3076  3076 I cast_shell: [3079:3099:INFO:mixer_input.cc(346)] no_delay(0xf446bdfc): type volume = 1, effective multiplier = 1
04-09 17:18:14.950  3076  3076 I cast_shell: [3079:3099:INFO:mixer_input.cc(395)] no_delay(0xf446bdfc): mute volume = 1, effective multiplier = 1
04-09 17:18:14.955  3076  3076 I cast_shell: [3079:3101:INFO:mixer_input_connection.cc(243)] Delete 0xf446bdf8
04-09 17:18:14.956  3076  3076 I cast_shell: [3079:3099:INFO:stream_mixer.cc(683)] Remove input 0xf446bdfc
04-09 17:18:14.956  3076  3076 I chatty  : uid=1000(chrome) /bin/logwrapper identical 2 lines
04-09 17:18:14.956  3076  3076 I cast_shell: [3079:3099:INFO:stream_mixer.cc(683)] Remove input 0xf446bdfc
04-09 17:18:14.956  3076  3076 I cast_shell: [3079:3099:INFO:stream_mixer.cc(774)] Close timeout
04-09 17:18:14.956  3076  3076 I cast_shell: [3079:3099:INFO:stream_mixer.cc(541)] Stop
04-09 17:18:14.956  3076  3076 I cast_shell: [3079:3087:INFO:loopback_audio_input.cc(194)] [REALIGN] loopback interrupted; reason = 4
04-09 17:18:14.957  3076  3076 I cast_shell: [3079:3079:INFO:cast_receiver_mojo.cc(844)] cast event : Cast.Platform.Audio.OutputInterrupted
04-09 17:18:14.966  3076  3076 I cast_shell: [3079:3096:INFO:audio_decoder_software_wrapper.cc(86)] Using backend decoder for PCM
