04-09 15:54:56.753  3076  3076 I cast_shell: [3079:3128:INFO:metrics_recorder.cc(282)] cast event: Cast.Discovery.Mdns.SocketCreated
04-09 15:54:56.753  3076  3076 I cast_shell: [3079:3128:INFO:mdns_app_filter.cc(1254)] Created mDNS socket for interface:name=usb0, address=192.168.10.1, index=9
04-09 15:54:56.753  3076  3076 I cast_shell: [3079:3128:INFO:mdns_app_filter.cc(977)] MdnsAppFilter is starting.
04-09 15:54:56.753  3076  3076 I cast_shell: [3079:3128:INFO:metrics_recorder.cc(282)] cast event: Cast.Discovery.Mdns.ResponderStarted
04-09 15:54:56.753  3076  3076 I cast_shell: [3079:3128:INFO:discovered_service_client.cc(78)] Primary interface for service discovery has changed: ifindex=9
04-09 15:54:56.756  2733  2760 I bluetoothtbd: [0409/032456.756426:INFO:adapter.cc(551)] Adapter properties changed
04-09 15:54:56.756  2733  2760 I bluetoothtbd: [0409/032456.756558:INFO:adapter.cc(573)] Adapter name changed
04-09 15:54:56.756  3076  3076 I cast_shell: [3079:3118:INFO:setup_state.cc(261)] Setup state changed: SETUP_STATE_UNKNOWN (0) -> SETUP_STATE_CHECKING_GLOBAL_CONNECTIVITY (50)
04-09 15:54:56.759  3076  3076 I cast_shell: [3079:3118:INFO:bluetooth_manager.cc(1232)] [PII] Set device name to 'LSB8214'
04-09 15:54:56.761  2733  2760 I bluetoothtbd: [0409/032456.761237:INFO:adapter.cc(551)] Adapter properties changed
04-09 15:54:56.761  2957  2967 D wac-main: Netlink event
04-09 15:54:56.762  2957  2967 E wac-main: Netlink event 20 Interface Index 6 
04-09 15:54:56.762  2957  2967 E wac-main: Enter poll and wait
04-09 15:54:56.762  2957  2967 D wac-main: Netlink event
04-09 15:54:56.762  2957  2967 E wac-main: Netlink event 21 Interface Index 6 
04-09 15:54:56.762  2957  2967 E wac-main: Enter poll and wait
04-09 15:54:56.762  2711  2723 I yani_kernel: yani_geteventfrom_changeaddr() Message-Id '1' Netlink event '20' Interface Index '6' -> Name 'p2p0' 
04-09 15:54:56.777  3076  3076 I cast_shell: [3079:3131:INFO:multizone_group.cc(357)] Change name for group [PII](DA68339AEF10D0E59DDC5FF61B5A2D8A) to [PII](Lyric Speaker Box 21f384)
04-09 15:54:56.777  3076  3076 I cast_shell: [3079:3079:INFO:device_info_impl.cc(1133)] SSDP Config ID is increased: id=2
04-09 15:54:56.777  3076  3076 I cast_shell: [3079:3079:INFO:device_info_impl.cc(1133)] SSDP Config ID is increased: id=3
04-09 15:54:56.778  3076  3076 I cast_shell: [3079:3128:INFO:mdns_util.cc(102)] Defaulting mDNS capabilities for audio-only build
04-09 15:54:56.779  3076  3076 I cast_shell: [3079:3079:INFO:mdns_manager_impl.cc(429)] Successfully updated service: type=_googlecast
04-09 15:54:56.779  3076  3076 I cast_shell: [3079:3079:INFO:virtual_device.cc(296)] Updated mDNS service for virtual device: id=f0adfe62-fc52-c53a-5402-2597301ee543
04-09 15:54:56.781  3076  3076 I cast_shell: [3079:3128:INFO:mdns_util.cc(102)] Defaulting mDNS capabilities for audio-only build
04-09 15:54:56.781  3076  3076 I cast_shell: [3079:3079:INFO:mdns_manager_impl.cc(429)] Successfully updated service: type=_googlecast
04-09 15:54:56.781  3076  3076 I cast_shell: [3079:3079:INFO:virtual_device.cc(296)] Updated mDNS service for virtual device: id=f0adfe62-fc52-c53a-5402-2597301ee543
04-09 15:54:56.783  2958  3154 I LibreCastControlDelegate: OnCastStatus() +++ LSB8214:0xaae87198:NOT_SETUP
04-09 15:54:56.783  2958  3154 I LibreCastControlDelegate: Device Build Number -> '1.52.272222'
04-09 15:54:56.783  2958  3154 I librecast: updateCastBuildVersion() Version 1.52.272222
04-09 15:54:56.783  2712  2712 I lucitransport: readRemoteMessage() MID char = 7 buffer = (null)
04-09 15:54:56.783  2958  3154 E librecast: librecast::updateCastBuildVersion Cast build version number = 1.52.272222
04-09 15:54:56.783  2958  3154 E librecast: castVersion = 1.52.272222
04-09 15:54:56.784  2712  2712 I lucitransport: writeRemoteMessage() MID = 7 buffer = 1.52.272222
04-09 15:54:56.784  2712  2712 I luciUART: write() MID = 7  bytes = 21 data = 1.52.272222 m_fd = 0x5
04-09 15:54:56.792  2958  3154 I LibreCastControlDelegate: Active Applications -> 0
04-09 15:54:56.792  2958  3154 I LibreCastControlDelegate: Current Cast State '2' -> 'NOT_SETUP'
04-09 15:54:56.792  2958  3154 I LibreCastControlDelegate: OnCastStatus() ---
04-09 15:54:56.792  2958  3154 I LibreCastControlDelegate: OnResponse() ReqeustID 1, error  0
04-09 15:54:56.794  2691  2691 I sh      : [0409/032456.793438:INFO:cast_message_service_impl.cc(1037)] Received initial eureka info
04-09 15:54:56.794  2711  2723 I yani_server: NetLink Event '6' Interface-Index '6' WLAN '-1' Ethernet '-1' Parsed-iFill '6' -> 'P2P0 CONNECTED' ifIndex '2' -> 'tunl0'
04-09 15:54:56.795  2958  3154 I LibreCastControlDelegate: OnControlConnected()
04-09 15:54:56.796  2691  2691 I sh      : [0409/032456.795360:INFO:cast_message_service_impl.cc(1067)] Received initial receiver info
04-09 15:54:56.796  2691  2691 I sh      : [0409/032456.795468:INFO:cast_message_service_impl.cc(1073)] Sent PlatformSettingsRegister message
04-09 15:54:56.817  2958  3154 I LibreCastControl: LibreCastControl_RequestGVAStatus() RequestId '4' pCastControl 0xf4a00728
04-09 15:54:56.818  2691  2691 I sh      : [0409/032456.817764:INFO:cast_message_service_impl.cc(1076)] CastMessageServiceImpl is ready
04-09 15:54:56.819  3076  3076 I cast_shell: [3079:3079:INFO:assistant_namespace_handler.cc(144)] Added a status listening peer for assistant namespace: domain-socket@/tmp/cast-control.1:system-0
04-09 15:54:56.819  2958  3154 I LibreCastControlDelegate: OnResponse() ReqeustID 4, error  0
04-09 15:54:57.586  3076  3076 I cast_shell: [3079:3131:INFO:multizone_manager.cc(1889)] Initial discovery complete
04-09 15:54:57.587  3076  3076 I cast_shell: [3079:3128:INFO:mdns_app_filter.cc(1605)] Re-probing due to newly registered service '3': _googlezone
04-09 15:54:57.587  3076  3076 I cast_shell: [3079:3079:INFO:mdns_manager_impl.cc(311)] Successfully registered service: type=_googlezone
04-09 15:54:57.650  3158  3158 I dnsmasq : started, version 2.51 DNS disabled
04-09 15:54:57.650  3158  3158 I dnsmasq : compile time options: no-IPv6 GNU-getopt no-DBus no-I18N DHCP no-scripts no-TFTP
04-09 15:54:57.650  3158  3158 I dnsmasq : DHCP, IP range 192.168.255.250 -- 192.168.255.254, lease time 12h
04-09 15:54:57.650  2711  2723 I yani_server: doLotofWork() List of interface '4'
04-09 15:54:57.650  2711  2723 I yani_server: doLotofWork() Interface 'p2p0' ifr[0].ifr_name 'lo' ipaddress '127.0.0.1'
04-09 15:54:57.650  2711  2723 I yani_server: doLotofWork() Interface 'p2p0' ifr[1].ifr_name 'p2p0' ipaddress '192.168.255.249'
04-09 15:54:57.650  2711  2723 I yani_server: doLotofWork() returns 'REFILL WACMODE'
04-09 15:54:57.650  2711  2723 E yani_server: YANI: I am Done Wait For Event 
04-09 15:54:57.650  2711  2723 I yani_kernel: yani_geteventfrom_changeaddr() Message-Id '1' Netlink event '21' Interface Index '6' -> Name 'p2p0' 
04-09 15:54:57.650  2711  2814 I yani_server: onNetworkParametersChanged() WAC Mode '1'  Index '2' Interface 'p2p0' Status '1'
04-09 15:54:57.651  2729  2729 E AirableUIHelper: AirableUIHelper::YaniAlert  4 1 
04-09 15:54:57.668  2712  2721 I luciUART: write() MID = 208  bytes = 15 data = ssid: m_fd = 0x5
04-09 15:54:57.668  2712  2721 E LUCI_SERVER: NV_READ response= ssid:
04-09 15:54:57.668  2712  2721 E LUCI_SERVER: Luci Server Thread waiting for packets....
04-09 15:54:57.668  2711  2723 I yani_server: NetLink Event '6' Interface-Index '6' WLAN '-1' Ethernet '-1' Parsed-iFill '6' -> 'P2P0 CONNECTED' ifIndex '2' -> 'tunl0'
04-09 15:54:57.673  2957  2967 D wac-main: Netlink event
04-09 15:54:57.673  2957  2967 E wac-main: Netlink event 16 Interface Index 6 
04-09 15:54:57.673  2957  2967 E wac-main: p2p0 event Link Changed : 1002 
04-09 15:54:57.673  2957  2967 E wac-main: Enter poll and wait
04-09 15:54:57.675  2712  2720 E luciUART: UART:aa
04-09 15:54:57.675  2712  2720 E luciUART: UART:aa
04-09 15:54:57.675  2712  2720 E luciUART: UART:2
04-09 15:54:57.675  2712  2720 E luciUART: UART:0
04-09 15:54:57.675  2712  2720 E luciUART: UART:d0
04-09 15:54:57.675  2712  2720 E luciUART: UART:0
04-09 15:54:57.676  2712  2720 I chatty  : uid=0(root) UARTLUCIControl identical 2 lines
04-09 15:54:57.676  2712  2720 E luciUART: UART:0
04-09 15:54:57.676  2712  2720 E luciUART: UART:9
04-09 15:54:57.676  2712  2720 I luciUART: read() RemoteID = 43690 Command = 208 Type = 2 Status = 0 DataLen = 9
04-09 15:54:57.676  2712  2720 E luciUART: Error: full data not available yet! readBytes 0
04-09 15:54:57.676  2712  2720 I luciUART: Previous Packet read contd., 
04-09 15:54:57.676  2712  2720 E luciUART: UART:52
04-09 15:54:57.676  2712  2720 I luciUART: Previous Packet read contd., 
04-09 15:54:57.676  2712  2720 E luciUART: UART:45
04-09 15:54:57.676  2712  2720 I luciUART: Previous Packet read contd., 
04-09 15:54:57.676  2712  2720 E luciUART: UART:41
04-09 15:54:57.676  2712  2720 I luciUART: Previous Packet read contd., 
04-09 15:54:57.676  2712  2720 E luciUART: UART:44
04-09 15:54:57.676  2712  2720 I luciUART: Previous Packet read contd., 
04-09 15:54:57.676  2712  2720 E luciUART: UART:5f
04-09 15:54:57.676  2712  2720 I luciUART: Previous Packet read contd., 
04-09 15:54:57.676  2712  2720 E luciUART: UART:73
04-09 15:54:57.676  2712  2720 I luciUART: Previous Packet read contd., 
04-09 15:54:57.676  2712  2720 E luciUART: UART:73
04-09 15:54:57.676  2712  2720 I luciUART: Previous Packet read contd., 
04-09 15:54:57.677  2712  2720 E luciUART: UART:69
04-09 15:54:57.677  2712  2720 I luciUART: Previous Packet read contd., 
04-09 15:54:57.677  2712  2720 E luciUART: UART:64
04-09 15:54:57.677  2712  2721 E LUCI_SERVER: Luci Server Thread wait over MID 208....
04-09 15:54:57.677  2712  2721 E LUCI_SERVER: Got NV name : ssid
04-09 15:54:57.678  2712  2721 I luciUART: write() MID = 208  bytes = 15 data = ssid: m_fd = 0x5
04-09 15:54:57.678  2712  2721 E LUCI_SERVER: NV_READ response= ssid:
04-09 15:54:57.678  2712  2721 E LUCI_SERVER: Luci Server Thread waiting for packets....
04-09 15:54:58.136  2711  2723 I yani_server: doLotofWork() List of interface '4'
04-09 15:54:58.136  2711  2723 I yani_server: doLotofWork() Interface 'p2p0' ifr[0].ifr_name 'lo' ipaddress '127.0.0.1'
04-09 15:54:58.136  2711  2723 I yani_server: doLotofWork() Interface 'p2p0' ifr[1].ifr_name 'p2p0' ipaddress '192.168.255.249'
04-09 15:54:58.136  2711  2723 I yani_server: doLotofWork() returns 'REFILL WACMODE'
04-09 15:54:58.136  2711  2723 E yani_server: YANI: I am Done Wait For Event 
04-09 15:54:58.136  2711  2723 I yani_kernel: yani_geteventfrom_changeaddr() Message-Id '1' Netlink event '16' Interface Index '6' -> Name 'p2p0' 
04-09 15:54:58.140  2711  2814 I yani_server: onNetworkParametersChanged() WAC Mode '1'  Index '2' Interface 'p2p0' Status '1'
04-09 15:54:58.140  2729  2729 E AirableUIHelper: AirableUIHelper::YaniAlert  4 1 
04-09 15:54:58.141  2728  2741 I MB_HANDLER: YaniAlert() Interface '4' Status '1'
04-09 15:54:58.150  2712  2720 E luciUART: UART:aa
04-09 15:54:58.150  2712  2720 E luciUART: UART:aa
04-09 15:54:58.150  2712  2720 E luciUART: UART:2
04-09 15:54:58.150  2712  2720 E luciUART: UART:0
04-09 15:54:58.150  2712  2720 E luciUART: UART:d0
04-09 15:54:58.151  2712  2720 E luciUART: UART:0
04-09 15:54:58.151  2712  2720 I chatty  : uid=0(root) UARTLUCIControl identical 2 lines
04-09 15:54:58.151  2712  2720 E luciUART: UART:0
04-09 15:54:58.151  2712  2720 E luciUART: UART:9
04-09 15:54:58.151  2712  2720 I luciUART: read() RemoteID = 43690 Command = 208 Type = 2 Status = 0 DataLen = 9
04-09 15:54:58.151  2712  2720 E luciUART: Error: full data not available yet! readBytes 0
04-09 15:54:58.151  2712  2720 I luciUART: Previous Packet read contd., 
04-09 15:54:58.151  2712  2720 E luciUART: UART:52
04-09 15:54:58.151  2712  2720 I luciUART: Previous Packet read contd., 
04-09 15:54:58.151  2712  2720 E luciUART: UART:45
04-09 15:54:58.151  2712  2720 I luciUART: Previous Packet read contd., 
04-09 15:54:58.151  2712  2720 E luciUART: UART:41
04-09 15:54:58.151  2712  2720 I luciUART: Previous Packet read contd., 
04-09 15:54:58.151  2712  2720 E luciUART: UART:44
04-09 15:54:58.151  2712  2720 I luciUART: Previous Packet read contd., 
04-09 15:54:58.151  2712  2720 E luciUART: UART:5f
04-09 15:54:58.151  2712  2720 I luciUART: Previous Packet read contd., 
04-09 15:54:58.151  2712  2720 E luciUART: UART:73
04-09 15:54:58.151  2712  2720 I luciUART: Previous Packet read contd., 
04-09 15:54:58.152  2712  2720 E luciUART: UART:73
04-09 15:54:58.152  2712  2720 I luciUART: Previous Packet read contd., 
04-09 15:54:58.152  2712  2720 E luciUART: UART:69
04-09 15:54:58.152  2712  2720 I luciUART: Previous Packet read contd., 
04-09 15:54:58.152  2712  2720 E luciUART: UART:64
04-09 15:54:58.152  2712  2721 E LUCI_SERVER: Luci Server Thread wait over MID 208....
04-09 15:54:58.152  2712  2721 E LUCI_SERVER: Got NV name : ssid
04-09 15:54:58.152  2958  3154 I LibreCastControlDelegate: OnCastStatus() +++ Lyric Speaker Box 21f384:0xaae87198:NOT_SETUP
04-09 15:54:58.153  2958  3154 I LibreCastControlDelegate: Device Build Number -> '1.52.272222'
04-09 15:54:58.153  2958  3154 I librecast: updateCastBuildVersion() Version 1.52.272222
04-09 15:54:58.153  2712  2712 I lucitransport: readRemoteMessage() MID char = 7 buffer = 1.52.272222
04-09 15:54:58.153  2958  3154 I LibreCastControlDelegate: Active Applications -> 0
04-09 15:54:58.153  2958  3154 I LibreCastControlDelegate: Current Cast State '2' -> 'NOT_SETUP'
04-09 15:54:58.153  2958  3154 I LibreCastControlDelegate: OnCastStatus() ---
04-09 15:54:58.153  2958  3154 I LibreCastControlDelegate: OnCastStatus() +++ Lyric Speaker Box 21f384:0xaae87198:NOT_SETUP
04-09 15:54:58.158  2958  3154 I LibreCastControlDelegate: OnCastStatus() +++ Lyric Speaker Box 21f384:0xaae87198:NOT_SETUP
04-09 15:54:58.158  2958  3154 I LibreCastControlDelegate: Device Build Number -> '1.52.272222'
04-09 15:54:58.158  2958  3154 I librecast: updateCastBuildVersion() Version 1.52.272222
04-09 15:54:58.159  2712  2712 I lucitransport: readRemoteMessage() MID char = 7 buffer = 1.52.272222
04-09 15:54:58.159  2958  3154 I LibreCastControlDelegate: Active Applications -> 0
04-09 15:54:58.159  2958  3154 I LibreCastControlDelegate: Current Cast State '2' -> 'NOT_SETUP'
04-09 15:54:58.159  2958  3154 I LibreCastControlDelegate: OnCastStatus() ---
04-09 15:54:58.159  2958  3154 I LibreCastControlDelegate: OnResponse() ReqeustID 5, error  0
04-09 15:54:58.162  2958  3154 I LibreCastControlDelegate: OnCastStatus() +++ Lyric Speaker Box 21f384:0xaae87198:NOT_SETUP
04-09 15:54:58.162  2958  3154 I LibreCastControlDelegate: Device Build Number -> '1.52.272222'
04-09 15:54:58.162  2958  3154 I librecast: updateCastBuildVersion() Version 1.52.272222
04-09 15:54:58.162  2712  2712 I lucitransport: readRemoteMessage() MID char = 7 buffer = 1.52.272222
04-09 15:54:58.163  2958  3154 I LibreCastControlDelegate: Active Applications -> 0
04-09 15:54:58.163  2958  3154 I LibreCastControlDelegate: Current Cast State '2' -> 'NOT_SETUP'
04-09 15:54:58.163  2958  3154 I LibreCastControlDelegate: OnCastStatus() ---
04-09 15:54:58.164  2958  3154 I LibreCastControlDelegate: OnCastStatus() +++ Lyric Speaker Box 21f384:0xaae87198:NOT_SETUP
04-09 15:54:58.164  2958  3154 I LibreCastControlDelegate: Device Build Number -> '1.52.272222'
04-09 15:54:58.164  2958  3154 I librecast: updateCastBuildVersion() Version 1.52.272222
04-09 15:54:58.164  2712  2712 I lucitransport: readRemoteMessage() MID char = 7 buffer = 1.52.272222
04-09 15:54:58.167  3156  3156 I hostapd : p2p0: IEEE 802.11 channel=6 mode=ht bw=20 htcaps=0x177f vhtcaps=0x0 cf_seg0=0 cf_seg1=0
04-09 15:54:58.181  2957  2967 D wac-main: Netlink event
04-09 15:54:58.181  2957  2967 E wac-main: Netlink event 16 Interface Index 6 
04-09 15:54:58.181  2957  2967 E wac-main: p2p0 event Link Changed : 11043 
04-09 15:54:58.181  2957  2967 E wac-main: p2p0 Changed Up 
04-09 15:54:58.182  2711  2723 I yani_kernel: yani_geteventfrom_changeaddr() Message-Id '1' Netlink event '16' Interface Index '6' -> Name 'p2p0' 
04-09 15:54:58.183  2957  2967 I wifiapi : newconn : 0xf4f00718
04-09 15:54:58.184  2957  2967 I wifiapi : 'STATUS' command returned = 0
04-09 15:54:58.184  2957  2967 E wac-main: current wifi status : 10
04-09 15:54:58.212  3076  3076 I cast_shell: [3079:3118:INFO:gatt_client_manager_impl.cc(202)] Enabling GATT client connectability
04-09 15:54:58.213  3076  3076 I cast_shell: [3079:3118:INFO:ble_setup.cc(915)] Sign related info completed, no future EurekaInfo need sign.
04-09 15:54:58.216  2733  2760 E bt_btif : BTA_GATTS_AddService: rcb_idx = 0
04-09 15:54:58.217  2733  2760 I bluetoothtbd: [0409/032458.216972:INFO:gatt_api.cc(207)] GATTS_AddService
04-09 15:54:58.217  2733  2760 I bluetoothtbd: [0409/032458.217296:INFO:gatt_api.cc(317)] GATTS_AddService: service parsed correctly, now starting
04-09 15:54:58.219  3076  3076 I cast_shell: [3079:3118:INFO:gatt_client_manager_impl.cc(202)] Enabling GATT client connectability
04-09 15:54:58.219  3076  3076 I chatty  : uid=1000(chrome) /bin/logwrapper identical 1 line
04-09 15:54:58.219  3076  3076 I cast_shell: [3079:3118:INFO:gatt_client_manager_impl.cc(202)] Enabling GATT client connectability
04-09 15:54:58.220  3076  3076 I cast_shell: [3079:3118:INFO:ble_setup_manager.cc(744)] Started Bluetooth service
04-09 15:54:59.137  3076  3076 I cast_shell: [3079:3087:ERROR:connectivity_checker_impl.cc(265)] Connectivity check failed: 400
04-09 15:54:59.533  3076  3076 I cast_shell: [3079:3128:INFO:mdns_app_filter.cc(1403)] MdnsAppFilter: Done probing.
04-09 15:55:00.144  3076  3076 I cast_shell: [3079:3087:ERROR:connectivity_checker_impl.cc(265)] Connectivity check failed: 400
04-09 15:55:00.535  3076  3076 I cast_shell: [3079:3079:INFO:grpc_service_discovery_impl.cc(185)] Mdns discovered google RPC for [PII](DA68339AEF10D0E59DDC5FF61B5A2D8A).
04-09 15:55:01.151  3076  3076 I cast_shell: [3079:3087:ERROR:connectivity_checker_impl.cc(265)] Connectivity check failed: 400
04-09 15:55:01.184  2957  2967 E wac-main: Enter poll and wait
04-09 15:55:01.536  3076  3076 I cast_shell: [3079:3128:INFO:mdns_app_filter.cc(1526)] MdnsAppFilter: Done announcing.
04-09 15:55:02.156  3076  3076 I cast_shell: [3079:3087:ERROR:connectivity_checker_impl.cc(265)] Connectivity check failed: 400
04-09 15:55:03.163  3076  3076 I chatty  : uid=1000(chrome) /bin/logwrapper identical 1 line
04-09 15:55:04.169  3076  3076 I cast_shell: [3079:3087:ERROR:connectivity_checker_impl.cc(265)] Connectivity check failed: 400
04-09 15:55:04.672  3076  3076 I cast_shell: [3079:3087:INFO:parent_tracker.cc(291)] [PII](DA68339AEF10D0E59DDC5FF61B5A2D8A) Become root
04-09 15:55:04.672  3076  3076 I cast_shell: [3079:3087:INFO:directory_service_impl.cc(200)] This device became root
04-09 15:55:05.176  3076  3076 I cast_shell: [3079:3087:ERROR:connectivity_checker_impl.cc(265)] Connectivity check failed: 400
04-09 15:55:06.184  3076  3076 I cast_shell: [3079:3087:ERROR:connectivity_checker_impl.cc(265)] Connectivity check failed: 400
04-09 15:55:06.764  3076  3076 I cast_shell: [3079:3118:ERROR:setup_state.cc(424)] Timeout for state=SETUP_STATE_CHECKING_GLOBAL_CONNECTIVITY(50): move to state=SETUP_STATE_CHECKING_GLOBAL_CONNECTIVITY_BAD_ROUTER(52).
04-09 15:55:06.764  3076  3076 I cast_shell: [3079:3118:INFO:setup_state.cc(261)] Setup state changed: SETUP_STATE_CHECKING_GLOBAL_CONNECTIVITY (50) -> SETUP_STATE_CHECKING_GLOBAL_CONNECTIVITY_BAD_ROUTER (52)
04-09 15:55:06.768  2958  3154 I LibreCastControlDelegate: OnCastStatus() +++ Lyric Speaker Box 21f384:0xaae87198:NOT_SETUP
04-09 15:55:06.768  2958  3154 I LibreCastControlDelegate: Device Build Number -> '1.52.272222'
04-09 15:55:06.768  2958  3154 I librecast: updateCastBuildVersion() Version 1.52.272222
04-09 15:55:06.768  2712  2712 I lucitransport: readRemoteMessage() MID char = 7 buffer = 1.52.272222
04-09 15:55:06.768  2958  3154 I LibreCastControlDelegate: Active Applications -> 0
04-09 15:55:06.768  2958  3154 I LibreCastControlDelegate: Current Cast State '2' -> 'NOT_SETUP'
04-09 15:55:06.768  2958  3154 I LibreCastControlDelegate: OnCastStatus() ---
04-09 15:55:07.190  3076  3076 I cast_shell: [3079:3087:ERROR:connectivity_checker_impl.cc(265)] Connectivity check failed: 400
04-09 15:55:32.137  2731  2744 E NetworkMonitor: cannot find default IPv4 route for wlan0
04-09 15:55:32.138  2731  2744 E NetworkMonitor: cannot find default IPv6 route for wlan0
04-09 15:55:35.219  2731  2744 E NetworkMonitor: no response for /bin/ping -n -I wlan0 -c 10 -w 10 8.8.8.8
04-09 15:55:35.231  2731  2744 E NetworkMonitor: no response for /bin/ping6 -n -I wlan0 -c 10 -w 10 2001:4860:4860::8888
04-09 15:55:35.234  2731  2744 E NetworkMonitor: dns resolution failed
04-09 15:55:35.235  2731  2744 I NetworkMonitor: Cast.Wifi.Failure.Type 7
04-09 15:55:54.501  3076  3076 I chatty  : uid=1000(chrome) /bin/logwrapper identical 47 lines
04-09 15:55:55.508  3076  3076 I cast_shell: [3079:3087:ERROR:connectivity_checker_impl.cc(265)] Connectivity check failed: 400
04-09 15:55:55.849  3076  3076 I cast_shell: [3079:3079:INFO:grpc_manager_impl.cc(505)] GRPC[uri=[::]:0]: num_pending_calls=0, num_active_handlers=0, num_free_handlers=0
04-09 15:55:55.850  3076  3076 I cast_shell: [3079:3079:INFO:gcm_manager.cc(269)] Disabling GCM Driver
04-09 15:55:55.850  3076  3076 I cast_shell: [3079:3079:INFO:grpc_manager_impl.cc(505)] GRPC[uri=]: num_pending_calls=0, num_active_handlers=0, num_free_handlers=0
04-09 15:55:55.919  3076  3076 I cast_shell: [3079:3079:INFO:grpc_manager_impl.cc(505)] GRPC[uri=unix:/tmp/hcp_ipc_auth.socket]: num_pending_calls=0, num_active_handlers=10, num_free_handlers=0
04-09 15:55:55.923  3076  3076 I cast_shell: [3079:3079:INFO:grpc_manager_impl.cc(505)] GRPC[uri=unix:/tmp/modular_updater/modular_update_service]: num_pending_calls=0, num_active_handlers=0, num_free_handlers=0
04-09 15:55:55.945  3076  3076 I cast_shell: [3079:3079:INFO:metrics_recorder.cc(112)] Metrics stat: total=13
04-09 15:55:55.945  3076  3076 I cast_shell: Cast.Discovery.Mdns.ResponderStarted=2
04-09 15:55:55.945  3076  3076 I cast_shell: Cast.Discovery.Mdns.ResponderStopped=1
04-09 15:55:55.945  3076  3076 I cast_shell: Cast.Discovery.Mdns.SocketCreated=4
04-09 15:55:55.945  3076  3076 I cast_shell: Cast.Discovery.Mdns.SocketDestroyed=2
04-09 15:55:55.945  3076  3076 I cast_shell: Cast.System.Timezone.ChangeSuccessful=1
04-09 15:55:55.945  3076  3076 I cast_shell: CastV2.Connection.Connect.In=1
04-09 15:55:55.945  3076  3076 I cast_shell: CastV2.Receiver.DeviceStatus.Out=5
04-09 15:55:55.945  3076  3076 I cast_shell: CastV2.Receiver.DeviceStatus.Out.Broadcast=2
04-09 15:55:55.945  3076  3076 I cast_shell: CastV2.Receiver.GetStatus.In=1
04-09 15:55:55.945  3076  3076 I cast_shell: CastV2.Resource.Provider.In=1
04-09 15:55:56.094  3076  3076 I cast_shell: [3079:3079:INFO:metrics_recorder_impl.cc(672)] Activated server experiments: []
04-09 15:55:56.096  3076  3076 I cast_shell: [3079:3079:INFO:cast_logs_metrics_provider.cc(59)] netif is ipv4
04-09 15:55:56.097  3076  3076 I cast_shell: [3079:3079:ERROR:socket_posix.cc(148)] bind() failed: Address already in use (98)
04-09 15:55:56.097  3076  3076 I cast_shell: [3079:3079:INFO:net_util_impl.cc(1041)] Platform supports dual-stack
04-09 15:55:56.128  3076  3076 I cast_shell: [3079:3079:INFO:grpc_manager_impl.cc(505)] GRPC[uri=[::]:8012]: num_pending_calls=0, num_active_handlers=1, num_free_handlers=0
04-09 15:55:56.514  3076  3076 I cast_shell: [3079:3087:ERROR:connectivity_checker_impl.cc(265)] Connectivity check failed: 400
04-09 15:56:36.246  2731  2744 E NetworkMonitor: cannot find default IPv4 route for wlan0
04-09 15:56:36.246  2731  2744 E NetworkMonitor: cannot find default IPv6 route for wlan0
04-09 15:56:39.346  2731  2744 E NetworkMonitor: no response for /bin/ping -n -I wlan0 -c 10 -w 10 8.8.8.8
04-09 15:56:39.357  2731  2744 E NetworkMonitor: no response for /bin/ping6 -n -I wlan0 -c 10 -w 10 2001:4860:4860::8888
04-09 15:56:39.358  2731  2744 E NetworkMonitor: dns resolution failed
04-09 15:56:50.869  3076  3076 I chatty  : uid=1000(chrome) /bin/logwrapper identical 54 lines
04-09 15:56:51.876  3076  3076 I cast_shell: [3079:3087:ERROR:connectivity_checker_impl.cc(265)] Connectivity check failed: 400
04-09 15:56:52.319  2733  2811 I bt_btm_ble: btm_ble_conn_complete unable to match and resolve random address
04-09 15:56:52.321  2733  2811 W bt_smp  : smp_br_connect_callback is called on unexpected transport 2
04-09 15:56:52.321  2733  2811 W bt_btif : bta_dm_acl_change info: 0x0
04-09 15:56:52.322  2733  2760 I bluetoothtbd: [0409/032652.322428:INFO:gatt_server.cc(280)] Added connection entry for conn_id: 5 device address: 5A:8B:F5:73:05:07
04-09 15:56:52.322  2733  2760 D bt_btif_dm: remote version info [5a:8b:f5:73:05:07]: 0, 0, 0
04-09 15:56:52.322  2733  2760 I bluetoothtbd: [0409/032652.322789:INFO:adapter.cc(719)] ACL state changed: 5A:8B:F5:73:05:07 - connected: true
04-09 15:56:52.324  3076  3076 I cast_shell: [3079:3118:ERROR:bluetooth_v1_via_v2.cc(796)] Connection state changed. :07 true
04-09 15:56:52.852  2733  2760 D bt_btif_scanner: btif_gatts_upstreams_evt: Unhandled event (26)
04-09 15:56:52.883  3076  3076 I cast_shell: [3079:3087:ERROR:connectivity_checker_impl.cc(265)] Connectivity check failed: 400
04-09 15:56:53.444  2733  2811 E bluetoothtbd: [0409/032653.444758:ERROR:gatt_sr.cc(743)] MTU request PDU with MTU size 515
04-09 15:56:53.445  2733  2811 W bt_l2cap: l2cble_set_fixed_channel_tx_data_length, request not supported
04-09 15:56:53.445  2733  2811 W bluetoothtbd: [0409/032653.445687:WARNING:gatt_utils.cc(837)] Call back not found for application conn_id=3
04-09 15:56:53.445  2733  2811 W bluetoothtbd: [0409/032653.445798:WARNING:gatt_utils.cc(837)] Call back not found for application conn_id=4
04-09 15:56:53.445  2733  2811 W bluetoothtbd: [0409/032653.445899:WARNING:gatt_utils.cc(837)] Call back not found for application conn_id=6
04-09 15:56:53.489  3076  3076 I cast_shell: [3079:3118:INFO:ble_setup.cc(322)] Record action: Setup.set_eureka_info.BLE.Locale
04-09 15:56:53.489  3076  3076 I cast_shell: [3079:3118:INFO:locale_manager.cc(576)] New locale: en-US
04-09 15:56:53.496  3076  3076 I cast_shell: [3079:3118:INFO:setup_state.cc(544)] EurekaInfoCalled: wifi_state=3, is_usable_ip_address=1, connected=0, is_initial_setup=1
04-09 15:56:53.496  3076  3076 I cast_shell: [3079:3118:INFO:setup_state.cc(261)] Setup state changed: SETUP_STATE_CHECKING_GLOBAL_CONNECTIVITY_BAD_ROUTER (52) -> SETUP_STATE_DISCONNECTED_EXTERNAL_CLIENT_ACCESSED (11)
04-09 15:56:53.496  3076  3076 I cast_shell: [3079:3103:INFO:media_manager_impl.cc(383)] TurnActive result: 0
04-09 15:56:53.501  2958  3154 I LibreCastControlDelegate: OnCastStatus() +++ Lyric Speaker Box 21f384:0xaae87198:NOT_SETUP
04-09 15:56:53.501  2958  3154 I LibreCastControlDelegate: Device Build Number -> '1.52.272222'
04-09 15:56:53.501  2958  3154 I librecast: updateCastBuildVersion() Version 1.52.272222
04-09 15:56:53.502  2712  2712 I lucitransport: readRemoteMessage() MID char = 7 buffer = 1.52.272222
04-09 15:56:53.502  2958  3154 I LibreCastControlDelegate: Active Applications -> 0
04-09 15:56:53.502  2958  3154 I LibreCastControlDelegate: Current Cast State '2' -> 'NOT_SETUP'
04-09 15:56:53.502  2958  3154 I LibreCastControlDelegate: OnCastStatus() ---
04-09 15:56:53.502  2958  3154 I LibreCastControlDelegate: OnCastStatus() +++ Lyric Speaker Box 21f384:0xaae87198:NOT_SETUP
04-09 15:56:53.502  2958  3154 I LibreCastControlDelegate: Device Build Number -> '1.52.272222'
04-09 15:56:53.502  2958  3154 I librecast: updateCastBuildVersion() Version 1.52.272222
04-09 15:56:53.503  2712  2712 I lucitransport: readRemoteMessage() MID char = 7 buffer = 1.52.272222
04-09 15:56:53.529  3076  3076 I cast_shell: [3079:3118:INFO:metrics_recorder.cc(282)] Record action: Setup.version.BLE
04-09 15:56:53.529  2733  2760 D bt_btif_scanner: btif_gatts_upstreams_evt: Unhandled event (26)
04-09 15:56:53.626  3076  3076 I cast_shell: [3079:3118:INFO:metrics_recorder.cc(282)] Record action: Setup.name_utf8.BLE
04-09 15:56:53.889  3076  3076 I cast_shell: [3079:3087:ERROR:connectivity_checker_impl.cc(265)] Connectivity check failed: 400
04-09 15:56:53.919  3076  3076 I cast_shell: [3079:3118:INFO:metrics_recorder.cc(282)] Record action: Setup.tos_accepted.BLE
04-09 15:56:53.977  2733  2760 D bt_btif_scanner: btif_gatts_upstreams_evt: Unhandled event (26)
04-09 15:56:53.993  3076  3076 I cast_shell: [3079:3118:INFO:metrics_recorder.cc(282)] Record action: Setup.state.BLE
04-09 15:56:54.023  3076  3076 I cast_shell: [3079:3118:INFO:metrics_recorder.cc(282)] Record action: Setup.ip_address.BLE
04-09 15:56:54.084  3076  3076 I cast_shell: [3079:3118:INFO:metrics_recorder.cc(282)] Record action: Setup.eureka_info_immutable_basic.BLE
04-09 15:56:54.129  3076  3076 I cast_shell: [3079:3118:INFO:metrics_recorder.cc(282)] Record action: Setup.eureka_info_mutable_reads.BLE
04-09 15:56:54.158  3076  3076 I cast_shell: [3079:3118:INFO:metrics_recorder.cc(282)] Record action: Setup.eureak_info_keys.BLE
04-09 15:56:54.264  3076  3076 I cast_shell: [3079:3118:INFO:metrics_recorder.cc(282)] Record action: Setup.eureka_info_immutable_basic.BLE
04-09 15:56:54.293  3076  3076 I cast_shell: [3079:3118:INFO:metrics_recorder.cc(282)] Record action: Setup.eureak_info_keys.BLE
04-09 15:56:54.609  3076  3076 I chatty  : uid=1000(chrome) /bin/logwrapper identical 4 lines
04-09 15:56:54.684  3076  3076 I cast_shell: [3079:3118:INFO:metrics_recorder.cc(282)] Record action: Setup.eureak_info_keys.BLE
04-09 15:56:54.759  3076  3076 I cast_shell: [3079:3118:INFO:metrics_recorder.cc(282)] Record action: Setup.i8n_info.BLE
04-09 15:56:54.834  3076  3076 I cast_shell: [3079:3118:INFO:metrics_recorder.cc(282)] Record action: Setup.i8n_info.BLE
04-09 15:56:54.895  3076  3076 I cast_shell: [3079:3087:ERROR:connectivity_checker_impl.cc(265)] Connectivity check failed: 400
04-09 15:56:54.909  3076  3076 I cast_shell: [3079:3118:INFO:metrics_recorder.cc(282)] Record action: Setup.i8n_info.BLE
04-09 15:56:55.163  3076  3076 I chatty  : uid=1000(chrome) /bin/logwrapper identical 3 lines
04-09 15:56:55.238  3076  3076 I cast_shell: [3079:3118:INFO:metrics_recorder.cc(282)] Record action: Setup.i8n_info.BLE
04-09 15:56:55.314  3076  3076 I cast_shell: [3079:3118:INFO:ble_setup.cc(322)] Record action: Setup.set_eureka_info.BLE.CountryCode
04-09 15:56:55.314  3076  3076 I cast_shell: [3079:3118:INFO:locale_manager.cc(639)] New country code: IN
04-09 15:56:55.316  2710  2710 I wpa_supplicant: wlan0: CTRL-EVENT-REGDOM-CHANGE init=USER type=COUNTRY alpha2=IN
04-09 15:56:55.320  2711  2723 I yani_server: NetLink Event '-1' Interface-Index '5' WLAN '-1' Ethernet '-1' Parsed-iFill '-1' -> 'INVALID' ifIndex '1' -> 'lo'
04-09 15:56:55.324  2711  2723 I yani_server: NetLink Event '-1' Interface-Index '5' WLAN '0' Ethernet '-1' Parsed-iFill '-1' -> 'INVALID' ifIndex '1' -> 'lo'
04-09 15:56:55.326  2958  3154 I LibreCastControlDelegate: OnCastStatus() +++ Lyric Speaker Box 21f384:0xaae87198:NOT_SETUP
04-09 15:56:55.326  2958  3154 I LibreCastControlDelegate: Device Build Number -> '1.52.272222'
04-09 15:56:55.326  2958  3154 I librecast: updateCastBuildVersion() Version 1.52.272222
04-09 15:56:55.326  2712  2712 I lucitransport: readRemoteMessage() MID char = 7 buffer = 1.52.272222
04-09 15:56:55.327  2958  3154 I LibreCastControlDelegate: Active Applications -> 0
04-09 15:56:55.327  2958  3154 I LibreCastControlDelegate: Current Cast State '2' -> 'NOT_SETUP'
04-09 15:56:55.327  2958  3154 I LibreCastControlDelegate: OnCastStatus() ---
04-09 15:56:55.850  3076  3076 I cast_shell: [3079:3079:INFO:grpc_manager_impl.cc(505)] GRPC[uri=[::]:0]: num_pending_calls=0, num_active_handlers=0, num_free_handlers=0
04-09 15:56:55.851  3076  3076 I cast_shell: [3079:3079:INFO:grpc_manager_impl.cc(505)] GRPC[uri=]: num_pending_calls=0, num_active_handlers=0, num_free_handlers=0
04-09 15:56:55.901  3076  3076 I cast_shell: [3079:3087:ERROR:connectivity_checker_impl.cc(265)] Connectivity check failed: 400
04-09 15:56:55.920  3076  3076 I cast_shell: [3079:3079:INFO:grpc_manager_impl.cc(505)] GRPC[uri=unix:/tmp/hcp_ipc_auth.socket]: num_pending_calls=0, num_active_handlers=10, num_free_handlers=0
04-09 15:56:55.924  3076  3076 I cast_shell: [3079:3079:INFO:grpc_manager_impl.cc(505)] GRPC[uri=unix:/tmp/modular_updater/modular_update_service]: num_pending_calls=0, num_active_handlers=0, num_free_handlers=0
04-09 15:56:55.945  3076  3076 I cast_shell: [3079:3079:INFO:metrics_recorder.cc(112)] Metrics stat: total=11
04-09 15:56:55.945  3076  3076 I cast_shell: Cast.Discovery.Mdns.ResponderPing=1
04-09 15:56:55.945  3076  3076 I cast_shell: Cast.Discovery.Mdns.SocketPing=2
04-09 15:56:55.945  3076  3076 I cast_shell: Setup.eureak_info_keys.BLE=7
04-09 15:56:55.945  3076  3076 I cast_shell: Setup.eureka_info_immutable_basic.BLE=2
04-09 15:56:55.945  3076  3076 I cast_shell: Setup.eureka_info_mutable_reads.BLE=1
04-09 15:56:55.945  3076  3076 I cast_shell: Setup.i8n_info.BLE=7
04-09 15:56:55.945  3076  3076 I cast_shell: Setup.ip_address.BLE=1
04-09 15:56:55.945  3076  3076 I cast_shell: Setup.name_utf8.BLE=1
04-09 15:56:55.945  3076  3076 I cast_shell: Setup.state.BLE=1
04-09 15:56:55.945  3076  3076 I cast_shell: Setup.tos_accepted.BLE=1
04-09 15:56:56.088  3076  3076 I cast_shell: [3079:3118:INFO:wifi_proximity.cc(177)] Request scan.
04-09 15:56:56.129  3076  3076 I cast_shell: [3079:3079:INFO:grpc_manager_impl.cc(505)] GRPC[uri=[::]:8012]: num_pending_calls=0, num_active_handlers=1, num_free_handlers=0
04-09 15:56:56.393  3076  3076 I cast_shell: [3079:3118:INFO:ble_setup.cc(322)] Record action: Setup.scan_wifi.BLE
04-09 15:56:56.394  3076  3076 I cast_shell: [3079:3118:WARNING:wifi_controller_wpa_supplicant.cc(797)] Wpa responses FAIL-BUSY, assuming it is associating, which will keep scan_results fresh.
04-09 15:56:56.908  3076  3076 I cast_shell: [3079:3087:ERROR:connectivity_checker_impl.cc(265)] Connectivity check failed: 400
04-09 15:56:57.915  3076  3076 I cast_shell: [3079:3087:ERROR:connectivity_checker_impl.cc(265)] Connectivity check failed: 400
04-09 15:56:58.778  2711  2723 I yani_server: NetLink Event '-1' Interface-Index '5' WLAN '0' Ethernet '-1' Parsed-iFill '-1' -> 'INVALID' ifIndex '1' -> 'lo'
04-09 15:56:58.782  2957  2967 D wac-main: Netlink event
04-09 15:56:58.782  2957  2967 E wac-main: Netlink event 16 Interface Index 5 
04-09 15:56:58.782  2957  2967 E wac-main: Enter poll and wait
04-09 15:56:58.782  2957  2967 D wac-main: Netlink event
04-09 15:56:58.782  2957  2967 E wac-main: Netlink event 16 Interface Index 5 
04-09 15:56:58.782  2957  2967 E wac-main: Enter poll and wait
04-09 15:56:58.789  2711  2723 I yani_server: NetLink Event '-1' Interface-Index '5' WLAN '0' Ethernet '-1' Parsed-iFill '-1' -> 'INVALID' ifIndex '1' -> 'lo'
04-09 15:56:58.794  2711  2723 I chatty  : uid=0(root) YaniServer identical 5 lines
04-09 15:56:58.795  2711  2723 I yani_server: NetLink Event '-1' Interface-Index '5' WLAN '0' Ethernet '-1' Parsed-iFill '-1' -> 'INVALID' ifIndex '1' -> 'lo'
04-09 15:56:58.795  2711  2723 I yani_kernel: yani_geteventfrom_changeaddr() Message-Id '1' Netlink event '16' Interface Index '5' -> Name 'wlan0' 
04-09 15:56:58.797  2711  2723 I yani_kernel: yani_geteventfrom_changeaddr() Message-Id '1' Netlink event '16' Interface Index '5' -> Name 'wlan0' 
04-09 15:56:58.798  2958  3154 I LibreCastControlDelegate: OnCastStatus() +++ Lyric Speaker Box 21f384:0xaae87198:NOT_SETUP
04-09 15:56:58.798  2958  3154 I LibreCastControlDelegate: Device Build Number -> '1.52.272222'
04-09 15:56:58.798  2958  3154 I librecast: updateCastBuildVersion() Version 1.52.272222
04-09 15:56:58.798  2712  2712 I lucitransport: readRemoteMessage() MID char = 7 buffer = 1.52.272222
04-09 15:56:58.798  2958  3154 I LibreCastControlDelegate: Active Applications -> 0
04-09 15:56:58.798  2958  3154 I LibreCastControlDelegate: Current Cast State '2' -> 'NOT_SETUP'
04-09 15:56:58.798  2958  3154 I LibreCastControlDelegate: OnCastStatus() ---
04-09 15:56:58.921  3076  3076 I cast_shell: [3079:3087:ERROR:connectivity_checker_impl.cc(265)] Connectivity check failed: 400
04-09 15:56:59.928  3076  3076 I cast_shell: [3079:3087:ERROR:connectivity_checker_impl.cc(265)] Connectivity check failed: 400
04-09 15:57:00.428  3076  3076 I cast_shell: [3079:3118:INFO:ble_setup.cc(322)] Record action: Setup.scan_wifi.BLE
04-09 15:57:00.428  2710  2710 I wpa_supplicant: wlan0: CTRL-EVENT-SCAN-FAILED ret=-11
04-09 15:57:00.430  2711  2723 I yani_server: NetLink Event '-1' Interface-Index '5' WLAN '-1' Ethernet '-1' Parsed-iFill '-1' -> 'INVALID' ifIndex '1' -> 'lo'
04-09 15:57:00.435  2958  3154 I LibreCastControlDelegate: OnCastStatus() +++ Lyric Speaker Box 21f384:0xaae87198:NOT_SETUP
04-09 15:57:00.435  2958  3154 I LibreCastControlDelegate: Device Build Number -> '1.52.272222'
04-09 15:57:00.435  2958  3154 I librecast: updateCastBuildVersion() Version 1.52.272222
04-09 15:57:00.435  2712  2712 I lucitransport: readRemoteMessage() MID char = 7 buffer = 1.52.272222
04-09 15:57:00.435  2958  3154 I LibreCastControlDelegate: Active Applications -> 0
04-09 15:57:00.435  2958  3154 I LibreCastControlDelegate: Current Cast State '2' -> 'NOT_SETUP'
04-09 15:57:00.435  2958  3154 I LibreCastControlDelegate: OnCastStatus() ---
04-09 15:57:00.935  3076  3076 I cast_shell: [3079:3087:ERROR:connectivity_checker_impl.cc(265)] Connectivity check failed: 400
04-09 15:57:02.948  3076  3076 I chatty  : uid=1000(chrome) /bin/logwrapper identical 2 lines
04-09 15:57:03.955  3076  3076 I cast_shell: [3079:3087:ERROR:connectivity_checker_impl.cc(265)] Connectivity check failed: 400
04-09 15:57:04.494  3076  3076 I cast_shell: [3079:3118:INFO:metrics_recorder.cc(282)] Record action: Setup.scan_results.BLE
04-09 15:57:04.569  3076  3076 I cast_shell: [3079:3118:INFO:metrics_recorder.cc(282)] Record action: Setup.scan_results.BLE
04-09 15:57:04.961  3076  3076 I cast_shell: [3079:3087:ERROR:connectivity_checker_impl.cc(265)] Connectivity check failed: 400
04-09 15:57:05.968  3076  3076 I cast_shell: [3079:3087:ERROR:connectivity_checker_impl.cc(265)] Connectivity check failed: 400
04-09 15:57:06.713  3076  3076 I cast_shell: [3079:3118:INFO:ble_setup.cc(322)] Record action: Setup.play_sound.BLE
04-09 15:57:06.714  3076  3076 I cast_shell: [3079:3096:INFO:synchronized_sound_player.cc(362)] Playing sound key 2
04-09 15:57:06.742  3076  3076 I cast_shell: [3079:3096:INFO:audio_decoder_software_wrapper.cc(86)] Using backend decoder for PCM
04-09 15:57:06.743  3076  3076 I cast_shell: [3079:3102:INFO:mixer_input_connection.cc(208)] Create 0xf420f0c8 (no_delay), content type: media, focus type: media, fill size: 512, algorithm fill size: 221, channel count: 1, input sample rate: 44100, start threshold: 3087, max queue size: 8820, socket: 0xf551ae50
04-09 15:57:06.743  3076  3076 I cast_shell: [3079:3100:INFO:stream_mixer.cc(604)] Input source channel count = 1
04-09 15:57:06.743  3076  3076 I cast_shell: [3079:3101:INFO:mixer_output_stream_alsa.cc(428)] ALSA buffer = 4096, period = 512
04-09 15:57:06.743  3076  3076 I cast_shell: [3079:3100:INFO:stream_mixer.cc(607)] Dynamic channel count not enabled; using stereo
04-09 15:57:06.743  3076  3076 I cast_shell: [3079:3100:INFO:stream_mixer.cc(604)] Input source channel count = 1
04-09 15:57:06.743  3076  3076 I cast_shell: [3079:3100:INFO:stream_mixer.cc(607)] Dynamic channel count not enabled; using stereo
04-09 15:57:06.744  3076  3076 I cast_shell: [3079:3100:INFO:stream_mixer.cc(416)] Start with 0 active inputs
04-09 15:57:06.748  3076  3076 I cast_shell: [3079:3101:INFO:mixer_output_stream_alsa.cc(171)] snd_pcm_open: handle=0xf41895b8
04-09 15:57:06.755  3076  3076 I cast_shell: [3079:3101:WARNING:mixer_output_stream_alsa.cc(341)] Requested sample rate (44100 Hz) does not match the actual sample rate (48000 Hz). This may lead to lower audio quality.
04-09 15:57:06.755  3076  3076 I cast_shell: [3079:3101:INFO:mixer_output_stream_alsa.cc(346)] Sample rate changed from 0 to 48000
04-09 15:57:06.756  3076  3076 I cast_shell: [3079:3101:WARNING:mixer_output_stream_alsa.cc(379)] Requested period size (512 frames) does not match the actual period size (1024 frames). This may lead to an increase in CPU usage or an increase in audio latency.
04-09 15:57:06.758  3076  3076 I cast_shell: [3079:3100:INFO:stream_mixer.cc(466)] Output 2 channels at 48000 samples per second
04-09 15:57:06.758  3076  3076 I cast_shell: [3079:3100:INFO:stream_mixer.cc(484)] Using 2 loopback channels
04-09 15:57:06.758  3076  3076 I cast_shell: [3079:3101:INFO:filter_group.cc(340)] : 2ch@48000hz -> [GROUP]mix -> 2ch@48000hz
04-09 15:57:06.758  3076  3076 I cast_shell: [3079:3101:INFO:filter_group.cc(340)] [GROUP]mix: 2ch@48000hz -> [GROUP]linearize -> 2ch@48000hz
04-09 15:57:06.759  3076  3076 I cast_shell: [3079:3100:INFO:stream_mixer.cc(640)] Add input 0xf420f0cc to mix @ 48000 samples per second. Is primary source? = 0
04-09 15:57:06.764  3076  3076 I cast_shell: [3079:3100:INFO:mixer_input.cc(361)] no_delay(0xf420f0cc): set volume limits to [0, 1]
04-09 15:57:06.764  3076  3076 I cast_shell: [3079:3100:INFO:mixer_input.cc(121)] Remixing channels for 0xf420f0cc from 1 to 2
04-09 15:57:06.764  3076  3076 I cast_shell: [3079:3100:INFO:mixer_input.cc(346)] no_delay(0xf420f0cc): type volume = 1, effective multiplier = 1
04-09 15:57:06.764  3076  3076 I cast_shell: [3079:3100:INFO:mixer_input.cc(395)] no_delay(0xf420f0cc): mute volume = 1, effective multiplier = 1
04-09 15:57:06.765  3076  3076 I cast_shell: [3079:3100:INFO:mixer_input_connection.cc(1053)] 0xf420f0c8 ready for playback
04-09 15:57:06.765  3076  3076 I cast_shell: [3079:3096:INFO:media_pipeline_backend_for_mixer.cc(276)] Audio ready to play
04-09 15:57:06.769  3076  3076 I cast_shell: [3079:3100:INFO:mixer_input_connection.cc(705)] Start 0xf420f0c8
04-09 15:57:06.773  3076  3076 I cast_shell: [3079:3118:INFO:ble_setup.cc(322)] Record action: Setup.play_sound.BLE
04-09 15:57:06.774  3076  3076 I cast_shell: [3079:3096:INFO:synchronized_sound_player.cc(362)] Playing sound key 0
04-09 15:57:06.774  3076  3076 I cast_shell: [3079:3102:INFO:mixer_input_connection.cc(386)] Remove 0xf420f0c8
04-09 15:57:06.796  3076  3076 I cast_shell: [3079:3096:INFO:audio_decoder_software_wrapper.cc(86)] Using backend decoder for PCM
04-09 15:57:06.796  3076  3076 I cast_shell: [3079:3102:INFO:mixer_input_connection.cc(208)] Create 0xf42132b8 (no_delay), content type: media, focus type: media, fill size: 512, algorithm fill size: 240, channel count: 2, input sample rate: 48000, start threshold: 3360, max queue size: 9600, socket: 0xf551a9e0
04-09 15:57:06.811  3076  3076 I cast_shell: [3079:3100:INFO:stream_mixer.cc(683)] Remove input 0xf420f0cc
04-09 15:57:06.812  3076  3076 I cast_shell: [3079:3102:INFO:mixer_input_connection.cc(243)] Delete 0xf420f0c8
04-09 15:57:06.812  3076  3076 I cast_shell: [3079:3100:INFO:stream_mixer.cc(683)] Remove input 0xf420f0cc
04-09 15:57:06.812  3076  3076 I cast_shell: [3079:3100:INFO:stream_mixer.cc(683)] Remove input 0xf420f0cc
04-09 15:57:06.812  3076  3076 I cast_shell: [3079:3100:INFO:stream_mixer.cc(604)] Input source channel count = 2
04-09 15:57:06.812  3076  3076 I cast_shell: [3079:3100:INFO:stream_mixer.cc(607)] Dynamic channel count not enabled; using stereo
04-09 15:57:06.812  3076  3076 I cast_shell: [3079:3100:INFO:stream_mixer.cc(640)] Add input 0xf42132bc to mix @ 48000 samples per second. Is primary source? = 0
04-09 15:57:06.812  3076  3076 I cast_shell: [3079:3100:INFO:mixer_input.cc(361)] no_delay(0xf42132bc): set volume limits to [0, 1]
04-09 15:57:06.812  3076  3076 I cast_shell: [3079:3100:INFO:mixer_input.cc(346)] no_delay(0xf42132bc): type volume = 1, effective multiplier = 1
04-09 15:57:06.812  3076  3076 I cast_shell: [3079:3100:INFO:mixer_input.cc(395)] no_delay(0xf42132bc): mute volume = 1, effective multiplier = 1
04-09 15:57:06.813  3076  3076 I cast_shell: [3079:3100:INFO:mixer_input_connection.cc(1053)] 0xf42132b8 ready for playback
04-09 15:57:06.813  3076  3076 I cast_shell: [3079:3096:INFO:media_pipeline_backend_for_mixer.cc(276)] Audio ready to play
04-09 15:57:06.832  3076  3076 I cast_shell: [3079:3100:INFO:mixer_input_connection.cc(705)] Start 0xf42132b8
04-09 15:57:06.974  3076  3076 I cast_shell: [3079:3087:ERROR:connectivity_checker_impl.cc(265)] Connectivity check failed: 400
04-09 15:57:07.980  3076  3076 I cast_shell: [3079:3087:ERROR:connectivity_checker_impl.cc(265)] Connectivity check failed: 400
04-09 15:57:08.433  3076  3076 I cast_shell: [3079:3100:INFO:mixer_input_connection.cc(589)] End of stream for 0xf42132b8
04-09 15:57:08.625  3076  3076 I cast_shell: [3079:3096:INFO:synchronized_sound_player.cc(496)] Finished playing sound
04-09 15:57:08.625  3076  3076 I cast_shell: [3079:3102:INFO:mixer_input_connection.cc(386)] Remove 0xf42132b8
04-09 15:57:08.689  3076  3076 I cast_shell: [3079:3102:INFO:mixer_input_connection.cc(243)] Delete 0xf42132b8
04-09 15:57:08.689  3076  3076 I cast_shell: [3079:3100:INFO:stream_mixer.cc(683)] Remove input 0xf42132bc
04-09 15:57:08.689  3076  3076 I cast_shell: [3079:3100:INFO:stream_mixer.cc(774)] Close timeout
04-09 15:57:08.689  3076  3076 I cast_shell: [3079:3100:INFO:stream_mixer.cc(541)] Stop
04-09 15:57:08.689  3076  3076 I cast_shell: [3079:3087:INFO:loopback_audio_input.cc(194)] [REALIGN] loopback interrupted; reason = 4
04-09 15:57:08.689  3076  3076 I cast_shell: [3079:3079:INFO:cast_receiver_mojo.cc(844)] cast event : Cast.Platform.Audio.OutputInterrupted
04-09 15:57:08.774  3076  3076 I cast_shell: [3079:3101:INFO:mixer_output_stream_alsa.cc(293)] snd_pcm_close: handle=0xf41895b8
04-09 15:57:08.987  3076  3076 I cast_shell: [3079:3087:ERROR:connectivity_checker_impl.cc(265)] Connectivity check failed: 400
04-09 15:57:18.048  3076  3076 I chatty  : uid=1000(chrome) /bin/logwrapper identical 9 lines
04-09 15:57:19.054  3076  3076 I cast_shell: [3079:3087:ERROR:connectivity_checker_impl.cc(265)] Connectivity check failed: 400
04-09 15:57:19.925  3076  3076 I cast_shell: [3079:3118:INFO:ble_setup.cc(322)] Record action: Setup.connect_wifi.BLE
04-09 15:57:19.932  3076  3076 I cast_shell: [3079:3118:INFO:setup_manager_impl.cc(1965)] New value: pref=tos-accepted, value=1
04-09 15:57:19.932  3076  3076 I cast_shell: [3079:3118:INFO:api_connect_wifi.cc(86)] connect_wifi Auth: 7
04-09 15:57:19.932  3076  3076 I cast_shell: [3079:3118:INFO:api_connect_wifi.cc(90)] connect_wifi Cipher: 4
04-09 15:57:19.932  3076  3076 I cast_shell: [3079:3079:INFO:bluetooth_setup.cc(686)] Disabling connectability: no bonded devices.
04-09 15:57:19.932  3076  3076 I cast_shell: [3079:3079:INFO:cast_receiver_impl.cc(1100)] Leaving discovery-only mode
04-09 15:57:19.932  3076  3076 I cast_shell: [3079:3079:INFO:application_config_manager_impl.cc(566)] Enabling virtual device f0adfe62-fc52-c53a-5402-2597301ee543
04-09 15:57:19.933  3076  3076 I cast_shell: [3079:3128:INFO:mdns_cast_service.cc(351)] Device discovery state is idle
04-09 15:57:19.933  3076  3076 I cast_shell: [3079:3128:INFO:mdns_util.cc(102)] Defaulting mDNS capabilities for audio-only build
04-09 15:57:19.946  3076  3076 I cast_shell: [3079:3118:INFO:wifi_controller_wpa_supplicant.cc(1188)] strongest_snr=24 wifi_interface_index=0
04-09 15:57:19.962  2733  2760 I bluetoothtbd: [0409/032719.962388:INFO:adapter.cc(551)] Adapter properties changed
04-09 15:57:19.963  3076  3076 I cast_shell: [3079:3118:INFO:api_connect_wifi.cc(159)] [PII] Configuring wifi: ssid=Linksys16717_2G, auth=7, pairwise=4, id=0"
04-09 15:57:19.963  3076  3076 I cast_shell: [3079:3118:INFO:api_connect_wifi.cc(162)] Configuring wifi: otg =0, tethering_mode =0, wifi_auto_save_enabled=0
04-09 15:57:19.963  3076  3076 I cast_shell: [3079:3118:INFO:local_network_info_impl.cc(276)] CONNECTIVITY_ID changed:
04-09 15:57:19.963  3076  3076 I cast_shell: [3079:3118:INFO:setup_state.cc(261)] Setup state changed: SETUP_STATE_DISCONNECTED_EXTERNAL_CLIENT_ACCESSED (11) -> SETUP_STATE_SCANNING (20)
04-09 15:57:19.963  3076  3076 I cast_shell: [3079:3079:INFO:ccs_manager_impl.cc(1799)] Connectivity ID has changed; Will re-register CCS
04-09 15:57:19.963  3076  3076 I cast_shell: [3079:3079:INFO:ccs_manager_impl.cc(851)] Network connectivity down for CcsManager
04-09 15:57:19.963  3076  3076 I cast_shell: [3079:3118:INFO:bluetooth_manager.cc(115)] Record action: Cast.Bluetooth.DiscoveryMode.Disable
04-09 15:57:19.963  2711  2723 I yani_server: NetLink Event '-1' Interface-Index '5' WLAN '0' Ethernet '-1' Parsed-iFill '-1' -> 'INVALID' ifIndex '1' -> 'lo'
04-09 15:57:19.973  3076  3076 I cast_shell: [3079:3118:INFO:setup_state.cc(261)] Setup state changed: SETUP_STATE_SCANNING (20) -> SETUP_STATE_CHECKING_GLOBAL_CONNECTIVITY (50)
04-09 15:57:19.978  2958  3154 I LibreCastControlDelegate: OnCastStatus() +++ Lyric Speaker Box 21f384:0xaae87198:OFFLINE
04-09 15:57:19.978  2958  3154 I LibreCastControlDelegate: Device Build Number -> '1.52.272222'
04-09 15:57:19.978  2958  3154 I librecast: updateCastBuildVersion() Version 1.52.272222
04-09 15:57:19.978  2712  2712 I lucitransport: readRemoteMessage() MID char = 7 buffer = 1.52.272222
04-09 15:57:19.978  2958  3154 I LibreCastControlDelegate: Active Applications -> 0
04-09 15:57:19.978  2958  3154 I LibreCastControlDelegate: Current Cast State '3' -> 'OFFLINE'
