04-09 16:32:26.054  3077  3077 I cast_shell: [3080:3080:INFO:mdns_manager_impl.cc(311)] Successfully registered service: type=_googlerpc
04-09 16:32:26.054  3077  3077 I cast_shell: [3080:3080:INFO:mdns_manager_impl.cc(311)] Successfully registered service: type=_googlecast
04-09 16:32:26.054  3077  3077 I cast_shell: [3080:3080:INFO:virtual_device.cc(254)] Registered mDNS service for virtual device: id=ec7f458d-1bef-9f83-8e9c-2de52299c538
04-09 16:32:26.054  3077  3077 I cast_shell: [3080:3128:INFO:mdns_util.cc(102)] Defaulting mDNS capabilities for audio-only build
04-09 16:32:26.098  3077  3077 I cast_shell: [3080:3080:INFO:secure_storage_impl.cc(107)] Secure storage initialized.
04-09 16:32:26.098  3077  3077 I cast_shell: [3080:3080:INFO:ccs_manager_impl.cc(851)] Network connectivity down for CcsManager
04-09 16:32:26.168  2967  2978 D wac-main: Netlink event
04-09 16:32:26.168  2967  2978 E wac-main: Netlink event 16 Interface Index 6 
04-09 16:32:26.168  2967  2978 E wac-main: p2p0 event Link Changed : 1002 
04-09 16:32:26.168  2967  2978 E wac-main: Enter poll and wait
04-09 16:32:26.168  2710  2722 I yani_kernel: yani_geteventfrom_changeaddr() Message-Id '1' Netlink event '16' Interface Index '6' -> Name 'p2p0' 
04-09 16:32:26.175  3077  3077 I cast_shell: [3080:3080:INFO:device_info_impl.cc(1094)] Primary netif changed: new=usb0, old=
04-09 16:32:26.175  3077  3077 I cast_shell: [3080:3080:INFO:device_info_impl.cc(1103)] Primary IP address changed: netif=usb0, new=192.168.10.1, old=
04-09 16:32:26.176  2730  2742 I HotspotManager: setSSID <SSID omitted> visible
04-09 16:32:26.176  3077  3077 I cast_shell: [system_updater_dummy.cpp(79)] Initialize
04-09 16:32:26.177  2730  2742 E WifiUtil: command: "SCAN" failed: FAIL-BUSY
04-09 16:32:26.177  2730  2742 I HotspotManager: hotspot start
04-09 16:32:26.177  3077  3077 I cast_shell: [system_updater_dummy.cpp(29)] system_updater_socket_create
04-09 16:32:26.179  3077  3077 I cast_shell: [3080:3080:INFO:cast_receiver_impl.cc(1612)] mDNS Discovery stopped.
04-09 16:32:26.179  3077  3077 I cast_shell: [3080:3080:INFO:cast_receiver_impl.cc(1667)] Network is globally disconnected. Refresh CcsManager
04-09 16:32:26.179  3077  3077 I cast_shell: [3080:3080:INFO:iot_auth_manager_wrapper.cc(307)] Network provider informed of disconnected network status.
04-09 16:32:26.179  3077  3077 I cast_shell: [3080:3128:INFO:mdns_app_filter.cc(1702)] MdnsAppFilter is stopping
04-09 16:32:26.179  3077  3077 I cast_shell: [3080:3128:INFO:metrics_recorder.cc(282)] cast event: Cast.Discovery.Mdns.ResponderStopped
04-09 16:32:26.179  3077  3077 I cast_shell: [3080:3128:INFO:mdns_app_filter.cc(1709)] MdnsAppFilter is stopping; closing socket: address=192.168.2.1
04-09 16:32:26.179  3077  3077 I cast_shell: [3080:3128:INFO:metrics_recorder.cc(282)] cast event: Cast.Discovery.Mdns.SocketDestroyed
04-09 16:32:26.179  3077  3077 I cast_shell: [3080:3128:INFO:mdns_app_filter.cc(1709)] MdnsAppFilter is stopping; closing socket: address=192.168.10.1
04-09 16:32:26.179  3077  3077 I cast_shell: [3080:3128:INFO:metrics_recorder.cc(282)] cast event: Cast.Discovery.Mdns.SocketDestroyed
04-09 16:32:26.179  3077  3077 I cast_shell: [3080:3118:INFO:setup_state.cc(261)] Setup state changed: SETUP_STATE_UNKNOWN (0) -> SETUP_STATE_CHECKING_GLOBAL_CONNECTIVITY (50)
04-09 16:32:26.191  2967  2978 D wac-main: Netlink event
04-09 16:32:26.191  2967  2978 E wac-main: Netlink event 16 Interface Index 6 
04-09 16:32:26.191  2967  2978 E wac-main: p2p0 event Link Changed : 1003 
04-09 16:32:26.191  2967  2978 E wac-main: Enter poll and wait
04-09 16:32:26.192  2710  2722 I yani_kernel: yani_geteventfrom_changeaddr() Message-Id '1' Netlink event '16' Interface Index '6' -> Name 'p2p0' 
04-09 16:32:26.231  2974  2999 I otamanager: OTAManager connected to CastUpdater via  /tmp/socket/system_updater
04-09 16:32:26.231  2974  2999 I otamanager: cast_updater_threadEntry socket handle 5
04-09 16:32:26.233  3077  3077 I cast_shell: [3080:3143:WARNING:crl_downloader.cc(136)] CRL failed to restore.
04-09 16:32:26.354  2968  3025 I LibreCastControl: LibreCastControl_init() Socket Initialized
04-09 16:32:26.364  2968  3025 E LibreCastControl: PULSAR:CreateCastControlThread:18
04-09 16:32:26.364  2968  3025 E LibreCastControl: Create LibreCastLUCITimerThreadInit 
04-09 16:32:26.364  2968  3155 E LibreCastControl: PULSAR:Run:23
04-09 16:32:26.366  2968  3156 E LibreCastControl: Timer Sem Wait Start iCastPlayerstate = 0 
04-09 16:32:26.379  2690  2690 I sh      : [0409/040226.378048:INFO:cast_control_impl.cc(744)] CastControl has started running.
04-09 16:32:26.379  2690  2690 I sh      : [0409/040226.378949:INFO:cast_control_impl.cc(745)] Attempting to connect CastMessageService. socket=/tmp/cast-control
04-09 16:32:26.381  2968  3155 I LibreCastControlDelegate: OnCastStatus() +++ :0xabe25198:STARTING
04-09 16:32:26.382  2690  2690 I sh      : [0409/040226.381850:INFO:cast_control_socket.cc(64)] Successfully connected Cast Control Socket
04-09 16:32:26.382  2968  3155 E LibreCastControlDelegate: OnCastStatus:177
04-09 16:32:26.383  2968  3155 I LibreCastControl: LibreCastControl_SetCastName()  name 'Lyric Speaker Box 21f384' RequestId '1' pCastControl 0xf4a00728
04-09 16:32:26.383  2968  3155 I LibreCastControlDelegate: Active Applications -> 0
04-09 16:32:26.383  2968  3155 I LibreCastControlDelegate: Current Cast State '1' -> 'STARTING'
04-09 16:32:26.383  2968  3155 I LibreCastControlDelegate: OnCastStatus() ---
04-09 16:32:26.384  2690  2690 I sh      : [0409/040226.383909:INFO:cast_message_service_impl.cc(185)] Sending connect message!
04-09 16:32:26.388  3077  3077 I cast_shell: [3080:3129:INFO:metrics_recorder.cc(282)] Cast v2 action(socket_id=domain-socket@/tmp/cast-control.1): CastV2.Connection.Connect.In
04-09 16:32:26.388  3077  3077 I cast_shell: [3080:3080:INFO:resource_namespace_handler.cc(307)] Setting resource provider: sender_id=domain-socket@/tmp/cast-control.1:system-0
04-09 16:32:26.389  2690  2690 I sh      : [0409/040226.388975:INFO:cast_message_service_impl.cc(1007)] CastMessageServiceImpl matched versions
04-09 16:32:26.425  3077  3077 I cast_shell: [3080:3080:INFO:crypto_manager.cc(278)] Public key: MIIBCgKCAQEAznORn4wylQz3coxDmf6RP08huEWDqTh4EJKn4xpcBU4BtklDg8pmOda74itWlVnXUy8StG2Q7cOwagd2hPWPBVXK6ZjQhrxnui3Zr38I22p1cmmN3d7qRKPtYSLHob+5v/iRntiWkymQgJpXOAeJRl5QNmhKR14E4FwgAZ+48gEBJFeoUREcV3UTq9dUdgPvt61tSqkjMljlMRVwnvUMBYPZaltx9dXyY2WfNZT/P9p1xbTcAEAJktt7UAw86nM9rIxnydoN12pzlg/Ns1IWBctUSYwXl4ZgYSRUrIBLgDmCZDzrsWqFtJyXhz9q9JpL5YX2pzlt6z1Y/jXw89BnJwIDAQAB
04-09 16:32:26.425  3077  3077 I cast_shell: [3080:3080:INFO:crypto_manager.cc(289)] Public modulus: znORn4wylQz3coxDmf6RP08huEWDqTh4EJKn4xpcBU4BtklDg8pmOda74itWlVnXUy8StG2Q7cOwagd2hPWPBVXK6ZjQhrxnui3Zr38I22p1cmmN3d7qRKPtYSLHob-5v_iRntiWkymQgJpXOAeJRl5QNmhKR14E4FwgAZ-48gEBJFeoUREcV3UTq9dUdgPvt61tSqkjMljlMRVwnvUMBYPZaltx9dXyY2WfNZT_P9p1xbTcAEAJktt7UAw86nM9rIxnydoN12pzlg_Ns1IWBctUSYwXl4ZgYSRUrIBLgDmCZDzrsWqFtJyXhz9q9JpL5YX2pzlt6z1Y_jXw89BnJw
04-09 16:32:26.425  3077  3077 I cast_shell: [3080:3080:INFO:crypto_manager.cc(294)] Public exponent: AQAB
04-09 16:32:26.662  2730  2742 I WifiUtil: get p2p0 channel 6 (2437MHz)
04-09 16:32:26.662  2730  2742 I HotspotManager: start hostapd at channel=6 SSID=<SSID omitted> hidden_ssid=0
04-09 16:32:26.672  3077  3077 I cast_shell: [3080:3118:INFO:ble_setup.cc(1106)] Cleared generated LAT.
04-09 16:32:26.672  3077  3077 I cast_shell: [3080:3118:WARNING:setup_manager_impl.cc(1136)] NAT not supported, no captive portal support.
04-09 16:32:26.672  3077  3077 I cast_shell: [3080:3118:INFO:setup_namespace_handler.cc(94)] Added a peer for setup namespace: domain-socket@/tmp/cast-control.1:system-0
04-09 16:32:26.673  3077  3077 I cast_shell: [3080:3131:INFO:multizone_group.cc(357)] Change name for group [PII](BCBAC5B9903CBE40318173B946A6D437) to [PII](Lyric Speaker Box 21f384)
04-09 16:32:26.676  3077  3077 I cast_shell: [3080:3080:INFO:device_info_impl.cc(1133)] SSDP Config ID is increased: id=2
04-09 16:32:26.676  3077  3077 I cast_shell: [3080:3080:INFO:device_info_impl.cc(1133)] SSDP Config ID is increased: id=3
04-09 16:32:26.679  2732  2763 I bluetoothtbd: [0409/040226.679611:INFO:adapter.cc(551)] Adapter properties changed
04-09 16:32:26.679  2732  2763 I bluetoothtbd: [0409/040226.679781:INFO:adapter.cc(573)] Adapter name changed
04-09 16:32:26.680  2710  2722 I yani_kernel: yani_geteventfrom_changeaddr() Message-Id '1' Netlink event '20' Interface Index '6' -> Name 'p2p0' 
04-09 16:32:26.681  2967  2978 D wac-main: Netlink event
04-09 16:32:26.681  2967  2978 E wac-main: Netlink event 20 Interface Index 6 
04-09 16:32:26.681  2967  2978 E wac-main: Enter poll and wait
04-09 16:32:26.681  2967  2978 D wac-main: Netlink event
04-09 16:32:26.681  2967  2978 E wac-main: Netlink event 21 Interface Index 6 
04-09 16:32:26.681  2967  2978 E wac-main: Enter poll and wait
04-09 16:32:26.683  2730  2742 I HotspotManager: start dnsmasq
04-09 16:32:26.706  2711  2711 I lucitransport: readRemoteMessage() MID char = 7 buffer = (null)
04-09 16:32:26.706  2968  3155 E librecast: librecast::updateCastBuildVersion Cast build version number = 1.52.272222
04-09 16:32:26.707  2968  3155 E librecast: castVersion = 1.52.272222
04-09 16:32:26.707  2711  2711 I lucitransport: writeRemoteMessage() MID = 7 buffer = 1.52.272222
04-09 16:32:26.707  2711  2711 I luciUART: write() MID = 7  bytes = 21 data = 1.52.272222 m_fd = 0x6
04-09 16:32:26.714  2968  3155 I LibreCastControlDelegate: Active Applications -> 0
04-09 16:32:26.714  2968  3155 I LibreCastControlDelegate: Current Cast State '2' -> 'NOT_SETUP'
04-09 16:32:26.714  2968  3155 I LibreCastControlDelegate: OnCastStatus() ---
04-09 16:32:26.715  2968  3155 I LibreCastControlDelegate: OnCastStatus() +++ LSB6536:0xabe25198:NOT_SETUP
04-09 16:32:26.715  2968  3155 I LibreCastControlDelegate: Device Build Number -> '1.52.272222'
04-09 16:32:26.715  2968  3155 I librecast: updateCastBuildVersion() Version 1.52.272222
04-09 16:32:26.715  2711  2711 I lucitransport: readRemoteMessage() MID char = 7 buffer = 1.52.272222
04-09 16:32:26.715  2968  3155 I LibreCastControlDelegate: Active Applications -> 0
04-09 16:32:26.715  2968  3155 I LibreCastControlDelegate: Current Cast State '2' -> 'NOT_SETUP'
04-09 16:32:26.715  2968  3155 I LibreCastControlDelegate: OnCastStatus() ---
04-09 16:32:26.716  2968  3155 I LibreCastControlDelegate: OnCastStatus() +++ Lyric Speaker Box 21f384:0xabe25198:NOT_SETUP
04-09 16:32:26.716  2968  3155 I LibreCastControlDelegate: Device Build Number -> '1.52.272222'
04-09 16:32:26.716  2968  3155 I librecast: updateCastBuildVersion() Version 1.52.272222
04-09 16:32:26.716  2711  2711 I lucitransport: readRemoteMessage() MID char = 7 buffer = 1.52.272222
04-09 16:32:26.716  2968  3155 I LibreCastControlDelegate: Active Applications -> 0
04-09 16:32:26.716  2968  3155 I LibreCastControlDelegate: Current Cast State '2' -> 'NOT_SETUP'
04-09 16:32:26.718  2968  3155 I LibreCastControl: LibreCastControl_SetMultizoneAudioOutputDelay() delay '80000' usecs RequestId '3' pCastControl 0xf4a00728
04-09 16:32:26.718  2968  3155 I LibreCastControlDelegate: MultizoneDelay request ID 3 with delay 80000 usecs
04-09 16:32:26.718  2968  3155 I LibreCastControlDelegate: OnCastStatus() ---
04-09 16:32:26.719  2968  3155 I LibreCastControlDelegate: OnCastStatus() +++ Lyric Speaker Box 21f384:0xabe25198:NOT_SETUP
04-09 16:32:26.719  2968  3155 I LibreCastControlDelegate: Device Build Number -> '1.52.272222'
04-09 16:32:26.719  2968  3155 I librecast: updateCastBuildVersion() Version 1.52.272222
04-09 16:32:26.719  2711  2711 I lucitransport: readRemoteMessage() MID char = 7 buffer = 1.52.272222
04-09 16:32:26.719  2968  3155 I LibreCastControlDelegate: Active Applications -> 0
04-09 16:32:26.719  2968  3155 I LibreCastControlDelegate: Current Cast State '2' -> 'NOT_SETUP'
04-09 16:32:26.719  2968  3155 I LibreCastControlDelegate: OnCastStatus() ---
04-09 16:32:26.720  2968  3155 I LibreCastControlDelegate: OnCastStatus() +++ Lyric Speaker Box 21f384:0xabe25198:NOT_SETUP
04-09 16:32:26.720  2968  3155 I LibreCastControlDelegate: Device Build Number -> '1.52.272222'
04-09 16:32:26.720  2968  3155 I librecast: updateCastBuildVersion() Version 1.52.272222
04-09 16:32:26.720  2711  2711 I lucitransport: readRemoteMessage() MID char = 7 buffer = 1.52.272222
04-09 16:32:26.720  2968  3155 I LibreCastControlDelegate: Active Applications -> 0
04-09 16:32:26.720  2968  3155 I LibreCastControlDelegate: Current Cast State '2' -> 'NOT_SETUP'
04-09 16:32:26.720  2968  3155 I LibreCastControlDelegate: OnCastStatus() ---
04-09 16:32:26.727  3077  3077 I cast_shell: [3080:3080:INFO:multizone_setup.cc(328)] Configured audio output delay changed. User delay = 0 s, OEM delay = 0.08 s, HDMI delay = 0 s
04-09 16:32:26.747  2968  3155 I LibreCastControl: LibreCastControl_RequestGVAStatus() RequestId '5' pCastControl 0xf4a00728
04-09 16:32:26.747  2690  2690 I sh      : [0409/040226.747324:INFO:cast_message_service_impl.cc(1076)] CastMessageServiceImpl is ready
04-09 16:32:26.747  2968  3155 I LibreCastControlDelegate: OnResponse() ReqeustID 3, error  0
04-09 16:32:26.748  3077  3077 I cast_shell: [3080:3080:INFO:assistant_namespace_handler.cc(144)] Added a status listening peer for assistant namespace: domain-socket@/tmp/cast-control.1:system-0
04-09 16:32:26.749  2968  3155 I LibreCastControlDelegate: OnResponse() ReqeustID 5, error  0
04-09 16:32:27.500  3077  3077 I cast_shell: [3080:3131:INFO:multizone_manager.cc(1889)] Initial discovery complete
04-09 16:32:27.501  3077  3077 I cast_shell: [3080:3128:INFO:mdns_app_filter.cc(1605)] Re-probing due to newly registered service '3': _googlezone
04-09 16:32:27.501  3077  3077 I cast_shell: [3080:3080:INFO:mdns_manager_impl.cc(311)] Successfully registered service: type=_googlezone
04-09 16:32:27.561  2710  2722 I yani_server: doLotofWork() List of interface '4'
04-09 16:32:27.561  2710  2722 I yani_server: doLotofWork() Interface 'p2p0' ifr[0].ifr_name 'lo' ipaddress '127.0.0.1'
04-09 16:32:27.561  2710  2722 I yani_server: doLotofWork() Interface 'p2p0' ifr[1].ifr_name 'p2p0' ipaddress '192.168.255.249'
04-09 16:32:27.561  2710  2722 I yani_server: doLotofWork() returns 'REFILL WACMODE'
04-09 16:32:27.561  2710  2722 E yani_server: YANI: I am Done Wait For Event 
04-09 16:32:27.561  2710  2722 I yani_kernel: yani_geteventfrom_changeaddr() Message-Id '1' Netlink event '21' Interface Index '6' -> Name 'p2p0' 
04-09 16:32:27.562  3159  3159 I dnsmasq : started, version 2.51 DNS disabled
04-09 16:32:27.562  3159  3159 I dnsmasq : compile time options: no-IPv6 GNU-getopt no-DBus no-I18N DHCP no-scripts no-TFTP
04-09 16:32:27.562  3159  3159 I dnsmasq : DHCP, IP range 192.168.255.250 -- 192.168.255.254, lease time 12h
04-09 16:32:27.562  2710  2814 I yani_server: onNetworkParametersChanged() WAC Mode '1'  Index '2' Interface 'p2p0' Status '1'
04-09 16:32:27.574  2968  3155 I LibreCastControlDelegate: OnCastStatus() +++ Lyric Speaker Box 21f384:0xabe25198:NOT_SETUP
04-09 16:32:27.574  2968  3155 I LibreCastControlDelegate: Device Build Number -> '1.52.272222'
04-09 16:32:27.574  2968  3155 I librecast: updateCastBuildVersion() Version 1.52.272222
04-09 16:32:27.575  2711  2711 I lucitransport: readRemoteMessage() MID char = 7 buffer = 1.52.272222
04-09 16:32:27.575  2968  3155 I LibreCastControlDelegate: Active Applications -> 0
04-09 16:32:27.575  2968  3155 I LibreCastControlDelegate: Current Cast State '2' -> 'NOT_SETUP'
04-09 16:32:27.575  2968  3155 I LibreCastControlDelegate: OnCastStatus() ---
04-09 16:32:27.575  2711  2719 E luciUART: UART:aa
04-09 16:32:27.575  2711  2719 E luciUART: UART:aa
04-09 16:32:27.575  2711  2719 E luciUART: UART:2
04-09 16:32:27.575  2711  2719 E luciUART: UART:0
04-09 16:32:27.575  2711  2719 E luciUART: UART:d0
04-09 16:32:27.576  2711  2719 E luciUART: UART:0
04-09 16:32:27.576  2711  2719 E luciUART: UART:0
04-09 16:32:27.576  2710  2722 E yani_server: YANI: I am Done Wait For Event 
04-09 16:32:27.576  2710  2814 I yani_server: onNetworkParametersChanged() WAC Mode '0'  Index '2' Interface 'p2p0' Status '0'
04-09 16:32:27.576  2710  2722 I yani_kernel: yani_geteventfrom_changeaddr() Message-Id '1' Netlink event '20' Interface Index '6' -> Name 'p2p0' 
04-09 16:32:27.576  2711  2719 E luciUART: UART:9
04-09 16:32:27.576  2727  2745 I MB_HANDLER: YaniAlert() Interface '3' Status '0'
04-09 16:32:27.576  2711  2719 I luciUART: read() RemoteID = 43690 Command = 208 Type = 2 Status = 0 DataLen = 9
04-09 16:32:27.576  2711  2719 E luciUART: Error: full data not available yet! readBytes 0
04-09 16:32:27.576  2711  2719 I luciUART: Previous Packet read contd., 
04-09 16:32:27.576  2711  2719 E luciUART: UART:52
04-09 16:32:27.576  2711  2719 I luciUART: Previous Packet read contd., 
04-09 16:32:27.576  2711  2719 E luciUART: UART:45
04-09 16:32:27.577  2711  2719 I luciUART: Previous Packet read contd., 
04-09 16:32:27.588  2711  2719 E luciUART: UART:aa
04-09 16:32:27.588  2711  2719 E luciUART: UART:aa
04-09 16:32:27.588  2711  2719 E luciUART: UART:2
04-09 16:32:27.588  2711  2719 E luciUART: UART:0
04-09 16:32:27.588  2711  2719 E luciUART: UART:d0
04-09 16:32:27.588  2711  2719 E luciUART: UART:0
04-09 16:32:27.589  2711  2719 I chatty  : uid=0(root) UARTLUCIControl identical 2 lines
04-09 16:32:27.589  2711  2719 E luciUART: UART:0
04-09 16:32:27.589  2711  2719 E luciUART: UART:9
04-09 16:32:27.589  2711  2719 I luciUART: read() RemoteID = 43690 Command = 208 Type = 2 Status = 0 DataLen = 9
04-09 16:32:27.589  2711  2719 E luciUART: Error: full data not available yet! readBytes 0
04-09 16:32:27.589  2711  2719 I luciUART: Previous Packet read contd., 
04-09 16:32:27.589  2711  2719 E luciUART: UART:52
04-09 16:32:27.589  2711  2719 I luciUART: Previous Packet read contd., 
04-09 16:32:27.589  2711  2719 E luciUART: UART:45
04-09 16:32:27.589  2711  2719 I luciUART: Previous Packet read contd., 
04-09 16:32:27.589  2711  2719 E luciUART: UART:41
04-09 16:32:27.589  2711  2719 I luciUART: Previous Packet read contd., 
04-09 16:32:27.589  2711  2719 E luciUART: UART:44
04-09 16:32:27.589  2711  2719 I luciUART: Previous Packet read contd., 
04-09 16:32:27.589  2711  2719 E luciUART: UART:5f
04-09 16:32:27.589  2711  2719 I luciUART: Previous Packet read contd., 
04-09 16:32:27.589  2711  2719 E luciUART: UART:73
04-09 16:32:27.589  2711  2719 I luciUART: Previous Packet read contd., 
04-09 16:32:27.589  2711  2719 E luciUART: UART:73
04-09 16:32:27.589  2711  2719 I luciUART: Previous Packet read contd., 
04-09 16:32:27.589  2711  2719 E luciUART: UART:69
04-09 16:32:27.589  2711  2719 I luciUART: Previous Packet read contd., 
04-09 16:32:27.589  2711  2719 E luciUART: UART:64
04-09 16:32:27.590  2711  2720 E LUCI_SERVER: Luci Server Thread wait over MID 208....
04-09 16:32:27.590  2711  2720 E LUCI_SERVER: Got NV name : ssid
04-09 16:32:27.591  2711  2720 I luciUART: write() MID = 208  bytes = 15 data = ssid: m_fd = 0x6
04-09 16:32:27.591  2711  2720 E LUCI_SERVER: NV_READ response= ssid:
04-09 16:32:27.591  2711  2720 E LUCI_SERVER: Luci Server Thread waiting for packets....
04-09 16:32:27.621  3077  3077 I cast_shell: [3080:3118:INFO:gatt_client_manager_impl.cc(202)] Enabling GATT client connectability
04-09 16:32:27.621  3077  3077 I cast_shell: [3080:3118:INFO:ble_setup.cc(915)] Sign related info completed, no future EurekaInfo need sign.
04-09 16:32:27.621  3077  3077 I cast_shell: [3080:3118:INFO:gatt_client_manager_impl.cc(202)] Enabling GATT client connectability
04-09 16:32:27.621  3077  3077 I chatty  : uid=1000(chrome) /bin/logwrapper identical 1 line
04-09 16:32:27.621  3077  3077 I cast_shell: [3080:3118:INFO:gatt_client_manager_impl.cc(202)] Enabling GATT client connectability
04-09 16:32:27.622  2732  2763 E bt_btif : BTA_GATTS_AddService: rcb_idx = 0
04-09 16:32:27.622  2732  2763 I bluetoothtbd: [0409/040227.622292:INFO:gatt_api.cc(207)] GATTS_AddService
04-09 16:32:27.622  2732  2763 I bluetoothtbd: [0409/040227.622690:INFO:gatt_api.cc(317)] GATTS_AddService: service parsed correctly, now starting
04-09 16:32:27.625  3077  3077 I cast_shell: [3080:3118:INFO:ble_setup_manager.cc(744)] Started Bluetooth service
04-09 16:32:28.052  2710  2722 I yani_server: doLotofWork() List of interface '4'
04-09 16:32:28.052  2710  2722 I yani_server: doLotofWork() Interface 'p2p0' ifr[0].ifr_name 'lo' ipaddress '127.0.0.1'
04-09 16:32:28.052  2710  2722 I yani_server: doLotofWork() Interface 'p2p0' ifr[1].ifr_name 'p2p0' ipaddress '192.168.255.249'
04-09 16:32:28.052  2710  2722 I yani_server: doLotofWork() returns 'REFILL WACMODE'
04-09 16:32:28.052  2710  2722 E yani_server: YANI: I am Done Wait For Event 
04-09 16:32:28.052  2710  2814 I yani_server: onNetworkParametersChanged() WAC Mode '1'  Index '2' Interface 'p2p0' Status '1'
04-09 16:32:28.053  2728  2728 E AirableUIHelper: AirableUIHelper::YaniAlert  4 1 
04-09 16:32:28.053  2727  2745 I MB_HANDLER: YaniAlert() Interface '4' Status '1'
04-09 16:32:28.056  2710  2722 I yani_kernel: yani_geteventfrom_changeaddr() Message-Id '1' Netlink event '16' Interface Index '6' -> Name 'p2p0' 
04-09 16:32:28.063  3157  3157 I hostapd : p2p0: IEEE 802.11 channel=6 mode=ht bw=20 htcaps=0x177f vhtcaps=0x0 cf_seg0=0 cf_seg1=0
04-09 16:32:28.064  2711  2719 E luciUART: UART:aa
04-09 16:32:28.064  2711  2719 E luciUART: UART:aa
04-09 16:32:28.064  2711  2719 E luciUART: UART:2
04-09 16:32:28.064  2711  2719 E luciUART: UART:0
04-09 16:32:28.064  2711  2719 E luciUART: UART:d0
04-09 16:32:28.064  2711  2719 E luciUART: UART:0
04-09 16:32:28.065  2711  2719 I chatty  : uid=0(root) UARTLUCIControl identical 2 lines
04-09 16:32:28.065  2711  2719 E luciUART: UART:0
04-09 16:32:28.129  2967  2978 D wac-main: Netlink event
04-09 16:32:28.129  2967  2978 E wac-main: Netlink event 16 Interface Index 6 
04-09 16:32:28.129  2967  2978 E wac-main: p2p0 event Link Changed : 11043 
04-09 16:32:28.129  2967  2978 E wac-main: p2p0 Changed Up 
04-09 16:32:28.130  2967  2978 I wifiapi : newconn : 0xf4d00718
04-09 16:32:28.131  2967  2978 I wifiapi : 'STATUS' command returned = 0
04-09 16:32:28.131  2967  2978 E wac-main: current wifi status : 10
04-09 16:32:28.131  2710  2722 I yani_kernel: yani_geteventfrom_changeaddr() Message-Id '1' Netlink event '16' Interface Index '6' -> Name 'p2p0' 
04-09 16:32:29.050  3077  3077 I cast_shell: [3080:3088:ERROR:connectivity_checker_impl.cc(265)] Connectivity check failed: 400
04-09 16:32:29.362  3077  3077 I cast_shell: [3080:3128:INFO:mdns_app_filter.cc(1403)] MdnsAppFilter: Done probing.
04-09 16:32:30.056  3077  3077 I cast_shell: [3080:3088:ERROR:connectivity_checker_impl.cc(265)] Connectivity check failed: 400
04-09 16:32:30.367  3077  3077 I cast_shell: [3080:3080:INFO:grpc_service_discovery_impl.cc(185)] Mdns discovered google RPC for [PII](BCBAC5B9903CBE40318173B946A6D437).
04-09 16:32:30.405  3077  3077 I cast_shell: [3080:3088:INFO:parent_tracker.cc(291)] [PII](BCBAC5B9903CBE40318173B946A6D437) Become root
04-09 16:32:30.405  3077  3077 I cast_shell: [3080:3088:INFO:directory_service_impl.cc(200)] This device became root
04-09 16:32:31.063  3077  3077 I cast_shell: [3080:3088:ERROR:connectivity_checker_impl.cc(265)] Connectivity check failed: 400
04-09 16:32:31.131  2967  2978 E wac-main: Enter poll and wait
04-09 16:32:31.369  3077  3077 I cast_shell: [3080:3128:INFO:mdns_app_filter.cc(1526)] MdnsAppFilter: Done announcing.
04-09 16:32:32.070  3077  3077 I cast_shell: [3080:3088:ERROR:connectivity_checker_impl.cc(265)] Connectivity check failed: 400
04-09 16:32:35.089  3077  3077 I chatty  : uid=1000(chrome) /bin/logwrapper identical 3 lines
04-09 16:32:36.097  3077  3077 I cast_shell: [3080:3088:ERROR:connectivity_checker_impl.cc(265)] Connectivity check failed: 400
04-09 16:32:36.184  3077  3077 I cast_shell: [3080:3118:ERROR:setup_state.cc(424)] Timeout for state=SETUP_STATE_CHECKING_GLOBAL_CONNECTIVITY(50): move to state=SETUP_STATE_CHECKING_GLOBAL_CONNECTIVITY_BAD_ROUTER(52).
04-09 16:32:36.184  3077  3077 I cast_shell: [3080:3118:INFO:setup_state.cc(261)] Setup state changed: SETUP_STATE_CHECKING_GLOBAL_CONNECTIVITY (50) -> SETUP_STATE_CHECKING_GLOBAL_CONNECTIVITY_BAD_ROUTER (52)
04-09 16:32:36.188  2968  3155 I LibreCastControlDelegate: OnCastStatus() +++ Lyric Speaker Box 21f384:0xabe25198:NOT_SETUP
04-09 16:32:36.188  2968  3155 I LibreCastControlDelegate: Device Build Number -> '1.52.272222'
04-09 16:32:36.188  2968  3155 I librecast: updateCastBuildVersion() Version 1.52.272222
04-09 16:32:36.189  2711  2711 I lucitransport: readRemoteMessage() MID char = 7 buffer = 1.52.272222
04-09 16:32:36.189  2968  3155 I LibreCastControlDelegate: Active Applications -> 0
04-09 16:32:36.189  2968  3155 I LibreCastControlDelegate: Current Cast State '2' -> 'NOT_SETUP'
04-09 16:32:36.189  2968  3155 I LibreCastControlDelegate: OnCastStatus() ---
04-09 16:32:37.103  3077  3077 I cast_shell: [3080:3088:ERROR:connectivity_checker_impl.cc(265)] Connectivity check failed: 400
04-09 16:33:02.080  2730  2741 E NetworkMonitor: cannot find default IPv4 route for wlan0
04-09 16:33:02.081  2730  2741 E NetworkMonitor: cannot find default IPv6 route for wlan0
04-09 16:33:05.161  2730  2741 E NetworkMonitor: no response for /bin/ping -n -I wlan0 -c 10 -w 10 8.8.8.8
04-09 16:33:05.172  2730  2741 E NetworkMonitor: no response for /bin/ping6 -n -I wlan0 -c 10 -w 10 2001:4860:4860::8888
04-09 16:33:05.175  2730  2741 E NetworkMonitor: dns resolution failed
04-09 16:33:05.176  2730  2741 I NetworkMonitor: Cast.Wifi.Failure.Type 7
04-09 16:33:24.414  3077  3077 I chatty  : uid=1000(chrome) /bin/logwrapper identical 47 lines
04-09 16:33:25.421  3077  3077 I cast_shell: [3080:3088:ERROR:connectivity_checker_impl.cc(265)] Connectivity check failed: 400
04-09 16:33:25.773  3077  3077 I cast_shell: [3080:3080:INFO:grpc_manager_impl.cc(505)] GRPC[uri=[::]:0]: num_pending_calls=0, num_active_handlers=0, num_free_handlers=0
04-09 16:33:25.774  3077  3077 I cast_shell: [3080:3080:INFO:gcm_manager.cc(269)] Disabling GCM Driver
04-09 16:33:25.775  3077  3077 I cast_shell: [3080:3080:INFO:grpc_manager_impl.cc(505)] GRPC[uri=]: num_pending_calls=0, num_active_handlers=0, num_free_handlers=0
04-09 16:33:25.870  3077  3077 I cast_shell: [3080:3080:INFO:grpc_manager_impl.cc(505)] GRPC[uri=unix:/tmp/hcp_ipc_auth.socket]: num_pending_calls=0, num_active_handlers=10, num_free_handlers=0
04-09 16:33:25.874  3077  3077 I cast_shell: [3080:3080:INFO:grpc_manager_impl.cc(505)] GRPC[uri=unix:/tmp/modular_updater/modular_update_service]: num_pending_calls=0, num_active_handlers=0, num_free_handlers=0
04-09 16:33:25.897  3077  3077 I cast_shell: [3080:3080:INFO:metrics_recorder.cc(112)] Metrics stat: total=13
04-09 16:33:25.897  3077  3077 I cast_shell: Cast.Discovery.Mdns.ResponderStarted=2
04-09 16:33:25.897  3077  3077 I cast_shell: Cast.Discovery.Mdns.ResponderStopped=1
04-09 16:33:25.897  3077  3077 I cast_shell: Cast.Discovery.Mdns.SocketCreated=4
04-09 16:33:25.897  3077  3077 I cast_shell: Cast.Discovery.Mdns.SocketDestroyed=2
04-09 16:33:25.897  3077  3077 I cast_shell: Cast.System.Timezone.ChangeSuccessful=1
04-09 16:33:25.897  3077  3077 I cast_shell: CastV2.Connection.Connect.In=1
04-09 16:33:25.897  3077  3077 I cast_shell: CastV2.Receiver.DeviceStatus.Out=5
04-09 16:33:25.897  3077  3077 I cast_shell: CastV2.Receiver.DeviceStatus.Out.Broadcast=2
04-09 16:33:25.897  3077  3077 I cast_shell: CastV2.Receiver.GetStatus.In=1
04-09 16:33:25.897  3077  3077 I cast_shell: CastV2.Resource.Provider.In=1
04-09 16:33:26.009  3077  3077 I cast_shell: [3080:3080:INFO:metrics_recorder_impl.cc(672)] Activated server experiments: []
04-09 16:33:26.011  3077  3077 I cast_shell: [3080:3080:INFO:cast_logs_metrics_provider.cc(59)] netif is ipv4
04-09 16:33:26.011  3077  3077 I cast_shell: [3080:3080:ERROR:socket_posix.cc(148)] bind() failed: Address already in use (98)
04-09 16:33:26.011  3077  3077 I cast_shell: [3080:3080:INFO:net_util_impl.cc(1041)] Platform supports dual-stack
04-09 16:33:26.039  3077  3077 I cast_shell: [3080:3080:INFO:grpc_manager_impl.cc(505)] GRPC[uri=[::]:8012]: num_pending_calls=0, num_active_handlers=1, num_free_handlers=0
04-09 16:33:26.427  3077  3077 I cast_shell: [3080:3088:ERROR:connectivity_checker_impl.cc(265)] Connectivity check failed: 400
04-09 16:34:06.186  2730  2741 E NetworkMonitor: cannot find default IPv4 route for wlan0
04-09 16:34:06.187  2730  2741 E NetworkMonitor: cannot find default IPv6 route for wlan0
04-09 16:34:09.288  2730  2741 E NetworkMonitor: no response for /bin/ping -n -I wlan0 -c 10 -w 10 8.8.8.8
04-09 16:34:09.299  2730  2741 E NetworkMonitor: no response for /bin/ping6 -n -I wlan0 -c 10 -w 10 2001:4860:4860::8888
04-09 16:34:09.300  2730  2741 E NetworkMonitor: dns resolution failed
04-09 16:34:12.725  3077  3077 I chatty  : uid=1000(chrome) /bin/logwrapper identical 46 lines
04-09 16:34:13.732  3077  3077 I cast_shell: [3080:3088:ERROR:connectivity_checker_impl.cc(265)] Connectivity check failed: 400
04-09 16:34:14.352  2732  2812 I bt_btm_ble: btm_ble_conn_complete unable to match and resolve random address
04-09 16:34:14.355  2732  2812 W bt_smp  : smp_br_connect_callback is called on unexpected transport 2
04-09 16:34:14.355  2732  2812 W bt_btif : bta_dm_acl_change info: 0x0
04-09 16:34:14.355  2732  2763 I bluetoothtbd: [0409/040414.355832:INFO:gatt_server.cc(280)] Added connection entry for conn_id: 5 device address: 76:6F:22:63:4F:0B
04-09 16:34:14.356  2732  2763 D bt_btif_dm: remote version info [76:6f:22:63:4f:0b]: 0, 0, 0
04-09 16:34:14.356  2732  2763 I bluetoothtbd: [0409/040414.356247:INFO:adapter.cc(719)] ACL state changed: 76:6F:22:63:4F:0B - connected: true
04-09 16:34:14.358  3077  3077 I cast_shell: [3080:3118:ERROR:bluetooth_v1_via_v2.cc(796)] Connection state changed. :0b true
04-09 16:34:14.738  3077  3077 I cast_shell: [3080:3088:ERROR:connectivity_checker_impl.cc(265)] Connectivity check failed: 400
04-09 16:34:14.884  2732  2763 D bt_btif_scanner: btif_gatts_upstreams_evt: Unhandled event (26)
04-09 16:34:15.460  2732  2812 E bluetoothtbd: [0409/040415.460280:ERROR:gatt_sr.cc(743)] MTU request PDU with MTU size 515
04-09 16:34:15.461  2732  2812 W bt_l2cap: l2cble_set_fixed_channel_tx_data_length, request not supported
04-09 16:34:15.461  2732  2812 W bluetoothtbd: [0409/040415.461200:WARNING:gatt_utils.cc(837)] Call back not found for application conn_id=3
04-09 16:34:15.461  2732  2812 W bluetoothtbd: [0409/040415.461285:WARNING:gatt_utils.cc(837)] Call back not found for application conn_id=4
04-09 16:34:15.461  2732  2812 W bluetoothtbd: [0409/040415.461365:WARNING:gatt_utils.cc(837)] Call back not found for application conn_id=6
04-09 16:34:15.491  3077  3077 I cast_shell: [3080:3118:INFO:ble_setup.cc(322)] Record action: Setup.set_eureka_info.BLE.Locale
04-09 16:34:15.491  3077  3077 I cast_shell: [3080:3118:INFO:locale_manager.cc(576)] New locale: en-US
04-09 16:34:15.499  3077  3077 I cast_shell: [3080:3118:INFO:setup_state.cc(544)] EurekaInfoCalled: wifi_state=3, is_usable_ip_address=1, connected=0, is_initial_setup=1
04-09 16:34:15.499  3077  3077 I cast_shell: [3080:3118:INFO:setup_state.cc(261)] Setup state changed: SETUP_STATE_CHECKING_GLOBAL_CONNECTIVITY_BAD_ROUTER (52) -> SETUP_STATE_DISCONNECTED_EXTERNAL_CLIENT_ACCESSED (11)
04-09 16:34:15.499  3077  3077 I cast_shell: [3080:3103:INFO:media_manager_impl.cc(383)] TurnActive result: 0
04-09 16:34:15.516  2968  3155 I LibreCastControlDelegate: OnCastStatus() +++ Lyric Speaker Box 21f384:0xabe25198:NOT_SETUP
04-09 16:34:15.516  2968  3155 I LibreCastControlDelegate: Device Build Number -> '1.52.272222'
04-09 16:34:15.516  2968  3155 I librecast: updateCastBuildVersion() Version 1.52.272222
04-09 16:34:15.516  2711  2711 I lucitransport: readRemoteMessage() MID char = 7 buffer = 1.52.272222
04-09 16:34:15.517  2968  3155 I LibreCastControlDelegate: Active Applications -> 0
04-09 16:34:15.517  2968  3155 I LibreCastControlDelegate: Current Cast State '2' -> 'NOT_SETUP'
04-09 16:34:15.517  2968  3155 I LibreCastControlDelegate: OnCastStatus() ---
04-09 16:34:15.517  2968  3155 I LibreCastControlDelegate: OnCastStatus() +++ Lyric Speaker Box 21f384:0xabe25198:NOT_SETUP
04-09 16:34:15.517  2968  3155 I LibreCastControlDelegate: Device Build Number -> '1.52.272222'
04-09 16:34:15.517  2968  3155 I librecast: updateCastBuildVersion() Version 1.52.272222
04-09 16:34:15.517  2711  2711 I lucitransport: readRemoteMessage() MID char = 7 buffer = 1.52.272222
04-09 16:34:15.537  3077  3077 I cast_shell: [3080:3118:INFO:metrics_recorder.cc(282)] Record action: Setup.version.BLE
04-09 16:34:15.552  3077  3077 I cast_shell: [3080:3118:INFO:metrics_recorder.cc(282)] Record action: Setup.name_utf8.BLE
04-09 16:34:15.604  3077  3077 I cast_shell: [3080:3118:INFO:metrics_recorder.cc(282)] Record action: Setup.tos_accepted.BLE
04-09 16:34:15.619  3077  3077 I cast_shell: [3080:3118:INFO:metrics_recorder.cc(282)] Record action: Setup.state.BLE
04-09 16:34:15.642  3077  3077 I cast_shell: [3080:3118:INFO:metrics_recorder.cc(282)] Record action: Setup.ip_address.BLE
04-09 16:34:15.672  3077  3077 I cast_shell: [3080:3118:INFO:metrics_recorder.cc(282)] Record action: Setup.eureka_info_immutable_basic.BLE
04-09 16:34:15.709  3077  3077 I cast_shell: [3080:3118:INFO:metrics_recorder.cc(282)] Record action: Setup.eureka_info_mutable_reads.BLE
04-09 16:34:15.724  3077  3077 I cast_shell: [3080:3118:INFO:metrics_recorder.cc(282)] Record action: Setup.eureak_info_keys.BLE
04-09 16:34:15.745  3077  3077 I cast_shell: [3080:3088:ERROR:connectivity_checker_impl.cc(265)] Connectivity check failed: 400
04-09 16:34:15.792  3077  3077 I cast_shell: [3080:3118:INFO:metrics_recorder.cc(282)] Record action: Setup.eureka_info_immutable_basic.BLE
04-09 16:34:15.814  3077  3077 I cast_shell: [3080:3118:INFO:metrics_recorder.cc(282)] Record action: Setup.eureak_info_keys.BLE
04-09 16:34:15.874  3077  3077 I cast_shell: [3080:3118:INFO:metrics_recorder.cc(282)] Record action: Setup.eureak_info_keys.BLE
04-09 16:34:15.902  2732  2763 D bt_btif_scanner: btif_gatts_upstreams_evt: Unhandled event (26)
04-09 16:34:16.051  3077  3077 I cast_shell: [3080:3118:INFO:metrics_recorder.cc(282)] Record action: Setup.eureak_info_keys.BLE
04-09 16:34:16.246  3077  3077 I cast_shell: [3080:3118:INFO:metrics_recorder.cc(282)] Record action: Setup.eureak_info_keys.BLE
04-09 16:34:16.346  2732  2763 D bt_btif_scanner: btif_gatts_upstreams_evt: Unhandled event (26)
04-09 16:34:16.377  3077  3077 I cast_shell: [3080:3118:INFO:metrics_recorder.cc(282)] Record action: Setup.eureak_info_keys.BLE
04-09 16:34:16.452  3077  3077 I cast_shell: [3080:3118:INFO:metrics_recorder.cc(282)] Record action: Setup.eureak_info_keys.BLE
04-09 16:34:16.527  3077  3077 I cast_shell: [3080:3118:INFO:metrics_recorder.cc(282)] Record action: Setup.i8n_info.BLE
04-09 16:34:16.602  3077  3077 I chatty  : uid=1000(chrome) /bin/logwrapper identical 1 line
04-09 16:34:16.677  3077  3077 I cast_shell: [3080:3118:INFO:metrics_recorder.cc(282)] Record action: Setup.i8n_info.BLE
04-09 16:34:16.752  3077  3077 I cast_shell: [3080:3088:ERROR:connectivity_checker_impl.cc(265)] Connectivity check failed: 400
04-09 16:34:16.753  3077  3077 I cast_shell: [3080:3118:INFO:metrics_recorder.cc(282)] Record action: Setup.i8n_info.BLE
04-09 16:34:16.902  3077  3077 I chatty  : uid=1000(chrome) /bin/logwrapper identical 2 lines
04-09 16:34:16.977  3077  3077 I cast_shell: [3080:3118:INFO:metrics_recorder.cc(282)] Record action: Setup.i8n_info.BLE
04-09 16:34:17.051  3077  3077 I cast_shell: [3080:3118:INFO:ble_setup.cc(322)] Record action: Setup.set_eureka_info.BLE.CountryCode
04-09 16:34:17.051  3077  3077 I cast_shell: [3080:3118:INFO:locale_manager.cc(639)] New country code: IN
04-09 16:34:17.058  2709  2709 I wpa_supplicant: wlan0: CTRL-EVENT-REGDOM-CHANGE init=USER type=COUNTRY alpha2=IN
04-09 16:34:17.059  2710  2722 I yani_server: NetLink Event '-1' Interface-Index '5' WLAN '-1' Ethernet '-1' Parsed-iFill '-1' -> 'INVALID' ifIndex '1' -> 'lo'
04-09 16:34:17.065  2710  2722 I yani_server: NetLink Event '-1' Interface-Index '5' WLAN '0' Ethernet '-1' Parsed-iFill '-1' -> 'INVALID' ifIndex '1' -> 'lo'
04-09 16:34:17.067  2968  3155 I LibreCastControlDelegate: OnCastStatus() +++ Lyric Speaker Box 21f384:0xabe25198:NOT_SETUP
04-09 16:34:17.067  2968  3155 I LibreCastControlDelegate: Device Build Number -> '1.52.272222'
04-09 16:34:17.067  2968  3155 I librecast: updateCastBuildVersion() Version 1.52.272222
04-09 16:34:17.067  2711  2711 I lucitransport: readRemoteMessage() MID char = 7 buffer = 1.52.272222
04-09 16:34:17.067  2968  3155 I LibreCastControlDelegate: Active Applications -> 0
04-09 16:34:17.067  2968  3155 I LibreCastControlDelegate: Current Cast State '2' -> 'NOT_SETUP'
04-09 16:34:17.067  2968  3155 I LibreCastControlDelegate: OnCastStatus() ---
04-09 16:34:17.759  3077  3077 I cast_shell: [3080:3088:ERROR:connectivity_checker_impl.cc(265)] Connectivity check failed: 400
04-09 16:34:18.101  3077  3077 I cast_shell: [3080:3118:INFO:ble_setup.cc(322)] Record action: Setup.scan_wifi.BLE
04-09 16:34:18.101  3077  3077 I cast_shell: [3080:3118:WARNING:wifi_controller_wpa_supplicant.cc(797)] Wpa responses FAIL-BUSY, assuming it is associating, which will keep scan_results fresh.
04-09 16:34:18.765  3077  3077 I cast_shell: [3080:3088:ERROR:connectivity_checker_impl.cc(265)] Connectivity check failed: 400
04-09 16:34:19.772  3077  3077 I cast_shell: [3080:3088:ERROR:connectivity_checker_impl.cc(265)] Connectivity check failed: 400
04-09 16:34:20.468  2710  2722 I yani_server: NetLink Event '-1' Interface-Index '5' WLAN '0' Ethernet '-1' Parsed-iFill '-1' -> 'INVALID' ifIndex '1' -> 'lo'
04-09 16:34:20.472  2710  2722 I chatty  : uid=0(root) YaniServer identical 2 lines
04-09 16:34:20.472  2710  2722 I yani_server: NetLink Event '-1' Interface-Index '5' WLAN '0' Ethernet '-1' Parsed-iFill '-1' -> 'INVALID' ifIndex '1' -> 'lo'
04-09 16:34:20.474  2967  2978 D wac-main: Netlink event
04-09 16:34:20.474  2967  2978 E wac-main: Netlink event 16 Interface Index 5 
04-09 16:34:20.474  2967  2978 E wac-main: Enter poll and wait
04-09 16:34:20.474  2967  2978 D wac-main: Netlink event
04-09 16:34:20.475  2967  2978 E wac-main: Netlink event 16 Interface Index 5 
04-09 16:34:20.475  2967  2978 E wac-main: Enter poll and wait
04-09 16:34:20.475  2710  2722 I yani_kernel: yani_geteventfrom_changeaddr() Message-Id '1' Netlink event '16' Interface Index '5' -> Name 'wlan0' 
04-09 16:34:20.476  2710  2722 I yani_kernel: yani_geteventfrom_changeaddr() Message-Id '1' Netlink event '16' Interface Index '5' -> Name 'wlan0' 
04-09 16:34:20.486  2968  3155 I LibreCastControlDelegate: OnCastStatus() +++ Lyric Speaker Box 21f384:0xabe25198:NOT_SETUP
04-09 16:34:20.486  2968  3155 I LibreCastControlDelegate: Device Build Number -> '1.52.272222'
04-09 16:34:20.486  2968  3155 I librecast: updateCastBuildVersion() Version 1.52.272222
04-09 16:34:20.486  2711  2711 I lucitransport: readRemoteMessage() MID char = 7 buffer = 1.52.272222
04-09 16:34:20.487  2968  3155 I LibreCastControlDelegate: Active Applications -> 0
04-09 16:34:20.487  2968  3155 I LibreCastControlDelegate: Current Cast State '2' -> 'NOT_SETUP'
04-09 16:34:20.487  2968  3155 I LibreCastControlDelegate: OnCastStatus() ---
04-09 16:34:20.779  3077  3077 I cast_shell: [3080:3088:ERROR:connectivity_checker_impl.cc(265)] Connectivity check failed: 400
04-09 16:34:21.785  3077  3077 I cast_shell: [3080:3088:ERROR:connectivity_checker_impl.cc(265)] Connectivity check failed: 400
04-09 16:34:22.136  3077  3077 I cast_shell: [3080:3118:INFO:ble_setup.cc(322)] Record action: Setup.scan_wifi.BLE
04-09 16:34:22.139  2710  2722 I yani_server: NetLink Event '-1' Interface-Index '5' WLAN '-1' Ethernet '-1' Parsed-iFill '-1' -> 'INVALID' ifIndex '1' -> 'lo'
04-09 16:34:22.792  3077  3077 I cast_shell: [3080:3088:ERROR:connectivity_checker_impl.cc(265)] Connectivity check failed: 400
04-09 16:34:23.799  3077  3077 I chatty  : uid=1000(chrome) /bin/logwrapper identical 1 line
04-09 16:34:24.805  3077  3077 I cast_shell: [3080:3088:ERROR:connectivity_checker_impl.cc(265)] Connectivity check failed: 400
04-09 16:34:25.590  2710  2722 I yani_server: NetLink Event '-1' Interface-Index '5' WLAN '0' Ethernet '-1' Parsed-iFill '-1' -> 'INVALID' ifIndex '1' -> 'lo'
04-09 16:34:25.593  2710  2722 I chatty  : uid=0(root) YaniServer identical 3 lines
04-09 16:34:25.594  2710  2722 I yani_server: NetLink Event '-1' Interface-Index '5' WLAN '0' Ethernet '-1' Parsed-iFill '-1' -> 'INVALID' ifIndex '1' -> 'lo'
04-09 16:34:25.594  2967  2978 D wac-main: Netlink event
04-09 16:34:25.594  2967  2978 E wac-main: Netlink event 16 Interface Index 5 
04-09 16:34:25.595  2967  2978 E wac-main: Enter poll and wait
04-09 16:34:25.595  2967  2978 D wac-main: Netlink event
04-09 16:34:25.595  2967  2978 E wac-main: Netlink event 16 Interface Index 5 
04-09 16:34:25.595  2967  2978 E wac-main: Enter poll and wait
04-09 16:34:25.600  2710  2722 I yani_server: NetLink Event '-1' Interface-Index '5' WLAN '0' Ethernet '-1' Parsed-iFill '-1' -> 'INVALID' ifIndex '1' -> 'lo'
04-09 16:34:25.600  2968  3155 I LibreCastControlDelegate: OnCastStatus() +++ Lyric Speaker Box 21f384:0xabe25198:NOT_SETUP
04-09 16:34:25.601  2968  3155 I LibreCastControlDelegate: Device Build Number -> '1.52.272222'
04-09 16:34:25.601  2968  3155 I librecast: updateCastBuildVersion() Version 1.52.272222
04-09 16:34:25.601  2711  2711 I lucitransport: readRemoteMessage() MID char = 7 buffer = 1.52.272222
04-09 16:34:25.601  2968  3155 I LibreCastControlDelegate: Active Applications -> 0
04-09 16:34:25.601  2968  3155 I LibreCastControlDelegate: Current Cast State '2' -> 'NOT_SETUP'
04-09 16:34:25.601  2968  3155 I LibreCastControlDelegate: OnCastStatus() ---
04-09 16:34:25.608  2710  2722 I yani_server: NetLink Event '-1' Interface-Index '5' WLAN '0' Ethernet '-1' Parsed-iFill '-1' -> 'INVALID' ifIndex '1' -> 'lo'
04-09 16:34:25.611  2710  2722 I chatty  : uid=0(root) YaniServer identical 6 lines
04-09 16:34:25.612  2710  2722 I yani_server: NetLink Event '-1' Interface-Index '5' WLAN '0' Ethernet '-1' Parsed-iFill '-1' -> 'INVALID' ifIndex '1' -> 'lo'
04-09 16:34:25.612  2710  2722 I yani_kernel: yani_geteventfrom_changeaddr() Message-Id '1' Netlink event '16' Interface Index '5' -> Name 'wlan0' 
04-09 16:34:25.613  2710  2722 I yani_kernel: yani_geteventfrom_changeaddr() Message-Id '1' Netlink event '16' Interface Index '5' -> Name 'wlan0' 
04-09 16:34:25.774  3077  3077 I cast_shell: [3080:3080:INFO:grpc_manager_impl.cc(505)] GRPC[uri=[::]:0]: num_pending_calls=0, num_active_handlers=0, num_free_handlers=0
04-09 16:34:25.776  3077  3077 I cast_shell: [3080:3080:INFO:grpc_manager_impl.cc(505)] GRPC[uri=]: num_pending_calls=0, num_active_handlers=0, num_free_handlers=0
04-09 16:34:25.811  3077  3077 I cast_shell: [3080:3088:ERROR:connectivity_checker_impl.cc(265)] Connectivity check failed: 400
04-09 16:34:25.871  3077  3077 I cast_shell: [3080:3080:INFO:grpc_manager_impl.cc(505)] GRPC[uri=unix:/tmp/hcp_ipc_auth.socket]: num_pending_calls=0, num_active_handlers=10, num_free_handlers=0
04-09 16:34:25.875  3077  3077 I cast_shell: [3080:3080:INFO:grpc_manager_impl.cc(505)] GRPC[uri=unix:/tmp/modular_updater/modular_update_service]: num_pending_calls=0, num_active_handlers=0, num_free_handlers=0
04-09 16:34:25.897  3077  3077 I cast_shell: [3080:3080:INFO:metrics_recorder.cc(112)] Metrics stat: total=11
04-09 16:34:25.897  3077  3077 I cast_shell: Cast.Discovery.Mdns.ResponderPing=1
04-09 16:34:25.897  3077  3077 I cast_shell: Cast.Discovery.Mdns.SocketPing=2
04-09 16:34:25.897  3077  3077 I cast_shell: Setup.eureak_info_keys.BLE=7
04-09 16:34:25.897  3077  3077 I cast_shell: Setup.eureka_info_immutable_basic.BLE=2
04-09 16:34:25.897  3077  3077 I cast_shell: Setup.eureka_info_mutable_reads.BLE=1
04-09 16:34:25.897  3077  3077 I cast_shell: Setup.i8n_info.BLE=7
04-09 16:34:25.897  3077  3077 I cast_shell: Setup.ip_address.BLE=1
04-09 16:34:25.897  3077  3077 I cast_shell: Setup.name_utf8.BLE=1
04-09 16:34:25.897  3077  3077 I cast_shell: Setup.state.BLE=1
04-09 16:34:25.897  3077  3077 I cast_shell: Setup.tos_accepted.BLE=1
04-09 16:34:26.003  3077  3077 I cast_shell: [3080:3118:INFO:wifi_proximity.cc(177)] Request scan.
04-09 16:34:26.040  3077  3077 I cast_shell: [3080:3080:INFO:grpc_manager_impl.cc(505)] GRPC[uri=[::]:8012]: num_pending_calls=0, num_active_handlers=1, num_free_handlers=0
04-09 16:34:26.201  3077  3077 I cast_shell: [3080:3118:INFO:metrics_recorder.cc(282)] Record action: Setup.scan_results.BLE
04-09 16:34:26.276  3077  3077 I cast_shell: [3080:3118:INFO:metrics_recorder.cc(282)] Record action: Setup.scan_results.BLE
04-09 16:34:26.818  3077  3077 I cast_shell: [3080:3088:ERROR:connectivity_checker_impl.cc(265)] Connectivity check failed: 400
04-09 16:34:27.825  3077  3077 I cast_shell: [3080:3088:ERROR:connectivity_checker_impl.cc(265)] Connectivity check failed: 400
04-09 16:34:28.421  3077  3077 I cast_shell: [3080:3118:INFO:ble_setup.cc(322)] Record action: Setup.play_sound.BLE
04-09 16:34:28.423  3077  3077 I cast_shell: [3080:3097:INFO:synchronized_sound_player.cc(362)] Playing sound key 2
04-09 16:34:28.462  3077  3077 I cast_shell: [3080:3097:INFO:audio_decoder_software_wrapper.cc(86)] Using backend decoder for PCM
04-09 16:34:28.463  3077  3077 I cast_shell: [3080:3102:INFO:mixer_input_connection.cc(208)] Create 0xf3e29648 (no_delay), content type: media, focus type: media, fill size: 512, algorithm fill size: 221, channel count: 1, input sample rate: 44100, start threshold: 3087, max queue size: 8820, socket: 0xf3c21800
04-09 16:34:28.464  3077  3077 I cast_shell: [3080:3101:INFO:mixer_output_stream_alsa.cc(428)] ALSA buffer = 4096, period = 512
04-09 16:34:28.464  3077  3077 I cast_shell: [3080:3100:INFO:stream_mixer.cc(604)] Input source channel count = 1
04-09 16:34:28.464  3077  3077 I cast_shell: [3080:3100:INFO:stream_mixer.cc(607)] Dynamic channel count not enabled; using stereo
04-09 16:34:28.464  3077  3077 I cast_shell: [3080:3100:INFO:stream_mixer.cc(604)] Input source channel count = 1
04-09 16:34:28.464  3077  3077 I cast_shell: [3080:3100:INFO:stream_mixer.cc(607)] Dynamic channel count not enabled; using stereo
04-09 16:34:28.469  3077  3077 I cast_shell: [3080:3118:INFO:ble_setup.cc(322)] Record action: Setup.play_sound.BLE
04-09 16:34:28.470  3077  3077 I cast_shell: [3080:3097:INFO:synchronized_sound_player.cc(362)] Playing sound key 0
04-09 16:34:28.470  3077  3077 I cast_shell: [3080:3102:INFO:mixer_input_connection.cc(386)] Remove 0xf3e29648
04-09 16:34:28.470  3077  3077 I cast_shell: [3080:3100:INFO:stream_mixer.cc(416)] Start with 0 active inputs
04-09 16:34:28.471  3077  3077 I cast_shell: [3080:3101:INFO:mixer_output_stream_alsa.cc(171)] snd_pcm_open: handle=0xf2a36b98
04-09 16:34:28.490  3077  3077 I cast_shell: [3080:3101:WARNING:mixer_output_stream_alsa.cc(341)] Requested sample rate (44100 Hz) does not match the actual sample rate (48000 Hz). This may lead to lower audio quality.
04-09 16:34:28.490  3077  3077 I cast_shell: [3080:3101:INFO:mixer_output_stream_alsa.cc(346)] Sample rate changed from 0 to 48000
04-09 16:34:28.490  3077  3077 I cast_shell: [3080:3101:WARNING:mixer_output_stream_alsa.cc(379)] Requested period size (512 frames) does not match the actual period size (1024 frames). This may lead to an increase in CPU usage or an increase in audio latency.
04-09 16:34:28.490  3077  3077 I cast_shell: [3080:3101:INFO:filter_group.cc(340)] : 2ch@48000hz -> [GROUP]mix -> 2ch@48000hz
04-09 16:34:28.490  3077  3077 I cast_shell: [3080:3101:INFO:filter_group.cc(340)] [GROUP]mix: 2ch@48000hz -> [GROUP]linearize -> 2ch@48000hz
04-09 16:34:28.490  3077  3077 I cast_shell: [3080:3102:INFO:mixer_input_connection.cc(243)] Delete 0xf3e29648
04-09 16:34:28.490  3077  3077 I cast_shell: [3080:3100:INFO:stream_mixer.cc(466)] Output 2 channels at 48000 samples per second
04-09 16:34:28.490  3077  3077 I cast_shell: [3080:3100:INFO:stream_mixer.cc(484)] Using 2 loopback channels
04-09 16:34:28.490  3077  3077 I cast_shell: [3080:3100:INFO:stream_mixer.cc(640)] Add input 0xf3e2964c to mix @ 48000 samples per second. Is primary source? = 0
04-09 16:34:28.490  3077  3077 I cast_shell: [3080:3100:INFO:mixer_input.cc(361)] no_delay(0xf3e2964c): set volume limits to [0, 1]
04-09 16:34:28.490  3077  3077 I cast_shell: [3080:3100:INFO:mixer_input.cc(121)] Remixing channels for 0xf3e2964c from 1 to 2
04-09 16:34:28.490  3077  3077 I cast_shell: [3080:3100:INFO:mixer_input.cc(346)] no_delay(0xf3e2964c): type volume = 1, effective multiplier = 1
04-09 16:34:28.490  3077  3077 I cast_shell: [3080:3100:INFO:mixer_input.cc(395)] no_delay(0xf3e2964c): mute volume = 1, effective multiplier = 1
04-09 16:34:28.490  3077  3077 I cast_shell: [3080:3100:INFO:stream_mixer.cc(683)] Remove input 0xf3e2964c
04-09 16:34:28.490  3077  3077 I chatty  : uid=1000(chrome) /bin/logwrapper identical 2 lines
04-09 16:34:28.490  3077  3077 I cast_shell: [3080:3100:INFO:stream_mixer.cc(683)] Remove input 0xf3e2964c
04-09 16:34:28.492  3077  3077 I cast_shell: [3080:3097:INFO:audio_decoder_software_wrapper.cc(86)] Using backend decoder for PCM
