04-09 16:32:05.387     0     0 I         : [    1.442868@3] Key type dns_resolver registered
04-09 16:32:05.387     0     0 I         : [    1.444157@3] Registered swp emulation handler
04-09 16:32:05.387     0     0 I         : [    1.444197@3] Registered cp15_barrier emulation handler
04-09 16:32:05.387     0     0 I         : [    1.444581@3] Registered setend emulation handler
04-09 16:32:05.387     0     0 I         : [    1.445093@3] disable EAS feature
04-09 16:32:05.387     0     0 I         : [    1.446156@3] registered taskstats version 1
04-09 16:32:05.387     0     0 W         : [    1.455809@3] dwc3 ff500000.dwc3: Configuration mismatch. dr_mode forced to host
04-09 16:32:05.387     0     0 I         : [    1.960499@3] xhci-hcd xhci-hcd.0.auto: xHCI Host Controller
04-09 16:32:05.387     0     0 I         : [    1.960558@3] xhci-hcd xhci-hcd.0.auto: new USB bus registered, assigned bus number 1
04-09 16:32:05.387     0     0 I         : [    1.961772@3] xhci-hcd xhci-hcd.0.auto: hcc params 0x0220f664 hci version 0x100 quirks 0x02010010
04-09 16:32:05.387     0     0 I         : [    1.962251@3] xhci-hcd xhci-hcd.0.auto: irq 27, io mem 0xff500000
04-09 16:32:05.387     0     0 I         : [    1.963702@0] hub 1-0:1.0: USB hub found
04-09 16:32:05.387     0     0 I         : [    1.963773@0] hub 1-0:1.0: 1 port detected
04-09 16:32:05.387     0     0 I         : [    1.964318@0] xhci-hcd xhci-hcd.0.auto: xHCI Host Controller
04-09 16:32:05.387     0     0 I         : [    1.964526@0] xhci-hcd xhci-hcd.0.auto: new USB bus registered, assigned bus number 2
04-09 16:32:05.387     0     0 I         : [    1.965353@0] usb usb2: We don't know the algorithms for LPM for this host, disabling LPM.
04-09 16:32:05.387     0     0 I         : [    1.966903@3] hub 2-0:1.0: USB hub found
04-09 16:32:05.387     0     0 E         : [    1.966968@3] hub 2-0:1.0: config failed, hub doesn't have any ports! (err -19)
04-09 16:32:05.387     0     0 E         : [    1.967568@3] usb usb2: Unsupported the hub
04-09 16:32:05.387     0     0 I         : [    1.968337@3] aml_vrtc rtc: setting system clock to 2022-04-09 11:02:02 UTC (1649502122)
04-09 16:32:05.387     0     0 D         : [    1.969134@3] dwc_otg ff400000.dwc2_a: dwc_otg_driver_probe(ffffffc01d640c00)
04-09 16:32:05.387     0     0 W [    1.969181@3] dwc_otg: usb0: type: 2 speed: 0, config: 0, dma: 0, id: 0, phy: ffe09000, ctrl: 0
04-09 16:32:05.387     0     0 D         : [    1.969560@3] dwc_otg ff400000.dwc2_a: base=0xffffff8008a40000
04-09 16:32:05.387     0     0 D         : [    1.969566@3] dwc_otg ff400000.dwc2_a: dwc_otg_device=0xffffffc01c10a200
04-09 16:32:05.387     0     0 W [    2.069901@3] dwc_otg: Core Release: 3.10a
04-09 16:32:05.387     0     0 W [    2.069989@3] dwc_otg: Setting default values for core params
04-09 16:32:05.387     0     0 W [    2.070355@3] dwc_otg: curmode: 0, host_only: 0
04-09 16:32:05.387     0     0 D         : [    2.070852@3] dwc_otg ff400000.dwc2_a: DMA config: BURST_DEFAULT
04-09 16:32:05.387     0     0 W [    2.083155@3] dwc_otg: Using Buffer DMA mode
04-09 16:32:05.387     0     0 W [    2.083178@3] dwc_otg: OTG VER PARAM: 1, OTG VER FLAG: 1
04-09 16:32:05.387     0     0 W [    2.083557@3] dwc_otg: Working on port type = SLAVE
04-09 16:32:05.387     0     0 W [    2.084043@3] dwc_otg: Dedicated Tx FIFOs mode
04-09 16:32:05.387     0     0 I [    2.086417@3] input: adc_keypad as /devices/platform/adc_keypad/input/input1
04-09 16:32:05.387     0     0 I         : [    2.088261@2] cpucore_cooling_register, max_cpu_core_num:4
04-09 16:32:05.387     0     0 I [    2.094689@2] gxbb_pm: enter meson_pm_probe!
04-09 16:32:05.387     0     0 I         : [    2.094729@2] no vddio3v3_en pin
04-09 16:32:05.387     0     0 E         : [    2.094890@2] pm-meson aml_pm: Can't get switch_clk81
04-09 16:32:05.387     0     0 I [    2.095425@2] gxbb_pm: meson_pm_probe done
04-09 16:32:05.387     0     0 I         : [    2.096166@2] ALSA device list:
04-09 16:32:05.387     0     0 I [    2.096192@2]   #0: AML-AUGESOUND
04-09 16:32:05.387     0     0 I         : [    2.096665@2] meson_uart ff804000.serial: ttyS3 use xtal(8M) 24000000 change 115200 to 115200
04-09 16:32:05.387     0     0 I         : [    2.102556@2] Freeing unused kernel memory: 6080K
04-09 16:32:05.387     0     0 I [    2.316862@2] ubi0: attaching mtd6
04-09 16:32:05.387     0     0 I [    2.527251@2] ubi0: scanning is finished
04-09 16:32:05.387     0     0 I [    2.531052@1] ubi0: attached mtd6 (name "system", size 100 MiB)
04-09 16:32:05.387     0     0 I [    2.531425@1] ubi0: PEB size: 262144 bytes (256 KiB), LEB size: 253952 bytes
04-09 16:32:05.387     0     0 I [    2.538429@1] ubi0: min./max. I/O unit sizes: 4096/4096, sub-page size 4096
04-09 16:32:05.387     0     0 I [    2.545315@1] ubi0: VID header offset: 4096 (aligned 4096), data offset: 8192
04-09 16:32:05.387     0     0 I [    2.552386@1] ubi0: good PEBs: 400, bad PEBs: 0, corrupted PEBs: 0
04-09 16:32:05.387     0     0 I [    2.558515@1] ubi0: user volume: 1, internal volumes: 1, max. volumes count: 128
04-09 16:32:05.387     0     0 I [    2.565842@1] ubi0: max/mean erase counter: 37/25, WL threshold: 4096, image sequence number: 736763309
04-09 16:32:05.387     0     0 I [    2.575159@1] ubi0: available PEBs: 0, total reserved PEBs: 400, PEBs reserved for bad PEB handling: 40
04-09 16:32:05.387     0     0 I [    2.584540@3] ubi0: background thread "ubi_bgt0d" started, PID 2142
04-09 16:32:05.387     0     0 I         : [    2.590161@2] UBIFS (ubi0:0): background thread "ubifs_bgt0_0" started, PID 2145
04-09 16:32:05.387     0     0 I         : [    2.632498@0] UBIFS (ubi0:0): UBIFS: mounted UBI device 0, volume 0, name "rootfs"
04-09 16:32:05.387     0     0 I         : [    2.634426@0] UBIFS (ubi0:0): LEB size: 253952 bytes (248 KiB), min./max. I/O unit sizes: 4096 bytes/4096 bytes
04-09 16:32:05.388     0     0 I         : [    2.644456@0] UBIFS (ubi0:0): FS size: 87867392 bytes (83 MiB, 346 LEBs), journal size 9404416 bytes (8 MiB, 38 LEBs)
04-09 16:32:05.388     0     0 I         : [    2.654958@0] UBIFS (ubi0:0): reserved for root: 0 bytes (0 KiB)
04-09 16:32:05.388     0     0 I         : [    2.660909@0] UBIFS (ubi0:0): media format: w4/r0 (latest is w4/r0), UUID DC99A6D8-69BA-4DD7-9E44-726260A6E747, small LPT model
04-09 16:32:05.388     0     0 I [    2.903372@3] init: property init
04-09 16:32:05.388     0     0 I [    2.904106@3] init: reading config file
04-09 16:32:05.388     0     0 I [    2.910904@3] init: processing action 0xaae52808 (boot_start)
04-09 16:32:05.388     0     0 I [    2.918614@3] init: command 'boot_start' r=0
04-09 16:32:05.388     0     0 I [    2.919697@3] init: processing action 0xaae4e6b0 (early-init)
04-09 16:32:05.388     0     0 I [    2.924346@3] init: starting 'ueventd'
04-09 16:32:05.388     0     0 I [    2.927688@3] init: command 'start' r=0
04-09 16:32:05.388     0     0 I [    2.930519@3] init: command 'loglevel' r=0
04-09 16:32:05.388     0     0 I [    2.935494@3] init: command 'mount' r=0
04-09 16:32:05.388     0     0 I [    2.937131@1] init: starting ueventd
04-09 16:32:05.388     0     0 I [    2.937895@1] init: /sys/ rule /sys/devices/virtual/input/input* enable
04-09 16:32:05.388     0     0 I [    2.937906@1] init: /sys/ rule /sys/devices/virtual/input/input* poll_delay
04-09 16:32:05.388     0     0 I [    2.937916@1] init: /sys/ rule /sys/devices/virtual/usb_composite/* enable
04-09 16:32:05.388     0     0 I [    2.943397@1] init: adding platform device ffd0f0d0.watchdog
04-09 16:32:05.388     0     0 I [    2.943806@1] init: adding platform device reg-dummy
04-09 16:32:05.388     0     0 I [    2.944457@1] init: adding platform device cpu_iomap
04-09 16:32:05.388     0     0 I [    2.944738@1] init: adding platform device 7400000.ramoops
04-09 16:32:05.388     0     0 I [    2.944997@1] init: adding platform device bt-dev
04-09 16:32:05.388     0     0 I [    2.945580@1] init: adding platform device dummy
04-09 16:32:05.388     0     0 I [    2.993072@3] init: command 'mount' r=0
04-09 16:32:05.388     0     0 I [    3.196316@2] ubi1: attaching mtd7
04-09 16:32:05.388     0     0 I [    3.490404@2] ubi1: scanning is finished
04-09 16:32:05.388     0     0 I [    3.494696@3] ubi1: attached mtd7 (name "chrome", size 140 MiB)
04-09 16:32:05.388     0     0 I [    3.494984@3] ubi1: PEB size: 262144 bytes (256 KiB), LEB size: 253952 bytes
04-09 16:32:05.388     0     0 I [    3.501991@3] ubi1: min./max. I/O unit sizes: 4096/4096, sub-page size 4096
04-09 16:32:05.388     0     0 I [    3.508876@3] ubi1: VID header offset: 4096 (aligned 4096), data offset: 8192
04-09 16:32:05.388     0     0 I [    3.515944@3] ubi1: good PEBs: 560, bad PEBs: 0, corrupted PEBs: 0
04-09 16:32:05.388     0     0 I [    3.522076@3] ubi1: user volume: 1, internal volumes: 1, max. volumes count: 128
04-09 16:32:05.388     0     0 I [    3.529401@3] ubi1: max/mean erase counter: 36/26, WL threshold: 4096, image sequence number: 1458511589
04-09 16:32:05.388     0     0 I [    3.538806@3] ubi1: available PEBs: 0, total reserved PEBs: 560, PEBs reserved for bad PEB handling: 40
04-09 16:32:05.388     0     0 I [    3.548130@1] ubi1: background thread "ubi_bgt1d" started, PID 2554
04-09 16:32:05.388     0     0 I         : [    3.562415@0] UBIFS (ubi1:0): background thread "ubifs_bgt1_0" started, PID 2558
04-09 16:32:05.388     0     0 I         : [    3.588969@2] UBIFS (ubi1:0): recovery needed
04-09 16:32:05.388     0     0 I         : [    3.639836@1] UBIFS (ubi1:0): recovery completed
04-09 16:32:05.388     0     0 I         : [    3.640020@1] UBIFS (ubi1:0): UBIFS: mounted UBI device 1, volume 0, name "chrome"
04-09 16:32:05.388     0     0 I         : [    3.646351@1] UBIFS (ubi1:0): LEB size: 253952 bytes (248 KiB), min./max. I/O unit sizes: 4096 bytes/4096 bytes
04-09 16:32:05.388     0     0 I         : [    3.656346@1] UBIFS (ubi1:0): FS size: 128499712 bytes (122 MiB, 506 LEBs), journal size 9404416 bytes (8 MiB, 38 LEBs)
04-09 16:32:05.388     0     0 I         : [    3.667039@1] UBIFS (ubi1:0): reserved for root: 0 bytes (0 KiB)
04-09 16:32:05.388     0     0 I         : [    3.672992@1] UBIFS (ubi1:0): media format: w4/r0 (latest is w4/r0), UUID 3D7B4A1D-6849-462E-B889-C151DCC94211, small LPT model
04-09 16:32:05.388     0     0 I [    3.716179@1] ubi2: attaching mtd8
04-09 16:32:05.388     0     0 I         : [    3.882593@1]  NAND bbt detect factory Bad block at 17a40000
04-09 16:32:05.388     0     0 I         : [    3.894198@1]  NAND bbt detect factory Bad block at 18000000
04-09 16:32:05.388     0     0 I         : [    3.894256@1]  NAND bbt detect factory Bad block at 18040000
04-09 16:32:05.388     0     0 I [    4.167182@1] ubi2: scanning is finished
04-09 16:32:05.388     0     0 I [    4.172048@1] ubi2: attached mtd8 (name "data", size 213 MiB)
04-09 16:32:05.388     0     0 I [    4.172159@1] ubi2: PEB size: 262144 bytes (256 KiB), LEB size: 253952 bytes
04-09 16:32:05.388     0     0 I [    4.179170@1] ubi2: min./max. I/O unit sizes: 4096/4096, sub-page size 4096
04-09 16:32:05.388     0     0 I [    4.186055@1] ubi2: VID header offset: 4096 (aligned 4096), data offset: 8192
04-09 16:32:05.388     0     0 I [    4.193120@1] ubi2: good PEBs: 849, bad PEBs: 3, corrupted PEBs: 0
04-09 16:32:05.388     0     0 I [    4.199247@1] ubi2: user volume: 2, internal volumes: 1, max. volumes count: 128
04-09 16:32:05.388     0     0 I [    4.206575@1] ubi2: max/mean erase counter: 72/49, WL threshold: 4096, image sequence number: 1018457084
04-09 16:32:05.388     0     0 I [    4.215980@1] ubi2: available PEBs: 0, total reserved PEBs: 849, PEBs reserved for bad PEB handling: 37
04-09 16:32:05.388     0     0 I [    4.225307@0] ubi2: background thread "ubi_bgt2d" started, PID 2566
04-09 16:32:05.388     0     0 I         : [    4.239278@2] UBIFS (ubi2:0): background thread "ubifs_bgt2_0" started, PID 2569
04-09 16:32:05.388     0     0 I         : [    4.265814@3] UBIFS (ubi2:0): recovery needed
04-09 16:32:05.388     0     0 I         : [    4.337730@0] UBIFS (ubi2:0): recovery completed
04-09 16:32:05.388     0     0 I         : [    4.337894@0] UBIFS (ubi2:0): UBIFS: mounted UBI device 2, volume 0, name "factory"
04-09 16:32:05.388     0     0 I         : [    4.344328@0] UBIFS (ubi2:0): LEB size: 253952 bytes (248 KiB), min./max. I/O unit sizes: 4096 bytes/4096 bytes
04-09 16:32:05.388     0     0 I         : [    4.354323@0] UBIFS (ubi2:0): FS size: 10158080 bytes (9 MiB, 40 LEBs), journal size 2285569 bytes (2 MiB, 9 LEBs)
04-09 16:32:05.388     0     0 I         : [    4.364585@0] UBIFS (ubi2:0): reserved for root: 0 bytes (0 KiB)
04-09 16:32:05.388     0     0 I         : [    4.370538@0] UBIFS (ubi2:0): media format: w4/r0 (latest is w4/r0), UUID AD7DC8BC-6ACA-4841-8B12-7A54B54F57E7, small LPT model
04-09 16:32:05.388     0     0 I         : [    4.394168@2] UBIFS (ubi2:1): background thread "ubifs_bgt2_1" started, PID 2572
04-09 16:32:05.388     0     0 I         : [    4.419999@1] UBIFS (ubi2:1): recovery needed
04-09 16:32:05.388     0     0 I         : [    4.506105@1] UBIFS (ubi2:1): recovery completed
04-09 16:32:05.388     0     0 I         : [    4.506298@1] UBIFS (ubi2:1): UBIFS: mounted UBI device 2, volume 1, name "data"
04-09 16:32:05.388     0     0 I         : [    4.512452@1] UBIFS (ubi2:1): LEB size: 253952 bytes (248 KiB), min./max. I/O unit sizes: 4096 bytes/4096 bytes
04-09 16:32:05.388     0     0 I         : [    4.522443@1] UBIFS (ubi2:1): FS size: 189956096 bytes (181 MiB, 748 LEBs), journal size 9404416 bytes (8 MiB, 38 LEBs)
04-09 16:32:05.388     0     0 I         : [    4.533134@1] UBIFS (ubi2:1): reserved for root: 0 bytes (0 KiB)
04-09 16:32:05.388     0     0 I         : [    4.539089@1] UBIFS (ubi2:1): media format: w4/r0 (latest is w4/r0), UUID 34A475AE-5814-4337-8EB7-8868427E3B0E, small LPT model
04-09 16:32:05.388     0     0 I         : [    4.778151@0] aml_wifi wifi: [usb_power_control] Set WiFi power down
04-09 16:32:05.388     0     0 I [    4.778900@0] meson-mmc: [sdio_notify] finish
04-09 16:32:05.388     0     0 I         : [    4.783214@0] aml_wifi wifi: [wifi_power_ioctl] ioctl Set sdio wifi power down!
04-09 16:32:05.388     0     0 I         : [    4.786145@3] UBIFS (ubi0:0): background thread "ubifs_bgt0_0" stops
04-09 16:32:06.453  2585  2585 E         : found the match wifi is: sd8887
04-09 16:32:06.453  2585  2585 E         : wifi_insmod command:insmod /lib/modules/4.9.113/kernel/mrvl/mlan8887.ko 
--------- beginning of system
04-09 16:32:06.503  2604  2604 I wpa_supplicant: Successfully initialized wpa_supplicant
04-09 16:32:06.536  2604  2604 E wpa_supplicant: Could not read interface wlan0 flags: No such device
04-09 16:32:06.539  2604  2604 I wpa_supplicant: nl80211: Driver does not support authentication/association or connect commands
04-09 16:32:06.541  2604  2604 I wpa_supplicant: nl80211: deinit ifname=wlan0 disabled_11b_rates=0
04-09 16:32:06.542  2604  2604 E wpa_supplicant: Could not read interface wlan0 flags: No such device
04-09 16:32:06.544  2604  2604 E wpa_supplicant: wlan0: Failed to initialize driver interface
04-09 16:32:06.623  2585  2585 E         : wifi_insmod command:insmod /lib/modules/4.9.113/kernel/mrvl/sd8xxx.ko cal_data_cfg=mrvl/WlanCalData_ext_LS9x_291119.conf txpwrlimit_cfg=mrvl/txpwrlimit_cfg_8887.bin fw_name=mrvl/sd8887_wlan_a2_p59.bin cfg80211_wext=0xf host_mlme=1 auto_ds=2 fw_serial=1 sta_name="wlan" uap_name="p2p" ps_mode=2 max_uap_bss=2 drvdbg=0x7 reg_alpha2="00"
04-09 16:32:07.746  2585  2585 E         : Load BT driver
04-09 16:32:07.747  2585  2585 E         : found the match wifi is: (null)
04-09 16:32:07.747  2585  2585 E         : wifi_insmod command:insmod /lib/modules/4.9.113/kernel/mrvl/bt8xxx.ko fw_name=mrvl/sd8887_bt_a2_p59.bin bt_fw_serial=0
04-09 16:32:07.877  2688  2688 W sshd    : Failed loading /etc/dropbear/dropbear_rsa_host_key
04-09 16:32:07.878  2688  2688 W sshd    : Failed loading /etc/dropbear/dropbear_dss_host_key
04-09 16:32:07.878  2688  2688 W sshd    : Failed loading /etc/dropbear/dropbear_ecdsa_host_key
04-09 16:32:07.881  2688  2688 I sshd    : Not backgrounding
04-09 16:32:07.905  2696  2696 E writeSerialNo: Writing serial number to unifykey
04-09 16:32:07.935  2690  2690 I sh      : FACTEST:unifykey read success:20 20
04-09 16:32:07.935  2690  2690 I sh      : inbuf=de4f95ffa64d5e74b026  ret=20 serial.txt=de4f95ffa64d5e74b026 bytesread=20 strcmp=0
04-09 16:32:07.949  2695  2695 I ServiceManager: Waiting for service libre.EnvItems...
04-09 16:32:07.977  2697  2697 I ENV     : init 
04-09 16:32:07.978  2697  2697 I ENV     :  First boot 
04-09 16:32:07.978  2697  2697 E ENV     : fileExists:153 /lsync/env/env.db does not exist
04-09 16:32:07.984  2697  2697 D AVS_SDK :  [  1] I sdkVersion: 1.19.1
04-09 16:32:07.984  2697  2697 E ENV     :  FAILED to open:/lsync/env/tmp.db 
04-09 16:32:07.985  2697  2697 I ENV     : removeItem:79:/lsync/env/tmp.db not found
04-09 16:32:07.986  2697  2697 E ENV     : /lsync/env/env.db does not Exist.. tempStorage = 0
04-09 16:32:07.986  2697  2697 I ENV     : createUserDBFromFactoryCfg 
04-09 16:32:07.993  2697  2697 I ENV     : Using /factory/custom/factoryEnv.conf as conf file
04-09 16:32:07.993  2697  2697 I ENV     : removeItem:79:/lsync/env/env.db not found
04-09 16:32:07.993  2697  2697 E ENV     : Error removing /lsync/env/env.db
04-09 16:32:08.056  2697  2697 E ENV     : createUserDBFromFactoryCfg:307: tempStorage is undefined
04-09 16:32:08.056  2697  2697 I ENV     : Using /factory/custom/factoryEnv.conf and /lsync/env/env.db as conf and db file
04-09 16:32:08.056  2697  2697 I ENV     : init 
04-09 16:32:08.056  2697  2697 I ENV     :  First boot 
04-09 16:32:08.056  2697  2697 I ENV     : fileExists:151 /lsync/env/env.db exists
04-09 16:32:08.059  2697  2697 I ENV     : Copied /lsync/env/env.db to /lsync/env/tmp.db
04-09 16:32:08.059  2697  2697 E ENV     : /lsync/env/env.db does not Exist.. tempStorage = acb34db0
04-09 16:32:08.059  2697  2697 I ENV     : createUserDBFromFactoryCfg 
04-09 16:32:08.062  2697  2697 I ENV     : Using /factory/custom/factoryEnv.conf as conf file
04-09 16:32:08.062  2697  2697 I ENV     : removeItem:74:/lsync/env/env.db removed
04-09 16:32:08.062  2697  2697 I ENV     : Removed /lsync/env/env.db
04-09 16:32:08.075  2697  2697 E ENV     : createUserDBFromFactoryCfg:301: Failed at tempStorage->get_changed
04-09 16:32:08.473  2697  2697 I chatty  : uid=0(root) env_service identical 64 lines
04-09 16:32:08.478  2697  2697 E ENV     : createUserDBFromFactoryCfg:301: Failed at tempStorage->get_changed
04-09 16:32:08.480  2697  2697 E AVS_SDK :  [  1] E SQLiteStatement:SQLiteStatement::stepFailed::Executing the select did not generate a row or complete.:result=19
04-09 16:32:08.480  2697  2697 E AVS_SDK :  [  1] E SQLiteStatement:SQLiteStatement::finalizeFailed::Could release the prepared statement.:rcode=19
04-09 16:32:08.480  2697  2697 E ENV     : createUserDBFromFactoryCfg:286: Failed at m_miscStorage->put
04-09 16:32:08.486  2697  2697 E ENV     : createUserDBFromFactoryCfg:301: Failed at tempStorage->get_changed
04-09 16:32:08.674  2697  2697 I chatty  : uid=0(root) env_service identical 29 lines
04-09 16:32:08.680  2697  2697 E ENV     : createUserDBFromFactoryCfg:301: Failed at tempStorage->get_changed
04-09 16:32:08.680  2697  2697 I ENV     : Using /factory/custom/factoryEnv.conf and /lsync/env/env.db as conf and db file
04-09 16:32:08.681  2697  2697 I ENV     : fileExists:151 /lsync/env/env_bk.db exists
04-09 16:32:08.682  2697  2697 I ENV     : fileExists:151 /factory/custom/factoryEnv_bk.conf exists
04-09 16:32:08.682  2697  2697 I ENV     : removeItem:74:/lsync/env/tmp.db removed
04-09 16:32:10.918  2709  2709 I wpa_supplicant: Successfully initialized wpa_supplicant
04-09 16:32:10.931  2709  2709 I wpa_supplicant: rfkill: Cannot open RFKILL control device
04-09 16:32:10.977  2711  2711 E LUCI_FACTORY: LUCIFactory::registerBuiltinFactories
04-09 16:32:10.982  2712  2712 I main_sourceswitch: ServiceManager: 0xac1adf88
04-09 16:32:10.983  2712  2712 E luci_helper: LUCIHelper: Waiting for Module Init
04-09 16:32:10.983  2712  2712 E luci_helper: LUCIHelper: Waiting for Module Init
04-09 16:32:10.983  2710  2710 E luci_helper: LUCIHelper: Waiting for Module Init
04-09 16:32:10.983  2710  2710 E luci_helper: LUCIHelper: Waiting for Module Init
04-09 16:32:10.984  2710  2710 E yani_server: YaniServer FAILED TO GET LuciHelper
04-09 16:32:10.987  2711  2711 E LUCI_SERVER: IP = 0
04-09 16:32:11.034  2710  2710 E luci_helper: LUCIHelper: Waiting for Module Init
04-09 16:32:11.034  2710  2710 E yani_server: YaniServer FAILED TO GET LuciHelper
04-09 16:32:11.037  2690  2690 I sh      : Simple mixer control 'Master',0
04-09 16:32:11.038  2690  2690 I sh      :   Capabilities: volume pswitch pswitch-joined
04-09 16:32:11.038  2690  2690 I sh      :   Playback channels: Front Left - Front Right
04-09 16:32:11.038  2690  2690 I sh      :   Capture channels: Front Left - Front Right
04-09 16:32:11.038  2690  2690 I sh      :   Limits: 0 - 100
04-09 16:32:11.062  2690  2690 I sh      :   Front Left: 30 [30%] [-10.45dB] Playback [on]
04-09 16:32:11.062  2690  2690 I sh      :   Front Right: 30 [30%] [-10.45dB] Playback [on]
04-09 16:32:11.062  2709  2709 I wpa_supplicant: MPM: Debug Dialog Token initialized 349427038 (0x14d3d55e)
04-09 16:32:11.065  2711  2711 E luciUART: bufff write ? = 1 
04-09 16:32:11.066  2709  2709 I wpa_supplicant: wlan0: CTRL-EVENT-REGDOM-CHANGE init=USER type=COUNTRY alpha2=US
04-09 16:32:11.068  2711  2711 E luciUART: tcsetattr succeed
04-09 16:32:11.068  2711  2720 E LUCI_SERVER: Luci Server Thread waiting for packets....
04-09 16:32:11.124  2708  2708 I         : [0409/040211.123606:INFO:cast_auth_check.cc(163)] Cast auth test is successful.
04-09 16:32:11.494  2710  2722 E yani_kernel: Interface status 0
04-09 16:32:11.500  2710  2722 I yani_kernel: set_device_name() Interface 'wlan0' MAC Address 'cc:90:93:21:f3:84' FriendlyName 'Lyric Speaker Box 21f384' status '0'
04-09 16:32:11.501  2710  2722 I yani_server: First boot after Factory reset! Friendly Name modified Lyric Speaker Box  -> Lyric Speaker Box 21f384
04-09 16:32:11.507  2711  2711 I lucitransport: writeRemoteMessage() MID = 90 buffer = Lyric Speaker Box 21f384
04-09 16:32:11.507  2711  2711 I luciUART: write() MID = 90  bytes = 34 data = Lyric Speaker Box 21f384 m_fd = 0x6
04-09 16:32:11.507  2711  2711 I lucitransport: writeLocalMessage() MID = 90 buffer = Lyric Speaker Box 21f384
04-09 16:32:11.507  2711  2720 E LUCI_SERVER: Luci Server Thread wait over MID 90....
04-09 16:32:11.509  2710  2722 E yani_server: Device Supports CastSetup 1
04-09 16:32:11.509  2710  2722 I yani_kernel: yani_init_net() Success Netlink socket fd 6
04-09 16:32:11.512  2710  2722 E WifiHW  : wifi_start_supplicant
04-09 16:32:11.513  2710  2722 E WifiHW  : wifi_start_ctl.start : wpa_supplicant
04-09 16:32:11.537  2711  2720 E LUCI_SERVER: Luci Server Thread waiting for packets....
04-09 16:32:11.714  2710  2722 E WifiHW  : wifi_connect_to_supplicant : wlan0
04-09 16:32:11.714  2710  2722 E WifiHW  : wifi_connect_on_socket_path1 : wlan0
04-09 16:32:11.717  2710  2722 E yani_wifi: enable_disable_net_if() Failed SIOCGIFFLAGS for interface 'wlan1' enable '0'
04-09 16:32:11.722  2710  2722 I yani_wifi: configure_wifi() SSID '' security '' passphrase '********' Country 'US'
04-09 16:32:12.922  2690  2690 I sh      : LSDeviceService: not found
04-09 16:32:13.021  2728  2728 E UIModeManager: UIModeManager Constructor ++
04-09 16:32:13.028  2730  2730 I NetMgr  : Net_Mgr starting
04-09 16:32:13.028  2728  2728 I AirableUIHelper: AirableUIHelper Contructor 
04-09 16:32:13.030  2728  2728 E AirableUIHelper:  Airable ENV_AirableBaseURL_ID Envitem returned failed!!!
04-09 16:32:13.032  2728  2728 E AirableUIHelper:  Airable ENV_AirableSecret_ID Envitem returned failed!!!
04-09 16:32:13.032  2728  2728 E AirableUIHelper: Airable Secret =  
04-09 16:32:13.037  2730  2730 I HotspotManager: Default WiFi Interface : wlan0
04-09 16:32:13.049  2730  2730 I NetworkMonitor: WiFi Interface : wlan0
04-09 16:32:13.049  2730  2730 I NetworkMonitor: Default WiFi Interface : wlan0
04-09 16:32:13.050  2727  2727 E         :  Start MessageBox Handler 
04-09 16:32:13.052  2730  2741 I NetworkMonitor: Start monitor thread
04-09 16:32:13.057  2728  2728 I UIModeManager: RegisterModeControl Mode - PlayMode ModeControl - 0xabef0c30
04-09 16:32:13.059  2728  2728 I ServiceManager: Waiting for service media.player...
04-09 16:32:13.060  2730  2741 E WifiUtil: command: "SCAN" failed: FAIL-BUSY
04-09 16:32:13.065  2734  2734 E dhcpcd  : eth0: interface not found or invalid
04-09 16:32:13.072  2727  2746 E MB_HANDLER: HOST present 1
04-09 16:32:13.075  2727  2746 E MB_HANDLER:  REGISTERED YANI LISTENER IN MessageBoxHandler
04-09 16:32:13.076  2727  2746 E         : External Host present 1
04-09 16:32:13.076  2727  2746 E MB_HANDLER: REGISTERED ExternalSource IN MessageBoxHandler
04-09 16:32:13.076  2734  2734 D dhcpcd  : wlan0: adding address fe80::ce90:93ff:fe21:f384
04-09 16:32:13.080  2727  2746 E MB_HANDLER: Check Device Support ENV_CastSetup true ENV_GoogleCast_ID true 
04-09 16:32:13.080  2711  2711 I lucitransport: readRemoteMessage() MID char = 43689 buffer = 1
04-09 16:32:13.080  2711  2711 I lucitransport: writeRemoteMessage() MID = 43690 buffer = ªªªªª
04-09 16:32:13.080  2711  2711 I luciUART: write() MID = 43690  bytes = 15 data = ªªªªª m_fd = 0x6
04-09 16:32:13.081  2727  2746 E MB_HANDLER: LUCI UART READY MSG!!
04-09 16:32:13.081  2727  2746 E MB_HANDLER: Set Default Network Status on Bootup 0#1,0#2,0#3,0#4,0!
04-09 16:32:13.081  2711  2711 I lucitransport: writeRemoteMessage() MID = 124 buffer = 0#1,0#2,0#3,0#4,0
04-09 16:32:13.081  2711  2711 I luciUART: write() MID = 124  bytes = 27 data = 0#1,0#2,0#3,0#4,0 m_fd = 0x6
04-09 16:32:13.084  2727  2746 E MB_HANDLER: boot_after_factory : 1
04-09 16:32:13.087  2727  2746 I MB_HANDLER: Env Details: LS-Host '1' Cast-Setup 'true'
04-09 16:32:13.087  2727  2746 E MB_HANDLER: Message Handler Thread waiting for messages....
04-09 16:32:13.090  2711  2719 E luciUART: UART:aa
04-09 16:32:13.090  2711  2719 E luciUART: UART:aa
04-09 16:32:13.090  2711  2719 E luciUART: UART:2
04-09 16:32:13.091  2711  2719 E luciUART: UART:0
04-09 16:32:13.091  2711  2719 E luciUART: UART:9
04-09 16:32:13.091  2711  2719 E luciUART: UART:0
04-09 16:32:13.092  2711  2719 I chatty  : uid=0(root) UARTLUCIControl identical 2 lines
04-09 16:32:13.092  2711  2719 E luciUART: UART:0
04-09 16:32:13.092  2711  2719 E luciUART: UART:1
04-09 16:32:13.092  2711  2719 I luciUART: read() RemoteID = 43690 Command = 9 Type = 2 Status = 0 DataLen = 1
04-09 16:32:13.097  2711  2720 E LUCI_SERVER: Luci Server Thread waiting for packets....
04-09 16:32:13.097  2711  2719 E luciUART: UART:0
04-09 16:32:13.097  2711  2719 E luciUART: UART:0
04-09 16:32:13.097  2711  2719 I luciUART: read() RemoteID = 43690 Command = 91 Type = 2 Status = 0 DataLen = 0
04-09 16:32:13.097  2711  2719 E luciUART: UART:aa
04-09 16:32:13.097  2711  2720 E LUCI_SERVER: Luci Server Thread wait over MID 91....
04-09 16:32:13.097  2711  2719 E luciUART: UART:aa
04-09 16:32:13.097  2711  2720 E LUCI_SERVER: setting mid[91] to NULL
04-09 16:32:13.097  2711  2719 E luciUART: UART:2
04-09 16:32:13.097  2711  2719 E luciUART: UART:0
04-09 16:32:13.097  2711  2719 E luciUART: UART:d0
04-09 16:32:13.097  2711  2719 E luciUART: UART:0
04-09 16:32:13.097  2711  2719 I chatty  : uid=0(root) UARTLUCIControl identical 2 lines
04-09 16:32:13.097  2711  2719 E luciUART: UART:0
04-09 16:32:13.097  2711  2719 I luciUART: read() RemoteID = 43690 Command = 208 Type = 2 Status = 0 DataLen = 12
04-09 16:32:13.097  2711  2719 E luciUART: Error: full data not available yet! readBytes 0
04-09 16:32:13.097  2711  2719 I luciUART: Previous Packet read contd., 
04-09 16:32:13.097  2711  2719 E luciUART: UART:45
04-09 16:32:13.097  2711  2719 I luciUART: Previous Packet read contd., 
04-09 16:32:13.097  2711  2719 E luciUART: UART:41
04-09 16:32:13.097  2711  2719 I luciUART: Previous Packet read contd., 
04-09 16:32:13.097  2711  2719 E luciUART: UART:44
04-09 16:32:13.097  2727  2745 E MB_HANDLER: Messagebox_handler::MessageBoxAlert id = 91
04-09 16:32:13.097  2711  2719 E luciUART: UART:43
04-09 16:32:13.097  2711  2719 I luciUART: Previous Packet read contd., 
04-09 16:32:13.097  2711  2719 E luciUART: UART:6f
04-09 16:32:13.097  2711  2719 E luciUART: UART:75
04-09 16:32:13.097  2711  2719 I luciUART: Previous Packet read contd., 
04-09 16:32:13.097  2711  2719 E luciUART: UART:6e
04-09 16:32:13.098  2732  2732 I bt_btif : init
04-09 16:32:13.103  2732  2752 I bt_osi_thread: run_thread: thread id 2752, thread name stack_manager started
04-09 16:32:13.103  2711  2719 E luciUART: UART:0
04-09 16:32:13.103  2711  2719 I chatty  : uid=0(root) UARTLUCIControl identical 2 lines
04-09 16:32:13.103  2732  2752 I bt_stack_manager: event_init_stack is initializing the stack
04-09 16:32:13.103  2711  2719 E luciUART: UART:0
04-09 16:32:13.103  2711  2719 I luciUART: read() RemoteID = 43690 Command = 5 Type = 1 Status = 0 DataLen = 0
04-09 16:32:13.103  2711  2719 E luciUART: UART:aa
04-09 16:32:13.115  2711  2719 I chatty  : uid=0(root) UARTLUCIControl identical 2 lines
04-09 16:32:13.115  2711  2719 E luciUART: UART:aa
04-09 16:32:13.115  2727  2746 E MB_HANDLER: MacAddress :CC:90:93:21:F3:84
04-09 16:32:13.115  2711  2711 I lucitransport: writeRemoteMessage() MID = 91 buffer = CC:90:93:21:F3:84
04-09 16:32:13.116  2711  2711 I luciUART: write() MID = 91  bytes = 27 data = CC:90:93:21:F3:84 m_fd = 0x6
04-09 16:32:13.116  2711  2719 E luciUART: UART:2
04-09 16:32:13.116  2727  2746 E MB_HANDLER: Message Handler Thread waiting for messages....
04-09 16:32:13.116  2711  2719 E luciUART: UART:0
04-09 16:32:13.116  2711  2719 E luciUART: UART:d0
04-09 16:32:13.116  2711  2719 E luciUART: UART:0
04-09 16:32:13.116  2711  2719 I chatty  : uid=0(root) UARTLUCIControl identical 2 lines
04-09 16:32:13.116  2711  2719 E luciUART: UART:0
04-09 16:32:13.116  2711  2719 I luciUART: Previous Packet read contd., 
04-09 16:32:13.116  2711  2719 E luciUART: UART:73
04-09 16:32:13.116  2711  2719 E luciUART: UART:73
04-09 16:32:13.116  2711  2719 E luciUART: UART:69
04-09 16:32:13.116  2711  2719 I luciUART: Previous Packet read contd., 
04-09 16:32:13.119  2711  2719 E luciUART: UART:0
04-09 16:32:13.119  2711  2719 E luciUART: UART:0
04-09 16:32:13.119  2711  2719 E luciUART: UART:4
04-09 16:32:13.119  2711  2719 E luciUART: Error: full data not available yet! readBytes 0
04-09 16:32:13.119  2711  2719 I luciUART: Previous Packet read contd., 
04-09 16:32:13.119  2711  2719 E luciUART: UART:30
04-09 16:32:13.119  2711  2719 I luciUART: Previous Packet read contd., 
04-09 16:32:13.119  2711  2719 E luciUART: UART:30
04-09 16:32:13.119  2711  2719 I luciUART: Previous Packet read contd., 
04-09 16:32:13.119  2711  2720 E LUCI_SERVER: Luci Server Thread wait over MID 6....
04-09 16:32:13.125  2711  2719 E luciUART: UART:aa
04-09 16:32:13.125  2711  2719 E luciUART: UART:aa
04-09 16:32:13.125  2711  2719 E luciUART: UART:2
04-09 16:32:13.126  2711  2719 E luciUART: UART:0
04-09 16:32:13.126  2711  2719 E luciUART: UART:d0
04-09 16:32:13.126  2711  2719 E luciUART: UART:0
04-09 16:32:13.126  2711  2719 I chatty  : uid=0(root) UARTLUCIControl identical 2 lines
04-09 16:32:13.126  2711  2719 E luciUART: UART:0
04-09 16:32:13.126  2711  2719 E luciUART: UART:13
04-09 16:32:13.126  2711  2719 I luciUART: read() RemoteID = 43690 Command = 208 Type = 2 Status = 0 DataLen = 19
04-09 16:32:13.126  2711  2719 E luciUART: Error: full data not available yet! readBytes 0
04-09 16:32:13.126  2711  2719 I luciUART: Previous Packet read contd., 
04-09 16:32:13.126  2711  2719 E luciUART: UART:52
04-09 16:32:13.126  2711  2719 I luciUART: Previous Packet read contd., 
04-09 16:32:13.126  2711  2719 E luciUART: UART:45
04-09 16:32:13.126  2711  2719 I luciUART: Previous Packet read contd., 
04-09 16:32:13.126  2711  2719 E luciUART: UART:41
04-09 16:32:13.126  2711  2719 I luciUART: Previous Packet read contd., 
04-09 16:32:13.126  2711  2719 E luciUART: UART:44
04-09 16:32:13.127  2711  2719 I luciUART: Previous Packet read contd., 
04-09 16:32:13.127  2711  2719 E luciUART: UART:5f
04-09 16:32:13.127  2711  2719 I luciUART: Previous Packet read contd., 
04-09 16:32:13.127  2711  2719 E luciUART: UART:66
04-09 16:32:13.127  2711  2719 I luciUART: Previous Packet read contd., 
04-09 16:32:13.127  2711  2719 E luciUART: UART:77
04-09 16:32:13.132  2732  2752 E bt_btif_config_transcode: btif_config_transcode unable to load XML file '/data/misc/bluedroid/bt_config.xml': 3
04-09 16:32:13.133  2732  2752 E bt_btif_config: init unable to transcode legacy file; creating empty config.
04-09 16:32:13.133  2732  2759 I bt_osi_thread: run_thread: thread id 2759, thread name alarm_default_ca started
04-09 16:32:13.134  2732  2761 I bt_osi_thread: run_thread: thread id 2761, thread name alarm_dispatcher started
04-09 16:32:13.137  2732  2752 I bt_btif_core: btif_init_bluetooth entered
04-09 16:32:13.140  2732  2752 I bt_stack_config: init attempt to load stack conf from /etc/bluetooth/bt_stack.conf
04-09 16:32:13.143  2732  2763 I bt_osi_thread: run_thread: thread id 2763, thread name bt_jni_workqueue started
04-09 16:32:13.143  2732  2752 I bt_btif_core: btif_init_bluetooth finished
04-09 16:32:13.143  2732  2752 I bt_stack_manager: event_init_stack finished
04-09 16:32:13.146  2732  2732 I bt_osi_wakelock: wakelock_set_os_callouts set to non-native
04-09 16:32:13.147  2732  2763 I bt_btif_core: run_message_loop entered
04-09 16:32:13.148  2732  2732 I bt_btif : get_profile_interface: id = gatt
04-09 16:32:13.152  2732  2732 I bt_btif : get_profile_interface: id = a2dp
04-09 16:32:13.153  2732  2732 I bt_btif : get_profile_interface: id = a2dp_sink
04-09 16:32:13.162  2732  2767 I bt_osi_thread: run_thread: thread id 2767, thread name btif_a2dp_sink_w started
04-09 16:32:13.164  2730  2742 E CommandListener: Message not handled: unrecognized interface usb0
04-09 16:32:13.164  2730  2742 W FrameworkListener: Handler 'Iface' error (Success)
04-09 16:32:13.164  2730  2742 E CommandListener: Message not handled: unrecognized interface usb0
04-09 16:32:13.164  2730  2742 W FrameworkListener: Handler 'Iface' error (Success)
04-09 16:32:13.174  2732  2732 D a2dp_codec: init
04-09 16:32:13.176  2732  2732 D a2dp_codec: createCodec: codec SBC
04-09 16:32:13.178  2732  2732 D a2dp_codec: createCodec: codec AAC
04-09 16:32:13.179  2732  2732 D a2dp_codec: createCodec: codec aptX
04-09 16:32:13.180  2732  2732 E a2dp_vendor_aptx_encoder: A2DP_VendorLoadEncoderAptx: cannot open aptX encoder library libaptX_encoder.so: libaptX_encoder.so: cannot open shared object file: No such file or directory
04-09 16:32:13.180  2732  2732 E a2dp_vendor_aptx: init: cannot load the encoder
04-09 16:32:13.180  2732  2732 D a2dp_codec: createCodec: codec aptX-HD
04-09 16:32:13.180  2730  2742 E CommandListener: Message not handled: unrecognized interface usb0
04-09 16:32:13.180  2730  2742 W FrameworkListener: Handler 'Iface' error (Success)
04-09 16:32:13.181  2732  2732 E a2dp_vendor_aptx_hd_encoder: A2DP_VendorLoadEncoderAptxHd: cannot open aptX-HD encoder library libaptXHD_encoder.so: libaptXHD_encoder.so: cannot open shared object file: No such file or directory
04-09 16:32:13.181  2732  2732 E a2dp_vendor_aptx_hd: init: cannot load the encoder
04-09 16:32:13.182  2732  2732 D a2dp_codec: createCodec: codec LDAC
04-09 16:32:13.182  2732  2732 E a2dp_vendor_ldac_encoder: A2DP_VendorLoadEncoderLdac: cannot open LDAC encoder library libldacBT_enc.so: libldacBT_enc.so: cannot open shared object file: No such file or directory
04-09 16:32:13.182  2732  2732 E a2dp_vendor_ldac: init: cannot load the encoder
04-09 16:32:13.182  2732  2732 D a2dp_codec: createCodec: codec SBC SINK
04-09 16:32:13.182  2732  2732 D a2dp_codec: createCodec: codec AAC SINK
04-09 16:32:13.182  2732  2732 I a2dp_codec: init: initialized Source codec AAC
04-09 16:32:13.182  2732  2732 I a2dp_codec: init: initialized Source codec SBC
04-09 16:32:13.182  2732  2732 I a2dp_codec: init: initialized Sink codec AAC(Sink)
04-09 16:32:13.182  2732  2732 I a2dp_codec: init: initialized Sink codec SBC(Sink)
04-09 16:32:13.182  2732  2732 W bt_btif : ## ON A2DP IDLE ## peer_sep = 0
04-09 16:32:13.183  2732  2732 I bt_btif : get_profile_interface: id = avrcp
04-09 16:32:13.184  2732  2732 I bt_btif : get_profile_interface: id = hidhost
04-09 16:32:13.184  2730  2742 E CommandListener: Message not handled: unrecognized interface usb0
04-09 16:32:13.185  2730  2742 W FrameworkListener: Handler 'Iface' error (Success)
04-09 16:32:13.188  2730  2742 E CommandListener: Message not handled: unrecognized interface usb0
04-09 16:32:13.188  2730  2742 W FrameworkListener: Handler 'Iface' error (Success)
04-09 16:32:13.190  2730  2742 E CommandListener: Message not handled: unrecognized interface usb0
04-09 16:32:13.190  2730  2742 W FrameworkListener: Handler 'Iface' error (Success)
04-09 16:32:13.197  2732  2732 I bluetoothtbd: [0409/040213.197090:INFO:daemon.cc(168)] Daemon initialized
04-09 16:32:13.197  2732  2732 I bt_btif : enable: start restricted = 0
04-09 16:32:13.197  2732  2752 I bt_stack_manager: event_start_up_stack is bringing up the stack
04-09 16:32:13.197  2732  2752 I bt_core_module: module_start_up Starting module "btif_config_module"
04-09 16:32:13.198  2732  2752 I bt_core_module: module_start_up Started module "btif_config_module"
04-09 16:32:13.198  2732  2752 I bt_core_module: module_start_up Starting module "btsnoop_module"
04-09 16:32:13.198  2732  2752 I bt_core_module: module_start_up Started module "btsnoop_module"
04-09 16:32:13.198  2732  2752 I bt_core_module: module_start_up Starting module "hci_module"
04-09 16:32:13.198  2732  2752 I bt_hci  : hci_module_start_up
04-09 16:32:13.199  2732  2778 I bt_osi_thread: run_thread: thread id 2778, thread name hci_thread started
04-09 16:32:13.200  2732  2752 D bt_hci  : hci_module_start_up starting async portion
04-09 16:32:13.201  2732  2778 I bluetoothtbd: [0409/040213.201074:INFO:hci_layer_linux.cc(172)] hci_initialize
04-09 16:32:13.201  2732  2778 I bluetoothtbd: [0409/040213.201225:INFO:hci_layer_linux.cc(184)] Using interface hci0
04-09 16:32:13.201  2732  2778 I bluetoothtbd: [0409/040213.201273:INFO:hci_layer_linux.cc(378)] rfkill
04-09 16:32:13.223  2734  2734 D dhcpcd  : no interfaces have a carrier
04-09 16:32:13.223  2734  2734 D dhcpcd  : wlan0: waiting for carrier
04-09 16:32:13.237  2786  2786 I dnsmasq : started, version 2.51 cachesize 150
04-09 16:32:13.238  2786  2786 I dnsmasq : compile time options: no-IPv6 GNU-getopt no-DBus no-I18N DHCP no-scripts no-TFTP
04-09 16:32:13.238  2786  2786 I dnsmasq : DHCP, IP range 192.168.10.3 -- 192.168.10.10, lease time 12h
04-09 16:32:13.238  2786  2786 I dnsmasq : reading /etc/resolv.conf
04-09 16:32:13.238  2786  2786 I dnsmasq : using nameserver 8.8.8.8#53
04-09 16:32:13.238  2786  2786 I dnsmasq : read /etc/hosts - 1 addresses
04-09 16:32:13.600  2730  2742 E CommandListener: Message not handled: unrecognized interface usb0
04-09 16:32:13.600  2730  2742 W FrameworkListener: Handler 'Iface' error (Success)
04-09 16:32:13.614  2732  2778 I bluetoothtbd: [0409/040213.614474:INFO:hci_layer_linux.cc(295)] wait_hcidev
04-09 16:32:13.614  2732  2778 I bluetoothtbd: [0409/040213.614747:INFO:hci_layer_linux.cc(332)] Do poll() with timeout of 3000ms
04-09 16:32:13.616  2732  2778 I bluetoothtbd: [0409/040213.616290:INFO:hci_layer_linux.cc(228)] HCI device ready
04-09 16:32:13.616  2732  2778 I bt_hci  : event_finish_startup
04-09 16:32:13.616  2732  2752 I bt_core_module: module_start_up Started module "hci_module"
04-09 16:32:13.618  2732  2811 I bt_osi_thread: run_thread: thread id 2811, thread name bt_workqueue started
04-09 16:32:13.619  2732  2811 I bluetoothtbd: [0409/040213.619115:INFO:btu_task.cc(107)] Bluetooth chip preload is complete
04-09 16:32:13.625  2732  2811 I         : No vendor HCI socket available. Won't create SocketWriter.
04-09 16:32:13.634  2732  2811 I bluetoothtbd: [0409/040213.633802:INFO:gatt_api.cc(1005)] GATT_Register
04-09 16:32:13.635  2732  2811 I bluetoothtbd: [0409/040213.635499:INFO:gatt_api.cc(1028)] allocated gatt_if=1
04-09 16:32:13.637  2732  2811 I bluetoothtbd: [0409/040213.637044:INFO:gatt_api.cc(207)] GATTS_AddService
04-09 16:32:13.638  2732  2811 I bluetoothtbd: [0409/040213.638083:INFO:gatt_api.cc(317)] GATTS_AddService: service parsed correctly, now starting
04-09 16:32:13.639  2732  2811 E bluetoothtbd: [0409/040213.638961:ERROR:gatt_attr.cc(302)] gatt_profile_db_init:  gatt_if=1
04-09 16:32:13.646  2732  2811 I bluetoothtbd: [0409/040213.645974:INFO:gatt_api.cc(1005)] GATT_Register
04-09 16:32:13.646  2732  2811 I bluetoothtbd: [0409/040213.646105:INFO:gatt_api.cc(1028)] allocated gatt_if=2
04-09 16:32:13.646  2732  2811 I bluetoothtbd: [0409/040213.646153:INFO:gatt_api.cc(207)] GATTS_AddService
04-09 16:32:13.646  2732  2811 I bluetoothtbd: [0409/040213.646206:INFO:gatt_api.cc(317)] GATTS_AddService: service parsed correctly, now starting
04-09 16:32:13.698  2732  2813 I bt_osi_thread: run_thread: thread id 2813, thread name module_wrapper started
04-09 16:32:13.698  2732  2813 I bt_core_module: module_start_up Starting module "controller_module"
04-09 16:32:13.725  2710  2722 I yani_server: ifindexeth0 0 ifindexwlan0 5 ifindexp2p0 6 ifindexwlan1 0
04-09 16:32:13.726  2710  2722 I yani_server: NetLink Event '-1' Interface-Index '5' WLAN '0' Ethernet '-1' Parsed-iFill '-1' -> 'INVALID' ifIndex '1' -> 'lo'
04-09 16:32:13.726  2710  2722 I yani_kernel: yani_geteventfrom_changeaddr() Message-Id '1' Netlink event '16' Interface Index '5' -> Name 'wlan0' 
04-09 16:32:13.727  2710  2722 I yani_kernel: yani_geteventfrom_changeaddr() Message-Id '1' Netlink event '16' Interface Index '9' -> Name 'usb0' 
04-09 16:32:13.728  2710  2722 I yani_kernel: yani_geteventfrom_changeaddr() Message-Id '1' Netlink event '16' Interface Index '9' -> Name 'usb0' 
04-09 16:32:13.729  2710  2722 I yani_kernel: yani_geteventfrom_changeaddr() Message-Id '1' Netlink event '20' Interface Index '9' -> Name 'usb0' 
04-09 16:32:13.730  2710  2722 I yani_kernel: yani_geteventfrom_changeaddr() Message-Id '1' Netlink event '16' Interface Index '9' -> Name 'usb0' 
04-09 16:32:13.731  2710  2722 I yani_kernel: yani_geteventfrom_changeaddr() Message-Id '1' Netlink event '21' Interface Index '9' -> Name 'usb0' 
04-09 16:32:13.732  2710  2722 I yani_kernel: yani_geteventfrom_changeaddr() Message-Id '1' Netlink event '20' Interface Index '9' -> Name 'usb0' 
04-09 16:32:13.733  2710  2722 I yani_kernel: yani_geteventfrom_changeaddr() Message-Id '1' Netlink event '16' Interface Index '9' -> Name 'usb0' 
04-09 16:32:13.869  2732  2813 I bt_core_module: module_start_up Started module "controller_module"
04-09 16:32:13.870  2732  2813 W bt_osi_thread: run_thread: thread id 2813, thread name module_wrapper exited
04-09 16:32:13.873  2732  2811 W bt_btm  : btm_decode_ext_features_page: feature page 1 ignored
04-09 16:32:13.873  2732  2811 W bt_btm  : btm_decode_ext_features_page: feature page 2 ignored
04-09 16:32:13.874  2732  2812 I bt_btm_sec: BTM_SecRegister p_cb_info->p_le_callback == 0x0xf6fd0b99
04-09 16:32:13.875  2732  2812 I bt_btm_sec: BTM_SecRegister btm_cb.api.p_le_callback = 0x0xf6fd0b99 
04-09 16:32:13.877  2732  2812 I bluetoothtbd: [0409/040213.877426:INFO:ble_advertiser_hci_interface.cc(736)] Legacy advertising will be in use
04-09 16:32:13.880  2732  2812 I bluetoothtbd: [0409/040213.879932:INFO:gatt_api.cc(1005)] GATT_Register
04-09 16:32:13.880  2732  2812 I bluetoothtbd: [0409/040213.880097:INFO:gatt_api.cc(1028)] allocated gatt_if=3
04-09 16:32:13.900  2732  2812 I bt_bta_av: AVRCP version used for sdp: "avrcp14"
04-09 16:32:13.904  2732  2763 E bt_btif_storage: btif_storage_get_adapter_property: Controller ready!
04-09 16:32:13.904  2732  2763 I bt_btif_storage: btif_storage_get_adapter_property service_mask:0x40000
04-09 16:32:13.905  2732  2763 I bluetoothtbd: [0409/040213.905471:INFO:adapter.cc(551)] Adapter properties changed
04-09 16:32:13.905  2732  2763 I bluetoothtbd: [0409/040213.905578:INFO:adapter.cc(564)] Adapter address changed: CC:90:93:21:F3:85
04-09 16:32:13.905  2732  2763 I bluetoothtbd: [0409/040213.905621:INFO:adapter.cc(573)] Adapter name changed
04-09 16:32:13.906  2732  2763 I bt_btif_core: btif_enable_bluetooth_evt entered: status 0
04-09 16:32:13.906  2732  2763 W bt_btif : btif_enable_bluetooth_evt: Saving the Adapter Address
04-09 16:32:13.906  2732  2763 I bluetoothtbd: [0409/040213.906430:INFO:adapter.cc(551)] Adapter properties changed
04-09 16:32:13.906  2732  2763 I bluetoothtbd: [0409/040213.906500:INFO:adapter.cc(564)] Adapter address changed: CC:90:93:21:F3:85
04-09 16:32:13.906  2732  2763 D bt_hci  : do_postload posting postload work item
04-09 16:32:13.910  2732  2854 I bt_osi_thread: run_thread: thread id 2854, thread name btif_sock started
04-09 16:32:13.914  2732  2763 D bt_bte_conf: Device ID record 1 : primary
04-09 16:32:13.914  2732  2763 D bt_bte_conf:   vendorId            = 000f
04-09 16:32:13.914  2732  2763 D bt_bte_conf:   vendorIdSource      = 0001
04-09 16:32:13.914  2732  2763 D bt_bte_conf:   product             = 1200
04-09 16:32:13.914  2732  2763 D bt_bte_conf:   version             = 1436
04-09 16:32:13.914  2732  2763 D bt_bte_conf:   clientExecutableURL = 
04-09 16:32:13.914  2732  2763 D bt_bte_conf:   serviceDescription  = 
04-09 16:32:13.914  2732  2763 D bt_bte_conf:   documentationURL    = 
04-09 16:32:13.914  2732  2763 D bt_bte_conf: bte_load_did_conf no section named DID2.
04-09 16:32:13.914  2732  2763 I bt_btif_core: btif_enable_bluetooth_evt finished
04-09 16:32:13.914  2732  2752 I bt_stack_manager: event_start_up_stack finished
04-09 16:32:13.915  2732  2763 I bluetoothtbd: [0409/040213.915456:INFO:adapter.cc(529)] Adapter state changed: BT_STATE_ON
04-09 16:32:14.060  2728  2728 I ServiceManager: Waiting for service media.player...
04-09 16:32:14.182  2710  2722 I yani_kernel: yani_geteventfrom_changeaddr() Message-Id '1' Netlink event '16' Interface Index '9' -> Name 'usb0' 
04-09 16:32:14.183  2730  2742 E CommandListener: Message not handled: unrecognized interface usb0
04-09 16:32:14.183  2730  2742 W FrameworkListener: Handler 'Iface' error (Success)
04-09 16:32:14.950  2730  2742 E CommandListener: Message not handled: unrecognized interface usb0
04-09 16:32:14.950  2730  2742 W FrameworkListener: Handler 'Iface' error (Success)
04-09 16:32:15.060  2728  2728 I ServiceManager: Waiting for service media.player...
04-09 16:32:15.061  2730  2741 E WifiUtil: command: "SCAN" failed: FAIL-BUSY
04-09 16:32:15.359  2710  2722 I yani_server: NetLink Event '-1' Interface-Index '5' WLAN '-1' Ethernet '-1' Parsed-iFill '-1' -> 'INVALID' ifIndex '1' -> 'lo'
04-09 16:32:15.360  2710  2722 I yani_server: NetLink Event '-1' Interface-Index '5' WLAN '0' Ethernet '-1' Parsed-iFill '-1' -> 'INVALID' ifIndex '1' -> 'lo'
04-09 16:32:15.389  2710  2722 I chatty  : uid=0(root) YaniServer identical 43 lines
04-09 16:32:15.390  2710  2722 I yani_server: NetLink Event '-1' Interface-Index '5' WLAN '0' Ethernet '-1' Parsed-iFill '-1' -> 'INVALID' ifIndex '1' -> 'lo'
04-09 16:32:15.390  2710  2722 I yani_kernel: yani_geteventfrom_changeaddr() Message-Id '1' Netlink event '16' Interface Index '5' -> Name 'wlan0' 
04-09 16:32:15.391  2710  2722 I yani_kernel: yani_geteventfrom_changeaddr() Message-Id '1' Netlink event '16' Interface Index '5' -> Name 'wlan0' 
04-09 16:32:15.985  2712  2712 I SourceSwitch: SourceSwitch() Host 1 initialized...
04-09 16:32:16.060  2728  2728 I ServiceManager: Waiting for service media.player...
04-09 16:32:16.939  2732  2763 E bt_osi_config: config_save unable to open dir '/data/misc/bluedroid': No such file or directory
04-09 16:32:17.028  2786  2786 I dnsmasq : DHCPDISCOVER(usb0) 46:0d:fd:ce:8f:95 
04-09 16:32:17.028  2786  2786 I dnsmasq : DHCPOFFER(usb0) 192.168.10.5 46:0d:fd:ce:8f:95 
04-09 16:32:17.028  2786  2786 I dnsmasq : DHCPDISCOVER(usb0) 46:0d:fd:ce:8f:95 
04-09 16:32:17.028  2786  2786 I dnsmasq : DHCPOFFER(usb0) 192.168.10.5 46:0d:fd:ce:8f:95 
04-09 16:32:17.033  2786  2786 I dnsmasq : DHCPREQUEST(usb0) 192.168.10.5 46:0d:fd:ce:8f:95 
04-09 16:32:17.033  2786  2786 I dnsmasq : DHCPACK(usb0) 192.168.10.5 46:0d:fd:ce:8f:95 
04-09 16:32:17.033  2786  2786 I dnsmasq : DHCPREQUEST(usb0) 192.168.10.5 46:0d:fd:ce:8f:95 
04-09 16:32:17.033  2786  2786 I dnsmasq : DHCPACK(usb0) 192.168.10.5 46:0d:fd:ce:8f:95 
04-09 16:32:17.061  2728  2728 I ServiceManager: Waiting for service media.player...
04-09 16:32:17.063  2710  2722 I yani_server: NetLink Event '-1' Interface-Index '5' WLAN '-1' Ethernet '-1' Parsed-iFill '-1' -> 'INVALID' ifIndex '1' -> 'lo'
04-09 16:32:18.036  2690  2690 I sh      : btaudioplayer: not found
04-09 16:32:18.064  2690  2690 I sh      : *** play mode control constructor end 
04-09 16:32:18.064  2728  2728 E BrowseModeControl: Read env failed
04-09 16:32:18.064  2728  2728 I UIModeManager: RegisterModeControl Mode - BrowseMode ModeControl - 0xabef3830
