04-09 17:14:58.420     0     0 I         : [    1.429318@2] Key type dns_resolver registered
04-09 17:14:58.420     0     0 I         : [    1.430623@2] Registered swp emulation handler
04-09 17:14:58.420     0     0 I         : [    1.430660@2] Registered cp15_barrier emulation handler
04-09 17:14:58.420     0     0 I         : [    1.431038@2] Registered setend emulation handler
04-09 17:14:58.420     0     0 I         : [    1.431592@2] disable EAS feature
04-09 17:14:58.420     0     0 I         : [    1.432613@2] registered taskstats version 1
04-09 17:14:58.420     0     0 W         : [    1.442251@2] dwc3 ff500000.dwc3: Configuration mismatch. dr_mode forced to host
04-09 17:14:58.420     0     0 I         : [    1.946933@2] xhci-hcd xhci-hcd.0.auto: xHCI Host Controller
04-09 17:14:58.420     0     0 I         : [    1.946994@2] xhci-hcd xhci-hcd.0.auto: new USB bus registered, assigned bus number 1
04-09 17:14:58.420     0     0 I         : [    1.948260@2] xhci-hcd xhci-hcd.0.auto: hcc params 0x0220f664 hci version 0x100 quirks 0x02010010
04-09 17:14:58.420     0     0 I         : [    1.948675@2] xhci-hcd xhci-hcd.0.auto: irq 27, io mem 0xff500000
04-09 17:14:58.420     0     0 I         : [    1.950219@3] hub 1-0:1.0: USB hub found
04-09 17:14:58.420     0     0 I         : [    1.950289@3] hub 1-0:1.0: 1 port detected
04-09 17:14:58.420     0     0 I         : [    1.950813@3] xhci-hcd xhci-hcd.0.auto: xHCI Host Controller
04-09 17:14:58.420     0     0 I         : [    1.951044@3] xhci-hcd xhci-hcd.0.auto: new USB bus registered, assigned bus number 2
04-09 17:14:58.420     0     0 I         : [    1.951906@3] usb usb2: We don't know the algorithms for LPM for this host, disabling LPM.
04-09 17:14:58.420     0     0 I         : [    1.953397@0] hub 2-0:1.0: USB hub found
04-09 17:14:58.420     0     0 E         : [    1.953462@0] hub 2-0:1.0: config failed, hub doesn't have any ports! (err -19)
04-09 17:14:58.420     0     0 E         : [    1.954070@0] usb usb2: Unsupported the hub
04-09 17:14:58.420     0     0 I         : [    1.954805@0] aml_vrtc rtc: setting system clock to 2022-04-09 11:44:55 UTC (1649504695)
04-09 17:14:58.420     0     0 D         : [    1.955695@0] dwc_otg ff400000.dwc2_a: dwc_otg_driver_probe(ffffffc01d665400)
04-09 17:14:58.420     0     0 W [    1.955742@0] dwc_otg: usb0: type: 2 speed: 0, config: 0, dma: 0, id: 0, phy: ffe09000, ctrl: 0
04-09 17:14:58.420     0     0 D         : [    1.956070@0] dwc_otg ff400000.dwc2_a: base=0xffffff8008a40000
04-09 17:14:58.420     0     0 D         : [    1.956077@0] dwc_otg ff400000.dwc2_a: dwc_otg_device=0xffffffc01d74dc00
04-09 17:14:58.420     0     0 W [    2.056517@0] dwc_otg: Core Release: 3.10a
04-09 17:14:58.420     0     0 W [    2.056556@0] dwc_otg: Setting default values for core params
04-09 17:14:58.420     0     0 W [    2.056967@0] dwc_otg: curmode: 0, host_only: 0
04-09 17:14:58.420     0     0 D         : [    2.057426@0] dwc_otg ff400000.dwc2_a: DMA config: BURST_DEFAULT
04-09 17:14:58.420     0     0 W [    2.069733@0] dwc_otg: Using Buffer DMA mode
04-09 17:14:58.420     0     0 W [    2.069757@0] dwc_otg: OTG VER PARAM: 1, OTG VER FLAG: 1
04-09 17:14:58.420     0     0 W [    2.070135@0] dwc_otg: Working on port type = SLAVE
04-09 17:14:58.420     0     0 W [    2.070621@0] dwc_otg: Dedicated Tx FIFOs mode
04-09 17:14:58.420     0     0 I [    2.073017@0] input: adc_keypad as /devices/platform/adc_keypad/input/input1
04-09 17:14:58.420     0     0 I         : [    2.075136@3] cpucore_cooling_register, max_cpu_core_num:4
04-09 17:14:58.420     0     0 I [    2.081644@3] gxbb_pm: enter meson_pm_probe!
04-09 17:14:58.420     0     0 I         : [    2.081684@3] no vddio3v3_en pin
04-09 17:14:58.420     0     0 E         : [    2.081848@3] pm-meson aml_pm: Can't get switch_clk81
04-09 17:14:58.420     0     0 I [    2.082369@3] gxbb_pm: meson_pm_probe done
04-09 17:14:58.420     0     0 I         : [    2.083130@3] ALSA device list:
04-09 17:14:58.420     0     0 I [    2.083157@3]   #0: AML-AUGESOUND
04-09 17:14:58.420     0     0 I         : [    2.083628@3] meson_uart ff804000.serial: ttyS3 use xtal(8M) 24000000 change 115200 to 115200
04-09 17:14:58.420     0     0 I         : [    2.089508@3] Freeing unused kernel memory: 6080K
04-09 17:14:58.420     0     0 I [    2.302307@1] ubi0: attaching mtd6
04-09 17:14:58.420     0     0 I [    2.512394@1] ubi0: scanning is finished
04-09 17:14:58.420     0     0 I [    2.516247@3] ubi0: attached mtd6 (name "system", size 100 MiB)
04-09 17:14:58.421     0     0 I [    2.516562@3] ubi0: PEB size: 262144 bytes (256 KiB), LEB size: 253952 bytes
04-09 17:14:58.421     0     0 I [    2.523683@3] ubi0: min./max. I/O unit sizes: 4096/4096, sub-page size 4096
04-09 17:14:58.421     0     0 I [    2.530457@3] ubi0: VID header offset: 4096 (aligned 4096), data offset: 8192
04-09 17:14:58.421     0     0 I [    2.537524@3] ubi0: good PEBs: 400, bad PEBs: 0, corrupted PEBs: 0
04-09 17:14:58.421     0     0 I [    2.543651@3] ubi0: user volume: 1, internal volumes: 1, max. volumes count: 128
04-09 17:14:58.421     0     0 I [    2.550979@3] ubi0: max/mean erase counter: 38/25, WL threshold: 4096, image sequence number: 736763309
04-09 17:14:58.421     0     0 I [    2.560362@3] ubi0: available PEBs: 0, total reserved PEBs: 400, PEBs reserved for bad PEB handling: 40
04-09 17:14:58.421     0     0 I [    2.569692@1] ubi0: background thread "ubi_bgt0d" started, PID 2143
04-09 17:14:58.421     0     0 I         : [    2.575578@2] UBIFS (ubi0:0): background thread "ubifs_bgt0_0" started, PID 2146
04-09 17:14:58.421     0     0 I         : [    2.627649@0] UBIFS (ubi0:0): UBIFS: mounted UBI device 0, volume 0, name "rootfs"
04-09 17:14:58.421     0     0 I         : [    2.629577@0] UBIFS (ubi0:0): LEB size: 253952 bytes (248 KiB), min./max. I/O unit sizes: 4096 bytes/4096 bytes
04-09 17:14:58.421     0     0 I         : [    2.639615@0] UBIFS (ubi0:0): FS size: 87867392 bytes (83 MiB, 346 LEBs), journal size 9404416 bytes (8 MiB, 38 LEBs)
04-09 17:14:58.421     0     0 I         : [    2.650106@0] UBIFS (ubi0:0): reserved for root: 0 bytes (0 KiB)
04-09 17:14:58.421     0     0 I         : [    2.656059@0] UBIFS (ubi0:0): media format: w4/r0 (latest is w4/r0), UUID DC99A6D8-69BA-4DD7-9E44-726260A6E747, small LPT model
04-09 17:14:58.421     0     0 I [    2.899930@0] init: property init
04-09 17:14:58.421     0     0 I [    2.900665@0] init: reading config file
04-09 17:14:58.421     0     0 I [    2.907423@0] init: processing action 0xab20f808 (boot_start)
04-09 17:14:58.421     0     0 I [    2.915226@0] init: command 'boot_start' r=0
04-09 17:14:58.421     0     0 I [    2.916271@0] init: processing action 0xab20b6b0 (early-init)
04-09 17:14:58.421     0     0 I [    2.920963@0] init: starting 'ueventd'
04-09 17:14:58.421     0     0 I [    2.924256@0] init: command 'start' r=0
04-09 17:14:58.421     0     0 I [    2.927171@0] init: command 'loglevel' r=0
04-09 17:14:58.421     0     0 I [    2.932070@0] init: command 'mount' r=0
04-09 17:14:58.421     0     0 I [    2.933911@2] init: starting ueventd
04-09 17:14:58.421     0     0 I [    2.934707@2] init: /sys/ rule /sys/devices/virtual/input/input* enable
04-09 17:14:58.421     0     0 I [    2.934718@2] init: /sys/ rule /sys/devices/virtual/input/input* poll_delay
04-09 17:14:58.421     0     0 I [    2.934728@2] init: /sys/ rule /sys/devices/virtual/usb_composite/* enable
04-09 17:14:58.421     0     0 I [    2.940358@2] init: adding platform device ffd0f0d0.watchdog
04-09 17:14:58.421     0     0 I [    2.940746@2] init: adding platform device reg-dummy
04-09 17:14:58.421     0     0 I [    2.941395@2] init: adding platform device cpu_iomap
04-09 17:14:58.421     0     0 I [    2.941675@2] init: adding platform device 7400000.ramoops
04-09 17:14:58.421     0     0 I [    2.941939@2] init: adding platform device bt-dev
04-09 17:14:58.421     0     0 I [    2.942519@2] init: adding platform device dummy
04-09 17:14:58.421     0     0 I [    2.989694@0] init: command 'mount' r=0
04-09 17:14:58.421     0     0 I [    3.193466@3] ubi1: attaching mtd7
04-09 17:14:58.421     0     0 I [    3.487627@3] ubi1: scanning is finished
04-09 17:14:58.421     0     0 I [    3.492046@0] ubi1: attached mtd7 (name "chrome", size 140 MiB)
04-09 17:14:58.421     0     0 I [    3.492334@0] ubi1: PEB size: 262144 bytes (256 KiB), LEB size: 253952 bytes
04-09 17:14:58.421     0     0 I [    3.499346@0] ubi1: min./max. I/O unit sizes: 4096/4096, sub-page size 4096
04-09 17:14:58.421     0     0 I [    3.506231@0] ubi1: VID header offset: 4096 (aligned 4096), data offset: 8192
04-09 17:14:58.421     0     0 I [    3.513296@0] ubi1: good PEBs: 560, bad PEBs: 0, corrupted PEBs: 0
04-09 17:14:58.421     0     0 I [    3.519424@0] ubi1: user volume: 1, internal volumes: 1, max. volumes count: 128
04-09 17:14:58.421     0     0 I [    3.526756@0] ubi1: max/mean erase counter: 36/26, WL threshold: 4096, image sequence number: 1458511589
04-09 17:14:58.421     0     0 I [    3.536156@0] ubi1: available PEBs: 0, total reserved PEBs: 560, PEBs reserved for bad PEB handling: 40
04-09 17:14:58.421     0     0 I [    3.545481@1] ubi1: background thread "ubi_bgt1d" started, PID 2555
04-09 17:14:58.421     0     0 I         : [    3.559794@0] UBIFS (ubi1:0): background thread "ubifs_bgt1_0" started, PID 2559
04-09 17:14:58.421     0     0 I         : [    3.586344@3] UBIFS (ubi1:0): recovery needed
04-09 17:14:58.421     0     0 I         : [    3.621259@3] UBIFS (ubi1:0): recovery completed
04-09 17:14:58.421     0     0 I         : [    3.621409@3] UBIFS (ubi1:0): UBIFS: mounted UBI device 1, volume 0, name "chrome"
04-09 17:14:58.421     0     0 I         : [    3.627766@3] UBIFS (ubi1:0): LEB size: 253952 bytes (248 KiB), min./max. I/O unit sizes: 4096 bytes/4096 bytes
04-09 17:14:58.421     0     0 I         : [    3.637870@3] UBIFS (ubi1:0): FS size: 128499712 bytes (122 MiB, 506 LEBs), journal size 9404416 bytes (8 MiB, 38 LEBs)
04-09 17:14:58.421     0     0 I         : [    3.648460@3] UBIFS (ubi1:0): reserved for root: 0 bytes (0 KiB)
04-09 17:14:58.421     0     0 I         : [    3.654412@3] UBIFS (ubi1:0): media format: w4/r0 (latest is w4/r0), UUID 3D7B4A1D-6849-462E-B889-C151DCC94211, small LPT model
04-09 17:14:58.421     0     0 I [    3.697780@2] ubi2: attaching mtd8
04-09 17:14:58.421     0     0 I         : [    3.864390@2]  NAND bbt detect factory Bad block at 17a40000
04-09 17:14:58.421     0     0 I         : [    3.875980@2]  NAND bbt detect factory Bad block at 18000000
04-09 17:14:58.421     0     0 I         : [    3.876038@2]  NAND bbt detect factory Bad block at 18040000
04-09 17:14:58.421     0     0 I [    4.148660@2] ubi2: scanning is finished
04-09 17:14:58.421     0     0 I [    4.153401@1] ubi2: attached mtd8 (name "data", size 213 MiB)
04-09 17:14:58.421     0     0 I [    4.153519@1] ubi2: PEB size: 262144 bytes (256 KiB), LEB size: 253952 bytes
04-09 17:14:58.421     0     0 I [    4.160530@1] ubi2: min./max. I/O unit sizes: 4096/4096, sub-page size 4096
04-09 17:14:58.421     0     0 I [    4.167409@1] ubi2: VID header offset: 4096 (aligned 4096), data offset: 8192
04-09 17:14:58.421     0     0 I [    4.174479@1] ubi2: good PEBs: 849, bad PEBs: 3, corrupted PEBs: 0
04-09 17:14:58.421     0     0 I [    4.180608@1] ubi2: user volume: 2, internal volumes: 1, max. volumes count: 128
04-09 17:14:58.421     0     0 I [    4.187936@1] ubi2: max/mean erase counter: 73/49, WL threshold: 4096, image sequence number: 1018457084
04-09 17:14:58.421     0     0 I [    4.197339@1] ubi2: available PEBs: 0, total reserved PEBs: 849, PEBs reserved for bad PEB handling: 37
04-09 17:14:58.421     0     0 I [    4.206662@2] ubi2: background thread "ubi_bgt2d" started, PID 2567
04-09 17:14:58.421     0     0 I         : [    4.220671@0] UBIFS (ubi2:0): background thread "ubifs_bgt2_0" started, PID 2571
04-09 17:14:58.421     0     0 I         : [    4.247368@3] UBIFS (ubi2:0): recovery needed
04-09 17:14:58.421     0     0 I         : [    4.337399@1] UBIFS (ubi2:0): recovery completed
04-09 17:14:58.421     0     0 I         : [    4.337554@1] UBIFS (ubi2:0): UBIFS: mounted UBI device 2, volume 0, name "factory"
04-09 17:14:58.421     0     0 I         : [    4.344008@1] UBIFS (ubi2:0): LEB size: 253952 bytes (248 KiB), min./max. I/O unit sizes: 4096 bytes/4096 bytes
04-09 17:14:58.421     0     0 I         : [    4.353994@1] UBIFS (ubi2:0): FS size: 10158080 bytes (9 MiB, 40 LEBs), journal size 2285569 bytes (2 MiB, 9 LEBs)
04-09 17:14:58.421     0     0 I         : [    4.364255@1] UBIFS (ubi2:0): reserved for root: 0 bytes (0 KiB)
04-09 17:14:58.421     0     0 I         : [    4.370209@1] UBIFS (ubi2:0): media format: w4/r0 (latest is w4/r0), UUID AD7DC8BC-6ACA-4841-8B12-7A54B54F57E7, small LPT model
04-09 17:14:58.421     0     0 I         : [    4.393804@0] UBIFS (ubi2:1): background thread "ubifs_bgt2_1" started, PID 2574
04-09 17:14:58.422     0     0 I         : [    4.419753@2] UBIFS (ubi2:1): recovery needed
04-09 17:14:58.422     0     0 I         : [    4.526054@3] UBIFS (ubi2:1): recovery completed
04-09 17:14:58.422     0     0 I         : [    4.526251@3] UBIFS (ubi2:1): UBIFS: mounted UBI device 2, volume 1, name "data"
04-09 17:14:58.422     0     0 I         : [    4.532504@3] UBIFS (ubi2:1): LEB size: 253952 bytes (248 KiB), min./max. I/O unit sizes: 4096 bytes/4096 bytes
04-09 17:14:58.422     0     0 I         : [    4.542392@3] UBIFS (ubi2:1): FS size: 189956096 bytes (181 MiB, 748 LEBs), journal size 9404416 bytes (8 MiB, 38 LEBs)
04-09 17:14:58.422     0     0 I         : [    4.553083@3] UBIFS (ubi2:1): reserved for root: 0 bytes (0 KiB)
04-09 17:14:58.422     0     0 I         : [    4.559036@3] UBIFS (ubi2:1): media format: w4/r0 (latest is w4/r0), UUID 34A475AE-5814-4337-8EB7-8868427E3B0E, small LPT model
04-09 17:14:58.422     0     0 I         : [    4.796777@2] aml_wifi wifi: [usb_power_control] Set WiFi power down
04-09 17:14:58.422     0     0 I [    4.797496@2] meson-mmc: [sdio_notify] finish
04-09 17:14:58.422     0     0 I         : [    4.801851@2] aml_wifi wifi: [wifi_power_ioctl] ioctl Set sdio wifi power down!
04-09 17:14:58.422     0     0 I         : [    4.805614@3] UBIFS (ubi0:0): background thread "ubifs_bgt0_0" stops
04-09 17:14:59.487  2587  2587 E         : found the match wifi is: sd8887
04-09 17:14:59.487  2587  2587 E         : wifi_insmod command:insmod /lib/modules/4.9.113/kernel/mrvl/mlan8887.ko 
--------- beginning of system
04-09 17:14:59.526  2607  2607 I wpa_supplicant: Successfully initialized wpa_supplicant
04-09 17:14:59.558  2607  2607 E wpa_supplicant: Could not read interface wlan0 flags: No such device
04-09 17:14:59.562  2607  2607 I wpa_supplicant: nl80211: Driver does not support authentication/association or connect commands
04-09 17:14:59.564  2607  2607 I wpa_supplicant: nl80211: deinit ifname=wlan0 disabled_11b_rates=0
04-09 17:14:59.565  2607  2607 E wpa_supplicant: Could not read interface wlan0 flags: No such device
04-09 17:14:59.567  2607  2607 E wpa_supplicant: wlan0: Failed to initialize driver interface
04-09 17:14:59.658  2587  2587 E         : wifi_insmod command:insmod /lib/modules/4.9.113/kernel/mrvl/sd8xxx.ko cal_data_cfg=mrvl/WlanCalData_ext_LS9x_291119.conf txpwrlimit_cfg=mrvl/txpwrlimit_cfg_8887.bin fw_name=mrvl/sd8887_wlan_a2_p59.bin cfg80211_wext=0xf host_mlme=1 auto_ds=2 fw_serial=1 sta_name="wlan" uap_name="p2p" ps_mode=2 max_uap_bss=2 drvdbg=0x7 reg_alpha2="00"
04-09 17:15:00.788  2587  2587 E         : Load BT driver
04-09 17:15:00.788  2587  2587 E         : found the match wifi is: (null)
04-09 17:15:00.788  2587  2587 E         : wifi_insmod command:insmod /lib/modules/4.9.113/kernel/mrvl/bt8xxx.ko fw_name=mrvl/sd8887_bt_a2_p59.bin bt_fw_serial=0
04-09 17:15:00.914  2691  2691 W sshd    : Failed loading /etc/dropbear/dropbear_rsa_host_key
04-09 17:15:00.914  2691  2691 W sshd    : Failed loading /etc/dropbear/dropbear_dss_host_key
04-09 17:15:00.914  2691  2691 W sshd    : Failed loading /etc/dropbear/dropbear_ecdsa_host_key
04-09 17:15:00.918  2691  2691 I sshd    : Not backgrounding
04-09 17:15:00.951  2696  2696 I ServiceManager: Waiting for service libre.EnvItems...
04-09 17:15:00.953  2699  2699 E writeSerialNo: Writing serial number to unifykey
04-09 17:15:00.977  2693  2693 I sh      : FACTEST:unifykey read success:20 20
04-09 17:15:00.977  2693  2693 I sh      : inbuf=de4f95ffa64d5e74b026  ret=20 serial.txt=de4f95ffa64d5e74b026 bytesread=20 strcmp=0
04-09 17:15:01.018  2700  2700 I ENV     : init 
04-09 17:15:01.019  2700  2700 I ENV     :  First boot 
04-09 17:15:01.019  2700  2700 E ENV     : fileExists:153 /lsync/env/env.db does not exist
04-09 17:15:01.025  2700  2700 D AVS_SDK :  [  1] I sdkVersion: 1.19.1
04-09 17:15:01.026  2700  2700 E ENV     :  FAILED to open:/lsync/env/tmp.db 
04-09 17:15:01.026  2700  2700 I ENV     : removeItem:79:/lsync/env/tmp.db not found
04-09 17:15:01.027  2700  2700 E ENV     : /lsync/env/env.db does not Exist.. tempStorage = 0
04-09 17:15:01.027  2700  2700 I ENV     : createUserDBFromFactoryCfg 
04-09 17:15:01.034  2700  2700 I ENV     : Using /factory/custom/factoryEnv.conf as conf file
04-09 17:15:01.034  2700  2700 I ENV     : removeItem:79:/lsync/env/env.db not found
04-09 17:15:01.034  2700  2700 E ENV     : Error removing /lsync/env/env.db
04-09 17:15:01.098  2700  2700 E ENV     : createUserDBFromFactoryCfg:307: tempStorage is undefined
04-09 17:15:01.098  2700  2700 I ENV     : Using /factory/custom/factoryEnv.conf and /lsync/env/env.db as conf and db file
04-09 17:15:01.098  2700  2700 I ENV     : init 
04-09 17:15:01.098  2700  2700 I ENV     :  First boot 
04-09 17:15:01.098  2700  2700 I ENV     : fileExists:151 /lsync/env/env.db exists
04-09 17:15:01.101  2700  2700 I ENV     : Copied /lsync/env/env.db to /lsync/env/tmp.db
04-09 17:15:01.101  2700  2700 E ENV     : /lsync/env/env.db does not Exist.. tempStorage = ac031db0
04-09 17:15:01.101  2700  2700 I ENV     : createUserDBFromFactoryCfg 
04-09 17:15:01.104  2700  2700 I ENV     : Using /factory/custom/factoryEnv.conf as conf file
04-09 17:15:01.104  2700  2700 I ENV     : removeItem:74:/lsync/env/env.db removed
04-09 17:15:01.104  2700  2700 I ENV     : Removed /lsync/env/env.db
04-09 17:15:01.117  2700  2700 E ENV     : createUserDBFromFactoryCfg:301: Failed at tempStorage->get_changed
04-09 17:15:01.515  2700  2700 I chatty  : uid=0(root) env_service identical 64 lines
04-09 17:15:01.521  2700  2700 E ENV     : createUserDBFromFactoryCfg:301: Failed at tempStorage->get_changed
04-09 17:15:01.523  2700  2700 E AVS_SDK :  [  1] E SQLiteStatement:SQLiteStatement::stepFailed::Executing the select did not generate a row or complete.:result=19
04-09 17:15:01.523  2700  2700 E AVS_SDK :  [  1] E SQLiteStatement:SQLiteStatement::finalizeFailed::Could release the prepared statement.:rcode=19
04-09 17:15:01.523  2700  2700 E ENV     : createUserDBFromFactoryCfg:286: Failed at m_miscStorage->put
04-09 17:15:01.529  2700  2700 E ENV     : createUserDBFromFactoryCfg:301: Failed at tempStorage->get_changed
04-09 17:15:01.714  2700  2700 I chatty  : uid=0(root) env_service identical 29 lines
04-09 17:15:01.720  2700  2700 E ENV     : createUserDBFromFactoryCfg:301: Failed at tempStorage->get_changed
04-09 17:15:01.721  2700  2700 I ENV     : Using /factory/custom/factoryEnv.conf and /lsync/env/env.db as conf and db file
04-09 17:15:01.722  2700  2700 I ENV     : fileExists:151 /lsync/env/env_bk.db exists
04-09 17:15:01.722  2700  2700 I ENV     : fileExists:151 /factory/custom/factoryEnv_bk.conf exists
04-09 17:15:01.723  2700  2700 I ENV     : removeItem:74:/lsync/env/tmp.db removed
04-09 17:15:03.957  2712  2712 I wpa_supplicant: Successfully initialized wpa_supplicant
04-09 17:15:03.970  2712  2712 I wpa_supplicant: rfkill: Cannot open RFKILL control device
04-09 17:15:04.004  2715  2715 I main_sourceswitch: ServiceManager: 0xabf16f88
04-09 17:15:04.006  2714  2714 E LUCI_FACTORY: LUCIFactory::registerBuiltinFactories
04-09 17:15:04.008  2715  2715 E luci_helper: LUCIHelper: Waiting for Module Init
04-09 17:15:04.009  2715  2715 E luci_helper: LUCIHelper: Waiting for Module Init
04-09 17:15:04.014  2714  2714 E LUCI_SERVER: IP = 0
04-09 17:15:04.031  2713  2713 E luci_helper: LUCIHelper: Waiting for Module Init
04-09 17:15:04.031  2713  2713 E luci_helper: LUCIHelper: Waiting for Module Init
04-09 17:15:04.032  2713  2713 E yani_server: YaniServer FAILED TO GET LuciHelper
04-09 17:15:04.082  2713  2713 E luci_helper: LUCIHelper: Waiting for Module Init
04-09 17:15:04.082  2713  2713 E yani_server: YaniServer FAILED TO GET LuciHelper
04-09 17:15:04.083  2693  2693 I sh      : Simple mixer control 'Master',0
04-09 17:15:04.083  2693  2693 I sh      :   Capabilities: volume pswitch pswitch-joined
04-09 17:15:04.083  2693  2693 I sh      :   Playback channels: Front Left - Front Right
04-09 17:15:04.083  2693  2693 I sh      :   Capture channels: Front Left - Front Right
04-09 17:15:04.083  2693  2693 I sh      :   Limits: 0 - 100
04-09 17:15:04.089  2712  2712 I wpa_supplicant: MPM: Debug Dialog Token initialized 1815725561 (0x6c39c5f9)
04-09 17:15:04.099  2712  2712 I wpa_supplicant: wlan0: CTRL-EVENT-REGDOM-CHANGE init=USER type=COUNTRY alpha2=US
04-09 17:15:04.108  2693  2693 I sh      :   Front Left: 30 [30%] [-10.45dB] Playback [on]
04-09 17:15:04.108  2693  2693 I sh      :   Front Right: 30 [30%] [-10.45dB] Playback [on]
04-09 17:15:04.112  2714  2714 E luciUART: bufff write ? = 1 
04-09 17:15:04.113  2714  2714 E luciUART: tcsetattr succeed
04-09 17:15:04.114  2714  2723 E LUCI_SERVER: Luci Server Thread waiting for packets....
04-09 17:15:04.174  2711  2711 I         : [0409/044504.173716:INFO:cast_auth_check.cc(163)] Cast auth test is successful.
04-09 17:15:04.543  2713  2725 E yani_kernel: Interface status 0
04-09 17:15:04.550  2713  2725 I yani_kernel: set_device_name() Interface 'wlan0' MAC Address 'cc:90:93:21:f3:84' FriendlyName 'Lyric Speaker Box 21f384' status '0'
04-09 17:15:04.551  2713  2725 I yani_server: First boot after Factory reset! Friendly Name modified Lyric Speaker Box  -> Lyric Speaker Box 21f384
04-09 17:15:04.557  2714  2714 I lucitransport: writeRemoteMessage() MID = 90 buffer = Lyric Speaker Box 21f384
04-09 17:15:04.557  2714  2714 I luciUART: write() MID = 90  bytes = 34 data = Lyric Speaker Box 21f384 m_fd = 0x5
04-09 17:15:04.557  2714  2714 I lucitransport: writeLocalMessage() MID = 90 buffer = Lyric Speaker Box 21f384
04-09 17:15:04.557  2714  2723 E LUCI_SERVER: Luci Server Thread wait over MID 90....
04-09 17:15:04.559  2713  2725 E yani_server: Device Supports CastSetup 1
04-09 17:15:04.559  2713  2725 I yani_kernel: yani_init_net() Success Netlink socket fd 6
04-09 17:15:04.562  2713  2725 E WifiHW  : wifi_start_supplicant
04-09 17:15:04.562  2713  2725 E WifiHW  : wifi_start_ctl.start : wpa_supplicant
04-09 17:15:04.587  2714  2723 E LUCI_SERVER: Luci Server Thread waiting for packets....
04-09 17:15:04.763  2713  2725 E WifiHW  : wifi_connect_to_supplicant : wlan0
04-09 17:15:04.764  2713  2725 E WifiHW  : wifi_connect_on_socket_path1 : wlan0
04-09 17:15:04.766  2713  2725 E yani_wifi: enable_disable_net_if() Failed SIOCGIFFLAGS for interface 'wlan1' enable '0'
04-09 17:15:04.771  2713  2725 I yani_wifi: configure_wifi() SSID '' security '' passphrase '********' Country 'US'
04-09 17:15:05.961  2693  2693 I sh      : LSDeviceService: not found
04-09 17:15:06.045  2734  2734 I NetMgr  : Net_Mgr starting
04-09 17:15:06.047  2734  2734 I HotspotManager: Default WiFi Interface : wlan0
04-09 17:15:06.066  2734  2734 I NetworkMonitor: WiFi Interface : wlan0
04-09 17:15:06.067  2734  2734 I NetworkMonitor: Default WiFi Interface : wlan0
04-09 17:15:06.074  2734  2743 I NetworkMonitor: Start monitor thread
04-09 17:15:06.079  2730  2730 E         :  Start MessageBox Handler 
04-09 17:15:06.084  2731  2731 E UIModeManager: UIModeManager Constructor ++
04-09 17:15:06.084  2734  2743 E WifiUtil: command: "SCAN" failed: FAIL-BUSY
04-09 17:15:06.091  2737  2737 E dhcpcd  : eth0: interface not found or invalid
04-09 17:15:06.094  2730  2750 E MB_HANDLER: HOST present 1
04-09 17:15:06.096  2731  2731 I AirableUIHelper: AirableUIHelper Contructor 
04-09 17:15:06.098  2730  2750 E MB_HANDLER:  REGISTERED YANI LISTENER IN MessageBoxHandler
04-09 17:15:06.100  2731  2731 E AirableUIHelper:  Airable ENV_AirableBaseURL_ID Envitem returned failed!!!
04-09 17:15:06.100  2730  2750 E         : External Host present 1
04-09 17:15:06.100  2730  2750 E MB_HANDLER: REGISTERED ExternalSource IN MessageBoxHandler
04-09 17:15:06.105  2731  2731 E AirableUIHelper:  Airable ENV_AirableSecret_ID Envitem returned failed!!!
04-09 17:15:06.105  2731  2731 E AirableUIHelper: Airable Secret =  
04-09 17:15:06.108  2730  2750 E MB_HANDLER: Check Device Support ENV_CastSetup true ENV_GoogleCast_ID true 
04-09 17:15:06.108  2714  2714 I lucitransport: readRemoteMessage() MID char = 43689 buffer = 1
04-09 17:15:06.109  2714  2714 I lucitransport: writeRemoteMessage() MID = 43690 buffer = ªªªªª
04-09 17:15:06.109  2714  2714 I luciUART: write() MID = 43690  bytes = 15 data = ªªªªª m_fd = 0x5
04-09 17:15:06.109  2730  2750 E MB_HANDLER: LUCI UART READY MSG!!
04-09 17:15:06.109  2730  2750 E MB_HANDLER: Set Default Network Status on Bootup 0#1,0#2,0#3,0#4,0!
04-09 17:15:06.109  2714  2714 I lucitransport: writeRemoteMessage() MID = 124 buffer = 0#1,0#2,0#3,0#4,0
04-09 17:15:06.109  2714  2714 I luciUART: write() MID = 124  bytes = 27 data = 0#1,0#2,0#3,0#4,0 m_fd = 0x5
04-09 17:15:06.109  2714  2714 I lucitransport: readRemoteMessage() MID char = 43689 buffer = 1
04-09 17:15:06.110  2714  2714 I lucitransport: readRemoteMessage() MID char = 38 buffer = (null)
04-09 17:15:06.110  2714  2714 I lucitransport: readRemoteMessage() MID char = 35 buffer = 0
04-09 17:15:06.111  2730  2750 E MB_HANDLER: boot_after_factory : 1
04-09 17:15:06.113  2737  2737 D dhcpcd  : wlan0: adding address fe80::ce90:93ff:fe21:f384
04-09 17:15:06.113  2731  2731 I UIModeManager: RegisterModeControl Mode - PlayMode ModeControl - 0xac9ffc30
04-09 17:15:06.113  2731  2731 I ServiceManager: Waiting for service media.player...
04-09 17:15:06.116  2730  2750 I MB_HANDLER: Env Details: LS-Host '1' Cast-Setup 'true'
04-09 17:15:06.117  2730  2750 E MB_HANDLER: Message Handler Thread waiting for messages....
04-09 17:15:06.118  2714  2722 E luciUART: UART:aa
04-09 17:15:06.118  2714  2722 E luciUART: UART:aa
04-09 17:15:06.118  2714  2722 E luciUART: UART:2
04-09 17:15:06.118  2714  2722 E luciUART: UART:0
04-09 17:15:06.118  2714  2722 E luciUART: UART:9
04-09 17:15:06.118  2714  2722 E luciUART: UART:0
04-09 17:15:06.118  2714  2722 I chatty  : uid=0(root) UARTLUCIControl identical 2 lines
04-09 17:15:06.118  2714  2722 E luciUART: UART:0
04-09 17:15:06.123  2714  2723 I luciUART: write() MID = 208  bytes = 21 data = MCUVersion: m_fd = 0x5
04-09 17:15:06.123  2714  2723 E LUCI_SERVER: NV_READ response= MCUVersion:
04-09 17:15:06.123  2714  2723 E LUCI_SERVER: Luci Server Thread waiting for packets....
04-09 17:15:06.124  2714  2722 E luciUART: UART:0
04-09 17:15:06.124  2714  2722 E luciUART: UART:5b
04-09 17:15:06.124  2714  2722 E luciUART: UART:0
04-09 17:15:06.124  2714  2722 I chatty  : uid=0(root) UARTLUCIControl identical 3 lines
04-09 17:15:06.124  2714  2722 E luciUART: UART:0
04-09 17:15:06.124  2714  2722 I luciUART: read() RemoteID = 43690 Command = 91 Type = 2 Status = 0 DataLen = 0
04-09 17:15:06.124  2714  2722 E luciUART: UART:aa
04-09 17:15:06.124  2714  2723 E LUCI_SERVER: Luci Server Thread wait over MID 91....
04-09 17:15:06.124  2714  2722 E luciUART: UART:aa
04-09 17:15:06.124  2714  2722 E luciUART: UART:2
04-09 17:15:06.124  2714  2723 E LUCI_SERVER: setting mid[91] to NULL
04-09 17:15:06.124  2714  2722 E luciUART: UART:0
04-09 17:15:06.124  2714  2722 E luciUART: UART:d0
04-09 17:15:06.124  2714  2722 E luciUART: UART:0
04-09 17:15:06.124  2714  2722 I chatty  : uid=0(root) UARTLUCIControl identical 2 lines
04-09 17:15:06.124  2714  2722 E luciUART: UART:0
04-09 17:15:06.124  2714  2722 E luciUART: UART:c
04-09 17:15:06.124  2714  2722 I luciUART: read() RemoteID = 43690 Command = 208 Type = 2 Status = 0 DataLen = 12
04-09 17:15:06.124  2714  2722 E luciUART: Error: full data not available yet! readBytes 0
04-09 17:15:06.124  2714  2722 I luciUART: Previous Packet read contd., 
04-09 17:15:06.124  2714  2722 E luciUART: UART:52
04-09 17:15:06.124  2714  2722 I luciUART: Previous Packet read contd., 
04-09 17:15:06.124  2714  2722 E luciUART: UART:45
04-09 17:15:06.124  2714  2722 I luciUART: Previous Packet read contd., 
04-09 17:15:06.124  2714  2722 E luciUART: UART:41
04-09 17:15:06.124  2714  2722 I luciUART: Previous Packet read contd., 
04-09 17:15:06.124  2714  2722 E luciUART: UART:44
04-09 17:15:06.124  2714  2722 I luciUART: Previous Packet read contd., 
04-09 17:15:06.125  2714  2722 E luciUART: UART:5f
04-09 17:15:06.125  2714  2722 I luciUART: Previous Packet read contd., 
04-09 17:15:06.125  2714  2722 E luciUART: UART:43
04-09 17:15:06.125  2714  2722 I luciUART: Previous Packet read contd., 
04-09 17:15:06.125  2714  2722 E luciUART: UART:6f
04-09 17:15:06.125  2714  2722 I luciUART: Previous Packet read contd., 
04-09 17:15:06.125  2714  2722 E luciUART: UART:75
04-09 17:15:06.125  2714  2722 I luciUART: Previous Packet read contd., 
04-09 17:15:06.125  2714  2722 E luciUART: UART:6e
04-09 17:15:06.125  2730  2749 E MB_HANDLER: Messagebox_handler::MessageBoxAlert id = 91
04-09 17:15:06.125  2714  2722 I luciUART: Previous Packet read contd., 
04-09 17:15:06.125  2714  2722 E luciUART: UART:74
04-09 17:15:06.125  2714  2722 I luciUART: Previous Packet read contd., 
04-09 17:15:06.125  2714  2722 E luciUART: UART:72
04-09 17:15:06.125  2714  2722 I luciUART: Previous Packet read contd., 
04-09 17:15:06.125  2714  2722 E luciUART: UART:79
04-09 17:15:06.125  2714  2722 E luciUART: UART:aa
04-09 17:15:06.125  2714  2722 E luciUART: UART:aa
04-09 17:15:06.125  2714  2722 E luciUART: UART:1
04-09 17:15:06.125  2714  2722 E luciUART: UART:aa
04-09 17:15:06.133  2714  2723 I luciUART: write() MID = 208  bytes = 15 data = ssid: m_fd = 0x5
04-09 17:15:06.133  2714  2723 E LUCI_SERVER: NV_READ response= ssid:
04-09 17:15:06.133  2714  2723 E LUCI_SERVER: Luci Server Thread waiting for packets....
04-09 17:15:06.145  2714  2722 E luciUART: UART:aa
04-09 17:15:06.145  2714  2722 E luciUART: UART:aa
04-09 17:15:06.145  2714  2722 E luciUART: UART:2
04-09 17:15:06.145  2714  2722 E luciUART: UART:0
04-09 17:15:06.145  2714  2722 E luciUART: UART:d0
04-09 17:15:06.145  2714  2722 E luciUART: UART:0
04-09 17:15:06.145  2714  2722 I chatty  : uid=0(root) UARTLUCIControl identical 2 lines
04-09 17:15:06.145  2714  2722 E luciUART: UART:0
04-09 17:15:06.145  2714  2722 E luciUART: UART:9
04-09 17:15:06.145  2714  2722 I luciUART: read() RemoteID = 43690 Command = 208 Type = 2 Status = 0 DataLen = 9
04-09 17:15:06.145  2714  2722 E luciUART: Error: full data not available yet! readBytes 0
04-09 17:15:06.145  2714  2722 I luciUART: Previous Packet read contd., 
04-09 17:15:06.145  2714  2722 E luciUART: UART:52
04-09 17:15:06.145  2714  2722 I luciUART: Previous Packet read contd., 
04-09 17:15:06.145  2714  2722 E luciUART: UART:45
04-09 17:15:06.145  2714  2722 I luciUART: Previous Packet read contd., 
04-09 17:15:06.146  2714  2722 E luciUART: UART:41
04-09 17:15:06.146  2714  2722 I luciUART: Previous Packet read contd., 
04-09 17:15:06.146  2714  2722 E luciUART: UART:44
04-09 17:15:06.146  2714  2722 I luciUART: Previous Packet read contd., 
04-09 17:15:06.146  2714  2722 E luciUART: UART:5f
04-09 17:15:06.146  2714  2722 I luciUART: Previous Packet read contd., 
04-09 17:15:06.146  2714  2722 E luciUART: UART:73
04-09 17:15:06.146  2714  2722 I luciUART: Previous Packet read contd., 
04-09 17:15:06.146  2714  2722 E luciUART: UART:73
04-09 17:15:06.146  2714  2722 I luciUART: Previous Packet read contd., 
04-09 17:15:06.146  2714  2722 E luciUART: UART:69
04-09 17:15:06.146  2714  2722 I luciUART: Previous Packet read contd., 
04-09 17:15:06.146  2714  2722 E luciUART: UART:64
04-09 17:15:06.146  2714  2723 E LUCI_SERVER: Luci Server Thread wait over MID 208....
04-09 17:15:06.146  2714  2723 E LUCI_SERVER: Got NV name : ssid
04-09 17:15:06.146  2714  2722 E luciUART: UART:aa
04-09 17:15:06.146  2714  2722 E luciUART: UART:aa
04-09 17:15:06.146  2714  2722 E luciUART: UART:2
04-09 17:15:06.146  2714  2722 E luciUART: UART:0
04-09 17:15:06.146  2714  2722 E luciUART: UART:6
04-09 17:15:06.147  2714  2722 E luciUART: UART:0
04-09 17:15:06.147  2714  2722 I chatty  : uid=0(root) UARTLUCIControl identical 2 lines
04-09 17:15:06.147  2714  2722 E luciUART: UART:0
04-09 17:15:06.147  2714  2722 E luciUART: UART:4
04-09 17:15:06.147  2714  2722 I luciUART: read() RemoteID = 43690 Command = 6 Type = 2 Status = 0 DataLen = 4
04-09 17:15:06.149  2714  2722 E luciUART: UART:2
04-09 17:15:06.149  2714  2722 E luciUART: UART:0
04-09 17:15:06.149  2714  2722 I chatty  : uid=0(root) UARTLUCIControl identical 1 line
04-09 17:15:06.149  2714  2722 E luciUART: UART:0
04-09 17:15:06.149  2714  2722 E luciUART: UART:13
04-09 17:15:06.149  2714  2722 I luciUART: read() RemoteID = 43690 Command = 208 Type = 2 Status = 0 DataLen = 19
04-09 17:15:06.149  2714  2722 E luciUART: Error: full data not available yet! readBytes 0
04-09 17:15:06.149  2714  2722 E luciUART: UART:52
04-09 17:15:06.149  2714  2722 I luciUART: Previous Packet read contd., 
04-09 17:15:06.149  2714  2722 I luciUART: Previous Packet read contd., 
04-09 17:15:06.149  2714  2722 E luciUART: UART:41
04-09 17:15:06.149  2714  2722 I luciUART: Previous Packet read contd., 
04-09 17:15:06.149  2714  2722 E luciUART: UART:44
04-09 17:15:06.149  2714  2722 E luciUART: UART:5f
04-09 17:15:06.149  2730  2750 E MB_HANDLER: Message Handler Thread wait over MID[6]....
04-09 17:15:06.149  2714  2722 E luciUART: UART:66
04-09 17:15:06.149  2714  2722 I luciUART: Previous Packet read contd., 
04-09 17:15:06.149  2714  2722 E luciUART: UART:77
04-09 17:15:06.149  2714  2723 I luciUART: write() MID = 6  bytes = 10 data =  m_fd = 0x5
04-09 17:15:06.149  2714  2722 I luciUART: Previous Packet read contd., 
04-09 17:15:06.149  2714  2723 E LUCI_SERVER: Luci Server Thread waiting for packets....
04-09 17:15:06.160  2714  2723 I luciUART: write() MID = 208  bytes = 67 data = fwdownload_xml:https://openotaengine.libreiotcloud.com/v1 m_fd = 0x5
04-09 17:15:06.160  2714  2723 E LUCI_SERVER: NV_READ response= fwdownload_xml:https://openotaengine.libreiotcloud.com/v1
04-09 17:15:06.160  2714  2723 E LUCI_SERVER: Luci Server Thread waiting for packets....
04-09 17:15:06.160  2735  2735 I bt_btif : init
04-09 17:15:06.161  2730  2750 E MB_HANDLER: Message Handler Thread waiting for messages....
04-09 17:15:06.162  2735  2735 D bt_osi_allocation_tracker: canary initialized
04-09 17:15:06.165  2735  2762 I bt_osi_thread: run_thread: thread id 2762, thread name stack_manager started
04-09 17:15:06.166  2735  2762 I bt_stack_manager: event_init_stack is initializing the stack
04-09 17:15:06.170  2735  2762 E bt_osi_config: config_new unable to open file '/data/misc/bluedroid/bt_config.conf': No such file or directory
04-09 17:15:06.171  2735  2762 W bt_btif_config: init unable to load config file: /data/misc/bluedroid/bt_config.conf; using backup.
04-09 17:15:06.171  2735  2762 E bt_osi_config: config_new unable to open file '/data/misc/bluedroid/bt_config.bak': No such file or directory
04-09 17:15:06.171  2735  2762 W bt_btif_config: init unable to load backup; attempting to transcode legacy file.
04-09 17:15:06.172  2735  2762 E bt_btif_config_transcode: btif_config_transcode unable to load XML file '/data/misc/bluedroid/bt_config.xml': 3
04-09 17:15:06.173  2735  2762 E bt_btif_config: init unable to transcode legacy file; creating empty config.
04-09 17:15:06.174  2735  2767 I bt_osi_thread: run_thread: thread id 2767, thread name alarm_default_ca started
04-09 17:15:06.175  2735  2768 I bt_osi_thread: run_thread: thread id 2768, thread name alarm_dispatcher started
04-09 17:15:06.178  2734  2744 E CommandListener: Message not handled: unrecognized interface usb0
04-09 17:15:06.178  2734  2744 W FrameworkListener: Handler 'Iface' error (Success)
04-09 17:15:06.178  2734  2744 E CommandListener: Message not handled: unrecognized interface usb0
04-09 17:15:06.178  2734  2744 W FrameworkListener: Handler 'Iface' error (Success)
04-09 17:15:06.179  2735  2762 I bt_btif_core: btif_init_bluetooth entered
04-09 17:15:06.182  2735  2762 I bt_stack_config: init attempt to load stack conf from /etc/bluetooth/bt_stack.conf
04-09 17:15:06.184  2735  2772 I bt_osi_thread: run_thread: thread id 2772, thread name bt_jni_workqueue started
04-09 17:15:06.184  2735  2762 I bt_btif_core: btif_init_bluetooth finished
04-09 17:15:06.185  2735  2762 I bt_stack_manager: event_init_stack finished
04-09 17:15:06.185  2735  2735 I bt_osi_wakelock: wakelock_set_os_callouts set to non-native
04-09 17:15:06.187  2735  2772 I bt_btif_core: run_message_loop entered
04-09 17:15:06.187  2735  2735 I bt_btif : get_profile_interface: id = gatt
04-09 17:15:06.190  2735  2735 I bt_btif : get_profile_interface: id = a2dp
04-09 17:15:06.191  2735  2735 I bt_btif : get_profile_interface: id = a2dp_sink
04-09 17:15:06.191  2734  2744 E CommandListener: Message not handled: unrecognized interface usb0
04-09 17:15:06.191  2734  2744 W FrameworkListener: Handler 'Iface' error (Success)
04-09 17:15:06.192  2734  2744 E CommandListener: Message not handled: unrecognized interface usb0
04-09 17:15:06.192  2734  2744 W FrameworkListener: Handler 'Iface' error (Success)
04-09 17:15:06.192  2734  2744 E CommandListener: Message not handled: unrecognized interface usb0
04-09 17:15:06.192  2734  2744 W FrameworkListener: Handler 'Iface' error (Success)
04-09 17:15:06.194  2734  2744 E CommandListener: Message not handled: unrecognized interface usb0
04-09 17:15:06.194  2734  2744 W FrameworkListener: Handler 'Iface' error (Success)
04-09 17:15:06.204  2735  2777 I bt_osi_thread: run_thread: thread id 2777, thread name btif_a2dp_sink_w started
04-09 17:15:06.216  2735  2735 D a2dp_codec: init
04-09 17:15:06.218  2735  2735 D a2dp_codec: createCodec: codec SBC
04-09 17:15:06.221  2735  2735 D a2dp_codec: createCodec: codec AAC
04-09 17:15:06.222  2735  2735 D a2dp_codec: createCodec: codec aptX
04-09 17:15:06.224  2735  2735 E a2dp_vendor_aptx_encoder: A2DP_VendorLoadEncoderAptx: cannot open aptX encoder library libaptX_encoder.so: libaptX_encoder.so: cannot open shared object file: No such file or directory
04-09 17:15:06.224  2735  2735 E a2dp_vendor_aptx: init: cannot load the encoder
04-09 17:15:06.224  2735  2735 D a2dp_codec: createCodec: codec aptX-HD
04-09 17:15:06.226  2735  2735 E a2dp_vendor_aptx_hd_encoder: A2DP_VendorLoadEncoderAptxHd: cannot open aptX-HD encoder library libaptXHD_encoder.so: libaptXHD_encoder.so: cannot open shared object file: No such file or directory
04-09 17:15:06.226  2735  2735 E a2dp_vendor_aptx_hd: init: cannot load the encoder
04-09 17:15:06.228  2735  2735 D a2dp_codec: createCodec: codec LDAC
04-09 17:15:06.228  2735  2735 E a2dp_vendor_ldac_encoder: A2DP_VendorLoadEncoderLdac: cannot open LDAC encoder library libldacBT_enc.so: libldacBT_enc.so: cannot open shared object file: No such file or directory
04-09 17:15:06.228  2735  2735 E a2dp_vendor_ldac: init: cannot load the encoder
04-09 17:15:06.228  2735  2735 D a2dp_codec: createCodec: codec SBC SINK
04-09 17:15:06.228  2735  2735 D a2dp_codec: createCodec: codec AAC SINK
04-09 17:15:06.228  2735  2735 I a2dp_codec: init: initialized Source codec AAC
04-09 17:15:06.228  2735  2735 I a2dp_codec: init: initialized Source codec SBC
04-09 17:15:06.229  2735  2735 I a2dp_codec: init: initialized Sink codec AAC(Sink)
04-09 17:15:06.229  2735  2735 I a2dp_codec: init: initialized Sink codec SBC(Sink)
04-09 17:15:06.229  2735  2735 W bt_btif : ## ON A2DP IDLE ## peer_sep = 0
04-09 17:15:06.229  2735  2735 I bt_btif : get_profile_interface: id = avrcp
04-09 17:15:06.230  2735  2735 I bt_btif : get_profile_interface: id = avrcp_ctrl
04-09 17:15:06.231  2735  2735 I bt_btif : get_profile_interface: id = hidhost
04-09 17:15:06.254  2735  2735 I bluetoothtbd: [0409/044506.254169:INFO:daemon.cc(168)] Daemon initialized
04-09 17:15:06.255  2735  2735 I bt_btif : enable: start restricted = 0
04-09 17:15:06.255  2735  2762 I bt_stack_manager: event_start_up_stack is bringing up the stack
04-09 17:15:06.255  2735  2762 I bt_core_module: module_start_up Starting module "btif_config_module"
04-09 17:15:06.255  2735  2762 I bt_core_module: module_start_up Started module "btif_config_module"
04-09 17:15:06.255  2735  2762 I bt_core_module: module_start_up Starting module "btsnoop_module"
04-09 17:15:06.255  2735  2762 I bt_core_module: module_start_up Started module "btsnoop_module"
04-09 17:15:06.256  2735  2762 I bt_core_module: module_start_up Starting module "hci_module"
04-09 17:15:06.256  2735  2762 I bt_hci  : hci_module_start_up
04-09 17:15:06.257  2735  2786 I bt_osi_thread: run_thread: thread id 2786, thread name hci_thread started
04-09 17:15:06.258  2735  2762 D bt_hci  : hci_module_start_up starting async portion
04-09 17:15:06.259  2735  2786 I bluetoothtbd: [0409/044506.259499:INFO:hci_layer_linux.cc(172)] hci_initialize
04-09 17:15:06.259  2735  2786 I bluetoothtbd: [0409/044506.259713:INFO:hci_layer_linux.cc(184)] Using interface hci0
04-09 17:15:06.259  2735  2786 I bluetoothtbd: [0409/044506.259788:INFO:hci_layer_linux.cc(378)] rfkill
04-09 17:15:06.275  2789  2789 I dnsmasq : started, version 2.51 cachesize 150
04-09 17:15:06.275  2789  2789 I dnsmasq : compile time options: no-IPv6 GNU-getopt no-DBus no-I18N DHCP no-scripts no-TFTP
04-09 17:15:06.275  2789  2789 I dnsmasq : DHCP, IP range 192.168.10.3 -- 192.168.10.10, lease time 12h
04-09 17:15:06.278  2789  2789 I dnsmasq : reading /etc/resolv.conf
04-09 17:15:06.278  2789  2789 I dnsmasq : using nameserver 8.8.8.8#53
04-09 17:15:06.278  2789  2789 I dnsmasq : read /etc/hosts - 1 addresses
04-09 17:15:06.283  2737  2737 D dhcpcd  : no interfaces have a carrier
04-09 17:15:06.283  2737  2737 D dhcpcd  : wlan0: waiting for carrier
04-09 17:15:06.609  2734  2744 E CommandListener: Message not handled: unrecognized interface usb0
04-09 17:15:06.610  2734  2744 W FrameworkListener: Handler 'Iface' error (Success)
04-09 17:15:06.672  2735  2786 I bluetoothtbd: [0409/044506.672446:INFO:hci_layer_linux.cc(295)] wait_hcidev
04-09 17:15:06.672  2735  2786 I bluetoothtbd: [0409/044506.672744:INFO:hci_layer_linux.cc(332)] Do poll() with timeout of 3000ms
04-09 17:15:06.674  2735  2786 I bluetoothtbd: [0409/044506.674329:INFO:hci_layer_linux.cc(228)] HCI device ready
04-09 17:15:06.674  2735  2786 I bt_hci  : event_finish_startup
04-09 17:15:06.675  2735  2762 I bt_core_module: module_start_up Started module "hci_module"
04-09 17:15:06.677  2735  2813 I bt_osi_thread: run_thread: thread id 2813, thread name bt_workqueue started
04-09 17:15:06.677  2735  2813 I bluetoothtbd: [0409/044506.677777:INFO:btu_task.cc(107)] Bluetooth chip preload is complete
04-09 17:15:06.684  2735  2813 I         : No vendor HCI socket available. Won't create SocketWriter.
04-09 17:15:06.692  2735  2813 I bluetoothtbd: [0409/044506.692399:INFO:gatt_api.cc(1005)] GATT_Register
04-09 17:15:06.694  2735  2813 I bluetoothtbd: [0409/044506.694089:INFO:gatt_api.cc(1028)] allocated gatt_if=1
04-09 17:15:06.695  2735  2813 I bluetoothtbd: [0409/044506.695628:INFO:gatt_api.cc(207)] GATTS_AddService
04-09 17:15:06.696  2735  2813 I bluetoothtbd: [0409/044506.696669:INFO:gatt_api.cc(317)] GATTS_AddService: service parsed correctly, now starting
04-09 17:15:06.698  2735  2813 E bluetoothtbd: [0409/044506.697573:ERROR:gatt_attr.cc(302)] gatt_profile_db_init:  gatt_if=1
04-09 17:15:06.704  2735  2813 I bluetoothtbd: [0409/044506.704616:INFO:gatt_api.cc(1005)] GATT_Register
04-09 17:15:06.704  2735  2813 I bluetoothtbd: [0409/044506.704761:INFO:gatt_api.cc(1028)] allocated gatt_if=2
04-09 17:15:06.704  2735  2813 I bluetoothtbd: [0409/044506.704814:INFO:gatt_api.cc(207)] GATTS_AddService
04-09 17:15:06.704  2735  2813 I bluetoothtbd: [0409/044506.704866:INFO:gatt_api.cc(317)] GATTS_AddService: service parsed correctly, now starting
04-09 17:15:06.708  2735  2814 I bt_osi_thread: run_thread: thread id 2814, thread name btu message loop started
04-09 17:15:06.768  2735  2815 I bt_osi_thread: run_thread: thread id 2815, thread name module_wrapper started
04-09 17:15:06.768  2735  2815 I bt_core_module: module_start_up Starting module "controller_module"
04-09 17:15:06.774  2713  2725 I yani_server: ifindexeth0 0 ifindexwlan0 5 ifindexp2p0 6 ifindexwlan1 0
04-09 17:15:06.775  2713  2725 I yani_server: NetLink Event '-1' Interface-Index '5' WLAN '0' Ethernet '-1' Parsed-iFill '-1' -> 'INVALID' ifIndex '1' -> 'lo'
04-09 17:15:06.775  2713  2725 I yani_kernel: yani_geteventfrom_changeaddr() Message-Id '1' Netlink event '16' Interface Index '5' -> Name 'wlan0' 
04-09 17:15:06.776  2713  2725 I yani_kernel: yani_geteventfrom_changeaddr() Message-Id '1' Netlink event '16' Interface Index '9' -> Name 'usb0' 
04-09 17:15:06.777  2713  2725 I yani_kernel: yani_geteventfrom_changeaddr() Message-Id '1' Netlink event '16' Interface Index '9' -> Name 'usb0' 
04-09 17:15:06.778  2713  2725 I yani_kernel: yani_geteventfrom_changeaddr() Message-Id '1' Netlink event '20' Interface Index '9' -> Name 'usb0' 
04-09 17:15:06.779  2713  2725 I yani_kernel: yani_geteventfrom_changeaddr() Message-Id '1' Netlink event '16' Interface Index '9' -> Name 'usb0' 
04-09 17:15:06.780  2713  2725 I yani_kernel: yani_geteventfrom_changeaddr() Message-Id '1' Netlink event '21' Interface Index '9' -> Name 'usb0' 
04-09 17:15:06.781  2713  2725 I yani_kernel: yani_geteventfrom_changeaddr() Message-Id '1' Netlink event '20' Interface Index '9' -> Name 'usb0' 
04-09 17:15:06.782  2713  2725 I yani_kernel: yani_geteventfrom_changeaddr() Message-Id '1' Netlink event '16' Interface Index '9' -> Name 'usb0' 
04-09 17:15:06.936  2735  2815 I bt_core_module: module_start_up Started module "controller_module"
04-09 17:15:06.937  2735  2815 W bt_osi_thread: run_thread: thread id 2815, thread name module_wrapper exited
04-09 17:15:06.940  2735  2813 W bt_btm  : btm_decode_ext_features_page: feature page 1 ignored
04-09 17:15:06.940  2735  2813 W bt_btm  : btm_decode_ext_features_page: feature page 2 ignored
04-09 17:15:06.941  2735  2814 I bt_btm_sec: BTM_SecRegister p_cb_info->p_le_callback == 0x0xf6fe7b99
04-09 17:15:06.942  2735  2814 I bt_btm_sec: BTM_SecRegister btm_cb.api.p_le_callback = 0x0xf6fe7b99 
04-09 17:15:06.944  2735  2814 I bluetoothtbd: [0409/044506.944452:INFO:ble_advertiser_hci_interface.cc(736)] Legacy advertising will be in use
04-09 17:15:06.946  2735  2814 I bluetoothtbd: [0409/044506.946898:INFO:gatt_api.cc(1005)] GATT_Register
04-09 17:15:06.947  2735  2814 I bluetoothtbd: [0409/044506.947057:INFO:gatt_api.cc(1028)] allocated gatt_if=3
04-09 17:15:06.962  2735  2814 I bt_bta_av: AVRCP version used for sdp: "avrcp14"
04-09 17:15:06.966  2735  2772 E bt_btif_storage: btif_storage_get_adapter_property: Controller ready!
04-09 17:15:06.967  2735  2772 I bt_btif_storage: btif_storage_get_adapter_property service_mask:0x40000
04-09 17:15:06.967  2735  2772 I bluetoothtbd: [0409/044506.967625:INFO:adapter.cc(551)] Adapter properties changed
04-09 17:15:06.967  2735  2772 I bluetoothtbd: [0409/044506.967752:INFO:adapter.cc(564)] Adapter address changed: CC:90:93:21:F3:85
04-09 17:15:06.967  2735  2772 I bluetoothtbd: [0409/044506.967814:INFO:adapter.cc(573)] Adapter name changed
04-09 17:15:06.968  2735  2772 I bt_btif_core: btif_enable_bluetooth_evt entered: status 0
04-09 17:15:06.968  2735  2772 W bt_btif : btif_enable_bluetooth_evt: Saving the Adapter Address
04-09 17:15:06.968  2735  2772 I bluetoothtbd: [0409/044506.968695:INFO:adapter.cc(551)] Adapter properties changed
04-09 17:15:06.968  2735  2772 I bluetoothtbd: [0409/044506.968784:INFO:adapter.cc(564)] Adapter address changed: CC:90:93:21:F3:85
04-09 17:15:06.968  2735  2772 D bt_hci  : do_postload posting postload work item
04-09 17:15:06.972  2735  2856 I bt_osi_thread: run_thread: thread id 2856, thread name btif_sock started
04-09 17:15:06.975  2735  2772 D bt_bte_conf: Device ID record 1 : primary
04-09 17:15:06.975  2735  2772 D bt_bte_conf:   vendorId            = 000f
04-09 17:15:06.976  2735  2772 D bt_bte_conf:   vendorIdSource      = 0001
04-09 17:15:06.976  2735  2772 D bt_bte_conf:   product             = 1200
04-09 17:15:06.976  2735  2772 D bt_bte_conf:   version             = 1436
04-09 17:15:06.976  2735  2772 D bt_bte_conf:   clientExecutableURL = 
04-09 17:15:06.976  2735  2772 D bt_bte_conf:   serviceDescription  = 
04-09 17:15:06.976  2735  2772 D bt_bte_conf:   documentationURL    = 
04-09 17:15:06.976  2735  2772 D bt_bte_conf: bte_load_did_conf no section named DID2.
04-09 17:15:06.976  2735  2762 I bt_stack_manager: event_start_up_stack finished
04-09 17:15:06.976  2735  2772 I bt_btif_core: btif_enable_bluetooth_evt finished
