04-09 16:00:46.375     0     0 I [    1.418498@2] NET: Registered protocol family 35
04-09 16:00:46.375     0     0 I         : [    1.419170@2] Key type dns_resolver registered
04-09 16:00:46.375     0     0 I         : [    1.420448@2] Registered swp emulation handler
04-09 16:00:46.375     0     0 I         : [    1.420485@2] Registered cp15_barrier emulation handler
04-09 16:00:46.375     0     0 I         : [    1.420870@2] Registered setend emulation handler
04-09 16:00:46.375     0     0 I         : [    1.421402@2] disable EAS feature
04-09 16:00:46.375     0     0 I         : [    1.422467@2] registered taskstats version 1
04-09 16:00:46.375     0     0 W         : [    1.432155@2] dwc3 ff500000.dwc3: Configuration mismatch. dr_mode forced to host
04-09 16:00:46.375     0     0 I         : [    1.936812@2] xhci-hcd xhci-hcd.0.auto: xHCI Host Controller
04-09 16:00:46.375     0     0 I         : [    1.936871@2] xhci-hcd xhci-hcd.0.auto: new USB bus registered, assigned bus number 1
04-09 16:00:46.375     0     0 I         : [    1.938102@2] xhci-hcd xhci-hcd.0.auto: hcc params 0x0220f664 hci version 0x100 quirks 0x02010010
04-09 16:00:46.375     0     0 I         : [    1.938561@2] xhci-hcd xhci-hcd.0.auto: irq 27, io mem 0xff500000
04-09 16:00:46.375     0     0 I         : [    1.940147@3] hub 1-0:1.0: USB hub found
04-09 16:00:46.375     0     0 I         : [    1.940221@3] hub 1-0:1.0: 1 port detected
04-09 16:00:46.375     0     0 I         : [    1.940712@3] xhci-hcd xhci-hcd.0.auto: xHCI Host Controller
04-09 16:00:46.375     0     0 I         : [    1.940970@3] xhci-hcd xhci-hcd.0.auto: new USB bus registered, assigned bus number 2
04-09 16:00:46.375     0     0 I         : [    1.941810@3] usb usb2: We don't know the algorithms for LPM for this host, disabling LPM.
04-09 16:00:46.375     0     0 I         : [    1.943338@3] hub 2-0:1.0: USB hub found
04-09 16:00:46.375     0     0 E         : [    1.943405@3] hub 2-0:1.0: config failed, hub doesn't have any ports! (err -19)
04-09 16:00:46.375     0     0 E         : [    1.944007@3] usb usb2: Unsupported the hub
04-09 16:00:46.375     0     0 I         : [    1.944747@3] aml_vrtc rtc: setting system clock to 2022-04-09 10:30:43 UTC (1649500243)
04-09 16:00:46.375     0     0 D         : [    1.945572@3] dwc_otg ff400000.dwc2_a: dwc_otg_driver_probe(ffffffc01d650c00)
04-09 16:00:46.376     0     0 W [    1.945619@3] dwc_otg: usb0: type: 2 speed: 0, config: 0, dma: 0, id: 0, phy: ffe09000, ctrl: 0
04-09 16:00:46.376     0     0 D         : [    1.945997@3] dwc_otg ff400000.dwc2_a: base=0xffffff8008a40000
04-09 16:00:46.376     0     0 D         : [    1.946003@3] dwc_otg ff400000.dwc2_a: dwc_otg_device=0xffffffc01d516a00
04-09 16:00:46.376     0     0 W [    2.046383@0] dwc_otg: Core Release: 3.10a
04-09 16:00:46.376     0     0 W [    2.046427@0] dwc_otg: Setting default values for core params
04-09 16:00:46.376     0     0 W [    2.046834@0] dwc_otg: curmode: 0, host_only: 0
04-09 16:00:46.376     0     0 D         : [    2.047324@0] dwc_otg ff400000.dwc2_a: DMA config: BURST_DEFAULT
04-09 16:00:46.376     0     0 W [    2.059634@0] dwc_otg: Using Buffer DMA mode
04-09 16:00:46.376     0     0 W [    2.059657@0] dwc_otg: OTG VER PARAM: 1, OTG VER FLAG: 1
04-09 16:00:46.376     0     0 W [    2.060036@0] dwc_otg: Working on port type = SLAVE
04-09 16:00:46.376     0     0 W [    2.060521@0] dwc_otg: Dedicated Tx FIFOs mode
04-09 16:00:46.376     0     0 I [    2.062915@0] input: adc_keypad as /devices/platform/adc_keypad/input/input1
04-09 16:00:46.376     0     0 I         : [    2.065043@3] cpucore_cooling_register, max_cpu_core_num:4
04-09 16:00:46.376     0     0 I [    2.071712@3] gxbb_pm: enter meson_pm_probe!
04-09 16:00:46.376     0     0 I         : [    2.071750@3] no vddio3v3_en pin
04-09 16:00:46.376     0     0 E         : [    2.071913@3] pm-meson aml_pm: Can't get switch_clk81
04-09 16:00:46.376     0     0 I [    2.072436@3] gxbb_pm: meson_pm_probe done
04-09 16:00:46.376     0     0 I         : [    2.073171@3] ALSA device list:
04-09 16:00:46.376     0     0 I [    2.073198@3]   #0: AML-AUGESOUND
04-09 16:00:46.376     0     0 I         : [    2.073693@3] meson_uart ff804000.serial: ttyS3 use xtal(8M) 24000000 change 115200 to 115200
04-09 16:00:46.376     0     0 I         : [    2.079617@3] Freeing unused kernel memory: 6080K
04-09 16:00:46.376     0     0 I [    2.293497@0] ubi0: attaching mtd6
04-09 16:00:46.376     0     0 I [    2.503582@0] ubi0: scanning is finished
04-09 16:00:46.376     0     0 I [    2.507532@1] ubi0: attached mtd6 (name "system", size 100 MiB)
04-09 16:00:46.376     0     0 I [    2.507818@1] ubi0: PEB size: 262144 bytes (256 KiB), LEB size: 253952 bytes
04-09 16:00:46.376     0     0 I [    2.514824@1] ubi0: min./max. I/O unit sizes: 4096/4096, sub-page size 4096
04-09 16:00:46.376     0     0 I [    2.521716@1] ubi0: VID header offset: 4096 (aligned 4096), data offset: 8192
04-09 16:00:46.376     0     0 I [    2.528780@1] ubi0: good PEBs: 400, bad PEBs: 0, corrupted PEBs: 0
04-09 16:00:46.376     0     0 I [    2.534906@1] ubi0: user volume: 1, internal volumes: 1, max. volumes count: 128
04-09 16:00:46.376     0     0 I [    2.542235@1] ubi0: max/mean erase counter: 37/25, WL threshold: 4096, image sequence number: 736763309
04-09 16:00:46.376     0     0 I [    2.551553@1] ubi0: available PEBs: 0, total reserved PEBs: 400, PEBs reserved for bad PEB handling: 40
04-09 16:00:46.376     0     0 I [    2.560875@3] ubi0: background thread "ubi_bgt0d" started, PID 2142
04-09 16:00:46.376     0     0 I         : [    2.566516@1] UBIFS (ubi0:0): background thread "ubifs_bgt0_0" started, PID 2145
04-09 16:00:46.376     0     0 I         : [    2.610457@2] UBIFS (ubi0:0): UBIFS: mounted UBI device 0, volume 0, name "rootfs"
04-09 16:00:46.376     0     0 I         : [    2.612416@2] UBIFS (ubi0:0): LEB size: 253952 bytes (248 KiB), min./max. I/O unit sizes: 4096 bytes/4096 bytes
04-09 16:00:46.376     0     0 I         : [    2.622397@2] UBIFS (ubi0:0): FS size: 87867392 bytes (83 MiB, 346 LEBs), journal size 9404416 bytes (8 MiB, 38 LEBs)
04-09 16:00:46.376     0     0 I         : [    2.632926@2] UBIFS (ubi0:0): reserved for root: 0 bytes (0 KiB)
04-09 16:00:46.376     0     0 I         : [    2.638873@2] UBIFS (ubi0:0): media format: w4/r0 (latest is w4/r0), UUID DC99A6D8-69BA-4DD7-9E44-726260A6E747, small LPT model
04-09 16:00:46.376     0     0 I [    2.883945@2] init: property init
04-09 16:00:46.376     0     0 I [    2.884674@2] init: reading config file
04-09 16:00:46.376     0     0 I [    2.891430@2] init: processing action 0xaac81808 (boot_start)
04-09 16:00:46.376     0     0 I [    2.899177@2] init: command 'boot_start' r=0
04-09 16:00:46.376     0     0 I [    2.900218@2] init: processing action 0xaac7d6b0 (early-init)
04-09 16:00:46.376     0     0 I [    2.904925@2] init: starting 'ueventd'
04-09 16:00:46.376     0     0 I [    2.908204@2] init: command 'start' r=0
04-09 16:00:46.376     0     0 I [    2.911120@2] init: command 'loglevel' r=0
04-09 16:00:46.376     0     0 I [    2.916007@2] init: command 'mount' r=0
04-09 16:00:46.376     0     0 I [    2.917636@1] init: starting ueventd
04-09 16:00:46.376     0     0 I [    2.918429@1] init: /sys/ rule /sys/devices/virtual/input/input* enable
04-09 16:00:46.376     0     0 I [    2.918441@1] init: /sys/ rule /sys/devices/virtual/input/input* poll_delay
04-09 16:00:46.376     0     0 I [    2.918451@1] init: /sys/ rule /sys/devices/virtual/usb_composite/* enable
04-09 16:00:46.376     0     0 I [    2.923981@1] init: adding platform device ffd0f0d0.watchdog
04-09 16:00:46.376     0     0 I [    2.924400@1] init: adding platform device reg-dummy
04-09 16:00:46.376     0     0 I [    2.925065@1] init: adding platform device cpu_iomap
04-09 16:00:46.376     0     0 I [    2.925343@1] init: adding platform device 7400000.ramoops
04-09 16:00:46.376     0     0 I [    2.925615@1] init: adding platform device bt-dev
04-09 16:00:46.376     0     0 I [    2.926198@1] init: adding platform device dummy
04-09 16:00:46.376     0     0 I [    2.973643@2] init: command 'mount' r=0
04-09 16:00:46.376     0     0 I [    3.177004@0] ubi1: attaching mtd7
04-09 16:00:46.376     0     0 I [    3.470619@0] ubi1: scanning is finished
04-09 16:00:46.376     0     0 I [    3.474674@2] ubi1: attached mtd7 (name "chrome", size 140 MiB)
04-09 16:00:46.376     0     0 I [    3.474956@2] ubi1: PEB size: 262144 bytes (256 KiB), LEB size: 253952 bytes
04-09 16:00:46.376     0     0 I [    3.481967@2] ubi1: min./max. I/O unit sizes: 4096/4096, sub-page size 4096
04-09 16:00:46.376     0     0 I [    3.488852@2] ubi1: VID header offset: 4096 (aligned 4096), data offset: 8192
04-09 16:00:46.376     0     0 I [    3.495918@2] ubi1: good PEBs: 560, bad PEBs: 0, corrupted PEBs: 0
04-09 16:00:46.376     0     0 I [    3.502045@2] ubi1: user volume: 1, internal volumes: 1, max. volumes count: 128
04-09 16:00:46.376     0     0 I [    3.509373@2] ubi1: max/mean erase counter: 36/26, WL threshold: 4096, image sequence number: 1458511589
04-09 16:00:46.376     0     0 I [    3.518777@2] ubi1: available PEBs: 0, total reserved PEBs: 560, PEBs reserved for bad PEB handling: 40
04-09 16:00:46.376     0     0 I [    3.528103@1] ubi1: background thread "ubi_bgt1d" started, PID 2555
04-09 16:00:46.376     0     0 I         : [    3.542344@2] UBIFS (ubi1:0): background thread "ubifs_bgt1_0" started, PID 2559
04-09 16:00:46.376     0     0 I         : [    3.568872@3] UBIFS (ubi1:0): recovery needed
04-09 16:00:46.376     0     0 I         : [    3.612630@1] UBIFS (ubi1:0): recovery completed
04-09 16:00:46.376     0     0 I         : [    3.612782@1] UBIFS (ubi1:0): UBIFS: mounted UBI device 1, volume 0, name "chrome"
04-09 16:00:46.376     0     0 I         : [    3.619142@1] UBIFS (ubi1:0): LEB size: 253952 bytes (248 KiB), min./max. I/O unit sizes: 4096 bytes/4096 bytes
04-09 16:00:46.376     0     0 I         : [    3.629133@1] UBIFS (ubi1:0): FS size: 128499712 bytes (122 MiB, 506 LEBs), journal size 9404416 bytes (8 MiB, 38 LEBs)
04-09 16:00:46.376     0     0 I         : [    3.639826@1] UBIFS (ubi1:0): reserved for root: 0 bytes (0 KiB)
04-09 16:00:46.376     0     0 I         : [    3.645780@1] UBIFS (ubi1:0): media format: w4/r0 (latest is w4/r0), UUID 3D7B4A1D-6849-462E-B889-C151DCC94211, small LPT model
04-09 16:00:46.377     0     0 I [    3.688654@3] ubi2: attaching mtd8
04-09 16:00:46.377     0     0 I         : [    3.855405@3]  NAND bbt detect factory Bad block at 17a40000
04-09 16:00:46.377     0     0 I         : [    3.866989@3]  NAND bbt detect factory Bad block at 18000000
04-09 16:00:46.377     0     0 I         : [    3.867056@3]  NAND bbt detect factory Bad block at 18040000
04-09 16:00:46.377     0     0 I [    4.140691@3] ubi2: scanning is finished
04-09 16:00:46.377     0     0 I [    4.145399@3] ubi2: attached mtd8 (name "data", size 213 MiB)
04-09 16:00:46.377     0     0 I [    4.145514@3] ubi2: PEB size: 262144 bytes (256 KiB), LEB size: 253952 bytes
04-09 16:00:46.377     0     0 I [    4.152523@3] ubi2: min./max. I/O unit sizes: 4096/4096, sub-page size 4096
04-09 16:00:46.377     0     0 I [    4.159503@3] ubi2: VID header offset: 4096 (aligned 4096), data offset: 8192
04-09 16:00:46.377     0     0 I [    4.166478@3] ubi2: good PEBs: 849, bad PEBs: 3, corrupted PEBs: 0
04-09 16:00:46.377     0     0 I [    4.172605@3] ubi2: user volume: 2, internal volumes: 1, max. volumes count: 128
04-09 16:00:46.377     0     0 I [    4.179942@3] ubi2: max/mean erase counter: 72/48, WL threshold: 4096, image sequence number: 1018457084
04-09 16:00:46.377     0     0 I [    4.189337@3] ubi2: available PEBs: 0, total reserved PEBs: 849, PEBs reserved for bad PEB handling: 37
04-09 16:00:46.377     0     0 I [    4.198735@0] ubi2: background thread "ubi_bgt2d" started, PID 2567
04-09 16:00:46.377     0     0 I         : [    4.212567@2] UBIFS (ubi2:0): background thread "ubifs_bgt2_0" started, PID 2570
04-09 16:00:46.377     0     0 I         : [    4.239168@1] UBIFS (ubi2:0): recovery needed
04-09 16:00:46.377     0     0 I         : [    4.300769@3] UBIFS (ubi2:0): recovery completed
04-09 16:00:46.377     0     0 I         : [    4.300923@3] UBIFS (ubi2:0): UBIFS: mounted UBI device 2, volume 0, name "factory"
04-09 16:00:46.377     0     0 I         : [    4.307370@3] UBIFS (ubi2:0): LEB size: 253952 bytes (248 KiB), min./max. I/O unit sizes: 4096 bytes/4096 bytes
04-09 16:00:46.377     0     0 I         : [    4.317365@3] UBIFS (ubi2:0): FS size: 10158080 bytes (9 MiB, 40 LEBs), journal size 2285569 bytes (2 MiB, 9 LEBs)
04-09 16:00:46.377     0     0 I         : [    4.327742@3] UBIFS (ubi2:0): reserved for root: 0 bytes (0 KiB)
04-09 16:00:46.377     0     0 I         : [    4.333581@3] UBIFS (ubi2:0): media format: w4/r0 (latest is w4/r0), UUID AD7DC8BC-6ACA-4841-8B12-7A54B54F57E7, small LPT model
04-09 16:00:46.377     0     0 I         : [    4.357082@3] UBIFS (ubi2:1): background thread "ubifs_bgt2_1" started, PID 2573
04-09 16:00:46.377     0     0 I         : [    4.383030@1] UBIFS (ubi2:1): recovery needed
04-09 16:00:46.377     0     0 I         : [    4.472778@0] UBIFS (ubi2:1): recovery completed
04-09 16:00:46.377     0     0 I         : [    4.472935@0] UBIFS (ubi2:1): UBIFS: mounted UBI device 2, volume 1, name "data"
04-09 16:00:46.377     0     0 I         : [    4.479119@0] UBIFS (ubi2:1): LEB size: 253952 bytes (248 KiB), min./max. I/O unit sizes: 4096 bytes/4096 bytes
04-09 16:00:46.377     0     0 I         : [    4.489114@0] UBIFS (ubi2:1): FS size: 189956096 bytes (181 MiB, 748 LEBs), journal size 9404416 bytes (8 MiB, 38 LEBs)
04-09 16:00:46.377     0     0 I         : [    4.499811@0] UBIFS (ubi2:1): reserved for root: 0 bytes (0 KiB)
04-09 16:00:46.377     0     0 I         : [    4.505761@0] UBIFS (ubi2:1): media format: w4/r0 (latest is w4/r0), UUID 34A475AE-5814-4337-8EB7-8868427E3B0E, small LPT model
04-09 16:00:46.377     0     0 I         : [    4.743282@1] aml_wifi wifi: [usb_power_control] Set WiFi power down
04-09 16:00:46.377     0     0 I [    4.744004@1] meson-mmc: [sdio_notify] finish
04-09 16:00:46.377     0     0 I         : [    4.748342@1] aml_wifi wifi: [wifi_power_ioctl] ioctl Set sdio wifi power down!
04-09 16:00:46.377     0     0 I         : [    4.751304@2] UBIFS (ubi0:0): background thread "ubifs_bgt0_0" stops
04-09 16:00:47.442  2586  2586 E         : found the match wifi is: sd8887
04-09 16:00:47.442  2586  2586 E         : wifi_insmod command:insmod /lib/modules/4.9.113/kernel/mrvl/mlan8887.ko 
--------- beginning of system
04-09 16:00:47.508  2606  2606 I wpa_supplicant: Successfully initialized wpa_supplicant
04-09 16:00:47.538  2606  2606 E wpa_supplicant: Could not read interface wlan0 flags: No such device
04-09 16:00:47.541  2606  2606 I wpa_supplicant: nl80211: Driver does not support authentication/association or connect commands
04-09 16:00:47.547  2606  2606 I wpa_supplicant: nl80211: deinit ifname=wlan0 disabled_11b_rates=0
04-09 16:00:47.548  2606  2606 E wpa_supplicant: Could not read interface wlan0 flags: No such device
04-09 16:00:47.551  2606  2606 E wpa_supplicant: wlan0: Failed to initialize driver interface
04-09 16:00:47.618  2586  2586 E         : wifi_insmod command:insmod /lib/modules/4.9.113/kernel/mrvl/sd8xxx.ko cal_data_cfg=mrvl/WlanCalData_ext_LS9x_291119.conf txpwrlimit_cfg=mrvl/txpwrlimit_cfg_8887.bin fw_name=mrvl/sd8887_wlan_a2_p59.bin cfg80211_wext=0xf host_mlme=1 auto_ds=2 fw_serial=1 sta_name="wlan" uap_name="p2p" ps_mode=2 max_uap_bss=2 drvdbg=0x7 reg_alpha2="00"
04-09 16:00:48.738  2586  2586 E         : Load BT driver
04-09 16:00:48.738  2586  2586 E         : found the match wifi is: (null)
04-09 16:00:48.738  2586  2586 E         : wifi_insmod command:insmod /lib/modules/4.9.113/kernel/mrvl/bt8xxx.ko fw_name=mrvl/sd8887_bt_a2_p59.bin bt_fw_serial=0
04-09 16:00:48.867  2690  2690 W sshd    : Failed loading /etc/dropbear/dropbear_rsa_host_key
04-09 16:00:48.867  2690  2690 W sshd    : Failed loading /etc/dropbear/dropbear_dss_host_key
04-09 16:00:48.867  2690  2690 W sshd    : Failed loading /etc/dropbear/dropbear_ecdsa_host_key
04-09 16:00:48.870  2690  2690 I sshd    : Not backgrounding
04-09 16:00:48.897  2698  2698 E writeSerialNo: Writing serial number to unifykey
04-09 16:00:48.922  2692  2692 I sh      : FACTEST:unifykey read success:20 20
04-09 16:00:48.922  2692  2692 I sh      : inbuf=de4f95ffa64d5e74b026  ret=20 serial.txt=de4f95ffa64d5e74b026 bytesread=20 strcmp=0
04-09 16:00:48.942  2696  2696 I ServiceManager: Waiting for service libre.EnvItems...
04-09 16:00:48.982  2699  2699 I ENV     : init 
04-09 16:00:48.983  2699  2699 I ENV     :  First boot 
04-09 16:00:48.983  2699  2699 E ENV     : fileExists:153 /lsync/env/env.db does not exist
04-09 16:00:48.989  2699  2699 D AVS_SDK :  [  1] I sdkVersion: 1.19.1
04-09 16:00:48.989  2699  2699 E ENV     :  FAILED to open:/lsync/env/tmp.db 
04-09 16:00:48.990  2699  2699 I ENV     : removeItem:79:/lsync/env/tmp.db not found
04-09 16:00:48.991  2699  2699 E ENV     : /lsync/env/env.db does not Exist.. tempStorage = 0
04-09 16:00:48.991  2699  2699 I ENV     : createUserDBFromFactoryCfg 
04-09 16:00:48.998  2699  2699 I ENV     : Using /factory/custom/factoryEnv.conf as conf file
04-09 16:00:48.998  2699  2699 I ENV     : removeItem:79:/lsync/env/env.db not found
04-09 16:00:48.998  2699  2699 E ENV     : Error removing /lsync/env/env.db
04-09 16:00:49.061  2699  2699 E ENV     : createUserDBFromFactoryCfg:307: tempStorage is undefined
04-09 16:00:49.061  2699  2699 I ENV     : Using /factory/custom/factoryEnv.conf and /lsync/env/env.db as conf and db file
04-09 16:00:49.061  2699  2699 I ENV     : init 
04-09 16:00:49.061  2699  2699 I ENV     :  First boot 
04-09 16:00:49.062  2699  2699 I ENV     : fileExists:151 /lsync/env/env.db exists
04-09 16:00:49.064  2699  2699 I ENV     : Copied /lsync/env/env.db to /lsync/env/tmp.db
04-09 16:00:49.064  2699  2699 E ENV     : /lsync/env/env.db does not Exist.. tempStorage = abeaedb0
04-09 16:00:49.064  2699  2699 I ENV     : createUserDBFromFactoryCfg 
04-09 16:00:49.067  2699  2699 I ENV     : Using /factory/custom/factoryEnv.conf as conf file
04-09 16:00:49.067  2699  2699 I ENV     : removeItem:74:/lsync/env/env.db removed
04-09 16:00:49.067  2699  2699 I ENV     : Removed /lsync/env/env.db
04-09 16:00:49.080  2699  2699 E ENV     : createUserDBFromFactoryCfg:301: Failed at tempStorage->get_changed
04-09 16:00:49.473  2699  2699 I chatty  : uid=0(root) env_service identical 64 lines
04-09 16:00:49.478  2699  2699 E ENV     : createUserDBFromFactoryCfg:301: Failed at tempStorage->get_changed
04-09 16:00:49.480  2699  2699 E AVS_SDK :  [  1] E SQLiteStatement:SQLiteStatement::stepFailed::Executing the select did not generate a row or complete.:result=19
04-09 16:00:49.480  2699  2699 E AVS_SDK :  [  1] E SQLiteStatement:SQLiteStatement::finalizeFailed::Could release the prepared statement.:rcode=19
04-09 16:00:49.480  2699  2699 E ENV     : createUserDBFromFactoryCfg:286: Failed at m_miscStorage->put
04-09 16:00:49.486  2699  2699 E ENV     : createUserDBFromFactoryCfg:301: Failed at tempStorage->get_changed
04-09 16:00:49.674  2699  2699 I chatty  : uid=0(root) env_service identical 29 lines
04-09 16:00:49.681  2699  2699 E ENV     : createUserDBFromFactoryCfg:301: Failed at tempStorage->get_changed
04-09 16:00:49.681  2699  2699 I ENV     : Using /factory/custom/factoryEnv.conf and /lsync/env/env.db as conf and db file
04-09 16:00:49.682  2699  2699 I ENV     : fileExists:151 /lsync/env/env_bk.db exists
04-09 16:00:49.682  2699  2699 I ENV     : fileExists:151 /factory/custom/factoryEnv_bk.conf exists
04-09 16:00:49.683  2699  2699 I ENV     : removeItem:74:/lsync/env/tmp.db removed
04-09 16:00:51.926  2711  2711 I wpa_supplicant: Successfully initialized wpa_supplicant
04-09 16:00:51.943  2711  2711 I wpa_supplicant: rfkill: Cannot open RFKILL control device
04-09 16:00:51.970  2713  2713 E LUCI_FACTORY: LUCIFactory::registerBuiltinFactories
04-09 16:00:51.977  2714  2714 I main_sourceswitch: ServiceManager: 0xac7d2f88
04-09 16:00:51.979  2714  2714 E luci_helper: LUCIHelper: Waiting for Module Init
04-09 16:00:51.980  2714  2714 E luci_helper: LUCIHelper: Waiting for Module Init
04-09 16:00:51.980  2713  2713 E LUCI_SERVER: IP = 0
04-09 16:00:52.012  2712  2712 E luci_helper: LUCIHelper: Waiting for Module Init
04-09 16:00:52.013  2712  2712 E luci_helper: LUCIHelper: Waiting for Module Init
04-09 16:00:52.017  2712  2712 E yani_server: YaniServer FAILED TO GET LuciHelper
04-09 16:00:52.026  2692  2692 I sh      : Simple mixer control 'Master',0
04-09 16:00:52.026  2692  2692 I sh      :   Capabilities: volume pswitch pswitch-joined
04-09 16:00:52.026  2692  2692 I sh      :   Playback channels: Front Left - Front Right
04-09 16:00:52.026  2692  2692 I sh      :   Capture channels: Front Left - Front Right
04-09 16:00:52.026  2692  2692 I sh      :   Limits: 0 - 100
04-09 16:00:52.055  2692  2692 I sh      :   Front Left: 30 [30%] [-10.45dB] Playback [on]
04-09 16:00:52.055  2692  2692 I sh      :   Front Right: 30 [30%] [-10.45dB] Playback [on]
04-09 16:00:52.059  2713  2713 E luciUART: bufff write ? = 1 
04-09 16:00:52.061  2713  2713 E luciUART: tcsetattr succeed
04-09 16:00:52.062  2713  2722 E LUCI_SERVER: Luci Server Thread waiting for packets....
04-09 16:00:52.068  2711  2711 I wpa_supplicant: MPM: Debug Dialog Token initialized 3155093483 (0xbc0ee7eb)
04-09 16:00:52.076  2711  2711 I wpa_supplicant: wlan0: CTRL-EVENT-REGDOM-CHANGE init=USER type=COUNTRY alpha2=US
04-09 16:00:52.137  2710  2710 I         : [0409/033052.137215:INFO:cast_auth_check.cc(163)] Cast auth test is successful.
04-09 16:00:52.482  2712  2724 E yani_kernel: Interface status 0
04-09 16:00:52.489  2712  2724 I yani_kernel: set_device_name() Interface 'wlan0' MAC Address 'cc:90:93:21:f3:84' FriendlyName 'Lyric Speaker Box 21f384' status '0'
04-09 16:00:52.491  2712  2724 I yani_server: First boot after Factory reset! Friendly Name modified Lyric Speaker Box  -> Lyric Speaker Box 21f384
04-09 16:00:52.496  2713  2713 I lucitransport: writeRemoteMessage() MID = 90 buffer = Lyric Speaker Box 21f384
04-09 16:00:52.496  2713  2713 I luciUART: write() MID = 90  bytes = 34 data = Lyric Speaker Box 21f384 m_fd = 0x5
04-09 16:00:52.497  2713  2713 I lucitransport: writeLocalMessage() MID = 90 buffer = Lyric Speaker Box 21f384
04-09 16:00:52.497  2713  2722 E LUCI_SERVER: Luci Server Thread wait over MID 90....
04-09 16:00:52.498  2712  2724 E yani_server: Device Supports CastSetup 1
04-09 16:00:52.498  2712  2724 I yani_kernel: yani_init_net() Success Netlink socket fd 6
04-09 16:00:52.501  2712  2724 E WifiHW  : wifi_start_supplicant
04-09 16:00:52.502  2712  2724 E WifiHW  : wifi_start_ctl.start : wpa_supplicant
04-09 16:00:52.526  2713  2722 E LUCI_SERVER: Luci Server Thread waiting for packets....
04-09 16:00:52.703  2712  2724 E WifiHW  : wifi_connect_to_supplicant : wlan0
04-09 16:00:52.703  2712  2724 E WifiHW  : wifi_connect_on_socket_path1 : wlan0
04-09 16:00:52.706  2712  2724 E yani_wifi: enable_disable_net_if() Failed SIOCGIFFLAGS for interface 'wlan1' enable '0'
04-09 16:00:52.711  2712  2724 I yani_wifi: configure_wifi() SSID '' security '' passphrase '********' Country 'US'
04-09 16:00:53.939  2692  2692 I sh      : LSDeviceService: not found
04-09 16:00:54.030  2733  2733 I NetMgr  : Net_Mgr starting
04-09 16:00:54.042  2729  2729 E         :  Start MessageBox Handler 
04-09 16:00:54.044  2733  2733 I HotspotManager: Default WiFi Interface : wlan0
04-09 16:00:54.044  2730  2730 E UIModeManager: UIModeManager Constructor ++
04-09 16:00:54.057  2729  2742 E MB_HANDLER: HOST present 1
04-09 16:00:54.061  2733  2733 I NetworkMonitor: WiFi Interface : wlan0
04-09 16:00:54.061  2733  2733 I NetworkMonitor: Default WiFi Interface : wlan0
04-09 16:00:54.062  2730  2730 I AirableUIHelper: AirableUIHelper Contructor 
04-09 16:00:54.065  2733  2745 I NetworkMonitor: Start monitor thread
04-09 16:00:54.066  2730  2730 E AirableUIHelper:  Airable ENV_AirableBaseURL_ID Envitem returned failed!!!
04-09 16:00:54.067  2730  2730 E AirableUIHelper:  Airable ENV_AirableSecret_ID Envitem returned failed!!!
04-09 16:00:54.067  2730  2730 E AirableUIHelper: Airable Secret =  
04-09 16:00:54.075  2736  2736 E dhcpcd  : eth0: interface not found or invalid
04-09 16:00:54.076  2730  2730 I UIModeManager: RegisterModeControl Mode - PlayMode ModeControl - 0xac515c30
04-09 16:00:54.079  2729  2742 E MB_HANDLER:  REGISTERED YANI LISTENER IN MessageBoxHandler
04-09 16:00:54.082  2730  2730 I ServiceManager: Waiting for service media.player...
04-09 16:00:54.083  2729  2742 E         : External Host present 1
04-09 16:00:54.083  2729  2742 E MB_HANDLER: REGISTERED ExternalSource IN MessageBoxHandler
04-09 16:00:54.086  2729  2742 E MB_HANDLER: Check Device Support ENV_CastSetup true ENV_GoogleCast_ID true 
04-09 16:00:54.086  2713  2713 I lucitransport: readRemoteMessage() MID char = 43689 buffer = 1
04-09 16:00:54.102  2713  2721 E luciUART: UART:43
04-09 16:00:54.102  2713  2721 I luciUART: Previous Packet read contd., 
04-09 16:00:54.102  2713  2721 E luciUART: UART:55
04-09 16:00:54.102  2713  2721 I luciUART: Previous Packet read contd., 
04-09 16:00:54.102  2713  2721 E luciUART: UART:56
04-09 16:00:54.102  2713  2721 I luciUART: Previous Packet read contd., 
04-09 16:00:54.102  2713  2721 E luciUART: UART:65
04-09 16:00:54.102  2713  2721 I luciUART: Previous Packet read contd., 
04-09 16:00:54.102  2713  2721 E luciUART: UART:72
04-09 16:00:54.102  2713  2721 I luciUART: Previous Packet read contd., 
04-09 16:00:54.105  2713  2721 E luciUART: UART:1
04-09 16:00:54.105  2713  2722 I luciUART: write() MID = 91  bytes = 10 data =  m_fd = 0x5
04-09 16:00:54.105  2713  2721 E luciUART: UART:0
04-09 16:00:54.106  2713  2721 E luciUART: UART:aa
04-09 16:00:54.106  2713  2721 E luciUART: UART:2
04-09 16:00:54.106  2713  2721 E luciUART: UART:0
04-09 16:00:54.106  2713  2721 E luciUART: UART:d0
04-09 16:00:54.106  2713  2721 E luciUART: UART:0
04-09 16:00:54.106  2713  2721 I chatty  : uid=0(root) UARTLUCIControl identical 2 lines
04-09 16:00:54.106  2713  2721 E luciUART: UART:0
04-09 16:00:54.106  2713  2721 E luciUART: UART:9
04-09 16:00:54.106  2713  2721 I luciUART: read() RemoteID = 43690 Command = 208 Type = 2 Status = 0 DataLen = 9
04-09 16:00:54.106  2713  2721 E luciUART: Error: full data not available yet! readBytes 0
04-09 16:00:54.106  2713  2721 I luciUART: Previous Packet read contd., 
04-09 16:00:54.106  2713  2721 E luciUART: UART:52
04-09 16:00:54.106  2713  2721 I luciUART: Previous Packet read contd., 
04-09 16:00:54.106  2713  2721 E luciUART: UART:45
04-09 16:00:54.106  2713  2721 I luciUART: Previous Packet read contd., 
04-09 16:00:54.106  2713  2721 E luciUART: UART:41
04-09 16:00:54.106  2713  2721 I luciUART: Previous Packet read contd., 
04-09 16:00:54.120  2713  2721 E luciUART: UART:aa
04-09 16:00:54.120  2713  2721 E luciUART: UART:aa
04-09 16:00:54.120  2713  2721 E luciUART: UART:2
04-09 16:00:54.120  2713  2721 E luciUART: UART:0
04-09 16:00:54.120  2713  2721 E luciUART: UART:d0
04-09 16:00:54.120  2713  2721 E luciUART: UART:0
04-09 16:00:54.120  2713  2721 I chatty  : uid=0(root) UARTLUCIControl identical 2 lines
04-09 16:00:54.120  2713  2721 E luciUART: UART:0
04-09 16:00:54.120  2713  2721 E luciUART: UART:9
04-09 16:00:54.120  2713  2721 I luciUART: read() RemoteID = 43690 Command = 208 Type = 2 Status = 0 DataLen = 9
04-09 16:00:54.120  2713  2721 E luciUART: Error: full data not available yet! readBytes 0
04-09 16:00:54.128  2713  2722 I luciUART: write() MID = 208  bytes = 67 data = fwdownload_xml:https://openotaengine.libreiotcloud.com/v1 m_fd = 0x5
04-09 16:00:54.128  2713  2722 E LUCI_SERVER: NV_READ response= fwdownload_xml:https://openotaengine.libreiotcloud.com/v1
04-09 16:00:54.128  2713  2722 E LUCI_SERVER: Luci Server Thread waiting for packets....
04-09 16:00:54.130  2735  2735 I bt_btif : init
04-09 16:00:54.134  2729  2742 E MB_HANDLER: Message Handler Thread waiting for messages....
04-09 16:00:54.136  2735  2735 D bt_osi_allocation_tracker: canary initialized
04-09 16:00:54.141  2735  2757 I bt_osi_thread: run_thread: thread id 2757, thread name stack_manager started
04-09 16:00:54.141  2735  2757 I bt_stack_manager: event_init_stack is initializing the stack
04-09 16:00:54.145  2735  2757 E bt_osi_config: config_new unable to open file '/data/misc/bluedroid/bt_config.conf': No such file or directory
04-09 16:00:54.146  2735  2757 W bt_btif_config: init unable to load config file: /data/misc/bluedroid/bt_config.conf; using backup.
04-09 16:00:54.146  2735  2757 E bt_osi_config: config_new unable to open file '/data/misc/bluedroid/bt_config.bak': No such file or directory
04-09 16:00:54.146  2735  2757 W bt_btif_config: init unable to load backup; attempting to transcode legacy file.
04-09 16:00:54.147  2735  2757 E bt_btif_config_transcode: btif_config_transcode unable to load XML file '/data/misc/bluedroid/bt_config.xml': 3
04-09 16:00:54.148  2735  2757 E bt_btif_config: init unable to transcode legacy file; creating empty config.
04-09 16:00:54.149  2735  2760 I bt_osi_thread: run_thread: thread id 2760, thread name alarm_default_ca started
04-09 16:00:54.149  2735  2761 I bt_osi_thread: run_thread: thread id 2761, thread name alarm_dispatcher started
04-09 16:00:54.151  2735  2757 I bt_btif_core: btif_init_bluetooth entered
04-09 16:00:54.154  2735  2757 I bt_stack_config: init attempt to load stack conf from /etc/bluetooth/bt_stack.conf
04-09 16:00:54.156  2735  2762 I bt_osi_thread: run_thread: thread id 2762, thread name bt_jni_workqueue started
04-09 16:00:54.156  2735  2757 I bt_btif_core: btif_init_bluetooth finished
04-09 16:00:54.156  2735  2762 I bt_btif_core: run_message_loop entered
04-09 16:00:54.156  2735  2757 I bt_stack_manager: event_init_stack finished
04-09 16:00:54.157  2735  2735 I bt_osi_wakelock: wakelock_set_os_callouts set to non-native
04-09 16:00:54.159  2735  2735 I bt_btif : get_profile_interface: id = gatt
04-09 16:00:54.163  2735  2735 I bt_btif : get_profile_interface: id = a2dp
04-09 16:00:54.164  2735  2735 I bt_btif : get_profile_interface: id = a2dp_sink
04-09 16:00:54.170  2735  2766 I bt_osi_thread: run_thread: thread id 2766, thread name btif_a2dp_sink_w started
04-09 16:00:54.176  2735  2735 D a2dp_codec: init
04-09 16:00:54.178  2735  2735 D a2dp_codec: createCodec: codec SBC
04-09 16:00:54.180  2735  2735 D a2dp_codec: createCodec: codec AAC
04-09 16:00:54.181  2735  2735 D a2dp_codec: createCodec: codec aptX
04-09 16:00:54.181  2735  2735 E a2dp_vendor_aptx_encoder: A2DP_VendorLoadEncoderAptx: cannot open aptX encoder library libaptX_encoder.so: libaptX_encoder.so: cannot open shared object file: No such file or directory
04-09 16:00:54.181  2735  2735 E a2dp_vendor_aptx: init: cannot load the encoder
04-09 16:00:54.181  2735  2735 D a2dp_codec: createCodec: codec aptX-HD
04-09 16:00:54.182  2735  2735 E a2dp_vendor_aptx_hd_encoder: A2DP_VendorLoadEncoderAptxHd: cannot open aptX-HD encoder library libaptXHD_encoder.so: libaptXHD_encoder.so: cannot open shared object file: No such file or directory
04-09 16:00:54.182  2735  2735 E a2dp_vendor_aptx_hd: init: cannot load the encoder
04-09 16:00:54.184  2735  2735 D a2dp_codec: createCodec: codec LDAC
04-09 16:00:54.184  2735  2735 E a2dp_vendor_ldac_encoder: A2DP_VendorLoadEncoderLdac: cannot open LDAC encoder library libldacBT_enc.so: libldacBT_enc.so: cannot open shared object file: No such file or directory
04-09 16:00:54.184  2735  2735 E a2dp_vendor_ldac: init: cannot load the encoder
04-09 16:00:54.184  2735  2735 D a2dp_codec: createCodec: codec SBC SINK
04-09 16:00:54.184  2735  2735 D a2dp_codec: createCodec: codec AAC SINK
04-09 16:00:54.184  2735  2735 I a2dp_codec: init: initialized Source codec AAC
04-09 16:00:54.184  2735  2735 I a2dp_codec: init: initialized Source codec SBC
04-09 16:00:54.184  2735  2735 I a2dp_codec: init: initialized Sink codec AAC(Sink)
04-09 16:00:54.184  2735  2735 I a2dp_codec: init: initialized Sink codec SBC(Sink)
04-09 16:00:54.184  2735  2735 W bt_btif : ## ON A2DP IDLE ## peer_sep = 0
04-09 16:00:54.185  2735  2735 I bt_btif : get_profile_interface: id = avrcp
04-09 16:00:54.185  2735  2735 I bt_btif : get_profile_interface: id = avrcp_ctrl
04-09 16:00:54.186  2735  2735 I bt_btif : get_profile_interface: id = hidhost
04-09 16:00:54.192  2733  2746 E CommandListener: Message not handled: unrecognized interface usb0
04-09 16:00:54.192  2733  2746 W FrameworkListener: Handler 'Iface' error (Success)
04-09 16:00:54.192  2733  2746 E CommandListener: Message not handled: unrecognized interface usb0
04-09 16:00:54.192  2733  2746 W FrameworkListener: Handler 'Iface' error (Success)
04-09 16:00:54.207  2735  2735 I bluetoothtbd: [0409/033054.207513:INFO:daemon.cc(168)] Daemon initialized
04-09 16:00:54.207  2733  2746 E CommandListener: Message not handled: unrecognized interface usb0
04-09 16:00:54.207  2733  2746 W FrameworkListener: Handler 'Iface' error (Success)
04-09 16:00:54.207  2733  2746 E CommandListener: Message not handled: unrecognized interface usb0
04-09 16:00:54.207  2733  2746 W FrameworkListener: Handler 'Iface' error (Success)
04-09 16:00:54.208  2733  2746 E CommandListener: Message not handled: unrecognized interface usb0
04-09 16:00:54.208  2733  2746 W FrameworkListener: Handler 'Iface' error (Success)
04-09 16:00:54.208  2733  2746 E CommandListener: Message not handled: unrecognized interface usb0
04-09 16:00:54.208  2733  2746 W FrameworkListener: Handler 'Iface' error (Success)
04-09 16:00:54.208  2735  2735 I bt_btif : enable: start restricted = 0
04-09 16:00:54.208  2735  2757 I bt_stack_manager: event_start_up_stack is bringing up the stack
04-09 16:00:54.208  2735  2757 I bt_core_module: module_start_up Starting module "btif_config_module"
04-09 16:00:54.208  2735  2757 I bt_core_module: module_start_up Started module "btif_config_module"
04-09 16:00:54.208  2735  2757 I bt_core_module: module_start_up Starting module "btsnoop_module"
04-09 16:00:54.208  2735  2757 I bt_core_module: module_start_up Started module "btsnoop_module"
04-09 16:00:54.209  2735  2757 I bt_core_module: module_start_up Starting module "hci_module"
04-09 16:00:54.209  2735  2757 I bt_hci  : hci_module_start_up
04-09 16:00:54.211  2735  2778 I bt_osi_thread: run_thread: thread id 2778, thread name hci_thread started
04-09 16:00:54.212  2735  2757 D bt_hci  : hci_module_start_up starting async portion
04-09 16:00:54.213  2735  2778 I bluetoothtbd: [0409/033054.213058:INFO:hci_layer_linux.cc(172)] hci_initialize
04-09 16:00:54.213  2735  2778 I bluetoothtbd: [0409/033054.213211:INFO:hci_layer_linux.cc(184)] Using interface hci0
04-09 16:00:54.213  2735  2778 I bluetoothtbd: [0409/033054.213272:INFO:hci_layer_linux.cc(378)] rfkill
04-09 16:00:54.256  2787  2787 I dnsmasq : started, version 2.51 cachesize 150
04-09 16:00:54.256  2787  2787 I dnsmasq : compile time options: no-IPv6 GNU-getopt no-DBus no-I18N DHCP no-scripts no-TFTP
04-09 16:00:54.256  2787  2787 I dnsmasq : DHCP, IP range 192.168.10.3 -- 192.168.10.10, lease time 12h
04-09 16:00:54.257  2787  2787 I dnsmasq : reading /etc/resolv.conf
04-09 16:00:54.257  2787  2787 I dnsmasq : using nameserver 8.8.8.8#53
04-09 16:00:54.257  2787  2787 I dnsmasq : read /etc/hosts - 1 addresses
04-09 16:00:54.260  2736  2736 D dhcpcd  : no interfaces have a carrier
04-09 16:00:54.260  2736  2736 D dhcpcd  : wlan0: waiting for carrier
04-09 16:00:54.626  2735  2778 I bluetoothtbd: [0409/033054.626467:INFO:hci_layer_linux.cc(295)] wait_hcidev
04-09 16:00:54.626  2735  2778 I bluetoothtbd: [0409/033054.626715:INFO:hci_layer_linux.cc(332)] Do poll() with timeout of 3000ms
04-09 16:00:54.629  2735  2778 I bluetoothtbd: [0409/033054.629207:INFO:hci_layer_linux.cc(228)] HCI device ready
04-09 16:00:54.629  2735  2778 I bt_hci  : event_finish_startup
04-09 16:00:54.629  2735  2757 I bt_core_module: module_start_up Started module "hci_module"
04-09 16:00:54.631  2735  2812 I bt_osi_thread: run_thread: thread id 2812, thread name bt_workqueue started
04-09 16:00:54.631  2735  2812 I bluetoothtbd: [0409/033054.631528:INFO:btu_task.cc(107)] Bluetooth chip preload is complete
04-09 16:00:54.638  2735  2812 I         : No vendor HCI socket available. Won't create SocketWriter.
04-09 16:00:54.646  2735  2812 I bluetoothtbd: [0409/033054.646170:INFO:gatt_api.cc(1005)] GATT_Register
04-09 16:00:54.647  2735  2812 I bluetoothtbd: [0409/033054.647855:INFO:gatt_api.cc(1028)] allocated gatt_if=1
04-09 16:00:54.649  2735  2812 I bluetoothtbd: [0409/033054.649398:INFO:gatt_api.cc(207)] GATTS_AddService
04-09 16:00:54.650  2735  2812 I bluetoothtbd: [0409/033054.650460:INFO:gatt_api.cc(317)] GATTS_AddService: service parsed correctly, now starting
04-09 16:00:54.652  2733  2746 E CommandListener: Message not handled: unrecognized interface usb0
04-09 16:00:54.652  2735  2812 E bluetoothtbd: [0409/033054.651455:ERROR:gatt_attr.cc(302)] gatt_profile_db_init:  gatt_if=1
04-09 16:00:54.652  2733  2746 W FrameworkListener: Handler 'Iface' error (Success)
04-09 16:00:54.658  2735  2812 I bluetoothtbd: [0409/033054.658748:INFO:gatt_api.cc(1005)] GATT_Register
04-09 16:00:54.658  2735  2812 I bluetoothtbd: [0409/033054.658902:INFO:gatt_api.cc(1028)] allocated gatt_if=2
04-09 16:00:54.658  2735  2812 I bluetoothtbd: [0409/033054.658956:INFO:gatt_api.cc(207)] GATTS_AddService
04-09 16:00:54.690  2735  2814 I bt_osi_thread: run_thread: thread id 2814, thread name module_wrapper started
04-09 16:00:54.690  2735  2814 I bt_core_module: module_start_up Starting module "controller_module"
04-09 16:00:54.713  2712  2724 I yani_server: ifindexeth0 0 ifindexwlan0 5 ifindexp2p0 6 ifindexwlan1 0
04-09 16:00:54.714  2712  2724 I yani_server: NetLink Event '-1' Interface-Index '5' WLAN '0' Ethernet '-1' Parsed-iFill '-1' -> 'INVALID' ifIndex '1' -> 'lo'
04-09 16:00:54.714  2712  2724 I yani_kernel: yani_geteventfrom_changeaddr() Message-Id '1' Netlink event '16' Interface Index '5' -> Name 'wlan0' 
04-09 16:00:54.715  2712  2724 I yani_kernel: yani_geteventfrom_changeaddr() Message-Id '1' Netlink event '16' Interface Index '9' -> Name 'usb0' 
04-09 16:00:54.716  2712  2724 I yani_kernel: yani_geteventfrom_changeaddr() Message-Id '1' Netlink event '16' Interface Index '9' -> Name 'usb0' 
04-09 16:00:54.717  2712  2724 I yani_kernel: yani_geteventfrom_changeaddr() Message-Id '1' Netlink event '20' Interface Index '9' -> Name 'usb0' 
04-09 16:00:54.719  2712  2724 I yani_kernel: yani_geteventfrom_changeaddr() Message-Id '1' Netlink event '16' Interface Index '9' -> Name 'usb0' 
04-09 16:00:54.719  2712  2724 I yani_kernel: yani_geteventfrom_changeaddr() Message-Id '1' Netlink event '21' Interface Index '9' -> Name 'usb0' 
04-09 16:00:54.721  2712  2724 I yani_kernel: yani_geteventfrom_changeaddr() Message-Id '1' Netlink event '20' Interface Index '9' -> Name 'usb0' 
04-09 16:00:54.722  2712  2724 I yani_kernel: yani_geteventfrom_changeaddr() Message-Id '1' Netlink event '16' Interface Index '9' -> Name 'usb0' 
04-09 16:00:54.867  2735  2814 I bt_core_module: module_start_up Started module "controller_module"
04-09 16:00:54.867  2735  2814 W bt_osi_thread: run_thread: thread id 2814, thread name module_wrapper exited
04-09 16:00:54.870  2735  2812 W bt_btm  : btm_decode_ext_features_page: feature page 1 ignored
04-09 16:00:54.871  2735  2812 W bt_btm  : btm_decode_ext_features_page: feature page 2 ignored
04-09 16:00:54.871  2735  2813 I bt_btm_sec: BTM_SecRegister p_cb_info->p_le_callback == 0x0xf6a0db99
04-09 16:00:54.873  2735  2813 I bt_btm_sec: BTM_SecRegister btm_cb.api.p_le_callback = 0x0xf6a0db99 
04-09 16:00:54.874  2735  2813 I bluetoothtbd: [0409/033054.874894:INFO:ble_advertiser_hci_interface.cc(736)] Legacy advertising will be in use
04-09 16:00:54.877  2735  2813 I bluetoothtbd: [0409/033054.877317:INFO:gatt_api.cc(1005)] GATT_Register
04-09 16:00:54.877  2735  2813 I bluetoothtbd: [0409/033054.877476:INFO:gatt_api.cc(1028)] allocated gatt_if=3
04-09 16:00:54.894  2735  2813 I bt_bta_av: AVRCP version used for sdp: "avrcp14"
04-09 16:00:54.899  2735  2762 E bt_btif_storage: btif_storage_get_adapter_property: Controller ready!
04-09 16:00:54.899  2735  2762 I bt_btif_storage: btif_storage_get_adapter_property service_mask:0x40000
04-09 16:00:54.899  2735  2762 I bluetoothtbd: [0409/033054.899883:INFO:adapter.cc(551)] Adapter properties changed
04-09 16:00:54.900  2735  2762 I bluetoothtbd: [0409/033054.899986:INFO:adapter.cc(564)] Adapter address changed: CC:90:93:21:F3:85
04-09 16:00:54.900  2735  2762 I bluetoothtbd: [0409/033054.900037:INFO:adapter.cc(573)] Adapter name changed
04-09 16:00:54.900  2735  2762 I bt_btif_core: btif_enable_bluetooth_evt entered: status 0
04-09 16:00:54.900  2735  2762 W bt_btif : btif_enable_bluetooth_evt: Saving the Adapter Address
04-09 16:00:54.900  2735  2762 I bluetoothtbd: [0409/033054.900781:INFO:adapter.cc(551)] Adapter properties changed
04-09 16:00:54.900  2735  2762 I bluetoothtbd: [0409/033054.900831:INFO:adapter.cc(564)] Adapter address changed: CC:90:93:21:F3:85
04-09 16:00:54.900  2735  2762 D bt_hci  : do_postload posting postload work item
04-09 16:00:54.904  2735  2855 I bt_osi_thread: run_thread: thread id 2855, thread name btif_sock started
04-09 16:00:54.908  2735  2762 D bt_bte_conf: Device ID record 1 : primary
04-09 16:00:54.909  2735  2762 D bt_bte_conf:   vendorId            = 000f
04-09 16:00:54.909  2735  2762 D bt_bte_conf:   vendorIdSource      = 0001
04-09 16:00:54.909  2735  2762 D bt_bte_conf:   product             = 1200
04-09 16:00:54.909  2735  2762 D bt_bte_conf:   version             = 1436
04-09 16:00:54.909  2735  2762 D bt_bte_conf:   clientExecutableURL = 
04-09 16:00:54.909  2735  2762 D bt_bte_conf:   serviceDescription  = 
04-09 16:00:54.909  2735  2762 D bt_bte_conf:   documentationURL    = 
04-09 16:00:54.909  2735  2762 D bt_bte_conf: bte_load_did_conf no section named DID2.
04-09 16:00:54.909  2735  2762 I bt_btif_core: btif_enable_bluetooth_evt finished
04-09 16:00:54.909  2735  2757 I bt_stack_manager: event_start_up_stack finished
04-09 16:00:55.082  2730  2730 I ServiceManager: Waiting for service media.player...
04-09 16:00:56.039  2733  2746 E CommandListener: Message not handled: unrecognized interface usb0
04-09 16:00:56.039  2733  2746 W FrameworkListener: Handler 'Iface' error (Success)
04-09 16:00:56.083  2730  2730 I ServiceManager: Waiting for service media.player...
04-09 16:00:56.111  2733  2745 E WifiUtil: command: "SCAN" failed: FAIL-BUSY
04-09 16:00:56.422  2712  2724 I yani_server: NetLink Event '-1' Interface-Index '5' WLAN '-1' Ethernet '-1' Parsed-iFill '-1' -> 'INVALID' ifIndex '1' -> 'lo'
04-09 16:00:56.423  2712  2724 I yani_server: NetLink Event '-1' Interface-Index '5' WLAN '0' Ethernet '-1' Parsed-iFill '-1' -> 'INVALID' ifIndex '1' -> 'lo'
04-09 16:00:56.445  2712  2724 I chatty  : uid=0(root) YaniServer identical 32 lines
04-09 16:00:56.446  2712  2724 I yani_server: NetLink Event '-1' Interface-Index '5' WLAN '0' Ethernet '-1' Parsed-iFill '-1' -> 'INVALID' ifIndex '1' -> 'lo'
04-09 16:00:56.446  2712  2724 I yani_kernel: yani_geteventfrom_changeaddr() Message-Id '1' Netlink event '16' Interface Index '5' -> Name 'wlan0' 
04-09 16:00:56.447  2712  2724 I yani_kernel: yani_geteventfrom_changeaddr() Message-Id '1' Netlink event '16' Interface Index '5' -> Name 'wlan0' 
04-09 16:00:56.982  2714  2714 I SourceSwitch: SourceSwitch() Host 1 initialized...
04-09 16:00:57.083  2730  2730 I ServiceManager: Waiting for service media.player...
04-09 16:00:57.178  2787  2787 I dnsmasq : DHCPDISCOVER(usb0) fe:cc:5f:7b:6c:ad 
04-09 16:00:57.178  2787  2787 I dnsmasq : DHCPOFFER(usb0) 192.168.10.8 fe:cc:5f:7b:6c:ad 
04-09 16:00:57.179  2787  2787 I dnsmasq : DHCPDISCOVER(usb0) fe:cc:5f:7b:6c:ad 
04-09 16:00:57.179  2787  2787 I dnsmasq : DHCPOFFER(usb0) 192.168.10.8 fe:cc:5f:7b:6c:ad 
04-09 16:00:57.182  2787  2787 I dnsmasq : DHCPREQUEST(usb0) 192.168.10.8 fe:cc:5f:7b:6c:ad 
04-09 16:00:57.182  2787  2787 I dnsmasq : DHCPACK(usb0) 192.168.10.8 fe:cc:5f:7b:6c:ad 
04-09 16:00:57.187  2787  2787 I dnsmasq : DHCPREQUEST(usb0) 192.168.10.8 fe:cc:5f:7b:6c:ad 
04-09 16:00:57.187  2787  2787 I dnsmasq : DHCPACK(usb0) 192.168.10.8 fe:cc:5f:7b:6c:ad 
04-09 16:00:57.923  2735  2762 E bt_osi_config: config_save unable to open dir '/data/misc/bluedroid': No such file or directory
04-09 16:00:58.084  2730  2730 I ServiceManager: Waiting for service media.player...
04-09 16:00:58.114  2712  2724 I yani_server: NetLink Event '-1' Interface-Index '5' WLAN '-1' Ethernet '-1' Parsed-iFill '-1' -> 'INVALID' ifIndex '1' -> 'lo'
04-09 16:00:59.047  2692  2692 I sh      : btaudioplayer: not found
04-09 16:00:59.087  2730  2730 E BrowseModeControl: Read env failed
04-09 16:00:59.087  2692  2692 I sh      : *** play mode control constructor end 
04-09 16:00:59.087  2730  2730 I UIModeManager: RegisterModeControl Mode - BrowseMode ModeControl - 0xac518830
04-09 16:00:59.088  2730  2730 E DefaultBrowser: m_ItemsCount = 7 
04-09 16:00:59.088  2730  2730 E SDCardBrowser: SDCARD Browser constructor mounting vfat first
04-09 16:00:59.089  2730  2730 E SDCardBrowser: 3 GOTOP  Sytem return value = -1
04-09 16:00:59.089  2730  2730 E SDCardBrowser: mounting vfat failed, try ntfs, return value = -1
04-09 16:00:59.091  2730  2730 I ServiceManager: Waiting for service media.player...
04-09 16:00:59.110  2692  2692 I sh      : /dev/block/sd*: No such file or directory
04-09 16:01:00.092  2730  2730 I ServiceManager: Waiting for service media.player...
04-09 16:01:00.107  2942  2942 I wac-main: main() defaultServiceManager 0xab3f8fa8 
04-09 16:01:00.110  2942  2942 I wac-main: Getinstance
04-09 16:01:00.111  2942  2942 I wac-main: WAC LUCI listener created
04-09 16:01:00.113  2942  2942 E wac-main: send wac api : a5a0
04-09 16:01:00.113  2942  2942 I wac-main: OnStartup() WAC Triggered 'Success' after 1 attempt(s)
04-09 16:01:00.117  2942  2952 I wac-main: init_netlink_skt() Success Netlink socket fd 7
04-09 16:01:00.117  2942  2952 E wac-main: Enter poll and wait
04-09 16:01:00.117  2942  2952 E wac-main: API event
04-09 16:01:00.118  2733  2745 I NetworkMonitor: Number of APs is 32
04-09 16:01:00.118  2733  2745 I NetworkMonitor: Number of APs with same essid 0
04-09 16:01:00.121  2942  2952 E wac-main: msg : a5a0
04-09 16:01:00.121  2942  2952 E wac-main: msg : a5a0
04-09 16:01:00.127  2942  2955 E wac-main: enter WACStartStopThread
04-09 16:01:00.127  2942  2952 E wac-main: Enter poll and wait
04-09 16:01:00.132  2942  2955 E wac-main: WACStartStopThread() event -> 'wacstart' is WACServer? UP -> 'No' 
04-09 16:01:00.147  2713  2713 I lucitransport: readRemoteMessage() MID char = 90 buffer = Lyric Speaker Box 21f384
04-09 16:01:00.156  2942  2955 E WACSERVER: ************************************************
04-09 16:01:00.156  2942  2955 E WACSERVER: PLATFORM ATTRIBUTES:
04-09 16:01:00.156  2942  2955 E WACSERVER:     NAME.........: Lyric Speaker Box 21f384
04-09 16:01:00.156  2942  2955 E WACSERVER:     MODEL........: LSB
04-09 16:01:00.156  2942  2955 E WACSERVER:     MANUFACTURER.: COTODAMA
04-09 16:01:00.156  2942  2955 E WACSERVER:     FW REV.......: p0000
04-09 16:01:00.156  2942  2955 E WACSERVER:     HW REV.......: LS10 VP1.0
04-09 16:01:00.156  2942  2955 E WACSERVER:     SERIAL NUMBER: cc909321f384
04-09 16:01:00.156  2942  2955 E WACSERVER:     UNCONFIGURED.: YES
04-09 16:01:00.156  2942  2955 E WACSERVER: PLATFORM FEATURES:
04-09 16:01:00.156  2942  2955 E WACSERVER:     AIRPLAY.....: YES
04-09 16:01:00.159  2942  2955 E WACSERVER:     MAC ADDRESS: CC:90:93:21:F3:84
04-09 16:01:00.159  2942  2955 E WACSERVER: ************************************************
04-09 16:01:00.160  2942  2955 E wac-main: exit WACStartStopThread
04-09 16:01:00.162  2942  2958 E wac-main: WACCallback() message 0 -> 'Initializing'
04-09 16:01:00.166  2692  2692 I sh      : mkdir failed for misc, File exists
04-09 16:01:00.168  2692  2692 I sh      : ***** START WEBSERVER ******
04-09 16:01:00.172  2713  2713 I lucitransport: writeRemoteMessage() MID = 143 buffer = 0
04-09 16:01:00.172  2713  2713 I luciUART: write() MID = 143  bytes = 11 data = 0 m_fd = 0x5
04-09 16:01:00.173  2713  2713 I lucitransport: writeLocalMessage() MID = 143 buffer = 0
04-09 16:01:00.173  2713  2722 E LUCI_SERVER: Luci Server Thread wait over MID 143....
04-09 16:01:00.173  2713  2722 E LUCI_SERVER: Luci Server Thread waiting for packets....
04-09 16:01:00.174  2692  2692 I sh      : threadLoop entry.... 
04-09 16:01:00.174  2692  2692 I sh      : WebServerManager::InitWebServerManager ++ 
04-09 16:01:00.176  2942  2958 D WACSERVER: Advertising WAC SSID Lyric Speaker Box 21f384
04-09 16:01:00.176  2692  2692 I sh      : WebServerManager::InitWebServerManager --
04-09 16:01:00.180  2942  2952 D wac-main: Netlink event
04-09 16:01:00.180  2942  2952 E wac-main: Netlink event 20 Interface Index 7 
04-09 16:01:00.180  2942  2952 E wac-main: Enter poll and wait
04-09 16:01:00.181  2712  2724 I yani_kernel: yani_geteventfrom_changeaddr() Message-Id '1' Netlink event '20' Interface Index '7' -> Name 'p2p1' 
