04-09 17:30:07.556  2712  2724 I yani_server: NetLink Event '-1' Interface-Index '5' WLAN '0' Ethernet '-1' Parsed-iFill '-1' -> 'INVALID' ifIndex '1' -> 'lo'
04-09 17:30:07.557  2712  2724 I yani_server: NetLink Event '-1' Interface-Index '5' WLAN '0' Ethernet '-1' Parsed-iFill '-1' -> 'INVALID' ifIndex '1' -> 'lo'
04-09 17:30:07.557  2712  2724 I yani_kernel: yani_geteventfrom_changeaddr() Message-Id '1' Netlink event '16' Interface Index '5' -> Name 'wlan0' 
04-09 17:30:07.558  2712  2724 I yani_kernel: yani_geteventfrom_changeaddr() Message-Id '1' Netlink event '16' Interface Index '5' -> Name 'wlan0' 
04-09 17:30:08.498  3077  3077 I cast_shell: [system_updater_dummy.cpp(139)] CheckUpdate 139
04-09 17:30:08.498  3077  3077 I cast_shell: [system_updater_dummy.cpp(148)] CheckUpdate 148 return
04-09 17:30:08.508  2957  2976 I otamanager: OTA:curl response code : 0	
04-09 17:30:08.508  2957  2976 I otamanager: http status code : 200
04-09 17:30:08.508  2957  2976 I otamanager: OTA: contentLen :187.000000
04-09 17:30:08.517  2957  2976 I otamanager: OTA: bytesDownloaded = 187 m_iHttpStatusCode = 200 
04-09 17:30:08.518  2692  2692 I sh      : }{
04-09 17:30:08.518  2692  2692 I sh      : 	"castVersion" : null,
04-09 17:30:08.518  2957  2976 E otamanager: OTA:error string =  No update available
04-09 17:30:08.518  2692  2692 I sh      : 	"crc" : null,
04-09 17:30:08.518  2692  2692 I sh      : 	"errorCode" : 1001,
04-09 17:30:08.518  2692  2692 I sh      : 	"errorString" : "No update available",
04-09 17:30:08.518  2692  2692 I sh      : 	"forceUpgrade" : true,
04-09 17:30:08.518  2692  2692 I sh      : 	"mcuOnlyUpdate" : false,
04-09 17:30:08.518  2692  2692 I sh      : 	"otapackage" : null,
04-09 17:30:08.518  2692  2692 I sh      : 	"url" : null,
04-09 17:30:08.518  2692  2692 I sh      : 	"version" : null
04-09 17:30:08.518  2713  2720 I lucitransport: writeRemoteMessage() MID = 223 buffer = NO_UPDATE
04-09 17:30:08.518  2713  2720 I luciUART: write() MID = 223  bytes = 19 data = NO_UPDATE m_fd = 0x5
04-09 17:30:08.518  2957  2976 I otamanager: Firmware Update State Change from CheckUpdate to Idle
04-09 17:30:08.519  3077  3077 I cast_shell: [system_updater_dummy.cpp(132)] CheckUpdate 132 no new version
04-09 17:30:08.519  3077  3077 I cast_shell: [3080:3142:INFO:update_engine_client_with_system_updater.cc(226)] No system force update, error_code=0
04-09 17:30:08.519  3077  3077 I cast_shell: [3080:3118:INFO:setup_state.cc(261)] Setup state changed: SETUP_STATE_CONNECTED_WIFI_NOT_SAVED (61) -> SETUP_STATE_CONNECTED (60)
04-09 17:30:01.904  2732  2742 I NetworkMonitor: turn off power-save
04-09 17:30:08.524  2732  2742 I HotspotManager: hotspot stop
04-09 17:30:08.524  2732  2742 I HotspotManager: stop dnsmasq
04-09 17:30:08.524  3158  3158 I dnsmasq : exiting on receipt of SIGTERM
04-09 17:30:08.530  3077  3077 I cast_shell: [3080:3118:INFO:setup_manager_impl.cc(1019)] Setup discoverability is disabled
04-09 17:30:08.530  3077  3077 I cast_shell: [3080:3118:INFO:ble_setup_manager.cc(758)] Clearing setup read attributes
04-09 17:30:08.530  3077  3077 I cast_shell: [3080:3118:INFO:gatt_client_manager_impl.cc(202)] Enabling GATT client connectability
04-09 17:30:08.530  3077  3077 I cast_shell: [3080:3118:INFO:ble_setup_manager.cc(620)] Stopped Bluetooth service
04-09 17:30:08.533  2951  3154 I LibreCastControlDelegate: OnCastStatus() +++ AAA speaker 2:0xaaf94198:READY_TO_CAST
04-09 17:30:08.534  3077  3077 I cast_shell: [3080:3128:INFO:mdns_cast_service.cc(351)] Device discovery state is idle
04-09 17:30:08.534  3077  3077 I cast_shell: [3080:3080:INFO:ble_discovery_controller.cc(121)] Starting BLE discovery
04-09 17:30:08.534  3077  3077 I cast_shell: [3080:3128:INFO:mdns_util.cc(102)] Defaulting mDNS capabilities for audio-only build
04-09 17:30:08.534  3077  3077 I cast_shell: [3080:3118:INFO:gatt_client_manager_impl.cc(202)] Enabling GATT client connectability
04-09 17:30:08.534  3077  3077 I chatty  : uid=1000(chrome) /bin/logwrapper identical 1 line
04-09 17:30:08.534  3077  3077 I cast_shell: [3080:3118:INFO:gatt_client_manager_impl.cc(202)] Enabling GATT client connectability
04-09 17:30:08.534  3077  3077 I cast_shell: [3080:3118:INFO:ble_setup_manager.cc(744)] Started Bluetooth service
04-09 17:30:08.534  2951  3154 I LibreCastControlDelegate: Cast Device Name -> 'AAA speaker 2'
04-09 17:30:08.534  2951  3154 I librecast: OldFriendlyName '' & New name change By Cast 'AAA speaker 2' isfirstbootup 56 m_updatedonebyluci 95
04-09 17:30:08.534  2713  2720 I lucitransport: writeRemoteMessage() MID = 90 buffer = AAA speaker 2
04-09 17:30:08.535  2713  2720 I luciUART: write() MID = 90  bytes = 23 data = AAA speaker 2 m_fd = 0x5
04-09 17:30:08.539  2951  3154 I LibreCastControlDelegate: Device Build Number -> '1.52.272222'
04-09 17:30:08.539  2951  3154 I librecast: updateCastBuildVersion() Version 1.52.272222
04-09 17:30:08.539  2713  2720 I lucitransport: readRemoteMessage() MID char = 7 buffer = 1.52.272222
04-09 17:30:08.540  2951  3154 I LibreCastControlDelegate: Active Applications -> 0
04-09 17:30:08.540  2951  3154 I LibreCastControlDelegate: Current Cast State '6' -> 'READY_TO_CAST'
04-09 17:30:08.540  2951  3154 I LibreCastControlDelegate: OnCastStatus() ---
04-09 17:30:08.542  3077  3077 I cast_shell: [3080:3118:INFO:metrics_recorder.cc(282)] Record action: Setup.state.BLE
04-09 17:30:08.542  2951  3154 I LibreCastControlDelegate: OnResponse() ReqeustID 6, error  0
04-09 17:30:08.544  2735  2766 I bluetoothtbd: [0409/050008.544381:INFO:adapter.cc(551)] Adapter properties changed
04-09 17:30:08.544  2735  2766 I bluetoothtbd: [0409/050008.544534:INFO:adapter.cc(573)] Adapter name changed
04-09 17:30:08.545  3077  3077 I cast_shell: [3080:3118:INFO:bluetooth_manager.cc(1232)] [PII] Set device name to 'AAA speaker 2'
04-09 17:30:08.553  3077  3077 I cast_shell: [3080:3080:INFO:device_info_impl.cc(1133)] SSDP Config ID is increased: id=6
04-09 17:30:08.562  2951  3154 I LibreCastControlDelegate: OnCastStatus() +++ AAA speaker 2:0xaaf94198:READY_TO_CAST
04-09 17:30:08.563  3077  3077 I cast_shell: [3080:3080:INFO:ccs_manager_impl.cc(1842)] Postponing device name update while registering
04-09 17:30:08.563  3077  3077 I cast_shell: [3080:3128:INFO:mdns_util.cc(102)] Defaulting mDNS capabilities for audio-only build
04-09 17:30:08.564  3077  3077 I cast_shell: [3080:3080:INFO:mdns_manager_impl.cc(429)] Successfully updated service: type=_googlecast
04-09 17:30:08.564  3077  3077 I cast_shell: [3080:3080:INFO:virtual_device.cc(296)] Updated mDNS service for virtual device: id=eafb811e-dccb-3b89-53d1-1e4d4b49d57a
04-09 17:30:08.564  2951  3154 I LibreCastControlDelegate: Cast Device Name -> 'AAA speaker 2'
04-09 17:30:08.564  2951  3154 I librecast: OldFriendlyName '' & New name change By Cast 'AAA speaker 2' isfirstbootup 56 m_updatedonebyluci 95
04-09 17:30:08.564  2951  3154 I librecast:  Difference in FriendlyName notify all  
04-09 17:30:08.564  2951  3154 I LibreCastControl: LibreCastControl_SetCastName()  name 'AAA speaker 2' RequestId '7' pCastControl 0xf4e00728
04-09 17:30:08.564  2713  3455 I lucitransport: writeRemoteMessage() MID = 90 buffer = AAA speaker 2
04-09 17:30:08.564  2713  3455 I luciUART: write() MID = 90  bytes = 23 data = AAA speaker 2 m_fd = 0x5
04-09 17:30:08.564  2713  3455 I lucitransport: writeLocalMessage() MID = 90 buffer = AAA speaker 2
04-09 17:30:08.565  2951  3154 I LibreCastControlDelegate: Device Build Number -> '1.52.272222'
04-09 17:30:08.565  2951  3154 I librecast: updateCastBuildVersion() Version 1.52.272222
04-09 17:30:08.565  2713  2720 I lucitransport: readRemoteMessage() MID char = 7 buffer = 1.52.272222
04-09 17:30:08.565  2951  3154 I LibreCastControlDelegate: Active Applications -> 0
04-09 17:30:08.565  2951  3154 I LibreCastControlDelegate: Current Cast State '6' -> 'READY_TO_CAST'
04-09 17:30:08.565  2951  3154 I LibreCastControlDelegate: OnCastStatus() ---
04-09 17:30:08.567  2692  2692 I sh      : MessageBoxAlert() MID 90 
04-09 17:30:08.567  2692  2692 I sh      : MessageBoxChanged() MID '90'
04-09 17:30:08.567  2951  3154 I LibreCastControlDelegate: OnResponse() ReqeustID 7, error  0
04-09 17:30:08.581  2951  3154 I LibreCastControlDelegate: Cast Device Name -> 'AAA speaker 2'
04-09 17:30:08.581  2951  3154 I librecast: OldFriendlyName 'AAA speaker 2' & New name change By Cast 'AAA speaker 2' isfirstbootup 56 m_updatedonebyluci 0
04-09 17:30:08.581  2951  3154 I LibreCastControlDelegate: Device Build Number -> '1.52.272222'
04-09 17:30:08.581  2951  3154 I librecast: updateCastBuildVersion() Version 1.52.272222
04-09 17:30:08.583  2713  2713 I lucitransport: readRemoteMessage() MID char = 7 buffer = 1.52.272222
04-09 17:30:08.583  2951  3154 I LibreCastControlDelegate: Active Applications -> 0
04-09 17:30:08.583  2951  3154 I LibreCastControlDelegate: Current Cast State '6' -> 'READY_TO_CAST'
04-09 17:30:08.583  2951  3154 I LibreCastControlDelegate: OnCastStatus() ---
04-09 17:30:08.587  2951  3154 I LibreCastControlDelegate: OnCastStatus() +++ AAA speaker 2:0xaaf94198:READY_TO_CAST
04-09 17:30:08.588  3077  3077 I cast_shell: [3080:3128:INFO:mdns_util.cc(102)] Defaulting mDNS capabilities for audio-only build
04-09 17:30:08.588  3077  3077 I cast_shell: [3080:3080:INFO:mdns_manager_impl.cc(429)] Successfully updated service: type=_googlecast
04-09 17:30:08.588  3077  3077 I cast_shell: [3080:3080:INFO:virtual_device.cc(296)] Updated mDNS service for virtual device: id=eafb811e-dccb-3b89-53d1-1e4d4b49d57a
04-09 17:30:08.588  2951  3154 I LibreCastControlDelegate: Cast Device Name -> 'AAA speaker 2'
04-09 17:30:08.588  2951  3154 I librecast: OldFriendlyName 'AAA speaker 2' & New name change By Cast 'AAA speaker 2' isfirstbootup 56 m_updatedonebyluci 0
04-09 17:30:08.588  2951  3154 I LibreCastControlDelegate: Device Build Number -> '1.52.272222'
04-09 17:30:08.588  2951  3154 I librecast: updateCastBuildVersion() Version 1.52.272222
04-09 17:30:08.589  2713  2719 I lucitransport: readRemoteMessage() MID char = 7 buffer = 1.52.272222
04-09 17:30:08.589  2951  3154 I LibreCastControlDelegate: Active Applications -> 0
04-09 17:30:08.605  3077  3077 I cast_shell: [3080:3118:INFO:ble_setup.cc(789)] Missing required info for sign.
04-09 17:30:08.609  2692  2692 I sh      : MessageBoxAlert() MID 90 
04-09 17:30:08.609  2692  2692 I sh      : MessageBoxChanged() MID '90'
04-09 17:30:08.609  3077  3077 I cast_shell: [3080:3118:INFO:gatt_client_manager_impl.cc(202)] Enabling GATT client connectability
04-09 17:30:08.609  3077  3077 I cast_shell: [3080:3118:INFO:ble_setup.cc(915)] Sign related info completed, no future EurekaInfo need sign.
04-09 17:30:08.609  2951  3005 I librecast: MessageBoxAlert() Msg = 90 remoteID = 16 
04-09 17:30:08.609  2713  2722 I lucitransport: readRemoteMessage() MID char = 90 buffer = AAA speaker 2
04-09 17:30:08.609  2951  3005 I LibreCastControl: LibreCastControl_SetCastName()  name 'AAA speaker 2' RequestId '9' pCastControl 0xf4e00728
04-09 17:30:08.609  2951  3005 E librecast: MessageBoxAlert() friendlyname AAA speaker 2
04-09 17:30:08.609  2951  3005 I LibreCastControl: MessageBoxAlert() messageBoxID 90
04-09 17:30:08.610  2954  2977 E Spotify-Player: Change Spotify Device name
04-09 17:30:08.611  2713  2722 E LUCI_SERVER: Luci Server Thread waiting for packets....
04-09 17:30:08.612  3077  3077 I cast_shell: [3080:3080:INFO:ccs_manager_impl.cc(1842)] Postponing device name update while registering
04-09 17:30:08.612  3077  3077 I cast_shell: [3080:3128:INFO:mdns_util.cc(102)] Defaulting mDNS capabilities for audio-only build
04-09 17:30:08.612  3077  3077 I cast_shell: [3080:3080:INFO:mdns_manager_impl.cc(429)] Successfully updated service: type=_googlecast
04-09 17:30:08.612  3077  3077 I cast_shell: [3080:3080:INFO:virtual_device.cc(296)] Updated mDNS service for virtual device: id=eafb811e-dccb-3b89-53d1-1e4d4b49d57a
04-09 17:30:08.615  2954  2978 E SPOTIFY : Device Name change new name = AAA speaker 2
04-09 17:30:08.615  2954  2978 E SPOTIFY : err = 0 
04-09 17:30:08.616  3077  3077 I cast_shell: [3080:3080:INFO:device_info_impl.cc(1133)] SSDP Config ID is increased: id=9
04-09 17:30:08.617  2735  2766 I bluetoothtbd: [0409/050008.617788:INFO:adapter.cc(551)] Adapter properties changed
04-09 17:30:08.617  2951  3154 I LibreCastControlDelegate: OnResponse() ReqeustID 9, error  0
04-09 17:30:08.618  2735  2766 I bluetoothtbd: [0409/050008.618043:INFO:adapter.cc(573)] Adapter name changed
04-09 17:30:08.620  3077  3077 I cast_shell: [3080:3118:INFO:bluetooth_manager.cc(1232)] [PII] Set device name to 'AAA speaker 2'
04-09 17:30:08.622  2951  3154 I LibreCastControlDelegate: OnCastStatus() +++ AAA speaker 2:0xaaf94198:READY_TO_CAST
04-09 17:30:08.623  2951  3154 I LibreCastControlDelegate: Cast Device Name -> 'AAA speaker 2'
04-09 17:30:08.623  2951  3154 I librecast: OldFriendlyName 'AAA speaker 2' & New name change By Cast 'AAA speaker 2' isfirstbootup 56 m_updatedonebyluci 0
04-09 17:30:08.624  2951  3154 I LibreCastControlDelegate: Device Build Number -> '1.52.272222'
04-09 17:30:08.624  2951  3154 I librecast: updateCastBuildVersion() Version 1.52.272222
04-09 17:30:08.624  2713  2713 I lucitransport: readRemoteMessage() MID char = 7 buffer = 1.52.272222
04-09 17:30:08.625  2950  2960 D wac-main: Netlink event
04-09 17:30:08.625  2950  2960 E wac-main: Netlink event 21 Interface Index 6 
04-09 17:30:08.625  2950  2960 E wac-main: Enter poll and wait
04-09 17:30:08.625  2712  2724 I yani_kernel: yani_geteventfrom_changeaddr() Message-Id '1' Netlink event '21' Interface Index '6' -> Name 'p2p0' 
04-09 17:30:08.627  2732  2742 I HotspotManager: stop hostapd
04-09 17:30:08.627  2787  2787 I dnsmasq : reading /etc/resolv.conf
04-09 17:30:08.627  2787  2787 I dnsmasq : using nameserver 8.8.4.4#53
04-09 17:30:08.627  2787  2787 I dnsmasq : using nameserver 192.168.1.1#53
04-09 17:30:08.627  2787  2787 I dnsmasq : using nameserver 192.168.50.1#53
04-09 17:30:08.627  2787  2787 I dnsmasq : using nameserver 8.8.8.8#53
04-09 17:30:08.627  2951  3154 I LibreCastControlDelegate: Active Applications -> 0
04-09 17:30:08.656  2950  2960 D wac-main: Netlink event
04-09 17:30:08.656  2950  2960 E wac-main: Netlink event 16 Interface Index 6 
04-09 17:30:08.656  2950  2960 E wac-main: p2p0 event Link Changed : 1003 
04-09 17:30:08.656  2950  2960 E wac-main: p2p0 Changed down
04-09 17:30:08.656  2950  2960 E wac-main: wlan0 IP : 192.168.1.145
04-09 17:30:08.657  2712  2724 I yani_kernel: yani_geteventfrom_changeaddr() Message-Id '1' Netlink event '16' Interface Index '6' -> Name 'p2p0' 
04-09 17:30:08.659  2950  2960 E wac-main: Enter poll and wait
04-09 17:30:08.727  2732  2742 E WifiUtil: Setting interface p2p0 down.
04-09 17:30:08.728  2712  2724 I yani_kernel: yani_geteventfrom_changeaddr() Message-Id '1' Netlink event '16' Interface Index '6' -> Name 'p2p0' 
04-09 17:30:08.729  2950  2960 D wac-main: Netlink event
04-09 17:30:08.730  2950  2960 E wac-main: Netlink event 16 Interface Index 6 
04-09 17:30:08.730  2950  2960 E wac-main: p2p0 event Link Changed : 1002 
04-09 17:30:08.730  2950  2960 E wac-main: Enter poll and wait
04-09 17:30:09.601  2735  2813 W bt_btif : bta_gattc_conn_cback() - cif=3 connected=0 conn_id=3 reason=0x0013
04-09 17:30:09.601  2735  2813 W bt_btif : bta_gattc_conn_cback() - cif=4 connected=0 conn_id=4 reason=0x0013
04-09 17:30:09.601  2735  2813 W bt_btif : bta_gattc_conn_cback() - cif=6 connected=0 conn_id=6 reason=0x0013
04-09 17:30:09.602  2735  2813 I bt_btm_sec: btm_sec_disconnected clearing pending flag handle:128 reason:19
04-09 17:30:09.603  2735  2766 W bt_btif : btif_av_move_idle: ACL Disconnected state 0 bd_addr=73:7f:ca:c1:18:b5 peer_bda=00:00:00:00:00:00
04-09 17:30:09.603  2735  2766 I bluetoothtbd: [0409/050009.603405:INFO:adapter.cc(719)] ACL state changed: 73:7F:CA:C1:18:B5 - connected: false
04-09 17:30:09.604  3077  3077 I cast_shell: [3080:3118:ERROR:bluetooth_v1_via_v2.cc(796)] Connection state changed. :b5 false
04-09 17:30:09.606  3077  3077 I cast_shell: [3080:3118:INFO:ble_setup.cc(789)] Missing required info for sign.
04-09 17:30:09.610  3077  3077 I cast_shell: [3080:3118:INFO:gatt_client_manager_impl.cc(202)] Enabling GATT client connectability
04-09 17:30:09.610  3077  3077 I cast_shell: [3080:3118:INFO:ble_setup.cc(915)] Sign related info completed, no future EurekaInfo need sign.
04-09 17:30:09.718  3077  3077 I cast_shell: [3080:3080:INFO:grpc_manager_impl.cc(505)] GRPC[uri=[::]:0]: num_pending_calls=0, num_active_handlers=0, num_free_handlers=0
04-09 17:30:09.720  3077  3077 I cast_shell: [3080:3080:INFO:grpc_manager_impl.cc(505)] GRPC[uri=]: num_pending_calls=0, num_active_handlers=0, num_free_handlers=0
04-09 17:30:09.785  3077  3077 I cast_shell: [3080:3080:INFO:grpc_manager_impl.cc(505)] GRPC[uri=unix:/tmp/hcp_ipc_auth.socket]: num_pending_calls=0, num_active_handlers=10, num_free_handlers=0
04-09 17:30:09.790  3077  3077 I cast_shell: [3080:3080:INFO:grpc_manager_impl.cc(505)] GRPC[uri=unix:/tmp/modular_updater/modular_update_service]: num_pending_calls=0, num_active_handlers=0, num_free_handlers=0
04-09 17:30:09.814  3077  3077 I cast_shell: [3080:3080:INFO:metrics_recorder.cc(112)] Metrics stat: total=18
04-09 17:30:09.814  3077  3077 I cast_shell: Cast.Assistant.Auth.FetchToken=1
04-09 17:30:09.814  3077  3077 I cast_shell: Cast.Assistant.AuthError.NOT_LINKED=1
04-09 17:30:09.814  3077  3077 I cast_shell: Cast.Auth.OK=1
04-09 17:30:09.814  3077  3077 I cast_shell: Cast.CRL.DownloadSuccess=1
04-09 17:30:09.814  3077  3077 I cast_shell: Cast.DCS.DownloadSuccess=1
04-09 17:30:09.814  3077  3077 I cast_shell: Cast.Discovery.Ble.Enabled=1
04-09 17:30:09.814  3077  3077 I cast_shell: Cast.Discovery.Mdns.ResponderStarted=1
04-09 17:30:09.814  3077  3077 I cast_shell: Cast.Discovery.Mdns.ResponderStopped=1
04-09 17:30:09.814  3077  3077 I cast_shell: Cast.Discovery.Mdns.SocketCreated=3
04-09 17:30:09.814  3077  3077 I cast_shell: Cast.Discovery.Mdns.SocketDestroyed=2
04-09 17:30:09.949  3077  3077 I cast_shell: [3080:3080:INFO:grpc_manager_impl.cc(505)] GRPC[uri=[::]:8012]: num_pending_calls=0, num_active_handlers=1, num_free_handlers=0
04-09 17:30:10.541  3077  3077 I cast_shell: [3080:3128:INFO:mdns_app_filter.cc(1526)] MdnsAppFilter: Done announcing.
04-09 17:30:10.572  2953  3479 I airplay_v2_0_6: 2022-04-09 17:30:10.571922 [AirPlayDemo] AirPlayDemoServerCopyProperty Password is <<NULL>>
04-09 17:30:10.573  2713  2713 I lucitransport: readRemoteMessage() MID char = 90 buffer = AAA speaker 2
04-09 17:30:10.574  2953  3457 I airplay_v2_0_6: 2022-04-09 17:30:10.574769 [AirPlay] Registering Bonjour _airplay._tcp. port 7000
04-09 17:30:10.576  2953  3479 I airplay_v2_0_6: 2022-04-09 17:30:10.576874 [AirPlayDemo] AirPlayDemoServerCopyProperty Password is <<NULL>>
04-09 17:30:10.578  2953  3479 I airplay_v2_0_6: 2022-04-09 17:30:10.578745 [AirPlayDemo] AirPlayDemoServerCopyProperty Password is <<NULL>>
04-09 17:30:10.579  2713  2713 I lucitransport: readRemoteMessage() MID char = 90 buffer = AAA speaker 2
04-09 17:30:10.581  2953  3457 I airplay_v2_0_6: 2022-04-09 17:30:10.581206 [AirPlay] Registering Bonjour CC909321F384@AAA speaker 2._raop._tcp. port 7000
04-09 17:30:10.614  3077  3077 I cast_shell: [3080:3129:INFO:metrics_recorder.cc(282)] Cast v2 action(socket_id=eafb811e-dccb-3b89-53d1-1e4d4b49d57a.2): CastV2.Connection.Connect.In
04-09 17:30:10.621  3077  3077 I cast_shell: [3080:3080:INFO:cast_system_memory_pressure_evaluator.cc(179)] ConfigRelaxMemoryPressureThresholds, 0.1, 0.2
04-09 17:30:10.623  3077  3077 I cast_shell: [3482:3482:INFO:cast_content_renderer_client_internal.cc(83)] Render process started.
04-09 17:30:10.628  3077  3077 I cast_shell: [3080:3080:INFO:application_manager_impl.cc(1417)] Starting background app: CC1AD845 (Default Media Receiver), session_id=7c21d236-188c-4c52-93a5-1bb19a917f38
04-09 17:30:10.628  3077  3077 I cast_shell: [3080:3129:INFO:v2_transport.cc(458)] Added Cast V2 endpoint: id=7c21d236-188c-4c52-93a5-1bb19a917f38, socket_factory_id=[PII](eafb811e-dccb-3b89-53d1-1e4d4b49d57a)
04-09 17:30:10.628  3077  3077 I cast_shell: [3080:3080:INFO:cast_media_blocker.cc(43)] UpdatePlayingState media_loading_blocked=1 media_starting_blocked=0 suspended=1 controllable=0 paused_by_user=1
04-09 17:30:10.628  3077  3077 I cast_shell: [3080:3080:INFO:application_message_handler.cc(1747)] Scheduling IpcTimerCheck
04-09 17:30:10.629  3077  3077 I cast_shell: [3080:3080:INFO:application_manager_impl.cc(1565)] App starting: CC1AD845 (Default Media Receiver), session_id=7c21d236-188c-4c52-93a5-1bb19a917f38
04-09 17:30:10.629  3077  3077 I cast_shell: [3080:3128:INFO:mdns_util.cc(102)] Defaulting mDNS capabilities for audio-only build
04-09 17:30:10.629  3077  3077 I cast_shell: [3080:3080:INFO:application_identification_settings.cc(410)] new ApplicationIdentificationSettings session_id: 7c21d236-188c-4c52-93a5-1bb19a917f38 app_id: CC1AD845 flags: 0 headers: 0
04-09 17:30:10.632  3077  3077 I cast_shell: [3080:3080:INFO:cast_media_blocker.cc(81)] MediaSessionInfoChanged media_loading_blocked=1 media_starting_blocked=0 is_suspended=1 is_controllable=0 paused_by_user=1
04-09 17:30:10.634  3077  3077 I cast_shell: [3080:3118:INFO:setup_namespace_handler.cc(94)] Added a peer for setup namespace: eafb811e-dccb-3b89-53d1-1e4d4b49d57a.2:gms_cast_prober-1
04-09 17:30:10.635  3077  3077 I cast_shell: [3080:3118:INFO:setup_state.cc(544)] EurekaInfoCalled: wifi_state=10, is_usable_ip_address=1, connected=1, is_initial_setup=0
04-09 17:30:10.640  3077  3077 I cast_shell: [3080:3080:INFO:web_application.cc(817)] [7c21d236] Supported bitstream audio codecs info: [codecs]None[spatial_rendering]None
04-09 17:30:10.640  3077  3077 I cast_shell: [3080:3080:INFO:cast_web_contents_impl.cc(242)] Load url: https://www.gstatic.com/cast/sdk/default_receiver/dogfood/app.html?skin=https://www.gstatic.com/eureka/player/0000/skins/cast/skin.css
04-09 17:30:10.641  3077  3077 I cast_shell: [3080:3080:INFO:cast_content_browser_client_internal.cc(975)] Disabling images support for application: CC1AD845
04-09 17:30:10.648  3077  3077 I cast_shell: [3080:3080:INFO:web_application.cc(991)] [7c21d236] Page state changed: app=CC1AD845 page_state=LOADING
04-09 17:30:10.651  3077  3077 I cast_shell: [3080:3080:INFO:web_application.cc(585)] [7c21d236] Updating app visibility to hidden for background mode.
04-09 17:30:10.651  3077  3077 I cast_shell: [3080:3080:INFO:application_manager_impl.cc(1579)] App pending: CC1AD845 (Default Media Receiver), session_id=7c21d236-188c-4c52-93a5-1bb19a917f38
04-09 17:30:10.651  3077  3077 I cast_shell: [3080:3128:INFO:mdns_util.cc(102)] Defaulting mDNS capabilities for audio-only build
04-09 17:30:10.652  3077  3077 I cast_shell: [3080:3080:INFO:mdns_util.cc(102)] Defaulting mDNS capabilities for audio-only build
04-09 17:30:10.653  3077  3077 I cast_shell: [3080:3080:INFO:mdns_util.cc(102)] Defaulting mDNS capabilities for audio-only build
04-09 17:30:10.654  3077  3077 I cast_shell: [3080:3080:INFO:cast_renderer_oom_adj_manager.cc(82)] Registering renderer 3482
04-09 17:30:10.654  3077  3077 I cast_shell: [3080:3430:INFO:cast_renderer_oom_adj_manager.cc(90)] Adjusting OOM score for renderer(3482) to 400
04-09 17:30:10.654  3077  3077 I cast_shell: [3080:3430:WARNING:cast_renderer_oom_adj_manager.cc(92)] OOM score adjustment failed for renderer(3482)
04-09 17:30:10.701  3077  3077 I cast_shell: [3482:3482:INFO:media_playback_options.cc(70)] Render frame actions are blocked.
04-09 17:30:10.733  3077  3077 I cast_shell: [3482:3482:INFO:media_playback_options.cc(70)] Render frame actions are blocked.
04-09 17:30:10.734  3077  3077 I cast_shell: [3482:3482:INFO:media_caps.cc(24)] ScreenResolutionChanged resolution=0x0
04-09 17:30:10.735  3077  3077 I cast_shell: [3482:3482:INFO:media_caps.cc(54)] ScreenInfoChanged HDCP version=0 Supported EOTFs=0 DolbyVision flags=0 Screen size(mm): 0x0 cur mode HDR=0 cur mode DV=0
04-09 17:30:10.770  3077  3077 I cast_shell: [3080:3129:INFO:v2_ssl_socket.cc(358)] Stop reading on pending closed socket
04-09 17:30:10.770  3077  3077 I cast_shell: [3080:3118:INFO:setup_namespace_handler.cc(104)] Removed a peer for setup namespace: eafb811e-dccb-3b89-53d1-1e4d4b49d57a.2:gms_cast_prober-1
04-09 17:30:10.818  3077  3077 I cast_shell: [3080:3129:INFO:metrics_recorder.cc(282)] Cast v2 action(socket_id=eafb811e-dccb-3b89-53d1-1e4d4b49d57a.3): CastV2.Connection.Connect.In
04-09 17:30:10.818  3077  3077 I cast_shell: [3080:3118:INFO:setup_namespace_handler.cc(94)] Added a peer for setup namespace: eafb811e-dccb-3b89-53d1-1e4d4b49d57a.3:gms_cast_prober-1
04-09 17:30:10.819  3077  3077 I cast_shell: [3080:3118:INFO:setup_state.cc(544)] EurekaInfoCalled: wifi_state=10, is_usable_ip_address=1, connected=1, is_initial_setup=0
04-09 17:30:10.995  3077  3077 I cast_shell: [3080:3080:INFO:mdns_util.cc(102)] Defaulting mDNS capabilities for audio-only build
04-09 17:30:10.995  3077  3077 I cast_shell: [3080:3080:INFO:mdns_util.cc(102)] Defaulting mDNS capabilities for audio-only build
04-09 17:30:11.034  3077  3077 I cast_shell: [3080:3118:INFO:setup_namespace_handler.cc(104)] Removed a peer for setup namespace: eafb811e-dccb-3b89-53d1-1e4d4b49d57a.3:gms_cast_prober-1
04-09 17:30:11.038  3077  3077 I cast_shell: [3080:3129:INFO:v2_ssl_socket.cc(358)] Stop reading on pending closed socket
04-09 17:30:11.449  3077  3077 I cast_shell: [3482:3482:INFO:cast_content_client.cc(103)] Active URL: https://www.gstatic.com/cast/sdk/default_receiver/dogfood/app.html?skin=https://www.gstatic.com/eureka/player/0000/skins/cast/skin.css&google_cast_bg=true for origin 'null'
04-09 17:30:11.459  3077  3077 I cast_shell: [3080:3080:INFO:cast_content_client.cc(103)] Active URL: https://www.gstatic.com/cast/sdk/default_receiver/dogfood/app.html?skin=https://www.gstatic.com/eureka/player/0000/skins/cast/skin.css&google_cast_bg=true for origin 'null [internally: (30937937F35C58855225331929B68D01) anonymous]'
04-09 17:30:11.463  3077  3077 I cast_shell: [3080:3430:INFO:process_memory_recorder_utils.cc(43)] CC1AD845 using 40652kB memory
04-09 17:30:11.490  3077  3077 I cast_shell: [3482:3482:INFO:feature_manager.cc(174)] Enabling bindings: 
04-09 17:30:11.513  3077  3077 I cast_shell: [3482:3482:INFO:feature_manager.cc(174)] Enabling bindings: 
04-09 17:30:12.373  3077  3077 I cast_shell: [3080:3080:INFO:CONSOLE(116)] Cast App (CC1AD845): " [  0.002s] [cast.receiver.IpcChannel] Opening platform websocket ", source: https://www.gstatic.com/cast/sdk/libs/caf_receiver/v3/cast_receiver_framework.js (116)
04-09 17:30:12.384  3077  3077 I cast_shell: [3482:3482:INFO:media_source_impl.cc(363)] isTypeSupported("video/mp4;codecs=hev1.2.4.L153.B0") -> false (not supported by HTMLMediaElement)
04-09 17:30:12.386  3077  3077 I cast_shell: [3482:3482:INFO:media_source_impl.cc(363)] isTypeSupported("video/mp4;codecs=dvhe.04.06") -> false (not supported by HTMLMediaElement)
04-09 17:30:12.386  3077  3077 I cast_shell: [3080:3080:INFO:CONSOLE(1162)] Cast App (CC1AD845): "canDisplayType(video/mp4; codecs=hev1.2.4.L153.B0; eotf=smpte2084): Codec not supported.", source:  (1162)
04-09 17:30:12.387  3077  3077 I cast_shell: [3080:3080:INFO:CONSOLE(1162)] Cast App (CC1AD845): "canDisplayType(video/mp4; codecs=dvhe.04.06): Codec not supported.", source:  (1162)
04-09 17:30:12.387  3077  3077 I cast_shell: [3482:3482:INFO:media_source_impl.cc(363)] isTypeSupported("audio/mp4;codecs=ec-3") -> false (not supported by HTMLMediaElement)
04-09 17:30:12.388  3077  3077 I cast_shell: [3080:3080:INFO:CONSOLE(1162)] Cast App (CC1AD845): "canDisplayType(audio/mp4; codecs=ec-3; spatialRendering=true): Codec not supported.", source:  (1162)
04-09 17:30:12.398  3077  3077 I cast_shell: [3482:0xafbeef38]     1736 ms: Scavenge 1.8 (1.9) -> 1.6 (2.4) MB, 4.9 / 0.1 ms  (average mu = 1.000, current mu = 1.000) allocation failure 
04-09 17:30:12.405  3077  3077 I cast_shell: [3080:3080:INFO:CONSOLE(739)] Cast App (CC1AD845): "Lit is in dev mode. Not recommended for production! See https://lit.dev/msg/dev-mode for more information.", source: https://www.gstatic.com/cast/sdk/libs/caf_receiver/v3/cast_receiver_framework.js (739)
04-09 17:30:12.412  3077  3077 I cast_shell: [3080:3080:INFO:CONSOLE(36)] Cast App (CC1AD845): "Unknown queryable value: log-level-cast-receiver", source:  (36)
04-09 17:30:12.527  3077  3077 I cast_shell: [3080:3080:INFO:CONSOLE(836)] Cast App (CC1AD845): "CAST SDK CAF Version: 3.0.0103", source: https://www.gstatic.com/cast/sdk/libs/caf_receiver/v3/cast_receiver_framework.js (836)
04-09 17:30:12.547  3077  3077 I cast_shell: [3482:0xafbeef38]     1884 ms: Scavenge 2.3 (2.9) -> 2.1 (3.1) MB, 6.1 / 0.0 ms  (average mu = 1.000, current mu = 1.000) allocation failure 
04-09 17:30:12.570  3077  3077 I cast_shell: [3482:3482:INFO:html_media_element.cc(538)] HTMLMediaElement(0x449a2f30)
04-09 17:30:12.624  3077  3077 I cast_shell: [3482:3482:INFO:identification_settings_manager.cc(68)] CSS URL detected and replaced with empty text URI.
04-09 17:30:12.624  3077  3077 I cast_shell: [3482:3482:INFO:identification_settings_manager.cc(169)] WillStartResourceRequest: replacement URL found
04-09 17:30:12.659  3496  3496 E wac-main: WAC timeout cb
04-09 17:30:12.659  3496  3496 E wac-main: send wac api : a5a1
04-09 17:30:12.659  2950  2960 E wac-main: API event
04-09 17:30:12.659  2950  2960 E wac-main: msg : a5a1
04-09 17:30:12.659  2950  2960 E wac-main: msg : a5a1
04-09 17:30:12.659  2950  2960 E wac-main: Enter poll and wait
04-09 17:30:12.660  2950  3497 E wac-main: enter WACStartStopThread
04-09 17:30:12.660  2950  3497 E wac-main: WACStartStopThread() event -> 'wacstop' is WACServer? UP -> 'Yes' 
04-09 17:30:12.660  2950  2964 E WACBONJOUR: RemoveWACBonjourService
04-09 17:30:12.662  2950  2964 I wifiapi : newconn : 0xf53024e8
04-09 17:30:12.663  2950  3497 E WACSERVER: WACServerStop wait
04-09 17:30:12.701  2950  2960 D wac-main: Netlink event
04-09 17:30:12.701  2950  2960 E wac-main: Netlink event 16 Interface Index 7 
04-09 17:30:12.701  2950  2960 E wac-main: Enter poll and wait
04-09 17:30:12.701  2712  2724 I yani_kernel: yani_geteventfrom_changeaddr() Message-Id '1' Netlink event '16' Interface Index '7' -> Name 'p2p1' 
04-09 17:30:12.702  2732  2742 E CommandListener: Message not handled: unrecognized interface p2p1
04-09 17:30:12.702  2732  2742 W FrameworkListener: Handler 'Iface' error (Success)
04-09 17:30:12.727  2950  2960 D wac-main: Netlink event
04-09 17:30:12.727  2950  2960 E wac-main: Netlink event 16 Interface Index 7 
04-09 17:30:12.727  2950  2960 E wac-main: Enter poll and wait
04-09 17:30:12.727  2712  2724 I yani_kernel: yani_geteventfrom_changeaddr() Message-Id '1' Netlink event '16' Interface Index '7' -> Name 'p2p1' 
04-09 17:30:12.728  2732  2742 E CommandListener: Message not handled: unrecognized interface p2p1
04-09 17:30:12.728  2732  2742 W FrameworkListener: Handler 'Iface' error (Success)
04-09 17:30:12.730  2732  2742 E CommandListener: Message not handled: unrecognized interface p2p1
04-09 17:30:12.730  2732  2742 W FrameworkListener: Handler 'Iface' error (Success)
04-09 17:30:12.732  2950  2964 I wifiapi : 'DISABLE' command returned = 0
04-09 17:30:12.734  2950  2964 I wifiapi : stop hostapd
04-09 17:30:12.734  2950  2964 I wifiapi : stop dnsmasq
04-09 17:30:12.752  3077  3077 I cast_shell: [3080:3080:ERROR:cast_web_contents_impl.cc(828)] Resource "https://www.gstatic.com/cast/sdk/libs/mediaplayer/1.0.0/media_player.js" failed to load with net_error=-21, description=ERR_NETWORK_CHANGED
04-09 17:30:12.754  3077  3077 I cast_shell: [3080:3080:INFO:CONSOLE(116)] Cast App (CC1AD845): " [  0.388s] [cast.framework.common.libraryloader] library(//www.gstatic.com/cast/sdk/libs/mediaplayer/1.0.0/media_player.js) cannot be loaded ", source: https://www.gstatic.com/cast/sdk/libs/caf_receiver/v3/cast_receiver_framework.js (116)
04-09 17:30:12.754  3077  3077 I cast_shell: [3080:3080:INFO:CONSOLE(362)] Cast App (CC1AD845): "Uncaught (in promise) undefined", source: https://www.gstatic.com/cast/sdk/libs/caf_receiver/v3/cast_receiver_framework.js (362)
04-09 17:30:12.774  3077  3077 I cast_shell: [3080:3080:ERROR:cast_web_contents_impl.cc(828)] Resource "https://ajax.googleapis.com/ajax/libs/shaka-player/3.2.2/shaka-player.compiled.js" failed to load with net_error=-21, description=ERR_NETWORK_CHANGED
04-09 17:30:12.776  3077  3077 I cast_shell: [3080:3080:INFO:CONSOLE(116)] Cast App (CC1AD845): " [  0.411s] [cast.framework.common.libraryloader] library(//ajax.googleapis.com/ajax/libs/shaka-player/3.2.2/shaka-player.compiled.js) cannot be loaded ", source: https://www.gstatic.com/cast/sdk/libs/caf_receiver/v3/cast_receiver_framework.js (116)
04-09 17:30:12.790  3077  3077 I cast_shell: [3080:3080:INFO:cast_web_contents_impl.cc(712)] Finished loading page after 1350 ms, url=https://www.gstatic.com/cast/sdk/default_receiver/dogfood/app.html?skin=https://www.gstatic.com/eureka/player/0000/skins/cast/skin.css&google_cast_bg=true
04-09 17:30:12.790  3077  3077 I cast_shell: [3080:3080:INFO:web_application.cc(991)] [7c21d236] Page state changed: app=CC1AD845 page_state=LOADED
04-09 17:30:12.792  3077  3077 I cast_shell: [3080:3080:INFO:CONSOLE(0)] Cast App (CC1AD845): "Uncaught (in promise) undefined", source: https://www.gstatic.com/cast/sdk/default_receiver/dogfood/app.html?skin=https://www.gstatic.com/eureka/player/0000/skins/cast/skin.css&google_cast_bg=true (0)
04-09 17:30:12.796  3077  3077 I cast_shell: [3080:3080:INFO:application_message_handler.cc(704)] Cast V2 IPC connected: app_id=CC1AD845
04-09 17:30:12.798  3077  3077 I cast_shell: [3080:3080:INFO:application_message_handler.cc(868)] Received READY message from app
04-09 17:30:12.798  3077  3077 I cast_shell: [3080:3080:INFO:application_message_handler.cc(881)] SDK capabilities: {
04-09 17:30:12.798  3077  3077 I cast_shell:    "group_capabilities_supported": true,
04-09 17:30:12.798  3077  3077 I cast_shell:    "playback_device_status_supported": true,
04-09 17:30:12.798  3077  3077 I cast_shell:    "show_media_controls_supported": true
04-09 17:30:12.798  3077  3077 I cast_shell: }
04-09 17:30:12.798  3077  3077 I cast_shell: 
04-09 17:30:14.755  3077  3077 I cast_shell: [3080:3088:INFO:parent_tracker.cc(237)] Network changed
04-09 17:30:14.755  3077  3077 I cast_shell: [3080:3088:INFO:parent_tracker.cc(132)] No need to recreate socket
04-09 17:30:14.755  3077  3077 I cast_shell: [3080:3088:INFO:parent_tracker.cc(237)] Network changed
04-09 17:30:14.755  3077  3077 I cast_shell: [3080:3088:INFO:parent_tracker.cc(132)] No need to recreate socket
04-09 17:30:14.755  3077  3077 I cast_shell: [3080:3142:INFO:net_util_impl.cc(582)] IP address: [PII](192.168.1.1) MAC address: [PII](C8:B3:73:44:AE:ED)
04-09 17:30:14.755  3077  3077 I cast_shell: [3080:3142:INFO:net_util_impl.cc(582)] IP address: [PII](192.168.1.1) MAC address: [PII](C8:B3:73:44:AE:ED)
04-09 17:30:14.757  3077  3077 I cast_shell: [3080:3080:INFO:gcm_manager.cc(238)] GCM connection lost.
04-09 17:30:15.498  3077  3077 I cast_shell: [3080:3080:INFO:gcm_manager.cc(233)] GCM connection established.
04-09 17:30:15.499  3077  3077 I cast_shell: [3080:3088:INFO:heartbeat_manager.cc(272)] Set HBInterval default: 1680000
04-09 17:30:17.402  3077  3077 I cast_shell: [3080:3080:ERROR:ccs_transport_https.cc(1775)] Received response code 409 for message_id = 3c087d41-73c1-4af4-b160-47840a1d48f4 - 
04-09 17:30:17.403  3077  3077 I cast_shell: [3080:3080:INFO:metrics_recorder.cc(282)] cast event: Cloud.Transport.Https.Register.Out.Error
04-09 17:30:17.403  3077  3077 I cast_shell: [3080:3080:INFO:ccs_manager_impl.cc(2529)] Scheduling next register for device in time: 58.916 s
04-09 17:30:18.884  3077  3077 I cast_shell: [3080:3080:INFO:metrics_recorder.cc(282)] cast event: Cloud.Transport.Https.Register.Out.Success
04-09 17:30:18.884  3077  3077 I cast_shell: [3080:3080:WARNING:ccs_transport_util.cc(409)] Auth info absent from the config reply from CCS.
04-09 17:30:18.884  3077  3077 I cast_shell: [3080:3080:WARNING:ccs_transport_util.cc(313)] Missing SensingSettings in the CCS config.
04-09 17:30:18.884  3077  3077 I cast_shell: [3080:3080:INFO:metrics_recorder.cc(282)] cast event: Cloud.Transport.Https.Config.In
04-09 17:30:18.884  3077  3077 I cast_shell: [3080:3080:INFO:ccs_manager_impl.cc(1150)] Handling CONFIG message from CCS.
04-09 17:30:18.884  3077  3077 I cast_shell: [3080:3080:INFO:ccs_manager_impl.cc(1151)] [PII] device_id=526E01C641239844DA8F41CB6ACF4883
04-09 17:30:18.884  3077  3077 I cast_shell: [3080:3080:INFO:metrics_recorder.cc(282)] Record action: Cloud.Transport.Https.LinkedStatus.NotLinked
04-09 17:30:18.884  3077  3077 I cast_shell: [3080:3080:INFO:structure_info_from_home_graph.cc(53)] received config from home graph. Will use it: 1
04-09 17:30:18.884  3077  3077 I cast_shell: [3080:3080:INFO:structure_info_from_home_graph.cc(59)] Num devices in the structure: 0
04-09 17:30:18.884  3077  3077 I cast_shell: [3080:3080:INFO:ccs_heartbeat_listener.cc(56)] Setting heartbeat interval from CCS: 120000ms
04-09 17:30:18.888  3077  3077 I cast_shell: [3080:3088:INFO:heartbeat_manager.cc(306)] Set client HB: 120000
04-09 17:30:18.888  3077  3077 I cast_shell: [3080:3088:INFO:heartbeat_manager.cc(311)] ResettingConnection bc: 1680000
04-09 17:30:18.888  3077  3077 I cast_shell: [3080:3088:INFO:heartbeat_manager.cc(332)] ResetConnection: %d5
04-09 17:30:18.888  3077  3077 I cast_shell: [3080:3080:INFO:user_auth_impl.cc(267)] linked status: NOT_LINKED
04-09 17:30:18.888  3077  3077 I cast_shell: [3080:3080:INFO:robot_account_auth_manager.cc(320)] V1 AuthManager received a UpdateAuthToken request
04-09 17:30:18.888  3077  3077 I cast_shell: [3080:3080:INFO:ccs_transport_https.cc(1352)] No cloud settings in response
04-09 17:30:18.888  3077  3077 I cast_shell: [3080:3080:INFO:gcm_manager.cc(238)] GCM connection lost.
04-09 17:30:20.674  3077  3077 I cast_shell: [3482:0xafbeef38]    10012 ms: Mark-sweep (reduce) 2.2 (3.1) -> 1.6 (2.6) MB, 11.6 / 0.2 ms  (+ 25.2 ms in 10 steps since start of marking, biggest step 9.4 ms, walltime since start of marking 41 ms) (average mu = 1.000, current mu = 1.000) finalize incremental marking via task GC in old space requested
04-09 17:30:20.895  3077  3077 I cast_shell: [3080:3128:INFO:mdns_app_filter.cc(2645)] MdnsAppFilter: responses sent in 191 seconds: 1
04-09 17:30:20.974  3077  3077 I cast_shell: [3080:3129:INFO:metrics_recorder.cc(282)] Cast v2 action(socket_id=eafb811e-dccb-3b89-53d1-1e4d4b49d57a.4): CastV2.Connection.Connect.In
04-09 17:30:20.975  3077  3077 I cast_shell: [3080:3118:INFO:setup_namespace_handler.cc(94)] Added a peer for setup namespace: eafb811e-dccb-3b89-53d1-1e4d4b49d57a.4:gms_cast_prober-1
04-09 17:30:20.976  3077  3077 I cast_shell: [3080:3118:INFO:setup_state.cc(544)] EurekaInfoCalled: wifi_state=10, is_usable_ip_address=1, connected=1, is_initial_setup=0
04-09 17:30:20.987  3077  3077 I cast_shell: [3080:3080:INFO:mdns_util.cc(102)] Defaulting mDNS capabilities for audio-only build
04-09 17:30:20.987  3077  3077 I cast_shell: [3080:3080:INFO:mdns_util.cc(102)] Defaulting mDNS capabilities for audio-only build
04-09 17:30:21.115  3077  3077 I cast_shell: [3080:3129:INFO:v2_ssl_socket.cc(358)] Stop reading on pending closed socket
04-09 17:30:21.115  3077  3077 I cast_shell: [3080:3118:INFO:setup_namespace_handler.cc(104)] Removed a peer for setup namespace: eafb811e-dccb-3b89-53d1-1e4d4b49d57a.4:gms_cast_prober-1
04-09 17:30:21.309  3077  3077 I cast_shell: [3482:0xafbeef38]    10645 ms: Mark-sweep (reduce) 1.6 (2.6) -> 1.6 (2.6) MB, 4.0 / 0.2 ms  (+ 25.0 ms in 14 steps since start of marking, biggest step 9.1 ms, walltime since start of marking 33 ms) (average mu = 0.958, current mu = 0.958) finalize incremental marking via task GC in old space requested
04-09 17:30:21.887  3077  3077 I cast_shell: [3080:3080:INFO:robot_account_auth_manager.cc(384)] Sending oauth request for client_id: 2
04-09 17:30:21.887  3077  3077 I cast_shell: [3080:3080:INFO:metrics_recorder.cc(282)] cast event: Cast.Assistant.Auth.FetchToken
04-09 17:30:21.888  3077  3077 I cast_shell: [3080:3086:INFO:chromium_http_connection.cc(436)] Creating a new chromium http url loader factory
04-09 17:30:22.477  3077  3077 I cast_shell: [3080:3080:INFO:robot_account_auth_manager.cc(525)] Got CAS response: 200
04-09 17:30:22.477  3077  3077 I cast_shell: [3080:3080:INFO:metrics_recorder.cc(282)] cast event: Cast.Assistant.AuthError.NOT_LINKED
04-09 17:30:22.477  3077  3077 I cast_shell: [3080:3080:INFO:robot_account_auth_manager.cc(776)] Current error: NOT_LINKED, new error: NOT_LINKED
04-09 17:30:26.684  3077  3077 I cast_shell: [3080:3080:INFO:robot_account_auth_manager.cc(384)] Sending oauth request for client_id: 0
04-09 17:30:26.684  3077  3077 I cast_shell: [3080:3080:INFO:metrics_recorder.cc(282)] cast event: Cast.Assistant.Auth.FetchToken
04-09 17:30:26.684  3077  3077 I cast_shell: [3080:3086:INFO:chromium_http_connection.cc(436)] Creating a new chromium http url loader factory
04-09 17:30:26.927  3077  3077 I cast_shell: [3080:3080:INFO:robot_account_auth_manager.cc(525)] Got CAS response: 200
04-09 17:30:26.927  3077  3077 I cast_shell: [3080:3080:INFO:metrics_recorder.cc(282)] cast event: Cast.Assistant.AuthError.NOT_LINKED
04-09 17:30:26.927  3077  3077 I cast_shell: [3080:3080:INFO:robot_account_auth_manager.cc(776)] Current error: NOT_LINKED, new error: NOT_LINKED
04-09 17:30:36.019  3077  3077 I cast_shell: [3080:3115:INFO:snr_tracker.cc(50)] snr = 46
04-09 17:30:45.850  3077  3077 I cast_shell: [3080:3080:INFO:gcm_manager.cc(233)] GCM connection established.
04-09 17:30:45.851  3077  3077 I cast_shell: [3080:3088:INFO:heartbeat_manager.cc(268)] Set HBInterval from client: 120000
04-09 17:30:52.646  2954  2978 I SPOTIFY : ConnectionNotify event(0-Login, 1-Logout, rest Error) = 7 
04-09 17:31:00.810  3077  3077 I cast_shell: [3080:3128:INFO:mdns_app_filter.cc(2645)] MdnsAppFilter: responses sent in 39 seconds: 4
04-09 17:31:00.842  3077  3077 I cast_shell: [3080:3118:INFO:metrics_recorder.cc(282)] Record action: Setup.eureka_info.Local
04-09 17:31:00.842  3077  3077 I cast_shell: [3080:3118:INFO:metrics_recorder.cc(282)] Record action: Setup.eureka_info.Local.200
04-09 17:31:03.221  2732  2741 I NetworkMonitor: Cast.Wifi.Failure.Type 0
04-09 17:31:03.226  3077  3077 I cast_shell: [3080:3118:INFO:metrics_recorder.cc(282)] Record action: Setup.eureka_info.Local
04-09 17:31:03.227  3077  3077 I cast_shell: [3080:3118:INFO:metrics_recorder.cc(282)] Record action: Setup.eureka_info.Local.200
04-09 17:31:03.229  2732  2741 I WifiUtil: get wlan0 channel 4 (2427MHz)
04-09 17:31:03.232  2712  2724 I yani_server: NetLink Event '-1' Interface-Index '5' WLAN '-1' Ethernet '-1' Parsed-iFill '-1' -> 'INVALID' ifIndex '1' -> 'lo'
04-09 17:31:05.416  3077  3077 I cast_shell: [3080:3080:INFO:robot_account_auth_manager.cc(384)] Sending oauth request for client_id: 0
04-09 17:31:05.416  3077  3077 I cast_shell: [3080:3080:INFO:metrics_recorder.cc(282)] cast event: Cast.Assistant.Auth.FetchToken
04-09 17:31:05.416  3077  3077 I cast_shell: [3080:3142:INFO:chromium_http_connection.cc(436)] Creating a new chromium http url loader factory
04-09 17:31:05.647  3077  3077 I cast_shell: [3080:3080:INFO:robot_account_auth_manager.cc(525)] Got CAS response: 200
04-09 17:31:05.647  3077  3077 I cast_shell: [3080:3080:INFO:metrics_recorder.cc(282)] cast event: Cast.Assistant.AuthError.NOT_LINKED
04-09 17:31:05.647  3077  3077 I cast_shell: [3080:3080:INFO:robot_account_auth_manager.cc(776)] Current error: NOT_LINKED, new error: NOT_LINKED
04-09 17:31:06.062  3077  3077 I cast_shell: [3080:3115:INFO:snr_tracker.cc(50)] snr = 49
04-09 17:31:06.314  2950  2960 D wac-main: Netlink event
04-09 17:31:06.314  2950  2960 E wac-main: Netlink event 16 Interface Index 5 
04-09 17:31:06.314  2950  2960 E wac-main: Enter poll and wait
04-09 17:31:06.314  2950  2960 D wac-main: Netlink event
04-09 17:31:06.314  2950  2960 E wac-main: Netlink event 16 Interface Index 5 
04-09 17:31:06.314  2950  2960 E wac-main: Enter poll and wait
04-09 17:31:06.321  3077  3077 I cast_shell: [3080:3118:INFO:gatt_client_manager_impl.cc(202)] Enabling GATT client connectability
04-09 17:31:06.321  2712  2724 I yani_server: NetLink Event '-1' Interface-Index '5' WLAN '0' Ethernet '-1' Parsed-iFill '-1' -> 'INVALID' ifIndex '1' -> 'lo'
04-09 17:31:06.322  2712  2724 I yani_kernel: yani_geteventfrom_changeaddr() Message-Id '1' Netlink event '16' Interface Index '5' -> Name 'wlan0' 
04-09 17:31:06.323  2951  3154 I LibreCastControlDelegate: OnCastStatus() +++ AAA speaker 2:0xaaf94198:READY_TO_CAST
04-09 17:31:06.324  2951  3154 I LibreCastControlDelegate: Cast Device Name -> 'AAA speaker 2'
04-09 17:31:06.324  2951  3154 I librecast: OldFriendlyName 'AAA speaker 2' & New name change By Cast 'AAA speaker 2' isfirstbootup 56 m_updatedonebyluci 0
04-09 17:31:06.324  2951  3154 I LibreCastControlDelegate: Device Build Number -> '1.52.272222'
04-09 17:31:06.324  2951  3154 I librecast: updateCastBuildVersion() Version 1.52.272222
04-09 17:31:06.325  2713  2713 I lucitransport: readRemoteMessage() MID char = 7 buffer = 1.52.272222
04-09 17:31:06.327  2712  2724 I yani_kernel: yani_geteventfrom_changeaddr() Message-Id '1' Netlink event '16' Interface Index '5' -> Name 'wlan0' 
04-09 17:31:09.720  3077  3077 I cast_shell: [3080:3080:INFO:grpc_manager_impl.cc(505)] GRPC[uri=[::]:0]: num_pending_calls=0, num_active_handlers=0, num_free_handlers=0
04-09 17:31:09.720  3077  3077 I cast_shell: [3080:3080:INFO:grpc_manager_impl.cc(515)] GRPC[uri=[::]:0]: service_name=chromecast.LocalCloudcastService, rpc_name=ExecuteActionScript, num_active_handlers=0, num_free_handlers=0
04-09 17:31:09.720  3077  3077 I cast_shell: [3080:3080:INFO:grpc_manager_impl.cc(515)] GRPC[uri=[::]:0]: service_name=chromecast.LocalCloudcastService, rpc_name=GetDeviceStatus, num_active_handlers=0, num_free_handlers=0
04-09 17:31:09.720  3077  3077 I cast_shell: [3080:3080:INFO:grpc_manager_impl.cc(515)] GRPC[uri=[::]:0]: service_name=chromecast.LocalCloudcastService, rpc_name=ObserveDeviceStatus, num_active_handlers=0, num_free_handlers=0
04-09 17:31:09.720  3077  3077 I cast_shell: [3080:3080:INFO:grpc_manager_impl.cc(505)] GRPC[uri=]: num_pending_calls=0, num_active_handlers=0, num_free_handlers=0
04-09 17:31:09.785  3077  3077 I cast_shell: [3080:3080:INFO:grpc_manager_impl.cc(505)] GRPC[uri=unix:/tmp/hcp_ipc_auth.socket]: num_pending_calls=0, num_active_handlers=10, num_free_handlers=0
04-09 17:31:09.786  3077  3077 I cast_shell: [3080:3080:INFO:grpc_manager_impl.cc(515)] GRPC[uri=unix:/tmp/hcp_ipc_auth.socket]: service_name=usonia.ipc.Auth, rpc_name=AuthReady, num_active_handlers=1, num_free_handlers=0
04-09 17:31:09.786  3077  3077 I cast_shell: [3080:3080:INFO:grpc_manager_impl.cc(515)] GRPC[uri=unix:/tmp/hcp_ipc_auth.socket]: service_name=usonia.ipc.Auth, rpc_name=Sign, num_active_handlers=1, num_free_handlers=0
04-09 17:31:09.786  3077  3077 I cast_shell: [3080:3080:INFO:grpc_manager_impl.cc(515)] GRPC[uri=unix:/tmp/hcp_ipc_auth.socket]: service_name=usonia.ipc.Auth, rpc_name=Verify, num_active_handlers=1, num_free_handlers=0
04-09 17:31:09.786  3077  3077 I cast_shell: [3080:3080:INFO:grpc_manager_impl.cc(515)] GRPC[uri=unix:/tmp/hcp_ipc_auth.socket]: service_name=usonia.ipc.DistributedServiceDiscovery, rpc_name=AddService, num_active_handlers=1, num_free_handlers=0
04-09 17:31:09.786  3077  3077 I cast_shell: [3080:3080:INFO:grpc_manager_impl.cc(515)] GRPC[uri=unix:/tmp/hcp_ipc_auth.socket]: service_name=usonia.ipc.DistributedServiceDiscovery, rpc_name=FetchAllPeerAddressList, num_active_handlers=1, num_free_handlers=0
04-09 17:31:09.786  3077  3077 I cast_shell: [3080:3080:INFO:grpc_manager_impl.cc(515)] GRPC[uri=unix:/tmp/hcp_ipc_auth.socket]: service_name=usonia.ipc.DistributedServiceDiscovery, rpc_name=IsServiceAllowed, num_active_handlers=1, num_free_handlers=0
04-09 17:31:09.786  3077  3077 I cast_shell: [3080:3080:INFO:grpc_manager_impl.cc(515)] GRPC[uri=unix:/tmp/hcp_ipc_auth.socket]: service_name=usonia.ipc.DistributedServiceDiscovery, rpc_name=ResolvePeerAddress, num_active_handlers=1, num_free_handlers=0
04-09 17:31:09.786  3077  3077 I cast_shell: [3080:3080:INFO:grpc_manager_impl.cc(515)] GRPC[uri=unix:/tmp/hcp_ipc_auth.socket]: service_name=usonia.ipc.DistributedServiceDiscovery, rpc_name=UpdateServiceObservers, num_active_handlers=1, num_free_handlers=0
04-09 17:31:09.786  3077  3077 I cast_shell: [3080:3080:INFO:grpc_manager_impl.cc(515)] GRPC[uri=unix:/tmp/hcp_ipc_auth.socket]: service_name=usonia.ipc.LeaderElector, rpc_name=LeaderElection, num_active_handlers=1, num_free_handlers=0
04-09 17:31:09.786  3077  3077 I cast_shell: [3080:3080:INFO:grpc_manager_impl.cc(515)] GRPC[uri=unix:/tmp/hcp_ipc_auth.socket]: service_name=usonia.ipc.TimeSynchronizer, rpc_name=ObserveCommonTime, num_active_handlers=1, num_free_handlers=0
04-09 17:31:09.791  3077  3077 I cast_shell: [3080:3080:INFO:grpc_manager_impl.cc(505)] GRPC[uri=unix:/tmp/modular_updater/modular_update_service]: num_pending_calls=0, num_active_handlers=0, num_free_handlers=0
04-09 17:31:09.791  3077  3077 I cast_shell: [3080:3080:INFO:grpc_manager_impl.cc(515)] GRPC[uri=unix:/tmp/modular_updater/modular_update_service]: service_name=chromecast.modular_update.ModularUpdateService, rpc_name=GetCastInfo, num_active_handlers=0, num_free_handlers=0
