04-09 16:56:45.513  2712  2720 E luciUART: UART:69
04-09 16:56:45.513  2712  2720 I luciUART: Previous Packet read contd., 
04-09 16:56:45.513  2712  2720 E luciUART: UART:64
04-09 16:56:45.513  2712  2720 E luciUART: UART:aa
04-09 16:56:45.513  2712  2720 E luciUART: UART:aa
04-09 16:56:45.514  2712  2720 E luciUART: UART:2
04-09 16:56:45.514  2712  2721 E LUCI_SERVER: Luci Server Thread wait over MID 208....
04-09 16:56:45.514  2712  2720 E luciUART: UART:0
04-09 16:56:45.514  2712  2721 E LUCI_SERVER: Got NV name : ssid
04-09 16:56:45.514  2712  2720 E luciUART: UART:d0
04-09 16:56:45.514  2712  2720 E luciUART: UART:0
04-09 16:56:45.514  2712  2720 E luciUART: UART:0
04-09 16:56:45.995  2960  2971 D wac-main: Netlink event
04-09 16:56:45.995  2960  2971 E wac-main: Netlink event 16 Interface Index 6 
04-09 16:56:45.995  2960  2971 E wac-main: p2p0 event Link Changed : 1003 
04-09 16:56:45.995  2960  2971 E wac-main: Enter poll and wait
04-09 16:56:45.996  3166  3166 I hostapd : p2p0: IEEE 802.11 channel=6 mode=ht bw=20 htcaps=0x177f vhtcaps=0x0 cf_seg0=0 cf_seg1=0
04-09 16:56:45.997  2731  2742 E WifiUtil: command: "SCAN" failed: FAIL-BUSY
04-09 16:56:45.997  2731  2742 W HotspotManager: hotspot already started
04-09 16:56:45.998  2711  2723 I yani_server: doLotofWork() List of interface '4'
04-09 16:56:45.998  2711  2723 I yani_server: doLotofWork() Interface 'p2p0' ifr[0].ifr_name 'lo' ipaddress '127.0.0.1'
04-09 16:56:45.998  2711  2723 I yani_server: doLotofWork() Interface 'p2p0' ifr[1].ifr_name 'p2p0' ipaddress '192.168.255.249'
04-09 16:56:45.998  2711  2723 I yani_server: doLotofWork() returns 'REFILL WACMODE'
04-09 16:56:45.998  2711  2723 E yani_server: YANI: I am Done Wait For Event 
04-09 16:56:46.000  2961  3164 I LibreCastControlDelegate: OnCastStatus() +++ Lyric Speaker Box 21f384:0xab471198:NOT_SETUP
04-09 16:56:46.000  2961  3164 I LibreCastControlDelegate: Device Build Number -> '1.52.272222'
04-09 16:56:46.010  2712  2720 E luciUART: UART:aa
04-09 16:56:46.011  2712  2720 E luciUART: UART:2
04-09 16:56:46.011  2712  2720 E luciUART: UART:0
04-09 16:56:46.011  2712  2720 E luciUART: UART:d0
04-09 16:56:46.011  2712  2720 E luciUART: UART:0
04-09 16:56:46.011  2712  2720 E luciUART: UART:0
04-09 16:56:46.011  2712  2720 E luciUART: UART:52
04-09 16:56:46.011  2712  2720 I luciUART: Previous Packet read contd., 
04-09 16:56:46.011  2712  2720 E luciUART: UART:45
04-09 16:56:46.011  2712  2720 I luciUART: Previous Packet read contd., 
04-09 16:56:46.012  2712  2720 E luciUART: UART:41
04-09 16:56:46.012  2712  2720 I luciUART: Previous Packet read contd., 
04-09 16:56:46.012  2712  2720 E luciUART: UART:44
04-09 16:56:46.012  2712  2720 I luciUART: Previous Packet read contd., 
04-09 16:56:46.012  2712  2720 E luciUART: UART:5f
04-09 16:56:46.012  2712  2720 I luciUART: Previous Packet read contd., 
04-09 16:56:46.012  2712  2720 E luciUART: UART:73
04-09 16:56:46.012  2712  2720 I luciUART: Previous Packet read contd., 
04-09 16:56:46.014  2712  2721 I luciUART: write() MID = 208  bytes = 15 data = ssid: m_fd = 0x5
04-09 16:56:46.015  2712  2721 E LUCI_SERVER: NV_READ response= ssid:
04-09 16:56:46.015  2712  2721 E LUCI_SERVER: Luci Server Thread waiting for packets....
04-09 16:56:46.038  2961  3164 I LibreCastControlDelegate: OnCastStatus() +++ Lyric Speaker Box 21f384:0xab471198:NOT_SETUP
04-09 16:56:46.038  2961  3164 I LibreCastControlDelegate: Device Build Number -> '1.52.272222'
04-09 16:56:46.038  2961  3164 I librecast: updateCastBuildVersion() Version 1.52.272222
04-09 16:56:46.039  2712  2712 I lucitransport: readRemoteMessage() MID char = 7 buffer = 1.52.272222
04-09 16:56:46.043  3085  3085 I cast_shell: [3088:3088:INFO:multizone_setup.cc(328)] Configured audio output delay changed. User delay = 0 s, OEM delay = 0.08 s, HDMI delay = 0 s
04-09 16:56:46.044  2961  3164 I LibreCastControlDelegate: Active Applications -> 0
04-09 16:56:46.044  2961  3164 I LibreCastControlDelegate: Current Cast State '2' -> 'NOT_SETUP'
04-09 16:56:46.044  2961  3164 I LibreCastControlDelegate: OnCastStatus() ---
04-09 16:56:46.044  2961  3164 I LibreCastControlDelegate: OnCastStatus() +++ Lyric Speaker Box 21f384:0xab471198:NOT_SETUP
04-09 16:56:46.047  2961  3164 I LibreCastControlDelegate: OnResponse() ReqeustID 5, error  0
04-09 16:56:46.048  2960  2971 D wac-main: Netlink event
04-09 16:56:46.048  2960  2971 E wac-main: Netlink event 16 Interface Index 6 
04-09 16:56:46.048  2960  2971 E wac-main: p2p0 event Link Changed : 11043 
04-09 16:56:46.048  2960  2971 E wac-main: p2p0 Changed Up 
04-09 16:56:46.048  2711  2723 I yani_kernel: yani_geteventfrom_changeaddr() Message-Id '1' Netlink event '16' Interface Index '6' -> Name 'p2p0' 
04-09 16:56:46.050  2960  2971 I wifiapi : newconn : 0xf4c00718
04-09 16:56:46.052  2960  2971 I wifiapi : 'STATUS' command returned = 0
04-09 16:56:46.053  2960  2971 E wac-main: current wifi status : 10
04-09 16:56:46.054  2961  3164 I LibreCastControlDelegate: OnCastStatus() +++ Lyric Speaker Box 21f384:0xab471198:NOT_SETUP
04-09 16:56:46.054  2961  3164 I LibreCastControlDelegate: Device Build Number -> '1.52.272222'
04-09 16:56:46.054  2961  3164 I librecast: updateCastBuildVersion() Version 1.52.272222
04-09 16:56:46.054  2712  2712 I lucitransport: readRemoteMessage() MID char = 7 buffer = 1.52.272222
04-09 16:56:46.055  2961  3164 I LibreCastControlDelegate: Active Applications -> 0
04-09 16:56:46.055  2961  3164 I LibreCastControlDelegate: Current Cast State '2' -> 'NOT_SETUP'
04-09 16:56:46.055  2961  3164 I LibreCastControlDelegate: OnCastStatus() ---
04-09 16:56:46.056  2961  3164 I LibreCastControlDelegate: OnCastStatus() +++ Lyric Speaker Box 21f384:0xab471198:NOT_SETUP
04-09 16:56:46.056  2961  3164 I LibreCastControlDelegate: Device Build Number -> '1.52.272222'
04-09 16:56:46.056  2961  3164 I librecast: updateCastBuildVersion() Version 1.52.272222
04-09 16:56:46.057  2712  2712 I lucitransport: readRemoteMessage() MID char = 7 buffer = 1.52.272222
04-09 16:56:46.057  2961  3164 I LibreCastControlDelegate: Active Applications -> 0
04-09 16:56:46.057  2961  3164 I LibreCastControlDelegate: Current Cast State '2' -> 'NOT_SETUP'
04-09 16:56:46.057  2961  3164 I LibreCastControlDelegate: OnCastStatus() ---
04-09 16:56:46.097  3085  3085 I cast_shell: [3088:3127:INFO:gatt_client_manager_impl.cc(202)] Enabling GATT client connectability
04-09 16:56:46.097  3085  3085 I cast_shell: [3088:3127:INFO:ble_setup.cc(915)] Sign related info completed, no future EurekaInfo need sign.
04-09 16:56:46.097  3085  3085 I cast_shell: [3088:3127:INFO:gatt_client_manager_impl.cc(202)] Enabling GATT client connectability
04-09 16:56:46.097  3085  3085 I chatty  : uid=1000(chrome) /bin/logwrapper identical 1 line
04-09 16:56:46.097  3085  3085 I cast_shell: [3088:3127:INFO:gatt_client_manager_impl.cc(202)] Enabling GATT client connectability
04-09 16:56:46.100  2734  2766 E bt_btif : BTA_GATTS_AddService: rcb_idx = 0
04-09 16:56:46.100  2734  2766 I bluetoothtbd: [0409/042646.100585:INFO:gatt_api.cc(207)] GATTS_AddService
04-09 16:56:46.100  2734  2766 I bluetoothtbd: [0409/042646.100908:INFO:gatt_api.cc(317)] GATTS_AddService: service parsed correctly, now starting
04-09 16:56:46.103  3085  3085 I cast_shell: [3088:3127:INFO:ble_setup_manager.cc(744)] Started Bluetooth service
04-09 16:56:46.981  3085  3085 I cast_shell: [3088:3096:ERROR:connectivity_checker_impl.cc(265)] Connectivity check failed: 400
04-09 16:56:47.260  3085  3085 I cast_shell: [3088:3137:INFO:mdns_app_filter.cc(1403)] MdnsAppFilter: Done probing.
04-09 16:56:47.987  3085  3085 I cast_shell: [3088:3096:ERROR:connectivity_checker_impl.cc(265)] Connectivity check failed: 400
04-09 16:56:48.265  3085  3085 I cast_shell: [3088:3088:INFO:grpc_service_discovery_impl.cc(185)] Mdns discovered google RPC for [PII](48613F3449CCAE965DB4105443B8CE83).
04-09 16:56:48.994  3085  3085 I cast_shell: [3088:3096:ERROR:connectivity_checker_impl.cc(265)] Connectivity check failed: 400
04-09 16:56:49.053  2960  2971 E wac-main: Enter poll and wait
04-09 16:56:49.266  3085  3085 I cast_shell: [3088:3137:INFO:mdns_app_filter.cc(1526)] MdnsAppFilter: Done announcing.
04-09 16:56:49.999  3085  3085 I cast_shell: [3088:3096:ERROR:connectivity_checker_impl.cc(265)] Connectivity check failed: 400
04-09 16:56:51.006  3085  3085 I cast_shell: [3088:3096:ERROR:connectivity_checker_impl.cc(265)] Connectivity check failed: 400
04-09 16:56:51.805  3085  3085 I cast_shell: [3088:3096:INFO:parent_tracker.cc(291)] [PII](48613F3449CCAE965DB4105443B8CE83) Become root
04-09 16:56:51.805  3085  3085 I cast_shell: [3088:3096:INFO:directory_service_impl.cc(200)] This device became root
04-09 16:56:52.012  3085  3085 I cast_shell: [3088:3096:ERROR:connectivity_checker_impl.cc(265)] Connectivity check failed: 400
04-09 16:56:53.018  3085  3085 I chatty  : uid=1000(chrome) /bin/logwrapper identical 1 line
04-09 16:56:54.026  3085  3085 I cast_shell: [3088:3096:ERROR:connectivity_checker_impl.cc(265)] Connectivity check failed: 400
04-09 16:56:54.127  3085  3085 I cast_shell: [3088:3127:ERROR:setup_state.cc(424)] Timeout for state=SETUP_STATE_CHECKING_GLOBAL_CONNECTIVITY(50): move to state=SETUP_STATE_CHECKING_GLOBAL_CONNECTIVITY_BAD_ROUTER(52).
04-09 16:56:54.127  3085  3085 I cast_shell: [3088:3127:INFO:setup_state.cc(261)] Setup state changed: SETUP_STATE_CHECKING_GLOBAL_CONNECTIVITY (50) -> SETUP_STATE_CHECKING_GLOBAL_CONNECTIVITY_BAD_ROUTER (52)
04-09 16:56:54.130  2961  3164 I LibreCastControlDelegate: OnCastStatus() +++ Lyric Speaker Box 21f384:0xab471198:NOT_SETUP
04-09 16:56:54.130  2961  3164 I LibreCastControlDelegate: Device Build Number -> '1.52.272222'
04-09 16:56:54.130  2961  3164 I librecast: updateCastBuildVersion() Version 1.52.272222
04-09 16:56:54.131  2712  2712 I lucitransport: readRemoteMessage() MID char = 7 buffer = 1.52.272222
04-09 16:56:54.131  2961  3164 I LibreCastControlDelegate: Active Applications -> 0
04-09 16:56:54.131  2961  3164 I LibreCastControlDelegate: Current Cast State '2' -> 'NOT_SETUP'
04-09 16:56:54.131  2961  3164 I LibreCastControlDelegate: OnCastStatus() ---
04-09 16:56:55.032  3085  3085 I cast_shell: [3088:3096:ERROR:connectivity_checker_impl.cc(265)] Connectivity check failed: 400
04-09 16:57:20.109  2731  2741 E NetworkMonitor: cannot find default IPv4 route for wlan0
04-09 16:57:20.110  2731  2741 E NetworkMonitor: cannot find default IPv6 route for wlan0
04-09 16:57:23.216  2731  2741 E NetworkMonitor: no response for /bin/ping -n -I wlan0 -c 10 -w 10 8.8.8.8
04-09 16:57:23.227  2731  2741 E NetworkMonitor: no response for /bin/ping6 -n -I wlan0 -c 10 -w 10 2001:4860:4860::8888
04-09 16:57:23.230  2731  2741 E NetworkMonitor: dns resolution failed
04-09 16:57:23.231  2731  2741 I NetworkMonitor: Cast.Wifi.Failure.Type 7
04-09 16:57:42.341  3085  3085 I chatty  : uid=1000(chrome) /bin/logwrapper identical 47 lines
04-09 16:57:43.347  3085  3085 I cast_shell: [3088:3096:ERROR:connectivity_checker_impl.cc(265)] Connectivity check failed: 400
04-09 16:57:43.752  3085  3085 I cast_shell: [3088:3088:INFO:grpc_manager_impl.cc(505)] GRPC[uri=[::]:0]: num_pending_calls=0, num_active_handlers=0, num_free_handlers=0
04-09 16:57:43.752  3085  3085 I cast_shell: [3088:3088:INFO:gcm_manager.cc(269)] Disabling GCM Driver
04-09 16:57:43.753  3085  3085 I cast_shell: [3088:3088:INFO:grpc_manager_impl.cc(505)] GRPC[uri=]: num_pending_calls=0, num_active_handlers=0, num_free_handlers=0
04-09 16:57:43.820  3085  3085 I cast_shell: [3088:3088:INFO:grpc_manager_impl.cc(505)] GRPC[uri=unix:/tmp/hcp_ipc_auth.socket]: num_pending_calls=0, num_active_handlers=10, num_free_handlers=0
04-09 16:57:43.826  3085  3085 I cast_shell: [3088:3088:INFO:grpc_manager_impl.cc(505)] GRPC[uri=unix:/tmp/modular_updater/modular_update_service]: num_pending_calls=0, num_active_handlers=0, num_free_handlers=0
04-09 16:57:43.851  3085  3085 I cast_shell: [3088:3088:INFO:metrics_recorder.cc(112)] Metrics stat: total=13
04-09 16:57:43.851  3085  3085 I cast_shell: Cast.Discovery.Mdns.ResponderStarted=2
04-09 16:57:43.851  3085  3085 I cast_shell: Cast.Discovery.Mdns.ResponderStopped=1
04-09 16:57:43.851  3085  3085 I cast_shell: Cast.Discovery.Mdns.SocketCreated=4
04-09 16:57:43.851  3085  3085 I cast_shell: Cast.Discovery.Mdns.SocketDestroyed=2
04-09 16:57:43.851  3085  3085 I cast_shell: Cast.System.Timezone.ChangeSuccessful=1
04-09 16:57:43.851  3085  3085 I cast_shell: CastV2.Connection.Connect.In=1
04-09 16:57:43.851  3085  3085 I cast_shell: CastV2.Receiver.DeviceStatus.Out=5
04-09 16:57:43.851  3085  3085 I cast_shell: CastV2.Receiver.DeviceStatus.Out.Broadcast=2
04-09 16:57:43.851  3085  3085 I cast_shell: CastV2.Receiver.GetStatus.In=1
04-09 16:57:43.851  3085  3085 I cast_shell: CastV2.Resource.Provider.In=1
04-09 16:57:43.951  3085  3085 I cast_shell: [3088:3088:INFO:metrics_recorder_impl.cc(672)] Activated server experiments: []
04-09 16:57:43.952  3085  3085 I cast_shell: [3088:3088:INFO:cast_logs_metrics_provider.cc(59)] netif is ipv4
04-09 16:57:43.953  3085  3085 I cast_shell: [3088:3088:ERROR:socket_posix.cc(148)] bind() failed: Address already in use (98)
04-09 16:57:43.953  3085  3085 I cast_shell: [3088:3088:INFO:net_util_impl.cc(1041)] Platform supports dual-stack
04-09 16:57:43.970  3085  3085 I cast_shell: [3088:3088:INFO:grpc_manager_impl.cc(505)] GRPC[uri=[::]:8012]: num_pending_calls=0, num_active_handlers=1, num_free_handlers=0
04-09 16:57:44.354  3085  3085 I cast_shell: [3088:3096:ERROR:connectivity_checker_impl.cc(265)] Connectivity check failed: 400
04-09 16:58:24.241  2731  2741 E NetworkMonitor: cannot find default IPv4 route for wlan0
04-09 16:58:24.242  2731  2741 E NetworkMonitor: cannot find default IPv6 route for wlan0
04-09 16:58:27.344  2731  2741 E NetworkMonitor: no response for /bin/ping -n -I wlan0 -c 10 -w 10 8.8.8.8
04-09 16:58:27.355  2731  2741 E NetworkMonitor: no response for /bin/ping6 -n -I wlan0 -c 10 -w 10 2001:4860:4860::8888
04-09 16:58:27.356  2731  2741 E NetworkMonitor: dns resolution failed
04-09 16:58:42.736  3085  3085 I chatty  : uid=1000(chrome) /bin/logwrapper identical 58 lines
04-09 16:58:43.743  3085  3085 I cast_shell: [3088:3096:ERROR:connectivity_checker_impl.cc(265)] Connectivity check failed: 400
04-09 16:58:43.752  3085  3085 I cast_shell: [3088:3088:INFO:grpc_manager_impl.cc(505)] GRPC[uri=[::]:0]: num_pending_calls=0, num_active_handlers=0, num_free_handlers=0
04-09 16:58:43.754  3085  3085 I cast_shell: [3088:3088:INFO:grpc_manager_impl.cc(505)] GRPC[uri=]: num_pending_calls=0, num_active_handlers=0, num_free_handlers=0
04-09 16:58:43.821  3085  3085 I cast_shell: [3088:3088:INFO:grpc_manager_impl.cc(505)] GRPC[uri=unix:/tmp/hcp_ipc_auth.socket]: num_pending_calls=0, num_active_handlers=10, num_free_handlers=0
04-09 16:58:43.827  3085  3085 I cast_shell: [3088:3088:INFO:grpc_manager_impl.cc(505)] GRPC[uri=unix:/tmp/modular_updater/modular_update_service]: num_pending_calls=0, num_active_handlers=0, num_free_handlers=0
04-09 16:58:43.852  3085  3085 I cast_shell: [3088:3088:INFO:metrics_recorder.cc(112)] Metrics stat: total=2
04-09 16:58:43.852  3085  3085 I cast_shell: Cast.Discovery.Mdns.ResponderPing=1
04-09 16:58:43.852  3085  3085 I cast_shell: Cast.Discovery.Mdns.SocketPing=2
04-09 16:58:43.971  3085  3085 I cast_shell: [3088:3088:INFO:grpc_manager_impl.cc(505)] GRPC[uri=[::]:8012]: num_pending_calls=0, num_active_handlers=1, num_free_handlers=0
04-09 16:58:43.990  3085  3085 I cast_shell: [3088:3127:INFO:wifi_proximity.cc(177)] Request scan.
04-09 16:58:44.750  3085  3085 I cast_shell: [3088:3096:ERROR:connectivity_checker_impl.cc(265)] Connectivity check failed: 400
04-09 16:59:13.940  3085  3085 I chatty  : uid=1000(chrome) /bin/logwrapper identical 29 lines
04-09 16:59:14.946  3085  3085 I cast_shell: [3088:3096:ERROR:connectivity_checker_impl.cc(265)] Connectivity check failed: 400
04-09 16:59:15.540  2734  2811 I bt_btm_ble: btm_ble_conn_complete unable to match and resolve random address
04-09 16:59:15.543  2734  2811 W bt_smp  : smp_br_connect_callback is called on unexpected transport 2
04-09 16:59:15.543  2734  2811 W bt_btif : bta_dm_acl_change info: 0x0
04-09 16:59:15.544  2734  2766 I bluetoothtbd: [0409/042915.543944:INFO:gatt_server.cc(280)] Added connection entry for conn_id: 5 device address: 48:68:46:8F:F8:63
04-09 16:59:15.544  2734  2766 D bt_btif_dm: remote version info [48:68:46:8f:f8:63]: 0, 0, 0
04-09 16:59:15.544  2734  2766 I bluetoothtbd: [0409/042915.544341:INFO:adapter.cc(719)] ACL state changed: 48:68:46:8F:F8:63 - connected: true
04-09 16:59:15.547  3085  3085 I cast_shell: [3088:3127:ERROR:bluetooth_v1_via_v2.cc(796)] Connection state changed. :63 true
04-09 16:59:15.953  3085  3085 I cast_shell: [3088:3096:ERROR:connectivity_checker_impl.cc(265)] Connectivity check failed: 400
04-09 16:59:16.082  2734  2766 D bt_btif_scanner: btif_gatts_upstreams_evt: Unhandled event (26)
04-09 16:59:16.688  2734  2811 E bluetoothtbd: [0409/042916.688527:ERROR:gatt_sr.cc(743)] MTU request PDU with MTU size 515
04-09 16:59:16.689  2734  2811 W bt_l2cap: l2cble_set_fixed_channel_tx_data_length, request not supported
04-09 16:59:16.689  2734  2811 W bluetoothtbd: [0409/042916.689472:WARNING:gatt_utils.cc(837)] Call back not found for application conn_id=3
04-09 16:59:16.689  2734  2811 W bluetoothtbd: [0409/042916.689581:WARNING:gatt_utils.cc(837)] Call back not found for application conn_id=4
04-09 16:59:16.689  2734  2811 W bluetoothtbd: [0409/042916.689734:WARNING:gatt_utils.cc(837)] Call back not found for application conn_id=6
04-09 16:59:16.726  3085  3085 I cast_shell: [3088:3127:INFO:ble_setup.cc(322)] Record action: Setup.set_eureka_info.BLE.Locale
04-09 16:59:16.726  3085  3085 I cast_shell: [3088:3127:INFO:locale_manager.cc(576)] New locale: en-US
04-09 16:59:16.728  3085  3085 I cast_shell: [3088:3127:INFO:setup_state.cc(544)] EurekaInfoCalled: wifi_state=3, is_usable_ip_address=1, connected=0, is_initial_setup=1
04-09 16:59:16.728  3085  3085 I cast_shell: [3088:3127:INFO:setup_state.cc(261)] Setup state changed: SETUP_STATE_CHECKING_GLOBAL_CONNECTIVITY_BAD_ROUTER (52) -> SETUP_STATE_DISCONNECTED_EXTERNAL_CLIENT_ACCESSED (11)
04-09 16:59:16.737  3085  3085 I cast_shell: [3088:3112:INFO:media_manager_impl.cc(383)] TurnActive result: 0
04-09 16:59:16.742  2961  3164 I LibreCastControlDelegate: OnCastStatus() +++ Lyric Speaker Box 21f384:0xab471198:NOT_SETUP
04-09 16:59:16.742  2961  3164 I LibreCastControlDelegate: Device Build Number -> '1.52.272222'
04-09 16:59:16.742  2961  3164 I librecast: updateCastBuildVersion() Version 1.52.272222
04-09 16:59:16.742  2712  2712 I lucitransport: readRemoteMessage() MID char = 7 buffer = 1.52.272222
04-09 16:59:16.743  2961  3164 I LibreCastControlDelegate: Active Applications -> 0
04-09 16:59:16.743  2961  3164 I LibreCastControlDelegate: Current Cast State '2' -> 'NOT_SETUP'
04-09 16:59:16.743  2961  3164 I LibreCastControlDelegate: OnCastStatus() ---
04-09 16:59:16.743  2961  3164 I LibreCastControlDelegate: OnCastStatus() +++ Lyric Speaker Box 21f384:0xab471198:NOT_SETUP
04-09 16:59:16.743  2961  3164 I LibreCastControlDelegate: Device Build Number -> '1.52.272222'
04-09 16:59:16.743  2961  3164 I librecast: updateCastBuildVersion() Version 1.52.272222
04-09 16:59:16.744  2712  2712 I lucitransport: readRemoteMessage() MID char = 7 buffer = 1.52.272222
04-09 16:59:16.746  3085  3085 I cast_shell: [3088:3127:INFO:metrics_recorder.cc(282)] Record action: Setup.version.BLE
04-09 16:59:16.804  2734  2766 D bt_btif_scanner: btif_gatts_upstreams_evt: Unhandled event (26)
04-09 16:59:16.856  3085  3085 I cast_shell: [3088:3127:INFO:metrics_recorder.cc(282)] Record action: Setup.name_utf8.BLE
04-09 16:59:16.959  3085  3085 I cast_shell: [3088:3096:ERROR:connectivity_checker_impl.cc(265)] Connectivity check failed: 400
04-09 16:59:17.148  3085  3085 I cast_shell: [3088:3127:INFO:metrics_recorder.cc(282)] Record action: Setup.tos_accepted.BLE
04-09 16:59:17.252  2734  2766 D bt_btif_scanner: btif_gatts_upstreams_evt: Unhandled event (26)
04-09 16:59:17.253  3085  3085 I cast_shell: [3088:3127:INFO:metrics_recorder.cc(282)] Record action: Setup.state.BLE
04-09 16:59:17.283  3085  3085 I cast_shell: [3088:3127:INFO:metrics_recorder.cc(282)] Record action: Setup.ip_address.BLE
04-09 16:59:17.343  3085  3085 I cast_shell: [3088:3127:INFO:metrics_recorder.cc(282)] Record action: Setup.eureka_info_immutable_basic.BLE
04-09 16:59:17.388  3085  3085 I cast_shell: [3088:3127:INFO:metrics_recorder.cc(282)] Record action: Setup.eureka_info_mutable_reads.BLE
04-09 16:59:17.419  3085  3085 I cast_shell: [3088:3127:INFO:metrics_recorder.cc(282)] Record action: Setup.eureak_info_keys.BLE
04-09 16:59:17.522  3085  3085 I cast_shell: [3088:3127:INFO:metrics_recorder.cc(282)] Record action: Setup.eureka_info_immutable_basic.BLE
04-09 16:59:17.552  3085  3085 I cast_shell: [3088:3127:INFO:metrics_recorder.cc(282)] Record action: Setup.eureak_info_keys.BLE
04-09 16:59:17.868  3085  3085 I chatty  : uid=1000(chrome) /bin/logwrapper identical 4 lines
04-09 16:59:17.943  3085  3085 I cast_shell: [3088:3127:INFO:metrics_recorder.cc(282)] Record action: Setup.eureak_info_keys.BLE
04-09 16:59:17.966  3085  3085 I cast_shell: [3088:3096:ERROR:connectivity_checker_impl.cc(265)] Connectivity check failed: 400
04-09 16:59:18.033  3085  3085 I cast_shell: [3088:3127:INFO:metrics_recorder.cc(282)] Record action: Setup.i8n_info.BLE
04-09 16:59:18.422  3085  3085 I chatty  : uid=1000(chrome) /bin/logwrapper identical 5 lines
04-09 16:59:18.497  3085  3085 I cast_shell: [3088:3127:INFO:metrics_recorder.cc(282)] Record action: Setup.i8n_info.BLE
04-09 16:59:18.544  3085  3085 I cast_shell: [3088:3127:INFO:ble_setup.cc(322)] Record action: Setup.set_eureka_info.BLE.CountryCode
04-09 16:59:18.544  3085  3085 I cast_shell: [3088:3127:INFO:locale_manager.cc(639)] New country code: IN
04-09 16:59:18.549  2710  2710 I wpa_supplicant: wlan0: CTRL-EVENT-REGDOM-CHANGE init=USER type=COUNTRY alpha2=IN
04-09 16:59:18.551  2711  2723 I yani_server: NetLink Event '-1' Interface-Index '5' WLAN '-1' Ethernet '-1' Parsed-iFill '-1' -> 'INVALID' ifIndex '1' -> 'lo'
04-09 16:59:18.558  2961  3164 I LibreCastControlDelegate: OnCastStatus() +++ Lyric Speaker Box 21f384:0xab471198:NOT_SETUP
04-09 16:59:18.558  2961  3164 I LibreCastControlDelegate: Device Build Number -> '1.52.272222'
04-09 16:59:18.558  2961  3164 I librecast: updateCastBuildVersion() Version 1.52.272222
04-09 16:59:18.558  2712  2712 I lucitransport: readRemoteMessage() MID char = 7 buffer = 1.52.272222
04-09 16:59:18.559  2711  2723 I yani_server: NetLink Event '-1' Interface-Index '5' WLAN '0' Ethernet '-1' Parsed-iFill '-1' -> 'INVALID' ifIndex '1' -> 'lo'
04-09 16:59:18.559  2961  3164 I LibreCastControlDelegate: Active Applications -> 0
04-09 16:59:18.559  2961  3164 I LibreCastControlDelegate: Current Cast State '2' -> 'NOT_SETUP'
04-09 16:59:18.559  2961  3164 I LibreCastControlDelegate: OnCastStatus() ---
04-09 16:59:18.973  3085  3085 I cast_shell: [3088:3096:ERROR:connectivity_checker_impl.cc(265)] Connectivity check failed: 400
04-09 16:59:19.608  3085  3085 I cast_shell: [3088:3127:INFO:ble_setup.cc(322)] Record action: Setup.scan_wifi.BLE
04-09 16:59:19.609  3085  3085 I cast_shell: [3088:3127:WARNING:wifi_controller_wpa_supplicant.cc(797)] Wpa responses FAIL-BUSY, assuming it is associating, which will keep scan_results fresh.
04-09 16:59:19.979  3085  3085 I cast_shell: [3088:3096:ERROR:connectivity_checker_impl.cc(265)] Connectivity check failed: 400
04-09 16:59:20.985  3085  3085 I cast_shell: [3088:3096:ERROR:connectivity_checker_impl.cc(265)] Connectivity check failed: 400
04-09 16:59:21.979  2960  2971 D wac-main: Netlink event
04-09 16:59:21.979  2960  2971 E wac-main: Netlink event 16 Interface Index 5 
04-09 16:59:21.980  2960  2971 E wac-main: Enter poll and wait
04-09 16:59:21.980  2960  2971 D wac-main: Netlink event
04-09 16:59:21.980  2960  2971 E wac-main: Netlink event 16 Interface Index 5 
04-09 16:59:21.980  2960  2971 E wac-main: Enter poll and wait
04-09 16:59:21.980  2711  2723 I yani_kernel: yani_geteventfrom_changeaddr() Message-Id '1' Netlink event '16' Interface Index '5' -> Name 'wlan0' 
04-09 16:59:21.991  2711  2723 I yani_server: NetLink Event '-1' Interface-Index '5' WLAN '-1' Ethernet '-1' Parsed-iFill '-1' -> 'INVALID' ifIndex '1' -> 'lo'
04-09 16:59:21.993  2711  2723 I yani_server: NetLink Event '-1' Interface-Index '5' WLAN '0' Ethernet '-1' Parsed-iFill '-1' -> 'INVALID' ifIndex '1' -> 'lo'
04-09 16:59:21.998  2711  2723 I chatty  : uid=0(root) YaniServer identical 3 lines
04-09 16:59:21.999  2711  2723 I yani_server: NetLink Event '-1' Interface-Index '5' WLAN '0' Ethernet '-1' Parsed-iFill '-1' -> 'INVALID' ifIndex '1' -> 'lo'
04-09 16:59:21.999  2711  2723 I yani_kernel: yani_geteventfrom_changeaddr() Message-Id '1' Netlink event '16' Interface Index '5' -> Name 'wlan0' 
04-09 16:59:22.001  2961  3164 I LibreCastControlDelegate: OnCastStatus() +++ Lyric Speaker Box 21f384:0xab471198:NOT_SETUP
04-09 16:59:22.001  2961  3164 I LibreCastControlDelegate: Device Build Number -> '1.52.272222'
04-09 16:59:22.001  2961  3164 I librecast: updateCastBuildVersion() Version 1.52.272222
04-09 16:59:22.002  2712  2712 I lucitransport: readRemoteMessage() MID char = 7 buffer = 1.52.272222
04-09 16:59:22.002  2961  3164 I LibreCastControlDelegate: Active Applications -> 0
04-09 16:59:22.002  2961  3164 I LibreCastControlDelegate: Current Cast State '2' -> 'NOT_SETUP'
04-09 16:59:22.002  2961  3164 I LibreCastControlDelegate: OnCastStatus() ---
04-09 16:59:22.007  3085  3085 I cast_shell: [3088:3096:ERROR:connectivity_checker_impl.cc(265)] Connectivity check failed: 400
04-09 16:59:23.014  3085  3085 I cast_shell: [3088:3096:ERROR:connectivity_checker_impl.cc(265)] Connectivity check failed: 400
04-09 16:59:23.642  3085  3085 I cast_shell: [3088:3127:INFO:ble_setup.cc(322)] Record action: Setup.scan_wifi.BLE
04-09 16:59:23.644  2711  2723 I yani_server: NetLink Event '-1' Interface-Index '5' WLAN '-1' Ethernet '-1' Parsed-iFill '-1' -> 'INVALID' ifIndex '1' -> 'lo'
04-09 16:59:24.020  3085  3085 I cast_shell: [3088:3096:ERROR:connectivity_checker_impl.cc(265)] Connectivity check failed: 400
04-09 16:59:25.027  3085  3085 I chatty  : uid=1000(chrome) /bin/logwrapper identical 1 line
04-09 16:59:26.033  3085  3085 I cast_shell: [3088:3096:ERROR:connectivity_checker_impl.cc(265)] Connectivity check failed: 400
04-09 16:59:27.000  2960  2971 D wac-main: Netlink event
04-09 16:59:27.000  2960  2971 E wac-main: Netlink event 16 Interface Index 5 
04-09 16:59:27.000  2960  2971 E wac-main: Enter poll and wait
04-09 16:59:27.000  2960  2971 D wac-main: Netlink event
04-09 16:59:27.000  2960  2971 E wac-main: Netlink event 16 Interface Index 5 
04-09 16:59:27.000  2960  2971 E wac-main: Enter poll and wait
04-09 16:59:27.004  2711  2723 I yani_server: NetLink Event '-1' Interface-Index '5' WLAN '0' Ethernet '-1' Parsed-iFill '-1' -> 'INVALID' ifIndex '1' -> 'lo'
04-09 16:59:27.011  2711  2723 I chatty  : uid=0(root) YaniServer identical 4 lines
04-09 16:59:27.012  2711  2723 I yani_server: NetLink Event '-1' Interface-Index '5' WLAN '0' Ethernet '-1' Parsed-iFill '-1' -> 'INVALID' ifIndex '1' -> 'lo'
04-09 16:59:27.013  2961  3164 I LibreCastControlDelegate: OnCastStatus() +++ Lyric Speaker Box 21f384:0xab471198:NOT_SETUP
04-09 16:59:27.014  2961  3164 I LibreCastControlDelegate: Device Build Number -> '1.52.272222'
04-09 16:59:27.014  2961  3164 I librecast: updateCastBuildVersion() Version 1.52.272222
04-09 16:59:27.014  2712  2712 I lucitransport: readRemoteMessage() MID char = 7 buffer = 1.52.272222
04-09 16:59:27.014  2961  3164 I LibreCastControlDelegate: Active Applications -> 0
04-09 16:59:27.014  2961  3164 I LibreCastControlDelegate: Current Cast State '2' -> 'NOT_SETUP'
04-09 16:59:27.014  2961  3164 I LibreCastControlDelegate: OnCastStatus() ---
04-09 16:59:27.015  2711  2723 I yani_server: NetLink Event '-1' Interface-Index '5' WLAN '0' Ethernet '-1' Parsed-iFill '-1' -> 'INVALID' ifIndex '1' -> 'lo'
04-09 16:59:27.027  2711  2723 I chatty  : uid=0(root) YaniServer identical 17 lines
04-09 16:59:27.027  2711  2723 I yani_server: NetLink Event '-1' Interface-Index '5' WLAN '0' Ethernet '-1' Parsed-iFill '-1' -> 'INVALID' ifIndex '1' -> 'lo'
04-09 16:59:27.028  2711  2723 I yani_kernel: yani_geteventfrom_changeaddr() Message-Id '1' Netlink event '16' Interface Index '5' -> Name 'wlan0' 
04-09 16:59:27.028  2711  2723 I yani_kernel: yani_geteventfrom_changeaddr() Message-Id '1' Netlink event '16' Interface Index '5' -> Name 'wlan0' 
04-09 16:59:27.039  3085  3085 I cast_shell: [3088:3096:ERROR:connectivity_checker_impl.cc(265)] Connectivity check failed: 400
04-09 16:59:27.707  3085  3085 I cast_shell: [3088:3127:INFO:metrics_recorder.cc(282)] Record action: Setup.scan_results.BLE
04-09 16:59:27.782  3085  3085 I cast_shell: [3088:3127:INFO:metrics_recorder.cc(282)] Record action: Setup.scan_results.BLE
04-09 16:59:28.046  3085  3085 I cast_shell: [3088:3096:ERROR:connectivity_checker_impl.cc(265)] Connectivity check failed: 400
04-09 16:59:28.369  2731  2741 E NetworkMonitor: cannot find default IPv4 route for wlan0
04-09 16:59:28.369  2731  2741 E NetworkMonitor: cannot find default IPv6 route for wlan0
04-09 16:59:29.053  3085  3085 I cast_shell: [3088:3096:ERROR:connectivity_checker_impl.cc(265)] Connectivity check failed: 400
04-09 16:59:29.897  3085  3085 I cast_shell: [3088:3127:INFO:ble_setup.cc(322)] Record action: Setup.play_sound.BLE
04-09 16:59:29.898  3085  3085 I cast_shell: [3088:3105:INFO:synchronized_sound_player.cc(362)] Playing sound key 2
04-09 16:59:29.926  3085  3085 I cast_shell: [3088:3105:INFO:audio_decoder_software_wrapper.cc(86)] Using backend decoder for PCM
04-09 16:59:29.927  3085  3085 I cast_shell: [3088:3111:INFO:mixer_input_connection.cc(208)] Create 0xf40368a0 (no_delay), content type: media, focus type: media, fill size: 512, algorithm fill size: 221, channel count: 1, input sample rate: 44100, start threshold: 3087, max queue size: 8820, socket: 0xf1a17c50
04-09 16:59:29.927  3085  3085 I cast_shell: [3088:3110:INFO:mixer_output_stream_alsa.cc(428)] ALSA buffer = 4096, period = 512
04-09 16:59:29.927  3085  3085 I cast_shell: [3088:3109:INFO:stream_mixer.cc(604)] Input source channel count = 1
04-09 16:59:29.927  3085  3085 I cast_shell: [3088:3109:INFO:stream_mixer.cc(607)] Dynamic channel count not enabled; using stereo
04-09 16:59:29.927  3085  3085 I cast_shell: [3088:3109:INFO:stream_mixer.cc(604)] Input source channel count = 1
04-09 16:59:29.927  3085  3085 I cast_shell: [3088:3109:INFO:stream_mixer.cc(607)] Dynamic channel count not enabled; using stereo
04-09 16:59:29.927  3085  3085 I cast_shell: [3088:3109:INFO:stream_mixer.cc(416)] Start with 0 active inputs
04-09 16:59:29.931  3085  3085 I cast_shell: [3088:3110:INFO:mixer_output_stream_alsa.cc(171)] snd_pcm_open: handle=0xf411e1c8
04-09 16:59:29.939  3085  3085 I cast_shell: [3088:3110:WARNING:mixer_output_stream_alsa.cc(341)] Requested sample rate (44100 Hz) does not match the actual sample rate (48000 Hz). This may lead to lower audio quality.
04-09 16:59:29.939  3085  3085 I cast_shell: [3088:3110:INFO:mixer_output_stream_alsa.cc(346)] Sample rate changed from 0 to 48000
04-09 16:59:29.939  3085  3085 I cast_shell: [3088:3110:WARNING:mixer_output_stream_alsa.cc(379)] Requested period size (512 frames) does not match the actual period size (1024 frames). This may lead to an increase in CPU usage or an increase in audio latency.
04-09 16:59:29.943  3085  3085 I cast_shell: [3088:3127:INFO:ble_setup.cc(322)] Record action: Setup.play_sound.BLE
04-09 16:59:29.943  3085  3085 I cast_shell: [3088:3110:INFO:filter_group.cc(340)] : 2ch@48000hz -> [GROUP]mix -> 2ch@48000hz
04-09 16:59:29.943  3085  3085 I cast_shell: [3088:3109:INFO:stream_mixer.cc(466)] Output 2 channels at 48000 samples per second
04-09 16:59:29.943  3085  3085 I cast_shell: [3088:3110:INFO:filter_group.cc(340)] [GROUP]mix: 2ch@48000hz -> [GROUP]linearize -> 2ch@48000hz
04-09 16:59:29.943  3085  3085 I cast_shell: [3088:3109:INFO:stream_mixer.cc(484)] Using 2 loopback channels
04-09 16:59:29.943  3085  3085 I cast_shell: [3088:3109:INFO:stream_mixer.cc(640)] Add input 0xf40368a4 to mix @ 48000 samples per second. Is primary source? = 0
04-09 16:59:29.944  3085  3085 I cast_shell: [3088:3105:INFO:synchronized_sound_player.cc(362)] Playing sound key 0
04-09 16:59:29.945  3085  3085 I cast_shell: [3088:3111:INFO:mixer_input_connection.cc(386)] Remove 0xf40368a0
04-09 16:59:29.948  3085  3085 I cast_shell: [3088:3109:INFO:mixer_input.cc(361)] no_delay(0xf40368a4): set volume limits to [0, 1]
04-09 16:59:29.948  3085  3085 I cast_shell: [3088:3109:INFO:mixer_input.cc(121)] Remixing channels for 0xf40368a4 from 1 to 2
04-09 16:59:29.948  3085  3085 I cast_shell: [3088:3109:INFO:mixer_input.cc(346)] no_delay(0xf40368a4): type volume = 1, effective multiplier = 1
04-09 16:59:29.948  3085  3085 I cast_shell: [3088:3109:INFO:mixer_input.cc(395)] no_delay(0xf40368a4): mute volume = 1, effective multiplier = 1
04-09 16:59:29.950  3085  3085 I cast_shell: [3088:3111:INFO:mixer_input_connection.cc(243)] Delete 0xf40368a0
04-09 16:59:29.950  3085  3085 I cast_shell: [3088:3096:INFO:loopback_audio_input.cc(194)] [REALIGN] loopback interrupted; reason = 4
04-09 16:59:29.951  3085  3085 I cast_shell: [3088:3109:INFO:stream_mixer.cc(683)] Remove input 0xf40368a4
04-09 16:59:29.951  3085  3085 I chatty  : uid=1000(chrome) /bin/logwrapper identical 2 lines
04-09 16:59:29.951  3085  3085 I cast_shell: [3088:3109:INFO:stream_mixer.cc(683)] Remove input 0xf40368a4
04-09 16:59:29.951  3085  3085 I cast_shell: [3088:3109:INFO:stream_mixer.cc(774)] Close timeout
04-09 16:59:29.951  3085  3085 I cast_shell: [3088:3109:INFO:stream_mixer.cc(541)] Stop
04-09 16:59:29.957  3085  3085 I cast_shell: [3088:3088:INFO:cast_receiver_mojo.cc(844)] cast event : Cast.Platform.Audio.OutputInterrupted
04-09 16:59:29.971  3085  3085 I cast_shell: [3088:3105:INFO:audio_decoder_software_wrapper.cc(86)] Using backend decoder for PCM
04-09 16:59:29.971  3085  3085 I cast_shell: [3088:3111:INFO:mixer_input_connection.cc(208)] Create 0xf40368a0 (no_delay), content type: media, focus type: media, fill size: 512, algorithm fill size: 240, channel count: 2, input sample rate: 48000, start threshold: 3360, max queue size: 9600, socket: 0xf1a1b970
04-09 16:59:29.994  3085  3085 I cast_shell: [3088:3110:INFO:mixer_output_stream_alsa.cc(293)] snd_pcm_close: handle=0xf411e1c8
04-09 16:59:29.995  3085  3085 I cast_shell: [3088:3109:INFO:stream_mixer.cc(604)] Input source channel count = 2
04-09 16:59:29.995  3085  3085 I cast_shell: [3088:3109:INFO:stream_mixer.cc(607)] Dynamic channel count not enabled; using stereo
04-09 16:59:29.995  3085  3085 I cast_shell: [3088:3109:INFO:stream_mixer.cc(604)] Input source channel count = 2
04-09 16:59:29.995  3085  3085 I cast_shell: [3088:3109:INFO:stream_mixer.cc(607)] Dynamic channel count not enabled; using stereo
04-09 16:59:29.995  3085  3085 I cast_shell: [3088:3109:INFO:stream_mixer.cc(416)] Start with 0 active inputs
04-09 16:59:29.998  3085  3085 I cast_shell: [3088:3110:INFO:mixer_output_stream_alsa.cc(171)] snd_pcm_open: handle=0xf413def8
04-09 16:59:30.005  3085  3085 I cast_shell: [3088:3110:INFO:mixer_output_stream_alsa.cc(346)] Sample rate changed from 48000 to 48000
04-09 16:59:30.008  3085  3085 I cast_shell: [3088:3109:INFO:stream_mixer.cc(466)] Output 2 channels at 48000 samples per second
04-09 16:59:30.009  3085  3085 I cast_shell: [3088:3110:INFO:filter_group.cc(340)] : 2ch@48000hz -> [GROUP]mix -> 2ch@48000hz
04-09 16:59:30.009  3085  3085 I cast_shell: [3088:3109:INFO:stream_mixer.cc(484)] Using 2 loopback channels
04-09 16:59:30.009  3085  3085 I cast_shell: [3088:3110:INFO:filter_group.cc(340)] [GROUP]mix: 2ch@48000hz -> [GROUP]linearize -> 2ch@48000hz
04-09 16:59:30.009  3085  3085 I cast_shell: [3088:3109:INFO:stream_mixer.cc(640)] Add input 0xf40368a4 to mix @ 48000 samples per second. Is primary source? = 0
04-09 16:59:30.009  3085  3085 I cast_shell: [3088:3109:INFO:mixer_input.cc(361)] no_delay(0xf40368a4): set volume limits to [0, 1]
04-09 16:59:30.009  3085  3085 I cast_shell: [3088:3109:INFO:mixer_input.cc(346)] no_delay(0xf40368a4): type volume = 1, effective multiplier = 1
04-09 16:59:30.009  3085  3085 I cast_shell: [3088:3109:INFO:mixer_input.cc(395)] no_delay(0xf40368a4): mute volume = 1, effective multiplier = 1
04-09 16:59:30.011  3085  3085 I cast_shell: [3088:3105:INFO:media_pipeline_backend_for_mixer.cc(276)] Audio ready to play
04-09 16:59:30.011  3085  3085 I cast_shell: [3088:3109:INFO:mixer_input_connection.cc(705)] Start 0xf40368a0
04-09 16:59:30.012  3085  3085 I cast_shell: [3088:3109:INFO:mixer_input_connection.cc(1053)] 0xf40368a0 ready for playback
04-09 16:59:30.058  3085  3085 I cast_shell: [3088:3096:ERROR:connectivity_checker_impl.cc(265)] Connectivity check failed: 400
04-09 16:59:31.065  3085  3085 I cast_shell: [3088:3096:ERROR:connectivity_checker_impl.cc(265)] Connectivity check failed: 400
04-09 16:59:31.472  2731  2741 E NetworkMonitor: no response for /bin/ping -n -I wlan0 -c 10 -w 10 8.8.8.8
04-09 16:59:31.483  2731  2741 E NetworkMonitor: no response for /bin/ping6 -n -I wlan0 -c 10 -w 10 2001:4860:4860::8888
04-09 16:59:31.484  2731  2741 E NetworkMonitor: dns resolution failed
04-09 16:59:31.576  3085  3085 I cast_shell: [3088:3109:INFO:mixer_input_connection.cc(589)] End of stream for 0xf40368a0
04-09 16:59:31.768  3085  3085 I cast_shell: [3088:3111:INFO:mixer_input_connection.cc(386)] Remove 0xf40368a0
04-09 16:59:31.768  3085  3085 I cast_shell: [3088:3105:INFO:synchronized_sound_player.cc(496)] Finished playing sound
04-09 16:59:31.832  3085  3085 I cast_shell: [3088:3111:INFO:mixer_input_connection.cc(243)] Delete 0xf40368a0
04-09 16:59:31.832  3085  3085 I cast_shell: [3088:3109:INFO:stream_mixer.cc(683)] Remove input 0xf40368a4
04-09 16:59:31.832  3085  3085 I cast_shell: [3088:3109:INFO:stream_mixer.cc(774)] Close timeout
04-09 16:59:31.832  3085  3085 I cast_shell: [3088:3109:INFO:stream_mixer.cc(541)] Stop
04-09 16:59:31.833  3085  3085 I cast_shell: [3088:3096:INFO:loopback_audio_input.cc(194)] [REALIGN] loopback interrupted; reason = 4
04-09 16:59:31.833  3085  3085 I cast_shell: [3088:3088:INFO:cast_receiver_mojo.cc(844)] cast event : Cast.Platform.Audio.OutputInterrupted
04-09 16:59:31.917  3085  3085 I cast_shell: [3088:3110:INFO:mixer_output_stream_alsa.cc(293)] snd_pcm_close: handle=0xf413def8
04-09 16:59:32.071  3085  3085 I cast_shell: [3088:3096:ERROR:connectivity_checker_impl.cc(265)] Connectivity check failed: 400
04-09 16:59:41.131  3085  3085 I chatty  : uid=1000(chrome) /bin/logwrapper identical 9 lines
04-09 16:59:42.138  3085  3085 I cast_shell: [3088:3096:ERROR:connectivity_checker_impl.cc(265)] Connectivity check failed: 400
04-09 16:59:42.928  3085  3085 I cast_shell: [3088:3127:INFO:ble_setup.cc(322)] Record action: Setup.connect_wifi.BLE
04-09 16:59:42.933  3085  3085 I cast_shell: [3088:3127:INFO:setup_manager_impl.cc(1965)] New value: pref=tos-accepted, value=1
04-09 16:59:42.933  3085  3085 I cast_shell: [3088:3127:INFO:api_connect_wifi.cc(86)] connect_wifi Auth: 7
04-09 16:59:42.933  3085  3085 I cast_shell: [3088:3127:INFO:api_connect_wifi.cc(90)] connect_wifi Cipher: 4
04-09 16:59:42.934  3085  3085 I cast_shell: [3088:3088:INFO:bluetooth_setup.cc(686)] Disabling connectability: no bonded devices.
04-09 16:59:42.934  3085  3085 I cast_shell: [3088:3088:INFO:cast_receiver_impl.cc(1100)] Leaving discovery-only mode
04-09 16:59:42.934  3085  3085 I cast_shell: [3088:3088:INFO:application_config_manager_impl.cc(566)] Enabling virtual device 879478a3-9d3a-7506-31b7-d46a6f7b5989
04-09 16:59:42.934  3085  3085 I cast_shell: [3088:3137:INFO:mdns_cast_service.cc(351)] Device discovery state is idle
04-09 16:59:42.934  3085  3085 I cast_shell: [3088:3137:INFO:mdns_util.cc(102)] Defaulting mDNS capabilities for audio-only build
04-09 16:59:42.949  3085  3085 I cast_shell: [3088:3127:INFO:wifi_controller_wpa_supplicant.cc(1188)] strongest_snr=22 wifi_interface_index=0
04-09 16:59:42.964  3085  3085 I cast_shell: [3088:3127:INFO:api_connect_wifi.cc(159)] [PII] Configuring wifi: ssid=Linksys16717_2G, auth=7, pairwise=4, id=0"
04-09 16:59:42.964  3085  3085 I cast_shell: [3088:3127:INFO:api_connect_wifi.cc(162)] Configuring wifi: otg =0, tethering_mode =0, wifi_auto_save_enabled=0
04-09 16:59:42.964  3085  3085 I cast_shell: [3088:3127:INFO:local_network_info_impl.cc(276)] CONNECTIVITY_ID changed:
04-09 16:59:42.964  3085  3085 I cast_shell: [3088:3088:INFO:ccs_manager_impl.cc(1799)] Connectivity ID has changed; Will re-register CCS
04-09 16:59:42.964  3085  3085 I cast_shell: [3088:3088:INFO:ccs_manager_impl.cc(851)] Network connectivity down for CcsManager
04-09 16:59:42.964  3085  3085 I cast_shell: [3088:3127:INFO:setup_state.cc(261)] Setup state changed: SETUP_STATE_DISCONNECTED_EXTERNAL_CLIENT_ACCESSED (11) -> SETUP_STATE_SCANNING (20)
04-09 16:59:42.966  2734  2766 I bluetoothtbd: [0409/042942.965939:INFO:adapter.cc(551)] Adapter properties changed
04-09 16:59:42.969  3085  3085 I cast_shell: [3088:3127:INFO:bluetooth_manager.cc(115)] Record action: Cast.Bluetooth.DiscoveryMode.Disable
04-09 16:59:42.970  3085  3085 I cast_shell: [3088:3127:INFO:setup_state.cc(261)] Setup state changed: SETUP_STATE_SCANNING (20) -> SETUP_STATE_CHECKING_GLOBAL_CONNECTIVITY (50)
04-09 16:59:42.971  2711  2723 I yani_server: NetLink Event '-1' Interface-Index '5' WLAN '-1' Ethernet '-1' Parsed-iFill '-1' -> 'INVALID' ifIndex '1' -> 'lo'
04-09 16:59:42.981  2961  3164 I LibreCastControlDelegate: OnCastStatus() +++ Lyric Speaker Box 21f384:0xab471198:OFFLINE
04-09 16:59:42.981  2961  3164 I LibreCastControlDelegate: Device Build Number -> '1.52.272222'
04-09 16:59:42.981  2961  3164 I librecast: updateCastBuildVersion() Version 1.52.272222
04-09 16:59:42.981  2712  2712 I lucitransport: readRemoteMessage() MID char = 7 buffer = 1.52.272222
04-09 16:59:42.982  2961  3164 I LibreCastControlDelegate: Active Applications -> 0
04-09 16:59:42.982  2961  3164 I LibreCastControlDelegate: Current Cast State '3' -> 'OFFLINE'
04-09 16:59:42.982  2961  3164 I LibreCastControlDelegate: OnCastStatus() ---
04-09 16:59:42.984  2961  3164 I LibreCastControlDelegate: OnCastStatus() +++ Lyric Speaker Box 21f384:0xab471198:OFFLINE
04-09 16:59:42.984  2961  3164 I LibreCastControlDelegate: Device Build Number -> '1.52.272222'
04-09 16:59:42.984  2961  3164 I librecast: updateCastBuildVersion() Version 1.52.272222
04-09 16:59:42.984  2712  2712 I lucitransport: readRemoteMessage() MID char = 7 buffer = 1.52.272222
04-09 16:59:42.985  2961  3164 I LibreCastControlDelegate: Active Applications -> 0
04-09 16:59:42.985  2961  3164 I LibreCastControlDelegate: Current Cast State '3' -> 'OFFLINE'
04-09 16:59:42.985  2961  3164 I LibreCastControlDelegate: OnCastStatus() ---
04-09 16:59:42.985  2961  3164 I LibreCastControlDelegate: OnCastStatus() +++ Lyric Speaker Box 21f384:0xab471198:OFFLINE
04-09 16:59:42.985  2961  3164 I LibreCastControlDelegate: Device Build Number -> '1.52.272222'
04-09 16:59:42.985  2961  3164 I librecast: updateCastBuildVersion() Version 1.52.272222
04-09 16:59:42.985  2712  2712 I lucitransport: readRemoteMessage() MID char = 7 buffer = 1.52.272222
04-09 16:59:43.145  3085  3085 I cast_shell: [3088:3096:ERROR:connectivity_checker_impl.cc(265)] Connectivity check failed: 400
04-09 16:59:43.471  3085  3085 I cast_shell: [3088:3127:INFO:metrics_recorder.cc(282)] Record action: Setup.version.BLE
04-09 16:59:43.502  3085  3085 I cast_shell: [3088:3127:INFO:metrics_recorder.cc(282)] Record action: Setup.tos_accepted.BLE
04-09 16:59:43.532  3085  3085 I cast_shell: [3088:3127:INFO:metrics_recorder.cc(282)] Record action: Setup.state.BLE
04-09 16:59:43.562  3085  3085 I cast_shell: [3088:3127:INFO:metrics_recorder.cc(282)] Record action: Setup.ip_address.BLE
04-09 16:59:43.753  3085  3085 I cast_shell: [3088:3088:INFO:grpc_manager_impl.cc(505)] GRPC[uri=[::]:0]: num_pending_calls=0, num_active_handlers=0, num_free_handlers=0
04-09 16:59:43.754  3085  3085 I cast_shell: [3088:3088:INFO:grpc_manager_impl.cc(505)] GRPC[uri=]: num_pending_calls=0, num_active_handlers=0, num_free_handlers=0
04-09 16:59:43.822  3085  3085 I cast_shell: [3088:3088:INFO:grpc_manager_impl.cc(505)] GRPC[uri=unix:/tmp/hcp_ipc_auth.socket]: num_pending_calls=0, num_active_handlers=10, num_free_handlers=0
04-09 16:59:43.828  3085  3085 I cast_shell: [3088:3088:INFO:grpc_manager_impl.cc(505)] GRPC[uri=unix:/tmp/modular_updater/modular_update_service]: num_pending_calls=0, num_active_handlers=0, num_free_handlers=0
04-09 16:59:43.853  3085  3085 I cast_shell: [3088:3088:INFO:metrics_recorder.cc(112)] Metrics stat: total=10
04-09 16:59:43.853  3085  3085 I cast_shell: Setup.eureak_info_keys.BLE=7
04-09 16:59:43.853  3085  3085 I cast_shell: Setup.eureka_info_immutable_basic.BLE=2
04-09 16:59:43.853  3085  3085 I cast_shell: Setup.eureka_info_mutable_reads.BLE=1
04-09 16:59:43.853  3085  3085 I cast_shell: Setup.i8n_info.BLE=7
04-09 16:59:43.853  3085  3085 I cast_shell: Setup.ip_address.BLE=2
04-09 16:59:43.853  3085  3085 I cast_shell: Setup.name_utf8.BLE=1
04-09 16:59:43.853  3085  3085 I cast_shell: Setup.scan_results.BLE=2
04-09 16:59:43.853  3085  3085 I cast_shell: Setup.state.BLE=2
04-09 16:59:43.853  3085  3085 I cast_shell: Setup.tos_accepted.BLE=2
04-09 16:59:43.853  3085  3085 I cast_shell: Setup.version.BLE=2
04-09 16:59:43.939  3085  3085 I cast_shell: [3088:3088:INFO:grpc_service_discovery_impl.cc(185)] Mdns discovered google RPC for [PII](48613F3449CCAE965DB4105443B8CE83).
04-09 16:59:43.972  3085  3085 I cast_shell: [3088:3088:INFO:grpc_manager_impl.cc(505)] GRPC[uri=[::]:8012]: num_pending_calls=0, num_active_handlers=1, num_free_handlers=0
04-09 16:59:44.102  3085  3085 I cast_shell: [3088:3127:INFO:metrics_recorder.cc(282)] Record action: Setup.version.BLE
04-09 16:59:44.132  3085  3085 I cast_shell: [3088:3127:INFO:metrics_recorder.cc(282)] Record action: Setup.tos_accepted.BLE
04-09 16:59:44.151  3085  3085 I cast_shell: [3088:3096:ERROR:connectivity_checker_impl.cc(265)] Connectivity check failed: 400
04-09 16:59:44.162  3085  3085 I cast_shell: [3088:3127:INFO:metrics_recorder.cc(282)] Record action: Setup.state.BLE
04-09 16:59:44.191  3085  3085 I cast_shell: [3088:3127:INFO:metrics_recorder.cc(282)] Record action: Setup.ip_address.BLE
04-09 16:59:44.731  3085  3085 I cast_shell: [3088:3127:INFO:metrics_recorder.cc(282)] Record action: Setup.version.BLE
04-09 16:59:44.761  3085  3085 I cast_shell: [3088:3127:INFO:metrics_recorder.cc(282)] Record action: Setup.tos_accepted.BLE
04-09 16:59:44.791  3085  3085 I cast_shell: [3088:3127:INFO:metrics_recorder.cc(282)] Record action: Setup.state.BLE
04-09 16:59:44.821  3085  3085 I cast_shell: [3088:3127:INFO:metrics_recorder.cc(282)] Record action: Setup.ip_address.BLE
04-09 16:59:44.944  3085  3085 I cast_shell: [3088:3137:INFO:mdns_app_filter.cc(1526)] MdnsAppFilter: Done announcing.
04-09 16:59:45.157  3085  3085 I cast_shell: [3088:3096:ERROR:connectivity_checker_impl.cc(265)] Connectivity check failed: 400
04-09 16:59:45.361  3085  3085 I cast_shell: [3088:3127:INFO:metrics_recorder.cc(282)] Record action: Setup.version.BLE
04-09 16:59:45.391  3085  3085 I cast_shell: [3088:3127:INFO:metrics_recorder.cc(282)] Record action: Setup.tos_accepted.BLE
04-09 16:59:45.421  3085  3085 I cast_shell: [3088:3127:INFO:metrics_recorder.cc(282)] Record action: Setup.state.BLE
04-09 16:59:45.451  3085  3085 I cast_shell: [3088:3127:INFO:metrics_recorder.cc(282)] Record action: Setup.ip_address.BLE
04-09 16:59:45.991  3085  3085 I cast_shell: [3088:3127:INFO:metrics_recorder.cc(282)] Record action: Setup.version.BLE
04-09 16:59:46.021  3085  3085 I cast_shell: [3088:3127:INFO:metrics_recorder.cc(282)] Record action: Setup.tos_accepted.BLE
04-09 16:59:46.051  3085  3085 I cast_shell: [3088:3127:INFO:metrics_recorder.cc(282)] Record action: Setup.state.BLE
04-09 16:59:46.081  3085  3085 I cast_shell: [3088:3127:INFO:metrics_recorder.cc(282)] Record action: Setup.ip_address.BLE
04-09 16:59:46.164  3085  3085 I cast_shell: [3088:3096:ERROR:connectivity_checker_impl.cc(265)] Connectivity check failed: 400
04-09 16:59:46.353  2960  2971 D wac-main: Netlink event
04-09 16:59:46.353  2960  2971 E wac-main: Netlink event 16 Interface Index 5 
04-09 16:59:46.353  2960  2971 E wac-main: Enter poll and wait
04-09 16:59:46.353  2960  2971 D wac-main: Netlink event
04-09 16:59:46.353  2960  2971 E wac-main: Netlink event 16 Interface Index 5 
04-09 16:59:46.353  2960  2971 E wac-main: Enter poll and wait
04-09 16:59:46.363  2961  3164 I LibreCastControlDelegate: OnCastStatus() +++ Lyric Speaker Box 21f384:0xab471198:OFFLINE
04-09 16:59:46.363  2961  3164 I LibreCastControlDelegate: Device Build Number -> '1.52.272222'
04-09 16:59:46.363  2961  3164 I librecast: updateCastBuildVersion() Version 1.52.272222
04-09 16:59:46.363  2712  2712 I lucitransport: readRemoteMessage() MID char = 7 buffer = 1.52.272222
04-09 16:59:46.364  2711  2723 I yani_server: NetLink Event '-1' Interface-Index '5' WLAN '0' Ethernet '-1' Parsed-iFill '-1' -> 'INVALID' ifIndex '1' -> 'lo'
