04-09 16:40:29.708  3074  3074 I cast_shell: [3077:3116:INFO:metrics_recorder.cc(282)] Record action: Setup.ip_address.BLE
04-09 16:40:30.249  3074  3074 I cast_shell: [3077:3116:INFO:metrics_recorder.cc(282)] Record action: Setup.version.BLE
04-09 16:40:30.278  3074  3074 I cast_shell: [3077:3116:INFO:metrics_recorder.cc(282)] Record action: Setup.tos_accepted.BLE
04-09 16:40:30.308  3074  3074 I cast_shell: [3077:3116:INFO:metrics_recorder.cc(282)] Record action: Setup.state.BLE
04-09 16:40:30.338  3074  3074 I cast_shell: [3077:3116:INFO:metrics_recorder.cc(282)] Record action: Setup.ip_address.BLE
04-09 16:40:30.561  3074  3074 I cast_shell: [3077:3085:ERROR:connectivity_checker_impl.cc(265)] Connectivity check failed: 400
04-09 16:40:30.878  3074  3074 I cast_shell: [3077:3116:INFO:metrics_recorder.cc(282)] Record action: Setup.version.BLE
04-09 16:40:30.893  3074  3074 I cast_shell: [3077:3116:ERROR:setup_state.cc(424)] Timeout for state=SETUP_STATE_CHECKING_GLOBAL_CONNECTIVITY(50): move to state=SETUP_STATE_CHECKING_GLOBAL_CONNECTIVITY_BAD_ROUTER_WIFI_NOT_SAVED(51).
04-09 16:40:30.893  3074  3074 I cast_shell: [3077:3116:INFO:setup_state.cc(261)] Setup state changed: SETUP_STATE_CHECKING_GLOBAL_CONNECTIVITY (50) -> SETUP_STATE_CHECKING_GLOBAL_CONNECTIVITY_BAD_ROUTER_WIFI_NOT_SAVED (51)
04-09 16:40:30.897  2975  3152 I LibreCastControlDelegate: OnCastStatus() +++ Lyric Speaker Box 21f384:0xad220198:OFFLINE
04-09 16:40:30.897  2975  3152 I LibreCastControlDelegate: Device Build Number -> '1.52.272222'
04-09 16:40:30.897  2975  3152 I librecast: updateCastBuildVersion() Version 1.52.272222
04-09 16:40:30.898  2711  2720 I lucitransport: readRemoteMessage() MID char = 7 buffer = 1.52.272222
04-09 16:40:30.898  2975  3152 I LibreCastControlDelegate: Active Applications -> 0
04-09 16:40:30.898  2975  3152 I LibreCastControlDelegate: Current Cast State '3' -> 'OFFLINE'
04-09 16:40:30.898  2975  3152 I LibreCastControlDelegate: OnCastStatus() ---
04-09 16:40:30.908  3074  3074 I cast_shell: [3077:3116:INFO:metrics_recorder.cc(282)] Record action: Setup.tos_accepted.BLE
04-09 16:40:30.939  3074  3074 I cast_shell: [3077:3116:INFO:metrics_recorder.cc(282)] Record action: Setup.state.BLE
04-09 16:40:30.968  3074  3074 I cast_shell: [3077:3116:INFO:metrics_recorder.cc(282)] Record action: Setup.ip_address.BLE
04-09 16:40:31.524  3074  3074 I cast_shell: [3077:3116:INFO:metrics_recorder.cc(282)] Record action: Setup.version.BLE
04-09 16:40:31.554  3074  3074 I cast_shell: [3077:3116:INFO:metrics_recorder.cc(282)] Record action: Setup.tos_accepted.BLE
04-09 16:40:31.567  3074  3074 I cast_shell: [3077:3085:ERROR:connectivity_checker_impl.cc(265)] Connectivity check failed: 400
04-09 16:40:31.583  3074  3074 I cast_shell: [3077:3116:INFO:metrics_recorder.cc(282)] Record action: Setup.state.BLE
04-09 16:40:31.614  3074  3074 I cast_shell: [3077:3116:INFO:metrics_recorder.cc(282)] Record action: Setup.ip_address.BLE
04-09 16:40:32.153  3074  3074 I cast_shell: [3077:3116:INFO:metrics_recorder.cc(282)] Record action: Setup.version.BLE
04-09 16:40:32.184  3074  3074 I cast_shell: [3077:3116:INFO:metrics_recorder.cc(282)] Record action: Setup.tos_accepted.BLE
04-09 16:40:32.229  3074  3074 I cast_shell: [3077:3116:INFO:metrics_recorder.cc(282)] Record action: Setup.state.BLE
04-09 16:40:32.259  3074  3074 I cast_shell: [3077:3116:INFO:metrics_recorder.cc(282)] Record action: Setup.ip_address.BLE
04-09 16:40:32.574  3074  3074 I cast_shell: [3077:3085:ERROR:connectivity_checker_impl.cc(265)] Connectivity check failed: 400
04-09 16:40:32.607  2709  2709 I wpa_supplicant: wlan0: Selected BSS :ef (level:-47 noise:-62 frequency:2427)
04-09 16:40:32.611  2709  2709 I wpa_supplicant: wlan0: SME: Trying to authenticate with c8:b3:73:44:ae:ef (SSID='Linksys16717_2G' freq=2427 MHz)
04-09 16:40:32.612  2710  2719 I yani_server: NetLink Event '-1' Interface-Index '5' WLAN '0' Ethernet '-1' Parsed-iFill '-1' -> 'INVALID' ifIndex '1' -> 'lo'
04-09 16:40:32.614  2710  2719 I chatty  : uid=0(root) YaniServer identical 2 lines
04-09 16:40:32.614  2710  2719 I yani_server: NetLink Event '-1' Interface-Index '5' WLAN '0' Ethernet '-1' Parsed-iFill '-1' -> 'INVALID' ifIndex '1' -> 'lo'
04-09 16:40:32.616  2974  2984 D wac-main: Netlink event
04-09 16:40:32.616  2974  2984 E wac-main: Netlink event 16 Interface Index 5 
04-09 16:40:32.617  2974  2984 E wac-main: Enter poll and wait
04-09 16:40:32.617  2974  2984 D wac-main: Netlink event
04-09 16:40:32.617  2974  2984 E wac-main: Netlink event 16 Interface Index 5 
04-09 16:40:32.617  2974  2984 E wac-main: Enter poll and wait
04-09 16:40:32.618  2710  2719 I yani_server: NetLink Event '-1' Interface-Index '5' WLAN '0' Ethernet '-1' Parsed-iFill '-1' -> 'INVALID' ifIndex '1' -> 'lo'
04-09 16:40:32.623  2710  2719 I chatty  : uid=0(root) YaniServer identical 2 lines
04-09 16:40:32.624  2710  2719 I yani_server: NetLink Event '-1' Interface-Index '5' WLAN '0' Ethernet '-1' Parsed-iFill '-1' -> 'INVALID' ifIndex '1' -> 'lo'
04-09 16:40:32.626  2975  3152 I LibreCastControlDelegate: OnCastStatus() +++ Lyric Speaker Box 21f384:0xad220198:OFFLINE
04-09 16:40:32.626  2975  3152 I LibreCastControlDelegate: Device Build Number -> '1.52.272222'
04-09 16:40:32.626  2975  3152 I librecast: updateCastBuildVersion() Version 1.52.272222
04-09 16:40:32.626  2711  2720 I lucitransport: readRemoteMessage() MID char = 7 buffer = 1.52.272222
04-09 16:40:32.626  2975  3152 I LibreCastControlDelegate: Active Applications -> 0
04-09 16:40:32.626  2975  3152 I LibreCastControlDelegate: Current Cast State '3' -> 'OFFLINE'
04-09 16:40:32.626  2975  3152 I LibreCastControlDelegate: OnCastStatus() ---
04-09 16:40:32.627  2710  2719 I yani_server: NetLink Event '-1' Interface-Index '5' WLAN '0' Ethernet '-1' Parsed-iFill '-1' -> 'INVALID' ifIndex '1' -> 'lo'
04-09 16:40:32.628  2709  2709 I wpa_supplicant: wlan0: Trying to associate with c8:b3:73:44:ae:ef (SSID='Linksys16717_2G' freq=2427 MHz)
04-09 16:40:32.630  2710  2719 I chatty  : uid=0(root) YaniServer identical 2 lines
04-09 16:40:32.631  2710  2719 I yani_server: NetLink Event '-1' Interface-Index '5' WLAN '0' Ethernet '-1' Parsed-iFill '-1' -> 'INVALID' ifIndex '1' -> 'lo'
04-09 16:40:32.631  2710  2719 I yani_kernel: yani_geteventfrom_changeaddr() Message-Id '1' Netlink event '16' Interface Index '5' -> Name 'wlan0' 
04-09 16:40:32.632  2710  2719 I yani_kernel: yani_geteventfrom_changeaddr() Message-Id '1' Netlink event '16' Interface Index '5' -> Name 'wlan0' 
04-09 16:40:32.664  3154  3154 I hostapd : p2p0: IEEE 802.11 driver had channel switch: freq=2427, ht=1, vht_ch=0x0, offset=0, width=1 (20 MHz), cf1=2427, cf2=0
04-09 16:40:32.672  2999  2999 I hostapd : p2p1: IEEE 802.11 driver had channel switch: freq=2427, ht=1, vht_ch=0x0, offset=0, width=1 (20 MHz), cf1=2427, cf2=0
04-09 16:40:32.673  2709  2709 I wpa_supplicant: wlan0: Associated with c8:b3:73:44:ae:ef
04-09 16:40:32.674  2974  2984 D wac-main: Netlink event
04-09 16:40:32.674  2974  2984 E wac-main: Netlink event 16 Interface Index 5 
04-09 16:40:32.674  2974  2984 E wac-main: Enter poll and wait
04-09 16:40:32.674  2974  2984 D wac-main: Netlink event
04-09 16:40:32.674  2974  2984 E wac-main: Netlink event 16 Interface Index 5 
04-09 16:40:32.674  2974  2984 E wac-main: Enter poll and wait
04-09 16:40:32.674  2974  2984 D wac-main: Netlink event
04-09 16:40:32.674  2709  2709 I wpa_supplicant: wlan0: CTRL-EVENT-SUBNET-STATUS-UPDATE status=0
04-09 16:40:32.674  2974  2984 E wac-main: Netlink event 16 Interface Index 5 
04-09 16:40:32.674  2974  2984 E wac-main: Enter poll and wait
04-09 16:40:32.674  2974  2984 D wac-main: Netlink event
04-09 16:40:32.677  2710  2719 I yani_server: NetLink Event '-1' Interface-Index '5' WLAN '-1' Ethernet '-1' Parsed-iFill '-1' -> 'INVALID' ifIndex '1' -> 'lo'
04-09 16:40:32.678  2710  2719 I yani_server: NetLink Event '-1' Interface-Index '5' WLAN '0' Ethernet '-1' Parsed-iFill '-1' -> 'INVALID' ifIndex '1' -> 'lo'
04-09 16:40:32.678  2710  2719 I yani_kernel: yani_geteventfrom_changeaddr() Message-Id '1' Netlink event '16' Interface Index '5' -> Name 'wlan0' 
04-09 16:40:32.679  2709  2709 I wpa_supplicant: wlan0: WPA: RX message 1 of 4-Way Handshake from c8:b3:73:44:ae:ef (ver=2)
04-09 16:40:32.679  2709  2709 I wpa_supplicant: wlan0: WPA: Sending EAPOL-Key 2/4
04-09 16:40:32.680  2710  2719 I yani_server: NetLink Event '-1' Interface-Index '5' WLAN '-1' Ethernet '-1' Parsed-iFill '-1' -> 'INVALID' ifIndex '1' -> 'lo'
04-09 16:40:32.681  2710  2719 I yani_server: NetLink Event '-1' Interface-Index '5' WLAN '0' Ethernet '-1' Parsed-iFill '-1' -> 'INVALID' ifIndex '1' -> 'lo'
04-09 16:40:32.681  2710  2719 I yani_kernel: yani_geteventfrom_changeaddr() Message-Id '1' Netlink event '16' Interface Index '5' -> Name 'wlan0' 
04-09 16:40:32.684  2710  2719 I chatty  : uid=0(root) YaniServer identical 3 lines
04-09 16:40:32.686  2710  2719 I yani_kernel: yani_geteventfrom_changeaddr() Message-Id '1' Netlink event '16' Interface Index '5' -> Name 'wlan0' 
04-09 16:40:32.694  2709  2709 I wpa_supplicant: wlan0: WPA: RX message 3 of 4-Way Handshake from c8:b3:73:44:ae:ef (ver=2)
04-09 16:40:32.694  2709  2709 I wpa_supplicant: wlan0: WPA: Sending EAPOL-Key 4/4
04-09 16:40:32.696  2710  2719 I yani_server: NetLink Event '-1' Interface-Index '5' WLAN '-1' Ethernet '-1' Parsed-iFill '-1' -> 'INVALID' ifIndex '1' -> 'lo'
04-09 16:40:32.696  2709  2709 I wpa_supplicant: wlan0: WPA: Key negotiation completed with c8:b3:73:44:ae:ef [PTK=CCMP GTK=TKIP]
04-09 16:40:32.696  2974  2984 D wac-main: Netlink event
04-09 16:40:32.696  2974  2984 E wac-main: Netlink event 16 Interface Index 5 
04-09 16:40:32.697  2974  2984 E wac-main: Enter poll and wait
04-09 16:40:32.697  2709  2709 I wpa_supplicant: wlan0: CTRL-EVENT-CONNECTED - Connection to c8:b3:73:44:ae:ef completed [id=0 id_str=]
04-09 16:40:32.698  3074  3074 I cast_shell: [3077:3129:INFO:wifi_controller_wpa_supplicant.cc(634)] After connection, current_wifi_index=0
04-09 16:40:32.698  2734  2734 D dhcpcd  : wlan0: carrier acquired
04-09 16:40:32.701  2974  2984 D wac-main: Netlink event
04-09 16:40:32.701  2974  2984 E wac-main: Netlink event 16 Interface Index 5 
04-09 16:40:32.701  2974  2984 E wac-main: Enter poll and wait
04-09 16:40:32.701  2974  2984 D wac-main: Netlink event
04-09 16:40:32.701  2974  2984 E wac-main: Netlink event 16 Interface Index 5 
04-09 16:40:32.702  2974  2984 E wac-main: Enter poll and wait
04-09 16:40:32.702  2710  2719 I yani_server: NetLink Event '-1' Interface-Index '5' WLAN '0' Ethernet '-1' Parsed-iFill '-1' -> 'INVALID' ifIndex '1' -> 'lo'
04-09 16:40:32.704  2975  3152 I LibreCastControlDelegate: OnCastStatus() +++ Lyric Speaker Box 21f384:0xad220198:OFFLINE
04-09 16:40:32.704  2975  3152 I LibreCastControlDelegate: Device Build Number -> '1.52.272222'
04-09 16:40:32.704  2975  3152 I librecast: updateCastBuildVersion() Version 1.52.272222
04-09 16:40:32.704  2711  2720 I lucitransport: readRemoteMessage() MID char = 7 buffer = 1.52.272222
04-09 16:40:32.704  2975  3152 I LibreCastControlDelegate: Active Applications -> 0
04-09 16:40:32.704  2975  3152 I LibreCastControlDelegate: Current Cast State '3' -> 'OFFLINE'
04-09 16:40:32.704  2975  3152 I LibreCastControlDelegate: OnCastStatus() ---
04-09 16:40:32.714  2710  2719 I yani_server: NetLink Event '-1' Interface-Index '5' WLAN '0' Ethernet '-1' Parsed-iFill '-1' -> 'INVALID' ifIndex '1' -> 'lo'
04-09 16:40:32.715  2710  2719 I yani_server: NetLink Event '-1' Interface-Index '5' WLAN '7' Ethernet '-1' Parsed-iFill '7' -> 'WLAN0 LINKUP' ifIndex '1' -> 'lo'
04-09 16:40:32.715  2710  2719 I yani_server: saveConfig:537:wlan0
04-09 16:40:32.715  2710  2719 I wifiapi : newconn : 0xac40cb48
04-09 16:40:32.715  2710  2719 I yani_server: saveConfig:544:got handle successfully
04-09 16:40:32.716  2710  2719 I wifiapi : 'STATUS' command returned = 0
04-09 16:40:32.719  2710  2719 I wifiapi : 'SAVE_CONFIG' command returned = 0
04-09 16:40:32.719  2710  2719 E yani_server: wlan0 Status=8 SaveConfig returns=0
04-09 16:40:32.719  2710  2719 I yani_server: SaveConfig return value=0
04-09 16:40:32.719  2690  2690 I sh      : saveConfig:538:wlan0wlan0 Status=8 SaveConfig returns=0
04-09 16:40:32.719  2710  2719 E WLANP2PIF: WlanP2pif: current chan = 4
04-09 16:40:32.721  2710  2719 E yani_wifi: set txpower chan : 4 country : US
04-09 16:40:32.721  2710  2719 E yani_wifi: nrates = 7
04-09 16:40:32.799  3074  3074 I cast_shell: [3077:3116:INFO:metrics_recorder.cc(282)] Record action: Setup.version.BLE
04-09 16:40:32.843  3074  3074 I cast_shell: [3077:3116:INFO:metrics_recorder.cc(282)] Record action: Setup.tos_accepted.BLE
04-09 16:40:32.873  3074  3074 I cast_shell: [3077:3116:INFO:metrics_recorder.cc(282)] Record action: Setup.state.BLE
04-09 16:40:32.903  3074  3074 I cast_shell: [3077:3116:INFO:metrics_recorder.cc(282)] Record action: Setup.ip_address.BLE
04-09 16:40:33.443  3074  3074 I cast_shell: [3077:3116:INFO:metrics_recorder.cc(282)] Record action: Setup.version.BLE
04-09 16:40:33.473  3074  3074 I cast_shell: [3077:3116:INFO:metrics_recorder.cc(282)] Record action: Setup.tos_accepted.BLE
04-09 16:40:33.503  3074  3074 I cast_shell: [3077:3116:INFO:metrics_recorder.cc(282)] Record action: Setup.state.BLE
04-09 16:40:33.533  3074  3074 I cast_shell: [3077:3116:INFO:metrics_recorder.cc(282)] Record action: Setup.ip_address.BLE
04-09 16:40:33.580  3074  3074 I cast_shell: [3077:3085:ERROR:connectivity_checker_impl.cc(265)] Connectivity check failed: 400
04-09 16:40:33.727  2710  2719 I yani_autoip: start_autoip() Interface 'wlan0' Is AutoIP Required 'Yes' Thread-Running 'No' 
04-09 16:40:33.727  2710  2719 E yani_server: YANI: I am Done Wait For Event 
04-09 16:40:33.727  2710  2719 I yani_kernel: yani_geteventfrom_changeaddr() Message-Id '1' Netlink event '16' Interface Index '5' -> Name 'wlan0' 
04-09 16:40:33.729  2710  3360 I yani_autoip: Setting autoiptimer to 70000
04-09 16:40:33.730  2710  2719 I yani_kernel: yani_geteventfrom_changeaddr() Message-Id '1' Netlink event '16' Interface Index '5' -> Name 'wlan0' 
04-09 16:40:33.732  2710  2719 I yani_kernel: yani_geteventfrom_changeaddr() Message-Id '1' Netlink event '16' Interface Index '5' -> Name 'wlan0' 
04-09 16:40:33.740  3359  3359 E dhcpcd  : control_open: Connection refused
04-09 16:40:33.741  3359  3359 E dhcpcd  : eth0: interface not found or invalid
04-09 16:40:33.743  2974  2984 D wac-main: Netlink event
04-09 16:40:33.743  2974  2984 E wac-main: Netlink event 16 Interface Index 5 
04-09 16:40:33.743  3359  3359 D dhcpcd  : wlan0: adding address fe80::ce90:93ff:fe21:f384
04-09 16:40:33.743  2974  2984 E wac-main: Enter poll and wait
04-09 16:40:33.744  2710  2719 I yani_kernel: yani_geteventfrom_changeaddr() Message-Id '1' Netlink event '16' Interface Index '5' -> Name 'wlan0' 
04-09 16:40:33.842  3359  3359 E dhcpcd  : error writing DUID: /etc/dhcpcd/dhcpcd.duid: Read-only file system
04-09 16:40:33.842  3359  3359 D dhcpcd  : DUID 00:03:00:01:cc:90:93:21:f3:84
04-09 16:40:33.842  3359  3359 D dhcpcd  : wlan0: IAID 93:21:f3:84
04-09 16:40:34.058  3074  3074 I cast_shell: [3077:3116:INFO:metrics_recorder.cc(282)] Record action: Setup.version.BLE
04-09 16:40:34.089  3074  3074 I cast_shell: [3077:3116:INFO:metrics_recorder.cc(282)] Record action: Setup.tos_accepted.BLE
04-09 16:40:34.118  3074  3074 I cast_shell: [3077:3116:INFO:metrics_recorder.cc(282)] Record action: Setup.state.BLE
04-09 16:40:34.148  3074  3074 I cast_shell: [3077:3116:INFO:metrics_recorder.cc(282)] Record action: Setup.ip_address.BLE
04-09 16:40:34.203  3359  3359 D dhcpcd  : wlan0: soliciting an IPv6 router
04-09 16:40:34.427  2730  2739 I NetworkMonitor: turn off power-save
04-09 16:40:34.435  2730  2739 E DNSResolver: Error in connect: Network is unreachable
04-09 16:40:34.436  2730  2739 I chatty  : uid=0(root) /bin/net_mgr identical 4 lines
04-09 16:40:34.436  2730  2739 E DNSResolver: Error in connect: Network is unreachable
04-09 16:40:34.436  2730  2739 E HttpTimeSync: Error resolve name clients1.google.com
04-09 16:40:34.453  2730  2739 E HttpTimeSync: Error in curl perform, returns 6: Couldn't resolve host name
04-09 16:40:34.454  2730  2739 E HttpTimeSync: Failed in getting HTTP header from http://clients1.google.com/generate_204
04-09 16:40:34.471  3359  3359 D dhcpcd  : wlan0: Router Advertisement from fe80::cab3:73ff:fe44:aeed
04-09 16:40:34.472  3359  3359 D dhcpcd  : wlan0: adding address fd70:d3e7:6555:0:ce90:93ff:fe21:f384/64
04-09 16:40:34.472  3359  3359 D dhcpcd  : wlan0: adding address fd70:d3e7:6555:0:5085:df7c:7d84:536f/64
04-09 16:40:34.473  3359  3359 D dhcpcd  : wlan0: adding route to fd70:d3e7:6555::/64
04-09 16:40:34.473  3359  3359 D dhcpcd  : wlan0: requesting DHCPv6 information
04-09 16:40:34.506  3359  3359 D dhcpcd  : wlan0: soliciting a DHCP lease
04-09 16:40:34.507  3359  3359 D dhcpcd  : wlan0: sending DISCOVER (xid 0xc6ca4b85), next in -63314173118153135881944953308961733654686760753592694933448093638718477577525822840133045464694433284715528763246026014369465999437213265254029006999981096023192204695976920780136292862147047014959458037277970814036417769551377282473001857792286129751933835638996992.0 seconds
04-09 16:40:34.587  3074  3074 I cast_shell: [3077:3085:ERROR:connectivity_checker_impl.cc(265)] Connectivity check failed: 400
04-09 16:40:34.688  3074  3074 I cast_shell: [3077:3116:INFO:metrics_recorder.cc(282)] Record action: Setup.version.BLE
04-09 16:40:34.718  3074  3074 I cast_shell: [3077:3116:INFO:metrics_recorder.cc(282)] Record action: Setup.tos_accepted.BLE
04-09 16:40:34.748  3074  3074 I cast_shell: [3077:3116:INFO:metrics_recorder.cc(282)] Record action: Setup.state.BLE
04-09 16:40:34.779  3074  3074 I cast_shell: [3077:3116:INFO:metrics_recorder.cc(282)] Record action: Setup.ip_address.BLE
04-09 16:40:35.177  3074  3074 I cast_shell: [3077:3116:INFO:metrics_recorder.cc(282)] Record action: Setup.eureka_info.Local
04-09 16:40:35.178  3074  3074 I cast_shell: [3077:3116:INFO:metrics_recorder.cc(282)] Record action: Setup.eureka_info.Local.200
04-09 16:40:35.180  2730  2738 E DNSResolver: Error in connect: Network is unreachable
04-09 16:40:35.180  2730  2738 I chatty  : uid=0(root) MonitorThread identical 4 lines
04-09 16:40:35.180  2730  2738 E DNSResolver: Error in connect: Network is unreachable
04-09 16:40:35.180  2730  2738 E HttpTimeSync: Error resolve name clients1.google.com
04-09 16:40:35.181  2730  2738 E HttpTimeSync: Error in curl perform, returns 6: Couldn't resolve host name
04-09 16:40:35.181  2730  2738 E HttpTimeSync: Failed in getting HTTP header from http://clients1.google.com/generate_204
04-09 16:40:35.318  3074  3074 I cast_shell: [3077:3116:INFO:metrics_recorder.cc(282)] Record action: Setup.version.BLE
04-09 16:40:35.348  3074  3074 I cast_shell: [3077:3116:INFO:metrics_recorder.cc(282)] Record action: Setup.tos_accepted.BLE
04-09 16:40:35.378  3074  3074 I cast_shell: [3077:3116:INFO:metrics_recorder.cc(282)] Record action: Setup.state.BLE
04-09 16:40:35.408  3074  3074 I cast_shell: [3077:3116:INFO:metrics_recorder.cc(282)] Record action: Setup.ip_address.BLE
04-09 16:40:35.593  3074  3074 I cast_shell: [3077:3085:ERROR:connectivity_checker_impl.cc(265)] Connectivity check failed: 400
04-09 16:40:35.596  3359  3359 D dhcpcd  : wlan0: received OFFER with xid 0xc6ca4b85
04-09 16:40:35.596  3359  3359 D dhcpcd  : wlan0: offered 192.168.1.145 from 192.168.1.1
04-09 16:40:35.596  3359  3359 D dhcpcd  : wlan0: requesting lease of 192.168.1.145
04-09 16:40:35.597  3359  3359 D dhcpcd  : wlan0: sending REQUEST (xid 0xc6ca4b85), next in -63314173118153135881944953308961733654686760753592694933448093638718477577525822840133045464694433284715528763246026014369465999437213265254029006999981096023192204695976920780136292862147047014959458037277970814036417769551377282473001857792286129751933835638996992.0 seconds
04-09 16:40:35.703  3359  3359 D dhcpcd  : wlan0: received ACK with xid 0xc6ca4b85
04-09 16:40:35.703  3359  3359 D dhcpcd  : wlan0: acknowledged 192.168.1.145 from 192.168.1.1
04-09 16:40:35.703  3359  3359 D dhcpcd  : wlan0: leased 192.168.1.145 for 86400 seconds
04-09 16:40:35.704  3359  3359 D dhcpcd  : wlan0: adding route to 192.168.1.0/24
04-09 16:40:35.704  3359  3359 D dhcpcd  : wlan0: adding default route via 192.168.1.1
04-09 16:40:35.705  2974  2984 D wac-main: Netlink event
04-09 16:40:35.705  2974  2984 E wac-main: Netlink event 20 Interface Index 5 
04-09 16:40:35.705  2974  2984 E wac-main: Enter poll and wait
04-09 16:40:35.706  2710  2719 I yani_kernel: yani_geteventfrom_changeaddr() Message-Id '1' Netlink event '20' Interface Index '5' -> Name 'wlan0' 
04-09 16:40:35.707  2730  2739 I NetworkMonitor: turn off power-save
04-09 16:40:35.715  2710  2719 I yani_server: NetLink Event '2' Interface-Index '5' WLAN '-1' Ethernet '-1' Parsed-iFill '2' -> 'WLAN0 CONNECTED' ifIndex '1' -> 'lo'
04-09 16:40:35.716  2710  2719 I yani_server: doLotofWork() List of interface '5'
04-09 16:40:35.716  2710  2719 I yani_server: doLotofWork() Interface 'wlan0' ifr[0].ifr_name 'lo' ipaddress '127.0.0.1'
04-09 16:40:35.716  2710  2719 I yani_server: doLotofWork() Interface 'wlan0' ifr[1].ifr_name 'wlan0' ipaddress '192.168.1.145'
04-09 16:40:35.716  2710  2719 E yani_server: YANI GOT IP FOR IFACE=wlan0 IP=192.168.1.145 mstatus=0 mifacetype=1
04-09 16:40:35.716  2710  2719 I yani_server: doLotofWork() returns 'REFILL IP ASSIGNED'
04-09 16:40:35.716  2710  2812 I yani_server: onNetworkParametersChanged() WAC Mode '1'  Index '1' Interface 'wlan0' Status '1'
04-09 16:40:35.717  2727  2744 I MB_HANDLER: YaniAlert() Interface '1' Status '1'
04-09 16:40:35.717  2727  2744 E MB_HANDLER: SaveWifiSettingToENV
04-09 16:40:35.717  2710  2719 I yani_autoip: stop_autoip() Thread-Running 'Yes'
04-09 16:40:35.717  2710  3360 E yani_autoip: Force Exit AutoIP thread bytes '1' value 'q'
04-09 16:40:35.718  2710  3360 I yani_autoip: Exiting AutoIP thread return poll status 1
04-09 16:40:35.731  2711  2720 I lucitransport: writeRemoteMessage() MID = 124 buffer = 1#1,1#2,0#3,1#4,1
04-09 16:40:35.731  2711  2720 I luciUART: write() MID = 124  bytes = 27 data = 1#1,1#2,0#3,1#4,1 m_fd = 0x6
04-09 16:40:35.732  2728  2728 E AirableUIHelper: AirableUIHelper::YaniAlert  1 1 
04-09 16:40:35.732  2728  2728 E AirableUIHelper: Wlan is up
04-09 16:40:35.732  2981  3003 I otamanager: YaniAlert() Interface 1 Status Up
04-09 16:40:35.732  2981  3003 I otamanager: CreateFirmwareUpdateTimerOnYaniAlert done
04-09 16:40:35.732  2977  3014 I airplay-main: YaniAlert Interface 1 Status 1
04-09 16:40:35.733  2711  2720 I lucitransport: readRemoteMessage() MID char = 90 buffer = Lyric Speaker Box 21f384
04-09 16:40:35.739  2711  2721 E luciUART: UART:aa
04-09 16:40:35.739  2711  2721 E luciUART: UART:aa
04-09 16:40:35.739  2711  2721 E luciUART: UART:2
04-09 16:40:35.739  2711  2721 E luciUART: UART:0
04-09 16:40:35.739  2711  2721 E luciUART: UART:d0
04-09 16:40:35.739  2711  2721 E luciUART: UART:0
04-09 16:40:35.739  2711  2721 I chatty  : uid=0(root) UARTLUCIControl identical 2 lines
04-09 16:40:35.739  2711  2721 E luciUART: UART:0
04-09 16:40:35.739  2711  2721 E luciUART: UART:9
04-09 16:40:35.739  2711  2721 I luciUART: read() RemoteID = 43690 Command = 208 Type = 2 Status = 0 DataLen = 9
04-09 16:40:35.739  2711  2721 E luciUART: Error: full data not available yet! readBytes 0
04-09 16:40:35.739  2711  2721 I luciUART: Previous Packet read contd., 
04-09 16:40:35.739  2711  2721 E luciUART: UART:52
04-09 16:40:35.739  2711  2721 I luciUART: Previous Packet read contd., 
04-09 16:40:35.739  2711  2721 E luciUART: UART:45
04-09 16:40:35.739  2711  2721 I luciUART: Previous Packet read contd., 
04-09 16:40:35.740  2711  2721 E luciUART: UART:41
04-09 16:40:35.740  2711  2721 I luciUART: Previous Packet read contd., 
04-09 16:40:35.740  2711  2721 E luciUART: UART:44
04-09 16:40:35.740  2711  2721 I luciUART: Previous Packet read contd., 
04-09 16:40:35.740  2711  2721 E luciUART: UART:5f
04-09 16:40:35.740  2711  2721 I luciUART: Previous Packet read contd., 
04-09 16:40:35.740  2711  2721 E luciUART: UART:73
04-09 16:40:35.740  2711  2721 I luciUART: Previous Packet read contd., 
04-09 16:40:35.740  2711  2721 E luciUART: UART:73
04-09 16:40:35.740  2711  2721 I luciUART: Previous Packet read contd., 
04-09 16:40:35.740  2711  2721 E luciUART: UART:69
04-09 16:40:35.740  2711  2721 I luciUART: Previous Packet read contd., 
04-09 16:40:35.740  2711  2721 E luciUART: UART:64
04-09 16:40:35.740  2711  2722 E LUCI_SERVER: Luci Server Thread wait over MID 208....
04-09 16:40:35.740  2711  2722 E LUCI_SERVER: Got NV name : ssid
04-09 16:40:35.742  2711  2722 I luciUART: write() MID = 208  bytes = 30 data = ssid:Linksys16717_2G m_fd = 0x6
04-09 16:40:35.742  2711  2722 E LUCI_SERVER: NV_READ response= ssid:Linksys16717_2G
04-09 16:40:35.742  2711  2722 E LUCI_SERVER: Luci Server Thread waiting for packets....
04-09 16:40:35.818  2977  3395 I airplay-main: checkACPAvailability() err 0 -> Present!
04-09 16:40:35.818  2977  3395 D airplay-main: arguments[0] -> airplay_v2 -> airplay_v2
04-09 16:40:35.819  2977  3395 D airplay-main: arguments[1] -> -n -> -n
04-09 16:40:35.819  2977  3395 D airplay-main: arguments[2] -> Lyric Speaker Box 21f384 -> Lyric Speaker Box 21f384
04-09 16:40:35.819  2977  3395 D airplay-main: arguments[3] -> -z -> -z
04-09 16:40:35.819  2977  3395 D airplay-main: arguments[4] -> 1 -> 1
04-09 16:40:35.819  2977  3395 D airplay-main: arguments[5] -> -d -> -d
04-09 16:40:35.819  2977  3395 D airplay-main: arguments[6] -> 47617500 -> 47617500
04-09 16:40:35.819  2977  3395 D airplay-main: Total Number of Arguments 7
04-09 16:40:35.830  2977  3395 I airplay_v2_0_6: 2022-04-09 04:10:35.828938 [AirPlayDemo] homedir /data/ sUserPreferencesDirectoryPath /data//.airplaydemo 
04-09 16:40:35.878  2730  2739 I HttpTimeSync: Building resolve list for clients1.google.com, total 1.
04-09 16:40:35.878  2730  2739 I HttpTimeSync: 	0: 142.251.36.142
04-09 16:40:35.910  2977  3395 I airplay-main: checkACPAvailability() err 0 -> Present!
04-09 16:40:35.948  3074  3074 I cast_shell: [3077:3116:INFO:metrics_recorder.cc(282)] Record action: Setup.version.BLE
04-09 16:40:35.978  3074  3074 I cast_shell: [3077:3116:INFO:metrics_recorder.cc(282)] Record action: Setup.tos_accepted.BLE
04-09 16:40:35.991  2977  3417 I airplay_v2_0_6: 2022-04-09 04:10:35.991743 [AirPlayDemo] *********** AirPlayDemoPlatformSetProperty:homeIntegrationData value - 
04-09 16:40:35.991  2977  3417 I airplay_v2_0_6:     +0000: 62706c69 73743030 d101025f 10114343 |bplist00^^^_^^CC| (67 bytes)
04-09 16:40:35.991  2977  3417 I airplay_v2_0_6:     +0010: 3a39303a 39333a32 313a4633 3a3834d0 |:90:93:21:F3:84^|
04-09 16:40:35.992  2977  3417 I airplay_v2_0_6:     +0020: 080b1f00 00000000 00010100 00000000 |^^^^^^^^^^^^^^^^|
04-09 16:40:35.992  2977  3417 I airplay_v2_0_6:     +0030: 00000300 00000000 00000000 00000000 |^^^^^^^^^^^^^^^^|
04-09 16:40:35.992  2977  3417 I airplay_v2_0_6:     +0040: 000020                              |^^              |
04-09 16:40:35.998  2977  3419 I airplay_v2_0_6: 2022-04-09 04:10:35.998167 [AirPlayDemo] AirPlayDemoServerCopyProperty Password is <<NULL>>
04-09 16:40:36.008  3074  3074 I cast_shell: [3077:3116:INFO:metrics_recorder.cc(282)] Record action: Setup.state.BLE
04-09 16:40:36.011  2977  3417 I airplay_v2_0_6: 2022-04-09 04:10:36.010862 [AirPlayDemo] *********** AirPlayDemoPlatformSetProperty:homeIntegrationData value - 
04-09 16:40:36.011  2977  3417 I airplay_v2_0_6:     +0000: 62706c69 73743030 d101025f 10114343 |bplist00^^^_^^CC| (165 bytes)
04-09 16:40:36.011  2977  3417 I airplay_v2_0_6:     +0010: 3a39303a 39333a32 313a4633 3a3834d3 |:90:93:21:F3:84^
04-09 16:40:36.011  2977  3417 I airplay_v2_0_6: |
04-09 16:40:36.011  2977  3417 I airplay_v2_0_6:     +0020: 03040501 06075a69 64656e74 69666965 |^^^^^^Zidentifie|
04-09 16:40:36.011  2977  3417 I airplay_v2_0_6:     +0030: 7252736b 52706b4f 1020fec3 3d28ade5 |rRskRpkO^ ^^=(^^|
04-09 16:40:36.011  2977  3417 I airplay_v2_0_6:     +0040: 0be80a1f d143850e 172145c7 89a2232f |^^^^^C^^^!E^^^#/|
04-09 16:40:36.011  2977  3417 I airplay_v2_0_6:     +0050: 971361b0 42a31105 d54f4f10 207bc868 |
04-09 16:40:36.011  2977  3417 I airplay_v2_0_6: ^^a^B^^^^OO^ {^h|
04-09 16:40:36.011  2977  3417 I airplay_v2_0_6:     +0060: 02360547 4d6849fe e08a14a6 eadbd313 |^6^GMhI^^^^^^^^^|
04-09 16:40:36.011  2977  3417 I airplay_v2_0_6:     +0070: c3314c75 357abfab ec1aa57a a0080b1f |^1Lu5z^^^^^z^^^^|
04-09 16:40:36.011  2977  3417 I airplay_v2_0_6:     +0080: 26313437 5a000000 00000001 01000000 |&147Z^^^^^^^^^^^|
04-09 16:40:36.011  2977  3417 I airplay_v2_0_6:     +0090: 
04-09 16:40:36.011  2977  3417 I airplay_v2_0_6: 00000000 08000000 00000000 00000000 |^^^^^^^^^^^^^^^^|
04-09 16:40:36.011  2977  3417 I airplay_v2_0_6:     +00A0: 00000000 7d                         |^^^^}           |
04-09 16:40:36.011  2711  2720 I lucitransport: readRemoteMessage() MID char = 90 buffer = Lyric Speaker Box 21f384
04-09 16:40:36.014  2977  3395 I airplay_v2_0_6: 2022-04-09 04:10:36.013606 [AirPlay] Registering Bonjour _airplay._tcp. port 7000
04-09 16:40:36.015  2977  3417 I airplay_v2_0_6: 2022-04-09 04:10:36.015524 [AirPlayDemo] AirPlayDemoServerCopyProperty Password is <<NULL>>
04-09 16:40:36.017  2977  3419 I airplay_v2_0_6: 2022-04-09 04:10:36.016981 [AirPlayDemo] AirPlayDemoServerCopyProperty Password is <<NULL>>
04-09 16:40:36.017  2711  2720 I lucitransport: readRemoteMessage() MID char = 90 buffer = Lyric Speaker Box 21f384
04-09 16:40:36.019  2977  3395 I airplay_v2_0_6: 2022-04-09 04:10:36.019121 [AirPlay] Registering Bonjour CC909321F384@Lyric Speaker Box 21f384._raop._tcp. port 7000
04-09 16:40:36.019  2977  3395 I airplay_v2_0_6: 2022-04-09 04:10:36.019269 [AirPlay] AirPlay servers started
04-09 16:40:36.039  3074  3074 I cast_shell: [3077:3116:INFO:metrics_recorder.cc(282)] Record action: Setup.ip_address.BLE
04-09 16:40:36.216  2730  2739 I HttpTimeSync: Http time synced
04-09 16:40:36.216  2730  2739 I NetworkMonitor: turn off power-save
04-09 16:40:38.008  3074  3074 I cast_shell: [3077:3116:INFO:metrics_recorder.cc(282)] Record action: Setup.version.BLE
04-09 16:40:38.038  3074  3074 I cast_shell: [3077:3116:INFO:metrics_recorder.cc(282)] Record action: Setup.tos_accepted.BLE
04-09 16:40:38.069  3074  3074 I cast_shell: [3077:3116:INFO:metrics_recorder.cc(282)] Record action: Setup.state.BLE
04-09 16:40:38.098  3074  3074 I cast_shell: [3077:3116:INFO:metrics_recorder.cc(282)] Record action: Setup.ip_address.BLE
04-09 16:40:38.653  3074  3074 I cast_shell: [3077:3116:INFO:metrics_recorder.cc(282)] Record action: Setup.version.BLE
04-09 16:40:38.683  3074  3074 I cast_shell: [3077:3116:INFO:metrics_recorder.cc(282)] Record action: Setup.tos_accepted.BLE
04-09 16:40:38.713  3074  3074 I cast_shell: [3077:3116:INFO:metrics_recorder.cc(282)] Record action: Setup.state.BLE
04-09 16:40:38.743  3074  3074 I cast_shell: [3077:3116:INFO:metrics_recorder.cc(282)] Record action: Setup.ip_address.BLE
04-09 16:40:38.800  2978  3001 I SPOTIFY : ConnectionNotify event(0-Login, 1-Logout, rest Error) = 7 
04-09 16:40:38.949  3074  3074 I cast_shell: [3077:3085:INFO:connectivity_checker_impl.cc(144)] Change check url=http://connectivitycheck.gstatic.com/generate_204
04-09 16:40:38.949  3074  3074 I cast_shell: [3077:3085:INFO:connectivity_checker_impl.cc(148)] Global connection is: Up
04-09 16:40:38.949  3077  3230 E         : OOBE CheckUpdate
04-09 16:40:38.960  3074  3074 I cast_shell: [3077:3077:INFO:ccs_transport_gcm.cc(102)] Registering GCM handler
04-09 16:40:38.960  3074  3074 I cast_shell: [3077:3077:INFO:gcm_manager.cc(258)] Enabling GCM Driver
04-09 16:40:38.960  3074  3074 I cast_shell: [3077:3077:INFO:api_reboot.cc(321)] active_activities count=0
04-09 16:40:38.960  3074  3074 I cast_shell: [3077:3077:INFO:cloud_settings_manager.cc(431)] Connectivity established. Reconciling cloud settings.
04-09 16:40:38.960  3074  3074 I cast_shell: [3077:3077:INFO:cloud_settings_manager.cc(195)] Cloud settings is disabled.
04-09 16:40:38.960  3074  3074 I cast_shell: [3077:3077:INFO:lycra_gcm.cc(121)] Registering GCM handler.
04-09 16:40:38.960  3074  3074 I cast_shell: [3077:3230:INFO:update_engine_client_with_system_updater.cc(216)] Network first connected, check system force update
04-09 16:40:38.960  3074  3074 I cast_shell: [system_updater_dummy.cpp(109)] CheckUpdate
04-09 16:40:38.960  3074  3074 I cast_shell: [3077:3127:INFO:v2_transport.cc(681)] V2TransportImpl::CreatSelfSignedCertificateWithKey called.
04-09 16:40:38.961  3074  3074 I cast_shell: [3077:3116:WARNING:setup_manager_impl.cc(1100)] NAT not supported, no captive portal support.
04-09 16:40:38.962  3074  3074 I cast_shell: [3077:3116:INFO:setup_state.cc(261)] Setup state changed: SETUP_STATE_CHECKING_GLOBAL_CONNECTIVITY_BAD_ROUTER_WIFI_NOT_SAVED (51) -> SETUP_STATE_CONNECTED_WIFI_NOT_SAVED (61)
04-09 16:40:38.976  3074  3074 I cast_shell: [3077:3127:INFO:transport_creds.cc(151)] Self-signed certificate created: CN=cfb080b9-4c3c-f59e-8c4d-80b74e3a8323
04-09 16:40:38.977  2975  3152 I LibreCastControlDelegate: OnCastStatus() +++ Lyric Speaker Box 21f384:0xad220198:NOT_SETUP
04-09 16:40:38.977  2975  3152 I LibreCastControlDelegate: Device Build Number -> '1.52.272222'
04-09 16:40:38.977  2975  3152 I librecast: updateCastBuildVersion() Version 1.52.272222
04-09 16:40:38.977  2711  2720 I lucitransport: readRemoteMessage() MID char = 7 buffer = 1.52.272222
04-09 16:40:38.977  2975  3152 I LibreCastControlDelegate: Active Applications -> 0
04-09 16:40:38.977  2975  3152 I LibreCastControlDelegate: Current Cast State '2' -> 'NOT_SETUP'
04-09 16:40:38.977  2975  3152 I LibreCastControlDelegate: OnCastStatus() ---
04-09 16:40:38.978  2975  3152 I LibreCastControlDelegate: OnCastStatus() +++ Lyric Speaker Box 21f384:0xad220198:NOT_SETUP
04-09 16:40:38.978  2975  3152 I LibreCastControlDelegate: Device Build Number -> '1.52.272222'
04-09 16:40:38.994  3074  3074 I cast_shell: [3077:3126:INFO:mdns_app_filter.cc(1702)] MdnsAppFilter is stopping
04-09 16:40:38.994  3074  3074 I cast_shell: [3077:3126:INFO:metrics_recorder.cc(282)] cast event: Cast.Discovery.Mdns.ResponderStopped
04-09 16:40:38.994  3074  3074 I cast_shell: [3077:3126:INFO:mdns_app_filter.cc(1709)] MdnsAppFilter is stopping; closing socket: address=192.168.2.1
04-09 16:40:38.994  3074  3074 I cast_shell: [3077:3126:INFO:metrics_recorder.cc(282)] cast event: Cast.Discovery.Mdns.SocketDestroyed
04-09 16:40:38.994  3074  3074 I cast_shell: [3077:3126:INFO:mdns_app_filter.cc(1709)] MdnsAppFilter is stopping; closing socket: address=192.168.10.1
04-09 16:40:38.994  3074  3074 I cast_shell: [3077:3126:INFO:metrics_recorder.cc(282)] cast event: Cast.Discovery.Mdns.SocketDestroyed
04-09 16:40:39.035  3074  3074 I cast_shell: [3077:3077:INFO:config_downloader.cc(489)] Downloading config: headers (excl. auth) ='Accept: application/protobuf', url=https://clients5.google.com/cast/chromecast/device/baseconfig?m=LSB&M=COTODAMA&p=LS10+Platform&b=1.52.272222&c=wifi&r=beta-channel&pt=3&ln=&d=DE4F95FFA64D5E74B026&at=1
04-09 16:40:39.119  3074  3074 I cast_shell: [3077:3128:INFO:multizone_manager.cc(2131)] Updated leader quality: 49807410
04-09 16:40:39.123  3074  3074 I cast_shell: [3077:3126:INFO:mdns_app_filter.cc(1120)] Skipping IPv6 interface that also has an IPv4 address: wlan0
04-09 16:40:39.123  3074  3074 I chatty  : uid=1000(chrome) /bin/logwrapper identical 2 lines
04-09 16:40:39.123  3074  3074 I cast_shell: [3077:3126:INFO:mdns_app_filter.cc(1120)] Skipping IPv6 interface that also has an IPv4 address: wlan0
04-09 16:40:39.123  3074  3074 I cast_shell: [3077:3126:INFO:metrics_recorder.cc(282)] cast event: Cast.Discovery.Mdns.SocketCreated
04-09 16:40:39.123  3074  3074 I cast_shell: [3077:3126:INFO:mdns_app_filter.cc(1254)] Created mDNS socket for interface:name=wlan0, address=192.168.1.145, index=5
04-09 16:40:39.123  3074  3074 I cast_shell: [3077:3126:INFO:metrics_recorder.cc(282)] cast event: Cast.Discovery.Mdns.SocketCreated
04-09 16:40:39.124  3074  3074 I cast_shell: [3077:3126:INFO:mdns_app_filter.cc(1254)] Created mDNS socket for interface:name=p2p1, address=192.168.2.1, index=7
04-09 16:40:39.124  3074  3074 I cast_shell: [3077:3126:INFO:metrics_recorder.cc(282)] cast event: Cast.Discovery.Mdns.SocketCreated
04-09 16:40:39.124  3074  3074 I cast_shell: [3077:3126:INFO:mdns_app_filter.cc(1254)] Created mDNS socket for interface:name=usb0, address=192.168.10.1, index=9
04-09 16:40:39.126  3074  3074 I cast_shell: [3077:3077:INFO:mdns_manager_impl.cc(429)] Successfully updated service: type=_googlezone
04-09 16:40:39.162  2981  3009 I otamanager: OTA:ResolveDNSName IP = 35.170.148.237
04-09 16:40:39.163  2981  3009 I otamanager: OTA:hostIp string: https://35.170.148.237/v1
04-09 16:40:39.163  2981  3009 I otamanager: OTA: trying after 2 sec 
04-09 16:40:39.268  3074  3074 I cast_shell: [3077:3116:INFO:metrics_recorder.cc(282)] Record action: Setup.version.BLE
04-09 16:40:39.298  3074  3074 I cast_shell: [3077:3116:INFO:metrics_recorder.cc(282)] Record action: Setup.tos_accepted.BLE
04-09 16:40:39.328  3074  3074 I cast_shell: [3077:3116:INFO:metrics_recorder.cc(282)] Record action: Setup.state.BLE
04-09 16:40:39.358  3074  3074 I cast_shell: [3077:3116:INFO:metrics_recorder.cc(282)] Record action: Setup.ip_address.BLE
04-09 16:40:39.391  3074  3074 I cast_shell: [3077:3116:INFO:ble_setup.cc(322)] Record action: Setup.set_eureka_info.BLE
04-09 16:40:39.393  3074  3074 I cast_shell: [3077:3116:INFO:timezone_settings.cc(288)] Setting system timezone to Asia/Kolkata
04-09 16:40:39.394  3074  3074 I cast_shell: [3077:3128:INFO:multizone_group.cc(357)] Change name for group [PII](FF12F689A55AE613E101736EA64EFDF1) to [PII](AAA speaker)
04-09 16:40:39.394  3074  3074 I cast_shell: [3077:3116:INFO:locale_manager.cc(511)] New timezone: Asia/Kolkata
04-09 16:40:39.394  3074  3074 I cast_shell: [3077:3116:INFO:locale_manager.cc(539)] New time format: 24-hour
04-09 16:40:39.400  3074  3074 I cast_shell: [3077:3077:INFO:device_info_impl.cc(1133)] SSDP Config ID is increased: id=4
04-09 16:40:39.400  3074  3074 I cast_shell: [3077:3077:INFO:device_info_impl.cc(1133)] SSDP Config ID is increased: id=5
04-09 16:40:39.401  2732  2765 I bluetoothtbd: [0409/041039.401115:INFO:adapter.cc(551)] Adapter properties changed
04-09 16:40:39.401  2732  2765 I bluetoothtbd: [0409/041039.401297:INFO:adapter.cc(573)] Adapter name changed
04-09 16:40:39.401  3074  3074 I cast_shell: [3077:3116:INFO:bluetooth_manager.cc(1232)] [PII] Set device name to 'AAA speaker'
04-09 16:40:39.406  2732  2765 I bluetoothtbd: [0409/041039.406799:INFO:adapter.cc(551)] Adapter properties changed
04-09 16:40:39.410  2975  3152 I LibreCastControlDelegate: OnCastStatus() +++ AAA speaker:0xad220198:NOT_SETUP
04-09 16:40:39.410  2975  3152 I LibreCastControlDelegate: Device Build Number -> '1.52.272222'
04-09 16:40:39.410  2975  3152 I librecast: updateCastBuildVersion() Version 1.52.272222
04-09 16:40:39.410  2711  2720 I lucitransport: readRemoteMessage() MID char = 7 buffer = 1.52.272222
04-09 16:40:39.410  3074  3074 I cast_shell: [3077:3077:INFO:mdns_manager_impl.cc(429)] Successfully updated service: type=_googlecast
04-09 16:40:39.411  3074  3074 I cast_shell: [3077:3077:INFO:virtual_device.cc(296)] Updated mDNS service for virtual device: id=cfb080b9-4c3c-f59e-8c4d-80b74e3a8323
04-09 16:40:39.411  2975  3152 I LibreCastControlDelegate: Active Applications -> 0
04-09 16:40:39.411  2975  3152 I LibreCastControlDelegate: Current Cast State '2' -> 'NOT_SETUP'
04-09 16:40:39.411  2975  3152 I LibreCastControlDelegate: OnCastStatus() ---
04-09 16:40:39.411  2975  3152 I LibreCastControlDelegate: OnCastStatus() +++ AAA speaker:0xad220198:NOT_SETUP
04-09 16:40:39.411  2975  3152 I LibreCastControlDelegate: Device Build Number -> '1.52.272222'
04-09 16:40:39.411  2975  3152 I librecast: updateCastBuildVersion() Version 1.52.272222
04-09 16:40:39.412  2711  2720 I lucitransport: readRemoteMessage() MID char = 7 buffer = 1.52.272222
04-09 16:40:39.412  2975  3152 I LibreCastControlDelegate: Active Applications -> 0
04-09 16:40:39.416  3074  3074 I cast_shell: [3077:3116:INFO:metrics_recorder.cc(282)] cast event: Cast.System.Timezone.ChangeSuccessful
04-09 16:40:39.449  3074  3074 I cast_shell: [3077:3116:INFO:ble_setup.cc(322)] Record action: Setup.save_wifi.BLE
04-09 16:40:39.451  3074  3074 I cast_shell: [3077:3116:INFO:wifi_controller_wpa_supplicant.cc(692)] Clear bssid from config for network id 0
04-09 16:40:39.454  3074  3074 I cast_shell: [3077:3116:INFO:setup_manager_impl.cc(1725)] Report action: Wifi.FirstConfigured
04-09 16:40:39.909  3074  3074 I cast_shell: [3077:3085:INFO:parent_tracker.cc(237)] Network changed
04-09 16:40:39.909  3074  3074 I cast_shell: [3077:3085:INFO:parent_tracker.cc(135)] Now using local address [PII](192.168.1.145)
04-09 16:40:39.909  3074  3074 I cast_shell: [3077:3085:INFO:directory_service_impl.cc(200)] This device became root
04-09 16:40:39.909  3074  3074 I cast_shell: [3077:3085:INFO:parent_tracker.cc(237)] Network changed
04-09 16:40:39.909  3074  3074 I cast_shell: [3077:3116:INFO:local_network_info_impl.cc(435)] LNID_W changed:
04-09 16:40:39.909  3074  3074 I cast_shell: [3077:3085:INFO:parent_tracker.cc(132)] No need to recreate socket
04-09 16:40:39.912  3074  3074 I cast_shell: [3077:3087:INFO:net_util_impl.cc(582)] IP address: [PII](192.168.1.1) MAC address: [PII](C8:B3:73:44:AE:ED)
04-09 16:40:39.912  3074  3074 I cast_shell: [3077:3087:INFO:local_network_info_impl.cc(346)] LNID changed:
04-09 16:40:39.913  3074  3074 I cast_shell: [3077:3077:INFO:ccs_manager_impl.cc(1789)] LNID has changed; Will re-register CCS
04-09 16:40:39.918  3074  3074 I cast_shell: [3077:3087:INFO:net_util_impl.cc(582)] IP address: [PII](192.168.1.1) MAC address: [PII](C8:B3:73:44:AE:ED)
04-09 16:40:39.962  3074  3074 I cast_shell: [3077:3116:INFO:ble_setup.cc(789)] Missing required info for sign.
04-09 16:40:39.984  3074  3074 I cast_shell: [system_updater_dummy.cpp(139)] CheckUpdate 139
04-09 16:40:39.984  3074  3074 I cast_shell: [system_updater_dummy.cpp(148)] CheckUpdate 148 return
04-09 16:40:40.005  3074  3074 I cast_shell: [3077:3116:INFO:ble_setup.cc(915)] Sign related info completed, no future EurekaInfo need sign.
04-09 16:40:40.212  3074  3074 I cast_shell: [3077:3126:INFO:mdns_app_filter.cc(1403)] MdnsAppFilter: Done probing.
04-09 16:40:40.341  3074  3074 I cast_shell: [3077:3113:INFO:snr_tracker.cc(50)] snr = 50
04-09 16:40:40.498  3074  3074 I cast_shell: [3077:3116:INFO:metrics_recorder.cc(282)] Record action: Setup.state.BLE
04-09 16:40:40.787  3074  3074 I cast_shell: [3077:3077:INFO:ccs_transport_gcm.cc(244)] Registered GCM handler
04-09 16:40:40.787  3074  3074 I cast_shell: [3077:3077:INFO:ccs_manager_impl.cc(1322)] Waiting for all transports to be enabled
04-09 16:40:40.896  2981  3009 I otamanager: OTA:curl response code : 0	
04-09 16:40:40.896  2981  3009 I otamanager: http status code : 200
04-09 16:40:40.896  2981  3009 I otamanager: OTA: contentLen :187.000000
04-09 16:40:40.904  2981  3009 I otamanager: OTA: bytesDownloaded = 187 m_iHttpStatusCode = 200 
04-09 16:40:40.907  3074  3074 I cast_shell: [3077:3077:INFO:lycra_gcm.cc(212)] Registered GCM handler
04-09 16:40:40.910  2690  2690 I sh      : {
04-09 16:40:40.910  2690  2690 I sh      : 	"castVersion" : null,
04-09 16:40:40.910  2690  2690 I sh      : 	"crc" : null,
04-09 16:40:40.910  2690  2690 I sh      : 	"errorCode" : 1001,
04-09 16:40:40.910  2981  3009 E otamanager: OTA:error string =  No update available
04-09 16:40:40.910  2690  2690 I sh      : 	"errorString" : "No update available",
04-09 16:40:40.910  2690  2690 I sh      : 	"forceUpgrade" : true,
04-09 16:40:40.910  2690  2690 I sh      : 	"mcuOnlyUpdate" : false,
04-09 16:40:40.910  2690  2690 I sh      : 	"otapackage" : null,
04-09 16:40:40.910  2690  2690 I sh      : 	"url" : null,
04-09 16:40:40.910  2690  2690 I sh      : 	"version" : null
04-09 16:40:40.910  2711  2720 I lucitransport: writeRemoteMessage() MID = 223 buffer = NO_UPDATE
04-09 16:40:40.911  3077  3230 E         : OOBE CheckUpdate
04-09 16:40:40.918  3074  3074 I cast_shell: [system_updater_dummy.cpp(132)] CheckUpdate 132 no new version
04-09 16:40:40.918  3074  3074 I cast_shell: [3077:3230:INFO:update_engine_client_with_system_updater.cc(226)] No system force update, error_code=0
04-09 16:40:40.918  3074  3074 I cast_shell: [3077:3230:INFO:update_engine_client_with_system_updater.cc(167)] Checking system force update.
04-09 16:40:40.918  3074  3074 I cast_shell: [system_updater_dummy.cpp(109)] CheckUpdate
04-09 16:40:40.918  3074  3074 I cast_shell: [3077:3083:INFO:crl_downloader.cc(155)] CRL processed.
04-09 16:40:40.918  3074  3074 I cast_shell: [3077:3083:INFO:metrics_recorder.cc(282)] cast event: Cast.CRL.DownloadSuccess
04-09 16:40:40.918  3074  3074 I cast_shell: [3077:3083:INFO:client_auth_signer.cc(211)] Cast certificate verification: CastCertError::OK
04-09 16:40:40.918  3074  3074 I cast_shell: [system_updater_dummy.cpp(148)] CheckUpdate 148 return
04-09 16:40:40.918  3074  3074 I chatty  : uid=1000(chrome) /bin/logwrapper identical 1 line
04-09 16:40:40.918  3074  3074 I cast_shell: [system_updater_dummy.cpp(148)] CheckUpdate 148 return
04-09 16:40:40.918  3074  3074 I cast_shell: [3077:3083:INFO:metrics_recorder.cc(282)] cast event: Cast.Auth.OK
04-09 16:40:40.918  2981  3009 I otamanager: cast_updater_threadEntry() Response 'CheckUpdate' Current Firmware Update state 'Idle'
04-09 16:40:40.918  2981  3009 I otamanager: checkUpdate_l
04-09 16:40:40.918  2981  3009 I otamanager: Firmware Update State Change from Idle to CheckUpdate
04-09 16:40:40.919  2711  2720 I lucitransport: readRemoteMessage() MID char = 232 buffer = TRUE
04-09 16:40:40.919  2981  3009 E otamanager: lo not valid Interface for MAC ID
04-09 16:40:40.919  2981  3009 D otamanager: OTA: wlan IP = 192.168.1.145
04-09 16:40:40.919  2981  3009 I otamanager: OTA:checkIP mac = cc909321f384  IP = 192.168.1.145 
04-09 16:40:40.920  2981  3009 I otamanager: DownloadHttpContent firmware version = eng.C4A.1203
04-09 16:40:40.925  2711  2720 I lucitransport: readRemoteMessage() MID char = 6 buffer = 1001
04-09 16:40:40.925  2711  2711 I lucitransport: readRemoteMessage() MID char = 7 buffer = 1.52.272222
04-09 16:40:40.925  2981  3009 I otamanager: OTA: DownloadHttpContent :payload =  {"device":{"brand":"COTODAMA","castVersion":"1.52.272222","deviceId":"cc909321f384","deviceType":"LS10_C4A","fwVersion":"1203","googleCast":true,"mcuVersion":"1001","model":"LSB"}}
04-09 16:40:40.925  2981  3009 I otamanager:  
04-09 16:40:40.925  2981  3009 I otamanager: OTA:------curlDownloadFirmwareXml---
04-09 16:40:40.925  2981  3009 I otamanager: OTA:isValidIpAddress: result 0
04-09 16:40:41.103  3074  3074 I cast_shell: [3077:3085:INFO:heartbeat_manager.cc(272)] Set HBInterval default: 1680000
04-09 16:40:41.103  3074  3074 I cast_shell: [3077:3077:INFO:gcm_manager.cc(233)] GCM connection established.
04-09 16:40:41.131  2981  3009 I otamanager: OTA:ResolveDNSName IP = 35.170.148.237
04-09 16:40:41.131  2981  3009 I otamanager: OTA:hostIp string: https://35.170.148.237/v1
04-09 16:40:41.131  2981  3009 I otamanager: OTA: trying after 2 sec 
04-09 16:40:41.223  3074  3074 I cast_shell: [3077:3077:INFO:grpc_service_discovery_impl.cc(185)] Mdns discovered google RPC for [PII](FF12F689A55AE613E101736EA64EFDF1).
04-09 16:40:41.533  3074  3074 I cast_shell: [3077:3116:INFO:metrics_recorder.cc(282)] Record action: Setup.state.BLE
04-09 16:40:41.661  3074  3074 I cast_shell: [3077:3077:INFO:config_downloader.cc(700)] Received Protobuf config response
04-09 16:40:41.684  3074  3074 I cast_shell: [3077:3077:INFO:application_manager_impl.cc(2024)] max_background_apps changed to: 1
04-09 16:40:41.684  3074  3074 I cast_shell: [3077:3077:ERROR:modular_update_manager_impl.cc(382)] No modular updater app ID can be found in device config.
04-09 16:40:41.694  3074  3074 I cast_shell: [3077:3077:INFO:ccs_settings.cc(262)] CcsSettings using CCS url https://clients5.google.com/cast/cloudcast/
04-09 16:40:41.716  3074  3074 I cast_shell: [3077:3077:INFO:application_config_manager_impl.cc(528)] Setting default remote control app ID: 1374D8AA
04-09 16:40:41.716  3074  3074 I cast_shell: [3077:3077:INFO:application_identification_settings.cc(410)] new ApplicationIdentificationSettings session_id: 54cf2397-e9cb-424a-bf5e-3917e1d24121 app_id: 38579375 flags: 7 headers: 512
04-09 16:40:41.717  3074  3074 I cast_shell: [3077:3077:WARNING:ccs_manager_impl.cc(1566)] Device does not have a weave device id
04-09 16:40:41.717  3074  3074 I cast_shell: [3077:3077:INFO:mdns_util.cc(102)] Defaulting mDNS capabilities for audio-only build
04-09 16:40:41.717  3074  3074 I cast_shell: [3077:3077:INFO:mdns_util.cc(102)] Defaulting mDNS capabilities for audio-only build
04-09 16:40:41.717  3074  3074 I cast_shell: [3077:3077:INFO:ccs_transport_https.cc(1203)] No cloud settings for register request
04-09 16:40:41.724  3074  3074 I cast_shell: [3077:3077:INFO:ccs_manager_impl.cc(1496)] Registering device with CCS: message_id = d237c317-cdf5-430d-bd47-db3ab3693a6c
04-09 16:40:41.724  3074  3074 I cast_shell: [3077:3077:INFO:ccs_manager_impl.cc(1497)] [PII] device_id = FF12F689A55AE613E101736EA64EFDF1
