04-09 15:36:03.060  2730  2730 I UIModeManager: RegisterModeControl Mode - BrowseMode ModeControl - 0xad0dc830
04-09 15:36:03.061  2730  2730 E DefaultBrowser: m_ItemsCount = 7 
04-09 15:36:03.061  2730  2730 E SDCardBrowser: SDCARD Browser constructor mounting vfat first
04-09 15:36:03.062  2691  2691 I sh      : btaudioplayer: not found
04-09 15:36:03.062  2730  2730 E SDCardBrowser: 3 GOTOP  Sytem return value = -1
04-09 15:36:03.062  2730  2730 E SDCardBrowser: mounting vfat failed, try ntfs, return value = -1
04-09 15:36:03.064  2730  2730 I ServiceManager: Waiting for service media.player...
04-09 15:36:03.083  2691  2691 I sh      : /dev/block/sd*: No such file or directory
04-09 15:36:04.045  2732  2741 I NetworkMonitor: Number of APs is 37
04-09 15:36:04.045  2732  2741 I NetworkMonitor: Number of APs with same essid 0
04-09 15:36:04.065  2730  2730 I ServiceManager: Waiting for service media.player...
04-09 15:36:04.139  2952  2952 I wac-main: main() defaultServiceManager 0xac6e5fa8 
04-09 15:36:04.141  2952  2952 I wac-main: Getinstance
04-09 15:36:04.142  2952  2952 I wac-main: WAC LUCI listener created
04-09 15:36:04.143  2952  2963 I wac-main: init_netlink_skt() Success Netlink socket fd 7
04-09 15:36:04.143  2952  2963 E wac-main: Enter poll and wait
04-09 15:36:04.146  2952  2952 E wac-main: send wac api : a5a0
04-09 15:36:04.146  2952  2952 I wac-main: OnStartup() WAC Triggered 'Success' after 1 attempt(s)
04-09 15:36:04.150  2952  2963 E wac-main: API event
04-09 15:36:04.150  2952  2963 E wac-main: msg : a5a0
04-09 15:36:04.150  2952  2963 E wac-main: msg : a5a0
04-09 15:36:04.151  2952  2963 E wac-main: Enter poll and wait
04-09 15:36:04.157  2952  2965 E wac-main: enter WACStartStopThread
04-09 15:36:04.165  2691  2691 I sh      : mkdir failed for misc, File exists
04-09 15:36:04.173  2952  2965 E wac-main: WACStartStopThread() event -> 'wacstart' is WACServer? UP -> 'No' 
04-09 15:36:04.190  2711  2711 I lucitransport: readRemoteMessage() MID char = 90 buffer = Lyric Speaker Box 21f384
04-09 15:36:04.193  2691  2691 I sh      : ***** START WEBSERVER ******
04-09 15:36:04.206  2691  2691 I sh      : threadLoop entry.... 
04-09 15:36:04.206  2691  2691 I sh      : WebServerManager::InitWebServerManager ++ 
04-09 15:36:04.207  2952  2965 E WACSERVER: ************************************************
04-09 15:36:04.207  2952  2965 E WACSERVER: PLATFORM ATTRIBUTES:
04-09 15:36:04.207  2952  2965 E WACSERVER:     NAME.........: Lyric Speaker Box 21f384
04-09 15:36:04.207  2952  2965 E WACSERVER:     MODEL........: LSB
04-09 15:36:04.207  2952  2965 E WACSERVER:     MANUFACTURER.: COTODAMA
04-09 15:36:04.207  2952  2965 E WACSERVER:     FW REV.......: p0000
04-09 15:36:04.207  2952  2965 E WACSERVER:     HW REV.......: LS10 VP1.0
04-09 15:36:04.207  2952  2965 E WACSERVER:     SERIAL NUMBER: cc909321f384
04-09 15:36:04.207  2952  2965 E WACSERVER:     UNCONFIGURED.: YES
04-09 15:36:04.207  2952  2965 E WACSERVER: PLATFORM FEATURES:
04-09 15:36:04.207  2952  2965 E WACSERVER:     AIRPLAY.....: YES
04-09 15:36:04.214  2952  2971 E wac-main: WACCallback() message 0 -> 'Initializing'
04-09 15:36:04.217  2691  2691 I sh      : WebServerManager::InitWebServerManager --
04-09 15:36:04.220  2711  2711 I lucitransport: writeRemoteMessage() MID = 143 buffer = 0
04-09 15:36:04.220  2711  2711 I luciUART: write() MID = 143  bytes = 11 data = 0 m_fd = 0x6
04-09 15:36:04.221  2711  2711 I lucitransport: writeLocalMessage() MID = 143 buffer = 0
04-09 15:36:04.222  2711  2720 E LUCI_SERVER: Luci Server Thread wait over MID 143....
04-09 15:36:04.222  2711  2720 E LUCI_SERVER: Luci Server Thread waiting for packets....
04-09 15:36:04.224  2952  2971 D WACSERVER: Advertising WAC SSID Lyric Speaker Box 21f384
04-09 15:36:04.235  2952  2963 D wac-main: Netlink event
04-09 15:36:04.235  2952  2963 E wac-main: Netlink event 20 Interface Index 7 
04-09 15:36:04.235  2952  2963 E wac-main: Enter poll and wait
04-09 15:36:04.235  2710  2722 I yani_kernel: yani_geteventfrom_changeaddr() Message-Id '1' Netlink event '20' Interface Index '7' -> Name 'p2p1' 
04-09 15:36:04.239  2732  2742 E CommandListener: Message not handled: unrecognized interface p2p1
04-09 15:36:04.239  2732  2742 W FrameworkListener: Handler 'Iface' error (Success)
04-09 15:36:04.247  2958  2972 E LibreConnect: 
04-09 15:36:04.247  2958  2972 E LibreConnect:  start /factory/custom/web YES, Its a DIR
04-09 15:36:04.260  2691  2691 I sh      : 
04-09 15:36:04.260  2691  2691 I sh      : 
04-09 15:36:04.260  2691  2691 I sh      : MAIN TO START SPOTIFY START
04-09 15:36:04.260  2691  2691 I sh      : 
04-09 15:36:04.260  2691  2691 I chatty  : uid=1005(log) /bin/logwrapper identical 1 line
04-09 15:36:04.260  2691  2691 I sh      : 
04-09 15:36:04.260  2691  2691 I sh      : MAIN TO START SPOTIFY END
04-09 15:36:04.260  2691  2691 I sh      : 
04-09 15:36:04.264  2959  2975 I otamanager: OTA: set OTA timer
04-09 15:36:04.268  2955  2955 I airplayluci: Getinstance
04-09 15:36:04.272  2955  2955 I airplayUI: supportedMetadataFlag gArtworkFlag 5 
04-09 15:36:04.272  2955  2955 W airplay-main: Airplay not launched WLAN 0 Ethernet 0
04-09 15:36:04.275  2956  2986 E SPOTIFY : Spotify initSpotifyLibrary 
04-09 15:36:04.279  2959  2975 I otamanager: Timer set for 14400 seconds
04-09 15:36:04.279  2959  2975 D otamanager: Thread created successfully
04-09 15:36:04.279  2959  2975 I otamanager: OTA Manager Initialization Complete!!!
04-09 15:36:04.280  2959  2975 I otamanager: OnStartupCheck() wlanstate 0  ethstate 0 m_IsFDR 1
04-09 15:36:04.280  2959  2975 I otamanager: CurrentFirmwareUpdateState: 'Idle' 
04-09 15:36:04.281  2691  2691 I sh      : Unable to chmod bluedroid/*: No such file or directory
04-09 15:36:04.293  2953  2953 E librecast: Starting Libre Cast process...
04-09 15:36:04.294  2953  2953 E librecast: librecast:189
04-09 15:36:04.298  2956  2986 E SPOTIFY : TLS Cert free resposne = 6 
04-09 15:36:04.298  2956  2986 E SPOTIFY : Certificate bundle Length= 200519 
04-09 15:36:04.311  2953  2953 E librecast: librecast:195
04-09 15:36:04.317  2953  2953 E librecast: librecast:217:GoogleCast NV set to 'true' so starting cast_installer service
04-09 15:36:04.328  2956  2986 E SPOTIFY : sCertificate = -----BEGIN CERTIFICATE-----
04-09 15:36:04.328  2956  2986 E SPOTIFY : MIIDrzCCApegAwIBAgIQCDvgVpBCRrGhdWrJWZHHSjANBgkqhkiG9w0BAQUFADBhMQswCQYDVQQG
04-09 15:36:04.328  2956  2986 E SPOTIFY : EwJVUzEVMBMGA1UEChMMRGlnaUNlcnQgSW5jMRkwFwYDVQQLExB3d3cuZGlnaWNlcnQuY29tMSAw
04-09 15:36:04.328  2956  2986 E SPOTIFY : HgYDVQQDExdEaWdpQ2VydCBHbG9iYWwgUm9vdCBDQTAeFw0wNjExMTAwMDAwMDBaFw0zMTExMTAw
04-09 15:36:04.328  2956  2986 E SPOTIFY : MDAwMDBaMGExCzAJBgNVBAYTAlVTMRUwEwYDVQQKEwxEaWdpQ2VydCBJbmMxGTAXBgNVBAsTEHd3
04-09 15:36:04.328  2956  2986 E SPOTIFY : dy5kaWdpY2VydC5jb20xIDAeBgNVBAMTF0RpZ2lDZXJ0IEdsb2JhbCBSb290IENBMIIBIjANBgkq
04-09 15:36:04.328  2956  2986 E SPOTIFY : hkiG9w0BAQEFAAOCAQ8AMIIBCgKCAQEA4jvhEXLeqKTTo1eqUKKPC3eQyaKl7hLOllsBCSDMAZOn
04-09 15:36:04.328  2956  2986 E SPOTIFY : TjC3U/dDxGkAV53ijSLdhwZAAIEJzs4bg7/fzTtxRuLWZscFs3YnFo97nh6Vfe63SKMI2tavegw5
04-09 15:36:04.328  2956  2986 E SPOTIFY : BmV/Sl0fvBf4q77uKNd0f3p4mVmFaG5cIzJLv07A6Fpt43C/dxC//AH2hdmoRBBYMql1GNXRor5H
04-09 15:36:04.328  2956  2986 E SPOTIFY : 4idq9Joz+EkIYIvUX7Q6hL+hqkpMfT7PT19sdl6gSzeRntwi5m3OFBqOasv+zbMUZBfHWymeMr/y
04-09 15:36:04.328  2956  2986 E SPOTIFY : 7vrTC0LUq7dBMtoM1O/4gdW7jVg/tRvoSSiicNoxBN33shbyTApOB6jtSj1etX+jkMOvJwIDAQAB
04-09 15:36:04.328  2956  2986 E SPOTIFY : o2MwYTAOBgNVHQ8BAf8EBAMCAYYwDwYDVR0TAQH/BAUwAwEB/zAdBgNVHQ4EFgQUA95QNVbRTLtm
04-09 15:36:04.328  2956  2986 E SPOTIFY : 8KPiGxvDl7I90VUwHwYDVR0jBBgwFoAUA95QNVbRTLtm8KPiGxvDl7I90VUwDQYJKoZIhvcNAQEF
04-09 15:36:04.328  2956  2986 E SPOTIFY : BQADggEBAMucN6pIExIK+t1EnE9SsPTfrgT1eXkIoyQY/EsrhMAtudXH/vTBH1jLuG2cenTnmCmr
04-09 15:36:04.328  2956  2986 E SPOTIFY : EbXjcKChzUyImZOMkXDiqw8cvpOp/2PV5Adg06O/nVsJ8dWO41P0jmP6P6fbtGbfYmbW0W5BjfIt
04-09 15:36:04.328  2956  2986 E SPOTIFY : tep3Sp+dWOIrWcBAI+0tKIJFPnlUkiaY4IBIqDfv8NZ5YBberOgOzW6sRBc4L0na4UU+Krk2U886
04-09 15:36:04.328  2956  2986 E SPOTIFY : UAb3LujEV0lsYSEY1QSteDwsOoBrp+uvFRTp2InBuThs4pFsiv9kuXclVzDAGySj4dzp30d8tbQk
04-09 15:36:04.328  2956  2986 E SPOTIFY : CAUw7C29C79Fv1C5qfPrmAESrciIxpg0X40KPMbp1ZWVbd4=
04-09 15:36:04.328  2956  2986 E SPOTIFY : -----END CERTIFICATE-----
04-09 15:36:04.328  2956  2986 E SPOTIFY : -----BEGIN CERTIFICATE-----
04-09 15:36:04.328  2956  2986 E SPOTIFY : MIIDtzCCAp+gAwIBAgIQDOfg5RfYRv6P5WD8G/AwOTANBgkqhkiG9w0BAQUFADBlMQswCQYDVQQG
04-09 15:36:04.328  2956  2986 E SPOTIFY : EwJVUzEVMBMGA1UEChMMRGlnaUNlcnQgSW5jMRkwFwYDVQQLExB3d3cuZGlnaWNlcnQuY29tMSQw
04-09 15:36:04.328  2956  2986 E SPOTIFY : IgYDVQQDExtEaWdpQ2VydCBBc3N1cmVkIElEIFJvb3QgQ0EwHhcNMDYxMTEwMDAwMDAwWhcNMzEx
04-09 15:36:04.328  2956  2986 E SPOTIFY : MTEwMDAwMDAwWjBlMQswCQYDVQQGEwJVUzEVMBMGA1UEChMMRGlnaUNlcnQgSW5jMRkwFwYDVQQL
04-09 15:36:04.328  2956  2986 E SPOTIFY : ExB3d3cuZGlnaWNlcnQuY29tMSQwIgYDVQQDExtEaWdpQ2VydCBBc3N1cmVkIElEIFJvb3QgQ0Ew
04-09 15:36:04.328  2956  2986 E SPOTIFY : ggEiMA0GCSqGSIb3DQEBAQUAA4IBDwAwggEKAoIBAQCtDhXO5EOAXLGH87dg+XESpa7cJpSIqvTO
04-09 15:36:04.328  2956  2986 E SPOTIFY : 9SA5KFhgDPiA2qkVlTJhPLWxKISKityfCgyDF3qPkKyK53lTXDGEKvYPmDI2dsze3Tyoou9q+yHy
04-09 15:36:04.328  2956  2986 E SPOTIFY : UmHfnyDXH+Kx2f4YZNISW1/5WBg1vEfNoTb5a3/UsDg+wRvDjDPZ2C8Y/igPs6eD1sNuRMBhNZYW
04-09 15:36:04.328  2956  2986 E SPOTIFY : /lmci3Zt1/GiSw0r/wty2p5g0I6QNcZ4VYcgoc/lbQrISXwxmDNsIumH0DJaoroTghHtORedmTpy
04-09 15:36:04.328  2956  2986 E SPOTIFY : oeb6pNnVFzF1roV9Iq4/AUaG9ih5yLHa5FcXxH4cDrC0kqZWs72yl+2qp/C3xag/lRbQ/6GW6whf
04-09 15:36:04.328  2956  2986 E SPOTIFY : GHdPAgMBAAGjYzBhMA4GA1UdDwEB/wQEAwIBhjAPBgNVHRMBAf8EBTADAQH/MB0GA1UdDgQWBBRF
04-09 15:36:04.328  2956  2986 E SPOTIFY : 66Kv9JLLgjEtUYunpyGd823IDzAfBgNVHSMEGDAWgBRF66Kv9JLLgjEtUYunpyGd823IDzANBgkq
04-09 15:36:04.328  2956  2986 E SPOTIFY : hkiG9w0BAQUFAAOCAQEAog683+Lt8ONyc3pklL/3cmbYMuRCdWKuh+vy1dneVrOfzM4UKLkNl2Bc
04-09 15:36:04.328  2956  2986 E SPOTIFY : EkxY5NM9g0lFWJc1aRqoR+pWxnmrEthngYTffwk8lOa4JiwgvT2zKIn3X/8i4peEH+ll74fg38Fn
04-09 15:36:04.328  2956  2986 E SPOTIFY : SbNd67IJKusm7Xi+fT8r87cmNW1fiQG2SVufAQWbqz0lwcy2f8Lxb4bG+mRo64EtlOtCt/qMHt1i
04-09 15:36:04.328  2956  2986 E SPOTIFY : 8b5QZ7dsvfPxH2sMNgcWfzd8qVttevESRmCD1ycEvkvOl77DZypoEd+A5wwzZr8TDRRu838fYxAe
04-09 15:36:04.328  2956  2986 E SPOTIFY : +o0bJW1sj6W3YQGx0qMmoRBxna3iw/nDmVG3KwcIzi7mULKn+gpFL6Lw8g==
04-09 15:36:04.328  2956  2986 E SPOTIFY : -----END CERTIFICATE-----
04-09 15:36:04.328  2956  2986 E SPOTIFY : -----BEGIN CERTIFICATE-----
04-09 15:36:04.328  2956  2986 E SPOTIFY : MIIDxTCCAq2gAwIBAgIQAqxcJmoLQJuPC3nyrkYldzANBgkqhkiG9w0BAQUFADBsMQswCQYDVQQG
04-09 15:36:04.328  2956  2986 E SPOTIFY : EwJVUzEVMBMGA1UEChMMRGlnaUNlcnQgSW5jMRkwFwYDVQQLExB3d3cuZGlnaWNlcnQuY29tMSsw
04-09 15:36:04.328  2956  2986 E SPOTIFY : KQYDVQQDEyJEaWdpQ2VydCBIaWdoIEFzc3VyYW5jZSBFViBSb290IENBMB4XDTA2MTExMDAwMDAw
04-09 15:36:04.328  2956  2986 E SPOTIFY : MFoXDTMxMTExMDAwMDAwMFowbDELMAkGA1UEBhMCVVMxFTATBgNVBAoTDERpZ2lDZXJ0IEluYzEZ
04-09 15:36:04.328  2956  2986 E SPOTIFY : MBcGA1UECxMQd3d3LmRpZ2ljZXJ0LmNvbTErMCkGA1UEAxMiRGlnaUNlcnQgSGlnaCBBc3N1cmFu
04-09 15:36:04.328  2956  2986 E SPOTIFY : Y2UgRVYgUm9vdCBDQTCCASIwDQYJKoZIhvcNAQEBBQADggEPADCCAQoCggEBAMbM5XPm+9S75S0t
04-09 15:36:04.328  2956  2986 E SPOTIFY : Mqbf5YE/yc0lSbZxKsPVlDRnogocsF9ppkCxxLeyj9CYpKlBWTrT3JTWPNt0OKRKzE0lgvdKpVMS
04-09 15:36:04.328  2956  2986 E SPOTIFY : OO7zSW1xkX5jtqumX8OkhPhPYlG++MXs2ziS4wblCJEMxChBVfvLWokVfnHoNb9Ncgk9vjo4UFt3
04-09 15:36:04.328  2956  2986 E SPOTIFY : MRuNs8ckRZqnrG0AFFoEt7oT61EKmEFBIk5lYYeBQVCmeVyJ3hlKV9Uu5l0cUyx+mM0aBhakaHPQ
04-09 15:36:04.328  2956  2986 E SPOTIFY : NAQTXKFx01p8VdteZOE3hzBWBOURtCmAEvF5OYiiAhF8J2a3iLd48soKqDirCmTCv2ZdlYTBoSUe
04-09 15:36:04.328  2956  2986 E SPOTIFY : h10aUAsgEsxBu24LUTi4S8sCAwEAAaNjMGEwDgYDVR0PAQH/BAQDAgGGMA8GA1UdEwEB/wQFMAMB
04-09 15:36:04.328  2956  2986 E SPOTIFY : Af8wHQYDVR0OBBYEFLE+w2kD+L9HAdSYJhoIAu9jZCvDMB8GA1UdIwQYMBaAFLE+w2kD+L9HAdSY
04-09 15:36:04.328  2956  2986 E SPOTIFY : JhoIAu9jZCvDMA0GCSqGSIb3DQEBBQUAA4IBAQAcGgaX3NecnzyIZgYIVyHbIUf4KmeqvxgydkAQ
04-09 15:36:04.328  2956  2986 E SPOTIFY : V8GK83rZEWWONfqe/EW1ntlMMUu4kehDLI6zeM7b41N5cdblIZQB2lWHmiRk9opmzN6cN82oNLFp
04-09 15:36:04.328  2956  2986 E SPOTIFY : myPInngiK3BD41VHMWEZ71jFhS9OMPagMRYjyOfiZRYzy78aG6A9+MpeizGLYAiJLQwGXFK3xPkK
04-09 15:36:04.328  2956  2986 E SPOTIFY : mNEVX58Svnw2Yzi9RKR/5CYrCsSXaQ3pjOLAEFe4yHYSkVXySGnYvCoCWw9E1CAx2/S6cCZdkGCe
04-09 15:36:04.328  2956  2986 E SPOTIFY : vEsXCS+0yx5DaMkHJ8HSXPfqIbloEpw8nL+e/IBcm2PN7E
04-09 15:36:04.329  2981  2981 I hostapd : IEEE 802.11: Steering disabled
04-09 15:36:04.359  2953  2953 I librecast: populateProperties ++
04-09 15:36:04.378  2952  2963 D wac-main: Netlink event
04-09 15:36:04.378  2952  2963 E wac-main: Netlink event 16 Interface Index 7 
04-09 15:36:04.378  2952  2963 E wac-main: Enter poll and wait
04-09 15:36:04.378  2710  2722 I yani_kernel: yani_geteventfrom_changeaddr() Message-Id '1' Netlink event '16' Interface Index '7' -> Name 'p2p1' 
04-09 15:36:04.380  2732  2742 E CommandListener: Message not handled: unrecognized interface p2p1
04-09 15:36:04.380  2732  2742 W FrameworkListener: Handler 'Iface' error (Success)
04-09 15:36:04.387  2981  2981 I hostapd : p2p1: IEEE 802.11 channel=6 mode=ht bw=20 htcaps=0x177f vhtcaps=0x0 cf_seg0=0 cf_seg1=0
04-09 15:36:04.409  2952  2963 D wac-main: Netlink event
04-09 15:36:04.409  2952  2963 E wac-main: Netlink event 16 Interface Index 5 
04-09 15:36:04.409  2952  2963 E wac-main: Enter poll and wait
04-09 15:36:04.409  2952  2963 D wac-main: Netlink event
04-09 15:36:04.409  2952  2963 E wac-main: Netlink event 16 Interface Index 5 
04-09 15:36:04.409  2952  2963 E wac-main: Enter poll and wait
04-09 15:36:04.415  2710  2722 I yani_kernel: yani_geteventfrom_changeaddr() Message-Id '1' Netlink event '16' Interface Index '5' -> Name 'wlan0' 
04-09 15:36:04.433  2997  2997 I sh      : Info: main(): Installing cast package from /data/chrome/cache/ota.zip to /chrome/ ...
04-09 15:36:04.434  2997  2997 I sh      : Error: main(): /data/chrome/cache/ota.zip doesn't exist
04-09 15:36:04.434  2997  2997 I sh      : Info: main(): Post-installation validation ...
04-09 15:36:04.434  2997  2997 I sh      : Info: PostInstall(): PostInstall validation
04-09 15:36:04.436  2952  2963 D wac-main: Netlink event
04-09 15:36:04.436  2952  2963 E wac-main: Netlink event 16 Interface Index 7 
04-09 15:36:04.436  2952  2963 E wac-main: Enter poll and wait
04-09 15:36:04.437  2732  2742 E CommandListener: Message not handled: unrecognized interface p2p1
04-09 15:36:04.437  2732  2742 W FrameworkListener: Handler 'Iface' error (Success)
04-09 15:36:04.448  2997  2997 I sh      : Info: PostInstall(): Verifying sha1sum for 176 files
04-09 15:36:04.454  2710  2722 I yani_server: NetLink Event '-1' Interface-Index '5' WLAN '-1' Ethernet '-1' Parsed-iFill '-1' -> 'INVALID' ifIndex '1' -> 'lo'
04-09 15:36:04.470  2710  2722 I yani_server: NetLink Event '-1' Interface-Index '5' WLAN '0' Ethernet '-1' Parsed-iFill '-1' -> 'INVALID' ifIndex '1' -> 'lo'
04-09 15:36:04.484  2710  2722 I yani_server: NetLink Event '-1' Interface-Index '5' WLAN '0' Ethernet '-1' Parsed-iFill '-1' -> 'INVALID' ifIndex '1' -> 'lo'
04-09 15:36:04.490  2953  2953 I librecast: BT MAC address cc:90:93:21:f3:85
04-09 15:36:04.491  2953  2953 I librecast: populateProperties --
04-09 15:36:04.492  2953  3024 I LibreCastControl: LibreCastControl_init() pCastLuciobj 0xab204198
04-09 15:36:04.493  2710  2722 I yani_server: NetLink Event '-1' Interface-Index '5' WLAN '0' Ethernet '-1' Parsed-iFill '-1' -> 'INVALID' ifIndex '1' -> 'lo'
04-09 15:36:04.522  2710  2722 I chatty  : uid=0(root) YaniServer identical 6 lines
04-09 15:36:04.542  2710  2722 I yani_server: NetLink Event '-1' Interface-Index '5' WLAN '0' Ethernet '-1' Parsed-iFill '-1' -> 'INVALID' ifIndex '1' -> 'lo'
04-09 15:36:04.543  2952  2971 E WACSERVER: Platform Software Access Point started
04-09 15:36:04.543  2952  2971 E WACSERVER: HTTPServer started
04-09 15:36:04.550  2952  2971 E WACBONJOUR: Lyric Speaker Box 21f384@_mfi-config._tcp:5000 registered successfully
04-09 15:36:04.550  2952  2971 E WACSERVER: Bonjour service registered with seed: 1
04-09 15:36:04.550  2952  2971 E wac-main: WACCallback() message 1 -> 'Ready'
04-09 15:36:04.550  2711  2711 I lucitransport: writeRemoteMessage() MID = 143 buffer = 1
04-09 15:36:04.550  2711  2711 I luciUART: write() MID = 143  bytes = 11 data = 1 m_fd = 0x6
04-09 15:36:04.550  2711  2718 I lucitransport: writeLocalMessage() MID = 143 buffer = 1
04-09 15:36:04.550  2711  2720 E LUCI_SERVER: Luci Server Thread wait over MID 143....
04-09 15:36:04.551  2711  2720 E LUCI_SERVER: Luci Server Thread waiting for packets....
04-09 15:36:04.566  2710  2722 I yani_server: NetLink Event '-1' Interface-Index '5' WLAN '0' Ethernet '-1' Parsed-iFill '-1' -> 'INVALID' ifIndex '1' -> 'lo'
04-09 15:36:04.580  3041  3041 I dnsmasq : started, version 2.51 DNS disabled
04-09 15:36:04.580  3041  3041 I dnsmasq : compile time options: no-IPv6 GNU-getopt no-DBus no-I18N DHCP no-scripts no-TFTP
04-09 15:36:04.580  3041  3041 I dnsmasq : DHCP, IP range 192.168.2.10 -- 192.168.2.20, lease time 12h
04-09 15:36:04.630  2710  2722 I chatty  : uid=0(root) YaniServer identical 3 lines
04-09 15:36:04.646  2710  2722 I yani_server: NetLink Event '-1' Interface-Index '5' WLAN '0' Ethernet '-1' Parsed-iFill '-1' -> 'INVALID' ifIndex '1' -> 'lo'
04-09 15:36:04.646  2710  2722 I yani_kernel: yani_geteventfrom_changeaddr() Message-Id '1' Netlink event '16' Interface Index '5' -> Name 'wlan0' 
04-09 15:36:04.678  2710  2722 I yani_kernel: yani_geteventfrom_changeaddr() Message-Id '1' Netlink event '16' Interface Index '7' -> Name 'p2p1' 
04-09 15:36:04.790  2956  2986 E SPOTIFY : TLS Cert Add response = 0  iErr = 0 
04-09 15:36:04.791  2956  2986 E SPOTIFY : Spotify init config 
04-09 15:36:04.791  2956  2986 E SPOTIFY : Spotify single Sp client key 
04-09 15:36:04.792  2956  2986 E SPOTIFY : SpotifyClentId = a6f3d52313b843f8a78af56829cf1726 
04-09 15:36:04.792  2956  2986 E SPOTIFY : wifiMacID = cc:90:93:21:f3:84 
04-09 15:36:04.792  2956  2986 E SPOTIFY : sMACAddr = cc909321f384
04-09 15:36:04.792  2956  2986 E SPOTIFY : wifiMacID  = cc909321f384
04-09 15:36:04.794  2956  2986 E SPOTIFY : FriendlyName = Lyric Speaker Box 21f384 
04-09 15:36:04.794  2956  2986 E SPOTIFY : Spotify FriendlyName = Lyric Speaker Box 21f384
04-09 15:36:04.794  2956  2986 E SPOTIFY : Spotify Device Name = Lyric Speaker Box 21f384
04-09 15:36:04.796  2956  2986 E SPOTIFY : Model name read success 
04-09 15:36:04.797  2956  2986 E SPOTIFY : Spotify Model Truncated = LSB
04-09 15:36:04.799  2956  2986 E SPOTIFY : Manufacturer name read success 
04-09 15:36:04.799  2956  2986 E SPOTIFY : Spotify Manufacturer = COTODAMA
04-09 15:36:04.800  2956  2986 E SPOTIFY : iProductID = 1 
04-09 15:36:04.802  2956  2986 E SPOTIFY : config.display_name = Lyric Speaker Box 21f384 
04-09 15:36:04.802  2956  2986 E SPOTIFY : config.brand_name = COTODAMA 
04-09 15:36:04.802  2956  2986 E SPOTIFY : config.model_display_name = LSB 
04-09 15:36:04.802  2956  2986 E SPOTIFY : config.brand_display_name = COTODAMA 
04-09 15:36:04.802  2956  2986 E SPOTIFY : config.product_id = 1 
04-09 15:36:04.802  2956  2986 E SPOTIFY : config.client_id = a6f3d52313b843f8a78af56829cf1726 
04-09 15:36:04.805  2958  2972 E LibreConnect: Version eng.C4A.1203
04-09 15:36:04.806  2958  2972 E LibreConnect: Fwdata with only LIBRE Version  eng.C4A.1203
04-09 15:36:04.809  2956  2986 E SPOTIFY : config.unique_id = cc909321f384 
04-09 15:36:04.824  2958  2972 E LibreConnect: ENVitems Writing Failed!!!
04-09 15:36:04.833  2958  2972 E LibreConnect: ENVitems Writing Failed!!!
04-09 15:36:04.871  2956  2986 E SPOTIFY : Spotify startSpotifyLogin 
04-09 15:36:04.872  2956  2986 E SPOTIFY : Spotify Username = 0
04-09 15:36:04.872  2956  2986 E SPOTIFY : Spotify first start 
04-09 15:36:04.873  2956  3062 E SPOTIFY : audio_thread_main : wait for  isActiveSource and isPlayingSource
04-09 15:36:04.873  2956  2986 E SPOTIFY : Spotify application main while loop 
04-09 15:36:04.886  2956  3063 E SPOTIFY : Timer Sem Wait Start
04-09 15:36:04.907  2997  2997 I sh      : Info: PostInstall(): Verified: 905cfaa824f1c8aef643b8b1bfe806b03078dd84 assets/cast_shell.pak
04-09 15:36:04.938  2997  2997 I sh      : Info: PostInstall(): Verified: 4d8dc2d84f68d888210fc81e4165c2826addefba cast_cli
04-09 15:36:05.065  2730  2730 I ServiceManager: Waiting for service media.player...
04-09 15:36:05.650  2732  2742 E CommandListener: Message not handled: unrecognized interface p2p1
04-09 15:36:05.650  2732  2742 W FrameworkListener: Handler 'Iface' error (Success)
04-09 15:36:06.066  2730  2730 I chatty  : uid=0(root) UIframework identical 1 line
04-09 15:36:07.066  2730  2730 I ServiceManager: Waiting for service media.player...
04-09 15:36:08.088  2691  2691 I sh      : mkdir failed for /lsync/images, File exists
04-09 15:36:08.090  2730  2730 E USBbrowser: USBBrowser UIcount cne read err...
04-09 15:36:08.090  2730  2730 E USBbrowser: USB Browser m_displaySize = 150 
04-09 15:36:08.091  2730  2730 I AirableBrowser: AirableBrowser Contructor
04-09 15:36:08.093  2730  2730 E AirableBrowser:  Airable ENV_AirableBaseURL_ID Envitem returned failed!!!
04-09 15:36:08.094  2730  2730 E AirableBrowser:  Airable ENV_AirableSecret_ID Envitem returned failed!!!
04-09 15:36:08.094  2730  2730 E AirableBrowser: Airable Base URL = 
04-09 15:36:08.094  2730  2730 E AirableBrowser: Secret =  
04-09 15:36:08.094  2730  2730 E AirableBrowser: AirableBrowser UIcount env read err...
04-09 15:36:08.095  2730  2730 E AirableBrowser:  Airable ENV_SoundQuality_ID Envitem returned failed!!!
04-09 15:36:08.095  2730  2730 I BrowseModeControl: BrowseModeControl::switchBrowser browser - BROWSER_HOME 
04-09 15:36:08.095  2730  2730 E DefaultBrowser: m_ItemsCount = 7 
04-09 15:36:08.095  2730  2730 I DefaultBrowser: DefaultBrowser::updateViewData ++
04-09 15:36:08.095  2730  2730 E DefaultBrowser: Item No = 0 Name -  MEDIA SERVERS 
04-09 15:36:08.095  2730  2730 E DefaultBrowser: Item No = 1 Name -  VTUNER 
04-09 15:36:08.095  2730  2730 E DefaultBrowser: Item No = 2 Name -  USB 
04-09 15:36:08.096  2730  2730 E PlayListManager: playlistManager const 
04-09 15:36:08.097  2730  2730 E PlayListManager: Envitem returned failed!!!
04-09 15:36:08.097  2730  2730 E PlayListManager: sdIndex = ¨ÿ len = 2
04-09 15:36:08.119  2691  2691 I sh      : mkdir failed for /media/sdb/.Libre, No such file or directory
04-09 15:36:08.124  2730  2730 E PlayListManager: a<--ENV DEBUG : dev_current: 0 fd : 6  PLAYLIST_SECT_SIZE : 0x10000,DEVOFFSET (dev_current) : 0x0, mtdinfo.type : 4
04-09 15:36:08.124  2730  2730 E PlayListManager: a<-- ONETOUCH sect read completed : UBI#
04-09 15:36:08.124  2730  2730 E PlayListManager: a<--No vaild ONETOUCH sect found
04-09 15:36:08.125  2730  2730 E PlayListManager: ENV Update : erase.start : 0 erase.length : 65536
04-09 15:36:08.125  2730  2730 E PlayListManager: ENV Flash : MEMUNLOCK : -1
04-09 15:36:08.125  2730  2730 E PlayListManager: ENV Flash erase failed 
04-09 15:36:08.125  2691  2691 I sh      : Write error on /dev/mtd/mtd6: Invalid argument
04-09 15:36:08.125  2730  2730 E PlayListManager: a<---Writing tunein part environment at 0x0 buffsize 8,buffeaddrr=FFA85650
04-09 15:36:08.125  2730  2730 E PlayListManager: a<--blockstart=85df7a00,block_seek=0
04-09 15:36:08.126  2691  2691 I sh      : Write error on /dev/mtd/mtd6: Invalid argument
04-09 15:36:08.126  2730  2730 E PlayListManager: a<--plistHeadersize=6
04-09 15:36:08.126  2730  2730 E PlayListManager: a<--plistSt->validity=0x0
04-09 15:36:08.126  2730  2730 I chatty  : uid=0(root) UIframework identical 2 lines
04-09 15:36:08.126  2730  2730 E PlayListManager: a<--plistSt->validity=0x0
04-09 15:36:08.126  2730  2730 E PlayListManager: a<--plistSt->validity=0xFF
04-09 15:36:08.126  2730  2730 E PlayListManager: a<--FRee Loc detected=0x4CB7
04-09 15:36:08.126  2730  2730 E PlayListManager: a<--importToFlash curValidLocOffset=0,nxtFreeLocOffset=4CB7
04-09 15:36:08.127  2730  2730 I UIModeManager: Before ChangeModeControl CurrentMode - INVALID MODE (Something Extremely Wrong)!! NewMode - BrowseMode object - (nil)
04-09 15:36:08.127  2730  2730 I UIModeManager: After ChangeModeControl CurrentMode - BrowseMode NewMode - BrowseMode object - 0xad0dc830
04-09 15:36:08.127  2730  2730 I BrowseModeControl: BrowseModeControl::activate() 
04-09 15:36:08.128  2730  2730 E ViewCtrl: switchView PreventUIUpdate - FALSE CurrentView - PlayView NewView - BrowseView
04-09 15:36:08.128  2730  2730 E ViewCtrl: Draw View CurrentView - BrowseView NewView - BrowseView
04-09 15:36:08.136  2730  2730 E BrowseView: Name = MEDIA SERVERS 
04-09 15:36:08.136  2730  2730 E BrowseView: Name = VTUNER 
04-09 15:36:08.136  2730  2730 E BrowseView: Name = USB 
04-09 15:36:08.136  2730  2730 E BrowseView: Name = SDCARD 
04-09 15:36:08.136  2730  2730 E BrowseView: Name = TIDAL 
04-09 15:36:08.136  2730  2730 E BrowseView: Name = AIRABLE 
04-09 15:36:08.136  2730  2730 E BrowseView: Name = FAVORITES 
04-09 15:36:08.139  2730  2730 E BrowseView: DrawView() json size - 539 data - {"CMD ID":1,"Title":"BrowseView","Window CONTENTS":{"Browser":"HOME","CurrentPath":"","Index":0,"Item Count":7,"ItemList":[{"Fav":0,"Item ID":0,"ItemType":"Folder","Name":"MEDIA SERVERS"},{"Fav":0,"Item ID":1,"ItemType":"Folder","Name":"VTUNER"},{"Fav":0,"Item ID":2,"ItemType":"Folder","Name":"USB"},{"Fav":0,"Item ID":3,"ItemType":"Folder","Name":"SDCARD"},{"Fav":0,"Item ID":4,"ItemType":"Folder","Name":"TIDAL"},{"Fav":0,"Item ID":5,"ItemType":"Folder","Name":"AIRABLE"},{"Fav":0,"Item ID":6,"ItemType":"Folder","Name":"FAVORITES"}]}}
04-09 15:36:08.139  2730  2730 E BrowseView:  
04-09 15:36:08.139  2711  2718 I lucitransport: writeRemoteMessage() MID = 42 buffer = {"CMD ID":1,"Title":"BrowseView","Window CONTENTS":{"Browser":"HOME","CurrentPath":"","Index":0,"Item Count":7,"ItemList":[{"Fav":0,"Item ID":0,"ItemType":"Folder","Name":"MEDIA SERVERS"},{"Fav":0,"Item ID":1,"ItemType":"Folder","Name":"VTUNER"},{"Fav":0,"Item ID":2,"ItemType":"Folder","Name":"USB"},{"Fav":0,"Item ID":3,"ItemType":"Folder","Name":"SDCARD"},{"Fav":0,"Item ID":4,"ItemType":"Folder","Name":"TIDAL"},{"Fav":0,"Item ID":5,"ItemType":"Folder","Name":"AIRABLE"},{"Fav":0,"Item ID":6,"ItemType":"Folder","Name":"FAVORITES"}]}}
04-09 15:36:08.139  2711  2718 I luciUART: write() MID = 42  bytes = 549 data = {"CMD ID":1,"Title":"BrowseView","Window CONTENTS":{"Browser":"HOME","CurrentPath":"","Index":0,"Item Count":7,"ItemList":[{"Fav":0,"Item ID":0,"ItemType":"Folder","Name":"MEDIA SERVERS"},{"Fav":0,"Item ID":1,"ItemType":"Folder","Name":"VTUNER"},{"Fav":0,"Item ID":2,"ItemType":"Folder","Name":"USB"},{"Fav":0,"Item ID":3,"ItemType":"Folder","Name":"SDCARD"},{"Fav":0,"Item ID":4,"ItemType":"Folder","Name":"TIDAL"},{"Fav":0,"Item ID":5,"ItemType":"Folder","Name":"AIRABLE"},{"Fav":0,"Item ID":6,"ItemType":"Folder","Name":"FAVORITES"}]}}
04-09 15:36:08.139  2711  2718 I luciUART:  m_fd = 0x6
04-09 15:36:08.140  2730  2730 E UIModeManager: UIModeManager Constructor --
04-09 15:36:08.140  2730  2730 I UIFRAMEWORK: UIModeManager created 
04-09 15:36:09.023  2997  2997 I sh      : Info: PostInstall(): Verified: e821ba590efe93be93563422343dddc517f7dcef cast_shell
04-09 15:36:09.024  2997  2997 I sh      : Info: PostInstall(): Verified: dbd7236e1d919ddf44e169d15eedaad2c6a9c560 chrome-sandbox
04-09 15:36:09.027  2997  2997 I sh      : Info: PostInstall(): Verified: 1d429151b1209001eed83ece10a95c768b4cdffe chromecast_locales/am.pak
04-09 15:36:09.030  2997  2997 I sh      : Info: PostInstall(): Verified: 5c90a221ad4f9f58d88b412c1c9de9f20308dd1c chromecast_locales/am.pak.info
04-09 15:36:09.033  2997  2997 I sh      : Info: PostInstall(): Verified: 6d2dd4dfd7e825228dd054cd2db0f001bb19abda chromecast_locales/ar.pak
04-09 15:36:09.035  2997  2997 I sh      : Info: PostInstall(): Verified: 5c90a221ad4f9f58d88b412c1c9de9f20308dd1c chromecast_locales/ar.pak.info
04-09 15:36:09.037  2997  2997 I sh      : Info: PostInstall(): Verified: bdbce9d107f07381a8609c003fc2c3f20ead014a chromecast_locales/bg.pak
04-09 15:36:09.040  2997  2997 I sh      : Info: PostInstall(): Verified: 5c90a221ad4f9f58d88b412c1c9de9f20308dd1c chromecast_locales/bg.pak.info
04-09 15:36:09.042  2997  2997 I sh      : Info: PostInstall(): Verified: 23257302b687b276523234a9f0996762a2e03e37 chromecast_locales/bn.pak
04-09 15:36:09.044  2997  2997 I sh      : Info: PostInstall(): Verified: 5c90a221ad4f9f58d88b412c1c9de9f20308dd1c chromecast_locales/bn.pak.info
04-09 15:36:09.046  2997  2997 I sh      : Info: PostInstall(): Verified: 2c79f962fd6f235c5931b07327c1451087ccd1f0 chromecast_locales/ca.pak
04-09 15:36:09.048  2997  2997 I sh      : Info: PostInstall(): Verified: 5c90a221ad4f9f58d88b412c1c9de9f20308dd1c chromecast_locales/ca.pak.info
04-09 15:36:09.049  2997  2997 I sh      : Info: PostInstall(): Verified: 62d807820351d1eadd1e2c8016e22c712aec9a28 chromecast_locales/cs.pak
04-09 15:36:09.051  2997  2997 I sh      : Info: PostInstall(): Verified: 5c90a221ad4f9f58d88b412c1c9de9f20308dd1c chromecast_locales/cs.pak.info
04-09 15:36:09.053  2997  2997 I sh      : Info: PostInstall(): Verified: 7e9e74e07c81013c1324756250d0417131241b9b chromecast_locales/da.pak
04-09 15:36:09.056  2997  2997 I sh      : Info: PostInstall(): Verified: 5c90a221ad4f9f58d88b412c1c9de9f20308dd1c chromecast_locales/da.pak.info
04-09 15:36:09.057  2997  2997 I sh      : Info: PostInstall(): Verified: 429325494ae57853dcc33db4105f432edf7dcd55 chromecast_locales/de.pak
04-09 15:36:09.058  2997  2997 I sh      : Info: PostInstall(): Verified: 5c90a221ad4f9f58d88b412c1c9de9f20308dd1c chromecast_locales/de.pak.info
04-09 15:36:09.060  2997  2997 I sh      : Info: PostInstall(): Verified: 8c577874ec2e1532c473233de76ea09cc19b5c84 chromecast_locales/el.pak
04-09 15:36:09.062  2997  2997 I sh      : Info: PostInstall(): Verified: 5c90a221ad4f9f58d88b412c1c9de9f20308dd1c chromecast_locales/el.pak.info
04-09 15:36:09.064  2997  2997 I sh      : Info: PostInstall(): Verified: ba12d503fd87c5b1c0e341857ec8a1bc5e83f8b7 chromecast_locales/en-GB.pak
04-09 15:36:09.065  2997  2997 I sh      : Info: PostInstall(): Verified: 5c90a221ad4f9f58d88b412c1c9de9f20308dd1c chromecast_locales/en-GB.pak.info
04-09 15:36:09.066  2997  2997 I sh      : Info: PostInstall(): Verified: 700d7197595126ed117eb453c0bdc00fd9db2e18 chromecast_locales/en-US.pak
04-09 15:36:09.067  2997  2997 I sh      : Info: PostInstall(): Verified: 5c90a221ad4f9f58d88b412c1c9de9f20308dd1c chromecast_locales/en-US.pak.info
04-09 15:36:09.069  2997  2997 I sh      : Info: PostInstall(): Verified: 809aa5df09dc1c592a70b3509b61568d2c2cc841 chromecast_locales/es-419.pak
04-09 15:36:09.071  2997  2997 I sh      : Info: PostInstall(): Verified: 5c90a221ad4f9f58d88b412c1c9de9f20308dd1c chromecast_locales/es-419.pak.info
04-09 15:36:09.072  2997  2997 I sh      : Info: PostInstall(): Verified: 0ee2c7a9602547946aa26785d4837b86debdfa4b chromecast_locales/es.pak
04-09 15:36:09.074  2997  2997 I sh      : Info: PostInstall(): Verified: 5c90a221ad4f9f58d88b412c1c9de9f20308dd1c chromecast_locales/es.pak.info
04-09 15:36:09.075  2997  2997 I sh      : Info: PostInstall(): Verified: 001933e65f51cd2f33b5ad73a5a4a95238544cbc chromecast_locales/et.pak
04-09 15:36:09.076  2997  2997 I sh      : Info: PostInstall(): Verified: 5c90a221ad4f9f58d88b412c1c9de9f20308dd1c chromecast_locales/et.pak.info
04-09 15:36:09.078  2997  2997 I sh      : Info: PostInstall(): Verified: 348c88cd3303d4b4a648f1a2720fc2380505f190 chromecast_locales/fa.pak
04-09 15:36:09.079  2997  2997 I sh      : Info: PostInstall(): Verified: 5c90a221ad4f9f58d88b412c1c9de9f20308dd1c chromecast_locales/fa.pak.info
04-09 15:36:09.080  2997  2997 I sh      : Info: PostInstall(): Verified: 81360c75e76e7038494058c0a5108c443f552646 chromecast_locales/fi.pak
04-09 15:36:09.082  2997  2997 I sh      : Info: PostInstall(): Verified: 5c90a221ad4f9f58d88b412c1c9de9f20308dd1c chromecast_locales/fi.pak.info
04-09 15:36:09.083  2997  2997 I sh      : Info: PostInstall(): Verified: 03957508253e5766a81dd620988ef6c3ae9e3a7d chromecast_locales/fil.pak
04-09 15:36:09.085  2997  2997 I sh      : Info: PostInstall(): Verified: 5c90a221ad4f9f58d88b412c1c9de9f20308dd1c chromecast_locales/fil.pak.info
04-09 15:36:09.087  2997  2997 I sh      : Info: PostInstall(): Verified: 3756083a6c746d41a2a14c57edc86928162f8de9 chromecast_locales/fr.pak
04-09 15:36:09.088  2997  2997 I sh      : Info: PostInstall(): Verified: 5c90a221ad4f9f58d88b412c1c9de9f20308dd1c chromecast_locales/fr.pak.info
04-09 15:36:09.090  2997  2997 I sh      : Info: PostInstall(): Verified: 9c7d9789e8c4bc3935a8ce8e5a43deb8be76c83d chromecast_locales/gu.pak
04-09 15:36:09.091  2997  2997 I sh      : Info: PostInstall(): Verified: 5c90a221ad4f9f58d88b412c1c9de9f20308dd1c chromecast_locales/gu.pak.info
04-09 15:36:09.093  2997  2997 I sh      : Info: PostInstall(): Verified: 02e057f0a4a4d971618f5f3339ee7c7b9143d82a chromecast_locales/he.pak
04-09 15:36:09.094  2997  2997 I sh      : Info: PostInstall(): Verified: 5c90a221ad4f9f58d88b412c1c9de9f20308dd1c chromecast_locales/he.pak.info
04-09 15:36:09.096  2997  2997 I sh      : Info: PostInstall(): Verified: 2da9cb67a90a9fe721c82943b64e1f5a71647474 chromecast_locales/hi.pak
04-09 15:36:09.098  2997  2997 I sh      : Info: PostInstall(): Verified: 5c90a221ad4f9f58d88b412c1c9de9f20308dd1c chromecast_locales/hi.pak.info
04-09 15:36:09.099  2997  2997 I sh      : Info: PostInstall(): Verified: af9710191e38458ab30e96505ff783400ca74004 chromecast_locales/hr.pak
04-09 15:36:09.100  2997  2997 I sh      : Info: PostInstall(): Verified: 5c90a221ad4f9f58d88b412c1c9de9f20308dd1c chromecast_locales/hr.pak.info
04-09 15:36:09.102  2997  2997 I sh      : Info: PostInstall(): Verified: 807b5cc9f5242e034ca07e7b0dd649de74f481ff chromecast_locales/hu.pak
04-09 15:36:09.103  2997  2997 I sh      : Info: PostInstall(): Verified: 5c90a221ad4f9f58d88b412c1c9de9f20308dd1c chromecast_locales/hu.pak.info
04-09 15:36:09.105  2997  2997 I sh      : Info: PostInstall(): Verified: d2ac31a94263bc83ebcfe23bbfd792d30413676d chromecast_locales/id.pak
04-09 15:36:09.106  2997  2997 I sh      : Info: PostInstall(): Verified: 5c90a221ad4f9f58d88b412c1c9de9f20308dd1c chromecast_locales/id.pak.info
04-09 15:36:09.107  2997  2997 I sh      : Info: PostInstall(): Verified: 29ebeaa7ae37d910c0af59abbff49ba92eb9950c chromecast_locales/it.pak
04-09 15:36:09.109  2997  2997 I sh      : Info: PostInstall(): Verified: 5c90a221ad4f9f58d88b412c1c9de9f20308dd1c chromecast_locales/it.pak.info
04-09 15:36:09.110  2997  2997 I sh      : Info: PostInstall(): Verified: a675d067145e48a816160631bcc74c5e9f7a20cb chromecast_locales/ja.pak
04-09 15:36:09.112  2997  2997 I sh      : Info: PostInstall(): Verified: 5c90a221ad4f9f58d88b412c1c9de9f20308dd1c chromecast_locales/ja.pak.info
04-09 15:36:09.114  2997  2997 I sh      : Info: PostInstall(): Verified: 9f6172b557699a0e7dee341bc491e3c64fca7681 chromecast_locales/kn.pak
04-09 15:36:09.115  2997  2997 I sh      : Info: PostInstall(): Verified: 5c90a221ad4f9f58d88b412c1c9de9f20308dd1c chromecast_locales/kn.pak.info
04-09 15:36:09.116  2997  2997 I sh      : Info: PostInstall(): Verified: 43d635b70dace1118f49a1a6a1246130dbc0f424 chromecast_locales/ko.pak
04-09 15:36:09.117  2997  2997 I sh      : Info: PostInstall(): Verified: 5c90a221ad4f9f58d88b412c1c9de9f20308dd1c chromecast_locales/ko.pak.info
04-09 15:36:09.119  2997  2997 I sh      : Info: PostInstall(): Verified: 2b810f10e6d899febb1347942de9d59793361b8d chromecast_locales/lt.pak
04-09 15:36:09.120  2997  2997 I sh      : Info: PostInstall(): Verified: 5c90a221ad4f9f58d88b412c1c9de9f20308dd1c chromecast_locales/lt.pak.info
04-09 15:36:09.121  2997  2997 I sh      : Info: PostInstall(): Verified: d005a24e64e2fc1c330bd390cf3a9cc7375fd4c3 chromecast_locales/lv.pak
04-09 15:36:09.122  2997  2997 I sh      : Info: PostInstall(): Verified: 5c90a221ad4f9f58d88b412c1c9de9f20308dd1c chromecast_locales/lv.pak.info
04-09 15:36:09.124  2997  2997 I sh      : Info: PostInstall(): Verified: 933c6fcf10c24b7a802099345e3ff9aa9a234bae chromecast_locales/ml.pak
04-09 15:36:09.125  2997  2997 I sh      : Info: PostInstall(): Verified: 5c90a221ad4f9f58d88b412c1c9de9f20308dd1c chromecast_locales/ml.pak.info
04-09 15:36:09.127  2997  2997 I sh      : Info: PostInstall(): Verified: aaa3b9f6457cc055d8b1581d2609380036b5f241 chromecast_locales/mr.pak
04-09 15:36:09.128  2997  2997 I sh      : Info: PostInstall(): Verified: 5c90a221ad4f9f58d88b412c1c9de9f20308dd1c chromecast_locales/mr.pak.info
04-09 15:36:09.129  2997  2997 I sh      : Info: PostInstall(): Verified: 9bae2c78d20c5f4c6194c930c470d7beebf7bb27 chromecast_locales/ms.pak
04-09 15:36:09.130  2997  2997 I sh      : Info: PostInstall(): Verified: 5c90a221ad4f9f58d88b412c1c9de9f20308dd1c chromecast_locales/ms.pak.info
04-09 15:36:09.131  2997  2997 I sh      : Info: PostInstall(): Verified: d75e93bbf3e16645b24e58b9423c90c5ed13f196 chromecast_locales/nb.pak
04-09 15:36:09.132  2997  2997 I sh      : Info: PostInstall(): Verified: 5c90a221ad4f9f58d88b412c1c9de9f20308dd1c chromecast_locales/nb.pak.info
04-09 15:36:09.133  2997  2997 I sh      : Info: PostInstall(): Verified: 04e32db87548cf3d8e105afbd26638832c0b11ab chromecast_locales/nl.pak
04-09 15:36:09.135  2997  2997 I sh      : Info: PostInstall(): Verified: 5c90a221ad4f9f58d88b412c1c9de9f20308dd1c chromecast_locales/nl.pak.info
04-09 15:36:09.136  2997  2997 I sh      : Info: PostInstall(): Verified: 7f04e88bb276537d5e4a774a7619717e08404b13 chromecast_locales/pl.pak
04-09 15:36:09.137  2997  2997 I sh      : Info: PostInstall(): Verified: 5c90a221ad4f9f58d88b412c1c9de9f20308dd1c chromecast_locales/pl.pak.info
04-09 15:36:09.141  2997  2997 I sh      : Info: PostInstall(): Verified: 2c3064f6d100b3dfbb7adeac77531bacfbc132b4 chromecast_locales/pt-BR.pak
04-09 15:36:09.141  2997  2997 I sh      : Info: PostInstall(): Verified: 5c90a221ad4f9f58d88b412c1c9de9f20308dd1c chromecast_locales/pt-BR.pak.info
04-09 15:36:09.141  2997  2997 I sh      : Info: PostInstall(): Verified: 86ffac070ac268f2447750370ff23c205b4af94e chromecast_locales/pt-PT.pak
04-09 15:36:09.142  2997  2997 I sh      : Info: PostInstall(): Verified: 5c90a221ad4f9f58d88b412c1c9de9f20308dd1c chromecast_locales/pt-PT.pak.info
04-09 15:36:09.144  2997  2997 I sh      : Info: PostInstall(): Verified: 09d13b1467b818abbd615ab1b53044d0894745dc chromecast_locales/ro.pak
04-09 15:36:09.145  2997  2997 I sh      : Info: PostInstall(): Verified: 5c90a221ad4f9f58d88b412c1c9de9f20308dd1c chromecast_locales/ro.pak.info
04-09 15:36:09.147  2997  2997 I sh      : Info: PostInstall(): Verified: 816c45d9d6e3f41cfc1559a1d22682c8fe25f035 chromecast_locales/ru.pak
04-09 15:36:09.148  2997  2997 I sh      : Info: PostInstall(): Verified: 5c90a221ad4f9f58d88b412c1c9de9f20308dd1c chromecast_locales/ru.pak.info
04-09 15:36:09.150  2997  2997 I sh      : Info: PostInstall(): Verified: ffbca09992bac11f6083cbe497ac13f83a12820d chromecast_locales/sk.pak
04-09 15:36:09.152  2997  2997 I sh      : Info: PostInstall(): Verified: 5c90a221ad4f9f58d88b412c1c9de9f20308dd1c chromecast_locales/sk.pak.info
04-09 15:36:09.153  2997  2997 I sh      : Info: PostInstall(): Verified: 2eba9c0f5b99b883b20060f9106b13e28aa882a0 chromecast_locales/sl.pak
04-09 15:36:09.155  2997  2997 I sh      : Info: PostInstall(): Verified: 5c90a221ad4f9f58d88b412c1c9de9f20308dd1c chromecast_locales/sl.pak.info
04-09 15:36:09.156  2997  2997 I sh      : Info: PostInstall(): Verified: 9eb52dc8570df24a7207b91e0f49001d0a14fa56 chromecast_locales/sr.pak
04-09 15:36:09.157  2997  2997 I sh      : Info: PostInstall(): Verified: 5c90a221ad4f9f58d88b412c1c9de9f20308dd1c chromecast_locales/sr.pak.info
04-09 15:36:09.158  2997  2997 I sh      : Info: PostInstall(): Verified: 024d699cb1d0b2c98a08183352b0d64bcd1e6816 chromecast_locales/sv.pak
04-09 15:36:09.159  2997  2997 I sh      : Info: PostInstall(): Verified: 5c90a221ad4f9f58d88b412c1c9de9f20308dd1c chromecast_locales/sv.pak.info
04-09 15:36:09.160  2997  2997 I sh      : Info: PostInstall(): Verified: 07f7863fdc4b5f5b7c52ecfbfaa0dd62859bcc01 chromecast_locales/sw.pak
04-09 15:36:09.162  2997  2997 I sh      : Info: PostInstall(): Verified: 5c90a221ad4f9f58d88b412c1c9de9f20308dd1c chromecast_locales/sw.pak.info
04-09 15:36:09.163  2997  2997 I sh      : Info: PostInstall(): Verified: ede467de7669871964a808a71d7e370957473e07 chromecast_locales/ta.pak
04-09 15:36:09.165  2997  2997 I sh      : Info: PostInstall(): Verified: 5c90a221ad4f9f58d88b412c1c9de9f20308dd1c chromecast_locales/ta.pak.info
04-09 15:36:09.166  2997  2997 I sh      : Info: PostInstall(): Verified: 2ada79a5c1355451488e13004262885da2261dee chromecast_locales/te.pak
04-09 15:36:09.167  2997  2997 I sh      : Info: PostInstall(): Verified: 5c90a221ad4f9f58d88b412c1c9de9f20308dd1c chromecast_locales/te.pak.info
04-09 15:36:09.168  2997  2997 I sh      : Info: PostInstall(): Verified: a8de633c4bb25e07c2d1857207e75231c6bc96ca chromecast_locales/th.pak
04-09 15:36:09.169  2997  2997 I sh      : Info: PostInstall(): Verified: 5c90a221ad4f9f58d88b412c1c9de9f20308dd1c chromecast_locales/th.pak.info
04-09 15:36:09.171  2997  2997 I sh      : Info: PostInstall(): Verified: 8327166c63d997e0e9b1d4f2bb8e6cc6931da478 chromecast_locales/tr.pak
04-09 15:36:09.172  2997  2997 I sh      : Info: PostInstall(): Verified: 5c90a221ad4f9f58d88b412c1c9de9f20308dd1c chromecast_locales/tr.pak.info
04-09 15:36:09.173  2997  2997 I sh      : Info: PostInstall(): Verified: 7f7a5e75753577eee4d21f334915ab23e369a1b4 chromecast_locales/uk.pak
04-09 15:36:09.174  2997  2997 I sh      : Info: PostInstall(): Verified: 5c90a221ad4f9f58d88b412c1c9de9f20308dd1c chromecast_locales/uk.pak.info
04-09 15:36:09.175  2997  2997 I sh      : Info: PostInstall(): Verified: c45435b650b97c9237e8e6cf86a577e84f870eb6 chromecast_locales/vi.pak
04-09 15:36:09.177  2997  2997 I sh      : Info: PostInstall(): Verified: 5c90a221ad4f9f58d88b412c1c9de9f20308dd1c chromecast_locales/vi.pak.info
04-09 15:36:09.178  2997  2997 I sh      : Info: PostInstall(): Verified: 2b83b0c75ca4e800f61d2956c292ccd9726e4ba2 chromecast_locales/zh-CN.pak
04-09 15:36:09.179  2997  2997 I sh      : Info: PostInstall(): Verified: 5c90a221ad4f9f58d88b412c1c9de9f20308dd1c chromecast_locales/zh-CN.pak.info
04-09 15:36:09.180  2997  2997 I sh      : Info: PostInstall(): Verified: 803dec27b796774264492cf0ff8e2307a1943565 chromecast_locales/zh-TW.pak
04-09 15:36:09.181  2997  2997 I sh      : Info: PostInstall(): Verified: 5c90a221ad4f9f58d88b412c1c9de9f20308dd1c chromecast_locales/zh-TW.pak.info
04-09 15:36:09.199  2997  2997 I sh      : Info: PostInstall(): Verified: bad50441bf16338439de914202c9bcae4d1c654b client_auth_indiv
04-09 15:36:09.226  2997  2997 I sh      : Info: PostInstall(): Verified: 6fdda17c0a0e4ed166b26cd95fcbc6beab544c94 crash_uploader
04-09 15:36:09.229  2997  2997 I sh      : Info: PostInstall(): Verified: bb0a5ee18a026f587daba27a1a7777b3f4a3c182 dogfood/fake.dmp
04-09 15:36:09.231  2997  2997 I sh      : Info: PostInstall(): Verified: 00b35ebe39db20dc053dc8350f28f9cd37971773 dumpstate
04-09 15:36:09.233  2997  2997 I sh      : Info: PostInstall(): Verified: 327cf1c4dce5edd4faf64799e24b275ccc1538c5 fake_log_report.dmp
04-09 15:36:09.537  2997  2997 I sh      : Info: PostInstall(): Verified: 8a33a4a7585a196724dea11757da796580bcd07b icudtl.dat
04-09 15:36:09.538  2997  2997 I sh      : Info: PostInstall(): Verified: 81c868ad83c300151cb577d86239acfc8cf0cc5e lib/libcast_assistant_1.0.so
04-09 15:36:09.541  2997  2997 I sh      : Info: PostInstall(): Verified: 8e0b707952d032ffb05c4335f6a7ea214e245471 lib/libcast_avsettings_1.0.so
04-09 15:36:09.543  2997  2997 I sh      : Info: PostInstall(): Verified: 0050df18924fe5104917c536e92303331407ccad lib/libcast_external_audio_pipeline_1.0.so
04-09 15:36:09.553  2997  2997 I sh      : Info: PostInstall(): Verified: de3340b3a6b3dbd46c444aeedeca960aaad6058b lib/libcast_graphics_1.0.so
04-09 15:36:09.564  2997  2997 I sh      : Info: PostInstall(): Verified: 368f4cab77b33dc9c9f56e11ee3bf056a154f041 lib/libcast_hotspot_1.0.so
04-09 15:36:09.606  2997  2997 I sh      : Info: PostInstall(): Verified: c0a32d19e9472d75e6a4a0d415c7142f1d812e45 lib/libcast_media_1.0.so
04-09 15:36:09.608  2997  2997 I sh      : Info: PostInstall(): Verified: ea15fd3f7263c4e4ec8ff7e661ad009b2751d6b0 lib/libcast_reboot_1.0.so
04-09 15:36:09.622  2997  2997 I sh      : Info: PostInstall(): Verified: bab44ef72e87840c779595947789f92d8933915d lib/libcast_sys_info_1.0.so
04-09 15:36:09.623  2997  2997 I sh      : Info: PostInstall(): Verified: e6a256e1c84600b07ff6b036c5831ae9e001e9e1 lib/libcast_sys_updater_1.0.so
04-09 15:36:09.697  2997  2997 I sh      : Info: PostInstall(): Verified: c445234efe669df3f2b3a16af74b704dc1ce4984 lib/libcast_widevine_ce_cdm.so
04-09 15:36:09.712  2997  2997 I sh      : Info: PostInstall(): Verified: dd9142a277aaa9d66c4abe5c40621d90d09911a0 lib/libcast_wifi_1.0.so
04-09 15:36:09.713  2997  2997 I sh      : Info: PostInstall(): Verified: 72cbb2ec7b9d7add7327a3fc606b0640546a438c lib/libcast_wifi_stats_1.0.so
04-09 15:36:09.849  2997  2997 I sh      : Info: PostInstall(): Verified: 6b6c90c3c6b2518130085a774bec657f0b81ea9a lib/libffmpeg.so
04-09 15:36:09.863  2997  2997 I sh      : Info: PostInstall(): Verified: 31568a1c2bd951fbb438564c85bd1712182569a2 lib/processors/libcast_bass_extender_2.0.so
04-09 15:36:09.876  2997  2997 I sh      : Info: PostInstall(): Verified: dc4a61a051d820dec51d3413c36eef73d023d5ca lib/processors/libcast_brownout_limiter_2.0.so
04-09 15:36:09.891  2997  2997 I sh      : Info: PostInstall(): Verified: c0f0eaa712bfc62609b97109199b7b2f9adaa9ee lib/processors/libcast_crossover_2.0.so
04-09 15:36:09.903  2997  2997 I sh      : Info: PostInstall(): Verified: 2b3bac0645899d6bdda74d39822d04e72b52de47 lib/processors/libcast_delay_2.0.so
04-09 15:36:09.914  2997  2997 I sh      : Info: PostInstall(): Verified: 9d788835deb556a7a502fa414826b2ec4aa4223f lib/processors/libcast_dynamic_bass_extender_2.0.so
04-09 15:36:09.925  2997  2997 I sh      : Info: PostInstall(): Verified: aa6f782203b0d98f3178c7f7d3c97e8defdf9c2e lib/processors/libcast_dynamic_biquad_2.0.so
04-09 15:36:09.938  2997  2997 I sh      : Info: PostInstall(): Verified: 1a09dcdb4cae5a07c055af0c06f87833b2ea9847 lib/processors/libcast_dynamic_range_2.0.so
04-09 15:36:09.943  2997  2997 I sh      : Info: PostInstall(): Verified: 776f16f6ec2986b8bc807728525b4fa24dee4998 lib/processors/libcast_equalizer_1.0.so
04-09 15:36:09.954  2997  2997 I sh      : Info: PostInstall(): Verified: efe4f7e45d5552c079004a821679b5276d9cdd88 lib/processors/libcast_equalizer_2.0.so
04-09 15:36:09.965  2997  2997 I sh      : Info: PostInstall(): Verified: 96630ea6fffd74f6886f9929f7f61dac4bff5efb lib/processors/libcast_function_generator_2.0.so
04-09 15:36:09.981  2997  2997 I sh      : Info: PostInstall(): Verified: 9e828f5def5913b23912981961e2546f69e04c92 lib/processors/libcast_governor_2.0.so
04-09 15:36:09.995  2997  2997 I sh      : Info: PostInstall(): Verified: c0c81c0db860e5de36a1c28d5a116116d8b22391 lib/processors/libcast_multiband_2.0.so
04-09 15:36:10.006  2997  2997 I sh      : Info: PostInstall(): Verified: 986e13ac6c5a2a0803b6560a5846af7b8a4406d5 lib/processors/libcast_pop_checker_2.0.so
04-09 15:36:10.020  2997  2997 I sh      : Info: PostInstall(): Verified: 9cc46d270dedfce7beedb62462bdc1a40165067e lib/processors/libcast_saturated_gain_2.0.so
04-09 15:36:10.030  2997  2997 I sh      : Info: PostInstall(): Verified: 805527f3da2374f54e65954a463b3d4be6570358 lib/processors/libcast_sound_meter_2.0.so
04-09 15:36:10.037  2997  2997 I sh      : Info: PostInstall(): Verified: ffe5f0bf40d7e59d8b4573c258a0bd74a40f8c58 lib/processors/libcast_upsampler_2.0.so
04-09 15:36:10.039  2997  2997 I sh      : Info: PostInstall(): Verified: 9ad64d7bbc019b7df806c981d02984f41df0f531 process.json
04-09 15:36:10.066  2997  2997 I sh      : Info: PostInstall(): Verified: 8aa86838a19280c5fc46f4cc3dc3fe969d6cafce process_manager
04-09 15:36:10.068  2997  2997 I sh      : Info: PostInstall(): Verified: c25f6c874c4e8013d85db646bfba65a155a806f5 resources/inspector/main/main.js
04-09 15:36:10.070  2997  2997 I sh      : Info: PostInstall(): Verified: da39a3ee5e6b4b0d3255bfef95601890afd80709 setup/http/.dummy
04-09 15:36:10.072  2997  2997 I sh      : Info: PostInstall(): Verified: 801b2570021e2760cd6730de30071aebd9f5158b setup/http/audio/audio.html
04-09 15:36:10.073  2997  2997 I sh      : Info: PostInstall(): Verified: 4aae69dca77c81a6a19181124a01ef403b088cc8 setup/http/audio/css/main.css
04-09 15:36:10.077  2997  2997 I sh      : Info: PostInstall(): Verified: 01a9e53b6cd4692e6c288392bf4bdd9603c5e45a setup/http/audio/data/config.json
04-09 15:36:10.077  2997  2997 I sh      : Info: PostInstall(): Verified: 0423952e9750b5b4e5e0a4ad4ba8c3b19a32e4f1 setup/http/audio/favicon.ico
04-09 15:36:10.080  2997  2997 I sh      : Info: PostInstall(): Verified: 4a2e549068fac4c7019c6f5950f961cb8f45e867 setup/http/audio/js/audio.js
04-09 15:36:10.081  2997  2997 I sh      : Info: PostInstall(): Verified: 488e70c0bd8f32e55dccff3ec6de0660fc58d5b4 setup/http/audio/js/json-stringify-pretty-compact.js
