04-09 16:04:58.969  3078  3078 I cast_shell: [3081:3089:INFO:parent_tracker.cc(132)] No need to recreate socket
04-09 16:04:58.973  3078  3078 I cast_shell: [3081:3435:INFO:net_util_impl.cc(582)] IP address: [PII](192.168.1.1) MAC address: [PII](C8:B3:73:44:AE:ED)
04-09 16:04:58.973  3078  3078 I cast_shell: [3081:3435:INFO:local_network_info_impl.cc(346)] LNID changed:
04-09 16:04:58.973  3078  3078 I cast_shell: [3081:3081:INFO:ccs_manager_impl.cc(1789)] LNID has changed; Will re-register CCS
04-09 16:04:58.973  3078  3078 I cast_shell: [3081:3121:INFO:local_network_info_impl.cc(435)] LNID_W changed:
04-09 16:04:58.977  3078  3078 I cast_shell: [3081:3435:INFO:net_util_impl.cc(582)] IP address: [PII](192.168.1.1) MAC address: [PII](C8:B3:73:44:AE:ED)
04-09 16:04:59.067  3078  3078 I cast_shell: [3081:3131:INFO:mdns_app_filter.cc(1403)] MdnsAppFilter: Done probing.
04-09 16:04:59.336  3078  3078 I cast_shell: [3081:3121:INFO:metrics_recorder.cc(282)] Record action: Setup.state.BLE
04-09 16:04:59.708  3078  3078 I cast_shell: [3081:3081:INFO:lycra_gcm.cc(212)] Registered GCM handler
04-09 16:04:59.835  3078  3078 I cast_shell: [3081:3081:INFO:ccs_transport_gcm.cc(244)] Registered GCM handler
04-09 16:04:59.835  3078  3078 I cast_shell: [3081:3081:INFO:ccs_manager_impl.cc(1322)] Waiting for all transports to be enabled
04-09 16:04:59.854  3078  3078 I cast_shell: [3081:3118:INFO:snr_tracker.cc(50)] snr = 43
04-09 16:04:59.940  3078  3078 I cast_shell: [system_updater_dummy.cpp(139)] CheckUpdate 139
04-09 16:04:59.940  3078  3078 I cast_shell: [system_updater_dummy.cpp(148)] CheckUpdate 148 return
04-09 16:05:00.076  3078  3078 I cast_shell: [3081:3081:INFO:grpc_service_discovery_impl.cc(185)] Mdns discovered google RPC for [PII](F74EC161DF61D6780201131D0636E4A5).
04-09 16:05:00.371  3078  3078 I cast_shell: [3081:3121:INFO:metrics_recorder.cc(282)] Record action: Setup.state.BLE
04-09 16:05:00.437  2949  2976 I otamanager: OTA:curl response code : 0	
04-09 16:05:00.437  2949  2976 I otamanager: http status code : 200
04-09 16:05:00.437  2949  2976 I otamanager: OTA: contentLen :187.000000
04-09 16:05:00.445  2949  2976 I otamanager: OTA: bytesDownloaded = 187 m_iHttpStatusCode = 200 
04-09 16:05:00.451  2692  2692 I sh      : {
04-09 16:05:00.451  2949  2976 E otamanager: OTA:error string =  No update available
04-09 16:05:00.451  2692  2692 I sh      : 	"castVersion" : null,
04-09 16:05:00.451  2692  2692 I sh      : 	"crc" : null,
04-09 16:05:00.451  2692  2692 I sh      : 	"errorCode" : 1001,
04-09 16:05:00.451  2692  2692 I sh      : 	"errorString" : "No update available",
04-09 16:05:00.451  2692  2692 I sh      : 	"forceUpgrade" : true,
04-09 16:05:00.451  2692  2692 I sh      : 	"mcuOnlyUpdate" : false,
04-09 16:05:00.451  2692  2692 I sh      : 	"otapackage" : null,
04-09 16:05:00.451  2692  2692 I sh      : 	"url" : null,
04-09 16:05:00.451  2692  2692 I sh      : 	"version" : null
04-09 16:05:00.452  2713  2713 I lucitransport: writeRemoteMessage() MID = 223 buffer = NO_UPDATE
04-09 16:05:00.452  2713  2713 I luciUART: write() MID = 223  bytes = 19 data = NO_UPDATE m_fd = 0x5
04-09 16:05:00.452  2949  2976 I otamanager: Firmware Update State Change from CheckUpdate to Idle
04-09 16:05:00.452  3081  3088 E         : OOBE CheckUpdate
04-09 16:05:00.454  3078  3078 I cast_shell: [system_updater_dummy.cpp(132)] CheckUpdate 132 no new version
04-09 16:05:00.455  3078  3078 I cast_shell: [3081:3088:INFO:update_engine_client_with_system_updater.cc(226)] No system force update, error_code=0
04-09 16:05:00.455  3078  3078 I cast_shell: [3081:3088:INFO:update_engine_client_with_system_updater.cc(167)] Checking system force update.
04-09 16:05:00.455  3078  3078 I cast_shell: [system_updater_dummy.cpp(109)] CheckUpdate
04-09 16:05:00.459  3078  3078 I cast_shell: [system_updater_dummy.cpp(148)] CheckUpdate 148 return
04-09 16:05:00.459  3078  3078 I chatty  : uid=1000(chrome) /bin/logwrapper identical 1 line
04-09 16:05:00.459  3078  3078 I cast_shell: [system_updater_dummy.cpp(148)] CheckUpdate 148 return
04-09 16:05:00.459  2949  2976 I otamanager: cast_updater_threadEntry() Response 'CheckUpdate' Current Firmware Update state 'Idle'
04-09 16:05:00.459  2949  2976 I otamanager: checkUpdate_l
04-09 16:05:00.459  2949  2976 I otamanager: Firmware Update State Change from Idle to CheckUpdate
04-09 16:05:00.460  2713  2713 I lucitransport: readRemoteMessage() MID char = 232 buffer = TRUE
04-09 16:05:00.460  2949  2976 E otamanager: lo not valid Interface for MAC ID
04-09 16:05:00.460  2949  2976 D otamanager: OTA: wlan IP = 192.168.1.145
04-09 16:05:00.460  2949  2976 I otamanager: OTA:checkIP mac = cc909321f384  IP = 192.168.1.145 
04-09 16:05:00.461  2949  2976 I otamanager: DownloadHttpContent firmware version = eng.C4A.1203
04-09 16:05:00.465  2713  2713 I lucitransport: readRemoteMessage() MID char = 6 buffer = 1001
04-09 16:05:00.465  2713  2720 I lucitransport: readRemoteMessage() MID char = 7 buffer = 1.52.272222
04-09 16:05:00.466  2949  2976 I otamanager: OTA: DownloadHttpContent :payload =  {"device":{"brand":"COTODAMA","castVersion":"1.52.272222","deviceId":"cc909321f384","deviceType":"LS10_C4A","fwVersion":"1203","googleCast":true,"mcuVersion":"1001","model":"LSB"}}
04-09 16:05:00.466  2949  2976 I otamanager:  
04-09 16:05:00.466  2949  2976 I otamanager: OTA:------curlDownloadFirmwareXml---
04-09 16:05:00.466  2949  2976 I otamanager: OTA:isValidIpAddress: result 0
04-09 16:05:00.665  3078  3078 I cast_shell: [3081:3089:INFO:heartbeat_manager.cc(272)] Set HBInterval default: 1680000
04-09 16:05:00.666  3078  3078 I cast_shell: [3081:3081:INFO:gcm_manager.cc(233)] GCM connection established.
04-09 16:05:00.673  3078  3078 I cast_shell: [3081:3087:INFO:crl_downloader.cc(155)] CRL processed.
04-09 16:05:00.677  3078  3078 I cast_shell: [3081:3087:INFO:metrics_recorder.cc(282)] cast event: Cast.CRL.DownloadSuccess
04-09 16:05:00.677  3078  3078 I cast_shell: [3081:3087:INFO:client_auth_signer.cc(211)] Cast certificate verification: CastCertError::OK
04-09 16:05:00.677  3078  3078 I cast_shell: [3081:3087:INFO:metrics_recorder.cc(282)] cast event: Cast.Auth.OK
04-09 16:05:00.837  2949  2976 I otamanager: OTA:ResolveDNSName IP = 100.26.124.236
04-09 16:05:00.838  2949  2976 I otamanager: OTA:hostIp string: https://100.26.124.236/v1
04-09 16:05:00.838  2949  2976 I otamanager: OTA: trying after 2 sec 
04-09 16:05:01.079  3078  3078 I cast_shell: [3081:3131:INFO:mdns_app_filter.cc(1526)] MdnsAppFilter: Done announcing.
04-09 16:05:01.315  2942  2952 D wac-main: Netlink event
04-09 16:05:01.315  2942  2952 E wac-main: Netlink event 16 Interface Index 5 
04-09 16:05:01.315  2942  2952 E wac-main: Enter poll and wait
04-09 16:05:01.315  2942  2952 D wac-main: Netlink event
04-09 16:05:01.315  2942  2952 E wac-main: Netlink event 16 Interface Index 5 
04-09 16:05:01.315  2942  2952 E wac-main: Enter poll and wait
04-09 16:05:01.317  2712  2724 I yani_server: NetLink Event '-1' Interface-Index '5' WLAN '0' Ethernet '-1' Parsed-iFill '-1' -> 'INVALID' ifIndex '1' -> 'lo'
04-09 16:05:01.320  2712  2724 I chatty  : uid=0(root) YaniServer identical 2 lines
04-09 16:05:01.322  2712  2724 I yani_server: NetLink Event '-1' Interface-Index '5' WLAN '0' Ethernet '-1' Parsed-iFill '-1' -> 'INVALID' ifIndex '1' -> 'lo'
04-09 16:05:01.325  2943  3158 I LibreCastControlDelegate: OnCastStatus() +++ Bedroom speaker 2:0xab90b198:NOT_SETUP
04-09 16:05:01.325  2943  3158 I LibreCastControlDelegate: Device Build Number -> '1.52.272222'
04-09 16:05:01.325  2943  3158 I librecast: updateCastBuildVersion() Version 1.52.272222
04-09 16:05:01.326  2713  2720 I lucitransport: readRemoteMessage() MID char = 7 buffer = 1.52.272222
04-09 16:05:01.326  2943  3158 I LibreCastControlDelegate: Active Applications -> 0
04-09 16:05:01.326  2943  3158 I LibreCastControlDelegate: Current Cast State '2' -> 'NOT_SETUP'
04-09 16:05:01.326  2943  3158 I LibreCastControlDelegate: OnCastStatus() ---
04-09 16:05:01.326  2712  2724 I yani_server: NetLink Event '-1' Interface-Index '5' WLAN '0' Ethernet '-1' Parsed-iFill '-1' -> 'INVALID' ifIndex '1' -> 'lo'
04-09 16:05:01.328  2712  2724 I chatty  : uid=0(root) YaniServer identical 2 lines
04-09 16:05:01.329  2712  2724 I yani_server: NetLink Event '-1' Interface-Index '5' WLAN '0' Ethernet '-1' Parsed-iFill '-1' -> 'INVALID' ifIndex '1' -> 'lo'
04-09 16:05:01.329  2712  2724 I yani_kernel: yani_geteventfrom_changeaddr() Message-Id '1' Netlink event '16' Interface Index '5' -> Name 'wlan0' 
04-09 16:05:01.340  2712  2724 I yani_kernel: yani_geteventfrom_changeaddr() Message-Id '1' Netlink event '16' Interface Index '5' -> Name 'wlan0' 
04-09 16:05:01.406  3078  3078 I cast_shell: [3081:3121:INFO:metrics_recorder.cc(282)] Record action: Setup.state.BLE
04-09 16:05:01.476  3078  3078 I cast_shell: [system_updater_dummy.cpp(139)] CheckUpdate 139
04-09 16:05:01.476  3078  3078 I cast_shell: [system_updater_dummy.cpp(148)] CheckUpdate 148 return
04-09 16:05:02.341  3078  3078 I cast_shell: [3081:3081:INFO:config_downloader.cc(700)] Received Protobuf config response
04-09 16:05:02.364  3078  3078 I cast_shell: [3081:3081:INFO:application_manager_impl.cc(2024)] max_background_apps changed to: 1
04-09 16:05:02.365  3078  3078 I cast_shell: [3081:3081:ERROR:modular_update_manager_impl.cc(382)] No modular updater app ID can be found in device config.
04-09 16:05:02.375  3078  3078 I cast_shell: [3081:3081:INFO:ccs_settings.cc(262)] CcsSettings using CCS url https://clients5.google.com/cast/cloudcast/
04-09 16:05:02.398  3078  3078 I cast_shell: [3081:3081:INFO:application_config_manager_impl.cc(528)] Setting default remote control app ID: 1374D8AA
04-09 16:05:02.398  3078  3078 I cast_shell: [3081:3081:INFO:application_identification_settings.cc(410)] new ApplicationIdentificationSettings session_id: 4a1e4ead-c00b-4612-b77b-24a995c23487 app_id: 38579375 flags: 7 headers: 512
04-09 16:05:02.398  3078  3078 I cast_shell: [3081:3081:WARNING:ccs_manager_impl.cc(1566)] Device does not have a weave device id
04-09 16:05:02.398  3078  3078 I cast_shell: [3081:3081:INFO:mdns_util.cc(102)] Defaulting mDNS capabilities for audio-only build
04-09 16:05:02.399  3078  3078 I cast_shell: [3081:3081:INFO:mdns_util.cc(102)] Defaulting mDNS capabilities for audio-only build
04-09 16:05:02.399  3078  3078 I cast_shell: [3081:3081:INFO:ccs_transport_https.cc(1203)] No cloud settings for register request
04-09 16:05:02.408  2943  3158 I LibreCastControlDelegate: OnCastStatus() +++ Bedroom speaker 2:0xab90b198:NOT_SETUP
04-09 16:05:02.408  2943  3158 I LibreCastControlDelegate: Device Build Number -> '1.52.272222'
04-09 16:05:02.408  2943  3158 I librecast: updateCastBuildVersion() Version 1.52.272222
04-09 16:05:02.409  2713  2720 I lucitransport: readRemoteMessage() MID char = 7 buffer = 1.52.272222
04-09 16:05:02.409  3078  3078 I cast_shell: [3081:3081:INFO:ccs_manager_impl.cc(1496)] Registering device with CCS: message_id = 0318c2ef-8881-4b54-b7d0-8604368cf42a
04-09 16:05:02.409  3078  3078 I cast_shell: [3081:3081:INFO:ccs_manager_impl.cc(1497)] [PII] device_id = F74EC161DF61D6780201131D0636E4A5
04-09 16:05:02.409  3078  3078 I cast_shell: [3081:3081:INFO:application_identification_settings.cc(410)] new ApplicationIdentificationSettings session_id: a3b81490-e705-43a3-86bc-969dd4792dd3 app_id: 38579375 flags: 7 headers: 512
04-09 16:05:02.409  3078  3078 I cast_shell: [3081:3081:INFO:robot_account_auth_manager.cc(470)] Successfully initialized JWT for 38579375
04-09 16:05:02.409  3078  3078 I cast_shell: [3081:3081:INFO:config_downloader.cc(900)] Clearing local config cache
04-09 16:05:02.409  3078  3078 I cast_shell: [3081:3081:INFO:metrics_recorder.cc(282)] Record action: Cast.DCS.DownloadSuccess
04-09 16:05:02.409  3078  3078 I cast_shell: [3081:3081:INFO:key_exchange_namespace_handler.cc(178)] Changing key_exchange_support capability
04-09 16:05:02.412  3078  3078 I cast_shell: [3081:3081:INFO:mdns_util.cc(102)] Defaulting mDNS capabilities for audio-only build
04-09 16:05:02.412  3078  3078 I cast_shell: [3081:3081:INFO:chromecast_service.cc(2229)] AoGH feature is: 0
04-09 16:05:02.413  3078  3078 I cast_shell: [3081:3081:INFO:chromecast_service.cc(2189)] Geolocation changed to: 0
04-09 16:05:02.413  3078  3078 I cast_shell: [3081:3081:INFO:lycra_transport.cc(301)] Feature flag changed: false
04-09 16:05:02.413  3078  3078 I cast_shell: [3081:3081:INFO:chromecast_service.cc(2248)] Playback disruption feature is: 1
04-09 16:05:02.413  3078  3078 I cast_shell: [3081:3131:INFO:mdns_util.cc(102)] Defaulting mDNS capabilities for audio-only build
04-09 16:05:02.413  3078  3078 I cast_shell: [3081:3081:INFO:playback_disruption_service.cc(328)] Playback disruption service enabled and running
04-09 16:05:02.413  3078  3078 I cast_shell: [3081:3081:INFO:ccs_manager_impl.cc(864)] Re-registering single CCS device
04-09 16:05:02.413  3078  3078 I cast_shell: [3081:3081:WARNING:ccs_manager_impl.cc(1566)] Device does not have a weave device id
04-09 16:05:02.413  3078  3078 I cast_shell: [3081:3081:INFO:mdns_util.cc(102)] Defaulting mDNS capabilities for audio-only build
04-09 16:05:02.413  3078  3078 I cast_shell: [3081:3081:INFO:mdns_util.cc(102)] Defaulting mDNS capabilities for audio-only build
04-09 16:05:02.413  3078  3078 I cast_shell: [3081:3081:INFO:ccs_transport_https.cc(1203)] No cloud settings for register request
04-09 16:05:02.413  3078  3078 I cast_shell: [3081:3081:INFO:application_identification_settings.cc(1120)] CreateJwt in progress; storing callback.
04-09 16:05:02.413  3078  3078 I cast_shell: [3081:3081:INFO:ccs_manager_impl.cc(1496)] Registering device with CCS: message_id = 100bc25b-e0d4-4587-971b-85e81fdebe8f
04-09 16:05:02.413  3078  3078 I cast_shell: [3081:3081:INFO:ccs_manager_impl.cc(1497)] [PII] device_id = F74EC161DF61D6780201131D0636E4A5
04-09 16:05:02.440  3078  3078 I cast_shell: [3081:3081:INFO:metrics_recorder.cc(282)] cast event: Cloud.Transport.Https.Register.Out
04-09 16:05:02.442  3078  3078 I cast_shell: [3081:3081:INFO:application_identification_settings.cc(1331)] CreateJwt completed; running all done signing callbacks.
04-09 16:05:02.443  3078  3078 I cast_shell: [3081:3081:INFO:robot_account_auth_manager.cc(496)] JWT expiry in 3600 seconds
04-09 16:05:02.443  3078  3078 I cast_shell: [3081:3081:INFO:robot_account_auth_manager.cc(384)] Sending oauth request for client_id: 0
04-09 16:05:02.443  3078  3078 I cast_shell: [3081:3081:INFO:metrics_recorder.cc(282)] cast event: Cast.Assistant.Auth.FetchToken
04-09 16:05:02.443  3078  3078 I cast_shell: [3081:3081:INFO:metrics_recorder.cc(282)] cast event: Cloud.Transport.Https.Register.Out
04-09 16:05:02.443  3078  3078 I cast_shell: [3081:3087:INFO:chromium_http_connection.cc(436)] Creating a new chromium http url loader factory
04-09 16:05:02.443  3078  3078 I cast_shell: [3081:3121:INFO:metrics_recorder.cc(282)] Record action: Setup.state.BLE
04-09 16:05:02.500  3078  3078 I cast_shell: [system_updater_dummy.cpp(139)] CheckUpdate 139
04-09 16:05:02.500  3078  3078 I cast_shell: [system_updater_dummy.cpp(148)] CheckUpdate 148 return
04-09 16:05:02.917  2949  2976 I otamanager: OTA:curl response code : 0	
04-09 16:05:02.917  2949  2976 I otamanager: http status code : 200
04-09 16:05:02.918  2949  2976 I otamanager: OTA: contentLen :187.000000
04-09 16:05:02.927  2949  2976 I otamanager: OTA: bytesDownloaded = 187 m_iHttpStatusCode = 200 
04-09 16:05:02.927  2692  2692 I sh      : }{
04-09 16:05:02.928  2692  2692 I sh      : 	"castVersion" : null,
04-09 16:05:02.928  2949  2976 E otamanager: OTA:error string =  No update available
04-09 16:05:02.928  2692  2692 I sh      : 	"crc" : null,
04-09 16:05:02.928  2692  2692 I sh      : 	"errorCode" : 1001,
04-09 16:05:02.928  2692  2692 I sh      : 	"errorString" : "No update available",
04-09 16:05:02.928  2692  2692 I sh      : 	"forceUpgrade" : true,
04-09 16:05:02.928  2692  2692 I sh      : 	"mcuOnlyUpdate" : false,
04-09 16:05:02.928  2713  2720 I lucitransport: writeRemoteMessage() MID = 223 buffer = NO_UPDATE
04-09 16:05:02.928  2713  2720 I luciUART: write() MID = 223  bytes = 19 data = NO_UPDATE m_fd = 0x5
04-09 16:05:02.928  2949  2976 I otamanager: Firmware Update State Change from CheckUpdate to Idle
04-09 16:05:02.929  3078  3078 I cast_shell: [system_updater_dummy.cpp(132)] CheckUpdate 132 no new version
04-09 16:05:02.929  3078  3078 I cast_shell: [3081:3088:INFO:update_engine_client_with_system_updater.cc(226)] No system force update, error_code=0
04-09 16:05:02.929  3078  3078 I cast_shell: [3081:3121:INFO:setup_state.cc(261)] Setup state changed: SETUP_STATE_CONNECTED_WIFI_NOT_SAVED (61) -> SETUP_STATE_CONNECTED (60)
04-09 16:05:02.930  3078  3078 I cast_shell: [3081:3121:INFO:setup_manager_impl.cc(1019)] Setup discoverability is disabled
04-09 16:05:02.930  3078  3078 I cast_shell: [3081:3121:INFO:ble_setup_manager.cc(758)] Clearing setup read attributes
04-09 16:05:02.930  3078  3078 I cast_shell: [3081:3121:INFO:gatt_client_manager_impl.cc(202)] Enabling GATT client connectability
04-09 16:05:02.930  3078  3078 I cast_shell: [3081:3121:INFO:ble_setup_manager.cc(620)] Stopped Bluetooth service
04-09 16:05:02.930  3078  3078 I cast_shell: [3081:3121:INFO:ble_setup.cc(423)] BLE setup stopped.
04-09 16:05:02.931  2733  2746 I HotspotManager: hotspot stop
04-09 16:05:02.931  2733  2746 I HotspotManager: stop dnsmasq
04-09 16:05:02.946  2943  3158 I LibreCastControlDelegate: OnCastStatus() +++ Bedroom speaker 2:0xab90b198:READY_TO_CAST
04-09 16:05:02.947  3078  3078 I cast_shell: [3081:3121:INFO:gatt_client_manager_impl.cc(202)] Enabling GATT client connectability
04-09 16:05:02.947  3078  3078 I chatty  : uid=1000(chrome) /bin/logwrapper identical 1 line
04-09 16:05:02.947  3078  3078 I cast_shell: [3081:3121:INFO:gatt_client_manager_impl.cc(202)] Enabling GATT client connectability
04-09 16:05:02.947  3078  3078 I cast_shell: [3081:3121:INFO:ble_setup_manager.cc(744)] Started Bluetooth service
04-09 16:05:02.948  2943  3158 I LibreCastControlDelegate: Cast Device Name -> 'Bedroom speaker 2'
04-09 16:05:02.948  2943  3158 I librecast: OldFriendlyName '' & New name change By Cast 'Bedroom speaker 2' isfirstbootup 56 m_updatedonebyluci 95
04-09 16:05:02.948  2943  3158 I librecast:  Difference in FriendlyName notify all  
04-09 16:05:02.948  2943  3158 I LibreCastControl: LibreCastControl_SetCastName()  name 'Bedroom speaker 2' RequestId '6' pCastControl 0xf4e00728
04-09 16:05:02.948  2713  2720 I lucitransport: writeRemoteMessage() MID = 90 buffer = Bedroom speaker 2
04-09 16:05:02.948  2713  2720 I luciUART: write() MID = 90  bytes = 27 data = Bedroom speaker 2 m_fd = 0x5
04-09 16:05:02.949  2713  2720 I lucitransport: writeLocalMessage() MID = 90 buffer = Bedroom speaker 2
04-09 16:05:02.949  2713  2722 E LUCI_SERVER: Luci Server Thread wait over MID 90....
04-09 16:05:02.952  2943  3158 I LibreCastControlDelegate: Device Build Number -> '1.52.272222'
04-09 16:05:02.952  2943  3158 I librecast: updateCastBuildVersion() Version 1.52.272222
04-09 16:05:02.953  2713  2720 I lucitransport: readRemoteMessage() MID char = 7 buffer = 1.52.272222
04-09 16:05:02.953  2943  3158 I LibreCastControlDelegate: Active Applications -> 0
04-09 16:05:02.953  2943  3158 I LibreCastControlDelegate: Current Cast State '6' -> 'READY_TO_CAST'
04-09 16:05:02.953  2943  3158 I LibreCastControlDelegate: OnCastStatus() ---
04-09 16:05:02.955  2943  3158 I LibreCastControlDelegate: OnResponse() ReqeustID 6, error  0
04-09 16:05:02.956  2735  2762 I bluetoothtbd: [0409/033502.956668:INFO:adapter.cc(551)] Adapter properties changed
04-09 16:05:02.956  2735  2762 I bluetoothtbd: [0409/033502.956798:INFO:adapter.cc(573)] Adapter name changed
04-09 16:05:02.957  3078  3078 I cast_shell: [3081:3121:INFO:bluetooth_manager.cc(1232)] [PII] Set device name to 'Bedroom speaker 2'
04-09 16:05:02.960  3078  3078 I cast_shell: [3081:3081:INFO:device_info_impl.cc(1133)] SSDP Config ID is increased: id=6
04-09 16:05:02.961  3078  3078 I cast_shell: [3081:3081:INFO:ccs_manager_impl.cc(1842)] Postponing device name update while registering
04-09 16:05:02.962  3078  3078 I cast_shell: [3081:3131:INFO:mdns_util.cc(102)] Defaulting mDNS capabilities for audio-only build
04-09 16:05:02.962  3078  3078 I cast_shell: [3081:3081:INFO:mdns_manager_impl.cc(429)] Successfully updated service: type=_googlecast
04-09 16:05:02.962  3078  3078 I cast_shell: [3081:3081:INFO:virtual_device.cc(296)] Updated mDNS service for virtual device: id=b44b61db-9acd-9066-d1f9-91456cdd81dd
04-09 16:05:02.962  2943  3158 I LibreCastControlDelegate: OnCastStatus() +++ Bedroom speaker 2:0xab90b198:READY_TO_CAST
04-09 16:05:02.963  2943  3158 I LibreCastControlDelegate: Cast Device Name -> 'Bedroom speaker 2'
04-09 16:05:02.963  2943  3158 I librecast: OldFriendlyName '' & New name change By Cast 'Bedroom speaker 2' isfirstbootup 56 m_updatedonebyluci 95
04-09 16:05:02.963  2943  3158 I librecast:  Difference in FriendlyName notify all  
04-09 16:05:02.963  2943  3158 I LibreCastControl: LibreCastControl_SetCastName()  name 'Bedroom speaker 2' RequestId '7' pCastControl 0xf4e00728
04-09 16:05:02.964  2713  2720 I lucitransport: writeRemoteMessage() MID = 90 buffer = Bedroom speaker 2
04-09 16:05:02.964  2713  2720 I luciUART: write() MID = 90  bytes = 27 data = Bedroom speaker 2 m_fd = 0x5
04-09 16:05:02.964  2713  2720 I lucitransport: writeLocalMessage() MID = 90 buffer = Bedroom speaker 2
04-09 16:05:02.965  2943  3158 I LibreCastControlDelegate: Device Build Number -> '1.52.272222'
04-09 16:05:02.965  2943  3158 I librecast: updateCastBuildVersion() Version 1.52.272222
04-09 16:05:02.965  2713  2720 I lucitransport: readRemoteMessage() MID char = 7 buffer = 1.52.272222
04-09 16:05:02.967  2943  3158 I LibreCastControlDelegate: OnResponse() ReqeustID 7, error  0
04-09 16:05:02.968  2735  2762 I bluetoothtbd: [0409/033502.967943:INFO:adapter.cc(551)] Adapter properties changed
04-09 16:05:02.968  2735  2762 I bluetoothtbd: [0409/033502.968133:INFO:adapter.cc(573)] Adapter name changed
04-09 16:05:02.969  3078  3078 I cast_shell: [3081:3121:INFO:bluetooth_manager.cc(1232)] [PII] Set device name to 'Bedroom speaker 2'
04-09 16:05:02.972  3078  3078 I cast_shell: [3081:3081:INFO:device_info_impl.cc(1133)] SSDP Config ID is increased: id=7
04-09 16:05:02.972  3078  3078 I cast_shell: [3081:3131:INFO:mdns_util.cc(102)] Defaulting mDNS capabilities for audio-only build
04-09 16:05:02.973  3078  3078 I cast_shell: [3081:3081:INFO:ccs_manager_impl.cc(1842)] Postponing device name update while registering
04-09 16:05:02.974  3078  3078 I cast_shell: [3081:3081:INFO:mdns_manager_impl.cc(429)] Successfully updated service: type=_googlecast
04-09 16:05:02.974  3078  3078 I cast_shell: [3081:3081:INFO:virtual_device.cc(296)] Updated mDNS service for virtual device: id=b44b61db-9acd-9066-d1f9-91456cdd81dd
04-09 16:05:02.974  2943  3158 I LibreCastControlDelegate: OnCastStatus() +++ Bedroom speaker 2:0xab90b198:READY_TO_CAST
04-09 16:05:02.975  2943  3158 I LibreCastControlDelegate: Cast Device Name -> 'Bedroom speaker 2'
04-09 16:05:02.975  2943  3158 I librecast: OldFriendlyName '' & New name change By Cast 'Bedroom speaker 2' isfirstbootup 56 m_updatedonebyluci 95
04-09 16:05:02.975  2943  3158 I librecast:  Difference in FriendlyName notify all  
04-09 16:05:02.975  2943  3158 I LibreCastControl: LibreCastControl_SetCastName()  name 'Bedroom speaker 2' RequestId '8' pCastControl 0xf4e00728
04-09 16:05:02.976  2713  2720 I lucitransport: writeRemoteMessage() MID = 90 buffer = Bedroom speaker 2
04-09 16:05:02.976  2713  2720 I luciUART: write() MID = 90  bytes = 27 data = Bedroom speaker 2 m_fd = 0x5
04-09 16:05:02.976  2713  2720 I lucitransport: writeLocalMessage() MID = 90 buffer = Bedroom speaker 2
04-09 16:05:02.976  2943  3158 I LibreCastControlDelegate: Device Build Number -> '1.52.272222'
04-09 16:05:02.980  2735  2762 I bluetoothtbd: [0409/033502.980844:INFO:adapter.cc(551)] Adapter properties changed
04-09 16:05:02.981  2735  2762 I bluetoothtbd: [0409/033502.980989:INFO:adapter.cc(573)] Adapter name changed
04-09 16:05:02.981  3078  3078 I cast_shell: [3081:3121:INFO:bluetooth_manager.cc(1232)] [PII] Set device name to 'Bedroom speaker 2'
04-09 16:05:02.984  3078  3078 I cast_shell: [3081:3081:INFO:device_info_impl.cc(1133)] SSDP Config ID is increased: id=8
04-09 16:05:02.985  3078  3078 I cast_shell: [3081:3081:INFO:ccs_manager_impl.cc(1842)] Postponing device name update while registering
04-09 16:05:02.986  3078  3078 I cast_shell: [3081:3131:INFO:mdns_util.cc(102)] Defaulting mDNS capabilities for audio-only build
04-09 16:05:02.987  2943  3158 I LibreCastControlDelegate: OnCastStatus() +++ Bedroom speaker 2:0xab90b198:READY_TO_CAST
04-09 16:05:02.988  2692  2692 I sh      : MessageBoxAlert() MID 90 
04-09 16:05:02.988  2692  2692 I sh      : MessageBoxChanged() MID '90'
04-09 16:05:02.989  2943  3052 I librecast: MessageBoxAlert() Msg = 90 remoteID = 16 
04-09 16:05:02.989  3078  3078 I cast_shell: [3081:3081:INFO:mdns_manager_impl.cc(429)] Successfully updated service: type=_googlecast
04-09 16:05:02.989  3078  3078 I cast_shell: [3081:3081:INFO:virtual_device.cc(296)] Updated mDNS service for virtual device: id=b44b61db-9acd-9066-d1f9-91456cdd81dd
04-09 16:05:02.994  2946  2977 E Spotify-Player: Change Spotify Device name
04-09 16:05:02.994  2943  3158 I LibreCastControlDelegate: Cast Device Name -> 'Bedroom speaker 2'
04-09 16:05:02.994  2943  3158 I librecast: OldFriendlyName 'Bedroom speaker 2' & New name change By Cast 'Bedroom speaker 2' isfirstbootup 56 m_updatedonebyluci 0
04-09 16:05:02.994  2943  3158 I LibreCastControlDelegate: Device Build Number -> '1.52.272222'
04-09 16:05:02.994  2943  3158 I librecast: updateCastBuildVersion() Version 1.52.272222
04-09 16:05:02.994  2713  2713 I lucitransport: readRemoteMessage() MID char = 7 buffer = 1.52.272222
04-09 16:05:02.994  2713  2722 E LUCI_SERVER: Luci Server Thread wait over MID 90....
04-09 16:05:02.996  2943  3158 I LibreCastControlDelegate: Active Applications -> 0
04-09 16:05:02.996  2943  3158 I LibreCastControlDelegate: Current Cast State '6' -> 'READY_TO_CAST'
04-09 16:05:03.003  3078  3078 I cast_shell: [3081:3081:INFO:device_info_impl.cc(1133)] SSDP Config ID is increased: id=9
04-09 16:05:03.006  2946  2978 I SPOTIFY : ConnectionNotify event(0-Login, 1-Logout, rest Error) = 6 
04-09 16:05:03.006  2946  2978 E SPOTIFY : Device Name change new name = Bedroom speaker 2
04-09 16:05:03.006  2946  2978 E SPOTIFY : err = 0 
04-09 16:05:03.008  3078  3078 I cast_shell: [3081:3081:INFO:ccs_manager_impl.cc(1842)] Postponing device name update while registering
04-09 16:05:03.009  2943  3158 I LibreCastControlDelegate: OnCastStatus() +++ Bedroom speaker 2:0xab90b198:READY_TO_CAST
04-09 16:05:03.010  3078  3078 I cast_shell: [3081:3131:INFO:mdns_util.cc(102)] Defaulting mDNS capabilities for audio-only build
04-09 16:05:03.010  3078  3078 I cast_shell: [3081:3081:INFO:mdns_manager_impl.cc(429)] Successfully updated service: type=_googlecast
04-09 16:05:03.010  3078  3078 I cast_shell: [3081:3081:INFO:virtual_device.cc(296)] Updated mDNS service for virtual device: id=b44b61db-9acd-9066-d1f9-91456cdd81dd
04-09 16:05:03.011  2943  3158 I LibreCastControlDelegate: Cast Device Name -> 'Bedroom speaker 2'
04-09 16:05:03.011  2943  3158 I librecast: OldFriendlyName 'Bedroom speaker 2' & New name change By Cast 'Bedroom speaker 2' isfirstbootup 56 m_updatedonebyluci 0
04-09 16:05:03.011  2943  3158 I LibreCastControlDelegate: Device Build Number -> '1.52.272222'
04-09 16:05:03.011  2943  3158 I librecast: updateCastBuildVersion() Version 1.52.272222
04-09 16:05:03.012  2713  2720 I lucitransport: readRemoteMessage() MID char = 7 buffer = 1.52.272222
04-09 16:05:03.012  2943  3158 I LibreCastControlDelegate: Active Applications -> 0
04-09 16:05:03.012  2943  3158 I LibreCastControlDelegate: Current Cast State '6' -> 'READY_TO_CAST'
04-09 16:05:03.012  2943  3158 I LibreCastControlDelegate: OnCastStatus() ---
04-09 16:05:03.029  2692  2692 I sh      : MessageBoxAlert() MID 90 
04-09 16:05:03.029  2692  2692 I sh      : MessageBoxChanged() MID '90'
04-09 16:05:03.029  2943  3052 I librecast: MessageBoxAlert() Msg = 90 remoteID = 16 
04-09 16:05:03.029  2713  2722 I lucitransport: readRemoteMessage() MID char = 90 buffer = Bedroom speaker 2
04-09 16:05:03.030  2943  3052 I LibreCastControl: LibreCastControl_SetCastName()  name 'Bedroom speaker 2' RequestId '10' pCastControl 0xf4e00728
04-09 16:05:03.030  2943  3052 E librecast: MessageBoxAlert() friendlyname Bedroom speaker 2
04-09 16:05:03.030  2943  3052 I LibreCastControl: MessageBoxAlert() messageBoxID 90
04-09 16:05:03.032  2942  2952 D wac-main: Netlink event
04-09 16:05:03.032  2942  2952 E wac-main: Netlink event 21 Interface Index 6 
04-09 16:05:03.032  2942  2952 E wac-main: Enter poll and wait
04-09 16:05:03.032  2943  3158 I LibreCastControlDelegate: OnResponse() ReqeustID 10, error  0
04-09 16:05:03.036  2945  2996 I airplayluci: MessageBoxAlert: MID 90
04-09 16:05:03.037  2735  2762 I bluetoothtbd: [0409/033503.036936:INFO:adapter.cc(551)] Adapter properties changed
04-09 16:05:03.037  2735  2762 I bluetoothtbd: [0409/033503.037193:INFO:adapter.cc(573)] Adapter name changed
04-09 16:05:03.037  2943  3158 I LibreCastControlDelegate: OnCastStatus() +++ Bedroom speaker 2:0xab90b198:READY_TO_CAST
04-09 16:05:03.037  2946  2977 E Spotify-Player: Change Spotify Device name
04-09 16:05:03.037  2713  2722 E LUCI_SERVER: Luci Server Thread wait over MID 90....
04-09 16:05:03.039  3078  3078 I cast_shell: [3081:3081:INFO:device_info_impl.cc(1133)] SSDP Config ID is increased: id=10
04-09 16:05:03.039  3078  3078 I cast_shell: [3081:3081:INFO:ccs_manager_impl.cc(1842)] Postponing device name update while registering
04-09 16:05:03.039  3078  3078 I cast_shell: [3081:3121:INFO:bluetooth_manager.cc(1232)] [PII] Set device name to 'Bedroom speaker 2'
04-09 16:05:03.039  2943  3158 I LibreCastControlDelegate: Cast Device Name -> 'Bedroom speaker 2'
04-09 16:05:03.039  2943  3158 I librecast: OldFriendlyName 'Bedroom speaker 2' & New name change By Cast 'Bedroom speaker 2' isfirstbootup 56 m_updatedonebyluci 0
04-09 16:05:03.039  2943  3158 I LibreCastControlDelegate: Device Build Number -> '1.52.272222'
04-09 16:05:03.039  2943  3158 I librecast: updateCastBuildVersion() Version 1.52.272222
04-09 16:05:03.040  3078  3078 I cast_shell: [3081:3131:INFO:mdns_util.cc(102)] Defaulting mDNS capabilities for audio-only build
04-09 16:05:03.040  2712  2724 I yani_server: NetLink Event '5' Interface-Index '6' WLAN '-1' Ethernet '-1' Parsed-iFill '5' -> 'P2P0 DISCONNECTED' ifIndex '2' -> 'tunl0'
04-09 16:05:03.040  2713  2713 I lucitransport: readRemoteMessage() MID char = 7 buffer = 1.52.272222
04-09 16:05:03.041  3078  3078 I cast_shell: [3081:3081:INFO:mdns_manager_impl.cc(429)] Successfully updated service: type=_googlecast
04-09 16:05:03.041  3078  3078 I cast_shell: [3081:3081:INFO:virtual_device.cc(296)] Updated mDNS service for virtual device: id=b44b61db-9acd-9066-d1f9-91456cdd81dd
04-09 16:05:03.041  2943  3158 I LibreCastControlDelegate: Active Applications -> 0
04-09 16:05:03.041  2943  3158 I LibreCastControlDelegate: Current Cast State '6' -> 'READY_TO_CAST'
04-09 16:05:03.041  2943  3158 I LibreCastControlDelegate: OnCastStatus() ---
04-09 16:05:03.042  2733  2746 I HotspotManager: stop hostapd
04-09 16:05:03.043  2712  2724 E yani_server: YANI: I am Done Wait For Event 
04-09 16:05:03.043  2712  2815 I yani_server: onNetworkParametersChanged() WAC Mode '0'  Index '2' Interface 'p2p0' Status '0'
04-09 16:05:03.045  2729  2741 I MB_HANDLER: YaniAlert() Interface '3' Status '0'
04-09 16:05:03.056  2713  2713 I lucitransport: writeRemoteMessage() MID = 124 buffer = 1#1,1#2,0#3,0#4,0
04-09 16:05:03.056  2713  2713 I luciUART: write() MID = 124  bytes = 27 data = 1#1,1#2,0#3,0#4,0 m_fd = 0x5
04-09 16:05:03.057  2730  2730 E AirableUIHelper: AirableUIHelper::YaniAlert  3 0 
04-09 16:05:03.057  2949  2970 I otamanager: YaniAlert() Interface 3 Status Down
04-09 16:05:03.058  2945  2996 I airplay-main: YaniAlert Interface 3 Status 0
04-09 16:05:03.058  2946  2978 E SPOTIFY : Device Name change new name = Bedroom speaker 2
04-09 16:05:03.058  2946  2978 E SPOTIFY : err = 0 
04-09 16:05:03.065  3078  3078 I cast_shell: [3081:3081:INFO:robot_account_auth_manager.cc(525)] Got CAS response: 200
04-09 16:05:03.065  3078  3078 I cast_shell: [3081:3081:INFO:metrics_recorder.cc(282)] cast event: Cast.Assistant.AuthError.NOT_LINKED
04-09 16:05:03.065  3078  3078 I cast_shell: [3081:3081:INFO:robot_account_auth_manager.cc(776)] Current error: TOKEN_NOT_FETCHED, new error: NOT_LINKED
04-09 16:05:03.066  2713  2721 E luciUART: UART:aa
04-09 16:05:03.074  2942  2952 D wac-main: Netlink event
04-09 16:05:03.074  2942  2952 E wac-main: Netlink event 16 Interface Index 6 
04-09 16:05:03.074  2942  2952 E wac-main: p2p0 event Link Changed : 1003 
04-09 16:05:03.074  2942  2952 E wac-main: p2p0 Changed down
04-09 16:05:03.075  2942  2952 E wac-main: wlan0 IP : 192.168.1.145
04-09 16:05:03.075  2712  2724 I yani_kernel: yani_geteventfrom_changeaddr() Message-Id '1' Netlink event '16' Interface Index '6' -> Name 'p2p0' 
04-09 16:05:03.088  2692  2692 I sh      : MessageBoxAlert() MID 90 
04-09 16:05:03.088  2692  2692 I sh      : MessageBoxChanged() MID '90'
04-09 16:05:03.089  2943  3052 I librecast: MessageBoxAlert() Msg = 90 remoteID = 16 
04-09 16:05:03.089  2942  2952 E wac-main: Enter poll and wait
04-09 16:05:03.089  2713  2722 I lucitransport: readRemoteMessage() MID char = 90 buffer = Bedroom speaker 2
04-09 16:05:03.089  2943  3052 I LibreCastControl: LibreCastControl_SetCastName()  name 'Bedroom speaker 2' RequestId '11' pCastControl 0xf4e00728
04-09 16:05:03.090  2943  3052 E librecast: MessageBoxAlert() friendlyname Bedroom speaker 2
04-09 16:05:03.090  2943  3052 I LibreCastControl: MessageBoxAlert() messageBoxID 90
04-09 16:05:03.096  3078  3078 I cast_shell: [3081:3081:INFO:device_info_impl.cc(1133)] SSDP Config ID is increased: id=11
04-09 16:05:03.096  3078  3078 I cast_shell: [3081:3081:INFO:ccs_manager_impl.cc(1842)] Postponing device name update while registering
04-09 16:05:03.096  2943  3158 I LibreCastControlDelegate: OnResponse() ReqeustID 11, error  0
04-09 16:05:03.097  2945  2996 I airplayluci: MessageBoxAlert: MID 90
04-09 16:05:03.097  3078  3078 I cast_shell: [3081:3081:INFO:mdns_manager_impl.cc(429)] Successfully updated service: type=_googlecast
04-09 16:05:03.098  3078  3078 I cast_shell: [3081:3081:INFO:virtual_device.cc(296)] Updated mDNS service for virtual device: id=b44b61db-9acd-9066-d1f9-91456cdd81dd
04-09 16:05:03.098  2735  2762 I bluetoothtbd: [0409/033503.098449:INFO:adapter.cc(551)] Adapter properties changed
04-09 16:05:03.098  2735  2762 I bluetoothtbd: [0409/033503.098594:INFO:adapter.cc(573)] Adapter name changed
04-09 16:05:03.099  2946  2977 E Spotify-Player: Change Spotify Device name
04-09 16:05:03.099  2713  2722 E LUCI_SERVER: Luci Server Thread wait over MID 208....
04-09 16:05:03.099  2713  2722 E LUCI_SERVER: Got NV name : ssid
04-09 16:05:03.100  2946  2978 E SPOTIFY : Device Name change new name = Bedroom speaker 2
04-09 16:05:03.100  2946  2978 E SPOTIFY : err = 0 
04-09 16:05:03.101  3078  3078 I cast_shell: [3081:3121:INFO:bluetooth_manager.cc(1232)] [PII] Set device name to 'Bedroom speaker 2'
04-09 16:05:03.143  2733  2746 E WifiUtil: Setting interface p2p0 down.
04-09 16:05:03.144  2712  2724 I yani_kernel: yani_geteventfrom_changeaddr() Message-Id '1' Netlink event '16' Interface Index '6' -> Name 'p2p0' 
04-09 16:05:03.144  2942  2952 D wac-main: Netlink event
04-09 16:05:03.144  2942  2952 E wac-main: Netlink event 16 Interface Index 6 
04-09 16:05:03.144  2942  2952 E wac-main: p2p0 event Link Changed : 1002 
04-09 16:05:03.144  2942  2952 E wac-main: Enter poll and wait
04-09 16:05:03.378  3078  3078 I cast_shell: [3081:3121:INFO:ble_setup.cc(789)] Missing required info for sign.
04-09 16:05:03.382  3078  3078 I cast_shell: [3081:3121:INFO:gatt_client_manager_impl.cc(202)] Enabling GATT client connectability
04-09 16:05:03.382  3078  3078 I cast_shell: [3081:3121:INFO:ble_setup.cc(915)] Sign related info completed, no future EurekaInfo need sign.
04-09 16:05:03.476  3078  3078 I cast_shell: [3081:3121:INFO:metrics_recorder.cc(282)] Record action: Setup.state.BLE
04-09 16:05:04.540  2735  2813 W bt_btif : bta_gattc_conn_cback() - cif=3 connected=0 conn_id=3 reason=0x0013
04-09 16:05:04.540  2735  2813 W bt_btif : bta_gattc_conn_cback() - cif=4 connected=0 conn_id=4 reason=0x0013
04-09 16:05:04.541  2735  2813 W bt_btif : bta_gattc_conn_cback() - cif=6 connected=0 conn_id=6 reason=0x0013
04-09 16:05:04.542  2735  2813 I bt_btm_sec: btm_sec_disconnected clearing pending flag handle:128 reason:19
04-09 16:05:04.543  2735  2762 W bt_btif : btif_av_move_idle: ACL Disconnected state 0 bd_addr=5a:8b:f5:73:05:07 peer_bda=00:00:00:00:00:00
04-09 16:05:04.543  2735  2762 I bluetoothtbd: [0409/033504.543368:INFO:adapter.cc(719)] ACL state changed: 5A:8B:F5:73:05:07 - connected: false
04-09 16:05:04.544  3078  3078 I cast_shell: [3081:3121:ERROR:bluetooth_v1_via_v2.cc(796)] Connection state changed. :07 false
04-09 16:05:04.954  3078  3078 I cast_shell: [3081:3131:INFO:mdns_app_filter.cc(1526)] MdnsAppFilter: Done announcing.
04-09 16:05:04.993  2945  3513 I airplay_v2_0_6: 2022-04-09 16:05:04.992959 [AirPlayDemo] AirPlayDemoServerCopyProperty Password is <<NULL>>
04-09 16:05:04.994  2713  2713 I lucitransport: readRemoteMessage() MID char = 90 buffer = Bedroom speaker 2
04-09 16:05:04.996  2945  3488 I airplay_v2_0_6: 2022-04-09 16:05:04.996274 [AirPlay] Registering Bonjour _airplay._tcp. port 7000
04-09 16:05:04.998  2945  3513 I airplay_v2_0_6: 2022-04-09 16:05:04.997998 [AirPlayDemo] AirPlayDemoServerCopyProperty Password is <<NULL>>
04-09 16:05:04.999  2945  3513 I airplay_v2_0_6: 2022-04-09 16:05:04.999673 [AirPlayDemo] AirPlayDemoServerCopyProperty Password is <<NULL>>
04-09 16:05:05.000  2713  2713 I lucitransport: readRemoteMessage() MID char = 90 buffer = Bedroom speaker 2
04-09 16:05:05.001  2945  3488 I airplay_v2_0_6: 2022-04-09 16:05:05.001626 [AirPlay] Registering Bonjour CC909321F384@Bedroom speaker 2._raop._tcp. port 7000
04-09 16:05:05.043  3078  3078 I cast_shell: [3081:3132:INFO:metrics_recorder.cc(282)] Cast v2 action(socket_id=b44b61db-9acd-9066-d1f9-91456cdd81dd.2): CastV2.Connection.Connect.In
04-09 16:05:05.044  3078  3078 I cast_shell: [3081:3121:INFO:setup_namespace_handler.cc(94)] Added a peer for setup namespace: b44b61db-9acd-9066-d1f9-91456cdd81dd.2:gms_cast_prober-1
04-09 16:05:05.044  3078  3078 I cast_shell: [3081:3121:INFO:setup_state.cc(544)] EurekaInfoCalled: wifi_state=10, is_usable_ip_address=1, connected=1, is_initial_setup=0
04-09 16:05:05.045  3078  3078 I cast_shell: [3081:3081:INFO:cast_system_memory_pressure_evaluator.cc(179)] ConfigRelaxMemoryPressureThresholds, 0.1, 0.2
04-09 16:05:05.053  3078  3078 I cast_shell: [3516:3516:INFO:cast_content_renderer_client_internal.cc(83)] Render process started.
04-09 16:05:05.060  3078  3078 I cast_shell: [3081:3081:INFO:application_manager_impl.cc(1417)] Starting background app: CC1AD845 (Default Media Receiver), session_id=422210af-bd64-4356-92ad-8f04f05166aa
04-09 16:05:05.060  3078  3078 I cast_shell: [3081:3132:INFO:v2_transport.cc(458)] Added Cast V2 endpoint: id=422210af-bd64-4356-92ad-8f04f05166aa, socket_factory_id=[PII](b44b61db-9acd-9066-d1f9-91456cdd81dd)
04-09 16:05:05.060  3078  3078 I cast_shell: [3081:3081:INFO:cast_media_blocker.cc(43)] UpdatePlayingState media_loading_blocked=1 media_starting_blocked=0 suspended=1 controllable=0 paused_by_user=1
04-09 16:05:05.061  3078  3078 I cast_shell: [3081:3081:INFO:application_message_handler.cc(1747)] Scheduling IpcTimerCheck
04-09 16:05:05.061  3078  3078 I cast_shell: [3081:3081:INFO:application_manager_impl.cc(1565)] App starting: CC1AD845 (Default Media Receiver), session_id=422210af-bd64-4356-92ad-8f04f05166aa
04-09 16:05:05.061  3078  3078 I cast_shell: [3081:3081:INFO:application_identification_settings.cc(410)] new ApplicationIdentificationSettings session_id: 422210af-bd64-4356-92ad-8f04f05166aa app_id: CC1AD845 flags: 0 headers: 0
04-09 16:05:05.063  3078  3078 I cast_shell: [3081:3081:INFO:cast_media_blocker.cc(81)] MediaSessionInfoChanged media_loading_blocked=1 media_starting_blocked=0 is_suspended=1 is_controllable=0 paused_by_user=1
04-09 16:05:05.064  3078  3078 I cast_shell: [3081:3131:INFO:mdns_util.cc(102)] Defaulting mDNS capabilities for audio-only build
04-09 16:05:05.070  3078  3078 I cast_shell: [3081:3081:INFO:web_application.cc(817)] [422210af] Supported bitstream audio codecs info: [codecs]None[spatial_rendering]None
04-09 16:05:05.070  3078  3078 I cast_shell: [3081:3081:INFO:cast_web_contents_impl.cc(242)] Load url: https://www.gstatic.com/cast/sdk/default_receiver/dogfood/app.html?skin=https://www.gstatic.com/eureka/player/0000/skins/cast/skin.css
04-09 16:05:05.071  3078  3078 I cast_shell: [3081:3081:INFO:cast_content_browser_client_internal.cc(975)] Disabling images support for application: CC1AD845
04-09 16:05:05.078  3078  3078 I cast_shell: [3081:3081:INFO:web_application.cc(991)] [422210af] Page state changed: app=CC1AD845 page_state=LOADING
04-09 16:05:05.081  3078  3078 I cast_shell: [3081:3081:INFO:web_application.cc(585)] [422210af] Updating app visibility to hidden for background mode.
04-09 16:05:05.081  3078  3078 I cast_shell: [3081:3081:INFO:application_manager_impl.cc(1579)] App pending: CC1AD845 (Default Media Receiver), session_id=422210af-bd64-4356-92ad-8f04f05166aa
04-09 16:05:05.081  3078  3078 I cast_shell: [3081:3131:INFO:mdns_util.cc(102)] Defaulting mDNS capabilities for audio-only build
04-09 16:05:05.083  3078  3078 I cast_shell: [3081:3081:INFO:mdns_util.cc(102)] Defaulting mDNS capabilities for audio-only build
04-09 16:05:05.083  3078  3078 I cast_shell: [3081:3081:INFO:mdns_util.cc(102)] Defaulting mDNS capabilities for audio-only build
04-09 16:05:05.084  3078  3078 I cast_shell: [3081:3081:INFO:cast_renderer_oom_adj_manager.cc(82)] Registering renderer 3516
04-09 16:05:05.084  3078  3078 I cast_shell: [3081:3088:INFO:cast_renderer_oom_adj_manager.cc(90)] Adjusting OOM score for renderer(3516) to 400
04-09 16:05:05.084  3078  3078 I cast_shell: [3081:3088:WARNING:cast_renderer_oom_adj_manager.cc(92)] OOM score adjustment failed for renderer(3516)
04-09 16:05:05.122  3078  3078 I cast_shell: [3516:3516:INFO:media_playback_options.cc(70)] Render frame actions are blocked.
04-09 16:05:05.153  3078  3078 I cast_shell: [3516:3516:INFO:media_playback_options.cc(70)] Render frame actions are blocked.
04-09 16:05:05.153  3078  3078 I cast_shell: [3516:3516:INFO:media_caps.cc(24)] ScreenResolutionChanged resolution=0x0
04-09 16:05:05.158  3078  3078 I cast_shell: [3516:3516:INFO:media_caps.cc(54)] ScreenInfoChanged HDCP version=0 Supported EOTFs=0 DolbyVision flags=0 Screen size(mm): 0x0 cur mode HDR=0 cur mode DV=0
04-09 16:05:05.181  3078  3078 I cast_shell: [3081:3132:INFO:v2_ssl_socket.cc(358)] Stop reading on pending closed socket
04-09 16:05:05.181  3078  3078 I cast_shell: [3081:3121:INFO:setup_namespace_handler.cc(104)] Removed a peer for setup namespace: b44b61db-9acd-9066-d1f9-91456cdd81dd.2:gms_cast_prober-1
04-09 16:05:05.850  3078  3078 I cast_shell: [3516:3516:INFO:cast_content_client.cc(103)] Active URL: https://www.gstatic.com/cast/sdk/default_receiver/dogfood/app.html?skin=https://www.gstatic.com/eureka/player/0000/skins/cast/skin.css&google_cast_bg=true for origin 'null'
04-09 16:05:05.864  3078  3078 I cast_shell: [3081:3081:INFO:cast_content_client.cc(103)] Active URL: https://www.gstatic.com/cast/sdk/default_receiver/dogfood/app.html?skin=https://www.gstatic.com/eureka/player/0000/skins/cast/skin.css&google_cast_bg=true for origin 'null [internally: (19A581A84737AC7673529257C90A0B75) anonymous]'
04-09 16:05:05.868  3078  3078 I cast_shell: [3081:3435:INFO:process_memory_recorder_utils.cc(43)] CC1AD845 using 41112kB memory
04-09 16:05:05.889  3078  3078 I cast_shell: [3516:3516:INFO:feature_manager.cc(174)] Enabling bindings: 
04-09 16:05:05.913  3078  3078 I cast_shell: [3516:3516:INFO:feature_manager.cc(174)] Enabling bindings: 
04-09 16:05:06.461  3078  3078 I cast_shell: [3081:3081:INFO:metrics_recorder.cc(282)] cast event: Cloud.Transport.Https.Register.Out.Success
04-09 16:05:06.461  3078  3078 I cast_shell: [3081:3081:WARNING:ccs_transport_util.cc(409)] Auth info absent from the config reply from CCS.
04-09 16:05:06.461  3078  3078 I cast_shell: [3081:3081:WARNING:ccs_transport_util.cc(313)] Missing SensingSettings in the CCS config.
04-09 16:05:06.461  3078  3078 I cast_shell: [3081:3081:INFO:metrics_recorder.cc(282)] cast event: Cloud.Transport.Https.Config.In
04-09 16:05:06.461  3078  3078 I cast_shell: [3081:3081:INFO:ccs_manager_impl.cc(1150)] Handling CONFIG message from CCS.
04-09 16:05:06.461  3078  3078 I cast_shell: [3081:3081:INFO:ccs_manager_impl.cc(1151)] [PII] device_id=F74EC161DF61D6780201131D0636E4A5
04-09 16:05:06.461  3078  3078 I cast_shell: [3081:3081:INFO:metrics_recorder.cc(282)] Record action: Cloud.Transport.Https.LinkedStatus.NotLinked
04-09 16:05:06.461  3078  3078 I cast_shell: [3081:3081:INFO:structure_info_from_home_graph.cc(53)] received config from home graph. Will use it: 1
04-09 16:05:06.462  3078  3078 I cast_shell: [3081:3081:INFO:structure_info_from_home_graph.cc(59)] Num devices in the structure: 0
04-09 16:05:06.462  3078  3078 I cast_shell: [3081:3081:INFO:ccs_heartbeat_listener.cc(56)] Setting heartbeat interval from CCS: 120000ms
04-09 16:05:06.462  3078  3078 I cast_shell: [3081:3089:INFO:heartbeat_manager.cc(306)] Set client HB: 120000
04-09 16:05:06.471  3078  3078 I cast_shell: [3081:3081:INFO:user_auth_impl.cc(267)] linked status: NOT_LINKED
04-09 16:05:06.473  3078  3078 I cast_shell: [3081:3081:INFO:robot_account_auth_manager.cc(320)] V1 AuthManager received a UpdateAuthToken request
04-09 16:05:06.473  3078  3078 I cast_shell: [3081:3081:INFO:ccs_transport_https.cc(1352)] No cloud settings in response
04-09 16:05:06.474  3078  3078 I cast_shell: [3081:3081:INFO:gcm_manager.cc(238)] GCM connection lost.
04-09 16:05:06.763  3078  3078 I cast_shell: [3081:3081:INFO:CONSOLE(116)] Cast App (CC1AD845): " [  0.001s] [cast.receiver.IpcChannel] Opening platform websocket ", source: https://www.gstatic.com/cast/sdk/libs/caf_receiver/v3/cast_receiver_framework.js (116)
04-09 16:05:06.774  3078  3078 I cast_shell: [3516:3516:INFO:media_source_impl.cc(363)] isTypeSupported("video/mp4;codecs=hev1.2.4.L153.B0") -> false (not supported by HTMLMediaElement)
04-09 16:05:06.775  3078  3078 I cast_shell: [3516:3516:INFO:media_source_impl.cc(363)] isTypeSupported("video/mp4;codecs=dvhe.04.06") -> false (not supported by HTMLMediaElement)
04-09 16:05:06.776  3078  3078 I cast_shell: [3081:3081:INFO:CONSOLE(1162)] Cast App (CC1AD845): "canDisplayType(video/mp4; codecs=hev1.2.4.L153.B0; eotf=smpte2084): Codec not supported.", source:  (1162)
04-09 16:05:06.777  3078  3078 I cast_shell: [3081:3081:INFO:CONSOLE(1162)] Cast App (CC1AD845): "canDisplayType(video/mp4; codecs=dvhe.04.06): Codec not supported.", source:  (1162)
04-09 16:05:06.777  3078  3078 I cast_shell: [3516:3516:INFO:media_source_impl.cc(363)] isTypeSupported("audio/mp4;codecs=ec-3") -> false (not supported by HTMLMediaElement)
04-09 16:05:06.778  3078  3078 I cast_shell: [3081:3081:INFO:CONSOLE(1162)] Cast App (CC1AD845): "canDisplayType(audio/mp4; codecs=ec-3; spatialRendering=true): Codec not supported.", source:  (1162)
04-09 16:05:06.788  3078  3078 I cast_shell: [3516:0xb0170b70]     1700 ms: Scavenge 1.8 (1.9) -> 1.6 (2.4) MB, 4.9 / 0.1 ms  (average mu = 1.000, current mu = 1.000) allocation failure 
04-09 16:05:06.795  3078  3078 I cast_shell: [3081:3081:INFO:CONSOLE(739)] Cast App (CC1AD845): "Lit is in dev mode. Not recommended for production! See https://lit.dev/msg/dev-mode for more information.", source: https://www.gstatic.com/cast/sdk/libs/caf_receiver/v3/cast_receiver_framework.js (739)
04-09 16:05:06.802  3078  3078 I cast_shell: [3081:3081:INFO:CONSOLE(36)] Cast App (CC1AD845): "Unknown queryable value: log-level-cast-receiver", source:  (36)
04-09 16:05:06.916  3078  3078 I cast_shell: [3081:3081:INFO:CONSOLE(836)] Cast App (CC1AD845): "CAST SDK CAF Version: 3.0.0103", source: https://www.gstatic.com/cast/sdk/libs/caf_receiver/v3/cast_receiver_framework.js (836)
04-09 16:05:06.937  3078  3078 I cast_shell: [3516:0xb0170b70]     1850 ms: Scavenge 2.3 (2.9) -> 2.1 (3.1) MB, 6.2 / 0.0 ms  (average mu = 1.000, current mu = 1.000) allocation failure 
04-09 16:05:06.962  3078  3078 I cast_shell: [3516:3516:INFO:html_media_element.cc(538)] HTMLMediaElement(0x369e2f30)
04-09 16:05:07.015  3078  3078 I cast_shell: [3516:3516:INFO:identification_settings_manager.cc(68)] CSS URL detected and replaced with empty text URI.
04-09 16:05:07.016  3078  3078 I cast_shell: [3516:3516:INFO:identification_settings_manager.cc(169)] WillStartResourceRequest: replacement URL found
04-09 16:05:07.030  3078  3078 I cast_shell: [3081:3081:INFO:metrics_recorder.cc(282)] cast event: Cloud.Transport.Https.Register.Out.Success
