04-09 16:50:08.954  3091  3091 I cast_shell: [3094:3094:INFO:ccs_manager_impl.cc(851)] Network connectivity down for CcsManager
04-09 16:50:08.954  3091  3091 I cast_shell: [3094:3094:INFO:grpc_auth_manager_in_process.cc(135)] Initializing Auth.
04-09 16:50:08.954  3091  3091 I cast_shell: [3094:3094:INFO:grpc_manager_impl.cc(505)] GRPC[uri=[::]:8012]: num_pending_calls=0, num_active_handlers=0, num_free_handlers=0
04-09 16:50:08.956  3091  3091 I cast_shell: [system_updater_dummy.cpp(79)] Initialize
04-09 16:50:08.956  3091  3091 I cast_shell: [system_updater_dummy.cpp(29)] system_updater_socket_create
04-09 16:50:08.958  3091  3091 I cast_shell: [3094:3094:INFO:grpc_manager_impl.cc(317)] Grpc server started in port 8012
04-09 16:50:08.958  3091  3091 I cast_shell: [3094:3142:INFO:mdns_app_filter.cc(1605)] Re-probing due to newly registered service '1': _googlerpc
04-09 16:50:08.960  3091  3091 I cast_shell: [3094:3113:INFO:cast_auth_api_adaptor.cc(82)] CastAuth: init with library: libcast_auth.so
04-09 16:50:08.960  3091  3091 I cast_shell: [3094:3094:INFO:mdns_manager_impl.cc(468)] Setting new conflict callback
04-09 16:50:08.960  3091  3091 I cast_shell: [3094:3094:INFO:mdns_util.cc(102)] Defaulting mDNS capabilities for audio-only build
04-09 16:50:08.960  3091  3091 I cast_shell: [3094:3132:INFO:ble_setup.cc(789)] Missing required info for sign.
04-09 16:50:08.962  3091  3091 I cast_shell: [3094:3094:INFO:ccs_manager_impl.cc(1322)] Waiting for all transports to be enabled
04-09 16:50:08.962  3091  3091 I cast_shell: [3094:3094:INFO:bluetooth_setup.cc(690)] Disabling connectability.
04-09 16:50:08.962  3091  3091 I cast_shell: [3094:3094:INFO:input_manager_impl.cc(468)] Using virtual device 55197457-d55d-5f1e-7f54-b38bd021d851
04-09 16:50:08.962  3091  3091 I cast_shell: [3094:3094:INFO:virtual_device_manager.cc(247)] Virtual device [PII](55197457-d55d-5f1e-7f54-b38bd021d851) using Cast V2 port 8009
04-09 16:50:08.964  3091  3091 I cast_shell: [3094:3142:INFO:mdns_app_filter.cc(1605)] Re-probing due to newly registered service '2': _googlecast
04-09 16:50:08.964  3091  3091 I cast_shell: [3094:3142:INFO:mdns_util.cc(102)] Defaulting mDNS capabilities for audio-only build
04-09 16:50:08.966  3091  3091 I cast_shell: [3094:3113:INFO:cast_auth_api_adaptor.cc(93)] CastAuth: common module initialization successful.
04-09 16:50:08.967  3091  3091 I cast_shell: [3094:3113:INFO:cast_auth_api_adaptor.cc(98)] CastAuth: model-based module initialization successful.
04-09 16:50:08.967  3091  3091 I cast_shell: [3094:3094:INFO:device_info_impl.cc(1094)] Primary netif changed: new=usb0, old=
04-09 16:50:08.967  3091  3091 I cast_shell: [3094:3094:INFO:device_info_impl.cc(1103)] Primary IP address changed: netif=usb0, new=192.168.10.1, old=
04-09 16:50:08.967  3091  3091 I cast_shell: [3094:3094:INFO:metrics_recorder.cc(282)] cast event: Cast.System.Timezone.ChangeSuccessful
04-09 16:50:08.967  3091  3091 I cast_shell: [3094:3094:WARNING:channel_selector_impl.cc(113)] Cannot get selected channels from json, will use the previous value {0,1}.
04-09 16:50:08.968  3091  3091 I cast_shell: [3094:3142:INFO:mdns_util.cc(102)] Defaulting mDNS capabilities for audio-only build
04-09 16:50:08.968  3091  3091 I cast_shell: [3094:3094:INFO:mdns_manager_impl.cc(311)] Successfully registered service: type=_googlerpc
04-09 16:50:08.968  3091  3091 I cast_shell: [3094:3094:INFO:mdns_manager_impl.cc(311)] Successfully registered service: type=_googlecast
04-09 16:50:08.968  3091  3091 I cast_shell: [3094:3094:INFO:virtual_device.cc(254)] Registered mDNS service for virtual device: id=55197457-d55d-5f1e-7f54-b38bd021d851
04-09 16:50:08.969  3091  3091 I cast_shell: [3094:3094:INFO:cast_receiver_impl.cc(1612)] mDNS Discovery stopped.
04-09 16:50:08.969  3091  3091 I cast_shell: [3094:3142:INFO:mdns_app_filter.cc(1702)] MdnsAppFilter is stopping
04-09 16:50:08.997  2964  2990 I otamanager: OTAManager connected to CastUpdater via  /tmp/socket/system_updater
04-09 16:50:08.997  2964  2990 I otamanager: cast_updater_threadEntry socket handle 5
04-09 16:50:08.998  3091  3091 I cast_shell: [3094:3156:WARNING:crl_downloader.cc(136)] CRL failed to restore.
04-09 16:50:09.011  3091  3091 I cast_shell: [3094:3094:INFO:secure_storage_impl.cc(107)] Secure storage initialized.
04-09 16:50:09.012  3091  3091 I cast_shell: [3094:3094:INFO:ccs_manager_impl.cc(851)] Network connectivity down for CcsManager
04-09 16:50:09.090  2957  2968 D wac-main: Netlink event
04-09 16:50:09.090  2957  2968 E wac-main: Netlink event 16 Interface Index 6 
04-09 16:50:09.090  2957  2968 E wac-main: p2p0 event Link Changed : 1002 
04-09 16:50:09.090  2957  2968 E wac-main: Enter poll and wait
04-09 16:50:09.090  2709  2721 I yani_kernel: yani_geteventfrom_changeaddr() Message-Id '1' Netlink event '16' Interface Index '6' -> Name 'p2p0' 
04-09 16:50:09.097  2731  2741 I HotspotManager: setSSID <SSID omitted> visible
04-09 16:50:09.107  3091  3091 I cast_shell: [3094:3142:INFO:metrics_recorder.cc(282)] cast event: Cast.Discovery.Mdns.SocketCreated
04-09 16:50:09.107  3091  3091 I cast_shell: [3094:3142:INFO:mdns_app_filter.cc(1254)] Created mDNS socket for interface:name=p2p1, address=192.168.2.1, index=7
04-09 16:50:09.107  3091  3091 I cast_shell: [3094:3142:INFO:metrics_recorder.cc(282)] cast event: Cast.Discovery.Mdns.SocketCreated
04-09 16:50:09.107  3091  3091 I cast_shell: [3094:3142:INFO:mdns_app_filter.cc(1254)] Created mDNS socket for interface:name=usb0, address=192.168.10.1, index=9
04-09 16:50:09.107  3091  3091 I cast_shell: [3094:3142:INFO:mdns_app_filter.cc(977)] MdnsAppFilter is starting.
04-09 16:50:09.113  2731  2741 E WifiUtil: command: "SCAN" failed: FAIL-BUSY
04-09 16:50:09.113  3091  3091 I cast_shell: [3094:3132:INFO:bluetooth_manager.cc(1232)] [PII] Set device name to 'LSB3043'
04-09 16:50:09.113  2731  2741 I HotspotManager: hotspot start
04-09 16:50:09.114  2731  2741 E WifiUtil: Setting interface p2p0 up.
04-09 16:50:09.114  2734  2763 I bluetoothtbd: [0409/042009.114360:INFO:adapter.cc(551)] Adapter properties changed
04-09 16:50:09.114  3091  3091 I cast_shell: [3094:3132:INFO:bluetooth_manager.cc(115)] Record action: Cast.Bluetooth.DiscoveryMode.Disable
04-09 16:50:09.114  2731  2741 E WifiUtil: ioctl SIOCGIWFREQ fails for wlan0 Bad address
04-09 16:50:09.115  2709  2721 I yani_kernel: yani_geteventfrom_changeaddr() Message-Id '1' Netlink event '16' Interface Index '6' -> Name 'p2p0' 
04-09 16:50:09.115  2957  2968 D wac-main: Netlink event
04-09 16:50:09.122  3091  3091 I cast_shell: [3094:3132:WARNING:setup_manager_impl.cc(1136)] NAT not supported, no captive portal support.
04-09 16:50:09.122  3091  3091 I cast_shell: [3094:3132:INFO:ble_setup.cc(1106)] Cleared generated LAT.
04-09 16:50:09.335  2958  3002 I LibreCastControl: LibreCastControl_init() Socket Initialized
04-09 16:50:09.344  2958  3002 E LibreCastControl: PULSAR:CreateCastControlThread:18
04-09 16:50:09.345  2958  3002 E LibreCastControl: Create LibreCastLUCITimerThreadInit 
04-09 16:50:09.345  2958  3169 E LibreCastControl: PULSAR:Run:23
04-09 16:50:09.346  2958  3170 E LibreCastControl: Timer Sem Wait Start iCastPlayerstate = 0 
04-09 16:50:09.359  2689  2689 I sh      : [0409/042009.358776:INFO:cast_control_impl.cc(744)] CastControl has started running.
04-09 16:50:09.359  2689  2689 I sh      : [0409/042009.359693:INFO:cast_control_impl.cc(745)] Attempting to connect CastMessageService. socket=/tmp/cast-control
04-09 16:50:09.362  2958  3169 I LibreCastControlDelegate: OnCastStatus() +++ :0xaafb5198:STARTING
04-09 16:50:09.362  2689  2689 I sh      : [0409/042009.362776:INFO:cast_control_socket.cc(64)] Successfully connected Cast Control Socket
04-09 16:50:09.362  2958  3169 E LibreCastControlDelegate: OnCastStatus:177
04-09 16:50:09.364  2958  3169 I LibreCastControl: LibreCastControl_SetCastName()  name 'Lyric Speaker Box 21f384' RequestId '1' pCastControl 0xf4c00728
04-09 16:50:09.364  2958  3169 I LibreCastControlDelegate: Active Applications -> 0
04-09 16:50:09.364  2958  3169 I LibreCastControlDelegate: Current Cast State '1' -> 'STARTING'
04-09 16:50:09.364  2958  3169 I LibreCastControlDelegate: OnCastStatus() ---
04-09 16:50:09.364  2689  2689 I sh      : [0409/042009.364757:INFO:cast_message_service_impl.cc(185)] Sending connect message!
04-09 16:50:09.369  3091  3091 I cast_shell: [3094:3143:INFO:metrics_recorder.cc(282)] Cast v2 action(socket_id=domain-socket@/tmp/cast-control.1): CastV2.Connection.Connect.In
04-09 16:50:09.369  3091  3091 I cast_shell: [3094:3094:INFO:resource_namespace_handler.cc(307)] Setting resource provider: sender_id=domain-socket@/tmp/cast-control.1:system-0
04-09 16:50:09.369  2689  2689 I sh      : [0409/042009.369773:INFO:cast_message_service_impl.cc(1007)] CastMessageServiceImpl matched versions
04-09 16:50:09.584  2731  2741 I WifiUtil: get p2p0 channel 6 (2437MHz)
04-09 16:50:09.584  2731  2741 I HotspotManager: start hostapd at channel=6 SSID=<SSID omitted> hidden_ssid=0
04-09 16:50:09.585  2957  2968 D wac-main: Netlink event
04-09 16:50:09.585  2957  2968 E wac-main: Netlink event 20 Interface Index 6 
04-09 16:50:09.585  2957  2968 E wac-main: Enter poll and wait
04-09 16:50:09.585  2957  2968 D wac-main: Netlink event
04-09 16:50:09.585  2957  2968 E wac-main: Netlink event 21 Interface Index 6 
04-09 16:50:09.585  2957  2968 E wac-main: Enter poll and wait
04-09 16:50:09.586  2709  2721 I yani_kernel: yani_geteventfrom_changeaddr() Message-Id '1' Netlink event '20' Interface Index '6' -> Name 'p2p0' 
04-09 16:50:09.589  2731  2741 I HotspotManager: start dnsmasq
04-09 16:50:09.590  2957  2968 D wac-main: Netlink event
04-09 16:50:09.590  2957  2968 E wac-main: Netlink event 20 Interface Index 6 
04-09 16:50:09.590  2957  2968 E wac-main: Enter poll and wait
04-09 16:50:09.598  3091  3091 I cast_shell: [3094:3132:INFO:setup_namespace_handler.cc(94)] Added a peer for setup namespace: domain-socket@/tmp/cast-control.1:system-0
04-09 16:50:09.598  3091  3091 I cast_shell: [3094:3145:INFO:multizone_group.cc(357)] Change name for group [PII](ACA2A7C77DE1160B0FE0842DDA235683) to [PII](Lyric Speaker Box 21f384)
04-09 16:50:09.607  3091  3091 I cast_shell: [3094:3094:INFO:device_info_impl.cc(1133)] SSDP Config ID is increased: id=2
04-09 16:50:09.608  3091  3091 I cast_shell: [3094:3094:INFO:device_info_impl.cc(1133)] SSDP Config ID is increased: id=3
04-09 16:50:09.609  3091  3091 I cast_shell: [3094:3142:INFO:mdns_util.cc(102)] Defaulting mDNS capabilities for audio-only build
04-09 16:50:09.609  3091  3091 I cast_shell: [3094:3142:INFO:mdns_util.cc(102)] Defaulting mDNS capabilities for audio-only build
04-09 16:50:09.611  2734  2763 I bluetoothtbd: [0409/042009.611784:INFO:adapter.cc(551)] Adapter properties changed
04-09 16:50:09.611  2734  2763 I bluetoothtbd: [0409/042009.611912:INFO:adapter.cc(573)] Adapter name changed
04-09 16:50:09.613  2958  3169 I LibreCastControlDelegate: OnResponse() ReqeustID 1, error  0
04-09 16:50:09.616  3091  3091 I cast_shell: [3094:3132:INFO:bluetooth_manager.cc(1232)] [PII] Set device name to 'Lyric Speaker Box 21f384'
04-09 16:50:09.616  3171  3171 I hostapd : IEEE 802.11: Steering disabled
04-09 16:50:09.620  3091  3091 I cast_shell: [3094:3094:INFO:mdns_manager_impl.cc(429)] Successfully updated service: type=_googlecast
04-09 16:50:09.620  3091  3091 I cast_shell: [3094:3094:INFO:virtual_device.cc(296)] Updated mDNS service for virtual device: id=55197457-d55d-5f1e-7f54-b38bd021d851
04-09 16:50:09.620  3091  3091 I cast_shell: [3094:3094:INFO:mdns_manager_impl.cc(429)] Successfully updated service: type=_googlecast
04-09 16:50:09.620  3091  3091 I cast_shell: [3094:3094:INFO:virtual_device.cc(296)] Updated mDNS service for virtual device: id=55197457-d55d-5f1e-7f54-b38bd021d851
04-09 16:50:09.622  2958  3169 I LibreCastControlDelegate: OnCastStatus() +++ LSB3043:0xaafb5198:NOT_SETUP
04-09 16:50:09.623  2958  3169 I LibreCastControlDelegate: Device Build Number -> '1.52.272222'
04-09 16:50:09.623  2958  3169 I librecast: updateCastBuildVersion() Version 1.52.272222
04-09 16:50:09.623  2710  2717 I lucitransport: readRemoteMessage() MID char = 7 buffer = (null)
04-09 16:50:09.623  2958  3169 E librecast: librecast::updateCastBuildVersion Cast build version number = 1.52.272222
04-09 16:50:09.623  2958  3169 E librecast: castVersion = 1.52.272222
04-09 16:50:09.623  2710  2717 I lucitransport: writeRemoteMessage() MID = 7 buffer = 1.52.272222
04-09 16:50:09.623  2710  2717 I luciUART: write() MID = 7  bytes = 21 data = 1.52.272222 m_fd = 0x5
04-09 16:50:09.631  2958  3169 I LibreCastControlDelegate: Active Applications -> 0
04-09 16:50:09.631  2958  3169 I LibreCastControlDelegate: Current Cast State '2' -> 'NOT_SETUP'
04-09 16:50:09.631  2958  3169 I LibreCastControlDelegate: OnCastStatus() ---
04-09 16:50:09.660  2958  3169 I LibreCastControl: LibreCastControl_RequestGVAStatus() RequestId '5' pCastControl 0xf4c00728
04-09 16:50:09.661  2689  2689 I sh      : [0409/042009.660810:INFO:cast_message_service_impl.cc(1076)] CastMessageServiceImpl is ready
04-09 16:50:09.662  3091  3091 I cast_shell: [3094:3094:INFO:assistant_namespace_handler.cc(144)] Added a status listening peer for assistant namespace: domain-socket@/tmp/cast-control.1:system-0
04-09 16:50:09.662  2958  3169 I LibreCastControlDelegate: OnResponse() ReqeustID 5, error  0
04-09 16:50:10.427  3091  3091 I cast_shell: [3094:3145:INFO:multizone_manager.cc(1889)] Initial discovery complete
04-09 16:50:10.428  3091  3091 I cast_shell: [3094:3142:INFO:mdns_app_filter.cc(1605)] Re-probing due to newly registered service '3': _googlezone
04-09 16:50:10.429  3091  3091 I cast_shell: [3094:3094:INFO:mdns_manager_impl.cc(311)] Successfully registered service: type=_googlezone
04-09 16:50:10.450  3091  3091 I cast_shell: [3094:3094:INFO:crypto_manager.cc(278)] Public key: MIIBCgKCAQEAhvqc21Ex68n30JdArwHl0b/Q6at+a1izix2hQhISHqVvwAK6gzd1nhvrSirxV2KeuYqpnUfPmpIuyFwFqtbMr7xmIPgnlZj095CQGTFpyiYIhwMO8/pGZkYCziZErUYLYdHFJ6M4GhYBqlXge20Wj6P1JU3wIK07fqsxL7oPomYD8Msnu7AhlAQ44oWXf6kFNf7EJRsn9JfHL8L/Fs+h3BJCDZWk2ZkGFywtS9LrJFb00/k74i7klenJ2ESsLw6wnCefBVJtvfHTiEoEZn5+xj/IKaN8xaScfOZudyRA+XxVQlota4s/vXGFHBS3/9W8le6WO/xWID2IL3O9/1JJeQIDAQAB
04-09 16:50:10.450  3091  3091 I cast_shell: [3094:3094:INFO:crypto_manager.cc(289)] Public modulus: hvqc21Ex68n30JdArwHl0b_Q6at-a1izix2hQhISHqVvwAK6gzd1nhvrSirxV2KeuYqpnUfPmpIuyFwFqtbMr7xmIPgnlZj095CQGTFpyiYIhwMO8_pGZkYCziZErUYLYdHFJ6M4GhYBqlXge20Wj6P1JU3wIK07fqsxL7oPomYD8Msnu7AhlAQ44oWXf6kFNf7EJRsn9JfHL8L_Fs-h3BJCDZWk2ZkGFywtS9LrJFb00_k74i7klenJ2ESsLw6wnCefBVJtvfHTiEoEZn5-xj_IKaN8xaScfOZudyRA-XxVQlota4s_vXGFHBS3_9W8le6WO_xWID2IL3O9_1JJeQ
04-09 16:50:10.450  3091  3091 I cast_shell: [3094:3094:INFO:crypto_manager.cc(294)] Public exponent: AQAB
04-09 16:50:10.489  2957  2968 D wac-main: Netlink event
04-09 16:50:10.489  2957  2968 E wac-main: Netlink event 16 Interface Index 6 
04-09 16:50:10.489  2957  2968 E wac-main: p2p0 event Link Changed : 1002 
04-09 16:50:10.489  2957  2968 E wac-main: Enter poll and wait
04-09 16:50:10.492  2709  2721 I yani_server: doLotofWork() List of interface '4'
04-09 16:50:10.492  2709  2721 I yani_server: doLotofWork() Interface 'p2p0' ifr[0].ifr_name 'lo' ipaddress '127.0.0.1'
04-09 16:50:10.492  2709  2721 I yani_server: doLotofWork() Interface 'p2p0' ifr[1].ifr_name 'p2p0' ipaddress '192.168.255.249'
04-09 16:50:10.492  2709  2721 I yani_server: doLotofWork() returns 'REFILL WACMODE'
04-09 16:50:10.492  2709  2721 E yani_server: YANI: I am Done Wait For Event 
04-09 16:50:10.492  2709  2721 I yani_kernel: yani_geteventfrom_changeaddr() Message-Id '1' Netlink event '21' Interface Index '6' -> Name 'p2p0' 
04-09 16:50:10.493  2709  2814 I yani_server: onNetworkParametersChanged() WAC Mode '1'  Index '2' Interface 'p2p0' Status '1'
04-09 16:50:10.494  3173  3173 I dnsmasq : started, version 2.51 DNS disabled
04-09 16:50:10.494  3173  3173 I dnsmasq : compile time options: no-IPv6 GNU-getopt no-DBus no-I18N DHCP no-scripts no-TFTP
04-09 16:50:10.494  3173  3173 I dnsmasq : DHCP, IP range 192.168.255.250 -- 192.168.255.254, lease time 12h
04-09 16:50:10.500  3091  3091 I cast_shell: [3094:3094:INFO:multizone_setup.cc(328)] Configured audio output delay changed. User delay = 0 s, OEM delay = 0.08 s, HDMI delay = 0 s
04-09 16:50:10.500  2958  3169 I LibreCastControlDelegate: Active Applications -> 0
04-09 16:50:10.500  2958  3169 I LibreCastControlDelegate: Current Cast State '2' -> 'NOT_SETUP'
04-09 16:50:10.500  2958  3169 I LibreCastControlDelegate: OnCastStatus() ---
04-09 16:50:10.500  2710  2717 I lucitransport: writeRemoteMessage() MID = 124 buffer = 4#1,0#2,0#3,1#4,1
04-09 16:50:10.501  2958  3169 I LibreCastControlDelegate: OnCastStatus() +++ Lyric Speaker Box 21f384:0xaafb5198:NOT_SETUP
04-09 16:50:10.501  2958  3169 I LibreCastControlDelegate: Device Build Number -> '1.52.272222'
04-09 16:50:10.501  2958  3169 I librecast: updateCastBuildVersion() Version 1.52.272222
04-09 16:50:10.501  2710  2717 I luciUART: write() MID = 124  bytes = 27 data = 4#1,0#2,0#3,1#4,1 m_fd = 0x5
04-09 16:50:10.501  2710  2710 I lucitransport: readRemoteMessage() MID char = 7 buffer = 1.52.272222
04-09 16:50:10.501  2729  2729 E AirableUIHelper: AirableUIHelper::YaniAlert  4 1 
04-09 16:50:10.501  2964  2980 I otamanager: YaniAlert() Interface 4 Status Up
04-09 16:50:10.506  2728  2745 I MB_HANDLER: YaniAlert() Interface '3' Status '0'
04-09 16:50:10.507  2710  2710 I lucitransport: writeRemoteMessage() MID = 124 buffer = 0#1,0#2,0#3,0#4,0
04-09 16:50:10.507  2710  2710 I luciUART: write() MID = 124  bytes = 27 data = 0#1,0#2,0#3,0#4,0 m_fd = 0x5
04-09 16:50:10.507  2729  2729 E AirableUIHelper: AirableUIHelper::YaniAlert  3 0 
04-09 16:50:10.508  2964  2980 I otamanager: YaniAlert() Interface 3 Status Down
04-09 16:50:10.508  2960  2960 I airplay-main: YaniAlert Interface 3 Status 0
04-09 16:50:10.508  2710  2718 E luciUART: UART:aa
04-09 16:50:10.508  2710  2718 E luciUART: UART:aa
04-09 16:50:10.509  2710  2718 E luciUART: UART:2
04-09 16:50:10.509  2710  2718 E luciUART: UART:0
04-09 16:50:10.509  2710  2718 E luciUART: UART:d0
04-09 16:50:10.509  2710  2718 E luciUART: UART:0
04-09 16:50:10.509  2710  2718 I chatty  : uid=0(root) UARTLUCIControl identical 2 lines
04-09 16:50:10.509  2710  2718 E luciUART: UART:0
04-09 16:50:10.509  2710  2718 E luciUART: UART:9
04-09 16:50:10.509  2710  2718 I luciUART: read() RemoteID = 43690 Command = 208 Type = 2 Status = 0 DataLen = 9
04-09 16:50:10.509  2710  2718 E luciUART: Error: full data not available yet! readBytes 0
04-09 16:50:10.509  2710  2718 I luciUART: Previous Packet read contd., 
04-09 16:50:10.509  2710  2718 E luciUART: UART:52
04-09 16:50:10.509  2710  2718 I luciUART: Previous Packet read contd., 
04-09 16:50:10.509  2709  2721 I yani_server: NetLink Event '-1' Interface-Index '5' WLAN '0' Ethernet '-1' Parsed-iFill '-1' -> 'INVALID' ifIndex '1' -> 'lo'
04-09 16:50:10.509  2710  2718 E luciUART: UART:45
04-09 16:50:10.509  2710  2718 I luciUART: Previous Packet read contd., 
04-09 16:50:10.509  2710  2718 E luciUART: UART:41
04-09 16:50:10.509  2710  2718 I luciUART: Previous Packet read contd., 
04-09 16:50:10.513  2709  2721 I yani_server: NetLink Event '6' Interface-Index '6' WLAN '-1' Ethernet '-1' Parsed-iFill '6' -> 'P2P0 CONNECTED' ifIndex '2' -> 'tunl0'
04-09 16:50:10.518  2710  2718 E luciUART: UART:aa
04-09 16:50:10.518  2710  2718 E luciUART: UART:aa
04-09 16:50:10.519  2710  2718 E luciUART: UART:2
04-09 16:50:10.519  2710  2718 E luciUART: UART:0
04-09 16:50:10.519  2710  2718 E luciUART: UART:d0
04-09 16:50:10.519  2710  2718 E luciUART: UART:0
04-09 16:50:10.519  2710  2718 I chatty  : uid=0(root) UARTLUCIControl identical 2 lines
04-09 16:50:10.519  2710  2718 E luciUART: UART:0
04-09 16:50:10.519  2710  2718 E luciUART: UART:9
04-09 16:50:10.519  2710  2718 I luciUART: read() RemoteID = 43690 Command = 208 Type = 2 Status = 0 DataLen = 9
04-09 16:50:10.519  2710  2718 E luciUART: Error: full data not available yet! readBytes 0
04-09 16:50:10.519  2710  2718 I luciUART: Previous Packet read contd., 
04-09 16:50:10.519  2710  2718 E luciUART: UART:52
04-09 16:50:10.519  2710  2718 I luciUART: Previous Packet read contd., 
04-09 16:50:10.519  2710  2718 E luciUART: UART:45
04-09 16:50:10.519  2710  2718 I luciUART: Previous Packet read contd., 
04-09 16:50:10.519  2710  2718 E luciUART: UART:41
04-09 16:50:10.519  2710  2718 I luciUART: Previous Packet read contd., 
04-09 16:50:10.519  2710  2718 E luciUART: UART:44
04-09 16:50:10.519  2710  2718 I luciUART: Previous Packet read contd., 
04-09 16:50:10.519  2710  2718 E luciUART: UART:5f
04-09 16:50:10.519  2710  2718 I luciUART: Previous Packet read contd., 
04-09 16:50:10.519  2710  2718 E luciUART: UART:73
04-09 16:50:10.519  2710  2718 I luciUART: Previous Packet read contd., 
04-09 16:50:10.519  2710  2718 E luciUART: UART:73
04-09 16:50:10.519  2710  2718 I luciUART: Previous Packet read contd., 
04-09 16:50:10.520  2710  2718 E luciUART: UART:69
04-09 16:50:10.520  2710  2718 I luciUART: Previous Packet read contd., 
04-09 16:50:10.520  2710  2718 E luciUART: UART:64
04-09 16:50:10.520  2710  2719 E LUCI_SERVER: Luci Server Thread wait over MID 208....
04-09 16:50:10.520  2710  2719 E LUCI_SERVER: Got NV name : ssid
04-09 16:50:10.521  2710  2719 I luciUART: write() MID = 208  bytes = 15 data = ssid: m_fd = 0x5
04-09 16:50:10.521  2710  2719 E LUCI_SERVER: NV_READ response= ssid:
04-09 16:50:10.521  2710  2719 E LUCI_SERVER: Luci Server Thread waiting for packets....
04-09 16:50:10.979  2957  2968 D wac-main: Netlink event
04-09 16:50:10.980  2957  2968 E wac-main: Netlink event 16 Interface Index 6 
04-09 16:50:10.980  2957  2968 E wac-main: p2p0 event Link Changed : 1003 
04-09 16:50:10.980  2957  2968 E wac-main: Enter poll and wait
04-09 16:50:10.981  3171  3171 I hostapd : p2p0: IEEE 802.11 channel=6 mode=ht bw=20 htcaps=0x177f vhtcaps=0x0 cf_seg0=0 cf_seg1=0
04-09 16:50:10.988  2709  2721 I yani_server: doLotofWork() List of interface '4'
04-09 16:50:10.989  2709  2721 I yani_server: doLotofWork() Interface 'p2p0' ifr[0].ifr_name 'lo' ipaddress '127.0.0.1'
04-09 16:50:10.989  2709  2721 I yani_server: doLotofWork() Interface 'p2p0' ifr[1].ifr_name 'p2p0' ipaddress '192.168.255.249'
04-09 16:50:10.989  2709  2721 I yani_server: doLotofWork() returns 'REFILL WACMODE'
04-09 16:50:10.989  2709  2721 E yani_server: YANI: I am Done Wait For Event 
04-09 16:50:10.989  2709  2814 I yani_server: onNetworkParametersChanged() WAC Mode '1'  Index '2' Interface 'p2p0' Status '1'
04-09 16:50:10.989  2709  2721 I yani_kernel: yani_geteventfrom_changeaddr() Message-Id '1' Netlink event '16' Interface Index '6' -> Name 'p2p0' 
04-09 16:50:10.989  2728  2745 I MB_HANDLER: YaniAlert() Interface '4' Status '1'
04-09 16:50:10.990  2710  2710 I lucitransport: writeRemoteMessage() MID = 124 buffer = 4#1,0#2,0#3,1#4,1
04-09 16:50:10.990  2710  2710 I luciUART: write() MID = 124  bytes = 27 data = 4#1,0#2,0#3,1#4,1 m_fd = 0x5
04-09 16:50:10.990  2729  2729 E AirableUIHelper: AirableUIHelper::YaniAlert  4 1 
04-09 16:50:10.995  2709  2721 I yani_kernel: yani_geteventfrom_changeaddr() Message-Id '1' Netlink event '16' Interface Index '6' -> Name 'p2p0' 
04-09 16:50:10.997  2710  2718 E luciUART: UART:aa
04-09 16:50:10.997  2710  2718 E luciUART: UART:aa
04-09 16:50:10.998  2710  2718 E luciUART: UART:2
04-09 16:50:10.998  2710  2718 E luciUART: UART:0
04-09 16:50:10.998  2710  2718 E luciUART: UART:d0
04-09 16:50:10.998  2710  2718 E luciUART: UART:0
04-09 16:50:10.998  2710  2718 I chatty  : uid=0(root) UARTLUCIControl identical 2 lines
04-09 16:50:10.998  2710  2718 E luciUART: UART:0
04-09 16:50:10.998  2710  2718 E luciUART: UART:9
04-09 16:50:10.998  2710  2718 I luciUART: read() RemoteID = 43690 Command = 208 Type = 2 Status = 0 DataLen = 9
04-09 16:50:10.998  2710  2718 E luciUART: Error: full data not available yet! readBytes 0
04-09 16:50:10.998  2710  2718 I luciUART: Previous Packet read contd., 
04-09 16:50:10.998  2710  2718 E luciUART: UART:52
04-09 16:50:10.998  2710  2718 I luciUART: Previous Packet read contd., 
04-09 16:50:10.998  2710  2718 E luciUART: UART:45
04-09 16:50:10.998  2710  2718 I luciUART: Previous Packet read contd., 
04-09 16:50:10.998  2710  2718 E luciUART: UART:41
04-09 16:50:10.998  2710  2718 I luciUART: Previous Packet read contd., 
04-09 16:50:10.998  2710  2718 E luciUART: UART:44
04-09 16:50:10.998  2710  2718 I luciUART: Previous Packet read contd., 
04-09 16:50:10.999  2710  2718 E luciUART: UART:5f
04-09 16:50:10.999  2710  2718 I luciUART: Previous Packet read contd., 
04-09 16:50:10.999  2710  2718 E luciUART: UART:73
04-09 16:50:10.999  2710  2718 I luciUART: Previous Packet read contd., 
04-09 16:50:10.999  2710  2718 E luciUART: UART:73
04-09 16:50:10.999  2710  2718 I luciUART: Previous Packet read contd., 
04-09 16:50:10.999  2710  2718 E luciUART: UART:69
04-09 16:50:10.999  2710  2718 I luciUART: Previous Packet read contd., 
04-09 16:50:10.999  2710  2718 E luciUART: UART:64
04-09 16:50:10.999  2710  2719 E LUCI_SERVER: Luci Server Thread wait over MID 208....
04-09 16:50:10.999  2710  2719 E LUCI_SERVER: Got NV name : ssid
04-09 16:50:11.001  2710  2719 I luciUART: write() MID = 208  bytes = 15 data = ssid: m_fd = 0x5
04-09 16:50:11.001  2710  2719 E LUCI_SERVER: NV_READ response= ssid:
04-09 16:50:11.001  2710  2719 E LUCI_SERVER: Luci Server Thread waiting for packets....
04-09 16:50:11.057  2957  2968 D wac-main: Netlink event
04-09 16:50:11.057  2957  2968 E wac-main: Netlink event 16 Interface Index 6 
04-09 16:50:11.057  2957  2968 E wac-main: p2p0 event Link Changed : 11043 
04-09 16:50:11.057  2957  2968 E wac-main: p2p0 Changed Up 
04-09 16:50:11.058  2709  2721 I yani_kernel: yani_geteventfrom_changeaddr() Message-Id '1' Netlink event '16' Interface Index '6' -> Name 'p2p0' 
04-09 16:50:11.062  2958  3169 I LibreCastControlDelegate: OnCastStatus() +++ Lyric Speaker Box 21f384:0xaafb5198:NOT_SETUP
04-09 16:50:11.062  2958  3169 I LibreCastControlDelegate: Device Build Number -> '1.52.272222'
04-09 16:50:11.062  2958  3169 I librecast: updateCastBuildVersion() Version 1.52.272222
04-09 16:50:11.062  2710  2710 I lucitransport: readRemoteMessage() MID char = 7 buffer = 1.52.272222
04-09 16:50:11.062  3091  3091 I cast_shell: [3094:3132:INFO:gatt_client_manager_impl.cc(202)] Enabling GATT client connectability
04-09 16:50:11.071  2734  2763 E bt_btif : BTA_GATTS_AddService: rcb_idx = 0
04-09 16:50:11.071  2734  2763 I bluetoothtbd: [0409/042011.071569:INFO:gatt_api.cc(207)] GATTS_AddService
04-09 16:50:11.071  2734  2763 I bluetoothtbd: [0409/042011.071891:INFO:gatt_api.cc(317)] GATTS_AddService: service parsed correctly, now starting
04-09 16:50:11.074  3091  3091 I cast_shell: [3094:3132:INFO:ble_setup_manager.cc(744)] Started Bluetooth service
04-09 16:50:11.080  2958  3169 I LibreCastControlDelegate: OnCastStatus() +++ Lyric Speaker Box 21f384:0xaafb5198:NOT_SETUP
04-09 16:50:11.081  2958  3169 I LibreCastControlDelegate: Device Build Number -> '1.52.272222'
04-09 16:50:11.081  2958  3169 I librecast: updateCastBuildVersion() Version 1.52.272222
04-09 16:50:11.081  2710  2710 I lucitransport: readRemoteMessage() MID char = 7 buffer = 1.52.272222
04-09 16:50:11.081  2958  3169 I LibreCastControlDelegate: Active Applications -> 0
04-09 16:50:11.081  2958  3169 I LibreCastControlDelegate: Current Cast State '2' -> 'NOT_SETUP'
04-09 16:50:11.081  2958  3169 I LibreCastControlDelegate: OnCastStatus() ---
04-09 16:50:11.740  3091  3091 I cast_shell: [3094:3102:INFO:parent_tracker.cc(291)] [PII](ACA2A7C77DE1160B0FE0842DDA235683) Become root
04-09 16:50:11.740  3091  3091 I cast_shell: [3094:3102:INFO:directory_service_impl.cc(200)] This device became root
04-09 16:50:11.964  3091  3091 I cast_shell: [3094:3102:ERROR:connectivity_checker_impl.cc(265)] Connectivity check failed: 400
04-09 16:50:12.256  3091  3091 I cast_shell: [3094:3142:INFO:mdns_app_filter.cc(1403)] MdnsAppFilter: Done probing.
04-09 16:50:12.970  3091  3091 I cast_shell: [3094:3102:ERROR:connectivity_checker_impl.cc(265)] Connectivity check failed: 400
04-09 16:50:13.260  3091  3091 I cast_shell: [3094:3094:INFO:grpc_service_discovery_impl.cc(185)] Mdns discovered google RPC for [PII](ACA2A7C77DE1160B0FE0842DDA235683).
04-09 16:50:13.977  3091  3091 I cast_shell: [3094:3102:ERROR:connectivity_checker_impl.cc(265)] Connectivity check failed: 400
04-09 16:50:14.066  2957  2968 E wac-main: Enter poll and wait
04-09 16:50:14.262  3091  3091 I cast_shell: [3094:3142:INFO:mdns_app_filter.cc(1526)] MdnsAppFilter: Done announcing.
04-09 16:50:14.983  3091  3091 I cast_shell: [3094:3102:ERROR:connectivity_checker_impl.cc(265)] Connectivity check failed: 400
04-09 16:50:18.002  3091  3091 I chatty  : uid=1000(chrome) /bin/logwrapper identical 3 lines
04-09 16:50:19.010  3091  3091 I cast_shell: [3094:3102:ERROR:connectivity_checker_impl.cc(265)] Connectivity check failed: 400
04-09 16:50:19.116  3091  3091 I cast_shell: [3094:3132:ERROR:setup_state.cc(424)] Timeout for state=SETUP_STATE_CHECKING_GLOBAL_CONNECTIVITY(50): move to state=SETUP_STATE_CHECKING_GLOBAL_CONNECTIVITY_BAD_ROUTER(52).
04-09 16:50:19.116  3091  3091 I cast_shell: [3094:3132:INFO:setup_state.cc(261)] Setup state changed: SETUP_STATE_CHECKING_GLOBAL_CONNECTIVITY (50) -> SETUP_STATE_CHECKING_GLOBAL_CONNECTIVITY_BAD_ROUTER (52)
04-09 16:50:19.120  2958  3169 I LibreCastControlDelegate: OnCastStatus() +++ Lyric Speaker Box 21f384:0xaafb5198:NOT_SETUP
04-09 16:50:19.120  2958  3169 I LibreCastControlDelegate: Device Build Number -> '1.52.272222'
04-09 16:50:19.120  2958  3169 I librecast: updateCastBuildVersion() Version 1.52.272222
04-09 16:50:19.120  2710  2710 I lucitransport: readRemoteMessage() MID char = 7 buffer = 1.52.272222
04-09 16:50:19.120  2958  3169 I LibreCastControlDelegate: Active Applications -> 0
04-09 16:50:19.120  2958  3169 I LibreCastControlDelegate: Current Cast State '2' -> 'NOT_SETUP'
04-09 16:50:19.120  2958  3169 I LibreCastControlDelegate: OnCastStatus() ---
04-09 16:50:20.016  3091  3091 I cast_shell: [3094:3102:ERROR:connectivity_checker_impl.cc(265)] Connectivity check failed: 400
04-09 16:50:45.095  2731  2740 E NetworkMonitor: cannot find default IPv4 route for wlan0
04-09 16:50:45.095  2731  2740 E NetworkMonitor: cannot find default IPv6 route for wlan0
04-09 16:50:48.187  2731  2740 E NetworkMonitor: no response for /bin/ping -n -I wlan0 -c 10 -w 10 8.8.8.8
04-09 16:50:48.199  2731  2740 E NetworkMonitor: no response for /bin/ping6 -n -I wlan0 -c 10 -w 10 2001:4860:4860::8888
04-09 16:50:48.202  2731  2740 E NetworkMonitor: dns resolution failed
04-09 16:50:48.203  2731  2740 I NetworkMonitor: Cast.Wifi.Failure.Type 7
04-09 16:51:07.331  3091  3091 I chatty  : uid=1000(chrome) /bin/logwrapper identical 47 lines
04-09 16:51:08.338  3091  3091 I cast_shell: [3094:3102:ERROR:connectivity_checker_impl.cc(265)] Connectivity check failed: 400
04-09 16:51:08.786  3091  3091 I cast_shell: [3094:3094:INFO:grpc_manager_impl.cc(505)] GRPC[uri=[::]:0]: num_pending_calls=0, num_active_handlers=0, num_free_handlers=0
04-09 16:51:08.788  3091  3091 I cast_shell: [3094:3094:INFO:gcm_manager.cc(269)] Disabling GCM Driver
04-09 16:51:08.788  3091  3091 I cast_shell: [3094:3094:INFO:grpc_manager_impl.cc(505)] GRPC[uri=]: num_pending_calls=0, num_active_handlers=0, num_free_handlers=0
04-09 16:51:08.810  3091  3091 I cast_shell: [3094:3094:INFO:grpc_manager_impl.cc(505)] GRPC[uri=unix:/tmp/hcp_ipc_auth.socket]: num_pending_calls=0, num_active_handlers=10, num_free_handlers=0
04-09 16:51:08.814  3091  3091 I cast_shell: [3094:3094:INFO:grpc_manager_impl.cc(505)] GRPC[uri=unix:/tmp/modular_updater/modular_update_service]: num_pending_calls=0, num_active_handlers=0, num_free_handlers=0
04-09 16:51:08.834  3091  3091 I cast_shell: [3094:3094:INFO:metrics_recorder.cc(112)] Metrics stat: total=13
04-09 16:51:08.834  3091  3091 I cast_shell: Cast.Discovery.Mdns.ResponderStarted=2
04-09 16:51:08.834  3091  3091 I cast_shell: Cast.Discovery.Mdns.ResponderStopped=1
04-09 16:51:08.834  3091  3091 I cast_shell: Cast.Discovery.Mdns.SocketCreated=4
04-09 16:51:08.834  3091  3091 I cast_shell: Cast.Discovery.Mdns.SocketDestroyed=2
04-09 16:51:08.834  3091  3091 I cast_shell: Cast.System.Timezone.ChangeSuccessful=1
04-09 16:51:08.834  3091  3091 I cast_shell: CastV2.Connection.Connect.In=1
04-09 16:51:08.834  3091  3091 I cast_shell: CastV2.Receiver.DeviceStatus.Out=5
04-09 16:51:08.834  3091  3091 I cast_shell: CastV2.Receiver.DeviceStatus.Out.Broadcast=2
04-09 16:51:08.834  3091  3091 I cast_shell: CastV2.Receiver.GetStatus.In=1
04-09 16:51:08.834  3091  3091 I cast_shell: CastV2.Resource.Provider.In=1
04-09 16:51:08.935  3091  3091 I cast_shell: [3094:3094:INFO:metrics_recorder_impl.cc(672)] Activated server experiments: []
04-09 16:51:08.937  3091  3091 I cast_shell: [3094:3094:INFO:cast_logs_metrics_provider.cc(59)] netif is ipv4
04-09 16:51:08.937  3091  3091 I cast_shell: [3094:3094:ERROR:socket_posix.cc(148)] bind() failed: Address already in use (98)
04-09 16:51:08.937  3091  3091 I cast_shell: [3094:3094:INFO:net_util_impl.cc(1041)] Platform supports dual-stack
04-09 16:51:08.955  3091  3091 I cast_shell: [3094:3094:INFO:grpc_manager_impl.cc(505)] GRPC[uri=[::]:8012]: num_pending_calls=0, num_active_handlers=1, num_free_handlers=0
04-09 16:51:09.344  3091  3091 I cast_shell: [3094:3102:ERROR:connectivity_checker_impl.cc(265)] Connectivity check failed: 400
04-09 16:51:49.213  2731  2740 E NetworkMonitor: cannot find default IPv4 route for wlan0
04-09 16:51:49.214  2731  2740 E NetworkMonitor: cannot find default IPv6 route for wlan0
04-09 16:51:52.314  2731  2740 E NetworkMonitor: no response for /bin/ping -n -I wlan0 -c 10 -w 10 8.8.8.8
04-09 16:51:52.326  2731  2740 E NetworkMonitor: no response for /bin/ping6 -n -I wlan0 -c 10 -w 10 2001:4860:4860::8888
04-09 16:51:52.327  2731  2740 E NetworkMonitor: dns resolution failed
04-09 16:51:53.638  3091  3091 I chatty  : uid=1000(chrome) /bin/logwrapper identical 44 lines
04-09 16:51:54.644  3091  3091 I cast_shell: [3094:3102:ERROR:connectivity_checker_impl.cc(265)] Connectivity check failed: 400
04-09 16:51:55.476  2734  2812 I bt_btm_ble: btm_ble_conn_complete unable to match and resolve random address
04-09 16:51:55.479  2734  2812 W bt_smp  : smp_br_connect_callback is called on unexpected transport 2
04-09 16:51:55.479  2734  2812 W bt_btif : bta_dm_acl_change info: 0x0
04-09 16:51:55.479  2734  2763 I bluetoothtbd: [0409/042155.479754:INFO:gatt_server.cc(280)] Added connection entry for conn_id: 5 device address: 46:B1:02:BA:5D:A6
04-09 16:51:55.480  2734  2763 D bt_btif_dm: remote version info [46:b1:02:ba:5d:a6]: 0, 0, 0
04-09 16:51:55.480  2734  2763 I bluetoothtbd: [0409/042155.480178:INFO:adapter.cc(719)] ACL state changed: 46:B1:02:BA:5D:A6 - connected: true
04-09 16:51:55.483  3091  3091 I cast_shell: [3094:3132:ERROR:bluetooth_v1_via_v2.cc(796)] Connection state changed. :a6 true
04-09 16:51:55.651  3091  3091 I cast_shell: [3094:3102:ERROR:connectivity_checker_impl.cc(265)] Connectivity check failed: 400
04-09 16:51:55.999  2734  2763 D bt_btif_scanner: btif_gatts_upstreams_evt: Unhandled event (26)
04-09 16:51:56.592  2734  2812 E bluetoothtbd: [0409/042156.592129:ERROR:gatt_sr.cc(743)] MTU request PDU with MTU size 515
04-09 16:51:56.592  2734  2812 W bt_l2cap: l2cble_set_fixed_channel_tx_data_length, request not supported
04-09 16:51:56.593  2734  2812 W bluetoothtbd: [0409/042156.593068:WARNING:gatt_utils.cc(837)] Call back not found for application conn_id=3
04-09 16:51:56.593  2734  2812 W bluetoothtbd: [0409/042156.593163:WARNING:gatt_utils.cc(837)] Call back not found for application conn_id=4
04-09 16:51:56.593  2734  2812 W bluetoothtbd: [0409/042156.593246:WARNING:gatt_utils.cc(837)] Call back not found for application conn_id=6
04-09 16:51:56.632  3091  3091 I cast_shell: [3094:3132:INFO:ble_setup.cc(322)] Record action: Setup.set_eureka_info.BLE.Locale
04-09 16:51:56.632  3091  3091 I cast_shell: [3094:3132:INFO:locale_manager.cc(576)] New locale: en-US
04-09 16:51:56.648  3091  3091 I cast_shell: [3094:3132:INFO:setup_state.cc(544)] EurekaInfoCalled: wifi_state=3, is_usable_ip_address=1, connected=0, is_initial_setup=1
04-09 16:51:56.648  3091  3091 I cast_shell: [3094:3132:INFO:setup_state.cc(261)] Setup state changed: SETUP_STATE_CHECKING_GLOBAL_CONNECTIVITY_BAD_ROUTER (52) -> SETUP_STATE_DISCONNECTED_EXTERNAL_CLIENT_ACCESSED (11)
04-09 16:51:56.648  3091  3091 I cast_shell: [3094:3117:INFO:media_manager_impl.cc(383)] TurnActive result: 0
04-09 16:51:56.653  2958  3169 I LibreCastControlDelegate: OnCastStatus() +++ Lyric Speaker Box 21f384:0xaafb5198:NOT_SETUP
04-09 16:51:56.653  2958  3169 I LibreCastControlDelegate: Device Build Number -> '1.52.272222'
04-09 16:51:56.653  2958  3169 I librecast: updateCastBuildVersion() Version 1.52.272222
04-09 16:51:56.653  2710  2710 I lucitransport: readRemoteMessage() MID char = 7 buffer = 1.52.272222
04-09 16:51:56.653  2958  3169 I LibreCastControlDelegate: Active Applications -> 0
04-09 16:51:56.653  2958  3169 I LibreCastControlDelegate: Current Cast State '2' -> 'NOT_SETUP'
04-09 16:51:56.653  2958  3169 I LibreCastControlDelegate: OnCastStatus() ---
04-09 16:51:56.654  2958  3169 I LibreCastControlDelegate: OnCastStatus() +++ Lyric Speaker Box 21f384:0xaafb5198:NOT_SETUP
04-09 16:51:56.654  2958  3169 I LibreCastControlDelegate: Device Build Number -> '1.52.272222'
04-09 16:51:56.654  2958  3169 I librecast: updateCastBuildVersion() Version 1.52.272222
04-09 16:51:56.654  2710  2710 I lucitransport: readRemoteMessage() MID char = 7 buffer = 1.52.272222
04-09 16:51:56.658  3091  3091 I cast_shell: [3094:3102:ERROR:connectivity_checker_impl.cc(265)] Connectivity check failed: 400
04-09 16:51:56.675  2734  2763 D bt_btif_scanner: btif_gatts_upstreams_evt: Unhandled event (26)
04-09 16:51:56.677  3091  3091 I cast_shell: [3094:3132:INFO:metrics_recorder.cc(282)] Record action: Setup.version.BLE
04-09 16:51:56.775  3091  3091 I cast_shell: [3094:3132:INFO:metrics_recorder.cc(282)] Record action: Setup.name_utf8.BLE
04-09 16:51:57.066  3091  3091 I cast_shell: [3094:3132:INFO:metrics_recorder.cc(282)] Record action: Setup.tos_accepted.BLE
04-09 16:51:57.124  2734  2763 D bt_btif_scanner: btif_gatts_upstreams_evt: Unhandled event (26)
04-09 16:51:57.141  3091  3091 I cast_shell: [3094:3132:INFO:metrics_recorder.cc(282)] Record action: Setup.state.BLE
04-09 16:51:57.186  3091  3091 I cast_shell: [3094:3132:INFO:metrics_recorder.cc(282)] Record action: Setup.ip_address.BLE
04-09 16:51:57.246  3091  3091 I cast_shell: [3094:3132:INFO:metrics_recorder.cc(282)] Record action: Setup.eureka_info_immutable_basic.BLE
04-09 16:51:57.291  3091  3091 I cast_shell: [3094:3132:INFO:metrics_recorder.cc(282)] Record action: Setup.eureka_info_mutable_reads.BLE
04-09 16:51:57.321  3091  3091 I cast_shell: [3094:3132:INFO:metrics_recorder.cc(282)] Record action: Setup.eureak_info_keys.BLE
04-09 16:51:57.426  3091  3091 I cast_shell: [3094:3132:INFO:metrics_recorder.cc(282)] Record action: Setup.eureka_info_immutable_basic.BLE
04-09 16:51:57.456  3091  3091 I cast_shell: [3094:3132:INFO:metrics_recorder.cc(282)] Record action: Setup.eureak_info_keys.BLE
04-09 16:51:57.531  3091  3091 I chatty  : uid=1000(chrome) /bin/logwrapper identical 1 line
04-09 16:51:57.606  3091  3091 I cast_shell: [3094:3132:INFO:metrics_recorder.cc(282)] Record action: Setup.eureak_info_keys.BLE
04-09 16:51:57.665  3091  3091 I cast_shell: [3094:3102:ERROR:connectivity_checker_impl.cc(265)] Connectivity check failed: 400
04-09 16:51:57.681  3091  3091 I cast_shell: [3094:3132:INFO:metrics_recorder.cc(282)] Record action: Setup.eureak_info_keys.BLE
04-09 16:51:57.756  3091  3091 I chatty  : uid=1000(chrome) /bin/logwrapper identical 1 line
04-09 16:51:57.831  3091  3091 I cast_shell: [3094:3132:INFO:metrics_recorder.cc(282)] Record action: Setup.eureak_info_keys.BLE
04-09 16:51:57.921  3091  3091 I cast_shell: [3094:3132:INFO:metrics_recorder.cc(282)] Record action: Setup.i8n_info.BLE
04-09 16:51:58.341  3091  3091 I chatty  : uid=1000(chrome) /bin/logwrapper identical 5 lines
04-09 16:51:58.416  3091  3091 I cast_shell: [3094:3132:INFO:metrics_recorder.cc(282)] Record action: Setup.i8n_info.BLE
04-09 16:51:58.463  3091  3091 I cast_shell: [3094:3132:INFO:ble_setup.cc(322)] Record action: Setup.set_eureka_info.BLE.CountryCode
04-09 16:51:58.463  3091  3091 I cast_shell: [3094:3132:INFO:locale_manager.cc(639)] New country code: IN
04-09 16:51:58.465  2708  2708 I wpa_supplicant: wlan0: CTRL-EVENT-REGDOM-CHANGE init=USER type=COUNTRY alpha2=IN
04-09 16:51:58.469  2709  2721 I yani_server: NetLink Event '-1' Interface-Index '5' WLAN '-1' Ethernet '-1' Parsed-iFill '-1' -> 'INVALID' ifIndex '1' -> 'lo'
04-09 16:51:58.472  2709  2721 I yani_server: NetLink Event '-1' Interface-Index '5' WLAN '0' Ethernet '-1' Parsed-iFill '-1' -> 'INVALID' ifIndex '1' -> 'lo'
04-09 16:51:58.474  2958  3169 I LibreCastControlDelegate: OnCastStatus() +++ Lyric Speaker Box 21f384:0xaafb5198:NOT_SETUP
04-09 16:51:58.474  2958  3169 I LibreCastControlDelegate: Device Build Number -> '1.52.272222'
04-09 16:51:58.474  2958  3169 I librecast: updateCastBuildVersion() Version 1.52.272222
04-09 16:51:58.474  2710  2710 I lucitransport: readRemoteMessage() MID char = 7 buffer = 1.52.272222
04-09 16:51:58.474  2958  3169 I LibreCastControlDelegate: Active Applications -> 0
04-09 16:51:58.474  2958  3169 I LibreCastControlDelegate: Current Cast State '2' -> 'NOT_SETUP'
04-09 16:51:58.474  2958  3169 I LibreCastControlDelegate: OnCastStatus() ---
04-09 16:51:58.671  3091  3091 I cast_shell: [3094:3102:ERROR:connectivity_checker_impl.cc(265)] Connectivity check failed: 400
04-09 16:51:59.526  3091  3091 I cast_shell: [3094:3132:INFO:ble_setup.cc(322)] Record action: Setup.scan_wifi.BLE
04-09 16:51:59.527  3091  3091 I cast_shell: [3094:3132:WARNING:wifi_controller_wpa_supplicant.cc(797)] Wpa responses FAIL-BUSY, assuming it is associating, which will keep scan_results fresh.
04-09 16:51:59.678  3091  3091 I cast_shell: [3094:3102:ERROR:connectivity_checker_impl.cc(265)] Connectivity check failed: 400
04-09 16:52:00.684  3091  3091 I chatty  : uid=1000(chrome) /bin/logwrapper identical 1 line
04-09 16:52:01.691  3091  3091 I cast_shell: [3094:3102:ERROR:connectivity_checker_impl.cc(265)] Connectivity check failed: 400
04-09 16:52:01.846  2957  2968 D wac-main: Netlink event
04-09 16:52:01.846  2957  2968 E wac-main: Netlink event 16 Interface Index 5 
04-09 16:52:01.846  2957  2968 E wac-main: Enter poll and wait
04-09 16:52:01.846  2709  2721 I yani_kernel: yani_geteventfrom_changeaddr() Message-Id '1' Netlink event '16' Interface Index '5' -> Name 'wlan0' 
04-09 16:52:01.852  2957  2968 D wac-main: Netlink event
04-09 16:52:01.852  2957  2968 E wac-main: Netlink event 16 Interface Index 5 
04-09 16:52:01.852  2957  2968 E wac-main: Enter poll and wait
04-09 16:52:01.853  2709  2721 I yani_kernel: yani_geteventfrom_changeaddr() Message-Id '1' Netlink event '16' Interface Index '5' -> Name 'wlan0' 
04-09 16:52:01.860  2709  2721 I yani_server: NetLink Event '-1' Interface-Index '5' WLAN '-1' Ethernet '-1' Parsed-iFill '-1' -> 'INVALID' ifIndex '1' -> 'lo'
04-09 16:52:01.863  2709  2721 I yani_server: NetLink Event '-1' Interface-Index '5' WLAN '0' Ethernet '-1' Parsed-iFill '-1' -> 'INVALID' ifIndex '1' -> 'lo'
04-09 16:52:01.864  2709  2721 I chatty  : uid=0(root) YaniServer identical 1 line
04-09 16:52:01.865  2709  2721 I yani_server: NetLink Event '-1' Interface-Index '5' WLAN '0' Ethernet '-1' Parsed-iFill '-1' -> 'INVALID' ifIndex '1' -> 'lo'
04-09 16:52:01.866  2958  3169 I LibreCastControlDelegate: OnCastStatus() +++ Lyric Speaker Box 21f384:0xaafb5198:NOT_SETUP
04-09 16:52:01.866  2958  3169 I LibreCastControlDelegate: Device Build Number -> '1.52.272222'
04-09 16:52:01.866  2958  3169 I librecast: updateCastBuildVersion() Version 1.52.272222
04-09 16:52:01.866  2710  2710 I lucitransport: readRemoteMessage() MID char = 7 buffer = 1.52.272222
04-09 16:52:01.867  2958  3169 I LibreCastControlDelegate: Active Applications -> 0
04-09 16:52:01.867  2958  3169 I LibreCastControlDelegate: Current Cast State '2' -> 'NOT_SETUP'
04-09 16:52:01.867  2958  3169 I LibreCastControlDelegate: OnCastStatus() ---
04-09 16:52:02.698  3091  3091 I cast_shell: [3094:3102:ERROR:connectivity_checker_impl.cc(265)] Connectivity check failed: 400
04-09 16:52:03.561  3091  3091 I cast_shell: [3094:3132:INFO:ble_setup.cc(322)] Record action: Setup.scan_wifi.BLE
04-09 16:52:03.562  2708  2708 I wpa_supplicant: wlan0: CTRL-EVENT-SCAN-FAILED ret=-11
04-09 16:52:03.563  2709  2721 I yani_server: NetLink Event '-1' Interface-Index '5' WLAN '0' Ethernet '-1' Parsed-iFill '-1' -> 'INVALID' ifIndex '1' -> 'lo'
04-09 16:52:03.569  2958  3169 I LibreCastControlDelegate: OnCastStatus() +++ Lyric Speaker Box 21f384:0xaafb5198:NOT_SETUP
04-09 16:52:03.569  2958  3169 I LibreCastControlDelegate: Device Build Number -> '1.52.272222'
04-09 16:52:03.569  2958  3169 I librecast: updateCastBuildVersion() Version 1.52.272222
04-09 16:52:03.569  2710  2710 I lucitransport: readRemoteMessage() MID char = 7 buffer = 1.52.272222
04-09 16:52:03.569  2958  3169 I LibreCastControlDelegate: Active Applications -> 0
04-09 16:52:03.569  2958  3169 I LibreCastControlDelegate: Current Cast State '2' -> 'NOT_SETUP'
04-09 16:52:03.569  2958  3169 I LibreCastControlDelegate: OnCastStatus() ---
04-09 16:52:03.705  3091  3091 I cast_shell: [3094:3102:ERROR:connectivity_checker_impl.cc(265)] Connectivity check failed: 400
04-09 16:52:05.718  3091  3091 I chatty  : uid=1000(chrome) /bin/logwrapper identical 2 lines
04-09 16:52:06.724  3091  3091 I cast_shell: [3094:3102:ERROR:connectivity_checker_impl.cc(265)] Connectivity check failed: 400
04-09 16:52:07.626  3091  3091 I cast_shell: [3094:3132:INFO:metrics_recorder.cc(282)] Record action: Setup.scan_results.BLE
04-09 16:52:07.701  3091  3091 I cast_shell: [3094:3132:INFO:metrics_recorder.cc(282)] Record action: Setup.scan_results.BLE
04-09 16:52:07.731  3091  3091 I cast_shell: [3094:3102:ERROR:connectivity_checker_impl.cc(265)] Connectivity check failed: 400
04-09 16:52:08.738  3091  3091 I cast_shell: [3094:3102:ERROR:connectivity_checker_impl.cc(265)] Connectivity check failed: 400
04-09 16:52:08.787  3091  3091 I cast_shell: [3094:3094:INFO:grpc_manager_impl.cc(505)] GRPC[uri=[::]:0]: num_pending_calls=0, num_active_handlers=0, num_free_handlers=0
04-09 16:52:08.789  3091  3091 I cast_shell: [3094:3094:INFO:grpc_manager_impl.cc(505)] GRPC[uri=]: num_pending_calls=0, num_active_handlers=0, num_free_handlers=0
04-09 16:52:08.810  3091  3091 I cast_shell: [3094:3094:INFO:grpc_manager_impl.cc(505)] GRPC[uri=unix:/tmp/hcp_ipc_auth.socket]: num_pending_calls=0, num_active_handlers=10, num_free_handlers=0
04-09 16:52:08.815  3091  3091 I cast_shell: [3094:3094:INFO:grpc_manager_impl.cc(505)] GRPC[uri=unix:/tmp/modular_updater/modular_update_service]: num_pending_calls=0, num_active_handlers=0, num_free_handlers=0
04-09 16:52:08.834  3091  3091 I cast_shell: [3094:3094:INFO:metrics_recorder.cc(112)] Metrics stat: total=12
04-09 16:52:08.834  3091  3091 I cast_shell: Cast.Discovery.Mdns.ResponderPing=1
04-09 16:52:08.834  3091  3091 I cast_shell: Cast.Discovery.Mdns.SocketPing=2
04-09 16:52:08.834  3091  3091 I cast_shell: Setup.eureak_info_keys.BLE=7
04-09 16:52:08.834  3091  3091 I cast_shell: Setup.eureka_info_immutable_basic.BLE=2
04-09 16:52:08.834  3091  3091 I cast_shell: Setup.eureka_info_mutable_reads.BLE=1
04-09 16:52:08.834  3091  3091 I cast_shell: Setup.i8n_info.BLE=7
04-09 16:52:08.834  3091  3091 I cast_shell: Setup.ip_address.BLE=1
04-09 16:52:08.834  3091  3091 I cast_shell: Setup.name_utf8.BLE=1
04-09 16:52:08.834  3091  3091 I cast_shell: Setup.scan_results.BLE=2
04-09 16:52:08.834  3091  3091 I cast_shell: Setup.state.BLE=1
04-09 16:52:08.956  3091  3091 I cast_shell: [3094:3094:INFO:grpc_manager_impl.cc(505)] GRPC[uri=[::]:8012]: num_pending_calls=0, num_active_handlers=1, num_free_handlers=0
04-09 16:52:09.745  3091  3091 I cast_shell: [3094:3102:ERROR:connectivity_checker_impl.cc(265)] Connectivity check failed: 400
04-09 16:52:09.862  3091  3091 I cast_shell: [3094:3132:INFO:ble_setup.cc(322)] Record action: Setup.play_sound.BLE
04-09 16:52:09.862  3091  3091 I cast_shell: [3094:3111:INFO:synchronized_sound_player.cc(362)] Playing sound key 2
04-09 16:52:09.913  3091  3091 I cast_shell: [3094:3111:INFO:audio_decoder_software_wrapper.cc(86)] Using backend decoder for PCM
04-09 16:52:09.914  3091  3091 I cast_shell: [3094:3116:INFO:mixer_input_connection.cc(208)] Create 0xf435edb8 (no_delay), content type: media, focus type: media, fill size: 512, algorithm fill size: 221, channel count: 1, input sample rate: 44100, start threshold: 3087, max queue size: 8820, socket: 0xf5515060
04-09 16:52:09.914  3091  3091 I cast_shell: [3094:3115:INFO:mixer_output_stream_alsa.cc(428)] ALSA buffer = 4096, period = 512
04-09 16:52:09.914  3091  3091 I cast_shell: [3094:3114:INFO:stream_mixer.cc(604)] Input source channel count = 1
04-09 16:52:09.914  3091  3091 I cast_shell: [3094:3114:INFO:stream_mixer.cc(607)] Dynamic channel count not enabled; using stereo
