04-09 16:53:05.967  2734  2763 I bluetoothtbd: [0409/042305.967447:INFO:adapter.cc(573)] Adapter name changed
04-09 16:53:05.968  3091  3091 I cast_shell: [3094:3132:INFO:bluetooth_manager.cc(1232)] [PII] Set device name to 'Bedroom speaker 2'
04-09 16:53:05.968  3091  3091 I cast_shell: [3094:3132:INFO:metrics_recorder.cc(282)] cast event: Cast.System.Timezone.ChangeSuccessful
04-09 16:53:05.971  3091  3091 I cast_shell: [3094:3094:INFO:mdns_manager_impl.cc(429)] Successfully updated service: type=_googlecast
04-09 16:53:05.971  3091  3091 I cast_shell: [3094:3094:INFO:virtual_device.cc(296)] Updated mDNS service for virtual device: id=55197457-d55d-5f1e-7f54-b38bd021d851
04-09 16:53:05.971  2734  2763 I bluetoothtbd: [0409/042305.971678:INFO:adapter.cc(551)] Adapter properties changed
04-09 16:53:05.971  2734  2763 I bluetoothtbd: [0409/042305.971851:INFO:adapter.cc(573)] Adapter name changed
04-09 16:53:05.973  3091  3091 I cast_shell: [3094:3132:INFO:bluetooth_manager.cc(1232)] [PII] Set device name to 'Bedroom speaker 2'
04-09 16:53:05.974  2958  3169 I LibreCastControlDelegate: OnCastStatus() +++ Bedroom speaker 2:0xaafb5198:NOT_SETUP
04-09 16:53:05.974  2958  3169 I LibreCastControlDelegate: Device Build Number -> '1.52.272222'
04-09 16:53:05.974  2958  3169 I librecast: updateCastBuildVersion() Version 1.52.272222
04-09 16:53:05.975  2710  2710 I lucitransport: readRemoteMessage() MID char = 7 buffer = 1.52.272222
04-09 16:53:05.975  2958  3169 I LibreCastControlDelegate: Active Applications -> 0
04-09 16:53:05.975  2958  3169 I LibreCastControlDelegate: Current Cast State '2' -> 'NOT_SETUP'
04-09 16:53:05.975  2958  3169 I LibreCastControlDelegate: OnCastStatus() ---
04-09 16:53:05.977  2958  3169 I LibreCastControlDelegate: OnCastStatus() +++ Bedroom speaker 2:0xaafb5198:NOT_SETUP
04-09 16:53:05.983  3091  3091 I cast_shell: [3094:3142:INFO:mdns_util.cc(102)] Defaulting mDNS capabilities for audio-only build
04-09 16:53:05.984  3091  3091 I cast_shell: [3094:3094:INFO:mdns_manager_impl.cc(429)] Successfully updated service: type=_googlecast
04-09 16:53:05.984  3091  3091 I cast_shell: [3094:3094:INFO:virtual_device.cc(296)] Updated mDNS service for virtual device: id=55197457-d55d-5f1e-7f54-b38bd021d851
04-09 16:53:06.044  3091  3091 I cast_shell: [3094:3132:INFO:ble_setup.cc(322)] Record action: Setup.save_wifi.BLE
04-09 16:53:06.045  3091  3091 I cast_shell: [3094:3132:INFO:wifi_controller_wpa_supplicant.cc(692)] Clear bssid from config for network id 0
04-09 16:53:06.048  3091  3091 I cast_shell: [3094:3132:INFO:setup_manager_impl.cc(1725)] Report action: Wifi.FirstConfigured
04-09 16:53:06.258  3091  3091 I cast_shell: [3094:3132:INFO:ble_setup.cc(789)] Missing required info for sign.
04-09 16:53:06.285  3091  3091 I cast_shell: [system_updater_dummy.cpp(139)] CheckUpdate 139
04-09 16:53:06.285  3091  3091 I cast_shell: [system_updater_dummy.cpp(148)] CheckUpdate 148 return
04-09 16:53:06.292  3091  3091 I cast_shell: [3094:3129:INFO:snr_tracker.cc(50)] snr = 50
04-09 16:53:06.301  3091  3091 I cast_shell: [3094:3132:INFO:ble_setup.cc(915)] Sign related info completed, no future EurekaInfo need sign.
04-09 16:53:06.795  3091  3091 I cast_shell: [3094:3142:INFO:mdns_app_filter.cc(1403)] MdnsAppFilter: Done probing.
04-09 16:53:06.944  3091  3091 I cast_shell: [3094:3094:INFO:lycra_gcm.cc(212)] Registered GCM handler
04-09 16:53:07.070  3091  3091 I cast_shell: [3094:3094:INFO:ccs_transport_gcm.cc(244)] Registered GCM handler
04-09 16:53:07.070  3091  3091 I cast_shell: [3094:3094:INFO:ccs_manager_impl.cc(1322)] Waiting for all transports to be enabled
04-09 16:53:07.093  3091  3091 I cast_shell: [3094:3132:INFO:metrics_recorder.cc(282)] Record action: Setup.state.BLE
04-09 16:53:07.272  3091  3091 I cast_shell: [3094:3424:INFO:crl_downloader.cc(155)] CRL processed.
04-09 16:53:07.273  3091  3091 I cast_shell: [3094:3424:INFO:metrics_recorder.cc(282)] cast event: Cast.CRL.DownloadSuccess
04-09 16:53:07.275  3091  3091 I cast_shell: [3094:3424:INFO:client_auth_signer.cc(211)] Cast certificate verification: CastCertError::OK
04-09 16:53:07.275  3091  3091 I cast_shell: [3094:3424:INFO:metrics_recorder.cc(282)] cast event: Cast.Auth.OK
04-09 16:53:07.279  3091  3091 I cast_shell: [3094:3102:INFO:heartbeat_manager.cc(272)] Set HBInterval default: 1680000
04-09 16:53:07.280  3091  3091 I cast_shell: [3094:3094:INFO:gcm_manager.cc(233)] GCM connection established.
04-09 16:53:07.309  3091  3091 I cast_shell: [system_updater_dummy.cpp(139)] CheckUpdate 139
04-09 16:53:07.309  3091  3091 I cast_shell: [system_updater_dummy.cpp(148)] CheckUpdate 148 return
04-09 16:53:07.477  2964  2990 I otamanager: OTA:curl response code : 0	
04-09 16:53:07.477  2964  2990 I otamanager: http status code : 200
04-09 16:53:07.477  2964  2990 I otamanager: OTA: contentLen :187.000000
04-09 16:53:07.486  2964  2990 I otamanager: OTA: bytesDownloaded = 187 m_iHttpStatusCode = 200 
04-09 16:53:07.494  2689  2689 I sh      : {
04-09 16:53:07.494  2964  2990 E otamanager: OTA:error string =  No update available
04-09 16:53:07.494  2689  2689 I sh      : 	"castVersion" : null,
04-09 16:53:07.494  2689  2689 I sh      : 	"crc" : null,
04-09 16:53:07.495  2689  2689 I sh      : 	"errorCode" : 1001,
04-09 16:53:07.495  2689  2689 I sh      : 	"errorString" : "No update available",
04-09 16:53:07.495  2710  2710 I lucitransport: writeRemoteMessage() MID = 223 buffer = NO_UPDATE
04-09 16:53:07.495  2689  2689 I sh      : 	"forceUpgrade" : true,
04-09 16:53:07.495  2689  2689 I sh      : 	"mcuOnlyUpdate" : false,
04-09 16:53:07.495  2689  2689 I sh      : 	"otapackage" : null,
04-09 16:53:07.495  2689  2689 I sh      : 	"url" : null,
04-09 16:53:07.495  2689  2689 I sh      : 	"version" : null
04-09 16:53:07.495  2710  2710 I luciUART: write() MID = 223  bytes = 19 data = NO_UPDATE m_fd = 0x5
04-09 16:53:07.496  2964  2990 I otamanager: Firmware Update State Change from CheckUpdate to Idle
04-09 16:53:07.496  3091  3091 I cast_shell: [system_updater_dummy.cpp(132)] CheckUpdate 132 no new version
04-09 16:53:07.506  2964  2990 I otamanager: cast_updater_threadEntry() Response 'CheckUpdate' Current Firmware Update state 'Idle'
04-09 16:53:07.506  3091  3091 I cast_shell: [system_updater_dummy.cpp(148)] CheckUpdate 148 return
04-09 16:53:07.506  3091  3091 I chatty  : uid=1000(chrome) /bin/logwrapper identical 1 line
04-09 16:53:07.506  3091  3091 I cast_shell: [system_updater_dummy.cpp(148)] CheckUpdate 148 return
04-09 16:53:07.506  2964  2990 I otamanager: checkUpdate_l
04-09 16:53:07.506  2964  2990 I otamanager: Firmware Update State Change from Idle to CheckUpdate
04-09 16:53:07.507  2710  2710 I lucitransport: readRemoteMessage() MID char = 232 buffer = TRUE
04-09 16:53:07.507  2964  2990 E otamanager: lo not valid Interface for MAC ID
04-09 16:53:07.507  2964  2990 D otamanager: OTA: wlan IP = 192.168.1.145
04-09 16:53:07.507  2964  2990 I otamanager: OTA:checkIP mac = cc909321f384  IP = 192.168.1.145 
04-09 16:53:07.509  2964  2990 I otamanager: DownloadHttpContent firmware version = eng.C4A.1203
04-09 16:53:07.512  2710  2710 I lucitransport: readRemoteMessage() MID char = 6 buffer = 1001
04-09 16:53:07.512  2710  2710 I lucitransport: readRemoteMessage() MID char = 7 buffer = 1.52.272222
04-09 16:53:07.513  2964  2990 I otamanager: OTA: DownloadHttpContent :payload =  {"device":{"brand":"COTODAMA","castVersion":"1.52.272222","deviceId":"cc909321f384","deviceType":"LS10_C4A","fwVersion":"1203","googleCast":true,"mcuVersion":"1001","model":"LSB"}}
04-09 16:53:07.513  2964  2990 I otamanager:  
04-09 16:53:07.513  2964  2990 I otamanager: OTA:------curlDownloadFirmwareXml---
04-09 16:53:07.513  2964  2990 I otamanager: OTA:isValidIpAddress: result 0
04-09 16:53:07.701  3091  3091 I cast_shell: [3094:3094:INFO:config_downloader.cc(700)] Received Protobuf config response
04-09 16:53:07.725  3091  3091 I cast_shell: [3094:3094:INFO:application_manager_impl.cc(2024)] max_background_apps changed to: 1
04-09 16:53:07.725  3091  3091 I cast_shell: [3094:3094:ERROR:modular_update_manager_impl.cc(382)] No modular updater app ID can be found in device config.
04-09 16:53:07.735  3091  3091 I cast_shell: [3094:3094:INFO:ccs_settings.cc(262)] CcsSettings using CCS url https://clients5.google.com/cast/cloudcast/
04-09 16:53:07.758  3091  3091 I cast_shell: [3094:3094:INFO:application_config_manager_impl.cc(528)] Setting default remote control app ID: 1374D8AA
04-09 16:53:07.758  3091  3091 I cast_shell: [3094:3094:INFO:application_identification_settings.cc(410)] new ApplicationIdentificationSettings session_id: 81133307-ebdf-40cb-b34b-8dea3d33c470 app_id: 38579375 flags: 7 headers: 512
04-09 16:53:07.758  3091  3091 I cast_shell: [3094:3094:WARNING:ccs_manager_impl.cc(1566)] Device does not have a weave device id
04-09 16:53:07.758  3091  3091 I cast_shell: [3094:3094:INFO:mdns_util.cc(102)] Defaulting mDNS capabilities for audio-only build
04-09 16:53:07.758  3091  3091 I cast_shell: [3094:3094:INFO:mdns_util.cc(102)] Defaulting mDNS capabilities for audio-only build
04-09 16:53:07.758  3091  3091 I cast_shell: [3094:3094:INFO:ccs_transport_https.cc(1203)] No cloud settings for register request
04-09 16:53:07.759  3091  3091 I cast_shell: [3094:3094:INFO:ccs_manager_impl.cc(1496)] Registering device with CCS: message_id = a86f2897-40bc-429b-ab2c-8ab0dcace352
04-09 16:53:07.759  3091  3091 I cast_shell: [3094:3094:INFO:ccs_manager_impl.cc(1497)] [PII] device_id = ACA2A7C77DE1160B0FE0842DDA235683
04-09 16:53:07.765  3091  3091 I cast_shell: [3094:3094:INFO:application_identification_settings.cc(410)] new ApplicationIdentificationSettings session_id: 2c4045e2-e9df-4106-8541-6d9801144d97 app_id: 38579375 flags: 7 headers: 512
04-09 16:53:07.765  3091  3091 I cast_shell: [3094:3094:INFO:robot_account_auth_manager.cc(470)] Successfully initialized JWT for 38579375
04-09 16:53:07.765  3091  3091 I cast_shell: [3094:3094:INFO:config_downloader.cc(900)] Clearing local config cache
04-09 16:53:07.766  3091  3091 I cast_shell: [3094:3094:INFO:metrics_recorder.cc(282)] Record action: Cast.DCS.DownloadSuccess
04-09 16:53:07.766  3091  3091 I cast_shell: [3094:3094:INFO:key_exchange_namespace_handler.cc(178)] Changing key_exchange_support capability
04-09 16:53:07.768  2958  3169 I LibreCastControlDelegate: OnCastStatus() +++ Bedroom speaker 2:0xaafb5198:NOT_SETUP
04-09 16:53:07.768  2958  3169 I LibreCastControlDelegate: Device Build Number -> '1.52.272222'
04-09 16:53:07.768  2958  3169 I librecast: updateCastBuildVersion() Version 1.52.272222
04-09 16:53:07.768  2710  2710 I lucitransport: readRemoteMessage() MID char = 7 buffer = 1.52.272222
04-09 16:53:07.769  2958  3169 I LibreCastControlDelegate: Active Applications -> 0
04-09 16:53:07.769  2958  3169 I LibreCastControlDelegate: Current Cast State '2' -> 'NOT_SETUP'
04-09 16:53:07.769  2958  3169 I LibreCastControlDelegate: OnCastStatus() ---
04-09 16:53:07.772  3091  3091 I cast_shell: [3094:3094:INFO:mdns_util.cc(102)] Defaulting mDNS capabilities for audio-only build
04-09 16:53:07.772  3091  3091 I cast_shell: [3094:3094:INFO:chromecast_service.cc(2229)] AoGH feature is: 0
04-09 16:53:07.772  3091  3091 I cast_shell: [3094:3142:INFO:mdns_util.cc(102)] Defaulting mDNS capabilities for audio-only build
04-09 16:53:07.772  3091  3091 I cast_shell: [3094:3094:INFO:chromecast_service.cc(2189)] Geolocation changed to: 0
04-09 16:53:07.772  3091  3091 I cast_shell: [3094:3094:INFO:lycra_transport.cc(301)] Feature flag changed: false
04-09 16:53:07.772  3091  3091 I cast_shell: [3094:3094:INFO:chromecast_service.cc(2248)] Playback disruption feature is: 1
04-09 16:53:07.772  3091  3091 I cast_shell: [3094:3094:INFO:playback_disruption_service.cc(328)] Playback disruption service enabled and running
04-09 16:53:07.772  3091  3091 I cast_shell: [3094:3094:INFO:ccs_manager_impl.cc(864)] Re-registering single CCS device
04-09 16:53:07.772  3091  3091 I cast_shell: [3094:3094:WARNING:ccs_manager_impl.cc(1566)] Device does not have a weave device id
04-09 16:53:07.772  3091  3091 I cast_shell: [3094:3094:INFO:mdns_util.cc(102)] Defaulting mDNS capabilities for audio-only build
04-09 16:53:07.773  3091  3091 I cast_shell: [3094:3094:INFO:mdns_util.cc(102)] Defaulting mDNS capabilities for audio-only build
04-09 16:53:07.773  3091  3091 I cast_shell: [3094:3094:INFO:ccs_transport_https.cc(1203)] No cloud settings for register request
04-09 16:53:07.773  3091  3091 I cast_shell: [3094:3094:INFO:application_identification_settings.cc(1120)] CreateJwt in progress; storing callback.
04-09 16:53:07.773  3091  3091 I cast_shell: [3094:3094:INFO:ccs_manager_impl.cc(1496)] Registering device with CCS: message_id = 64cd65a9-cf30-4ba1-8db8-878e2569261e
04-09 16:53:07.773  3091  3091 I cast_shell: [3094:3094:INFO:ccs_manager_impl.cc(1497)] [PII] device_id = ACA2A7C77DE1160B0FE0842DDA235683
04-09 16:53:07.802  3091  3091 I cast_shell: [3094:3094:INFO:metrics_recorder.cc(282)] cast event: Cloud.Transport.Https.Register.Out
04-09 16:53:07.804  3091  3091 I cast_shell: [3094:3094:INFO:application_identification_settings.cc(1331)] CreateJwt completed; running all done signing callbacks.
04-09 16:53:07.804  3091  3091 I cast_shell: [3094:3094:INFO:robot_account_auth_manager.cc(496)] JWT expiry in 3600 seconds
04-09 16:53:07.804  3091  3091 I cast_shell: [3094:3094:INFO:robot_account_auth_manager.cc(384)] Sending oauth request for client_id: 0
04-09 16:53:07.804  3091  3091 I cast_shell: [3094:3094:INFO:metrics_recorder.cc(282)] cast event: Cast.Assistant.Auth.FetchToken
04-09 16:53:07.804  3091  3091 I cast_shell: [3094:3094:INFO:metrics_recorder.cc(282)] cast event: Cloud.Transport.Https.Register.Out
04-09 16:53:07.804  3091  3091 I cast_shell: [3094:3424:INFO:chromium_http_connection.cc(436)] Creating a new chromium http url loader factory
04-09 16:53:07.975  2964  2990 I otamanager: OTA:ResolveDNSName IP = 52.45.59.166
04-09 16:53:07.975  2964  2990 I otamanager: OTA:hostIp string: https://52.45.59.166/v1
04-09 16:53:07.975  2964  2990 I otamanager: OTA: trying after 2 sec 
04-09 16:53:08.128  3091  3091 I cast_shell: [3094:3132:INFO:metrics_recorder.cc(282)] Record action: Setup.state.BLE
04-09 16:53:08.431  3091  3091 I cast_shell: [3094:3094:INFO:robot_account_auth_manager.cc(525)] Got CAS response: 200
04-09 16:53:08.432  3091  3091 I cast_shell: [3094:3094:INFO:metrics_recorder.cc(282)] cast event: Cast.Assistant.AuthError.NOT_LINKED
04-09 16:53:08.432  3091  3091 I cast_shell: [3094:3094:INFO:robot_account_auth_manager.cc(776)] Current error: TOKEN_NOT_FETCHED, new error: NOT_LINKED
04-09 16:53:08.432  3091  3091 I cast_shell: [3094:3094:INFO:user_auth_impl.cc(207)] Notified all the observers of new auth tokens.
04-09 16:53:08.525  3091  3091 I cast_shell: [system_updater_dummy.cpp(139)] CheckUpdate 139
04-09 16:53:08.525  3091  3091 I cast_shell: [system_updater_dummy.cpp(148)] CheckUpdate 148 return
04-09 16:53:08.663  2957  2968 D wac-main: Netlink event
04-09 16:53:08.663  2957  2968 E wac-main: Netlink event 16 Interface Index 5 
04-09 16:53:08.663  2957  2968 E wac-main: Enter poll and wait
04-09 16:53:08.663  2957  2968 D wac-main: Netlink event
04-09 16:53:08.663  2957  2968 E wac-main: Netlink event 16 Interface Index 5 
04-09 16:53:08.663  2957  2968 E wac-main: Enter poll and wait
04-09 16:53:08.666  2709  2721 I yani_server: NetLink Event '-1' Interface-Index '5' WLAN '0' Ethernet '-1' Parsed-iFill '-1' -> 'INVALID' ifIndex '1' -> 'lo'
04-09 16:53:08.672  2709  2721 I chatty  : uid=0(root) YaniServer identical 4 lines
04-09 16:53:08.672  2709  2721 I yani_server: NetLink Event '-1' Interface-Index '5' WLAN '0' Ethernet '-1' Parsed-iFill '-1' -> 'INVALID' ifIndex '1' -> 'lo'
04-09 16:53:08.673  2709  2721 I yani_kernel: yani_geteventfrom_changeaddr() Message-Id '1' Netlink event '16' Interface Index '5' -> Name 'wlan0' 
04-09 16:53:08.674  2709  2721 I yani_kernel: yani_geteventfrom_changeaddr() Message-Id '1' Netlink event '16' Interface Index '5' -> Name 'wlan0' 
04-09 16:53:08.678  2958  3169 I LibreCastControlDelegate: OnCastStatus() +++ Bedroom speaker 2:0xaafb5198:NOT_SETUP
04-09 16:53:08.678  2958  3169 I LibreCastControlDelegate: Device Build Number -> '1.52.272222'
04-09 16:53:08.678  2958  3169 I librecast: updateCastBuildVersion() Version 1.52.272222
04-09 16:53:08.678  2710  2710 I lucitransport: readRemoteMessage() MID char = 7 buffer = 1.52.272222
04-09 16:53:08.678  2958  3169 I LibreCastControlDelegate: Active Applications -> 0
04-09 16:53:08.678  2958  3169 I LibreCastControlDelegate: Current Cast State '2' -> 'NOT_SETUP'
04-09 16:53:08.678  2958  3169 I LibreCastControlDelegate: OnCastStatus() ---
04-09 16:53:08.779  3091  3091 I cast_shell: [3094:3094:INFO:grpc_service_discovery_impl.cc(185)] Mdns discovered google RPC for [PII](ACA2A7C77DE1160B0FE0842DDA235683).
04-09 16:53:09.164  3091  3091 I cast_shell: [3094:3132:INFO:metrics_recorder.cc(282)] Record action: Setup.state.BLE
04-09 16:53:09.549  3091  3091 I cast_shell: [system_updater_dummy.cpp(139)] CheckUpdate 139
04-09 16:53:09.549  3091  3091 I cast_shell: [system_updater_dummy.cpp(148)] CheckUpdate 148 return
04-09 16:53:09.644  2964  2990 I otamanager: OTA:curl response code : 0	
04-09 16:53:09.644  2964  2990 I otamanager: http status code : 200
04-09 16:53:09.644  2964  2990 I otamanager: OTA: contentLen :187.000000
04-09 16:53:09.653  2964  2990 I otamanager: OTA: bytesDownloaded = 187 m_iHttpStatusCode = 200 
04-09 16:53:09.654  2689  2689 I sh      : }{
04-09 16:53:09.654  2689  2689 I sh      : 	"castVersion" : null,
04-09 16:53:09.654  2964  2990 E otamanager: OTA:error string =  No update available
04-09 16:53:09.654  2689  2689 I sh      : 	"crc" : null,
04-09 16:53:09.654  2689  2689 I sh      : 	"errorCode" : 1001,
04-09 16:53:09.654  2689  2689 I sh      : 	"errorString" : "No update available",
04-09 16:53:09.654  2689  2689 I sh      : 	"forceUpgrade" : true,
04-09 16:53:09.654  2689  2689 I sh      : 	"mcuOnlyUpdate" : false,
04-09 16:53:09.654  2689  2689 I sh      : 	"otapackage" : null,
04-09 16:53:09.654  2689  2689 I sh      : 	"url" : null,
04-09 16:53:09.654  2689  2689 I sh      : 	"version" : null
04-09 16:53:09.655  2964  2990 I otamanager: Firmware Update State Change from CheckUpdate to Idle
04-09 16:53:09.656  3091  3091 I cast_shell: [system_updater_dummy.cpp(132)] CheckUpdate 132 no new version
04-09 16:53:09.656  3091  3091 I cast_shell: [3094:3100:INFO:update_engine_client_with_system_updater.cc(226)] No system force update, error_code=0
04-09 16:53:09.660  3091  3091 I cast_shell: [3094:3132:INFO:setup_state.cc(261)] Setup state changed: SETUP_STATE_CONNECTED_WIFI_NOT_SAVED (61) -> SETUP_STATE_CONNECTED (60)
04-09 16:53:09.660  3091  3091 I cast_shell: [3094:3132:INFO:setup_manager_impl.cc(1019)] Setup discoverability is disabled
04-09 16:53:09.660  3091  3091 I cast_shell: [3094:3132:INFO:ble_setup_manager.cc(758)] Clearing setup read attributes
04-09 16:53:09.660  3091  3091 I cast_shell: [3094:3132:INFO:gatt_client_manager_impl.cc(202)] Enabling GATT client connectability
04-09 16:53:09.660  3091  3091 I cast_shell: [3094:3132:INFO:ble_setup_manager.cc(620)] Stopped Bluetooth service
04-09 16:53:09.660  3091  3091 I cast_shell: [3094:3132:INFO:ble_setup.cc(423)] BLE setup stopped.
04-09 16:53:09.660  2731  2741 I HotspotManager: hotspot stop
04-09 16:53:09.660  2731  2741 I HotspotManager: stop dnsmasq
04-09 16:53:09.669  3091  3091 I cast_shell: [3094:3094:INFO:application_config_manager_impl.cc(566)] Enabling virtual device 55197457-d55d-5f1e-7f54-b38bd021d851
04-09 16:53:09.669  3091  3091 I cast_shell: [3094:3094:INFO:ble_discovery_controller.cc(121)] Starting BLE discovery
04-09 16:53:09.669  3091  3091 I cast_shell: [3094:3142:INFO:mdns_cast_service.cc(351)] Device discovery state is idle
04-09 16:53:09.669  3091  3091 I cast_shell: [3094:3132:INFO:gatt_client_manager_impl.cc(202)] Enabling GATT client connectability
04-09 16:53:09.669  3091  3091 I cast_shell: [3094:3142:INFO:mdns_util.cc(102)] Defaulting mDNS capabilities for audio-only build
04-09 16:53:09.669  3091  3091 I cast_shell: [3094:3132:INFO:gatt_client_manager_impl.cc(202)] Enabling GATT client connectability
04-09 16:53:09.670  2958  3169 I LibreCastControlDelegate: OnCastStatus() +++ Bedroom speaker 2:0xaafb5198:READY_TO_CAST
04-09 16:53:09.671  2958  3169 I LibreCastControlDelegate: Cast Device Name -> 'Bedroom speaker 2'
04-09 16:53:09.671  2958  3169 I librecast: OldFriendlyName '' & New name change By Cast 'Bedroom speaker 2' isfirstbootup 56 m_updatedonebyluci 95
04-09 16:53:09.671  3091  3091 I cast_shell: [3094:3132:INFO:gatt_client_manager_impl.cc(202)] Enabling GATT client connectability
04-09 16:53:09.671  2958  3169 I librecast:  Difference in FriendlyName notify all  
04-09 16:53:09.671  3091  3091 I cast_shell: [3094:3132:INFO:ble_setup_manager.cc(744)] Started Bluetooth service
04-09 16:53:09.671  2958  3169 I LibreCastControl: LibreCastControl_SetCastName()  name 'Bedroom speaker 2' RequestId '6' pCastControl 0xf4c00728
04-09 16:53:09.672  2710  2710 I lucitransport: writeRemoteMessage() MID = 90 buffer = Bedroom speaker 2
04-09 16:53:09.672  2710  2710 I luciUART: write() MID = 90  bytes = 27 data = Bedroom speaker 2 m_fd = 0x5
04-09 16:53:09.672  2710  2710 I lucitransport: writeLocalMessage() MID = 90 buffer = Bedroom speaker 2
04-09 16:53:09.679  2958  3169 I LibreCastControlDelegate: OnResponse() ReqeustID 6, error  0
04-09 16:53:09.681  2734  2763 I bluetoothtbd: [0409/042309.681269:INFO:adapter.cc(551)] Adapter properties changed
04-09 16:53:09.681  2734  2763 I bluetoothtbd: [0409/042309.681511:INFO:adapter.cc(573)] Adapter name changed
04-09 16:53:09.681  3091  3091 I cast_shell: [3094:3132:INFO:bluetooth_manager.cc(1232)] [PII] Set device name to 'Bedroom speaker 2'
04-09 16:53:09.688  3091  3091 I cast_shell: [3094:3094:INFO:device_info_impl.cc(1133)] SSDP Config ID is increased: id=6
04-09 16:53:09.689  3091  3091 I cast_shell: [3094:3142:INFO:mdns_util.cc(102)] Defaulting mDNS capabilities for audio-only build
04-09 16:53:09.689  3091  3091 I cast_shell: [3094:3094:INFO:ccs_manager_impl.cc(1842)] Postponing device name update while registering
04-09 16:53:09.691  2958  3169 I LibreCastControlDelegate: OnCastStatus() +++ Bedroom speaker 2:0xaafb5198:READY_TO_CAST
04-09 16:53:09.692  2958  3169 I LibreCastControlDelegate: Cast Device Name -> 'Bedroom speaker 2'
04-09 16:53:09.692  2958  3169 I librecast: OldFriendlyName '' & New name change By Cast 'Bedroom speaker 2' isfirstbootup 56 m_updatedonebyluci 95
04-09 16:53:09.692  2958  3169 I librecast:  Difference in FriendlyName notify all  
04-09 16:53:09.692  2958  3169 I LibreCastControl: LibreCastControl_SetCastName()  name 'Bedroom speaker 2' RequestId '7' pCastControl 0xf4c00728
04-09 16:53:09.693  2710  2716 I lucitransport: writeRemoteMessage() MID = 90 buffer = Bedroom speaker 2
04-09 16:53:09.693  2710  2716 I luciUART: write() MID = 90  bytes = 27 data = Bedroom speaker 2 m_fd = 0x5
04-09 16:53:09.694  2710  2716 I lucitransport: writeLocalMessage() MID = 90 buffer = Bedroom speaker 2
04-09 16:53:09.694  2958  3169 I LibreCastControlDelegate: Device Build Number -> '1.52.272222'
04-09 16:53:09.694  2958  3169 I librecast: updateCastBuildVersion() Version 1.52.272222
04-09 16:53:09.694  2710  2716 I lucitransport: readRemoteMessage() MID char = 7 buffer = 1.52.272222
04-09 16:53:09.694  2958  3169 I LibreCastControlDelegate: Active Applications -> 0
04-09 16:53:09.694  2958  3169 I LibreCastControlDelegate: Current Cast State '6' -> 'READY_TO_CAST'
04-09 16:53:09.694  2958  3169 I LibreCastControlDelegate: OnCastStatus() ---
04-09 16:53:09.697  2958  3169 I LibreCastControlDelegate: OnResponse() ReqeustID 7, error  0
04-09 16:53:09.698  3091  3091 I cast_shell: [3094:3094:INFO:mdns_manager_impl.cc(429)] Successfully updated service: type=_googlecast
04-09 16:53:09.698  3091  3091 I cast_shell: [3094:3094:INFO:virtual_device.cc(296)] Updated mDNS service for virtual device: id=55197457-d55d-5f1e-7f54-b38bd021d851
04-09 16:53:09.699  2734  2763 I bluetoothtbd: [0409/042309.699062:INFO:adapter.cc(551)] Adapter properties changed
04-09 16:53:09.699  2734  2763 I bluetoothtbd: [0409/042309.699191:INFO:adapter.cc(573)] Adapter name changed
04-09 16:53:09.699  3091  3091 I cast_shell: [3094:3132:INFO:bluetooth_manager.cc(1232)] [PII] Set device name to 'Bedroom speaker 2'
04-09 16:53:09.704  3091  3091 I cast_shell: [3094:3094:INFO:device_info_impl.cc(1133)] SSDP Config ID is increased: id=7
04-09 16:53:09.705  2958  3169 I LibreCastControlDelegate: OnCastStatus() +++ Bedroom speaker 2:0xaafb5198:READY_TO_CAST
04-09 16:53:09.706  2958  3169 I LibreCastControlDelegate: Cast Device Name -> 'Bedroom speaker 2'
04-09 16:53:09.706  2958  3169 I librecast: OldFriendlyName '' & New name change By Cast 'Bedroom speaker 2' isfirstbootup 56 m_updatedonebyluci 95
04-09 16:53:09.706  2958  3169 I librecast:  Difference in FriendlyName notify all  
04-09 16:53:09.706  2958  3169 I LibreCastControl: LibreCastControl_SetCastName()  name 'Bedroom speaker 2' RequestId '8' pCastControl 0xf4c00728
04-09 16:53:09.715  2689  2689 I sh      : MessageBoxAlert() MID 90 
04-09 16:53:09.715  2689  2689 I sh      : MessageBoxChanged() MID '90'
04-09 16:53:09.715  2958  3003 I librecast: MessageBoxAlert() Msg = 90 remoteID = 16 
04-09 16:53:09.716  3091  3091 I cast_shell: [3094:3094:INFO:device_info_impl.cc(1133)] SSDP Config ID is increased: id=8
04-09 16:53:09.716  2710  2719 I lucitransport: readRemoteMessage() MID char = 90 buffer = Bedroom speaker 2
04-09 16:53:09.717  2958  3169 I LibreCastControlDelegate: OnCastStatus() +++ Bedroom speaker 2:0xaafb5198:READY_TO_CAST
04-09 16:53:09.718  3091  3091 I cast_shell: [3094:3094:INFO:ccs_manager_impl.cc(1842)] Postponing device name update while registering
04-09 16:53:09.718  3091  3091 I cast_shell: [3094:3142:INFO:mdns_util.cc(102)] Defaulting mDNS capabilities for audio-only build
04-09 16:53:09.727  2734  2763 I bluetoothtbd: [0409/042309.727695:INFO:adapter.cc(551)] Adapter properties changed
04-09 16:53:09.727  2734  2763 I bluetoothtbd: [0409/042309.727865:INFO:adapter.cc(573)] Adapter name changed
04-09 16:53:09.728  2958  3169 I LibreCastControlDelegate: OnResponse() ReqeustID 9, error  0
04-09 16:53:09.728  3091  3091 I cast_shell: [3094:3132:INFO:bluetooth_manager.cc(1232)] [PII] Set device name to 'Bedroom speaker 2'
04-09 16:53:09.731  3091  3091 I cast_shell: [3094:3094:INFO:device_info_impl.cc(1133)] SSDP Config ID is increased: id=9
04-09 16:53:09.733  2958  3169 I LibreCastControlDelegate: OnCastStatus() +++ Bedroom speaker 2:0xaafb5198:READY_TO_CAST
04-09 16:53:09.734  3091  3091 I cast_shell: [3094:3142:INFO:mdns_util.cc(102)] Defaulting mDNS capabilities for audio-only build
04-09 16:53:09.734  3091  3091 I cast_shell: [3094:3094:INFO:ccs_manager_impl.cc(1842)] Postponing device name update while registering
04-09 16:53:09.734  3091  3091 I cast_shell: [3094:3094:INFO:mdns_manager_impl.cc(429)] Successfully updated service: type=_googlecast
04-09 16:53:09.734  3091  3091 I cast_shell: [3094:3094:INFO:virtual_device.cc(296)] Updated mDNS service for virtual device: id=55197457-d55d-5f1e-7f54-b38bd021d851
04-09 16:53:09.735  2958  3169 I LibreCastControlDelegate: Cast Device Name -> 'Bedroom speaker 2'
04-09 16:53:09.735  2958  3169 I librecast: OldFriendlyName 'Bedroom speaker 2' & New name change By Cast 'Bedroom speaker 2' isfirstbootup 56 m_updatedonebyluci 0
04-09 16:53:09.735  2958  3169 I LibreCastControlDelegate: Device Build Number -> '1.52.272222'
04-09 16:53:09.735  2958  3169 I librecast: updateCastBuildVersion() Version 1.52.272222
04-09 16:53:09.742  3091  3091 I cast_shell: [3094:3132:INFO:gatt_client_manager_impl.cc(202)] Enabling GATT client connectability
04-09 16:53:09.742  2961  2977 I SPOTIFY : ConnectionNotify event(0-Login, 1-Logout, rest Error) = 6 
04-09 16:53:09.742  2961  2977 E SPOTIFY : Device Name change new name = Bedroom speaker 2
04-09 16:53:09.742  2961  2977 E SPOTIFY : err = 0 
04-09 16:53:09.744  3091  3091 I cast_shell: [3094:3132:INFO:ble_setup.cc(915)] Sign related info completed, no future EurekaInfo need sign.
04-09 16:53:09.761  2957  2968 D wac-main: Netlink event
04-09 16:53:09.762  2957  2968 E wac-main: Netlink event 21 Interface Index 6 
04-09 16:53:09.762  2957  2968 E wac-main: Enter poll and wait
04-09 16:53:09.762  2709  2721 I yani_kernel: yani_geteventfrom_changeaddr() Message-Id '1' Netlink event '21' Interface Index '6' -> Name 'p2p0' 
04-09 16:53:09.762  2787  2787 I dnsmasq : reading /etc/resolv.conf
04-09 16:53:09.762  2787  2787 I dnsmasq : using nameserver 8.8.4.4#53
04-09 16:53:09.762  2787  2787 I dnsmasq : using nameserver 192.168.1.1#53
04-09 16:53:09.762  2787  2787 I dnsmasq : using nameserver 192.168.50.1#53
04-09 16:53:09.762  2787  2787 I dnsmasq : using nameserver 8.8.8.8#53
04-09 16:53:09.764  2689  2689 I sh      : MessageBoxAlert() MID 90 
04-09 16:53:09.764  2689  2689 I sh      : MessageBoxChanged() MID '90'
04-09 16:53:09.765  2731  2741 I HotspotManager: stop hostapd
04-09 16:53:09.767  2958  3003 I librecast: MessageBoxAlert() Msg = 90 remoteID = 16 
04-09 16:53:09.773  2709  2721 I yani_server: NetLink Event '5' Interface-Index '6' WLAN '-1' Ethernet '-1' Parsed-iFill '5' -> 'P2P0 DISCONNECTED' ifIndex '2' -> 'tunl0'
04-09 16:53:09.774  2710  2719 I lucitransport: readRemoteMessage() MID char = 90 buffer = Bedroom speaker 2
04-09 16:53:09.774  2958  3003 I LibreCastControl: LibreCastControl_SetCastName()  name 'Bedroom speaker 2' RequestId '10' pCastControl 0xf4c00728
04-09 16:53:09.774  2958  3003 E librecast: MessageBoxAlert() friendlyname Bedroom speaker 2
04-09 16:53:09.774  2958  3003 I LibreCastControl: MessageBoxAlert() messageBoxID 90
04-09 16:53:09.776  2960  2960 I airplayluci: MessageBoxAlert: MID 90
04-09 16:53:09.778  2734  2763 I bluetoothtbd: [0409/042309.778632:INFO:adapter.cc(551)] Adapter properties changed
04-09 16:53:09.778  2734  2763 I bluetoothtbd: [0409/042309.778808:INFO:adapter.cc(573)] Adapter name changed
04-09 16:53:09.779  2958  3169 I LibreCastControlDelegate: OnResponse() ReqeustID 10, error  0
04-09 16:53:09.781  2710  2710 I lucitransport: writeRemoteMessage() MID = 124 buffer = 1#1,1#2,0#3,0#4,0
04-09 16:53:09.781  2710  2710 I luciUART: write() MID = 124  bytes = 27 data = 1#1,1#2,0#3,0#4,0 m_fd = 0x5
04-09 16:53:09.782  2961  2976 E Spotify-Player: Change Spotify Device name
04-09 16:53:09.782  2729  2729 E AirableUIHelper: AirableUIHelper::YaniAlert  3 0 
04-09 16:53:09.783  2964  2980 I otamanager: YaniAlert() Interface 3 Status Down
04-09 16:53:09.784  2960  2960 I airplay-main: YaniAlert Interface 3 Status 0
04-09 16:53:09.784  3091  3091 I cast_shell: [3094:3094:INFO:ccs_manager_impl.cc(1842)] Postponing device name update while registering
04-09 16:53:09.784  3091  3091 I cast_shell: [3094:3142:INFO:mdns_util.cc(102)] Defaulting mDNS capabilities for audio-only build
04-09 16:53:09.785  3091  3091 I cast_shell: [3094:3094:INFO:mdns_manager_impl.cc(429)] Successfully updated service: type=_googlecast
04-09 16:53:09.785  3091  3091 I cast_shell: [3094:3094:INFO:virtual_device.cc(296)] Updated mDNS service for virtual device: id=55197457-d55d-5f1e-7f54-b38bd021d851
04-09 16:53:09.785  3091  3091 I cast_shell: [3094:3132:INFO:bluetooth_manager.cc(1232)] [PII] Set device name to 'Bedroom speaker 2'
04-09 16:53:09.785  2710  2719 E LUCI_SERVER: Luci Server Thread wait over MID 90....
04-09 16:53:09.787  2961  2977 E SPOTIFY : Device Name change new name = Bedroom speaker 2
04-09 16:53:09.787  2961  2977 E SPOTIFY : err = 0 
04-09 16:53:09.787  3091  3091 I cast_shell: [3094:3094:INFO:device_info_impl.cc(1133)] SSDP Config ID is increased: id=10
04-09 16:53:09.790  2958  3169 I LibreCastControlDelegate: OnCastStatus() +++ Bedroom speaker 2:0xaafb5198:READY_TO_CAST
04-09 16:53:09.790  2710  2718 E luciUART: UART:aa
04-09 16:53:09.790  2710  2718 E luciUART: UART:aa
04-09 16:53:09.791  2710  2718 E luciUART: UART:2
04-09 16:53:09.791  2710  2718 E luciUART: UART:0
04-09 16:53:09.791  2710  2718 E luciUART: UART:d0
04-09 16:53:09.791  2710  2718 E luciUART: UART:0
04-09 16:53:09.791  2710  2718 I chatty  : uid=0(root) UARTLUCIControl identical 2 lines
04-09 16:53:09.791  2710  2718 E luciUART: UART:0
04-09 16:53:09.791  2710  2718 E luciUART: UART:9
04-09 16:53:09.791  2710  2718 I luciUART: read() RemoteID = 43690 Command = 208 Type = 2 Status = 0 DataLen = 9
04-09 16:53:09.791  2710  2718 E luciUART: Error: full data not available yet! readBytes 0
04-09 16:53:09.791  2710  2718 I luciUART: Previous Packet read contd., 
04-09 16:53:09.791  2710  2718 E luciUART: UART:52
04-09 16:53:09.791  2710  2718 I luciUART: Previous Packet read contd., 
04-09 16:53:09.791  2710  2718 E luciUART: UART:45
04-09 16:53:09.791  2710  2718 I luciUART: Previous Packet read contd., 
04-09 16:53:09.791  2710  2718 E luciUART: UART:41
04-09 16:53:09.791  2710  2718 I luciUART: Previous Packet read contd., 
04-09 16:53:09.791  2710  2718 E luciUART: UART:44
04-09 16:53:09.791  2710  2718 I luciUART: Previous Packet read contd., 
04-09 16:53:09.791  2710  2718 E luciUART: UART:5f
04-09 16:53:09.792  2710  2718 I luciUART: Previous Packet read contd., 
04-09 16:53:09.792  2710  2718 E luciUART: UART:73
04-09 16:53:09.792  2710  2718 I luciUART: Previous Packet read contd., 
04-09 16:53:09.792  2710  2718 E luciUART: UART:73
04-09 16:53:09.792  2710  2718 I luciUART: Previous Packet read contd., 
04-09 16:53:09.792  2710  2718 E luciUART: UART:69
04-09 16:53:09.792  2710  2718 I luciUART: Previous Packet read contd., 
04-09 16:53:09.792  2710  2718 E luciUART: UART:64
04-09 16:53:09.792  2958  3169 I LibreCastControlDelegate: Cast Device Name -> 'Bedroom speaker 2'
04-09 16:53:09.792  2958  3169 I librecast: OldFriendlyName 'Bedroom speaker 2' & New name change By Cast 'Bedroom speaker 2' isfirstbootup 56 m_updatedonebyluci 0
04-09 16:53:09.792  2958  3169 I LibreCastControlDelegate: Device Build Number -> '1.52.272222'
04-09 16:53:09.792  2958  3169 I librecast: updateCastBuildVersion() Version 1.52.272222
04-09 16:53:09.792  2710  2710 I lucitransport: readRemoteMessage() MID char = 7 buffer = 1.52.272222
04-09 16:53:09.792  2958  3169 I LibreCastControlDelegate: Active Applications -> 0
04-09 16:53:09.793  2958  3169 I LibreCastControlDelegate: Current Cast State '6' -> 'READY_TO_CAST'
04-09 16:53:09.793  2958  3169 I LibreCastControlDelegate: OnCastStatus() ---
04-09 16:53:09.800  2957  2968 D wac-main: Netlink event
04-09 16:53:09.800  2957  2968 E wac-main: Netlink event 16 Interface Index 6 
04-09 16:53:09.800  2957  2968 E wac-main: p2p0 event Link Changed : 1003 
04-09 16:53:09.800  2957  2968 E wac-main: p2p0 Changed down
04-09 16:53:09.800  2957  2968 E wac-main: wlan0 IP : 192.168.1.145
04-09 16:53:09.800  2709  2721 I yani_kernel: yani_geteventfrom_changeaddr() Message-Id '1' Netlink event '16' Interface Index '6' -> Name 'p2p0' 
04-09 16:53:09.805  2957  2968 E wac-main: Enter poll and wait
04-09 16:53:09.821  2689  2689 I sh      : MessageBoxAlert() MID 90 
04-09 16:53:09.821  2689  2689 I sh      : MessageBoxChanged() MID '90'
04-09 16:53:09.823  2958  3003 I librecast: MessageBoxAlert() Msg = 90 remoteID = 16 
04-09 16:53:09.824  2710  2719 I lucitransport: readRemoteMessage() MID char = 90 buffer = Bedroom speaker 2
04-09 16:53:09.825  2958  3003 I LibreCastControl: LibreCastControl_SetCastName()  name 'Bedroom speaker 2' RequestId '11' pCastControl 0xf4c00728
04-09 16:53:09.825  2958  3003 E librecast: MessageBoxAlert() friendlyname Bedroom speaker 2
04-09 16:53:09.825  2958  3003 I LibreCastControl: MessageBoxAlert() messageBoxID 90
04-09 16:53:09.829  2960  2960 I airplayluci: MessageBoxAlert: MID 90
04-09 16:53:09.830  2958  3169 I LibreCastControlDelegate: OnResponse() ReqeustID 11, error  0
04-09 16:53:09.830  2961  2976 E Spotify-Player: Change Spotify Device name
04-09 16:53:09.831  2734  2763 I bluetoothtbd: [0409/042309.831454:INFO:adapter.cc(551)] Adapter properties changed
04-09 16:53:09.831  2734  2763 I bluetoothtbd: [0409/042309.831637:INFO:adapter.cc(573)] Adapter name changed
04-09 16:53:09.831  2710  2719 E LUCI_SERVER: Luci Server Thread wait over MID 208....
04-09 16:53:09.831  2710  2719 E LUCI_SERVER: Got NV name : ssid
04-09 16:53:09.833  3091  3091 I cast_shell: [3094:3132:INFO:bluetooth_manager.cc(1232)] [PII] Set device name to 'Bedroom speaker 2'
04-09 16:53:09.834  2710  2719 I luciUART: write() MID = 208  bytes = 30 data = ssid:Linksys16717_2G m_fd = 0x5
04-09 16:53:09.834  2710  2719 E LUCI_SERVER: NV_READ response= ssid:Linksys16717_2G
04-09 16:53:09.834  2710  2719 E LUCI_SERVER: Luci Server Thread waiting for packets....
04-09 16:53:09.838  3091  3091 I cast_shell: [3094:3094:INFO:device_info_impl.cc(1133)] SSDP Config ID is increased: id=11
04-09 16:53:09.838  3091  3091 I cast_shell: [3094:3094:INFO:ccs_manager_impl.cc(1842)] Postponing device name update while registering
04-09 16:53:09.839  3091  3091 I cast_shell: [3094:3142:INFO:mdns_util.cc(102)] Defaulting mDNS capabilities for audio-only build
04-09 16:53:09.839  3091  3091 I cast_shell: [3094:3094:INFO:mdns_manager_impl.cc(429)] Successfully updated service: type=_googlecast
04-09 16:53:09.840  2961  2977 E SPOTIFY : Device Name change new name = Bedroom speaker 2
04-09 16:53:09.840  2961  2977 E SPOTIFY : err = 0 
04-09 16:53:09.840  3091  3091 I cast_shell: [3094:3094:INFO:virtual_device.cc(296)] Updated mDNS service for virtual device: id=55197457-d55d-5f1e-7f54-b38bd021d851
04-09 16:53:09.841  2958  3169 I LibreCastControlDelegate: OnCastStatus() +++ Bedroom speaker 2:0xaafb5198:READY_TO_CAST
04-09 16:53:09.842  2958  3169 I LibreCastControlDelegate: Cast Device Name -> 'Bedroom speaker 2'
04-09 16:53:09.842  2958  3169 I librecast: OldFriendlyName 'Bedroom speaker 2' & New name change By Cast 'Bedroom speaker 2' isfirstbootup 56 m_updatedonebyluci 0
04-09 16:53:09.842  2958  3169 I LibreCastControlDelegate: Device Build Number -> '1.52.272222'
04-09 16:53:09.842  2958  3169 I librecast: updateCastBuildVersion() Version 1.52.272222
04-09 16:53:09.842  2710  2710 I lucitransport: readRemoteMessage() MID char = 7 buffer = 1.52.272222
04-09 16:53:09.842  2958  3169 I LibreCastControlDelegate: Active Applications -> 0
04-09 16:53:09.842  2958  3169 I LibreCastControlDelegate: Current Cast State '6' -> 'READY_TO_CAST'
04-09 16:53:09.842  2958  3169 I LibreCastControlDelegate: OnCastStatus() ---
04-09 16:53:09.866  2731  2741 E WifiUtil: Setting interface p2p0 down.
04-09 16:53:09.867  2957  2968 D wac-main: Netlink event
04-09 16:53:09.867  2957  2968 E wac-main: Netlink event 16 Interface Index 6 
04-09 16:53:09.867  2957  2968 E wac-main: p2p0 event Link Changed : 1002 
04-09 16:53:09.867  2957  2968 E wac-main: Enter poll and wait
04-09 16:53:09.867  2709  2721 I yani_kernel: yani_geteventfrom_changeaddr() Message-Id '1' Netlink event '16' Interface Index '6' -> Name 'p2p0' 
04-09 16:53:10.089  3091  3091 I cast_shell: [3094:3094:INFO:grpc_manager_impl.cc(505)] GRPC[uri=[::]:0]: num_pending_calls=0, num_active_handlers=0, num_free_handlers=0
04-09 16:53:10.090  3091  3091 I cast_shell: [3094:3094:INFO:grpc_manager_impl.cc(505)] GRPC[uri=]: num_pending_calls=0, num_active_handlers=0, num_free_handlers=0
04-09 16:53:10.112  3091  3091 I cast_shell: [3094:3094:INFO:grpc_manager_impl.cc(505)] GRPC[uri=unix:/tmp/hcp_ipc_auth.socket]: num_pending_calls=0, num_active_handlers=10, num_free_handlers=0
04-09 16:53:10.116  3091  3091 I cast_shell: [3094:3094:INFO:grpc_manager_impl.cc(505)] GRPC[uri=unix:/tmp/modular_updater/modular_update_service]: num_pending_calls=0, num_active_handlers=0, num_free_handlers=0
04-09 16:53:10.136  3091  3091 I cast_shell: [3094:3094:INFO:metrics_recorder.cc(112)] Metrics stat: total=18
04-09 16:53:10.136  3091  3091 I cast_shell: Cast.Assistant.Auth.FetchToken=1
04-09 16:53:10.136  3091  3091 I cast_shell: Cast.Assistant.AuthError.NOT_LINKED=1
04-09 16:53:10.136  3091  3091 I cast_shell: Cast.Auth.OK=1
04-09 16:53:10.136  3091  3091 I cast_shell: Cast.CRL.DownloadSuccess=1
04-09 16:53:10.136  3091  3091 I cast_shell: Cast.DCS.DownloadSuccess=1
04-09 16:53:10.136  3091  3091 I cast_shell: Cast.Discovery.Ble.Enabled=1
04-09 16:53:10.136  3091  3091 I cast_shell: Cast.Discovery.Mdns.ResponderStarted=1
04-09 16:53:10.136  3091  3091 I cast_shell: Cast.Discovery.Mdns.ResponderStopped=1
04-09 16:53:10.136  3091  3091 I cast_shell: Cast.Discovery.Mdns.SocketCreated=3
04-09 16:53:10.136  3091  3091 I cast_shell: Cast.Discovery.Mdns.SocketDestroyed=2
04-09 16:53:10.198  3091  3091 I cast_shell: [3094:3132:INFO:metrics_recorder.cc(282)] Record action: Setup.state.BLE
04-09 16:53:10.258  3091  3091 I cast_shell: [3094:3094:INFO:grpc_manager_impl.cc(505)] GRPC[uri=[::]:8012]: num_pending_calls=0, num_active_handlers=1, num_free_handlers=0
04-09 16:53:10.722  3361  3361 D dhcpcd  : wlan0: Router Advertisement from fe80::cab3:73ff:fe44:aeed
04-09 16:53:10.722  3361  3361 D dhcpcd  : wlan0: adding address fd70:d3e7:6555:0:ce90:93ff:fe21:f384/64
04-09 16:53:10.722  3361  3361 D dhcpcd  : wlan0: adding address fd70:d3e7:6555:0:f4c9:dac7:d73d:9e81/64
04-09 16:53:10.723  3361  3361 D dhcpcd  : wlan0: adding route to fd70:d3e7:6555::/64
04-09 16:53:10.724  3361  3361 D dhcpcd  : wlan0: requesting DHCPv6 information
04-09 16:53:10.739  3091  3091 I cast_shell: [3094:3132:INFO:ble_setup.cc(789)] Missing required info for sign.
04-09 16:53:10.743  3091  3091 I cast_shell: [3094:3132:INFO:gatt_client_manager_impl.cc(202)] Enabling GATT client connectability
04-09 16:53:10.743  3091  3091 I cast_shell: [3094:3132:INFO:ble_setup.cc(915)] Sign related info completed, no future EurekaInfo need sign.
04-09 16:53:11.262  2734  2812 W bt_btif : bta_gattc_conn_cback() - cif=3 connected=0 conn_id=3 reason=0x0013
04-09 16:53:11.262  2734  2812 W bt_btif : bta_gattc_conn_cback() - cif=4 connected=0 conn_id=4 reason=0x0013
04-09 16:53:11.262  2734  2812 W bt_btif : bta_gattc_conn_cback() - cif=6 connected=0 conn_id=6 reason=0x0013
04-09 16:53:11.263  3091  3091 I cast_shell: [3094:3132:ERROR:bluetooth_v1_via_v2.cc(796)] Connection state changed. :a6 false
04-09 16:53:11.263  2734  2812 I bt_btm_sec: btm_sec_disconnected clearing pending flag handle:128 reason:19
04-09 16:53:11.264  2734  2763 W bt_btif : btif_av_move_idle: ACL Disconnected state 0 bd_addr=46:b1:02:ba:5d:a6 peer_bda=00:00:00:00:00:00
04-09 16:53:11.264  2734  2763 I bluetoothtbd: [0409/042311.264270:INFO:adapter.cc(719)] ACL state changed: 46:B1:02:BA:5D:A6 - connected: false
04-09 16:53:11.679  3091  3091 I cast_shell: [3094:3142:INFO:mdns_app_filter.cc(1526)] MdnsAppFilter: Done announcing.
04-09 16:53:11.722  2960  3475 I airplay_v2_0_6: 2022-04-09 16:53:11.722307 [AirPlayDemo] AirPlayDemoServerCopyProperty Password is <<NULL>>
04-09 16:53:11.723  2710  2710 I lucitransport: readRemoteMessage() MID char = 90 buffer = Bedroom speaker 2
04-09 16:53:11.724  2960  3450 I airplay_v2_0_6: 2022-04-09 16:53:11.724828 [AirPlay] Registering Bonjour _airplay._tcp. port 7000
04-09 16:53:11.726  2960  3475 I airplay_v2_0_6: 2022-04-09 16:53:11.726783 [AirPlayDemo] AirPlayDemoServerCopyProperty Password is <<NULL>>
04-09 16:53:11.728  2960  3475 I airplay_v2_0_6: 2022-04-09 16:53:11.728240 [AirPlayDemo] AirPlayDemoServerCopyProperty Password is <<NULL>>
04-09 16:53:11.728  2710  2710 I lucitransport: readRemoteMessage() MID char = 90 buffer = Bedroom speaker 2
04-09 16:53:11.730  2960  3450 I airplay_v2_0_6: 2022-04-09 16:53:11.730227 [AirPlay] Registering Bonjour CC909321F384@Bedroom speaker 2._raop._tcp. port 7000
04-09 16:53:11.772  3091  3091 I cast_shell: [3094:3143:INFO:metrics_recorder.cc(282)] Cast v2 action(socket_id=55197457-d55d-5f1e-7f54-b38bd021d851.2): CastV2.Connection.Connect.In
04-09 16:53:11.777  3091  3091 I cast_shell: [3094:3094:INFO:cast_system_memory_pressure_evaluator.cc(179)] ConfigRelaxMemoryPressureThresholds, 0.1, 0.2
04-09 16:53:11.779  3091  3091 I cast_shell: [3094:3132:INFO:setup_namespace_handler.cc(94)] Added a peer for setup namespace: 55197457-d55d-5f1e-7f54-b38bd021d851.2:gms_cast_prober-1
04-09 16:53:11.780  3091  3091 I cast_shell: [3094:3094:INFO:application_manager_impl.cc(1417)] Starting background app: CC1AD845 (Default Media Receiver), session_id=10ccba3b-6e19-4a82-9bd4-fd97cfcd09cb
04-09 16:53:11.780  3091  3091 I cast_shell: [3094:3143:INFO:v2_transport.cc(458)] Added Cast V2 endpoint: id=10ccba3b-6e19-4a82-9bd4-fd97cfcd09cb, socket_factory_id=[PII](55197457-d55d-5f1e-7f54-b38bd021d851)
04-09 16:53:11.780  3091  3091 I cast_shell: [3094:3094:INFO:cast_media_blocker.cc(43)] UpdatePlayingState media_loading_blocked=1 media_starting_blocked=0 suspended=1 controllable=0 paused_by_user=1
04-09 16:53:11.780  3091  3091 I cast_shell: [3094:3132:INFO:setup_state.cc(544)] EurekaInfoCalled: wifi_state=10, is_usable_ip_address=1, connected=1, is_initial_setup=0
04-09 16:53:11.780  3091  3091 I cast_shell: [3094:3094:INFO:application_message_handler.cc(1747)] Scheduling IpcTimerCheck
04-09 16:53:11.781  3091  3091 I cast_shell: [3094:3094:INFO:application_manager_impl.cc(1565)] App starting: CC1AD845 (Default Media Receiver), session_id=10ccba3b-6e19-4a82-9bd4-fd97cfcd09cb
04-09 16:53:11.781  3091  3091 I cast_shell: [3094:3142:INFO:mdns_util.cc(102)] Defaulting mDNS capabilities for audio-only build
04-09 16:53:11.782  3091  3091 I cast_shell: [3094:3094:INFO:application_identification_settings.cc(410)] new ApplicationIdentificationSettings session_id: 10ccba3b-6e19-4a82-9bd4-fd97cfcd09cb app_id: CC1AD845 flags: 0 headers: 0
04-09 16:53:11.784  3091  3091 I cast_shell: [3478:3478:INFO:cast_content_renderer_client_internal.cc(83)] Render process started.
04-09 16:53:11.789  3091  3091 I cast_shell: [3094:3094:INFO:cast_media_blocker.cc(81)] MediaSessionInfoChanged media_loading_blocked=1 media_starting_blocked=0 is_suspended=1 is_controllable=0 paused_by_user=1
04-09 16:53:11.796  3091  3091 I cast_shell: [3094:3094:INFO:web_application.cc(817)] [10ccba3b] Supported bitstream audio codecs info: [codecs]None[spatial_rendering]None
04-09 16:53:11.797  3091  3091 I cast_shell: [3094:3094:INFO:cast_web_contents_impl.cc(242)] Load url: https://www.gstatic.com/cast/sdk/default_receiver/dogfood/app.html?skin=https://www.gstatic.com/eureka/player/0000/skins/cast/skin.css
04-09 16:53:11.798  3091  3091 I cast_shell: [3094:3094:INFO:cast_content_browser_client_internal.cc(975)] Disabling images support for application: CC1AD845
04-09 16:53:11.804  3091  3091 I cast_shell: [3094:3094:INFO:web_application.cc(991)] [10ccba3b] Page state changed: app=CC1AD845 page_state=LOADING
04-09 16:53:11.808  3091  3091 I cast_shell: [3094:3094:INFO:web_application.cc(585)] [10ccba3b] Updating app visibility to hidden for background mode.
04-09 16:53:11.809  3091  3091 I cast_shell: [3094:3094:INFO:application_manager_impl.cc(1579)] App pending: CC1AD845 (Default Media Receiver), session_id=10ccba3b-6e19-4a82-9bd4-fd97cfcd09cb
04-09 16:53:11.809  3091  3091 I cast_shell: [3094:3142:INFO:mdns_util.cc(102)] Defaulting mDNS capabilities for audio-only build
04-09 16:53:11.819  3091  3091 I cast_shell: [3094:3094:INFO:mdns_util.cc(102)] Defaulting mDNS capabilities for audio-only build
04-09 16:53:11.819  3091  3091 I cast_shell: [3094:3094:INFO:mdns_util.cc(102)] Defaulting mDNS capabilities for audio-only build
04-09 16:53:11.823  3091  3091 I cast_shell: [3094:3094:INFO:cast_renderer_oom_adj_manager.cc(82)] Registering renderer 3478
04-09 16:53:11.823  3091  3091 I cast_shell: [3094:3424:INFO:cast_renderer_oom_adj_manager.cc(90)] Adjusting OOM score for renderer(3478) to 400
04-09 16:53:11.823  3091  3091 I cast_shell: [3094:3424:WARNING:cast_renderer_oom_adj_manager.cc(92)] OOM score adjustment failed for renderer(3478)
04-09 16:53:11.826  3091  3091 I cast_shell: [3094:3143:INFO:v2_ssl_socket.cc(358)] Stop reading on pending closed socket
04-09 16:53:11.826  3091  3091 I cast_shell: [3094:3132:INFO:setup_namespace_handler.cc(104)] Removed a peer for setup namespace: 55197457-d55d-5f1e-7f54-b38bd021d851.2:gms_cast_prober-1
04-09 16:53:11.855  3091  3091 I cast_shell: [3478:3478:INFO:media_playback_options.cc(70)] Render frame actions are blocked.
04-09 16:53:11.886  3091  3091 I cast_shell: [3478:3478:INFO:media_playback_options.cc(70)] Render frame actions are blocked.
04-09 16:53:11.887  3091  3091 I cast_shell: [3478:3478:INFO:media_caps.cc(24)] ScreenResolutionChanged resolution=0x0
04-09 16:53:11.888  3091  3091 I cast_shell: [3478:3478:INFO:media_caps.cc(54)] ScreenInfoChanged HDCP version=0 Supported EOTFs=0 DolbyVision flags=0 Screen size(mm): 0x0 cur mode HDR=0 cur mode DV=0
04-09 16:53:11.950  2731  2741 I NetworkMonitor: turn off power-save
04-09 16:53:11.978  3091  3091 I cast_shell: [3492:3492:INFO:cast_content_renderer_client_internal.cc(83)] Render process started.
04-09 16:53:12.040  3091  3091 I cast_shell: [3492:3492:INFO:media_playback_options.cc(70)] Render frame actions are blocked.
04-09 16:53:12.042  3091  3091 I cast_shell: [3492:3492:INFO:cast_content_client.cc(103)] Active URL: https://www.gstatic.com/cast/sdk/default_receiver/dogfood/app.html?skin=https://www.gstatic.com/eureka/player/0000/skins/cast/skin.css&google_cast_bg=true for origin 'null'
