04-09 16:20:22.138  3084  3084 I cast_shell: [3087:3136:INFO:mdns_app_filter.cc(1709)] MdnsAppFilter is stopping; closing socket: address=192.168.10.1
04-09 16:20:22.138  3084  3084 I cast_shell: [3087:3136:INFO:metrics_recorder.cc(282)] cast event: Cast.Discovery.Mdns.SocketDestroyed
04-09 16:20:22.139  3084  3084 I cast_shell: [3087:3126:INFO:setup_state.cc(261)] Setup state changed: SETUP_STATE_UNKNOWN (0) -> SETUP_STATE_CHECKING_GLOBAL_CONNECTIVITY (50)
04-09 16:20:22.143  3084  3084 I cast_shell: [3087:3126:INFO:gatt_client_manager_impl.cc(202)] Enabling GATT client connectability
04-09 16:20:22.223  2969  2999 I otamanager: OTAManager connected to CastUpdater via  /tmp/socket/system_updater
04-09 16:20:22.223  2969  2999 I otamanager: cast_updater_threadEntry socket handle 5
04-09 16:20:22.224  3084  3084 I cast_shell: [3087:3094:WARNING:crl_downloader.cc(136)] CRL failed to restore.
04-09 16:20:22.298  2963  3011 I LibreCastControl: LibreCastControl_init() Socket Initialized
04-09 16:20:22.308  2963  3011 E LibreCastControl: PULSAR:CreateCastControlThread:18
04-09 16:20:22.308  2963  3011 E LibreCastControl: Create LibreCastLUCITimerThreadInit 
04-09 16:20:22.308  2963  3162 E LibreCastControl: PULSAR:Run:23
04-09 16:20:22.309  2963  3163 E LibreCastControl: Timer Sem Wait Start iCastPlayerstate = 0 
04-09 16:20:22.323  2691  2691 I sh      : [0409/035022.322085:INFO:cast_control_impl.cc(744)] CastControl has started running.
04-09 16:20:22.323  2691  2691 I sh      : [0409/035022.322955:INFO:cast_control_impl.cc(745)] Attempting to connect CastMessageService. socket=/tmp/cast-control
04-09 16:20:22.326  2963  3162 I LibreCastControlDelegate: OnCastStatus() +++ :0xab80e198:STARTING
04-09 16:20:22.326  2691  2691 I sh      : [0409/035022.325904:INFO:cast_control_socket.cc(64)] Successfully connected Cast Control Socket
04-09 16:20:22.326  2963  3162 E LibreCastControlDelegate: OnCastStatus:177
04-09 16:20:22.327  2963  3162 I LibreCastControl: LibreCastControl_SetCastName()  name 'Lyric Speaker Box 21f384' RequestId '1' pCastControl 0xf4900728
04-09 16:20:22.327  2963  3162 I LibreCastControlDelegate: Active Applications -> 0
04-09 16:20:22.327  2963  3162 I LibreCastControlDelegate: Current Cast State '1' -> 'STARTING'
04-09 16:20:22.327  2963  3162 I LibreCastControlDelegate: OnCastStatus() ---
04-09 16:20:22.328  2691  2691 I sh      : [0409/035022.327902:INFO:cast_message_service_impl.cc(185)] Sending connect message!
04-09 16:20:22.331  3084  3084 I cast_shell: [3087:3137:INFO:metrics_recorder.cc(282)] Cast v2 action(socket_id=domain-socket@/tmp/cast-control.1): CastV2.Connection.Connect.In
04-09 16:20:22.332  3084  3084 I cast_shell: [3087:3087:INFO:resource_namespace_handler.cc(307)] Setting resource provider: sender_id=domain-socket@/tmp/cast-control.1:system-0
04-09 16:20:22.333  2691  2691 I sh      : [0409/035022.333135:INFO:cast_message_service_impl.cc(1007)] CastMessageServiceImpl matched versions
04-09 16:20:22.616  2732  2746 I WifiUtil: get p2p0 channel 6 (2437MHz)
04-09 16:20:22.616  2732  2746 I HotspotManager: start hostapd at channel=6 SSID=<SSID omitted> hidden_ssid=0
04-09 16:20:22.618  2962  2972 D wac-main: Netlink event
04-09 16:20:22.618  2962  2972 E wac-main: Netlink event 20 Interface Index 6 
04-09 16:20:22.618  2962  2972 E wac-main: Enter poll and wait
04-09 16:20:22.618  2962  2972 D wac-main: Netlink event
04-09 16:20:22.618  2962  2972 E wac-main: Netlink event 21 Interface Index 6 
04-09 16:20:22.618  2962  2972 E wac-main: Enter poll and wait
04-09 16:20:22.619  2711  2724 I yani_kernel: yani_geteventfrom_changeaddr() Message-Id '1' Netlink event '20' Interface Index '6' -> Name 'p2p0' 
04-09 16:20:22.635  3164  3164 I hostapd : IEEE 802.11: Steering disabled
04-09 16:20:22.635  3084  3084 I cast_shell: [3087:3136:INFO:metrics_recorder.cc(282)] cast event: Cast.Discovery.Mdns.SocketCreated
04-09 16:20:22.635  3084  3084 I cast_shell: [3087:3136:INFO:mdns_app_filter.cc(1254)] Created mDNS socket for interface:name=p2p1, address=192.168.2.1, index=7
04-09 16:20:22.635  3084  3084 I cast_shell: [3087:3136:INFO:metrics_recorder.cc(282)] cast event: Cast.Discovery.Mdns.SocketCreated
04-09 16:20:22.635  3084  3084 I cast_shell: [3087:3136:INFO:mdns_app_filter.cc(1254)] Created mDNS socket for interface:name=usb0, address=192.168.10.1, index=9
04-09 16:20:22.635  3084  3084 I cast_shell: [3087:3136:INFO:mdns_app_filter.cc(977)] MdnsAppFilter is starting.
04-09 16:20:22.635  3084  3084 I cast_shell: [3087:3136:INFO:metrics_recorder.cc(282)] cast event: Cast.Discovery.Mdns.ResponderStarted
04-09 16:20:22.635  3084  3084 I cast_shell: [3087:3136:INFO:discovered_service_client.cc(78)] Primary interface for service discovery has changed: ifindex=9
04-09 16:20:22.635  2962  2972 D wac-main: Netlink event
04-09 16:20:22.650  2963  3162 I LibreCastControlDelegate: OnCastStatus() +++ LSB1095:0xab80e198:NOT_SETUP
04-09 16:20:22.650  2963  3162 I LibreCastControlDelegate: Device Build Number -> '1.52.272222'
04-09 16:20:22.650  2963  3162 I librecast: updateCastBuildVersion() Version 1.52.272222
04-09 16:20:22.651  2712  2718 I lucitransport: readRemoteMessage() MID char = 7 buffer = (null)
04-09 16:20:22.651  2711  2724 I yani_server: NetLink Event '6' Interface-Index '6' WLAN '-1' Ethernet '-1' Parsed-iFill '6' -> 'P2P0 CONNECTED' ifIndex '2' -> 'tunl0'
04-09 16:20:22.651  2963  3162 E librecast: librecast::updateCastBuildVersion Cast build version number = 1.52.272222
04-09 16:20:22.651  2963  3162 E librecast: castVersion = 1.52.272222
04-09 16:20:22.652  2712  2718 I lucitransport: writeRemoteMessage() MID = 7 buffer = 1.52.272222
04-09 16:20:22.652  2712  2718 I luciUART: write() MID = 7  bytes = 21 data = 1.52.272222 m_fd = 0x6
04-09 16:20:22.659  2963  3162 I LibreCastControlDelegate: Active Applications -> 0
04-09 16:20:22.659  2963  3162 I LibreCastControlDelegate: Current Cast State '2' -> 'NOT_SETUP'
04-09 16:20:22.659  2963  3162 I LibreCastControlDelegate: OnCastStatus() ---
04-09 16:20:22.661  2691  2691 I sh      : [0409/035022.660011:INFO:cast_message_service_impl.cc(1037)] Received initial eureka info
04-09 16:20:22.662  2691  2691 I sh      : [0409/035022.662519:INFO:cast_message_service_impl.cc(1067)] Received initial receiver info
04-09 16:20:22.662  2691  2691 I sh      : [0409/035022.662762:INFO:cast_message_service_impl.cc(1073)] Sent PlatformSettingsRegister message
04-09 16:20:22.663  2963  3162 I LibreCastControlDelegate: OnControlConnected()
04-09 16:20:22.684  2963  3162 I LibreCastControl: LibreCastControl_RequestGVAStatus() RequestId '4' pCastControl 0xf4900728
04-09 16:20:22.684  2691  2691 I sh      : [0409/035022.684649:INFO:cast_message_service_impl.cc(1076)] CastMessageServiceImpl is ready
04-09 16:20:22.685  3084  3084 I cast_shell: [3087:3087:INFO:assistant_namespace_handler.cc(144)] Added a status listening peer for assistant namespace: domain-socket@/tmp/cast-control.1:system-0
04-09 16:20:22.686  2963  3162 I LibreCastControlDelegate: OnResponse() ReqeustID 4, error  0
04-09 16:20:23.465  3084  3084 I cast_shell: [3087:3139:INFO:multizone_manager.cc(1889)] Initial discovery complete
04-09 16:20:23.465  3084  3084 I cast_shell: [3087:3136:INFO:mdns_app_filter.cc(1605)] Re-probing due to newly registered service '3': _googlezone
04-09 16:20:23.465  3084  3084 I cast_shell: [3087:3087:INFO:mdns_manager_impl.cc(311)] Successfully registered service: type=_googlezone
04-09 16:20:23.520  2962  2972 D wac-main: Netlink event
04-09 16:20:23.521  2962  2972 E wac-main: Netlink event 16 Interface Index 6 
04-09 16:20:23.521  2962  2972 E wac-main: p2p0 event Link Changed : 1002 
04-09 16:20:23.521  2962  2972 E wac-main: Enter poll and wait
04-09 16:20:24.012  2711  2724 I yani_server: doLotofWork() List of interface '4'
04-09 16:20:24.012  2711  2724 I yani_server: doLotofWork() Interface 'p2p0' ifr[0].ifr_name 'lo' ipaddress '127.0.0.1'
04-09 16:20:24.012  2711  2724 I yani_server: doLotofWork() Interface 'p2p0' ifr[1].ifr_name 'p2p0' ipaddress '192.168.255.249'
04-09 16:20:24.012  2711  2724 I yani_server: doLotofWork() returns 'REFILL WACMODE'
04-09 16:20:24.012  2711  2724 E yani_server: YANI: I am Done Wait For Event 
04-09 16:20:24.012  2711  2724 I yani_kernel: yani_geteventfrom_changeaddr() Message-Id '1' Netlink event '21' Interface Index '6' -> Name 'p2p0' 
04-09 16:20:24.013  2711  2815 I yani_server: onNetworkParametersChanged() WAC Mode '1'  Index '2' Interface 'p2p0' Status '1'
04-09 16:20:24.014  2730  2730 E AirableUIHelper: AirableUIHelper::YaniAlert  4 1 
04-09 16:20:24.014  2732  2746 E WifiUtil: command: "SCAN" failed: FAIL-BUSY
04-09 16:20:24.014  2732  2746 W HotspotManager: hotspot already started
04-09 16:20:24.015  2963  3162 I LibreCastControlDelegate: OnResponse() ReqeustID 1, error  0
04-09 16:20:24.015  3084  3084 I cast_shell: [3087:3139:INFO:multizone_group.cc(357)] Change name for group [PII](75EE796C8FD9B29B5EE32CB5BE677F56) to [PII](Lyric Speaker Box 21f384)
04-09 16:20:24.015  2729  2743 I MB_HANDLER: YaniAlert() Interface '4' Status '1'
04-09 16:20:24.016  3166  3166 I dnsmasq : started, version 2.51 DNS disabled
04-09 16:20:24.016  3166  3166 I dnsmasq : compile time options: no-IPv6 GNU-getopt no-DBus no-I18N DHCP no-scripts no-TFTP
04-09 16:20:24.016  3166  3166 I dnsmasq : DHCP, IP range 192.168.255.250 -- 192.168.255.254, lease time 12h
04-09 16:20:24.018  2711  2724 I yani_server: NetLink Event '5' Interface-Index '6' WLAN '-1' Ethernet '-1' Parsed-iFill '5' -> 'P2P0 DISCONNECTED' ifIndex '2' -> 'tunl0'
04-09 16:20:24.018  2712  2718 I lucitransport: writeRemoteMessage() MID = 124 buffer = 4#1,0#2,0#3,1#4,1
04-09 16:20:24.018  2712  2718 I luciUART: write() MID = 124  bytes = 27 data = 4#1,0#2,0#3,1#4,1 m_fd = 0x6
04-09 16:20:24.020  3084  3084 I cast_shell: [3087:3087:INFO:device_info_impl.cc(1133)] SSDP Config ID is increased: id=2
04-09 16:20:24.021  2969  2991 I otamanager: YaniAlert() Interface 4 Status Up
04-09 16:20:24.022  3084  3084 I cast_shell: [3087:3087:INFO:device_info_impl.cc(1133)] SSDP Config ID is increased: id=3
04-09 16:20:24.023  2965  3007 I airplay-main: YaniAlert Interface 4 Status 1
04-09 16:20:24.033  2963  3162 I LibreCastControlDelegate: OnCastStatus() +++ Lyric Speaker Box 21f384:0xab80e198:NOT_SETUP
04-09 16:20:24.033  2963  3162 I LibreCastControlDelegate: Device Build Number -> '1.52.272222'
04-09 16:20:24.033  2963  3162 I librecast: updateCastBuildVersion() Version 1.52.272222
04-09 16:20:24.033  2711  2724 I yani_server: NetLink Event '-1' Interface-Index '5' WLAN '0' Ethernet '-1' Parsed-iFill '-1' -> 'INVALID' ifIndex '1' -> 'lo'
04-09 16:20:24.053  2962  2972 D wac-main: Netlink event
04-09 16:20:24.053  2962  2972 E wac-main: Netlink event 16 Interface Index 6 
04-09 16:20:24.053  2962  2972 E wac-main: p2p0 event Link Changed : 1003 
04-09 16:20:24.053  2962  2972 E wac-main: Enter poll and wait
04-09 16:20:24.056  3084  3084 I cast_shell: [3087:3087:INFO:multizone_setup.cc(328)] Configured audio output delay changed. User delay = 0 s, OEM delay = 0.08 s, HDMI delay = 0 s
04-09 16:20:24.059  2711  2724 I yani_server: doLotofWork() List of interface '4'
04-09 16:20:24.059  2711  2724 I yani_server: doLotofWork() Interface 'p2p0' ifr[0].ifr_name 'lo' ipaddress '127.0.0.1'
04-09 16:20:24.059  2711  2724 I yani_server: doLotofWork() Interface 'p2p0' ifr[1].ifr_name 'p2p0' ipaddress '192.168.255.249'
04-09 16:20:24.059  2711  2724 I yani_server: doLotofWork() returns 'REFILL WACMODE'
04-09 16:20:24.059  2711  2724 E yani_server: YANI: I am Done Wait For Event 
04-09 16:20:24.059  2711  2724 I yani_kernel: yani_geteventfrom_changeaddr() Message-Id '1' Netlink event '16' Interface Index '6' -> Name 'p2p0' 
04-09 16:20:24.062  2711  2815 I yani_server: onNetworkParametersChanged() WAC Mode '1'  Index '2' Interface 'p2p0' Status '1'
04-09 16:20:24.062  2730  2730 E AirableUIHelper: AirableUIHelper::YaniAlert  4 1 
04-09 16:20:24.066  2963  3162 I LibreCastControlDelegate: OnResponse() ReqeustID 5, error  0
04-09 16:20:24.067  2963  3162 I LibreCastControlDelegate: OnCastStatus() +++ Lyric Speaker Box 21f384:0xab80e198:NOT_SETUP
04-09 16:20:24.068  2963  3162 I LibreCastControlDelegate: Device Build Number -> '1.52.272222'
04-09 16:20:24.068  2963  3162 I librecast: updateCastBuildVersion() Version 1.52.272222
04-09 16:20:24.068  2712  2718 I lucitransport: readRemoteMessage() MID char = 7 buffer = 1.52.272222
04-09 16:20:24.068  2963  3162 I LibreCastControlDelegate: Active Applications -> 0
04-09 16:20:24.068  2963  3162 I LibreCastControlDelegate: Current Cast State '2' -> 'NOT_SETUP'
04-09 16:20:24.068  2963  3162 I LibreCastControlDelegate: OnCastStatus() ---
04-09 16:20:24.069  2711  2724 I yani_kernel: yani_geteventfrom_changeaddr() Message-Id '1' Netlink event '16' Interface Index '6' -> Name 'p2p0' 
04-09 16:20:24.071  2712  2721 E luciUART: UART:aa
04-09 16:20:24.071  2712  2721 E luciUART: UART:aa
04-09 16:20:24.071  2712  2721 E luciUART: UART:2
04-09 16:20:24.071  2712  2721 E luciUART: UART:0
04-09 16:20:24.071  2712  2721 E luciUART: UART:d0
04-09 16:20:24.071  2712  2721 E luciUART: UART:0
04-09 16:20:24.071  2712  2721 I chatty  : uid=0(root) UARTLUCIControl identical 2 lines
04-09 16:20:24.071  2712  2721 E luciUART: UART:0
04-09 16:20:24.071  2712  2721 E luciUART: UART:9
04-09 16:20:24.071  2712  2721 I luciUART: read() RemoteID = 43690 Command = 208 Type = 2 Status = 0 DataLen = 9
04-09 16:20:24.071  2712  2721 E luciUART: Error: full data not available yet! readBytes 0
04-09 16:20:24.071  2712  2721 I luciUART: Previous Packet read contd., 
04-09 16:20:24.071  2712  2721 E luciUART: UART:52
04-09 16:20:24.071  2712  2721 I luciUART: Previous Packet read contd., 
04-09 16:20:24.072  2712  2721 E luciUART: UART:45
04-09 16:20:24.072  2712  2721 I luciUART: Previous Packet read contd., 
04-09 16:20:24.072  2712  2721 E luciUART: UART:69
04-09 16:20:24.072  2712  2721 I luciUART: Previous Packet read contd., 
04-09 16:20:24.074  2712  2722 I luciUART: write() MID = 208  bytes = 15 data = ssid: m_fd = 0x6
04-09 16:20:24.074  2712  2722 E LUCI_SERVER: NV_READ response= ssid:
04-09 16:20:24.074  2712  2722 E LUCI_SERVER: Luci Server Thread waiting for packets....
04-09 16:20:24.088  2962  2972 D wac-main: Netlink event
04-09 16:20:24.089  2962  2972 E wac-main: Netlink event 16 Interface Index 6 
04-09 16:20:24.089  2962  2972 E wac-main: p2p0 event Link Changed : 11043 
04-09 16:20:24.089  2962  2972 E wac-main: p2p0 Changed Up 
04-09 16:20:24.089  2962  2972 I wifiapi : newconn : 0xf5100718
04-09 16:20:24.090  2711  2724 I yani_kernel: yani_geteventfrom_changeaddr() Message-Id '1' Netlink event '16' Interface Index '6' -> Name 'p2p0' 
04-09 16:20:24.096  2962  2972 I wifiapi : 'STATUS' command returned = 0
04-09 16:20:24.097  2962  2972 E wac-main: current wifi status : 10
04-09 16:20:24.571  3084  3084 I cast_shell: [3087:3087:INFO:crypto_manager.cc(278)] Public key: MIIBCgKCAQEAxGShKQPaWrif6Bx2zCpwHxb563KOPbleemUht0b104YYibj869hN/AAVR66WG0ERL/WB38j9SOGCJ3KK9da1B9gkuFXr+k9fyootMxMdeWD/mEH82JOUVwXg2YQpusUB8ScwC1IyFt9PeCJsidA0KuE6mBKCZRIfuuRzPjMgkHEPICnsurIklvtPkYiNtJsrfpFDPTqnvKRWcMhqsyBlUzWLj2TWOGoUPkLaSmWc2SeqfCdgMaY8VKOjKCe7UKlAmSlSuv6HPbN5qGp4e9+DEPEDHs+buEV5ps5vpcqWQbmT/+GNl6EUN5UImomi5Yn3J2TZxfY1m39VO4P/7CF2DQIDAQAB
04-09 16:20:24.571  3084  3084 I cast_shell: [3087:3087:INFO:crypto_manager.cc(289)] Public modulus: xGShKQPaWrif6Bx2zCpwHxb563KOPbleemUht0b104YYibj869hN_AAVR66WG0ERL_WB38j9SOGCJ3KK9da1B9gkuFXr-k9fyootMxMdeWD_mEH82JOUVwXg2YQpusUB8ScwC1IyFt9PeCJsidA0KuE6mBKCZRIfuuRzPjMgkHEPICnsurIklvtPkYiNtJsrfpFDPTqnvKRWcMhqsyBlUzWLj2TWOGoUPkLaSmWc2SeqfCdgMaY8VKOjKCe7UKlAmSlSuv6HPbN5qGp4e9-DEPEDHs-buEV5ps5vpcqWQbmT_-GNl6EUN5UImomi5Yn3J2TZxfY1m39VO4P_7CF2DQ
04-09 16:20:24.571  3084  3084 I cast_shell: [3087:3087:INFO:crypto_manager.cc(294)] Public exponent: AQAB
04-09 16:20:25.001  3084  3084 I cast_shell: [3087:3095:ERROR:connectivity_checker_impl.cc(265)] Connectivity check failed: 400
04-09 16:20:25.026  3084  3084 I cast_shell: [3087:3126:INFO:ble_setup.cc(789)] Missing required info for sign.
04-09 16:20:25.073  2735  2765 E bt_btif : BTA_GATTS_AddService: rcb_idx = 0
04-09 16:20:25.073  2735  2765 I bluetoothtbd: [0409/035025.073382:INFO:gatt_api.cc(207)] GATTS_AddService
04-09 16:20:25.073  2735  2765 I bluetoothtbd: [0409/035025.073706:INFO:gatt_api.cc(317)] GATTS_AddService: service parsed correctly, now starting
04-09 16:20:25.075  3084  3084 I cast_shell: [3087:3126:INFO:gatt_client_manager_impl.cc(202)] Enabling GATT client connectability
04-09 16:20:25.075  3084  3084 I cast_shell: [3087:3126:INFO:ble_setup.cc(915)] Sign related info completed, no future EurekaInfo need sign.
04-09 16:20:25.075  3084  3084 I cast_shell: [3087:3126:INFO:gatt_client_manager_impl.cc(202)] Enabling GATT client connectability
04-09 16:20:25.075  3084  3084 I chatty  : uid=1000(chrome) /bin/logwrapper identical 1 line
04-09 16:20:25.075  3084  3084 I cast_shell: [3087:3126:INFO:gatt_client_manager_impl.cc(202)] Enabling GATT client connectability
04-09 16:20:25.077  3084  3084 I cast_shell: [3087:3126:INFO:ble_setup_manager.cc(744)] Started Bluetooth service
04-09 16:20:25.261  3084  3084 I cast_shell: [3087:3136:INFO:mdns_app_filter.cc(1403)] MdnsAppFilter: Done probing.
04-09 16:20:26.007  3084  3084 I cast_shell: [3087:3095:ERROR:connectivity_checker_impl.cc(265)] Connectivity check failed: 400
04-09 16:20:26.264  3084  3084 I cast_shell: [3087:3087:INFO:grpc_service_discovery_impl.cc(185)] Mdns discovered google RPC for [PII](75EE796C8FD9B29B5EE32CB5BE677F56).
04-09 16:20:26.910  3084  3084 I cast_shell: [3087:3095:INFO:parent_tracker.cc(291)] [PII](75EE796C8FD9B29B5EE32CB5BE677F56) Become root
04-09 16:20:26.910  3084  3084 I cast_shell: [3087:3095:INFO:directory_service_impl.cc(200)] This device became root
04-09 16:20:27.013  3084  3084 I cast_shell: [3087:3095:ERROR:connectivity_checker_impl.cc(265)] Connectivity check failed: 400
04-09 16:20:27.097  2962  2972 E wac-main: Enter poll and wait
04-09 16:20:27.267  3084  3084 I cast_shell: [3087:3136:INFO:mdns_app_filter.cc(1526)] MdnsAppFilter: Done announcing.
04-09 16:20:28.020  3084  3084 I cast_shell: [3087:3095:ERROR:connectivity_checker_impl.cc(265)] Connectivity check failed: 400
04-09 16:20:31.039  3084  3084 I chatty  : uid=1000(chrome) /bin/logwrapper identical 3 lines
04-09 16:20:32.047  3084  3084 I cast_shell: [3087:3095:ERROR:connectivity_checker_impl.cc(265)] Connectivity check failed: 400
04-09 16:20:32.147  3084  3084 I cast_shell: [3087:3126:ERROR:setup_state.cc(424)] Timeout for state=SETUP_STATE_CHECKING_GLOBAL_CONNECTIVITY(50): move to state=SETUP_STATE_CHECKING_GLOBAL_CONNECTIVITY_BAD_ROUTER(52).
04-09 16:20:32.147  3084  3084 I cast_shell: [3087:3126:INFO:setup_state.cc(261)] Setup state changed: SETUP_STATE_CHECKING_GLOBAL_CONNECTIVITY (50) -> SETUP_STATE_CHECKING_GLOBAL_CONNECTIVITY_BAD_ROUTER (52)
04-09 16:20:32.163  2963  3162 I LibreCastControlDelegate: OnCastStatus() +++ Lyric Speaker Box 21f384:0xab80e198:NOT_SETUP
04-09 16:20:32.163  2963  3162 I LibreCastControlDelegate: Device Build Number -> '1.52.272222'
04-09 16:20:32.163  2963  3162 I librecast: updateCastBuildVersion() Version 1.52.272222
04-09 16:20:32.163  2712  2718 I lucitransport: readRemoteMessage() MID char = 7 buffer = 1.52.272222
04-09 16:20:32.164  2963  3162 I LibreCastControlDelegate: Active Applications -> 0
04-09 16:20:32.164  2963  3162 I LibreCastControlDelegate: Current Cast State '2' -> 'NOT_SETUP'
04-09 16:20:32.164  2963  3162 I LibreCastControlDelegate: OnCastStatus() ---
04-09 16:20:33.054  3084  3084 I cast_shell: [3087:3095:ERROR:connectivity_checker_impl.cc(265)] Connectivity check failed: 400
04-09 16:20:58.066  2732  2745 E NetworkMonitor: cannot find default IPv4 route for wlan0
04-09 16:20:58.066  2732  2745 E NetworkMonitor: cannot find default IPv6 route for wlan0
04-09 16:21:01.159  2732  2745 E NetworkMonitor: no response for /bin/ping -n -I wlan0 -c 10 -w 10 8.8.8.8
04-09 16:21:01.170  2732  2745 E NetworkMonitor: no response for /bin/ping6 -n -I wlan0 -c 10 -w 10 2001:4860:4860::8888
04-09 16:21:01.173  2732  2745 E NetworkMonitor: dns resolution failed
04-09 16:21:01.174  2732  2745 I NetworkMonitor: Cast.Wifi.Failure.Type 7
04-09 16:21:20.361  3084  3084 I chatty  : uid=1000(chrome) /bin/logwrapper identical 47 lines
04-09 16:21:21.368  3084  3084 I cast_shell: [3087:3095:ERROR:connectivity_checker_impl.cc(265)] Connectivity check failed: 400
04-09 16:21:21.708  3084  3084 I cast_shell: [3087:3087:INFO:grpc_manager_impl.cc(505)] GRPC[uri=[::]:0]: num_pending_calls=0, num_active_handlers=0, num_free_handlers=0
04-09 16:21:21.708  3084  3084 I cast_shell: [3087:3087:INFO:gcm_manager.cc(269)] Disabling GCM Driver
04-09 16:21:21.709  3084  3084 I cast_shell: [3087:3087:INFO:grpc_manager_impl.cc(505)] GRPC[uri=]: num_pending_calls=0, num_active_handlers=0, num_free_handlers=0
04-09 16:21:21.808  3084  3084 I cast_shell: [3087:3087:INFO:grpc_manager_impl.cc(505)] GRPC[uri=unix:/tmp/hcp_ipc_auth.socket]: num_pending_calls=0, num_active_handlers=10, num_free_handlers=0
04-09 16:21:21.811  3084  3084 I cast_shell: [3087:3087:INFO:grpc_manager_impl.cc(505)] GRPC[uri=unix:/tmp/modular_updater/modular_update_service]: num_pending_calls=0, num_active_handlers=0, num_free_handlers=0
04-09 16:21:21.834  3084  3084 I cast_shell: [3087:3087:INFO:metrics_recorder.cc(112)] Metrics stat: total=13
04-09 16:21:21.834  3084  3084 I cast_shell: Cast.Discovery.Mdns.ResponderStarted=2
04-09 16:21:21.834  3084  3084 I cast_shell: Cast.Discovery.Mdns.ResponderStopped=1
04-09 16:21:21.834  3084  3084 I cast_shell: Cast.Discovery.Mdns.SocketCreated=4
04-09 16:21:21.834  3084  3084 I cast_shell: Cast.Discovery.Mdns.SocketDestroyed=2
04-09 16:21:21.834  3084  3084 I cast_shell: Cast.System.Timezone.ChangeSuccessful=1
04-09 16:21:21.834  3084  3084 I cast_shell: CastV2.Connection.Connect.In=1
04-09 16:21:21.834  3084  3084 I cast_shell: CastV2.Receiver.DeviceStatus.Out=5
04-09 16:21:21.834  3084  3084 I cast_shell: CastV2.Receiver.DeviceStatus.Out.Broadcast=2
04-09 16:21:21.834  3084  3084 I cast_shell: CastV2.Receiver.GetStatus.In=1
04-09 16:21:21.834  3084  3084 I cast_shell: CastV2.Resource.Provider.In=1
04-09 16:21:21.972  3084  3084 I cast_shell: [3087:3087:INFO:metrics_recorder_impl.cc(672)] Activated server experiments: []
04-09 16:21:21.974  3084  3084 I cast_shell: [3087:3087:INFO:cast_logs_metrics_provider.cc(59)] netif is ipv4
04-09 16:21:21.974  3084  3084 I cast_shell: [3087:3087:ERROR:socket_posix.cc(148)] bind() failed: Address already in use (98)
04-09 16:21:21.974  3084  3084 I cast_shell: [3087:3087:INFO:net_util_impl.cc(1041)] Platform supports dual-stack
04-09 16:21:21.991  3084  3084 I cast_shell: [3087:3087:INFO:grpc_manager_impl.cc(505)] GRPC[uri=[::]:8012]: num_pending_calls=0, num_active_handlers=1, num_free_handlers=0
04-09 16:21:22.374  3084  3084 I cast_shell: [3087:3095:ERROR:connectivity_checker_impl.cc(265)] Connectivity check failed: 400
04-09 16:21:43.574  3164  3164 I hostapd : p2p0: IEEE 802.11 AP-STA-AUTH 82:2e:ba:97:5a:92 timestamp:1649501503574 success:1 event_reason:none frame_status:0 frame_rssi:0
04-09 16:21:43.576  3164  3164 I hostapd : p2p0: STA 82:2e:ba:97:5a:92 IEEE 802.11: authenticated
04-09 16:21:43.585  3164  3164 I hostapd : p2p0: IEEE 802.11 AP-STA-ASSOC 82:2e:ba:97:5a:92 timestamp:1649501503585 success:1 event_reason:none frame_status:0 frame_rssi:0 steering_reason:unspecified
04-09 16:21:43.588  3164  3164 I hostapd : p2p0: STA 82:2e:ba:97:5a:92 IEEE 802.11: associated (aid 1)
04-09 16:21:43.588  3164  3164 I hostapd : p2p0: STA 82:2e:ba:97:5a:92 IEEE 802.11: Connected
04-09 16:21:43.590  3164  3164 I hostapd : p2p0: IEEE 802.11 AP-STA-CONNECT 82:2e:ba:97:5a:92 timestamp:1649501503588 success:1 event_reason:none last_rx_rssi:-98 tx_rate_kbps:0 tx_rate_mcs:0 tx_rate_bw:0 tx_rate_sgi:0 tx_rate_vht_mcs:0 sta_rx_info:rx_rate_kbps:0 rx_rate_mcs:0 rx_rate_bw:0 rx_rate_sgi:0 rx_rate_vht_mcs:0 avg_rssi:0 nss:1 mode:ht ext_capability:0x050008000000004080 dual_band_capable:0 passive_beacon_report:1 active_beacon_report:1 bss_transition:1 wpa3_capable:0 mfp:0
04-09 16:21:46.058  3166  3166 I dnsmasq : DHCPDISCOVER(p2p0) 82:2e:ba:97:5a:92 
04-09 16:21:46.058  3166  3166 I dnsmasq : DHCPOFFER(p2p0) 192.168.255.252 82:2e:ba:97:5a:92 
04-09 16:21:46.059  3166  3166 I dnsmasq : DHCPDISCOVER(p2p0) 82:2e:ba:97:5a:92 
04-09 16:21:46.059  3166  3166 I dnsmasq : DHCPOFFER(p2p0) 192.168.255.252 82:2e:ba:97:5a:92 
04-09 16:21:46.060  3166  3166 I dnsmasq : DHCPDISCOVER(p2p0) 82:2e:ba:97:5a:92 
04-09 16:21:46.060  3166  3166 I dnsmasq : DHCPOFFER(p2p0) 192.168.255.252 82:2e:ba:97:5a:92 
04-09 16:21:46.060  3166  3166 I dnsmasq : DHCPDISCOVER(p2p0) 82:2e:ba:97:5a:92 
04-09 16:21:46.060  3166  3166 I dnsmasq : DHCPOFFER(p2p0) 192.168.255.252 82:2e:ba:97:5a:92 
04-09 16:21:46.131  3166  3166 I dnsmasq : DHCPREQUEST(p2p0) 192.168.255.252 82:2e:ba:97:5a:92 
04-09 16:21:46.131  3166  3166 I dnsmasq : DHCPACK(p2p0) 192.168.255.252 82:2e:ba:97:5a:92 Suresh1-s-M12
04-09 16:21:47.310  3166  3166 I dnsmasq : DHCPREQUEST(p2p0) 192.168.255.252 82:2e:ba:97:5a:92 
04-09 16:21:47.310  3166  3166 I dnsmasq : DHCPACK(p2p0) 192.168.255.252 82:2e:ba:97:5a:92 Suresh1-s-M12
04-09 16:21:51.568  3084  3084 I chatty  : uid=1000(chrome) /bin/logwrapper identical 29 lines
04-09 16:21:52.574  3084  3084 I cast_shell: [3087:3095:ERROR:connectivity_checker_impl.cc(265)] Connectivity check failed: 400
04-09 16:21:53.580  3084  3084 I cast_shell: [3087:3126:INFO:metrics_recorder.cc(282)] Record action: Setup.eureka_info.Android
04-09 16:21:53.580  3084  3084 I cast_shell: [3087:3126:INFO:locale_manager.cc(576)] New locale: en-GB
04-09 16:21:53.586  3084  3084 I cast_shell: [3087:3095:ERROR:connectivity_checker_impl.cc(265)] Connectivity check failed: 400
04-09 16:21:53.589  3084  3084 I cast_shell: [3087:3126:INFO:setup_state.cc(544)] EurekaInfoCalled: wifi_state=3, is_usable_ip_address=1, connected=0, is_initial_setup=1
04-09 16:21:53.589  3084  3084 I cast_shell: [3087:3126:INFO:setup_state.cc(261)] Setup state changed: SETUP_STATE_CHECKING_GLOBAL_CONNECTIVITY_BAD_ROUTER (52) -> SETUP_STATE_DISCONNECTED_EXTERNAL_CLIENT_ACCESSED (11)
04-09 16:21:53.589  3084  3084 I cast_shell: [3087:3111:INFO:media_manager_impl.cc(383)] TurnActive result: 0
04-09 16:21:53.595  2963  3162 I LibreCastControlDelegate: OnCastStatus() +++ Lyric Speaker Box 21f384:0xab80e198:NOT_SETUP
04-09 16:21:53.595  2963  3162 I LibreCastControlDelegate: Device Build Number -> '1.52.272222'
04-09 16:21:53.595  2963  3162 I librecast: updateCastBuildVersion() Version 1.52.272222
04-09 16:21:53.596  2712  2718 I lucitransport: readRemoteMessage() MID char = 7 buffer = 1.52.272222
04-09 16:21:53.596  2963  3162 I LibreCastControlDelegate: Active Applications -> 0
04-09 16:21:53.596  2963  3162 I LibreCastControlDelegate: Current Cast State '2' -> 'NOT_SETUP'
04-09 16:21:53.596  2963  3162 I LibreCastControlDelegate: OnCastStatus() ---
04-09 16:21:53.600  2963  3162 I LibreCastControlDelegate: OnCastStatus() +++ Lyric Speaker Box 21f384:0xab80e198:NOT_SETUP
04-09 16:21:53.600  2963  3162 I LibreCastControlDelegate: Device Build Number -> '1.52.272222'
04-09 16:21:53.600  2963  3162 I librecast: updateCastBuildVersion() Version 1.52.272222
04-09 16:21:53.600  2712  2718 I lucitransport: readRemoteMessage() MID char = 7 buffer = 1.52.272222
04-09 16:21:53.601  2963  3162 I LibreCastControlDelegate: Active Applications -> 0
04-09 16:21:53.601  2963  3162 I LibreCastControlDelegate: Current Cast State '2' -> 'NOT_SETUP'
04-09 16:21:53.601  2963  3162 I LibreCastControlDelegate: OnCastStatus() ---
04-09 16:21:53.639  3084  3084 I cast_shell: [3087:3126:INFO:metrics_recorder.cc(282)] Record action: Setup.eureka_info.Android.200
04-09 16:21:54.592  3084  3084 I cast_shell: [3087:3095:ERROR:connectivity_checker_impl.cc(265)] Connectivity check failed: 400
04-09 16:22:02.183  2732  2745 E NetworkMonitor: cannot find default IPv4 route for wlan0
04-09 16:22:02.184  2732  2745 E NetworkMonitor: cannot find default IPv6 route for wlan0
04-09 16:22:03.652  3084  3084 I chatty  : uid=1000(chrome) /bin/logwrapper identical 9 lines
04-09 16:22:04.659  3084  3084 I cast_shell: [3087:3095:ERROR:connectivity_checker_impl.cc(265)] Connectivity check failed: 400
04-09 16:22:04.852  3084  3084 I cast_shell: [3087:3126:INFO:metrics_recorder.cc(282)] Record action: Setup.eureka_info.Android
04-09 16:22:04.854  3084  3084 I cast_shell: [3087:3126:INFO:setup_state.cc(544)] EurekaInfoCalled: wifi_state=3, is_usable_ip_address=1, connected=0, is_initial_setup=1
04-09 16:22:04.855  3084  3084 I cast_shell: [3087:3126:INFO:setup_state.cc(261)] Setup state changed: SETUP_STATE_DISCONNECTED_EXTERNAL_CLIENT_ACCESSED (11) -> SETUP_STATE_DISCONNECTED_EXTERNAL_CLIENT_ACCESSED (11)
04-09 16:22:04.855  3084  3084 I cast_shell: [3087:3111:INFO:media_manager_impl.cc(383)] TurnActive result: 0
04-09 16:22:04.859  3084  3084 I cast_shell: [3087:3126:INFO:metrics_recorder.cc(282)] Record action: Setup.eureka_info.Android.200
04-09 16:22:05.254  2732  2745 E NetworkMonitor: no response for /bin/ping -n -I wlan0 -c 10 -w 10 8.8.8.8
04-09 16:22:05.266  2732  2745 E NetworkMonitor: no response for /bin/ping6 -n -I wlan0 -c 10 -w 10 2001:4860:4860::8888
04-09 16:22:05.267  2732  2745 E NetworkMonitor: dns resolution failed
04-09 16:22:05.665  3084  3084 I cast_shell: [3087:3095:ERROR:connectivity_checker_impl.cc(265)] Connectivity check failed: 400
04-09 16:22:09.693  3084  3084 I chatty  : uid=1000(chrome) /bin/logwrapper identical 4 lines
04-09 16:22:10.699  3084  3084 I cast_shell: [3087:3095:ERROR:connectivity_checker_impl.cc(265)] Connectivity check failed: 400
04-09 16:22:10.808  2735  2813 I bt_btm_ble: btm_ble_conn_complete unable to match and resolve random address
04-09 16:22:10.810  2735  2813 W bt_smp  : smp_br_connect_callback is called on unexpected transport 2
04-09 16:22:10.811  2735  2813 W bt_btif : bta_dm_acl_change info: 0x0
04-09 16:22:10.811  2735  2765 I bluetoothtbd: [0409/035210.811304:INFO:gatt_server.cc(280)] Added connection entry for conn_id: 5 device address: 71:3D:F8:FC:BB:C6
04-09 16:22:10.811  2735  2765 D bt_btif_dm: remote version info [71:3d:f8:fc:bb:c6]: 0, 0, 0
04-09 16:22:10.811  2735  2765 I bluetoothtbd: [0409/035210.811721:INFO:adapter.cc(719)] ACL state changed: 71:3D:F8:FC:BB:C6 - connected: true
04-09 16:22:10.814  3084  3084 I cast_shell: [3087:3126:ERROR:bluetooth_v1_via_v2.cc(796)] Connection state changed. :c6 true
04-09 16:22:11.389  2735  2765 D bt_btif_scanner: btif_gatts_upstreams_evt: Unhandled event (26)
04-09 16:22:11.706  3084  3084 I cast_shell: [3087:3095:ERROR:connectivity_checker_impl.cc(265)] Connectivity check failed: 400
04-09 16:22:11.988  2735  2813 E bluetoothtbd: [0409/035211.988465:ERROR:gatt_sr.cc(743)] MTU request PDU with MTU size 515
04-09 16:22:11.989  2735  2813 W bt_l2cap: l2cble_set_fixed_channel_tx_data_length, request not supported
04-09 16:22:11.989  2735  2813 W bluetoothtbd: [0409/035211.989433:WARNING:gatt_utils.cc(837)] Call back not found for application conn_id=3
04-09 16:22:11.989  2735  2813 W bluetoothtbd: [0409/035211.989521:WARNING:gatt_utils.cc(837)] Call back not found for application conn_id=4
04-09 16:22:11.989  2735  2813 W bluetoothtbd: [0409/035211.989604:WARNING:gatt_utils.cc(837)] Call back not found for application conn_id=6
04-09 16:22:12.027  3084  3084 I cast_shell: [3087:3126:INFO:ble_setup.cc(322)] Record action: Setup.set_eureka_info.BLE.Locale
04-09 16:22:12.027  3084  3084 I cast_shell: [3087:3126:INFO:locale_manager.cc(576)] New locale: en-US
04-09 16:22:12.040  3084  3084 I cast_shell: [3087:3126:INFO:setup_state.cc(544)] EurekaInfoCalled: wifi_state=3, is_usable_ip_address=1, connected=0, is_initial_setup=1
04-09 16:22:12.040  3084  3084 I cast_shell: [3087:3126:INFO:setup_state.cc(261)] Setup state changed: SETUP_STATE_DISCONNECTED_EXTERNAL_CLIENT_ACCESSED (11) -> SETUP_STATE_DISCONNECTED_EXTERNAL_CLIENT_ACCESSED (11)
04-09 16:22:12.040  3084  3084 I cast_shell: [3087:3111:INFO:media_manager_impl.cc(383)] TurnActive result: 0
04-09 16:22:12.044  2963  3162 I LibreCastControlDelegate: OnCastStatus() +++ Lyric Speaker Box 21f384:0xab80e198:NOT_SETUP
04-09 16:22:12.044  2963  3162 I LibreCastControlDelegate: Device Build Number -> '1.52.272222'
04-09 16:22:12.044  2963  3162 I librecast: updateCastBuildVersion() Version 1.52.272222
04-09 16:22:12.044  2712  2718 I lucitransport: readRemoteMessage() MID char = 7 buffer = 1.52.272222
04-09 16:22:12.045  2963  3162 I LibreCastControlDelegate: Active Applications -> 0
04-09 16:22:12.045  2963  3162 I LibreCastControlDelegate: Current Cast State '2' -> 'NOT_SETUP'
04-09 16:22:12.045  2963  3162 I LibreCastControlDelegate: OnCastStatus() ---
04-09 16:22:12.080  3084  3084 I cast_shell: [3087:3126:INFO:metrics_recorder.cc(282)] Record action: Setup.version.BLE
04-09 16:22:12.102  3084  3084 I cast_shell: [3087:3126:INFO:metrics_recorder.cc(282)] Record action: Setup.name_utf8.BLE
04-09 16:22:12.111  2735  2765 D bt_btif_scanner: btif_gatts_upstreams_evt: Unhandled event (26)
04-09 16:22:12.358  3084  3084 I cast_shell: [3087:3126:INFO:metrics_recorder.cc(282)] Record action: Setup.tos_accepted.BLE
04-09 16:22:12.455  3084  3084 I cast_shell: [3087:3126:INFO:metrics_recorder.cc(282)] Record action: Setup.state.BLE
04-09 16:22:12.566  2735  2765 D bt_btif_scanner: btif_gatts_upstreams_evt: Unhandled event (26)
04-09 16:22:12.568  3084  3084 I cast_shell: [3087:3126:INFO:metrics_recorder.cc(282)] Record action: Setup.ip_address.BLE
04-09 16:22:12.643  3084  3084 I cast_shell: [3087:3126:INFO:metrics_recorder.cc(282)] Record action: Setup.eureka_info_immutable_basic.BLE
04-09 16:22:12.687  3084  3084 I cast_shell: [3087:3126:INFO:metrics_recorder.cc(282)] Record action: Setup.eureka_info_mutable_reads.BLE
04-09 16:22:12.713  3084  3084 I cast_shell: [3087:3095:ERROR:connectivity_checker_impl.cc(265)] Connectivity check failed: 400
04-09 16:22:12.718  3084  3084 I cast_shell: [3087:3126:INFO:metrics_recorder.cc(282)] Record action: Setup.eureak_info_keys.BLE
04-09 16:22:12.838  3084  3084 I cast_shell: [3087:3126:INFO:metrics_recorder.cc(282)] Record action: Setup.eureka_info_immutable_basic.BLE
04-09 16:22:12.882  3084  3084 I cast_shell: [3087:3126:INFO:metrics_recorder.cc(282)] Record action: Setup.eureak_info_keys.BLE
04-09 16:22:13.183  3084  3084 I chatty  : uid=1000(chrome) /bin/logwrapper identical 4 lines
04-09 16:22:13.258  3084  3084 I cast_shell: [3087:3126:INFO:metrics_recorder.cc(282)] Record action: Setup.eureak_info_keys.BLE
04-09 16:22:13.347  3084  3084 I cast_shell: [3087:3126:INFO:metrics_recorder.cc(282)] Record action: Setup.i8n_info.BLE
04-09 16:22:13.572  3084  3084 I chatty  : uid=1000(chrome) /bin/logwrapper identical 3 lines
04-09 16:22:13.648  3084  3084 I cast_shell: [3087:3126:INFO:metrics_recorder.cc(282)] Record action: Setup.i8n_info.BLE
04-09 16:22:13.719  3084  3084 I cast_shell: [3087:3095:ERROR:connectivity_checker_impl.cc(265)] Connectivity check failed: 400
04-09 16:22:13.723  3084  3084 I cast_shell: [3087:3126:INFO:metrics_recorder.cc(282)] Record action: Setup.i8n_info.BLE
04-09 16:22:13.798  3084  3084 I cast_shell: [3087:3126:INFO:metrics_recorder.cc(282)] Record action: Setup.i8n_info.BLE
04-09 16:22:13.871  3084  3084 I cast_shell: [3087:3126:INFO:ble_setup.cc(322)] Record action: Setup.set_eureka_info.BLE.CountryCode
04-09 16:22:13.872  3084  3084 I cast_shell: [3087:3126:INFO:locale_manager.cc(639)] New country code: IN
04-09 16:22:13.878  2710  2710 I wpa_supplicant: wlan0: CTRL-EVENT-REGDOM-CHANGE init=USER type=COUNTRY alpha2=IN
04-09 16:22:13.880  2711  2724 I yani_server: NetLink Event '-1' Interface-Index '5' WLAN '-1' Ethernet '-1' Parsed-iFill '-1' -> 'INVALID' ifIndex '1' -> 'lo'
04-09 16:22:13.885  2711  2724 I yani_server: NetLink Event '-1' Interface-Index '5' WLAN '0' Ethernet '-1' Parsed-iFill '-1' -> 'INVALID' ifIndex '1' -> 'lo'
04-09 16:22:13.888  2963  3162 I LibreCastControlDelegate: OnCastStatus() +++ Lyric Speaker Box 21f384:0xab80e198:NOT_SETUP
04-09 16:22:13.888  2963  3162 I LibreCastControlDelegate: Device Build Number -> '1.52.272222'
04-09 16:22:13.888  2963  3162 I librecast: updateCastBuildVersion() Version 1.52.272222
04-09 16:22:13.888  2712  2718 I lucitransport: readRemoteMessage() MID char = 7 buffer = 1.52.272222
04-09 16:22:13.888  2963  3162 I LibreCastControlDelegate: Active Applications -> 0
04-09 16:22:13.888  2963  3162 I LibreCastControlDelegate: Current Cast State '2' -> 'NOT_SETUP'
04-09 16:22:13.888  2963  3162 I LibreCastControlDelegate: OnCastStatus() ---
04-09 16:22:14.726  3084  3084 I cast_shell: [3087:3095:ERROR:connectivity_checker_impl.cc(265)] Connectivity check failed: 400
04-09 16:22:14.936  3084  3084 I cast_shell: [3087:3126:INFO:ble_setup.cc(322)] Record action: Setup.scan_wifi.BLE
04-09 16:22:14.937  3084  3084 I cast_shell: [3087:3126:WARNING:wifi_controller_wpa_supplicant.cc(797)] Wpa responses FAIL-BUSY, assuming it is associating, which will keep scan_results fresh.
04-09 16:22:15.733  3084  3084 I cast_shell: [3087:3095:ERROR:connectivity_checker_impl.cc(265)] Connectivity check failed: 400
04-09 16:22:16.739  3084  3084 I cast_shell: [3087:3095:ERROR:connectivity_checker_impl.cc(265)] Connectivity check failed: 400
04-09 16:22:17.236  2711  2724 I yani_server: NetLink Event '-1' Interface-Index '5' WLAN '0' Ethernet '-1' Parsed-iFill '-1' -> 'INVALID' ifIndex '1' -> 'lo'
04-09 16:22:17.236  2962  2972 D wac-main: Netlink event
04-09 16:22:17.236  2962  2972 E wac-main: Netlink event 16 Interface Index 5 
04-09 16:22:17.236  2962  2972 E wac-main: Enter poll and wait
04-09 16:22:17.236  2962  2972 D wac-main: Netlink event
04-09 16:22:17.236  2962  2972 E wac-main: Netlink event 16 Interface Index 5 
04-09 16:22:17.236  2962  2972 E wac-main: Enter poll and wait
04-09 16:22:17.237  2711  2724 I yani_server: NetLink Event '-1' Interface-Index '5' WLAN '0' Ethernet '-1' Parsed-iFill '-1' -> 'INVALID' ifIndex '1' -> 'lo'
04-09 16:22:17.239  2711  2724 I chatty  : uid=0(root) YaniServer identical 2 lines
04-09 16:22:17.240  2711  2724 I yani_server: NetLink Event '-1' Interface-Index '5' WLAN '0' Ethernet '-1' Parsed-iFill '-1' -> 'INVALID' ifIndex '1' -> 'lo'
04-09 16:22:17.240  2711  2724 I yani_kernel: yani_geteventfrom_changeaddr() Message-Id '1' Netlink event '16' Interface Index '5' -> Name 'wlan0' 
04-09 16:22:17.243  2711  2724 I yani_kernel: yani_geteventfrom_changeaddr() Message-Id '1' Netlink event '16' Interface Index '5' -> Name 'wlan0' 
04-09 16:22:17.250  2963  3162 I LibreCastControlDelegate: OnCastStatus() +++ Lyric Speaker Box 21f384:0xab80e198:NOT_SETUP
04-09 16:22:17.250  2963  3162 I LibreCastControlDelegate: Device Build Number -> '1.52.272222'
04-09 16:22:17.250  2963  3162 I librecast: updateCastBuildVersion() Version 1.52.272222
04-09 16:22:17.250  2712  2718 I lucitransport: readRemoteMessage() MID char = 7 buffer = 1.52.272222
04-09 16:22:17.251  2963  3162 I LibreCastControlDelegate: Active Applications -> 0
04-09 16:22:17.251  2963  3162 I LibreCastControlDelegate: Current Cast State '2' -> 'NOT_SETUP'
04-09 16:22:17.251  2963  3162 I LibreCastControlDelegate: OnCastStatus() ---
04-09 16:22:17.746  3084  3084 I cast_shell: [3087:3095:ERROR:connectivity_checker_impl.cc(265)] Connectivity check failed: 400
04-09 16:22:18.752  3084  3084 I cast_shell: [3087:3095:ERROR:connectivity_checker_impl.cc(265)] Connectivity check failed: 400
04-09 16:22:18.971  3084  3084 I cast_shell: [3087:3126:INFO:ble_setup.cc(322)] Record action: Setup.scan_wifi.BLE
04-09 16:22:18.975  2711  2724 I yani_server: NetLink Event '-1' Interface-Index '5' WLAN '-1' Ethernet '-1' Parsed-iFill '-1' -> 'INVALID' ifIndex '1' -> 'lo'
04-09 16:22:19.759  3084  3084 I cast_shell: [3087:3095:ERROR:connectivity_checker_impl.cc(265)] Connectivity check failed: 400
04-09 16:22:20.766  3084  3084 I cast_shell: [3087:3095:ERROR:connectivity_checker_impl.cc(265)] Connectivity check failed: 400
04-09 16:22:21.709  3084  3084 I cast_shell: [3087:3087:INFO:grpc_manager_impl.cc(505)] GRPC[uri=[::]:0]: num_pending_calls=0, num_active_handlers=0, num_free_handlers=0
04-09 16:22:21.710  3084  3084 I cast_shell: [3087:3087:INFO:grpc_manager_impl.cc(505)] GRPC[uri=]: num_pending_calls=0, num_active_handlers=0, num_free_handlers=0
04-09 16:22:21.772  3084  3084 I cast_shell: [3087:3095:ERROR:connectivity_checker_impl.cc(265)] Connectivity check failed: 400
04-09 16:22:21.809  3084  3084 I cast_shell: [3087:3087:INFO:grpc_manager_impl.cc(505)] GRPC[uri=unix:/tmp/hcp_ipc_auth.socket]: num_pending_calls=0, num_active_handlers=10, num_free_handlers=0
04-09 16:22:21.811  3084  3084 I cast_shell: [3087:3087:INFO:grpc_manager_impl.cc(505)] GRPC[uri=unix:/tmp/modular_updater/modular_update_service]: num_pending_calls=0, num_active_handlers=0, num_free_handlers=0
04-09 16:22:21.835  3084  3084 I cast_shell: [3087:3087:INFO:metrics_recorder.cc(112)] Metrics stat: total=13
04-09 16:22:21.835  3084  3084 I cast_shell: Cast.Discovery.Mdns.ResponderPing=1
04-09 16:22:21.835  3084  3084 I cast_shell: Cast.Discovery.Mdns.SocketPing=2
04-09 16:22:21.835  3084  3084 I cast_shell: Setup.eureak_info_keys.BLE=7
04-09 16:22:21.835  3084  3084 I cast_shell: Setup.eureka_info.Android=2
04-09 16:22:21.835  3084  3084 I cast_shell: Setup.eureka_info.Android.200=2
04-09 16:22:21.835  3084  3084 I cast_shell: Setup.eureka_info_immutable_basic.BLE=2
04-09 16:22:21.835  3084  3084 I cast_shell: Setup.eureka_info_mutable_reads.BLE=1
04-09 16:22:21.835  3084  3084 I cast_shell: Setup.i8n_info.BLE=7
04-09 16:22:21.835  3084  3084 I cast_shell: Setup.ip_address.BLE=1
04-09 16:22:21.835  3084  3084 I cast_shell: Setup.name_utf8.BLE=1
04-09 16:22:21.965  3084  3084 I cast_shell: [3087:3126:INFO:wifi_proximity.cc(177)] Request scan.
04-09 16:22:21.992  3084  3084 I cast_shell: [3087:3087:INFO:grpc_manager_impl.cc(505)] GRPC[uri=[::]:8012]: num_pending_calls=0, num_active_handlers=1, num_free_handlers=0
04-09 16:22:22.357  2711  2724 I yani_server: NetLink Event '-1' Interface-Index '5' WLAN '0' Ethernet '-1' Parsed-iFill '-1' -> 'INVALID' ifIndex '1' -> 'lo'
04-09 16:22:22.359  2962  2972 D wac-main: Netlink event
04-09 16:22:22.359  2962  2972 E wac-main: Netlink event 16 Interface Index 5 
04-09 16:22:22.359  2962  2972 E wac-main: Enter poll and wait
04-09 16:22:22.359  2962  2972 D wac-main: Netlink event
04-09 16:22:22.359  2962  2972 E wac-main: Netlink event 16 Interface Index 5 
04-09 16:22:22.359  2962  2972 E wac-main: Enter poll and wait
04-09 16:22:22.364  2711  2724 I yani_server: NetLink Event '-1' Interface-Index '5' WLAN '0' Ethernet '-1' Parsed-iFill '-1' -> 'INVALID' ifIndex '1' -> 'lo'
04-09 16:22:22.378  2711  2724 I chatty  : uid=0(root) YaniServer identical 10 lines
04-09 16:22:22.379  2711  2724 I yani_server: NetLink Event '-1' Interface-Index '5' WLAN '0' Ethernet '-1' Parsed-iFill '-1' -> 'INVALID' ifIndex '1' -> 'lo'
04-09 16:22:22.380  2963  3162 I LibreCastControlDelegate: OnCastStatus() +++ Lyric Speaker Box 21f384:0xab80e198:NOT_SETUP
04-09 16:22:22.380  2963  3162 I LibreCastControlDelegate: Device Build Number -> '1.52.272222'
04-09 16:22:22.381  2711  2724 I yani_server: NetLink Event '-1' Interface-Index '5' WLAN '0' Ethernet '-1' Parsed-iFill '-1' -> 'INVALID' ifIndex '1' -> 'lo'
04-09 16:22:22.386  2711  2724 I chatty  : uid=0(root) YaniServer identical 5 lines
04-09 16:22:22.387  2711  2724 I yani_server: NetLink Event '-1' Interface-Index '5' WLAN '0' Ethernet '-1' Parsed-iFill '-1' -> 'INVALID' ifIndex '1' -> 'lo'
04-09 16:22:22.387  2711  2724 I yani_kernel: yani_geteventfrom_changeaddr() Message-Id '1' Netlink event '16' Interface Index '5' -> Name 'wlan0' 
04-09 16:22:22.388  2711  2724 I yani_kernel: yani_geteventfrom_changeaddr() Message-Id '1' Netlink event '16' Interface Index '5' -> Name 'wlan0' 
04-09 16:22:22.780  3084  3084 I cast_shell: [3087:3095:ERROR:connectivity_checker_impl.cc(265)] Connectivity check failed: 400
04-09 16:22:23.035  3084  3084 I cast_shell: [3087:3126:INFO:metrics_recorder.cc(282)] Record action: Setup.scan_results.BLE
04-09 16:22:23.125  3084  3084 I cast_shell: [3087:3126:INFO:metrics_recorder.cc(282)] Record action: Setup.scan_results.BLE
04-09 16:22:23.786  3084  3084 I cast_shell: [3087:3095:ERROR:connectivity_checker_impl.cc(265)] Connectivity check failed: 400
04-09 16:22:23.957  3084  3084 I cast_shell: [3087:3126:INFO:metrics_recorder.cc(282)] Record action: Setup.eureka_info.Android
04-09 16:22:23.960  3084  3084 I cast_shell: [3087:3126:INFO:setup_state.cc(544)] EurekaInfoCalled: wifi_state=3, is_usable_ip_address=1, connected=0, is_initial_setup=1
04-09 16:22:23.960  3084  3084 I cast_shell: [3087:3126:INFO:setup_state.cc(261)] Setup state changed: SETUP_STATE_DISCONNECTED_EXTERNAL_CLIENT_ACCESSED (11) -> SETUP_STATE_DISCONNECTED_EXTERNAL_CLIENT_ACCESSED (11)
04-09 16:22:23.960  3084  3084 I cast_shell: [3087:3111:INFO:media_manager_impl.cc(383)] TurnActive result: 0
04-09 16:22:23.965  3084  3084 I cast_shell: [3087:3126:INFO:metrics_recorder.cc(282)] Record action: Setup.eureka_info.Android.200
04-09 16:22:24.109  3084  3084 I cast_shell: [3087:3126:INFO:metrics_recorder.cc(282)] Record action: Setup.supported_timezones.Android
04-09 16:22:24.120  3084  3084 I cast_shell: [3087:3126:INFO:metrics_recorder.cc(282)] Record action: Setup.supported_timezones.Android.200
04-09 16:22:24.792  3084  3084 I cast_shell: [3087:3095:ERROR:connectivity_checker_impl.cc(265)] Connectivity check failed: 400
04-09 16:22:25.286  3084  3084 I cast_shell: [3087:3126:INFO:ble_setup.cc(322)] Record action: Setup.play_sound.BLE
04-09 16:22:25.288  3084  3084 I cast_shell: [3087:3105:INFO:synchronized_sound_player.cc(362)] Playing sound key 2
04-09 16:22:25.316  3084  3084 I cast_shell: [3087:3105:INFO:audio_decoder_software_wrapper.cc(86)] Using backend decoder for PCM
04-09 16:22:25.318  3084  3084 I cast_shell: [3087:3110:INFO:mixer_input_connection.cc(208)] Create 0xf3e10500 (no_delay), content type: media, focus type: media, fill size: 512, algorithm fill size: 221, channel count: 1, input sample rate: 44100, start threshold: 3087, max queue size: 8820, socket: 0xae5594d0
04-09 16:22:25.318  3084  3084 I cast_shell: [3087:3109:INFO:mixer_output_stream_alsa.cc(428)] ALSA buffer = 4096, period = 512
04-09 16:22:25.318  3084  3084 I cast_shell: [3087:3108:INFO:stream_mixer.cc(604)] Input source channel count = 1
04-09 16:22:25.318  3084  3084 I cast_shell: [3087:3108:INFO:stream_mixer.cc(607)] Dynamic channel count not enabled; using stereo
04-09 16:22:25.318  3084  3084 I cast_shell: [3087:3108:INFO:stream_mixer.cc(604)] Input source channel count = 1
04-09 16:22:25.318  3084  3084 I cast_shell: [3087:3108:INFO:stream_mixer.cc(607)] Dynamic channel count not enabled; using stereo
04-09 16:22:25.318  3084  3084 I cast_shell: [3087:3108:INFO:stream_mixer.cc(416)] Start with 0 active inputs
04-09 16:22:25.321  3084  3084 I cast_shell: [3087:3109:INFO:mixer_output_stream_alsa.cc(171)] snd_pcm_open: handle=0xf3d65650
04-09 16:22:25.329  3084  3084 I cast_shell: [3087:3109:WARNING:mixer_output_stream_alsa.cc(341)] Requested sample rate (44100 Hz) does not match the actual sample rate (48000 Hz). This may lead to lower audio quality.
04-09 16:22:25.329  3084  3084 I cast_shell: [3087:3109:INFO:mixer_output_stream_alsa.cc(346)] Sample rate changed from 0 to 48000
04-09 16:22:25.329  3084  3084 I cast_shell: [3087:3109:WARNING:mixer_output_stream_alsa.cc(379)] Requested period size (512 frames) does not match the actual period size (1024 frames). This may lead to an increase in CPU usage or an increase in audio latency.
04-09 16:22:25.332  3084  3084 I cast_shell: [3087:3126:INFO:ble_setup.cc(322)] Record action: Setup.play_sound.BLE
04-09 16:22:25.332  3084  3084 I cast_shell: [3087:3108:INFO:stream_mixer.cc(466)] Output 2 channels at 48000 samples per second
04-09 16:22:25.332  3084  3084 I cast_shell: [3087:3108:INFO:stream_mixer.cc(484)] Using 2 loopback channels
04-09 16:22:25.332  3084  3084 I cast_shell: [3087:3109:INFO:filter_group.cc(340)] : 2ch@48000hz -> [GROUP]mix -> 2ch@48000hz
04-09 16:22:25.332  3084  3084 I cast_shell: [3087:3109:INFO:filter_group.cc(340)] [GROUP]mix: 2ch@48000hz -> [GROUP]linearize -> 2ch@48000hz
04-09 16:22:25.335  3084  3084 I cast_shell: [3087:3108:INFO:stream_mixer.cc(640)] Add input 0xf3e10504 to mix @ 48000 samples per second. Is primary source? = 0
04-09 16:22:25.336  3084  3084 I cast_shell: [3087:3105:INFO:synchronized_sound_player.cc(362)] Playing sound key 0
04-09 16:22:25.342  3084  3084 I cast_shell: [3087:3110:INFO:mixer_input_connection.cc(386)] Remove 0xf3e10500
04-09 16:22:25.342  3084  3084 I cast_shell: [3087:3108:INFO:mixer_input.cc(361)] no_delay(0xf3e10504): set volume limits to [0, 1]
04-09 16:22:25.342  3084  3084 I cast_shell: [3087:3108:INFO:mixer_input.cc(121)] Remixing channels for 0xf3e10504 from 1 to 2
04-09 16:22:25.342  3084  3084 I cast_shell: [3087:3108:INFO:mixer_input.cc(346)] no_delay(0xf3e10504): type volume = 1, effective multiplier = 1
04-09 16:22:25.342  3084  3084 I cast_shell: [3087:3108:INFO:mixer_input.cc(395)] no_delay(0xf3e10504): mute volume = 1, effective multiplier = 1
