04-09 16:46:23.526  2963  2975 E wac-main: Enter poll and wait
04-09 16:46:23.526  2963  2975 D wac-main: Netlink event
04-09 16:46:23.526  2963  2975 E wac-main: Netlink event 16 Interface Index 5 
04-09 16:46:23.526  2963  2975 E wac-main: Enter poll and wait
04-09 16:46:23.526  2710  2710 I wpa_supplicant: wlan0: CTRL-EVENT-SUBNET-STATUS-UPDATE status=0
04-09 16:46:23.526  2963  2975 D wac-main: Netlink event
04-09 16:46:23.526  2963  2975 E wac-main: Netlink event 16 Interface Index 5 
04-09 16:46:23.526  2963  2975 E wac-main: Enter poll and wait
04-09 16:46:23.545  2711  2723 I yani_kernel: yani_geteventfrom_changeaddr() Message-Id '1' Netlink event '16' Interface Index '5' -> Name 'wlan0' 
04-09 16:46:23.547  2711  2723 I chatty  : uid=0(root) YaniServer identical 2 lines
04-09 16:46:23.548  2711  2723 I yani_kernel: yani_geteventfrom_changeaddr() Message-Id '1' Netlink event '16' Interface Index '5' -> Name 'wlan0' 
04-09 16:46:23.551  2710  2710 I wpa_supplicant: wlan0: WPA: RX message 3 of 4-Way Handshake from c8:b3:73:44:ae:ef (ver=2)
04-09 16:46:23.551  2710  2710 I wpa_supplicant: wlan0: WPA: Sending EAPOL-Key 4/4
04-09 16:46:23.553  2711  2723 I yani_server: NetLink Event '-1' Interface-Index '5' WLAN '-1' Ethernet '-1' Parsed-iFill '-1' -> 'INVALID' ifIndex '1' -> 'lo'
04-09 16:46:23.553  2710  2710 I wpa_supplicant: wlan0: WPA: Key negotiation completed with c8:b3:73:44:ae:ef [PTK=CCMP GTK=TKIP]
04-09 16:46:23.553  2710  2710 I wpa_supplicant: wlan0: CTRL-EVENT-CONNECTED - Connection to c8:b3:73:44:ae:ef completed [id=0 id_str=]
04-09 16:46:23.554  2963  2975 D wac-main: Netlink event
04-09 16:46:23.554  2963  2975 E wac-main: Netlink event 16 Interface Index 5 
04-09 16:46:23.554  2963  2975 E wac-main: Enter poll and wait
04-09 16:46:23.554  2963  2975 D wac-main: Netlink event
04-09 16:46:23.554  2963  2975 E wac-main: Netlink event 16 Interface Index 5 
04-09 16:46:23.557  2711  2723 I yani_server: NetLink Event '-1' Interface-Index '5' WLAN '0' Ethernet '-1' Parsed-iFill '-1' -> 'INVALID' ifIndex '1' -> 'lo'
04-09 16:46:23.558  2711  2723 I yani_server: NetLink Event '-1' Interface-Index '5' WLAN '0' Ethernet '-1' Parsed-iFill '-1' -> 'INVALID' ifIndex '1' -> 'lo'
04-09 16:46:23.559  2711  2723 I yani_server: NetLink Event '-1' Interface-Index '5' WLAN '7' Ethernet '-1' Parsed-iFill '7' -> 'WLAN0 LINKUP' ifIndex '1' -> 'lo'
04-09 16:46:23.559  2711  2723 I yani_server: saveConfig:537:wlan0
04-09 16:46:23.559  2711  2723 I wifiapi : newconn : 0xab1a0be8
04-09 16:46:23.559  2711  2723 I yani_server: saveConfig:544:got handle successfully
04-09 16:46:23.560  3092  3092 I cast_shell: [3095:3145:INFO:wifi_controller_wpa_supplicant.cc(634)] After connection, current_wifi_index=0
04-09 16:46:23.561  2963  2975 D wac-main: Netlink event
04-09 16:46:23.561  2963  2975 E wac-main: Netlink event 16 Interface Index 5 
04-09 16:46:23.561  2963  2975 E wac-main: Enter poll and wait
04-09 16:46:23.563  2711  2723 I wifiapi : 'STATUS' command returned = 0
04-09 16:46:23.566  2711  2723 I wifiapi : 'SAVE_CONFIG' command returned = 0
04-09 16:46:23.566  2711  2723 E yani_server: wlan0 Status=8 SaveConfig returns=0
04-09 16:46:23.566  2964  3170 I LibreCastControlDelegate: OnCastStatus() +++ Lyric Speaker Box 21f384:0xaca2b198:OFFLINE
04-09 16:46:23.566  2964  3170 I LibreCastControlDelegate: Device Build Number -> '1.52.272222'
04-09 16:46:23.566  2711  2723 I yani_server: SaveConfig return value=0
04-09 16:46:23.566  2964  3170 I librecast: updateCastBuildVersion() Version 1.52.272222
04-09 16:46:23.567  2711  2723 E WLANP2PIF: WlanP2pif: current chan = 4
04-09 16:46:23.567  2712  2719 I lucitransport: readRemoteMessage() MID char = 7 buffer = 1.52.272222
04-09 16:46:23.568  2691  2691 I sh      : saveConfig:538:wlan0wlan0 Status=8 SaveConfig returns=0
04-09 16:46:23.568  2964  3170 I LibreCastControlDelegate: Active Applications -> 0
04-09 16:46:23.569  2964  3170 I LibreCastControlDelegate: Current Cast State '3' -> 'OFFLINE'
04-09 16:46:23.683  3092  3092 I cast_shell: [3095:3133:INFO:metrics_recorder.cc(282)] Record action: Setup.version.BLE
04-09 16:46:23.713  3092  3092 I cast_shell: [3095:3133:INFO:metrics_recorder.cc(282)] Record action: Setup.tos_accepted.BLE
04-09 16:46:23.743  3092  3092 I cast_shell: [3095:3133:INFO:metrics_recorder.cc(282)] Record action: Setup.state.BLE
04-09 16:46:23.773  3092  3092 I cast_shell: [3095:3133:INFO:metrics_recorder.cc(282)] Record action: Setup.ip_address.BLE
04-09 16:46:23.921  3092  3092 I cast_shell: [3095:3103:ERROR:connectivity_checker_impl.cc(265)] Connectivity check failed: 400
04-09 16:46:24.313  3092  3092 I cast_shell: [3095:3133:INFO:metrics_recorder.cc(282)] Record action: Setup.version.BLE
04-09 16:46:24.343  3092  3092 I cast_shell: [3095:3133:INFO:metrics_recorder.cc(282)] Record action: Setup.tos_accepted.BLE
04-09 16:46:24.373  3092  3092 I cast_shell: [3095:3133:INFO:metrics_recorder.cc(282)] Record action: Setup.state.BLE
04-09 16:46:24.402  3092  3092 I cast_shell: [3095:3133:INFO:metrics_recorder.cc(282)] Record action: Setup.ip_address.BLE
04-09 16:46:24.575  2711  2723 I yani_autoip: start_autoip() Interface 'wlan0' Is AutoIP Required 'Yes' Thread-Running 'No' 
04-09 16:46:24.576  2711  2723 E yani_server: YANI: I am Done Wait For Event 
04-09 16:46:24.576  2711  2723 I yani_kernel: yani_geteventfrom_changeaddr() Message-Id '1' Netlink event '16' Interface Index '5' -> Name 'wlan0' 
04-09 16:46:24.577  2711  2723 I yani_kernel: yani_geteventfrom_changeaddr() Message-Id '1' Netlink event '16' Interface Index '5' -> Name 'wlan0' 
04-09 16:46:24.578  2711  3347 I yani_autoip: Setting autoiptimer to 70000
04-09 16:46:24.579  2711  2723 I yani_kernel: yani_geteventfrom_changeaddr() Message-Id '1' Netlink event '16' Interface Index '5' -> Name 'wlan0' 
04-09 16:46:24.588  3346  3346 E dhcpcd  : control_open: Connection refused
04-09 16:46:24.589  3346  3346 E dhcpcd  : eth0: interface not found or invalid
04-09 16:46:24.591  2963  2975 D wac-main: Netlink event
04-09 16:46:24.591  2963  2975 E wac-main: Netlink event 16 Interface Index 5 
04-09 16:46:24.591  3346  3346 D dhcpcd  : wlan0: adding address fe80::ce90:93ff:fe21:f384
04-09 16:46:24.591  2963  2975 E wac-main: Enter poll and wait
04-09 16:46:24.592  2711  2723 I yani_kernel: yani_geteventfrom_changeaddr() Message-Id '1' Netlink event '16' Interface Index '5' -> Name 'wlan0' 
04-09 16:46:24.690  3346  3346 E dhcpcd  : error writing DUID: /etc/dhcpcd/dhcpcd.duid: Read-only file system
04-09 16:46:24.690  3346  3346 D dhcpcd  : DUID 00:03:00:01:cc:90:93:21:f3:84
04-09 16:46:24.690  3346  3346 D dhcpcd  : wlan0: IAID 93:21:f3:84
04-09 16:46:24.928  3092  3092 I cast_shell: [3095:3103:ERROR:connectivity_checker_impl.cc(265)] Connectivity check failed: 400
04-09 16:46:24.942  3092  3092 I cast_shell: [3095:3133:INFO:metrics_recorder.cc(282)] Record action: Setup.version.BLE
04-09 16:46:24.948  3346  3346 D dhcpcd  : wlan0: soliciting a DHCP lease
04-09 16:46:24.949  3346  3346 D dhcpcd  : wlan0: sending DISCOVER (xid 0xa3236c31), next in -3753845081502758924933850319398710876750518207675343760213495967674519147959121705415356002881322901841658874075015704421924904966366277732179863162445163544923868402421802721431000650398496341607431214127308153434983819742488379853992713089726191920077736218757955584.0 seconds
04-09 16:46:24.973  3092  3092 I cast_shell: [3095:3133:INFO:metrics_recorder.cc(282)] Record action: Setup.tos_accepted.BLE
04-09 16:46:25.002  3092  3092 I cast_shell: [3095:3133:INFO:metrics_recorder.cc(282)] Record action: Setup.state.BLE
04-09 16:46:25.047  3092  3092 I cast_shell: [3095:3133:INFO:metrics_recorder.cc(282)] Record action: Setup.ip_address.BLE
04-09 16:46:25.049  2731  2741 I NetworkMonitor: turn off power-save
04-09 16:46:25.055  2731  2741 E DNSResolver: Error in connect: Network is unreachable
04-09 16:46:25.056  2731  2741 I chatty  : uid=0(root) /bin/net_mgr identical 4 lines
04-09 16:46:25.056  2731  2741 E DNSResolver: Error in connect: Network is unreachable
04-09 16:46:25.056  2731  2741 E HttpTimeSync: Error resolve name clients1.google.com
04-09 16:46:25.073  2731  2741 E HttpTimeSync: Error in curl perform, returns 6: Couldn't resolve host name
04-09 16:46:25.075  2731  2741 E HttpTimeSync: Failed in getting HTTP header from http://clients1.google.com/generate_204
04-09 16:46:25.268  3092  3092 I cast_shell: [3095:3133:INFO:metrics_recorder.cc(282)] Record action: Setup.eureka_info.Local
04-09 16:46:25.269  3092  3092 I cast_shell: [3095:3133:INFO:metrics_recorder.cc(282)] Record action: Setup.eureka_info.Local.200
04-09 16:46:25.270  2731  2740 E DNSResolver: Error in connect: Network is unreachable
04-09 16:46:25.270  2731  2740 I chatty  : uid=0(root) MonitorThread identical 4 lines
04-09 16:46:25.270  2731  2740 E DNSResolver: Error in connect: Network is unreachable
04-09 16:46:25.270  2731  2740 E HttpTimeSync: Error resolve name clients1.google.com
04-09 16:46:25.271  2731  2740 E HttpTimeSync: Error in curl perform, returns 6: Couldn't resolve host name
04-09 16:46:25.271  2731  2740 E HttpTimeSync: Failed in getting HTTP header from http://clients1.google.com/generate_204
04-09 16:46:25.312  3346  3346 D dhcpcd  : wlan0: soliciting an IPv6 router
04-09 16:46:25.396  3346  3346 D dhcpcd  : wlan0: Router Advertisement from fe80::cab3:73ff:fe44:aeed
04-09 16:46:25.396  3346  3346 D dhcpcd  : wlan0: adding address fd70:d3e7:6555:0:ce90:93ff:fe21:f384/64
04-09 16:46:25.397  3346  3346 D dhcpcd  : wlan0: adding address fd70:d3e7:6555:0:2552:6590:ae78:2950/64
04-09 16:46:25.397  3346  3346 D dhcpcd  : wlan0: adding route to fd70:d3e7:6555::/64
04-09 16:46:25.398  3346  3346 D dhcpcd  : wlan0: requesting DHCPv6 information
04-09 16:46:25.587  3092  3092 I cast_shell: [3095:3133:INFO:metrics_recorder.cc(282)] Record action: Setup.version.BLE
04-09 16:46:25.618  3092  3092 I cast_shell: [3095:3133:INFO:metrics_recorder.cc(282)] Record action: Setup.tos_accepted.BLE
04-09 16:46:25.647  3092  3092 I cast_shell: [3095:3133:INFO:metrics_recorder.cc(282)] Record action: Setup.state.BLE
04-09 16:46:25.677  3092  3092 I cast_shell: [3095:3133:INFO:metrics_recorder.cc(282)] Record action: Setup.ip_address.BLE
04-09 16:46:25.935  3092  3092 I cast_shell: [3095:3103:ERROR:connectivity_checker_impl.cc(265)] Connectivity check failed: 400
04-09 16:46:26.009  3346  3346 D dhcpcd  : wlan0: received OFFER with xid 0xa3236c31
04-09 16:46:26.009  3346  3346 D dhcpcd  : wlan0: offered 192.168.1.145 from 192.168.1.1
04-09 16:46:26.009  3346  3346 D dhcpcd  : wlan0: requesting lease of 192.168.1.145
04-09 16:46:26.009  3346  3346 D dhcpcd  : wlan0: sending REQUEST (xid 0xa3236c31), next in -3753845081502758924933850319398710876750518207675343760213495967674519147959121705415356002881322901841658874075015704421924904966366277732179863162445163544923868402421802721431000650398496341607431214127308153434983819742488379853992713089726191920077736218757955584.0 seconds
04-09 16:46:26.115  3346  3346 D dhcpcd  : wlan0: received ACK with xid 0xa3236c31
04-09 16:46:26.115  3346  3346 D dhcpcd  : wlan0: acknowledged 192.168.1.145 from 192.168.1.1
04-09 16:46:26.115  3346  3346 D dhcpcd  : wlan0: leased 192.168.1.145 for 86400 seconds
04-09 16:46:26.117  2963  2975 D wac-main: Netlink event
04-09 16:46:26.117  2963  2975 E wac-main: Netlink event 20 Interface Index 5 
04-09 16:46:26.117  2963  2975 E wac-main: Enter poll and wait
04-09 16:46:26.117  2711  2723 I yani_kernel: yani_geteventfrom_changeaddr() Message-Id '1' Netlink event '20' Interface Index '5' -> Name 'wlan0' 
04-09 16:46:26.118  2711  2723 I yani_server: NetLink Event '2' Interface-Index '5' WLAN '-1' Ethernet '-1' Parsed-iFill '2' -> 'WLAN0 CONNECTED' ifIndex '1' -> 'lo'
04-09 16:46:26.121  2731  2741 I NetworkMonitor: turn off power-save
04-09 16:46:26.122  2711  2723 I yani_server: doLotofWork() List of interface '5'
04-09 16:46:26.122  2711  2723 I yani_server: doLotofWork() Interface 'wlan0' ifr[0].ifr_name 'lo' ipaddress '127.0.0.1'
04-09 16:46:26.124  2728  2746 I wifiapi : 'GET_NETWORK 0 ssid' command returned = 0
04-09 16:46:26.124  2728  2746 E MB_HANDLER: save ENV ssid = "Linksys16717_2G"
04-09 16:46:26.137  2712  2719 I lucitransport: writeRemoteMessage() MID = 124 buffer = 1#1,1#2,0#3,1#4,1
04-09 16:46:26.138  2712  2719 I luciUART: write() MID = 124  bytes = 27 data = 1#1,1#2,0#3,1#4,1 m_fd = 0x5
04-09 16:46:26.138  2729  2729 E AirableUIHelper: AirableUIHelper::YaniAlert  1 1 
04-09 16:46:26.138  2729  2729 E AirableUIHelper: Wlan is up
04-09 16:46:26.138  2970  2982 I otamanager: YaniAlert() Interface 1 Status Up
04-09 16:46:26.139  2970  2982 I otamanager: CreateFirmwareUpdateTimerOnYaniAlert done
04-09 16:46:26.139  2966  2966 I airplay-main: YaniAlert Interface 1 Status 1
04-09 16:46:26.140  2712  2719 I lucitransport: readRemoteMessage() MID char = 90 buffer = Lyric Speaker Box 21f384
04-09 16:46:26.144  2712  2720 E luciUART: UART:aa
04-09 16:46:26.145  2712  2720 E luciUART: UART:aa
04-09 16:46:26.145  2712  2720 E luciUART: UART:2
04-09 16:46:26.145  2712  2720 E luciUART: UART:0
04-09 16:46:26.145  2712  2720 E luciUART: UART:d0
04-09 16:46:26.145  2712  2720 E luciUART: UART:0
04-09 16:46:26.146  2712  2720 I chatty  : uid=0(root) UARTLUCIControl identical 2 lines
04-09 16:46:26.146  2712  2720 E luciUART: UART:0
04-09 16:46:26.146  2712  2720 E luciUART: UART:9
04-09 16:46:26.146  2712  2720 I luciUART: read() RemoteID = 43690 Command = 208 Type = 2 Status = 0 DataLen = 9
04-09 16:46:26.146  2712  2720 E luciUART: Error: full data not available yet! readBytes 0
04-09 16:46:26.146  2712  2720 I luciUART: Previous Packet read contd., 
04-09 16:46:26.146  2712  2720 E luciUART: UART:52
04-09 16:46:26.146  2712  2720 I luciUART: Previous Packet read contd., 
04-09 16:46:26.146  2712  2720 E luciUART: UART:45
04-09 16:46:26.146  2712  2720 I luciUART: Previous Packet read contd., 
04-09 16:46:26.146  2712  2720 E luciUART: UART:41
04-09 16:46:26.146  2712  2720 I luciUART: Previous Packet read contd., 
04-09 16:46:26.146  2712  2720 E luciUART: UART:44
04-09 16:46:26.146  2712  2720 I luciUART: Previous Packet read contd., 
04-09 16:46:26.146  2712  2720 E luciUART: UART:5f
04-09 16:46:26.146  2712  2720 I luciUART: Previous Packet read contd., 
04-09 16:46:26.146  2712  2720 E luciUART: UART:73
04-09 16:46:26.146  2712  2720 I luciUART: Previous Packet read contd., 
04-09 16:46:26.146  2712  2720 E luciUART: UART:73
04-09 16:46:26.146  2712  2720 I luciUART: Previous Packet read contd., 
04-09 16:46:26.146  2712  2720 E luciUART: UART:69
04-09 16:46:26.146  2712  2720 I luciUART: Previous Packet read contd., 
04-09 16:46:26.146  2712  2720 E luciUART: UART:64
04-09 16:46:26.146  2712  2721 E LUCI_SERVER: Luci Server Thread wait over MID 208....
04-09 16:46:26.146  2712  2721 E LUCI_SERVER: Got NV name : ssid
04-09 16:46:26.148  2712  2721 I luciUART: write() MID = 208  bytes = 30 data = ssid:Linksys16717_2G m_fd = 0x5
04-09 16:46:26.148  2712  2721 E LUCI_SERVER: NV_READ response= ssid:Linksys16717_2G
04-09 16:46:26.148  2712  2721 E LUCI_SERVER: Luci Server Thread waiting for packets....
04-09 16:46:26.217  3092  3092 I cast_shell: [3095:3133:INFO:metrics_recorder.cc(282)] Record action: Setup.version.BLE
04-09 16:46:26.222  2966  3381 I airplay-main: checkACPAvailability() err 0 -> Present!
04-09 16:46:26.222  2966  3381 D airplay-main: arguments[0] -> airplay_v2 -> airplay_v2
04-09 16:46:26.223  2966  3381 D airplay-main: arguments[1] -> -n -> -n
04-09 16:46:26.223  2966  3381 D airplay-main: arguments[2] -> Lyric Speaker Box 21f384 -> Lyric Speaker Box 21f384
04-09 16:46:26.223  2966  3381 D airplay-main: arguments[3] -> -z -> -z
04-09 16:46:26.223  2966  3381 D airplay-main: arguments[4] -> 1 -> 1
04-09 16:46:26.223  2966  3381 D airplay-main: arguments[5] -> -d -> -d
04-09 16:46:26.223  2966  3381 D airplay-main: arguments[6] -> 47617500 -> 47617500
04-09 16:46:26.224  2966  3381 D airplay-main: Total Number of Arguments 7
04-09 16:46:26.234  2966  3381 I airplay_v2_0_6: 2022-04-09 04:16:26.233119 [AirPlayDemo] homedir /data/ sUserPreferencesDirectoryPath /data//.airplaydemo 
04-09 16:46:26.248  3092  3092 I cast_shell: [3095:3133:INFO:metrics_recorder.cc(282)] Record action: Setup.tos_accepted.BLE
04-09 16:46:26.278  3092  3092 I cast_shell: [3095:3133:INFO:metrics_recorder.cc(282)] Record action: Setup.state.BLE
04-09 16:46:26.310  2966  3381 I airplay-main: checkACPAvailability() err 0 -> Present!
04-09 16:46:26.322  3092  3092 I cast_shell: [3095:3133:INFO:metrics_recorder.cc(282)] Record action: Setup.ip_address.BLE
04-09 16:46:26.333  2731  2741 I HttpTimeSync: Building resolve list for clients1.google.com, total 1.
04-09 16:46:26.333  2731  2741 I HttpTimeSync: 	0: 142.251.36.142
04-09 16:46:26.394  2966  3404 I airplay_v2_0_6: 2022-04-09 04:16:26.394390 [AirPlayDemo] *********** AirPlayDemoPlatformSetProperty:homeIntegrationData value - 
04-09 16:46:26.394  2966  3404 I airplay_v2_0_6:     +0000: 62706c69 73743030 d101025f 10114343 |bplist00^^^_^^CC| (67 bytes)
04-09 16:46:26.394  2966  3404 I airplay_v2_0_6:     +0010: 3a39303a 39333a32 313a4633 3a3834d0 |:90:93:21:F3:84^|
04-09 16:46:26.394  2966  3404 I airplay_v2_0_6:     +0020: 080b1f00 00000000 00010100 00000000 |^^^^^^^^^^^^^^^^|
04-09 16:46:26.394  2966  3404 I airplay_v2_0_6:     +0030: 00000300 00000000 00000000 00000000 |^^^^^^^^^^^^^^^^|
04-09 16:46:26.394  2966  3404 I airplay_v2_0_6:     +0040: 000020                              |^^              |
04-09 16:46:26.397  2966  3404 I airplay_v2_0_6: 2022-04-09 04:16:26.396938 [AirPlayDemo] AirPlayDemoServerCopyProperty Password is <<NULL>>
04-09 16:46:26.407  2966  3406 I airplay_v2_0_6: 2022-04-09 04:16:26.406322 [AirPlayDemo] *********** AirPlayDemoPlatformSetProperty:homeIntegrationData value - 
04-09 16:46:26.407  2966  3406 I airplay_v2_0_6:     +0000: 62706c69 73743030 d101025f 10114343 |bplist00^^^_^^CC| (165 bytes)
04-09 16:46:26.407  2966  3406 I airplay_v2_0_6:     +0010: 3a39303a 39333a32 313a4633 3a3834d3 |:90:93:21:F3:84^
04-09 16:46:26.407  2966  3406 I airplay_v2_0_6: |
04-09 16:46:26.407  2966  3406 I airplay_v2_0_6:     +0020: 03040501 06075a69 64656e74 69666965 |^^^^^^Zidentifie|
04-09 16:46:26.407  2966  3406 I airplay_v2_0_6:     +0030: 7252736b 52706b4f 1020e176 cd41ea88 |rRskRpkO^ ^v^A^^|
04-09 16:46:26.407  2966  3406 I airplay_v2_0_6:     +0040: b306822c 213b55dc 262e8baf 6261e99e |^^^,!;U^&.^^ba^^|
04-09 16:46:26.407  2966  3406 I airplay_v2_0_6:     +0050: 5bfe3fc9 5b311b72 58964f10 20fc493b |
04-09 16:46:26.407  2966  3406 I airplay_v2_0_6: [^?^[1^rX^O^ ^I;|
04-09 16:46:26.407  2966  3406 I airplay_v2_0_6:     +0060: d3661ede bd837909 98d4571a 9399fe95 |^f^^^^y^^^W^^^^^|
04-09 16:46:26.407  2966  3406 I airplay_v2_0_6:     +0070: eb4aaaa9 7ed2fd03 8514a82f 38080b1f |^J^^~^^^^^^/8^^^|
04-09 16:46:26.407  2966  3406 I airplay_v2_0_6:     +0080: 26313437 5a000000 00000001 01000000 |&147Z^^^^^^^^^^^|
04-09 16:46:26.407  2966  3406 I airplay_v2_0_6:     +0090: 
04-09 16:46:26.407  2966  3406 I airplay_v2_0_6: 00000000 08000000 00000000 00000000 |^^^^^^^^^^^^^^^^|
04-09 16:46:26.407  2966  3406 I airplay_v2_0_6:     +00A0: 00000000 7d                         |^^^^}           |
04-09 16:46:26.408  2712  2719 I lucitransport: readRemoteMessage() MID char = 90 buffer = Lyric Speaker Box 21f384
04-09 16:46:26.410  2966  3381 I airplay_v2_0_6: 2022-04-09 04:16:26.410011 [AirPlay] Registering Bonjour _airplay._tcp. port 7000
04-09 16:46:26.412  2966  3406 I airplay_v2_0_6: 2022-04-09 04:16:26.412008 [AirPlayDemo] AirPlayDemoServerCopyProperty Password is <<NULL>>
04-09 16:46:26.413  2966  3404 I airplay_v2_0_6: 2022-04-09 04:16:26.413687 [AirPlayDemo] AirPlayDemoServerCopyProperty Password is <<NULL>>
04-09 16:46:26.414  2712  2719 I lucitransport: readRemoteMessage() MID char = 90 buffer = Lyric Speaker Box 21f384
04-09 16:46:26.415  2966  3381 I airplay_v2_0_6: 2022-04-09 04:16:26.415457 [AirPlay] Registering Bonjour CC909321F384@Lyric Speaker Box 21f384._raop._tcp. port 7000
04-09 16:46:26.415  2966  3381 I airplay_v2_0_6: 2022-04-09 04:16:26.415590 [AirPlay] AirPlay servers started
04-09 16:46:28.308  2731  2741 I HttpTimeSync: Http time synced
04-09 16:46:28.480  2731  2741 I NetworkMonitor: turn off power-save
04-09 16:46:28.499  3092  3092 I cast_shell: [3095:3133:INFO:metrics_recorder.cc(282)] Record action: Setup.version.BLE
04-09 16:46:28.529  3092  3092 I cast_shell: [3095:3133:INFO:metrics_recorder.cc(282)] Record action: Setup.tos_accepted.BLE
04-09 16:46:28.559  3092  3092 I cast_shell: [3095:3133:INFO:metrics_recorder.cc(282)] Record action: Setup.state.BLE
04-09 16:46:28.589  3092  3092 I cast_shell: [3095:3133:INFO:metrics_recorder.cc(282)] Record action: Setup.ip_address.BLE
04-09 16:46:28.999  3092  3092 I cast_shell: [3095:3103:ERROR:connectivity_checker_impl.cc(265)] Connectivity check failed: 400
04-09 16:46:29.130  3092  3092 I cast_shell: [3095:3133:INFO:metrics_recorder.cc(282)] Record action: Setup.version.BLE
04-09 16:46:29.159  3092  3092 I cast_shell: [3095:3133:INFO:metrics_recorder.cc(282)] Record action: Setup.tos_accepted.BLE
04-09 16:46:29.189  3092  3092 I cast_shell: [3095:3133:INFO:metrics_recorder.cc(282)] Record action: Setup.state.BLE
04-09 16:46:29.219  3092  3092 I cast_shell: [3095:3133:INFO:metrics_recorder.cc(282)] Record action: Setup.ip_address.BLE
04-09 16:46:29.286  2967  2985 I SPOTIFY : ConnectionNotify event(0-Login, 1-Logout, rest Error) = 7 
04-09 16:46:29.744  3092  3092 I cast_shell: [3095:3133:INFO:metrics_recorder.cc(282)] Record action: Setup.version.BLE
04-09 16:46:29.789  3092  3092 I cast_shell: [3095:3133:INFO:metrics_recorder.cc(282)] Record action: Setup.tos_accepted.BLE
04-09 16:46:29.819  3092  3092 I cast_shell: [3095:3133:INFO:metrics_recorder.cc(282)] Record action: Setup.state.BLE
04-09 16:46:29.849  3092  3092 I cast_shell: [3095:3133:INFO:metrics_recorder.cc(282)] Record action: Setup.ip_address.BLE
04-09 16:46:30.389  3092  3092 I cast_shell: [3095:3133:INFO:metrics_recorder.cc(282)] Record action: Setup.version.BLE
04-09 16:46:30.419  3092  3092 I cast_shell: [3095:3133:INFO:metrics_recorder.cc(282)] Record action: Setup.tos_accepted.BLE
04-09 16:46:30.449  3092  3092 I cast_shell: [3095:3133:INFO:metrics_recorder.cc(282)] Record action: Setup.state.BLE
04-09 16:46:30.479  3092  3092 I cast_shell: [3095:3133:INFO:metrics_recorder.cc(282)] Record action: Setup.ip_address.BLE
04-09 16:46:30.920  3092  3092 I cast_shell: [3095:3103:INFO:connectivity_checker_impl.cc(144)] Change check url=http://connectivitycheck.gstatic.com/generate_204
04-09 16:46:30.920  3092  3092 I cast_shell: [3095:3103:INFO:connectivity_checker_impl.cc(148)] Global connection is: Up
04-09 16:46:30.921  3095  3107 E         : OOBE CheckUpdate
04-09 16:46:30.924  3092  3092 I cast_shell: [3095:3133:WARNING:setup_manager_impl.cc(1100)] NAT not supported, no captive portal support.
04-09 16:46:30.924  3092  3092 I cast_shell: [3095:3095:INFO:api_reboot.cc(321)] active_activities count=0
04-09 16:46:30.924  3092  3092 I cast_shell: [3095:3095:INFO:cloud_settings_manager.cc(431)] Connectivity established. Reconciling cloud settings.
04-09 16:46:30.924  3092  3092 I cast_shell: [3095:3095:INFO:cloud_settings_manager.cc(195)] Cloud settings is disabled.
04-09 16:46:30.924  3092  3092 I cast_shell: [3095:3095:INFO:lycra_gcm.cc(121)] Registering GCM handler.
04-09 16:46:30.924  3092  3092 I cast_shell: [3095:3095:INFO:gcm_manager.cc(258)] Enabling GCM Driver
04-09 16:46:30.924  3092  3092 I cast_shell: [3095:3095:INFO:ccs_transport_gcm.cc(102)] Registering GCM handler
04-09 16:46:30.924  3092  3092 I cast_shell: [3095:3107:INFO:update_engine_client_with_system_updater.cc(216)] Network first connected, check system force update
04-09 16:46:30.924  3092  3092 I cast_shell: [3095:3133:INFO:setup_state.cc(261)] Setup state changed: SETUP_STATE_CHECKING_GLOBAL_CONNECTIVITY (50) -> SETUP_STATE_CONNECTED_WIFI_NOT_SAVED (61)
04-09 16:46:30.924  3092  3092 I cast_shell: [system_updater_dummy.cpp(109)] CheckUpdate
04-09 16:46:30.932  2711  2723 I yani_server: NetLink Event '-1' Interface-Index '5' WLAN '0' Ethernet '-1' Parsed-iFill '-1' -> 'INVALID' ifIndex '1' -> 'lo'
04-09 16:46:30.943  2970  2989 I otamanager: cast_updater_threadEntry() Response 'CheckUpdate' Current Firmware Update state 'Idle'
04-09 16:46:30.943  2970  2989 I otamanager: checkUpdate_l
04-09 16:46:30.943  2970  2989 I otamanager: Firmware Update State Change from Idle to CheckUpdate
04-09 16:46:30.943  2712  2719 I lucitransport: readRemoteMessage() MID char = 232 buffer = TRUE
04-09 16:46:30.943  2970  2989 E otamanager: lo not valid Interface for MAC ID
04-09 16:46:30.943  2970  2989 D otamanager: OTA: wlan IP = 192.168.1.145
04-09 16:46:30.943  2970  2989 I otamanager: OTA:checkIP mac = cc909321f384  IP = 192.168.1.145 
04-09 16:46:30.944  3092  3092 I cast_shell: [3095:3102:ERROR:unix_stream_client_socket.cc(52)] Cannot connect unix socket: /dev/socket/panel: No such file or directory (2)
04-09 16:46:30.945  2970  2989 I otamanager: DownloadHttpContent firmware version = eng.C4A.1203
04-09 16:46:30.949  2712  2719 I lucitransport: readRemoteMessage() MID char = 6 buffer = 1001
04-09 16:46:30.949  2712  2719 I lucitransport: readRemoteMessage() MID char = 7 buffer = 1.52.272222
04-09 16:46:30.949  3092  3092 I cast_shell: [3095:3102:ERROR:led_controller_ipc.cc(84)] Could not create IPC client for socket: /dev/socket/panel
04-09 16:46:30.950  2970  2989 I otamanager: OTA: DownloadHttpContent :payload =  {"device":{"brand":"COTODAMA","castVersion":"1.52.272222","deviceId":"cc909321f384","deviceType":"LS10_C4A","fwVersion":"1203","googleCast":true,"mcuVersion":"1001","model":"LSB"}}
04-09 16:46:30.950  2970  2989 I otamanager:  
04-09 16:46:30.950  2970  2989 I otamanager: OTA:------curlDownloadFirmwareXml---
04-09 16:46:30.950  2970  2989 I otamanager: OTA:isValidIpAddress: result 0
04-09 16:46:30.952  3092  3092 I cast_shell: [3095:3095:INFO:device_info_impl.cc(1094)] Primary netif changed: new=wlan0, old=usb0
04-09 16:46:30.952  3092  3092 I cast_shell: [3095:3095:INFO:device_info_impl.cc(1103)] Primary IP address changed: netif=wlan0, new=192.168.1.145, old=192.168.10.1
04-09 16:46:30.954  3092  3092 I cast_shell: [3095:3144:INFO:transport_creds.cc(151)] Self-signed certificate created: CN=c65fb0ec-4c57-7942-02b5-54f50a9a975d
04-09 16:46:30.955  2964  3170 I LibreCastControlDelegate: OnCastStatus() +++ Lyric Speaker Box 21f384:0xaca2b198:NOT_SETUP
04-09 16:46:30.955  2964  3170 I LibreCastControlDelegate: Device Build Number -> '1.52.272222'
04-09 16:46:30.955  2964  3170 I librecast: updateCastBuildVersion() Version 1.52.272222
04-09 16:46:30.955  2712  2719 I lucitransport: readRemoteMessage() MID char = 7 buffer = 1.52.272222
04-09 16:46:30.955  2964  3170 I LibreCastControlDelegate: Active Applications -> 0
04-09 16:46:30.955  2964  3170 I LibreCastControlDelegate: Current Cast State '2' -> 'NOT_SETUP'
04-09 16:46:30.955  2964  3170 I LibreCastControlDelegate: OnCastStatus() ---
04-09 16:46:30.956  2964  3170 I LibreCastControlDelegate: OnCastStatus() +++ Lyric Speaker Box 21f384:0xaca2b198:NOT_SETUP
04-09 16:46:30.956  2964  3170 I LibreCastControlDelegate: Device Build Number -> '1.52.272222'
04-09 16:46:30.956  2964  3170 I librecast: updateCastBuildVersion() Version 1.52.272222
04-09 16:46:31.004  3092  3092 I cast_shell: [3095:3133:INFO:metrics_recorder.cc(282)] Record action: Setup.version.BLE
04-09 16:46:31.008  3092  3092 I cast_shell: [3095:3095:INFO:config_downloader.cc(489)] Downloading config: headers (excl. auth) ='Accept: application/protobuf', url=https://clients5.google.com/cast/chromecast/device/baseconfig?m=LSB&M=COTODAMA&p=LS10+Platform&b=1.52.272222&c=wifi&r=beta-channel&pt=3&ln=&d=DE4F95FFA64D5E74B026&at=1
04-09 16:46:31.034  3092  3092 I cast_shell: [3095:3133:INFO:metrics_recorder.cc(282)] Record action: Setup.tos_accepted.BLE
04-09 16:46:31.058  3092  3092 I cast_shell: [3095:3103:INFO:parent_tracker.cc(237)] Network changed
04-09 16:46:31.058  3092  3092 I cast_shell: [3095:3103:INFO:parent_tracker.cc(135)] Now using local address [PII](192.168.1.145)
04-09 16:46:31.058  3092  3092 I cast_shell: [3095:3103:INFO:directory_service_impl.cc(200)] This device became root
04-09 16:46:31.081  3092  3092 I cast_shell: [3095:3146:INFO:multizone_manager.cc(2131)] Updated leader quality: 49807410
04-09 16:46:31.088  3092  3092 I cast_shell: [3095:3143:INFO:mdns_app_filter.cc(1120)] Skipping IPv6 interface that also has an IPv4 address: wlan0
04-09 16:46:31.088  3092  3092 I chatty  : uid=1000(chrome) /bin/logwrapper identical 2 lines
04-09 16:46:31.088  3092  3092 I cast_shell: [3095:3143:INFO:mdns_app_filter.cc(1120)] Skipping IPv6 interface that also has an IPv4 address: wlan0
04-09 16:46:31.088  3092  3092 I cast_shell: [3095:3143:INFO:metrics_recorder.cc(282)] cast event: Cast.Discovery.Mdns.SocketCreated
04-09 16:46:31.088  3092  3092 I cast_shell: [3095:3143:INFO:mdns_app_filter.cc(1254)] Created mDNS socket for interface:name=wlan0, address=192.168.1.145, index=5
04-09 16:46:31.088  3092  3092 I cast_shell: [3095:3143:INFO:metrics_recorder.cc(282)] cast event: Cast.Discovery.Mdns.SocketCreated
04-09 16:46:31.088  3092  3092 I cast_shell: [3095:3143:INFO:mdns_app_filter.cc(1254)] Created mDNS socket for interface:name=p2p1, address=192.168.2.1, index=7
04-09 16:46:31.088  3092  3092 I cast_shell: [3095:3143:INFO:metrics_recorder.cc(282)] cast event: Cast.Discovery.Mdns.SocketCreated
04-09 16:46:31.088  3092  3092 I cast_shell: [3095:3143:INFO:mdns_app_filter.cc(1254)] Created mDNS socket for interface:name=usb0, address=192.168.10.1, index=9
04-09 16:46:31.088  3092  3092 I cast_shell: [3095:3143:INFO:mdns_app_filter.cc(977)] MdnsAppFilter is starting.
04-09 16:46:31.089  3092  3092 I cast_shell: [3095:3103:INFO:parent_tracker.cc(237)] Network changed
04-09 16:46:31.089  3092  3092 I cast_shell: [3095:3103:INFO:parent_tracker.cc(132)] No need to recreate socket
04-09 16:46:31.094  3092  3092 I cast_shell: [3095:3247:INFO:net_util_impl.cc(582)] IP address: [PII](192.168.1.1) MAC address: [PII](C8:B3:73:44:AE:ED)
04-09 16:46:31.094  3092  3092 I cast_shell: [3095:3247:INFO:local_network_info_impl.cc(346)] LNID changed:
04-09 16:46:31.094  3092  3092 I cast_shell: [3095:3095:INFO:ccs_manager_impl.cc(1789)] LNID has changed; Will re-register CCS
04-09 16:46:31.095  3092  3092 I cast_shell: [3095:3133:INFO:local_network_info_impl.cc(435)] LNID_W changed:
04-09 16:46:31.096  3092  3092 I cast_shell: [3095:3133:INFO:metrics_recorder.cc(282)] Record action: Setup.state.BLE
04-09 16:46:31.101  3092  3092 I cast_shell: [3095:3247:INFO:net_util_impl.cc(582)] IP address: [PII](192.168.1.1) MAC address: [PII](C8:B3:73:44:AE:ED)
04-09 16:46:31.124  3092  3092 I cast_shell: [3095:3133:INFO:metrics_recorder.cc(282)] Record action: Setup.ip_address.BLE
04-09 16:46:31.159  3092  3092 I cast_shell: [3095:3133:INFO:ble_setup.cc(322)] Record action: Setup.set_eureka_info.BLE
04-09 16:46:31.160  3092  3092 I cast_shell: [3095:3146:INFO:multizone_group.cc(357)] Change name for group [PII](5AF87A306FA25B67A81D376AFA0DD09F) to [PII](Attic speaker)
04-09 16:46:31.160  3092  3092 I cast_shell: [3095:3133:INFO:timezone_settings.cc(288)] Setting system timezone to Asia/Kolkata
04-09 16:46:31.160  3092  3092 I cast_shell: [3095:3133:INFO:locale_manager.cc(511)] New timezone: Asia/Kolkata
04-09 16:46:31.160  3092  3092 I cast_shell: [3095:3133:INFO:locale_manager.cc(539)] New time format: 24-hour
04-09 16:46:31.162  3092  3092 I cast_shell: [3095:3095:INFO:device_info_impl.cc(1133)] SSDP Config ID is increased: id=4
04-09 16:46:31.164  2733  2764 I bluetoothtbd: [0409/041631.164691:INFO:adapter.cc(551)] Adapter properties changed
04-09 16:46:31.164  2733  2764 I bluetoothtbd: [0409/041631.164842:INFO:adapter.cc(573)] Adapter name changed
04-09 16:46:31.165  3092  3092 I cast_shell: [3095:3095:INFO:device_info_impl.cc(1133)] SSDP Config ID is increased: id=5
04-09 16:46:31.165  3092  3092 I cast_shell: [3095:3133:INFO:bluetooth_manager.cc(1232)] [PII] Set device name to 'Attic speaker'
04-09 16:46:31.170  3092  3092 I cast_shell: [3095:3143:INFO:mdns_util.cc(102)] Defaulting mDNS capabilities for audio-only build
04-09 16:46:31.171  2733  2764 I bluetoothtbd: [0409/041631.171439:INFO:adapter.cc(551)] Adapter properties changed
04-09 16:46:31.171  2733  2764 I bluetoothtbd: [0409/041631.171578:INFO:adapter.cc(573)] Adapter name changed
04-09 16:46:31.171  2964  3170 I LibreCastControlDelegate: OnCastStatus() +++ Attic speaker:0xaca2b198:NOT_SETUP
04-09 16:46:31.171  2964  3170 I LibreCastControlDelegate: Device Build Number -> '1.52.272222'
04-09 16:46:31.171  2964  3170 I librecast: updateCastBuildVersion() Version 1.52.272222
04-09 16:46:31.172  2712  2719 I lucitransport: readRemoteMessage() MID char = 7 buffer = 1.52.272222
04-09 16:46:31.172  2964  3170 I LibreCastControlDelegate: Active Applications -> 0
04-09 16:46:31.172  2964  3170 I LibreCastControlDelegate: Current Cast State '2' -> 'NOT_SETUP'
04-09 16:46:31.172  2964  3170 I LibreCastControlDelegate: OnCastStatus() ---
04-09 16:46:31.173  3092  3092 I cast_shell: [3095:3143:INFO:mdns_util.cc(102)] Defaulting mDNS capabilities for audio-only build
04-09 16:46:31.174  2970  2989 I otamanager: OTA:ResolveDNSName IP = 52.21.105.210
04-09 16:46:31.175  2970  2989 I otamanager: OTA:hostIp string: https://52.21.105.210/v1
04-09 16:46:31.175  2970  2989 I otamanager: OTA: trying after 2 sec 
04-09 16:46:31.176  3092  3092 I cast_shell: [3095:3133:INFO:bluetooth_manager.cc(1232)] [PII] Set device name to 'Attic speaker'
04-09 16:46:31.176  3092  3092 I cast_shell: [3095:3095:INFO:mdns_manager_impl.cc(429)] Successfully updated service: type=_googlecast
04-09 16:46:31.176  3092  3092 I cast_shell: [3095:3095:INFO:virtual_device.cc(296)] Updated mDNS service for virtual device: id=c65fb0ec-4c57-7942-02b5-54f50a9a975d
04-09 16:46:31.176  3092  3092 I cast_shell: [3095:3095:INFO:mdns_manager_impl.cc(429)] Successfully updated service: type=_googlecast
04-09 16:46:31.176  3092  3092 I cast_shell: [3095:3095:INFO:virtual_device.cc(296)] Updated mDNS service for virtual device: id=c65fb0ec-4c57-7942-02b5-54f50a9a975d
04-09 16:46:31.176  2964  3170 I LibreCastControlDelegate: OnCastStatus() +++ Attic speaker:0xaca2b198:NOT_SETUP
04-09 16:46:31.176  2964  3170 I LibreCastControlDelegate: Device Build Number -> '1.52.272222'
04-09 16:46:31.176  2964  3170 I librecast: updateCastBuildVersion() Version 1.52.272222
04-09 16:46:31.177  2712  2719 I lucitransport: readRemoteMessage() MID char = 7 buffer = 1.52.272222
04-09 16:46:31.177  2964  3170 I LibreCastControlDelegate: Active Applications -> 0
04-09 16:46:31.177  2964  3170 I LibreCastControlDelegate: Current Cast State '2' -> 'NOT_SETUP'
04-09 16:46:31.177  2964  3170 I LibreCastControlDelegate: OnCastStatus() ---
04-09 16:46:31.177  2964  3170 I LibreCastControlDelegate: OnCastStatus() +++ Attic speaker:0xaca2b198:NOT_SETUP
04-09 16:46:31.177  2964  3170 I LibreCastControlDelegate: Device Build Number -> '1.52.272222'
04-09 16:46:31.177  2964  3170 I librecast: updateCastBuildVersion() Version 1.52.272222
04-09 16:46:31.178  2712  2719 I lucitransport: readRemoteMessage() MID char = 7 buffer = 1.52.272222
04-09 16:46:31.178  2964  3170 I LibreCastControlDelegate: Active Applications -> 0
04-09 16:46:31.178  2964  3170 I LibreCastControlDelegate: Current Cast State '2' -> 'NOT_SETUP'
04-09 16:46:31.178  2964  3170 I LibreCastControlDelegate: OnCastStatus() ---
04-09 16:46:31.191  3092  3092 I cast_shell: [3095:3133:INFO:metrics_recorder.cc(282)] cast event: Cast.System.Timezone.ChangeSuccessful
04-09 16:46:31.230  3092  3092 I cast_shell: [3095:3133:INFO:ble_setup.cc(322)] Record action: Setup.save_wifi.BLE
04-09 16:46:31.232  3092  3092 I cast_shell: [3095:3133:INFO:wifi_controller_wpa_supplicant.cc(692)] Clear bssid from config for network id 0
04-09 16:46:31.235  3092  3092 I cast_shell: [3095:3133:INFO:setup_manager_impl.cc(1725)] Report action: Wifi.FirstConfigured
04-09 16:46:31.920  3092  3092 I cast_shell: [3095:3133:INFO:ble_setup.cc(789)] Missing required info for sign.
04-09 16:46:31.964  3092  3092 I cast_shell: [3095:3133:INFO:ble_setup.cc(915)] Sign related info completed, no future EurekaInfo need sign.
04-09 16:46:31.965  3092  3092 I cast_shell: [system_updater_dummy.cpp(139)] CheckUpdate 139
04-09 16:46:31.965  3092  3092 I cast_shell: [system_updater_dummy.cpp(148)] CheckUpdate 148 return
04-09 16:46:32.050  3092  3092 I cast_shell: [3095:3143:INFO:mdns_app_filter.cc(1403)] MdnsAppFilter: Done probing.
04-09 16:46:32.280  3092  3092 I cast_shell: [3095:3133:INFO:metrics_recorder.cc(282)] Record action: Setup.state.BLE
04-09 16:46:32.644  3092  3092 I cast_shell: [3095:3130:INFO:snr_tracker.cc(50)] snr = 50
04-09 16:46:32.845  3092  3092 I cast_shell: [3095:3095:INFO:lycra_gcm.cc(212)] Registered GCM handler
04-09 16:46:32.847  3092  3092 I cast_shell: [3095:3095:INFO:ccs_transport_gcm.cc(244)] Registered GCM handler
04-09 16:46:32.847  3092  3092 I cast_shell: [3095:3095:INFO:ccs_manager_impl.cc(1322)] Waiting for all transports to be enabled
04-09 16:46:32.945  2970  2989 I otamanager: OTA:curl response code : 0	
04-09 16:46:32.945  2970  2989 I otamanager: http status code : 200
04-09 16:46:32.946  2970  2989 I otamanager: OTA: contentLen :187.000000
04-09 16:46:32.953  2970  2989 I otamanager: OTA: bytesDownloaded = 187 m_iHttpStatusCode = 200 
04-09 16:46:32.955  3092  3092 I cast_shell: [3095:3420:INFO:crl_downloader.cc(155)] CRL processed.
04-09 16:46:32.957  3092  3092 I cast_shell: [3095:3420:INFO:metrics_recorder.cc(282)] cast event: Cast.CRL.DownloadSuccess
04-09 16:46:32.958  2691  2691 I sh      : {
04-09 16:46:32.958  2691  2691 I sh      : 	"castVersion" : null,
04-09 16:46:32.958  2691  2691 I sh      : 	"crc" : null,
04-09 16:46:32.958  2691  2691 I sh      : 	"errorCode" : 1001,
04-09 16:46:32.959  2691  2691 I sh      : 	"errorString" : "No update available",
04-09 16:46:32.959  2691  2691 I sh      : 	"forceUpgrade" : true,
04-09 16:46:32.959  2691  2691 I sh      : 	"mcuOnlyUpdate" : false,
04-09 16:46:32.959  2691  2691 I sh      : 	"otapackage" : null,
04-09 16:46:32.959  2691  2691 I sh      : 	"url" : null,
04-09 16:46:32.959  2691  2691 I sh      : 	"version" : null
04-09 16:46:32.959  2970  2989 E otamanager: OTA:error string =  No update available
04-09 16:46:32.960  2712  2719 I lucitransport: writeRemoteMessage() MID = 223 buffer = NO_UPDATE
04-09 16:46:32.960  2712  2719 I luciUART: write() MID = 223  bytes = 19 data = NO_UPDATE m_fd = 0x5
04-09 16:46:32.960  2970  2989 I otamanager: Firmware Update State Change from CheckUpdate to Idle
04-09 16:46:32.960  3095  3107 E         : OOBE CheckUpdate
04-09 16:46:32.967  3092  3092 I cast_shell: [system_updater_dummy.cpp(132)] CheckUpdate 132 no new version
04-09 16:46:32.967  3092  3092 I cast_shell: [3095:3420:INFO:client_auth_signer.cc(211)] Cast certificate verification: CastCertError::OK
04-09 16:46:32.967  3092  3092 I cast_shell: [3095:3107:INFO:update_engine_client_with_system_updater.cc(226)] No system force update, error_code=0
04-09 16:46:32.967  3092  3092 I cast_shell: [3095:3107:INFO:update_engine_client_with_system_updater.cc(167)] Checking system force update.
04-09 16:46:32.967  3092  3092 I cast_shell: [system_updater_dummy.cpp(109)] CheckUpdate
04-09 16:46:32.967  3092  3092 I cast_shell: [3095:3420:INFO:metrics_recorder.cc(282)] cast event: Cast.Auth.OK
04-09 16:46:32.967  3092  3092 I cast_shell: [system_updater_dummy.cpp(148)] CheckUpdate 148 return
04-09 16:46:32.967  3092  3092 I chatty  : uid=1000(chrome) /bin/logwrapper identical 1 line
04-09 16:46:32.967  3092  3092 I cast_shell: [system_updater_dummy.cpp(148)] CheckUpdate 148 return
04-09 16:46:32.967  2970  2989 I otamanager: cast_updater_threadEntry() Response 'CheckUpdate' Current Firmware Update state 'Idle'
04-09 16:46:32.967  2970  2989 I otamanager: checkUpdate_l
04-09 16:46:32.967  2970  2989 I otamanager: Firmware Update State Change from Idle to CheckUpdate
04-09 16:46:32.968  2712  2719 I lucitransport: readRemoteMessage() MID char = 232 buffer = TRUE
04-09 16:46:32.968  2970  2989 E otamanager: lo not valid Interface for MAC ID
04-09 16:46:32.968  2970  2989 D otamanager: OTA: wlan IP = 192.168.1.145
04-09 16:46:32.968  2970  2989 I otamanager: OTA:checkIP mac = cc909321f384  IP = 192.168.1.145 
04-09 16:46:32.970  2970  2989 I otamanager: DownloadHttpContent firmware version = eng.C4A.1203
04-09 16:46:32.974  2712  2719 I lucitransport: readRemoteMessage() MID char = 6 buffer = 1001
04-09 16:46:32.974  2712  2719 I lucitransport: readRemoteMessage() MID char = 7 buffer = 1.52.272222
04-09 16:46:32.974  2970  2989 I otamanager: OTA: DownloadHttpContent :payload =  {"device":{"brand":"COTODAMA","castVersion":"1.52.272222","deviceId":"cc909321f384","deviceType":"LS10_C4A","fwVersion":"1203","googleCast":true,"mcuVersion":"1001","model":"LSB"}}
04-09 16:46:32.974  2970  2989 I otamanager:  
04-09 16:46:32.974  2970  2989 I otamanager: OTA:------curlDownloadFirmwareXml---
04-09 16:46:32.974  2970  2989 I otamanager: OTA:isValidIpAddress: result 0
04-09 16:46:33.059  3092  3092 I cast_shell: [3095:3095:INFO:grpc_service_discovery_impl.cc(185)] Mdns discovered google RPC for [PII](5AF87A306FA25B67A81D376AFA0DD09F).
04-09 16:46:33.155  3092  3092 I cast_shell: [3095:3103:INFO:heartbeat_manager.cc(272)] Set HBInterval default: 1680000
04-09 16:46:33.156  3092  3092 I cast_shell: [3095:3095:INFO:gcm_manager.cc(233)] GCM connection established.
04-09 16:46:33.158  2970  2989 I otamanager: OTA:ResolveDNSName IP = 52.21.105.210
04-09 16:46:33.158  2970  2989 I otamanager: OTA:hostIp string: https://52.21.105.210/v1
04-09 16:46:33.158  2970  2989 I otamanager: OTA: trying after 2 sec 
04-09 16:46:33.314  3092  3092 I cast_shell: [3095:3133:INFO:metrics_recorder.cc(282)] Record action: Setup.state.BLE
04-09 16:46:33.713  3092  3092 I cast_shell: [3095:3095:INFO:config_downloader.cc(700)] Received Protobuf config response
04-09 16:46:33.729  3092  3092 I cast_shell: [3095:3095:INFO:application_manager_impl.cc(2024)] max_background_apps changed to: 1
04-09 16:46:33.729  3092  3092 I cast_shell: [3095:3095:ERROR:modular_update_manager_impl.cc(382)] No modular updater app ID can be found in device config.
04-09 16:46:33.739  3092  3092 I cast_shell: [3095:3095:INFO:ccs_settings.cc(262)] CcsSettings using CCS url https://clients5.google.com/cast/cloudcast/
04-09 16:46:33.762  3092  3092 I cast_shell: [3095:3095:INFO:application_config_manager_impl.cc(528)] Setting default remote control app ID: 1374D8AA
04-09 16:46:33.762  3092  3092 I cast_shell: [3095:3095:INFO:application_identification_settings.cc(410)] new ApplicationIdentificationSettings session_id: 71d140bd-665c-44b0-a5b0-4dd8348a8637 app_id: 38579375 flags: 7 headers: 512
04-09 16:46:33.762  3092  3092 I cast_shell: [3095:3095:WARNING:ccs_manager_impl.cc(1566)] Device does not have a weave device id
04-09 16:46:33.762  3092  3092 I cast_shell: [3095:3095:INFO:mdns_util.cc(102)] Defaulting mDNS capabilities for audio-only build
04-09 16:46:33.762  3092  3092 I cast_shell: [3095:3095:INFO:mdns_util.cc(102)] Defaulting mDNS capabilities for audio-only build
04-09 16:46:33.762  3092  3092 I cast_shell: [3095:3095:INFO:ccs_transport_https.cc(1203)] No cloud settings for register request
04-09 16:46:33.766  3092  3092 I cast_shell: [3095:3095:INFO:ccs_manager_impl.cc(1496)] Registering device with CCS: message_id = 4d0ac9f6-f278-438e-9470-abd8dffb4114
04-09 16:46:33.766  3092  3092 I cast_shell: [3095:3095:INFO:ccs_manager_impl.cc(1497)] [PII] device_id = 5AF87A306FA25B67A81D376AFA0DD09F
04-09 16:46:33.766  3092  3092 I cast_shell: [3095:3095:INFO:application_identification_settings.cc(410)] new ApplicationIdentificationSettings session_id: 55e433f1-958c-4ee6-b87b-c0e0e0601f46 app_id: 38579375 flags: 7 headers: 512
04-09 16:46:33.766  3092  3092 I cast_shell: [3095:3095:INFO:robot_account_auth_manager.cc(470)] Successfully initialized JWT for 38579375
04-09 16:46:33.766  3092  3092 I cast_shell: [3095:3095:INFO:config_downloader.cc(900)] Clearing local config cache
04-09 16:46:33.771  3092  3092 I cast_shell: [3095:3095:INFO:metrics_recorder.cc(282)] Record action: Cast.DCS.DownloadSuccess
04-09 16:46:33.771  3092  3092 I cast_shell: [3095:3095:INFO:key_exchange_namespace_handler.cc(178)] Changing key_exchange_support capability
04-09 16:46:33.772  2964  3170 I LibreCastControlDelegate: OnCastStatus() +++ Attic speaker:0xaca2b198:NOT_SETUP
04-09 16:46:33.772  2964  3170 I LibreCastControlDelegate: Device Build Number -> '1.52.272222'
04-09 16:46:33.772  2964  3170 I librecast: updateCastBuildVersion() Version 1.52.272222
04-09 16:46:33.773  2712  2719 I lucitransport: readRemoteMessage() MID char = 7 buffer = 1.52.272222
04-09 16:46:33.773  2964  3170 I LibreCastControlDelegate: Active Applications -> 0
04-09 16:46:33.773  2964  3170 I LibreCastControlDelegate: Current Cast State '2' -> 'NOT_SETUP'
04-09 16:46:33.773  2964  3170 I LibreCastControlDelegate: OnCastStatus() ---
04-09 16:46:33.775  3092  3092 I cast_shell: [3095:3095:INFO:mdns_util.cc(102)] Defaulting mDNS capabilities for audio-only build
04-09 16:46:33.776  3092  3092 I cast_shell: [3095:3095:INFO:chromecast_service.cc(2229)] AoGH feature is: 0
04-09 16:46:33.776  3092  3092 I cast_shell: [3095:3143:INFO:mdns_util.cc(102)] Defaulting mDNS capabilities for audio-only build
04-09 16:46:33.776  3092  3092 I cast_shell: [3095:3095:INFO:chromecast_service.cc(2189)] Geolocation changed to: 0
04-09 16:46:33.776  3092  3092 I cast_shell: [3095:3095:INFO:lycra_transport.cc(301)] Feature flag changed: false
04-09 16:46:33.776  3092  3092 I cast_shell: [3095:3095:INFO:chromecast_service.cc(2248)] Playback disruption feature is: 1
04-09 16:46:33.776  3092  3092 I cast_shell: [3095:3095:INFO:playback_disruption_service.cc(328)] Playback disruption service enabled and running
04-09 16:46:33.776  3092  3092 I cast_shell: [3095:3095:INFO:ccs_manager_impl.cc(864)] Re-registering single CCS device
04-09 16:46:33.776  3092  3092 I cast_shell: [3095:3095:WARNING:ccs_manager_impl.cc(1566)] Device does not have a weave device id
04-09 16:46:33.776  3092  3092 I cast_shell: [3095:3095:INFO:mdns_util.cc(102)] Defaulting mDNS capabilities for audio-only build
04-09 16:46:33.776  3092  3092 I cast_shell: [3095:3095:INFO:mdns_util.cc(102)] Defaulting mDNS capabilities for audio-only build
04-09 16:46:33.776  3092  3092 I cast_shell: [3095:3095:INFO:ccs_transport_https.cc(1203)] No cloud settings for register request
04-09 16:46:33.808  3092  3092 I cast_shell: [3095:3095:INFO:metrics_recorder.cc(282)] cast event: Cloud.Transport.Https.Register.Out
04-09 16:46:33.813  3092  3092 I cast_shell: [3095:3095:INFO:application_identification_settings.cc(1331)] CreateJwt completed; running all done signing callbacks.
04-09 16:46:33.813  3092  3092 I cast_shell: [3095:3095:INFO:robot_account_auth_manager.cc(496)] JWT expiry in 3600 seconds
04-09 16:46:33.813  3092  3092 I cast_shell: [3095:3095:INFO:robot_account_auth_manager.cc(384)] Sending oauth request for client_id: 0
04-09 16:46:33.813  3092  3092 I cast_shell: [3095:3095:INFO:metrics_recorder.cc(282)] cast event: Cast.Assistant.Auth.FetchToken
04-09 16:46:33.813  3092  3092 I cast_shell: [3095:3095:INFO:metrics_recorder.cc(282)] cast event: Cloud.Transport.Https.Register.Out
04-09 16:46:33.813  3092  3092 I cast_shell: [3095:3420:INFO:chromium_http_connection.cc(436)] Creating a new chromium http url loader factory
04-09 16:46:33.981  3092  3092 I cast_shell: [system_updater_dummy.cpp(139)] CheckUpdate 139
04-09 16:46:33.981  3092  3092 I cast_shell: [system_updater_dummy.cpp(148)] CheckUpdate 148 return
04-09 16:46:34.349  3092  3092 I cast_shell: [3095:3133:INFO:metrics_recorder.cc(282)] Record action: Setup.state.BLE
04-09 16:46:34.350  2963  2975 D wac-main: Netlink event
04-09 16:46:34.350  2963  2975 E wac-main: Netlink event 16 Interface Index 5 
04-09 16:46:34.350  2963  2975 E wac-main: Enter poll and wait
04-09 16:46:34.350  2963  2975 D wac-main: Netlink event
04-09 16:46:34.350  2963  2975 E wac-main: Netlink event 16 Interface Index 5 
04-09 16:46:34.350  2963  2975 E wac-main: Enter poll and wait
04-09 16:46:34.356  2711  2723 I yani_server: NetLink Event '-1' Interface-Index '5' WLAN '0' Ethernet '-1' Parsed-iFill '-1' -> 'INVALID' ifIndex '1' -> 'lo'
04-09 16:46:34.358  2711  2723 I chatty  : uid=0(root) YaniServer identical 2 lines
04-09 16:46:34.361  2711  2723 I yani_server: NetLink Event '-1' Interface-Index '5' WLAN '0' Ethernet '-1' Parsed-iFill '-1' -> 'INVALID' ifIndex '1' -> 'lo'
04-09 16:46:34.363  2964  3170 I LibreCastControlDelegate: OnCastStatus() +++ Attic speaker:0xaca2b198:NOT_SETUP
04-09 16:46:34.363  2964  3170 I LibreCastControlDelegate: Device Build Number -> '1.52.272222'
04-09 16:46:34.363  2964  3170 I librecast: updateCastBuildVersion() Version 1.52.272222
04-09 16:46:34.363  2712  2719 I lucitransport: readRemoteMessage() MID char = 7 buffer = 1.52.272222
04-09 16:46:34.363  2964  3170 I LibreCastControlDelegate: Active Applications -> 0
04-09 16:46:34.364  2964  3170 I LibreCastControlDelegate: Current Cast State '2' -> 'NOT_SETUP'
