04-09 16:35:23.560  2968  3155 I librecast: updateCastBuildVersion() Version 1.52.272222
04-09 16:35:23.560  3077  3077 I cast_shell: [3080:3128:INFO:mdns_util.cc(102)] Defaulting mDNS capabilities for audio-only build
04-09 16:35:23.562  2968  3155 I LibreCastControlDelegate: OnCastStatus() +++ Bedroom speaker 3:0xabe25198:NOT_SETUP
04-09 16:35:23.562  2968  3155 I LibreCastControlDelegate: Device Build Number -> '1.52.272222'
04-09 16:35:23.562  2968  3155 I librecast: updateCastBuildVersion() Version 1.52.272222
04-09 16:35:23.563  2711  2711 I lucitransport: readRemoteMessage() MID char = 7 buffer = 1.52.272222
04-09 16:35:23.563  2968  3155 I LibreCastControlDelegate: Active Applications -> 0
04-09 16:35:23.563  2968  3155 I LibreCastControlDelegate: Current Cast State '2' -> 'NOT_SETUP'
04-09 16:35:23.563  3077  3077 I cast_shell: [3080:3128:INFO:mdns_util.cc(102)] Defaulting mDNS capabilities for audio-only build
04-09 16:35:23.563  2968  3155 I LibreCastControlDelegate: OnCastStatus() ---
04-09 16:35:23.564  2968  3155 I LibreCastControlDelegate: OnCastStatus() +++ Bedroom speaker 3:0xabe25198:NOT_SETUP
04-09 16:35:23.611  3077  3077 I cast_shell: [3080:3118:INFO:ble_setup.cc(322)] Record action: Setup.save_wifi.BLE
04-09 16:35:23.613  3077  3077 I cast_shell: [3080:3118:INFO:wifi_controller_wpa_supplicant.cc(692)] Clear bssid from config for network id 0
04-09 16:35:23.616  3077  3077 I cast_shell: [3080:3118:INFO:setup_manager_impl.cc(1725)] Report action: Wifi.FirstConfigured
04-09 16:35:23.634  2974  2999 I otamanager: OTA:ResolveDNSName IP = 34.227.156.126
04-09 16:35:23.634  2974  2999 I otamanager: OTA:hostIp string: https://34.227.156.126/v1
04-09 16:35:23.634  2974  2999 I otamanager: OTA: trying after 2 sec 
04-09 16:35:23.886  3077  3077 I cast_shell: [3080:3088:INFO:parent_tracker.cc(237)] Network changed
04-09 16:35:23.886  3077  3077 I cast_shell: [3080:3088:INFO:parent_tracker.cc(135)] Now using local address [PII](192.168.1.145)
04-09 16:35:23.886  3077  3077 I cast_shell: [3080:3088:INFO:directory_service_impl.cc(200)] This device became root
04-09 16:35:23.887  3077  3077 I cast_shell: [3080:3088:INFO:parent_tracker.cc(237)] Network changed
04-09 16:35:23.887  3077  3077 I cast_shell: [3080:3088:INFO:parent_tracker.cc(132)] No need to recreate socket
04-09 16:35:23.893  3077  3077 I cast_shell: [3080:3087:INFO:net_util_impl.cc(582)] IP address: [PII](192.168.1.1) MAC address: [PII](C8:B3:73:44:AE:ED)
04-09 16:35:23.894  3077  3077 I cast_shell: [3080:3118:INFO:local_network_info_impl.cc(435)] LNID_W changed:
04-09 16:35:23.894  3077  3077 I cast_shell: [3080:3087:INFO:local_network_info_impl.cc(346)] LNID changed:
04-09 16:35:23.899  3077  3077 I cast_shell: [3080:3087:INFO:net_util_impl.cc(582)] IP address: [PII](192.168.1.1) MAC address: [PII](C8:B3:73:44:AE:ED)
04-09 16:35:23.900  3077  3077 I cast_shell: [3080:3080:INFO:ccs_manager_impl.cc(1789)] LNID has changed; Will re-register CCS
04-09 16:35:24.238  3077  3077 I cast_shell: [3080:3118:INFO:ble_setup.cc(789)] Missing required info for sign.
04-09 16:35:24.282  3077  3077 I cast_shell: [3080:3118:INFO:ble_setup.cc(915)] Sign related info completed, no future EurekaInfo need sign.
04-09 16:35:24.282  3077  3077 I cast_shell: [system_updater_dummy.cpp(139)] CheckUpdate 139
04-09 16:35:24.282  3077  3077 I cast_shell: [system_updater_dummy.cpp(148)] CheckUpdate 148 return
04-09 16:35:24.399  3077  3077 I cast_shell: [3080:3128:INFO:mdns_app_filter.cc(1403)] MdnsAppFilter: Done probing.
04-09 16:35:24.660  3077  3077 I cast_shell: [3080:3118:INFO:metrics_recorder.cc(282)] Record action: Setup.state.BLE
04-09 16:35:24.839  3077  3077 I cast_shell: [3080:3115:INFO:snr_tracker.cc(50)] snr = 45
04-09 16:35:25.078  3077  3077 I cast_shell: [3080:3080:INFO:lycra_gcm.cc(212)] Registered GCM handler
04-09 16:35:25.306  3077  3077 I cast_shell: [system_updater_dummy.cpp(139)] CheckUpdate 139
04-09 16:35:25.306  3077  3077 I cast_shell: [system_updater_dummy.cpp(148)] CheckUpdate 148 return
04-09 16:35:25.385  2974  2999 I otamanager: OTA:curl response code : 0	
04-09 16:35:25.385  2974  2999 I otamanager: http status code : 200
04-09 16:35:25.385  2974  2999 I otamanager: OTA: contentLen :187.000000
04-09 16:35:25.397  3077  3077 I cast_shell: [3080:3080:INFO:ccs_transport_gcm.cc(244)] Registered GCM handler
04-09 16:35:25.398  3077  3077 I cast_shell: [3080:3080:INFO:ccs_manager_impl.cc(1322)] Waiting for all transports to be enabled
04-09 16:35:25.405  3077  3077 I cast_shell: [3080:3420:INFO:crl_downloader.cc(155)] CRL processed.
04-09 16:35:25.407  3077  3077 I cast_shell: [3080:3420:INFO:metrics_recorder.cc(282)] cast event: Cast.CRL.DownloadSuccess
04-09 16:35:25.408  3077  3077 I cast_shell: [3080:3080:INFO:grpc_service_discovery_impl.cc(185)] Mdns discovered google RPC for [PII](BCBAC5B9903CBE40318173B946A6D437).
04-09 16:35:25.409  3077  3077 I cast_shell: [3080:3420:INFO:client_auth_signer.cc(211)] Cast certificate verification: CastCertError::OK
04-09 16:35:25.409  2974  2999 I otamanager: OTA: bytesDownloaded = 187 m_iHttpStatusCode = 200 
04-09 16:35:25.409  3077  3077 I cast_shell: [3080:3420:INFO:metrics_recorder.cc(282)] cast event: Cast.Auth.OK
04-09 16:35:25.415  2690  2690 I sh      : {
04-09 16:35:25.415  2974  2999 E otamanager: OTA:error string =  No update available
04-09 16:35:25.415  2690  2690 I sh      : 	"castVersion" : null,
04-09 16:35:25.415  2690  2690 I sh      : 	"crc" : null,
04-09 16:35:25.415  2690  2690 I sh      : 	"errorCode" : 1001,
04-09 16:35:25.415  2690  2690 I sh      : 	"errorString" : "No update available",
04-09 16:35:25.415  2690  2690 I sh      : 	"forceUpgrade" : true,
04-09 16:35:25.415  2690  2690 I sh      : 	"mcuOnlyUpdate" : false,
04-09 16:35:25.415  2690  2690 I sh      : 	"otapackage" : null,
04-09 16:35:25.415  2690  2690 I sh      : 	"url" : null,
04-09 16:35:25.415  2690  2690 I sh      : 	"version" : null
04-09 16:35:25.423  2974  2999 I otamanager: OTA:checkIP mac = cc909321f384  IP = 192.168.1.145 
04-09 16:35:25.424  2974  2999 I otamanager: DownloadHttpContent firmware version = eng.C4A.1203
04-09 16:35:25.428  2711  2711 I lucitransport: readRemoteMessage() MID char = 6 buffer = 1001
04-09 16:35:25.428  2711  2711 I lucitransport: readRemoteMessage() MID char = 7 buffer = 1.52.272222
04-09 16:35:25.429  2974  2999 I otamanager: OTA: DownloadHttpContent :payload =  {"device":{"brand":"COTODAMA","castVersion":"1.52.272222","deviceId":"cc909321f384","deviceType":"LS10_C4A","fwVersion":"1203","googleCast":true,"mcuVersion":"1001","model":"LSB"}}
04-09 16:35:25.429  2974  2999 I otamanager:  
04-09 16:35:25.429  2974  2999 I otamanager: OTA:------curlDownloadFirmwareXml---
04-09 16:35:25.429  2974  2999 I otamanager: OTA:isValidIpAddress: result 0
04-09 16:35:25.619  3077  3077 I cast_shell: [3080:3080:INFO:gcm_manager.cc(233)] GCM connection established.
04-09 16:35:25.619  3077  3077 I cast_shell: [3080:3088:INFO:heartbeat_manager.cc(272)] Set HBInterval default: 1680000
04-09 16:35:25.695  3077  3077 I cast_shell: [3080:3118:INFO:metrics_recorder.cc(282)] Record action: Setup.state.BLE
04-09 16:35:25.905  2974  2999 I otamanager: OTA:ResolveDNSName IP = 34.227.156.126
04-09 16:35:25.905  2974  2999 I otamanager: OTA:hostIp string: https://34.227.156.126/v1
04-09 16:35:25.905  2974  2999 I otamanager: OTA: trying after 2 sec 
04-09 16:35:25.907  3077  3077 I cast_shell: [3080:3080:INFO:config_downloader.cc(700)] Received Protobuf config response
04-09 16:35:25.931  3077  3077 I cast_shell: [3080:3080:INFO:application_manager_impl.cc(2024)] max_background_apps changed to: 1
04-09 16:35:25.931  3077  3077 I cast_shell: [3080:3080:ERROR:modular_update_manager_impl.cc(382)] No modular updater app ID can be found in device config.
04-09 16:35:25.941  3077  3077 I cast_shell: [3080:3080:INFO:ccs_settings.cc(262)] CcsSettings using CCS url https://clients5.google.com/cast/cloudcast/
04-09 16:35:25.964  3077  3077 I cast_shell: [3080:3080:INFO:application_config_manager_impl.cc(528)] Setting default remote control app ID: 1374D8AA
04-09 16:35:25.964  3077  3077 I cast_shell: [3080:3080:INFO:application_identification_settings.cc(410)] new ApplicationIdentificationSettings session_id: 63391d74-a6b1-4bc3-bb71-221a97811f52 app_id: 38579375 flags: 7 headers: 512
04-09 16:35:25.964  3077  3077 I cast_shell: [3080:3080:WARNING:ccs_manager_impl.cc(1566)] Device does not have a weave device id
04-09 16:35:25.964  3077  3077 I cast_shell: [3080:3080:INFO:mdns_util.cc(102)] Defaulting mDNS capabilities for audio-only build
04-09 16:35:25.964  3077  3077 I cast_shell: [3080:3080:INFO:mdns_util.cc(102)] Defaulting mDNS capabilities for audio-only build
04-09 16:35:25.964  3077  3077 I cast_shell: [3080:3080:INFO:ccs_transport_https.cc(1203)] No cloud settings for register request
04-09 16:35:25.970  3077  3077 I cast_shell: [3080:3080:INFO:ccs_manager_impl.cc(1496)] Registering device with CCS: message_id = dff9cb57-d380-4720-afbf-ac967272c407
04-09 16:35:25.970  3077  3077 I cast_shell: [3080:3080:INFO:ccs_manager_impl.cc(1497)] [PII] device_id = BCBAC5B9903CBE40318173B946A6D437
04-09 16:35:25.970  3077  3077 I cast_shell: [3080:3080:INFO:application_identification_settings.cc(410)] new ApplicationIdentificationSettings session_id: e9e67213-7faf-4ef4-a2a2-8f3b0c6dc795 app_id: 38579375 flags: 7 headers: 512
04-09 16:35:25.970  3077  3077 I cast_shell: [3080:3080:INFO:robot_account_auth_manager.cc(470)] Successfully initialized JWT for 38579375
04-09 16:35:25.970  3077  3077 I cast_shell: [3080:3080:INFO:config_downloader.cc(900)] Clearing local config cache
04-09 16:35:25.972  3077  3077 I cast_shell: [3080:3080:INFO:metrics_recorder.cc(282)] Record action: Cast.DCS.DownloadSuccess
04-09 16:35:25.972  3077  3077 I cast_shell: [3080:3080:INFO:key_exchange_namespace_handler.cc(178)] Changing key_exchange_support capability
04-09 16:35:25.974  2968  3155 I LibreCastControlDelegate: OnCastStatus() +++ Bedroom speaker 3:0xabe25198:NOT_SETUP
04-09 16:35:25.974  2968  3155 I LibreCastControlDelegate: Device Build Number -> '1.52.272222'
04-09 16:35:25.974  2968  3155 I librecast: updateCastBuildVersion() Version 1.52.272222
04-09 16:35:25.974  2711  2711 I lucitransport: readRemoteMessage() MID char = 7 buffer = 1.52.272222
04-09 16:35:25.974  2968  3155 I LibreCastControlDelegate: Active Applications -> 0
04-09 16:35:25.975  2968  3155 I LibreCastControlDelegate: Current Cast State '2' -> 'NOT_SETUP'
04-09 16:35:25.975  2968  3155 I LibreCastControlDelegate: OnCastStatus() ---
04-09 16:35:25.977  3077  3077 I cast_shell: [3080:3080:INFO:mdns_util.cc(102)] Defaulting mDNS capabilities for audio-only build
04-09 16:35:25.978  3077  3077 I cast_shell: [3080:3080:INFO:chromecast_service.cc(2229)] AoGH feature is: 0
04-09 16:35:25.978  3077  3077 I cast_shell: [3080:3128:INFO:mdns_util.cc(102)] Defaulting mDNS capabilities for audio-only build
04-09 16:35:25.978  3077  3077 I cast_shell: [3080:3080:INFO:chromecast_service.cc(2189)] Geolocation changed to: 0
04-09 16:35:25.978  3077  3077 I cast_shell: [3080:3080:INFO:lycra_transport.cc(301)] Feature flag changed: false
04-09 16:35:25.978  3077  3077 I cast_shell: [3080:3080:INFO:chromecast_service.cc(2248)] Playback disruption feature is: 1
04-09 16:35:25.978  3077  3077 I cast_shell: [3080:3080:INFO:playback_disruption_service.cc(328)] Playback disruption service enabled and running
04-09 16:35:25.978  3077  3077 I cast_shell: [3080:3080:INFO:ccs_manager_impl.cc(864)] Re-registering single CCS device
04-09 16:35:25.979  3077  3077 I cast_shell: [3080:3080:WARNING:ccs_manager_impl.cc(1566)] Device does not have a weave device id
04-09 16:35:25.979  3077  3077 I cast_shell: [3080:3080:INFO:mdns_util.cc(102)] Defaulting mDNS capabilities for audio-only build
04-09 16:35:25.979  3077  3077 I cast_shell: [3080:3080:INFO:mdns_util.cc(102)] Defaulting mDNS capabilities for audio-only build
04-09 16:35:25.979  3077  3077 I cast_shell: [3080:3080:INFO:ccs_transport_https.cc(1203)] No cloud settings for register request
04-09 16:35:25.979  3077  3077 I cast_shell: [3080:3080:INFO:application_identification_settings.cc(1120)] CreateJwt in progress; storing callback.
04-09 16:35:25.979  3077  3077 I cast_shell: [3080:3080:INFO:ccs_manager_impl.cc(1496)] Registering device with CCS: message_id = e7a6d045-437e-4968-be05-61175299e81c
04-09 16:35:25.979  3077  3077 I cast_shell: [3080:3080:INFO:ccs_manager_impl.cc(1497)] [PII] device_id = BCBAC5B9903CBE40318173B946A6D437
04-09 16:35:26.006  3077  3077 I cast_shell: [3080:3080:INFO:metrics_recorder.cc(282)] cast event: Cloud.Transport.Https.Register.Out
04-09 16:35:26.007  3077  3077 I cast_shell: [3080:3080:INFO:application_identification_settings.cc(1331)] CreateJwt completed; running all done signing callbacks.
04-09 16:35:26.007  3077  3077 I cast_shell: [3080:3080:INFO:robot_account_auth_manager.cc(496)] JWT expiry in 3599 seconds
04-09 16:35:26.007  3077  3077 I cast_shell: [3080:3080:INFO:robot_account_auth_manager.cc(384)] Sending oauth request for client_id: 0
04-09 16:35:26.008  3077  3077 I cast_shell: [3080:3080:INFO:metrics_recorder.cc(282)] cast event: Cast.Assistant.Auth.FetchToken
04-09 16:35:26.008  3077  3077 I cast_shell: [3080:3420:INFO:chromium_http_connection.cc(436)] Creating a new chromium http url loader factory
04-09 16:35:26.008  3077  3077 I cast_shell: [3080:3080:INFO:metrics_recorder.cc(282)] cast event: Cloud.Transport.Https.Register.Out
04-09 16:35:26.426  3077  3077 I cast_shell: [system_updater_dummy.cpp(139)] CheckUpdate 139
04-09 16:35:26.426  3077  3077 I cast_shell: [system_updater_dummy.cpp(148)] CheckUpdate 148 return
04-09 16:35:26.564  3077  3077 I cast_shell: [3080:3080:INFO:grpc_manager_impl.cc(505)] GRPC[uri=[::]:0]: num_pending_calls=0, num_active_handlers=0, num_free_handlers=0
04-09 16:35:26.564  3077  3077 I cast_shell: [3080:3080:INFO:grpc_manager_impl.cc(505)] GRPC[uri=]: num_pending_calls=0, num_active_handlers=0, num_free_handlers=0
04-09 16:35:26.569  2710  2722 I yani_server: NetLink Event '-1' Interface-Index '5' WLAN '0' Ethernet '-1' Parsed-iFill '-1' -> 'INVALID' ifIndex '1' -> 'lo'
04-09 16:35:26.570  2967  2978 D wac-main: Netlink event
04-09 16:35:26.570  2967  2978 E wac-main: Netlink event 16 Interface Index 5 
04-09 16:35:26.571  2967  2978 E wac-main: Enter poll and wait
04-09 16:35:26.571  2967  2978 D wac-main: Netlink event
04-09 16:35:26.571  2967  2978 E wac-main: Netlink event 16 Interface Index 5 
04-09 16:35:26.571  2967  2978 E wac-main: Enter poll and wait
04-09 16:35:26.575  2710  2722 I yani_server: NetLink Event '-1' Interface-Index '5' WLAN '0' Ethernet '-1' Parsed-iFill '-1' -> 'INVALID' ifIndex '1' -> 'lo'
04-09 16:35:26.580  2968  3155 I LibreCastControlDelegate: OnCastStatus() +++ Bedroom speaker 3:0xabe25198:NOT_SETUP
04-09 16:35:26.580  2968  3155 I LibreCastControlDelegate: Device Build Number -> '1.52.272222'
04-09 16:35:26.580  2968  3155 I librecast: updateCastBuildVersion() Version 1.52.272222
04-09 16:35:26.580  2711  2711 I lucitransport: readRemoteMessage() MID char = 7 buffer = 1.52.272222
04-09 16:35:26.581  2968  3155 I LibreCastControlDelegate: Active Applications -> 0
04-09 16:35:26.581  2968  3155 I LibreCastControlDelegate: Current Cast State '2' -> 'NOT_SETUP'
04-09 16:35:26.581  2968  3155 I LibreCastControlDelegate: OnCastStatus() ---
04-09 16:35:26.582  2710  2722 I yani_server: NetLink Event '-1' Interface-Index '5' WLAN '0' Ethernet '-1' Parsed-iFill '-1' -> 'INVALID' ifIndex '1' -> 'lo'
04-09 16:35:26.584  2710  2722 I chatty  : uid=0(root) YaniServer identical 3 lines
04-09 16:35:26.585  2710  2722 I yani_server: NetLink Event '-1' Interface-Index '5' WLAN '0' Ethernet '-1' Parsed-iFill '-1' -> 'INVALID' ifIndex '1' -> 'lo'
04-09 16:35:26.585  2710  2722 I yani_kernel: yani_geteventfrom_changeaddr() Message-Id '1' Netlink event '16' Interface Index '5' -> Name 'wlan0' 
04-09 16:35:26.586  2710  2722 I yani_kernel: yani_geteventfrom_changeaddr() Message-Id '1' Netlink event '16' Interface Index '5' -> Name 'wlan0' 
04-09 16:35:26.660  3077  3077 I cast_shell: [3080:3080:INFO:grpc_manager_impl.cc(505)] GRPC[uri=unix:/tmp/hcp_ipc_auth.socket]: num_pending_calls=0, num_active_handlers=10, num_free_handlers=0
04-09 16:35:26.664  3077  3077 I cast_shell: [3080:3080:INFO:grpc_manager_impl.cc(505)] GRPC[uri=unix:/tmp/modular_updater/modular_update_service]: num_pending_calls=0, num_active_handlers=0, num_free_handlers=0
04-09 16:35:26.686  3077  3077 I cast_shell: [3080:3080:INFO:metrics_recorder.cc(112)] Metrics stat: total=17
04-09 16:35:26.686  3077  3077 I cast_shell: Cast.Assistant.Auth.FetchToken=1
04-09 16:35:26.686  3077  3077 I cast_shell: Cast.Auth.OK=1
04-09 16:35:26.686  3077  3077 I cast_shell: Cast.CRL.DownloadSuccess=1
04-09 16:35:26.686  3077  3077 I cast_shell: Cast.DCS.DownloadSuccess=1
04-09 16:35:26.686  3077  3077 I cast_shell: Cast.Discovery.Mdns.ResponderStarted=1
04-09 16:35:26.686  3077  3077 I cast_shell: Cast.Discovery.Mdns.ResponderStopped=1
04-09 16:35:26.686  3077  3077 I cast_shell: Cast.Discovery.Mdns.SocketCreated=3
04-09 16:35:26.686  3077  3077 I cast_shell: Cast.Discovery.Mdns.SocketDestroyed=2
04-09 16:35:26.686  3077  3077 I cast_shell: Cast.System.Timezone.ChangeSuccessful=1
04-09 16:35:26.686  3077  3077 I cast_shell: Cloud.Transport.Https.Register.Out=2
04-09 16:35:26.702  3077  3077 I cast_shell: [3080:3080:INFO:robot_account_auth_manager.cc(525)] Got CAS response: 200
04-09 16:35:26.703  3077  3077 I cast_shell: [3080:3080:INFO:metrics_recorder.cc(282)] cast event: Cast.Assistant.AuthError.NOT_LINKED
04-09 16:35:26.703  3077  3077 I cast_shell: [3080:3080:INFO:robot_account_auth_manager.cc(776)] Current error: TOKEN_NOT_FETCHED, new error: NOT_LINKED
04-09 16:35:26.703  3077  3077 I cast_shell: [3080:3080:INFO:user_auth_impl.cc(207)] Notified all the observers of new auth tokens.
04-09 16:35:26.730  3077  3077 I cast_shell: [3080:3118:INFO:metrics_recorder.cc(282)] Record action: Setup.state.BLE
04-09 16:35:26.829  3077  3077 I cast_shell: [3080:3080:INFO:grpc_manager_impl.cc(505)] GRPC[uri=[::]:8012]: num_pending_calls=0, num_active_handlers=1, num_free_handlers=0
04-09 16:35:27.240  3077  3077 I cast_shell: [3080:3129:INFO:metrics_recorder.cc(282)] Cast v2 action(socket_id=ec7f458d-1bef-9f83-8e9c-2de52299c538.2): CastV2.Connection.Connect.In
04-09 16:35:27.241  3077  3077 I cast_shell: [3080:3080:INFO:application_config_manager_impl.cc(637)] Virtual device not enabled: [PII](ec7f458d-1bef-9f83-8e9c-2de52299c538)
04-09 16:35:27.241  3077  3077 I cast_shell: [3080:3080:WARNING:application_config_manager_impl.cc(424)] App is not supported: id=CC1AD845
04-09 16:35:27.246  3077  3077 I cast_shell: [3080:3118:INFO:setup_namespace_handler.cc(94)] Added a peer for setup namespace: ec7f458d-1bef-9f83-8e9c-2de52299c538.2:gms_cast_prober-1
04-09 16:35:27.247  3077  3077 I cast_shell: [3080:3118:INFO:setup_state.cc(544)] EurekaInfoCalled: wifi_state=10, is_usable_ip_address=1, connected=1, is_initial_setup=0
04-09 16:35:27.374  3077  3077 I cast_shell: [3080:3080:INFO:mdns_util.cc(102)] Defaulting mDNS capabilities for audio-only build
04-09 16:35:27.374  3077  3077 I cast_shell: [3080:3080:INFO:mdns_util.cc(102)] Defaulting mDNS capabilities for audio-only build
04-09 16:35:27.392  3077  3077 I cast_shell: [3080:3118:INFO:setup_namespace_handler.cc(104)] Removed a peer for setup namespace: ec7f458d-1bef-9f83-8e9c-2de52299c538.2:gms_cast_prober-1
04-09 16:35:27.392  3077  3077 I cast_shell: [3080:3129:INFO:v2_ssl_socket.cc(358)] Stop reading on pending closed socket
04-09 16:35:27.454  3077  3077 I cast_shell: [system_updater_dummy.cpp(139)] CheckUpdate 139
04-09 16:35:27.454  3077  3077 I cast_shell: [system_updater_dummy.cpp(148)] CheckUpdate 148 return
04-09 16:35:27.467  3077  3077 I cast_shell: [3080:3129:INFO:metrics_recorder.cc(282)] Cast v2 action(socket_id=ec7f458d-1bef-9f83-8e9c-2de52299c538.3): CastV2.Connection.Connect.In
04-09 16:35:27.472  3077  3077 I cast_shell: [3080:3080:INFO:application_config_manager_impl.cc(637)] Virtual device not enabled: [PII](ec7f458d-1bef-9f83-8e9c-2de52299c538)
04-09 16:35:27.472  3077  3077 I cast_shell: [3080:3080:WARNING:application_config_manager_impl.cc(424)] App is not supported: id=CC1AD845
04-09 16:35:27.472  3077  3077 I cast_shell: [3080:3118:INFO:setup_namespace_handler.cc(94)] Added a peer for setup namespace: ec7f458d-1bef-9f83-8e9c-2de52299c538.3:gms_cast_prober-1
04-09 16:35:27.472  3077  3077 I cast_shell: [3080:3118:INFO:setup_state.cc(544)] EurekaInfoCalled: wifi_state=10, is_usable_ip_address=1, connected=1, is_initial_setup=0
04-09 16:35:27.575  2974  2999 I otamanager: OTA:curl response code : 0	
04-09 16:35:27.575  2974  2999 I otamanager: http status code : 200
04-09 16:35:27.576  2974  2999 I otamanager: OTA: contentLen :187.000000
04-09 16:35:27.585  2974  2999 I otamanager: OTA: bytesDownloaded = 187 m_iHttpStatusCode = 200 
04-09 16:35:27.585  2690  2690 I sh      : }{
04-09 16:35:27.585  2690  2690 I sh      : 	"castVersion" : null,
04-09 16:35:27.586  2974  2999 E otamanager: OTA:error string =  No update available
04-09 16:35:27.586  2690  2690 I sh      : 	"crc" : null,
04-09 16:35:27.586  2690  2690 I sh      : 	"errorCode" : 1001,
04-09 16:35:27.586  2690  2690 I sh      : 	"errorString" : "No update available",
04-09 16:35:27.586  2690  2690 I sh      : 	"forceUpgrade" : true,
04-09 16:35:27.586  2690  2690 I sh      : 	"mcuOnlyUpdate" : false,
04-09 16:35:27.586  2690  2690 I sh      : 	"otapackage" : null,
04-09 16:35:27.586  2690  2690 I sh      : 	"url" : null,
04-09 16:35:27.586  2690  2690 I sh      : 	"version" : null
04-09 16:35:27.587  2974  2999 I otamanager: Firmware Update State Change from CheckUpdate to Idle
04-09 16:35:27.592  3077  3077 I cast_shell: [system_updater_dummy.cpp(132)] CheckUpdate 132 no new version
04-09 16:35:27.592  3077  3077 I cast_shell: [3080:3086:INFO:update_engine_client_with_system_updater.cc(226)] No system force update, error_code=0
04-09 16:35:27.592  3077  3077 I cast_shell: [3080:3118:INFO:setup_state.cc(261)] Setup state changed: SETUP_STATE_CONNECTED_WIFI_NOT_SAVED (61) -> SETUP_STATE_CONNECTED (60)
04-09 16:35:27.592  3077  3077 I cast_shell: [3080:3118:INFO:setup_manager_impl.cc(1019)] Setup discoverability is disabled
04-09 16:35:27.592  3077  3077 I cast_shell: [3080:3118:INFO:ble_setup_manager.cc(758)] Clearing setup read attributes
04-09 16:35:27.592  3077  3077 I cast_shell: [3080:3118:INFO:gatt_client_manager_impl.cc(202)] Enabling GATT client connectability
04-09 16:35:27.592  3077  3077 I cast_shell: [3080:3118:INFO:ble_setup_manager.cc(620)] Stopped Bluetooth service
04-09 16:35:27.592  3077  3077 I cast_shell: [3080:3118:INFO:ble_setup.cc(423)] BLE setup stopped.
04-09 16:35:21.823  2730  2742 I chatty  : uid=0(root) /bin/net_mgr identical 2 lines
04-09 16:35:21.884  2730  2742 I NetworkMonitor: turn off power-save
04-09 16:35:27.592  2730  2742 I HotspotManager: hotspot stop
04-09 16:35:27.592  2730  2742 I HotspotManager: stop dnsmasq
04-09 16:35:27.602  3077  3077 I cast_shell: [3080:3118:INFO:gatt_client_manager_impl.cc(202)] Enabling GATT client connectability
04-09 16:35:27.602  3077  3077 I chatty  : uid=1000(chrome) /bin/logwrapper identical 1 line
04-09 16:35:27.603  3077  3077 I cast_shell: [3080:3118:INFO:gatt_client_manager_impl.cc(202)] Enabling GATT client connectability
04-09 16:35:27.603  3077  3077 I cast_shell: [3080:3118:INFO:ble_setup_manager.cc(744)] Started Bluetooth service
04-09 16:35:27.603  3077  3077 I cast_shell: [3080:3128:INFO:mdns_cast_service.cc(351)] Device discovery state is idle
04-09 16:35:27.603  3077  3077 I cast_shell: [3080:3128:INFO:mdns_util.cc(102)] Defaulting mDNS capabilities for audio-only build
04-09 16:35:27.604  2968  3155 I LibreCastControlDelegate: OnCastStatus() +++ Bedroom speaker 3:0xabe25198:READY_TO_CAST
04-09 16:35:27.605  2968  3155 I LibreCastControlDelegate: Cast Device Name -> 'Bedroom speaker 3'
04-09 16:35:27.605  2968  3155 I librecast: OldFriendlyName '' & New name change By Cast 'Bedroom speaker 3' isfirstbootup 56 m_updatedonebyluci 95
04-09 16:35:27.605  2968  3155 I librecast:  Difference in FriendlyName notify all  
04-09 16:35:27.605  2711  2711 I lucitransport: writeRemoteMessage() MID = 90 buffer = Bedroom speaker 3
04-09 16:35:27.606  2711  2711 I luciUART: write() MID = 90  bytes = 27 data = Bedroom speaker 3 m_fd = 0x6
04-09 16:35:27.606  2711  2711 I lucitransport: writeLocalMessage() MID = 90 buffer = Bedroom speaker 3
04-09 16:35:27.606  2711  2720 E LUCI_SERVER: Luci Server Thread wait over MID 90....
04-09 16:35:27.609  2968  3155 I LibreCastControlDelegate: Device Build Number -> '1.52.272222'
04-09 16:35:27.609  2968  3155 I librecast: updateCastBuildVersion() Version 1.52.272222
04-09 16:35:27.609  2711  2711 I lucitransport: readRemoteMessage() MID char = 7 buffer = 1.52.272222
04-09 16:35:27.609  2968  3155 I LibreCastControlDelegate: Active Applications -> 0
04-09 16:35:27.609  2968  3155 I LibreCastControlDelegate: Current Cast State '6' -> 'READY_TO_CAST'
04-09 16:35:27.609  2968  3155 I LibreCastControlDelegate: OnCastStatus() ---
04-09 16:35:27.612  2732  2763 I bluetoothtbd: [0409/040527.612363:INFO:adapter.cc(551)] Adapter properties changed
04-09 16:35:27.612  2732  2763 I bluetoothtbd: [0409/040527.612527:INFO:adapter.cc(573)] Adapter name changed
04-09 16:35:27.616  3077  3077 I cast_shell: [3080:3080:INFO:mdns_manager_impl.cc(429)] Successfully updated service: type=_googlecast
04-09 16:35:27.616  3077  3077 I cast_shell: [3080:3080:INFO:virtual_device.cc(296)] Updated mDNS service for virtual device: id=ec7f458d-1bef-9f83-8e9c-2de52299c538
04-09 16:35:27.617  2968  3155 I LibreCastControlDelegate: OnCastStatus() +++ Bedroom speaker 3:0xabe25198:READY_TO_CAST
04-09 16:35:27.618  2968  3155 I LibreCastControlDelegate: Cast Device Name -> 'Bedroom speaker 3'
04-09 16:35:27.618  2968  3155 I librecast: OldFriendlyName '' & New name change By Cast 'Bedroom speaker 3' isfirstbootup 56 m_updatedonebyluci 95
04-09 16:35:27.618  2968  3155 I librecast:  Difference in FriendlyName notify all  
04-09 16:35:27.618  2968  3155 I LibreCastControl: LibreCastControl_SetCastName()  name 'Bedroom speaker 3' RequestId '7' pCastControl 0xf4a00728
04-09 16:35:27.618  2711  2711 I lucitransport: writeRemoteMessage() MID = 90 buffer = Bedroom speaker 3
04-09 16:35:27.619  2711  2711 I luciUART: write() MID = 90  bytes = 27 data = Bedroom speaker 3 m_fd = 0x6
04-09 16:35:27.619  2711  2711 I lucitransport: writeLocalMessage() MID = 90 buffer = Bedroom speaker 3
04-09 16:35:27.619  2968  3155 I LibreCastControlDelegate: Device Build Number -> '1.52.272222'
04-09 16:35:27.619  2968  3155 I librecast: updateCastBuildVersion() Version 1.52.272222
04-09 16:35:27.622  2732  2763 I bluetoothtbd: [0409/040527.622223:INFO:adapter.cc(551)] Adapter properties changed
04-09 16:35:27.624  2968  3155 I LibreCastControlDelegate: OnResponse() ReqeustID 7, error  0
04-09 16:35:27.625  3077  3077 I cast_shell: [3080:3080:INFO:device_info_impl.cc(1133)] SSDP Config ID is increased: id=7
04-09 16:35:27.625  3077  3077 I cast_shell: [3080:3080:INFO:ccs_manager_impl.cc(1842)] Postponing device name update while registering
04-09 16:35:27.626  3077  3077 I cast_shell: [3080:3128:INFO:mdns_util.cc(102)] Defaulting mDNS capabilities for audio-only build
04-09 16:35:27.626  3077  3077 I cast_shell: [3080:3080:INFO:mdns_util.cc(102)] Defaulting mDNS capabilities for audio-only build
04-09 16:35:27.627  2968  3155 I LibreCastControlDelegate: OnCastStatus() +++ Bedroom speaker 3:0xabe25198:READY_TO_CAST
04-09 16:35:27.628  3077  3077 I cast_shell: [3080:3080:INFO:mdns_util.cc(102)] Defaulting mDNS capabilities for audio-only build
04-09 16:35:27.628  3077  3077 I cast_shell: [3080:3080:INFO:mdns_manager_impl.cc(429)] Successfully updated service: type=_googlecast
04-09 16:35:27.628  3077  3077 I cast_shell: [3080:3080:INFO:virtual_device.cc(296)] Updated mDNS service for virtual device: id=ec7f458d-1bef-9f83-8e9c-2de52299c538
04-09 16:35:27.629  2968  3155 I LibreCastControlDelegate: Cast Device Name -> 'Bedroom speaker 3'
04-09 16:35:27.629  2968  3155 I librecast: OldFriendlyName '' & New name change By Cast 'Bedroom speaker 3' isfirstbootup 56 m_updatedonebyluci 95
04-09 16:35:27.629  2968  3155 I librecast:  Difference in FriendlyName notify all  
04-09 16:35:27.629  2968  3155 I LibreCastControl: LibreCastControl_SetCastName()  name 'Bedroom speaker 3' RequestId '8' pCastControl 0xf4a00728
04-09 16:35:27.629  2711  2711 I lucitransport: writeRemoteMessage() MID = 90 buffer = Bedroom speaker 3
04-09 16:35:27.629  2711  2711 I luciUART: write() MID = 90  bytes = 27 data = Bedroom speaker 3 m_fd = 0x6
04-09 16:35:27.632  2968  3155 I LibreCastControlDelegate: OnResponse() ReqeustID 8, error  0
04-09 16:35:27.637  3077  3077 I cast_shell: [3080:3080:INFO:device_info_impl.cc(1133)] SSDP Config ID is increased: id=8
04-09 16:35:27.638  2732  2763 I bluetoothtbd: [0409/040527.638449:INFO:adapter.cc(551)] Adapter properties changed
04-09 16:35:27.638  2732  2763 I bluetoothtbd: [0409/040527.638578:INFO:adapter.cc(573)] Adapter name changed
04-09 16:35:27.638  3077  3077 I cast_shell: [3080:3080:INFO:ccs_manager_impl.cc(1842)] Postponing device name update while registering
04-09 16:35:27.638  3077  3077 I cast_shell: [3080:3128:INFO:mdns_util.cc(102)] Defaulting mDNS capabilities for audio-only build
04-09 16:35:27.639  3077  3077 I cast_shell: [3080:3080:INFO:mdns_manager_impl.cc(429)] Successfully updated service: type=_googlecast
04-09 16:35:27.639  3077  3077 I cast_shell: [3080:3118:INFO:bluetooth_manager.cc(1232)] [PII] Set device name to 'Bedroom speaker 3'
04-09 16:35:27.639  3077  3077 I cast_shell: [3080:3080:INFO:virtual_device.cc(296)] Updated mDNS service for virtual device: id=ec7f458d-1bef-9f83-8e9c-2de52299c538
04-09 16:35:27.639  2968  3155 I LibreCastControlDelegate: OnCastStatus() +++ Bedroom speaker 3:0xabe25198:READY_TO_CAST
04-09 16:35:27.640  2968  3155 I LibreCastControlDelegate: Cast Device Name -> 'Bedroom speaker 3'
04-09 16:35:27.647  3077  3077 I cast_shell: [3080:3080:INFO:device_info_impl.cc(1133)] SSDP Config ID is increased: id=9
04-09 16:35:27.648  3077  3077 I cast_shell: [3080:3128:INFO:mdns_util.cc(102)] Defaulting mDNS capabilities for audio-only build
04-09 16:35:27.648  3077  3077 I cast_shell: [3080:3129:INFO:v2_ssl_socket.cc(358)] Stop reading on pending closed socket
04-09 16:35:27.648  3077  3077 I cast_shell: [3080:3118:INFO:setup_namespace_handler.cc(104)] Removed a peer for setup namespace: ec7f458d-1bef-9f83-8e9c-2de52299c538.3:gms_cast_prober-1
04-09 16:35:27.649  3077  3077 I cast_shell: [3080:3080:INFO:ccs_manager_impl.cc(1842)] Postponing device name update while registering
04-09 16:35:27.651  2968  3155 I LibreCastControlDelegate: OnCastStatus() +++ Bedroom speaker 3:0xabe25198:READY_TO_CAST
04-09 16:35:27.651  3077  3077 I cast_shell: [3080:3080:INFO:mdns_manager_impl.cc(429)] Successfully updated service: type=_googlecast
04-09 16:35:27.651  3077  3077 I cast_shell: [3080:3080:INFO:virtual_device.cc(296)] Updated mDNS service for virtual device: id=ec7f458d-1bef-9f83-8e9c-2de52299c538
04-09 16:35:27.652  2968  3155 I LibreCastControlDelegate: Cast Device Name -> 'Bedroom speaker 3'
04-09 16:35:27.652  2968  3155 I librecast: OldFriendlyName '' & New name change By Cast 'Bedroom speaker 3' isfirstbootup 56 m_updatedonebyluci 95
04-09 16:35:27.652  2968  3155 I librecast:  Difference in FriendlyName notify all  
04-09 16:35:27.652  2968  3155 I LibreCastControl: LibreCastControl_SetCastName()  name 'Bedroom speaker 3' RequestId '10' pCastControl 0xf4a00728
04-09 16:35:27.652  2711  2711 I lucitransport: writeRemoteMessage() MID = 90 buffer = Bedroom speaker 3
04-09 16:35:27.653  2711  2711 I luciUART: write() MID = 90  bytes = 27 data = Bedroom speaker 3 m_fd = 0x6
04-09 16:35:27.653  2711  2718 I lucitransport: writeLocalMessage() MID = 90 buffer = Bedroom speaker 3
04-09 16:35:27.653  2968  3155 I LibreCastControlDelegate: Device Build Number -> '1.52.272222'
04-09 16:35:27.653  2968  3155 I librecast: updateCastBuildVersion() Version 1.52.272222
04-09 16:35:27.653  2711  2718 I lucitransport: readRemoteMessage() MID char = 7 buffer = 1.52.272222
04-09 16:35:27.653  2968  3155 I LibreCastControlDelegate: Active Applications -> 0
04-09 16:35:27.653  2968  3155 I LibreCastControlDelegate: Current Cast State '6' -> 'READY_TO_CAST'
04-09 16:35:27.653  2968  3155 I LibreCastControlDelegate: OnCastStatus() ---
04-09 16:35:27.655  2968  3155 I LibreCastControlDelegate: OnResponse() ReqeustID 10, error  0
04-09 16:35:27.657  2690  2690 I sh      : MessageBoxAlert() MID 90 
04-09 16:35:27.657  2690  2690 I sh      : MessageBoxChanged() MID '90'
04-09 16:35:27.658  2968  3026 I librecast: MessageBoxAlert() Msg = 90 remoteID = 16 
04-09 16:35:27.658  2711  2720 I lucitransport: readRemoteMessage() MID char = 90 buffer = Bedroom speaker 3
04-09 16:35:27.660  2970  3053 I airplayluci: MessageBoxAlert: MID 90
04-09 16:35:27.662  2970  3448 I airplay_v2_0_6: 2022-04-09 16:35:27.661812 [AirPlay] Deregistered Bonjour _airplay._tcp. for restart
04-09 16:35:27.662  2970  3448 I airplay_v2_0_6: 2022-04-09 16:35:27.662206 [AirPlay] Deregistered Bonjour _raop._tcp. for restart
04-09 16:35:27.664  2971  3003 E Spotify-Player: Change Spotify Device name
04-09 16:35:27.664  2968  3155 I LibreCastControlDelegate: OnCastStatus() +++ Bedroom speaker 3:0xabe25198:READY_TO_CAST
04-09 16:35:27.665  2732  2763 I bluetoothtbd: [0409/040527.664965:INFO:adapter.cc(551)] Adapter properties changed
04-09 16:35:27.665  2732  2763 I bluetoothtbd: [0409/040527.665090:INFO:adapter.cc(573)] Adapter name changed
04-09 16:35:27.665  3077  3077 I cast_shell: [3080:3118:INFO:bluetooth_manager.cc(1232)] [PII] Set device name to 'Bedroom speaker 3'
04-09 16:35:27.666  3077  3077 I cast_shell: [3080:3080:INFO:ccs_manager_impl.cc(1842)] Postponing device name update while registering
04-09 16:35:27.670  3077  3077 I cast_shell: [3080:3118:INFO:bluetooth_manager.cc(1232)] [PII] Set device name to 'Bedroom speaker 3'
04-09 16:35:27.670  3077  3077 I cast_shell: [3080:3080:INFO:device_info_impl.cc(1133)] SSDP Config ID is increased: id=11
04-09 16:35:27.670  3077  3077 I cast_shell: [3080:3080:INFO:mdns_manager_impl.cc(429)] Successfully updated service: type=_googlecast
04-09 16:35:27.670  3077  3077 I cast_shell: [3080:3080:INFO:virtual_device.cc(296)] Updated mDNS service for virtual device: id=ec7f458d-1bef-9f83-8e9c-2de52299c538
04-09 16:35:27.670  2711  2711 I lucitransport: readRemoteMessage() MID char = 7 buffer = 1.52.272222
04-09 16:35:27.671  2968  3155 I LibreCastControlDelegate: Active Applications -> 0
04-09 16:35:27.671  2968  3155 I LibreCastControlDelegate: Current Cast State '6' -> 'READY_TO_CAST'
04-09 16:35:27.671  2968  3155 I LibreCastControlDelegate: OnCastStatus() ---
04-09 16:35:27.671  2968  3155 I LibreCastControlDelegate: OnResponse() ReqeustID 11, error  0
04-09 16:35:27.673  2968  3155 I LibreCastControlDelegate: OnCastStatus() +++ Bedroom speaker 3:0xabe25198:READY_TO_CAST
04-09 16:35:27.676  2968  3155 I LibreCastControlDelegate: Cast Device Name -> 'Bedroom speaker 3'
04-09 16:35:27.676  2968  3155 I librecast: OldFriendlyName 'Bedroom speaker 3' & New name change By Cast 'Bedroom speaker 3' isfirstbootup 56 m_updatedonebyluci 0
04-09 16:35:27.676  2968  3155 I LibreCastControlDelegate: Device Build Number -> '1.52.272222'
04-09 16:35:27.676  2968  3155 I librecast: updateCastBuildVersion() Version 1.52.272222
04-09 16:35:27.678  2971  3004 I SPOTIFY : ConnectionNotify event(0-Login, 1-Logout, rest Error) = 6 
04-09 16:35:27.678  2971  3004 E SPOTIFY : Device Name change new name = Bedroom speaker 3
04-09 16:35:27.678  2971  3004 E SPOTIFY : err = 0 
04-09 16:35:27.679  2711  2711 I lucitransport: readRemoteMessage() MID char = 7 buffer = 1.52.272222
04-09 16:35:27.679  2968  3155 I LibreCastControlDelegate: Active Applications -> 0
04-09 16:35:27.679  2968  3155 I LibreCastControlDelegate: Current Cast State '6' -> 'READY_TO_CAST'
04-09 16:35:27.679  2968  3155 I LibreCastControlDelegate: OnCastStatus() ---
04-09 16:35:27.693  2967  2978 D wac-main: Netlink event
04-09 16:35:27.693  2967  2978 E wac-main: Netlink event 21 Interface Index 6 
04-09 16:35:27.693  2967  2978 E wac-main: Enter poll and wait
04-09 16:35:27.693  2710  2722 I yani_kernel: yani_geteventfrom_changeaddr() Message-Id '1' Netlink event '21' Interface Index '6' -> Name 'p2p0' 
04-09 16:35:27.696  2786  2786 I dnsmasq : reading /etc/resolv.conf
04-09 16:35:27.696  2786  2786 I dnsmasq : using nameserver 8.8.4.4#53
04-09 16:35:27.696  2786  2786 I dnsmasq : using nameserver 192.168.1.1#53
04-09 16:35:27.696  2786  2786 I dnsmasq : using nameserver 192.168.50.1#53
04-09 16:35:27.696  2786  2786 I dnsmasq : using nameserver 8.8.8.8#53
04-09 16:35:27.698  2730  2742 I HotspotManager: stop hostapd
04-09 16:35:27.705  2690  2690 I sh      : MessageBoxAlert() MID 90 
04-09 16:35:27.705  2690  2690 I sh      : MessageBoxChanged() MID '90'
04-09 16:35:27.706  2968  3026 I librecast: MessageBoxAlert() Msg = 90 remoteID = 16 
04-09 16:35:27.706  2711  2720 I lucitransport: readRemoteMessage() MID char = 90 buffer = Bedroom speaker 3
04-09 16:35:27.706  2968  3026 I LibreCastControl: LibreCastControl_SetCastName()  name 'Bedroom speaker 3' RequestId '12' pCastControl 0xf4a00728
04-09 16:35:27.709  2732  2763 I bluetoothtbd: [0409/040527.709123:INFO:adapter.cc(551)] Adapter properties changed
04-09 16:35:27.709  2732  2763 I bluetoothtbd: [0409/040527.709265:INFO:adapter.cc(573)] Adapter name changed
04-09 16:35:27.710  2968  3155 I LibreCastControlDelegate: OnResponse() ReqeustID 12, error  0
04-09 16:35:27.710  2968  3026 E librecast: MessageBoxAlert() friendlyname Bedroom speaker 3
04-09 16:35:27.710  2968  3026 I LibreCastControl: MessageBoxAlert() messageBoxID 90
04-09 16:35:27.713  2710  2722 I yani_server: NetLink Event '5' Interface-Index '6' WLAN '-1' Ethernet '-1' Parsed-iFill '5' -> 'P2P0 DISCONNECTED' ifIndex '2' -> 'tunl0'
04-09 16:35:27.714  2710  2722 E yani_server: YANI: I am Done Wait For Event 
04-09 16:35:27.714  2710  2814 I yani_server: onNetworkParametersChanged() WAC Mode '0'  Index '2' Interface 'p2p0' Status '0'
04-09 16:35:27.715  2728  2728 E AirableUIHelper: AirableUIHelper::YaniAlert  3 0 
04-09 16:35:27.715  2727  2745 I MB_HANDLER: YaniAlert() Interface '3' Status '0'
04-09 16:35:27.716  2711  2711 I lucitransport: writeRemoteMessage() MID = 124 buffer = 1#1,1#2,0#3,0#4,0
04-09 16:35:27.716  2711  2711 I luciUART: write() MID = 124  bytes = 27 data = 1#1,1#2,0#3,0#4,0 m_fd = 0x6
04-09 16:35:27.716  2974  2995 I otamanager: YaniAlert() Interface 3 Status Down
04-09 16:35:27.717  2970  3053 I airplay-main: YaniAlert Interface 3 Status 0
04-09 16:35:27.718  3077  3077 I cast_shell: [3080:3080:INFO:device_info_impl.cc(1133)] SSDP Config ID is increased: id=12
04-09 16:35:27.719  3077  3077 I cast_shell: [3080:3080:INFO:ccs_manager_impl.cc(1842)] Postponing device name update while registering
04-09 16:35:27.720  3077  3077 I cast_shell: [3080:3128:INFO:mdns_util.cc(102)] Defaulting mDNS capabilities for audio-only build
04-09 16:35:27.720  3077  3077 I cast_shell: [3080:3080:INFO:mdns_manager_impl.cc(429)] Successfully updated service: type=_googlecast
04-09 16:35:27.720  3077  3077 I cast_shell: [3080:3080:INFO:virtual_device.cc(296)] Updated mDNS service for virtual device: id=ec7f458d-1bef-9f83-8e9c-2de52299c538
04-09 16:35:27.720  2968  3155 I LibreCastControlDelegate: OnCastStatus() +++ Bedroom speaker 3:0xabe25198:READY_TO_CAST
04-09 16:35:27.722  2968  3155 I LibreCastControlDelegate: Cast Device Name -> 'Bedroom speaker 3'
04-09 16:35:27.722  2968  3155 I librecast: OldFriendlyName 'Bedroom speaker 3' & New name change By Cast 'Bedroom speaker 3' isfirstbootup 56 m_updatedonebyluci 0
04-09 16:35:27.722  2968  3155 I LibreCastControlDelegate: Device Build Number -> '1.52.272222'
04-09 16:35:27.722  2968  3155 I librecast: updateCastBuildVersion() Version 1.52.272222
04-09 16:35:27.722  2711  2711 I lucitransport: readRemoteMessage() MID char = 7 buffer = 1.52.272222
04-09 16:35:27.724  2971  3004 E SPOTIFY : Device Name change new name = Bedroom speaker 3
04-09 16:35:27.724  2971  3004 E SPOTIFY : err = 0 
04-09 16:35:27.724  2711  2719 E luciUART: UART:aa
04-09 16:35:27.725  2711  2719 E luciUART: UART:aa
04-09 16:35:27.725  2711  2719 E luciUART: UART:2
04-09 16:35:27.725  2711  2719 E luciUART: UART:0
04-09 16:35:27.725  2711  2719 E luciUART: UART:d0
04-09 16:35:27.725  2711  2719 E luciUART: UART:0
04-09 16:35:27.725  2711  2719 I chatty  : uid=0(root) UARTLUCIControl identical 2 lines
04-09 16:35:27.725  2711  2719 E luciUART: UART:0
04-09 16:35:27.725  2711  2719 E luciUART: UART:9
04-09 16:35:27.725  2711  2719 I luciUART: read() RemoteID = 43690 Command = 208 Type = 2 Status = 0 DataLen = 9
04-09 16:35:27.746  2690  2690 I sh      : MessageBoxAlert() MID 90 
04-09 16:35:27.746  2690  2690 I sh      : MessageBoxChanged() MID '90'
04-09 16:35:27.746  2968  3026 I librecast: MessageBoxAlert() Msg = 90 remoteID = 16 
04-09 16:35:27.746  2711  2720 I lucitransport: readRemoteMessage() MID char = 90 buffer = Bedroom speaker 3
04-09 16:35:27.747  2968  3026 I LibreCastControl: LibreCastControl_SetCastName()  name 'Bedroom speaker 3' RequestId '13' pCastControl 0xf4a00728
04-09 16:35:27.747  2968  3026 E librecast: MessageBoxAlert() friendlyname Bedroom speaker 3
04-09 16:35:27.747  2968  3026 I LibreCastControl: MessageBoxAlert() messageBoxID 90
04-09 16:35:27.748  2970  3053 I airplayluci: MessageBoxAlert: MID 90
04-09 16:35:27.748  2968  3155 I LibreCastControlDelegate: OnResponse() ReqeustID 13, error  0
04-09 16:35:27.749  2971  3003 E Spotify-Player: Change Spotify Device name
04-09 16:35:27.749  2711  2720 E LUCI_SERVER: Luci Server Thread wait over MID 90....
04-09 16:35:27.752  3077  3077 I cast_shell: [3080:3080:INFO:device_info_impl.cc(1133)] SSDP Config ID is increased: id=13
04-09 16:35:27.752  3077  3077 I cast_shell: [3080:3080:INFO:ccs_manager_impl.cc(1842)] Postponing device name update while registering
04-09 16:35:27.752  3077  3077 I cast_shell: [3080:3128:INFO:mdns_util.cc(102)] Defaulting mDNS capabilities for audio-only build
04-09 16:35:27.752  3077  3077 I cast_shell: [3080:3080:INFO:mdns_manager_impl.cc(429)] Successfully updated service: type=_googlecast
04-09 16:35:27.752  3077  3077 I cast_shell: [3080:3080:INFO:virtual_device.cc(296)] Updated mDNS service for virtual device: id=ec7f458d-1bef-9f83-8e9c-2de52299c538
04-09 16:35:27.758  2971  3004 E SPOTIFY : Device Name change new name = Bedroom speaker 3
04-09 16:35:27.758  2971  3004 E SPOTIFY : err = 0 
04-09 16:35:27.780  2690  2690 I sh      : MessageBoxAlert() MID 90 
04-09 16:35:27.780  2690  2690 I sh      : MessageBoxChanged() MID '90'
04-09 16:35:27.780  2968  3026 I librecast: MessageBoxAlert() Msg = 90 remoteID = 16 
04-09 16:35:27.781  2711  2720 I lucitransport: readRemoteMessage() MID char = 90 buffer = Bedroom speaker 3
04-09 16:35:27.781  2968  3026 I LibreCastControl: LibreCastControl_SetCastName()  name 'Bedroom speaker 3' RequestId '14' pCastControl 0xf4a00728
04-09 16:35:27.781  2968  3026 E librecast: MessageBoxAlert() friendlyname Bedroom speaker 3
04-09 16:35:27.781  2968  3026 I LibreCastControl: MessageBoxAlert() messageBoxID 90
04-09 16:35:27.782  2970  3053 I airplayluci: MessageBoxAlert: MID 90
04-09 16:35:27.783  2971  3003 E Spotify-Player: Change Spotify Device name
04-09 16:35:27.783  2711  2720 E LUCI_SERVER: Luci Server Thread wait over MID 90....
04-09 16:35:27.791  2971  3004 E SPOTIFY : Device Name change new name = Bedroom speaker 3
04-09 16:35:27.791  2971  3004 E SPOTIFY : err = 0 
04-09 16:35:27.810  2690  2690 I sh      : MessageBoxAlert() MID 90 
04-09 16:35:27.810  2690  2690 I sh      : MessageBoxChanged() MID '90'
04-09 16:35:27.811  2968  3026 I librecast: MessageBoxAlert() Msg = 90 remoteID = 16 
04-09 16:35:27.811  2711  2720 I lucitransport: readRemoteMessage() MID char = 90 buffer = Bedroom speaker 3
04-09 16:35:27.811  2968  3026 I LibreCastControl: LibreCastControl_SetCastName()  name 'Bedroom speaker 3' RequestId '15' pCastControl 0xf4a00728
04-09 16:35:27.811  2968  3026 E librecast: MessageBoxAlert() friendlyname Bedroom speaker 3
04-09 16:35:27.811  2968  3026 I LibreCastControl: MessageBoxAlert() messageBoxID 90
04-09 16:35:27.812  2970  3053 I airplayluci: MessageBoxAlert: MID 90
04-09 16:35:27.813  2971  3003 E Spotify-Player: Change Spotify Device name
04-09 16:35:27.813  2711  2720 E LUCI_SERVER: Luci Server Thread wait over MID 208....
04-09 16:35:27.813  2711  2720 E LUCI_SERVER: Got NV name : ssid
04-09 16:35:27.815  2711  2720 I luciUART: write() MID = 208  bytes = 30 data = ssid:Linksys16717_2G m_fd = 0x6
04-09 16:35:27.815  2711  2720 E LUCI_SERVER: NV_READ response= ssid:Linksys16717_2G
04-09 16:35:27.815  2711  2720 E LUCI_SERVER: Luci Server Thread waiting for packets....
04-09 16:35:27.823  2971  3004 E SPOTIFY : Device Name change new name = Bedroom speaker 3
04-09 16:35:27.823  2971  3004 E SPOTIFY : err = 0 
04-09 16:35:29.221  2732  2763 I bluetoothtbd: [0409/040529.220925:INFO:adapter.cc(551)] Adapter properties changed
04-09 16:35:29.221  2732  2763 I bluetoothtbd: [0409/040529.221183:INFO:adapter.cc(573)] Adapter name changed
04-09 16:35:29.221  3077  3077 I cast_shell: [3080:3118:INFO:bluetooth_manager.cc(1232)] [PII] Set device name to 'Bedroom speaker 3'
04-09 16:35:29.224  2968  3155 I LibreCastControlDelegate: OnResponse() ReqeustID 14, error  0
04-09 16:35:29.225  2968  3155 I LibreCastControlDelegate: OnCastStatus() +++ Bedroom speaker 3:0xabe25198:READY_TO_CAST
04-09 16:35:29.226  3077  3077 I cast_shell: [3080:3118:INFO:metrics_recorder.cc(282)] Record action: Setup.state.BLE
04-09 16:35:29.226  3077  3077 I cast_shell: [3080:3118:INFO:ble_setup.cc(789)] Missing required info for sign.
04-09 16:35:29.226  2968  3155 I LibreCastControlDelegate: Cast Device Name -> 'Bedroom speaker 3'
04-09 16:35:29.226  2968  3155 I librecast: OldFriendlyName 'Bedroom speaker 3' & New name change By Cast 'Bedroom speaker 3' isfirstbootup 56 m_updatedonebyluci 0
04-09 16:35:29.226  2968  3155 I LibreCastControlDelegate: Device Build Number -> '1.52.272222'
04-09 16:35:29.226  2968  3155 I librecast: updateCastBuildVersion() Version 1.52.272222
04-09 16:35:29.227  2711  2711 I lucitransport: readRemoteMessage() MID char = 7 buffer = 1.52.272222
04-09 16:35:29.227  2968  3155 I LibreCastControlDelegate: Active Applications -> 0
04-09 16:35:29.227  2968  3155 I LibreCastControlDelegate: Current Cast State '6' -> 'READY_TO_CAST'
04-09 16:35:29.237  2967  2978 D wac-main: Netlink event
04-09 16:35:29.237  2967  2978 E wac-main: Netlink event 16 Interface Index 6 
04-09 16:35:29.237  2967  2978 E wac-main: p2p0 event Link Changed : 1003 
04-09 16:35:29.237  2967  2978 E wac-main: p2p0 Changed down
04-09 16:35:29.237  3077  3077 I cast_shell: [3080:3080:INFO:ccs_manager_impl.cc(1842)] Postponing device name update while registering
04-09 16:35:29.237  2710  2722 I yani_kernel: yani_geteventfrom_changeaddr() Message-Id '1' Netlink event '16' Interface Index '6' -> Name 'p2p0' 
04-09 16:35:29.239  2967  2978 E wac-main: wlan0 IP : 192.168.1.145
04-09 16:35:29.240  2732  2763 I bluetoothtbd: [0409/040529.240924:INFO:adapter.cc(551)] Adapter properties changed
04-09 16:35:29.241  2732  2763 I bluetoothtbd: [0409/040529.241059:INFO:adapter.cc(573)] Adapter name changed
04-09 16:35:29.241  2967  2978 E wac-main: Enter poll and wait
04-09 16:35:29.243  2732  2763 I bluetoothtbd: [0409/040529.243537:INFO:adapter.cc(551)] Adapter properties changed
04-09 16:35:29.243  3077  3077 I cast_shell: [3080:3118:INFO:bluetooth_manager.cc(1232)] [PII] Set device name to 'Bedroom speaker 3'
04-09 16:35:29.244  2732  2763 I bluetoothtbd: [0409/040529.244165:INFO:adapter.cc(573)] Adapter name changed
04-09 16:35:29.246  3077  3077 I cast_shell: [3080:3128:INFO:mdns_util.cc(102)] Defaulting mDNS capabilities for audio-only build
04-09 16:35:29.247  3077  3077 I cast_shell: [3080:3080:INFO:mdns_manager_impl.cc(429)] Successfully updated service: type=_googlecast
04-09 16:35:29.247  3077  3077 I cast_shell: [3080:3080:INFO:virtual_device.cc(296)] Updated mDNS service for virtual device: id=ec7f458d-1bef-9f83-8e9c-2de52299c538
04-09 16:35:29.247  3077  3077 I cast_shell: [3080:3128:INFO:mdns_util.cc(102)] Defaulting mDNS capabilities for audio-only build
04-09 16:35:29.247  2968  3155 I LibreCastControlDelegate: OnCastStatus() +++ Bedroom speaker 3:0xabe25198:READY_TO_CAST
04-09 16:35:29.248  2968  3155 I LibreCastControlDelegate: Cast Device Name -> 'Bedroom speaker 3'
04-09 16:35:29.248  2968  3155 I librecast: OldFriendlyName 'Bedroom speaker 3' & New name change By Cast 'Bedroom speaker 3' isfirstbootup 56 m_updatedonebyluci 0
04-09 16:35:29.248  2968  3155 I LibreCastControlDelegate: Device Build Number -> '1.52.272222'
04-09 16:35:29.300  2730  2742 E WifiUtil: Setting interface p2p0 down.
04-09 16:35:29.301  2967  2978 D wac-main: Netlink event
04-09 16:35:29.301  2967  2978 E wac-main: Netlink event 16 Interface Index 6 
04-09 16:35:29.301  2967  2978 E wac-main: p2p0 event Link Changed : 1002 
