04-09 16:52:09.914  3091  3091 I cast_shell: [3094:3114:INFO:stream_mixer.cc(604)] Input source channel count = 1
04-09 16:52:09.914  3091  3091 I cast_shell: [3094:3114:INFO:stream_mixer.cc(607)] Dynamic channel count not enabled; using stereo
04-09 16:52:09.914  3091  3091 I cast_shell: [3094:3114:INFO:stream_mixer.cc(416)] Start with 0 active inputs
04-09 16:52:09.921  3091  3091 I cast_shell: [3094:3115:INFO:mixer_output_stream_alsa.cc(171)] snd_pcm_open: handle=0xf2f50908
04-09 16:52:09.921  3091  3091 I cast_shell: [3094:3132:INFO:ble_setup.cc(322)] Record action: Setup.play_sound.BLE
04-09 16:52:09.928  3091  3091 I cast_shell: [3094:3115:WARNING:mixer_output_stream_alsa.cc(341)] Requested sample rate (44100 Hz) does not match the actual sample rate (48000 Hz). This may lead to lower audio quality.
04-09 16:52:09.928  3091  3091 I cast_shell: [3094:3115:INFO:mixer_output_stream_alsa.cc(346)] Sample rate changed from 0 to 48000
04-09 16:52:09.928  3091  3091 I cast_shell: [3094:3115:WARNING:mixer_output_stream_alsa.cc(379)] Requested period size (512 frames) does not match the actual period size (1024 frames). This may lead to an increase in CPU usage or an increase in audio latency.
04-09 16:52:09.931  3091  3091 I cast_shell: [3094:3114:INFO:stream_mixer.cc(466)] Output 2 channels at 48000 samples per second
04-09 16:52:09.931  3091  3091 I cast_shell: [3094:3114:INFO:stream_mixer.cc(484)] Using 2 loopback channels
04-09 16:52:09.931  3091  3091 I cast_shell: [3094:3115:INFO:filter_group.cc(340)] : 2ch@48000hz -> [GROUP]mix -> 2ch@48000hz
04-09 16:52:09.931  3091  3091 I cast_shell: [3094:3115:INFO:filter_group.cc(340)] [GROUP]mix: 2ch@48000hz -> [GROUP]linearize -> 2ch@48000hz
04-09 16:52:09.931  3091  3091 I cast_shell: [3094:3114:INFO:stream_mixer.cc(640)] Add input 0xf435edbc to mix @ 48000 samples per second. Is primary source? = 0
04-09 16:52:09.932  3091  3091 I cast_shell: [3094:3111:INFO:synchronized_sound_player.cc(362)] Playing sound key 0
04-09 16:52:09.939  3091  3091 I cast_shell: [3094:3116:INFO:mixer_input_connection.cc(386)] Remove 0xf435edb8
04-09 16:52:09.939  3091  3091 I cast_shell: [3094:3114:INFO:mixer_input.cc(361)] no_delay(0xf435edbc): set volume limits to [0, 1]
04-09 16:52:09.939  3091  3091 I cast_shell: [3094:3114:INFO:mixer_input.cc(121)] Remixing channels for 0xf435edbc from 1 to 2
04-09 16:52:09.939  3091  3091 I cast_shell: [3094:3114:INFO:mixer_input.cc(346)] no_delay(0xf435edbc): type volume = 1, effective multiplier = 1
04-09 16:52:09.940  3091  3091 I cast_shell: [3094:3114:INFO:mixer_input.cc(395)] no_delay(0xf435edbc): mute volume = 1, effective multiplier = 1
04-09 16:52:09.940  3091  3091 I cast_shell: [3094:3114:INFO:stream_mixer.cc(683)] Remove input 0xf435edbc
04-09 16:52:09.940  3091  3091 I cast_shell: [3094:3116:INFO:mixer_input_connection.cc(243)] Delete 0xf435edb8
04-09 16:52:09.940  3091  3091 I cast_shell: [3094:3114:INFO:stream_mixer.cc(683)] Remove input 0xf435edbc
04-09 16:52:09.940  3091  3091 I chatty  : uid=1000(chrome) /bin/logwrapper identical 1 line
04-09 16:52:09.940  3091  3091 I cast_shell: [3094:3114:INFO:stream_mixer.cc(683)] Remove input 0xf435edbc
04-09 16:52:09.940  3091  3091 I cast_shell: [3094:3114:INFO:stream_mixer.cc(774)] Close timeout
04-09 16:52:09.955  3091  3091 I cast_shell: [3094:3111:INFO:audio_decoder_software_wrapper.cc(86)] Using backend decoder for PCM
04-09 16:52:09.955  3091  3091 I cast_shell: [3094:3116:INFO:mixer_input_connection.cc(208)] Create 0xf435edb8 (no_delay), content type: media, focus type: media, fill size: 512, algorithm fill size: 240, channel count: 2, input sample rate: 48000, start threshold: 3360, max queue size: 9600, socket: 0xf551a750
04-09 16:52:09.984  3091  3091 I cast_shell: [3094:3115:INFO:mixer_output_stream_alsa.cc(293)] snd_pcm_close: handle=0xf2f50908
04-09 16:52:09.999  3091  3091 I cast_shell: [3094:3114:INFO:stream_mixer.cc(604)] Input source channel count = 2
04-09 16:52:09.999  3091  3091 I cast_shell: [3094:3114:INFO:stream_mixer.cc(607)] Dynamic channel count not enabled; using stereo
04-09 16:52:09.999  3091  3091 I cast_shell: [3094:3114:INFO:stream_mixer.cc(604)] Input source channel count = 2
04-09 16:52:09.999  3091  3091 I cast_shell: [3094:3114:INFO:stream_mixer.cc(607)] Dynamic channel count not enabled; using stereo
04-09 16:52:09.999  3091  3091 I cast_shell: [3094:3114:INFO:stream_mixer.cc(416)] Start with 0 active inputs
04-09 16:52:09.999  3091  3091 I cast_shell: [3094:3115:INFO:mixer_output_stream_alsa.cc(171)] snd_pcm_open: handle=0xf2f729d0
04-09 16:52:09.999  3091  3091 I cast_shell: [3094:3115:INFO:mixer_output_stream_alsa.cc(346)] Sample rate changed from 48000 to 48000
04-09 16:52:09.999  3091  3091 I cast_shell: [3094:3114:INFO:stream_mixer.cc(466)] Output 2 channels at 48000 samples per second
04-09 16:52:09.999  3091  3091 I cast_shell: [3094:3115:INFO:filter_group.cc(340)] : 2ch@48000hz -> [GROUP]mix -> 2ch@48000hz
04-09 16:52:09.999  3091  3091 I cast_shell: [3094:3114:INFO:stream_mixer.cc(484)] Using 2 loopback channels
04-09 16:52:09.999  3091  3091 I cast_shell: [3094:3115:INFO:filter_group.cc(340)] [GROUP]mix: 2ch@48000hz -> [GROUP]linearize -> 2ch@48000hz
04-09 16:52:10.001  3091  3091 I cast_shell: [3094:3114:INFO:stream_mixer.cc(640)] Add input 0xf435edbc to mix @ 48000 samples per second. Is primary source? = 0
04-09 16:52:10.001  3091  3091 I cast_shell: [3094:3114:INFO:mixer_input.cc(361)] no_delay(0xf435edbc): set volume limits to [0, 1]
04-09 16:52:10.001  3091  3091 I cast_shell: [3094:3114:INFO:mixer_input.cc(346)] no_delay(0xf435edbc): type volume = 1, effective multiplier = 1
04-09 16:52:10.001  3091  3091 I cast_shell: [3094:3111:INFO:media_pipeline_backend_for_mixer.cc(276)] Audio ready to play
04-09 16:52:10.002  3091  3091 I cast_shell: [3094:3114:INFO:mixer_input.cc(395)] no_delay(0xf435edbc): mute volume = 1, effective multiplier = 1
04-09 16:52:10.003  3091  3091 I cast_shell: [3094:3114:INFO:mixer_input_connection.cc(1053)] 0xf435edb8 ready for playback
04-09 16:52:10.003  3091  3091 I cast_shell: [3094:3114:INFO:mixer_input_connection.cc(705)] Start 0xf435edb8
04-09 16:52:10.751  3091  3091 I cast_shell: [3094:3102:ERROR:connectivity_checker_impl.cc(265)] Connectivity check failed: 400
04-09 16:52:11.588  3091  3091 I cast_shell: [3094:3114:INFO:mixer_input_connection.cc(589)] End of stream for 0xf435edb8
04-09 16:52:11.757  3091  3091 I cast_shell: [3094:3102:ERROR:connectivity_checker_impl.cc(265)] Connectivity check failed: 400
04-09 16:52:11.780  3091  3091 I cast_shell: [3094:3111:INFO:synchronized_sound_player.cc(496)] Finished playing sound
04-09 16:52:11.780  3091  3091 I cast_shell: [3094:3116:INFO:mixer_input_connection.cc(386)] Remove 0xf435edb8
04-09 16:52:11.844  3091  3091 I cast_shell: [3094:3116:INFO:mixer_input_connection.cc(243)] Delete 0xf435edb8
04-09 16:52:11.844  3091  3091 I cast_shell: [3094:3114:INFO:stream_mixer.cc(683)] Remove input 0xf435edbc
04-09 16:52:11.844  3091  3091 I cast_shell: [3094:3114:INFO:stream_mixer.cc(774)] Close timeout
04-09 16:52:11.844  3091  3091 I cast_shell: [3094:3114:INFO:stream_mixer.cc(541)] Stop
04-09 16:52:11.844  3091  3091 I cast_shell: [3094:3102:INFO:loopback_audio_input.cc(194)] [REALIGN] loopback interrupted; reason = 4
04-09 16:52:11.844  3091  3091 I cast_shell: [3094:3094:INFO:cast_receiver_mojo.cc(844)] cast event : Cast.Platform.Audio.OutputInterrupted
04-09 16:52:11.929  3091  3091 I cast_shell: [3094:3115:INFO:mixer_output_stream_alsa.cc(293)] snd_pcm_close: handle=0xf2f729d0
04-09 16:52:12.764  3091  3091 I cast_shell: [3094:3102:ERROR:connectivity_checker_impl.cc(265)] Connectivity check failed: 400
04-09 16:52:53.339  2731  2740 E NetworkMonitor: cannot find default IPv4 route for wlan0
04-09 16:52:53.340  2731  2740 E NetworkMonitor: cannot find default IPv6 route for wlan0
04-09 16:52:54.033  3091  3091 I chatty  : uid=1000(chrome) /bin/logwrapper identical 41 lines
04-09 16:52:55.040  3091  3091 I cast_shell: [3094:3102:ERROR:connectivity_checker_impl.cc(265)] Connectivity check failed: 400
04-09 16:52:55.081  3091  3091 I cast_shell: [3094:3132:INFO:ble_setup.cc(322)] Record action: Setup.connect_wifi.BLE
04-09 16:52:55.084  3091  3091 I cast_shell: [3094:3132:INFO:setup_manager_impl.cc(1965)] New value: pref=tos-accepted, value=1
04-09 16:52:55.084  3091  3091 I cast_shell: [3094:3132:INFO:api_connect_wifi.cc(86)] connect_wifi Auth: 7
04-09 16:52:55.084  3091  3091 I cast_shell: [3094:3132:INFO:api_connect_wifi.cc(90)] connect_wifi Cipher: 4
04-09 16:52:55.085  3091  3091 I cast_shell: [3094:3094:INFO:bluetooth_setup.cc(686)] Disabling connectability: no bonded devices.
04-09 16:52:55.085  3091  3091 I cast_shell: [3094:3094:INFO:cast_receiver_impl.cc(1100)] Leaving discovery-only mode
04-09 16:52:55.085  3091  3091 I cast_shell: [3094:3094:INFO:application_config_manager_impl.cc(566)] Enabling virtual device 55197457-d55d-5f1e-7f54-b38bd021d851
04-09 16:52:55.085  3091  3091 I cast_shell: [3094:3142:INFO:mdns_cast_service.cc(351)] Device discovery state is idle
04-09 16:52:55.085  3091  3091 I cast_shell: [3094:3142:INFO:mdns_util.cc(102)] Defaulting mDNS capabilities for audio-only build
04-09 16:52:55.102  3091  3091 I cast_shell: [3094:3132:INFO:wifi_controller_wpa_supplicant.cc(1188)] strongest_snr=25 wifi_interface_index=0
04-09 16:52:55.118  2734  2763 I bluetoothtbd: [0409/042255.118880:INFO:adapter.cc(551)] Adapter properties changed
04-09 16:52:55.119  3091  3091 I cast_shell: [3094:3132:INFO:api_connect_wifi.cc(159)] [PII] Configuring wifi: ssid=Linksys16717_2G, auth=7, pairwise=4, id=0"
04-09 16:52:55.119  3091  3091 I cast_shell: [3094:3132:INFO:api_connect_wifi.cc(162)] Configuring wifi: otg =0, tethering_mode =0, wifi_auto_save_enabled=0
04-09 16:52:55.119  3091  3091 I cast_shell: [3094:3132:INFO:local_network_info_impl.cc(276)] CONNECTIVITY_ID changed:
04-09 16:52:55.119  3091  3091 I cast_shell: [3094:3132:INFO:setup_state.cc(261)] Setup state changed: SETUP_STATE_DISCONNECTED_EXTERNAL_CLIENT_ACCESSED (11) -> SETUP_STATE_SCANNING (20)
04-09 16:52:55.119  3091  3091 I cast_shell: [3094:3094:INFO:ccs_manager_impl.cc(1799)] Connectivity ID has changed; Will re-register CCS
04-09 16:52:55.119  3091  3091 I cast_shell: [3094:3094:INFO:ccs_manager_impl.cc(851)] Network connectivity down for CcsManager
04-09 16:52:55.119  3091  3091 I cast_shell: [3094:3132:INFO:bluetooth_manager.cc(115)] Record action: Cast.Bluetooth.DiscoveryMode.Disable
04-09 16:52:55.120  2709  2721 I yani_server: NetLink Event '-1' Interface-Index '5' WLAN '0' Ethernet '-1' Parsed-iFill '-1' -> 'INVALID' ifIndex '1' -> 'lo'
04-09 16:52:55.123  3091  3091 I cast_shell: [3094:3132:INFO:setup_state.cc(261)] Setup state changed: SETUP_STATE_SCANNING (20) -> SETUP_STATE_CHECKING_GLOBAL_CONNECTIVITY (50)
04-09 16:52:55.128  2958  3169 I LibreCastControlDelegate: OnCastStatus() +++ Lyric Speaker Box 21f384:0xaafb5198:OFFLINE
04-09 16:52:55.128  2958  3169 I LibreCastControlDelegate: Device Build Number -> '1.52.272222'
04-09 16:52:55.128  2958  3169 I librecast: updateCastBuildVersion() Version 1.52.272222
04-09 16:52:55.129  2710  2710 I lucitransport: readRemoteMessage() MID char = 7 buffer = 1.52.272222
04-09 16:52:55.129  2958  3169 I LibreCastControlDelegate: Active Applications -> 0
04-09 16:52:55.129  2958  3169 I LibreCastControlDelegate: Current Cast State '3' -> 'OFFLINE'
04-09 16:52:55.129  2958  3169 I LibreCastControlDelegate: OnCastStatus() ---
04-09 16:52:55.130  2958  3169 I LibreCastControlDelegate: OnCastStatus() +++ Lyric Speaker Box 21f384:0xaafb5198:OFFLINE
04-09 16:52:55.130  2958  3169 I LibreCastControlDelegate: Device Build Number -> '1.52.272222'
04-09 16:52:55.130  2958  3169 I librecast: updateCastBuildVersion() Version 1.52.272222
04-09 16:52:55.130  2710  2710 I lucitransport: readRemoteMessage() MID char = 7 buffer = 1.52.272222
04-09 16:52:55.132  2958  3169 I LibreCastControlDelegate: OnCastStatus() +++ Lyric Speaker Box 21f384:0xaafb5198:OFFLINE
04-09 16:52:55.132  2958  3169 I LibreCastControlDelegate: Device Build Number -> '1.52.272222'
04-09 16:52:55.132  2958  3169 I librecast: updateCastBuildVersion() Version 1.52.272222
04-09 16:52:55.133  2710  2710 I lucitransport: readRemoteMessage() MID char = 7 buffer = 1.52.272222
04-09 16:52:55.133  2958  3169 I LibreCastControlDelegate: Active Applications -> 0
04-09 16:52:55.133  2958  3169 I LibreCastControlDelegate: Current Cast State '3' -> 'OFFLINE'
04-09 16:52:55.133  2958  3169 I LibreCastControlDelegate: OnCastStatus() ---
04-09 16:52:55.624  3091  3091 I cast_shell: [3094:3132:INFO:metrics_recorder.cc(282)] Record action: Setup.version.BLE
04-09 16:52:55.652  3091  3091 I cast_shell: [3094:3132:INFO:metrics_recorder.cc(282)] Record action: Setup.tos_accepted.BLE
04-09 16:52:55.682  3091  3091 I cast_shell: [3094:3132:INFO:metrics_recorder.cc(282)] Record action: Setup.state.BLE
04-09 16:52:55.712  3091  3091 I cast_shell: [3094:3132:INFO:metrics_recorder.cc(282)] Record action: Setup.ip_address.BLE
04-09 16:52:56.046  3091  3091 I cast_shell: [3094:3102:ERROR:connectivity_checker_impl.cc(265)] Connectivity check failed: 400
04-09 16:52:56.091  3091  3091 I cast_shell: [3094:3094:INFO:grpc_service_discovery_impl.cc(185)] Mdns discovered google RPC for [PII](ACA2A7C77DE1160B0FE0842DDA235683).
04-09 16:52:56.254  3091  3091 I cast_shell: [3094:3132:INFO:metrics_recorder.cc(282)] Record action: Setup.version.BLE
04-09 16:52:56.282  3091  3091 I cast_shell: [3094:3132:INFO:metrics_recorder.cc(282)] Record action: Setup.tos_accepted.BLE
04-09 16:52:56.313  3091  3091 I cast_shell: [3094:3132:INFO:metrics_recorder.cc(282)] Record action: Setup.state.BLE
04-09 16:52:56.342  3091  3091 I cast_shell: [3094:3132:INFO:metrics_recorder.cc(282)] Record action: Setup.ip_address.BLE
04-09 16:52:56.410  2731  2740 E NetworkMonitor: no response for /bin/ping -n -I wlan0 -c 10 -w 10 8.8.8.8
04-09 16:52:56.422  2731  2740 E NetworkMonitor: no response for /bin/ping6 -n -I wlan0 -c 10 -w 10 2001:4860:4860::8888
04-09 16:52:56.423  2731  2740 E NetworkMonitor: dns resolution failed
04-09 16:52:56.423  2731  2740 I NetworkMonitor: deauth disabled
04-09 16:52:56.883  3091  3091 I cast_shell: [3094:3132:INFO:metrics_recorder.cc(282)] Record action: Setup.version.BLE
04-09 16:52:56.913  3091  3091 I cast_shell: [3094:3132:INFO:metrics_recorder.cc(282)] Record action: Setup.tos_accepted.BLE
04-09 16:52:56.942  3091  3091 I cast_shell: [3094:3132:INFO:metrics_recorder.cc(282)] Record action: Setup.state.BLE
04-09 16:52:56.972  3091  3091 I cast_shell: [3094:3132:INFO:metrics_recorder.cc(282)] Record action: Setup.ip_address.BLE
04-09 16:52:57.052  3091  3091 I cast_shell: [3094:3102:ERROR:connectivity_checker_impl.cc(265)] Connectivity check failed: 400
04-09 16:52:57.093  3091  3091 I cast_shell: [3094:3142:INFO:mdns_app_filter.cc(1526)] MdnsAppFilter: Done announcing.
04-09 16:52:57.513  3091  3091 I cast_shell: [3094:3132:INFO:metrics_recorder.cc(282)] Record action: Setup.version.BLE
04-09 16:52:57.542  3091  3091 I cast_shell: [3094:3132:INFO:metrics_recorder.cc(282)] Record action: Setup.tos_accepted.BLE
04-09 16:52:57.572  3091  3091 I cast_shell: [3094:3132:INFO:metrics_recorder.cc(282)] Record action: Setup.state.BLE
04-09 16:52:57.602  3091  3091 I cast_shell: [3094:3132:INFO:metrics_recorder.cc(282)] Record action: Setup.ip_address.BLE
04-09 16:52:58.059  3091  3091 I cast_shell: [3094:3102:ERROR:connectivity_checker_impl.cc(265)] Connectivity check failed: 400
04-09 16:52:58.143  3091  3091 I cast_shell: [3094:3132:INFO:metrics_recorder.cc(282)] Record action: Setup.version.BLE
04-09 16:52:58.172  3091  3091 I cast_shell: [3094:3132:INFO:metrics_recorder.cc(282)] Record action: Setup.tos_accepted.BLE
04-09 16:52:58.202  3091  3091 I cast_shell: [3094:3132:INFO:metrics_recorder.cc(282)] Record action: Setup.state.BLE
04-09 16:52:58.232  3091  3091 I cast_shell: [3094:3132:INFO:metrics_recorder.cc(282)] Record action: Setup.ip_address.BLE
04-09 16:52:58.469  2957  2968 D wac-main: Netlink event
04-09 16:52:58.469  2957  2968 E wac-main: Netlink event 16 Interface Index 5 
04-09 16:52:58.469  2957  2968 E wac-main: Enter poll and wait
04-09 16:52:58.470  2709  2721 I yani_kernel: yani_geteventfrom_changeaddr() Message-Id '1' Netlink event '16' Interface Index '5' -> Name 'wlan0' 
04-09 16:52:58.472  2708  2708 I wpa_supplicant: wlan0: Selected BSS :ef (level:-49 noise:-60 frequency:2427)
04-09 16:52:58.475  2708  2708 I wpa_supplicant: wlan0: SME: Trying to authenticate with c8:b3:73:44:ae:ef (SSID='Linksys16717_2G' freq=2427 MHz)
04-09 16:52:58.480  2709  2721 I yani_server: NetLink Event '-1' Interface-Index '5' WLAN '-1' Ethernet '-1' Parsed-iFill '-1' -> 'INVALID' ifIndex '1' -> 'lo'
04-09 16:52:58.481  2709  2721 I yani_server: NetLink Event '-1' Interface-Index '5' WLAN '0' Ethernet '-1' Parsed-iFill '-1' -> 'INVALID' ifIndex '1' -> 'lo'
04-09 16:52:58.482  2957  2968 D wac-main: Netlink event
04-09 16:52:58.482  2957  2968 E wac-main: Netlink event 16 Interface Index 5 
04-09 16:52:58.482  2957  2968 E wac-main: Enter poll and wait
04-09 16:52:58.484  2709  2721 I yani_server: NetLink Event '-1' Interface-Index '5' WLAN '0' Ethernet '-1' Parsed-iFill '-1' -> 'INVALID' ifIndex '1' -> 'lo'
04-09 16:52:58.490  2708  2708 I wpa_supplicant: wlan0: Trying to associate with c8:b3:73:44:ae:ef (SSID='Linksys16717_2G' freq=2427 MHz)
04-09 16:52:58.503  2709  2721 I chatty  : uid=0(root) YaniServer identical 21 lines
04-09 16:52:58.503  2709  2721 I yani_server: NetLink Event '-1' Interface-Index '5' WLAN '0' Ethernet '-1' Parsed-iFill '-1' -> 'INVALID' ifIndex '1' -> 'lo'
04-09 16:52:58.503  2709  2721 I yani_kernel: yani_geteventfrom_changeaddr() Message-Id '1' Netlink event '16' Interface Index '5' -> Name 'wlan0' 
04-09 16:52:58.513  3171  3171 I hostapd : p2p0: IEEE 802.11 driver had channel switch: freq=2427, ht=1, vht_ch=0x0, offset=0, width=1 (20 MHz), cf1=2427, cf2=0
04-09 16:52:58.551  3059  3059 I hostapd : p2p1: IEEE 802.11 driver had channel switch: freq=2427, ht=1, vht_ch=0x0, offset=0, width=1 (20 MHz), cf1=2427, cf2=0
04-09 16:52:58.552  2957  2968 D wac-main: Netlink event
04-09 16:52:58.552  2957  2968 E wac-main: Netlink event 16 Interface Index 5 
04-09 16:52:58.552  2957  2968 E wac-main: Enter poll and wait
04-09 16:52:58.552  2957  2968 D wac-main: Netlink event
04-09 16:52:58.552  2957  2968 E wac-main: Netlink event 16 Interface Index 5 
04-09 16:52:58.552  2957  2968 E wac-main: Enter poll and wait
04-09 16:52:58.552  2957  2968 D wac-main: Netlink event
04-09 16:52:58.552  2957  2968 E wac-main: Netlink event 16 Interface Index 5 
04-09 16:52:58.552  2957  2968 E wac-main: Enter poll and wait
04-09 16:52:58.552  2957  2968 D wac-main: Netlink event
04-09 16:52:58.552  2957  2968 E wac-main: Netlink event 16 Interface Index 5 
04-09 16:52:58.560  2958  3169 I LibreCastControlDelegate: OnCastStatus() +++ Lyric Speaker Box 21f384:0xaafb5198:OFFLINE
04-09 16:52:58.560  2958  3169 I LibreCastControlDelegate: Device Build Number -> '1.52.272222'
04-09 16:52:58.560  2958  3169 I librecast: updateCastBuildVersion() Version 1.52.272222
04-09 16:52:58.561  2710  2710 I lucitransport: readRemoteMessage() MID char = 7 buffer = 1.52.272222
04-09 16:52:58.561  2958  3169 I LibreCastControlDelegate: Active Applications -> 0
04-09 16:52:58.561  2958  3169 I LibreCastControlDelegate: Current Cast State '3' -> 'OFFLINE'
04-09 16:52:58.561  2958  3169 I LibreCastControlDelegate: OnCastStatus() ---
04-09 16:52:58.564  2709  2721 I yani_server: NetLink Event '-1' Interface-Index '5' WLAN '-1' Ethernet '-1' Parsed-iFill '-1' -> 'INVALID' ifIndex '1' -> 'lo'
04-09 16:52:58.565  2709  2721 I yani_server: NetLink Event '-1' Interface-Index '5' WLAN '0' Ethernet '-1' Parsed-iFill '-1' -> 'INVALID' ifIndex '1' -> 'lo'
04-09 16:52:58.565  2709  2721 I yani_kernel: yani_geteventfrom_changeaddr() Message-Id '1' Netlink event '16' Interface Index '5' -> Name 'wlan0' 
04-09 16:52:58.570  2709  2721 I chatty  : uid=0(root) YaniServer identical 4 lines
04-09 16:52:58.571  2709  2721 I yani_kernel: yani_geteventfrom_changeaddr() Message-Id '1' Netlink event '16' Interface Index '5' -> Name 'wlan0' 
04-09 16:52:58.758  3091  3091 I cast_shell: [3094:3132:INFO:metrics_recorder.cc(282)] Record action: Setup.version.BLE
04-09 16:52:58.787  3091  3091 I cast_shell: [3094:3132:INFO:metrics_recorder.cc(282)] Record action: Setup.tos_accepted.BLE
04-09 16:52:58.817  3091  3091 I cast_shell: [3094:3132:INFO:metrics_recorder.cc(282)] Record action: Setup.state.BLE
04-09 16:52:58.847  3091  3091 I cast_shell: [3094:3132:INFO:metrics_recorder.cc(282)] Record action: Setup.ip_address.BLE
04-09 16:52:59.065  3091  3091 I cast_shell: [3094:3102:ERROR:connectivity_checker_impl.cc(265)] Connectivity check failed: 400
04-09 16:52:59.388  3091  3091 I cast_shell: [3094:3132:INFO:metrics_recorder.cc(282)] Record action: Setup.version.BLE
04-09 16:52:59.417  3091  3091 I cast_shell: [3094:3132:INFO:metrics_recorder.cc(282)] Record action: Setup.tos_accepted.BLE
04-09 16:52:59.447  3091  3091 I cast_shell: [3094:3132:INFO:metrics_recorder.cc(282)] Record action: Setup.state.BLE
04-09 16:52:59.477  3091  3091 I cast_shell: [3094:3132:INFO:metrics_recorder.cc(282)] Record action: Setup.ip_address.BLE
04-09 16:52:59.532  2708  2708 I wpa_supplicant: wlan0: WPA: RX message 1 of 4-Way Handshake from c8:b3:73:44:ae:ef (ver=2)
04-09 16:52:59.533  2708  2708 I wpa_supplicant: wlan0: WPA: Sending EAPOL-Key 2/4
04-09 16:52:59.534  2709  2721 I yani_server: NetLink Event '-1' Interface-Index '5' WLAN '-1' Ethernet '-1' Parsed-iFill '-1' -> 'INVALID' ifIndex '1' -> 'lo'
04-09 16:52:59.535  2709  2721 I yani_server: NetLink Event '-1' Interface-Index '5' WLAN '0' Ethernet '-1' Parsed-iFill '-1' -> 'INVALID' ifIndex '1' -> 'lo'
04-09 16:52:59.636  2708  2708 I wpa_supplicant: wlan0: WPA: RX message 3 of 4-Way Handshake from c8:b3:73:44:ae:ef (ver=2)
04-09 16:52:59.636  2708  2708 I wpa_supplicant: wlan0: WPA: Sending EAPOL-Key 4/4
04-09 16:52:59.638  2709  2721 I yani_server: NetLink Event '-1' Interface-Index '5' WLAN '0' Ethernet '-1' Parsed-iFill '-1' -> 'INVALID' ifIndex '1' -> 'lo'
04-09 16:52:59.639  2708  2708 I wpa_supplicant: wlan0: WPA: Key negotiation completed with c8:b3:73:44:ae:ef [PTK=CCMP GTK=TKIP]
04-09 16:52:59.639  2708  2708 I wpa_supplicant: wlan0: CTRL-EVENT-CONNECTED - Connection to c8:b3:73:44:ae:ef completed [id=0 id_str=]
04-09 16:52:59.641  2957  2968 D wac-main: Netlink event
04-09 16:52:59.641  2957  2968 E wac-main: Netlink event 16 Interface Index 5 
04-09 16:52:59.641  2957  2968 E wac-main: Enter poll and wait
04-09 16:52:59.641  2957  2968 D wac-main: Netlink event
04-09 16:52:59.641  2957  2968 E wac-main: Netlink event 16 Interface Index 5 
04-09 16:52:59.641  2957  2968 E wac-main: Enter poll and wait
04-09 16:52:59.641  2736  2736 D dhcpcd  : wlan0: carrier acquired
04-09 16:52:59.643  2957  2968 D wac-main: Netlink event
04-09 16:52:59.646  2709  2721 I yani_server: NetLink Event '-1' Interface-Index '5' WLAN '0' Ethernet '-1' Parsed-iFill '-1' -> 'INVALID' ifIndex '1' -> 'lo'
04-09 16:52:59.650  2709  2721 I yani_server: NetLink Event '-1' Interface-Index '5' WLAN '0' Ethernet '-1' Parsed-iFill '-1' -> 'INVALID' ifIndex '1' -> 'lo'
04-09 16:52:59.653  2709  2721 I yani_server: NetLink Event '-1' Interface-Index '5' WLAN '7' Ethernet '-1' Parsed-iFill '7' -> 'WLAN0 LINKUP' ifIndex '1' -> 'lo'
04-09 16:52:59.653  2709  2721 I yani_server: saveConfig:537:wlan0
04-09 16:52:59.655  2958  3169 I LibreCastControlDelegate: OnCastStatus() +++ Lyric Speaker Box 21f384:0xaafb5198:OFFLINE
04-09 16:52:59.655  2958  3169 I LibreCastControlDelegate: Device Build Number -> '1.52.272222'
04-09 16:52:59.655  2958  3169 I librecast: updateCastBuildVersion() Version 1.52.272222
04-09 16:52:59.655  2710  2710 I lucitransport: readRemoteMessage() MID char = 7 buffer = 1.52.272222
04-09 16:52:59.656  2958  3169 I LibreCastControlDelegate: Active Applications -> 0
04-09 16:52:59.656  2958  3169 I LibreCastControlDelegate: Current Cast State '3' -> 'OFFLINE'
04-09 16:52:59.656  2958  3169 I LibreCastControlDelegate: OnCastStatus() ---
04-09 16:52:59.663  2709  2721 E yani_server: wlan0 Status=8 SaveConfig returns=0
04-09 16:52:59.663  2709  2721 I yani_server: SaveConfig return value=0
04-09 16:52:59.663  2709  2721 E WLANP2PIF: WlanP2pif: current chan = 4
04-09 16:52:59.663  2689  2689 I sh      : saveConfig:538:wlan0wlan0 Status=8 SaveConfig returns=0
04-09 16:52:59.665  2709  2721 E yani_wifi: set txpower chan : 4 country : US
04-09 16:52:59.665  2709  2721 E yani_wifi: nrates = 7
04-09 16:53:00.019  3091  3091 I cast_shell: [3094:3132:INFO:metrics_recorder.cc(282)] Record action: Setup.version.BLE
04-09 16:53:00.047  3091  3091 I cast_shell: [3094:3132:INFO:metrics_recorder.cc(282)] Record action: Setup.tos_accepted.BLE
04-09 16:53:00.072  3091  3091 I cast_shell: [3094:3102:ERROR:connectivity_checker_impl.cc(265)] Connectivity check failed: 400
04-09 16:53:00.077  3091  3091 I cast_shell: [3094:3132:INFO:metrics_recorder.cc(282)] Record action: Setup.state.BLE
04-09 16:53:00.107  3091  3091 I cast_shell: [3094:3132:INFO:metrics_recorder.cc(282)] Record action: Setup.ip_address.BLE
04-09 16:53:00.648  3091  3091 I cast_shell: [3094:3132:INFO:metrics_recorder.cc(282)] Record action: Setup.version.BLE
04-09 16:53:00.672  2709  2721 I yani_autoip: start_autoip() Interface 'wlan0' Is AutoIP Required 'Yes' Thread-Running 'No' 
04-09 16:53:00.673  2709  2721 E yani_server: YANI: I am Done Wait For Event 
04-09 16:53:00.673  2709  2721 I yani_kernel: yani_geteventfrom_changeaddr() Message-Id '1' Netlink event '16' Interface Index '5' -> Name 'wlan0' 
04-09 16:53:00.674  2709  3362 I yani_autoip: Setting autoiptimer to 70000
04-09 16:53:00.676  2709  2721 I yani_kernel: yani_geteventfrom_changeaddr() Message-Id '1' Netlink event '16' Interface Index '5' -> Name 'wlan0' 
04-09 16:53:00.677  3091  3091 I cast_shell: [3094:3132:INFO:metrics_recorder.cc(282)] Record action: Setup.tos_accepted.BLE
04-09 16:53:00.679  2709  2721 I yani_kernel: yani_geteventfrom_changeaddr() Message-Id '1' Netlink event '16' Interface Index '5' -> Name 'wlan0' 
04-09 16:53:00.687  3361  3361 E dhcpcd  : control_open: Connection refused
04-09 16:53:00.688  3361  3361 E dhcpcd  : eth0: interface not found or invalid
04-09 16:53:00.689  2957  2968 D wac-main: Netlink event
04-09 16:53:00.690  2957  2968 E wac-main: Netlink event 16 Interface Index 5 
04-09 16:53:00.690  3361  3361 D dhcpcd  : wlan0: adding address fe80::ce90:93ff:fe21:f384
04-09 16:53:00.690  2957  2968 E wac-main: Enter poll and wait
04-09 16:53:00.694  2709  2721 I yani_kernel: yani_geteventfrom_changeaddr() Message-Id '1' Netlink event '16' Interface Index '5' -> Name 'wlan0' 
04-09 16:53:00.707  3091  3091 I cast_shell: [3094:3132:INFO:metrics_recorder.cc(282)] Record action: Setup.state.BLE
04-09 16:53:00.737  3091  3091 I cast_shell: [3094:3132:INFO:metrics_recorder.cc(282)] Record action: Setup.ip_address.BLE
04-09 16:53:00.761  2731  2741 I NetworkMonitor: turn off power-save
04-09 16:53:00.770  2731  2741 E DNSResolver: Error in connect: Network is unreachable
04-09 16:53:00.771  2731  2741 I chatty  : uid=0(root) /bin/net_mgr identical 4 lines
04-09 16:53:00.771  2731  2741 E DNSResolver: Error in connect: Network is unreachable
04-09 16:53:00.771  2731  2741 E HttpTimeSync: Error resolve name clients1.google.com
04-09 16:53:00.789  2731  2741 E HttpTimeSync: Error in curl perform, returns 6: Couldn't resolve host name
04-09 16:53:00.791  2731  2741 E HttpTimeSync: Failed in getting HTTP header from http://clients1.google.com/generate_204
04-09 16:53:00.798  3361  3361 E dhcpcd  : error writing DUID: /etc/dhcpcd/dhcpcd.duid: Read-only file system
04-09 16:53:00.798  3361  3361 D dhcpcd  : DUID 00:03:00:01:cc:90:93:21:f3:84
04-09 16:53:00.798  3361  3361 D dhcpcd  : wlan0: IAID 93:21:f3:84
04-09 16:53:01.045  3361  3361 D dhcpcd  : wlan0: soliciting a DHCP lease
04-09 16:53:01.045  3361  3361 D dhcpcd  : wlan0: sending DISCOVER (xid 0x33a389e3), next in -3689356003263381015045998749969237795795778910238220425188754890372146397058191831206432836258844038621731600457776177517094244937679953755378764675158733968514420465506625658600059558446920155573362665436569306553558112517550664848517141655308378859162574957769129984.0 seconds
04-09 16:53:01.079  3091  3091 I cast_shell: [3094:3102:ERROR:connectivity_checker_impl.cc(265)] Connectivity check failed: 400
04-09 16:53:01.278  3091  3091 I cast_shell: [3094:3132:INFO:metrics_recorder.cc(282)] Record action: Setup.version.BLE
04-09 16:53:01.307  3091  3091 I cast_shell: [3094:3132:INFO:metrics_recorder.cc(282)] Record action: Setup.tos_accepted.BLE
04-09 16:53:01.352  3091  3091 I cast_shell: [3094:3132:INFO:metrics_recorder.cc(282)] Record action: Setup.state.BLE
04-09 16:53:01.375  3361  3361 D dhcpcd  : wlan0: soliciting an IPv6 router
04-09 16:53:01.397  3091  3091 I cast_shell: [3094:3132:INFO:metrics_recorder.cc(282)] Record action: Setup.ip_address.BLE
04-09 16:53:01.429  3091  3091 I cast_shell: [3094:3132:INFO:metrics_recorder.cc(282)] Record action: Setup.eureka_info.Local
04-09 16:53:01.430  3091  3091 I cast_shell: [3094:3132:INFO:metrics_recorder.cc(282)] Record action: Setup.eureka_info.Local.200
04-09 16:53:01.431  2731  2740 E DNSResolver: Error in connect: Network is unreachable
04-09 16:53:01.432  2731  2740 I chatty  : uid=0(root) MonitorThread identical 4 lines
04-09 16:53:01.432  2731  2740 E DNSResolver: Error in connect: Network is unreachable
04-09 16:53:01.432  2731  2740 E HttpTimeSync: Error resolve name clients1.google.com
04-09 16:53:01.433  2731  2740 E HttpTimeSync: Error in curl perform, returns 6: Couldn't resolve host name
04-09 16:53:01.433  2731  2740 E HttpTimeSync: Failed in getting HTTP header from http://clients1.google.com/generate_204
04-09 16:53:01.938  3091  3091 I cast_shell: [3094:3132:INFO:metrics_recorder.cc(282)] Record action: Setup.version.BLE
04-09 16:53:01.967  3091  3091 I cast_shell: [3094:3132:INFO:metrics_recorder.cc(282)] Record action: Setup.tos_accepted.BLE
04-09 16:53:01.997  3091  3091 I cast_shell: [3094:3132:INFO:metrics_recorder.cc(282)] Record action: Setup.state.BLE
04-09 16:53:02.026  3091  3091 I cast_shell: [3094:3132:INFO:metrics_recorder.cc(282)] Record action: Setup.ip_address.BLE
04-09 16:53:02.086  3091  3091 I cast_shell: [3094:3102:ERROR:connectivity_checker_impl.cc(265)] Connectivity check failed: 400
04-09 16:53:02.123  3361  3361 D dhcpcd  : wlan0: received OFFER with xid 0x33a389e3
04-09 16:53:02.123  3361  3361 D dhcpcd  : wlan0: offered 192.168.1.145 from 192.168.1.1
04-09 16:53:02.123  3361  3361 D dhcpcd  : wlan0: requesting lease of 192.168.1.145
04-09 16:53:02.123  3361  3361 D dhcpcd  : wlan0: sending REQUEST (xid 0x33a389e3), next in -3689356003263381015045998749969237795795778910238220425188754890372146397058191831206432836258844038621731600457776177517094244937679953755378764675158733968514420465506625658600059558446920155573362665436569306553558112517550664848517141655308378859162574957769129984.0 seconds
04-09 16:53:02.199  3361  3361 D dhcpcd  : wlan0: received ACK with xid 0x33a389e3
04-09 16:53:02.199  3361  3361 D dhcpcd  : wlan0: acknowledged 192.168.1.145 from 192.168.1.1
04-09 16:53:02.199  3361  3361 D dhcpcd  : wlan0: leased 192.168.1.145 for 86400 seconds
04-09 16:53:02.200  3361  3361 D dhcpcd  : wlan0: adding route to 192.168.1.0/24
04-09 16:53:02.200  3361  3361 D dhcpcd  : wlan0: adding default route via 192.168.1.1
04-09 16:53:02.201  2957  2968 D wac-main: Netlink event
04-09 16:53:02.201  2957  2968 E wac-main: Netlink event 20 Interface Index 5 
04-09 16:53:02.201  2957  2968 E wac-main: Enter poll and wait
04-09 16:53:02.202  2709  2721 I yani_kernel: yani_geteventfrom_changeaddr() Message-Id '1' Netlink event '20' Interface Index '5' -> Name 'wlan0' 
04-09 16:53:02.204  2709  2721 I yani_server: NetLink Event '2' Interface-Index '5' WLAN '-1' Ethernet '-1' Parsed-iFill '2' -> 'WLAN0 CONNECTED' ifIndex '1' -> 'lo'
04-09 16:53:02.204  2709  2721 I yani_server: doLotofWork() List of interface '5'
04-09 16:53:02.221  2710  2710 I lucitransport: readRemoteMessage() MID char = 90 buffer = Lyric Speaker Box 21f384
04-09 16:53:02.224  2731  2741 I NetworkMonitor: turn off power-save
04-09 16:53:02.224  2710  2718 E luciUART: UART:aa
04-09 16:53:02.224  2710  2718 E luciUART: UART:aa
04-09 16:53:02.224  2710  2718 E luciUART: UART:2
04-09 16:53:02.224  2710  2718 E luciUART: UART:0
04-09 16:53:02.227  2710  2718 E luciUART: UART:d0
04-09 16:53:02.227  2710  2718 E luciUART: UART:0
04-09 16:53:02.227  2710  2718 I chatty  : uid=0(root) UARTLUCIControl identical 1 line
04-09 16:53:02.227  2710  2718 E luciUART: UART:0
04-09 16:53:02.229  2710  2719 I luciUART: write() MID = 208  bytes = 30 data = ssid:Linksys16717_2G m_fd = 0x5
04-09 16:53:02.229  2710  2719 E LUCI_SERVER: NV_READ response= ssid:Linksys16717_2G
04-09 16:53:02.230  2710  2719 E LUCI_SERVER: Luci Server Thread waiting for packets....
04-09 16:53:02.308  2960  3396 I airplay-main: checkACPAvailability() err 0 -> Present!
04-09 16:53:02.308  2960  3396 D airplay-main: arguments[0] -> airplay_v2 -> airplay_v2
04-09 16:53:02.309  2960  3396 D airplay-main: arguments[1] -> -n -> -n
04-09 16:53:02.309  2960  3396 D airplay-main: arguments[2] -> Lyric Speaker Box 21f384 -> Lyric Speaker Box 21f384
04-09 16:53:02.309  2960  3396 D airplay-main: arguments[3] -> -z -> -z
04-09 16:53:02.309  2960  3396 D airplay-main: arguments[4] -> 1 -> 1
04-09 16:53:02.309  2960  3396 D airplay-main: arguments[5] -> -d -> -d
04-09 16:53:02.309  2960  3396 D airplay-main: arguments[6] -> 47617500 -> 47617500
04-09 16:53:02.309  2960  3396 D airplay-main: Total Number of Arguments 7
04-09 16:53:02.320  2960  3396 I airplay_v2_0_6: 2022-04-09 04:23:02.319022 [AirPlayDemo] homedir /data/ sUserPreferencesDirectoryPath /data//.airplaydemo 
04-09 16:53:02.396  2960  3396 I airplay-main: checkACPAvailability() err 0 -> Present!
04-09 16:53:02.433  2731  2741 I HttpTimeSync: Building resolve list for clients1.google.com, total 1.
04-09 16:53:02.433  2731  2741 I HttpTimeSync: 	0: 142.251.36.142
04-09 16:53:02.477  2960  3419 I airplay_v2_0_6: 2022-04-09 04:23:02.476971 [AirPlayDemo] *********** AirPlayDemoPlatformSetProperty:homeIntegrationData value - 
04-09 16:53:02.477  2960  3419 I airplay_v2_0_6:     +0000: 62706c69 73743030 d101025f 10114343 |bplist00^^^_^^CC| (67 bytes)
04-09 16:53:02.477  2960  3419 I airplay_v2_0_6:     +0010: 3a39303a 39333a32 313a4633 3a3834d0 |:90:93:21:F3:84^|
04-09 16:53:02.477  2960  3419 I airplay_v2_0_6:     +0020: 080b1f00 00000000 00010100 00000000 |^^^^^^^^^^^^^^^^|
04-09 16:53:02.477  2960  3419 I airplay_v2_0_6:     +0030: 00000300 00000000 00000000 00000000 |^^^^^^^^^^^^^^^^|
04-09 16:53:02.477  2960  3419 I airplay_v2_0_6:     +0040: 000020                              |^^              |
04-09 16:53:02.479  2960  3421 I airplay_v2_0_6: 2022-04-09 04:23:02.479458 [AirPlayDemo] AirPlayDemoServerCopyProperty Password is <<NULL>>
04-09 16:53:02.489  2960  3419 I airplay_v2_0_6: 2022-04-09 04:23:02.489294 [AirPlayDemo] *********** AirPlayDemoPlatformSetProperty:homeIntegrationData value - 
04-09 16:53:02.489  2960  3419 I airplay_v2_0_6:     +0000: 62706c69 73743030 d101025f 10114343 |bplist00^^^_^^CC| (165 bytes)
04-09 16:53:02.489  2960  3419 I airplay_v2_0_6:     +0010: 3a39303a 39333a32 313a4633 3a3834d3 |:90:93:21:F3:84^
04-09 16:53:02.489  2960  3419 I airplay_v2_0_6: |
04-09 16:53:02.489  2960  3419 I airplay_v2_0_6:     +0020: 03040501 06075a69 64656e74 69666965 |^^^^^^Zidentifie|
04-09 16:53:02.489  2960  3419 I airplay_v2_0_6:     +0030: 7252736b 52706b4f 10202e39 4141b1e4 |rRskRpkO^ .9AA^^|
04-09 16:53:02.489  2960  3419 I airplay_v2_0_6:     +0040: fefdded6 e5858fa0 75f690a0 111eb40a |^^^^^^^^u^^^^^^^|
04-09 16:53:02.489  2960  3419 I airplay_v2_0_6:     +0050: 866c4b01 ed9d0d2a 00124f10 206b54d9 |
04-09 16:53:02.489  2960  3419 I airplay_v2_0_6: ^lK^^^^*^^O^ kT^|
04-09 16:53:02.489  2960  3419 I airplay_v2_0_6:     +0060: 8b1b003f e07eeaa2 3fd4525d 9fd15950 |^^^?^~^^?^R]^^YP|
04-09 16:53:02.489  2960  3419 I airplay_v2_0_6:     +0070: 8ff0d75e 1672b844 01c3ef96 60080b1f |^^^^^r^D^^^^`^^^|
04-09 16:53:02.489  2960  3419 I airplay_v2_0_6:     +0080: 26313437 5a000000 00000001 01000000 |&147Z^^^^^^^^^^^|
04-09 16:53:02.489  2960  3419 I airplay_v2_0_6:     +0090: 
04-09 16:53:02.489  2960  3419 I airplay_v2_0_6: 00000000 08000000 00000000 00000000 |^^^^^^^^^^^^^^^^|
04-09 16:53:02.489  2960  3419 I airplay_v2_0_6:     +00A0: 00000000 7d                         |^^^^}           |
04-09 16:53:02.490  2710  2710 I lucitransport: readRemoteMessage() MID char = 90 buffer = Lyric Speaker Box 21f384
04-09 16:53:02.492  2960  3396 I airplay_v2_0_6: 2022-04-09 04:23:02.491622 [AirPlay] Registering Bonjour _airplay._tcp. port 7000
04-09 16:53:02.493  2960  3419 I airplay_v2_0_6: 2022-04-09 04:23:02.493785 [AirPlayDemo] AirPlayDemoServerCopyProperty Password is <<NULL>>
04-09 16:53:02.495  2960  3421 I airplay_v2_0_6: 2022-04-09 04:23:02.495137 [AirPlayDemo] AirPlayDemoServerCopyProperty Password is <<NULL>>
04-09 16:53:02.495  2710  2710 I lucitransport: readRemoteMessage() MID char = 90 buffer = Lyric Speaker Box 21f384
04-09 16:53:02.497  2960  3396 I airplay_v2_0_6: 2022-04-09 04:23:02.497004 [AirPlay] Registering Bonjour CC909321F384@Lyric Speaker Box 21f384._raop._tcp. port 7000
04-09 16:53:02.497  2960  3396 I airplay_v2_0_6: 2022-04-09 04:23:02.497146 [AirPlay] AirPlay servers started
04-09 16:53:02.568  3091  3091 I cast_shell: [3094:3132:INFO:metrics_recorder.cc(282)] Record action: Setup.version.BLE
04-09 16:53:02.597  3091  3091 I cast_shell: [3094:3132:INFO:metrics_recorder.cc(282)] Record action: Setup.tos_accepted.BLE
04-09 16:53:02.627  3091  3091 I cast_shell: [3094:3132:INFO:metrics_recorder.cc(282)] Record action: Setup.state.BLE
04-09 16:53:02.657  3091  3091 I cast_shell: [3094:3132:INFO:metrics_recorder.cc(282)] Record action: Setup.ip_address.BLE
04-09 16:53:04.132  2961  2977 I SPOTIFY : ConnectionNotify event(0-Login, 1-Logout, rest Error) = 7 
04-09 16:53:04.168  2731  2741 I HttpTimeSync: Http time synced
04-09 16:53:04.514  3091  3091 I cast_shell: [3094:3132:INFO:metrics_recorder.cc(282)] Record action: Setup.version.BLE
04-09 16:53:04.543  3091  3091 I cast_shell: [3094:3132:INFO:metrics_recorder.cc(282)] Record action: Setup.tos_accepted.BLE
04-09 16:53:04.573  3091  3091 I cast_shell: [3094:3132:INFO:metrics_recorder.cc(282)] Record action: Setup.state.BLE
04-09 16:53:04.603  3091  3091 I cast_shell: [3094:3132:INFO:metrics_recorder.cc(282)] Record action: Setup.ip_address.BLE
04-09 16:53:05.159  3091  3091 I cast_shell: [3094:3132:INFO:metrics_recorder.cc(282)] Record action: Setup.version.BLE
04-09 16:53:05.187  3091  3091 I cast_shell: [3094:3132:INFO:metrics_recorder.cc(282)] Record action: Setup.tos_accepted.BLE
04-09 16:53:05.217  3091  3091 I cast_shell: [3094:3132:INFO:metrics_recorder.cc(282)] Record action: Setup.state.BLE
04-09 16:53:05.244  3091  3091 I cast_shell: [3094:3102:INFO:connectivity_checker_impl.cc(144)] Change check url=http://connectivitycheck.gstatic.com/generate_204
04-09 16:53:05.244  3091  3091 I cast_shell: [3094:3102:INFO:connectivity_checker_impl.cc(148)] Global connection is: Up
04-09 16:53:05.244  3094  3100 E         : OOBE CheckUpdate
04-09 16:53:05.246  3091  3091 I cast_shell: [3094:3094:INFO:api_reboot.cc(321)] active_activities count=0
04-09 16:53:05.246  3091  3091 I cast_shell: [3094:3094:INFO:cloud_settings_manager.cc(431)] Connectivity established. Reconciling cloud settings.
04-09 16:53:05.246  3091  3091 I cast_shell: [3094:3094:INFO:cloud_settings_manager.cc(195)] Cloud settings is disabled.
04-09 16:53:05.246  3091  3091 I cast_shell: [3094:3094:INFO:lycra_gcm.cc(121)] Registering GCM handler.
04-09 16:53:05.246  3091  3091 I cast_shell: [3094:3094:INFO:gcm_manager.cc(258)] Enabling GCM Driver
04-09 16:53:05.246  3091  3091 I cast_shell: [3094:3094:INFO:ccs_transport_gcm.cc(102)] Registering GCM handler
04-09 16:53:05.246  3091  3091 I cast_shell: [3094:3100:INFO:update_engine_client_with_system_updater.cc(216)] Network first connected, check system force update
04-09 16:53:05.246  3091  3091 I cast_shell: [system_updater_dummy.cpp(109)] CheckUpdate
04-09 16:53:05.257  3091  3091 I cast_shell: [3094:3132:WARNING:setup_manager_impl.cc(1100)] NAT not supported, no captive portal support.
04-09 16:53:05.259  2964  2990 I otamanager: cast_updater_threadEntry() Response 'CheckUpdate' Current Firmware Update state 'Idle'
04-09 16:53:05.261  3091  3091 I cast_shell: [3094:3132:INFO:metrics_recorder.cc(282)] Record action: Setup.ip_address.BLE
04-09 16:53:05.262  2964  2990 I otamanager: DownloadHttpContent firmware version = eng.C4A.1203
04-09 16:53:05.265  3091  3091 I cast_shell: [3094:3132:INFO:setup_state.cc(261)] Setup state changed: SETUP_STATE_CHECKING_GLOBAL_CONNECTIVITY (50) -> SETUP_STATE_CONNECTED_WIFI_NOT_SAVED (61)
04-09 16:53:05.276  3091  3091 I cast_shell: [3094:3094:INFO:device_info_impl.cc(1094)] Primary netif changed: new=wlan0, old=usb0
04-09 16:53:05.276  3091  3091 I cast_shell: [3094:3094:INFO:device_info_impl.cc(1103)] Primary IP address changed: netif=wlan0, new=192.168.1.145, old=192.168.10.1
04-09 16:53:05.276  3091  3091 I cast_shell: [3094:3094:INFO:cast_receiver_impl.cc(1612)] mDNS Discovery stopped.
04-09 16:53:05.284  3091  3091 I cast_shell: [3094:3094:INFO:cast_receiver_impl.cc(1679)] Network is globally connected. Schedule config downloading if necessary.
04-09 16:53:05.285  2958  3169 I LibreCastControlDelegate: OnCastStatus() +++ Lyric Speaker Box 21f384:0xaafb5198:NOT_SETUP
04-09 16:53:05.285  2958  3169 I LibreCastControlDelegate: Device Build Number -> '1.52.272222'
04-09 16:53:05.285  2958  3169 I librecast: updateCastBuildVersion() Version 1.52.272222
04-09 16:53:05.286  2710  2710 I lucitransport: readRemoteMessage() MID char = 7 buffer = 1.52.272222
04-09 16:53:05.286  2958  3169 I LibreCastControlDelegate: Active Applications -> 0
04-09 16:53:05.286  2958  3169 I LibreCastControlDelegate: Current Cast State '2' -> 'NOT_SETUP'
04-09 16:53:05.286  2958  3169 I LibreCastControlDelegate: OnCastStatus() ---
04-09 16:53:05.290  3091  3091 I cast_shell: [3094:3094:INFO:cast_receiver_impl.cc(1685)] Network is globally connected. Schedule crl downloading if necessary.
04-09 16:53:05.290  3091  3091 I cast_shell: [3094:3142:INFO:mdns_app_filter.cc(1702)] MdnsAppFilter is stopping
04-09 16:53:05.290  3091  3091 I cast_shell: [3094:3142:INFO:metrics_recorder.cc(282)] cast event: Cast.Discovery.Mdns.ResponderStopped
04-09 16:53:05.290  3091  3091 I cast_shell: [3094:3132:WARNING:setup_manager_impl.cc(1136)] NAT not supported, no captive portal support.
04-09 16:53:05.290  3091  3091 I cast_shell: [3094:3142:INFO:mdns_app_filter.cc(1709)] MdnsAppFilter is stopping; closing socket: address=192.168.2.1
04-09 16:53:05.290  3091  3091 I cast_shell: [3094:3142:INFO:metrics_recorder.cc(282)] cast event: Cast.Discovery.Mdns.SocketDestroyed
04-09 16:53:05.290  3091  3091 I cast_shell: [3094:3142:INFO:mdns_app_filter.cc(1709)] MdnsAppFilter is stopping; closing socket: address=192.168.10.1
04-09 16:53:05.290  3091  3091 I cast_shell: [3094:3142:INFO:metrics_recorder.cc(282)] cast event: Cast.Discovery.Mdns.SocketDestroyed
04-09 16:53:05.290  3091  3091 I cast_shell: [3094:3143:INFO:transport_creds.cc(151)] Self-signed certificate created: CN=55197457-d55d-5f1e-7f54-b38bd021d851
04-09 16:53:05.290  3091  3091 I cast_shell: [3094:3094:INFO:crl_downloader.cc(366)] Downloading crl: url=https://clients5.google.com/cast/chromecast/device/crl
04-09 16:53:05.290  3091  3091 I cast_shell: [3094:3094:INFO:cast_receiver_impl.cc(1695)] Network is globally connected. Refreshing CcsManager.
04-09 16:53:05.328  3091  3091 I cast_shell: [3094:3094:INFO:config_downloader.cc(489)] Downloading config: headers (excl. auth) ='Accept: application/protobuf', url=https://clients5.google.com/cast/chromecast/device/baseconfig?m=LSB&M=COTODAMA&p=LS10+Platform&b=1.52.272222&c=wifi&r=beta-channel&pt=3&ln=&d=DE4F95FFA64D5E74B026&at=1
04-09 16:53:05.417  3091  3091 I cast_shell: [3094:3145:INFO:multizone_manager.cc(2131)] Updated leader quality: 49807409
04-09 16:53:05.420  2958  3169 I LibreCastControlDelegate: OnCastStatus() +++ Lyric Speaker Box 21f384:0xaafb5198:NOT_SETUP
04-09 16:53:05.420  2958  3169 I LibreCastControlDelegate: Device Build Number -> '1.52.272222'
04-09 16:53:05.420  2958  3169 I librecast: updateCastBuildVersion() Version 1.52.272222
04-09 16:53:05.420  2710  2710 I lucitransport: readRemoteMessage() MID char = 7 buffer = 1.52.272222
04-09 16:53:05.420  2958  3169 I LibreCastControlDelegate: Active Applications -> 0
04-09 16:53:05.420  2958  3169 I LibreCastControlDelegate: Current Cast State '2' -> 'NOT_SETUP'
04-09 16:53:05.420  2958  3169 I LibreCastControlDelegate: OnCastStatus() ---
04-09 16:53:05.423  3091  3091 I cast_shell: [3094:3142:INFO:metrics_recorder.cc(282)] cast event: Cast.Discovery.Mdns.SocketCreated
04-09 16:53:05.423  3091  3091 I cast_shell: [3094:3142:INFO:mdns_app_filter.cc(1254)] Created mDNS socket for interface:name=wlan0, address=192.168.1.145, index=5
04-09 16:53:05.423  3091  3091 I cast_shell: [3094:3142:INFO:metrics_recorder.cc(282)] cast event: Cast.Discovery.Mdns.SocketCreated
04-09 16:53:05.423  3091  3091 I cast_shell: [3094:3142:INFO:mdns_app_filter.cc(1254)] Created mDNS socket for interface:name=p2p1, address=192.168.2.1, index=7
04-09 16:53:05.423  3091  3091 I cast_shell: [3094:3142:INFO:metrics_recorder.cc(282)] cast event: Cast.Discovery.Mdns.SocketCreated
04-09 16:53:05.424  3091  3091 I cast_shell: [3094:3142:INFO:mdns_app_filter.cc(1254)] Created mDNS socket for interface:name=usb0, address=192.168.10.1, index=9
04-09 16:53:05.424  3091  3091 I cast_shell: [3094:3142:INFO:mdns_app_filter.cc(977)] MdnsAppFilter is starting.
04-09 16:53:05.424  3091  3091 I cast_shell: [3094:3142:INFO:metrics_recorder.cc(282)] cast event: Cast.Discovery.Mdns.ResponderStarted
04-09 16:53:05.424  3091  3091 I cast_shell: [3094:3142:INFO:discovered_service_client.cc(78)] Primary interface for service discovery has changed: ifindex=5
04-09 16:53:05.426  3091  3091 I cast_shell: [3094:3094:INFO:mdns_manager_impl.cc(429)] Successfully updated service: type=_googlezone
04-09 16:53:05.485  2964  2990 I otamanager: OTA:ResolveDNSName IP = 52.45.59.166
04-09 16:53:05.485  2964  2990 I otamanager: OTA:hostIp string: https://52.45.59.166/v1
04-09 16:53:05.485  2964  2990 I otamanager: OTA: trying after 2 sec 
04-09 16:53:05.510  3091  3091 I cast_shell: [3094:3102:INFO:parent_tracker.cc(237)] Network changed
04-09 16:53:05.510  3091  3091 I cast_shell: [3094:3102:INFO:parent_tracker.cc(135)] Now using local address [PII](192.168.1.145)
04-09 16:53:05.510  3091  3091 I cast_shell: [3094:3102:INFO:directory_service_impl.cc(200)] This device became root
04-09 16:53:05.510  3091  3091 I cast_shell: [3094:3132:INFO:local_network_info_impl.cc(435)] LNID_W changed:
04-09 16:53:05.511  3091  3091 I cast_shell: [3094:3102:INFO:parent_tracker.cc(237)] Network changed
04-09 16:53:05.511  3091  3091 I cast_shell: [3094:3102:INFO:parent_tracker.cc(132)] No need to recreate socket
04-09 16:53:05.516  3091  3091 I cast_shell: [3094:3424:INFO:net_util_impl.cc(582)] IP address: [PII](192.168.1.1) MAC address: [PII](C8:B3:73:44:AE:ED)
04-09 16:53:05.516  3091  3091 I cast_shell: [3094:3424:INFO:local_network_info_impl.cc(346)] LNID changed:
04-09 16:53:05.516  3091  3091 I cast_shell: [3094:3094:INFO:ccs_manager_impl.cc(1789)] LNID has changed; Will re-register CCS
04-09 16:53:05.518  3091  3091 I cast_shell: [3094:3424:INFO:net_util_impl.cc(582)] IP address: [PII](192.168.1.1) MAC address: [PII](C8:B3:73:44:AE:ED)
04-09 16:53:05.804  3091  3091 I cast_shell: [3094:3132:INFO:metrics_recorder.cc(282)] Record action: Setup.version.BLE
04-09 16:53:05.832  3091  3091 I cast_shell: [3094:3132:INFO:metrics_recorder.cc(282)] Record action: Setup.tos_accepted.BLE
04-09 16:53:05.878  3091  3091 I cast_shell: [3094:3132:INFO:metrics_recorder.cc(282)] Record action: Setup.state.BLE
04-09 16:53:05.907  3091  3091 I cast_shell: [3094:3132:INFO:metrics_recorder.cc(282)] Record action: Setup.ip_address.BLE
04-09 16:53:05.956  3091  3091 I cast_shell: [3094:3132:INFO:ble_setup.cc(322)] Record action: Setup.set_eureka_info.BLE
04-09 16:53:05.959  3091  3091 I cast_shell: [3094:3132:INFO:timezone_settings.cc(288)] Setting system timezone to Asia/Kolkata
04-09 16:53:05.959  3091  3091 I cast_shell: [3094:3145:INFO:multizone_group.cc(357)] Change name for group [PII](ACA2A7C77DE1160B0FE0842DDA235683) to [PII](Bedroom speaker 2)
04-09 16:53:05.959  3091  3091 I cast_shell: [3094:3132:INFO:locale_manager.cc(511)] New timezone: Asia/Kolkata
04-09 16:53:05.959  3091  3091 I cast_shell: [3094:3132:INFO:locale_manager.cc(539)] New time format: 24-hour
04-09 16:53:05.965  3091  3091 I cast_shell: [3094:3094:INFO:device_info_impl.cc(1133)] SSDP Config ID is increased: id=4
04-09 16:53:05.965  3091  3091 I cast_shell: [3094:3094:INFO:device_info_impl.cc(1133)] SSDP Config ID is increased: id=5
04-09 16:53:05.967  2734  2763 I bluetoothtbd: [0409/042305.967299:INFO:adapter.cc(551)] Adapter properties changed
