04-09 17:18:14.966  3076  3076 I cast_shell: [3079:3101:INFO:mixer_input_connection.cc(208)] Create 0xf446e9a8 (no_delay), content type: media, focus type: media, fill size: 512, algorithm fill size: 240, channel count: 2, input sample rate: 48000, start threshold: 3360, max queue size: 9600, socket: 0xf44568e0
04-09 17:18:14.996  3076  3076 I cast_shell: [3079:3100:INFO:mixer_output_stream_alsa.cc(293)] snd_pcm_close: handle=0xf3047b68
04-09 17:18:15.014  3076  3076 I cast_shell: [3079:3100:INFO:mixer_output_stream_alsa.cc(171)] snd_pcm_open: handle=0xf303e8f0
04-09 17:18:15.015  3076  3076 I cast_shell: [3079:3100:INFO:mixer_output_stream_alsa.cc(346)] Sample rate changed from 48000 to 48000
04-09 17:18:15.015  3076  3076 I cast_shell: [3079:3100:INFO:filter_group.cc(340)] : 2ch@48000hz -> [GROUP]mix -> 2ch@48000hz
04-09 17:18:15.015  3076  3076 I cast_shell: [3079:3100:INFO:filter_group.cc(340)] [GROUP]mix: 2ch@48000hz -> [GROUP]linearize -> 2ch@48000hz
04-09 17:18:15.015  3076  3076 I cast_shell: [3079:3096:INFO:media_pipeline_backend_for_mixer.cc(276)] Audio ready to play
04-09 17:18:15.015  3076  3076 I cast_shell: [3079:3099:INFO:stream_mixer.cc(604)] Input source channel count = 2
04-09 17:18:15.015  3076  3076 I cast_shell: [3079:3099:INFO:stream_mixer.cc(607)] Dynamic channel count not enabled; using stereo
04-09 17:18:15.015  3076  3076 I cast_shell: [3079:3099:INFO:stream_mixer.cc(604)] Input source channel count = 2
04-09 17:18:15.015  3076  3076 I cast_shell: [3079:3099:INFO:stream_mixer.cc(607)] Dynamic channel count not enabled; using stereo
04-09 17:18:15.015  3076  3076 I cast_shell: [3079:3099:INFO:stream_mixer.cc(416)] Start with 0 active inputs
04-09 17:18:15.015  3076  3076 I cast_shell: [3079:3099:INFO:stream_mixer.cc(466)] Output 2 channels at 48000 samples per second
04-09 17:18:15.138  3076  3076 I cast_shell: [3079:3087:ERROR:connectivity_checker_impl.cc(265)] Connectivity check failed: 400
04-09 17:18:16.144  3076  3076 I cast_shell: [3079:3087:ERROR:connectivity_checker_impl.cc(265)] Connectivity check failed: 400
04-09 17:18:16.600  3076  3076 I cast_shell: [3079:3099:INFO:mixer_input_connection.cc(589)] End of stream for 0xf446e9a8
04-09 17:18:16.792  3076  3076 I cast_shell: [3079:3101:INFO:mixer_input_connection.cc(386)] Remove 0xf446e9a8
04-09 17:18:16.792  3076  3076 I cast_shell: [3079:3096:INFO:synchronized_sound_player.cc(496)] Finished playing sound
04-09 17:18:16.856  3076  3076 I cast_shell: [3079:3101:INFO:mixer_input_connection.cc(243)] Delete 0xf446e9a8
04-09 17:18:16.856  3076  3076 I cast_shell: [3079:3099:INFO:stream_mixer.cc(683)] Remove input 0xf446e9ac
04-09 17:18:16.856  3076  3076 I cast_shell: [3079:3099:INFO:stream_mixer.cc(774)] Close timeout
04-09 17:18:16.856  3076  3076 I cast_shell: [3079:3099:INFO:stream_mixer.cc(541)] Stop
04-09 17:18:16.857  3076  3076 I cast_shell: [3079:3087:INFO:loopback_audio_input.cc(194)] [REALIGN] loopback interrupted; reason = 4
04-09 17:18:16.857  3076  3076 I cast_shell: [3079:3079:INFO:cast_receiver_mojo.cc(844)] cast event : Cast.Platform.Audio.OutputInterrupted
04-09 17:18:16.941  3076  3076 I cast_shell: [3079:3100:INFO:mixer_output_stream_alsa.cc(293)] snd_pcm_close: handle=0xf303e8f0
04-09 17:18:17.151  3076  3076 I cast_shell: [3079:3087:ERROR:connectivity_checker_impl.cc(265)] Connectivity check failed: 400
04-09 17:18:18.158  3076  3076 I cast_shell: [3079:3087:ERROR:connectivity_checker_impl.cc(265)] Connectivity check failed: 400
04-09 17:18:18.753  3076  3076 I cast_shell: [3079:3079:INFO:grpc_manager_impl.cc(505)] GRPC[uri=[::]:0]: num_pending_calls=0, num_active_handlers=0, num_free_handlers=0
04-09 17:18:18.754  3076  3076 I cast_shell: [3079:3079:INFO:grpc_manager_impl.cc(505)] GRPC[uri=]: num_pending_calls=0, num_active_handlers=0, num_free_handlers=0
04-09 17:18:18.832  3076  3076 I cast_shell: [3079:3079:INFO:grpc_manager_impl.cc(505)] GRPC[uri=unix:/tmp/hcp_ipc_auth.socket]: num_pending_calls=0, num_active_handlers=10, num_free_handlers=0
04-09 17:18:18.836  3076  3076 I cast_shell: [3079:3079:INFO:grpc_manager_impl.cc(505)] GRPC[uri=unix:/tmp/modular_updater/modular_update_service]: num_pending_calls=0, num_active_handlers=0, num_free_handlers=0
04-09 17:18:18.857  3076  3076 I cast_shell: [3079:3079:INFO:metrics_recorder.cc(112)] Metrics stat: total=10
04-09 17:18:18.857  3076  3076 I cast_shell: Setup.eureak_info_keys.BLE=7
04-09 17:18:18.857  3076  3076 I cast_shell: Setup.eureka_info_immutable_basic.BLE=2
04-09 17:18:18.857  3076  3076 I cast_shell: Setup.eureka_info_mutable_reads.BLE=1
04-09 17:18:18.857  3076  3076 I cast_shell: Setup.i8n_info.BLE=7
04-09 17:18:18.857  3076  3076 I cast_shell: Setup.ip_address.BLE=1
04-09 17:18:18.857  3076  3076 I cast_shell: Setup.name_utf8.BLE=1
04-09 17:18:18.858  3076  3076 I cast_shell: Setup.scan_results.BLE=2
04-09 17:18:18.858  3076  3076 I cast_shell: Setup.state.BLE=1
04-09 17:18:18.858  3076  3076 I cast_shell: Setup.tos_accepted.BLE=1
04-09 17:18:18.858  3076  3076 I cast_shell: Setup.version.BLE=1
04-09 17:18:18.996  3076  3076 I cast_shell: [3079:3079:INFO:grpc_manager_impl.cc(505)] GRPC[uri=[::]:8012]: num_pending_calls=0, num_active_handlers=1, num_free_handlers=0
04-09 17:18:19.164  3076  3076 I cast_shell: [3079:3087:ERROR:connectivity_checker_impl.cc(265)] Connectivity check failed: 400
04-09 17:18:58.424  3076  3076 I chatty  : uid=1000(chrome) /bin/logwrapper identical 39 lines
04-09 17:18:59.431  3076  3076 I cast_shell: [3079:3087:ERROR:connectivity_checker_impl.cc(265)] Connectivity check failed: 400
04-09 17:18:59.948  3076  3076 I cast_shell: [3079:3117:INFO:ble_setup.cc(322)] Record action: Setup.connect_wifi.BLE
04-09 17:18:59.956  3076  3076 I cast_shell: [3079:3117:INFO:setup_manager_impl.cc(1965)] New value: pref=tos-accepted, value=1
04-09 17:18:59.956  3076  3076 I cast_shell: [3079:3117:INFO:api_connect_wifi.cc(86)] connect_wifi Auth: 7
04-09 17:18:59.956  3076  3076 I cast_shell: [3079:3117:INFO:api_connect_wifi.cc(90)] connect_wifi Cipher: 4
04-09 17:18:59.956  3076  3076 I cast_shell: [3079:3079:INFO:bluetooth_setup.cc(686)] Disabling connectability: no bonded devices.
04-09 17:18:59.956  3076  3076 I cast_shell: [3079:3079:INFO:cast_receiver_impl.cc(1100)] Leaving discovery-only mode
04-09 17:18:59.956  3076  3076 I cast_shell: [3079:3079:INFO:application_config_manager_impl.cc(566)] Enabling virtual device 015e2900-8358-a4e3-0ca3-b6a923544389
04-09 17:18:59.957  3076  3076 I cast_shell: [3079:3127:INFO:mdns_cast_service.cc(351)] Device discovery state is idle
04-09 17:18:59.957  3076  3076 I cast_shell: [3079:3127:INFO:mdns_util.cc(102)] Defaulting mDNS capabilities for audio-only build
04-09 17:18:59.970  3076  3076 I cast_shell: [3079:3117:INFO:wifi_controller_wpa_supplicant.cc(1188)] strongest_snr=25 wifi_interface_index=0
04-09 17:18:59.989  2735  2772 I bluetoothtbd: [0409/044859.989166:INFO:adapter.cc(551)] Adapter properties changed
04-09 17:18:59.989  3076  3076 I cast_shell: [3079:3117:INFO:api_connect_wifi.cc(159)] [PII] Configuring wifi: ssid=Linksys16717_2G, auth=7, pairwise=4, id=0"
04-09 17:18:59.989  3076  3076 I cast_shell: [3079:3117:INFO:api_connect_wifi.cc(162)] Configuring wifi: otg =0, tethering_mode =0, wifi_auto_save_enabled=0
04-09 17:18:59.989  3076  3076 I cast_shell: [3079:3117:INFO:local_network_info_impl.cc(276)] CONNECTIVITY_ID changed:
04-09 17:18:59.989  3076  3076 I cast_shell: [3079:3117:INFO:setup_state.cc(261)] Setup state changed: SETUP_STATE_DISCONNECTED_EXTERNAL_CLIENT_ACCESSED (11) -> SETUP_STATE_SCANNING (20)
04-09 17:18:59.989  3076  3076 I cast_shell: [3079:3079:INFO:ccs_manager_impl.cc(1799)] Connectivity ID has changed; Will re-register CCS
04-09 17:18:59.989  3076  3076 I cast_shell: [3079:3079:INFO:ccs_manager_impl.cc(851)] Network connectivity down for CcsManager
04-09 17:18:59.989  2713  2725 I yani_server: NetLink Event '-1' Interface-Index '5' WLAN '-1' Ethernet '-1' Parsed-iFill '-1' -> 'INVALID' ifIndex '1' -> 'lo'
04-09 17:18:59.989  3076  3076 I cast_shell: [3079:3117:INFO:bluetooth_manager.cc(115)] Record action: Cast.Bluetooth.DiscoveryMode.Disable
04-09 17:18:59.999  3076  3076 I cast_shell: [3079:3117:INFO:setup_state.cc(261)] Setup state changed: SETUP_STATE_SCANNING (20) -> SETUP_STATE_CHECKING_GLOBAL_CONNECTIVITY (50)
04-09 17:19:00.004  2960  3154 I LibreCastControlDelegate: OnCastStatus() +++ Lyric Speaker Box 21f384:0xac6f5198:OFFLINE
04-09 17:19:00.005  2960  3154 I LibreCastControlDelegate: Device Build Number -> '1.52.272222'
04-09 17:19:00.005  2960  3154 I librecast: updateCastBuildVersion() Version 1.52.272222
04-09 17:19:00.005  2714  2714 I lucitransport: readRemoteMessage() MID char = 7 buffer = 1.52.272222
04-09 17:19:00.005  2960  3154 I LibreCastControlDelegate: Active Applications -> 0
04-09 17:19:00.005  2960  3154 I LibreCastControlDelegate: Current Cast State '3' -> 'OFFLINE'
04-09 17:19:00.005  2960  3154 I LibreCastControlDelegate: OnCastStatus() ---
04-09 17:19:00.007  2960  3154 I LibreCastControlDelegate: OnCastStatus() +++ Lyric Speaker Box 21f384:0xac6f5198:OFFLINE
04-09 17:19:00.007  2960  3154 I LibreCastControlDelegate: Device Build Number -> '1.52.272222'
04-09 17:19:00.007  2960  3154 I librecast: updateCastBuildVersion() Version 1.52.272222
04-09 17:19:00.007  2714  2714 I lucitransport: readRemoteMessage() MID char = 7 buffer = 1.52.272222
04-09 17:19:00.008  2960  3154 I LibreCastControlDelegate: Active Applications -> 0
04-09 17:19:00.008  2960  3154 I LibreCastControlDelegate: Current Cast State '3' -> 'OFFLINE'
04-09 17:19:00.008  2960  3154 I LibreCastControlDelegate: OnCastStatus() ---
04-09 17:19:00.008  2960  3154 I LibreCastControlDelegate: OnCastStatus() +++ Lyric Speaker Box 21f384:0xac6f5198:OFFLINE
04-09 17:19:00.008  2960  3154 I LibreCastControlDelegate: Device Build Number -> '1.52.272222'
04-09 17:19:00.008  2960  3154 I librecast: updateCastBuildVersion() Version 1.52.272222
04-09 17:19:00.008  2714  2714 I lucitransport: readRemoteMessage() MID char = 7 buffer = 1.52.272222
04-09 17:19:00.438  3076  3076 I cast_shell: [3079:3087:ERROR:connectivity_checker_impl.cc(265)] Connectivity check failed: 400
04-09 17:19:00.507  3076  3076 I cast_shell: [3079:3117:INFO:metrics_recorder.cc(282)] Record action: Setup.version.BLE
04-09 17:19:00.535  3076  3076 I cast_shell: [3079:3117:INFO:metrics_recorder.cc(282)] Record action: Setup.tos_accepted.BLE
04-09 17:19:00.565  3076  3076 I cast_shell: [3079:3117:INFO:metrics_recorder.cc(282)] Record action: Setup.state.BLE
04-09 17:19:00.595  3076  3076 I cast_shell: [3079:3117:INFO:metrics_recorder.cc(282)] Record action: Setup.ip_address.BLE
04-09 17:19:00.963  3076  3076 I cast_shell: [3079:3079:INFO:grpc_service_discovery_impl.cc(185)] Mdns discovered google RPC for [PII](281CD08793FFB88291ED527B823FA582).
04-09 17:19:01.136  3076  3076 I cast_shell: [3079:3117:INFO:metrics_recorder.cc(282)] Record action: Setup.version.BLE
04-09 17:19:01.165  3076  3076 I cast_shell: [3079:3117:INFO:metrics_recorder.cc(282)] Record action: Setup.tos_accepted.BLE
04-09 17:19:01.195  3076  3076 I cast_shell: [3079:3117:INFO:metrics_recorder.cc(282)] Record action: Setup.state.BLE
04-09 17:19:01.225  3076  3076 I cast_shell: [3079:3117:INFO:metrics_recorder.cc(282)] Record action: Setup.ip_address.BLE
04-09 17:19:01.444  3076  3076 I cast_shell: [3079:3087:ERROR:connectivity_checker_impl.cc(265)] Connectivity check failed: 400
04-09 17:19:01.766  3076  3076 I cast_shell: [3079:3117:INFO:metrics_recorder.cc(282)] Record action: Setup.version.BLE
04-09 17:19:01.795  3076  3076 I cast_shell: [3079:3117:INFO:metrics_recorder.cc(282)] Record action: Setup.tos_accepted.BLE
04-09 17:19:01.825  3076  3076 I cast_shell: [3079:3117:INFO:metrics_recorder.cc(282)] Record action: Setup.state.BLE
04-09 17:19:01.855  3076  3076 I cast_shell: [3079:3117:INFO:metrics_recorder.cc(282)] Record action: Setup.ip_address.BLE
04-09 17:19:01.967  3076  3076 I cast_shell: [3079:3127:INFO:mdns_app_filter.cc(1526)] MdnsAppFilter: Done announcing.
04-09 17:19:02.411  3076  3076 I cast_shell: [3079:3117:INFO:metrics_recorder.cc(282)] Record action: Setup.version.BLE
04-09 17:19:02.440  3076  3076 I cast_shell: [3079:3117:INFO:metrics_recorder.cc(282)] Record action: Setup.tos_accepted.BLE
04-09 17:19:02.451  3076  3076 I cast_shell: [3079:3087:ERROR:connectivity_checker_impl.cc(265)] Connectivity check failed: 400
04-09 17:19:02.470  3076  3076 I cast_shell: [3079:3117:INFO:metrics_recorder.cc(282)] Record action: Setup.state.BLE
04-09 17:19:02.500  3076  3076 I cast_shell: [3079:3117:INFO:metrics_recorder.cc(282)] Record action: Setup.ip_address.BLE
04-09 17:19:03.040  3076  3076 I cast_shell: [3079:3117:INFO:metrics_recorder.cc(282)] Record action: Setup.version.BLE
04-09 17:19:03.069  3076  3076 I cast_shell: [3079:3117:INFO:metrics_recorder.cc(282)] Record action: Setup.tos_accepted.BLE
04-09 17:19:03.099  3076  3076 I cast_shell: [3079:3117:INFO:metrics_recorder.cc(282)] Record action: Setup.state.BLE
04-09 17:19:03.130  3076  3076 I cast_shell: [3079:3117:INFO:metrics_recorder.cc(282)] Record action: Setup.ip_address.BLE
04-09 17:19:03.359  2712  2712 I wpa_supplicant: wlan0: Selected BSS :ef (level:-46 noise:-62 frequency:2427)
04-09 17:19:03.361  2959  2969 D wac-main: Netlink event
04-09 17:19:03.361  2959  2969 E wac-main: Netlink event 16 Interface Index 5 
04-09 17:19:03.361  2959  2969 E wac-main: Enter poll and wait
04-09 17:19:03.361  2959  2969 D wac-main: Netlink event
04-09 17:19:03.362  2959  2969 E wac-main: Netlink event 16 Interface Index 5 
04-09 17:19:03.362  2959  2969 E wac-main: Enter poll and wait
04-09 17:19:03.366  2713  2725 I yani_server: NetLink Event '-1' Interface-Index '5' WLAN '0' Ethernet '-1' Parsed-iFill '-1' -> 'INVALID' ifIndex '1' -> 'lo'
04-09 17:19:03.368  2712  2712 I wpa_supplicant: wlan0: SME: Trying to authenticate with c8:b3:73:44:ae:ef (SSID='Linksys16717_2G' freq=2427 MHz)
04-09 17:19:03.369  2713  2725 I chatty  : uid=0(root) YaniServer identical 1 line
04-09 17:19:03.370  2713  2725 I yani_server: NetLink Event '-1' Interface-Index '5' WLAN '0' Ethernet '-1' Parsed-iFill '-1' -> 'INVALID' ifIndex '1' -> 'lo'
04-09 17:19:03.408  3156  3156 I hostapd : p2p0: IEEE 802.11 driver had channel switch: freq=2427, ht=1, vht_ch=0x0, offset=0, width=1 (20 MHz), cf1=2427, cf2=0
04-09 17:19:03.409  2978  2978 I hostapd : p2p1: IEEE 802.11 driver had channel switch: freq=2427, ht=1, vht_ch=0x0, offset=0, width=1 (20 MHz), cf1=2427, cf2=0
04-09 17:19:03.410  2959  2969 D wac-main: Netlink event
04-09 17:19:03.410  2959  2969 E wac-main: Netlink event 16 Interface Index 5 
04-09 17:19:03.410  2959  2969 E wac-main: Enter poll and wait
04-09 17:19:03.410  2959  2969 D wac-main: Netlink event
04-09 17:19:03.410  2959  2969 E wac-main: Netlink event 16 Interface Index 5 
04-09 17:19:03.410  2959  2969 E wac-main: Enter poll and wait
04-09 17:19:03.410  2959  2969 D wac-main: Netlink event
04-09 17:19:03.410  2959  2969 E wac-main: Netlink event 16 Interface Index 5 
04-09 17:19:03.410  2959  2969 E wac-main: Enter poll and wait
04-09 17:19:03.410  2959  2969 D wac-main: Netlink event
04-09 17:19:03.410  2959  2969 E wac-main: Netlink event 16 Interface Index 5 
04-09 17:19:03.440  2712  2712 I wpa_supplicant: wlan0: WPA: RX message 3 of 4-Way Handshake from c8:b3:73:44:ae:ef (ver=2)
04-09 17:19:03.441  2712  2712 I wpa_supplicant: wlan0: WPA: Sending EAPOL-Key 4/4
04-09 17:19:03.442  2713  2725 I yani_server: NetLink Event '-1' Interface-Index '5' WLAN '0' Ethernet '-1' Parsed-iFill '-1' -> 'INVALID' ifIndex '1' -> 'lo'
04-09 17:19:03.443  2713  2725 I yani_server: NetLink Event '-1' Interface-Index '5' WLAN '0' Ethernet '-1' Parsed-iFill '-1' -> 'INVALID' ifIndex '1' -> 'lo'
04-09 17:19:03.443  2712  2712 I wpa_supplicant: wlan0: WPA: Key negotiation completed with c8:b3:73:44:ae:ef [PTK=CCMP GTK=TKIP]
04-09 17:19:03.444  2712  2712 I wpa_supplicant: wlan0: CTRL-EVENT-CONNECTED - Connection to c8:b3:73:44:ae:ef completed [id=0 id_str=]
04-09 17:19:03.444  2959  2969 D wac-main: Netlink event
04-09 17:19:03.444  2959  2969 E wac-main: Netlink event 16 Interface Index 5 
04-09 17:19:03.444  2959  2969 E wac-main: Enter poll and wait
04-09 17:19:03.445  2737  2737 D dhcpcd  : wlan0: carrier acquired
04-09 17:19:03.446  2959  2969 D wac-main: Netlink event
04-09 17:19:03.446  2959  2969 E wac-main: Netlink event 16 Interface Index 5 
04-09 17:19:03.446  2959  2969 E wac-main: Enter poll and wait
04-09 17:19:03.451  2960  3154 I LibreCastControlDelegate: OnCastStatus() +++ Lyric Speaker Box 21f384:0xac6f5198:OFFLINE
04-09 17:19:03.451  2960  3154 I LibreCastControlDelegate: Device Build Number -> '1.52.272222'
04-09 17:19:03.451  2960  3154 I librecast: updateCastBuildVersion() Version 1.52.272222
04-09 17:19:03.451  2714  2714 I lucitransport: readRemoteMessage() MID char = 7 buffer = 1.52.272222
04-09 17:19:03.452  2960  3154 I LibreCastControlDelegate: Active Applications -> 0
04-09 17:19:03.452  2960  3154 I LibreCastControlDelegate: Current Cast State '3' -> 'OFFLINE'
04-09 17:19:03.452  2960  3154 I LibreCastControlDelegate: OnCastStatus() ---
04-09 17:19:03.452  2713  2725 I yani_server: NetLink Event '-1' Interface-Index '5' WLAN '0' Ethernet '-1' Parsed-iFill '-1' -> 'INVALID' ifIndex '1' -> 'lo'
04-09 17:19:03.456  2713  2725 I yani_server: NetLink Event '-1' Interface-Index '5' WLAN '7' Ethernet '-1' Parsed-iFill '7' -> 'WLAN0 LINKUP' ifIndex '1' -> 'lo'
04-09 17:19:03.457  2713  2725 I yani_server: saveConfig:537:wlan0
04-09 17:19:03.457  2713  2725 I wifiapi : newconn : 0xabe46be8
04-09 17:19:03.457  2713  2725 I yani_server: saveConfig:544:got handle successfully
04-09 17:19:03.458  2713  2725 I wifiapi : 'STATUS' command returned = 0
04-09 17:19:03.458  3076  3076 I cast_shell: [3079:3087:ERROR:connectivity_checker_impl.cc(265)] Connectivity check failed: 400
04-09 17:19:03.461  2713  2725 I wifiapi : 'SAVE_CONFIG' command returned = 0
04-09 17:19:03.461  2713  2725 E yani_server: wlan0 Status=8 SaveConfig returns=0
04-09 17:19:03.461  2713  2725 I yani_server: SaveConfig return value=0
04-09 17:19:03.462  2713  2725 E WLANP2PIF: WlanP2pif: current chan = 4
04-09 17:19:03.463  2693  2693 I sh      : saveConfig:538:wlan0wlan0 Status=8 SaveConfig returns=0
04-09 17:19:03.463  2713  2725 E yani_wifi: set txpower chan : 4 country : US
04-09 17:19:03.464  2713  2725 E yani_wifi: nrates = 7
04-09 17:19:03.655  3076  3076 I cast_shell: [3079:3117:INFO:metrics_recorder.cc(282)] Record action: Setup.version.BLE
04-09 17:19:03.684  3076  3076 I cast_shell: [3079:3117:INFO:metrics_recorder.cc(282)] Record action: Setup.tos_accepted.BLE
04-09 17:19:03.714  3076  3076 I cast_shell: [3079:3117:INFO:metrics_recorder.cc(282)] Record action: Setup.state.BLE
04-09 17:19:03.744  3076  3076 I cast_shell: [3079:3117:INFO:metrics_recorder.cc(282)] Record action: Setup.ip_address.BLE
04-09 17:19:04.286  3076  3076 I cast_shell: [3079:3117:INFO:metrics_recorder.cc(282)] Record action: Setup.version.BLE
04-09 17:19:04.314  3076  3076 I cast_shell: [3079:3117:INFO:metrics_recorder.cc(282)] Record action: Setup.tos_accepted.BLE
04-09 17:19:04.359  3076  3076 I cast_shell: [3079:3117:INFO:metrics_recorder.cc(282)] Record action: Setup.state.BLE
04-09 17:19:04.390  3076  3076 I cast_shell: [3079:3117:INFO:metrics_recorder.cc(282)] Record action: Setup.ip_address.BLE
04-09 17:19:04.465  3076  3076 I cast_shell: [3079:3087:ERROR:connectivity_checker_impl.cc(265)] Connectivity check failed: 400
04-09 17:19:04.472  2713  2725 I yani_autoip: start_autoip() Interface 'wlan0' Is AutoIP Required 'Yes' Thread-Running 'No' 
04-09 17:19:04.473  2713  2725 E yani_server: YANI: I am Done Wait For Event 
04-09 17:19:04.473  2713  2725 I yani_kernel: yani_geteventfrom_changeaddr() Message-Id '1' Netlink event '16' Interface Index '5' -> Name 'wlan0' 
04-09 17:19:04.475  2713  3347 I yani_autoip: Setting autoiptimer to 70000
04-09 17:19:04.476  2713  2725 I yani_kernel: yani_geteventfrom_changeaddr() Message-Id '1' Netlink event '16' Interface Index '5' -> Name 'wlan0' 
04-09 17:19:04.477  2713  2725 I yani_kernel: yani_geteventfrom_changeaddr() Message-Id '1' Netlink event '16' Interface Index '5' -> Name 'wlan0' 
04-09 17:19:04.487  3346  3346 E dhcpcd  : control_open: Connection refused
04-09 17:19:04.488  3346  3346 E dhcpcd  : eth0: interface not found or invalid
04-09 17:19:04.489  2959  2969 D wac-main: Netlink event
04-09 17:19:04.489  2959  2969 E wac-main: Netlink event 16 Interface Index 5 
04-09 17:19:04.489  3346  3346 D dhcpcd  : wlan0: adding address fe80::ce90:93ff:fe21:f384
04-09 17:19:04.489  2959  2969 E wac-main: Enter poll and wait
04-09 17:19:04.492  2713  2725 I yani_kernel: yani_geteventfrom_changeaddr() Message-Id '1' Netlink event '16' Interface Index '5' -> Name 'wlan0' 
04-09 17:19:04.589  3346  3346 E dhcpcd  : error writing DUID: /etc/dhcpcd/dhcpcd.duid: Read-only file system
04-09 17:19:04.589  3346  3346 D dhcpcd  : DUID 00:03:00:01:cc:90:93:21:f3:84
04-09 17:19:04.589  3346  3346 D dhcpcd  : wlan0: IAID 93:21:f3:84
04-09 17:19:04.702  2734  2744 I NetworkMonitor: turn off power-save
04-09 17:19:04.709  2734  2744 E DNSResolver: Error in connect: Network is unreachable
04-09 17:19:04.710  2734  2744 I chatty  : uid=0(root) /bin/net_mgr identical 4 lines
04-09 17:19:04.710  2734  2744 E DNSResolver: Error in connect: Network is unreachable
04-09 17:19:04.710  2734  2744 E HttpTimeSync: Error resolve name clients1.google.com
04-09 17:19:04.727  2734  2744 E HttpTimeSync: Error in curl perform, returns 6: Couldn't resolve host name
04-09 17:19:04.729  2734  2744 E HttpTimeSync: Failed in getting HTTP header from http://clients1.google.com/generate_204
04-09 17:19:04.930  3076  3076 I cast_shell: [3079:3117:INFO:metrics_recorder.cc(282)] Record action: Setup.version.BLE
04-09 17:19:04.959  3076  3076 I cast_shell: [3079:3117:INFO:metrics_recorder.cc(282)] Record action: Setup.tos_accepted.BLE
04-09 17:19:04.989  3076  3076 I cast_shell: [3079:3117:INFO:metrics_recorder.cc(282)] Record action: Setup.state.BLE
04-09 17:19:05.019  3076  3076 I cast_shell: [3079:3117:INFO:metrics_recorder.cc(282)] Record action: Setup.ip_address.BLE
04-09 17:19:05.080  3346  3346 D dhcpcd  : wlan0: soliciting an IPv6 router
04-09 17:19:05.340  3346  3346 D dhcpcd  : wlan0: soliciting a DHCP lease
04-09 17:19:05.341  3346  3346 D dhcpcd  : wlan0: sending DISCOVER (xid 0x74b5de41), next in -1389223884933316413625475439311331764220772131772576943628775778503383119978386980251179582875040007913260172650399189477056908919424003301152547334236805376497971054499359838126152489597507482638150098307413447338439895022619532867416016545780819675985336699493285888.0 seconds
04-09 17:19:05.471  3076  3076 I cast_shell: [3079:3087:ERROR:connectivity_checker_impl.cc(265)] Connectivity check failed: 400
04-09 17:19:05.491  3076  3076 I cast_shell: [3079:3117:INFO:metrics_recorder.cc(282)] Record action: Setup.eureka_info.Local
04-09 17:19:05.492  3076  3076 I cast_shell: [3079:3117:INFO:metrics_recorder.cc(282)] Record action: Setup.eureka_info.Local.200
04-09 17:19:05.494  2734  2743 E DNSResolver: Error in connect: Network is unreachable
04-09 17:19:05.494  2734  2743 I chatty  : uid=0(root) MonitorThread identical 4 lines
04-09 17:19:05.494  2734  2743 E DNSResolver: Error in connect: Network is unreachable
04-09 17:19:05.494  2734  2743 E HttpTimeSync: Error resolve name clients1.google.com
04-09 17:19:05.495  2734  2743 E HttpTimeSync: Error in curl perform, returns 6: Couldn't resolve host name
04-09 17:19:05.495  2734  2743 E HttpTimeSync: Failed in getting HTTP header from http://clients1.google.com/generate_204
04-09 17:19:05.560  3076  3076 I cast_shell: [3079:3117:INFO:metrics_recorder.cc(282)] Record action: Setup.version.BLE
04-09 17:19:05.589  3076  3076 I cast_shell: [3079:3117:INFO:metrics_recorder.cc(282)] Record action: Setup.tos_accepted.BLE
04-09 17:19:05.619  3076  3076 I cast_shell: [3079:3117:INFO:metrics_recorder.cc(282)] Record action: Setup.state.BLE
04-09 17:19:05.649  3076  3076 I cast_shell: [3079:3117:INFO:metrics_recorder.cc(282)] Record action: Setup.ip_address.BLE
04-09 17:19:06.191  3076  3076 I cast_shell: [3079:3117:INFO:metrics_recorder.cc(282)] Record action: Setup.version.BLE
04-09 17:19:06.219  3076  3076 I cast_shell: [3079:3117:INFO:metrics_recorder.cc(282)] Record action: Setup.tos_accepted.BLE
04-09 17:19:06.250  3076  3076 I cast_shell: [3079:3117:INFO:metrics_recorder.cc(282)] Record action: Setup.state.BLE
04-09 17:19:06.279  3076  3076 I cast_shell: [3079:3117:INFO:metrics_recorder.cc(282)] Record action: Setup.ip_address.BLE
04-09 17:19:06.478  3076  3076 I cast_shell: [3079:3087:ERROR:connectivity_checker_impl.cc(265)] Connectivity check failed: 400
04-09 17:19:06.495  2734  2743 E DNSResolver: Error in connect: Network is unreachable
04-09 17:19:06.496  2734  2743 I chatty  : uid=0(root) MonitorThread identical 4 lines
04-09 17:19:06.496  2734  2743 E DNSResolver: Error in connect: Network is unreachable
04-09 17:19:06.496  2734  2743 E HttpTimeSync: Error resolve name clients1.google.com
04-09 17:19:06.497  2734  2743 E HttpTimeSync: Error in curl perform, returns 6: Couldn't resolve host name
04-09 17:19:06.497  2734  2743 E HttpTimeSync: Failed in getting HTTP header from http://clients1.google.com/generate_204
04-09 17:19:06.713  3076  3076 I cast_shell: [3079:3117:INFO:local_network_info_impl.cc(435)] LNID_W changed:
04-09 17:19:06.719  3076  3076 I cast_shell: [3079:3087:INFO:parent_tracker.cc(237)] Network changed
04-09 17:19:06.720  3076  3076 I cast_shell: [3079:3087:INFO:parent_tracker.cc(120)] Can't use IPv4
04-09 17:19:06.720  3076  3076 I cast_shell: [3079:3087:INFO:parent_tracker.cc(135)] Now using local address [PII](fe80::ce90:93ff:fe21:f384)
04-09 17:19:06.720  3076  3076 I cast_shell: [3079:3087:INFO:directory_service_impl.cc(200)] This device became root
04-09 17:19:06.721  3076  3076 I cast_shell: [3079:3087:INFO:parent_tracker.cc(237)] Network changed
04-09 17:19:06.721  3076  3076 I cast_shell: [3079:3087:INFO:parent_tracker.cc(120)] Can't use IPv4
04-09 17:19:06.721  3076  3076 I cast_shell: [3079:3087:INFO:parent_tracker.cc(132)] No need to recreate socket
04-09 17:19:06.821  3076  3076 I cast_shell: [3079:3117:INFO:metrics_recorder.cc(282)] Record action: Setup.version.BLE
04-09 17:19:06.850  3076  3076 I cast_shell: [3079:3117:INFO:metrics_recorder.cc(282)] Record action: Setup.tos_accepted.BLE
04-09 17:19:06.879  3076  3076 I cast_shell: [3079:3117:INFO:metrics_recorder.cc(282)] Record action: Setup.state.BLE
04-09 17:19:06.909  3076  3076 I cast_shell: [3079:3117:INFO:metrics_recorder.cc(282)] Record action: Setup.ip_address.BLE
04-09 17:19:07.435  3076  3076 I cast_shell: [3079:3117:INFO:metrics_recorder.cc(282)] Record action: Setup.version.BLE
04-09 17:19:07.464  3076  3076 I cast_shell: [3079:3117:INFO:metrics_recorder.cc(282)] Record action: Setup.tos_accepted.BLE
04-09 17:19:07.484  3076  3076 I cast_shell: [3079:3087:ERROR:connectivity_checker_impl.cc(265)] Connectivity check failed: 400
04-09 17:19:07.494  3076  3076 I cast_shell: [3079:3117:INFO:metrics_recorder.cc(282)] Record action: Setup.state.BLE
04-09 17:19:07.497  2734  2743 E DNSResolver: Error in connect: Network is unreachable
04-09 17:19:07.497  2734  2743 I chatty  : uid=0(root) MonitorThread identical 4 lines
04-09 17:19:07.498  2734  2743 E DNSResolver: Error in connect: Network is unreachable
04-09 17:19:07.498  2734  2743 E HttpTimeSync: Error resolve name clients1.google.com
04-09 17:19:07.499  2734  2743 E HttpTimeSync: Error in curl perform, returns 6: Couldn't resolve host name
04-09 17:19:07.499  2734  2743 E HttpTimeSync: Failed in getting HTTP header from http://clients1.google.com/generate_204
04-09 17:19:07.524  3076  3076 I cast_shell: [3079:3117:INFO:metrics_recorder.cc(282)] Record action: Setup.ip_address.BLE
04-09 17:19:08.050  3076  3076 I cast_shell: [3079:3117:INFO:metrics_recorder.cc(282)] Record action: Setup.version.BLE
04-09 17:19:08.079  3076  3076 I cast_shell: [3079:3117:INFO:metrics_recorder.cc(282)] Record action: Setup.tos_accepted.BLE
04-09 17:19:08.109  3076  3076 I cast_shell: [3079:3117:INFO:metrics_recorder.cc(282)] Record action: Setup.state.BLE
04-09 17:19:08.139  3076  3076 I cast_shell: [3079:3117:INFO:metrics_recorder.cc(282)] Record action: Setup.ip_address.BLE
04-09 17:19:08.491  3076  3076 I cast_shell: [3079:3087:ERROR:connectivity_checker_impl.cc(265)] Connectivity check failed: 400
04-09 17:19:08.499  2734  2743 E DNSResolver: Error in connect: Network is unreachable
04-09 17:19:08.499  2734  2743 I chatty  : uid=0(root) MonitorThread identical 4 lines
04-09 17:19:08.500  2734  2743 E DNSResolver: Error in connect: Network is unreachable
04-09 17:19:08.500  2734  2743 E HttpTimeSync: Error resolve name clients1.google.com
04-09 17:19:08.501  2734  2743 E HttpTimeSync: Error in curl perform, returns 6: Couldn't resolve host name
04-09 17:19:08.501  2734  2743 E HttpTimeSync: Failed in getting HTTP header from http://clients1.google.com/generate_204
04-09 17:19:08.680  3076  3076 I cast_shell: [3079:3117:INFO:metrics_recorder.cc(282)] Record action: Setup.version.BLE
04-09 17:19:08.709  3076  3076 I cast_shell: [3079:3117:INFO:metrics_recorder.cc(282)] Record action: Setup.tos_accepted.BLE
04-09 17:19:08.739  3076  3076 I cast_shell: [3079:3117:INFO:metrics_recorder.cc(282)] Record action: Setup.state.BLE
04-09 17:19:08.769  3076  3076 I cast_shell: [3079:3117:INFO:metrics_recorder.cc(282)] Record action: Setup.ip_address.BLE
04-09 17:19:09.175  3346  3346 D dhcpcd  : wlan0: Router Advertisement from fe80::cab3:73ff:fe44:aeed
04-09 17:19:09.175  3346  3346 D dhcpcd  : wlan0: adding address fd70:d3e7:6555:0:ce90:93ff:fe21:f384/64
04-09 17:19:09.175  3346  3346 D dhcpcd  : wlan0: adding address fd70:d3e7:6555:0:24c6:a0ce:9ec7:c41b/64
04-09 17:19:09.176  3346  3346 D dhcpcd  : wlan0: adding route to fd70:d3e7:6555::/64
04-09 17:19:09.177  3346  3346 D dhcpcd  : wlan0: requesting DHCPv6 information
04-09 17:19:09.295  3076  3076 I cast_shell: [3079:3117:INFO:metrics_recorder.cc(282)] Record action: Setup.version.BLE
04-09 17:19:09.324  3076  3076 I cast_shell: [3079:3117:INFO:metrics_recorder.cc(282)] Record action: Setup.tos_accepted.BLE
04-09 17:19:09.354  3076  3076 I cast_shell: [3079:3117:INFO:metrics_recorder.cc(282)] Record action: Setup.state.BLE
04-09 17:19:09.384  3076  3076 I cast_shell: [3079:3117:INFO:metrics_recorder.cc(282)] Record action: Setup.ip_address.BLE
04-09 17:19:09.498  3076  3076 I cast_shell: [3079:3087:ERROR:connectivity_checker_impl.cc(265)] Connectivity check failed: 400
04-09 17:19:09.501  2734  2743 E DNSResolver: Error in connect: Network is unreachable
04-09 17:19:09.502  2734  2743 I chatty  : uid=0(root) MonitorThread identical 4 lines
04-09 17:19:09.502  2734  2743 E DNSResolver: Error in connect: Network is unreachable
04-09 17:19:09.502  2734  2743 E HttpTimeSync: Error resolve name clients1.google.com
04-09 17:19:09.503  2734  2743 E HttpTimeSync: Error in curl perform, returns 6: Couldn't resolve host name
04-09 17:19:09.503  2734  2743 E HttpTimeSync: Failed in getting HTTP header from http://clients1.google.com/generate_204
04-09 17:19:09.728  3076  3076 I cast_shell: [3079:3087:ERROR:connectivity_checker_impl.cc(265)] Connectivity check failed: 400
04-09 17:19:09.925  3076  3076 I cast_shell: [3079:3117:INFO:metrics_recorder.cc(282)] Record action: Setup.version.BLE
04-09 17:19:09.954  3076  3076 I cast_shell: [3079:3117:INFO:metrics_recorder.cc(282)] Record action: Setup.tos_accepted.BLE
04-09 17:19:09.984  3076  3076 I cast_shell: [3079:3117:INFO:metrics_recorder.cc(282)] Record action: Setup.state.BLE
04-09 17:19:10.001  3076  3076 I cast_shell: [3079:3117:ERROR:setup_state.cc(424)] Timeout for state=SETUP_STATE_CHECKING_GLOBAL_CONNECTIVITY(50): move to state=SETUP_STATE_CHECKING_GLOBAL_CONNECTIVITY_BAD_ROUTER_WIFI_NOT_SAVED(51).
04-09 17:19:10.001  3076  3076 I cast_shell: [3079:3117:INFO:setup_state.cc(261)] Setup state changed: SETUP_STATE_CHECKING_GLOBAL_CONNECTIVITY (50) -> SETUP_STATE_CHECKING_GLOBAL_CONNECTIVITY_BAD_ROUTER_WIFI_NOT_SAVED (51)
04-09 17:19:10.005  2960  3154 I LibreCastControlDelegate: OnCastStatus() +++ Lyric Speaker Box 21f384:0xac6f5198:OFFLINE
04-09 17:19:10.005  2960  3154 I LibreCastControlDelegate: Device Build Number -> '1.52.272222'
04-09 17:19:10.005  2960  3154 I librecast: updateCastBuildVersion() Version 1.52.272222
04-09 17:19:10.005  2714  2714 I lucitransport: readRemoteMessage() MID char = 7 buffer = 1.52.272222
04-09 17:19:10.006  2960  3154 I LibreCastControlDelegate: Active Applications -> 0
04-09 17:19:10.006  2960  3154 I LibreCastControlDelegate: Current Cast State '3' -> 'OFFLINE'
04-09 17:19:10.006  2960  3154 I LibreCastControlDelegate: OnCastStatus() ---
04-09 17:19:10.015  3076  3076 I cast_shell: [3079:3117:INFO:metrics_recorder.cc(282)] Record action: Setup.ip_address.BLE
04-09 17:19:10.249  3346  3346 D dhcpcd  : wlan0: sending DISCOVER (xid 0x74b5de41), next in -1389223225393490751896651186403446176433474202755785543515763912250924064695691308396598130181530703040197191137821555319722378827937810452724652209986923232915652020255810398063427036812816961191733068671492410303008718026853406476621174477327115253792134708884144128.0 seconds
04-09 17:19:10.305  3346  3346 D dhcpcd  : wlan0: received OFFER with xid 0x74b5de41
04-09 17:19:10.305  3346  3346 D dhcpcd  : wlan0: offered 192.168.1.145 from 192.168.1.1
04-09 17:19:10.305  3346  3346 D dhcpcd  : wlan0: requesting lease of 192.168.1.145
04-09 17:19:10.305  3346  3346 D dhcpcd  : wlan0: sending REQUEST (xid 0x74b5de41), next in -1389223884933316413625475439311331764220772131772576943628775778503383119978386980251179582875040007913260172650399189477056908919424003301152547334236805376497971054499359838126152489597507482638150098307413447338439895022619532867416016545780819675985336699493285888.0 seconds
04-09 17:19:10.408  3346  3346 D dhcpcd  : wlan0: received ACK with xid 0x74b5de41
04-09 17:19:10.408  3346  3346 D dhcpcd  : wlan0: acknowledged 192.168.1.145 from 192.168.1.1
04-09 17:19:10.408  3346  3346 D dhcpcd  : wlan0: leased 192.168.1.145 for 86400 seconds
04-09 17:19:10.409  3346  3346 D dhcpcd  : wlan0: adding route to 192.168.1.0/24
04-09 17:19:10.410  3346  3346 D dhcpcd  : wlan0: adding default route via 192.168.1.1
04-09 17:19:10.411  2959  2969 D wac-main: Netlink event
04-09 17:19:10.411  2959  2969 E wac-main: Netlink event 20 Interface Index 5 
04-09 17:19:10.411  2959  2969 E wac-main: Enter poll and wait
04-09 17:19:10.411  2713  2725 I yani_kernel: yani_geteventfrom_changeaddr() Message-Id '1' Netlink event '20' Interface Index '5' -> Name 'wlan0' 
04-09 17:19:10.413  2734  2744 I NetworkMonitor: turn off power-save
04-09 17:19:10.422  2713  2725 I yani_server: NetLink Event '2' Interface-Index '5' WLAN '-1' Ethernet '-1' Parsed-iFill '2' -> 'WLAN0 CONNECTED' ifIndex '1' -> 'lo'
04-09 17:19:10.422  2713  2725 I yani_server: doLotofWork() List of interface '5'
04-09 17:19:10.422  2713  2725 I yani_server: doLotofWork() Interface 'wlan0' ifr[0].ifr_name 'lo' ipaddress '127.0.0.1'
04-09 17:19:10.422  2713  2725 I yani_server: doLotofWork() Interface 'wlan0' ifr[1].ifr_name 'wlan0' ipaddress '192.168.1.145'
04-09 17:19:10.422  2713  2725 E yani_server: YANI GOT IP FOR IFACE=wlan0 IP=192.168.1.145 mstatus=0 mifacetype=1
04-09 17:19:10.422  2713  2725 I yani_server: doLotofWork() returns 'REFILL IP ASSIGNED'
04-09 17:19:10.422  2713  2725 I yani_autoip: stop_autoip() Thread-Running 'Yes'
04-09 17:19:10.423  2713  2816 I yani_server: onNetworkParametersChanged() WAC Mode '1'  Index '1' Interface 'wlan0' Status '1'
04-09 17:19:10.423  2713  3347 E yani_autoip: Force Exit AutoIP thread bytes '1' value 'q'
04-09 17:19:10.423  2713  3347 I yani_autoip: Exiting AutoIP thread return poll status 1
04-09 17:19:10.423  2730  2749 I MB_HANDLER: YaniAlert() Interface '1' Status '1'
04-09 17:19:10.423  2730  2749 E MB_HANDLER: SaveWifiSettingToENV
04-09 17:19:10.424  2730  2749 I wifiapi : newconn : 0xf6000c40
04-09 17:19:10.424  2713  2725 E yani_server: YANI: I am Done Wait For Event 
04-09 17:19:10.424  2730  2749 I wifiapi : 'GET_NETWORK 0 ssid' command returned = 0
04-09 17:19:10.424  2730  2749 E MB_HANDLER: save ENV ssid = "Linksys16717_2G"
04-09 17:19:10.438  2714  2714 I lucitransport: writeRemoteMessage() MID = 124 buffer = 1#1,1#2,0#3,1#4,1
04-09 17:19:10.438  2714  2714 I luciUART: write() MID = 124  bytes = 27 data = 1#1,1#2,0#3,1#4,1 m_fd = 0x5
04-09 17:19:10.439  2731  2731 E AirableUIHelper: AirableUIHelper::YaniAlert  1 1 
04-09 17:19:10.439  2731  2731 E AirableUIHelper: Wlan is up
04-09 17:19:10.439  2966  2984 I otamanager: YaniAlert() Interface 1 Status Up
04-09 17:19:10.439  2966  2984 I otamanager: CreateFirmwareUpdateTimerOnYaniAlert done
04-09 17:19:10.440  2962  2996 I airplay-main: YaniAlert Interface 1 Status 1
04-09 17:19:10.440  2714  2714 I lucitransport: readRemoteMessage() MID char = 90 buffer = Lyric Speaker Box 21f384
04-09 17:19:10.445  2714  2722 E luciUART: UART:aa
04-09 17:19:10.445  2714  2722 E luciUART: UART:aa
04-09 17:19:10.445  2714  2722 E luciUART: UART:2
04-09 17:19:10.446  2714  2722 E luciUART: UART:0
04-09 17:19:10.446  2714  2722 E luciUART: UART:d0
04-09 17:19:10.446  2714  2722 E luciUART: UART:0
04-09 17:19:10.446  2714  2722 I chatty  : uid=0(root) UARTLUCIControl identical 2 lines
04-09 17:19:10.447  2714  2722 E luciUART: UART:0
04-09 17:19:10.447  2714  2722 E luciUART: UART:9
04-09 17:19:10.447  2714  2722 I luciUART: read() RemoteID = 43690 Command = 208 Type = 2 Status = 0 DataLen = 9
04-09 17:19:10.447  2714  2722 E luciUART: UART:69
04-09 17:19:10.447  2714  2722 I luciUART: Previous Packet read contd., 
04-09 17:19:10.447  2714  2722 E luciUART: UART:64
04-09 17:19:10.448  2714  2723 E LUCI_SERVER: Luci Server Thread wait over MID 208....
04-09 17:19:10.448  2714  2723 E LUCI_SERVER: Got NV name : ssid
04-09 17:19:10.449  2714  2723 I luciUART: write() MID = 208  bytes = 30 data = ssid:Linksys16717_2G m_fd = 0x5
04-09 17:19:10.449  2714  2723 E LUCI_SERVER: NV_READ response= ssid:Linksys16717_2G
04-09 17:19:10.449  2714  2723 E LUCI_SERVER: Luci Server Thread waiting for packets....
04-09 17:19:10.519  2962  3386 I airplay-main: checkACPAvailability() err 0 -> Present!
04-09 17:19:10.519  2962  3386 D airplay-main: arguments[0] -> airplay_v2 -> airplay_v2
04-09 17:19:10.520  2962  3386 D airplay-main: arguments[1] -> -n -> -n
04-09 17:19:10.520  2962  3386 D airplay-main: arguments[2] -> Lyric Speaker Box 21f384 -> Lyric Speaker Box 21f384
04-09 17:19:10.520  2962  3386 D airplay-main: arguments[3] -> -z -> -z
04-09 17:19:10.521  2962  3386 D airplay-main: arguments[4] -> 1 -> 1
04-09 17:19:10.521  2962  3386 D airplay-main: arguments[5] -> -d -> -d
04-09 17:19:10.521  2962  3386 D airplay-main: arguments[6] -> 47617500 -> 47617500
04-09 17:19:10.521  2962  3386 D airplay-main: Total Number of Arguments 7
04-09 17:19:10.531  2962  3386 I airplay_v2_0_6: 2022-04-09 04:49:10.530213 [AirPlayDemo] homedir /data/ sUserPreferencesDirectoryPath /data//.airplaydemo 
04-09 17:19:10.556  3076  3076 I cast_shell: [3079:3117:INFO:metrics_recorder.cc(282)] Record action: Setup.version.BLE
04-09 17:19:10.584  3076  3076 I cast_shell: [3079:3117:INFO:metrics_recorder.cc(282)] Record action: Setup.tos_accepted.BLE
04-09 17:19:10.608  2962  3386 I airplay-main: checkACPAvailability() err 0 -> Present!
04-09 17:19:10.614  2734  2744 I HttpTimeSync: Building resolve list for clients1.google.com, total 1.
04-09 17:19:10.614  2734  2744 I HttpTimeSync: 	0: 142.251.36.142
04-09 17:19:10.615  3076  3076 I cast_shell: [3079:3117:INFO:metrics_recorder.cc(282)] Record action: Setup.state.BLE
04-09 17:19:10.644  3076  3076 I cast_shell: [3079:3117:INFO:metrics_recorder.cc(282)] Record action: Setup.ip_address.BLE
04-09 17:19:10.696  2962  3408 I airplay_v2_0_6: 2022-04-09 04:49:10.696430 [AirPlayDemo] *********** AirPlayDemoPlatformSetProperty:homeIntegrationData value - 
04-09 17:19:10.696  2962  3408 I airplay_v2_0_6:     +0000: 62706c69 73743030 d101025f 10114343 |bplist00^^^_^^CC| (67 bytes)
04-09 17:19:10.696  2962  3408 I airplay_v2_0_6:     +0010: 3a39303a 39333a32 313a4633 3a3834d0 |:90:93:21:F3:84^|
04-09 17:19:10.696  2962  3408 I airplay_v2_0_6:     +0020: 080b1f00 00000000 00010100 00000000 |^^^^^^^^^^^^^^^^|
04-09 17:19:10.696  2962  3408 I airplay_v2_0_6:     +0030: 00000300 00000000 00000000 00000000 |^^^^^^^^^^^^^^^^|
04-09 17:19:10.696  2962  3408 I airplay_v2_0_6:     +0040: 000020                              |^^              |
04-09 17:19:10.699  2962  3408 I airplay_v2_0_6: 2022-04-09 04:49:10.698970 [AirPlayDemo] AirPlayDemoServerCopyProperty Password is <<NULL>>
04-09 17:19:10.709  2962  3410 I airplay_v2_0_6: 2022-04-09 04:49:10.708424 [AirPlayDemo] *********** AirPlayDemoPlatformSetProperty:homeIntegrationData value - 
04-09 17:19:10.709  2962  3410 I airplay_v2_0_6:     +0000: 62706c69 73743030 d101025f 10114343 |bplist00^^^_^^CC| (165 bytes)
04-09 17:19:10.709  2962  3410 I airplay_v2_0_6:     +0010: 3a39303a 39333a32 313a4633 3a3834d3 |:90:93:21:F3:84^
04-09 17:19:10.709  2962  3410 I airplay_v2_0_6: |
04-09 17:19:10.709  2962  3410 I airplay_v2_0_6:     +0020: 03040501 06075a69 64656e74 69666965 |^^^^^^Zidentifie|
04-09 17:19:10.709  2962  3410 I airplay_v2_0_6:     +0030: 7252736b 52706b4f 1020b8aa e65a978f |rRskRpkO^ ^^^Z^^|
04-09 17:19:10.709  2962  3410 I airplay_v2_0_6:     +0040: d797cc1b bc3e2c1e 7e8db0e1 79eda596 |^^^^^>,^~^^^y^^^|
04-09 17:19:10.709  2962  3410 I airplay_v2_0_6:     +0050: 972faf37 76f1276b 56b54f10 203523f2 |
04-09 17:19:10.709  2962  3410 I airplay_v2_0_6: ^/^7v^'kV^O^ 5#^|
04-09 17:19:10.709  2962  3410 I airplay_v2_0_6:     +0060: 607d76bb cebb7ba6 aef98458 013dfe8d |`}v^^^{^^^^X^=^^|
04-09 17:19:10.709  2962  3410 I airplay_v2_0_6:     +0070: ebee8d20 b40a6cb9 1e1c5f6d 9d080b1f |^^^ ^^l^^^_m^^^^|
04-09 17:19:10.709  2962  3410 I airplay_v2_0_6:     +0080: 26313437 5a000000 00000001 01000000 |&147Z^^^^^^^^^^^|
04-09 17:19:10.709  2962  3410 I airplay_v2_0_6:     +0090: 
04-09 17:19:10.709  2962  3410 I airplay_v2_0_6: 00000000 08000000 00000000 00000000 |^^^^^^^^^^^^^^^^|
04-09 17:19:10.709  2962  3410 I airplay_v2_0_6:     +00A0: 00000000 7d                         |^^^^}           |
04-09 17:19:10.711  2714  2714 I lucitransport: readRemoteMessage() MID char = 90 buffer = Lyric Speaker Box 21f384
04-09 17:19:10.713  2962  3386 I airplay_v2_0_6: 2022-04-09 04:49:10.712591 [AirPlay] Registering Bonjour _airplay._tcp. port 7000
04-09 17:19:10.714  2962  3410 I airplay_v2_0_6: 2022-04-09 04:49:10.714564 [AirPlayDemo] AirPlayDemoServerCopyProperty Password is <<NULL>>
04-09 17:19:10.716  2962  3408 I airplay_v2_0_6: 2022-04-09 04:49:10.716000 [AirPlayDemo] AirPlayDemoServerCopyProperty Password is <<NULL>>
04-09 17:19:10.716  2714  2714 I lucitransport: readRemoteMessage() MID char = 90 buffer = Lyric Speaker Box 21f384
04-09 17:19:10.718  2962  3386 I airplay_v2_0_6: 2022-04-09 04:49:10.718019 [AirPlay] Registering Bonjour CC909321F384@Lyric Speaker Box 21f384._raop._tcp. port 7000
04-09 17:19:10.718  2962  3386 I airplay_v2_0_6: 2022-04-09 04:49:10.718166 [AirPlay] AirPlay servers started
04-09 17:19:10.849  3076  3076 I cast_shell: [3079:3087:ERROR:connectivity_checker_impl.cc(265)] Connectivity check failed: 400
04-09 17:19:11.027  2734  2744 I HttpTimeSync: Http time synced
04-09 17:19:11.027  2734  2744 I NetworkMonitor: turn off power-save
04-09 17:19:11.185  3076  3076 I cast_shell: [3079:3117:INFO:metrics_recorder.cc(282)] Record action: Setup.version.BLE
04-09 17:19:11.214  3076  3076 I cast_shell: [3079:3117:INFO:metrics_recorder.cc(282)] Record action: Setup.tos_accepted.BLE
04-09 17:19:11.244  3076  3076 I cast_shell: [3079:3117:INFO:metrics_recorder.cc(282)] Record action: Setup.state.BLE
04-09 17:19:11.274  3076  3076 I cast_shell: [3079:3117:INFO:metrics_recorder.cc(282)] Record action: Setup.ip_address.BLE
04-09 17:19:12.369  2963  2993 I SPOTIFY : ConnectionNotify event(0-Login, 1-Logout, rest Error) = 7 
04-09 17:19:12.891  3076  3076 I cast_shell: [3079:3117:INFO:metrics_recorder.cc(282)] Record action: Setup.version.BLE
04-09 17:19:12.921  3076  3076 I cast_shell: [3079:3117:INFO:metrics_recorder.cc(282)] Record action: Setup.tos_accepted.BLE
04-09 17:19:12.966  3076  3076 I cast_shell: [3079:3117:INFO:metrics_recorder.cc(282)] Record action: Setup.state.BLE
04-09 17:19:12.995  3076  3076 I cast_shell: [3079:3117:INFO:metrics_recorder.cc(282)] Record action: Setup.ip_address.BLE
04-09 17:19:13.536  3076  3076 I cast_shell: [3079:3117:INFO:metrics_recorder.cc(282)] Record action: Setup.version.BLE
04-09 17:19:13.565  3076  3076 I cast_shell: [3079:3117:INFO:metrics_recorder.cc(282)] Record action: Setup.tos_accepted.BLE
04-09 17:19:13.595  3076  3076 I cast_shell: [3079:3117:INFO:metrics_recorder.cc(282)] Record action: Setup.state.BLE
04-09 17:19:13.625  3076  3076 I cast_shell: [3079:3117:INFO:metrics_recorder.cc(282)] Record action: Setup.ip_address.BLE
04-09 17:19:13.790  3076  3076 I cast_shell: [3079:3087:INFO:connectivity_checker_impl.cc(144)] Change check url=http://connectivitycheck.gstatic.com/generate_204
04-09 17:19:13.790  3076  3076 I cast_shell: [3079:3087:INFO:connectivity_checker_impl.cc(148)] Global connection is: Up
04-09 17:19:13.796  3079  3092 E         : OOBE CheckUpdate
04-09 17:19:13.803  3076  3076 I cast_shell: [3079:3117:WARNING:setup_manager_impl.cc(1100)] NAT not supported, no captive portal support.
04-09 17:19:13.803  2966  2988 I otamanager: cast_updater_threadEntry() Response 'CheckUpdate' Current Firmware Update state 'Idle'
04-09 17:19:13.803  3076  3076 I cast_shell: [3079:3079:INFO:api_reboot.cc(321)] active_activities count=0
04-09 17:19:13.803  2966  2988 I otamanager: checkUpdate_l
04-09 17:19:13.803  3076  3076 I cast_shell: [3079:3079:INFO:lycra_gcm.cc(121)] Registering GCM handler.
04-09 17:19:13.803  2966  2988 I otamanager: Firmware Update State Change from Idle to CheckUpdate
04-09 17:19:13.803  3076  3076 I cast_shell: [3079:3079:INFO:gcm_manager.cc(258)] Enabling GCM Driver
04-09 17:19:13.803  3076  3076 I cast_shell: [3079:3079:INFO:cloud_settings_manager.cc(431)] Connectivity established. Reconciling cloud settings.
04-09 17:19:13.803  3076  3076 I cast_shell: [3079:3079:INFO:cloud_settings_manager.cc(195)] Cloud settings is disabled.
04-09 17:19:13.803  3076  3076 I cast_shell: [3079:3079:INFO:ccs_transport_gcm.cc(102)] Registering GCM handler
04-09 17:19:13.803  3076  3076 I cast_shell: [3079:3128:INFO:v2_transport.cc(681)] V2TransportImpl::CreatSelfSignedCertificateWithKey called.
04-09 17:19:13.823  3076  3076 I cast_shell: [3079:3127:INFO:metrics_recorder.cc(282)] cast event: Cast.Discovery.Mdns.ResponderStopped
04-09 17:19:13.823  3076  3076 I cast_shell: [3079:3127:INFO:mdns_app_filter.cc(1709)] MdnsAppFilter is stopping; closing socket: address=192.168.2.1
04-09 17:19:13.824  3076  3076 I cast_shell: [3079:3127:INFO:metrics_recorder.cc(282)] cast event: Cast.Discovery.Mdns.SocketDestroyed
04-09 17:19:13.824  3076  3076 I cast_shell: [3079:3127:INFO:mdns_app_filter.cc(1709)] MdnsAppFilter is stopping; closing socket: address=192.168.10.1
04-09 17:19:13.824  3076  3076 I cast_shell: [3079:3127:INFO:metrics_recorder.cc(282)] cast event: Cast.Discovery.Mdns.SocketDestroyed
04-09 17:19:13.826  2713  2725 I yani_server: NetLink Event '-1' Interface-Index '5' WLAN '0' Ethernet '-1' Parsed-iFill '-1' -> 'INVALID' ifIndex '1' -> 'lo'
04-09 17:19:13.835  3076  3076 I cast_shell: [3079:3128:INFO:transport_creds.cc(151)] Self-signed certificate created: CN=015e2900-8358-a4e3-0ca3-b6a923544389
04-09 17:19:13.836  2960  3154 I LibreCastControlDelegate: OnCastStatus() +++ Lyric Speaker Box 21f384:0xac6f5198:NOT_SETUP
04-09 17:19:13.836  2960  3154 I LibreCastControlDelegate: Device Build Number -> '1.52.272222'
04-09 17:19:13.836  2960  3154 I librecast: updateCastBuildVersion() Version 1.52.272222
04-09 17:19:13.836  2714  2714 I lucitransport: readRemoteMessage() MID char = 7 buffer = 1.52.272222
04-09 17:19:13.837  2960  3154 I LibreCastControlDelegate: Active Applications -> 0
04-09 17:19:13.837  2960  3154 I LibreCastControlDelegate: Current Cast State '2' -> 'NOT_SETUP'
04-09 17:19:13.837  2960  3154 I LibreCastControlDelegate: OnCastStatus() ---
04-09 17:19:13.858  3076  3076 I cast_shell: [3079:3079:INFO:config_downloader.cc(489)] Downloading config: headers (excl. auth) ='Accept: application/protobuf', url=https://clients5.google.com/cast/chromecast/device/baseconfig?m=LSB&M=COTODAMA&p=LS10+Platform&b=1.52.272222&c=wifi&r=beta-channel&pt=3&ln=&d=DE4F95FFA64D5E74B026&at=1
04-09 17:19:13.971  3076  3076 I cast_shell: [3079:3129:INFO:multizone_manager.cc(2131)] Updated leader quality: 49807409
04-09 17:19:13.977  3076  3076 I cast_shell: [3079:3127:INFO:mdns_app_filter.cc(1120)] Skipping IPv6 interface that also has an IPv4 address: wlan0
04-09 17:19:13.977  3076  3076 I chatty  : uid=1000(chrome) /bin/logwrapper identical 2 lines
04-09 17:19:13.977  3076  3076 I cast_shell: [3079:3127:INFO:mdns_app_filter.cc(1120)] Skipping IPv6 interface that also has an IPv4 address: wlan0
