04-09 16:40:41.724  3074  3074 I cast_shell: [3077:3077:INFO:application_identification_settings.cc(410)] new ApplicationIdentificationSettings session_id: ba3400be-e575-4320-bb36-17b168b3cd4c app_id: 38579375 flags: 7 headers: 512
04-09 16:40:41.724  3074  3074 I cast_shell: [3077:3077:INFO:robot_account_auth_manager.cc(470)] Successfully initialized JWT for 38579375
04-09 16:40:41.724  3074  3074 I cast_shell: [3077:3077:INFO:config_downloader.cc(900)] Clearing local config cache
04-09 16:40:41.725  3074  3074 I cast_shell: [3077:3077:INFO:metrics_recorder.cc(282)] Record action: Cast.DCS.DownloadSuccess
04-09 16:40:41.725  3074  3074 I cast_shell: [3077:3077:INFO:key_exchange_namespace_handler.cc(178)] Changing key_exchange_support capability
04-09 16:40:41.726  2975  3152 I LibreCastControlDelegate: OnCastStatus() +++ AAA speaker:0xad220198:NOT_SETUP
04-09 16:40:41.726  2975  3152 I LibreCastControlDelegate: Device Build Number -> '1.52.272222'
04-09 16:40:41.726  2975  3152 I librecast: updateCastBuildVersion() Version 1.52.272222
04-09 16:40:41.727  2711  2711 I lucitransport: readRemoteMessage() MID char = 7 buffer = 1.52.272222
04-09 16:40:41.727  2975  3152 I LibreCastControlDelegate: Active Applications -> 0
04-09 16:40:41.727  2975  3152 I LibreCastControlDelegate: Current Cast State '2' -> 'NOT_SETUP'
04-09 16:40:41.727  2975  3152 I LibreCastControlDelegate: OnCastStatus() ---
04-09 16:40:41.729  3074  3074 I cast_shell: [3077:3077:INFO:mdns_util.cc(102)] Defaulting mDNS capabilities for audio-only build
04-09 16:40:41.730  3074  3074 I cast_shell: [3077:3077:INFO:chromecast_service.cc(2229)] AoGH feature is: 0
04-09 16:40:41.730  3074  3074 I cast_shell: [3077:3126:INFO:mdns_util.cc(102)] Defaulting mDNS capabilities for audio-only build
04-09 16:40:41.730  3074  3074 I cast_shell: [3077:3077:INFO:chromecast_service.cc(2189)] Geolocation changed to: 0
04-09 16:40:41.730  3074  3074 I cast_shell: [3077:3077:INFO:lycra_transport.cc(301)] Feature flag changed: false
04-09 16:40:41.730  3074  3074 I cast_shell: [3077:3077:INFO:chromecast_service.cc(2248)] Playback disruption feature is: 1
04-09 16:40:41.730  3074  3074 I cast_shell: [3077:3077:INFO:playback_disruption_service.cc(328)] Playback disruption service enabled and running
04-09 16:40:41.730  3074  3074 I cast_shell: [3077:3077:INFO:ccs_manager_impl.cc(864)] Re-registering single CCS device
04-09 16:40:41.730  3074  3074 I cast_shell: [3077:3077:WARNING:ccs_manager_impl.cc(1566)] Device does not have a weave device id
04-09 16:40:41.730  3074  3074 I cast_shell: [3077:3077:INFO:mdns_util.cc(102)] Defaulting mDNS capabilities for audio-only build
04-09 16:40:41.730  3074  3074 I cast_shell: [3077:3077:INFO:mdns_util.cc(102)] Defaulting mDNS capabilities for audio-only build
04-09 16:40:41.730  3074  3074 I cast_shell: [3077:3077:INFO:ccs_transport_https.cc(1203)] No cloud settings for register request
04-09 16:40:41.730  3074  3074 I cast_shell: [3077:3077:INFO:application_identification_settings.cc(1120)] CreateJwt in progress; storing callback.
04-09 16:40:41.730  3074  3074 I cast_shell: [3077:3077:INFO:ccs_manager_impl.cc(1496)] Registering device with CCS: message_id = e1daa8d1-a563-48b1-b92f-46d76fea9307
04-09 16:40:41.730  3074  3074 I cast_shell: [3077:3077:INFO:ccs_manager_impl.cc(1497)] [PII] device_id = FF12F689A55AE613E101736EA64EFDF1
04-09 16:40:41.758  3074  3074 I cast_shell: [3077:3077:INFO:metrics_recorder.cc(282)] cast event: Cloud.Transport.Https.Register.Out
04-09 16:40:41.760  3074  3074 I cast_shell: [3077:3077:INFO:application_identification_settings.cc(1331)] CreateJwt completed; running all done signing callbacks.
04-09 16:40:41.760  3074  3074 I cast_shell: [3077:3077:INFO:robot_account_auth_manager.cc(496)] JWT expiry in 3600 seconds
04-09 16:40:41.760  3074  3074 I cast_shell: [3077:3077:INFO:robot_account_auth_manager.cc(384)] Sending oauth request for client_id: 0
04-09 16:40:41.760  3074  3074 I cast_shell: [3077:3077:INFO:metrics_recorder.cc(282)] cast event: Cast.Assistant.Auth.FetchToken
04-09 16:40:41.760  3074  3074 I cast_shell: [3077:3077:INFO:metrics_recorder.cc(282)] cast event: Cloud.Transport.Https.Register.Out
04-09 16:40:41.760  3074  3074 I cast_shell: [3077:3083:INFO:chromium_http_connection.cc(436)] Creating a new chromium http url loader factory
04-09 16:40:41.936  3074  3074 I cast_shell: [system_updater_dummy.cpp(139)] CheckUpdate 139
04-09 16:40:41.936  3074  3074 I cast_shell: [system_updater_dummy.cpp(148)] CheckUpdate 148 return
04-09 16:40:42.312  2974  2984 D wac-main: Netlink event
04-09 16:40:42.312  2974  2984 E wac-main: Netlink event 16 Interface Index 5 
04-09 16:40:42.312  2974  2984 E wac-main: Enter poll and wait
04-09 16:40:42.312  2974  2984 D wac-main: Netlink event
04-09 16:40:42.312  2974  2984 E wac-main: Netlink event 16 Interface Index 5 
04-09 16:40:42.312  2974  2984 E wac-main: Enter poll and wait
04-09 16:40:42.316  2975  3152 I LibreCastControlDelegate: OnCastStatus() +++ AAA speaker:0xad220198:NOT_SETUP
04-09 16:40:42.316  2975  3152 I LibreCastControlDelegate: Device Build Number -> '1.52.272222'
04-09 16:40:42.316  2975  3152 I librecast: updateCastBuildVersion() Version 1.52.272222
04-09 16:40:42.317  2711  2711 I lucitransport: readRemoteMessage() MID char = 7 buffer = 1.52.272222
04-09 16:40:42.317  2975  3152 I LibreCastControlDelegate: Active Applications -> 0
04-09 16:40:42.317  2975  3152 I LibreCastControlDelegate: Current Cast State '2' -> 'NOT_SETUP'
04-09 16:40:42.317  2975  3152 I LibreCastControlDelegate: OnCastStatus() ---
04-09 16:40:42.318  2710  2719 I yani_server: NetLink Event '-1' Interface-Index '5' WLAN '0' Ethernet '-1' Parsed-iFill '-1' -> 'INVALID' ifIndex '1' -> 'lo'
04-09 16:40:42.336  2710  2719 I chatty  : uid=0(root) YaniServer identical 7 lines
04-09 16:40:42.337  2710  2719 I yani_server: NetLink Event '-1' Interface-Index '5' WLAN '0' Ethernet '-1' Parsed-iFill '-1' -> 'INVALID' ifIndex '1' -> 'lo'
04-09 16:40:42.337  2710  2719 I yani_kernel: yani_geteventfrom_changeaddr() Message-Id '1' Netlink event '16' Interface Index '5' -> Name 'wlan0' 
04-09 16:40:42.338  2710  2719 I yani_kernel: yani_geteventfrom_changeaddr() Message-Id '1' Netlink event '16' Interface Index '5' -> Name 'wlan0' 
04-09 16:40:42.475  3074  3074 I cast_shell: [3077:3127:INFO:metrics_recorder.cc(282)] Cast v2 action(socket_id=cfb080b9-4c3c-f59e-8c4d-80b74e3a8323.2): CastV2.Connection.Connect.In
04-09 16:40:42.476  3074  3074 I cast_shell: [3077:3077:INFO:application_config_manager_impl.cc(637)] Virtual device not enabled: [PII](cfb080b9-4c3c-f59e-8c4d-80b74e3a8323)
04-09 16:40:42.476  3074  3074 I cast_shell: [3077:3077:WARNING:application_config_manager_impl.cc(424)] App is not supported: id=CC1AD845
04-09 16:40:42.476  3074  3074 I cast_shell: [3077:3116:INFO:setup_namespace_handler.cc(94)] Added a peer for setup namespace: cfb080b9-4c3c-f59e-8c4d-80b74e3a8323.2:gms_cast_prober-1
04-09 16:40:42.477  3074  3074 I cast_shell: [3077:3116:INFO:setup_state.cc(544)] EurekaInfoCalled: wifi_state=10, is_usable_ip_address=1, connected=1, is_initial_setup=0
04-09 16:40:42.486  3074  3074 I cast_shell: [3077:3077:INFO:mdns_util.cc(102)] Defaulting mDNS capabilities for audio-only build
04-09 16:40:42.486  3074  3074 I cast_shell: [3077:3077:INFO:mdns_util.cc(102)] Defaulting mDNS capabilities for audio-only build
04-09 16:40:42.501  3074  3074 I cast_shell: [3077:3127:INFO:v2_ssl_socket.cc(358)] Stop reading on pending closed socket
04-09 16:40:42.501  3074  3074 I cast_shell: [3077:3116:INFO:setup_namespace_handler.cc(104)] Removed a peer for setup namespace: cfb080b9-4c3c-f59e-8c4d-80b74e3a8323.2:gms_cast_prober-1
04-09 16:40:42.568  3074  3074 I cast_shell: [3077:3116:INFO:metrics_recorder.cc(282)] Record action: Setup.state.BLE
04-09 16:40:42.584  3074  3074 I cast_shell: [3077:3077:INFO:robot_account_auth_manager.cc(525)] Got CAS response: 200
04-09 16:40:42.584  3074  3074 I cast_shell: [3077:3077:INFO:metrics_recorder.cc(282)] cast event: Cast.Assistant.AuthError.NOT_LINKED
04-09 16:40:42.584  3074  3074 I cast_shell: [3077:3077:INFO:robot_account_auth_manager.cc(776)] Current error: TOKEN_NOT_FETCHED, new error: NOT_LINKED
04-09 16:40:42.584  3074  3074 I cast_shell: [3077:3077:INFO:user_auth_impl.cc(207)] Notified all the observers of new auth tokens.
04-09 16:40:42.960  3074  3074 I cast_shell: [system_updater_dummy.cpp(139)] CheckUpdate 139
04-09 16:40:42.960  3074  3074 I cast_shell: [system_updater_dummy.cpp(148)] CheckUpdate 148 return
04-09 16:40:43.255  2981  3009 I otamanager: OTA:curl response code : 0	
04-09 16:40:43.255  2981  3009 I otamanager: http status code : 200
04-09 16:40:43.256  2981  3009 I otamanager: OTA: contentLen :187.000000
04-09 16:40:43.266  2981  3009 I otamanager: OTA: bytesDownloaded = 187 m_iHttpStatusCode = 200 
04-09 16:40:43.266  2690  2690 I sh      : }{
04-09 16:40:43.266  2690  2690 I sh      : 	"castVersion" : null,
04-09 16:40:43.266  2981  3009 E otamanager: OTA:error string =  No update available
04-09 16:40:43.266  2690  2690 I sh      : 	"crc" : null,
04-09 16:40:43.266  2690  2690 I sh      : 	"errorCode" : 1001,
04-09 16:40:43.266  2690  2690 I sh      : 	"errorString" : "No update available",
04-09 16:40:43.266  2690  2690 I sh      : 	"forceUpgrade" : true,
04-09 16:40:43.266  2690  2690 I sh      : 	"mcuOnlyUpdate" : false,
04-09 16:40:43.266  2690  2690 I sh      : 	"otapackage" : null,
04-09 16:40:43.266  2690  2690 I sh      : 	"url" : null,
04-09 16:40:43.266  2690  2690 I sh      : 	"version" : null
04-09 16:40:43.267  2981  3009 I otamanager: Firmware Update State Change from CheckUpdate to Idle
04-09 16:40:43.268  3074  3074 I cast_shell: [system_updater_dummy.cpp(132)] CheckUpdate 132 no new version
04-09 16:40:43.268  3074  3074 I cast_shell: [3077:3230:INFO:update_engine_client_with_system_updater.cc(226)] No system force update, error_code=0
04-09 16:40:43.268  3074  3074 I cast_shell: [3077:3116:INFO:setup_state.cc(261)] Setup state changed: SETUP_STATE_CONNECTED_WIFI_NOT_SAVED (61) -> SETUP_STATE_CONNECTED (60)
04-09 16:40:43.268  3074  3074 I cast_shell: [3077:3116:INFO:setup_manager_impl.cc(1019)] Setup discoverability is disabled
04-09 16:40:43.268  3074  3074 I cast_shell: [3077:3116:INFO:ble_setup_manager.cc(758)] Clearing setup read attributes
04-09 16:40:43.268  3074  3074 I cast_shell: [3077:3116:INFO:gatt_client_manager_impl.cc(202)] Enabling GATT client connectability
04-09 16:40:43.268  3074  3074 I cast_shell: [3077:3116:INFO:ble_setup_manager.cc(620)] Stopped Bluetooth service
04-09 16:40:43.269  3074  3074 I cast_shell: [3077:3116:INFO:ble_setup.cc(423)] BLE setup stopped.
04-09 16:40:36.225  2730  2739 I chatty  : uid=0(root) /bin/net_mgr identical 2 lines
04-09 16:40:37.908  2730  2739 I NetworkMonitor: turn off power-save
04-09 16:40:43.269  2730  2739 I HotspotManager: hotspot stop
04-09 16:40:43.269  2730  2739 I HotspotManager: stop dnsmasq
04-09 16:40:43.285  3074  3074 I cast_shell: [3077:3077:INFO:cast_receiver_impl.cc(1100)] Leaving discovery-only mode
04-09 16:40:43.286  3074  3074 I cast_shell: [3077:3077:INFO:application_config_manager_impl.cc(566)] Enabling virtual device cfb080b9-4c3c-f59e-8c4d-80b74e3a8323
04-09 16:40:43.286  3074  3074 I cast_shell: [3077:3126:INFO:mdns_cast_service.cc(351)] Device discovery state is idle
04-09 16:40:43.286  3074  3074 I cast_shell: [3077:3126:INFO:mdns_util.cc(102)] Defaulting mDNS capabilities for audio-only build
04-09 16:40:43.287  3074  3074 I cast_shell: [3077:3077:INFO:ble_discovery_controller.cc(121)] Starting BLE discovery
04-09 16:40:43.287  3074  3074 I cast_shell: [3077:3116:INFO:gatt_client_manager_impl.cc(202)] Enabling GATT client connectability
04-09 16:40:43.287  3074  3074 I chatty  : uid=1000(chrome) /bin/logwrapper identical 1 line
04-09 16:40:43.289  3074  3074 I cast_shell: [3077:3116:INFO:gatt_client_manager_impl.cc(202)] Enabling GATT client connectability
04-09 16:40:43.289  3074  3074 I cast_shell: [3077:3116:INFO:ble_setup_manager.cc(744)] Started Bluetooth service
04-09 16:40:43.289  2975  3152 I LibreCastControlDelegate: OnCastStatus() +++ AAA speaker:0xad220198:READY_TO_CAST
04-09 16:40:43.290  2975  3152 I LibreCastControlDelegate: Cast Device Name -> 'AAA speaker'
04-09 16:40:43.290  2975  3152 I librecast: OldFriendlyName '' & New name change By Cast 'AAA speaker' isfirstbootup 56 m_updatedonebyluci 95
04-09 16:40:43.290  2975  3152 I librecast:  Difference in FriendlyName notify all  
04-09 16:40:43.290  2975  3152 I LibreCastControl: LibreCastControl_SetCastName()  name 'AAA speaker' RequestId '6' pCastControl 0xf4c00728
04-09 16:40:43.290  2711  2711 I lucitransport: writeRemoteMessage() MID = 90 buffer = AAA speaker
04-09 16:40:43.290  2711  2711 I luciUART: write() MID = 90  bytes = 21 data = AAA speaker m_fd = 0x6
04-09 16:40:43.291  2711  2711 I lucitransport: writeLocalMessage() MID = 90 buffer = AAA speaker
04-09 16:40:43.291  2711  2722 E LUCI_SERVER: Luci Server Thread wait over MID 90....
04-09 16:40:43.295  2975  3152 I LibreCastControlDelegate: Device Build Number -> '1.52.272222'
04-09 16:40:43.295  2975  3152 I librecast: updateCastBuildVersion() Version 1.52.272222
04-09 16:40:43.295  2711  2711 I lucitransport: readRemoteMessage() MID char = 7 buffer = 1.52.272222
04-09 16:40:43.295  2975  3152 I LibreCastControlDelegate: Active Applications -> 0
04-09 16:40:43.295  2975  3152 I LibreCastControlDelegate: Current Cast State '6' -> 'READY_TO_CAST'
04-09 16:40:43.295  2975  3152 I LibreCastControlDelegate: OnCastStatus() ---
04-09 16:40:43.298  2975  3152 I LibreCastControlDelegate: OnResponse() ReqeustID 6, error  0
04-09 16:40:43.299  2732  2765 I bluetoothtbd: [0409/041043.299174:INFO:adapter.cc(551)] Adapter properties changed
04-09 16:40:43.299  2732  2765 I bluetoothtbd: [0409/041043.299341:INFO:adapter.cc(573)] Adapter name changed
04-09 16:40:43.299  3074  3074 I cast_shell: [3077:3116:INFO:bluetooth_manager.cc(1232)] [PII] Set device name to 'AAA speaker'
04-09 16:40:43.306  3074  3074 I cast_shell: [3077:3077:INFO:device_info_impl.cc(1133)] SSDP Config ID is increased: id=6
04-09 16:40:43.309  2975  3152 I LibreCastControlDelegate: OnCastStatus() +++ AAA speaker:0xad220198:READY_TO_CAST
04-09 16:40:43.309  3074  3074 I cast_shell: [3077:3126:INFO:mdns_util.cc(102)] Defaulting mDNS capabilities for audio-only build
04-09 16:40:43.310  3074  3074 I cast_shell: [3077:3077:INFO:ccs_manager_impl.cc(1842)] Postponing device name update while registering
04-09 16:40:43.310  3074  3074 I cast_shell: [3077:3077:INFO:mdns_manager_impl.cc(429)] Successfully updated service: type=_googlecast
04-09 16:40:43.310  3074  3074 I cast_shell: [3077:3077:INFO:virtual_device.cc(296)] Updated mDNS service for virtual device: id=cfb080b9-4c3c-f59e-8c4d-80b74e3a8323
04-09 16:40:43.310  2975  3152 I LibreCastControlDelegate: Cast Device Name -> 'AAA speaker'
04-09 16:40:43.310  2975  3152 I librecast: OldFriendlyName '' & New name change By Cast 'AAA speaker' isfirstbootup 56 m_updatedonebyluci 95
04-09 16:40:43.310  2975  3152 I librecast:  Difference in FriendlyName notify all  
04-09 16:40:43.311  2975  3152 I LibreCastControl: LibreCastControl_SetCastName()  name 'AAA speaker' RequestId '7' pCastControl 0xf4c00728
04-09 16:40:43.311  2711  2720 I lucitransport: writeRemoteMessage() MID = 90 buffer = AAA speaker
04-09 16:40:43.311  2711  2720 I luciUART: write() MID = 90  bytes = 21 data = AAA speaker m_fd = 0x6
04-09 16:40:43.317  3074  3074 I cast_shell: [3077:3116:INFO:bluetooth_manager.cc(1232)] [PII] Set device name to 'AAA speaker'
04-09 16:40:43.318  3074  3074 I cast_shell: [3077:3077:INFO:device_info_impl.cc(1133)] SSDP Config ID is increased: id=7
04-09 16:40:43.318  3074  3074 I cast_shell: [3077:3077:INFO:ccs_manager_impl.cc(1842)] Postponing device name update while registering
04-09 16:40:43.318  3074  3074 I cast_shell: [3077:3126:INFO:mdns_util.cc(102)] Defaulting mDNS capabilities for audio-only build
04-09 16:40:43.319  3074  3074 I cast_shell: [3077:3077:INFO:mdns_manager_impl.cc(429)] Successfully updated service: type=_googlecast
04-09 16:40:43.319  3074  3074 I cast_shell: [3077:3077:INFO:virtual_device.cc(296)] Updated mDNS service for virtual device: id=cfb080b9-4c3c-f59e-8c4d-80b74e3a8323
04-09 16:40:43.320  2975  3152 I LibreCastControlDelegate: OnCastStatus() +++ AAA speaker:0xad220198:READY_TO_CAST
04-09 16:40:43.321  2975  3152 I LibreCastControlDelegate: Cast Device Name -> 'AAA speaker'
04-09 16:40:43.321  2975  3152 I librecast: OldFriendlyName '' & New name change By Cast 'AAA speaker' isfirstbootup 56 m_updatedonebyluci 95
04-09 16:40:43.322  2975  3152 I librecast:  Difference in FriendlyName notify all  
04-09 16:40:43.322  2711  2720 I lucitransport: writeRemoteMessage() MID = 90 buffer = AAA speaker
04-09 16:40:43.322  2711  2720 I luciUART: write() MID = 90  bytes = 21 data = AAA speaker m_fd = 0x6
04-09 16:40:43.322  2711  2720 I lucitransport: writeLocalMessage() MID = 90 buffer = AAA speaker
04-09 16:40:43.323  2975  3152 I LibreCastControlDelegate: Device Build Number -> '1.52.272222'
04-09 16:40:43.323  2975  3152 I librecast: updateCastBuildVersion() Version 1.52.272222
04-09 16:40:43.323  2711  2720 I lucitransport: readRemoteMessage() MID char = 7 buffer = 1.52.272222
04-09 16:40:43.323  2975  3152 I LibreCastControlDelegate: Active Applications -> 0
04-09 16:40:43.323  2975  3152 I LibreCastControlDelegate: Current Cast State '6' -> 'READY_TO_CAST'
04-09 16:40:43.323  2975  3152 I LibreCastControlDelegate: OnCastStatus() ---
04-09 16:40:43.327  2732  2765 I bluetoothtbd: [0409/041043.327111:INFO:adapter.cc(551)] Adapter properties changed
04-09 16:40:43.327  2732  2765 I bluetoothtbd: [0409/041043.327255:INFO:adapter.cc(573)] Adapter name changed
04-09 16:40:43.327  3074  3074 I cast_shell: [3077:3116:INFO:bluetooth_manager.cc(1232)] [PII] Set device name to 'AAA speaker'
04-09 16:40:43.332  3074  3074 I cast_shell: [3077:3077:INFO:virtual_device.cc(296)] Updated mDNS service for virtual device: id=cfb080b9-4c3c-f59e-8c4d-80b74e3a8323
04-09 16:40:43.333  2975  3152 I LibreCastControlDelegate: OnCastStatus() +++ AAA speaker:0xad220198:READY_TO_CAST
04-09 16:40:43.334  2711  2722 I lucitransport: readRemoteMessage() MID char = 90 buffer = AAA speaker
04-09 16:40:43.334  2975  3040 I LibreCastControl: LibreCastControl_SetCastName()  name 'AAA speaker' RequestId '9' pCastControl 0xf4c00728
04-09 16:40:43.334  2975  3040 E librecast: MessageBoxAlert() friendlyname AAA speaker
04-09 16:40:43.334  2975  3040 I LibreCastControl: MessageBoxAlert() messageBoxID 90
04-09 16:40:43.335  2977  3014 I airplayluci: MessageBoxAlert: MID 90
04-09 16:40:43.335  2977  3463 I airplay_v2_0_6: 2022-04-09 16:40:43.335780 [AirPlay] Deregistered Bonjour _airplay._tcp. for restart
04-09 16:40:43.336  2977  3463 I airplay_v2_0_6: 2022-04-09 16:40:43.336068 [AirPlay] Deregistered Bonjour _raop._tcp. for restart
04-09 16:40:43.337  2978  3000 E Spotify-Player: Change Spotify Device name
04-09 16:40:43.338  2711  2722 E LUCI_SERVER: Luci Server Thread wait over MID 90....
04-09 16:40:43.353  2732  2765 I bluetoothtbd: [0409/041043.353012:INFO:adapter.cc(551)] Adapter properties changed
04-09 16:40:43.353  2732  2765 I bluetoothtbd: [0409/041043.353175:INFO:adapter.cc(573)] Adapter name changed
04-09 16:40:43.353  3074  3074 I cast_shell: [3077:3116:INFO:bluetooth_manager.cc(1232)] [PII] Set device name to 'AAA speaker'
04-09 16:40:43.353  3074  3074 I cast_shell: [3077:3077:INFO:device_info_impl.cc(1133)] SSDP Config ID is increased: id=9
04-09 16:40:43.355  3074  3074 I cast_shell: [3077:3077:INFO:ccs_manager_impl.cc(1842)] Postponing device name update while registering
04-09 16:40:43.355  3074  3074 I cast_shell: [3077:3126:INFO:mdns_util.cc(102)] Defaulting mDNS capabilities for audio-only build
04-09 16:40:43.356  3074  3074 I cast_shell: [3077:3077:INFO:mdns_manager_impl.cc(429)] Successfully updated service: type=_googlecast
04-09 16:40:43.357  3074  3074 I cast_shell: [3077:3077:INFO:virtual_device.cc(296)] Updated mDNS service for virtual device: id=cfb080b9-4c3c-f59e-8c4d-80b74e3a8323
04-09 16:40:43.358  2975  3152 I LibreCastControlDelegate: OnCastStatus() +++ AAA speaker:0xad220198:READY_TO_CAST
04-09 16:40:43.359  2975  3152 I LibreCastControlDelegate: Cast Device Name -> 'AAA speaker'
04-09 16:40:43.360  2975  3152 I librecast: OldFriendlyName 'AAA speaker' & New name change By Cast 'AAA speaker' isfirstbootup 56 m_updatedonebyluci 0
04-09 16:40:43.360  2975  3152 I LibreCastControlDelegate: Device Build Number -> '1.52.272222'
04-09 16:40:43.360  2975  3152 I librecast: updateCastBuildVersion() Version 1.52.272222
04-09 16:40:43.360  2711  2720 I lucitransport: readRemoteMessage() MID char = 7 buffer = 1.52.272222
04-09 16:40:43.360  2975  3152 I LibreCastControlDelegate: Active Applications -> 0
04-09 16:40:43.360  2975  3152 I LibreCastControlDelegate: Current Cast State '6' -> 'READY_TO_CAST'
04-09 16:40:43.360  2975  3152 I LibreCastControlDelegate: OnCastStatus() ---
04-09 16:40:43.370  2974  2984 D wac-main: Netlink event
04-09 16:40:43.370  2974  2984 E wac-main: Netlink event 21 Interface Index 6 
04-09 16:40:43.370  2974  2984 E wac-main: Enter poll and wait
04-09 16:40:43.370  2710  2719 I yani_kernel: yani_geteventfrom_changeaddr() Message-Id '1' Netlink event '21' Interface Index '6' -> Name 'p2p0' 
04-09 16:40:43.372  2785  2785 I dnsmasq : reading /etc/resolv.conf
04-09 16:40:43.372  2785  2785 I dnsmasq : using nameserver 8.8.4.4#53
04-09 16:40:43.373  2785  2785 I dnsmasq : using nameserver 192.168.1.1#53
04-09 16:40:43.373  2785  2785 I dnsmasq : using nameserver 192.168.50.1#53
04-09 16:40:43.373  2785  2785 I dnsmasq : using nameserver 8.8.8.8#53
04-09 16:40:43.375  2730  2739 I HotspotManager: stop hostapd
04-09 16:40:43.376  2710  2719 I yani_server: NetLink Event '5' Interface-Index '6' WLAN '-1' Ethernet '-1' Parsed-iFill '5' -> 'P2P0 DISCONNECTED' ifIndex '2' -> 'tunl0'
04-09 16:40:43.385  2690  2690 I sh      : MessageBoxAlert() MID 90 
04-09 16:40:43.385  2690  2690 I sh      : MessageBoxChanged() MID '90'
04-09 16:40:43.385  2975  3040 I librecast: MessageBoxAlert() Msg = 90 remoteID = 16 
04-09 16:40:43.385  2711  2722 I lucitransport: readRemoteMessage() MID char = 90 buffer = AAA speaker
04-09 16:40:43.385  2975  3040 I LibreCastControl: LibreCastControl_SetCastName()  name 'AAA speaker' RequestId '10' pCastControl 0xf4c00728
04-09 16:40:43.385  2975  3040 E librecast: MessageBoxAlert() friendlyname AAA speaker
04-09 16:40:43.385  2975  3040 I LibreCastControl: MessageBoxAlert() messageBoxID 90
04-09 16:40:43.387  2977  3014 I airplayluci: MessageBoxAlert: MID 90
04-09 16:40:43.387  2978  3000 E Spotify-Player: Change Spotify Device name
04-09 16:40:43.388  2710  2719 E yani_server: YANI: I am Done Wait For Event 
04-09 16:40:43.389  2710  2812 I yani_server: onNetworkParametersChanged() WAC Mode '0'  Index '2' Interface 'p2p0' Status '0'
04-09 16:40:43.389  2978  3001 E SPOTIFY : Device Name change new name = AAA speaker
04-09 16:40:43.389  2978  3001 E SPOTIFY : err = 0 
04-09 16:40:43.390  2711  2722 E LUCI_SERVER: Luci Server Thread wait over MID 90....
04-09 16:40:43.391  2727  2744 I MB_HANDLER: YaniAlert() Interface '3' Status '0'
04-09 16:40:43.391  3074  3074 I cast_shell: [3077:3077:INFO:device_info_impl.cc(1133)] SSDP Config ID is increased: id=10
04-09 16:40:43.392  2975  3152 I LibreCastControlDelegate: OnResponse() ReqeustID 10, error  0
04-09 16:40:43.393  2732  2765 I bluetoothtbd: [0409/041043.393375:INFO:adapter.cc(551)] Adapter properties changed
04-09 16:40:43.401  2711  2721 E luciUART: UART:d0
04-09 16:40:43.401  2711  2721 E luciUART: UART:0
04-09 16:40:43.402  2711  2721 I chatty  : uid=0(root) UARTLUCIControl identical 2 lines
04-09 16:40:43.402  2711  2721 E luciUART: UART:0
04-09 16:40:43.402  2711  2721 E luciUART: UART:9
04-09 16:40:43.402  2711  2721 I luciUART: read() RemoteID = 43690 Command = 208 Type = 2 Status = 0 DataLen = 9
04-09 16:40:43.402  2711  2721 E luciUART: Error: full data not available yet! readBytes 0
04-09 16:40:43.402  2711  2721 I luciUART: Previous Packet read contd., 
04-09 16:40:43.402  2711  2721 E luciUART: UART:52
04-09 16:40:43.402  2711  2721 I luciUART: Previous Packet read contd., 
04-09 16:40:43.403  2711  2721 E luciUART: UART:73
04-09 16:40:43.403  2711  2721 I luciUART: Previous Packet read contd., 
04-09 16:40:43.403  2711  2721 E luciUART: UART:73
04-09 16:40:43.403  2711  2721 I luciUART: Previous Packet read contd., 
04-09 16:40:43.403  2711  2721 E luciUART: UART:69
04-09 16:40:43.403  2711  2721 I luciUART: Previous Packet read contd., 
04-09 16:40:43.403  2711  2721 E luciUART: UART:64
04-09 16:40:43.425  2690  2690 I sh      : MessageBoxAlert() MID 90 
04-09 16:40:43.425  2690  2690 I sh      : MessageBoxChanged() MID '90'
04-09 16:40:43.425  2975  3040 I librecast: MessageBoxAlert() Msg = 90 remoteID = 16 
04-09 16:40:43.425  2711  2722 I lucitransport: readRemoteMessage() MID char = 90 buffer = AAA speaker
04-09 16:40:43.425  2975  3040 I LibreCastControl: LibreCastControl_SetCastName()  name 'AAA speaker' RequestId '11' pCastControl 0xf4c00728
04-09 16:40:43.425  2975  3040 E librecast: MessageBoxAlert() friendlyname AAA speaker
04-09 16:40:43.425  2975  3040 I LibreCastControl: MessageBoxAlert() messageBoxID 90
04-09 16:40:43.430  2977  3014 I airplayluci: MessageBoxAlert: MID 90
04-09 16:40:43.431  2978  3000 E Spotify-Player: Change Spotify Device name
04-09 16:40:43.431  2711  2722 E LUCI_SERVER: Luci Server Thread wait over MID 208....
04-09 16:40:43.431  2711  2722 E LUCI_SERVER: Got NV name : ssid
04-09 16:40:43.431  2975  3152 I LibreCastControlDelegate: OnResponse() ReqeustID 11, error  0
04-09 16:40:43.433  2711  2722 I luciUART: write() MID = 208  bytes = 30 data = ssid:Linksys16717_2G m_fd = 0x6
04-09 16:40:43.433  2711  2722 E LUCI_SERVER: NV_READ response= ssid:Linksys16717_2G
04-09 16:40:43.433  2711  2722 E LUCI_SERVER: Luci Server Thread waiting for packets....
04-09 16:40:43.433  2732  2765 I bluetoothtbd: [0409/041043.433463:INFO:adapter.cc(551)] Adapter properties changed
04-09 16:40:43.433  2732  2765 I bluetoothtbd: [0409/041043.433603:INFO:adapter.cc(573)] Adapter name changed
04-09 16:40:43.436  3074  3074 I cast_shell: [3077:3077:INFO:device_info_impl.cc(1133)] SSDP Config ID is increased: id=11
04-09 16:40:43.437  3074  3074 I cast_shell: [3077:3077:INFO:ccs_manager_impl.cc(1842)] Postponing device name update while registering
04-09 16:40:43.437  3074  3074 I cast_shell: [3077:3126:INFO:mdns_util.cc(102)] Defaulting mDNS capabilities for audio-only build
04-09 16:40:43.437  3074  3074 I cast_shell: [3077:3077:INFO:mdns_manager_impl.cc(429)] Successfully updated service: type=_googlecast
04-09 16:40:43.437  3074  3074 I cast_shell: [3077:3077:INFO:virtual_device.cc(296)] Updated mDNS service for virtual device: id=cfb080b9-4c3c-f59e-8c4d-80b74e3a8323
04-09 16:40:43.441  2978  3001 E SPOTIFY : Device Name change new name = AAA speaker
04-09 16:40:43.441  2978  3001 E SPOTIFY : err = 0 
04-09 16:40:43.501  2974  2984 D wac-main: Netlink event
04-09 16:40:43.501  2974  2984 E wac-main: Netlink event 16 Interface Index 6 
04-09 16:40:43.501  2974  2984 E wac-main: p2p0 event Link Changed : 1003 
04-09 16:40:43.502  2974  2984 E wac-main: p2p0 Changed down
04-09 16:40:43.502  2975  3152 I LibreCastControlDelegate: OnCastStatus() +++ AAA speaker:0xad220198:READY_TO_CAST
04-09 16:40:43.502  2710  2719 I yani_kernel: yani_geteventfrom_changeaddr() Message-Id '1' Netlink event '16' Interface Index '6' -> Name 'p2p0' 
04-09 16:40:43.503  2974  2984 E wac-main: wlan0 IP : 192.168.1.145
04-09 16:40:43.503  2975  3152 I LibreCastControlDelegate: Cast Device Name -> 'AAA speaker'
04-09 16:40:43.504  2975  3152 I librecast: OldFriendlyName 'AAA speaker' & New name change By Cast 'AAA speaker' isfirstbootup 56 m_updatedonebyluci 0
04-09 16:40:43.504  2975  3152 I LibreCastControlDelegate: Device Build Number -> '1.52.272222'
04-09 16:40:43.504  2975  3152 I librecast: updateCastBuildVersion() Version 1.52.272222
04-09 16:40:43.504  2711  2711 I lucitransport: readRemoteMessage() MID char = 7 buffer = 1.52.272222
04-09 16:40:43.504  2975  3152 I LibreCastControlDelegate: Active Applications -> 0
04-09 16:40:43.504  2975  3152 I LibreCastControlDelegate: Current Cast State '6' -> 'READY_TO_CAST'
04-09 16:40:43.504  2975  3152 I LibreCastControlDelegate: OnCastStatus() ---
04-09 16:40:43.506  2974  2984 E wac-main: Enter poll and wait
04-09 16:40:43.576  2730  2739 E WifiUtil: Setting interface p2p0 down.
04-09 16:40:43.577  2974  2984 D wac-main: Netlink event
04-09 16:40:43.577  2974  2984 E wac-main: Netlink event 16 Interface Index 6 
04-09 16:40:43.577  2974  2984 E wac-main: p2p0 event Link Changed : 1002 
04-09 16:40:43.577  2974  2984 E wac-main: Enter poll and wait
04-09 16:40:43.577  2710  2719 I yani_kernel: yani_geteventfrom_changeaddr() Message-Id '1' Netlink event '16' Interface Index '6' -> Name 'p2p0' 
04-09 16:40:43.603  3074  3074 I cast_shell: [3077:3116:INFO:metrics_recorder.cc(282)] Record action: Setup.state.BLE
04-09 16:40:43.697  3074  3074 I cast_shell: [3077:3116:INFO:ble_setup.cc(789)] Missing required info for sign.
04-09 16:40:43.701  3074  3074 I cast_shell: [3077:3116:INFO:gatt_client_manager_impl.cc(202)] Enabling GATT client connectability
04-09 16:40:43.701  3074  3074 I cast_shell: [3077:3116:INFO:ble_setup.cc(915)] Sign related info completed, no future EurekaInfo need sign.
04-09 16:40:44.667  2732  2811 W bt_btif : bta_gattc_conn_cback() - cif=3 connected=0 conn_id=3 reason=0x0013
04-09 16:40:44.667  2732  2811 W bt_btif : bta_gattc_conn_cback() - cif=4 connected=0 conn_id=4 reason=0x0013
04-09 16:40:44.667  2732  2811 W bt_btif : bta_gattc_conn_cback() - cif=6 connected=0 conn_id=6 reason=0x0013
04-09 16:40:44.668  2732  2811 I bt_btm_sec: btm_sec_disconnected clearing pending flag handle:128 reason:19
04-09 16:40:44.669  2732  2765 W bt_btif : btif_av_move_idle: ACL Disconnected state 0 bd_addr=76:6f:22:63:4f:0b peer_bda=00:00:00:00:00:00
04-09 16:40:44.669  2732  2765 I bluetoothtbd: [0409/041044.669870:INFO:adapter.cc(719)] ACL state changed: 76:6F:22:63:4F:0B - connected: false
04-09 16:40:44.671  3074  3074 I cast_shell: [3077:3116:ERROR:bluetooth_v1_via_v2.cc(796)] Connection state changed. :0b false
04-09 16:40:45.297  3074  3074 I cast_shell: [3077:3126:INFO:mdns_app_filter.cc(1526)] MdnsAppFilter: Done announcing.
04-09 16:40:45.338  2977  3488 I airplay_v2_0_6: 2022-04-09 16:40:45.338406 [AirPlayDemo] AirPlayDemoServerCopyProperty Password is <<NULL>>
04-09 16:40:45.338  2711  2711 I lucitransport: readRemoteMessage() MID char = 90 buffer = AAA speaker
04-09 16:40:45.340  2977  3463 I airplay_v2_0_6: 2022-04-09 16:40:45.340430 [AirPlay] Registering Bonjour _airplay._tcp. port 7000
04-09 16:40:45.341  2977  3488 I airplay_v2_0_6: 2022-04-09 16:40:45.341831 [AirPlayDemo] AirPlayDemoServerCopyProperty Password is <<NULL>>
04-09 16:40:45.343  2977  3488 I airplay_v2_0_6: 2022-04-09 16:40:45.343176 [AirPlayDemo] AirPlayDemoServerCopyProperty Password is <<NULL>>
04-09 16:40:45.343  2711  2711 I lucitransport: readRemoteMessage() MID char = 90 buffer = AAA speaker
04-09 16:40:45.345  2977  3463 I airplay_v2_0_6: 2022-04-09 16:40:45.345080 [AirPlay] Registering Bonjour CC909321F384@AAA speaker._raop._tcp. port 7000
04-09 16:40:45.489  3074  3074 I cast_shell: [3077:3127:INFO:metrics_recorder.cc(282)] Cast v2 action(socket_id=cfb080b9-4c3c-f59e-8c4d-80b74e3a8323.3): CastV2.Connection.Connect.In
04-09 16:40:45.494  3074  3074 I cast_shell: [3077:3077:INFO:cast_system_memory_pressure_evaluator.cc(179)] ConfigRelaxMemoryPressureThresholds, 0.1, 0.2
04-09 16:40:45.498  3074  3074 I cast_shell: [3491:3491:INFO:cast_content_renderer_client_internal.cc(83)] Render process started.
04-09 16:40:45.503  3074  3074 I cast_shell: [3077:3127:INFO:v2_transport.cc(458)] Added Cast V2 endpoint: id=2e039c66-0be8-42dc-b467-3ec3be324690, socket_factory_id=[PII](cfb080b9-4c3c-f59e-8c4d-80b74e3a8323)
04-09 16:40:45.503  3074  3074 I cast_shell: [3077:3077:INFO:application_manager_impl.cc(1417)] Starting background app: CC1AD845 (Default Media Receiver), session_id=2e039c66-0be8-42dc-b467-3ec3be324690
04-09 16:40:45.504  3074  3074 I cast_shell: [3077:3077:INFO:cast_media_blocker.cc(43)] UpdatePlayingState media_loading_blocked=1 media_starting_blocked=0 suspended=1 controllable=0 paused_by_user=1
04-09 16:40:45.504  3074  3074 I cast_shell: [3077:3077:INFO:application_message_handler.cc(1747)] Scheduling IpcTimerCheck
04-09 16:40:45.505  3074  3074 I cast_shell: [3077:3077:INFO:application_manager_impl.cc(1565)] App starting: CC1AD845 (Default Media Receiver), session_id=2e039c66-0be8-42dc-b467-3ec3be324690
04-09 16:40:45.505  3074  3074 I cast_shell: [3077:3126:INFO:mdns_util.cc(102)] Defaulting mDNS capabilities for audio-only build
04-09 16:40:45.505  3074  3074 I cast_shell: [3077:3077:INFO:application_identification_settings.cc(410)] new ApplicationIdentificationSettings session_id: 2e039c66-0be8-42dc-b467-3ec3be324690 app_id: CC1AD845 flags: 0 headers: 0
04-09 16:40:45.508  3074  3074 I cast_shell: [3077:3077:INFO:cast_media_blocker.cc(81)] MediaSessionInfoChanged media_loading_blocked=1 media_starting_blocked=0 is_suspended=1 is_controllable=0 paused_by_user=1
04-09 16:40:45.516  3074  3074 I cast_shell: [3077:3116:INFO:setup_namespace_handler.cc(94)] Added a peer for setup namespace: cfb080b9-4c3c-f59e-8c4d-80b74e3a8323.3:gms_cast_prober-1
04-09 16:40:45.516  3074  3074 I cast_shell: [3077:3116:INFO:setup_state.cc(544)] EurekaInfoCalled: wifi_state=10, is_usable_ip_address=1, connected=1, is_initial_setup=0
04-09 16:40:45.540  3074  3074 I cast_shell: [3077:3077:INFO:web_application.cc(817)] [2e039c66] Supported bitstream audio codecs info: [codecs]None[spatial_rendering]None
04-09 16:40:45.540  3074  3074 I cast_shell: [3077:3077:INFO:cast_web_contents_impl.cc(242)] Load url: https://www.gstatic.com/cast/sdk/default_receiver/dogfood/app.html?skin=https://www.gstatic.com/eureka/player/0000/skins/cast/skin.css
04-09 16:40:45.542  3074  3074 I cast_shell: [3077:3077:INFO:cast_content_browser_client_internal.cc(975)] Disabling images support for application: CC1AD845
04-09 16:40:45.550  3074  3074 I cast_shell: [3077:3077:INFO:web_application.cc(991)] [2e039c66] Page state changed: app=CC1AD845 page_state=LOADING
04-09 16:40:45.565  3074  3074 I cast_shell: [3077:3077:INFO:cast_renderer_oom_adj_manager.cc(82)] Registering renderer 3491
04-09 16:40:45.566  3074  3074 I cast_shell: [3077:3230:INFO:cast_renderer_oom_adj_manager.cc(90)] Adjusting OOM score for renderer(3491) to 400
04-09 16:40:45.566  3074  3074 I cast_shell: [3077:3077:INFO:web_application.cc(585)] [2e039c66] Updating app visibility to hidden for background mode.
04-09 16:40:45.566  3074  3074 I cast_shell: [3077:3230:WARNING:cast_renderer_oom_adj_manager.cc(92)] OOM score adjustment failed for renderer(3491)
04-09 16:40:45.566  3074  3074 I cast_shell: [3077:3077:INFO:application_manager_impl.cc(1579)] App pending: CC1AD845 (Default Media Receiver), session_id=2e039c66-0be8-42dc-b467-3ec3be324690
04-09 16:40:45.566  3074  3074 I cast_shell: [3077:3077:INFO:mdns_util.cc(102)] Defaulting mDNS capabilities for audio-only build
04-09 16:40:45.566  3074  3074 I cast_shell: [3077:3126:INFO:mdns_util.cc(102)] Defaulting mDNS capabilities for audio-only build
04-09 16:40:45.566  3074  3074 I cast_shell: [3077:3077:INFO:mdns_util.cc(102)] Defaulting mDNS capabilities for audio-only build
04-09 16:40:45.579  3074  3074 I cast_shell: [3491:3491:INFO:media_playback_options.cc(70)] Render frame actions are blocked.
04-09 16:40:45.615  3074  3074 I cast_shell: [3491:3491:INFO:media_playback_options.cc(70)] Render frame actions are blocked.
04-09 16:40:45.616  3074  3074 I cast_shell: [3491:3491:INFO:media_caps.cc(24)] ScreenResolutionChanged resolution=0x0
04-09 16:40:45.617  3074  3074 I cast_shell: [3491:3491:INFO:media_caps.cc(54)] ScreenInfoChanged HDCP version=0 Supported EOTFs=0 DolbyVision flags=0 Screen size(mm): 0x0 cur mode HDR=0 cur mode DV=0
04-09 16:40:45.709  3074  3074 I cast_shell: [3077:3127:INFO:v2_ssl_socket.cc(358)] Stop reading on pending closed socket
04-09 16:40:45.710  3074  3074 I cast_shell: [3077:3116:INFO:setup_namespace_handler.cc(104)] Removed a peer for setup namespace: cfb080b9-4c3c-f59e-8c4d-80b74e3a8323.3:gms_cast_prober-1
04-09 16:40:45.822  3074  3074 I cast_shell: [3077:3077:INFO:metrics_recorder.cc(282)] cast event: Cloud.Transport.Https.Register.Out.Success
04-09 16:40:45.822  3074  3074 I cast_shell: [3077:3077:WARNING:ccs_transport_util.cc(409)] Auth info absent from the config reply from CCS.
04-09 16:40:45.822  3074  3074 I cast_shell: [3077:3077:WARNING:ccs_transport_util.cc(313)] Missing SensingSettings in the CCS config.
04-09 16:40:45.822  3074  3074 I cast_shell: [3077:3077:INFO:metrics_recorder.cc(282)] cast event: Cloud.Transport.Https.Config.In
04-09 16:40:45.823  3074  3074 I cast_shell: [3077:3077:INFO:ccs_manager_impl.cc(1150)] Handling CONFIG message from CCS.
04-09 16:40:45.823  3074  3074 I cast_shell: [3077:3077:INFO:ccs_manager_impl.cc(1151)] [PII] device_id=FF12F689A55AE613E101736EA64EFDF1
04-09 16:40:45.823  3074  3074 I cast_shell: [3077:3077:INFO:metrics_recorder.cc(282)] Record action: Cloud.Transport.Https.LinkedStatus.NotLinked
04-09 16:40:45.823  3074  3074 I cast_shell: [3077:3077:INFO:structure_info_from_home_graph.cc(53)] received config from home graph. Will use it: 1
04-09 16:40:45.823  3074  3074 I cast_shell: [3077:3077:INFO:structure_info_from_home_graph.cc(59)] Num devices in the structure: 0
04-09 16:40:45.823  3074  3074 I cast_shell: [3077:3077:INFO:ccs_heartbeat_listener.cc(56)] Setting heartbeat interval from CCS: 120000ms
04-09 16:40:45.825  3074  3074 I cast_shell: [3077:3085:INFO:heartbeat_manager.cc(306)] Set client HB: 120000
04-09 16:40:45.825  3074  3074 I cast_shell: [3077:3085:INFO:heartbeat_manager.cc(311)] ResettingConnection bc: 1680000
04-09 16:40:45.825  3074  3074 I cast_shell: [3077:3085:INFO:heartbeat_manager.cc(332)] ResetConnection: %d5
04-09 16:40:45.833  3074  3074 I cast_shell: [3077:3077:INFO:user_auth_impl.cc(267)] linked status: NOT_LINKED
04-09 16:40:45.833  3074  3074 I cast_shell: [3077:3077:INFO:robot_account_auth_manager.cc(320)] V1 AuthManager received a UpdateAuthToken request
04-09 16:40:45.833  3074  3074 I cast_shell: [3077:3077:INFO:ccs_transport_https.cc(1352)] No cloud settings in response
04-09 16:40:45.833  3074  3074 I cast_shell: [3077:3077:INFO:gcm_manager.cc(238)] GCM connection lost.
04-09 16:40:46.311  3074  3074 I cast_shell: [3491:3491:INFO:cast_content_client.cc(103)] Active URL: https://www.gstatic.com/cast/sdk/default_receiver/dogfood/app.html?skin=https://www.gstatic.com/eureka/player/0000/skins/cast/skin.css&google_cast_bg=true for origin 'null'
04-09 16:40:46.322  3074  3074 I cast_shell: [3077:3077:INFO:cast_content_client.cc(103)] Active URL: https://www.gstatic.com/cast/sdk/default_receiver/dogfood/app.html?skin=https://www.gstatic.com/eureka/player/0000/skins/cast/skin.css&google_cast_bg=true for origin 'null [internally: (AA613221D16F267F3700F00EF5A5BE58) anonymous]'
04-09 16:40:46.327  3074  3074 I cast_shell: [3077:3230:INFO:process_memory_recorder_utils.cc(43)] CC1AD845 using 40036kB memory
04-09 16:40:46.345  3074  3074 I cast_shell: [3491:3491:INFO:feature_manager.cc(174)] Enabling bindings: 
04-09 16:40:46.369  3074  3074 I cast_shell: [3491:3491:INFO:feature_manager.cc(174)] Enabling bindings: 
04-09 16:40:46.667  3074  3074 I cast_shell: [3077:3077:INFO:metrics_recorder.cc(282)] cast event: Cloud.Transport.Https.Register.Out.Success
04-09 16:40:46.667  3074  3074 I cast_shell: [3077:3077:INFO:ccs_manager_impl.cc(2485)] Succesfully registered with CCS
04-09 16:40:46.667  3074  3074 I cast_shell: [3077:3077:INFO:ccs_manager_impl.cc(2661)] Local device version is ahead of server; will attempt update
04-09 16:40:46.667  3074  3074 I cast_shell: [3077:3077:INFO:ccs_manager_impl.cc(1757)] Updating device info with CCS: message_id = 658bdf84-e078-4b73-ab85-afd871e80859
04-09 16:40:46.667  3074  3074 I cast_shell: [3077:3077:INFO:ccs_manager_impl.cc(1758)] [PII] CCS device_id = FF12F689A55AE613E101736EA64EFDF1 device_name = AAA speaker
04-09 16:40:46.675  3074  3074 I cast_shell: [3077:3077:WARNING:ccs_transport_util.cc(409)] Auth info absent from the config reply from CCS.
04-09 16:40:46.675  3074  3074 I cast_shell: [3077:3077:WARNING:ccs_transport_util.cc(313)] Missing SensingSettings in the CCS config.
04-09 16:40:46.675  3074  3074 I cast_shell: [3077:3077:INFO:metrics_recorder.cc(282)] cast event: Cloud.Transport.Https.Config.In
04-09 16:40:46.675  3074  3074 I cast_shell: [3077:3077:INFO:ccs_manager_impl.cc(1150)] Handling CONFIG message from CCS.
04-09 16:40:46.675  3074  3074 I cast_shell: [3077:3077:INFO:ccs_manager_impl.cc(1151)] [PII] device_id=FF12F689A55AE613E101736EA64EFDF1
04-09 16:40:46.675  3074  3074 I cast_shell: [3077:3077:INFO:metrics_recorder.cc(282)] Record action: Cloud.Transport.Https.LinkedStatus.NotLinked
04-09 16:40:46.675  3074  3074 I cast_shell: [3077:3077:INFO:structure_info_from_home_graph.cc(53)] received config from home graph. Will use it: 1
04-09 16:40:46.675  3074  3074 I cast_shell: [3077:3077:INFO:structure_info_from_home_graph.cc(59)] Num devices in the structure: 0
04-09 16:40:46.675  3074  3074 I cast_shell: [3077:3077:INFO:ccs_heartbeat_listener.cc(56)] Setting heartbeat interval from CCS: 120000ms
04-09 16:40:46.675  3074  3074 I cast_shell: [3077:3077:INFO:user_auth_impl.cc(267)] linked status: NOT_LINKED
04-09 16:40:46.675  3074  3074 I cast_shell: [3077:3077:INFO:robot_account_auth_manager.cc(320)] V1 AuthManager received a UpdateAuthToken request
04-09 16:40:46.675  3074  3074 I cast_shell: [3077:3077:INFO:ccs_transport_https.cc(1352)] No cloud settings in response
04-09 16:40:46.677  3074  3074 I cast_shell: [3077:3077:INFO:metrics_recorder.cc(282)] cast event: Cloud.Transport.Https.Update.Out
04-09 16:40:47.242  3074  3074 I cast_shell: [3077:3077:INFO:CONSOLE(116)] Cast App (CC1AD845): " [  0.001s] [cast.receiver.IpcChannel] Opening platform websocket ", source: https://www.gstatic.com/cast/sdk/libs/caf_receiver/v3/cast_receiver_framework.js (116)
04-09 16:40:47.253  3074  3074 I cast_shell: [3491:3491:INFO:media_source_impl.cc(363)] isTypeSupported("video/mp4;codecs=hev1.2.4.L153.B0") -> false (not supported by HTMLMediaElement)
04-09 16:40:47.254  3074  3074 I cast_shell: [3491:3491:INFO:media_source_impl.cc(363)] isTypeSupported("video/mp4;codecs=dvhe.04.06") -> false (not supported by HTMLMediaElement)
04-09 16:40:47.255  3074  3074 I cast_shell: [3077:3077:INFO:CONSOLE(1162)] Cast App (CC1AD845): "canDisplayType(video/mp4; codecs=hev1.2.4.L153.B0; eotf=smpte2084): Codec not supported.", source:  (1162)
04-09 16:40:47.256  3074  3074 I cast_shell: [3077:3077:INFO:CONSOLE(1162)] Cast App (CC1AD845): "canDisplayType(video/mp4; codecs=dvhe.04.06): Codec not supported.", source:  (1162)
04-09 16:40:47.256  3074  3074 I cast_shell: [3491:3491:INFO:media_source_impl.cc(363)] isTypeSupported("audio/mp4;codecs=ec-3") -> false (not supported by HTMLMediaElement)
04-09 16:40:47.257  3074  3074 I cast_shell: [3077:3077:INFO:CONSOLE(1162)] Cast App (CC1AD845): "canDisplayType(audio/mp4; codecs=ec-3; spatialRendering=true): Codec not supported.", source:  (1162)
04-09 16:40:47.267  3074  3074 I cast_shell: [3491:0xaf5caef8]     1738 ms: Scavenge 1.8 (1.9) -> 1.6 (2.4) MB, 4.9 / 0.1 ms  (average mu = 1.000, current mu = 1.000) allocation failure 
04-09 16:40:47.274  3074  3074 I cast_shell: [3077:3077:INFO:CONSOLE(739)] Cast App (CC1AD845): "Lit is in dev mode. Not recommended for production! See https://lit.dev/msg/dev-mode for more information.", source: https://www.gstatic.com/cast/sdk/libs/caf_receiver/v3/cast_receiver_framework.js (739)
04-09 16:40:47.281  3074  3074 I cast_shell: [3077:3077:INFO:CONSOLE(36)] Cast App (CC1AD845): "Unknown queryable value: log-level-cast-receiver", source:  (36)
04-09 16:40:47.398  3074  3074 I cast_shell: [3077:3077:INFO:CONSOLE(836)] Cast App (CC1AD845): "CAST SDK CAF Version: 3.0.0103", source: https://www.gstatic.com/cast/sdk/libs/caf_receiver/v3/cast_receiver_framework.js (836)
04-09 16:40:47.419  3074  3074 I cast_shell: [3491:0xaf5caef8]     1890 ms: Scavenge 2.3 (2.9) -> 2.1 (3.1) MB, 6.2 / 0.0 ms  (average mu = 1.000, current mu = 1.000) allocation failure 
04-09 16:40:47.443  3074  3074 I cast_shell: [3491:3491:INFO:html_media_element.cc(538)] HTMLMediaElement(0x292a2f30)
04-09 16:40:47.490  3074  3074 I cast_shell: [3077:3077:INFO:metrics_recorder.cc(282)] cast event: Cloud.Transport.Https.Update.Out.Success
04-09 16:40:47.490  3074  3074 I cast_shell: [3077:3077:INFO:ccs_manager_impl.cc(2569)] Successfully updated with CCS
04-09 16:40:47.499  3074  3074 I cast_shell: [3491:3491:INFO:identification_settings_manager.cc(68)] CSS URL detected and replaced with empty text URI.
04-09 16:40:47.499  3074  3074 I cast_shell: [3491:3491:INFO:identification_settings_manager.cc(169)] WillStartResourceRequest: replacement URL found
04-09 16:40:47.507  3505  3505 E wac-main: WAC timeout cb
04-09 16:40:47.507  3505  3505 E wac-main: send wac api : a5a1
04-09 16:40:47.507  2974  2984 E wac-main: API event
04-09 16:40:47.507  2974  2984 E wac-main: msg : a5a1
04-09 16:40:47.507  2974  2984 E wac-main: msg : a5a1
04-09 16:40:47.507  2974  2984 E wac-main: Enter poll and wait
04-09 16:40:47.508  2974  3506 E wac-main: enter WACStartStopThread
04-09 16:40:47.508  2974  3506 E wac-main: WACStartStopThread() event -> 'wacstop' is WACServer? UP -> 'Yes' 
04-09 16:40:47.508  2974  3506 E WACSERVER: WACServerStop wait
04-09 16:40:47.508  2974  2992 E WACBONJOUR: RemoveWACBonjourService
04-09 16:40:47.513  2974  2992 I wifiapi : newconn : 0xf55024e8
04-09 16:40:47.539  2974  2984 D wac-main: Netlink event
04-09 16:40:47.539  2974  2984 E wac-main: Netlink event 16 Interface Index 7 
04-09 16:40:47.539  2974  2984 E wac-main: Enter poll and wait
04-09 16:40:47.539  2710  2719 I yani_kernel: yani_geteventfrom_changeaddr() Message-Id '1' Netlink event '16' Interface Index '7' -> Name 'p2p1' 
04-09 16:40:47.545  2730  2739 E CommandListener: Message not handled: unrecognized interface p2p1
04-09 16:40:47.545  2730  2739 W FrameworkListener: Handler 'Iface' error (Success)
04-09 16:40:47.586  2974  2984 D wac-main: Netlink event
04-09 16:40:47.586  2974  2984 E wac-main: Netlink event 16 Interface Index 7 
04-09 16:40:47.586  2974  2984 E wac-main: Enter poll and wait
04-09 16:40:47.586  2710  2719 I yani_kernel: yani_geteventfrom_changeaddr() Message-Id '1' Netlink event '16' Interface Index '7' -> Name 'p2p1' 
04-09 16:40:47.587  2730  2739 E CommandListener: Message not handled: unrecognized interface p2p1
04-09 16:40:47.587  2730  2739 W FrameworkListener: Handler 'Iface' error (Success)
04-09 16:40:47.587  2730  2739 E CommandListener: Message not handled: unrecognized interface p2p1
04-09 16:40:47.587  2730  2739 W FrameworkListener: Handler 'Iface' error (Success)
04-09 16:40:47.596  2974  2992 I wifiapi : 'DISABLE' command returned = 0
04-09 16:40:47.596  2974  2992 I wifiapi : stop hostapd
04-09 16:40:47.597  2974  2992 I wifiapi : stop dnsmasq
04-09 16:40:47.599  2974  2984 D wac-main: Netlink event
04-09 16:40:47.599  2974  2984 E wac-main: Netlink event 21 Interface Index 7 
04-09 16:40:47.599  2974  2984 E wac-main: Enter poll and wait
04-09 16:40:47.599  2710  2719 I yani_kernel: yani_geteventfrom_changeaddr() Message-Id '1' Netlink event '21' Interface Index '7' -> Name 'p2p1' 
04-09 16:40:47.599  2730  2739 E CommandListener: Message not handled: unrecognized interface p2p1
04-09 16:40:47.599  2730  2739 W FrameworkListener: Handler 'Iface' error (Success)
04-09 16:40:47.604  2974  2992 E wac-main: WACCallback() message 5 -> 'Stopped'
04-09 16:40:47.604  2711  2711 I lucitransport: writeRemoteMessage() MID = 143 buffer = 5
04-09 16:40:47.604  2711  2711 I luciUART: write() MID = 143  bytes = 11 data = 5 m_fd = 0x6
04-09 16:40:47.605  2711  2711 I lucitransport: writeLocalMessage() MID = 143 buffer = 5
04-09 16:40:47.605  2711  2722 E LUCI_SERVER: Luci Server Thread wait over MID 143....
04-09 16:40:47.605  2711  2722 E LUCI_SERVER: Luci Server Thread waiting for packets....
04-09 16:40:47.605  2974  2992 E wac-main: send wac api : a5a1
04-09 16:40:47.605  2974  2984 E wac-main: API event
04-09 16:40:47.605  2974  2992 E WACSERVER: _HandleState_Cleanup done
04-09 16:40:47.605  2974  2984 E wac-main: msg : a5a1
04-09 16:40:47.605  2974  2984 E wac-main: msg : a5a1
04-09 16:40:47.606  2974  2984 E wac-main: Enter poll and wait
04-09 16:40:47.619  3074  3074 I cast_shell: [3077:3077:ERROR:cast_web_contents_impl.cc(828)] Resource "https://www.gstatic.com/cast/sdk/libs/mediaplayer/1.0.0/media_player.js" failed to load with net_error=-21, description=ERR_NETWORK_CHANGED
04-09 16:40:47.620  3074  3074 I cast_shell: [3077:3077:INFO:CONSOLE(116)] Cast App (CC1AD845): " [  0.385s] [cast.framework.common.libraryloader] library(//www.gstatic.com/cast/sdk/libs/mediaplayer/1.0.0/media_player.js) cannot be loaded ", source: https://www.gstatic.com/cast/sdk/libs/caf_receiver/v3/cast_receiver_framework.js (116)
