04-09 16:44:11.506  3092  3092 I cast_shell: [3095:3095:INFO:mdns_manager_impl.cc(311)] Successfully registered service: type=_googlezone
04-09 16:44:11.552  2711  2723 I yani_server: doLotofWork() List of interface '4'
04-09 16:44:11.552  2711  2723 I yani_server: doLotofWork() Interface 'p2p0' ifr[0].ifr_name 'lo' ipaddress '127.0.0.1'
04-09 16:44:11.552  2711  2723 I yani_server: doLotofWork() Interface 'p2p0' ifr[1].ifr_name 'p2p0' ipaddress '192.168.255.249'
04-09 16:44:11.552  2711  2723 I yani_server: doLotofWork() returns 'REFILL WACMODE'
04-09 16:44:11.552  2711  2723 E yani_server: YANI: I am Done Wait For Event 
04-09 16:44:11.552  2711  2814 I yani_server: onNetworkParametersChanged() WAC Mode '1'  Index '2' Interface 'p2p0' Status '1'
04-09 16:44:11.552  2711  2723 I yani_kernel: yani_geteventfrom_changeaddr() Message-Id '1' Netlink event '21' Interface Index '6' -> Name 'p2p0' 
04-09 16:44:11.552  2728  2746 I MB_HANDLER: YaniAlert() Interface '4' Status '1'
04-09 16:44:11.553  3174  3174 I dnsmasq : started, version 2.51 DNS disabled
04-09 16:44:11.553  3174  3174 I dnsmasq : compile time options: no-IPv6 GNU-getopt no-DBus no-I18N DHCP no-scripts no-TFTP
04-09 16:44:11.555  3092  3092 I cast_shell: [3095:3146:INFO:multizone_group.cc(357)] Change name for group [PII](5AF87A306FA25B67A81D376AFA0DD09F) to [PII](Lyric Speaker Box 21f384)
04-09 16:44:11.555  2712  2719 I lucitransport: writeRemoteMessage() MID = 124 buffer = 4#1,0#2,0#3,1#4,1
04-09 16:44:11.555  2712  2719 I luciUART: write() MID = 124  bytes = 27 data = 4#1,0#2,0#3,1#4,1 m_fd = 0x5
04-09 16:44:11.557  2711  2723 I yani_server: NetLink Event '5' Interface-Index '6' WLAN '-1' Ethernet '-1' Parsed-iFill '5' -> 'P2P0 DISCONNECTED' ifIndex '2' -> 'tunl0'
04-09 16:44:11.557  2729  2729 E AirableUIHelper: AirableUIHelper::YaniAlert  4 1 
04-09 16:44:11.558  2970  2982 I otamanager: YaniAlert() Interface 4 Status Up
04-09 16:44:11.558  2711  2723 E yani_server: YANI: I am Done Wait For Event 
04-09 16:44:11.558  2711  2723 I yani_kernel: yani_geteventfrom_changeaddr() Message-Id '1' Netlink event '20' Interface Index '6' -> Name 'p2p0' 
04-09 16:44:11.560  2966  2966 I airplay-main: YaniAlert Interface 4 Status 1
04-09 16:44:11.560  2711  2814 I yani_server: onNetworkParametersChanged() WAC Mode '0'  Index '2' Interface 'p2p0' Status '0'
04-09 16:44:11.560  2728  2746 I MB_HANDLER: YaniAlert() Interface '3' Status '0'
04-09 16:44:11.582  2712  2720 E luciUART: UART:69
04-09 16:44:11.582  2712  2720 I luciUART: Previous Packet read contd., 
04-09 16:44:11.582  2712  2720 E luciUART: UART:64
04-09 16:44:11.583  2712  2721 E LUCI_SERVER: Luci Server Thread wait over MID 208....
04-09 16:44:11.583  2712  2721 E LUCI_SERVER: Got NV name : ssid
04-09 16:44:11.585  2712  2721 I luciUART: write() MID = 208  bytes = 15 data = ssid: m_fd = 0x5
04-09 16:44:11.585  2712  2721 E LUCI_SERVER: NV_READ response= ssid:
04-09 16:44:11.585  2712  2721 E LUCI_SERVER: Luci Server Thread waiting for packets....
04-09 16:44:11.586  2711  2723 I yani_server: doLotofWork() List of interface '4'
04-09 16:44:11.586  2711  2723 I yani_server: doLotofWork() Interface 'p2p0' ifr[0].ifr_name 'lo' ipaddress '127.0.0.1'
04-09 16:44:11.586  2711  2723 I yani_server: doLotofWork() Interface 'p2p0' ifr[1].ifr_name 'p2p0' ipaddress '192.168.255.249'
04-09 16:44:11.586  2711  2723 I yani_server: doLotofWork() returns 'REFILL WACMODE'
04-09 16:44:11.586  2711  2723 E yani_server: YANI: I am Done Wait For Event 
04-09 16:44:11.586  2711  2723 I yani_kernel: yani_geteventfrom_changeaddr() Message-Id '1' Netlink event '16' Interface Index '6' -> Name 'p2p0' 
04-09 16:44:11.586  2711  2814 I yani_server: onNetworkParametersChanged() WAC Mode '1'  Index '2' Interface 'p2p0' Status '1'
04-09 16:44:11.587  2728  2746 I MB_HANDLER: YaniAlert() Interface '4' Status '1'
04-09 16:44:11.587  2731  2741 E WifiUtil: command: "SCAN" failed: FAIL-BUSY
04-09 16:44:11.587  2731  2741 W HotspotManager: hotspot already started
04-09 16:44:11.602  2712  2721 I luciUART: write() MID = 208  bytes = 15 data = ssid: m_fd = 0x5
04-09 16:44:11.602  2712  2721 E LUCI_SERVER: NV_READ response= ssid:
04-09 16:44:11.602  2712  2721 E LUCI_SERVER: Luci Server Thread waiting for packets....
04-09 16:44:11.603  2711  2723 I yani_server: NetLink Event '-1' Interface-Index '5' WLAN '-1' Ethernet '-1' Parsed-iFill '-1' -> 'INVALID' ifIndex '1' -> 'lo'
04-09 16:44:11.604  2711  2723 I yani_server: NetLink Event '-1' Interface-Index '5' WLAN '0' Ethernet '-1' Parsed-iFill '-1' -> 'INVALID' ifIndex '1' -> 'lo'
04-09 16:44:11.605  2711  2723 I yani_server: NetLink Event '-1' Interface-Index '5' WLAN '0' Ethernet '-1' Parsed-iFill '-1' -> 'INVALID' ifIndex '1' -> 'lo'
04-09 16:44:11.828  3092  3092 I cast_shell: [3095:3095:INFO:crypto_manager.cc(278)] Public key: MIIBCgKCAQEAtSY9ojuar4othzeHvvIycOnqs0VaLRpwNNgKD0KkWzWCSmNdnW+eJa+NsoBkEU8uA+MK7rc/wvw3EmWzI/X2xhTRDfU6qGj2OThy/o8Fl5PMTZuqzb7jJKnSIpSGPSPuNZg3uSncHhKNmaW7Qeu1zcjtceOh1qrKndGjGBtNkRS4WQBRU692N3cmEc2AdiJ/hwdX4s8DzZOjCa3pEQGzP4A/1SkzDp8tKBRE0gveeDbKbUqwUwjcNpC72TxRNVGpxRYR5IcEulnu6LxpsgoHICMI13Xs1DliNJPVuTBQlPptnv0RuynuyZgNv/UrIBDVu2sEtHi5m06Bq+BtXABR0wIDAQAB
04-09 16:44:11.828  3092  3092 I cast_shell: [3095:3095:INFO:crypto_manager.cc(289)] Public modulus: tSY9ojuar4othzeHvvIycOnqs0VaLRpwNNgKD0KkWzWCSmNdnW-eJa-NsoBkEU8uA-MK7rc_wvw3EmWzI_X2xhTRDfU6qGj2OThy_o8Fl5PMTZuqzb7jJKnSIpSGPSPuNZg3uSncHhKNmaW7Qeu1zcjtceOh1qrKndGjGBtNkRS4WQBRU692N3cmEc2AdiJ_hwdX4s8DzZOjCa3pEQGzP4A_1SkzDp8tKBRE0gveeDbKbUqwUwjcNpC72TxRNVGpxRYR5IcEulnu6LxpsgoHICMI13Xs1DliNJPVuTBQlPptnv0RuynuyZgNv_UrIBDVu2sEtHi5m06Bq-BtXABR0w
04-09 16:44:11.828  3092  3092 I cast_shell: [3095:3095:INFO:crypto_manager.cc(294)] Public exponent: AQAB
04-09 16:44:12.045  2964  3170 I LibreCastControlDelegate: OnCastStatus() +++ Lyric Speaker Box 21f384:0xaca2b198:NOT_SETUP
04-09 16:44:12.046  2964  3170 I LibreCastControlDelegate: Device Build Number -> '1.52.272222'
04-09 16:44:12.046  2964  3170 I librecast: updateCastBuildVersion() Version 1.52.272222
04-09 16:44:12.046  2712  2719 I lucitransport: readRemoteMessage() MID char = 7 buffer = 1.52.272222
04-09 16:44:12.046  2964  3170 I LibreCastControlDelegate: Active Applications -> 0
04-09 16:44:12.046  2964  3170 I LibreCastControlDelegate: Current Cast State '2' -> 'NOT_SETUP'
04-09 16:44:12.046  2964  3170 I LibreCastControlDelegate: OnCastStatus() ---
04-09 16:44:12.052  2963  2975 D wac-main: Netlink event
04-09 16:44:12.052  2963  2975 E wac-main: Netlink event 16 Interface Index 6 
04-09 16:44:12.052  2963  2975 E wac-main: p2p0 event Link Changed : 1003 
04-09 16:44:12.053  2963  2975 E wac-main: Enter poll and wait
04-09 16:44:12.053  2711  2723 I yani_kernel: yani_geteventfrom_changeaddr() Message-Id '1' Netlink event '16' Interface Index '6' -> Name 'p2p0' 
04-09 16:44:12.060  3172  3172 I hostapd : p2p0: IEEE 802.11 channel=6 mode=ht bw=20 htcaps=0x177f vhtcaps=0x0 cf_seg0=0 cf_seg1=0
04-09 16:44:12.062  2964  3170 I LibreCastControlDelegate: OnCastStatus() +++ Lyric Speaker Box 21f384:0xaca2b198:NOT_SETUP
04-09 16:44:12.062  2964  3170 I LibreCastControlDelegate: Device Build Number -> '1.52.272222'
04-09 16:44:12.062  2964  3170 I librecast: updateCastBuildVersion() Version 1.52.272222
04-09 16:44:12.062  2712  2719 I lucitransport: readRemoteMessage() MID char = 7 buffer = 1.52.272222
04-09 16:44:12.063  2964  3170 I LibreCastControlDelegate: Active Applications -> 0
04-09 16:44:12.063  2964  3170 I LibreCastControlDelegate: Current Cast State '2' -> 'NOT_SETUP'
04-09 16:44:12.063  2964  3170 I LibreCastControlDelegate: OnCastStatus() ---
04-09 16:44:12.063  2964  3170 I LibreCastControlDelegate: OnCastStatus() +++ Lyric Speaker Box 21f384:0xaca2b198:NOT_SETUP
04-09 16:44:12.063  2964  3170 I LibreCastControlDelegate: Device Build Number -> '1.52.272222'
04-09 16:44:12.134  2963  2975 D wac-main: Netlink event
04-09 16:44:12.134  2963  2975 E wac-main: Netlink event 16 Interface Index 6 
04-09 16:44:12.134  2963  2975 E wac-main: p2p0 event Link Changed : 11043 
04-09 16:44:12.134  2963  2975 E wac-main: p2p0 Changed Up 
04-09 16:44:12.134  2711  2723 I yani_kernel: yani_geteventfrom_changeaddr() Message-Id '1' Netlink event '16' Interface Index '6' -> Name 'p2p0' 
04-09 16:44:12.135  2963  2975 I wifiapi : newconn : 0xf5600718
04-09 16:44:12.136  2963  2975 I wifiapi : 'STATUS' command returned = 0
04-09 16:44:12.136  2963  2975 E wac-main: current wifi status : 10
04-09 16:44:12.569  3092  3092 I cast_shell: [3095:3133:INFO:ble_setup.cc(789)] Missing required info for sign.
04-09 16:44:12.612  3092  3092 I cast_shell: [3095:3133:INFO:gatt_client_manager_impl.cc(202)] Enabling GATT client connectability
04-09 16:44:12.612  3092  3092 I cast_shell: [3095:3133:INFO:ble_setup.cc(915)] Sign related info completed, no future EurekaInfo need sign.
04-09 16:44:12.612  3092  3092 I cast_shell: [3095:3133:INFO:gatt_client_manager_impl.cc(202)] Enabling GATT client connectability
04-09 16:44:12.612  3092  3092 I chatty  : uid=1000(chrome) /bin/logwrapper identical 1 line
04-09 16:44:12.612  3092  3092 I cast_shell: [3095:3133:INFO:gatt_client_manager_impl.cc(202)] Enabling GATT client connectability
04-09 16:44:12.615  2733  2764 E bt_btif : BTA_GATTS_AddService: rcb_idx = 0
04-09 16:44:12.616  2733  2764 I bluetoothtbd: [0409/041412.615961:INFO:gatt_api.cc(207)] GATTS_AddService
04-09 16:44:12.616  3092  3092 I cast_shell: [3095:3103:INFO:parent_tracker.cc(291)] [PII](5AF87A306FA25B67A81D376AFA0DD09F) Become root
04-09 16:44:12.616  3092  3092 I cast_shell: [3095:3103:INFO:directory_service_impl.cc(200)] This device became root
04-09 16:44:12.616  2733  2764 I bluetoothtbd: [0409/041412.616323:INFO:gatt_api.cc(317)] GATTS_AddService: service parsed correctly, now starting
04-09 16:44:12.619  3092  3092 I cast_shell: [3095:3133:INFO:ble_setup_manager.cc(744)] Started Bluetooth service
04-09 16:44:13.055  3092  3092 I cast_shell: [3095:3103:ERROR:connectivity_checker_impl.cc(265)] Connectivity check failed: 400
04-09 16:44:13.363  3092  3092 I cast_shell: [3095:3143:INFO:mdns_app_filter.cc(1403)] MdnsAppFilter: Done probing.
04-09 16:44:14.062  3092  3092 I cast_shell: [3095:3103:ERROR:connectivity_checker_impl.cc(265)] Connectivity check failed: 400
04-09 16:44:14.367  3092  3092 I cast_shell: [3095:3095:INFO:grpc_service_discovery_impl.cc(185)] Mdns discovered google RPC for [PII](5AF87A306FA25B67A81D376AFA0DD09F).
04-09 16:44:15.068  3092  3092 I cast_shell: [3095:3103:ERROR:connectivity_checker_impl.cc(265)] Connectivity check failed: 400
04-09 16:44:15.136  2963  2975 E wac-main: Enter poll and wait
04-09 16:44:15.370  3092  3092 I cast_shell: [3095:3143:INFO:mdns_app_filter.cc(1526)] MdnsAppFilter: Done announcing.
04-09 16:44:16.074  3092  3092 I cast_shell: [3095:3103:ERROR:connectivity_checker_impl.cc(265)] Connectivity check failed: 400
04-09 16:44:19.094  3092  3092 I chatty  : uid=1000(chrome) /bin/logwrapper identical 3 lines
04-09 16:44:20.102  3092  3092 I cast_shell: [3095:3103:ERROR:connectivity_checker_impl.cc(265)] Connectivity check failed: 400
04-09 16:44:20.188  3092  3092 I cast_shell: [3095:3133:ERROR:setup_state.cc(424)] Timeout for state=SETUP_STATE_CHECKING_GLOBAL_CONNECTIVITY(50): move to state=SETUP_STATE_CHECKING_GLOBAL_CONNECTIVITY_BAD_ROUTER(52).
04-09 16:44:20.188  3092  3092 I cast_shell: [3095:3133:INFO:setup_state.cc(261)] Setup state changed: SETUP_STATE_CHECKING_GLOBAL_CONNECTIVITY (50) -> SETUP_STATE_CHECKING_GLOBAL_CONNECTIVITY_BAD_ROUTER (52)
04-09 16:44:20.196  2964  3170 I LibreCastControlDelegate: OnCastStatus() +++ Lyric Speaker Box 21f384:0xaca2b198:NOT_SETUP
04-09 16:44:20.196  2964  3170 I LibreCastControlDelegate: Device Build Number -> '1.52.272222'
04-09 16:44:20.196  2964  3170 I librecast: updateCastBuildVersion() Version 1.52.272222
04-09 16:44:20.196  2712  2719 I lucitransport: readRemoteMessage() MID char = 7 buffer = 1.52.272222
04-09 16:44:20.197  2964  3170 I LibreCastControlDelegate: Active Applications -> 0
04-09 16:44:20.197  2964  3170 I LibreCastControlDelegate: Current Cast State '2' -> 'NOT_SETUP'
04-09 16:44:20.197  2964  3170 I LibreCastControlDelegate: OnCastStatus() ---
04-09 16:44:21.108  3092  3092 I cast_shell: [3095:3103:ERROR:connectivity_checker_impl.cc(265)] Connectivity check failed: 400
04-09 16:44:46.066  2731  2740 E NetworkMonitor: cannot find default IPv4 route for wlan0
04-09 16:44:46.067  2731  2740 E NetworkMonitor: cannot find default IPv6 route for wlan0
04-09 16:44:49.146  2731  2740 E NetworkMonitor: no response for /bin/ping -n -I wlan0 -c 10 -w 10 8.8.8.8
04-09 16:44:49.158  2731  2740 E NetworkMonitor: no response for /bin/ping6 -n -I wlan0 -c 10 -w 10 2001:4860:4860::8888
04-09 16:44:49.160  2731  2740 E NetworkMonitor: dns resolution failed
04-09 16:44:49.161  2731  2740 I NetworkMonitor: Cast.Wifi.Failure.Type 7
04-09 16:45:08.423  3092  3092 I chatty  : uid=1000(chrome) /bin/logwrapper identical 47 lines
04-09 16:45:09.430  3092  3092 I cast_shell: [3095:3103:ERROR:connectivity_checker_impl.cc(265)] Connectivity check failed: 400
04-09 16:45:09.792  3092  3092 I cast_shell: [3095:3095:INFO:grpc_manager_impl.cc(505)] GRPC[uri=[::]:0]: num_pending_calls=0, num_active_handlers=0, num_free_handlers=0
04-09 16:45:09.792  3092  3092 I cast_shell: [3095:3095:INFO:gcm_manager.cc(269)] Disabling GCM Driver
04-09 16:45:09.793  3092  3092 I cast_shell: [3095:3095:INFO:grpc_manager_impl.cc(505)] GRPC[uri=]: num_pending_calls=0, num_active_handlers=0, num_free_handlers=0
04-09 16:45:09.858  3092  3092 I cast_shell: [3095:3095:INFO:grpc_manager_impl.cc(505)] GRPC[uri=unix:/tmp/hcp_ipc_auth.socket]: num_pending_calls=0, num_active_handlers=10, num_free_handlers=0
04-09 16:45:09.862  3092  3092 I cast_shell: [3095:3095:INFO:grpc_manager_impl.cc(505)] GRPC[uri=unix:/tmp/modular_updater/modular_update_service]: num_pending_calls=0, num_active_handlers=0, num_free_handlers=0
04-09 16:45:09.884  3092  3092 I cast_shell: [3095:3095:INFO:metrics_recorder.cc(112)] Metrics stat: total=13
04-09 16:45:09.884  3092  3092 I cast_shell: Cast.Discovery.Mdns.ResponderStarted=2
04-09 16:45:09.884  3092  3092 I cast_shell: Cast.Discovery.Mdns.ResponderStopped=1
04-09 16:45:09.884  3092  3092 I cast_shell: Cast.Discovery.Mdns.SocketCreated=4
04-09 16:45:09.884  3092  3092 I cast_shell: Cast.Discovery.Mdns.SocketDestroyed=2
04-09 16:45:09.884  3092  3092 I cast_shell: Cast.System.Timezone.ChangeSuccessful=1
04-09 16:45:09.884  3092  3092 I cast_shell: CastV2.Connection.Connect.In=1
04-09 16:45:09.884  3092  3092 I cast_shell: CastV2.Receiver.DeviceStatus.Out=5
04-09 16:45:09.884  3092  3092 I cast_shell: CastV2.Receiver.DeviceStatus.Out.Broadcast=2
04-09 16:45:09.884  3092  3092 I cast_shell: CastV2.Receiver.GetStatus.In=1
04-09 16:45:09.884  3092  3092 I cast_shell: CastV2.Resource.Provider.In=1
04-09 16:45:10.013  3092  3092 I cast_shell: [3095:3095:INFO:metrics_recorder_impl.cc(672)] Activated server experiments: []
04-09 16:45:10.015  3092  3092 I cast_shell: [3095:3095:INFO:cast_logs_metrics_provider.cc(59)] netif is ipv4
04-09 16:45:10.015  3092  3092 I cast_shell: [3095:3095:ERROR:socket_posix.cc(148)] bind() failed: Address already in use (98)
04-09 16:45:10.015  3092  3092 I cast_shell: [3095:3095:INFO:net_util_impl.cc(1041)] Platform supports dual-stack
04-09 16:45:10.048  3092  3092 I cast_shell: [3095:3095:INFO:grpc_manager_impl.cc(505)] GRPC[uri=[::]:8012]: num_pending_calls=0, num_active_handlers=1, num_free_handlers=0
04-09 16:45:10.437  3092  3092 I cast_shell: [3095:3103:ERROR:connectivity_checker_impl.cc(265)] Connectivity check failed: 400
04-09 16:45:50.170  2731  2740 E NetworkMonitor: cannot find default IPv4 route for wlan0
04-09 16:45:50.171  2731  2740 E NetworkMonitor: cannot find default IPv6 route for wlan0
04-09 16:45:50.705  3092  3092 I chatty  : uid=1000(chrome) /bin/logwrapper identical 40 lines
04-09 16:45:51.712  3092  3092 I cast_shell: [3095:3103:ERROR:connectivity_checker_impl.cc(265)] Connectivity check failed: 400
04-09 16:45:52.364  2733  2812 I bt_btm_ble: btm_ble_conn_complete unable to match and resolve random address
04-09 16:45:52.367  2733  2764 I bluetoothtbd: [0409/041552.367087:INFO:gatt_server.cc(280)] Added connection entry for conn_id: 5 device address: 46:B1:02:BA:5D:A6
04-09 16:45:52.367  2733  2812 W bt_smp  : smp_br_connect_callback is called on unexpected transport 2
04-09 16:45:52.367  2733  2812 W bt_btif : bta_dm_acl_change info: 0x0
04-09 16:45:52.367  2733  2764 D bt_btif_dm: remote version info [46:b1:02:ba:5d:a6]: 0, 0, 0
04-09 16:45:52.367  2733  2764 I bluetoothtbd: [0409/041552.367743:INFO:adapter.cc(719)] ACL state changed: 46:B1:02:BA:5D:A6 - connected: true
04-09 16:45:52.368  3092  3092 I cast_shell: [3095:3133:ERROR:bluetooth_v1_via_v2.cc(796)] Connection state changed. :a6 true
04-09 16:45:52.718  3092  3092 I cast_shell: [3095:3103:ERROR:connectivity_checker_impl.cc(265)] Connectivity check failed: 400
04-09 16:45:52.896  2733  2764 D bt_btif_scanner: btif_gatts_upstreams_evt: Unhandled event (26)
04-09 16:45:53.242  2731  2740 E NetworkMonitor: no response for /bin/ping -n -I wlan0 -c 10 -w 10 8.8.8.8
04-09 16:45:53.253  2731  2740 E NetworkMonitor: no response for /bin/ping6 -n -I wlan0 -c 10 -w 10 2001:4860:4860::8888
04-09 16:45:53.254  2731  2740 E NetworkMonitor: dns resolution failed
04-09 16:45:53.465  2733  2812 E bluetoothtbd: [0409/041553.464927:ERROR:gatt_sr.cc(743)] MTU request PDU with MTU size 515
04-09 16:45:53.465  2733  2812 W bt_l2cap: l2cble_set_fixed_channel_tx_data_length, request not supported
04-09 16:45:53.465  2733  2812 W bluetoothtbd: [0409/041553.465851:WARNING:gatt_utils.cc(837)] Call back not found for application conn_id=3
04-09 16:45:53.465  2733  2812 W bluetoothtbd: [0409/041553.465937:WARNING:gatt_utils.cc(837)] Call back not found for application conn_id=4
04-09 16:45:53.466  2733  2812 W bluetoothtbd: [0409/041553.466019:WARNING:gatt_utils.cc(837)] Call back not found for application conn_id=6
04-09 16:45:53.514  3092  3092 I cast_shell: [3095:3133:INFO:ble_setup.cc(322)] Record action: Setup.set_eureka_info.BLE.Locale
04-09 16:45:53.514  3092  3092 I cast_shell: [3095:3133:INFO:locale_manager.cc(576)] New locale: en-US
04-09 16:45:53.523  3092  3092 I cast_shell: [3095:3133:INFO:setup_state.cc(544)] EurekaInfoCalled: wifi_state=3, is_usable_ip_address=1, connected=0, is_initial_setup=1
04-09 16:45:53.524  3092  3092 I cast_shell: [3095:3133:INFO:setup_state.cc(261)] Setup state changed: SETUP_STATE_CHECKING_GLOBAL_CONNECTIVITY_BAD_ROUTER (52) -> SETUP_STATE_DISCONNECTED_EXTERNAL_CLIENT_ACCESSED (11)
04-09 16:45:53.524  3092  3092 I cast_shell: [3095:3118:INFO:media_manager_impl.cc(383)] TurnActive result: 0
04-09 16:45:53.534  2964  3170 I LibreCastControlDelegate: OnCastStatus() +++ Lyric Speaker Box 21f384:0xaca2b198:NOT_SETUP
04-09 16:45:53.534  2964  3170 I LibreCastControlDelegate: Device Build Number -> '1.52.272222'
04-09 16:45:53.534  2964  3170 I librecast: updateCastBuildVersion() Version 1.52.272222
04-09 16:45:53.535  2712  2719 I lucitransport: readRemoteMessage() MID char = 7 buffer = 1.52.272222
04-09 16:45:53.535  2964  3170 I LibreCastControlDelegate: Active Applications -> 0
04-09 16:45:53.535  2964  3170 I LibreCastControlDelegate: Current Cast State '2' -> 'NOT_SETUP'
04-09 16:45:53.535  2964  3170 I LibreCastControlDelegate: OnCastStatus() ---
04-09 16:45:53.537  2964  3170 I LibreCastControlDelegate: OnCastStatus() +++ Lyric Speaker Box 21f384:0xaca2b198:NOT_SETUP
04-09 16:45:53.537  2964  3170 I LibreCastControlDelegate: Device Build Number -> '1.52.272222'
04-09 16:45:53.537  2964  3170 I librecast: updateCastBuildVersion() Version 1.52.272222
04-09 16:45:53.537  2712  2719 I lucitransport: readRemoteMessage() MID char = 7 buffer = 1.52.272222
04-09 16:45:53.537  2964  3170 I LibreCastControlDelegate: Active Applications -> 0
04-09 16:45:53.537  2964  3170 I LibreCastControlDelegate: Current Cast State '2' -> 'NOT_SETUP'
04-09 16:45:53.537  2964  3170 I LibreCastControlDelegate: OnCastStatus() ---
04-09 16:45:53.570  2733  2764 D bt_btif_scanner: btif_gatts_upstreams_evt: Unhandled event (26)
04-09 16:45:53.621  3092  3092 I cast_shell: [3095:3133:INFO:metrics_recorder.cc(282)] Record action: Setup.version.BLE
04-09 16:45:53.718  3092  3092 I cast_shell: [3095:3133:INFO:metrics_recorder.cc(282)] Record action: Setup.name_utf8.BLE
04-09 16:45:53.724  3092  3092 I cast_shell: [3095:3103:ERROR:connectivity_checker_impl.cc(265)] Connectivity check failed: 400
04-09 16:45:54.012  2733  2764 D bt_btif_scanner: btif_gatts_upstreams_evt: Unhandled event (26)
04-09 16:45:54.044  3092  3092 I cast_shell: [3095:3133:INFO:metrics_recorder.cc(282)] Record action: Setup.tos_accepted.BLE
04-09 16:45:54.074  3092  3092 I cast_shell: [3095:3133:INFO:metrics_recorder.cc(282)] Record action: Setup.state.BLE
04-09 16:45:54.104  3092  3092 I cast_shell: [3095:3133:INFO:metrics_recorder.cc(282)] Record action: Setup.ip_address.BLE
04-09 16:45:54.164  3092  3092 I cast_shell: [3095:3133:INFO:metrics_recorder.cc(282)] Record action: Setup.eureka_info_immutable_basic.BLE
04-09 16:45:54.225  3092  3092 I cast_shell: [3095:3133:INFO:metrics_recorder.cc(282)] Record action: Setup.eureka_info_mutable_reads.BLE
04-09 16:45:54.254  3092  3092 I cast_shell: [3095:3133:INFO:metrics_recorder.cc(282)] Record action: Setup.eureak_info_keys.BLE
04-09 16:45:54.359  3092  3092 I cast_shell: [3095:3133:INFO:metrics_recorder.cc(282)] Record action: Setup.eureka_info_immutable_basic.BLE
04-09 16:45:54.389  3092  3092 I cast_shell: [3095:3133:INFO:metrics_recorder.cc(282)] Record action: Setup.eureak_info_keys.BLE
04-09 16:45:54.644  3092  3092 I chatty  : uid=1000(chrome) /bin/logwrapper identical 3 lines
04-09 16:45:54.719  3092  3092 I cast_shell: [3095:3133:INFO:metrics_recorder.cc(282)] Record action: Setup.eureak_info_keys.BLE
04-09 16:45:54.731  3092  3092 I cast_shell: [3095:3103:ERROR:connectivity_checker_impl.cc(265)] Connectivity check failed: 400
04-09 16:45:54.794  3092  3092 I cast_shell: [3095:3133:INFO:metrics_recorder.cc(282)] Record action: Setup.eureak_info_keys.BLE
04-09 16:45:54.869  3092  3092 I cast_shell: [3095:3133:INFO:metrics_recorder.cc(282)] Record action: Setup.i8n_info.BLE
04-09 16:45:55.244  3092  3092 I chatty  : uid=1000(chrome) /bin/logwrapper identical 5 lines
04-09 16:45:55.319  3092  3092 I cast_shell: [3095:3133:INFO:metrics_recorder.cc(282)] Record action: Setup.i8n_info.BLE
04-09 16:45:55.396  3092  3092 I cast_shell: [3095:3133:INFO:ble_setup.cc(322)] Record action: Setup.set_eureka_info.BLE.CountryCode
04-09 16:45:55.396  3092  3092 I cast_shell: [3095:3133:INFO:locale_manager.cc(639)] New country code: IN
04-09 16:45:55.398  2710  2710 I wpa_supplicant: wlan0: CTRL-EVENT-REGDOM-CHANGE init=USER type=COUNTRY alpha2=IN
04-09 16:45:55.402  2711  2723 I yani_server: NetLink Event '-1' Interface-Index '5' WLAN '-1' Ethernet '-1' Parsed-iFill '-1' -> 'INVALID' ifIndex '1' -> 'lo'
04-09 16:45:55.406  2711  2723 I yani_server: NetLink Event '-1' Interface-Index '5' WLAN '0' Ethernet '-1' Parsed-iFill '-1' -> 'INVALID' ifIndex '1' -> 'lo'
04-09 16:45:55.407  2964  3170 I LibreCastControlDelegate: OnCastStatus() +++ Lyric Speaker Box 21f384:0xaca2b198:NOT_SETUP
04-09 16:45:55.407  2964  3170 I LibreCastControlDelegate: Device Build Number -> '1.52.272222'
04-09 16:45:55.407  2964  3170 I librecast: updateCastBuildVersion() Version 1.52.272222
04-09 16:45:55.407  2712  2719 I lucitransport: readRemoteMessage() MID char = 7 buffer = 1.52.272222
04-09 16:45:55.407  2964  3170 I LibreCastControlDelegate: Active Applications -> 0
04-09 16:45:55.407  2964  3170 I LibreCastControlDelegate: Current Cast State '2' -> 'NOT_SETUP'
04-09 16:45:55.407  2964  3170 I LibreCastControlDelegate: OnCastStatus() ---
04-09 16:45:55.737  3092  3092 I cast_shell: [3095:3103:ERROR:connectivity_checker_impl.cc(265)] Connectivity check failed: 400
04-09 16:45:56.444  3092  3092 I cast_shell: [3095:3133:INFO:ble_setup.cc(322)] Record action: Setup.scan_wifi.BLE
04-09 16:45:56.445  3092  3092 I cast_shell: [3095:3133:WARNING:wifi_controller_wpa_supplicant.cc(797)] Wpa responses FAIL-BUSY, assuming it is associating, which will keep scan_results fresh.
04-09 16:45:56.744  3092  3092 I cast_shell: [3095:3103:ERROR:connectivity_checker_impl.cc(265)] Connectivity check failed: 400
04-09 16:45:57.750  3092  3092 I chatty  : uid=1000(chrome) /bin/logwrapper identical 1 line
04-09 16:45:58.757  3092  3092 I cast_shell: [3095:3103:ERROR:connectivity_checker_impl.cc(265)] Connectivity check failed: 400
04-09 16:45:58.837  2963  2975 D wac-main: Netlink event
04-09 16:45:58.837  2963  2975 E wac-main: Netlink event 16 Interface Index 5 
04-09 16:45:58.837  2963  2975 E wac-main: Enter poll and wait
04-09 16:45:58.838  2963  2975 D wac-main: Netlink event
04-09 16:45:58.838  2963  2975 E wac-main: Netlink event 16 Interface Index 5 
04-09 16:45:58.838  2963  2975 E wac-main: Enter poll and wait
04-09 16:45:58.849  2711  2723 I yani_server: NetLink Event '-1' Interface-Index '5' WLAN '0' Ethernet '-1' Parsed-iFill '-1' -> 'INVALID' ifIndex '1' -> 'lo'
04-09 16:45:58.850  2711  2723 I chatty  : uid=0(root) YaniServer identical 1 line
04-09 16:45:58.852  2711  2723 I yani_server: NetLink Event '-1' Interface-Index '5' WLAN '0' Ethernet '-1' Parsed-iFill '-1' -> 'INVALID' ifIndex '1' -> 'lo'
04-09 16:45:58.854  2964  3170 I LibreCastControlDelegate: OnCastStatus() +++ Lyric Speaker Box 21f384:0xaca2b198:NOT_SETUP
04-09 16:45:58.854  2964  3170 I LibreCastControlDelegate: Device Build Number -> '1.52.272222'
04-09 16:45:58.854  2964  3170 I librecast: updateCastBuildVersion() Version 1.52.272222
04-09 16:45:58.854  2712  2719 I lucitransport: readRemoteMessage() MID char = 7 buffer = 1.52.272222
04-09 16:45:58.855  2964  3170 I LibreCastControlDelegate: Active Applications -> 0
04-09 16:45:58.855  2964  3170 I LibreCastControlDelegate: Current Cast State '2' -> 'NOT_SETUP'
04-09 16:45:58.855  2964  3170 I LibreCastControlDelegate: OnCastStatus() ---
04-09 16:45:58.855  2711  2723 I yani_server: NetLink Event '-1' Interface-Index '5' WLAN '0' Ethernet '-1' Parsed-iFill '-1' -> 'INVALID' ifIndex '1' -> 'lo'
04-09 16:45:58.856  2711  2723 I yani_server: NetLink Event '-1' Interface-Index '5' WLAN '0' Ethernet '-1' Parsed-iFill '-1' -> 'INVALID' ifIndex '1' -> 'lo'
04-09 16:45:58.856  2711  2723 I yani_kernel: yani_geteventfrom_changeaddr() Message-Id '1' Netlink event '16' Interface Index '5' -> Name 'wlan0' 
04-09 16:45:58.857  2711  2723 I yani_kernel: yani_geteventfrom_changeaddr() Message-Id '1' Netlink event '16' Interface Index '5' -> Name 'wlan0' 
04-09 16:45:59.764  3092  3092 I cast_shell: [3095:3103:ERROR:connectivity_checker_impl.cc(265)] Connectivity check failed: 400
04-09 16:46:00.480  2710  2710 I wpa_supplicant: wlan0: CTRL-EVENT-SCAN-FAILED ret=-11
04-09 16:46:00.480  3092  3092 I cast_shell: [3095:3133:INFO:ble_setup.cc(322)] Record action: Setup.scan_wifi.BLE
04-09 16:46:00.482  2711  2723 I yani_server: NetLink Event '-1' Interface-Index '5' WLAN '-1' Ethernet '-1' Parsed-iFill '-1' -> 'INVALID' ifIndex '1' -> 'lo'
04-09 16:46:00.486  2964  3170 I LibreCastControlDelegate: OnCastStatus() +++ Lyric Speaker Box 21f384:0xaca2b198:NOT_SETUP
04-09 16:46:00.486  2964  3170 I LibreCastControlDelegate: Device Build Number -> '1.52.272222'
04-09 16:46:00.486  2964  3170 I librecast: updateCastBuildVersion() Version 1.52.272222
04-09 16:46:00.487  2712  2719 I lucitransport: readRemoteMessage() MID char = 7 buffer = 1.52.272222
04-09 16:46:00.487  2964  3170 I LibreCastControlDelegate: Active Applications -> 0
04-09 16:46:00.487  2964  3170 I LibreCastControlDelegate: Current Cast State '2' -> 'NOT_SETUP'
04-09 16:46:00.487  2964  3170 I LibreCastControlDelegate: OnCastStatus() ---
04-09 16:46:00.771  3092  3092 I cast_shell: [3095:3103:ERROR:connectivity_checker_impl.cc(265)] Connectivity check failed: 400
04-09 16:46:02.783  3092  3092 I chatty  : uid=1000(chrome) /bin/logwrapper identical 2 lines
04-09 16:46:03.790  3092  3092 I cast_shell: [3095:3103:ERROR:connectivity_checker_impl.cc(265)] Connectivity check failed: 400
04-09 16:46:04.543  3092  3092 I cast_shell: [3095:3133:INFO:metrics_recorder.cc(282)] Record action: Setup.scan_results.BLE
04-09 16:46:04.618  3092  3092 I cast_shell: [3095:3133:INFO:metrics_recorder.cc(282)] Record action: Setup.scan_results.BLE
04-09 16:46:04.796  3092  3092 I cast_shell: [3095:3103:ERROR:connectivity_checker_impl.cc(265)] Connectivity check failed: 400
04-09 16:46:05.802  3092  3092 I cast_shell: [3095:3103:ERROR:connectivity_checker_impl.cc(265)] Connectivity check failed: 400
04-09 16:46:06.795  3092  3092 I cast_shell: [3095:3133:INFO:ble_setup.cc(322)] Record action: Setup.play_sound.BLE
04-09 16:46:06.795  3092  3092 I cast_shell: [3095:3112:INFO:synchronized_sound_player.cc(362)] Playing sound key 2
04-09 16:46:06.809  3092  3092 I cast_shell: [3095:3103:ERROR:connectivity_checker_impl.cc(265)] Connectivity check failed: 400
04-09 16:46:06.823  3092  3092 I cast_shell: [3095:3112:INFO:audio_decoder_software_wrapper.cc(86)] Using backend decoder for PCM
04-09 16:46:06.824  3092  3092 I cast_shell: [3095:3117:INFO:mixer_input_connection.cc(208)] Create 0xf297b860 (no_delay), content type: media, focus type: media, fill size: 512, algorithm fill size: 221, channel count: 1, input sample rate: 44100, start threshold: 3087, max queue size: 8820, socket: 0xf3b1c900
04-09 16:46:06.824  3092  3092 I cast_shell: [3095:3116:INFO:mixer_output_stream_alsa.cc(428)] ALSA buffer = 4096, period = 512
04-09 16:46:06.824  3092  3092 I cast_shell: [3095:3115:INFO:stream_mixer.cc(604)] Input source channel count = 1
04-09 16:46:06.824  3092  3092 I cast_shell: [3095:3115:INFO:stream_mixer.cc(607)] Dynamic channel count not enabled; using stereo
04-09 16:46:06.824  3092  3092 I cast_shell: [3095:3115:INFO:stream_mixer.cc(604)] Input source channel count = 1
04-09 16:46:06.824  3092  3092 I cast_shell: [3095:3115:INFO:stream_mixer.cc(607)] Dynamic channel count not enabled; using stereo
04-09 16:46:06.824  3092  3092 I cast_shell: [3095:3115:INFO:stream_mixer.cc(416)] Start with 0 active inputs
04-09 16:46:06.829  3092  3092 I cast_shell: [3095:3116:INFO:mixer_output_stream_alsa.cc(171)] snd_pcm_open: handle=0xf1f17e80
04-09 16:46:06.837  3092  3092 I cast_shell: [3095:3116:WARNING:mixer_output_stream_alsa.cc(341)] Requested sample rate (44100 Hz) does not match the actual sample rate (48000 Hz). This may lead to lower audio quality.
04-09 16:46:06.837  3092  3092 I cast_shell: [3095:3116:INFO:mixer_output_stream_alsa.cc(346)] Sample rate changed from 0 to 48000
04-09 16:46:06.838  3092  3092 I cast_shell: [3095:3116:WARNING:mixer_output_stream_alsa.cc(379)] Requested period size (512 frames) does not match the actual period size (1024 frames). This may lead to an increase in CPU usage or an increase in audio latency.
04-09 16:46:06.840  3092  3092 I cast_shell: [3095:3115:INFO:stream_mixer.cc(466)] Output 2 channels at 48000 samples per second
04-09 16:46:06.840  3092  3092 I cast_shell: [3095:3115:INFO:stream_mixer.cc(484)] Using 2 loopback channels
04-09 16:46:06.840  3092  3092 I cast_shell: [3095:3116:INFO:filter_group.cc(340)] : 2ch@48000hz -> [GROUP]mix -> 2ch@48000hz
04-09 16:46:06.840  3092  3092 I cast_shell: [3095:3116:INFO:filter_group.cc(340)] [GROUP]mix: 2ch@48000hz -> [GROUP]linearize -> 2ch@48000hz
04-09 16:46:06.841  3092  3092 I cast_shell: [3095:3115:INFO:stream_mixer.cc(640)] Add input 0xf297b864 to mix @ 48000 samples per second. Is primary source? = 0
04-09 16:46:06.845  3092  3092 I cast_shell: [3095:3115:INFO:mixer_input.cc(361)] no_delay(0xf297b864): set volume limits to [0, 1]
04-09 16:46:06.846  3092  3092 I cast_shell: [3095:3115:INFO:mixer_input.cc(121)] Remixing channels for 0xf297b864 from 1 to 2
04-09 16:46:06.846  3092  3092 I cast_shell: [3095:3115:INFO:mixer_input.cc(346)] no_delay(0xf297b864): type volume = 1, effective multiplier = 1
04-09 16:46:06.846  3092  3092 I cast_shell: [3095:3115:INFO:mixer_input.cc(395)] no_delay(0xf297b864): mute volume = 1, effective multiplier = 1
04-09 16:46:06.847  3092  3092 I cast_shell: [3095:3115:INFO:mixer_input_connection.cc(1053)] 0xf297b860 ready for playback
04-09 16:46:06.847  3092  3092 I cast_shell: [3095:3112:INFO:media_pipeline_backend_for_mixer.cc(276)] Audio ready to play
04-09 16:46:06.848  3092  3092 I cast_shell: [3095:3115:INFO:mixer_input_connection.cc(705)] Start 0xf297b860
04-09 16:46:06.855  3092  3092 I cast_shell: [3095:3133:INFO:ble_setup.cc(322)] Record action: Setup.play_sound.BLE
04-09 16:46:06.856  3092  3092 I cast_shell: [3095:3112:INFO:synchronized_sound_player.cc(362)] Playing sound key 0
04-09 16:46:06.856  3092  3092 I cast_shell: [3095:3117:INFO:mixer_input_connection.cc(386)] Remove 0xf297b860
04-09 16:46:06.875  3092  3092 I cast_shell: [3095:3112:INFO:audio_decoder_software_wrapper.cc(86)] Using backend decoder for PCM
04-09 16:46:06.875  3092  3092 I cast_shell: [3095:3117:INFO:mixer_input_connection.cc(208)] Create 0xf2988b88 (no_delay), content type: media, focus type: media, fill size: 512, algorithm fill size: 240, channel count: 2, input sample rate: 48000, start threshold: 3360, max queue size: 9600, socket: 0xf3b2b770
04-09 16:46:06.894  3092  3092 I cast_shell: [3095:3117:INFO:mixer_input_connection.cc(243)] Delete 0xf297b860
04-09 16:46:06.894  3092  3092 I cast_shell: [3095:3115:INFO:stream_mixer.cc(683)] Remove input 0xf297b864
04-09 16:46:06.894  3092  3092 I chatty  : uid=1000(chrome) /bin/logwrapper identical 1 line
04-09 16:46:06.894  3092  3092 I cast_shell: [3095:3115:INFO:stream_mixer.cc(683)] Remove input 0xf297b864
04-09 16:46:06.894  3092  3092 I cast_shell: [3095:3115:INFO:stream_mixer.cc(604)] Input source channel count = 2
04-09 16:46:06.894  3092  3092 I cast_shell: [3095:3115:INFO:stream_mixer.cc(607)] Dynamic channel count not enabled; using stereo
04-09 16:46:06.894  3092  3092 I cast_shell: [3095:3115:INFO:stream_mixer.cc(640)] Add input 0xf2988b8c to mix @ 48000 samples per second. Is primary source? = 0
04-09 16:46:06.894  3092  3092 I cast_shell: [3095:3115:INFO:mixer_input.cc(361)] no_delay(0xf2988b8c): set volume limits to [0, 1]
04-09 16:46:06.894  3092  3092 I cast_shell: [3095:3115:INFO:mixer_input.cc(346)] no_delay(0xf2988b8c): type volume = 1, effective multiplier = 1
04-09 16:46:06.894  3092  3092 I cast_shell: [3095:3115:INFO:mixer_input.cc(395)] no_delay(0xf2988b8c): mute volume = 1, effective multiplier = 1
04-09 16:46:06.894  3092  3092 I cast_shell: [3095:3112:INFO:media_pipeline_backend_for_mixer.cc(276)] Audio ready to play
04-09 16:46:06.895  3092  3092 I cast_shell: [3095:3115:INFO:mixer_input_connection.cc(1053)] 0xf2988b88 ready for playback
04-09 16:46:06.915  3092  3092 I cast_shell: [3095:3115:INFO:mixer_input_connection.cc(705)] Start 0xf2988b88
04-09 16:46:07.815  3092  3092 I cast_shell: [3095:3103:ERROR:connectivity_checker_impl.cc(265)] Connectivity check failed: 400
04-09 16:46:08.514  3092  3092 I cast_shell: [3095:3115:INFO:mixer_input_connection.cc(589)] End of stream for 0xf2988b88
04-09 16:46:08.707  3092  3092 I cast_shell: [3095:3112:INFO:synchronized_sound_player.cc(496)] Finished playing sound
04-09 16:46:08.707  3092  3092 I cast_shell: [3095:3117:INFO:mixer_input_connection.cc(386)] Remove 0xf2988b88
04-09 16:46:08.770  3092  3092 I cast_shell: [3095:3117:INFO:mixer_input_connection.cc(243)] Delete 0xf2988b88
04-09 16:46:08.770  3092  3092 I cast_shell: [3095:3115:INFO:stream_mixer.cc(683)] Remove input 0xf2988b8c
04-09 16:46:08.770  3092  3092 I cast_shell: [3095:3115:INFO:stream_mixer.cc(774)] Close timeout
04-09 16:46:08.770  3092  3092 I cast_shell: [3095:3115:INFO:stream_mixer.cc(541)] Stop
04-09 16:46:08.771  3092  3092 I cast_shell: [3095:3103:INFO:loopback_audio_input.cc(194)] [REALIGN] loopback interrupted; reason = 4
04-09 16:46:08.771  3092  3092 I cast_shell: [3095:3095:INFO:cast_receiver_mojo.cc(844)] cast event : Cast.Platform.Audio.OutputInterrupted
04-09 16:46:08.822  3092  3092 I cast_shell: [3095:3103:ERROR:connectivity_checker_impl.cc(265)] Connectivity check failed: 400
04-09 16:46:08.855  3092  3092 I cast_shell: [3095:3116:INFO:mixer_output_stream_alsa.cc(293)] snd_pcm_close: handle=0xf1f17e80
04-09 16:46:09.794  3092  3092 I cast_shell: [3095:3095:INFO:grpc_manager_impl.cc(505)] GRPC[uri=[::]:0]: num_pending_calls=0, num_active_handlers=0, num_free_handlers=0
04-09 16:46:09.794  3092  3092 I cast_shell: [3095:3095:INFO:grpc_manager_impl.cc(505)] GRPC[uri=]: num_pending_calls=0, num_active_handlers=0, num_free_handlers=0
04-09 16:46:09.828  3092  3092 I cast_shell: [3095:3103:ERROR:connectivity_checker_impl.cc(265)] Connectivity check failed: 400
04-09 16:46:09.859  3092  3092 I cast_shell: [3095:3095:INFO:grpc_manager_impl.cc(505)] GRPC[uri=unix:/tmp/hcp_ipc_auth.socket]: num_pending_calls=0, num_active_handlers=10, num_free_handlers=0
04-09 16:46:09.862  3092  3092 I cast_shell: [3095:3095:INFO:grpc_manager_impl.cc(505)] GRPC[uri=unix:/tmp/modular_updater/modular_update_service]: num_pending_calls=0, num_active_handlers=0, num_free_handlers=0
04-09 16:46:09.884  3092  3092 I cast_shell: [3095:3095:INFO:metrics_recorder.cc(112)] Metrics stat: total=12
04-09 16:46:09.884  3092  3092 I cast_shell: Cast.Discovery.Mdns.ResponderPing=1
04-09 16:46:09.884  3092  3092 I cast_shell: Cast.Discovery.Mdns.SocketPing=2
04-09 16:46:09.884  3092  3092 I cast_shell: Setup.eureak_info_keys.BLE=7
04-09 16:46:09.884  3092  3092 I cast_shell: Setup.eureka_info_immutable_basic.BLE=2
04-09 16:46:09.884  3092  3092 I cast_shell: Setup.eureka_info_mutable_reads.BLE=1
04-09 16:46:09.884  3092  3092 I cast_shell: Setup.i8n_info.BLE=7
04-09 16:46:09.884  3092  3092 I cast_shell: Setup.ip_address.BLE=1
04-09 16:46:09.884  3092  3092 I cast_shell: Setup.name_utf8.BLE=1
04-09 16:46:09.884  3092  3092 I cast_shell: Setup.scan_results.BLE=2
04-09 16:46:09.884  3092  3092 I cast_shell: Setup.state.BLE=1
04-09 16:46:10.008  3092  3092 I cast_shell: [3095:3133:INFO:wifi_proximity.cc(177)] Request scan.
04-09 16:46:10.049  3092  3092 I cast_shell: [3095:3095:INFO:grpc_manager_impl.cc(505)] GRPC[uri=[::]:8012]: num_pending_calls=0, num_active_handlers=1, num_free_handlers=0
04-09 16:46:10.835  3092  3092 I cast_shell: [3095:3103:ERROR:connectivity_checker_impl.cc(265)] Connectivity check failed: 400
04-09 16:46:18.888  3092  3092 I chatty  : uid=1000(chrome) /bin/logwrapper identical 8 lines
04-09 16:46:19.895  3092  3092 I cast_shell: [3095:3103:ERROR:connectivity_checker_impl.cc(265)] Connectivity check failed: 400
04-09 16:46:19.951  3092  3092 I cast_shell: [3095:3133:INFO:ble_setup.cc(322)] Record action: Setup.connect_wifi.BLE
04-09 16:46:19.956  3092  3092 I cast_shell: [3095:3133:INFO:setup_manager_impl.cc(1965)] New value: pref=tos-accepted, value=1
04-09 16:46:19.956  3092  3092 I cast_shell: [3095:3133:INFO:api_connect_wifi.cc(86)] connect_wifi Auth: 7
04-09 16:46:19.956  3092  3092 I cast_shell: [3095:3133:INFO:api_connect_wifi.cc(90)] connect_wifi Cipher: 4
04-09 16:46:19.956  3092  3092 I cast_shell: [3095:3095:INFO:bluetooth_setup.cc(686)] Disabling connectability: no bonded devices.
04-09 16:46:19.956  3092  3092 I cast_shell: [3095:3095:INFO:cast_receiver_impl.cc(1100)] Leaving discovery-only mode
04-09 16:46:19.956  3092  3092 I cast_shell: [3095:3095:INFO:application_config_manager_impl.cc(566)] Enabling virtual device c65fb0ec-4c57-7942-02b5-54f50a9a975d
04-09 16:46:19.956  3092  3092 I cast_shell: [3095:3143:INFO:mdns_cast_service.cc(351)] Device discovery state is idle
04-09 16:46:19.956  3092  3092 I cast_shell: [3095:3143:INFO:mdns_util.cc(102)] Defaulting mDNS capabilities for audio-only build
04-09 16:46:19.973  3092  3092 I cast_shell: [3095:3133:INFO:wifi_controller_wpa_supplicant.cc(1188)] strongest_snr=25 wifi_interface_index=0
04-09 16:46:19.987  3092  3092 I cast_shell: [3095:3133:INFO:api_connect_wifi.cc(159)] [PII] Configuring wifi: ssid=Linksys16717_2G, auth=7, pairwise=4, id=0"
04-09 16:46:19.987  3092  3092 I cast_shell: [3095:3133:INFO:api_connect_wifi.cc(162)] Configuring wifi: otg =0, tethering_mode =0, wifi_auto_save_enabled=0
04-09 16:46:19.987  3092  3092 I cast_shell: [3095:3133:INFO:local_network_info_impl.cc(276)] CONNECTIVITY_ID changed:
04-09 16:46:19.988  3092  3092 I cast_shell: [3095:3133:INFO:setup_state.cc(261)] Setup state changed: SETUP_STATE_DISCONNECTED_EXTERNAL_CLIENT_ACCESSED (11) -> SETUP_STATE_SCANNING (20)
04-09 16:46:19.991  3092  3092 I cast_shell: [3095:3095:INFO:ccs_manager_impl.cc(1799)] Connectivity ID has changed; Will re-register CCS
04-09 16:46:19.991  3092  3092 I cast_shell: [3095:3095:INFO:ccs_manager_impl.cc(851)] Network connectivity down for CcsManager
04-09 16:46:19.991  2711  2723 I yani_server: NetLink Event '-1' Interface-Index '5' WLAN '0' Ethernet '-1' Parsed-iFill '-1' -> 'INVALID' ifIndex '1' -> 'lo'
04-09 16:46:19.996  2733  2764 I bluetoothtbd: [0409/041619.996298:INFO:adapter.cc(551)] Adapter properties changed
04-09 16:46:19.996  3092  3092 I cast_shell: [3095:3133:INFO:bluetooth_manager.cc(115)] Record action: Cast.Bluetooth.DiscoveryMode.Disable
04-09 16:46:19.997  3092  3092 I cast_shell: [3095:3133:INFO:setup_state.cc(261)] Setup state changed: SETUP_STATE_SCANNING (20) -> SETUP_STATE_CHECKING_GLOBAL_CONNECTIVITY (50)
04-09 16:46:20.003  2964  3170 I LibreCastControlDelegate: OnCastStatus() +++ Lyric Speaker Box 21f384:0xaca2b198:OFFLINE
04-09 16:46:20.003  2964  3170 I LibreCastControlDelegate: Device Build Number -> '1.52.272222'
04-09 16:46:20.003  2964  3170 I librecast: updateCastBuildVersion() Version 1.52.272222
04-09 16:46:20.003  2712  2719 I lucitransport: readRemoteMessage() MID char = 7 buffer = 1.52.272222
04-09 16:46:20.003  2964  3170 I LibreCastControlDelegate: Active Applications -> 0
04-09 16:46:20.003  2964  3170 I LibreCastControlDelegate: Current Cast State '3' -> 'OFFLINE'
04-09 16:46:20.003  2964  3170 I LibreCastControlDelegate: OnCastStatus() ---
04-09 16:46:20.006  2964  3170 I LibreCastControlDelegate: OnCastStatus() +++ Lyric Speaker Box 21f384:0xaca2b198:OFFLINE
04-09 16:46:20.006  2964  3170 I LibreCastControlDelegate: Device Build Number -> '1.52.272222'
04-09 16:46:20.006  2964  3170 I librecast: updateCastBuildVersion() Version 1.52.272222
04-09 16:46:20.006  2712  2719 I lucitransport: readRemoteMessage() MID char = 7 buffer = 1.52.272222
04-09 16:46:20.006  2964  3170 I LibreCastControlDelegate: Active Applications -> 0
04-09 16:46:20.006  2964  3170 I LibreCastControlDelegate: Current Cast State '3' -> 'OFFLINE'
04-09 16:46:20.006  2964  3170 I LibreCastControlDelegate: OnCastStatus() ---
04-09 16:46:20.007  2964  3170 I LibreCastControlDelegate: OnCastStatus() +++ Lyric Speaker Box 21f384:0xaca2b198:OFFLINE
04-09 16:46:20.007  2964  3170 I LibreCastControlDelegate: Device Build Number -> '1.52.272222'
04-09 16:46:20.007  2964  3170 I librecast: updateCastBuildVersion() Version 1.52.272222
04-09 16:46:20.007  2712  2719 I lucitransport: readRemoteMessage() MID char = 7 buffer = 1.52.272222
04-09 16:46:20.007  2964  3170 I LibreCastControlDelegate: Active Applications -> 0
04-09 16:46:20.007  2964  3170 I LibreCastControlDelegate: Current Cast State '3' -> 'OFFLINE'
04-09 16:46:20.503  3092  3092 I cast_shell: [3095:3133:INFO:metrics_recorder.cc(282)] Record action: Setup.version.BLE
04-09 16:46:20.533  3092  3092 I cast_shell: [3095:3133:INFO:metrics_recorder.cc(282)] Record action: Setup.tos_accepted.BLE
04-09 16:46:20.563  3092  3092 I cast_shell: [3095:3133:INFO:metrics_recorder.cc(282)] Record action: Setup.state.BLE
04-09 16:46:20.593  3092  3092 I cast_shell: [3095:3133:INFO:metrics_recorder.cc(282)] Record action: Setup.ip_address.BLE
04-09 16:46:20.901  3092  3092 I cast_shell: [3095:3103:ERROR:connectivity_checker_impl.cc(265)] Connectivity check failed: 400
04-09 16:46:20.961  3092  3092 I cast_shell: [3095:3095:INFO:grpc_service_discovery_impl.cc(185)] Mdns discovered google RPC for [PII](5AF87A306FA25B67A81D376AFA0DD09F).
04-09 16:46:21.148  3092  3092 I cast_shell: [3095:3133:INFO:metrics_recorder.cc(282)] Record action: Setup.version.BLE
04-09 16:46:21.178  3092  3092 I cast_shell: [3095:3133:INFO:metrics_recorder.cc(282)] Record action: Setup.tos_accepted.BLE
04-09 16:46:21.208  3092  3092 I cast_shell: [3095:3133:INFO:metrics_recorder.cc(282)] Record action: Setup.state.BLE
04-09 16:46:21.238  3092  3092 I cast_shell: [3095:3133:INFO:metrics_recorder.cc(282)] Record action: Setup.ip_address.BLE
04-09 16:46:21.778  3092  3092 I cast_shell: [3095:3133:INFO:metrics_recorder.cc(282)] Record action: Setup.version.BLE
04-09 16:46:21.808  3092  3092 I cast_shell: [3095:3133:INFO:metrics_recorder.cc(282)] Record action: Setup.tos_accepted.BLE
04-09 16:46:21.838  3092  3092 I cast_shell: [3095:3133:INFO:metrics_recorder.cc(282)] Record action: Setup.state.BLE
04-09 16:46:21.868  3092  3092 I cast_shell: [3095:3133:INFO:metrics_recorder.cc(282)] Record action: Setup.ip_address.BLE
04-09 16:46:21.908  3092  3092 I cast_shell: [3095:3103:ERROR:connectivity_checker_impl.cc(265)] Connectivity check failed: 400
04-09 16:46:21.965  3092  3092 I cast_shell: [3095:3143:INFO:mdns_app_filter.cc(1526)] MdnsAppFilter: Done announcing.
04-09 16:46:22.423  3092  3092 I cast_shell: [3095:3133:INFO:metrics_recorder.cc(282)] Record action: Setup.version.BLE
04-09 16:46:22.453  3092  3092 I cast_shell: [3095:3133:INFO:metrics_recorder.cc(282)] Record action: Setup.tos_accepted.BLE
04-09 16:46:22.483  3092  3092 I cast_shell: [3095:3133:INFO:metrics_recorder.cc(282)] Record action: Setup.state.BLE
04-09 16:46:22.513  3092  3092 I cast_shell: [3095:3133:INFO:metrics_recorder.cc(282)] Record action: Setup.ip_address.BLE
04-09 16:46:22.915  3092  3092 I cast_shell: [3095:3103:ERROR:connectivity_checker_impl.cc(265)] Connectivity check failed: 400
04-09 16:46:23.053  3092  3092 I cast_shell: [3095:3133:INFO:metrics_recorder.cc(282)] Record action: Setup.version.BLE
04-09 16:46:23.083  3092  3092 I cast_shell: [3095:3133:INFO:metrics_recorder.cc(282)] Record action: Setup.tos_accepted.BLE
04-09 16:46:23.113  3092  3092 I cast_shell: [3095:3133:INFO:metrics_recorder.cc(282)] Record action: Setup.state.BLE
04-09 16:46:23.143  3092  3092 I cast_shell: [3095:3133:INFO:metrics_recorder.cc(282)] Record action: Setup.ip_address.BLE
04-09 16:46:23.410  2963  2975 D wac-main: Netlink event
04-09 16:46:23.410  2963  2975 E wac-main: Netlink event 16 Interface Index 5 
04-09 16:46:23.411  2963  2975 E wac-main: Enter poll and wait
04-09 16:46:23.411  2711  2723 I yani_kernel: yani_geteventfrom_changeaddr() Message-Id '1' Netlink event '16' Interface Index '5' -> Name 'wlan0' 
04-09 16:46:23.413  2710  2710 I wpa_supplicant: wlan0: Selected BSS :ef (level:-47 noise:-82 frequency:2427)
04-09 16:46:23.422  2963  2975 D wac-main: Netlink event
04-09 16:46:23.422  2963  2975 E wac-main: Netlink event 16 Interface Index 5 
04-09 16:46:23.422  2963  2975 E wac-main: Enter poll and wait
04-09 16:46:23.424  2711  2723 I yani_server: NetLink Event '-1' Interface-Index '5' WLAN '-1' Ethernet '-1' Parsed-iFill '-1' -> 'INVALID' ifIndex '1' -> 'lo'
04-09 16:46:23.425  2711  2723 I yani_server: NetLink Event '-1' Interface-Index '5' WLAN '0' Ethernet '-1' Parsed-iFill '-1' -> 'INVALID' ifIndex '1' -> 'lo'
04-09 16:46:23.426  2710  2710 I wpa_supplicant: wlan0: SME: Trying to authenticate with c8:b3:73:44:ae:ef (SSID='Linksys16717_2G' freq=2427 MHz)
04-09 16:46:23.437  2711  2723 I chatty  : uid=0(root) YaniServer identical 18 lines
04-09 16:46:23.438  2711  2723 I yani_server: NetLink Event '-1' Interface-Index '5' WLAN '0' Ethernet '-1' Parsed-iFill '-1' -> 'INVALID' ifIndex '1' -> 'lo'
04-09 16:46:23.438  2711  2723 I yani_kernel: yani_geteventfrom_changeaddr() Message-Id '1' Netlink event '16' Interface Index '5' -> Name 'wlan0' 
04-09 16:46:23.443  2964  3170 I LibreCastControlDelegate: OnCastStatus() +++ Lyric Speaker Box 21f384:0xaca2b198:OFFLINE
04-09 16:46:23.443  2964  3170 I LibreCastControlDelegate: Device Build Number -> '1.52.272222'
04-09 16:46:23.443  2964  3170 I librecast: updateCastBuildVersion() Version 1.52.272222
04-09 16:46:23.443  2712  2719 I lucitransport: readRemoteMessage() MID char = 7 buffer = 1.52.272222
04-09 16:46:23.444  2964  3170 I LibreCastControlDelegate: Active Applications -> 0
04-09 16:46:23.444  2964  3170 I LibreCastControlDelegate: Current Cast State '3' -> 'OFFLINE'
04-09 16:46:23.444  2964  3170 I LibreCastControlDelegate: OnCastStatus() ---
04-09 16:46:23.504  2710  2710 I wpa_supplicant: wlan0: Trying to associate with c8:b3:73:44:ae:ef (SSID='Linksys16717_2G' freq=2427 MHz)
04-09 16:46:23.505  2711  2723 I yani_server: NetLink Event '-1' Interface-Index '5' WLAN '-1' Ethernet '-1' Parsed-iFill '-1' -> 'INVALID' ifIndex '1' -> 'lo'
04-09 16:46:23.523  3172  3172 I hostapd : p2p0: IEEE 802.11 driver had channel switch: freq=2427, ht=1, vht_ch=0x0, offset=0, width=1 (20 MHz), cf1=2427, cf2=0
04-09 16:46:23.525  3060  3060 I hostapd : p2p1: IEEE 802.11 driver had channel switch: freq=2427, ht=1, vht_ch=0x0, offset=0, width=1 (20 MHz), cf1=2427, cf2=0
04-09 16:46:23.526  2963  2975 D wac-main: Netlink event
04-09 16:46:23.526  2963  2975 E wac-main: Netlink event 16 Interface Index 5 
04-09 16:46:23.526  2710  2710 I wpa_supplicant: wlan0: Associated with c8:b3:73:44:ae:ef
