04-09 15:27:09.834  2731  2745 I chatty  : uid=0(root) /bin/net_mgr identical 4 lines
04-09 15:27:09.834  2731  2745 E DNSResolver: Error in connect: Network is unreachable
04-09 15:27:09.834  2731  2745 E HttpTimeSync: Error resolve name clients1.google.com
04-09 15:27:09.836  2731  2745 E HttpTimeSync: Error in curl perform, returns 6: Couldn't resolve host name
04-09 15:27:09.836  2731  2745 E HttpTimeSync: Failed in getting HTTP header from http://clients1.google.com/generate_204
04-09 15:27:10.158  3075  3075 I cast_shell: [3078:3116:INFO:metrics_recorder.cc(282)] Record action: Setup.version.BLE
04-09 15:27:10.204  3075  3075 I cast_shell: [3078:3116:INFO:metrics_recorder.cc(282)] Record action: Setup.tos_accepted.BLE
04-09 15:27:10.234  3075  3075 I cast_shell: [3078:3116:INFO:metrics_recorder.cc(282)] Record action: Setup.state.BLE
04-09 15:27:10.263  3075  3075 I cast_shell: [3078:3116:INFO:metrics_recorder.cc(282)] Record action: Setup.ip_address.BLE
04-09 15:27:10.491  2731  2744 E DNSResolver: Error in connect: Network is unreachable
04-09 15:27:10.491  2731  2744 I chatty  : uid=0(root) MonitorThread identical 4 lines
04-09 15:27:10.491  2731  2744 E DNSResolver: Error in connect: Network is unreachable
04-09 15:27:10.491  2731  2744 E HttpTimeSync: Error resolve name clients1.google.com
04-09 15:27:10.492  2731  2744 E HttpTimeSync: Error in curl perform, returns 6: Couldn't resolve host name
04-09 15:27:10.493  2731  2744 E HttpTimeSync: Failed in getting HTTP header from http://clients1.google.com/generate_204
04-09 15:27:10.687  3075  3075 I cast_shell: [3078:3086:ERROR:connectivity_checker_impl.cc(265)] Connectivity check failed: 400
04-09 15:27:10.804  3075  3075 I cast_shell: [3078:3116:INFO:metrics_recorder.cc(282)] Record action: Setup.version.BLE
04-09 15:27:10.833  3075  3075 I cast_shell: [3078:3116:INFO:metrics_recorder.cc(282)] Record action: Setup.tos_accepted.BLE
04-09 15:27:10.863  3075  3075 I cast_shell: [3078:3116:INFO:metrics_recorder.cc(282)] Record action: Setup.state.BLE
04-09 15:27:10.893  3075  3075 I cast_shell: [3078:3116:INFO:metrics_recorder.cc(282)] Record action: Setup.ip_address.BLE
04-09 15:27:11.419  3075  3075 I cast_shell: [3078:3116:INFO:metrics_recorder.cc(282)] Record action: Setup.version.BLE
04-09 15:27:11.449  3075  3075 I cast_shell: [3078:3116:INFO:metrics_recorder.cc(282)] Record action: Setup.tos_accepted.BLE
04-09 15:27:11.478  3075  3075 I cast_shell: [3078:3116:INFO:metrics_recorder.cc(282)] Record action: Setup.state.BLE
04-09 15:27:11.493  2731  2744 E DNSResolver: Error in connect: Network is unreachable
04-09 15:27:11.493  2731  2744 I chatty  : uid=0(root) MonitorThread identical 4 lines
04-09 15:27:11.493  2731  2744 E DNSResolver: Error in connect: Network is unreachable
04-09 15:27:11.493  2731  2744 E HttpTimeSync: Error resolve name clients1.google.com
04-09 15:27:11.494  2731  2744 E HttpTimeSync: Error in curl perform, returns 6: Couldn't resolve host name
04-09 15:27:11.495  2731  2744 E HttpTimeSync: Failed in getting HTTP header from http://clients1.google.com/generate_204
04-09 15:27:11.508  3075  3075 I cast_shell: [3078:3116:INFO:metrics_recorder.cc(282)] Record action: Setup.ip_address.BLE
04-09 15:27:11.694  3075  3075 I cast_shell: [3078:3086:ERROR:connectivity_checker_impl.cc(265)] Connectivity check failed: 400
04-09 15:27:11.832  3075  3075 I cast_shell: [3078:3086:INFO:parent_tracker.cc(237)] Network changed
04-09 15:27:11.832  3075  3075 I cast_shell: [3078:3086:INFO:parent_tracker.cc(120)] Can't use IPv4
04-09 15:27:11.832  3075  3075 I cast_shell: [3078:3086:INFO:parent_tracker.cc(135)] Now using local address [PII](fd70:d3e7:6555:0:2411:2e61:eaa4:700e)
04-09 15:27:11.832  3075  3075 I cast_shell: [3078:3086:INFO:directory_service_impl.cc(200)] This device became root
04-09 15:27:11.834  3075  3075 I cast_shell: [3078:3086:INFO:parent_tracker.cc(237)] Network changed
04-09 15:27:11.834  3075  3075 I cast_shell: [3078:3086:INFO:parent_tracker.cc(120)] Can't use IPv4
04-09 15:27:11.834  3075  3075 I cast_shell: [3078:3086:INFO:parent_tracker.cc(132)] No need to recreate socket
04-09 15:27:11.842  3075  3075 I cast_shell: [3078:3116:INFO:local_network_info_impl.cc(435)] LNID_W changed:
04-09 15:27:12.049  3075  3075 I cast_shell: [3078:3116:INFO:metrics_recorder.cc(282)] Record action: Setup.version.BLE
04-09 15:27:12.078  3075  3075 I cast_shell: [3078:3116:INFO:metrics_recorder.cc(282)] Record action: Setup.tos_accepted.BLE
04-09 15:27:12.109  3075  3075 I cast_shell: [3078:3116:INFO:metrics_recorder.cc(282)] Record action: Setup.state.BLE
04-09 15:27:12.139  3075  3075 I cast_shell: [3078:3116:INFO:metrics_recorder.cc(282)] Record action: Setup.ip_address.BLE
04-09 15:27:12.495  2731  2744 E DNSResolver: Error in connect: Network is unreachable
04-09 15:27:12.495  2731  2744 I chatty  : uid=0(root) MonitorThread identical 4 lines
04-09 15:27:12.495  2731  2744 E DNSResolver: Error in connect: Network is unreachable
04-09 15:27:12.495  2731  2744 E HttpTimeSync: Error resolve name clients1.google.com
04-09 15:27:12.496  2731  2744 E HttpTimeSync: Error in curl perform, returns 6: Couldn't resolve host name
04-09 15:27:12.497  2731  2744 E HttpTimeSync: Failed in getting HTTP header from http://clients1.google.com/generate_204
04-09 15:27:12.663  3075  3075 I cast_shell: [3078:3116:INFO:metrics_recorder.cc(282)] Record action: Setup.version.BLE
04-09 15:27:12.693  3075  3075 I cast_shell: [3078:3116:INFO:metrics_recorder.cc(282)] Record action: Setup.tos_accepted.BLE
04-09 15:27:12.701  3075  3075 I cast_shell: [3078:3086:ERROR:connectivity_checker_impl.cc(265)] Connectivity check failed: 400
04-09 15:27:12.724  3075  3075 I cast_shell: [3078:3116:INFO:metrics_recorder.cc(282)] Record action: Setup.state.BLE
04-09 15:27:12.769  3075  3075 I cast_shell: [3078:3116:INFO:metrics_recorder.cc(282)] Record action: Setup.ip_address.BLE
04-09 15:27:13.324  3075  3075 I cast_shell: [3078:3116:INFO:metrics_recorder.cc(282)] Record action: Setup.version.BLE
04-09 15:27:13.354  3075  3075 I cast_shell: [3078:3116:INFO:metrics_recorder.cc(282)] Record action: Setup.tos_accepted.BLE
04-09 15:27:13.383  3075  3075 I cast_shell: [3078:3116:INFO:metrics_recorder.cc(282)] Record action: Setup.state.BLE
04-09 15:27:13.414  3075  3075 I cast_shell: [3078:3116:INFO:metrics_recorder.cc(282)] Record action: Setup.ip_address.BLE
04-09 15:27:13.497  2731  2744 E DNSResolver: Error in connect: Network is unreachable
04-09 15:27:13.497  2731  2744 I chatty  : uid=0(root) MonitorThread identical 4 lines
04-09 15:27:13.497  2731  2744 E DNSResolver: Error in connect: Network is unreachable
04-09 15:27:13.497  2731  2744 E HttpTimeSync: Error resolve name clients1.google.com
04-09 15:27:13.498  2731  2744 E HttpTimeSync: Error in curl perform, returns 6: Couldn't resolve host name
04-09 15:27:13.498  2731  2744 E HttpTimeSync: Failed in getting HTTP header from http://clients1.google.com/generate_204
04-09 15:27:13.638  3424  3424 D dhcpcd  : wlan0: sending REQUEST (xid 0xc24b82f7), next in -17802000721498057193607425408297594503560041962786530064077930873262803202781285034030084640278678734232773035435033431145661603098666451972722077107751816298532529734496029052318114575528038190845886985850424709579799286730901344525302645369608806252800379818344448.0 seconds
04-09 15:27:13.708  3075  3075 I cast_shell: [3078:3086:ERROR:connectivity_checker_impl.cc(265)] Connectivity check failed: 400
04-09 15:27:13.738  3424  3424 D dhcpcd  : wlan0: received ACK with xid 0xc24b82f7
04-09 15:27:13.738  3424  3424 D dhcpcd  : wlan0: acknowledged 192.168.1.145 from 192.168.1.1
04-09 15:27:13.738  3424  3424 D dhcpcd  : wlan0: leased 192.168.1.145 for 86400 seconds
04-09 15:27:13.740  3424  3424 D dhcpcd  : wlan0: adding route to 192.168.1.0/24
04-09 15:27:13.740  3424  3424 D dhcpcd  : wlan0: adding default route via 192.168.1.1
04-09 15:27:13.741  2950  2960 D wac-main: Netlink event
04-09 15:27:13.741  2950  2960 E wac-main: Netlink event 20 Interface Index 5 
04-09 15:27:13.741  2950  2960 E wac-main: Enter poll and wait
04-09 15:27:13.741  2711  2723 I yani_kernel: yani_geteventfrom_changeaddr() Message-Id '1' Netlink event '20' Interface Index '5' -> Name 'wlan0' 
04-09 15:27:13.746  2731  2745 I NetworkMonitor: turn off power-save
04-09 15:27:13.749  2711  2723 I yani_server: NetLink Event '2' Interface-Index '5' WLAN '-1' Ethernet '-1' Parsed-iFill '2' -> 'WLAN0 CONNECTED' ifIndex '1' -> 'lo'
04-09 15:27:13.768  2712  2712 I lucitransport: writeRemoteMessage() MID = 124 buffer = 1#1,1#2,0#3,1#4,1
04-09 15:27:13.768  2712  2712 I luciUART: write() MID = 124  bytes = 27 data = 1#1,1#2,0#3,1#4,1 m_fd = 0x6
04-09 15:27:13.768  2729  2729 E AirableUIHelper: AirableUIHelper::YaniAlert  1 1 
04-09 15:27:13.768  2729  2729 E AirableUIHelper: Wlan is up
04-09 15:27:13.769  2957  2979 I otamanager: YaniAlert() Interface 1 Status Up
04-09 15:27:13.769  2957  2979 I otamanager: CreateFirmwareUpdateTimerOnYaniAlert done
04-09 15:27:13.769  2953  2996 I airplay-main: YaniAlert Interface 1 Status 1
04-09 15:27:13.770  2712  2712 I lucitransport: readRemoteMessage() MID char = 90 buffer = Lyric Speaker Box 21f384
04-09 15:27:13.775  2712  2720 E luciUART: UART:aa
04-09 15:27:13.775  2712  2720 E luciUART: UART:aa
04-09 15:27:13.776  2712  2720 E luciUART: UART:2
04-09 15:27:13.776  2712  2720 E luciUART: UART:0
04-09 15:27:13.776  2712  2720 E luciUART: UART:d0
04-09 15:27:13.776  2712  2720 E luciUART: UART:0
04-09 15:27:13.776  2712  2720 I chatty  : uid=0(root) UARTLUCIControl identical 2 lines
04-09 15:27:13.776  2712  2720 E luciUART: UART:0
04-09 15:27:13.776  2712  2720 E luciUART: UART:9
04-09 15:27:13.776  2712  2720 I luciUART: read() RemoteID = 43690 Command = 208 Type = 2 Status = 0 DataLen = 9
04-09 15:27:13.776  2712  2720 E luciUART: Error: full data not available yet! readBytes 0
04-09 15:27:13.776  2712  2720 I luciUART: Previous Packet read contd., 
04-09 15:27:13.776  2712  2720 E luciUART: UART:52
04-09 15:27:13.776  2712  2720 I luciUART: Previous Packet read contd., 
04-09 15:27:13.776  2712  2720 E luciUART: UART:45
04-09 15:27:13.776  2712  2720 I luciUART: Previous Packet read contd., 
04-09 15:27:13.776  2712  2720 E luciUART: UART:41
04-09 15:27:13.776  2712  2720 I luciUART: Previous Packet read contd., 
04-09 15:27:13.776  2712  2720 E luciUART: UART:44
04-09 15:27:13.776  2712  2720 I luciUART: Previous Packet read contd., 
04-09 15:27:13.776  2712  2720 E luciUART: UART:5f
04-09 15:27:13.776  2712  2720 I luciUART: Previous Packet read contd., 
04-09 15:27:13.776  2712  2720 E luciUART: UART:73
04-09 15:27:13.777  2712  2720 I luciUART: Previous Packet read contd., 
04-09 15:27:13.777  2712  2720 E luciUART: UART:73
04-09 15:27:13.777  2712  2720 I luciUART: Previous Packet read contd., 
04-09 15:27:13.777  2712  2720 E luciUART: UART:69
04-09 15:27:13.777  2712  2720 I luciUART: Previous Packet read contd., 
04-09 15:27:13.777  2712  2720 E luciUART: UART:64
04-09 15:27:13.777  2712  2721 E LUCI_SERVER: Luci Server Thread wait over MID 208....
04-09 15:27:13.777  2712  2721 E LUCI_SERVER: Got NV name : ssid
04-09 15:27:13.778  2712  2721 I luciUART: write() MID = 208  bytes = 30 data = ssid:Linksys16717_2G m_fd = 0x6
04-09 15:27:13.778  2712  2721 E LUCI_SERVER: NV_READ response= ssid:Linksys16717_2G
04-09 15:27:13.778  2712  2721 E LUCI_SERVER: Luci Server Thread waiting for packets....
04-09 15:27:13.853  2953  3480 I airplay-main: checkACPAvailability() err 0 -> Present!
04-09 15:27:13.853  2953  3480 D airplay-main: arguments[0] -> airplay_v2 -> airplay_v2
04-09 15:27:13.854  2953  3480 D airplay-main: arguments[1] -> -n -> -n
04-09 15:27:13.854  2953  3480 D airplay-main: arguments[2] -> Lyric Speaker Box 21f384 -> Lyric Speaker Box 21f384
04-09 15:27:13.854  2953  3480 D airplay-main: arguments[3] -> -z -> -z
04-09 15:27:13.854  2953  3480 D airplay-main: arguments[4] -> 1 -> 1
04-09 15:27:13.854  2953  3480 D airplay-main: arguments[5] -> -d -> -d
04-09 15:27:13.854  2953  3480 D airplay-main: arguments[6] -> 47617500 -> 47617500
04-09 15:27:13.855  2953  3480 D airplay-main: Total Number of Arguments 7
04-09 15:27:13.865  2953  3480 I airplay_v2_0_6: 2022-04-09 02:57:13.864314 [AirPlayDemo] homedir /data/ sUserPreferencesDirectoryPath /data//.airplaydemo 
04-09 15:27:13.938  3075  3075 I cast_shell: [3078:3116:INFO:metrics_recorder.cc(282)] Record action: Setup.version.BLE
04-09 15:27:13.941  2953  3480 I airplay-main: checkACPAvailability() err 0 -> Present!
04-09 15:27:13.943  2731  2745 I HttpTimeSync: Building resolve list for clients1.google.com, total 1.
04-09 15:27:13.943  2731  2745 I HttpTimeSync: 	0: 142.251.36.142
04-09 15:27:13.969  3075  3075 I cast_shell: [3078:3116:INFO:metrics_recorder.cc(282)] Record action: Setup.tos_accepted.BLE
04-09 15:27:13.998  3075  3075 I cast_shell: [3078:3116:INFO:metrics_recorder.cc(282)] Record action: Setup.state.BLE
04-09 15:27:14.026  2953  3502 I airplay_v2_0_6: 2022-04-09 02:57:14.026140 [AirPlayDemo] *********** AirPlayDemoPlatformSetProperty:homeIntegrationData value - 
04-09 15:27:14.026  2953  3502 I airplay_v2_0_6:     +0000: 62706c69 73743030 d101025f 10114343 |bplist00^^^_^^CC| (67 bytes)
04-09 15:27:14.026  2953  3502 I airplay_v2_0_6:     +0010: 3a39303a 39333a32 313a4633 3a3834d0 |:90:93:21:F3:84^|
04-09 15:27:14.026  2953  3502 I airplay_v2_0_6:     +0020: 080b1f00 00000000 00010100 00000000 |^^^^^^^^^^^^^^^^|
04-09 15:27:14.026  2953  3502 I airplay_v2_0_6:     +0030: 00000300 00000000 00000000 00000000 |^^^^^^^^^^^^^^^^|
04-09 15:27:14.026  2953  3502 I airplay_v2_0_6:     +0040: 000020                              |^^              |
04-09 15:27:14.028  2953  3502 I airplay_v2_0_6: 2022-04-09 02:57:14.028835 [AirPlayDemo] AirPlayDemoServerCopyProperty Password is <<NULL>>
04-09 15:27:14.030  3075  3075 I cast_shell: [3078:3116:INFO:metrics_recorder.cc(282)] Record action: Setup.ip_address.BLE
04-09 15:27:14.040  2953  3502 I airplay_v2_0_6: 2022-04-09 02:57:14.040480 [AirPlayDemo] *********** AirPlayDemoPlatformSetProperty:homeIntegrationData value - 
04-09 15:27:14.040  2953  3502 I airplay_v2_0_6:     +0000: 62706c69 73743030 d101025f 10114343 |bplist00^^^_^^CC| (165 bytes)
04-09 15:27:14.040  2953  3502 I airplay_v2_0_6:     +0010: 3a39303a 39333a32 313a4633 3a3834d3 |:90:93:21:F3:84^
04-09 15:27:14.040  2953  3502 I airplay_v2_0_6: |
04-09 15:27:14.040  2953  3502 I airplay_v2_0_6:     +0020: 03040501 06075a69 64656e74 69666965 |^^^^^^Zidentifie|
04-09 15:27:14.040  2953  3502 I airplay_v2_0_6:     +0030: 7252736b 52706b4f 10207dbe 95e10a13 |rRskRpkO^ }^^^^^|
04-09 15:27:14.040  2953  3502 I airplay_v2_0_6:     +0040: 2820b0b8 41ad8430 9eb0b0a3 79afcb35 |( ^^A^^0^^^^y^^5|
04-09 15:27:14.040  2953  3502 I airplay_v2_0_6:     +0050: 96b38013 24990a52 b9354f10 2080c661 |
04-09 15:27:14.040  2953  3502 I airplay_v2_0_6: ^^^^$^^R^5O^ ^^a|
04-09 15:27:14.040  2953  3502 I airplay_v2_0_6:     +0060: a6449cba dcd8e956 6d42b31e 7e151d0b |^D^^^^^VmB^^~^^^|
04-09 15:27:14.040  2953  3502 I airplay_v2_0_6:     +0070: b892eaa5 c6c29f37 71038878 cd080b1f |^^^^^^^7q^^x^^^^|
04-09 15:27:14.040  2953  3502 I airplay_v2_0_6:     +0080: 26313437 5a000000 00000001 01000000 |&147Z^^^^^^^^^^^|
04-09 15:27:14.040  2953  3502 I airplay_v2_0_6:     +0090: 
04-09 15:27:14.040  2953  3502 I airplay_v2_0_6: 00000000 08000000 00000000 00000000 |^^^^^^^^^^^^^^^^|
04-09 15:27:14.040  2953  3502 I airplay_v2_0_6:     +00A0: 00000000 7d                         |^^^^}           |
04-09 15:27:14.041  2712  2712 I lucitransport: readRemoteMessage() MID char = 90 buffer = Lyric Speaker Box 21f384
04-09 15:27:14.043  2953  3480 I airplay_v2_0_6: 2022-04-09 02:57:14.043065 [AirPlay] Registering Bonjour _airplay._tcp. port 7000
04-09 15:27:14.045  2953  3502 I airplay_v2_0_6: 2022-04-09 02:57:14.045179 [AirPlayDemo] AirPlayDemoServerCopyProperty Password is <<NULL>>
04-09 15:27:14.046  2953  3502 I airplay_v2_0_6: 2022-04-09 02:57:14.046726 [AirPlayDemo] AirPlayDemoServerCopyProperty Password is <<NULL>>
04-09 15:27:14.047  2712  2712 I lucitransport: readRemoteMessage() MID char = 90 buffer = Lyric Speaker Box 21f384
04-09 15:27:14.048  2953  3480 I airplay_v2_0_6: 2022-04-09 02:57:14.048494 [AirPlay] Registering Bonjour CC909321F384@Lyric Speaker Box 21f384._raop._tcp. port 7000
04-09 15:27:14.048  2953  3480 I airplay_v2_0_6: 2022-04-09 02:57:14.048624 [AirPlay] AirPlay servers started
04-09 15:27:14.337  2731  2745 I HttpTimeSync: Http time synced
04-09 15:27:14.554  3075  3075 I cast_shell: [3078:3116:INFO:metrics_recorder.cc(282)] Record action: Setup.version.BLE
04-09 15:27:14.583  3075  3075 I cast_shell: [3078:3116:INFO:metrics_recorder.cc(282)] Record action: Setup.tos_accepted.BLE
04-09 15:27:14.614  3075  3075 I cast_shell: [3078:3116:INFO:metrics_recorder.cc(282)] Record action: Setup.state.BLE
04-09 15:27:14.644  3075  3075 I cast_shell: [3078:3116:INFO:metrics_recorder.cc(282)] Record action: Setup.ip_address.BLE
04-09 15:27:15.723  2954  2978 I SPOTIFY : ConnectionNotify event(0-Login, 1-Logout, rest Error) = 7 
04-09 15:27:16.078  3075  3075 I cast_shell: [3078:3116:INFO:metrics_recorder.cc(282)] Record action: Setup.version.BLE
04-09 15:27:16.109  3075  3075 I cast_shell: [3078:3116:INFO:metrics_recorder.cc(282)] Record action: Setup.tos_accepted.BLE
04-09 15:27:16.138  3075  3075 I cast_shell: [3078:3116:INFO:metrics_recorder.cc(282)] Record action: Setup.state.BLE
04-09 15:27:16.168  3075  3075 I cast_shell: [3078:3116:INFO:metrics_recorder.cc(282)] Record action: Setup.ip_address.BLE
04-09 15:27:16.461  3075  3075 I cast_shell: [3078:3086:INFO:connectivity_checker_impl.cc(144)] Change check url=http://connectivitycheck.gstatic.com/generate_204
04-09 15:27:16.461  3075  3075 I cast_shell: [3078:3086:INFO:connectivity_checker_impl.cc(148)] Global connection is: Up
04-09 15:27:16.467  3078  3085 E         : OOBE CheckUpdate
04-09 15:27:16.468  3075  3075 I cast_shell: [3078:3116:WARNING:setup_manager_impl.cc(1100)] NAT not supported, no captive portal support.
04-09 15:27:16.468  3075  3075 I cast_shell: [3078:3078:INFO:lycra_gcm.cc(121)] Registering GCM handler.
04-09 15:27:16.469  3075  3075 I cast_shell: [3078:3078:INFO:gcm_manager.cc(258)] Enabling GCM Driver
04-09 15:27:16.469  3075  3075 I cast_shell: [3078:3078:INFO:ccs_transport_gcm.cc(102)] Registering GCM handler
04-09 15:27:16.469  3075  3075 I cast_shell: [3078:3078:INFO:cloud_settings_manager.cc(431)] Connectivity established. Reconciling cloud settings.
04-09 15:27:16.469  3075  3075 I cast_shell: [3078:3078:INFO:cloud_settings_manager.cc(195)] Cloud settings is disabled.
04-09 15:27:16.469  3075  3075 I cast_shell: [3078:3078:INFO:api_reboot.cc(321)] active_activities count=0
04-09 15:27:16.469  3075  3075 I cast_shell: [3078:3127:INFO:v2_transport.cc(681)] V2TransportImpl::CreatSelfSignedCertificateWithKey called.
04-09 15:27:16.469  3075  3075 I cast_shell: [3078:3085:INFO:update_engine_client_with_system_updater.cc(216)] Network first connected, check system force update
04-09 15:27:16.469  3075  3075 I cast_shell: [system_updater_dummy.cpp(109)] CheckUpdate
04-09 15:27:16.469  3075  3075 I cast_shell: [3078:3116:INFO:setup_state.cc(261)] Setup state changed: SETUP_STATE_CHECKING_GLOBAL_CONNECTIVITY_BAD_ROUTER_WIFI_NOT_SAVED (51) -> SETUP_STATE_CONNECTED_WIFI_NOT_SAVED (61)
04-09 15:27:16.502  3075  3075 I cast_shell: [3078:3126:INFO:metrics_recorder.cc(282)] cast event: Cast.Discovery.Mdns.SocketDestroyed
04-09 15:27:16.503  3075  3075 I cast_shell: [3078:3126:INFO:mdns_app_filter.cc(1709)] MdnsAppFilter is stopping; closing socket: address=192.168.10.1
04-09 15:27:16.503  3075  3075 I cast_shell: [3078:3078:INFO:cast_receiver_impl.cc(1695)] Network is globally connected. Refreshing CcsManager.
04-09 15:27:16.503  3075  3075 I cast_shell: [3078:3078:INFO:iot_auth_manager_wrapper.cc(311)] Network provider informed of connected network status.
04-09 15:27:16.505  3075  3075 I cast_shell: [3078:3127:INFO:transport_creds.cc(151)] Self-signed certificate created: CN=3df6cefc-6694-f8c5-6312-7ae1b088b9ef
04-09 15:27:16.506  2957  2987 I otamanager: cast_updater_threadEntry() Response 'CheckUpdate' Current Firmware Update state 'Idle'
04-09 15:27:16.506  2957  2987 I otamanager: checkUpdate_l
04-09 15:27:16.506  2957  2987 I otamanager: Firmware Update State Change from Idle to CheckUpdate
04-09 15:27:16.506  2712  2712 I lucitransport: readRemoteMessage() MID char = 232 buffer = TRUE
04-09 15:27:16.507  3075  3075 I cast_shell: [3078:3126:INFO:metrics_recorder.cc(282)] cast event: Cast.Discovery.Mdns.SocketDestroyed
04-09 15:27:16.537  3075  3075 I cast_shell: [3078:3078:INFO:config_downloader.cc(489)] Downloading config: headers (excl. auth) ='Accept: application/protobuf', url=https://clients5.google.com/cast/chromecast/device/baseconfig?m=LSB&M=COTODAMA&p=LS10+Platform&b=1.52.272222&c=wifi&r=beta-channel&pt=3&ln=&d=DE4F95FFA64D5E74B026&at=1
04-09 15:27:16.642  3075  3075 I cast_shell: [3078:3128:INFO:multizone_manager.cc(2131)] Updated leader quality: 49807412
04-09 15:27:16.642  2957  2987 E otamanager: lo not valid Interface for MAC ID
04-09 15:27:16.644  2951  3153 I LibreCastControlDelegate: OnCastStatus() +++ Lyric Speaker Box 21f384:0xab288198:NOT_SETUP
04-09 15:27:16.644  2951  3153 I LibreCastControlDelegate: Device Build Number -> '1.52.272222'
04-09 15:27:16.644  2951  3153 I librecast: updateCastBuildVersion() Version 1.52.272222
04-09 15:27:16.644  2712  2712 I lucitransport: readRemoteMessage() MID char = 7 buffer = 1.52.272222
04-09 15:27:16.644  2957  2987 D otamanager: OTA: wlan IP = 192.168.1.145
04-09 15:27:16.644  2957  2987 I otamanager: OTA:checkIP mac = cc909321f384  IP = 192.168.1.145 
04-09 15:27:16.644  2951  3153 I LibreCastControlDelegate: Active Applications -> 0
04-09 15:27:16.644  2951  3153 I LibreCastControlDelegate: Current Cast State '2' -> 'NOT_SETUP'
04-09 15:27:16.650  3075  3075 I cast_shell: [3078:3126:INFO:mdns_app_filter.cc(1120)] Skipping IPv6 interface that also has an IPv4 address: wlan0
04-09 15:27:16.650  3075  3075 I chatty  : uid=1000(chrome) /bin/logwrapper identical 1 line
04-09 15:27:16.650  3075  3075 I cast_shell: [3078:3126:INFO:mdns_app_filter.cc(1120)] Skipping IPv6 interface that also has an IPv4 address: wlan0
04-09 15:27:16.652  2712  2712 I lucitransport: readRemoteMessage() MID char = 6 buffer = 1001
04-09 15:27:16.653  2712  2712 I lucitransport: readRemoteMessage() MID char = 7 buffer = 1.52.272222
04-09 15:27:16.654  2957  2987 I otamanager: OTA: DownloadHttpContent :payload =  {"device":{"brand":"COTODAMA","castVersion":"1.52.272222","deviceId":"cc909321f384","deviceType":"LS10_C4A","fwVersion":"1203","googleCast":true,"mcuVersion":"1001","model":"LSB"}}
04-09 15:27:16.654  2957  2987 I otamanager:  
04-09 15:27:16.654  2957  2987 I otamanager: OTA:------curlDownloadFirmwareXml---
04-09 15:27:16.654  2957  2987 I otamanager: OTA:isValidIpAddress: result 0
04-09 15:27:16.655  3075  3075 I cast_shell: [3078:3078:INFO:mdns_manager_impl.cc(429)] Successfully updated service: type=_googlezone
04-09 15:27:16.655  3075  3075 I cast_shell: [3078:3086:INFO:parent_tracker.cc(237)] Network changed
04-09 15:27:16.655  3075  3075 I cast_shell: [3078:3086:INFO:parent_tracker.cc(135)] Now using local address [PII](192.168.1.145)
04-09 15:27:16.655  3075  3075 I cast_shell: [3078:3086:INFO:directory_service_impl.cc(200)] This device became root
04-09 15:27:16.655  3075  3075 I cast_shell: [3078:3086:INFO:parent_tracker.cc(237)] Network changed
04-09 15:27:16.655  3075  3075 I cast_shell: [3078:3086:INFO:parent_tracker.cc(132)] No need to recreate socket
04-09 15:27:16.655  3075  3075 I cast_shell: [3078:3504:INFO:net_util_impl.cc(582)] IP address: [PII](192.168.1.1) MAC address: [PII](C8:B3:73:44:AE:ED)
04-09 15:27:16.655  3075  3075 I cast_shell: [3078:3504:INFO:local_network_info_impl.cc(346)] LNID changed:
04-09 15:27:16.662  3075  3075 I cast_shell: [3078:3504:INFO:net_util_impl.cc(582)] IP address: [PII](192.168.1.1) MAC address: [PII](C8:B3:73:44:AE:ED)
04-09 15:27:16.662  3075  3075 I cast_shell: [3078:3078:INFO:ccs_manager_impl.cc(1789)] LNID has changed; Will re-register CCS
04-09 15:27:16.708  3075  3075 I cast_shell: [3078:3116:INFO:metrics_recorder.cc(282)] Record action: Setup.version.BLE
04-09 15:27:16.738  3075  3075 I cast_shell: [3078:3116:INFO:metrics_recorder.cc(282)] Record action: Setup.tos_accepted.BLE
04-09 15:27:16.768  3075  3075 I cast_shell: [3078:3116:INFO:metrics_recorder.cc(282)] Record action: Setup.state.BLE
04-09 15:27:16.798  3075  3075 I cast_shell: [3078:3116:INFO:metrics_recorder.cc(282)] Record action: Setup.ip_address.BLE
04-09 15:27:16.847  3075  3075 I cast_shell: [3078:3116:INFO:ble_setup.cc(322)] Record action: Setup.set_eureka_info.BLE
04-09 15:27:16.849  3075  3075 I cast_shell: [3078:3116:INFO:timezone_settings.cc(288)] Setting system timezone to Asia/Kolkata
04-09 15:27:16.849  3075  3075 I cast_shell: [3078:3128:INFO:multizone_group.cc(357)] Change name for group [PII](D711737D39CC64A2DDE0D50EC8339461) to [PII](Bedroom speaker 3)
04-09 15:27:16.849  3075  3075 I cast_shell: [3078:3116:INFO:locale_manager.cc(511)] New timezone: Asia/Kolkata
04-09 15:27:16.849  3075  3075 I cast_shell: [3078:3116:INFO:locale_manager.cc(539)] New time format: 24-hour
04-09 15:27:16.850  3075  3075 I cast_shell: [3078:3078:INFO:device_info_impl.cc(1133)] SSDP Config ID is increased: id=4
04-09 15:27:16.853  3075  3075 I cast_shell: [3078:3078:INFO:device_info_impl.cc(1133)] SSDP Config ID is increased: id=5
04-09 15:27:16.856  2733  2766 I bluetoothtbd: [0409/025716.856663:INFO:adapter.cc(551)] Adapter properties changed
04-09 15:27:16.856  2733  2766 I bluetoothtbd: [0409/025716.856817:INFO:adapter.cc(573)] Adapter name changed
04-09 15:27:16.857  3075  3075 I cast_shell: [3078:3116:INFO:bluetooth_manager.cc(1232)] [PII] Set device name to 'Bedroom speaker 3'
04-09 15:27:16.858  3075  3075 I cast_shell: [3078:3126:INFO:mdns_util.cc(102)] Defaulting mDNS capabilities for audio-only build
04-09 15:27:16.859  2951  3153 I LibreCastControlDelegate: OnCastStatus() +++ Bedroom speaker 3:0xab288198:NOT_SETUP
04-09 15:27:16.859  3075  3075 I cast_shell: [3078:3126:INFO:mdns_util.cc(102)] Defaulting mDNS capabilities for audio-only build
04-09 15:27:16.860  2951  3153 I LibreCastControlDelegate: Device Build Number -> '1.52.272222'
04-09 15:27:16.860  2951  3153 I librecast: updateCastBuildVersion() Version 1.52.272222
04-09 15:27:16.860  2712  2712 I lucitransport: readRemoteMessage() MID char = 7 buffer = 1.52.272222
04-09 15:27:16.860  3075  3075 I cast_shell: [3078:3078:INFO:mdns_manager_impl.cc(429)] Successfully updated service: type=_googlecast
04-09 15:27:16.860  2951  3153 I LibreCastControlDelegate: Active Applications -> 0
04-09 15:27:16.860  2951  3153 I LibreCastControlDelegate: Current Cast State '2' -> 'NOT_SETUP'
04-09 15:27:16.860  2951  3153 I LibreCastControlDelegate: OnCastStatus() ---
04-09 15:27:16.861  2733  2766 I bluetoothtbd: [0409/025716.861651:INFO:adapter.cc(551)] Adapter properties changed
04-09 15:27:16.872  2951  3153 I LibreCastControlDelegate: OnCastStatus() +++ Bedroom speaker 3:0xab288198:NOT_SETUP
04-09 15:27:16.872  2951  3153 I LibreCastControlDelegate: Device Build Number -> '1.52.272222'
04-09 15:27:16.872  2951  3153 I librecast: updateCastBuildVersion() Version 1.52.272222
04-09 15:27:16.872  3075  3075 I cast_shell: [3078:3116:INFO:metrics_recorder.cc(282)] cast event: Cast.System.Timezone.ChangeSuccessful
04-09 15:27:16.873  2712  2712 I lucitransport: readRemoteMessage() MID char = 7 buffer = 1.52.272222
04-09 15:27:16.873  2951  3153 I LibreCastControlDelegate: Active Applications -> 0
04-09 15:27:16.873  2951  3153 I LibreCastControlDelegate: Current Cast State '2' -> 'NOT_SETUP'
04-09 15:27:16.873  2951  3153 I LibreCastControlDelegate: OnCastStatus() ---
04-09 15:27:16.873  2951  3153 I LibreCastControlDelegate: OnCastStatus() +++ Bedroom speaker 3:0xab288198:NOT_SETUP
04-09 15:27:16.873  2951  3153 I LibreCastControlDelegate: Device Build Number -> '1.52.272222'
04-09 15:27:16.919  3075  3075 I cast_shell: [3078:3116:INFO:ble_setup.cc(322)] Record action: Setup.save_wifi.BLE
04-09 15:27:16.920  3075  3075 I cast_shell: [3078:3116:INFO:wifi_controller_wpa_supplicant.cc(692)] Clear bssid from config for network id 0
04-09 15:27:16.924  3075  3075 I cast_shell: [3078:3116:INFO:setup_manager_impl.cc(1725)] Report action: Wifi.FirstConfigured
04-09 15:27:16.929  2957  2987 I otamanager: OTA:ResolveDNSName IP = 34.195.98.179
04-09 15:27:16.929  2957  2987 I otamanager: OTA:hostIp string: https://34.195.98.179/v1
04-09 15:27:16.929  2957  2987 I otamanager: OTA: trying after 2 sec 
04-09 15:27:17.462  3075  3075 I cast_shell: [3078:3116:INFO:ble_setup.cc(789)] Missing required info for sign.
04-09 15:27:17.506  3075  3075 I cast_shell: [3078:3116:INFO:ble_setup.cc(915)] Sign related info completed, no future EurekaInfo need sign.
04-09 15:27:17.507  3075  3075 I cast_shell: [system_updater_dummy.cpp(139)] CheckUpdate 139
04-09 15:27:17.507  3075  3075 I cast_shell: [system_updater_dummy.cpp(148)] CheckUpdate 148 return
04-09 15:27:17.632  3075  3075 I cast_shell: [3078:3126:INFO:mdns_app_filter.cc(1403)] MdnsAppFilter: Done probing.
04-09 15:27:17.969  3075  3075 I cast_shell: [3078:3116:INFO:metrics_recorder.cc(282)] Record action: Setup.state.BLE
04-09 15:27:18.057  3075  3075 I cast_shell: [3078:3113:INFO:snr_tracker.cc(50)] snr = 50
04-09 15:27:18.378  3075  3075 I cast_shell: [3078:3078:INFO:ccs_transport_gcm.cc(244)] Registered GCM handler
04-09 15:27:18.378  3075  3075 I cast_shell: [3078:3078:INFO:ccs_manager_impl.cc(1322)] Waiting for all transports to be enabled
04-09 15:27:18.380  3075  3075 I cast_shell: [3078:3078:INFO:lycra_gcm.cc(212)] Registered GCM handler
04-09 15:27:18.531  3075  3075 I cast_shell: [system_updater_dummy.cpp(139)] CheckUpdate 139
04-09 15:27:18.531  3075  3075 I cast_shell: [system_updater_dummy.cpp(148)] CheckUpdate 148 return
04-09 15:27:18.641  3075  3075 I cast_shell: [3078:3078:INFO:grpc_service_discovery_impl.cc(185)] Mdns discovered google RPC for [PII](D711737D39CC64A2DDE0D50EC8339461).
04-09 15:27:18.902  3075  3075 I cast_shell: [3078:3084:INFO:crl_downloader.cc(155)] CRL processed.
04-09 15:27:18.902  3075  3075 I cast_shell: [3078:3078:INFO:gcm_manager.cc(233)] GCM connection established.
04-09 15:27:18.903  3075  3075 I cast_shell: [3078:3086:INFO:heartbeat_manager.cc(272)] Set HBInterval default: 1680000
04-09 15:27:18.906  3075  3075 I cast_shell: [3078:3084:INFO:metrics_recorder.cc(282)] cast event: Cast.CRL.DownloadSuccess
04-09 15:27:18.907  3075  3075 I cast_shell: [3078:3084:INFO:client_auth_signer.cc(211)] Cast certificate verification: CastCertError::OK
04-09 15:27:18.907  3075  3075 I cast_shell: [3078:3084:INFO:metrics_recorder.cc(282)] cast event: Cast.Auth.OK
04-09 15:27:18.928  2957  2987 I otamanager: OTA:curl response code : 0	
04-09 15:27:18.928  2957  2987 I otamanager: http status code : 200
04-09 15:27:18.928  2957  2987 I otamanager: OTA: contentLen :187.000000
04-09 15:27:18.942  2957  2987 I otamanager: OTA: bytesDownloaded = 187 m_iHttpStatusCode = 200 
04-09 15:27:18.947  2691  2691 I sh      : {
04-09 15:27:18.947  2957  2987 E otamanager: OTA:error string =  No update available
04-09 15:27:18.947  2691  2691 I sh      : 	"castVersion" : null,
04-09 15:27:18.947  2691  2691 I sh      : 	"crc" : null,
04-09 15:27:18.947  2712  2712 I lucitransport: writeRemoteMessage() MID = 223 buffer = NO_UPDATE
04-09 15:27:18.947  2712  2712 I luciUART: write() MID = 223  bytes = 19 data = NO_UPDATE m_fd = 0x6
04-09 15:27:18.947  2957  2987 I otamanager: Firmware Update State Change from CheckUpdate to Idle
04-09 15:27:18.948  2691  2691 I sh      : 	"errorCode" : 1001,
04-09 15:27:18.948  2691  2691 I sh      : 	"errorString" : "No update available",
04-09 15:27:18.948  2691  2691 I sh      : 	"forceUpgrade" : true,
04-09 15:27:18.948  3078  3085 E         : OOBE CheckUpdate
04-09 15:27:18.954  2957  2987 I otamanager: cast_updater_threadEntry() Response 'CheckUpdate' Current Firmware Update state 'Idle'
04-09 15:27:18.954  3075  3075 I cast_shell: [system_updater_dummy.cpp(132)] CheckUpdate 132 no new version
04-09 15:27:18.954  2957  2987 I otamanager: checkUpdate_l
04-09 15:27:18.954  2957  2987 I otamanager: Firmware Update State Change from Idle to CheckUpdate
04-09 15:27:18.954  3075  3075 I cast_shell: [3078:3085:INFO:update_engine_client_with_system_updater.cc(226)] No system force update, error_code=0
04-09 15:27:18.954  3075  3075 I cast_shell: [3078:3085:INFO:update_engine_client_with_system_updater.cc(167)] Checking system force update.
04-09 15:27:18.954  3075  3075 I cast_shell: [system_updater_dummy.cpp(109)] CheckUpdate
04-09 15:27:18.954  3075  3075 I cast_shell: [system_updater_dummy.cpp(148)] CheckUpdate 148 return
04-09 15:27:18.954  3075  3075 I chatty  : uid=1000(chrome) /bin/logwrapper identical 1 line
04-09 15:27:18.954  3075  3075 I cast_shell: [system_updater_dummy.cpp(148)] CheckUpdate 148 return
04-09 15:27:18.954  2712  2712 I lucitransport: readRemoteMessage() MID char = 232 buffer = TRUE
04-09 15:27:18.954  2957  2987 E otamanager: lo not valid Interface for MAC ID
04-09 15:27:18.954  2957  2987 I otamanager: OTA:checkIP mac = cc909321f384  IP = 192.168.1.145 
04-09 15:27:18.956  2957  2987 I otamanager: DownloadHttpContent firmware version = eng.C4A.1203
04-09 15:27:18.961  2712  2712 I lucitransport: readRemoteMessage() MID char = 6 buffer = 1001
04-09 15:27:18.961  2712  2712 I lucitransport: readRemoteMessage() MID char = 7 buffer = 1.52.272222
04-09 15:27:18.961  2957  2987 I otamanager: OTA: DownloadHttpContent :payload =  {"device":{"brand":"COTODAMA","castVersion":"1.52.272222","deviceId":"cc909321f384","deviceType":"LS10_C4A","fwVersion":"1203","googleCast":true,"mcuVersion":"1001","model":"LSB"}}
04-09 15:27:18.961  2957  2987 I otamanager:  
04-09 15:27:18.961  2957  2987 I otamanager: OTA:------curlDownloadFirmwareXml---
04-09 15:27:18.961  2957  2987 I otamanager: OTA:isValidIpAddress: result 0
04-09 15:27:19.003  3075  3075 I cast_shell: [3078:3116:INFO:metrics_recorder.cc(282)] Record action: Setup.state.BLE
04-09 15:27:19.309  2957  2987 I otamanager: OTA:ResolveDNSName IP = 34.195.98.179
04-09 15:27:19.309  2957  2987 I otamanager: OTA:hostIp string: https://34.195.98.179/v1
04-09 15:27:19.309  2957  2987 I otamanager: OTA: trying after 2 sec 
04-09 15:27:19.325  3075  3075 I cast_shell: [3078:3078:INFO:config_downloader.cc(700)] Received Protobuf config response
04-09 15:27:19.349  3075  3075 I cast_shell: [3078:3078:INFO:application_manager_impl.cc(2024)] max_background_apps changed to: 1
04-09 15:27:19.350  3075  3075 I cast_shell: [3078:3078:ERROR:modular_update_manager_impl.cc(382)] No modular updater app ID can be found in device config.
04-09 15:27:19.359  3075  3075 I cast_shell: [3078:3078:INFO:ccs_settings.cc(262)] CcsSettings using CCS url https://clients5.google.com/cast/cloudcast/
04-09 15:27:19.382  3075  3075 I cast_shell: [3078:3078:INFO:application_config_manager_impl.cc(528)] Setting default remote control app ID: 1374D8AA
04-09 15:27:19.382  3075  3075 I cast_shell: [3078:3078:INFO:application_identification_settings.cc(410)] new ApplicationIdentificationSettings session_id: ed8a03c7-9a0d-4d19-8647-b9a7e02ba187 app_id: 38579375 flags: 7 headers: 512
04-09 15:27:19.383  3075  3075 I cast_shell: [3078:3078:WARNING:ccs_manager_impl.cc(1566)] Device does not have a weave device id
04-09 15:27:19.383  3075  3075 I cast_shell: [3078:3078:INFO:mdns_util.cc(102)] Defaulting mDNS capabilities for audio-only build
04-09 15:27:19.383  3075  3075 I cast_shell: [3078:3078:INFO:mdns_util.cc(102)] Defaulting mDNS capabilities for audio-only build
04-09 15:27:19.383  3075  3075 I cast_shell: [3078:3078:INFO:ccs_transport_https.cc(1203)] No cloud settings for register request
04-09 15:27:19.387  3075  3075 I cast_shell: [3078:3078:INFO:ccs_manager_impl.cc(1496)] Registering device with CCS: message_id = ab25986f-e07f-4e7f-8554-400e60425ab9
04-09 15:27:19.387  3075  3075 I cast_shell: [3078:3078:INFO:ccs_manager_impl.cc(1497)] [PII] device_id = D711737D39CC64A2DDE0D50EC8339461
04-09 15:27:19.387  3075  3075 I cast_shell: [3078:3078:INFO:application_identification_settings.cc(410)] new ApplicationIdentificationSettings session_id: d182ed9a-a693-4e5c-961c-36c290201297 app_id: 38579375 flags: 7 headers: 512
04-09 15:27:19.387  3075  3075 I cast_shell: [3078:3078:INFO:robot_account_auth_manager.cc(470)] Successfully initialized JWT for 38579375
04-09 15:27:19.387  3075  3075 I cast_shell: [3078:3078:INFO:config_downloader.cc(900)] Clearing local config cache
04-09 15:27:19.391  3075  3075 I cast_shell: [3078:3078:INFO:metrics_recorder.cc(282)] Record action: Cast.DCS.DownloadSuccess
04-09 15:27:19.391  3075  3075 I cast_shell: [3078:3078:INFO:key_exchange_namespace_handler.cc(178)] Changing key_exchange_support capability
04-09 15:27:19.392  2951  3153 I LibreCastControlDelegate: OnCastStatus() +++ Bedroom speaker 3:0xab288198:NOT_SETUP
04-09 15:27:19.392  2951  3153 I LibreCastControlDelegate: Device Build Number -> '1.52.272222'
04-09 15:27:19.392  2951  3153 I librecast: updateCastBuildVersion() Version 1.52.272222
04-09 15:27:19.393  2712  2712 I lucitransport: readRemoteMessage() MID char = 7 buffer = 1.52.272222
04-09 15:27:19.393  2951  3153 I LibreCastControlDelegate: Active Applications -> 0
04-09 15:27:19.393  2951  3153 I LibreCastControlDelegate: Current Cast State '2' -> 'NOT_SETUP'
04-09 15:27:19.393  2951  3153 I LibreCastControlDelegate: OnCastStatus() ---
04-09 15:27:19.395  3075  3075 I cast_shell: [3078:3078:INFO:mdns_util.cc(102)] Defaulting mDNS capabilities for audio-only build
04-09 15:27:19.396  3075  3075 I cast_shell: [3078:3078:INFO:chromecast_service.cc(2229)] AoGH feature is: 0
04-09 15:27:19.396  3075  3075 I cast_shell: [3078:3078:INFO:chromecast_service.cc(2189)] Geolocation changed to: 0
04-09 15:27:19.396  3075  3075 I cast_shell: [3078:3078:INFO:lycra_transport.cc(301)] Feature flag changed: false
04-09 15:27:19.396  3075  3075 I cast_shell: [3078:3078:INFO:chromecast_service.cc(2248)] Playback disruption feature is: 1
04-09 15:27:19.396  3075  3075 I cast_shell: [3078:3078:INFO:playback_disruption_service.cc(328)] Playback disruption service enabled and running
04-09 15:27:19.396  3075  3075 I cast_shell: [3078:3126:INFO:mdns_util.cc(102)] Defaulting mDNS capabilities for audio-only build
04-09 15:27:19.396  3075  3075 I cast_shell: [3078:3078:INFO:ccs_manager_impl.cc(864)] Re-registering single CCS device
04-09 15:27:19.396  3075  3075 I cast_shell: [3078:3078:WARNING:ccs_manager_impl.cc(1566)] Device does not have a weave device id
04-09 15:27:19.396  3075  3075 I cast_shell: [3078:3078:INFO:mdns_util.cc(102)] Defaulting mDNS capabilities for audio-only build
04-09 15:27:19.396  3075  3075 I cast_shell: [3078:3078:INFO:mdns_util.cc(102)] Defaulting mDNS capabilities for audio-only build
04-09 15:27:19.396  3075  3075 I cast_shell: [3078:3078:INFO:ccs_transport_https.cc(1203)] No cloud settings for register request
04-09 15:27:19.428  3075  3075 I cast_shell: [3078:3078:INFO:metrics_recorder.cc(282)] cast event: Cloud.Transport.Https.Register.Out
04-09 15:27:19.435  3075  3075 I cast_shell: [3078:3078:INFO:application_identification_settings.cc(1331)] CreateJwt completed; running all done signing callbacks.
04-09 15:27:19.436  3075  3075 I cast_shell: [3078:3078:INFO:robot_account_auth_manager.cc(496)] JWT expiry in 3600 seconds
04-09 15:27:19.436  3075  3075 I cast_shell: [3078:3078:INFO:robot_account_auth_manager.cc(384)] Sending oauth request for client_id: 0
04-09 15:27:19.436  3075  3075 I cast_shell: [3078:3078:INFO:metrics_recorder.cc(282)] cast event: Cast.Assistant.Auth.FetchToken
04-09 15:27:19.436  3075  3075 I cast_shell: [3078:3078:INFO:metrics_recorder.cc(282)] cast event: Cloud.Transport.Https.Register.Out
04-09 15:27:19.436  3075  3075 I cast_shell: [3078:3084:INFO:chromium_http_connection.cc(436)] Creating a new chromium http url loader factory
04-09 15:27:19.735  3075  3075 I cast_shell: [3078:3078:INFO:robot_account_auth_manager.cc(525)] Got CAS response: 200
04-09 15:27:19.735  3075  3075 I cast_shell: [3078:3078:INFO:metrics_recorder.cc(282)] cast event: Cast.Assistant.AuthError.NOT_LINKED
04-09 15:27:19.735  3075  3075 I cast_shell: [3078:3078:INFO:robot_account_auth_manager.cc(776)] Current error: TOKEN_NOT_FETCHED, new error: NOT_LINKED
04-09 15:27:19.735  3075  3075 I cast_shell: [3078:3078:INFO:user_auth_impl.cc(207)] Notified all the observers of new auth tokens.
04-09 15:27:19.971  3075  3075 I cast_shell: [system_updater_dummy.cpp(139)] CheckUpdate 139
04-09 15:27:19.971  3075  3075 I cast_shell: [system_updater_dummy.cpp(148)] CheckUpdate 148 return
04-09 15:27:19.999  2950  2960 D wac-main: Netlink event
04-09 15:27:19.999  2950  2960 E wac-main: Netlink event 16 Interface Index 5 
04-09 15:27:19.999  2950  2960 E wac-main: Enter poll and wait
04-09 15:27:19.999  2711  2723 I yani_kernel: yani_geteventfrom_changeaddr() Message-Id '1' Netlink event '16' Interface Index '5' -> Name 'wlan0' 
04-09 15:27:20.005  2950  2960 D wac-main: Netlink event
04-09 15:27:20.005  2950  2960 E wac-main: Netlink event 16 Interface Index 5 
04-09 15:27:20.005  2950  2960 E wac-main: Enter poll and wait
04-09 15:27:20.013  2711  2723 I yani_server: NetLink Event '-1' Interface-Index '5' WLAN '-1' Ethernet '-1' Parsed-iFill '-1' -> 'INVALID' ifIndex '1' -> 'lo'
04-09 15:27:20.014  2711  2723 I yani_server: NetLink Event '-1' Interface-Index '5' WLAN '0' Ethernet '-1' Parsed-iFill '-1' -> 'INVALID' ifIndex '1' -> 'lo'
04-09 15:27:20.017  2711  2723 I chatty  : uid=0(root) YaniServer identical 1 line
04-09 15:27:20.018  2711  2723 I yani_server: NetLink Event '-1' Interface-Index '5' WLAN '0' Ethernet '-1' Parsed-iFill '-1' -> 'INVALID' ifIndex '1' -> 'lo'
04-09 15:27:20.018  2951  3153 I LibreCastControlDelegate: OnCastStatus() +++ Bedroom speaker 3:0xab288198:NOT_SETUP
04-09 15:27:20.018  2951  3153 I LibreCastControlDelegate: Device Build Number -> '1.52.272222'
04-09 15:27:20.018  2951  3153 I librecast: updateCastBuildVersion() Version 1.52.272222
04-09 15:27:20.019  2712  2712 I lucitransport: readRemoteMessage() MID char = 7 buffer = 1.52.272222
04-09 15:27:20.019  2951  3153 I LibreCastControlDelegate: Active Applications -> 0
04-09 15:27:20.019  2951  3153 I LibreCastControlDelegate: Current Cast State '2' -> 'NOT_SETUP'
04-09 15:27:20.019  2951  3153 I LibreCastControlDelegate: OnCastStatus() ---
04-09 15:27:20.020  2711  2723 I yani_server: NetLink Event '-1' Interface-Index '5' WLAN '0' Ethernet '-1' Parsed-iFill '-1' -> 'INVALID' ifIndex '1' -> 'lo'
04-09 15:27:20.020  2711  2723 I yani_server: NetLink Event '-1' Interface-Index '5' WLAN '0' Ethernet '-1' Parsed-iFill '-1' -> 'INVALID' ifIndex '1' -> 'lo'
04-09 15:27:20.020  2711  2723 I yani_kernel: yani_geteventfrom_changeaddr() Message-Id '1' Netlink event '16' Interface Index '5' -> Name 'wlan0' 
04-09 15:27:20.038  3075  3075 I cast_shell: [3078:3116:INFO:metrics_recorder.cc(282)] Record action: Setup.state.BLE
04-09 15:27:20.995  3075  3075 I cast_shell: [system_updater_dummy.cpp(139)] CheckUpdate 139
04-09 15:27:20.995  3075  3075 I cast_shell: [system_updater_dummy.cpp(148)] CheckUpdate 148 return
04-09 15:27:21.057  2957  2987 I otamanager: OTA:curl response code : 0	
04-09 15:27:21.057  2957  2987 I otamanager: http status code : 200
04-09 15:27:21.057  2957  2987 I otamanager: OTA: contentLen :187.000000
04-09 15:27:21.067  2957  2987 I otamanager: OTA: bytesDownloaded = 187 m_iHttpStatusCode = 200 
04-09 15:27:21.067  2691  2691 I sh      : }{
04-09 15:27:21.067  2957  2987 E otamanager: OTA:error string =  No update available
04-09 15:27:21.067  2691  2691 I sh      : 	"castVersion" : null,
04-09 15:27:21.067  2691  2691 I sh      : 	"crc" : null,
04-09 15:27:21.067  2691  2691 I sh      : 	"errorCode" : 1001,
04-09 15:27:21.067  2691  2691 I sh      : 	"errorString" : "No update available",
04-09 15:27:21.067  2691  2691 I sh      : 	"forceUpgrade" : true,
04-09 15:27:21.068  2712  2712 I lucitransport: writeRemoteMessage() MID = 223 buffer = NO_UPDATE
04-09 15:27:21.068  2712  2712 I luciUART: write() MID = 223  bytes = 19 data = NO_UPDATE m_fd = 0x6
04-09 15:27:21.068  2957  2987 I otamanager: Firmware Update State Change from CheckUpdate to Idle
04-09 15:27:21.070  3075  3075 I cast_shell: [system_updater_dummy.cpp(132)] CheckUpdate 132 no new version
04-09 15:27:21.070  3075  3075 I cast_shell: [3078:3085:INFO:update_engine_client_with_system_updater.cc(226)] No system force update, error_code=0
04-09 15:27:21.071  3075  3075 I cast_shell: [3078:3116:INFO:setup_state.cc(261)] Setup state changed: SETUP_STATE_CONNECTED_WIFI_NOT_SAVED (61) -> SETUP_STATE_CONNECTED (60)
04-09 15:27:21.071  3075  3075 I cast_shell: [3078:3116:INFO:setup_manager_impl.cc(1019)] Setup discoverability is disabled
04-09 15:27:21.071  3075  3075 I cast_shell: [3078:3116:INFO:ble_setup_manager.cc(758)] Clearing setup read attributes
04-09 15:27:21.071  3075  3075 I cast_shell: [3078:3116:INFO:gatt_client_manager_impl.cc(202)] Enabling GATT client connectability
04-09 15:27:21.072  3075  3075 I cast_shell: [3078:3116:INFO:ble_setup_manager.cc(620)] Stopped Bluetooth service
04-09 15:27:21.072  3075  3075 I cast_shell: [3078:3116:INFO:ble_setup.cc(423)] BLE setup stopped.
04-09 15:27:21.072  2731  2745 I HotspotManager: hotspot stop
04-09 15:27:21.072  2731  2745 I HotspotManager: stop dnsmasq
04-09 15:27:21.086  2951  3153 I LibreCastControlDelegate: OnCastStatus() +++ Bedroom speaker 3:0xab288198:READY_TO_CAST
04-09 15:27:21.089  2951  3153 I LibreCastControlDelegate: Cast Device Name -> 'Bedroom speaker 3'
04-09 15:27:21.089  2951  3153 I librecast: OldFriendlyName '' & New name change By Cast 'Bedroom speaker 3' isfirstbootup 56 m_updatedonebyluci 95
04-09 15:27:21.089  2951  3153 I librecast:  Difference in FriendlyName notify all  
04-09 15:27:21.089  2951  3153 I LibreCastControl: LibreCastControl_SetCastName()  name 'Bedroom speaker 3' RequestId '6' pCastControl 0xf4b00728
04-09 15:27:21.089  2712  2712 I lucitransport: writeRemoteMessage() MID = 90 buffer = Bedroom speaker 3
04-09 15:27:21.089  2712  2712 I luciUART: write() MID = 90  bytes = 27 data = Bedroom speaker 3 m_fd = 0x6
04-09 15:27:21.089  2712  2712 I lucitransport: writeLocalMessage() MID = 90 buffer = Bedroom speaker 3
04-09 15:27:21.090  2712  2721 E LUCI_SERVER: Luci Server Thread wait over MID 90....
04-09 15:27:21.093  2951  3153 I LibreCastControlDelegate: Device Build Number -> '1.52.272222'
04-09 15:27:21.093  2951  3153 I librecast: updateCastBuildVersion() Version 1.52.272222
04-09 15:27:21.093  2712  2712 I lucitransport: readRemoteMessage() MID char = 7 buffer = 1.52.272222
04-09 15:27:21.094  2951  3153 I LibreCastControlDelegate: Active Applications -> 0
04-09 15:27:21.094  2951  3153 I LibreCastControlDelegate: Current Cast State '6' -> 'READY_TO_CAST'
04-09 15:27:21.094  2951  3153 I LibreCastControlDelegate: OnCastStatus() ---
04-09 15:27:21.095  2951  3153 I LibreCastControlDelegate: OnResponse() ReqeustID 6, error  0
04-09 15:27:21.098  2733  2766 I bluetoothtbd: [0409/025721.098178:INFO:adapter.cc(551)] Adapter properties changed
04-09 15:27:21.098  2733  2766 I bluetoothtbd: [0409/025721.098339:INFO:adapter.cc(573)] Adapter name changed
04-09 15:27:21.098  3075  3075 I cast_shell: [3078:3116:INFO:bluetooth_manager.cc(1232)] [PII] Set device name to 'Bedroom speaker 3'
04-09 15:27:21.102  3075  3075 I cast_shell: [3078:3078:INFO:device_info_impl.cc(1133)] SSDP Config ID is increased: id=6
04-09 15:27:21.107  2951  3153 I LibreCastControlDelegate: OnCastStatus() +++ Bedroom speaker 3:0xab288198:READY_TO_CAST
04-09 15:27:21.108  3075  3075 I cast_shell: [3078:3078:INFO:ccs_manager_impl.cc(1842)] Postponing device name update while registering
04-09 15:27:21.108  3075  3075 I cast_shell: [3078:3126:INFO:mdns_util.cc(102)] Defaulting mDNS capabilities for audio-only build
04-09 15:27:21.109  3075  3075 I cast_shell: [3078:3078:INFO:mdns_manager_impl.cc(429)] Successfully updated service: type=_googlecast
04-09 15:27:21.109  3075  3075 I cast_shell: [3078:3078:INFO:virtual_device.cc(296)] Updated mDNS service for virtual device: id=3df6cefc-6694-f8c5-6312-7ae1b088b9ef
04-09 15:27:21.109  2951  3153 I LibreCastControlDelegate: Cast Device Name -> 'Bedroom speaker 3'
04-09 15:27:21.109  2951  3153 I librecast: OldFriendlyName '' & New name change By Cast 'Bedroom speaker 3' isfirstbootup 56 m_updatedonebyluci 95
04-09 15:27:21.109  2951  3153 I librecast:  Difference in FriendlyName notify all  
04-09 15:27:21.109  2951  3153 I LibreCastControl: LibreCastControl_SetCastName()  name 'Bedroom speaker 3' RequestId '7' pCastControl 0xf4b00728
04-09 15:27:21.109  2712  2712 I lucitransport: writeRemoteMessage() MID = 90 buffer = Bedroom speaker 3
04-09 15:27:21.109  2712  2712 I luciUART: write() MID = 90  bytes = 27 data = Bedroom speaker 3 m_fd = 0x6
04-09 15:27:21.122  3075  3075 I cast_shell: [3078:3078:INFO:device_info_impl.cc(1133)] SSDP Config ID is increased: id=7
