04-09 15:30:32.306  3066  3066 I update_engine: [0409/030032.306290:INFO:unix_stream_server_socket.cc(62)] Unix server socket is created: /tmp/socket/updater
04-09 15:30:32.507  3068  3068 I cast_shell: [3071:3071:ERROR:pref_service_helper.cc(79)] Cannot initialize chromecast config: /data/chrome/.eureka.conf, pref_error=6
04-09 15:30:32.508  3068  3068 I cast_shell: [3071:3071:WARNING:discardable_shared_memory_manager.cc(194)] Less than 64MB of free space in temporary directory for shared memory files: 32
04-09 15:30:32.521  3068  3068 I cast_shell: Fontconfig warning: "/etc/fonts/fonts.conf", line 80: unknown element "blank"
04-09 15:30:32.707  3068  3068 I cast_shell: [3071:3071:INFO:cast_system_memory_pressure_evaluator.cc(167)] AdjustMemoryFractions: critical_memory_fraction_=0.25, moderate_memory_fraction_=0.4
04-09 15:30:32.713  3068  3068 I cast_shell: [3071:3071:INFO:cast_window_manager_aura.cc(198)] Starting window manager, bounds: 0,0 1x1
04-09 15:30:32.720  3068  3068 I cast_shell: [3071:3088:ERROR:mixer_connection.cc(91)] Failed to connect to mixer service: -102
04-09 15:30:32.722  3068  3068 I cast_shell: [3071:3071:WARNING:client_auth_manager.cc(94)] Old certificate is empty.
04-09 15:30:32.722  3068  3068 I cast_shell: [3071:3071:INFO:device_info_impl.cc(135)] [PII] Weave device ID: 
04-09 15:30:32.722  3068  3068 I cast_shell: [3071:3071:INFO:device_info_impl.cc(406)] MAC address for wlan0: CC:90:93:21:F3:84
04-09 15:30:32.722  3068  3068 I cast_shell: [3071:3071:INFO:device_info_impl.cc(431)] Device model id: COTODAMA.LS10 Platform.LSB
04-09 15:30:32.722  3068  3068 I cast_shell: [3071:3071:INFO:device_info_impl.cc(466)] Control Notifications: 0
04-09 15:30:32.722  3068  3068 I cast_shell: [3071:3071:ERROR:device_info_impl.cc(145)] Cannot read file: /data/bootid
04-09 15:30:32.722  3068  3068 I cast_shell: [3071:3071:INFO:device_info_impl.cc(482)] SSDP Boot ID: 0
04-09 15:30:32.722  3068  3068 I cast_shell: [3071:3071:INFO:device_info_impl.cc(486)] SSDP Config ID: 1
04-09 15:30:32.722  3068  3068 I cast_shell: [3071:3071:WARNING:secure_storage_impl.cc(85)] Device key not available yet.
04-09 15:30:32.723  3068  3068 I cast_shell: [3071:3071:INFO:cast_power_manager_provider.cc(26)] Creating DummyCastPowerManagerProvider
04-09 15:30:32.723  3068  3068 I cast_shell: [3071:3071:WARNING:auth_provider_impl.cc(72)] No IoT client_id found on the device. If device was FDRed please ignore this warning.
04-09 15:30:32.723  3068  3068 I cast_shell: [3071:3071:INFO:file_provider_impl.cc(67)] Initialized file provider with base dir: /data/chrome/auth
04-09 15:30:32.723  3068  3068 I cast_shell: [3071:3071:INFO:cast_power_manager_provider.cc(26)] Creating DummyCastPowerManagerProvider
04-09 15:30:32.723  3068  3068 I cast_shell: [3071:3071:INFO:cast_power_manager_provider.cc(26)] Creating DummyCastPowerManagerProvider
04-09 15:30:32.723  3068  3068 I cast_shell: [3071:3071:INFO:hds_broker_impl.cc(121)] HDS type registered type.googleapis.com/home.hds.proto.device.config.RefreshConfigRequest
04-09 15:30:32.723  3068  3068 I cast_shell: [3071:3071:INFO:preload_initiator_mdns.cc(92)] Preload type: mdns
04-09 15:30:32.723  3068  3068 I cast_shell: [3071:3071:WARNING:hds_settings.cc(104)] HDS URL has not been set through command line.
04-09 15:30:32.724  3068  3068 I cast_shell: [3071:3071:WARNING:volume_map.cc(55)] No cast audio config found; using default volume map.
04-09 15:30:32.724  3068  3068 I cast_shell: [3071:3071:INFO:saved_volumes.cc(63)] No saved volumes found
04-09 15:30:32.725  3068  3068 I cast_shell: [3071:3071:INFO:saved_volumes.cc(70)] Invalid JSON from /etc/cast_audio.json
04-09 15:30:32.726  3068  3068 I cast_shell: [3071:3092:INFO:stream_mixer.cc(194)] StreamMixer
04-09 15:30:32.726  3068  3068 I cast_shell: [3071:3092:INFO:stream_mixer.cc(222)] Mixer health checker started
04-09 15:30:32.726  3068  3068 I cast_shell: [3071:3093:INFO:stream_mixer.cc(121)] Actual priority = 99, policy = 1
04-09 15:30:32.726  3068  3068 I cast_shell: [3071:3092:WARNING:post_processing_pipeline_parser.cc(65)] No post-processing config found at /etc/cast_audio.json.
04-09 15:30:32.726  3068  3068 I cast_shell: [3071:3092:WARNING:post_processing_pipeline_parser.cc(133)] No post-processor description found for "mix" in /etc/cast_audio.json. Using passthrough.
04-09 15:30:32.726  3068  3068 I cast_shell: [3071:3092:INFO:mixer_pipeline.cc(103)] 2 input channels to 'mix' group
04-09 15:30:32.726  3068  3068 I cast_shell: [3071:3092:WARNING:post_processing_pipeline_parser.cc(133)] No post-processor description found for "linearize" in /etc/cast_audio.json. Using passthrough.
04-09 15:30:32.726  3068  3068 I cast_shell: [3071:3092:INFO:mixer_pipeline.cc(124)] 2 input channels to 'linearize' group
04-09 15:30:32.727  3068  3068 I cast_shell: [3071:3094:INFO:audio_socket_service_uds.cc(44)] Using endpoint /tmp/mixer-service
04-09 15:30:32.727  3068  3068 I cast_shell: [3071:3092:INFO:alsa_volume_control.cc(43)] Opening mixer element "Master" on device "default"
04-09 15:30:32.733  3068  3068 I cast_shell: [3071:3092:INFO:alsa_volume_control.cc(219)] Volume device = default, element = Master
04-09 15:30:32.733  3068  3068 I cast_shell: [3071:3092:INFO:alsa_volume_control.cc(221)] Mute device = default, element = Master
04-09 15:30:32.733  3068  3068 I cast_shell: [3071:3092:INFO:alsa_volume_control.cc(234)] Idle device = default, elements = []
04-09 15:30:32.733  3068  3068 I cast_shell: [3071:3092:INFO:alsa_volume_control.cc(43)] Opening mixer element "Master" on device "default"
04-09 15:30:32.737  3068  3068 I cast_shell: [3071:3071:INFO:multizone_manager.cc(330)] Multizone features are enabled
04-09 15:30:32.737  3068  3068 I cast_shell: [3071:3071:INFO:cast_power_manager_provider.cc(26)] Creating DummyCastPowerManagerProvider
04-09 15:30:32.737  3068  3068 I cast_shell: [3071:3071:INFO:update_engine_client_with_ipc.cc(343)] Using IPC UpdateEngineClient
04-09 15:30:32.738  3071  3071 E         : Create
04-09 15:30:32.738  3071  3071 E         : OOBE IsSupported
04-09 15:30:32.739  3068  3068 I cast_shell: [3071:3079:INFO:parent_tracker.cc(90)] [PII](9A13E47FA8377C08063DFE7F0DBF4CB4) has hash 987230420, root wait is 7.70143 s
04-09 15:30:32.739  3068  3068 I cast_shell: [3071:3079:INFO:parent_tracker.cc(120)] Can't use IPv4
04-09 15:30:32.739  3068  3068 I cast_shell: [3071:3079:INFO:parent_tracker.cc(124)] Can't use IPv6
04-09 15:30:32.739  3068  3068 I cast_shell: [3071:3079:ERROR:parent_tracker.cc(125)] No valid interface for multicast
04-09 15:30:32.741  3068  3068 I cast_shell: [3071:3079:INFO:directory_service_impl.cc(168)] Boot count is now 1
04-09 15:30:32.741  3068  3068 I cast_shell: [3071:3079:ERROR:socket_posix.cc(148)] bind() failed: Address already in use (98)
04-09 15:30:32.741  3068  3068 I cast_shell: [3071:3079:ERROR:tcp_listener.cc(64)] Listen failed: net::ERR_ADDRESS_IN_USE : 0.0.0.0:10101
04-09 15:30:32.741  3068  3068 I cast_shell: [3071:3079:ERROR:directory_service_impl.cc(213)] TCP listener error: -1
04-09 15:30:32.742  3068  3068 I cast_shell: [3071:3071:INFO:chromecast_service_client_default.cc(75)] System updater is supported, and this is first setup.
04-09 15:30:32.743  3068  3068 I cast_shell: [3071:3071:INFO:managed_mode_service.cc(345)] Starting in managed mode: 0
04-09 15:30:32.744  3068  3068 I cast_shell: [3071:3071:INFO:platform_client_auth_creds.cc(114)] Loaded client certificate. Key len = 2048 bits. Chain len = 2 (source FROM_CERT).
04-09 15:30:32.745  3068  3068 I cast_shell: [3071:3071:INFO:grpc_manager_impl.cc(245)] Registered service chromecast.LocalCloudcastService
04-09 15:30:32.745  3068  3068 I cast_shell: [3071:3071:INFO:grpc_manager_impl.cc(262)] Registered a handler ExecuteActionScript for service chromecast.LocalCloudcastService
04-09 15:30:32.745  3068  3068 I cast_shell: [3071:3071:INFO:grpc_manager_impl.cc(262)] Registered a handler ObserveDeviceStatus for service chromecast.LocalCloudcastService
04-09 15:30:32.745  3068  3068 I cast_shell: [3071:3071:INFO:grpc_manager_impl.cc(262)] Registered a handler GetDeviceStatus for service chromecast.LocalCloudcastService
04-09 15:30:32.746  3068  3068 I cast_shell: [3071:3071:INFO:grpc_manager_impl.cc(505)] GRPC[uri=[::]:0]: num_pending_calls=0, num_active_handlers=0, num_free_handlers=0
04-09 15:30:32.746  3068  3068 I cast_shell: [3071:3071:INFO:cast_power_manager_provider.cc(26)] Creating DummyCastPowerManagerProvider
04-09 15:30:32.746  3068  3068 I cast_shell: [3071:3071:INFO:cast_power_manager_provider.cc(26)] Creating DummyCastPowerManagerProvider
04-09 15:30:32.747  3068  3068 I cast_shell: [3071:3071:INFO:gcm_manager.cc(140)] GCM Dir = /data/chrome/gcm
04-09 15:30:32.747  3068  3068 I cast_shell: [3071:3071:INFO:gcm_manager.cc(258)] Enabling GCM Driver
04-09 15:30:32.748  3068  3068 I cast_shell: [3071:3071:INFO:grpc_manager_impl.cc(505)] GRPC[uri=]: num_pending_calls=0, num_active_handlers=0, num_free_handlers=0
04-09 15:30:32.748  3068  3068 I cast_shell: [3071:3071:INFO:lycra_gcm.cc(117)] Deferring GCM registration until connectivity is up.
04-09 15:30:32.796  3068  3068 I cast_shell: [3071:3071:WARNING:cloud_settings_manager.cc(513)] Cannot initialize device settings config: /data/chrome/cloud_settings/cloud_settings.prefs, pref_error=6
04-09 15:30:32.797  3068  3068 I cast_shell: [3071:3071:INFO:cloud_settings_manager.cc(195)] Cloud settings is disabled.
04-09 15:30:32.797  3068  3068 I cast_shell: [3071:3071:INFO:pref_metrics_manager.cc(66)] PrefMetricsManager started.
04-09 15:30:32.798  3068  3068 I cast_shell: [3071:3071:INFO:pref_control_service_impl.cc(142)] Loading prefs from /data/chrome/pref_control/pref_control.prefs
04-09 15:30:32.798  3068  3068 I cast_shell: [3071:3071:INFO:pref_control_service_impl.cc(602)] Registering pref Pref [Name:motion_sensing_pref,RestoreValue:1,ForceEnableParent:1,Value:1,Optin:1]
04-09 15:30:32.799  3068  3068 I cast_shell: [3071:3071:INFO:pref_control_service_impl.cc(602)] Registering pref Pref [Name:sleep_sensing_pref,RestoreValue:0,ForceEnableParent:1,Value:1,Optin:0]
04-09 15:30:32.799  3068  3068 I cast_shell: [3071:3071:INFO:pref_control_service_impl.cc(602)] Registering pref Pref [Name:sleep_disturbance_pref,RestoreValue:1,ForceEnableParent:0,Value:1,Optin:0]
04-09 15:30:32.799  3068  3068 I cast_shell: [3071:3071:INFO:pref_control_service_impl.cc(602)] Registering pref Pref [Name:sleep_coaching_pref,RestoreValue:1,ForceEnableParent:0,Value:1,Optin:0]
04-09 15:30:32.799  3068  3068 I cast_shell: [3071:3071:INFO:pref_control_service_impl.cc(602)] Registering pref Pref [Name:gesture_sensing_pref,RestoreValue:0,ForceEnableParent:1,Value:1,Optin:0]
04-09 15:30:32.799  3068  3068 I cast_shell: [3071:3071:INFO:pref_control_service_impl.cc(602)] Registering pref Pref [Name:play_and_pause_gesture_pref,RestoreValue:1,ForceEnableParent:0,Value:1,Optin:0]
04-09 15:30:32.799  3068  3068 I cast_shell: [3071:3071:INFO:pref_control_service_impl.cc(602)] Registering pref Pref [Name:snooze_alarm_gesture_pref,RestoreValue:1,ForceEnableParent:0,Value:1,Optin:0]
04-09 15:30:32.799  3068  3068 I cast_shell: [3071:3071:INFO:pref_control_service_impl.cc(602)] Registering pref Pref [Name:stop_timers_gesture_pref,RestoreValue:1,ForceEnableParent:0,Value:1,Optin:0]
04-09 15:30:32.800  3068  3068 I cast_shell: [3071:3071:INFO:pref_metrics_manager.cc(94)] Adding motion_sensing_pref to PrefMetricsManager.
04-09 15:30:32.800  3068  3068 I cast_shell: [3071:3071:INFO:pref_metrics_manager.cc(94)] Adding sleep_sensing_pref to PrefMetricsManager.
04-09 15:30:32.800  3068  3068 I cast_shell: [3071:3071:INFO:pref_metrics_manager.cc(94)] Adding sleep_disturbance_pref to PrefMetricsManager.
04-09 15:30:32.800  3068  3068 I cast_shell: [3071:3071:INFO:pref_metrics_manager.cc(94)] Adding sleep_coaching_pref to PrefMetricsManager.
04-09 15:30:32.800  3068  3068 I cast_shell: [3071:3071:INFO:pref_metrics_manager.cc(94)] Adding gesture_sensing_pref to PrefMetricsManager.
04-09 15:30:32.800  3068  3068 I cast_shell: [3071:3071:INFO:pref_metrics_manager.cc(94)] Adding play_and_pause_gesture_pref to PrefMetricsManager.
04-09 15:30:32.800  3068  3068 I cast_shell: [3071:3071:INFO:pref_metrics_manager.cc(94)] Adding snooze_alarm_gesture_pref to PrefMetricsManager.
04-09 15:30:32.800  3068  3068 I cast_shell: [3071:3071:INFO:pref_metrics_manager.cc(94)] Adding stop_timers_gesture_pref to PrefMetricsManager.
04-09 15:30:32.800  3068  3068 I cast_shell: [3071:3071:INFO:pref_control_service_impl.cc(107)] PrefControlService constructed.
04-09 15:30:32.801  3068  3068 I cast_shell: [3071:3071:INFO:grpc_manager_impl.cc(245)] Registered service chromecast.grpc_discovery.GrpcDiscoveryService
04-09 15:30:32.801  3068  3068 I cast_shell: [3071:3071:INFO:grpc_manager_impl.cc(262)] Registered a handler GetServiceInfo for service chromecast.grpc_discovery.GrpcDiscoveryService
04-09 15:30:32.802  3068  3068 I cast_shell: [3071:3071:INFO:grpc_manager_impl.cc(505)] GRPC[uri=unix:/tmp/hcp_ipc_auth.socket]: num_pending_calls=0, num_active_handlers=0, num_free_handlers=0
04-09 15:30:32.802  3068  3068 I cast_shell: [3071:3107:INFO:common_time.cc(128)] New common clock leader 9A13E47FA8377C08063DFE7F0DBF4CB4, is_this_device = 1, IP = [::1]:10006, quality = 0
04-09 15:30:32.802  3068  3068 I cast_shell: [3071:3107:INFO:common_time.cc(158)] Set this device as common time source
04-09 15:30:32.802  3068  3068 I cast_shell: [3071:3071:INFO:grpc_manager_impl.cc(245)] Registered service usonia.ipc.Auth
04-09 15:30:32.802  3068  3068 I cast_shell: [3071:3071:INFO:grpc_manager_impl.cc(262)] Registered a handler Sign for service usonia.ipc.Auth
04-09 15:30:32.803  3068  3068 I cast_shell: [3071:3071:INFO:grpc_manager_impl.cc(262)] Registered a handler Verify for service usonia.ipc.Auth
04-09 15:30:32.803  3068  3068 I cast_shell: [3071:3071:INFO:grpc_manager_impl.cc(262)] Registered a handler AuthReady for service usonia.ipc.Auth
04-09 15:30:32.803  3068  3068 I cast_shell: [3071:3071:INFO:grpc_manager_impl.cc(245)] Registered service usonia.ipc.DistributedServiceDiscovery
04-09 15:30:32.803  3068  3068 I cast_shell: [3071:3071:INFO:grpc_manager_impl.cc(262)] Registered a handler UpdateServiceObservers for service usonia.ipc.DistributedServiceDiscovery
04-09 15:30:32.803  3068  3068 I cast_shell: [3071:3071:INFO:grpc_manager_impl.cc(262)] Registered a handler FetchAllPeerAddressList for service usonia.ipc.DistributedServiceDiscovery
04-09 15:30:32.803  3068  3068 I cast_shell: [3071:3071:INFO:grpc_manager_impl.cc(262)] Registered a handler ResolvePeerAddress for service usonia.ipc.DistributedServiceDiscovery
04-09 15:30:32.803  3068  3068 I cast_shell: [3071:3071:INFO:grpc_manager_impl.cc(262)] Registered a handler AddService for service usonia.ipc.DistributedServiceDiscovery
04-09 15:30:32.806  3068  3068 I cast_shell: [3071:3071:INFO:grpc_manager_impl.cc(505)] GRPC[uri=unix:/tmp/modular_updater/modular_update_service]: num_pending_calls=0, num_active_handlers=0, num_free_handlers=0
04-09 15:30:32.806  3068  3068 I cast_shell: [3071:3071:INFO:cast_power_manager_provider.cc(26)] Creating DummyCastPowerManagerProvider
04-09 15:30:32.813  3068  3068 I cast_shell: [3071:3071:INFO:timezone_settings.cc(288)] Setting system timezone to America/Los_Angeles
04-09 15:30:32.813  3068  3068 I cast_shell: [3071:3071:INFO:daily_reboot_impl.cc(172)] Daily reboot is disabled
04-09 15:30:32.814  3068  3068 I cast_shell: [3071:3071:INFO:api_reboot.cc(321)] active_activities count=1
04-09 15:30:32.815  3068  3068 I cast_shell: [3071:3084:INFO:gamma_utils.cc(31)] Gamma calibration file is not present, use default LUT
04-09 15:30:32.815  3068  3068 I cast_shell: [3071:3071:INFO:cast_power_manager_provider.cc(26)] Creating DummyCastPowerManagerProvider
04-09 15:30:32.815  3068  3068 I chatty  : uid=1000(chrome) /bin/logwrapper identical 1 line
04-09 15:30:32.815  3068  3068 I cast_shell: [3071:3071:INFO:cast_power_manager_provider.cc(26)] Creating DummyCastPowerManagerProvider
04-09 15:30:32.818  3068  3068 I cast_shell: [3071:3084:INFO:tuning_manager.cc(118)] No file found at /etc/cast_audio.json
04-09 15:30:32.818  3068  3068 I cast_shell: [3071:3084:INFO:tuning_manager.cc(130)] No file found at /etc/cast_audio.json
04-09 15:30:32.818  3068  3068 I cast_shell: [3071:3071:INFO:setup_api_registry.cc(192)] Register external API: audio/delete_config
04-09 15:30:32.818  3068  3068 I cast_shell: [3071:3071:INFO:setup_api_registry.cc(192)] Register external API: audio/get_avail_processors
04-09 15:30:32.818  3068  3068 I cast_shell: [3071:3071:INFO:setup_api_registry.cc(192)] Register external API: audio/get_config
04-09 15:30:32.819  3068  3068 I cast_shell: [3071:3071:INFO:setup_api_registry.cc(192)] Register external API: audio/get_default_config
04-09 15:30:32.819  3068  3068 I cast_shell: [3071:3071:INFO:setup_api_registry.cc(192)] Register external API: audio/set_params
04-09 15:30:32.819  3068  3068 I cast_shell: [3071:3071:INFO:setup_api_registry.cc(192)] Register external API: audio/set_config
04-09 15:30:32.819  3068  3068 I cast_shell: [3071:3071:INFO:setup_api_registry.cc(192)] Register external API: user_eq/set_equalizer
04-09 15:30:32.819  3068  3068 I cast_shell: [3071:3071:INFO:capture_service_dummy.cc(11)] Dummy CaptureService.
04-09 15:30:32.822  3068  3068 I cast_shell: [3071:3071:INFO:setup_api_registry.cc(192)] Register external API: auto_media_volume
04-09 15:30:32.823  3068  3068 I cast_shell: [3071:3071:INFO:cast_thread_health_check.cc(53)] Receiver health check timeout: 15 seconds.
04-09 15:30:32.824  3068  3068 I cast_shell: [3071:3071:INFO:file_util.cc(28)] base_assistant_dir = /data/chrome
04-09 15:30:32.825  3068  3068 I cast_shell: [3071:3071:INFO:chromecast_service.cc(2189)] Geolocation changed to: 0
04-09 15:30:32.825  3068  3068 I cast_shell: [3071:3071:INFO:chromecast_service.cc(2229)] AoGH feature is: 0
04-09 15:30:32.825  3068  3068 I cast_shell: [3071:3071:INFO:chromecast_service.cc(2248)] Playback disruption feature is: 0
04-09 15:30:32.830  3068  3068 I cast_shell: [3071:3071:INFO:metrics_recorder.cc(112)] Metrics stat: total=0
04-09 15:30:32.830  3068  3068 I cast_shell: [3071:3095:INFO:media_manager_impl.cc(1043)] New device volume control type: new_type=1, old_type=0
04-09 15:30:32.830  3068  3068 I cast_shell: [3071:3095:INFO:media_manager_impl.cc(1066)] New device volume step interval: new_interval=0.02, old_interval=0
04-09 15:30:32.830  3068  3068 I cast_shell: [3071:3095:ERROR:media_manager_impl.cc(1294)] GetScreenResolution failed.
04-09 15:30:32.830  3068  3068 I cast_shell: [3071:3095:INFO:media_manager_impl.cc(343)] Media manager is initialized.
04-09 15:30:32.831  3068  3068 I cast_shell: [3071:3071:INFO:media_manager_impl.cc(269)] IsHdmiPlatform: 0
04-09 15:30:32.832  3068  3068 I cast_shell: [3071:3071:INFO:hds_settings.cc(136)] HdsSettings using HDS url https://preprod-home-devices.sandbox.google.com/
04-09 15:30:32.833  3068  3068 I cast_shell: [3071:3071:INFO:client_auth_creds.cc(173)] Device cert: 4D8AC5B9056A76852E4F FA:8F:CA:87:13:D1
04-09 15:30:32.833  3068  3068 I cast_shell: [3071:3071:INFO:client_auth_creds.cc(182)] Intermediate cert: LSB
04-09 15:30:32.833  3068  3068 I cast_shell: [3071:3071:INFO:client_auth_creds.cc(182)] Intermediate cert: Amlogic GVA Manufacturer Cert
04-09 15:30:32.834  3068  3068 I cast_shell: [3071:3071:INFO:client_auth_creds.cc(226)] Imported client auth cert.
04-09 15:30:32.834  3068  3068 I cast_shell: [3071:3071:INFO:client_auth_creds.cc(237)] Imported client auth private key
04-09 15:30:32.834  3068  3068 I cast_shell: [3071:3071:INFO:client_auth_signer.cc(155)] Created singleton instance of ClientAuthSigner.
04-09 15:30:32.834  3068  3068 I cast_shell: [3071:3071:INFO:client_auth_manager.cc(119)] Storing the certificate first used by the device.
04-09 15:30:32.888  3068  3068 I cast_shell: [3071:3071:WARNING:application_config_manager_impl.cc(253)] Cannot read application config file: /fakeapp.conf
04-09 15:30:32.889  3068  3068 I cast_shell: [3071:3071:INFO:application_manager_impl.cc(398)] Application manager is initialized.
04-09 15:30:32.889  3068  3068 I cast_shell: [3071:3071:INFO:mdns_cast_service.cc(156)] Device discovery state is idle
04-09 15:30:32.890  3068  3068 I cast_shell: [3071:3071:INFO:mdns_manager_impl.cc(177)] MdnsManager is initialized
04-09 15:30:32.890  3068  3068 I cast_shell: [3071:3120:INFO:mdns_app_filter.cc(573)] MdnsAppFilter initialized
04-09 15:30:32.890  3068  3068 I cast_shell: [3071:3120:INFO:discovered_service_client.cc(102)] Registering new service PTR listener: _googlecast._tcp.local
04-09 15:30:32.891  3068  3068 I cast_shell: [3071:3071:INFO:config_downloader.cc(239)] Set config periodic interval: min=300, max=420
04-09 15:30:32.891  3068  3068 I cast_shell: [3071:3071:INFO:crl_downloader.cc(274)] Set CRL periodic interval: min=2160, max=2880
04-09 15:30:32.891  3068  3068 I cast_shell: [3071:3071:INFO:hds_broker_impl.cc(121)] HDS type registered type.googleapis.com/home.hds.proto.device.relayedcasting.RelayedCastingPleaseConnectRequest
04-09 15:30:32.892  3068  3068 I cast_shell: [3071:3071:INFO:mdns_util.cc(102)] Defaulting mDNS capabilities for audio-only build
04-09 15:30:32.892  3068  3068 I cast_shell: [3071:3071:INFO:virtual_device_manager.cc(138)] Added virtual device: id=[PII](4747421e-8aaf-df86-d000-3c3f4905e536)
04-09 15:30:32.892  3068  3068 I cast_shell: [3071:3071:INFO:ccs_manager_impl.cc(522)] Added CCS device
04-09 15:30:32.892  3068  3068 I cast_shell: [3071:3071:INFO:ccs_manager_impl.cc(523)] [PII] device_id=9A13E47FA8377C08063DFE7F0DBF4CB4
04-09 15:30:32.892  3068  3068 I cast_shell: [3071:3121:INFO:v2_transport.cc(458)] Added Cast V2 endpoint: id=Tr@n$p0rt-0, socket_factory_id=[PII](*)
04-09 15:30:32.892  3068  3068 I cast_shell: [3071:3121:INFO:endpoint_with_namespace_handler.cc(103)] Added a namespace handler: local_id=Tr@n$p0rt-0, namespace=urn:x-cast:com.google.cast.tp.connection
04-09 15:30:32.892  3068  3068 I cast_shell: [3071:3121:INFO:endpoint_with_namespace_handler.cc(103)] Added a namespace handler: local_id=Tr@n$p0rt-0, namespace=urn:x-cast:com.google.cast.tp.heartbeat
04-09 15:30:32.892  3068  3068 I cast_shell: [3071:3071:INFO:ccs_manager_impl.cc(838)] Device model revision set to 0
04-09 15:30:32.892  3068  3068 I cast_shell: [3071:3121:INFO:endpoint_with_namespace_handler.cc(103)] Added a namespace handler: local_id=Tr@n$p0rt-0, namespace=urn:x-cast:com.google.cast.tp.deviceauth
04-09 15:30:32.892  3068  3068 I cast_shell: [3071:3121:INFO:v2_transport.cc(335)] V2Transport initialized.
04-09 15:30:32.893  3068  3068 I cast_shell: [3071:3121:INFO:v2_transport.cc(411)] Added socket factory: id=domain-socket@/tmp/cast-control
04-09 15:30:32.893  3068  3068 I cast_shell: [3071:3121:INFO:v2_transport.cc(411)] Added socket factory: id=opencast-socket
04-09 15:30:32.893  3068  3068 I cast_shell: [3071:3121:INFO:v2_transport.cc(458)] Added Cast V2 endpoint: id=receiver-4747421e-8aaf-df86-d000-3c3f4905e536, socket_factory_id=[PII](4747421e-8aaf-df86-d000-3c3f4905e536)
04-09 15:30:32.893  3068  3068 I cast_shell: [3071:3121:INFO:endpoint_with_namespace_handler.cc(103)] Added a namespace handler: local_id=receiver-4747421e-8aaf-df86-d000-3c3f4905e536, namespace=urn:x-cast:com.google.cast.receiver
04-09 15:30:32.893  3068  3068 I cast_shell: [3071:3121:INFO:endpoint_with_namespace_handler.cc(103)] Added a namespace handler: local_id=receiver-4747421e-8aaf-df86-d000-3c3f4905e536, namespace=urn:x-cast:com.google.cast.receiver.discovery
04-09 15:30:32.893  3068  3068 I cast_shell: [3071:3121:INFO:endpoint_with_namespace_handler.cc(103)] Added a namespace handler: local_id=receiver-4747421e-8aaf-df86-d000-3c3f4905e536, namespace=urn:x-cast:com.google.cast.receiver.debug
04-09 15:30:32.893  3068  3068 I cast_shell: [3071:3121:INFO:v2_transport.cc(411)] Added socket factory: id=4747421e-8aaf-df86-d000-3c3f4905e536
04-09 15:30:32.893  3068  3068 I cast_shell: [3071:3121:INFO:endpoint_with_namespace_handler.cc(103)] Added a namespace handler: local_id=receiver-4747421e-8aaf-df86-d000-3c3f4905e536, namespace=urn:x-cast:com.google.cast.receiver.key_exchange
04-09 15:30:32.893  3068  3068 I cast_shell: [3071:3120:INFO:discovered_service_client.cc(102)] Registering new service PTR listener: _googlerpc._tcp.local
04-09 15:30:32.893  3068  3068 I cast_shell: [3071:3121:INFO:endpoint_with_namespace_handler.cc(103)] Added a namespace handler: local_id=receiver-4747421e-8aaf-df86-d000-3c3f4905e536, namespace=urn:x-cast:com.google.cast.broadcast
04-09 15:30:32.893  3068  3068 I cast_shell: [3071:3121:INFO:endpoint_with_namespace_handler.cc(103)] Added a namespace handler: local_id=receiver-4747421e-8aaf-df86-d000-3c3f4905e536, namespace=urn:x-cast:com.google.cast.proximity
04-09 15:30:32.893  3068  3068 I cast_shell: [3071:3121:INFO:endpoint_with_namespace_handler.cc(103)] Added a namespace handler: local_id=receiver-4747421e-8aaf-df86-d000-3c3f4905e536, namespace=urn:x-cast:com.google.cast.resource
04-09 15:30:32.894  2733  2748 W HotspotManager: hotspot already stopped
04-09 15:30:32.894  3068  3068 I cast_shell: [3071:3084:INFO:hotspot_controller_netmgr.cc(134)] Hotspot socket initialized: /dev/socket/net_mgr
04-09 15:30:32.894  3068  3068 I cast_shell: [3071:3084:INFO:hotspot_manager.cc(103)] Stop zombie hotspot if there is one
04-09 15:30:32.899  3068  3068 I cast_shell: [3071:3071:INFO:setup_manager_impl.cc(610)] release channel: beta-channel
04-09 15:30:32.899  3068  3068 I cast_shell: [3071:3071:INFO:locale_manager.cc(245)] No timezone yet.
04-09 15:30:32.900  3068  3068 I cast_shell: [3071:3110:INFO:net_util_shlib_support.cc(51)] Wifi interface found: wlan0
04-09 15:30:32.900  3068  3068 I cast_shell: [3071:3110:INFO:net_util_shlib_support.cc(51)] Wifi interface found: p2p0
04-09 15:30:32.900  3068  3068 I cast_shell: [3071:3110:INFO:net_util_shlib_support.cc(51)] Wifi interface found: p2p1
04-09 15:30:32.900  3068  3068 I cast_shell: [3071:3110:INFO:net_util_shlib_support.cc(51)] Wifi interface found: wfd0
04-09 15:30:32.900  3068  3068 I cast_shell: [3071:3110:INFO:wifi_controller_wpa_supplicant.cc(456)] Wifi is active: wifi_netif=wlan0
04-09 15:30:32.900  3068  3068 I cast_shell: [3071:3110:INFO:wpa_ctrl_wrapper_impl.cc(64)] wpa_ctrl is open: path=/dev/socket/wpa_wlan0, is_monitor=0
04-09 15:30:32.900  3068  3068 I cast_shell: [3071:3110:INFO:wpa_ctrl_wrapper_impl.cc(64)] wpa_ctrl is open: path=/dev/socket/wpa_wlan0, is_monitor=1
04-09 15:30:32.901  3068  3068 I cast_shell: [3071:3110:INFO:wifi_controller_wpa_supplicant.cc(487)] After initialization: current_wifi_index_=0
04-09 15:30:32.901  3068  3068 I cast_shell: [3071:3071:INFO:locale_manager.cc(274)] Current time format: 12-hour
04-09 15:30:32.901  3068  3068 I cast_shell: [3071:3071:INFO:locale_manager.cc(295)] No locale. Set default from factory: en-00
04-09 15:30:32.902  3068  3068 I cast_shell: [3071:3110:INFO:setup_manager_impl.cc(732)] Initially set Google DNS servers: enable
04-09 15:30:32.902  3068  3068 I cast_shell: [3071:3122:INFO:thread_watching_io_shlib.cc(81)] Start thread watching IO: WifiEventMonitor
04-09 15:30:32.902  3068  3068 I cast_shell: [3071:3071:INFO:locale_manager.cc(329)] Use factory country code: 00
04-09 15:30:32.902  3068  3068 I cast_shell: [3071:3071:INFO:locale_manager.cc(639)] New country code: 00
04-09 15:30:32.903  3068  3068 I cast_shell: [3071:3110:INFO:setup_api_registry.cc(192)] Register external API: eureka_info
04-09 15:30:32.903  3068  3068 I cast_shell: [3071:3110:INFO:setup_api_registry.cc(192)] Register external API: set_eureka_info
04-09 15:30:32.903  3068  3068 I cast_shell: [3071:3071:INFO:setup_manager_impl.cc(645)] Initial activation date cached value: 
04-09 15:30:32.903  3068  3068 I cast_shell: [3071:3110:INFO:setup_api_registry.cc(192)] Register external API: set_network
04-09 15:30:32.903  3068  3068 I cast_shell: [3071:3071:INFO:hds_broker_impl.cc(121)] HDS type registered type.googleapis.com/google.internal.home.foyer.v1.resources.IsDeviceReadyRequest
04-09 15:30:32.903  3068  3068 I cast_shell: [3071:3110:INFO:setup_api_registry.cc(192)] Register external API: set_network_ssid
04-09 15:30:32.903  3068  3068 I cast_shell: [3071:3071:INFO:hds_broker_impl.cc(121)] HDS type registered type.googleapis.com/home.cloud.biz.EnterWeavePairingModeRequest
04-09 15:30:32.903  3068  3068 I cast_shell: [3071:3110:INFO:setup_api_registry.cc(192)] Register external API: get_app_device_id
04-09 15:30:32.903  3068  3068 I cast_shell: [3071:3071:INFO:multizone_manager.cc(371)] Using SSL for control data
04-09 15:30:32.903  3068  3068 I cast_shell: [3071:3110:INFO:setup_api_registry.cc(192)] Register external API: send_log_report
04-09 15:30:32.903  3068  3068 I cast_shell: [3071:3110:INFO:setup_api_registry.cc(192)] Register external API: accept_tos
04-09 15:30:32.904  3068  3068 I cast_shell: [3071:3110:INFO:setup_api_registry.cc(192)] Register external API: test_internet_download_speed
04-09 15:30:32.904  3068  3068 I cast_shell: [3071:3110:INFO:setup_api_registry.cc(192)] Register external API: test_udp_throughput
04-09 15:30:32.904  3068  3068 I cast_shell: [3071:3110:INFO:setup_api_registry.cc(192)] Register external API: debug/trigger_weave_pairing
04-09 15:30:32.904  3068  3068 I cast_shell: [3071:3071:WARNING:cast_crypto_keys_openssl_shlib.cc(70)] No valid ESN read.
04-09 15:30:32.904  3068  3068 I cast_shell: [3071:3110:INFO:setup_api_registry.cc(192)] Register external API: get_local_authorization_token
04-09 15:30:32.904  3068  3068 I cast_shell: [3071:3071:WARNING:cast_crypto_keys_openssl_shlib.cc(83)] Invalid or no DKE value read.
04-09 15:30:32.906  3068  3068 I cast_shell: [3071:3071:WARNING:cast_crypto_keys_openssl_shlib.cc(95)] Invalid or no DKH value read.
04-09 15:30:32.906  3068  3068 I cast_shell: [3071:3071:WARNING:cast_crypto_keys_openssl_shlib.cc(151)] Invalid or no DKW value read/computed.
04-09 15:30:32.906  3068  3068 I cast_shell: [3071:3123:INFO:multizone_manager.cc(539)] Dynamic groups are enabled
04-09 15:30:32.907  3068  3068 I cast_shell: [3071:3123:INFO:multizone_group.cc(357)] Change name for group [PII](9A13E47FA8377C08063DFE7F0DBF4CB4) to [PII](LSB1087)
04-09 15:30:32.907  3068  3068 I cast_shell: [3071:3121:INFO:endpoint_with_namespace_handler.cc(103)] Added a namespace handler: local_id=receiver-4747421e-8aaf-df86-d000-3c3f4905e536, namespace=urn:x-cast:com.google.cast.multizone
04-09 15:30:32.907  3068  3068 I cast_shell: [3071:3123:INFO:setup_api_registry.cc(192)] Register external API: multizone/aux_in
04-09 15:30:32.907  3068  3068 I cast_shell: [3071:3120:INFO:discovered_service_client.cc(102)] Registering new service PTR listener: _googlezone._tcp.local
04-09 15:30:32.907  3068  3068 I cast_shell: [3071:3123:INFO:setup_api_registry.cc(192)] Register external API: multizone/disband_group
04-09 15:30:32.907  3068  3068 I cast_shell: [3071:3123:INFO:setup_api_registry.cc(192)] Register external API: multizone/join_group
04-09 15:30:32.907  3068  3068 I cast_shell: [3071:3123:INFO:setup_api_registry.cc(192)] Register external API: multizone/leave_group
04-09 15:30:32.907  3068  3068 I cast_shell: [3071:3123:INFO:setup_api_registry.cc(192)] Register external API: multizone/set_audio_output_delay
04-09 15:30:32.910  2711  2711 I wpa_supplicant: wlan0: CTRL-EVENT-REGDOM-CHANGE init=CORE type=WORLD
04-09 15:30:32.913  2712  2724 I yani_server: NetLink Event '-1' Interface-Index '5' WLAN '-1' Ethernet '-1' Parsed-iFill '-1' -> 'INVALID' ifIndex '1' -> 'lo'
04-09 15:30:32.922  2712  2724 I yani_server: NetLink Event '-1' Interface-Index '5' WLAN '0' Ethernet '-1' Parsed-iFill '-1' -> 'INVALID' ifIndex '1' -> 'lo'
04-09 15:30:32.931  2736  2814 I bluetoothtbd: [0409/030032.931336:INFO:gatt_api.cc(1005)] GATT_Register
04-09 15:30:32.931  2736  2814 I bluetoothtbd: [0409/030032.931520:INFO:gatt_api.cc(1028)] allocated gatt_if=4
04-09 15:30:32.937  2736  2814 E bt_btif : register application first_unuse rcb_idx = 0
04-09 15:30:32.937  2736  2814 I bluetoothtbd: [0409/030032.937477:INFO:gatt_api.cc(1005)] GATT_Register
04-09 15:30:32.937  2736  2814 I bluetoothtbd: [0409/030032.937579:INFO:gatt_api.cc(1028)] allocated gatt_if=5
04-09 15:30:32.944  2736  2773 I bluetoothtbd: [0409/030032.944509:INFO:adapter.cc(551)] Adapter properties changed
04-09 15:30:32.944  2736  2773 I bluetoothtbd: [0409/030032.944761:INFO:adapter.cc(573)] Adapter name changed
04-09 15:30:32.945  2736  2814 I bluetoothtbd: [0409/030032.945074:INFO:gatt_api.cc(1005)] GATT_Register
04-09 15:30:32.945  2736  2814 I bluetoothtbd: [0409/030032.945222:INFO:gatt_api.cc(1028)] allocated gatt_if=6
04-09 15:30:32.945  3068  3068 I cast_shell: [3071:3121:INFO:endpoint_with_namespace_handler.cc(103)] Added a namespace handler: local_id=receiver-4747421e-8aaf-df86-d000-3c3f4905e536, namespace=urn:x-cast:com.google.cast.audio.input
04-09 15:30:32.945  3068  3068 I cast_shell: [3071:3071:INFO:input_manager_impl.cc(284)] RegisterInput: device_id: cast, type: 0, state: 0
04-09 15:30:32.946  2736  2773 I bluetoothtbd: [0409/030032.946144:INFO:adapter.cc(551)] Adapter properties changed
04-09 15:30:32.946  3068  3068 I cast_shell: [3071:3071:INFO:input_manager_impl.cc(308)] NotifyInputConnect: device_id: cast, sample_rate: 0, num_channels: 0
04-09 15:30:32.946  3068  3068 I cast_shell: [3071:3071:INFO:input_manager_impl.cc(370)] SetActiveInput: cast
04-09 15:30:32.947  3068  3068 I cast_shell: [3071:3071:INFO:bluetooth_setup.cc(690)] Disabling connectability.
04-09 15:30:32.947  3068  3068 I cast_shell: [3071:3071:INFO:input_manager_impl.cc(284)] RegisterInput: device_id: bluetooth, type: 1, state: 0
04-09 15:30:32.947  3068  3068 I cast_shell: [3071:3121:INFO:endpoint_with_namespace_handler.cc(103)] Added a namespace handler: local_id=receiver-4747421e-8aaf-df86-d000-3c3f4905e536, namespace=urn:x-cast:com.google.cast.assistant
04-09 15:30:32.949  2736  2773 I bluetoothtbd: [0409/030032.947998:INFO:adapter.cc(551)] Adapter properties changed
04-09 15:30:32.949  2736  2773 I bluetoothtbd: [0409/030032.949257:INFO:adapter.cc(551)] Adapter properties changed
04-09 15:30:32.949  2736  2773 E bluetoothtbd: [0409/030032.949346:ERROR:adapter.cc(608)] Invalid property length: 512
04-09 15:30:32.949  2736  2814 I bluetoothtbd: [0409/030032.949918:INFO:btif_ble_advertiser.cc(90)] RegisterAdvertiserCb status: 0 , adveriser_id: 0
04-09 15:30:32.950  3068  3068 I cast_shell: [3071:3121:INFO:endpoint_with_namespace_handler.cc(103)] Added a namespace handler: local_id=receiver-4747421e-8aaf-df86-d000-3c3f4905e536, namespace=urn:x-cast:com.google.cast.companionauth
04-09 15:30:32.950  3068  3068 I cast_shell: [3071:3121:INFO:endpoint_with_namespace_handler.cc(103)] Added a namespace handler: local_id=receiver-4747421e-8aaf-df86-d000-3c3f4905e536, namespace=urn:x-cast:com.google.cast.companion
04-09 15:30:32.950  3068  3068 I cast_shell: [3071:3121:INFO:endpoint_with_namespace_handler.cc(103)] Added a namespace handler: local_id=receiver-4747421e-8aaf-df86-d000-3c3f4905e536, namespace=urn:x-cast:com.google.cast.timesync
04-09 15:30:32.950  3068  3068 I cast_shell: [3071:3071:INFO:robot_account_auth_manager.cc(295)] No backend type specified. Getting COS URL based on the build type instead.
04-09 15:30:32.950  3068  3068 I cast_shell: [3071:3071:INFO:robot_account_auth_manager.cc(312)] Auth url: https://clients5.google.com/cast/orchestration/googleoauthtoken?rt=b
04-09 15:30:32.950  3068  3068 I cast_shell: [3071:3071:WARNING:robot_account_auth_manager.cc(463)] Failed to initialize JWT for 38579375
04-09 15:30:32.950  3068  3068 I cast_shell: [3071:3071:INFO:queryable_data_registrar.cc(52)] Registering queryable data for managed mode as: 0
04-09 15:30:32.951  3068  3068 I cast_shell: [3071:3110:INFO:setup_api_registry.cc(192)] Register external API: input/status
04-09 15:30:32.951  3068  3068 I cast_shell: [3071:3110:INFO:setup_api_registry.cc(192)] Register external API: input/set_active
04-09 15:30:32.951  3068  3068 I cast_shell: [3071:3071:INFO:grpc_manager_impl.cc(245)] Registered service chromecast.modular_update.ModularUpdateService
04-09 15:30:32.951  3068  3068 I cast_shell: [3071:3110:INFO:setup_api_registry.cc(192)] Register external API: input/debug_register
04-09 15:30:32.951  3068  3068 I cast_shell: [3071:3071:INFO:grpc_manager_impl.cc(262)] Registered a handler GetCastInfo for service chromecast.modular_update.ModularUpdateService
04-09 15:30:32.951  3068  3068 I cast_shell: [3071:3110:INFO:setup_api_registry.cc(192)] Register external API: input/debug_connect
04-09 15:30:32.951  3068  3068 I cast_shell: [3071:3071:INFO:grpc_manager_impl.cc(262)] Registered a handler SendHttpRequest for service chromecast.modular_update.ModularUpdateService
04-09 15:30:32.951  3068  3068 I cast_shell: [3071:3110:INFO:setup_api_registry.cc(192)] Register external API: input/debug_disconnect
04-09 15:30:32.951  3068  3068 I cast_shell: [3071:3071:INFO:grpc_manager_impl.cc(262)] Registered a handler SynchronousUpdateProgress for service chromecast.modular_update.ModularUpdateService
04-09 15:30:32.951  3068  3068 I cast_shell: [3071:3071:INFO:grpc_manager_impl.cc(262)] Registered a handler ReportInstalledManifestVersion for service chromecast.modular_update.ModularUpdateService
04-09 15:30:32.951  3068  3068 I cast_shell: [3071:3071:INFO:grpc_manager_impl.cc(262)] Registered a handler ReportMetricsEvent for service chromecast.modular_update.ModularUpdateService
04-09 15:30:32.951  3068  3068 I cast_shell: [3071:3071:INFO:grpc_manager_impl.cc(262)] Registered a handler StreamHttpRequest for service chromecast.modular_update.ModularUpdateService
04-09 15:30:32.951  3068  3068 I cast_shell: E0409 03:00:32.951473136    3071 server_chttp2.cc:40]        {"created":"@1649498432.951288427","description":"No address added out of total 1 resolved","file":"../../third_party/grpc/src/src/core/ext/transport/chttp2/server/chttp2_server.cc","file_line":397,"referenced_errors":[{"created":"@1649498432.951280969","description":"Unable to configure socket","fd":153,"file":"../../third_party/grpc/src/src/core/lib/iomgr/tcp_server_utils_posix_common.cc","file_line":216,"referenced_errors":[{"created":"@1649498432.951242219","description":"No such file or directory","errno":2,"file":"../../third_party/grpc/src/src/core/lib/iomgr/tcp_server_utils_posix_common.cc","file_line":189,"os_error":"No such file or directory","syscall":"bind"}]}]}
04-09 15:30:32.951  3068  3068 I cast_shell: [3071:3071:ERROR:grpc_manager_impl.cc(311)] Could not start Grpc server.
04-09 15:30:32.952  2736  2773 I bluetoothtbd: [0409/030032.952831:INFO:adapter.cc(551)] Adapter properties changed
04-09 15:30:32.953  3068  3068 I cast_shell: [3071:3088:ERROR:cast_media_shlib.cc(80)] snd_hctl_find_elem failed to find the rate offset element.
04-09 15:30:32.954  3068  3068 I cast_shell: [3071:3110:INFO:bluetooth_manager.cc(115)] Record action: Cast.Bluetooth.DiscoveryMode.Disable
04-09 15:30:32.954  3068  3068 I cast_shell: [3071:3110:INFO:setup_api_registry.cc(192)] Register external API: bluetooth/api
04-09 15:30:32.955  3068  3068 I cast_shell: [3071:3110:INFO:setup_api_registry.cc(192)] Register external API: bluetooth/bond
04-09 15:30:32.955  3068  3068 I cast_shell: [3071:3110:INFO:setup_api_registry.cc(192)] Register external API: bluetooth/connect
04-09 15:30:32.955  2736  2773 I bluetoothtbd: [0409/030032.954957:INFO:adapter.cc(551)] Adapter properties changed
04-09 15:30:32.955  3068  3068 I cast_shell: [3071:3110:INFO:setup_api_registry.cc(192)] Register external API: bluetooth/discovery
04-09 15:30:32.955  3068  3068 I cast_shell: [3071:3110:INFO:setup_api_registry.cc(192)] Register external API: bluetooth/get_bonded
04-09 15:30:32.955  3068  3068 I cast_shell: [3071:3110:INFO:setup_api_registry.cc(192)] Register external API: bluetooth/scan
04-09 15:30:32.955  3068  3068 I cast_shell: [3071:3110:INFO:setup_api_registry.cc(192)] Register external API: bluetooth/scan_results
04-09 15:30:32.955  3068  3068 I cast_shell: [3071:3110:INFO:setup_api_registry.cc(192)] Register external API: bluetooth/set_connectable
04-09 15:30:32.955  3068  3068 I cast_shell: [3071:3110:INFO:setup_api_registry.cc(192)] Register external API: bluetooth/status
04-09 15:30:32.959  3068  3068 I cast_shell: [3071:3084:INFO:crypto_manager.cc(75)] Creating private key: size=2048
04-09 15:30:32.959  3068  3068 I cast_shell: [3071:3121:ERROR:socket_posix.cc(148)] bind() failed: Address already in use (98)
04-09 15:30:32.959  3068  3068 I cast_shell: [3071:3121:INFO:v2_ssl_socket.cc(775)] IPv6 socket probably supports both IPv4 and IPv6
04-09 15:30:32.961  3068  3068 I cast_shell: [3071:3121:INFO:v2_unix_domain_socket_factory.cc(84)] Cast V2 Unix domain socket is listening: path=/tmp/cast-control
04-09 15:30:32.961  3068  3068 I cast_shell: [3071:3071:INFO:cast_receiver_impl.cc(828)] Cast receiver started.
04-09 15:30:32.961  3068  3068 I cast_shell: [3071:3071:WARNING:cast_receiver_impl.cc(1126)] Network is not globally connected. Don't schedule config downloading yet.
04-09 15:30:32.961  3068  3068 I cast_shell: [3071:3071:INFO:ccs_manager_impl.cc(663)] Starting cloud ipc activity with CCS
04-09 15:30:32.961  3068  3068 I cast_shell: [3071:3071:INFO:ccs_manager_impl.cc(1286)] CcsManagerImpl opt_in.cloud_ipc pref changed: 1
04-09 15:30:32.961  3068  3068 I cast_shell: [3071:3071:INFO:ccs_manager_impl.cc(1322)] Waiting for all transports to be enabled
04-09 15:30:32.961  3068  3068 I cast_shell: [3071:3071:INFO:ccs_transport_gcm.cc(94)] Deferring GCM registration until connectivity is up
04-09 15:30:32.974  3068  3068 I cast_shell: [3071:3133:INFO:external_mojo_broker.cc(405)] Initializing external mojo broker at: /tmp/cast_mojo_broker
04-09 15:30:32.978  3068  3068 I cast_shell: [3071:3078:ERROR:cast_audio_input_json.cc(33)] Failed to read JSON file: /etc/cast_audio_input.json
04-09 15:30:32.978  3068  3068 I cast_shell: [3071:3078:ERROR:channel_selector_reader.cc(44)] Failed to read audio input json
04-09 15:30:32.978  3068  3068 I cast_shell: [3071:3078:INFO:auto_volume.cc(107)] Auto volume is disabled
04-09 15:30:32.983  3068  3068 I cast_shell: [3071:3071:INFO:audio_focus_manager_impl.cc(27)] use_media_starting_block: 0
04-09 15:30:32.984  3068  3068 I cast_shell: [3071:3071:INFO:grpc_auth_manager_in_process.cc(135)] Initializing Auth.
04-09 15:30:32.985  3068  3068 I cast_shell: [3071:3071:INFO:grpc_manager_impl.cc(505)] GRPC[uri=[::]:8012]: num_pending_calls=0, num_active_handlers=0, num_free_handlers=0
04-09 15:30:32.988  3068  3068 I cast_shell: [3071:3071:INFO:grpc_manager_impl.cc(317)] Grpc server started in port 8012
04-09 15:30:32.988  3068  3068 I cast_shell: [3071:3071:INFO:ccs_manager_impl.cc(851)] Network connectivity down for CcsManager
04-09 15:30:32.989  3068  3068 I cast_shell: [3071:3120:INFO:mdns_app_filter.cc(1605)] Re-probing due to newly registered service '1': _googlerpc
04-09 15:30:32.993  3068  3068 I cast_shell: [3071:3091:INFO:cast_auth_api_adaptor.cc(82)] CastAuth: init with library: libcast_auth.so
04-09 15:30:32.993  3068  3068 I cast_shell: [3071:3110:INFO:ble_setup.cc(789)] Missing required info for sign.
04-09 15:30:32.993  3068  3068 I cast_shell: [3071:3071:INFO:mdns_manager_impl.cc(468)] Setting new conflict callback
04-09 15:30:32.993  3068  3068 I cast_shell: [3071:3071:INFO:mdns_util.cc(102)] Defaulting mDNS capabilities for audio-only build
04-09 15:30:32.993  3068  3068 I cast_shell: [3071:3091:INFO:cast_auth_api_adaptor.cc(93)] CastAuth: common module initialization successful.
04-09 15:30:32.993  3068  3068 I cast_shell: [3071:3071:INFO:virtual_device_manager.cc(247)] Virtual device [PII](4747421e-8aaf-df86-d000-3c3f4905e536) using Cast V2 port 8009
04-09 15:30:32.993  3068  3068 I cast_shell: [3071:3091:INFO:cast_auth_api_adaptor.cc(98)] CastAuth: model-based module initialization successful.
04-09 15:30:32.993  3068  3068 I cast_shell: [3071:3120:INFO:mdns_app_filter.cc(1605)] Re-probing due to newly registered service '2': _googlecast
04-09 15:30:32.993  3068  3068 I cast_shell: [3071:3071:INFO:ccs_manager_impl.cc(1322)] Waiting for all transports to be enabled
04-09 15:30:32.993  3068  3068 I cast_shell: [3071:3120:INFO:mdns_util.cc(102)] Defaulting mDNS capabilities for audio-only build
04-09 15:30:32.993  3068  3068 I cast_shell: [3071:3071:INFO:bluetooth_setup.cc(690)] Disabling connectability.
04-09 15:30:33.005  3068  3068 I cast_shell: [3071:3120:INFO:mdns_util.cc(102)] Defaulting mDNS capabilities for audio-only build
04-09 15:30:33.006  3068  3068 I cast_shell: [3071:3071:INFO:mdns_manager_impl.cc(311)] Successfully registered service: type=_googlerpc
04-09 15:30:33.006  3068  3068 I cast_shell: [3071:3071:INFO:mdns_manager_impl.cc(311)] Successfully registered service: type=_googlecast
04-09 15:30:33.006  3068  3068 I cast_shell: [3071:3071:INFO:virtual_device.cc(254)] Registered mDNS service for virtual device: id=4747421e-8aaf-df86-d000-3c3f4905e536
04-09 15:30:33.039  3068  3068 I cast_shell: [3071:3071:INFO:secure_storage_impl.cc(107)] Secure storage initialized.
04-09 15:30:33.039  3068  3068 I cast_shell: [3071:3071:INFO:ccs_manager_impl.cc(851)] Network connectivity down for CcsManager
04-09 15:30:33.121  2965  2976 D wac-main: Netlink event
04-09 15:30:33.122  2965  2976 E wac-main: Netlink event 16 Interface Index 6 
04-09 15:30:33.122  2965  2976 E wac-main: p2p0 event Link Changed : 1002 
04-09 15:30:33.122  2965  2976 E wac-main: Enter poll and wait
04-09 15:30:33.122  2712  2724 I yani_kernel: yani_geteventfrom_changeaddr() Message-Id '1' Netlink event '16' Interface Index '6' -> Name 'p2p0' 
04-09 15:30:33.131  3068  3068 I cast_shell: [system_updater_dummy.cpp(79)] Initialize
04-09 15:30:33.133  2733  2748 I HotspotManager: setSSID <SSID omitted> visible
04-09 15:30:33.133  3068  3068 I cast_shell: [system_updater_dummy.cpp(29)] system_updater_socket_create
04-09 15:30:33.133  3068  3068 I cast_shell: [3071:3078:WARNING:crl_downloader.cc(136)] CRL failed to restore.
04-09 15:30:33.133  3068  3068 I cast_shell: [3071:3071:INFO:device_info_impl.cc(1094)] Primary netif changed: new=usb0, old=
04-09 15:30:33.133  3068  3068 I cast_shell: [3071:3071:INFO:device_info_impl.cc(1103)] Primary IP address changed: netif=usb0, new=192.168.10.1, old=
04-09 15:30:33.134  2733  2748 E WifiUtil: command: "SCAN" failed: FAIL-BUSY
04-09 15:30:33.135  2733  2748 I HotspotManager: hotspot start
04-09 15:30:33.136  3068  3068 I cast_shell: [3071:3071:INFO:cast_receiver_impl.cc(1612)] mDNS Discovery stopped.
04-09 15:30:33.136  3068  3068 I cast_shell: [3071:3120:INFO:mdns_app_filter.cc(1702)] MdnsAppFilter is stopping
04-09 15:30:33.136  3068  3068 I cast_shell: [3071:3120:INFO:metrics_recorder.cc(282)] cast event: Cast.Discovery.Mdns.ResponderStopped
04-09 15:30:33.136  3068  3068 I cast_shell: [3071:3120:INFO:mdns_app_filter.cc(1709)] MdnsAppFilter is stopping; closing socket: address=192.168.2.1
04-09 15:30:33.136  3068  3068 I cast_shell: [3071:3120:INFO:metrics_recorder.cc(282)] cast event: Cast.Discovery.Mdns.SocketDestroyed
04-09 15:30:33.136  3068  3068 I cast_shell: [3071:3120:INFO:mdns_app_filter.cc(1709)] MdnsAppFilter is stopping; closing socket: address=192.168.10.1
04-09 15:30:33.136  3068  3068 I cast_shell: [3071:3120:INFO:metrics_recorder.cc(282)] cast event: Cast.Discovery.Mdns.SocketDestroyed
04-09 15:30:33.136  3068  3068 I cast_shell: [3071:3110:INFO:setup_state.cc(261)] Setup state changed: SETUP_STATE_UNKNOWN (0) -> SETUP_STATE_CHECKING_GLOBAL_CONNECTIVITY (50)
04-09 15:30:33.140  2733  2748 E WifiUtil: Setting interface p2p0 up.
04-09 15:30:33.140  2733  2748 E WifiUtil: ioctl SIOCGIWFREQ fails for wlan0 Bad address
04-09 15:30:33.141  2965  2976 D wac-main: Netlink event
04-09 15:30:33.144  3068  3068 I cast_shell: [3071:3071:INFO:cast_receiver_impl.cc(1667)] Network is globally disconnected. Refresh CcsManager
04-09 15:30:33.144  3068  3068 I cast_shell: [3071:3071:INFO:iot_auth_manager_wrapper.cc(307)] Network provider informed of disconnected network status.
04-09 15:30:33.169  2972  2996 I otamanager: OTAManager connected to CastUpdater via  /tmp/socket/system_updater
04-09 15:30:33.169  2972  2996 I otamanager: cast_updater_threadEntry socket handle 5
04-09 15:30:33.398  2966  3037 I LibreCastControl: LibreCastControl_init() Socket Initialized
04-09 15:30:33.407  2966  3037 E LibreCastControl: PULSAR:CreateCastControlThread:18
04-09 15:30:33.407  2966  3037 E LibreCastControl: Create LibreCastLUCITimerThreadInit 
04-09 15:30:33.407  2966  3145 E LibreCastControl: PULSAR:Run:23
04-09 15:30:33.409  2966  3146 E LibreCastControl: Timer Sem Wait Start iCastPlayerstate = 0 
04-09 15:30:33.423  2692  2692 I sh      : [0409/030033.422478:INFO:cast_control_impl.cc(744)] CastControl has started running.
04-09 15:30:33.423  2692  2692 I sh      : [0409/030033.423441:INFO:cast_control_impl.cc(745)] Attempting to connect CastMessageService. socket=/tmp/cast-control
04-09 15:30:33.426  2966  3145 I LibreCastControlDelegate: OnCastStatus() +++ :0xab5ff198:STARTING
04-09 15:30:33.426  2692  2692 I sh      : [0409/030033.426444:INFO:cast_control_socket.cc(64)] Successfully connected Cast Control Socket
04-09 15:30:33.426  2966  3145 E LibreCastControlDelegate: OnCastStatus:177
04-09 15:30:33.428  2966  3145 I LibreCastControl: LibreCastControl_SetCastName()  name 'Lyric Speaker Box 21f384' RequestId '1' pCastControl 0xf5000728
04-09 15:30:33.428  2966  3145 I LibreCastControlDelegate: Active Applications -> 0
