04-09 17:06:52.045  3078  3078 I cast_shell: [3081:3081:INFO:gcm_manager.cc(233)] GCM connection established.
04-09 17:06:52.046  3078  3078 I cast_shell: [3081:3282:INFO:crl_downloader.cc(155)] CRL processed.
04-09 17:06:52.047  3078  3078 I cast_shell: [3081:3282:INFO:metrics_recorder.cc(282)] cast event: Cast.CRL.DownloadSuccess
04-09 17:06:52.048  2959  2970 I otamanager: OTA: bytesDownloaded = 187 m_iHttpStatusCode = 200 
04-09 17:06:52.050  3078  3078 I cast_shell: [3081:3282:INFO:client_auth_signer.cc(211)] Cast certificate verification: CastCertError::OK
04-09 17:06:52.050  3078  3078 I cast_shell: [3081:3282:INFO:metrics_recorder.cc(282)] cast event: Cast.Auth.OK
04-09 17:06:52.054  2693  2693 I sh      : {
04-09 17:06:52.054  2959  2970 E otamanager: OTA:error string =  No update available
04-09 17:06:52.054  2693  2693 I sh      : 	"castVersion" : null,
04-09 17:06:52.054  2693  2693 I sh      : 	"crc" : null,
04-09 17:06:52.054  2693  2693 I sh      : 	"errorCode" : 1001,
04-09 17:06:52.054  2693  2693 I sh      : 	"errorString" : "No update available",
04-09 17:06:52.054  2693  2693 I sh      : 	"forceUpgrade" : true,
04-09 17:06:52.054  2693  2693 I sh      : 	"mcuOnlyUpdate" : false,
04-09 17:06:52.054  2693  2693 I sh      : 	"otapackage" : null,
04-09 17:06:52.054  2693  2693 I sh      : 	"url" : null,
04-09 17:06:52.054  2693  2693 I sh      : 	"version" : null
04-09 17:06:52.055  3078  3078 I cast_shell: [3081:3144:INFO:update_engine_client_with_system_updater.cc(226)] No system force update, error_code=0
04-09 17:06:52.055  3078  3078 I cast_shell: [3081:3144:INFO:update_engine_client_with_system_updater.cc(167)] Checking system force update.
04-09 17:06:52.055  3078  3078 I cast_shell: [system_updater_dummy.cpp(109)] CheckUpdate
04-09 17:06:52.062  2959  2970 I otamanager: cast_updater_threadEntry() Response 'CheckUpdate' Current Firmware Update state 'Idle'
04-09 17:06:52.062  2959  2970 I otamanager: checkUpdate_l
04-09 17:06:52.062  2959  2970 I otamanager: Firmware Update State Change from Idle to CheckUpdate
04-09 17:06:52.062  3078  3078 I cast_shell: [system_updater_dummy.cpp(148)] CheckUpdate 148 return
04-09 17:06:52.062  3078  3078 I chatty  : uid=1000(chrome) /bin/logwrapper identical 1 line
04-09 17:06:52.062  3078  3078 I cast_shell: [system_updater_dummy.cpp(148)] CheckUpdate 148 return
04-09 17:06:52.062  2714  2721 I lucitransport: readRemoteMessage() MID char = 232 buffer = TRUE
04-09 17:06:52.063  2959  2970 E otamanager: lo not valid Interface for MAC ID
04-09 17:06:52.063  2959  2970 D otamanager: OTA: wlan IP = 192.168.1.145
04-09 17:06:52.063  2959  2970 I otamanager: OTA:checkIP mac = cc909321f384  IP = 192.168.1.145 
04-09 17:06:52.064  2959  2970 I otamanager: DownloadHttpContent firmware version = eng.C4A.1203
04-09 17:06:52.070  2714  2721 I lucitransport: readRemoteMessage() MID char = 6 buffer = 1001
04-09 17:06:52.070  2714  2714 I lucitransport: readRemoteMessage() MID char = 7 buffer = 1.52.272222
04-09 17:06:52.070  2959  2970 I otamanager: OTA: DownloadHttpContent :payload =  {"device":{"brand":"COTODAMA","castVersion":"1.52.272222","deviceId":"cc909321f384","deviceType":"LS10_C4A","fwVersion":"1203","googleCast":true,"mcuVersion":"1001","model":"LSB"}}
04-09 17:06:52.070  2959  2970 I otamanager:  
04-09 17:06:52.071  2959  2970 I otamanager: OTA:------curlDownloadFirmwareXml---
04-09 17:06:52.071  2959  2970 I otamanager: OTA:isValidIpAddress: result 0
04-09 17:06:52.377  3078  3078 I cast_shell: [3081:3081:INFO:grpc_service_discovery_impl.cc(185)] Mdns discovered google RPC for [PII](A0E15A7B682857592FB3ADAE6E95DDD7).
04-09 17:06:52.434  2959  2970 I otamanager: OTA:ResolveDNSName IP = 34.227.250.11
04-09 17:06:52.434  2959  2970 I otamanager: OTA:hostIp string: https://34.227.250.11/v1
04-09 17:06:52.434  2959  2970 I otamanager: OTA: trying after 2 sec 
04-09 17:06:52.458  3078  3078 I cast_shell: [3081:3081:INFO:config_downloader.cc(700)] Received Protobuf config response
04-09 17:06:52.481  3078  3078 I cast_shell: [3081:3081:INFO:application_manager_impl.cc(2024)] max_background_apps changed to: 1
04-09 17:06:52.481  3078  3078 I cast_shell: [3081:3081:ERROR:modular_update_manager_impl.cc(382)] No modular updater app ID can be found in device config.
04-09 17:06:52.491  3078  3078 I cast_shell: [3081:3081:INFO:ccs_settings.cc(262)] CcsSettings using CCS url https://clients5.google.com/cast/cloudcast/
04-09 17:06:52.506  3078  3078 I cast_shell: [3081:3120:INFO:metrics_recorder.cc(282)] Record action: Setup.state.BLE
04-09 17:06:52.515  3078  3078 I cast_shell: [3081:3081:INFO:application_config_manager_impl.cc(528)] Setting default remote control app ID: 1374D8AA
04-09 17:06:52.515  3078  3078 I cast_shell: [3081:3081:INFO:application_identification_settings.cc(410)] new ApplicationIdentificationSettings session_id: 6547ea7d-86f8-492a-b31b-08b5509e3ae9 app_id: 38579375 flags: 7 headers: 512
04-09 17:06:52.515  3078  3078 I cast_shell: [3081:3081:WARNING:ccs_manager_impl.cc(1566)] Device does not have a weave device id
04-09 17:06:52.515  3078  3078 I cast_shell: [3081:3081:INFO:mdns_util.cc(102)] Defaulting mDNS capabilities for audio-only build
04-09 17:06:52.515  3078  3078 I cast_shell: [3081:3081:INFO:mdns_util.cc(102)] Defaulting mDNS capabilities for audio-only build
04-09 17:06:52.515  3078  3078 I cast_shell: [3081:3081:INFO:ccs_transport_https.cc(1203)] No cloud settings for register request
04-09 17:06:52.523  3078  3078 I cast_shell: [3081:3081:INFO:ccs_manager_impl.cc(1496)] Registering device with CCS: message_id = 2fab9ff5-3187-43e1-b1d3-29d722f519f7
04-09 17:06:52.523  3078  3078 I cast_shell: [3081:3081:INFO:ccs_manager_impl.cc(1497)] [PII] device_id = A0E15A7B682857592FB3ADAE6E95DDD7
04-09 17:06:52.523  3078  3078 I cast_shell: [3081:3081:INFO:application_identification_settings.cc(410)] new ApplicationIdentificationSettings session_id: 48379f39-9a6c-4019-abe5-b390103b054a app_id: 38579375 flags: 7 headers: 512
04-09 17:06:52.523  3078  3078 I cast_shell: [3081:3081:INFO:robot_account_auth_manager.cc(470)] Successfully initialized JWT for 38579375
04-09 17:06:52.523  3078  3078 I cast_shell: [3081:3081:INFO:config_downloader.cc(900)] Clearing local config cache
04-09 17:06:52.523  3078  3078 I cast_shell: [3081:3081:INFO:metrics_recorder.cc(282)] Record action: Cast.DCS.DownloadSuccess
04-09 17:06:52.523  3078  3078 I cast_shell: [3081:3081:INFO:key_exchange_namespace_handler.cc(178)] Changing key_exchange_support capability
04-09 17:06:52.525  2953  3156 I LibreCastControlDelegate: OnCastStatus() +++ AAA speaker:0xac793198:NOT_SETUP
04-09 17:06:52.525  2953  3156 I LibreCastControlDelegate: Device Build Number -> '1.52.272222'
04-09 17:06:52.525  2953  3156 I librecast: updateCastBuildVersion() Version 1.52.272222
04-09 17:06:52.525  2714  2714 I lucitransport: readRemoteMessage() MID char = 7 buffer = 1.52.272222
04-09 17:06:52.525  2953  3156 I LibreCastControlDelegate: Active Applications -> 0
04-09 17:06:52.525  2953  3156 I LibreCastControlDelegate: Current Cast State '2' -> 'NOT_SETUP'
04-09 17:06:52.525  2953  3156 I LibreCastControlDelegate: OnCastStatus() ---
04-09 17:06:52.528  3078  3078 I cast_shell: [3081:3081:INFO:mdns_util.cc(102)] Defaulting mDNS capabilities for audio-only build
04-09 17:06:52.528  3078  3078 I cast_shell: [3081:3081:INFO:chromecast_service.cc(2229)] AoGH feature is: 0
04-09 17:06:52.528  3078  3078 I cast_shell: [3081:3081:INFO:chromecast_service.cc(2189)] Geolocation changed to: 0
04-09 17:06:52.528  3078  3078 I cast_shell: [3081:3130:INFO:mdns_util.cc(102)] Defaulting mDNS capabilities for audio-only build
04-09 17:06:52.528  3078  3078 I cast_shell: [3081:3081:INFO:lycra_transport.cc(301)] Feature flag changed: false
04-09 17:06:52.528  3078  3078 I cast_shell: [3081:3081:INFO:chromecast_service.cc(2248)] Playback disruption feature is: 1
04-09 17:06:52.528  3078  3078 I cast_shell: [3081:3081:INFO:playback_disruption_service.cc(328)] Playback disruption service enabled and running
04-09 17:06:52.528  3078  3078 I cast_shell: [3081:3081:INFO:ccs_manager_impl.cc(864)] Re-registering single CCS device
04-09 17:06:52.528  3078  3078 I cast_shell: [3081:3081:WARNING:ccs_manager_impl.cc(1566)] Device does not have a weave device id
04-09 17:06:52.528  3078  3078 I cast_shell: [3081:3081:INFO:mdns_util.cc(102)] Defaulting mDNS capabilities for audio-only build
04-09 17:06:52.528  3078  3078 I cast_shell: [3081:3081:INFO:mdns_util.cc(102)] Defaulting mDNS capabilities for audio-only build
04-09 17:06:52.529  3078  3078 I cast_shell: [3081:3081:INFO:ccs_transport_https.cc(1203)] No cloud settings for register request
04-09 17:06:52.529  3078  3078 I cast_shell: [3081:3081:INFO:application_identification_settings.cc(1120)] CreateJwt in progress; storing callback.
04-09 17:06:52.529  3078  3078 I cast_shell: [3081:3081:INFO:ccs_manager_impl.cc(1496)] Registering device with CCS: message_id = 3b65b1c2-dfba-4cb7-acac-dfc10c687aa4
04-09 17:06:52.529  3078  3078 I cast_shell: [3081:3081:INFO:ccs_manager_impl.cc(1497)] [PII] device_id = A0E15A7B682857592FB3ADAE6E95DDD7
04-09 17:06:52.557  3078  3078 I cast_shell: [3081:3081:INFO:metrics_recorder.cc(282)] cast event: Cloud.Transport.Https.Register.Out
04-09 17:06:52.559  3078  3078 I cast_shell: [3081:3081:INFO:application_identification_settings.cc(1331)] CreateJwt completed; running all done signing callbacks.
04-09 17:06:52.559  3078  3078 I cast_shell: [3081:3081:INFO:robot_account_auth_manager.cc(496)] JWT expiry in 3600 seconds
04-09 17:06:52.559  3078  3078 I cast_shell: [3081:3081:INFO:robot_account_auth_manager.cc(384)] Sending oauth request for client_id: 0
04-09 17:06:52.559  3078  3078 I cast_shell: [3081:3081:INFO:metrics_recorder.cc(282)] cast event: Cast.Assistant.Auth.FetchToken
04-09 17:06:52.559  3078  3078 I cast_shell: [3081:3081:INFO:metrics_recorder.cc(282)] cast event: Cloud.Transport.Https.Register.Out
04-09 17:06:52.559  3078  3078 I cast_shell: [3081:3282:INFO:chromium_http_connection.cc(436)] Creating a new chromium http url loader factory
04-09 17:06:53.083  3078  3078 I cast_shell: [system_updater_dummy.cpp(139)] CheckUpdate 139
04-09 17:06:53.083  3078  3078 I cast_shell: [system_updater_dummy.cpp(148)] CheckUpdate 148 return
04-09 17:06:53.244  3078  3078 I cast_shell: [3081:3081:INFO:robot_account_auth_manager.cc(525)] Got CAS response: 200
04-09 17:06:53.244  3078  3078 I cast_shell: [3081:3081:INFO:metrics_recorder.cc(282)] cast event: Cast.Assistant.AuthError.NOT_LINKED
04-09 17:06:53.244  3078  3078 I cast_shell: [3081:3081:INFO:robot_account_auth_manager.cc(776)] Current error: TOKEN_NOT_FETCHED, new error: NOT_LINKED
04-09 17:06:53.244  3078  3078 I cast_shell: [3081:3081:INFO:user_auth_impl.cc(207)] Notified all the observers of new auth tokens.
04-09 17:06:53.431  2713  2725 I yani_server: NetLink Event '-1' Interface-Index '5' WLAN '0' Ethernet '-1' Parsed-iFill '-1' -> 'INVALID' ifIndex '1' -> 'lo'
04-09 17:06:53.432  2713  2725 I yani_server: NetLink Event '-1' Interface-Index '5' WLAN '0' Ethernet '-1' Parsed-iFill '-1' -> 'INVALID' ifIndex '1' -> 'lo'
04-09 17:06:53.433  2952  2962 D wac-main: Netlink event
04-09 17:06:53.433  2952  2962 E wac-main: Netlink event 16 Interface Index 5 
04-09 17:06:53.433  2952  2962 E wac-main: Enter poll and wait
04-09 17:06:53.433  2952  2962 D wac-main: Netlink event
04-09 17:06:53.433  2952  2962 E wac-main: Netlink event 16 Interface Index 5 
04-09 17:06:53.433  2952  2962 E wac-main: Enter poll and wait
04-09 17:06:53.436  2713  2725 I yani_server: NetLink Event '-1' Interface-Index '5' WLAN '0' Ethernet '-1' Parsed-iFill '-1' -> 'INVALID' ifIndex '1' -> 'lo'
04-09 17:06:53.439  2713  2725 I chatty  : uid=0(root) YaniServer identical 5 lines
04-09 17:06:53.440  2713  2725 I yani_server: NetLink Event '-1' Interface-Index '5' WLAN '0' Ethernet '-1' Parsed-iFill '-1' -> 'INVALID' ifIndex '1' -> 'lo'
04-09 17:06:53.440  2713  2725 I yani_kernel: yani_geteventfrom_changeaddr() Message-Id '1' Netlink event '16' Interface Index '5' -> Name 'wlan0' 
04-09 17:06:53.441  2713  2725 I yani_kernel: yani_geteventfrom_changeaddr() Message-Id '1' Netlink event '16' Interface Index '5' -> Name 'wlan0' 
04-09 17:06:53.442  2953  3156 I LibreCastControlDelegate: OnCastStatus() +++ AAA speaker:0xac793198:NOT_SETUP
04-09 17:06:53.443  2953  3156 I LibreCastControlDelegate: Device Build Number -> '1.52.272222'
04-09 17:06:53.443  2953  3156 I librecast: updateCastBuildVersion() Version 1.52.272222
04-09 17:06:53.443  2714  2714 I lucitransport: readRemoteMessage() MID char = 7 buffer = 1.52.272222
04-09 17:06:53.443  2953  3156 I LibreCastControlDelegate: Active Applications -> 0
04-09 17:06:53.443  2953  3156 I LibreCastControlDelegate: Current Cast State '2' -> 'NOT_SETUP'
04-09 17:06:53.443  2953  3156 I LibreCastControlDelegate: OnCastStatus() ---
04-09 17:06:53.541  3078  3078 I cast_shell: [3081:3120:INFO:metrics_recorder.cc(282)] Record action: Setup.state.BLE
04-09 17:06:54.107  3078  3078 I cast_shell: [system_updater_dummy.cpp(139)] CheckUpdate 139
04-09 17:06:54.107  3078  3078 I cast_shell: [system_updater_dummy.cpp(148)] CheckUpdate 148 return
04-09 17:06:54.221  2959  2970 I otamanager: OTA:curl response code : 0	
04-09 17:06:54.221  2959  2970 I otamanager: http status code : 200
04-09 17:06:54.221  2959  2970 I otamanager: OTA: contentLen :187.000000
04-09 17:06:54.230  2959  2970 I otamanager: OTA: bytesDownloaded = 187 m_iHttpStatusCode = 200 
04-09 17:06:54.231  2693  2693 I sh      : }{
04-09 17:06:54.231  2693  2693 I sh      : 	"castVersion" : null,
04-09 17:06:54.231  2959  2970 E otamanager: OTA:error string =  No update available
04-09 17:06:54.231  2693  2693 I sh      : 	"crc" : null,
04-09 17:06:54.231  2693  2693 I sh      : 	"errorCode" : 1001,
04-09 17:06:54.231  2693  2693 I sh      : 	"errorString" : "No update available",
04-09 17:06:54.231  2693  2693 I sh      : 	"forceUpgrade" : true,
04-09 17:06:54.231  2693  2693 I sh      : 	"mcuOnlyUpdate" : false,
04-09 17:06:54.231  2714  2714 I lucitransport: writeRemoteMessage() MID = 223 buffer = NO_UPDATE
04-09 17:06:54.231  2714  2714 I luciUART: write() MID = 223  bytes = 19 data = NO_UPDATE m_fd = 0x5
04-09 17:06:54.231  2959  2970 I otamanager: Firmware Update State Change from CheckUpdate to Idle
04-09 17:06:54.233  3078  3078 I cast_shell: [system_updater_dummy.cpp(132)] CheckUpdate 132 no new version
04-09 17:06:54.233  3078  3078 I cast_shell: [3081:3144:INFO:update_engine_client_with_system_updater.cc(226)] No system force update, error_code=0
04-09 17:06:54.237  3078  3078 I cast_shell: [3081:3120:INFO:setup_state.cc(261)] Setup state changed: SETUP_STATE_CONNECTED_WIFI_NOT_SAVED (61) -> SETUP_STATE_CONNECTED (60)
04-09 17:06:54.237  3078  3078 I cast_shell: [3081:3120:INFO:setup_manager_impl.cc(1019)] Setup discoverability is disabled
04-09 17:06:54.237  3078  3078 I cast_shell: [3081:3120:INFO:ble_setup_manager.cc(758)] Clearing setup read attributes
04-09 17:06:54.237  3078  3078 I cast_shell: [3081:3120:INFO:gatt_client_manager_impl.cc(202)] Enabling GATT client connectability
04-09 17:06:54.237  3078  3078 I cast_shell: [3081:3120:INFO:ble_setup_manager.cc(620)] Stopped Bluetooth service
04-09 17:06:54.237  3078  3078 I cast_shell: [3081:3120:INFO:ble_setup.cc(423)] BLE setup stopped.
04-09 17:06:48.318  2734  2746 I chatty  : uid=0(root) /bin/net_mgr identical 1 line
04-09 17:06:48.324  2734  2746 I NetworkMonitor: turn off power-save
04-09 17:06:54.237  2734  2746 I HotspotManager: hotspot stop
04-09 17:06:54.238  2734  2746 I HotspotManager: stop dnsmasq
04-09 17:06:54.238  3160  3160 I dnsmasq : exiting on receipt of SIGTERM
04-09 17:06:54.253  3078  3078 I cast_shell: [3081:3081:INFO:application_config_manager_impl.cc(566)] Enabling virtual device 6ab777e2-6437-9030-345a-6a334ace5f09
04-09 17:06:54.255  2953  3156 I LibreCastControlDelegate: OnCastStatus() +++ AAA speaker:0xac793198:READY_TO_CAST
04-09 17:06:54.256  3078  3078 I cast_shell: [3081:3130:INFO:mdns_cast_service.cc(351)] Device discovery state is idle
04-09 17:06:54.256  3078  3078 I cast_shell: [3081:3081:INFO:ble_discovery_controller.cc(121)] Starting BLE discovery
04-09 17:06:54.256  3078  3078 I cast_shell: [3081:3130:INFO:mdns_util.cc(102)] Defaulting mDNS capabilities for audio-only build
04-09 17:06:54.256  3078  3078 I cast_shell: [3081:3120:INFO:gatt_client_manager_impl.cc(202)] Enabling GATT client connectability
04-09 17:06:54.256  3078  3078 I chatty  : uid=1000(chrome) /bin/logwrapper identical 1 line
04-09 17:06:54.256  3078  3078 I cast_shell: [3081:3120:INFO:gatt_client_manager_impl.cc(202)] Enabling GATT client connectability
04-09 17:06:54.256  3078  3078 I cast_shell: [3081:3120:INFO:ble_setup_manager.cc(744)] Started Bluetooth service
04-09 17:06:54.256  2953  3156 I LibreCastControlDelegate: Cast Device Name -> 'AAA speaker'
04-09 17:06:54.264  2714  2714 I lucitransport: readRemoteMessage() MID char = 7 buffer = 1.52.272222
04-09 17:06:54.264  2953  3156 I LibreCastControlDelegate: Active Applications -> 0
04-09 17:06:54.264  2953  3156 I LibreCastControlDelegate: Current Cast State '6' -> 'READY_TO_CAST'
04-09 17:06:54.264  2953  3156 I LibreCastControlDelegate: OnCastStatus() ---
04-09 17:06:54.266  2953  3156 I LibreCastControlDelegate: OnResponse() ReqeustID 6, error  0
04-09 17:06:54.268  2735  2761 I bluetoothtbd: [0409/043654.268379:INFO:adapter.cc(551)] Adapter properties changed
04-09 17:06:54.268  2735  2761 I bluetoothtbd: [0409/043654.268625:INFO:adapter.cc(573)] Adapter name changed
04-09 17:06:54.269  3078  3078 I cast_shell: [3081:3120:INFO:bluetooth_manager.cc(1232)] [PII] Set device name to 'AAA speaker'
04-09 17:06:54.278  3078  3078 I cast_shell: [3081:3081:INFO:device_info_impl.cc(1133)] SSDP Config ID is increased: id=6
04-09 17:06:54.279  2953  3156 I LibreCastControlDelegate: OnCastStatus() +++ AAA speaker:0xac793198:READY_TO_CAST
04-09 17:06:54.280  3078  3078 I cast_shell: [3081:3081:INFO:ccs_manager_impl.cc(1842)] Postponing device name update while registering
04-09 17:06:54.280  3078  3078 I cast_shell: [3081:3130:INFO:mdns_util.cc(102)] Defaulting mDNS capabilities for audio-only build
04-09 17:06:54.280  3078  3078 I cast_shell: [3081:3081:INFO:mdns_manager_impl.cc(429)] Successfully updated service: type=_googlecast
04-09 17:06:54.280  3078  3078 I cast_shell: [3081:3081:INFO:virtual_device.cc(296)] Updated mDNS service for virtual device: id=6ab777e2-6437-9030-345a-6a334ace5f09
04-09 17:06:54.281  2953  3156 I LibreCastControlDelegate: Cast Device Name -> 'AAA speaker'
04-09 17:06:54.281  2953  3156 I librecast: OldFriendlyName '' & New name change By Cast 'AAA speaker' isfirstbootup 56 m_updatedonebyluci 95
04-09 17:06:54.281  2953  3156 I librecast:  Difference in FriendlyName notify all  
04-09 17:06:54.281  2953  3156 I LibreCastControl: LibreCastControl_SetCastName()  name 'AAA speaker' RequestId '7' pCastControl 0xf4b00728
04-09 17:06:54.281  2714  2714 I lucitransport: writeRemoteMessage() MID = 90 buffer = AAA speaker
04-09 17:06:54.281  2714  2714 I luciUART: write() MID = 90  bytes = 21 data = AAA speaker m_fd = 0x5
04-09 17:06:54.281  2714  2714 I lucitransport: writeLocalMessage() MID = 90 buffer = AAA speaker
04-09 17:06:54.282  2953  3156 I LibreCastControlDelegate: Device Build Number -> '1.52.272222'
04-09 17:06:54.282  2953  3156 I librecast: updateCastBuildVersion() Version 1.52.272222
04-09 17:06:54.282  2714  2714 I lucitransport: readRemoteMessage() MID char = 7 buffer = 1.52.272222
04-09 17:06:54.282  2953  3156 I LibreCastControlDelegate: Active Applications -> 0
04-09 17:06:54.282  2953  3156 I LibreCastControlDelegate: Current Cast State '6' -> 'READY_TO_CAST'
04-09 17:06:54.282  2953  3156 I LibreCastControlDelegate: OnCastStatus() ---
04-09 17:06:54.284  2735  2761 I bluetoothtbd: [0409/043654.284620:INFO:adapter.cc(551)] Adapter properties changed
04-09 17:06:54.284  2735  2761 I bluetoothtbd: [0409/043654.284783:INFO:adapter.cc(573)] Adapter name changed
04-09 17:06:54.285  2953  3156 I LibreCastControlDelegate: OnResponse() ReqeustID 7, error  0
04-09 17:06:54.285  3078  3078 I cast_shell: [3081:3120:INFO:bluetooth_manager.cc(1232)] [PII] Set device name to 'AAA speaker'
04-09 17:06:54.288  2693  2693 I sh      : MessageBoxAlert() MID 90 
04-09 17:06:54.288  2693  2693 I sh      : MessageBoxChanged() MID '90'
04-09 17:06:54.288  3078  3078 I cast_shell: [3081:3081:INFO:device_info_impl.cc(1133)] SSDP Config ID is increased: id=7
04-09 17:06:54.288  3078  3078 I cast_shell: [3081:3081:INFO:ccs_manager_impl.cc(1842)] Postponing device name update while registering
04-09 17:06:54.289  3078  3078 I cast_shell: [3081:3130:INFO:mdns_util.cc(102)] Defaulting mDNS capabilities for audio-only build
04-09 17:06:54.289  3078  3078 I cast_shell: [3081:3081:INFO:mdns_manager_impl.cc(429)] Successfully updated service: type=_googlecast
04-09 17:06:54.289  3078  3078 I cast_shell: [3081:3081:INFO:virtual_device.cc(296)] Updated mDNS service for virtual device: id=6ab777e2-6437-9030-345a-6a334ace5f09
04-09 17:06:54.290  2953  3009 I librecast: MessageBoxAlert() Msg = 90 remoteID = 16 
04-09 17:06:54.290  2714  2723 I lucitransport: readRemoteMessage() MID char = 90 buffer = AAA speaker
04-09 17:06:54.290  2953  3009 I LibreCastControl: LibreCastControl_SetCastName()  name 'AAA speaker' RequestId '8' pCastControl 0xf4b00728
04-09 17:06:54.292  2955  3002 I airplayluci: MessageBoxAlert: MID 90
04-09 17:06:54.292  2955  3486 I airplay_v2_0_6: 2022-04-09 17:06:54.292376 [AirPlay] Deregistered Bonjour _airplay._tcp. for restart
04-09 17:06:54.292  2955  3486 I airplay_v2_0_6: 2022-04-09 17:06:54.292677 [AirPlay] Deregistered Bonjour _raop._tcp. for restart
04-09 17:06:54.294  2956  2984 E Spotify-Player: Change Spotify Device name
04-09 17:06:54.296  2735  2761 I bluetoothtbd: [0409/043654.296358:INFO:adapter.cc(551)] Adapter properties changed
04-09 17:06:54.296  3078  3078 I cast_shell: [3081:3120:INFO:bluetooth_manager.cc(1232)] [PII] Set device name to 'AAA speaker'
04-09 17:06:54.296  2735  2761 I bluetoothtbd: [0409/043654.296498:INFO:adapter.cc(573)] Adapter name changed
04-09 17:06:54.296  2953  3156 I LibreCastControlDelegate: OnCastStatus() +++ AAA speaker:0xac793198:READY_TO_CAST
04-09 17:06:54.338  2693  2693 I sh      : MessageBoxAlert() MID 90 
04-09 17:06:54.338  2693  2693 I sh      : MessageBoxChanged() MID '90'
04-09 17:06:54.338  2953  3009 I librecast: MessageBoxAlert() Msg = 90 remoteID = 16 
04-09 17:06:54.339  2952  2962 D wac-main: Netlink event
04-09 17:06:54.339  2952  2962 E wac-main: Netlink event 21 Interface Index 6 
04-09 17:06:54.339  2952  2962 E wac-main: Enter poll and wait
04-09 17:06:54.339  2713  2725 I yani_kernel: yani_geteventfrom_changeaddr() Message-Id '1' Netlink event '21' Interface Index '6' -> Name 'p2p0' 
04-09 17:06:54.341  2788  2788 I dnsmasq : reading /etc/resolv.conf
04-09 17:06:54.341  2788  2788 I dnsmasq : using nameserver 8.8.4.4#53
04-09 17:06:54.341  2788  2788 I dnsmasq : using nameserver 192.168.1.1#53
04-09 17:06:54.342  2714  2723 I lucitransport: readRemoteMessage() MID char = 90 buffer = AAA speaker
04-09 17:06:54.343  2953  3009 I LibreCastControl: LibreCastControl_SetCastName()  name 'AAA speaker' RequestId '9' pCastControl 0xf4b00728
04-09 17:06:54.343  2953  3009 E librecast: MessageBoxAlert() friendlyname AAA speaker
04-09 17:06:54.343  2953  3009 I LibreCastControl: MessageBoxAlert() messageBoxID 90
04-09 17:06:54.345  2734  2746 I HotspotManager: stop hostapd
04-09 17:06:54.345  2953  3156 I LibreCastControlDelegate: OnResponse() ReqeustID 9, error  0
04-09 17:06:54.346  2713  2725 I yani_server: NetLink Event '5' Interface-Index '6' WLAN '-1' Ethernet '-1' Parsed-iFill '5' -> 'P2P0 DISCONNECTED' ifIndex '2' -> 'tunl0'
04-09 17:06:54.347  2955  3002 I airplayluci: MessageBoxAlert: MID 90
04-09 17:06:54.347  2956  2984 E Spotify-Player: Change Spotify Device name
04-09 17:06:54.348  2714  2723 E LUCI_SERVER: Luci Server Thread waiting for packets....
04-09 17:06:54.349  2713  2725 E yani_server: YANI: I am Done Wait For Event 
04-09 17:06:54.349  2713  2815 I yani_server: onNetworkParametersChanged() WAC Mode '0'  Index '2' Interface 'p2p0' Status '0'
04-09 17:06:54.350  2730  2742 I MB_HANDLER: YaniAlert() Interface '3' Status '0'
04-09 17:06:54.350  2714  2714 I lucitransport: writeRemoteMessage() MID = 124 buffer = 1#1,1#2,0#3,0#4,0
04-09 17:06:54.350  2714  2714 I luciUART: write() MID = 124  bytes = 27 data = 1#1,1#2,0#3,0#4,0 m_fd = 0x5
04-09 17:06:54.351  2731  2731 E AirableUIHelper: AirableUIHelper::YaniAlert  3 0 
04-09 17:06:54.351  2959  2964 I otamanager: YaniAlert() Interface 3 Status Down
04-09 17:06:54.352  2955  3002 I airplay-main: YaniAlert Interface 3 Status 0
04-09 17:06:54.356  2735  2761 I bluetoothtbd: [0409/043654.356146:INFO:adapter.cc(551)] Adapter properties changed
04-09 17:06:54.356  2735  2761 I bluetoothtbd: [0409/043654.356335:INFO:adapter.cc(573)] Adapter name changed
04-09 17:06:54.357  3078  3078 I cast_shell: [3081:3120:INFO:bluetooth_manager.cc(1232)] [PII] Set device name to 'AAA speaker'
04-09 17:06:54.358  2956  2985 E SPOTIFY : Device Name change new name = AAA speaker
04-09 17:06:54.358  2956  2985 E SPOTIFY : err = 0 
04-09 17:06:54.359  3078  3078 I cast_shell: [3081:3081:INFO:device_info_impl.cc(1133)] SSDP Config ID is increased: id=9
04-09 17:06:54.359  2714  2722 E luciUART: UART:aa
04-09 17:06:54.359  2714  2722 E luciUART: UART:aa
04-09 17:06:54.360  2714  2722 E luciUART: UART:2
04-09 17:06:54.360  2714  2722 E luciUART: UART:0
04-09 17:06:54.360  2714  2722 E luciUART: UART:d0
04-09 17:06:54.360  2714  2722 E luciUART: UART:0
04-09 17:06:54.360  2714  2722 I chatty  : uid=0(root) UARTLUCIControl identical 2 lines
04-09 17:06:54.360  2714  2722 E luciUART: UART:0
04-09 17:06:54.368  2952  2962 E wac-main: Enter poll and wait
04-09 17:06:54.446  2734  2746 E WifiUtil: Setting interface p2p0 down.
04-09 17:06:54.447  2952  2962 D wac-main: Netlink event
04-09 17:06:54.447  2952  2962 E wac-main: Netlink event 16 Interface Index 6 
04-09 17:06:54.447  2952  2962 E wac-main: p2p0 event Link Changed : 1002 
04-09 17:06:54.447  2952  2962 E wac-main: Enter poll and wait
04-09 17:06:54.448  2713  2725 I yani_kernel: yani_geteventfrom_changeaddr() Message-Id '1' Netlink event '16' Interface Index '6' -> Name 'p2p0' 
04-09 17:06:54.494  3078  3078 I cast_shell: [3081:3120:INFO:ble_setup.cc(789)] Missing required info for sign.
04-09 17:06:54.496  3078  3078 I cast_shell: [3081:3120:INFO:gatt_client_manager_impl.cc(202)] Enabling GATT client connectability
04-09 17:06:54.498  3078  3078 I cast_shell: [3081:3120:INFO:ble_setup.cc(915)] Sign related info completed, no future EurekaInfo need sign.
04-09 17:06:54.577  3078  3078 I cast_shell: [3081:3120:INFO:metrics_recorder.cc(282)] Record action: Setup.state.BLE
04-09 17:06:55.640  2735  2813 W bt_btif : bta_gattc_conn_cback() - cif=3 connected=0 conn_id=3 reason=0x0013
04-09 17:06:55.640  2735  2813 W bt_btif : bta_gattc_conn_cback() - cif=4 connected=0 conn_id=4 reason=0x0013
04-09 17:06:55.640  2735  2813 W bt_btif : bta_gattc_conn_cback() - cif=6 connected=0 conn_id=6 reason=0x0013
04-09 17:06:55.641  2735  2813 I bt_btm_sec: btm_sec_disconnected clearing pending flag handle:128 reason:19
04-09 17:06:55.642  2735  2761 W bt_btif : btif_av_move_idle: ACL Disconnected state 0 bd_addr=71:11:9a:cf:f9:c3 peer_bda=00:00:00:00:00:00
04-09 17:06:55.642  2735  2761 I bluetoothtbd: [0409/043655.642314:INFO:adapter.cc(719)] ACL state changed: 71:11:9A:CF:F9:C3 - connected: false
04-09 17:06:55.644  3078  3078 I cast_shell: [3081:3120:ERROR:bluetooth_v1_via_v2.cc(796)] Connection state changed. :c3 false
04-09 17:06:56.209  3078  3078 I cast_shell: [3081:3081:ERROR:ccs_transport_https.cc(1775)] Received response code 409 for message_id = 3b65b1c2-dfba-4cb7-acac-dfc10c687aa4 - 
04-09 17:06:56.210  3078  3078 I cast_shell: [3081:3081:INFO:metrics_recorder.cc(282)] cast event: Cloud.Transport.Https.Register.Out.Error
04-09 17:06:56.210  3078  3078 I cast_shell: [3081:3081:INFO:ccs_manager_impl.cc(2529)] Scheduling next register for device in time: 54.856 s
04-09 17:06:56.263  3078  3078 I cast_shell: [3081:3130:INFO:mdns_app_filter.cc(1526)] MdnsAppFilter: Done announcing.
04-09 17:06:56.294  2955  3508 I airplay_v2_0_6: 2022-04-09 17:06:56.294605 [AirPlayDemo] AirPlayDemoServerCopyProperty Password is <<NULL>>
04-09 17:06:56.295  2714  2714 I lucitransport: readRemoteMessage() MID char = 90 buffer = AAA speaker
04-09 17:06:56.297  2955  3486 I airplay_v2_0_6: 2022-04-09 17:06:56.297283 [AirPlay] Registering Bonjour _airplay._tcp. port 7000
04-09 17:06:56.299  2955  3508 I airplay_v2_0_6: 2022-04-09 17:06:56.298917 [AirPlayDemo] AirPlayDemoServerCopyProperty Password is <<NULL>>
04-09 17:06:56.300  2955  3508 I airplay_v2_0_6: 2022-04-09 17:06:56.300535 [AirPlayDemo] AirPlayDemoServerCopyProperty Password is <<NULL>>
04-09 17:06:56.301  2714  2714 I lucitransport: readRemoteMessage() MID char = 90 buffer = AAA speaker
04-09 17:06:56.302  2955  3486 I airplay_v2_0_6: 2022-04-09 17:06:56.302497 [AirPlay] Registering Bonjour CC909321F384@AAA speaker._raop._tcp. port 7000
04-09 17:06:56.461  3078  3078 I cast_shell: [3081:3081:INFO:metrics_recorder.cc(282)] cast event: Cloud.Transport.Https.Register.Out.Success
04-09 17:06:56.462  3078  3078 I cast_shell: [3081:3081:WARNING:ccs_transport_util.cc(409)] Auth info absent from the config reply from CCS.
04-09 17:06:56.462  3078  3078 I cast_shell: [3081:3081:WARNING:ccs_transport_util.cc(313)] Missing SensingSettings in the CCS config.
04-09 17:06:56.462  3078  3078 I cast_shell: [3081:3081:INFO:metrics_recorder.cc(282)] cast event: Cloud.Transport.Https.Config.In
04-09 17:06:56.462  3078  3078 I cast_shell: [3081:3081:INFO:ccs_manager_impl.cc(1150)] Handling CONFIG message from CCS.
04-09 17:06:56.462  3078  3078 I cast_shell: [3081:3081:INFO:ccs_manager_impl.cc(1151)] [PII] device_id=A0E15A7B682857592FB3ADAE6E95DDD7
04-09 17:06:56.462  3078  3078 I cast_shell: [3081:3081:INFO:metrics_recorder.cc(282)] Record action: Cloud.Transport.Https.LinkedStatus.NotLinked
04-09 17:06:56.462  3078  3078 I cast_shell: [3081:3081:INFO:structure_info_from_home_graph.cc(53)] received config from home graph. Will use it: 1
04-09 17:06:56.462  3078  3078 I cast_shell: [3081:3081:INFO:structure_info_from_home_graph.cc(59)] Num devices in the structure: 0
04-09 17:06:56.462  3078  3078 I cast_shell: [3081:3081:INFO:ccs_heartbeat_listener.cc(56)] Setting heartbeat interval from CCS: 120000ms
04-09 17:06:56.465  3078  3078 I cast_shell: [3081:3089:INFO:heartbeat_manager.cc(306)] Set client HB: 120000
04-09 17:06:56.465  3078  3078 I cast_shell: [3081:3089:INFO:heartbeat_manager.cc(311)] ResettingConnection bc: 1680000
04-09 17:06:56.465  3078  3078 I cast_shell: [3081:3089:INFO:heartbeat_manager.cc(332)] ResetConnection: %d5
04-09 17:06:56.466  3078  3078 I cast_shell: [3081:3081:INFO:user_auth_impl.cc(267)] linked status: NOT_LINKED
04-09 17:06:56.466  3078  3078 I cast_shell: [3081:3081:INFO:robot_account_auth_manager.cc(320)] V1 AuthManager received a UpdateAuthToken request
04-09 17:06:56.466  3078  3078 I cast_shell: [3081:3081:INFO:ccs_transport_https.cc(1352)] No cloud settings in response
04-09 17:06:56.467  3078  3078 I cast_shell: [3081:3081:INFO:gcm_manager.cc(238)] GCM connection lost.
04-09 17:06:56.474  3078  3078 I cast_shell: [3081:3131:INFO:metrics_recorder.cc(282)] Cast v2 action(socket_id=6ab777e2-6437-9030-345a-6a334ace5f09.2): CastV2.Connection.Connect.In
04-09 17:06:56.475  3078  3078 I cast_shell: [3081:3120:INFO:setup_namespace_handler.cc(94)] Added a peer for setup namespace: 6ab777e2-6437-9030-345a-6a334ace5f09.2:gms_cast_prober-1
04-09 17:06:56.476  3078  3078 I cast_shell: [3081:3120:INFO:setup_state.cc(544)] EurekaInfoCalled: wifi_state=10, is_usable_ip_address=1, connected=1, is_initial_setup=0
04-09 17:06:56.476  3078  3078 I cast_shell: [3081:3081:INFO:cast_system_memory_pressure_evaluator.cc(179)] ConfigRelaxMemoryPressureThresholds, 0.1, 0.2
04-09 17:06:56.484  3078  3078 I cast_shell: [3511:3511:INFO:cast_content_renderer_client_internal.cc(83)] Render process started.
04-09 17:06:56.485  3078  3078 I cast_shell: [3081:3081:INFO:application_manager_impl.cc(1417)] Starting background app: CC1AD845 (Default Media Receiver), session_id=b0285350-4303-4c1a-918a-9195d2a58d50
04-09 17:06:56.485  3078  3078 I cast_shell: [3081:3081:INFO:cast_media_blocker.cc(43)] UpdatePlayingState media_loading_blocked=1 media_starting_blocked=0 suspended=1 controllable=0 paused_by_user=1
04-09 17:06:56.485  3078  3078 I cast_shell: [3081:3081:INFO:application_message_handler.cc(1747)] Scheduling IpcTimerCheck
04-09 17:06:56.485  3078  3078 I cast_shell: [3081:3081:INFO:application_manager_impl.cc(1565)] App starting: CC1AD845 (Default Media Receiver), session_id=b0285350-4303-4c1a-918a-9195d2a58d50
04-09 17:06:56.486  3078  3078 I cast_shell: [3081:3130:INFO:mdns_util.cc(102)] Defaulting mDNS capabilities for audio-only build
04-09 17:06:56.486  3078  3078 I cast_shell: [3081:3131:INFO:v2_transport.cc(458)] Added Cast V2 endpoint: id=b0285350-4303-4c1a-918a-9195d2a58d50, socket_factory_id=[PII](6ab777e2-6437-9030-345a-6a334ace5f09)
04-09 17:06:56.486  3078  3078 I cast_shell: [3081:3081:INFO:application_identification_settings.cc(410)] new ApplicationIdentificationSettings session_id: b0285350-4303-4c1a-918a-9195d2a58d50 app_id: CC1AD845 flags: 0 headers: 0
04-09 17:06:56.487  3078  3078 I cast_shell: [3081:3081:INFO:cast_media_blocker.cc(81)] MediaSessionInfoChanged media_loading_blocked=1 media_starting_blocked=0 is_suspended=1 is_controllable=0 paused_by_user=1
04-09 17:06:56.501  3078  3078 I cast_shell: [3081:3081:INFO:web_application.cc(817)] [b0285350] Supported bitstream audio codecs info: [codecs]None[spatial_rendering]None
04-09 17:06:56.501  3078  3078 I cast_shell: [3081:3081:INFO:cast_web_contents_impl.cc(242)] Load url: https://www.gstatic.com/cast/sdk/default_receiver/dogfood/app.html?skin=https://www.gstatic.com/eureka/player/0000/skins/cast/skin.css
04-09 17:06:56.503  3078  3078 I cast_shell: [3081:3081:INFO:cast_content_browser_client_internal.cc(975)] Disabling images support for application: CC1AD845
04-09 17:06:56.525  3078  3078 I cast_shell: [3081:3081:INFO:web_application.cc(991)] [b0285350] Page state changed: app=CC1AD845 page_state=LOADING
04-09 17:06:56.530  3078  3078 I cast_shell: [3081:3081:INFO:web_application.cc(585)] [b0285350] Updating app visibility to hidden for background mode.
04-09 17:06:56.531  3078  3078 I cast_shell: [3081:3081:INFO:application_manager_impl.cc(1579)] App pending: CC1AD845 (Default Media Receiver), session_id=b0285350-4303-4c1a-918a-9195d2a58d50
04-09 17:06:56.531  3078  3078 I cast_shell: [3081:3130:INFO:mdns_util.cc(102)] Defaulting mDNS capabilities for audio-only build
04-09 17:06:56.531  3078  3078 I cast_shell: [3081:3081:INFO:mdns_util.cc(102)] Defaulting mDNS capabilities for audio-only build
04-09 17:06:56.531  3078  3078 I cast_shell: [3081:3081:INFO:mdns_util.cc(102)] Defaulting mDNS capabilities for audio-only build
04-09 17:06:56.534  3078  3078 I cast_shell: [3081:3081:INFO:cast_renderer_oom_adj_manager.cc(82)] Registering renderer 3511
04-09 17:06:56.534  3078  3078 I cast_shell: [3081:3144:INFO:cast_renderer_oom_adj_manager.cc(90)] Adjusting OOM score for renderer(3511) to 400
04-09 17:06:56.534  3078  3078 I cast_shell: [3081:3144:WARNING:cast_renderer_oom_adj_manager.cc(92)] OOM score adjustment failed for renderer(3511)
04-09 17:06:56.554  3078  3078 I cast_shell: [3081:3131:INFO:v2_ssl_socket.cc(358)] Stop reading on pending closed socket
04-09 17:06:56.554  3078  3078 I cast_shell: [3081:3120:INFO:setup_namespace_handler.cc(104)] Removed a peer for setup namespace: 6ab777e2-6437-9030-345a-6a334ace5f09.2:gms_cast_prober-1
04-09 17:06:56.557  3078  3078 I cast_shell: [3511:3511:INFO:media_playback_options.cc(70)] Render frame actions are blocked.
04-09 17:06:56.589  3078  3078 I cast_shell: [3511:3511:INFO:media_playback_options.cc(70)] Render frame actions are blocked.
04-09 17:06:56.589  3078  3078 I cast_shell: [3511:3511:INFO:media_caps.cc(24)] ScreenResolutionChanged resolution=0x0
04-09 17:06:56.591  3078  3078 I cast_shell: [3511:3511:INFO:media_caps.cc(54)] ScreenInfoChanged HDCP version=0 Supported EOTFs=0 DolbyVision flags=0 Screen size(mm): 0x0 cur mode HDR=0 cur mode DV=0
04-09 17:06:57.308  3078  3078 I cast_shell: [3511:3511:INFO:cast_content_client.cc(103)] Active URL: https://www.gstatic.com/cast/sdk/default_receiver/dogfood/app.html?skin=https://www.gstatic.com/eureka/player/0000/skins/cast/skin.css&google_cast_bg=true for origin 'null'
04-09 17:06:57.320  3078  3078 I cast_shell: [3081:3081:INFO:cast_content_client.cc(103)] Active URL: https://www.gstatic.com/cast/sdk/default_receiver/dogfood/app.html?skin=https://www.gstatic.com/eureka/player/0000/skins/cast/skin.css&google_cast_bg=true for origin 'null [internally: (6F09FACA7EA24C1A73A6B611A5E3F75D) anonymous]'
04-09 17:06:57.325  3078  3078 I cast_shell: [3081:3144:INFO:process_memory_recorder_utils.cc(43)] CC1AD845 using 39396kB memory
04-09 17:06:57.349  3078  3078 I cast_shell: [3511:3511:INFO:feature_manager.cc(174)] Enabling bindings: 
04-09 17:06:57.374  3078  3078 I cast_shell: [3511:3511:INFO:feature_manager.cc(174)] Enabling bindings: 
04-09 17:06:58.231  3078  3078 I cast_shell: [3081:3081:INFO:CONSOLE(116)] Cast App (CC1AD845): " [  0.001s] [cast.receiver.IpcChannel] Opening platform websocket ", source: https://www.gstatic.com/cast/sdk/libs/caf_receiver/v3/cast_receiver_framework.js (116)
04-09 17:06:58.242  3078  3078 I cast_shell: [3511:3511:INFO:media_source_impl.cc(363)] isTypeSupported("video/mp4;codecs=hev1.2.4.L153.B0") -> false (not supported by HTMLMediaElement)
04-09 17:06:58.244  3078  3078 I cast_shell: [3511:3511:INFO:media_source_impl.cc(363)] isTypeSupported("video/mp4;codecs=dvhe.04.06") -> false (not supported by HTMLMediaElement)
04-09 17:06:58.244  3078  3078 I cast_shell: [3081:3081:INFO:CONSOLE(1162)] Cast App (CC1AD845): "canDisplayType(video/mp4; codecs=hev1.2.4.L153.B0; eotf=smpte2084): Codec not supported.", source:  (1162)
04-09 17:06:58.245  3078  3078 I cast_shell: [3081:3081:INFO:CONSOLE(1162)] Cast App (CC1AD845): "canDisplayType(video/mp4; codecs=dvhe.04.06): Codec not supported.", source:  (1162)
04-09 17:06:58.245  3078  3078 I cast_shell: [3511:3511:INFO:media_source_impl.cc(363)] isTypeSupported("audio/mp4;codecs=ec-3") -> false (not supported by HTMLMediaElement)
04-09 17:06:58.246  3078  3078 I cast_shell: [3081:3081:INFO:CONSOLE(1162)] Cast App (CC1AD845): "canDisplayType(audio/mp4; codecs=ec-3; spatialRendering=true): Codec not supported.", source:  (1162)
04-09 17:06:58.256  3078  3078 I cast_shell: [3511:0xb050c358]     1741 ms: Scavenge 1.8 (1.9) -> 1.6 (2.4) MB, 5.0 / 0.1 ms  (average mu = 1.000, current mu = 1.000) allocation failure 
04-09 17:06:58.263  3078  3078 I cast_shell: [3081:3081:INFO:CONSOLE(739)] Cast App (CC1AD845): "Lit is in dev mode. Not recommended for production! See https://lit.dev/msg/dev-mode for more information.", source: https://www.gstatic.com/cast/sdk/libs/caf_receiver/v3/cast_receiver_framework.js (739)
04-09 17:06:58.271  3078  3078 I cast_shell: [3081:3081:INFO:CONSOLE(36)] Cast App (CC1AD845): "Unknown queryable value: log-level-cast-receiver", source:  (36)
04-09 17:06:58.368  2952  3526 E wac-main: WAC timeout cb
04-09 17:06:58.368  2952  3526 E wac-main: send wac api : a5a1
04-09 17:06:58.368  2952  2962 E wac-main: API event
04-09 17:06:58.368  2952  2962 E wac-main: msg : a5a1
04-09 17:06:58.368  2952  2962 E wac-main: msg : a5a1
04-09 17:06:58.369  2952  3527 E wac-main: enter WACStartStopThread
04-09 17:06:58.369  2952  3527 E wac-main: WACStartStopThread() event -> 'wacstop' is WACServer? UP -> 'Yes' 
04-09 17:06:58.369  2952  2962 E wac-main: Enter poll and wait
04-09 17:06:58.369  2952  2975 E WACBONJOUR: RemoveWACBonjourService
04-09 17:06:58.370  2952  3527 E WACSERVER: WACServerStop wait
04-09 17:06:58.371  2952  2975 I wifiapi : newconn : 0xf50024e8
04-09 17:06:58.389  3078  3078 I cast_shell: [3081:3081:INFO:CONSOLE(836)] Cast App (CC1AD845): "CAST SDK CAF Version: 3.0.0103", source: https://www.gstatic.com/cast/sdk/libs/caf_receiver/v3/cast_receiver_framework.js (836)
04-09 17:06:58.398  2952  2962 D wac-main: Netlink event
04-09 17:06:58.399  2952  2962 E wac-main: Netlink event 16 Interface Index 7 
04-09 17:06:58.399  2952  2962 E wac-main: Enter poll and wait
04-09 17:06:58.399  2713  2725 I yani_kernel: yani_geteventfrom_changeaddr() Message-Id '1' Netlink event '16' Interface Index '7' -> Name 'p2p1' 
04-09 17:06:58.399  2734  2746 E CommandListener: Message not handled: unrecognized interface p2p1
04-09 17:06:58.399  2734  2746 W FrameworkListener: Handler 'Iface' error (Success)
04-09 17:06:58.403  2713  2725 I yani_kernel: yani_geteventfrom_changeaddr() Message-Id '1' Netlink event '16' Interface Index '7' -> Name 'p2p1' 
04-09 17:06:58.404  2734  2746 E CommandListener: Message not handled: unrecognized interface p2p1
04-09 17:06:58.404  2734  2746 W FrameworkListener: Handler 'Iface' error (Success)
04-09 17:06:58.404  2952  2962 D wac-main: Netlink event
04-09 17:06:58.404  2952  2962 E wac-main: Netlink event 16 Interface Index 7 
04-09 17:06:58.404  2952  2962 E wac-main: Enter poll and wait
04-09 17:06:58.407  2734  2746 E CommandListener: Message not handled: unrecognized interface p2p1
04-09 17:06:58.407  2734  2746 W FrameworkListener: Handler 'Iface' error (Success)
04-09 17:06:58.412  3078  3078 I cast_shell: [3511:0xb050c358]     1897 ms: Scavenge 2.3 (2.9) -> 2.1 (3.1) MB, 6.4 / 0.0 ms  (average mu = 1.000, current mu = 1.000) allocation failure 
04-09 17:06:58.420  2952  2975 I wifiapi : 'DISABLE' command returned = 0
04-09 17:06:58.429  2952  2975 I wifiapi : stop hostapd
04-09 17:06:58.430  2952  2975 I wifiapi : stop dnsmasq
04-09 17:06:58.432  2952  2962 D wac-main: Netlink event
04-09 17:06:58.432  2952  2962 E wac-main: Netlink event 21 Interface Index 7 
04-09 17:06:58.432  2952  2962 E wac-main: Enter poll and wait
04-09 17:06:58.433  2734  2746 E CommandListener: Message not handled: unrecognized interface p2p1
04-09 17:06:58.433  2734  2746 W FrameworkListener: Handler 'Iface' error (Success)
04-09 17:06:58.435  2713  2725 I yani_kernel: yani_geteventfrom_changeaddr() Message-Id '1' Netlink event '21' Interface Index '7' -> Name 'p2p1' 
04-09 17:06:58.437  2952  2975 E wac-main: WACCallback() message 5 -> 'Stopped'
04-09 17:06:58.437  2714  2714 I lucitransport: writeRemoteMessage() MID = 143 buffer = 5
04-09 17:06:58.444  3078  3078 I cast_shell: [3511:3511:INFO:html_media_element.cc(538)] HTMLMediaElement(0x25b62f30)
04-09 17:06:58.501  3078  3078 I cast_shell: [3511:3511:INFO:identification_settings_manager.cc(68)] CSS URL detected and replaced with empty text URI.
04-09 17:06:58.501  3078  3078 I cast_shell: [3511:3511:INFO:identification_settings_manager.cc(169)] WillStartResourceRequest: replacement URL found
04-09 17:06:59.468  3078  3078 I cast_shell: [3081:3081:INFO:robot_account_auth_manager.cc(384)] Sending oauth request for client_id: 2
04-09 17:06:59.468  3078  3078 I cast_shell: [3081:3081:INFO:metrics_recorder.cc(282)] cast event: Cast.Assistant.Auth.FetchToken
04-09 17:06:59.469  3078  3078 I cast_shell: [3081:3282:INFO:chromium_http_connection.cc(436)] Creating a new chromium http url loader factory
04-09 17:06:59.826  3078  3078 I cast_shell: [3081:3081:INFO:CONSOLE(109)] Cast App (CC1AD845): "CAST SDK MPL Version: 1.0.0.113", source: https://www.gstatic.com/cast/sdk/libs/mediaplayer/1.0.0/media_player.js (109)
04-09 17:06:59.830  3078  3078 I cast_shell: [3081:3081:INFO:CONSOLE(36)] Cast App (CC1AD845): "Unknown queryable value: log-level-mpl", source:  (36)
04-09 17:06:59.903  3078  3078 I cast_shell: [3511:0xb050c358]     3388 ms: Scavenge 3.2 (3.9) -> 3.0 (5.4) MB, 3.8 / 0.0 ms  (average mu = 1.000, current mu = 1.000) allocation failure 
04-09 17:06:59.919  3078  3078 I cast_shell: [3511:3511:INFO:media_source_impl.cc(388)] isTypeSupported("video/webm;codecs=vp9") -> true
04-09 17:06:59.925  3078  3078 I cast_shell: [3081:3081:INFO:CONSOLE(265)] Cast App (CC1AD845): "Valid VP9 codec string requires 4-9 fields, but codecId:vp9 has 1fields.", source:  (265)
04-09 17:06:59.926  3078  3078 I cast_shell: [3081:3081:INFO:CONSOLE(265)] Cast App (CC1AD845): "Valid VP9 codec string requires 4-9 fields, but codecId:vp9 has 1fields.", source:  (265)
04-09 17:06:59.926  3078  3078 I cast_shell: [3511:3511:INFO:media_source_impl.cc(388)] isTypeSupported("video/webm;codecs=vp09.00.10.08") -> true
04-09 17:06:59.927  3078  3078 I cast_shell: [3081:3081:INFO:CONSOLE(1162)] Cast App (CC1AD845): "canDisplayType(video/webm; codecs="vp9"): -> true", source:  (1162)
04-09 17:06:59.930  3078  3078 I cast_shell: [3081:3081:INFO:CONSOLE(1162)] Cast App (CC1AD845): "canDisplayType(video/webm; codecs="vp09.00.10.08"): -> true", source:  (1162)
04-09 17:06:59.939  3078  3078 I cast_shell: [3081:3081:INFO:CONSOLE(868)] Cast App (CC1AD845): "EmeEncryptionSchemePolyfill: Waiting to detect encryptionScheme support.", source: https://ajax.googleapis.com/ajax/libs/shaka-player/3.2.2/shaka-player.compiled.js (868)
04-09 17:06:59.940  3078  3078 I cast_shell: [3081:3081:INFO:CONSOLE(873)] Cast App (CC1AD845): "McEncryptionSchemePolyfill: Waiting to detect encryptionScheme support.", source: https://ajax.googleapis.com/ajax/libs/shaka-player/3.2.2/shaka-player.compiled.js (873)
04-09 17:06:59.959  3078  3078 I cast_shell: [3081:3081:INFO:cast_web_contents_impl.cc(712)] Finished loading page after 2661 ms, url=https://www.gstatic.com/cast/sdk/default_receiver/dogfood/app.html?skin=https://www.gstatic.com/eureka/player/0000/skins/cast/skin.css&google_cast_bg=true
04-09 17:06:59.959  3078  3078 I cast_shell: [3081:3081:INFO:web_application.cc(991)] [b0285350] Page state changed: app=CC1AD845 page_state=LOADED
04-09 17:06:59.965  3078  3078 I cast_shell: [3081:3081:INFO:application_message_handler.cc(704)] Cast V2 IPC connected: app_id=CC1AD845
04-09 17:06:59.967  3078  3078 I cast_shell: [3081:3081:INFO:application_message_handler.cc(868)] Received READY message from app
04-09 17:06:59.967  3078  3078 I cast_shell: [3081:3081:INFO:application_message_handler.cc(881)] SDK capabilities: {
04-09 17:06:59.967  3078  3078 I cast_shell:    "group_capabilities_supported": true,
04-09 17:06:59.967  3078  3078 I cast_shell:    "playback_device_status_supported": true,
04-09 17:06:59.967  3078  3078 I cast_shell:    "show_media_controls_supported": true
04-09 17:06:59.967  3078  3078 I cast_shell: }
04-09 17:06:59.967  3078  3078 I cast_shell: 
04-09 17:07:00.226  3078  3078 I cast_shell: [3081:3081:INFO:robot_account_auth_manager.cc(525)] Got CAS response: 200
04-09 17:07:00.226  3078  3078 I cast_shell: [3081:3081:INFO:metrics_recorder.cc(282)] cast event: Cast.Assistant.AuthError.NOT_LINKED
04-09 17:07:00.226  3078  3078 I cast_shell: [3081:3081:INFO:robot_account_auth_manager.cc(776)] Current error: NOT_LINKED, new error: NOT_LINKED
04-09 17:07:00.446  3078  3078 I cast_shell: [3081:3089:INFO:parent_tracker.cc(237)] Network changed
04-09 17:07:00.447  3078  3078 I cast_shell: [3081:3089:INFO:parent_tracker.cc(132)] No need to recreate socket
04-09 17:07:00.447  3078  3078 I cast_shell: [3081:3089:INFO:parent_tracker.cc(237)] Network changed
04-09 17:07:00.447  3078  3078 I cast_shell: [3081:3089:INFO:parent_tracker.cc(132)] No need to recreate socket
04-09 17:07:00.447  3078  3078 I cast_shell: [3081:3144:INFO:net_util_impl.cc(582)] IP address: [PII](192.168.1.1) MAC address: [PII](C8:B3:73:44:AE:ED)
04-09 17:07:00.450  3078  3078 I cast_shell: [3081:3144:INFO:net_util_impl.cc(582)] IP address: [PII](192.168.1.1) MAC address: [PII](C8:B3:73:44:AE:ED)
04-09 17:07:00.454  3078  3078 I cast_shell: [3081:3081:INFO:gcm_manager.cc(238)] GCM connection lost.
04-09 17:07:01.186  3078  3078 I cast_shell: [3081:3089:INFO:heartbeat_manager.cc(268)] Set HBInterval from client: 120000
04-09 17:07:01.186  3078  3078 I cast_shell: [3081:3081:INFO:gcm_manager.cc(233)] GCM connection established.
04-09 17:07:03.948  3078  3078 I cast_shell: [3081:3130:INFO:mdns_app_filter.cc(2645)] MdnsAppFilter: responses sent in 209 seconds: 1
04-09 17:07:04.027  3078  3078 I cast_shell: [3081:3131:INFO:metrics_recorder.cc(282)] Cast v2 action(socket_id=6ab777e2-6437-9030-345a-6a334ace5f09.3): CastV2.Connection.Connect.In
04-09 17:07:04.028  3078  3078 I cast_shell: [3081:3120:INFO:setup_namespace_handler.cc(94)] Added a peer for setup namespace: 6ab777e2-6437-9030-345a-6a334ace5f09.3:gms_cast_prober-1
04-09 17:07:04.029  3078  3078 I cast_shell: [3081:3120:INFO:setup_state.cc(544)] EurekaInfoCalled: wifi_state=10, is_usable_ip_address=1, connected=1, is_initial_setup=0
04-09 17:07:04.168  3078  3078 I cast_shell: [3081:3081:INFO:mdns_util.cc(102)] Defaulting mDNS capabilities for audio-only build
04-09 17:07:04.168  3078  3078 I cast_shell: [3081:3081:INFO:mdns_util.cc(102)] Defaulting mDNS capabilities for audio-only build
04-09 17:07:04.206  3078  3078 I cast_shell: [3081:3131:INFO:v2_ssl_socket.cc(358)] Stop reading on pending closed socket
