04-09 15:30:33.428  2966  3145 I LibreCastControlDelegate: Current Cast State '1' -> 'STARTING'
04-09 15:30:33.428  2966  3145 I LibreCastControlDelegate: OnCastStatus() ---
04-09 15:30:33.428  2692  2692 I sh      : [0409/030033.428667:INFO:cast_message_service_impl.cc(185)] Sending connect message!
04-09 15:30:33.432  3068  3068 I cast_shell: [3071:3121:INFO:metrics_recorder.cc(282)] Cast v2 action(socket_id=domain-socket@/tmp/cast-control.1): CastV2.Connection.Connect.In
04-09 15:30:33.433  3068  3068 I cast_shell: [3071:3071:INFO:resource_namespace_handler.cc(307)] Setting resource provider: sender_id=domain-socket@/tmp/cast-control.1:system-0
04-09 15:30:33.433  2692  2692 I sh      : [0409/030033.433675:INFO:cast_message_service_impl.cc(1007)] CastMessageServiceImpl matched versions
04-09 15:30:33.616  2733  2748 I WifiUtil: get p2p0 channel 6 (2437MHz)
04-09 15:30:33.616  2733  2748 I HotspotManager: start hostapd at channel=6 SSID=<SSID omitted> hidden_ssid=0
04-09 15:30:33.624  2965  2976 D wac-main: Netlink event
04-09 15:30:33.624  2965  2976 E wac-main: Netlink event 20 Interface Index 6 
04-09 15:30:33.624  2965  2976 E wac-main: Enter poll and wait
04-09 15:30:33.624  2965  2976 D wac-main: Netlink event
04-09 15:30:33.624  2965  2976 E wac-main: Netlink event 21 Interface Index 6 
04-09 15:30:33.624  2965  2976 E wac-main: Enter poll and wait
04-09 15:30:33.625  2712  2724 I yani_kernel: yani_geteventfrom_changeaddr() Message-Id '1' Netlink event '20' Interface Index '6' -> Name 'p2p0' 
04-09 15:30:33.645  3068  3068 I cast_shell: [3071:3110:INFO:ble_setup.cc(1106)] Cleared generated LAT.
04-09 15:30:33.645  3068  3068 I cast_shell: [3071:3110:WARNING:setup_manager_impl.cc(1136)] NAT not supported, no captive portal support.
04-09 15:30:33.645  3068  3068 I cast_shell: [3071:3110:INFO:setup_namespace_handler.cc(94)] Added a peer for setup namespace: domain-socket@/tmp/cast-control.1:system-0
04-09 15:30:33.651  3068  3068 I cast_shell: [3071:3123:INFO:multizone_group.cc(357)] Change name for group [PII](9A13E47FA8377C08063DFE7F0DBF4CB4) to [PII](Lyric Speaker Box 21f384)
04-09 15:30:33.652  3068  3068 I cast_shell: [3071:3071:INFO:device_info_impl.cc(1133)] SSDP Config ID is increased: id=2
04-09 15:30:33.652  3068  3068 I cast_shell: [3071:3120:INFO:mdns_util.cc(102)] Defaulting mDNS capabilities for audio-only build
04-09 15:30:33.652  3068  3068 I cast_shell: [3071:3071:INFO:mdns_manager_impl.cc(429)] Successfully updated service: type=_googlecast
04-09 15:30:33.652  3068  3068 I cast_shell: [3071:3071:INFO:virtual_device.cc(296)] Updated mDNS service for virtual device: id=4747421e-8aaf-df86-d000-3c3f4905e536
04-09 15:30:33.652  3068  3068 I cast_shell: [3071:3120:INFO:mdns_util.cc(102)] Defaulting mDNS capabilities for audio-only build
04-09 15:30:33.652  3068  3068 I cast_shell: [3071:3071:INFO:mdns_manager_impl.cc(429)] Successfully updated service: type=_googlecast
04-09 15:30:33.652  3068  3068 I cast_shell: [3071:3071:INFO:virtual_device.cc(296)] Updated mDNS service for virtual device: id=4747421e-8aaf-df86-d000-3c3f4905e536
04-09 15:30:33.652  3068  3068 I cast_shell: [3071:3071:INFO:device_info_impl.cc(1133)] SSDP Config ID is increased: id=3
04-09 15:30:33.656  2712  2724 I yani_server: NetLink Event '6' Interface-Index '6' WLAN '-1' Ethernet '-1' Parsed-iFill '6' -> 'P2P0 CONNECTED' ifIndex '2' -> 'tunl0'
04-09 15:30:33.658  2736  2773 I bluetoothtbd: [0409/030033.658291:INFO:adapter.cc(551)] Adapter properties changed
04-09 15:30:33.658  2736  2773 I bluetoothtbd: [0409/030033.658442:INFO:adapter.cc(573)] Adapter name changed
04-09 15:30:33.658  2966  3145 I LibreCastControlDelegate: OnResponse() ReqeustID 1, error  0
04-09 15:30:33.659  2966  3145 I LibreCastControlDelegate: OnCastStatus() +++ LSB1087:0xab5ff198:NOT_SETUP
04-09 15:30:33.659  2966  3145 I LibreCastControlDelegate: Device Build Number -> '1.52.272222'
04-09 15:30:33.659  2966  3145 I librecast: updateCastBuildVersion() Version 1.52.272222
04-09 15:30:33.659  2736  2773 I bluetoothtbd: [0409/030033.659792:INFO:adapter.cc(551)] Adapter properties changed
04-09 15:30:33.660  2713  2720 I lucitransport: readRemoteMessage() MID char = 7 buffer = (null)
04-09 15:30:33.660  2736  2773 I bluetoothtbd: [0409/030033.660001:INFO:adapter.cc(573)] Adapter name changed
04-09 15:30:33.660  3068  3068 I cast_shell: [3071:3110:INFO:bluetooth_manager.cc(1232)] [PII] Set device name to 'Lyric Speaker Box 21f384'
04-09 15:30:33.660  2966  3145 E librecast: librecast::updateCastBuildVersion Cast build version number = 1.52.272222
04-09 15:30:33.660  2966  3145 E librecast: castVersion = 1.52.272222
04-09 15:30:33.660  3068  3068 I cast_shell: [3071:3110:INFO:bluetooth_manager.cc(1232)] [PII] Set device name to 'Lyric Speaker Box 21f384'
04-09 15:30:33.660  2713  2720 I lucitransport: writeRemoteMessage() MID = 7 buffer = 1.52.272222
04-09 15:30:33.668  2712  2724 I yani_server: doLotofWork() List of interface '4'
04-09 15:30:33.677  2966  3145 I LibreCastControl: LibreCastControl_SetMultizoneAudioOutputDelay() delay '80000' usecs RequestId '3' pCastControl 0xf5000728
04-09 15:30:33.677  2966  3145 I LibreCastControlDelegate: MultizoneDelay request ID 3 with delay 80000 usecs
04-09 15:30:33.677  2966  3145 I LibreCastControlDelegate: OnCastStatus() ---
04-09 15:30:33.678  2966  3145 I LibreCastControlDelegate: OnCastStatus() +++ Lyric Speaker Box 21f384:0xab5ff198:NOT_SETUP
04-09 15:30:33.678  2966  3145 I LibreCastControlDelegate: Device Build Number -> '1.52.272222'
04-09 15:30:33.678  2966  3145 I librecast: updateCastBuildVersion() Version 1.52.272222
04-09 15:30:33.678  2713  2720 I lucitransport: readRemoteMessage() MID char = 7 buffer = 1.52.272222
04-09 15:30:33.678  2966  3145 I LibreCastControlDelegate: Active Applications -> 0
04-09 15:30:33.678  2966  3145 I LibreCastControlDelegate: Current Cast State '2' -> 'NOT_SETUP'
04-09 15:30:33.681  2713  2721 E luciUART: UART:64
04-09 15:30:33.681  2713  2722 E LUCI_SERVER: Luci Server Thread wait over MID 208....
04-09 15:30:33.681  2713  2722 E LUCI_SERVER: Got NV name : ssid
04-09 15:30:33.682  2713  2722 I luciUART: write() MID = 208  bytes = 15 data = ssid: m_fd = 0x5
04-09 15:30:33.683  2713  2722 E LUCI_SERVER: NV_READ response= ssid:
04-09 15:30:33.683  2713  2722 E LUCI_SERVER: Luci Server Thread waiting for packets....
04-09 15:30:33.684  2712  2724 I yani_server: NetLink Event '5' Interface-Index '6' WLAN '-1' Ethernet '-1' Parsed-iFill '5' -> 'P2P0 DISCONNECTED' ifIndex '2' -> 'tunl0'
04-09 15:30:33.684  3068  3068 I cast_shell: [3071:3071:INFO:multizone_setup.cc(328)] Configured audio output delay changed. User delay = 0 s, OEM delay = 0.08 s, HDMI delay = 0 s
04-09 15:30:33.693  2731  2731 E AirableUIHelper: AirableUIHelper::YaniAlert  4 1 
04-09 15:30:33.693  2966  3145 I LibreCastControlDelegate: Active Applications -> 0
04-09 15:30:33.693  2730  2743 I MB_HANDLER: YaniAlert() Interface '4' Status '1'
04-09 15:30:33.693  2966  3145 I LibreCastControlDelegate: Current Cast State '2' -> 'NOT_SETUP'
04-09 15:30:33.693  2966  3145 I LibreCastControlDelegate: OnCastStatus() ---
04-09 15:30:33.693  2966  3145 I LibreCastControlDelegate: OnControlConnected()
04-09 15:30:33.693  2713  2720 I lucitransport: writeRemoteMessage() MID = 124 buffer = 4#1,0#2,0#3,1#4,1
04-09 15:30:33.693  2713  2720 I luciUART: write() MID = 124  bytes = 27 data = 4#1,0#2,0#3,1#4,1 m_fd = 0x5
04-09 15:30:33.696  2713  2721 E luciUART: UART:aa
04-09 15:30:33.696  2713  2721 E luciUART: UART:aa
04-09 15:30:33.696  2713  2721 E luciUART: UART:2
04-09 15:30:33.703  2713  2721 E luciUART: UART:0
04-09 15:30:33.703  2713  2721 E luciUART: UART:d0
04-09 15:30:33.703  2713  2721 E luciUART: UART:0
04-09 15:30:33.703  2713  2721 I chatty  : uid=0(root) UARTLUCIControl identical 2 lines
04-09 15:30:33.704  2713  2721 E luciUART: UART:0
04-09 15:30:33.704  2713  2721 E luciUART: UART:9
04-09 15:30:33.704  2713  2721 I luciUART: read() RemoteID = 43690 Command = 208 Type = 2 Status = 0 DataLen = 9
04-09 15:30:33.704  2713  2721 E luciUART: Error: full data not available yet! readBytes 0
04-09 15:30:33.704  2713  2721 I luciUART: Previous Packet read contd., 
04-09 15:30:33.704  2713  2721 E luciUART: UART:52
04-09 15:30:33.704  2713  2721 I luciUART: read() RemoteID = 43690 Command = 208 Type = 2 Status = 0 DataLen = 9
04-09 15:30:33.704  2713  2721 E luciUART: UART:52
04-09 15:30:33.704  2713  2721 I luciUART: Previous Packet read contd., 
04-09 15:30:33.704  2713  2721 E luciUART: UART:41
04-09 15:30:33.704  2713  2721 I luciUART: Previous Packet read contd., 
04-09 15:30:33.705  2713  2721 I luciUART: Previous Packet read contd., 
04-09 15:30:33.705  2713  2721 E luciUART: UART:73
04-09 15:30:33.705  2713  2721 I luciUART: Previous Packet read contd., 
04-09 15:30:33.705  2713  2721 E luciUART: UART:73
04-09 15:30:33.705  2713  2721 E luciUART: UART:69
04-09 15:30:33.705  2713  2721 I luciUART: Previous Packet read contd., 
04-09 15:30:33.705  2713  2721 E luciUART: UART:64
04-09 15:30:33.706  2713  2722 I luciUART: write() MID = 208  bytes = 15 data = ssid: m_fd = 0x5
04-09 15:30:33.706  2713  2722 E LUCI_SERVER: NV_READ response= ssid:
04-09 15:30:33.706  2713  2722 E LUCI_SERVER: Luci Server Thread wait over MID 208....
04-09 15:30:33.706  2713  2722 E LUCI_SERVER: Got NV name : ssid
04-09 15:30:33.707  2713  2722 I luciUART: write() MID = 208  bytes = 15 data = ssid: m_fd = 0x5
04-09 15:30:33.707  2713  2722 E LUCI_SERVER: NV_READ response= ssid:
04-09 15:30:33.707  2713  2722 E LUCI_SERVER: Luci Server Thread waiting for packets....
04-09 15:30:33.712  3147  3147 I hostapd : IEEE 802.11: Steering disabled
04-09 15:30:33.718  2966  3145 I LibreCastControl: LibreCastControl_RequestGVAStatus() RequestId '5' pCastControl 0xf5000728
04-09 15:30:33.719  2692  2692 I sh      : [0409/030033.718711:INFO:cast_message_service_impl.cc(1076)] CastMessageServiceImpl is ready
04-09 15:30:33.719  3068  3068 I cast_shell: [3071:3071:INFO:assistant_namespace_handler.cc(144)] Added a status listening peer for assistant namespace: domain-socket@/tmp/cast-control.1:system-0
04-09 15:30:33.720  2966  3145 I LibreCastControlDelegate: OnResponse() ReqeustID 5, error  0
04-09 15:30:33.990  3068  3068 I cast_shell: [3071:3110:INFO:ble_setup.cc(789)] Missing required info for sign.
04-09 15:30:34.310  3068  3068 I cast_shell: [3071:3110:INFO:gatt_client_manager_impl.cc(202)] Enabling GATT client connectability
04-09 15:30:34.452  3068  3068 I cast_shell: [3071:3123:INFO:multizone_manager.cc(1889)] Initial discovery complete
04-09 15:30:34.453  3068  3068 I cast_shell: [3071:3120:INFO:mdns_app_filter.cc(1605)] Re-probing due to newly registered service '3': _googlezone
04-09 15:30:34.453  3068  3068 I cast_shell: [3071:3071:INFO:mdns_manager_impl.cc(311)] Successfully registered service: type=_googlezone
04-09 15:30:34.521  2965  2976 D wac-main: Netlink event
04-09 15:30:34.521  2965  2976 E wac-main: Netlink event 16 Interface Index 6 
04-09 15:30:34.521  2965  2976 E wac-main: p2p0 event Link Changed : 1002 
04-09 15:30:34.521  2965  2976 E wac-main: Enter poll and wait
04-09 15:30:34.522  2733  2748 E WifiUtil: command: "SCAN" failed: FAIL-BUSY
04-09 15:30:34.522  2733  2748 W HotspotManager: hotspot already started
04-09 15:30:34.523  2712  2724 I yani_kernel: yani_geteventfrom_changeaddr() Message-Id '1' Netlink event '16' Interface Index '6' -> Name 'p2p0' 
04-09 15:30:34.991  3068  3068 I cast_shell: [3071:3110:INFO:ble_setup.cc(789)] Missing required info for sign.
04-09 15:30:35.010  2712  2724 I yani_server: NetLink Event '-1' Interface-Index '5' WLAN '-1' Ethernet '-1' Parsed-iFill '-1' -> 'INVALID' ifIndex '1' -> 'lo'
04-09 15:30:35.014  2965  2976 D wac-main: Netlink event
04-09 15:30:35.014  2965  2976 E wac-main: Netlink event 16 Interface Index 6 
04-09 15:30:35.014  2965  2976 E wac-main: p2p0 event Link Changed : 1003 
04-09 15:30:35.014  2965  2976 E wac-main: Enter poll and wait
04-09 15:30:35.014  3147  3147 I hostapd : p2p0: IEEE 802.11 channel=6 mode=ht bw=20 htcaps=0x177f vhtcaps=0x0 cf_seg0=0 cf_seg1=0
04-09 15:30:35.016  2712  2724 I yani_server: NetLink Event '-1' Interface-Index '5' WLAN '0' Ethernet '-1' Parsed-iFill '-1' -> 'INVALID' ifIndex '1' -> 'lo'
04-09 15:30:35.017  2712  2724 I yani_server: NetLink Event '-1' Interface-Index '5' WLAN '0' Ethernet '-1' Parsed-iFill '-1' -> 'INVALID' ifIndex '1' -> 'lo'
04-09 15:30:35.017  2712  2724 I yani_kernel: yani_geteventfrom_changeaddr() Message-Id '1' Netlink event '16' Interface Index '6' -> Name 'p2p0' 
04-09 15:30:35.018  3068  3068 I cast_shell: [3071:3110:INFO:gatt_client_manager_impl.cc(202)] Enabling GATT client connectability
04-09 15:30:35.024  2966  3145 I LibreCastControlDelegate: OnCastStatus() +++ Lyric Speaker Box 21f384:0xab5ff198:NOT_SETUP
04-09 15:30:35.025  2966  3145 I LibreCastControlDelegate: Device Build Number -> '1.52.272222'
04-09 15:30:35.025  2966  3145 I librecast: updateCastBuildVersion() Version 1.52.272222
04-09 15:30:35.025  2713  2720 I lucitransport: readRemoteMessage() MID char = 7 buffer = 1.52.272222
04-09 15:30:35.025  2966  3145 I LibreCastControlDelegate: Active Applications -> 0
04-09 15:30:35.026  2966  3145 I LibreCastControlDelegate: Current Cast State '2' -> 'NOT_SETUP'
04-09 15:30:35.026  2966  3145 I LibreCastControlDelegate: OnCastStatus() ---
04-09 15:30:35.041  2965  2976 D wac-main: Netlink event
04-09 15:30:35.041  2965  2976 E wac-main: Netlink event 16 Interface Index 6 
04-09 15:30:35.041  2965  2976 E wac-main: p2p0 event Link Changed : 11043 
04-09 15:30:35.041  2965  2976 E wac-main: p2p0 Changed Up 
04-09 15:30:35.041  2712  2724 I yani_kernel: yani_geteventfrom_changeaddr() Message-Id '1' Netlink event '16' Interface Index '6' -> Name 'p2p0' 
04-09 15:30:35.042  2965  2976 I wifiapi : newconn : 0xf4c00718
04-09 15:30:35.043  2965  2976 I wifiapi : 'STATUS' command returned = 0
04-09 15:30:35.043  2965  2976 E wac-main: current wifi status : 10
04-09 15:30:35.993  3068  3068 I cast_shell: [3071:3110:INFO:ble_setup.cc(789)] Missing required info for sign.
04-09 15:30:35.995  3068  3068 I cast_shell: [3071:3110:INFO:gatt_client_manager_impl.cc(202)] Enabling GATT client connectability
04-09 15:30:35.998  3068  3068 I cast_shell: [3071:3079:ERROR:connectivity_checker_impl.cc(265)] Connectivity check failed: 400
04-09 15:30:36.056  3068  3068 I cast_shell: [3071:3071:INFO:crypto_manager.cc(278)] Public key: MIIBCgKCAQEA4CCpMOlV3PalufS1TWi8fPTK9m+enDG83ZZrSHxr0qfcBP5i3y4Za4cjXwb4181Q/CkkGgLP0WhQBoPlxDf6XoQ8hSrXiAJHlv0iODG/jYQb1E4YmnMq8bEr/VXx6R/Pp3VW1Mi4zh8oyrRmq2XClzWBjiSMhoJoSkLSdLMLEQEnTl8mMgj2XXNsE9jCPW/IR/wUDVydtnY9Sl32vQKUywfky0OggOl5JZNWTCWf36HwMNI6K3yrNJ+UN3XOUxZSCupXqNqAe6H/KWtfvk8HFDDSgw9fUzUtJBQ9wIl9DXbjNWhqoXjLwtwRMb8IVJs54i+qQCfCf8S7G5aJMZWwzwIDAQAB
04-09 15:30:36.056  3068  3068 I cast_shell: [3071:3071:INFO:crypto_manager.cc(289)] Public modulus: 4CCpMOlV3PalufS1TWi8fPTK9m-enDG83ZZrSHxr0qfcBP5i3y4Za4cjXwb4181Q_CkkGgLP0WhQBoPlxDf6XoQ8hSrXiAJHlv0iODG_jYQb1E4YmnMq8bEr_VXx6R_Pp3VW1Mi4zh8oyrRmq2XClzWBjiSMhoJoSkLSdLMLEQEnTl8mMgj2XXNsE9jCPW_IR_wUDVydtnY9Sl32vQKUywfky0OggOl5JZNWTCWf36HwMNI6K3yrNJ-UN3XOUxZSCupXqNqAe6H_KWtfvk8HFDDSgw9fUzUtJBQ9wIl9DXbjNWhqoXjLwtwRMb8IVJs54i-qQCfCf8S7G5aJMZWwzw
04-09 15:30:36.056  3068  3068 I cast_shell: [3071:3071:INFO:crypto_manager.cc(294)] Public exponent: AQAB
04-09 15:30:36.441  3068  3068 I cast_shell: [3071:3120:INFO:mdns_app_filter.cc(1403)] MdnsAppFilter: Done probing.
04-09 15:30:36.993  3068  3068 I cast_shell: [3071:3110:INFO:ble_setup.cc(789)] Missing required info for sign.
04-09 15:30:37.005  3068  3068 I cast_shell: [3071:3079:ERROR:connectivity_checker_impl.cc(265)] Connectivity check failed: 400
04-09 15:30:37.040  2736  2773 E bt_btif : BTA_GATTS_AddService: rcb_idx = 0
04-09 15:30:37.041  2736  2773 I bluetoothtbd: [0409/030037.041088:INFO:gatt_api.cc(207)] GATTS_AddService
04-09 15:30:37.041  2736  2773 I bluetoothtbd: [0409/030037.041407:INFO:gatt_api.cc(317)] GATTS_AddService: service parsed correctly, now starting
04-09 15:30:37.043  3068  3068 I cast_shell: [3071:3110:INFO:gatt_client_manager_impl.cc(202)] Enabling GATT client connectability
04-09 15:30:37.043  3068  3068 I cast_shell: [3071:3110:INFO:ble_setup.cc(915)] Sign related info completed, no future EurekaInfo need sign.
04-09 15:30:37.043  3068  3068 I cast_shell: [3071:3110:INFO:gatt_client_manager_impl.cc(202)] Enabling GATT client connectability
04-09 15:30:37.043  3068  3068 I chatty  : uid=1000(chrome) /bin/logwrapper identical 1 line
04-09 15:30:37.043  3068  3068 I cast_shell: [3071:3110:INFO:gatt_client_manager_impl.cc(202)] Enabling GATT client connectability
04-09 15:30:37.044  3068  3068 I cast_shell: [3071:3110:INFO:ble_setup_manager.cc(744)] Started Bluetooth service
04-09 15:30:37.445  3068  3068 I cast_shell: [3071:3071:INFO:grpc_service_discovery_impl.cc(185)] Mdns discovered google RPC for [PII](9A13E47FA8377C08063DFE7F0DBF4CB4).
04-09 15:30:38.011  3068  3068 I cast_shell: [3071:3079:ERROR:connectivity_checker_impl.cc(265)] Connectivity check failed: 400
04-09 15:30:38.043  2965  2976 E wac-main: Enter poll and wait
04-09 15:30:38.447  3068  3068 I cast_shell: [3071:3120:INFO:mdns_app_filter.cc(1526)] MdnsAppFilter: Done announcing.
04-09 15:30:39.017  3068  3068 I cast_shell: [3071:3079:ERROR:connectivity_checker_impl.cc(265)] Connectivity check failed: 400
04-09 15:30:40.023  3068  3068 I cast_shell: [3071:3079:ERROR:connectivity_checker_impl.cc(265)] Connectivity check failed: 400
04-09 15:30:40.442  3068  3068 I cast_shell: [3071:3079:INFO:parent_tracker.cc(291)] [PII](9A13E47FA8377C08063DFE7F0DBF4CB4) Become root
04-09 15:30:40.442  3068  3068 I cast_shell: [3071:3079:INFO:directory_service_impl.cc(200)] This device became root
04-09 15:30:41.030  3068  3068 I cast_shell: [3071:3079:ERROR:connectivity_checker_impl.cc(265)] Connectivity check failed: 400
04-09 15:30:42.036  3068  3068 I chatty  : uid=1000(chrome) /bin/logwrapper identical 1 line
04-09 15:30:43.044  3068  3068 I cast_shell: [3071:3079:ERROR:connectivity_checker_impl.cc(265)] Connectivity check failed: 400
04-09 15:30:43.142  3068  3068 I cast_shell: [3071:3110:ERROR:setup_state.cc(424)] Timeout for state=SETUP_STATE_CHECKING_GLOBAL_CONNECTIVITY(50): move to state=SETUP_STATE_CHECKING_GLOBAL_CONNECTIVITY_BAD_ROUTER(52).
04-09 15:30:43.142  3068  3068 I cast_shell: [3071:3110:INFO:setup_state.cc(261)] Setup state changed: SETUP_STATE_CHECKING_GLOBAL_CONNECTIVITY (50) -> SETUP_STATE_CHECKING_GLOBAL_CONNECTIVITY_BAD_ROUTER (52)
04-09 15:30:43.157  2966  3145 I LibreCastControlDelegate: OnCastStatus() +++ Lyric Speaker Box 21f384:0xab5ff198:NOT_SETUP
04-09 15:30:43.157  2966  3145 I LibreCastControlDelegate: Device Build Number -> '1.52.272222'
04-09 15:30:43.157  2966  3145 I librecast: updateCastBuildVersion() Version 1.52.272222
04-09 15:30:43.157  2713  2720 I lucitransport: readRemoteMessage() MID char = 7 buffer = 1.52.272222
04-09 15:30:43.157  2966  3145 I LibreCastControlDelegate: Active Applications -> 0
04-09 15:30:43.157  2966  3145 I LibreCastControlDelegate: Current Cast State '2' -> 'NOT_SETUP'
04-09 15:30:43.157  2966  3145 I LibreCastControlDelegate: OnCastStatus() ---
04-09 15:30:44.050  3068  3068 I cast_shell: [3071:3079:ERROR:connectivity_checker_impl.cc(265)] Connectivity check failed: 400
04-09 15:31:09.072  2733  2747 E NetworkMonitor: cannot find default IPv4 route for wlan0
04-09 15:31:09.072  2733  2747 E NetworkMonitor: cannot find default IPv6 route for wlan0
04-09 15:31:12.167  2733  2747 E NetworkMonitor: no response for /bin/ping -n -I wlan0 -c 10 -w 10 8.8.8.8
04-09 15:31:12.178  2733  2747 E NetworkMonitor: no response for /bin/ping6 -n -I wlan0 -c 10 -w 10 2001:4860:4860::8888
04-09 15:31:12.181  2733  2747 E NetworkMonitor: dns resolution failed
04-09 15:31:12.182  2733  2747 I NetworkMonitor: Cast.Wifi.Failure.Type 7
04-09 15:31:31.359  3068  3068 I chatty  : uid=1000(chrome) /bin/logwrapper identical 47 lines
04-09 15:31:32.365  3068  3068 I cast_shell: [3071:3079:ERROR:connectivity_checker_impl.cc(265)] Connectivity check failed: 400
04-09 15:31:32.747  3068  3068 I cast_shell: [3071:3071:INFO:grpc_manager_impl.cc(505)] GRPC[uri=[::]:0]: num_pending_calls=0, num_active_handlers=0, num_free_handlers=0
04-09 15:31:32.748  3068  3068 I cast_shell: [3071:3071:INFO:gcm_manager.cc(269)] Disabling GCM Driver
04-09 15:31:32.748  3068  3068 I cast_shell: [3071:3071:INFO:grpc_manager_impl.cc(505)] GRPC[uri=]: num_pending_calls=0, num_active_handlers=0, num_free_handlers=0
04-09 15:31:32.803  3068  3068 I cast_shell: [3071:3071:INFO:grpc_manager_impl.cc(505)] GRPC[uri=unix:/tmp/hcp_ipc_auth.socket]: num_pending_calls=0, num_active_handlers=10, num_free_handlers=0
04-09 15:31:32.807  3068  3068 I cast_shell: [3071:3071:INFO:grpc_manager_impl.cc(505)] GRPC[uri=unix:/tmp/modular_updater/modular_update_service]: num_pending_calls=0, num_active_handlers=0, num_free_handlers=0
04-09 15:31:32.831  3068  3068 I cast_shell: [3071:3071:INFO:metrics_recorder.cc(112)] Metrics stat: total=13
04-09 15:31:32.831  3068  3068 I cast_shell: Cast.Discovery.Mdns.ResponderStarted=2
04-09 15:31:32.831  3068  3068 I cast_shell: Cast.Discovery.Mdns.ResponderStopped=1
04-09 15:31:32.831  3068  3068 I cast_shell: Cast.Discovery.Mdns.SocketCreated=4
04-09 15:31:32.831  3068  3068 I cast_shell: Cast.Discovery.Mdns.SocketDestroyed=2
04-09 15:31:32.831  3068  3068 I cast_shell: Cast.System.Timezone.ChangeSuccessful=1
04-09 15:31:32.831  3068  3068 I cast_shell: CastV2.Connection.Connect.In=1
04-09 15:31:32.831  3068  3068 I cast_shell: CastV2.Receiver.DeviceStatus.Out=5
04-09 15:31:32.831  3068  3068 I cast_shell: CastV2.Receiver.DeviceStatus.Out.Broadcast=2
04-09 15:31:32.831  3068  3068 I cast_shell: CastV2.Receiver.GetStatus.In=1
04-09 15:31:32.831  3068  3068 I cast_shell: CastV2.Resource.Provider.In=1
04-09 15:31:32.959  3068  3068 I cast_shell: [3071:3071:INFO:metrics_recorder_impl.cc(672)] Activated server experiments: []
04-09 15:31:32.961  3068  3068 I cast_shell: [3071:3071:INFO:cast_logs_metrics_provider.cc(59)] netif is ipv4
04-09 15:31:32.961  3068  3068 I cast_shell: [3071:3071:ERROR:socket_posix.cc(148)] bind() failed: Address already in use (98)
04-09 15:31:32.961  3068  3068 I cast_shell: [3071:3071:INFO:net_util_impl.cc(1041)] Platform supports dual-stack
04-09 15:31:32.986  3068  3068 I cast_shell: [3071:3071:INFO:grpc_manager_impl.cc(505)] GRPC[uri=[::]:8012]: num_pending_calls=0, num_active_handlers=1, num_free_handlers=0
04-09 15:31:33.372  3068  3068 I cast_shell: [3071:3079:ERROR:connectivity_checker_impl.cc(265)] Connectivity check failed: 400
04-09 15:32:13.192  2733  2747 E NetworkMonitor: cannot find default IPv4 route for wlan0
04-09 15:32:13.192  2733  2747 E NetworkMonitor: cannot find default IPv6 route for wlan0
04-09 15:32:16.294  2733  2747 E NetworkMonitor: no response for /bin/ping -n -I wlan0 -c 10 -w 10 8.8.8.8
04-09 15:32:16.306  2733  2747 E NetworkMonitor: no response for /bin/ping6 -n -I wlan0 -c 10 -w 10 2001:4860:4860::8888
04-09 15:32:16.307  2733  2747 E NetworkMonitor: dns resolution failed
04-09 15:32:17.662  3068  3068 I chatty  : uid=1000(chrome) /bin/logwrapper identical 44 lines
04-09 15:32:18.668  3068  3068 I cast_shell: [3071:3079:ERROR:connectivity_checker_impl.cc(265)] Connectivity check failed: 400
04-09 15:32:18.728  2736  2814 I bt_btm_ble: btm_ble_conn_complete unable to match and resolve random address
04-09 15:32:18.730  2736  2773 I bluetoothtbd: [0409/030218.730512:INFO:gatt_server.cc(280)] Added connection entry for conn_id: 5 device address: 7D:6F:0F:17:B0:E3
04-09 15:32:18.730  2736  2814 W bt_smp  : smp_br_connect_callback is called on unexpected transport 2
04-09 15:32:18.730  2736  2814 W bt_btif : bta_dm_acl_change info: 0x0
04-09 15:32:18.731  3068  3068 I cast_shell: [3071:3110:ERROR:bluetooth_v1_via_v2.cc(796)] Connection state changed. :e3 true
04-09 15:32:18.731  2736  2773 D bt_btif_dm: remote version info [7d:6f:0f:17:b0:e3]: 0, 0, 0
04-09 15:32:18.732  2736  2773 I bluetoothtbd: [0409/030218.732083:INFO:adapter.cc(719)] ACL state changed: 7D:6F:0F:17:B0:E3 - connected: true
04-09 15:32:19.243  2736  2773 D bt_btif_scanner: btif_gatts_upstreams_evt: Unhandled event (26)
04-09 15:32:19.674  3068  3068 I cast_shell: [3071:3079:ERROR:connectivity_checker_impl.cc(265)] Connectivity check failed: 400
04-09 15:32:19.826  2736  2814 E bluetoothtbd: [0409/030219.826418:ERROR:gatt_sr.cc(743)] MTU request PDU with MTU size 515
04-09 15:32:19.827  2736  2814 W bt_l2cap: l2cble_set_fixed_channel_tx_data_length, request not supported
04-09 15:32:19.827  2736  2814 W bluetoothtbd: [0409/030219.827347:WARNING:gatt_utils.cc(837)] Call back not found for application conn_id=3
04-09 15:32:19.827  2736  2814 W bluetoothtbd: [0409/030219.827427:WARNING:gatt_utils.cc(837)] Call back not found for application conn_id=4
04-09 15:32:19.827  2736  2814 W bluetoothtbd: [0409/030219.827504:WARNING:gatt_utils.cc(837)] Call back not found for application conn_id=6
04-09 15:32:19.864  3068  3068 I cast_shell: [3071:3110:INFO:ble_setup.cc(322)] Record action: Setup.set_eureka_info.BLE.Locale
04-09 15:32:19.864  3068  3068 I cast_shell: [3071:3110:INFO:locale_manager.cc(576)] New locale: en-US
04-09 15:32:19.872  3068  3068 I cast_shell: [3071:3110:INFO:setup_state.cc(544)] EurekaInfoCalled: wifi_state=3, is_usable_ip_address=1, connected=0, is_initial_setup=1
04-09 15:32:19.872  3068  3068 I cast_shell: [3071:3110:INFO:setup_state.cc(261)] Setup state changed: SETUP_STATE_CHECKING_GLOBAL_CONNECTIVITY_BAD_ROUTER (52) -> SETUP_STATE_DISCONNECTED_EXTERNAL_CLIENT_ACCESSED (11)
04-09 15:32:19.872  3068  3068 I cast_shell: [3071:3095:INFO:media_manager_impl.cc(383)] TurnActive result: 0
04-09 15:32:19.877  2966  3145 I LibreCastControlDelegate: OnCastStatus() +++ Lyric Speaker Box 21f384:0xab5ff198:NOT_SETUP
04-09 15:32:19.877  2966  3145 I LibreCastControlDelegate: Device Build Number -> '1.52.272222'
04-09 15:32:19.877  2966  3145 I librecast: updateCastBuildVersion() Version 1.52.272222
04-09 15:32:19.878  2713  2720 I lucitransport: readRemoteMessage() MID char = 7 buffer = 1.52.272222
04-09 15:32:19.878  2966  3145 I LibreCastControlDelegate: Active Applications -> 0
04-09 15:32:19.878  2966  3145 I LibreCastControlDelegate: Current Cast State '2' -> 'NOT_SETUP'
04-09 15:32:19.878  2966  3145 I LibreCastControlDelegate: OnCastStatus() ---
04-09 15:32:19.880  2966  3145 I LibreCastControlDelegate: OnCastStatus() +++ Lyric Speaker Box 21f384:0xab5ff198:NOT_SETUP
04-09 15:32:19.880  2966  3145 I LibreCastControlDelegate: Device Build Number -> '1.52.272222'
04-09 15:32:19.880  2966  3145 I librecast: updateCastBuildVersion() Version 1.52.272222
04-09 15:32:19.880  3068  3068 I cast_shell: [3071:3110:INFO:metrics_recorder.cc(282)] Record action: Setup.version.BLE
04-09 15:32:19.880  2713  2720 I lucitransport: readRemoteMessage() MID char = 7 buffer = 1.52.272222
04-09 15:32:19.881  2966  3145 I LibreCastControlDelegate: Active Applications -> 0
04-09 15:32:19.881  2966  3145 I LibreCastControlDelegate: Current Cast State '2' -> 'NOT_SETUP'
04-09 15:32:19.881  2966  3145 I LibreCastControlDelegate: OnCastStatus() ---
04-09 15:32:19.916  2736  2773 D bt_btif_scanner: btif_gatts_upstreams_evt: Unhandled event (26)
04-09 15:32:19.967  3068  3068 I cast_shell: [3071:3110:INFO:metrics_recorder.cc(282)] Record action: Setup.name_utf8.BLE
04-09 15:32:20.259  3068  3068 I cast_shell: [3071:3110:INFO:metrics_recorder.cc(282)] Record action: Setup.tos_accepted.BLE
04-09 15:32:20.359  2736  2773 D bt_btif_scanner: btif_gatts_upstreams_evt: Unhandled event (26)
04-09 15:32:20.361  3068  3068 I cast_shell: [3071:3110:INFO:metrics_recorder.cc(282)] Record action: Setup.state.BLE
04-09 15:32:20.390  3068  3068 I cast_shell: [3071:3110:INFO:metrics_recorder.cc(282)] Record action: Setup.ip_address.BLE
04-09 15:32:20.450  3068  3068 I cast_shell: [3071:3110:INFO:metrics_recorder.cc(282)] Record action: Setup.eureka_info_immutable_basic.BLE
04-09 15:32:20.510  3068  3068 I cast_shell: [3071:3110:INFO:metrics_recorder.cc(282)] Record action: Setup.eureka_info_mutable_reads.BLE
04-09 15:32:20.541  3068  3068 I cast_shell: [3071:3110:INFO:metrics_recorder.cc(282)] Record action: Setup.eureak_info_keys.BLE
04-09 15:32:20.646  3068  3068 I cast_shell: [3071:3110:INFO:metrics_recorder.cc(282)] Record action: Setup.eureka_info_immutable_basic.BLE
04-09 15:32:20.679  3068  3068 I cast_shell: [3071:3110:INFO:metrics_recorder.cc(282)] Record action: Setup.eureak_info_keys.BLE
04-09 15:32:20.681  3068  3068 I cast_shell: [3071:3079:ERROR:connectivity_checker_impl.cc(265)] Connectivity check failed: 400
04-09 15:32:20.750  3068  3068 I cast_shell: [3071:3110:INFO:metrics_recorder.cc(282)] Record action: Setup.eureak_info_keys.BLE
04-09 15:32:20.975  3068  3068 I chatty  : uid=1000(chrome) /bin/logwrapper identical 3 lines
04-09 15:32:21.050  3068  3068 I cast_shell: [3071:3110:INFO:metrics_recorder.cc(282)] Record action: Setup.eureak_info_keys.BLE
04-09 15:32:21.126  3068  3068 I cast_shell: [3071:3110:INFO:metrics_recorder.cc(282)] Record action: Setup.i8n_info.BLE
04-09 15:32:21.500  3068  3068 I chatty  : uid=1000(chrome) /bin/logwrapper identical 5 lines
04-09 15:32:21.575  3068  3068 I cast_shell: [3071:3110:INFO:metrics_recorder.cc(282)] Record action: Setup.i8n_info.BLE
04-09 15:32:21.635  3068  3068 I cast_shell: [3071:3110:INFO:ble_setup.cc(322)] Record action: Setup.set_eureka_info.BLE.CountryCode
04-09 15:32:21.636  3068  3068 I cast_shell: [3071:3110:INFO:locale_manager.cc(639)] New country code: IN
04-09 15:32:21.646  2712  2724 I yani_server: NetLink Event '-1' Interface-Index '5' WLAN '-1' Ethernet '-1' Parsed-iFill '-1' -> 'INVALID' ifIndex '1' -> 'lo'
04-09 15:32:22.342  2711  2711 I wpa_supplicant: wlan0: CTRL-EVENT-REGDOM-CHANGE init=USER type=COUNTRY alpha2=IN
04-09 15:32:22.345  2712  2724 I yani_server: NetLink Event '-1' Interface-Index '5' WLAN '0' Ethernet '-1' Parsed-iFill '-1' -> 'INVALID' ifIndex '1' -> 'lo'
04-09 15:32:22.346  3068  3068 I cast_shell: [3071:3079:ERROR:connectivity_checker_impl.cc(265)] Connectivity check failed: 400
04-09 15:32:22.543  2966  3145 I LibreCastControlDelegate: OnCastStatus() +++ Lyric Speaker Box 21f384:0xab5ff198:NOT_SETUP
04-09 15:32:22.543  2966  3145 I LibreCastControlDelegate: Device Build Number -> '1.52.272222'
04-09 15:32:22.543  2966  3145 I librecast: updateCastBuildVersion() Version 1.52.272222
04-09 15:32:22.543  2713  2720 I lucitransport: readRemoteMessage() MID char = 7 buffer = 1.52.272222
04-09 15:32:22.543  2966  3145 I LibreCastControlDelegate: Active Applications -> 0
04-09 15:32:22.543  2966  3145 I LibreCastControlDelegate: Current Cast State '2' -> 'NOT_SETUP'
04-09 15:32:22.543  2966  3145 I LibreCastControlDelegate: OnCastStatus() ---
04-09 15:32:22.701  3068  3068 I cast_shell: [3071:3110:INFO:ble_setup.cc(322)] Record action: Setup.scan_wifi.BLE
04-09 15:32:22.701  3068  3068 I cast_shell: [3071:3110:WARNING:wifi_controller_wpa_supplicant.cc(797)] Wpa responses FAIL-BUSY, assuming it is associating, which will keep scan_results fresh.
04-09 15:32:23.353  3068  3068 I cast_shell: [3071:3079:ERROR:connectivity_checker_impl.cc(265)] Connectivity check failed: 400
04-09 15:32:25.366  3068  3068 I chatty  : uid=1000(chrome) /bin/logwrapper identical 2 lines
04-09 15:32:26.372  3068  3068 I cast_shell: [3071:3079:ERROR:connectivity_checker_impl.cc(265)] Connectivity check failed: 400
04-09 15:32:26.736  3068  3068 I cast_shell: [3071:3110:INFO:ble_setup.cc(322)] Record action: Setup.scan_wifi.BLE
04-09 15:32:26.737  3068  3068 I cast_shell: [3071:3110:WARNING:wifi_controller_wpa_supplicant.cc(797)] Wpa responses FAIL-BUSY, assuming it is associating, which will keep scan_results fresh.
04-09 15:32:26.830  2712  2724 I yani_server: NetLink Event '-1' Interface-Index '5' WLAN '0' Ethernet '-1' Parsed-iFill '-1' -> 'INVALID' ifIndex '1' -> 'lo'
04-09 15:32:26.835  2965  2976 D wac-main: Netlink event
04-09 15:32:26.835  2965  2976 E wac-main: Netlink event 16 Interface Index 5 
04-09 15:32:26.835  2965  2976 E wac-main: Enter poll and wait
04-09 15:32:26.835  2965  2976 D wac-main: Netlink event
04-09 15:32:26.835  2965  2976 E wac-main: Netlink event 16 Interface Index 5 
04-09 15:32:26.835  2965  2976 E wac-main: Enter poll and wait
04-09 15:32:26.840  2712  2724 I yani_server: NetLink Event '-1' Interface-Index '5' WLAN '0' Ethernet '-1' Parsed-iFill '-1' -> 'INVALID' ifIndex '1' -> 'lo'
04-09 15:32:26.845  2712  2724 I yani_server: NetLink Event '-1' Interface-Index '5' WLAN '0' Ethernet '-1' Parsed-iFill '-1' -> 'INVALID' ifIndex '1' -> 'lo'
04-09 15:32:26.845  2966  3145 I LibreCastControlDelegate: OnCastStatus() +++ Lyric Speaker Box 21f384:0xab5ff198:NOT_SETUP
04-09 15:32:26.845  2966  3145 I LibreCastControlDelegate: Device Build Number -> '1.52.272222'
04-09 15:32:26.845  2966  3145 I librecast: updateCastBuildVersion() Version 1.52.272222
04-09 15:32:26.845  2713  2720 I lucitransport: readRemoteMessage() MID char = 7 buffer = 1.52.272222
04-09 15:32:26.845  2966  3145 I LibreCastControlDelegate: Active Applications -> 0
04-09 15:32:26.845  2966  3145 I LibreCastControlDelegate: Current Cast State '2' -> 'NOT_SETUP'
04-09 15:32:26.845  2966  3145 I LibreCastControlDelegate: OnCastStatus() ---
04-09 15:32:26.846  2712  2724 I yani_server: NetLink Event '-1' Interface-Index '5' WLAN '0' Ethernet '-1' Parsed-iFill '-1' -> 'INVALID' ifIndex '1' -> 'lo'
04-09 15:32:26.846  2712  2724 I chatty  : uid=0(root) YaniServer identical 1 line
04-09 15:32:26.847  2712  2724 I yani_server: NetLink Event '-1' Interface-Index '5' WLAN '0' Ethernet '-1' Parsed-iFill '-1' -> 'INVALID' ifIndex '1' -> 'lo'
04-09 15:32:27.379  3068  3068 I cast_shell: [3071:3079:ERROR:connectivity_checker_impl.cc(265)] Connectivity check failed: 400
04-09 15:32:29.392  3068  3068 I chatty  : uid=1000(chrome) /bin/logwrapper identical 2 lines
04-09 15:32:30.399  3068  3068 I cast_shell: [3071:3079:ERROR:connectivity_checker_impl.cc(265)] Connectivity check failed: 400
04-09 15:32:30.800  3068  3068 I cast_shell: [3071:3110:INFO:metrics_recorder.cc(282)] Record action: Setup.scan_results.BLE
04-09 15:32:30.874  3068  3068 I cast_shell: [3071:3110:INFO:metrics_recorder.cc(282)] Record action: Setup.scan_results.BLE
04-09 15:32:31.406  3068  3068 I cast_shell: [3071:3079:ERROR:connectivity_checker_impl.cc(265)] Connectivity check failed: 400
04-09 15:32:32.412  3068  3068 I cast_shell: [3071:3079:ERROR:connectivity_checker_impl.cc(265)] Connectivity check failed: 400
04-09 15:32:32.747  3068  3068 I cast_shell: [3071:3071:INFO:grpc_manager_impl.cc(505)] GRPC[uri=[::]:0]: num_pending_calls=0, num_active_handlers=0, num_free_handlers=0
04-09 15:32:32.749  3068  3068 I cast_shell: [3071:3071:INFO:grpc_manager_impl.cc(505)] GRPC[uri=]: num_pending_calls=0, num_active_handlers=0, num_free_handlers=0
04-09 15:32:32.803  3068  3068 I cast_shell: [3071:3071:INFO:grpc_manager_impl.cc(505)] GRPC[uri=unix:/tmp/hcp_ipc_auth.socket]: num_pending_calls=0, num_active_handlers=10, num_free_handlers=0
04-09 15:32:32.807  3068  3068 I cast_shell: [3071:3071:INFO:grpc_manager_impl.cc(505)] GRPC[uri=unix:/tmp/modular_updater/modular_update_service]: num_pending_calls=0, num_active_handlers=0, num_free_handlers=0
04-09 15:32:32.832  3068  3068 I cast_shell: [3071:3071:INFO:metrics_recorder.cc(112)] Metrics stat: total=12
04-09 15:32:32.832  3068  3068 I cast_shell: Cast.Discovery.Mdns.ResponderPing=1
04-09 15:32:32.832  3068  3068 I cast_shell: Cast.Discovery.Mdns.SocketPing=2
04-09 15:32:32.832  3068  3068 I cast_shell: Setup.eureak_info_keys.BLE=7
04-09 15:32:32.832  3068  3068 I cast_shell: Setup.eureka_info_immutable_basic.BLE=2
04-09 15:32:32.832  3068  3068 I cast_shell: Setup.eureka_info_mutable_reads.BLE=1
04-09 15:32:32.832  3068  3068 I cast_shell: Setup.i8n_info.BLE=7
04-09 15:32:32.832  3068  3068 I cast_shell: Setup.ip_address.BLE=1
04-09 15:32:32.832  3068  3068 I cast_shell: Setup.name_utf8.BLE=1
04-09 15:32:32.832  3068  3068 I cast_shell: Setup.scan_results.BLE=2
04-09 15:32:32.832  3068  3068 I cast_shell: Setup.state.BLE=1
04-09 15:32:32.957  3068  3068 I cast_shell: [3071:3110:INFO:wifi_proximity.cc(177)] Request scan.
04-09 15:32:32.987  3068  3068 I cast_shell: [3071:3071:INFO:grpc_manager_impl.cc(505)] GRPC[uri=[::]:8012]: num_pending_calls=0, num_active_handlers=1, num_free_handlers=0
04-09 15:32:33.036  3068  3068 I cast_shell: [3071:3110:INFO:ble_setup.cc(322)] Record action: Setup.play_sound.BLE
04-09 15:32:33.038  3068  3068 I cast_shell: [3071:3088:INFO:synchronized_sound_player.cc(362)] Playing sound key 2
04-09 15:32:33.079  3068  3068 I cast_shell: [3071:3088:INFO:audio_decoder_software_wrapper.cc(86)] Using backend decoder for PCM
04-09 15:32:33.080  3068  3068 I cast_shell: [3071:3094:INFO:mixer_input_connection.cc(208)] Create 0xf3f5a0a0 (no_delay), content type: media, focus type: media, fill size: 512, algorithm fill size: 221, channel count: 1, input sample rate: 44100, start threshold: 3087, max queue size: 8820, socket: 0xafed3dc8
04-09 15:32:33.080  3068  3068 I cast_shell: [3071:3093:INFO:mixer_output_stream_alsa.cc(428)] ALSA buffer = 4096, period = 512
04-09 15:32:33.080  3068  3068 I cast_shell: [3071:3092:INFO:stream_mixer.cc(604)] Input source channel count = 1
04-09 15:32:33.080  3068  3068 I cast_shell: [3071:3092:INFO:stream_mixer.cc(607)] Dynamic channel count not enabled; using stereo
04-09 15:32:33.080  3068  3068 I cast_shell: [3071:3092:INFO:stream_mixer.cc(604)] Input source channel count = 1
04-09 15:32:33.080  3068  3068 I cast_shell: [3071:3092:INFO:stream_mixer.cc(607)] Dynamic channel count not enabled; using stereo
04-09 15:32:33.080  3068  3068 I cast_shell: [3071:3092:INFO:stream_mixer.cc(416)] Start with 0 active inputs
04-09 15:32:33.082  3068  3068 I cast_shell: [3071:3110:INFO:ble_setup.cc(322)] Record action: Setup.play_sound.BLE
04-09 15:32:33.085  3068  3068 I cast_shell: [3071:3093:INFO:mixer_output_stream_alsa.cc(171)] snd_pcm_open: handle=0xf400bf48
04-09 15:32:33.093  3068  3068 I cast_shell: [3071:3093:WARNING:mixer_output_stream_alsa.cc(341)] Requested sample rate (44100 Hz) does not match the actual sample rate (48000 Hz). This may lead to lower audio quality.
04-09 15:32:33.093  3068  3068 I cast_shell: [3071:3093:INFO:mixer_output_stream_alsa.cc(346)] Sample rate changed from 0 to 48000
04-09 15:32:33.094  3068  3068 I cast_shell: [3071:3093:WARNING:mixer_output_stream_alsa.cc(379)] Requested period size (512 frames) does not match the actual period size (1024 frames). This may lead to an increase in CPU usage or an increase in audio latency.
04-09 15:32:33.096  3068  3068 I cast_shell: [3071:3092:INFO:stream_mixer.cc(466)] Output 2 channels at 48000 samples per second
04-09 15:32:33.096  3068  3068 I cast_shell: [3071:3092:INFO:stream_mixer.cc(484)] Using 2 loopback channels
04-09 15:32:33.096  3068  3068 I cast_shell: [3071:3093:INFO:filter_group.cc(340)] : 2ch@48000hz -> [GROUP]mix -> 2ch@48000hz
04-09 15:32:33.096  3068  3068 I cast_shell: [3071:3093:INFO:filter_group.cc(340)] [GROUP]mix: 2ch@48000hz -> [GROUP]linearize -> 2ch@48000hz
04-09 15:32:33.097  3068  3068 I cast_shell: [3071:3092:INFO:stream_mixer.cc(640)] Add input 0xf3f5a0a4 to mix @ 48000 samples per second. Is primary source? = 0
04-09 15:32:33.101  3068  3068 I cast_shell: [3071:3092:INFO:mixer_input.cc(361)] no_delay(0xf3f5a0a4): set volume limits to [0, 1]
04-09 15:32:33.101  3068  3068 I cast_shell: [3071:3092:INFO:mixer_input.cc(121)] Remixing channels for 0xf3f5a0a4 from 1 to 2
04-09 15:32:33.102  3068  3068 I cast_shell: [3071:3092:INFO:mixer_input.cc(346)] no_delay(0xf3f5a0a4): type volume = 1, effective multiplier = 1
04-09 15:32:33.102  3068  3068 I cast_shell: [3071:3092:INFO:mixer_input.cc(395)] no_delay(0xf3f5a0a4): mute volume = 1, effective multiplier = 1
04-09 15:32:33.103  3068  3068 I cast_shell: [3071:3092:INFO:mixer_input_connection.cc(1053)] 0xf3f5a0a0 ready for playback
04-09 15:32:33.103  3068  3068 I cast_shell: [3071:3088:INFO:media_pipeline_backend_for_mixer.cc(276)] Audio ready to play
04-09 15:32:33.104  3068  3068 I cast_shell: [3071:3092:INFO:mixer_input_connection.cc(705)] Start 0xf3f5a0a0
04-09 15:32:33.107  3068  3068 I cast_shell: [3071:3088:INFO:synchronized_sound_player.cc(362)] Playing sound key 0
04-09 15:32:33.107  3068  3068 I cast_shell: [3071:3094:INFO:mixer_input_connection.cc(386)] Remove 0xf3f5a0a0
04-09 15:32:33.127  3068  3068 I cast_shell: [3071:3088:INFO:audio_decoder_software_wrapper.cc(86)] Using backend decoder for PCM
04-09 15:32:33.127  3068  3068 I cast_shell: [3071:3094:INFO:mixer_input_connection.cc(208)] Create 0xf3f5bcc8 (no_delay), content type: media, focus type: media, fill size: 512, algorithm fill size: 240, channel count: 2, input sample rate: 48000, start threshold: 3360, max queue size: 9600, socket: 0xaff51748
04-09 15:32:33.128  3068  3068 I cast_shell: [3071:3092:INFO:stream_mixer.cc(640)] Add input 0xf3f5bccc to mix @ 48000 samples per second. Is primary source? = 0
04-09 15:32:33.129  3068  3068 I cast_shell: [3071:3092:INFO:mixer_input.cc(361)] no_delay(0xf3f5bccc): set volume limits to [0, 1]
04-09 15:32:33.129  3068  3068 I cast_shell: [3071:3092:INFO:mixer_input.cc(346)] no_delay(0xf3f5bccc): type volume = 1, effective multiplier = 1
04-09 15:32:33.129  3068  3068 I cast_shell: [3071:3092:INFO:mixer_input.cc(395)] no_delay(0xf3f5bccc): mute volume = 1, effective multiplier = 1
04-09 15:32:33.136  3068  3068 I cast_shell: [3071:3088:INFO:media_pipeline_backend_for_mixer.cc(276)] Audio ready to play
04-09 15:32:33.139  3068  3068 I cast_shell: [3071:3092:INFO:mixer_input_connection.cc(1053)] 0xf3f5bcc8 ready for playback
04-09 15:32:33.150  3068  3068 I cast_shell: [3071:3094:INFO:mixer_input_connection.cc(243)] Delete 0xf3f5a0a0
04-09 15:32:33.150  3068  3068 I cast_shell: [3071:3092:INFO:stream_mixer.cc(683)] Remove input 0xf3f5a0a4
04-09 15:32:33.150  3068  3068 I chatty  : uid=1000(chrome) /bin/logwrapper identical 1 line
04-09 15:32:33.150  3068  3068 I cast_shell: [3071:3092:INFO:stream_mixer.cc(683)] Remove input 0xf3f5a0a4
04-09 15:32:33.150  3068  3068 I cast_shell: [3071:3092:INFO:mixer_input_connection.cc(705)] Start 0xf3f5bcc8
04-09 15:32:33.418  3068  3068 I cast_shell: [3071:3079:ERROR:connectivity_checker_impl.cc(265)] Connectivity check failed: 400
04-09 15:32:34.424  3068  3068 I cast_shell: [3071:3079:ERROR:connectivity_checker_impl.cc(265)] Connectivity check failed: 400
04-09 15:32:34.749  3068  3068 I cast_shell: [3071:3092:INFO:mixer_input_connection.cc(589)] End of stream for 0xf3f5bcc8
04-09 15:32:34.941  3068  3068 I cast_shell: [3071:3094:INFO:mixer_input_connection.cc(386)] Remove 0xf3f5bcc8
04-09 15:32:34.941  3068  3068 I cast_shell: [3071:3088:INFO:synchronized_sound_player.cc(496)] Finished playing sound
04-09 15:32:35.005  3068  3068 I cast_shell: [3071:3094:INFO:mixer_input_connection.cc(243)] Delete 0xf3f5bcc8
04-09 15:32:35.005  3068  3068 I cast_shell: [3071:3092:INFO:stream_mixer.cc(683)] Remove input 0xf3f5bccc
04-09 15:32:35.006  3068  3068 I cast_shell: [3071:3092:INFO:stream_mixer.cc(774)] Close timeout
04-09 15:32:35.006  3068  3068 I cast_shell: [3071:3092:INFO:stream_mixer.cc(541)] Stop
04-09 15:32:35.006  3068  3068 I cast_shell: [3071:3079:INFO:loopback_audio_input.cc(194)] [REALIGN] loopback interrupted; reason = 4
04-09 15:32:35.006  3068  3068 I cast_shell: [3071:3071:INFO:cast_receiver_mojo.cc(844)] cast event : Cast.Platform.Audio.OutputInterrupted
04-09 15:32:35.090  3068  3068 I cast_shell: [3071:3093:INFO:mixer_output_stream_alsa.cc(293)] snd_pcm_close: handle=0xf400bf48
04-09 15:32:35.430  3068  3068 I cast_shell: [3071:3079:ERROR:connectivity_checker_impl.cc(265)] Connectivity check failed: 400
04-09 15:32:44.490  3068  3068 I chatty  : uid=1000(chrome) /bin/logwrapper identical 9 lines
04-09 15:32:45.497  3068  3068 I cast_shell: [3071:3079:ERROR:connectivity_checker_impl.cc(265)] Connectivity check failed: 400
04-09 15:32:46.357  3068  3068 I cast_shell: [3071:3110:INFO:ble_setup.cc(322)] Record action: Setup.connect_wifi.BLE
04-09 15:32:46.364  3068  3068 I cast_shell: [3071:3110:INFO:setup_manager_impl.cc(1965)] New value: pref=tos-accepted, value=1
04-09 15:32:46.364  3068  3068 I cast_shell: [3071:3110:INFO:api_connect_wifi.cc(86)] connect_wifi Auth: 7
04-09 15:32:46.364  3068  3068 I cast_shell: [3071:3110:INFO:api_connect_wifi.cc(90)] connect_wifi Cipher: 4
04-09 15:32:46.365  3068  3068 I cast_shell: [3071:3071:INFO:bluetooth_setup.cc(686)] Disabling connectability: no bonded devices.
04-09 15:32:46.365  3068  3068 I cast_shell: [3071:3071:INFO:cast_receiver_impl.cc(1100)] Leaving discovery-only mode
04-09 15:32:46.365  3068  3068 I cast_shell: [3071:3071:INFO:application_config_manager_impl.cc(566)] Enabling virtual device 4747421e-8aaf-df86-d000-3c3f4905e536
04-09 15:32:46.365  3068  3068 I cast_shell: [3071:3120:INFO:mdns_cast_service.cc(351)] Device discovery state is idle
04-09 15:32:46.365  3068  3068 I cast_shell: [3071:3120:INFO:mdns_util.cc(102)] Defaulting mDNS capabilities for audio-only build
04-09 15:32:46.379  3068  3068 I cast_shell: [3071:3110:INFO:wifi_controller_wpa_supplicant.cc(1188)] strongest_snr=22 wifi_interface_index=0
04-09 15:32:46.396  2736  2773 I bluetoothtbd: [0409/030246.396789:INFO:adapter.cc(551)] Adapter properties changed
04-09 15:32:46.397  3068  3068 I cast_shell: [3071:3110:INFO:api_connect_wifi.cc(159)] [PII] Configuring wifi: ssid=Linksys16717_2G, auth=7, pairwise=4, id=0"
04-09 15:32:46.397  3068  3068 I cast_shell: [3071:3110:INFO:api_connect_wifi.cc(162)] Configuring wifi: otg =0, tethering_mode =0, wifi_auto_save_enabled=0
04-09 15:32:46.397  3068  3068 I cast_shell: [3071:3110:INFO:local_network_info_impl.cc(276)] CONNECTIVITY_ID changed:
04-09 15:32:46.397  3068  3068 I cast_shell: [3071:3110:INFO:setup_state.cc(261)] Setup state changed: SETUP_STATE_DISCONNECTED_EXTERNAL_CLIENT_ACCESSED (11) -> SETUP_STATE_SCANNING (20)
04-09 15:32:46.397  3068  3068 I cast_shell: [3071:3071:INFO:ccs_manager_impl.cc(1799)] Connectivity ID has changed; Will re-register CCS
04-09 15:32:46.397  3068  3068 I cast_shell: [3071:3071:INFO:ccs_manager_impl.cc(851)] Network connectivity down for CcsManager
04-09 15:32:46.397  3068  3068 I cast_shell: [3071:3110:INFO:bluetooth_manager.cc(115)] Record action: Cast.Bluetooth.DiscoveryMode.Disable
04-09 15:32:46.397  2712  2724 I yani_server: NetLink Event '-1' Interface-Index '5' WLAN '-1' Ethernet '-1' Parsed-iFill '-1' -> 'INVALID' ifIndex '1' -> 'lo'
04-09 15:32:46.406  3068  3068 I cast_shell: [3071:3110:INFO:setup_state.cc(261)] Setup state changed: SETUP_STATE_SCANNING (20) -> SETUP_STATE_CHECKING_GLOBAL_CONNECTIVITY (50)
04-09 15:32:46.411  2966  3145 I LibreCastControlDelegate: OnCastStatus() +++ Lyric Speaker Box 21f384:0xab5ff198:OFFLINE
04-09 15:32:46.411  2966  3145 I LibreCastControlDelegate: Device Build Number -> '1.52.272222'
04-09 15:32:46.411  2966  3145 I librecast: updateCastBuildVersion() Version 1.52.272222
04-09 15:32:46.411  2713  2720 I lucitransport: readRemoteMessage() MID char = 7 buffer = 1.52.272222
04-09 15:32:46.411  2966  3145 I LibreCastControlDelegate: Active Applications -> 0
04-09 15:32:46.411  2966  3145 I LibreCastControlDelegate: Current Cast State '3' -> 'OFFLINE'
04-09 15:32:46.411  2966  3145 I LibreCastControlDelegate: OnCastStatus() ---
04-09 15:32:46.414  2966  3145 I LibreCastControlDelegate: OnCastStatus() +++ Lyric Speaker Box 21f384:0xab5ff198:OFFLINE
04-09 15:32:46.414  2966  3145 I LibreCastControlDelegate: Device Build Number -> '1.52.272222'
04-09 15:32:46.414  2966  3145 I librecast: updateCastBuildVersion() Version 1.52.272222
04-09 15:32:46.414  2713  2720 I lucitransport: readRemoteMessage() MID char = 7 buffer = 1.52.272222
04-09 15:32:46.414  2966  3145 I LibreCastControlDelegate: Active Applications -> 0
04-09 15:32:46.414  2966  3145 I LibreCastControlDelegate: Current Cast State '3' -> 'OFFLINE'
04-09 15:32:46.414  2966  3145 I LibreCastControlDelegate: OnCastStatus() ---
04-09 15:32:46.415  2966  3145 I LibreCastControlDelegate: OnCastStatus() +++ Lyric Speaker Box 21f384:0xab5ff198:OFFLINE
04-09 15:32:46.415  2966  3145 I LibreCastControlDelegate: Device Build Number -> '1.52.272222'
04-09 15:32:46.415  2966  3145 I librecast: updateCastBuildVersion() Version 1.52.272222
04-09 15:32:46.415  2713  2720 I lucitransport: readRemoteMessage() MID char = 7 buffer = 1.52.272222
04-09 15:32:46.502  3068  3068 I cast_shell: [3071:3079:ERROR:connectivity_checker_impl.cc(265)] Connectivity check failed: 400
04-09 15:32:46.909  3068  3068 I cast_shell: [3071:3110:INFO:metrics_recorder.cc(282)] Record action: Setup.version.BLE
04-09 15:32:46.939  3068  3068 I cast_shell: [3071:3110:INFO:metrics_recorder.cc(282)] Record action: Setup.tos_accepted.BLE
04-09 15:32:46.970  3068  3068 I cast_shell: [3071:3110:INFO:metrics_recorder.cc(282)] Record action: Setup.state.BLE
04-09 15:32:46.999  3068  3068 I cast_shell: [3071:3110:INFO:metrics_recorder.cc(282)] Record action: Setup.ip_address.BLE
04-09 15:32:47.371  3068  3068 I cast_shell: [3071:3071:INFO:grpc_service_discovery_impl.cc(185)] Mdns discovered google RPC for [PII](9A13E47FA8377C08063DFE7F0DBF4CB4).
