04-09 17:19:13.977  3076  3076 I cast_shell: [3079:3127:INFO:metrics_recorder.cc(282)] cast event: Cast.Discovery.Mdns.SocketCreated
04-09 17:19:13.977  3076  3076 I cast_shell: [3079:3127:INFO:mdns_app_filter.cc(1254)] Created mDNS socket for interface:name=wlan0, address=192.168.1.145, index=5
04-09 17:19:13.977  3076  3076 I cast_shell: [3079:3127:INFO:metrics_recorder.cc(282)] cast event: Cast.Discovery.Mdns.SocketCreated
04-09 17:19:13.977  3076  3076 I cast_shell: [3079:3127:INFO:mdns_app_filter.cc(1254)] Created mDNS socket for interface:name=p2p1, address=192.168.2.1, index=7
04-09 17:19:13.977  3076  3076 I cast_shell: [3079:3127:INFO:metrics_recorder.cc(282)] cast event: Cast.Discovery.Mdns.SocketCreated
04-09 17:19:13.977  3076  3076 I cast_shell: [3079:3127:INFO:mdns_app_filter.cc(1254)] Created mDNS socket for interface:name=usb0, address=192.168.10.1, index=9
04-09 17:19:13.977  3076  3076 I cast_shell: [3079:3127:INFO:mdns_app_filter.cc(977)] MdnsAppFilter is starting.
04-09 17:19:13.978  2960  3154 I LibreCastControlDelegate: OnCastStatus() +++ Lyric Speaker Box 21f384:0xac6f5198:NOT_SETUP
04-09 17:19:13.979  3076  3076 I cast_shell: [3079:3127:INFO:mdns_app_filter.cc(1120)] Skipping IPv6 interface that also has an IPv4 address: wlan0
04-09 17:19:13.979  2960  3154 I LibreCastControlDelegate: Device Build Number -> '1.52.272222'
04-09 17:19:13.979  2960  3154 I librecast: updateCastBuildVersion() Version 1.52.272222
04-09 17:19:13.979  3076  3076 I cast_shell: [3079:3127:INFO:mdns_app_filter.cc(1120)] Skipping IPv6 interface that also has an IPv4 address: wlan0
04-09 17:19:13.979  3076  3076 I chatty  : uid=1000(chrome) /bin/logwrapper identical 1 line
04-09 17:19:13.979  3076  3076 I cast_shell: [3079:3127:INFO:mdns_app_filter.cc(1120)] Skipping IPv6 interface that also has an IPv4 address: wlan0
04-09 17:19:13.979  2714  2714 I lucitransport: readRemoteMessage() MID char = 7 buffer = 1.52.272222
04-09 17:19:13.979  2960  3154 I LibreCastControlDelegate: Active Applications -> 0
04-09 17:19:13.979  2960  3154 I LibreCastControlDelegate: Current Cast State '2' -> 'NOT_SETUP'
04-09 17:19:14.040  2966  2988 I otamanager: OTA:ResolveDNSName IP = 100.26.124.236
04-09 17:19:14.040  2966  2988 I otamanager: OTA:hostIp string: https://100.26.124.236/v1
04-09 17:19:14.040  2966  2988 I otamanager: OTA: trying after 2 sec 
04-09 17:19:14.115  3076  3076 I cast_shell: [3079:3087:INFO:parent_tracker.cc(237)] Network changed
04-09 17:19:14.116  3076  3076 I cast_shell: [3079:3087:INFO:parent_tracker.cc(135)] Now using local address [PII](192.168.1.145)
04-09 17:19:14.116  3076  3076 I cast_shell: [3079:3087:INFO:directory_service_impl.cc(200)] This device became root
04-09 17:19:14.121  3076  3076 I cast_shell: [3079:3087:INFO:parent_tracker.cc(237)] Network changed
04-09 17:19:14.121  3076  3076 I cast_shell: [3079:3087:INFO:parent_tracker.cc(132)] No need to recreate socket
04-09 17:19:14.121  3076  3076 I cast_shell: [3079:3422:INFO:net_util_impl.cc(582)] IP address: [PII](192.168.1.1) MAC address: [PII](C8:B3:73:44:AE:ED)
04-09 17:19:14.121  3076  3076 I cast_shell: [3079:3422:INFO:local_network_info_impl.cc(346)] LNID changed:
04-09 17:19:14.123  3076  3076 I cast_shell: [3079:3079:INFO:ccs_manager_impl.cc(1789)] LNID has changed; Will re-register CCS
04-09 17:19:14.134  3076  3076 I cast_shell: [3079:3422:INFO:net_util_impl.cc(582)] IP address: [PII](192.168.1.1) MAC address: [PII](C8:B3:73:44:AE:ED)
04-09 17:19:14.166  3076  3076 I cast_shell: [3079:3117:INFO:metrics_recorder.cc(282)] Record action: Setup.version.BLE
04-09 17:19:14.195  3076  3076 I cast_shell: [3079:3117:INFO:metrics_recorder.cc(282)] Record action: Setup.tos_accepted.BLE
04-09 17:19:14.225  3076  3076 I cast_shell: [3079:3117:INFO:metrics_recorder.cc(282)] Record action: Setup.state.BLE
04-09 17:19:14.255  3076  3076 I cast_shell: [3079:3117:INFO:metrics_recorder.cc(282)] Record action: Setup.ip_address.BLE
04-09 17:19:14.289  3076  3076 I cast_shell: [3079:3117:INFO:ble_setup.cc(322)] Record action: Setup.set_eureka_info.BLE
04-09 17:19:14.290  3076  3076 I cast_shell: [3079:3117:INFO:timezone_settings.cc(288)] Setting system timezone to Asia/Kolkata
04-09 17:19:14.290  3076  3076 I cast_shell: [3079:3129:INFO:multizone_group.cc(357)] Change name for group [PII](281CD08793FFB88291ED527B823FA582) to [PII](Bedroom speaker 2)
04-09 17:19:14.291  3076  3076 I cast_shell: [3079:3117:INFO:locale_manager.cc(511)] New timezone: Asia/Kolkata
04-09 17:19:14.291  3076  3076 I cast_shell: [3079:3117:INFO:locale_manager.cc(539)] New time format: 24-hour
04-09 17:19:14.291  3076  3076 I cast_shell: [3079:3079:INFO:device_info_impl.cc(1133)] SSDP Config ID is increased: id=4
04-09 17:19:14.294  3076  3076 I cast_shell: [3079:3079:INFO:device_info_impl.cc(1133)] SSDP Config ID is increased: id=5
04-09 17:19:14.296  2735  2772 I bluetoothtbd: [0409/044914.296260:INFO:adapter.cc(551)] Adapter properties changed
04-09 17:19:14.296  2735  2772 I bluetoothtbd: [0409/044914.296454:INFO:adapter.cc(573)] Adapter name changed
04-09 17:19:14.297  3076  3076 I cast_shell: [3079:3117:INFO:bluetooth_manager.cc(1232)] [PII] Set device name to 'Bedroom speaker 2'
04-09 17:19:14.297  2735  2772 I bluetoothtbd: [0409/044914.297742:INFO:adapter.cc(551)] Adapter properties changed
04-09 17:19:14.309  3076  3076 I cast_shell: [3079:3117:INFO:metrics_recorder.cc(282)] cast event: Cast.System.Timezone.ChangeSuccessful
04-09 17:19:14.361  3076  3076 I cast_shell: [3079:3117:INFO:ble_setup.cc(322)] Record action: Setup.save_wifi.BLE
04-09 17:19:14.362  3076  3076 I cast_shell: [3079:3117:INFO:wifi_controller_wpa_supplicant.cc(692)] Clear bssid from config for network id 0
04-09 17:19:14.366  3076  3076 I cast_shell: [3079:3117:INFO:setup_manager_impl.cc(1725)] Report action: Wifi.FirstConfigured
04-09 17:19:14.790  3076  3076 I cast_shell: [3079:3117:INFO:ble_setup.cc(789)] Missing required info for sign.
04-09 17:19:14.833  3076  3076 I cast_shell: [system_updater_dummy.cpp(139)] CheckUpdate 139
04-09 17:19:14.833  3076  3076 I cast_shell: [system_updater_dummy.cpp(148)] CheckUpdate 148 return
04-09 17:19:14.834  3076  3076 I cast_shell: [3079:3117:INFO:ble_setup.cc(915)] Sign related info completed, no future EurekaInfo need sign.
04-09 17:19:15.090  3076  3076 I cast_shell: [3079:3127:INFO:mdns_app_filter.cc(1403)] MdnsAppFilter: Done probing.
04-09 17:19:15.152  3076  3076 I cast_shell: [3079:3114:INFO:snr_tracker.cc(50)] snr = 50
04-09 17:19:15.411  3076  3076 I cast_shell: [3079:3117:INFO:metrics_recorder.cc(282)] Record action: Setup.state.BLE
04-09 17:19:15.635  3076  3076 I cast_shell: [3079:3422:INFO:crl_downloader.cc(155)] CRL processed.
04-09 17:19:15.637  3076  3076 I cast_shell: [3079:3422:INFO:metrics_recorder.cc(282)] cast event: Cast.CRL.DownloadSuccess
04-09 17:19:15.640  3076  3076 I cast_shell: [3079:3422:INFO:client_auth_signer.cc(211)] Cast certificate verification: CastCertError::OK
04-09 17:19:15.640  3076  3076 I cast_shell: [3079:3422:INFO:metrics_recorder.cc(282)] cast event: Cast.Auth.OK
04-09 17:19:15.752  2966  2988 I otamanager: OTA:curl response code : 0	
04-09 17:19:15.752  2966  2988 I otamanager: http status code : 200
04-09 17:19:15.752  2966  2988 I otamanager: OTA: contentLen :187.000000
04-09 17:19:15.762  2966  2988 I otamanager: OTA: bytesDownloaded = 187 m_iHttpStatusCode = 200 
04-09 17:19:15.768  2693  2693 I sh      : {
04-09 17:19:15.768  2966  2988 E otamanager: OTA:error string =  No update available
04-09 17:19:15.768  2693  2693 I sh      : 	"castVersion" : null,
04-09 17:19:15.768  2693  2693 I sh      : 	"crc" : null,
04-09 17:19:15.769  2714  2714 I lucitransport: writeRemoteMessage() MID = 223 buffer = NO_UPDATE
04-09 17:19:15.769  2693  2693 I sh      : 	"errorCode" : 1001,
04-09 17:19:15.769  2693  2693 I sh      : 	"errorString" : "No update available",
04-09 17:19:15.769  2693  2693 I sh      : 	"forceUpgrade" : true,
04-09 17:19:15.769  2693  2693 I sh      : 	"mcuOnlyUpdate" : false,
04-09 17:19:15.769  2693  2693 I sh      : 	"otapackage" : null,
04-09 17:19:15.769  2693  2693 I sh      : 	"url" : null,
04-09 17:19:15.769  2693  2693 I sh      : 	"version" : null
04-09 17:19:15.769  2714  2714 I luciUART: write() MID = 223  bytes = 19 data = NO_UPDATE m_fd = 0x5
04-09 17:19:15.769  2966  2988 I otamanager: Firmware Update State Change from CheckUpdate to Idle
04-09 17:19:15.779  3076  3076 I cast_shell: [3079:3079:INFO:lycra_gcm.cc(212)] Registered GCM handler
04-09 17:19:15.780  3076  3076 I cast_shell: [3079:3079:INFO:ccs_transport_gcm.cc(244)] Registered GCM handler
04-09 17:19:15.780  3076  3076 I cast_shell: [3079:3079:INFO:ccs_manager_impl.cc(1322)] Waiting for all transports to be enabled
04-09 17:19:15.782  3076  3076 I cast_shell: [system_updater_dummy.cpp(148)] CheckUpdate 148 return
04-09 17:19:15.782  3076  3076 I chatty  : uid=1000(chrome) /bin/logwrapper identical 1 line
04-09 17:19:15.782  3076  3076 I cast_shell: [system_updater_dummy.cpp(148)] CheckUpdate 148 return
04-09 17:19:15.782  2966  2988 I otamanager: cast_updater_threadEntry() Response 'CheckUpdate' Current Firmware Update state 'Idle'
04-09 17:19:15.782  2966  2988 I otamanager: checkUpdate_l
04-09 17:19:15.782  2966  2988 I otamanager: Firmware Update State Change from Idle to CheckUpdate
04-09 17:19:15.782  2714  2714 I lucitransport: readRemoteMessage() MID char = 232 buffer = TRUE
04-09 17:19:15.783  2966  2988 E otamanager: lo not valid Interface for MAC ID
04-09 17:19:15.783  2966  2988 D otamanager: OTA: wlan IP = 192.168.1.145
04-09 17:19:15.783  2966  2988 I otamanager: OTA:checkIP mac = cc909321f384  IP = 192.168.1.145 
04-09 17:19:15.784  2966  2988 I otamanager: DownloadHttpContent firmware version = eng.C4A.1203
04-09 17:19:15.789  2714  2714 I lucitransport: readRemoteMessage() MID char = 6 buffer = 1001
04-09 17:19:15.789  2714  2714 I lucitransport: readRemoteMessage() MID char = 7 buffer = 1.52.272222
04-09 17:19:15.789  2966  2988 I otamanager: OTA: DownloadHttpContent :payload =  {"device":{"brand":"COTODAMA","castVersion":"1.52.272222","deviceId":"cc909321f384","deviceType":"LS10_C4A","fwVersion":"1203","googleCast":true,"mcuVersion":"1001","model":"LSB"}}
04-09 17:19:15.789  2966  2988 I otamanager:  
04-09 17:19:15.789  2966  2988 I otamanager: OTA:------curlDownloadFirmwareXml---
04-09 17:19:15.789  2966  2988 I otamanager: OTA:isValidIpAddress: result 0
04-09 17:19:16.100  3076  3076 I cast_shell: [3079:3079:INFO:grpc_service_discovery_impl.cc(185)] Mdns discovered google RPC for [PII](281CD08793FFB88291ED527B823FA582).
04-09 17:19:16.179  3076  3076 I cast_shell: [3079:3087:INFO:heartbeat_manager.cc(272)] Set HBInterval default: 1680000
04-09 17:19:16.181  2966  2988 I otamanager: OTA:ResolveDNSName IP = 100.26.124.236
04-09 17:19:16.181  2966  2988 I otamanager: OTA:hostIp string: https://100.26.124.236/v1
04-09 17:19:16.181  2966  2988 I otamanager: OTA: trying after 2 sec 
04-09 17:19:16.183  3076  3076 I cast_shell: [3079:3079:INFO:gcm_manager.cc(233)] GCM connection established.
04-09 17:19:16.185  3076  3076 I cast_shell: [3079:3079:INFO:config_downloader.cc(700)] Received Protobuf config response
04-09 17:19:16.208  3076  3076 I cast_shell: [3079:3079:INFO:application_manager_impl.cc(2024)] max_background_apps changed to: 1
04-09 17:19:16.209  3076  3076 I cast_shell: [3079:3079:ERROR:modular_update_manager_impl.cc(382)] No modular updater app ID can be found in device config.
04-09 17:19:16.218  3076  3076 I cast_shell: [3079:3079:INFO:ccs_settings.cc(262)] CcsSettings using CCS url https://clients5.google.com/cast/cloudcast/
04-09 17:19:16.241  3076  3076 I cast_shell: [3079:3079:INFO:application_config_manager_impl.cc(528)] Setting default remote control app ID: 1374D8AA
04-09 17:19:16.241  3076  3076 I cast_shell: [3079:3079:INFO:application_identification_settings.cc(410)] new ApplicationIdentificationSettings session_id: 256fe2d6-7345-40c2-a6b9-49393f15f6b1 app_id: 38579375 flags: 7 headers: 512
04-09 17:19:16.241  3076  3076 I cast_shell: [3079:3079:WARNING:ccs_manager_impl.cc(1566)] Device does not have a weave device id
04-09 17:19:16.241  3076  3076 I cast_shell: [3079:3079:INFO:mdns_util.cc(102)] Defaulting mDNS capabilities for audio-only build
04-09 17:19:16.241  3076  3076 I cast_shell: [3079:3079:INFO:mdns_util.cc(102)] Defaulting mDNS capabilities for audio-only build
04-09 17:19:16.242  3076  3076 I cast_shell: [3079:3079:INFO:ccs_transport_https.cc(1203)] No cloud settings for register request
04-09 17:19:16.248  3076  3076 I cast_shell: [3079:3079:INFO:ccs_manager_impl.cc(1496)] Registering device with CCS: message_id = ba4debe4-fa37-44d6-a097-62d077819249
04-09 17:19:16.248  3076  3076 I cast_shell: [3079:3079:INFO:ccs_manager_impl.cc(1497)] [PII] device_id = 281CD08793FFB88291ED527B823FA582
04-09 17:19:16.248  3076  3076 I cast_shell: [3079:3079:INFO:application_identification_settings.cc(410)] new ApplicationIdentificationSettings session_id: 7b6ae421-cccf-405f-b8c1-556d4d3c8e64 app_id: 38579375 flags: 7 headers: 512
04-09 17:19:16.248  3076  3076 I cast_shell: [3079:3079:INFO:robot_account_auth_manager.cc(470)] Successfully initialized JWT for 38579375
04-09 17:19:16.249  3076  3076 I cast_shell: [3079:3079:INFO:config_downloader.cc(900)] Clearing local config cache
04-09 17:19:16.250  3076  3076 I cast_shell: [3079:3079:INFO:metrics_recorder.cc(282)] Record action: Cast.DCS.DownloadSuccess
04-09 17:19:16.250  3076  3076 I cast_shell: [3079:3079:INFO:key_exchange_namespace_handler.cc(178)] Changing key_exchange_support capability
04-09 17:19:16.252  2960  3154 I LibreCastControlDelegate: OnCastStatus() +++ Bedroom speaker 2:0xac6f5198:NOT_SETUP
04-09 17:19:16.252  2960  3154 I LibreCastControlDelegate: Device Build Number -> '1.52.272222'
04-09 17:19:16.252  2960  3154 I librecast: updateCastBuildVersion() Version 1.52.272222
04-09 17:19:16.252  2714  2714 I lucitransport: readRemoteMessage() MID char = 7 buffer = 1.52.272222
04-09 17:19:16.252  2960  3154 I LibreCastControlDelegate: Active Applications -> 0
04-09 17:19:16.252  2960  3154 I LibreCastControlDelegate: Current Cast State '2' -> 'NOT_SETUP'
04-09 17:19:16.252  2960  3154 I LibreCastControlDelegate: OnCastStatus() ---
04-09 17:19:16.255  3076  3076 I cast_shell: [3079:3079:INFO:mdns_util.cc(102)] Defaulting mDNS capabilities for audio-only build
04-09 17:19:16.256  3076  3076 I cast_shell: [3079:3127:INFO:mdns_util.cc(102)] Defaulting mDNS capabilities for audio-only build
04-09 17:19:16.256  3076  3076 I cast_shell: [3079:3079:INFO:chromecast_service.cc(2229)] AoGH feature is: 0
04-09 17:19:16.256  3076  3076 I cast_shell: [3079:3079:INFO:chromecast_service.cc(2189)] Geolocation changed to: 0
04-09 17:19:16.256  3076  3076 I cast_shell: [3079:3079:INFO:lycra_transport.cc(301)] Feature flag changed: false
04-09 17:19:16.256  3076  3076 I cast_shell: [3079:3079:INFO:chromecast_service.cc(2248)] Playback disruption feature is: 1
04-09 17:19:16.256  3076  3076 I cast_shell: [3079:3079:INFO:playback_disruption_service.cc(328)] Playback disruption service enabled and running
04-09 17:19:16.256  3076  3076 I cast_shell: [3079:3079:INFO:ccs_manager_impl.cc(864)] Re-registering single CCS device
04-09 17:19:16.256  3076  3076 I cast_shell: [3079:3079:WARNING:ccs_manager_impl.cc(1566)] Device does not have a weave device id
04-09 17:19:16.256  3076  3076 I cast_shell: [3079:3079:INFO:mdns_util.cc(102)] Defaulting mDNS capabilities for audio-only build
04-09 17:19:16.256  3076  3076 I cast_shell: [3079:3079:INFO:mdns_util.cc(102)] Defaulting mDNS capabilities for audio-only build
04-09 17:19:16.256  3076  3076 I cast_shell: [3079:3079:INFO:ccs_transport_https.cc(1203)] No cloud settings for register request
04-09 17:19:16.283  3076  3076 I cast_shell: [3079:3079:INFO:metrics_recorder.cc(282)] cast event: Cloud.Transport.Https.Register.Out
04-09 17:19:16.289  3076  3076 I cast_shell: [3079:3079:INFO:application_identification_settings.cc(1331)] CreateJwt completed; running all done signing callbacks.
04-09 17:19:16.289  3076  3076 I cast_shell: [3079:3079:INFO:robot_account_auth_manager.cc(496)] JWT expiry in 3600 seconds
04-09 17:19:16.289  3076  3076 I cast_shell: [3079:3079:INFO:robot_account_auth_manager.cc(384)] Sending oauth request for client_id: 0
04-09 17:19:16.289  3076  3076 I cast_shell: [3079:3079:INFO:metrics_recorder.cc(282)] cast event: Cast.Assistant.Auth.FetchToken
04-09 17:19:16.289  3076  3076 I cast_shell: [3079:3079:INFO:metrics_recorder.cc(282)] cast event: Cloud.Transport.Https.Register.Out
04-09 17:19:16.289  3076  3076 I cast_shell: [3079:3422:INFO:chromium_http_connection.cc(436)] Creating a new chromium http url loader factory
04-09 17:19:16.446  3076  3076 I cast_shell: [3079:3117:INFO:metrics_recorder.cc(282)] Record action: Setup.state.BLE
04-09 17:19:16.784  3076  3076 I cast_shell: [system_updater_dummy.cpp(139)] CheckUpdate 139
04-09 17:19:16.784  3076  3076 I cast_shell: [system_updater_dummy.cpp(148)] CheckUpdate 148 return
04-09 17:19:16.983  3076  3076 I cast_shell: [3079:3079:INFO:robot_account_auth_manager.cc(525)] Got CAS response: 200
04-09 17:19:16.983  3076  3076 I cast_shell: [3079:3079:INFO:metrics_recorder.cc(282)] cast event: Cast.Assistant.AuthError.NOT_LINKED
04-09 17:19:16.983  3076  3076 I cast_shell: [3079:3079:INFO:robot_account_auth_manager.cc(776)] Current error: TOKEN_NOT_FETCHED, new error: NOT_LINKED
04-09 17:19:16.983  3076  3076 I cast_shell: [3079:3079:INFO:user_auth_impl.cc(207)] Notified all the observers of new auth tokens.
04-09 17:19:17.159  2959  2969 D wac-main: Netlink event
04-09 17:19:17.159  2959  2969 E wac-main: Netlink event 16 Interface Index 5 
04-09 17:19:17.159  2959  2969 E wac-main: Enter poll and wait
04-09 17:19:17.159  2959  2969 D wac-main: Netlink event
04-09 17:19:17.159  2959  2969 E wac-main: Netlink event 16 Interface Index 5 
04-09 17:19:17.159  2959  2969 E wac-main: Enter poll and wait
04-09 17:19:17.159  2713  2725 I yani_kernel: yani_geteventfrom_changeaddr() Message-Id '1' Netlink event '16' Interface Index '5' -> Name 'wlan0' 
04-09 17:19:17.169  2713  2725 I yani_server: NetLink Event '-1' Interface-Index '5' WLAN '-1' Ethernet '-1' Parsed-iFill '-1' -> 'INVALID' ifIndex '1' -> 'lo'
04-09 17:19:17.170  2713  2725 I yani_server: NetLink Event '-1' Interface-Index '5' WLAN '0' Ethernet '-1' Parsed-iFill '-1' -> 'INVALID' ifIndex '1' -> 'lo'
04-09 17:19:17.171  2713  2725 I chatty  : uid=0(root) YaniServer identical 2 lines
04-09 17:19:17.177  2713  2725 I yani_server: NetLink Event '-1' Interface-Index '5' WLAN '0' Ethernet '-1' Parsed-iFill '-1' -> 'INVALID' ifIndex '1' -> 'lo'
04-09 17:19:17.178  2960  3154 I LibreCastControlDelegate: OnCastStatus() +++ Bedroom speaker 2:0xac6f5198:NOT_SETUP
04-09 17:19:17.178  2960  3154 I LibreCastControlDelegate: Device Build Number -> '1.52.272222'
04-09 17:19:17.178  2960  3154 I librecast: updateCastBuildVersion() Version 1.52.272222
04-09 17:19:17.178  2714  2714 I lucitransport: readRemoteMessage() MID char = 7 buffer = 1.52.272222
04-09 17:19:17.179  2960  3154 I LibreCastControlDelegate: Active Applications -> 0
04-09 17:19:17.179  2960  3154 I LibreCastControlDelegate: Current Cast State '2' -> 'NOT_SETUP'
04-09 17:19:17.179  2960  3154 I LibreCastControlDelegate: OnCastStatus() ---
04-09 17:19:17.180  2713  2725 I yani_server: NetLink Event '-1' Interface-Index '5' WLAN '0' Ethernet '-1' Parsed-iFill '-1' -> 'INVALID' ifIndex '1' -> 'lo'
04-09 17:19:17.181  2713  2725 I chatty  : uid=0(root) YaniServer identical 2 lines
04-09 17:19:17.182  2713  2725 I yani_server: NetLink Event '-1' Interface-Index '5' WLAN '0' Ethernet '-1' Parsed-iFill '-1' -> 'INVALID' ifIndex '1' -> 'lo'
04-09 17:19:17.182  2713  2725 I yani_kernel: yani_geteventfrom_changeaddr() Message-Id '1' Netlink event '16' Interface Index '5' -> Name 'wlan0' 
04-09 17:19:17.481  3076  3076 I cast_shell: [3079:3117:INFO:metrics_recorder.cc(282)] Record action: Setup.state.BLE
04-09 17:19:17.808  3076  3076 I cast_shell: [system_updater_dummy.cpp(139)] CheckUpdate 139
04-09 17:19:17.808  3076  3076 I cast_shell: [system_updater_dummy.cpp(148)] CheckUpdate 148 return
04-09 17:19:17.987  2966  2988 I otamanager: OTA:curl response code : 0	
04-09 17:19:17.987  2966  2988 I otamanager: http status code : 200
04-09 17:19:17.987  2966  2988 I otamanager: OTA: contentLen :187.000000
04-09 17:19:17.997  2966  2988 I otamanager: OTA: bytesDownloaded = 187 m_iHttpStatusCode = 200 
04-09 17:19:17.997  2693  2693 I sh      : }{
04-09 17:19:17.997  2693  2693 I sh      : 	"castVersion" : null,
04-09 17:19:17.997  2693  2693 I sh      : 	"crc" : null,
04-09 17:19:17.997  2693  2693 I sh      : 	"errorCode" : 1001,
04-09 17:19:17.997  2693  2693 I sh      : 	"errorString" : "No update available",
04-09 17:19:17.997  2693  2693 I sh      : 	"forceUpgrade" : true,
04-09 17:19:17.997  2966  2988 E otamanager: OTA:error string =  No update available
04-09 17:19:17.997  2693  2693 I sh      : 	"mcuOnlyUpdate" : false,
04-09 17:19:17.997  2714  2714 I lucitransport: writeRemoteMessage() MID = 223 buffer = NO_UPDATE
04-09 17:19:17.998  2714  2714 I luciUART: write() MID = 223  bytes = 19 data = NO_UPDATE m_fd = 0x5
04-09 17:19:17.998  2966  2988 I otamanager: Firmware Update State Change from CheckUpdate to Idle
04-09 17:19:11.043  2734  2744 I chatty  : uid=0(root) /bin/net_mgr identical 2 lines
04-09 17:19:11.046  2734  2744 I NetworkMonitor: turn off power-save
04-09 17:19:17.999  2734  2744 I HotspotManager: hotspot stop
04-09 17:19:17.999  2734  2744 I HotspotManager: stop dnsmasq
04-09 17:19:18.000  3159  3159 I dnsmasq : exiting on receipt of SIGTERM
04-09 17:19:18.003  3076  3076 I cast_shell: [system_updater_dummy.cpp(132)] CheckUpdate 132 no new version
04-09 17:19:18.003  3076  3076 I cast_shell: [3079:3092:INFO:update_engine_client_with_system_updater.cc(226)] No system force update, error_code=0
04-09 17:19:18.003  3076  3076 I cast_shell: [3079:3117:INFO:setup_state.cc(261)] Setup state changed: SETUP_STATE_CONNECTED_WIFI_NOT_SAVED (61) -> SETUP_STATE_CONNECTED (60)
04-09 17:19:18.003  3076  3076 I cast_shell: [3079:3117:INFO:setup_manager_impl.cc(1019)] Setup discoverability is disabled
04-09 17:19:18.003  3076  3076 I cast_shell: [3079:3117:INFO:ble_setup_manager.cc(758)] Clearing setup read attributes
04-09 17:19:18.003  3076  3076 I cast_shell: [3079:3117:INFO:gatt_client_manager_impl.cc(202)] Enabling GATT client connectability
04-09 17:19:18.003  3076  3076 I cast_shell: [3079:3117:INFO:ble_setup_manager.cc(620)] Stopped Bluetooth service
04-09 17:19:18.003  3076  3076 I cast_shell: [3079:3117:INFO:ble_setup.cc(423)] BLE setup stopped.
04-09 17:19:18.012  3076  3076 I cast_shell: [3079:3127:INFO:mdns_cast_service.cc(351)] Device discovery state is idle
04-09 17:19:18.012  3076  3076 I cast_shell: [3079:3117:INFO:gatt_client_manager_impl.cc(202)] Enabling GATT client connectability
04-09 17:19:18.012  3076  3076 I cast_shell: [3079:3127:INFO:mdns_util.cc(102)] Defaulting mDNS capabilities for audio-only build
04-09 17:19:18.012  3076  3076 I cast_shell: [3079:3117:INFO:gatt_client_manager_impl.cc(202)] Enabling GATT client connectability
04-09 17:19:18.012  3076  3076 I cast_shell: [3079:3079:INFO:ble_discovery_controller.cc(121)] Starting BLE discovery
04-09 17:19:18.012  3076  3076 I cast_shell: [3079:3117:INFO:gatt_client_manager_impl.cc(202)] Enabling GATT client connectability
04-09 17:19:18.012  3076  3076 I cast_shell: [3079:3117:INFO:ble_setup_manager.cc(744)] Started Bluetooth service
04-09 17:19:18.013  2960  3154 I LibreCastControlDelegate: OnCastStatus() +++ Bedroom speaker 2:0xac6f5198:READY_TO_CAST
04-09 17:19:18.014  2960  3154 I LibreCastControlDelegate: Cast Device Name -> 'Bedroom speaker 2'
04-09 17:19:18.014  2960  3154 I librecast: OldFriendlyName '' & New name change By Cast 'Bedroom speaker 2' isfirstbootup 56 m_updatedonebyluci 95
04-09 17:19:18.014  2960  3154 I librecast:  Difference in FriendlyName notify all  
04-09 17:19:18.014  2960  3154 I LibreCastControl: LibreCastControl_SetCastName()  name 'Bedroom speaker 2' RequestId '6' pCastControl 0xf4e00728
04-09 17:19:18.015  2714  2714 I lucitransport: writeRemoteMessage() MID = 90 buffer = Bedroom speaker 2
04-09 17:19:18.015  2714  2714 I luciUART: write() MID = 90  bytes = 27 data = Bedroom speaker 2 m_fd = 0x5
04-09 17:19:18.015  2714  2714 I lucitransport: writeLocalMessage() MID = 90 buffer = Bedroom speaker 2
04-09 17:19:18.015  2714  2723 E LUCI_SERVER: Luci Server Thread wait over MID 90....
04-09 17:19:18.019  2960  3154 I LibreCastControlDelegate: Device Build Number -> '1.52.272222'
04-09 17:19:18.019  2960  3154 I librecast: updateCastBuildVersion() Version 1.52.272222
04-09 17:19:18.029  3076  3076 I cast_shell: [3079:3079:INFO:device_info_impl.cc(1133)] SSDP Config ID is increased: id=6
04-09 17:19:18.031  3076  3076 I cast_shell: [3079:3079:INFO:ccs_manager_impl.cc(1842)] Postponing device name update while registering
04-09 17:19:18.031  3076  3076 I cast_shell: [3079:3127:INFO:mdns_util.cc(102)] Defaulting mDNS capabilities for audio-only build
04-09 17:19:18.038  2960  3154 I LibreCastControlDelegate: OnCastStatus() +++ Bedroom speaker 2:0xac6f5198:READY_TO_CAST
04-09 17:19:18.039  2960  3154 I LibreCastControlDelegate: Cast Device Name -> 'Bedroom speaker 2'
04-09 17:19:18.039  2960  3154 I librecast: OldFriendlyName '' & New name change By Cast 'Bedroom speaker 2' isfirstbootup 56 m_updatedonebyluci 95
04-09 17:19:18.039  2960  3154 I librecast:  Difference in FriendlyName notify all  
04-09 17:19:18.039  2960  3154 I LibreCastControl: LibreCastControl_SetCastName()  name 'Bedroom speaker 2' RequestId '7' pCastControl 0xf4e00728
04-09 17:19:18.040  2714  2721 I lucitransport: writeRemoteMessage() MID = 90 buffer = Bedroom speaker 2
04-09 17:19:18.040  2714  2721 I luciUART: write() MID = 90  bytes = 27 data = Bedroom speaker 2 m_fd = 0x5
04-09 17:19:18.040  2714  2721 I lucitransport: writeLocalMessage() MID = 90 buffer = Bedroom speaker 2
04-09 17:19:18.041  2960  3154 I LibreCastControlDelegate: Device Build Number -> '1.52.272222'
04-09 17:19:18.044  2960  3154 I LibreCastControlDelegate: OnResponse() ReqeustID 7, error  0
04-09 17:19:18.045  3076  3076 I cast_shell: [3079:3079:INFO:mdns_manager_impl.cc(429)] Successfully updated service: type=_googlecast
04-09 17:19:18.045  3076  3076 I cast_shell: [3079:3079:INFO:virtual_device.cc(296)] Updated mDNS service for virtual device: id=015e2900-8358-a4e3-0ca3-b6a923544389
04-09 17:19:18.046  2735  2772 I bluetoothtbd: [0409/044918.046832:INFO:adapter.cc(551)] Adapter properties changed
04-09 17:19:18.047  2735  2772 I bluetoothtbd: [0409/044918.046988:INFO:adapter.cc(573)] Adapter name changed
04-09 17:19:18.047  3076  3076 I cast_shell: [3079:3117:INFO:bluetooth_manager.cc(1232)] [PII] Set device name to 'Bedroom speaker 2'
04-09 17:19:18.049  2693  2693 I sh      : MessageBoxAlert() MID 90 
04-09 17:19:18.050  2693  2693 I sh      : MessageBoxChanged() MID '90'
04-09 17:19:18.050  2960  3021 I librecast: MessageBoxAlert() Msg = 90 remoteID = 16 
04-09 17:19:18.050  2714  2723 I lucitransport: readRemoteMessage() MID char = 90 buffer = Bedroom speaker 2
04-09 17:19:18.050  2960  3021 I LibreCastControl: LibreCastControl_SetCastName()  name 'Bedroom speaker 2' RequestId '8' pCastControl 0xf4e00728
04-09 17:19:18.050  2960  3021 E librecast: MessageBoxAlert() friendlyname Bedroom speaker 2
04-09 17:19:18.050  2960  3021 I LibreCastControl: MessageBoxAlert() messageBoxID 90
04-09 17:19:18.051  2962  2996 I airplayluci: MessageBoxAlert: MID 90
04-09 17:19:18.051  2962  3460 I airplay_v2_0_6: 2022-04-09 17:19:18.051403 [AirPlay] Deregistered Bonjour _airplay._tcp. for restart
04-09 17:19:18.051  2962  3460 I airplay_v2_0_6: 2022-04-09 17:19:18.051669 [AirPlay] Deregistered Bonjour _raop._tcp. for restart
04-09 17:19:18.052  3076  3076 I cast_shell: [3079:3079:INFO:device_info_impl.cc(1133)] SSDP Config ID is increased: id=7
04-09 17:19:18.053  2963  2992 E Spotify-Player: Change Spotify Device name
04-09 17:19:18.058  3076  3076 I cast_shell: [3079:3127:INFO:mdns_util.cc(102)] Defaulting mDNS capabilities for audio-only build
04-09 17:19:18.058  3076  3076 I cast_shell: [3079:3079:INFO:ccs_manager_impl.cc(1842)] Postponing device name update while registering
04-09 17:19:18.059  2960  3154 I LibreCastControlDelegate: OnResponse() ReqeustID 8, error  0
04-09 17:19:18.060  2735  2772 I bluetoothtbd: [0409/044918.060088:INFO:adapter.cc(551)] Adapter properties changed
04-09 17:19:18.060  3076  3076 I cast_shell: [3079:3117:INFO:bluetooth_manager.cc(1232)] [PII] Set device name to 'Bedroom speaker 2'
04-09 17:19:18.068  2963  2993 I SPOTIFY : ConnectionNotify event(0-Login, 1-Logout, rest Error) = 6 
04-09 17:19:18.068  2963  2993 E SPOTIFY : Device Name change new name = Bedroom speaker 2
04-09 17:19:18.068  2963  2993 E SPOTIFY : err = 0 
04-09 17:19:18.069  2960  3154 I LibreCastControlDelegate: OnCastStatus() +++ Bedroom speaker 2:0xac6f5198:READY_TO_CAST
04-09 17:19:18.070  2960  3154 I LibreCastControlDelegate: Cast Device Name -> 'Bedroom speaker 2'
04-09 17:19:18.070  2960  3154 I librecast: OldFriendlyName 'Bedroom speaker 2' & New name change By Cast 'Bedroom speaker 2' isfirstbootup 56 m_updatedonebyluci 0
04-09 17:19:18.070  2960  3154 I LibreCastControlDelegate: Device Build Number -> '1.52.272222'
04-09 17:19:18.070  2960  3154 I librecast: updateCastBuildVersion() Version 1.52.272222
04-09 17:19:18.071  2714  2714 I lucitransport: readRemoteMessage() MID char = 7 buffer = 1.52.272222
04-09 17:19:18.071  2960  3154 I LibreCastControlDelegate: Active Applications -> 0
04-09 17:19:18.071  2960  3154 I LibreCastControlDelegate: Current Cast State '6' -> 'READY_TO_CAST'
04-09 17:19:18.071  2960  3154 I LibreCastControlDelegate: OnCastStatus() ---
04-09 17:19:18.090  2693  2693 I sh      : MessageBoxAlert() MID 90 
04-09 17:19:18.090  2693  2693 I sh      : MessageBoxChanged() MID '90'
04-09 17:19:18.091  2960  3021 I librecast: MessageBoxAlert() Msg = 90 remoteID = 16 
04-09 17:19:18.091  2714  2723 I lucitransport: readRemoteMessage() MID char = 90 buffer = Bedroom speaker 2
04-09 17:19:18.091  2960  3021 I LibreCastControl: LibreCastControl_SetCastName()  name 'Bedroom speaker 2' RequestId '9' pCastControl 0xf4e00728
04-09 17:19:18.091  2960  3021 E librecast: MessageBoxAlert() friendlyname Bedroom speaker 2
04-09 17:19:18.091  2960  3021 I LibreCastControl: MessageBoxAlert() messageBoxID 90
04-09 17:19:18.093  2960  3154 I LibreCastControlDelegate: OnResponse() ReqeustID 9, error  0
04-09 17:19:18.094  2962  2996 I airplayluci: MessageBoxAlert: MID 90
04-09 17:19:18.094  2735  2772 I bluetoothtbd: [0409/044918.094926:INFO:adapter.cc(551)] Adapter properties changed
04-09 17:19:18.095  2735  2772 I bluetoothtbd: [0409/044918.095056:INFO:adapter.cc(573)] Adapter name changed
04-09 17:19:18.095  2963  2992 E Spotify-Player: Change Spotify Device name
04-09 17:19:18.095  3076  3076 I cast_shell: [3079:3117:INFO:bluetooth_manager.cc(1232)] [PII] Set device name to 'Bedroom speaker 2'
04-09 17:19:18.095  2714  2723 E LUCI_SERVER: Luci Server Thread waiting for packets....
04-09 17:19:18.097  3076  3076 I cast_shell: [3079:3079:INFO:device_info_impl.cc(1133)] SSDP Config ID is increased: id=9
04-09 17:19:18.101  2959  2969 D wac-main: Netlink event
04-09 17:19:18.101  2959  2969 E wac-main: Netlink event 21 Interface Index 6 
04-09 17:19:18.101  2959  2969 E wac-main: Enter poll and wait
04-09 17:19:18.101  2713  2725 I yani_kernel: yani_geteventfrom_changeaddr() Message-Id '1' Netlink event '21' Interface Index '6' -> Name 'p2p0' 
04-09 17:19:18.102  2789  2789 I dnsmasq : reading /etc/resolv.conf
04-09 17:19:18.102  2789  2789 I dnsmasq : using nameserver 8.8.4.4#53
04-09 17:19:18.102  2789  2789 I dnsmasq : using nameserver 192.168.1.1#53
04-09 17:19:18.102  2789  2789 I dnsmasq : using nameserver 192.168.50.1#53
04-09 17:19:18.102  2789  2789 I dnsmasq : using nameserver 8.8.8.8#53
04-09 17:19:18.102  3076  3076 I cast_shell: [3079:3079:INFO:ccs_manager_impl.cc(1842)] Postponing device name update while registering
04-09 17:19:18.104  2963  2993 E SPOTIFY : Device Name change new name = Bedroom speaker 2
04-09 17:19:18.104  2963  2993 E SPOTIFY : err = 0 
04-09 17:19:18.104  2960  3154 I LibreCastControlDelegate: OnCastStatus() +++ Bedroom speaker 2:0xac6f5198:READY_TO_CAST
04-09 17:19:18.105  3076  3076 I cast_shell: [3079:3127:INFO:mdns_util.cc(102)] Defaulting mDNS capabilities for audio-only build
04-09 17:19:18.106  2734  2744 I HotspotManager: stop hostapd
04-09 17:19:18.107  3076  3076 I cast_shell: [3079:3079:INFO:mdns_manager_impl.cc(429)] Successfully updated service: type=_googlecast
04-09 17:19:18.107  3076  3076 I cast_shell: [3079:3079:INFO:virtual_device.cc(296)] Updated mDNS service for virtual device: id=015e2900-8358-a4e3-0ca3-b6a923544389
04-09 17:19:18.109  2960  3154 I LibreCastControlDelegate: Active Applications -> 0
04-09 17:19:18.109  2960  3154 I LibreCastControlDelegate: Current Cast State '6' -> 'READY_TO_CAST'
04-09 17:19:18.109  2713  2725 E yani_server: YANI: I am Done Wait For Event 
04-09 17:19:18.109  2960  3154 I LibreCastControlDelegate: OnCastStatus() ---
04-09 17:19:18.109  2713  2816 I yani_server: onNetworkParametersChanged() WAC Mode '0'  Index '2' Interface 'p2p0' Status '0'
04-09 17:19:18.110  2730  2749 I MB_HANDLER: YaniAlert() Interface '3' Status '0'
04-09 17:19:18.110  2714  2714 I lucitransport: writeRemoteMessage() MID = 124 buffer = 1#1,1#2,0#3,0#4,0
04-09 17:19:18.110  2714  2714 I luciUART: write() MID = 124  bytes = 27 data = 1#1,1#2,0#3,0#4,0 m_fd = 0x5
04-09 17:19:18.111  2731  2731 E AirableUIHelper: AirableUIHelper::YaniAlert  3 0 
04-09 17:19:18.111  2966  2984 I otamanager: YaniAlert() Interface 3 Status Down
04-09 17:19:18.111  2962  2996 I airplay-main: YaniAlert Interface 3 Status 0
04-09 17:19:18.119  2714  2722 E luciUART: UART:aa
04-09 17:19:18.119  2714  2722 E luciUART: UART:aa
04-09 17:19:18.119  2714  2722 E luciUART: UART:2
04-09 17:19:18.119  2714  2722 E luciUART: UART:0
04-09 17:19:18.119  2714  2722 E luciUART: UART:d0
04-09 17:19:18.120  2714  2722 E luciUART: UART:0
04-09 17:19:18.120  2714  2722 I chatty  : uid=0(root) UARTLUCIControl identical 2 lines
04-09 17:19:18.120  2714  2722 E luciUART: UART:0
04-09 17:19:18.120  2714  2722 E luciUART: UART:9
04-09 17:19:18.120  2714  2722 I luciUART: read() RemoteID = 43690 Command = 208 Type = 2 Status = 0 DataLen = 9
04-09 17:19:18.120  2714  2722 E luciUART: Error: full data not available yet! readBytes 0
04-09 17:19:18.120  2714  2722 I luciUART: Previous Packet read contd., 
04-09 17:19:18.120  2714  2722 E luciUART: UART:52
04-09 17:19:18.120  2714  2722 I luciUART: Previous Packet read contd., 
04-09 17:19:18.120  2714  2722 E luciUART: UART:45
04-09 17:19:18.120  2714  2722 I luciUART: Previous Packet read contd., 
04-09 17:19:18.120  2714  2722 E luciUART: UART:41
04-09 17:19:18.120  2714  2722 I luciUART: Previous Packet read contd., 
04-09 17:19:18.120  2714  2722 E luciUART: UART:44
04-09 17:19:18.120  2714  2722 I luciUART: Previous Packet read contd., 
04-09 17:19:18.120  2714  2722 E luciUART: UART:5f
04-09 17:19:18.120  2714  2722 I luciUART: Previous Packet read contd., 
04-09 17:19:18.120  2714  2722 E luciUART: UART:73
04-09 17:19:18.120  2714  2722 I luciUART: Previous Packet read contd., 
04-09 17:19:18.121  2714  2722 E luciUART: UART:73
04-09 17:19:18.121  2714  2722 I luciUART: Previous Packet read contd., 
04-09 17:19:18.121  2714  2722 E luciUART: UART:69
04-09 17:19:18.121  2714  2722 I luciUART: Previous Packet read contd., 
04-09 17:19:18.121  2714  2722 E luciUART: UART:64
04-09 17:19:18.121  2714  2723 E LUCI_SERVER: Luci Server Thread wait over MID 208....
04-09 17:19:18.121  2714  2723 E LUCI_SERVER: Got NV name : ssid
04-09 17:19:18.122  2714  2723 I luciUART: write() MID = 208  bytes = 30 data = ssid:Linksys16717_2G m_fd = 0x5
04-09 17:19:18.123  2714  2723 E LUCI_SERVER: NV_READ response= ssid:Linksys16717_2G
04-09 17:19:18.123  2714  2723 E LUCI_SERVER: Luci Server Thread waiting for packets....
04-09 17:19:18.135  2959  2969 D wac-main: Netlink event
04-09 17:19:18.135  2959  2969 E wac-main: Netlink event 16 Interface Index 6 
04-09 17:19:18.135  2959  2969 E wac-main: p2p0 event Link Changed : 1003 
04-09 17:19:18.135  2959  2969 E wac-main: p2p0 Changed down
04-09 17:19:18.135  2959  2969 E wac-main: wlan0 IP : 192.168.1.145
04-09 17:19:18.135  2713  2725 I yani_kernel: yani_geteventfrom_changeaddr() Message-Id '1' Netlink event '16' Interface Index '6' -> Name 'p2p0' 
04-09 17:19:18.138  2959  2969 E wac-main: Enter poll and wait
04-09 17:19:18.207  2734  2744 E WifiUtil: Setting interface p2p0 down.
04-09 17:19:18.208  2959  2969 D wac-main: Netlink event
04-09 17:19:18.208  2959  2969 E wac-main: Netlink event 16 Interface Index 6 
04-09 17:19:18.208  2959  2969 E wac-main: p2p0 event Link Changed : 1002 
04-09 17:19:18.208  2959  2969 E wac-main: Enter poll and wait
04-09 17:19:18.208  2713  2725 I yani_kernel: yani_geteventfrom_changeaddr() Message-Id '1' Netlink event '16' Interface Index '6' -> Name 'p2p0' 
04-09 17:19:18.223  3076  3076 I cast_shell: [3079:3117:INFO:ble_setup.cc(789)] Missing required info for sign.
04-09 17:19:18.226  3076  3076 I cast_shell: [3079:3117:INFO:gatt_client_manager_impl.cc(202)] Enabling GATT client connectability
04-09 17:19:18.226  3076  3076 I cast_shell: [3079:3117:INFO:ble_setup.cc(915)] Sign related info completed, no future EurekaInfo need sign.
04-09 17:19:18.517  3076  3076 I cast_shell: [3079:3117:INFO:metrics_recorder.cc(282)] Record action: Setup.state.BLE
04-09 17:19:19.579  2735  2814 W bt_btif : bta_gattc_conn_cback() - cif=3 connected=0 conn_id=3 reason=0x0013
04-09 17:19:19.579  2735  2814 W bt_btif : bta_gattc_conn_cback() - cif=4 connected=0 conn_id=4 reason=0x0013
04-09 17:19:19.579  2735  2814 W bt_btif : bta_gattc_conn_cback() - cif=6 connected=0 conn_id=6 reason=0x0013
04-09 17:19:19.580  2735  2814 I bt_btm_sec: btm_sec_disconnected clearing pending flag handle:128 reason:19
04-09 17:19:19.581  2735  2772 W bt_btif : btif_av_move_idle: ACL Disconnected state 0 bd_addr=5d:1e:57:3c:8e:bd peer_bda=00:00:00:00:00:00
04-09 17:19:19.581  2735  2772 I bluetoothtbd: [0409/044919.581791:INFO:adapter.cc(719)] ACL state changed: 5D:1E:57:3C:8E:BD - connected: false
04-09 17:19:19.583  3076  3076 I cast_shell: [3079:3117:ERROR:bluetooth_v1_via_v2.cc(796)] Connection state changed. :bd false
04-09 17:19:19.830  3076  3076 I cast_shell: [3079:3079:INFO:grpc_manager_impl.cc(505)] GRPC[uri=[::]:0]: num_pending_calls=0, num_active_handlers=0, num_free_handlers=0
04-09 17:19:19.830  3076  3076 I cast_shell: [3079:3079:INFO:grpc_manager_impl.cc(515)] GRPC[uri=[::]:0]: service_name=chromecast.LocalCloudcastService, rpc_name=ExecuteActionScript, num_active_handlers=0, num_free_handlers=0
04-09 17:19:19.830  3076  3076 I cast_shell: [3079:3079:INFO:grpc_manager_impl.cc(515)] GRPC[uri=[::]:0]: service_name=chromecast.LocalCloudcastService, rpc_name=GetDeviceStatus, num_active_handlers=0, num_free_handlers=0
04-09 17:19:19.830  3076  3076 I cast_shell: [3079:3079:INFO:grpc_manager_impl.cc(515)] GRPC[uri=[::]:0]: service_name=chromecast.LocalCloudcastService, rpc_name=ObserveDeviceStatus, num_active_handlers=0, num_free_handlers=0
04-09 17:19:19.830  3076  3076 I cast_shell: [3079:3079:INFO:grpc_manager_impl.cc(505)] GRPC[uri=]: num_pending_calls=0, num_active_handlers=0, num_free_handlers=0
04-09 17:19:19.910  3076  3076 I cast_shell: [3079:3079:INFO:grpc_manager_impl.cc(505)] GRPC[uri=unix:/tmp/hcp_ipc_auth.socket]: num_pending_calls=0, num_active_handlers=10, num_free_handlers=0
04-09 17:19:19.910  3076  3076 I cast_shell: [3079:3079:INFO:grpc_manager_impl.cc(515)] GRPC[uri=unix:/tmp/hcp_ipc_auth.socket]: service_name=usonia.ipc.Auth, rpc_name=AuthReady, num_active_handlers=1, num_free_handlers=0
04-09 17:19:19.910  3076  3076 I cast_shell: [3079:3079:INFO:grpc_manager_impl.cc(515)] GRPC[uri=unix:/tmp/hcp_ipc_auth.socket]: service_name=usonia.ipc.Auth, rpc_name=Sign, num_active_handlers=1, num_free_handlers=0
04-09 17:19:19.910  3076  3076 I cast_shell: [3079:3079:INFO:grpc_manager_impl.cc(515)] GRPC[uri=unix:/tmp/hcp_ipc_auth.socket]: service_name=usonia.ipc.Auth, rpc_name=Verify, num_active_handlers=1, num_free_handlers=0
04-09 17:19:19.910  3076  3076 I cast_shell: [3079:3079:INFO:grpc_manager_impl.cc(515)] GRPC[uri=unix:/tmp/hcp_ipc_auth.socket]: service_name=usonia.ipc.DistributedServiceDiscovery, rpc_name=AddService, num_active_handlers=1, num_free_handlers=0
04-09 17:19:19.910  3076  3076 I cast_shell: [3079:3079:INFO:grpc_manager_impl.cc(515)] GRPC[uri=unix:/tmp/hcp_ipc_auth.socket]: service_name=usonia.ipc.DistributedServiceDiscovery, rpc_name=FetchAllPeerAddressList, num_active_handlers=1, num_free_handlers=0
04-09 17:19:19.910  3076  3076 I cast_shell: [3079:3079:INFO:grpc_manager_impl.cc(515)] GRPC[uri=unix:/tmp/hcp_ipc_auth.socket]: service_name=usonia.ipc.DistributedServiceDiscovery, rpc_name=IsServiceAllowed, num_active_handlers=1, num_free_handlers=0
04-09 17:19:19.910  3076  3076 I cast_shell: [3079:3079:INFO:grpc_manager_impl.cc(515)] GRPC[uri=unix:/tmp/hcp_ipc_auth.socket]: service_name=usonia.ipc.DistributedServiceDiscovery, rpc_name=ResolvePeerAddress, num_active_handlers=1, num_free_handlers=0
04-09 17:19:19.910  3076  3076 I cast_shell: [3079:3079:INFO:grpc_manager_impl.cc(515)] GRPC[uri=unix:/tmp/hcp_ipc_auth.socket]: service_name=usonia.ipc.DistributedServiceDiscovery, rpc_name=UpdateServiceObservers, num_active_handlers=1, num_free_handlers=0
04-09 17:19:19.910  3076  3076 I cast_shell: [3079:3079:INFO:grpc_manager_impl.cc(515)] GRPC[uri=unix:/tmp/hcp_ipc_auth.socket]: service_name=usonia.ipc.LeaderElector, rpc_name=LeaderElection, num_active_handlers=1, num_free_handlers=0
04-09 17:19:19.910  3076  3076 I cast_shell: [3079:3079:INFO:grpc_manager_impl.cc(515)] GRPC[uri=unix:/tmp/hcp_ipc_auth.socket]: service_name=usonia.ipc.TimeSynchronizer, rpc_name=ObserveCommonTime, num_active_handlers=1, num_free_handlers=0
04-09 17:19:19.913  3076  3076 I cast_shell: [3079:3079:INFO:grpc_manager_impl.cc(505)] GRPC[uri=unix:/tmp/modular_updater/modular_update_service]: num_pending_calls=0, num_active_handlers=0, num_free_handlers=0
04-09 17:19:19.913  3076  3076 I cast_shell: [3079:3079:INFO:grpc_manager_impl.cc(515)] GRPC[uri=unix:/tmp/modular_updater/modular_update_service]: service_name=chromecast.modular_update.ModularUpdateService, rpc_name=GetCastInfo, num_active_handlers=0, num_free_handlers=0
04-09 17:19:19.913  3076  3076 I cast_shell: [3079:3079:INFO:grpc_manager_impl.cc(515)] GRPC[uri=unix:/tmp/modular_updater/modular_update_service]: service_name=chromecast.modular_update.ModularUpdateService, rpc_name=ReportInstalledManifestVersion, num_active_handlers=0, num_free_handlers=0
04-09 17:19:19.913  3076  3076 I cast_shell: [3079:3079:INFO:grpc_manager_impl.cc(515)] GRPC[uri=unix:/tmp/modular_updater/modular_update_service]: service_name=chromecast.modular_update.ModularUpdateService, rpc_name=ReportMetricsEvent, num_active_handlers=0, num_free_handlers=0
04-09 17:19:19.913  3076  3076 I cast_shell: [3079:3079:INFO:grpc_manager_impl.cc(515)] GRPC[uri=unix:/tmp/modular_updater/modular_update_service]: service_name=chromecast.modular_update.ModularUpdateService, rpc_name=SendHttpRequest, num_active_handlers=0, num_free_handlers=0
04-09 17:19:19.913  3076  3076 I cast_shell: [3079:3079:INFO:grpc_manager_impl.cc(515)] GRPC[uri=unix:/tmp/modular_updater/modular_update_service]: service_name=chromecast.modular_update.ModularUpdateService, rpc_name=StreamHttpRequest, num_active_handlers=0, num_free_handlers=0
04-09 17:19:19.913  3076  3076 I cast_shell: [3079:3079:INFO:grpc_manager_impl.cc(515)] GRPC[uri=unix:/tmp/modular_updater/modular_update_service]: service_name=chromecast.modular_update.ModularUpdateService, rpc_name=SynchronousUpdateProgress, num_active_handlers=0, num_free_handlers=0
04-09 17:19:19.935  3076  3076 I cast_shell: [3079:3079:INFO:metrics_recorder.cc(112)] Metrics stat: total=18
04-09 17:19:19.935  3076  3076 I cast_shell: Cast.Assistant.Auth.FetchToken=1
04-09 17:19:19.935  3076  3076 I cast_shell: Cast.Assistant.AuthError.NOT_LINKED=1
04-09 17:19:19.935  3076  3076 I cast_shell: Cast.Auth.OK=1
04-09 17:19:19.935  3076  3076 I cast_shell: Cast.CRL.DownloadSuccess=1
04-09 17:19:19.935  3076  3076 I cast_shell: Cast.DCS.DownloadSuccess=1
04-09 17:19:19.935  3076  3076 I cast_shell: Cast.Discovery.Ble.Enabled=1
04-09 17:19:19.935  3076  3076 I cast_shell: Cast.Discovery.Mdns.ResponderStarted=1
04-09 17:19:19.935  3076  3076 I cast_shell: Cast.Discovery.Mdns.ResponderStopped=1
04-09 17:19:19.935  3076  3076 I cast_shell: Cast.Discovery.Mdns.SocketCreated=3
04-09 17:19:19.935  3076  3076 I cast_shell: Cast.Discovery.Mdns.SocketDestroyed=2
04-09 17:19:20.022  3076  3076 I cast_shell: [3079:3127:INFO:mdns_app_filter.cc(1526)] MdnsAppFilter: Done announcing.
04-09 17:19:20.053  2962  3485 I airplay_v2_0_6: 2022-04-09 17:19:20.053821 [AirPlayDemo] AirPlayDemoServerCopyProperty Password is <<NULL>>
04-09 17:19:20.054  2714  2714 I lucitransport: readRemoteMessage() MID char = 90 buffer = Bedroom speaker 2
04-09 17:19:20.055  2962  3460 I airplay_v2_0_6: 2022-04-09 17:19:20.055842 [AirPlay] Registering Bonjour _airplay._tcp. port 7000
04-09 17:19:20.057  2962  3485 I airplay_v2_0_6: 2022-04-09 17:19:20.057367 [AirPlayDemo] AirPlayDemoServerCopyProperty Password is <<NULL>>
04-09 17:19:20.058  2962  3485 I airplay_v2_0_6: 2022-04-09 17:19:20.058734 [AirPlayDemo] AirPlayDemoServerCopyProperty Password is <<NULL>>
04-09 17:19:20.059  2714  2714 I lucitransport: readRemoteMessage() MID char = 90 buffer = Bedroom speaker 2
04-09 17:19:20.060  2962  3460 I airplay_v2_0_6: 2022-04-09 17:19:20.060643 [AirPlay] Registering Bonjour CC909321F384@Bedroom speaker 2._raop._tcp. port 7000
04-09 17:19:20.066  3076  3076 I cast_shell: [3079:3117:INFO:wifi_proximity.cc(177)] Request scan.
04-09 17:19:20.073  3076  3076 I cast_shell: [3079:3079:INFO:grpc_manager_impl.cc(505)] GRPC[uri=[::]:8012]: num_pending_calls=0, num_active_handlers=1, num_free_handlers=0
04-09 17:19:20.073  3076  3076 I cast_shell: [3079:3079:INFO:grpc_manager_impl.cc(515)] GRPC[uri=[::]:8012]: service_name=chromecast.grpc_discovery.GrpcDiscoveryService, rpc_name=GetServiceInfo, num_active_handlers=1, num_free_handlers=0
04-09 17:19:20.216  3076  3076 I cast_shell: [3079:3128:INFO:metrics_recorder.cc(282)] Cast v2 action(socket_id=015e2900-8358-a4e3-0ca3-b6a923544389.2): CastV2.Connection.Connect.In
04-09 17:19:20.217  3076  3076 I cast_shell: [3079:3117:INFO:setup_namespace_handler.cc(94)] Added a peer for setup namespace: 015e2900-8358-a4e3-0ca3-b6a923544389.2:gms_cast_prober-1
04-09 17:19:20.223  3076  3076 I cast_shell: [3079:3079:INFO:cast_system_memory_pressure_evaluator.cc(179)] ConfigRelaxMemoryPressureThresholds, 0.1, 0.2
04-09 17:19:20.225  3076  3076 I cast_shell: [3079:3117:INFO:setup_state.cc(544)] EurekaInfoCalled: wifi_state=10, is_usable_ip_address=1, connected=1, is_initial_setup=0
04-09 17:19:20.225  3076  3076 I cast_shell: [3488:3488:INFO:cast_content_renderer_client_internal.cc(83)] Render process started.
04-09 17:19:20.232  3076  3076 I cast_shell: [3079:3079:INFO:application_manager_impl.cc(1417)] Starting background app: CC1AD845 (Default Media Receiver), session_id=18bf306d-1677-4395-9eb8-51cbd7319b12
04-09 17:19:20.232  3076  3076 I cast_shell: [3079:3079:INFO:cast_media_blocker.cc(43)] UpdatePlayingState media_loading_blocked=1 media_starting_blocked=0 suspended=1 controllable=0 paused_by_user=1
04-09 17:19:20.232  3076  3076 I cast_shell: [3079:3079:INFO:application_message_handler.cc(1747)] Scheduling IpcTimerCheck
04-09 17:19:20.233  3076  3076 I cast_shell: [3079:3079:INFO:application_manager_impl.cc(1565)] App starting: CC1AD845 (Default Media Receiver), session_id=18bf306d-1677-4395-9eb8-51cbd7319b12
04-09 17:19:20.233  3076  3076 I cast_shell: [3079:3127:INFO:mdns_util.cc(102)] Defaulting mDNS capabilities for audio-only build
04-09 17:19:20.233  3076  3076 I cast_shell: [3079:3079:INFO:application_identification_settings.cc(410)] new ApplicationIdentificationSettings session_id: 18bf306d-1677-4395-9eb8-51cbd7319b12 app_id: CC1AD845 flags: 0 headers: 0
04-09 17:19:20.236  3076  3076 I cast_shell: [3079:3128:INFO:v2_transport.cc(458)] Added Cast V2 endpoint: id=18bf306d-1677-4395-9eb8-51cbd7319b12, socket_factory_id=[PII](015e2900-8358-a4e3-0ca3-b6a923544389)
04-09 17:19:20.237  3076  3076 I cast_shell: [3079:3079:INFO:cast_media_blocker.cc(81)] MediaSessionInfoChanged media_loading_blocked=1 media_starting_blocked=0 is_suspended=1 is_controllable=0 paused_by_user=1
04-09 17:19:20.244  3076  3076 I cast_shell: [3079:3079:INFO:web_application.cc(817)] [18bf306d] Supported bitstream audio codecs info: [codecs]None[spatial_rendering]None
04-09 17:19:20.244  3076  3076 I cast_shell: [3079:3079:INFO:cast_web_contents_impl.cc(242)] Load url: https://www.gstatic.com/cast/sdk/default_receiver/dogfood/app.html?skin=https://www.gstatic.com/eureka/player/0000/skins/cast/skin.css
04-09 17:19:20.245  3076  3076 I cast_shell: [3079:3079:INFO:cast_content_browser_client_internal.cc(975)] Disabling images support for application: CC1AD845
