04-09 15:54:35.401     0     0 I         : [    1.449747@3] Registered cp15_barrier emulation handler
04-09 15:54:35.401     0     0 I         : [    1.450124@3] Registered setend emulation handler
04-09 15:54:35.401     0     0 I         : [    1.450672@3] disable EAS feature
04-09 15:54:35.401     0     0 I         : [    1.451741@3] registered taskstats version 1
04-09 15:54:35.401     0     0 W         : [    1.461349@3] dwc3 ff500000.dwc3: Configuration mismatch. dr_mode forced to host
04-09 15:54:35.401     0     0 I         : [    1.966031@3] xhci-hcd xhci-hcd.0.auto: xHCI Host Controller
04-09 15:54:35.401     0     0 I         : [    1.966091@3] xhci-hcd xhci-hcd.0.auto: new USB bus registered, assigned bus number 1
04-09 15:54:35.401     0     0 I         : [    1.967493@3] xhci-hcd xhci-hcd.0.auto: hcc params 0x0220f664 hci version 0x100 quirks 0x02010010
04-09 15:54:35.401     0     0 I         : [    1.967901@3] xhci-hcd xhci-hcd.0.auto: irq 27, io mem 0xff500000
04-09 15:54:35.401     0     0 I         : [    1.969374@2] hub 1-0:1.0: USB hub found
04-09 15:54:35.401     0     0 I         : [    1.969462@2] hub 1-0:1.0: 1 port detected
04-09 15:54:35.401     0     0 I         : [    1.969984@2] xhci-hcd xhci-hcd.0.auto: xHCI Host Controller
04-09 15:54:35.401     0     0 I         : [    1.970199@2] xhci-hcd xhci-hcd.0.auto: new USB bus registered, assigned bus number 2
04-09 15:54:35.402     0     0 I         : [    1.971054@2] usb usb2: We don't know the algorithms for LPM for this host, disabling LPM.
04-09 15:54:35.402     0     0 I         : [    1.972557@0] hub 2-0:1.0: USB hub found
04-09 15:54:35.402     0     0 E         : [    1.972620@0] hub 2-0:1.0: config failed, hub doesn't have any ports! (err -19)
04-09 15:54:35.402     0     0 E         : [    1.973225@0] usb usb2: Unsupported the hub
04-09 15:54:35.402     0     0 I         : [    1.973961@0] aml_vrtc rtc: setting system clock to 2022-04-09 10:24:32 UTC (1649499872)
04-09 15:54:35.402     0     0 D         : [    1.974834@0] dwc_otg ff400000.dwc2_a: dwc_otg_driver_probe(ffffffc01d690c00)
04-09 15:54:35.402     0     0 W [    1.974880@0] dwc_otg: usb0: type: 2 speed: 0, config: 0, dma: 0, id: 0, phy: ffe09000, ctrl: 0
04-09 15:54:35.402     0     0 D         : [    1.975217@0] dwc_otg ff400000.dwc2_a: base=0xffffff8008a40000
04-09 15:54:35.402     0     0 D         : [    1.975223@0] dwc_otg ff400000.dwc2_a: dwc_otg_device=0xffffffc01d134200
04-09 15:54:35.402     0     0 W [    2.075637@0] dwc_otg: Core Release: 3.10a
04-09 15:54:35.402     0     0 W [    2.075674@0] dwc_otg: Setting default values for core params
04-09 15:54:35.402     0     0 W [    2.076089@0] dwc_otg: curmode: 0, host_only: 0
04-09 15:54:35.402     0     0 D         : [    2.076546@0] dwc_otg ff400000.dwc2_a: DMA config: BURST_DEFAULT
04-09 15:54:35.402     0     0 W [    2.088856@0] dwc_otg: Using Buffer DMA mode
04-09 15:54:35.402     0     0 W [    2.088880@0] dwc_otg: OTG VER PARAM: 1, OTG VER FLAG: 1
04-09 15:54:35.402     0     0 W [    2.089264@0] dwc_otg: Working on port type = SLAVE
04-09 15:54:35.402     0     0 W [    2.089750@0] dwc_otg: Dedicated Tx FIFOs mode
04-09 15:54:35.402     0     0 I [    2.092107@0] input: adc_keypad as /devices/platform/adc_keypad/input/input1
04-09 15:54:35.402     0     0 I         : [    2.094052@0] cpucore_cooling_register, max_cpu_core_num:4
04-09 15:54:35.402     0     0 I [    2.100871@0] gxbb_pm: enter meson_pm_probe!
04-09 15:54:35.402     0     0 I         : [    2.100912@0] no vddio3v3_en pin
04-09 15:54:35.402     0     0 E         : [    2.101072@0] pm-meson aml_pm: Can't get switch_clk81
04-09 15:54:35.402     0     0 I [    2.101594@0] gxbb_pm: meson_pm_probe done
04-09 15:54:35.402     0     0 I         : [    2.102365@0] ALSA device list:
04-09 15:54:35.402     0     0 I [    2.102395@0]   #0: AML-AUGESOUND
04-09 15:54:35.402     0     0 I         : [    2.102851@0] meson_uart ff804000.serial: ttyS3 use xtal(8M) 24000000 change 115200 to 115200
04-09 15:54:35.402     0     0 I         : [    2.108746@0] Freeing unused kernel memory: 6080K
04-09 15:54:35.402     0     0 I [    2.323587@0] ubi0: attaching mtd6
04-09 15:54:35.402     0     0 I [    2.533609@0] ubi0: scanning is finished
04-09 15:54:35.402     0     0 I [    2.537483@2] ubi0: attached mtd6 (name "system", size 100 MiB)
04-09 15:54:35.402     0     0 I [    2.537779@2] ubi0: PEB size: 262144 bytes (256 KiB), LEB size: 253952 bytes
04-09 15:54:35.402     0     0 I [    2.544788@2] ubi0: min./max. I/O unit sizes: 4096/4096, sub-page size 4096
04-09 15:54:35.402     0     0 I [    2.551781@2] ubi0: VID header offset: 4096 (aligned 4096), data offset: 8192
04-09 15:54:35.402     0     0 I [    2.558742@2] ubi0: good PEBs: 400, bad PEBs: 0, corrupted PEBs: 0
04-09 15:54:35.402     0     0 I [    2.564868@2] ubi0: user volume: 1, internal volumes: 1, max. volumes count: 128
04-09 15:54:35.402     0     0 I [    2.572197@2] ubi0: max/mean erase counter: 37/25, WL threshold: 4096, image sequence number: 736763309
04-09 15:54:35.402     0     0 I [    2.581524@2] ubi0: available PEBs: 0, total reserved PEBs: 400, PEBs reserved for bad PEB handling: 40
04-09 15:54:35.402     0     0 I [    2.590907@1] ubi0: background thread "ubi_bgt0d" started, PID 2142
04-09 15:54:35.402     0     0 I         : [    2.596660@2] UBIFS (ubi0:0): background thread "ubifs_bgt0_0" started, PID 2145
04-09 15:54:35.402     0     0 I         : [    2.640958@3] UBIFS (ubi0:0): UBIFS: mounted UBI device 0, volume 0, name "rootfs"
04-09 15:54:35.402     0     0 I         : [    2.642911@3] UBIFS (ubi0:0): LEB size: 253952 bytes (248 KiB), min./max. I/O unit sizes: 4096 bytes/4096 bytes
04-09 15:54:35.402     0     0 I         : [    2.652907@3] UBIFS (ubi0:0): FS size: 87867392 bytes (83 MiB, 346 LEBs), journal size 9404416 bytes (8 MiB, 38 LEBs)
04-09 15:54:35.402     0     0 I         : [    2.663416@3] UBIFS (ubi0:0): reserved for root: 0 bytes (0 KiB)
04-09 15:54:35.402     0     0 I         : [    2.669368@3] UBIFS (ubi0:0): media format: w4/r0 (latest is w4/r0), UUID DC99A6D8-69BA-4DD7-9E44-726260A6E747, small LPT model
04-09 15:54:35.402     0     0 I [    2.914884@1] init: property init
04-09 15:54:35.402     0     0 I [    2.915619@1] init: reading config file
04-09 15:54:35.402     0     0 I [    2.922419@1] init: processing action 0xab209808 (boot_start)
04-09 15:54:35.402     0     0 I [    2.930150@1] init: command 'boot_start' r=0
04-09 15:54:35.402     0     0 I [    2.931234@1] init: processing action 0xab2056b0 (early-init)
04-09 15:54:35.402     0     0 I [    2.935899@1] init: starting 'ueventd'
04-09 15:54:35.402     0     0 I [    2.939196@1] init: command 'start' r=0
04-09 15:54:35.402     0     0 I [    2.942058@1] init: command 'loglevel' r=0
04-09 15:54:35.402     0     0 I [    2.947026@1] init: command 'mount' r=0
04-09 15:54:35.402     0     0 I [    2.949031@2] init: starting ueventd
04-09 15:54:35.402     0     0 I [    2.949837@2] init: /sys/ rule /sys/devices/virtual/input/input* enable
04-09 15:54:35.402     0     0 I [    2.949851@2] init: /sys/ rule /sys/devices/virtual/input/input* poll_delay
04-09 15:54:35.402     0     0 I [    2.949860@2] init: /sys/ rule /sys/devices/virtual/usb_composite/* enable
04-09 15:54:35.402     0     0 I [    2.955494@2] init: adding platform device ffd0f0d0.watchdog
04-09 15:54:35.402     0     0 I [    2.955911@2] init: adding platform device reg-dummy
04-09 15:54:35.402     0     0 I [    2.956567@2] init: adding platform device cpu_iomap
04-09 15:54:35.402     0     0 I [    2.956871@2] init: adding platform device 7400000.ramoops
04-09 15:54:35.402     0     0 I [    2.957142@2] init: adding platform device bt-dev
04-09 15:54:35.402     0     0 I [    2.957722@2] init: adding platform device dummy
04-09 15:54:35.402     0     0 I [    3.004623@1] init: command 'mount' r=0
04-09 15:54:35.402     0     0 I [    3.219214@0] ubi1: attaching mtd7
04-09 15:54:35.402     0     0 I [    3.513039@0] ubi1: scanning is finished
04-09 15:54:35.402     0     0 I [    3.517295@3] ubi1: attached mtd7 (name "chrome", size 140 MiB)
04-09 15:54:35.402     0     0 I [    3.517579@3] ubi1: PEB size: 262144 bytes (256 KiB), LEB size: 253952 bytes
04-09 15:54:35.402     0     0 I [    3.524592@3] ubi1: min./max. I/O unit sizes: 4096/4096, sub-page size 4096
04-09 15:54:35.402     0     0 I [    3.531478@3] ubi1: VID header offset: 4096 (aligned 4096), data offset: 8192
04-09 15:54:35.402     0     0 I [    3.538541@3] ubi1: good PEBs: 560, bad PEBs: 0, corrupted PEBs: 0
04-09 15:54:35.402     0     0 I [    3.544668@3] ubi1: user volume: 1, internal volumes: 1, max. volumes count: 128
04-09 15:54:35.402     0     0 I [    3.552001@3] ubi1: max/mean erase counter: 36/26, WL threshold: 4096, image sequence number: 1458511589
04-09 15:54:35.402     0     0 I [    3.561401@3] ubi1: available PEBs: 0, total reserved PEBs: 560, PEBs reserved for bad PEB handling: 40
04-09 15:54:35.402     0     0 I [    3.570725@0] ubi1: background thread "ubi_bgt1d" started, PID 2554
04-09 15:54:35.402     0     0 I         : [    3.585290@3] UBIFS (ubi1:0): background thread "ubifs_bgt1_0" started, PID 2558
04-09 15:54:35.402     0     0 I         : [    3.611883@1] UBIFS (ubi1:0): recovery needed
04-09 15:54:35.402     0     0 I         : [    3.653608@0] UBIFS (ubi1:0): recovery completed
04-09 15:54:35.403     0     0 I         : [    3.653762@0] UBIFS (ubi1:0): UBIFS: mounted UBI device 1, volume 0, name "chrome"
04-09 15:54:35.403     0     0 I         : [    3.660131@0] UBIFS (ubi1:0): LEB size: 253952 bytes (248 KiB), min./max. I/O unit sizes: 4096 bytes/4096 bytes
04-09 15:54:35.403     0     0 I         : [    3.670118@0] UBIFS (ubi1:0): FS size: 128499712 bytes (122 MiB, 506 LEBs), journal size 9404416 bytes (8 MiB, 38 LEBs)
04-09 15:54:35.403     0     0 I         : [    3.680810@0] UBIFS (ubi1:0): reserved for root: 0 bytes (0 KiB)
04-09 15:54:35.403     0     0 I         : [    3.686763@0] UBIFS (ubi1:0): media format: w4/r0 (latest is w4/r0), UUID 3D7B4A1D-6849-462E-B889-C151DCC94211, small LPT model
04-09 15:54:35.403     0     0 I [    3.730170@0] ubi2: attaching mtd8
04-09 15:54:35.403     0     0 I         : [    3.896701@0]  NAND bbt detect factory Bad block at 17a40000
04-09 15:54:35.403     0     0 I         : [    3.908352@0]  NAND bbt detect factory Bad block at 18000000
04-09 15:54:35.403     0     0 I         : [    3.908416@0]  NAND bbt detect factory Bad block at 18040000
04-09 15:54:35.403     0     0 I [    4.181220@0] ubi2: scanning is finished
04-09 15:54:35.403     0     0 I [    4.186065@0] ubi2: attached mtd8 (name "data", size 213 MiB)
04-09 15:54:35.403     0     0 I [    4.186181@0] ubi2: PEB size: 262144 bytes (256 KiB), LEB size: 253952 bytes
04-09 15:54:35.403     0     0 I [    4.193189@0] ubi2: min./max. I/O unit sizes: 4096/4096, sub-page size 4096
04-09 15:54:35.403     0     0 I [    4.200078@0] ubi2: VID header offset: 4096 (aligned 4096), data offset: 8192
04-09 15:54:35.403     0     0 I [    4.207142@0] ubi2: good PEBs: 849, bad PEBs: 3, corrupted PEBs: 0
04-09 15:54:35.403     0     0 I [    4.213269@0] ubi2: user volume: 2, internal volumes: 1, max. volumes count: 128
04-09 15:54:35.403     0     0 I [    4.220598@0] ubi2: max/mean erase counter: 72/48, WL threshold: 4096, image sequence number: 1018457084
04-09 15:54:35.403     0     0 I [    4.230006@0] ubi2: available PEBs: 0, total reserved PEBs: 849, PEBs reserved for bad PEB handling: 37
04-09 15:54:35.403     0     0 I [    4.239326@3] ubi2: background thread "ubi_bgt2d" started, PID 2566
04-09 15:54:35.403     0     0 I         : [    4.253224@2] UBIFS (ubi2:0): background thread "ubifs_bgt2_0" started, PID 2569
04-09 15:54:35.403     0     0 I         : [    4.279715@1] UBIFS (ubi2:0): recovery needed
04-09 15:54:35.403     0     0 I         : [    4.339321@0] UBIFS (ubi2:0): recovery completed
04-09 15:54:35.403     0     0 I         : [    4.339511@0] UBIFS (ubi2:0): UBIFS: mounted UBI device 2, volume 0, name "factory"
04-09 15:54:35.403     0     0 I         : [    4.345930@0] UBIFS (ubi2:0): LEB size: 253952 bytes (248 KiB), min./max. I/O unit sizes: 4096 bytes/4096 bytes
04-09 15:54:35.403     0     0 I         : [    4.355918@0] UBIFS (ubi2:0): FS size: 10158080 bytes (9 MiB, 40 LEBs), journal size 2285569 bytes (2 MiB, 9 LEBs)
04-09 15:54:35.403     0     0 I         : [    4.366179@0] UBIFS (ubi2:0): reserved for root: 0 bytes (0 KiB)
04-09 15:54:35.403     0     0 I         : [    4.372159@0] UBIFS (ubi2:0): media format: w4/r0 (latest is w4/r0), UUID AD7DC8BC-6ACA-4841-8B12-7A54B54F57E7, small LPT model
04-09 15:54:35.403     0     0 I         : [    4.395839@2] UBIFS (ubi2:1): background thread "ubifs_bgt2_1" started, PID 2572
04-09 15:54:35.403     0     0 I         : [    4.421567@3] UBIFS (ubi2:1): recovery needed
04-09 15:54:35.403     0     0 I         : [    4.526341@1] UBIFS (ubi2:1): recovery completed
04-09 15:54:35.403     0     0 I         : [    4.526498@1] UBIFS (ubi2:1): UBIFS: mounted UBI device 2, volume 1, name "data"
04-09 15:54:35.403     0     0 I         : [    4.532674@1] UBIFS (ubi2:1): LEB size: 253952 bytes (248 KiB), min./max. I/O unit sizes: 4096 bytes/4096 bytes
04-09 15:54:35.403     0     0 I         : [    4.542675@1] UBIFS (ubi2:1): FS size: 189956096 bytes (181 MiB, 748 LEBs), journal size 9404416 bytes (8 MiB, 38 LEBs)
04-09 15:54:35.403     0     0 I         : [    4.553367@1] UBIFS (ubi2:1): reserved for root: 0 bytes (0 KiB)
04-09 15:54:35.403     0     0 I         : [    4.559321@1] UBIFS (ubi2:1): media format: w4/r0 (latest is w4/r0), UUID 34A475AE-5814-4337-8EB7-8868427E3B0E, small LPT model
04-09 15:54:35.403     0     0 I         : [    4.797022@1] aml_wifi wifi: [usb_power_control] Set WiFi power down
04-09 15:54:35.403     0     0 I [    4.797746@1] meson-mmc: [sdio_notify] finish
04-09 15:54:35.403     0     0 I         : [    4.802125@1] aml_wifi wifi: [wifi_power_ioctl] ioctl Set sdio wifi power down!
04-09 15:54:35.403     0     0 I         : [    4.805720@0] UBIFS (ubi0:0): background thread "ubifs_bgt0_0" stops
04-09 15:54:36.474  2585  2585 E         : found the match wifi is: sd8887
04-09 15:54:36.474  2585  2585 E         : wifi_insmod command:insmod /lib/modules/4.9.113/kernel/mrvl/mlan8887.ko 
--------- beginning of system
04-09 15:54:36.516  2604  2604 I wpa_supplicant: Successfully initialized wpa_supplicant
04-09 15:54:36.544  2604  2604 E wpa_supplicant: Could not read interface wlan0 flags: No such device
04-09 15:54:36.548  2604  2604 I wpa_supplicant: nl80211: Driver does not support authentication/association or connect commands
04-09 15:54:36.550  2604  2604 I wpa_supplicant: nl80211: deinit ifname=wlan0 disabled_11b_rates=0
04-09 15:54:36.551  2604  2604 E wpa_supplicant: Could not read interface wlan0 flags: No such device
04-09 15:54:36.556  2604  2604 E wpa_supplicant: wlan0: Failed to initialize driver interface
04-09 15:54:36.640  2585  2585 E         : wifi_insmod command:insmod /lib/modules/4.9.113/kernel/mrvl/sd8xxx.ko cal_data_cfg=mrvl/WlanCalData_ext_LS9x_291119.conf txpwrlimit_cfg=mrvl/txpwrlimit_cfg_8887.bin fw_name=mrvl/sd8887_wlan_a2_p59.bin cfg80211_wext=0xf host_mlme=1 auto_ds=2 fw_serial=1 sta_name="wlan" uap_name="p2p" ps_mode=2 max_uap_bss=2 drvdbg=0x7 reg_alpha2="00"
04-09 15:54:37.777  2585  2585 E         : Load BT driver
04-09 15:54:37.777  2585  2585 E         : found the match wifi is: (null)
04-09 15:54:37.777  2585  2585 E         : wifi_insmod command:insmod /lib/modules/4.9.113/kernel/mrvl/bt8xxx.ko fw_name=mrvl/sd8887_bt_a2_p59.bin bt_fw_serial=0
04-09 15:54:37.889  2689  2689 W sshd    : Failed loading /etc/dropbear/dropbear_rsa_host_key
04-09 15:54:37.889  2689  2689 W sshd    : Failed loading /etc/dropbear/dropbear_dss_host_key
04-09 15:54:37.889  2689  2689 W sshd    : Failed loading /etc/dropbear/dropbear_ecdsa_host_key
04-09 15:54:37.893  2689  2689 I sshd    : Not backgrounding
04-09 15:54:37.933  2697  2697 E writeSerialNo: Writing serial number to unifykey
04-09 15:54:37.957  2691  2691 I sh      : FACTEST:unifykey read success:20 20
04-09 15:54:37.958  2691  2691 I sh      : inbuf=de4f95ffa64d5e74b026  ret=20 serial.txt=de4f95ffa64d5e74b026 bytesread=20 strcmp=0
04-09 15:54:37.975  2694  2694 I ServiceManager: Waiting for service libre.EnvItems...
04-09 15:54:37.995  2698  2698 I ENV     : init 
04-09 15:54:37.996  2698  2698 I ENV     :  First boot 
04-09 15:54:37.996  2698  2698 E ENV     : fileExists:153 /lsync/env/env.db does not exist
04-09 15:54:38.002  2698  2698 D AVS_SDK :  [  1] I sdkVersion: 1.19.1
04-09 15:54:38.002  2698  2698 E ENV     :  FAILED to open:/lsync/env/tmp.db 
04-09 15:54:38.003  2698  2698 I ENV     : removeItem:79:/lsync/env/tmp.db not found
04-09 15:54:38.004  2698  2698 E ENV     : /lsync/env/env.db does not Exist.. tempStorage = 0
04-09 15:54:38.004  2698  2698 I ENV     : createUserDBFromFactoryCfg 
04-09 15:54:38.011  2698  2698 I ENV     : Using /factory/custom/factoryEnv.conf as conf file
04-09 15:54:38.011  2698  2698 I ENV     : removeItem:79:/lsync/env/env.db not found
04-09 15:54:38.011  2698  2698 E ENV     : Error removing /lsync/env/env.db
04-09 15:54:38.076  2698  2698 E ENV     : createUserDBFromFactoryCfg:307: tempStorage is undefined
04-09 15:54:38.076  2698  2698 I ENV     : Using /factory/custom/factoryEnv.conf and /lsync/env/env.db as conf and db file
04-09 15:54:38.076  2698  2698 I ENV     : init 
04-09 15:54:38.076  2698  2698 I ENV     :  First boot 
04-09 15:54:38.076  2698  2698 I ENV     : fileExists:151 /lsync/env/env.db exists
04-09 15:54:38.078  2698  2698 I ENV     : Copied /lsync/env/env.db to /lsync/env/tmp.db
04-09 15:54:38.079  2698  2698 E ENV     : /lsync/env/env.db does not Exist.. tempStorage = abee3db0
04-09 15:54:38.079  2698  2698 I ENV     : createUserDBFromFactoryCfg 
04-09 15:54:38.081  2698  2698 I ENV     : Using /factory/custom/factoryEnv.conf as conf file
04-09 15:54:38.082  2698  2698 I ENV     : removeItem:74:/lsync/env/env.db removed
04-09 15:54:38.082  2698  2698 I ENV     : Removed /lsync/env/env.db
04-09 15:54:38.095  2698  2698 E ENV     : createUserDBFromFactoryCfg:301: Failed at tempStorage->get_changed
04-09 15:54:38.489  2698  2698 I chatty  : uid=0(root) env_service identical 64 lines
04-09 15:54:38.495  2698  2698 E ENV     : createUserDBFromFactoryCfg:301: Failed at tempStorage->get_changed
04-09 15:54:38.496  2698  2698 E AVS_SDK :  [  1] E SQLiteStatement:SQLiteStatement::stepFailed::Executing the select did not generate a row or complete.:result=19
04-09 15:54:38.497  2698  2698 E AVS_SDK :  [  1] E SQLiteStatement:SQLiteStatement::finalizeFailed::Could release the prepared statement.:rcode=19
04-09 15:54:38.497  2698  2698 E ENV     : createUserDBFromFactoryCfg:286: Failed at m_miscStorage->put
04-09 15:54:38.502  2698  2698 E ENV     : createUserDBFromFactoryCfg:301: Failed at tempStorage->get_changed
04-09 15:54:38.690  2698  2698 I chatty  : uid=0(root) env_service identical 29 lines
04-09 15:54:38.696  2698  2698 E ENV     : createUserDBFromFactoryCfg:301: Failed at tempStorage->get_changed
04-09 15:54:38.696  2698  2698 I ENV     : Using /factory/custom/factoryEnv.conf and /lsync/env/env.db as conf and db file
04-09 15:54:38.697  2698  2698 I ENV     : fileExists:151 /lsync/env/env_bk.db exists
04-09 15:54:38.698  2698  2698 I ENV     : fileExists:151 /factory/custom/factoryEnv_bk.conf exists
04-09 15:54:38.698  2698  2698 I ENV     : removeItem:74:/lsync/env/tmp.db removed
04-09 15:54:40.941  2710  2710 I wpa_supplicant: Successfully initialized wpa_supplicant
04-09 15:54:40.952  2710  2710 I wpa_supplicant: rfkill: Cannot open RFKILL control device
04-09 15:54:41.000  2712  2712 E LUCI_FACTORY: LUCIFactory::registerBuiltinFactories
04-09 15:54:41.009  2711  2711 E luci_helper: LUCIHelper: Waiting for Module Init
04-09 15:54:41.009  2711  2711 E luci_helper: LUCIHelper: Waiting for Module Init
04-09 15:54:41.009  2712  2712 E LUCI_SERVER: IP = 0
04-09 15:54:41.010  2711  2711 E yani_server: YaniServer FAILED TO GET LuciHelper
04-09 15:54:41.010  2713  2713 I main_sourceswitch: ServiceManager: 0xaba2cf88
04-09 15:54:41.010  2713  2713 E luci_helper: LUCIHelper: Waiting for Module Init
04-09 15:54:41.010  2713  2713 E luci_helper: LUCIHelper: Waiting for Module Init
04-09 15:54:41.058  2691  2691 I sh      : Simple mixer control 'Master',0
04-09 15:54:41.058  2691  2691 I sh      :   Capabilities: volume pswitch pswitch-joined
04-09 15:54:41.058  2691  2691 I sh      :   Playback channels: Front Left - Front Right
04-09 15:54:41.058  2691  2691 I sh      :   Capture channels: Front Left - Front Right
04-09 15:54:41.058  2691  2691 I sh      :   Limits: 0 - 100
04-09 15:54:41.060  2711  2711 E luci_helper: LUCIHelper: Waiting for Module Init
04-09 15:54:41.060  2711  2711 E yani_server: YaniServer FAILED TO GET LuciHelper
04-09 15:54:41.080  2710  2710 I wpa_supplicant: MPM: Debug Dialog Token initialized 2496139833 (0x94c81239)
04-09 15:54:41.085  2691  2691 I sh      :   Front Left: 30 [30%] [-10.45dB] Playback [on]
04-09 15:54:41.085  2691  2691 I sh      :   Front Right: 30 [30%] [-10.45dB] Playback [on]
04-09 15:54:41.087  2710  2710 I wpa_supplicant: wlan0: CTRL-EVENT-REGDOM-CHANGE init=USER type=COUNTRY alpha2=US
04-09 15:54:41.090  2712  2712 E luciUART: bufff write ? = 1 
04-09 15:54:41.091  2712  2712 E luciUART: tcsetattr succeed
04-09 15:54:41.092  2712  2721 E LUCI_SERVER: Luci Server Thread waiting for packets....
04-09 15:54:41.158  2709  2709 I         : [0409/032441.157406:INFO:cast_auth_check.cc(163)] Cast auth test is successful.
04-09 15:54:41.520  2711  2723 E yani_kernel: Interface status 0
04-09 15:54:41.526  2711  2723 I yani_kernel: set_device_name() Interface 'wlan0' MAC Address 'cc:90:93:21:f3:84' FriendlyName 'Lyric Speaker Box 21f384' status '0'
04-09 15:54:41.528  2711  2723 I yani_server: First boot after Factory reset! Friendly Name modified Lyric Speaker Box  -> Lyric Speaker Box 21f384
04-09 15:54:41.533  2712  2712 I lucitransport: writeRemoteMessage() MID = 90 buffer = Lyric Speaker Box 21f384
04-09 15:54:41.533  2712  2712 I luciUART: write() MID = 90  bytes = 34 data = Lyric Speaker Box 21f384 m_fd = 0x5
04-09 15:54:41.534  2712  2712 I lucitransport: writeLocalMessage() MID = 90 buffer = Lyric Speaker Box 21f384
04-09 15:54:41.534  2712  2721 E LUCI_SERVER: Luci Server Thread wait over MID 90....
04-09 15:54:41.535  2711  2723 E yani_server: Device Supports CastSetup 1
04-09 15:54:41.535  2711  2723 I yani_kernel: yani_init_net() Success Netlink socket fd 6
04-09 15:54:41.539  2711  2723 E WifiHW  : wifi_start_supplicant
04-09 15:54:41.539  2711  2723 E WifiHW  : wifi_start_ctl.start : wpa_supplicant
04-09 15:54:41.564  2712  2721 E LUCI_SERVER: Luci Server Thread waiting for packets....
04-09 15:54:41.740  2711  2723 E WifiHW  : wifi_connect_to_supplicant : wlan0
04-09 15:54:41.740  2711  2723 E WifiHW  : wifi_connect_on_socket_path1 : wlan0
04-09 15:54:41.743  2711  2723 E yani_wifi: enable_disable_net_if() Failed SIOCGIFFLAGS for interface 'wlan1' enable '0'
04-09 15:54:41.748  2711  2723 I yani_wifi: configure_wifi() SSID '' security '' passphrase '********' Country 'US'
04-09 15:54:42.947  2691  2691 I sh      : LSDeviceService: not found
04-09 15:54:43.053  2729  2729 E UIModeManager: UIModeManager Constructor ++
04-09 15:54:43.060  2731  2731 I NetMgr  : Net_Mgr starting
04-09 15:54:43.067  2728  2728 E         :  Start MessageBox Handler 
04-09 15:54:43.068  2731  2731 I HotspotManager: Default WiFi Interface : wlan0
04-09 15:54:43.070  2729  2729 I AirableUIHelper: AirableUIHelper Contructor 
04-09 15:54:43.072  2729  2729 E AirableUIHelper:  Airable ENV_AirableBaseURL_ID Envitem returned failed!!!
04-09 15:54:43.073  2729  2729 E AirableUIHelper:  Airable ENV_AirableSecret_ID Envitem returned failed!!!
04-09 15:54:43.073  2729  2729 E AirableUIHelper: Airable Secret =  
04-09 15:54:43.083  2731  2731 I NetworkMonitor: WiFi Interface : wlan0
04-09 15:54:43.083  2731  2731 I NetworkMonitor: Default WiFi Interface : wlan0
04-09 15:54:43.088  2729  2729 I UIModeManager: RegisterModeControl Mode - PlayMode ModeControl - 0xac44ac30
04-09 15:54:43.089  2735  2735 E dhcpcd  : eth0: interface not found or invalid
04-09 15:54:43.092  2729  2729 I ServiceManager: Waiting for service media.player...
04-09 15:54:43.094  2728  2742 E MB_HANDLER: HOST present 1
04-09 15:54:43.095  2728  2742 E MB_HANDLER:  REGISTERED YANI LISTENER IN MessageBoxHandler
04-09 15:54:43.096  2731  2744 I NetworkMonitor: Start monitor thread
04-09 15:54:43.098  2728  2742 E         : External Host present 1
04-09 15:54:43.098  2728  2742 E MB_HANDLER: REGISTERED ExternalSource IN MessageBoxHandler
04-09 15:54:43.102  2728  2742 E MB_HANDLER: Check Device Support ENV_CastSetup true ENV_GoogleCast_ID true 
04-09 15:54:43.102  2712  2712 I lucitransport: readRemoteMessage() MID char = 43689 buffer = 1
04-09 15:54:43.103  2712  2712 I lucitransport: writeRemoteMessage() MID = 43690 buffer = ªªªªª
04-09 15:54:43.103  2712  2712 I luciUART: write() MID = 43690  bytes = 15 data = ªªªªª m_fd = 0x5
04-09 15:54:43.103  2728  2742 E MB_HANDLER: LUCI UART READY MSG!!
04-09 15:54:43.106  2728  2742 E MB_HANDLER: boot_after_factory : 1
04-09 15:54:43.112  2712  2720 E luciUART: UART:aa
04-09 15:54:43.113  2712  2720 E luciUART: UART:0
04-09 15:54:43.113  2712  2720 I chatty  : uid=0(root) UARTLUCIControl identical 1 line
04-09 15:54:43.113  2712  2720 E luciUART: UART:0
04-09 15:54:43.113  2712  2720 E luciUART: UART:1
04-09 15:54:43.113  2712  2720 I luciUART: read() RemoteID = 43690 Command = 9 Type = 2 Status = 0 DataLen = 1
04-09 15:54:43.113  2712  2720 E luciUART: Error: full data not available yet! readBytes 0
04-09 15:54:43.113  2712  2720 I luciUART: Previous Packet read contd., 
04-09 15:54:43.113  2712  2720 E luciUART: UART:31
04-09 15:54:43.113  2712  2721 E LUCI_SERVER: Luci Server Thread wait over MID 9....
04-09 15:54:43.115  2712  2720 E luciUART: UART:0
04-09 15:54:43.116  2712  2720 E luciUART: UART:f
04-09 15:54:43.116  2712  2720 I luciUART: read() RemoteID = 43690 Command = 208 Type = 2 Status = 0 DataLen = 15
04-09 15:54:43.116  2712  2720 E luciUART: Error: full data not available yet! readBytes 0
04-09 15:54:43.116  2712  2720 I luciUART: Previous Packet read contd., 
04-09 15:54:43.116  2712  2720 E luciUART: UART:45
04-09 15:54:43.116  2712  2720 E luciUART: UART:41
04-09 15:54:43.116  2712  2720 I luciUART: Previous Packet read contd., 
04-09 15:54:43.116  2712  2720 E luciUART: UART:5f
04-09 15:54:43.116  2712  2720 E luciUART: UART:69
04-09 15:54:43.116  2712  2720 E luciUART: UART:6e
04-09 15:54:43.116  2712  2720 E luciUART: UART:aa
04-09 15:54:43.118  2712  2720 I luciUART: read() RemoteID = 43690 Command = 91 Type = 2 Status = 0 DataLen = 0
04-09 15:54:43.118  2712  2720 E luciUART: UART:aa
04-09 15:54:43.118  2712  2720 E luciUART: UART:0
04-09 15:54:43.118  2712  2720 E luciUART: UART:0
04-09 15:54:43.118  2712  2720 I luciUART: read() RemoteID = 43690 Command = 208 Type = 2 Status = 0 DataLen = 12
04-09 15:54:43.118  2712  2720 E luciUART: Error: full data not available yet! readBytes 0
04-09 15:54:43.118  2712  2720 E luciUART: UART:45
04-09 15:54:43.118  2712  2720 E luciUART: UART:5f
04-09 15:54:43.119  2712  2720 E luciUART: UART:43
04-09 15:54:43.119  2712  2720 I luciUART: Previous Packet read contd., 
04-09 15:54:43.119  2712  2720 I luciUART: Previous Packet read contd., 
04-09 15:54:43.128  2712  2720 E luciUART: UART:aa
04-09 15:54:43.129  2712  2720 E luciUART: UART:aa
04-09 15:54:43.129  2712  2720 E luciUART: UART:2
04-09 15:54:43.129  2712  2720 E luciUART: UART:0
04-09 15:54:43.129  2712  2720 E luciUART: UART:d0
04-09 15:54:43.129  2712  2720 E luciUART: UART:0
04-09 15:54:43.129  2712  2720 E luciUART: UART:0
04-09 15:54:43.129  2712  2721 E WLANP2PIF: ioctl failed
04-09 15:54:43.129  2712  2721 E LUCI_SERVER: ** RSSI  = 255
04-09 15:54:43.129  2712  2721 I luciUART: write() MID = 151  bytes = 10 data =  m_fd = 0x5
04-09 15:54:43.129  2712  2721 E LUCI_SERVER: Luci Server Thread wait over MID 208....
04-09 15:54:43.129  2712  2720 E luciUART: UART:0
04-09 15:54:43.129  2712  2721 E LUCI_SERVER: Got NV name : ssid
04-09 15:54:43.129  2712  2720 E luciUART: UART:0
04-09 15:54:43.129  2712  2720 E luciUART: UART:9
04-09 15:54:43.129  2712  2720 I luciUART: read() RemoteID = 43690 Command = 208 Type = 2 Status = 0 DataLen = 9
04-09 15:54:43.129  2712  2720 E luciUART: Error: full data not available yet! readBytes 0
04-09 15:54:43.129  2712  2720 I luciUART: Previous Packet read contd., 
04-09 15:54:43.129  2712  2720 E luciUART: UART:52
04-09 15:54:43.129  2712  2720 I luciUART: Previous Packet read contd., 
04-09 15:54:43.130  2712  2720 E luciUART: UART:5f
04-09 15:54:43.130  2712  2720 I luciUART: Previous Packet read contd., 
04-09 15:54:43.130  2712  2720 E luciUART: UART:73
04-09 15:54:43.130  2712  2720 I luciUART: Previous Packet read contd., 
04-09 15:54:43.130  2712  2720 E luciUART: UART:73
04-09 15:54:43.130  2712  2720 I luciUART: Previous Packet read contd., 
04-09 15:54:43.130  2712  2720 E luciUART: UART:69
04-09 15:54:43.130  2712  2720 I luciUART: Previous Packet read contd., 
04-09 15:54:43.130  2712  2720 E luciUART: UART:64
04-09 15:54:43.130  2712  2720 E luciUART: UART:aa
04-09 15:54:43.130  2733  2752 I bt_osi_thread: run_thread: thread id 2752, thread name stack_manager started
04-09 15:54:43.130  2712  2720 E luciUART: UART:2
04-09 15:54:43.130  2733  2752 I bt_stack_manager: event_init_stack is initializing the stack
04-09 15:54:43.131  2712  2720 E luciUART: UART:0
04-09 15:54:43.131  2712  2721 I luciUART: write() MID = 208  bytes = 15 data = ssid: m_fd = 0x5
04-09 15:54:43.131  2712  2720 E luciUART: UART:0
04-09 15:54:43.131  2712  2721 E LUCI_SERVER: NV_READ response= ssid:
04-09 15:54:43.131  2712  2720 E luciUART: UART:0
04-09 15:54:43.131  2712  2720 E luciUART: UART:4
04-09 15:54:43.131  2712  2721 E LUCI_SERVER: Luci Server Thread wait over MID 208....
04-09 15:54:43.131  2712  2721 E LUCI_SERVER: Got NV name : ssid
04-09 15:54:43.131  2712  2720 E luciUART: UART:30
04-09 15:54:43.131  2712  2720 E luciUART: UART:31
04-09 15:54:43.133  2712  2721 I luciUART: write() MID = 208  bytes = 15 data = ssid: m_fd = 0x5
04-09 15:54:43.133  2712  2721 E LUCI_SERVER: NV_READ response= ssid:
04-09 15:54:43.133  2712  2721 E LUCI_SERVER: Luci Server Thread wait over MID 6....
04-09 15:54:43.135  2728  2741 E MB_HANDLER: Messagebox_handler::MessageBoxAlert id = 6
04-09 15:54:43.136  2728  2742 E MB_HANDLER: Message Handler Thread wait over MID[6]....
04-09 15:54:43.136  2712  2712 I lucitransport: readRemoteMessage() MID char = 6 buffer = 1001
04-09 15:54:43.136  2712  2721 I luciUART: write() MID = 6  bytes = 10 data =  m_fd = 0x5
04-09 15:54:43.136  2712  2721 E LUCI_SERVER: Luci Server Thread waiting for packets....
04-09 15:54:43.139  2733  2752 E bt_osi_config: config_new unable to open file '/data/misc/bluedroid/bt_config.conf': No such file or directory
04-09 15:54:43.139  2733  2752 W bt_btif_config: init unable to load config file: /data/misc/bluedroid/bt_config.conf; using backup.
04-09 15:54:43.141  2733  2752 E bt_btif_config_transcode: btif_config_transcode unable to load XML file '/data/misc/bluedroid/bt_config.xml': 3
04-09 15:54:43.143  2712  2720 E luciUART: UART:aa
04-09 15:54:43.143  2712  2720 E luciUART: UART:aa
04-09 15:54:43.144  2733  2752 E bt_btif_config: init unable to transcode legacy file; creating empty config.
04-09 15:54:43.144  2712  2720 E luciUART: UART:0
04-09 15:54:43.144  2712  2720 E luciUART: UART:d0
04-09 15:54:43.145  2712  2720 E luciUART: UART:0
04-09 15:54:43.145  2712  2720 I chatty  : uid=0(root) UARTLUCIControl identical 2 lines
04-09 15:54:43.145  2712  2720 E luciUART: UART:0
04-09 15:54:43.145  2712  2720 E luciUART: UART:13
04-09 15:54:43.145  2712  2720 I luciUART: read() RemoteID = 43690 Command = 208 Type = 2 Status = 0 DataLen = 19
04-09 15:54:43.145  2712  2720 E luciUART: Error: full data not available yet! readBytes 0
04-09 15:54:43.145  2712  2720 I luciUART: Previous Packet read contd., 
04-09 15:54:43.153  2733  2752 I bt_stack_config: init attempt to load stack conf from /etc/bluetooth/bt_stack.conf
04-09 15:54:43.155  2733  2760 I bt_osi_thread: run_thread: thread id 2760, thread name bt_jni_workqueue started
04-09 15:54:43.155  2733  2752 I bt_btif_core: btif_init_bluetooth finished
04-09 15:54:43.155  2733  2752 I bt_stack_manager: event_init_stack finished
04-09 15:54:43.156  2733  2733 I bt_osi_wakelock: wakelock_set_os_callouts set to non-native
04-09 15:54:43.158  2733  2733 I bt_btif : get_profile_interface: id = gatt
04-09 15:54:43.161  2733  2733 I bt_btif : get_profile_interface: id = a2dp
04-09 15:54:43.162  2733  2733 I bt_btif : get_profile_interface: id = a2dp_sink
04-09 15:54:43.164  2733  2760 I bt_btif_core: run_message_loop entered
04-09 15:54:43.164  2733  2762 I bt_osi_thread: run_thread: thread id 2762, thread name btif_a2dp_sink_w started
04-09 15:54:43.171  2733  2733 D a2dp_codec: init
04-09 15:54:43.178  2733  2733 D a2dp_codec: createCodec: codec SBC
04-09 15:54:43.181  2733  2733 D a2dp_codec: createCodec: codec AAC
04-09 15:54:43.181  2733  2733 D a2dp_codec: createCodec: codec aptX
04-09 15:54:43.182  2733  2733 E a2dp_vendor_aptx_encoder: A2DP_VendorLoadEncoderAptx: cannot open aptX encoder library libaptX_encoder.so: libaptX_encoder.so: cannot open shared object file: No such file or directory
04-09 15:54:43.182  2733  2733 E a2dp_vendor_aptx: init: cannot load the encoder
04-09 15:54:43.182  2733  2733 D a2dp_codec: createCodec: codec aptX-HD
04-09 15:54:43.182  2733  2733 E a2dp_vendor_aptx_hd_encoder: A2DP_VendorLoadEncoderAptxHd: cannot open aptX-HD encoder library libaptXHD_encoder.so: libaptXHD_encoder.so: cannot open shared object file: No such file or directory
04-09 15:54:43.182  2733  2733 E a2dp_vendor_aptx_hd: init: cannot load the encoder
04-09 15:54:43.183  2733  2733 D a2dp_codec: createCodec: codec LDAC
04-09 15:54:43.184  2733  2733 E a2dp_vendor_ldac_encoder: A2DP_VendorLoadEncoderLdac: cannot open LDAC encoder library libldacBT_enc.so: libldacBT_enc.so: cannot open shared object file: No such file or directory
04-09 15:54:43.184  2733  2733 E a2dp_vendor_ldac: init: cannot load the encoder
04-09 15:54:43.184  2733  2733 D a2dp_codec: createCodec: codec SBC SINK
04-09 15:54:43.200  2733  2733 I bluetoothtbd: [0409/032443.200527:INFO:daemon.cc(168)] Daemon initialized
04-09 15:54:43.201  2733  2733 I bt_btif : enable: start restricted = 0
04-09 15:54:43.201  2733  2752 I bt_stack_manager: event_start_up_stack is bringing up the stack
04-09 15:54:43.201  2733  2752 I bt_core_module: module_start_up Starting module "btif_config_module"
04-09 15:54:43.201  2733  2752 I bt_core_module: module_start_up Started module "btif_config_module"
04-09 15:54:43.201  2733  2752 I bt_core_module: module_start_up Starting module "btsnoop_module"
04-09 15:54:43.201  2733  2752 I bt_core_module: module_start_up Started module "btsnoop_module"
04-09 15:54:43.202  2733  2752 I bt_core_module: module_start_up Starting module "hci_module"
04-09 15:54:43.202  2733  2752 I bt_hci  : hci_module_start_up
04-09 15:54:43.206  2733  2770 I bt_osi_thread: run_thread: thread id 2770, thread name hci_thread started
04-09 15:54:43.207  2733  2752 D bt_hci  : hci_module_start_up starting async portion
04-09 15:54:43.208  2733  2770 I bluetoothtbd: [0409/032443.208433:INFO:hci_layer_linux.cc(172)] hci_initialize
04-09 15:54:43.208  2733  2770 I bluetoothtbd: [0409/032443.208592:INFO:hci_layer_linux.cc(184)] Using interface hci0
04-09 15:54:43.208  2733  2770 I bluetoothtbd: [0409/032443.208651:INFO:hci_layer_linux.cc(378)] rfkill
04-09 15:54:43.227  2731  2745 E CommandListener: Message not handled: unrecognized interface usb0
04-09 15:54:43.227  2731  2745 W FrameworkListener: Handler 'Iface' error (Success)
04-09 15:54:43.227  2731  2745 E CommandListener: Message not handled: unrecognized interface usb0
04-09 15:54:43.227  2731  2745 W FrameworkListener: Handler 'Iface' error (Success)
04-09 15:54:43.237  2731  2745 E CommandListener: Message not handled: unrecognized interface usb0
04-09 15:54:43.237  2731  2745 W FrameworkListener: Handler 'Iface' error (Success)
04-09 15:54:43.240  2731  2745 E CommandListener: Message not handled: unrecognized interface usb0
04-09 15:54:43.240  2731  2745 W FrameworkListener: Handler 'Iface' error (Success)
04-09 15:54:43.240  2731  2745 E CommandListener: Message not handled: unrecognized interface usb0
04-09 15:54:43.240  2731  2745 W FrameworkListener: Handler 'Iface' error (Success)
04-09 15:54:43.242  2731  2745 E CommandListener: Message not handled: unrecognized interface usb0
04-09 15:54:43.242  2731  2745 W FrameworkListener: Handler 'Iface' error (Success)
04-09 15:54:43.250  2735  2735 D dhcpcd  : no interfaces have a carrier
04-09 15:54:43.251  2735  2735 D dhcpcd  : wlan0: waiting for carrier
04-09 15:54:43.289  2786  2786 I dnsmasq : started, version 2.51 cachesize 150
04-09 15:54:43.289  2786  2786 I dnsmasq : compile time options: no-IPv6 GNU-getopt no-DBus no-I18N DHCP no-scripts no-TFTP
04-09 15:54:43.289  2786  2786 I dnsmasq : DHCP, IP range 192.168.10.3 -- 192.168.10.10, lease time 12h
04-09 15:54:43.290  2786  2786 I dnsmasq : reading /etc/resolv.conf
04-09 15:54:43.290  2786  2786 I dnsmasq : using nameserver 8.8.8.8#53
04-09 15:54:43.290  2786  2786 I dnsmasq : read /etc/hosts - 1 addresses
04-09 15:54:43.624  2733  2770 I bluetoothtbd: [0409/032443.624481:INFO:hci_layer_linux.cc(295)] wait_hcidev
04-09 15:54:43.624  2733  2770 I bluetoothtbd: [0409/032443.624741:INFO:hci_layer_linux.cc(332)] Do poll() with timeout of 3000ms
04-09 15:54:43.626  2733  2770 I bluetoothtbd: [0409/032443.626318:INFO:hci_layer_linux.cc(228)] HCI device ready
04-09 15:54:43.626  2733  2770 I bt_hci  : event_finish_startup
04-09 15:54:43.626  2733  2752 I bt_core_module: module_start_up Started module "hci_module"
04-09 15:54:43.628  2733  2810 I bt_osi_thread: run_thread: thread id 2810, thread name bt_workqueue started
04-09 15:54:43.628  2733  2810 I bluetoothtbd: [0409/032443.628856:INFO:btu_task.cc(107)] Bluetooth chip preload is complete
04-09 15:54:43.635  2733  2810 I         : No vendor HCI socket available. Won't create SocketWriter.
04-09 15:54:43.644  2733  2810 I bluetoothtbd: [0409/032443.643548:INFO:gatt_api.cc(1005)] GATT_Register
04-09 15:54:43.645  2733  2810 I bluetoothtbd: [0409/032443.645256:INFO:gatt_api.cc(1028)] allocated gatt_if=1
04-09 15:54:43.646  2733  2810 I bluetoothtbd: [0409/032443.646825:INFO:gatt_api.cc(207)] GATTS_AddService
04-09 15:54:43.647  2733  2810 I bluetoothtbd: [0409/032443.647871:INFO:gatt_api.cc(317)] GATTS_AddService: service parsed correctly, now starting
04-09 15:54:43.649  2733  2810 E bluetoothtbd: [0409/032443.648754:ERROR:gatt_attr.cc(302)] gatt_profile_db_init:  gatt_if=1
04-09 15:54:43.655  2733  2810 I bluetoothtbd: [0409/032443.655778:INFO:gatt_api.cc(1005)] GATT_Register
04-09 15:54:43.655  2733  2810 I bluetoothtbd: [0409/032443.655909:INFO:gatt_api.cc(1028)] allocated gatt_if=2
04-09 15:54:43.655  2733  2810 I bluetoothtbd: [0409/032443.655960:INFO:gatt_api.cc(207)] GATTS_AddService
04-09 15:54:43.656  2733  2810 I bluetoothtbd: [0409/032443.656012:INFO:gatt_api.cc(317)] GATTS_AddService: service parsed correctly, now starting
04-09 15:54:43.659  2733  2811 I bt_osi_thread: run_thread: thread id 2811, thread name btu message loop started
04-09 15:54:43.669  2731  2745 E CommandListener: Message not handled: unrecognized interface usb0
04-09 15:54:43.669  2731  2745 W FrameworkListener: Handler 'Iface' error (Success)
04-09 15:54:43.720  2733  2813 I bt_osi_thread: run_thread: thread id 2813, thread name module_wrapper started
04-09 15:54:43.720  2733  2813 I bt_core_module: module_start_up Starting module "controller_module"
04-09 15:54:43.752  2711  2723 I yani_server: ifindexeth0 0 ifindexwlan0 5 ifindexp2p0 6 ifindexwlan1 0
04-09 15:54:43.753  2711  2723 I yani_server: NetLink Event '-1' Interface-Index '5' WLAN '0' Ethernet '-1' Parsed-iFill '-1' -> 'INVALID' ifIndex '1' -> 'lo'
04-09 15:54:43.753  2711  2723 I yani_kernel: yani_geteventfrom_changeaddr() Message-Id '1' Netlink event '16' Interface Index '5' -> Name 'wlan0' 
04-09 15:54:43.754  2711  2723 I yani_kernel: yani_geteventfrom_changeaddr() Message-Id '1' Netlink event '16' Interface Index '9' -> Name 'usb0' 
04-09 15:54:43.755  2711  2723 I yani_kernel: yani_geteventfrom_changeaddr() Message-Id '1' Netlink event '16' Interface Index '9' -> Name 'usb0' 
04-09 15:54:43.756  2711  2723 I yani_kernel: yani_geteventfrom_changeaddr() Message-Id '1' Netlink event '20' Interface Index '9' -> Name 'usb0' 
04-09 15:54:43.757  2711  2723 I yani_kernel: yani_geteventfrom_changeaddr() Message-Id '1' Netlink event '16' Interface Index '9' -> Name 'usb0' 
04-09 15:54:43.758  2711  2723 I yani_kernel: yani_geteventfrom_changeaddr() Message-Id '1' Netlink event '21' Interface Index '9' -> Name 'usb0' 
04-09 15:54:43.759  2711  2723 I yani_kernel: yani_geteventfrom_changeaddr() Message-Id '1' Netlink event '20' Interface Index '9' -> Name 'usb0' 
04-09 15:54:43.760  2711  2723 I yani_kernel: yani_geteventfrom_changeaddr() Message-Id '1' Netlink event '16' Interface Index '9' -> Name 'usb0' 
04-09 15:54:43.893  2733  2813 I bt_core_module: module_start_up Started module "controller_module"
04-09 15:54:43.893  2733  2813 W bt_osi_thread: run_thread: thread id 2813, thread name module_wrapper exited
04-09 15:54:43.897  2733  2810 W bt_btm  : btm_decode_ext_features_page: feature page 1 ignored
04-09 15:54:43.897  2733  2810 W bt_btm  : btm_decode_ext_features_page: feature page 2 ignored
04-09 15:54:43.897  2733  2811 I bt_btm_sec: BTM_SecRegister p_cb_info->p_le_callback == 0x0xf68f8b99
04-09 15:54:43.899  2733  2811 I bt_btm_sec: BTM_SecRegister btm_cb.api.p_le_callback = 0x0xf68f8b99 
04-09 15:54:43.901  2733  2811 I bluetoothtbd: [0409/032443.900963:INFO:ble_advertiser_hci_interface.cc(736)] Legacy advertising will be in use
04-09 15:54:43.903  2733  2811 I bluetoothtbd: [0409/032443.903563:INFO:gatt_api.cc(1005)] GATT_Register
04-09 15:54:43.903  2733  2811 I bluetoothtbd: [0409/032443.903734:INFO:gatt_api.cc(1028)] allocated gatt_if=3
04-09 15:54:43.917  2733  2811 I bt_bta_av: AVRCP version used for sdp: "avrcp14"
04-09 15:54:43.922  2733  2760 E bt_btif_storage: btif_storage_get_adapter_property: Controller ready!
04-09 15:54:43.922  2733  2760 I bt_btif_storage: btif_storage_get_adapter_property service_mask:0x40000
04-09 15:54:43.923  2733  2760 I bluetoothtbd: [0409/032443.923064:INFO:adapter.cc(551)] Adapter properties changed
04-09 15:54:43.923  2733  2760 I bluetoothtbd: [0409/032443.923180:INFO:adapter.cc(564)] Adapter address changed: CC:90:93:21:F3:85
04-09 15:54:43.923  2733  2760 I bluetoothtbd: [0409/032443.923223:INFO:adapter.cc(573)] Adapter name changed
04-09 15:54:43.923  2733  2760 I bt_btif_core: btif_enable_bluetooth_evt entered: status 0
04-09 15:54:43.923  2733  2760 W bt_btif : btif_enable_bluetooth_evt: Saving the Adapter Address
04-09 15:54:43.923  2733  2760 I bluetoothtbd: [0409/032443.923956:INFO:adapter.cc(551)] Adapter properties changed
04-09 15:54:43.924  2733  2760 I bluetoothtbd: [0409/032443.924006:INFO:adapter.cc(564)] Adapter address changed: CC:90:93:21:F3:85
04-09 15:54:43.924  2733  2760 D bt_hci  : do_postload posting postload work item
04-09 15:54:43.929  2733  2854 I bt_osi_thread: run_thread: thread id 2854, thread name btif_sock started
04-09 15:54:43.932  2733  2760 D bt_bte_conf: Device ID record 1 : primary
04-09 15:54:43.932  2733  2760 D bt_bte_conf:   vendorId            = 000f
04-09 15:54:43.932  2733  2760 D bt_bte_conf:   vendorIdSource      = 0001
04-09 15:54:43.932  2733  2760 D bt_bte_conf:   product             = 1200
04-09 15:54:43.932  2733  2760 D bt_bte_conf:   version             = 1436
04-09 15:54:43.932  2733  2760 D bt_bte_conf:   clientExecutableURL = 
04-09 15:54:43.932  2733  2760 D bt_bte_conf:   serviceDescription  = 
04-09 15:54:43.932  2733  2760 D bt_bte_conf:   documentationURL    = 
04-09 15:54:43.932  2733  2760 D bt_bte_conf: bte_load_did_conf no section named DID2.
04-09 15:54:43.932  2733  2760 I bt_btif_core: btif_enable_bluetooth_evt finished
04-09 15:54:43.932  2733  2752 I bt_stack_manager: event_start_up_stack finished
04-09 15:54:43.933  2733  2760 I bluetoothtbd: [0409/032443.933321:INFO:adapter.cc(529)] Adapter state changed: BT_STATE_ON
04-09 15:54:44.092  2729  2729 I ServiceManager: Waiting for service media.player...
04-09 15:54:44.240  2711  2723 I yani_kernel: yani_geteventfrom_changeaddr() Message-Id '1' Netlink event '16' Interface Index '9' -> Name 'usb0' 
04-09 15:54:44.241  2731  2745 E CommandListener: Message not handled: unrecognized interface usb0
04-09 15:54:44.241  2731  2745 W FrameworkListener: Handler 'Iface' error (Success)
04-09 15:54:44.849  2731  2745 E CommandListener: Message not handled: unrecognized interface usb0
04-09 15:54:44.849  2731  2745 W FrameworkListener: Handler 'Iface' error (Success)
04-09 15:54:45.093  2729  2729 I ServiceManager: Waiting for service media.player...
04-09 15:54:45.115  2731  2744 E WifiUtil: command: "SCAN" failed: FAIL-BUSY
04-09 15:54:45.524  2711  2723 I yani_server: NetLink Event '-1' Interface-Index '5' WLAN '-1' Ethernet '-1' Parsed-iFill '-1' -> 'INVALID' ifIndex '1' -> 'lo'
04-09 15:54:45.526  2711  2723 I yani_server: NetLink Event '-1' Interface-Index '5' WLAN '0' Ethernet '-1' Parsed-iFill '-1' -> 'INVALID' ifIndex '1' -> 'lo'
04-09 15:54:45.551  2711  2723 I chatty  : uid=0(root) YaniServer identical 38 lines
04-09 15:54:45.551  2711  2723 I yani_server: NetLink Event '-1' Interface-Index '5' WLAN '0' Ethernet '-1' Parsed-iFill '-1' -> 'INVALID' ifIndex '1' -> 'lo'
04-09 15:54:45.551  2711  2723 I yani_kernel: yani_geteventfrom_changeaddr() Message-Id '1' Netlink event '16' Interface Index '5' -> Name 'wlan0' 
04-09 15:54:45.552  2711  2723 I yani_kernel: yani_geteventfrom_changeaddr() Message-Id '1' Netlink event '16' Interface Index '5' -> Name 'wlan0' 
04-09 15:54:46.015  2713  2713 I SourceSwitch: SourceSwitch() Host 1 initialized...
04-09 15:54:46.093  2729  2729 I ServiceManager: Waiting for service media.player...
04-09 15:54:46.940  2733  2760 E bt_osi_config: config_save unable to open dir '/data/misc/bluedroid': No such file or directory
04-09 15:54:47.084  2786  2786 I dnsmasq : DHCPDISCOVER(usb0) 92:c8:2d:82:af:e5 
04-09 15:54:47.084  2786  2786 I dnsmasq : DHCPOFFER(usb0) 192.168.10.8 92:c8:2d:82:af:e5 
04-09 15:54:47.085  2786  2786 I dnsmasq : DHCPDISCOVER(usb0) 92:c8:2d:82:af:e5 
04-09 15:54:47.085  2786  2786 I dnsmasq : DHCPOFFER(usb0) 192.168.10.8 92:c8:2d:82:af:e5 
04-09 15:54:47.088  2786  2786 I dnsmasq : DHCPREQUEST(usb0) 192.168.10.8 92:c8:2d:82:af:e5 
04-09 15:54:47.088  2786  2786 I dnsmasq : DHCPACK(usb0) 192.168.10.8 92:c8:2d:82:af:e5 
04-09 15:54:47.090  2786  2786 I dnsmasq : DHCPREQUEST(usb0) 192.168.10.8 92:c8:2d:82:af:e5 
04-09 15:54:47.090  2786  2786 I dnsmasq : DHCPACK(usb0) 192.168.10.8 92:c8:2d:82:af:e5 
04-09 15:54:47.093  2729  2729 I ServiceManager: Waiting for service media.player...
04-09 15:54:47.117  2711  2723 I yani_server: NetLink Event '-1' Interface-Index '5' WLAN '-1' Ethernet '-1' Parsed-iFill '-1' -> 'INVALID' ifIndex '1' -> 'lo'
04-09 15:54:48.062  2691  2691 I sh      : btaudioplayer: not found
04-09 15:54:48.097  2691  2691 I sh      : *** play mode control constructor end 
04-09 15:54:48.097  2729  2729 E BrowseModeControl: Read env failed
04-09 15:54:48.097  2729  2729 I UIModeManager: RegisterModeControl Mode - BrowseMode ModeControl - 0xac44d830
04-09 15:54:48.098  2729  2729 E DefaultBrowser: m_ItemsCount = 7 
04-09 15:54:48.098  2729  2729 E SDCardBrowser: SDCARD Browser constructor mounting vfat first
04-09 15:54:48.099  2729  2729 E SDCardBrowser: 3 GOTOP  Sytem return value = -1
04-09 15:54:48.099  2729  2729 E SDCardBrowser: mounting vfat failed, try ntfs, return value = -1
04-09 15:54:48.101  2729  2729 I ServiceManager: Waiting for service media.player...
04-09 15:54:48.120  2691  2691 I sh      : /dev/block/sd*: No such file or directory
04-09 15:54:49.102  2729  2729 I ServiceManager: Waiting for service media.player...
04-09 15:54:49.128  2731  2744 I NetworkMonitor: Number of APs is 38
04-09 15:54:49.128  2731  2744 I NetworkMonitor: Number of APs with same essid 0
04-09 15:54:49.137  2957  2957 I wac-main: main() defaultServiceManager 0xabd01fa8 
04-09 15:54:49.137  2957  2957 I wac-main: Getinstance
04-09 15:54:49.139  2957  2957 I wac-main: WAC LUCI listener created
04-09 15:54:49.142  2957  2957 E wac-main: wac trigger pipe not ready
04-09 15:54:49.152  2957  2967 I wac-main: init_netlink_skt() Success Netlink socket fd 7
04-09 15:54:49.152  2957  2967 E wac-main: Enter poll and wait
04-09 15:54:49.177  2691  2691 I sh      : ***** START WEBSERVER ******
04-09 15:54:49.193  2691  2691 I sh      : threadLoop entry.... 
04-09 15:54:49.193  2691  2691 I sh      : WebServerManager::InitWebServerManager ++ 
04-09 15:54:49.200  2691  2691 I sh      : WebServerManager::InitWebServerManager --
