04-09 16:14:14.275  3068  3068 I cast_cli: [0409/034414.274508:INFO:package_utils.cc(186)] Run process_manager: /bin/logwrapper /system/chrome/process_manager --async --accept-resource-provider=true --alsa-enable-upsampling=true --alsa-output-avail-min=256 --alsa-output-buffer-size=4096 --alsa-output-period-size=512 --alsa-output-start-threshold=2048 --default-eureka-name-prefix=LSB --enable-background-apps=true --enable-hi-res-audio-support=true --enable-multizone=true --netif-for-unique-ids=wlan0 --ota-directory=/data/chrome/cache/ --setup-ssid-suffix=d256 --setup-support-guest-mode=0 --wpa-supplicant-unix-socket-path=/dev/socket/wpa_wlan0
04-09 16:14:14.302  3074  3074 I process_manager: [0409/034414.302287:INFO:process_manager.cc(348)] process manager initialized
04-09 16:14:14.303  3074  3074 I process_manager: [0409/034414.302740:INFO:process_manager.cc(399)] Process manager is starting
04-09 16:14:14.303  3074  3074 I process_manager: [0409/034414.303261:INFO:process_manager.cc(409)] Process manager successfully started with pid 3076
04-09 16:14:14.305  3068  3068 I cast_cli: [0409/034414.305798:INFO:cast_cli.cc(433)] Process manager successfully started as daemon
04-09 16:14:14.334  3076  3076 I process_manager: [0409/034414.333689:INFO:process_manager.cc(348)] process manager initialized
04-09 16:14:14.334  3076  3076 I process_manager: [0409/034414.334273:INFO:process_manager.cc(475)] Resuming manager from a previous state
04-09 16:14:14.368  3076  3076 I process_manager: [0409/034414.367983:INFO:package_utils.cc(186)] Run update_engine: /bin/logwrapper /system/chrome/update_engine --foreground --netif-for-unique-ids=eth0 --omaha-beta-app-id={c71af7c9-fb75-4084-9bb1-6483fae36524} --omaha-prod-app-id={c71af7c9-fb75-4084-9bb1-6483fae36524} --ota-directory=/chrome/cache/ --update-engine-unix-socket-path=/tmp/socket/updater --v=4 --netif-for-unique-ids=wlan0 --ota-directory=/data/chrome/cache/
04-09 16:14:14.369  3076  3076 I process_manager: [0409/034414.369077:INFO:package_utils.cc(186)] Run crash_uploader: /bin/logwrapper /system/chrome/crash_uploader
04-09 16:14:14.370  3076  3076 I process_manager: [0409/034414.370017:INFO:package_utils.cc(186)] Run cast_shell: /bin/logwrapper /system/chrome/cast_shell --accept-resource-provider=true --alsa-enable-upsampling=false --app-config-path=/fakeapp.conf --blink-platform-log-channels=Media --cast-control-unix-socket-path=/tmp/cast-control --default-eureka-name-prefix=Google Cast Speaker --disable-dial=true --disable-images-for-app-id=*|1B11061A --enable-background-apps=false --idle-screen=false --js-flags=--trace_gc --netif-for-unique-ids=eth0 --no-daily-reboot=true --ota-directory=/chrome/cache/ --setup-support-guest-mode=0 --skip-gpu-data-loading --update-engine-unix-socket-path=/tmp/socket/updater --accept-resource-provider=true --alsa-enable-upsampling=true --alsa-output-avail-min=256 --alsa-output-buffer-size=4096 --alsa-output-period-size=512 --alsa-output-start-threshold=2048 --default-eureka-name-prefix=LSB --enable-background-apps=true --enable-hi-res-audio-support=true --enable-multizone=true --netif-for-unique-ids=wlan0 --ota-directory=/data/chrome/cache/ --setup-ssid-suffix=d256 --setup-support-guest-mode=0 --wpa-supplicant-unix-socket-path=/dev/socket/wpa_wlan0
04-09 16:14:14.394  3079  3079 I crash_uploader: [0409/034414.393419:INFO:crash_uploader.cc(45)] Starting crash uploader...
04-09 16:14:14.396  3079  3079 I crash_uploader: [0409/034414.396325:ERROR:synchronized_minidump_manager.cc(251)] Lockfile did not parse correctly. 
04-09 16:14:14.401  3078  3078 I update_engine: [0409/034414.401056:INFO:main.cc(149)] Eureka Update Engine starting
04-09 16:14:14.402  3078  3078 I update_engine: [0409/034414.402165:INFO:update_check_scheduler.cc(77)] Next update check in 2700 seconds
04-09 16:14:14.402  3078  3078 I update_engine: [0409/034414.402435:INFO:string_based_ipc_server.cc(75)] Start IPC server: /tmp/socket/updater
04-09 16:14:14.402  3078  3078 I update_engine: [0409/034414.402777:INFO:unix_stream_server_socket.cc(62)] Unix server socket is created: /tmp/socket/updater
04-09 16:14:14.602  3080  3080 I cast_shell: [3083:3083:ERROR:pref_service_helper.cc(79)] Cannot initialize chromecast config: /data/chrome/.eureka.conf, pref_error=6
04-09 16:14:14.604  3080  3080 I cast_shell: [3083:3083:WARNING:discardable_shared_memory_manager.cc(194)] Less than 64MB of free space in temporary directory for shared memory files: 32
04-09 16:14:14.617  3080  3080 I cast_shell: Fontconfig warning: "/etc/fonts/fonts.conf", line 80: unknown element "blank"
04-09 16:14:14.803  3080  3080 I cast_shell: [3083:3083:INFO:cast_system_memory_pressure_evaluator.cc(167)] AdjustMemoryFractions: critical_memory_fraction_=0.25, moderate_memory_fraction_=0.4
04-09 16:14:14.809  3080  3080 I cast_shell: [3083:3083:INFO:cast_window_manager_aura.cc(198)] Starting window manager, bounds: 0,0 1x1
04-09 16:14:14.817  3080  3080 I cast_shell: [3083:3102:ERROR:mixer_connection.cc(91)] Failed to connect to mixer service: -102
04-09 16:14:14.817  3080  3080 I cast_shell: [3083:3083:WARNING:client_auth_manager.cc(94)] Old certificate is empty.
04-09 16:14:14.818  3080  3080 I cast_shell: [3083:3083:INFO:device_info_impl.cc(135)] [PII] Weave device ID: 
04-09 16:14:14.818  3080  3080 I cast_shell: [3083:3083:INFO:device_info_impl.cc(406)] MAC address for wlan0: CC:90:93:21:F3:84
04-09 16:14:14.822  3080  3080 I cast_shell: [3083:3083:INFO:device_info_impl.cc(431)] Device model id: COTODAMA.LS10 Platform.LSB
04-09 16:14:14.822  3080  3080 I cast_shell: [3083:3083:INFO:device_info_impl.cc(466)] Control Notifications: 0
04-09 16:14:14.822  3080  3080 I cast_shell: [3083:3083:ERROR:device_info_impl.cc(145)] Cannot read file: /data/bootid
04-09 16:14:14.822  3080  3080 I cast_shell: [3083:3083:INFO:device_info_impl.cc(482)] SSDP Boot ID: 0
04-09 16:14:14.822  3080  3080 I cast_shell: [3083:3083:INFO:device_info_impl.cc(486)] SSDP Config ID: 1
04-09 16:14:14.822  3080  3080 I cast_shell: [3083:3083:WARNING:secure_storage_impl.cc(85)] Device key not available yet.
04-09 16:14:14.822  3080  3080 I cast_shell: [3083:3083:INFO:cast_power_manager_provider.cc(26)] Creating DummyCastPowerManagerProvider
04-09 16:14:14.822  3080  3080 I cast_shell: [3083:3083:WARNING:auth_provider_impl.cc(72)] No IoT client_id found on the device. If device was FDRed please ignore this warning.
04-09 16:14:14.822  3080  3080 I cast_shell: [3083:3083:INFO:file_provider_impl.cc(67)] Initialized file provider with base dir: /data/chrome/auth
04-09 16:14:14.822  3080  3080 I cast_shell: [3083:3083:INFO:cast_power_manager_provider.cc(26)] Creating DummyCastPowerManagerProvider
04-09 16:14:14.822  3080  3080 I cast_shell: [3083:3083:INFO:cast_power_manager_provider.cc(26)] Creating DummyCastPowerManagerProvider
04-09 16:14:14.823  3080  3080 I cast_shell: [3083:3105:INFO:stream_mixer.cc(222)] Mixer health checker started
04-09 16:14:14.823  3080  3080 I cast_shell: [3083:3106:INFO:stream_mixer.cc(121)] Actual priority = 99, policy = 1
04-09 16:14:14.823  3080  3080 I cast_shell: [3083:3105:WARNING:post_processing_pipeline_parser.cc(65)] No post-processing config found at /etc/cast_audio.json.
04-09 16:14:14.823  3080  3080 I cast_shell: [3083:3105:WARNING:post_processing_pipeline_parser.cc(133)] No post-processor description found for "mix" in /etc/cast_audio.json. Using passthrough.
04-09 16:14:14.823  3080  3080 I cast_shell: [3083:3105:INFO:mixer_pipeline.cc(103)] 2 input channels to 'mix' group
04-09 16:14:14.823  3080  3080 I cast_shell: [3083:3105:WARNING:post_processing_pipeline_parser.cc(133)] No post-processor description found for "linearize" in /etc/cast_audio.json. Using passthrough.
04-09 16:14:14.823  3080  3080 I cast_shell: [3083:3105:INFO:mixer_pipeline.cc(124)] 2 input channels to 'linearize' group
04-09 16:14:14.823  3080  3080 I cast_shell: [3083:3105:INFO:alsa_volume_control.cc(43)] Opening mixer element "Master" on device "default"
04-09 16:14:14.827  3080  3080 I cast_shell: [3083:3107:INFO:audio_socket_service_uds.cc(44)] Using endpoint /tmp/mixer-service
04-09 16:14:14.829  3080  3080 I cast_shell: [3083:3105:INFO:alsa_volume_control.cc(219)] Volume device = default, element = Master
04-09 16:14:14.829  3080  3080 I cast_shell: [3083:3105:INFO:alsa_volume_control.cc(221)] Mute device = default, element = Master
04-09 16:14:14.829  3080  3080 I cast_shell: [3083:3105:INFO:alsa_volume_control.cc(234)] Idle device = default, elements = []
04-09 16:14:14.829  3080  3080 I cast_shell: [3083:3105:INFO:alsa_volume_control.cc(43)] Opening mixer element "Master" on device "default"
04-09 16:14:14.832  3080  3080 I cast_shell: [3083:3083:INFO:multizone_manager.cc(330)] Multizone features are enabled
04-09 16:14:14.832  3080  3080 I cast_shell: [3083:3083:INFO:cast_power_manager_provider.cc(26)] Creating DummyCastPowerManagerProvider
04-09 16:14:14.832  3080  3080 I cast_shell: [3083:3083:INFO:update_engine_client_with_ipc.cc(343)] Using IPC UpdateEngineClient
04-09 16:14:14.833  3083  3083 E         : Create
04-09 16:14:14.833  3083  3083 E         : OOBE IsSupported
04-09 16:14:14.834  3080  3080 I cast_shell: [3083:3091:INFO:parent_tracker.cc(90)] [PII](D23B92AB4B669165C18C9084B060EAE9) has hash 1014093997, root wait is 7.63888 s
04-09 16:14:14.834  3080  3080 I cast_shell: [3083:3091:INFO:parent_tracker.cc(120)] Can't use IPv4
04-09 16:14:14.834  3080  3080 I cast_shell: [3083:3091:INFO:parent_tracker.cc(124)] Can't use IPv6
04-09 16:14:14.834  3080  3080 I cast_shell: [3083:3091:ERROR:parent_tracker.cc(125)] No valid interface for multicast
04-09 16:14:14.836  3080  3080 I cast_shell: [3083:3091:INFO:directory_service_impl.cc(168)] Boot count is now 1
04-09 16:14:14.836  3080  3080 I cast_shell: [3083:3091:ERROR:socket_posix.cc(148)] bind() failed: Address already in use (98)
04-09 16:14:14.836  3080  3080 I cast_shell: [3083:3091:ERROR:tcp_listener.cc(64)] Listen failed: net::ERR_ADDRESS_IN_USE : 0.0.0.0:10101
04-09 16:14:14.836  3080  3080 I cast_shell: [3083:3091:ERROR:directory_service_impl.cc(213)] TCP listener error: -1
04-09 16:14:14.840  3080  3080 I cast_shell: [3083:3083:INFO:chromecast_service_client_default.cc(75)] System updater is supported, and this is first setup.
04-09 16:14:14.840  3080  3080 I cast_shell: [3083:3083:INFO:managed_mode_service.cc(345)] Starting in managed mode: 0
04-09 16:14:14.840  3080  3080 I cast_shell: [3083:3083:INFO:platform_client_auth_creds.cc(114)] Loaded client certificate. Key len = 2048 bits. Chain len = 2 (source FROM_CERT).
04-09 16:14:14.840  3080  3080 I cast_shell: [3083:3083:INFO:grpc_manager_impl.cc(245)] Registered service chromecast.LocalCloudcastService
04-09 16:14:14.841  3080  3080 I cast_shell: [3083:3083:INFO:grpc_manager_impl.cc(262)] Registered a handler ExecuteActionScript for service chromecast.LocalCloudcastService
04-09 16:14:14.841  3080  3080 I cast_shell: [3083:3083:INFO:grpc_manager_impl.cc(262)] Registered a handler ObserveDeviceStatus for service chromecast.LocalCloudcastService
04-09 16:14:14.841  3080  3080 I cast_shell: [3083:3083:INFO:grpc_manager_impl.cc(262)] Registered a handler GetDeviceStatus for service chromecast.LocalCloudcastService
04-09 16:14:14.841  3080  3080 I cast_shell: [3083:3083:INFO:grpc_manager_impl.cc(505)] GRPC[uri=[::]:0]: num_pending_calls=0, num_active_handlers=0, num_free_handlers=0
04-09 16:14:14.841  3080  3080 I cast_shell: [3083:3083:INFO:cast_power_manager_provider.cc(26)] Creating DummyCastPowerManagerProvider
04-09 16:14:14.841  3080  3080 I cast_shell: [3083:3083:INFO:cast_power_manager_provider.cc(26)] Creating DummyCastPowerManagerProvider
04-09 16:14:14.841  3080  3080 I cast_shell: [3083:3083:INFO:gcm_manager.cc(140)] GCM Dir = /data/chrome/gcm
04-09 16:14:14.842  3080  3080 I cast_shell: [3083:3083:INFO:gcm_manager.cc(258)] Enabling GCM Driver
04-09 16:14:14.842  3080  3080 I cast_shell: [3083:3083:INFO:grpc_manager_impl.cc(505)] GRPC[uri=]: num_pending_calls=0, num_active_handlers=0, num_free_handlers=0
04-09 16:14:14.842  3080  3080 I cast_shell: [3083:3083:INFO:lycra_gcm.cc(117)] Deferring GCM registration until connectivity is up.
04-09 16:14:14.892  3080  3080 I cast_shell: [3083:3083:WARNING:cloud_settings_manager.cc(513)] Cannot initialize device settings config: /data/chrome/cloud_settings/cloud_settings.prefs, pref_error=6
04-09 16:14:14.893  3080  3080 I cast_shell: [3083:3083:INFO:cloud_settings_manager.cc(195)] Cloud settings is disabled.
04-09 16:14:14.893  3080  3080 I cast_shell: [3083:3083:INFO:pref_metrics_manager.cc(66)] PrefMetricsManager started.
04-09 16:14:14.894  3080  3080 I cast_shell: [3083:3083:INFO:pref_control_service_impl.cc(142)] Loading prefs from /data/chrome/pref_control/pref_control.prefs
04-09 16:14:14.894  3080  3080 I cast_shell: [3083:3083:INFO:pref_control_service_impl.cc(602)] Registering pref Pref [Name:motion_sensing_pref,RestoreValue:1,ForceEnableParent:1,Value:1,Optin:1]
04-09 16:14:14.894  3080  3080 I cast_shell: [3083:3083:INFO:pref_control_service_impl.cc(602)] Registering pref Pref [Name:sleep_sensing_pref,RestoreValue:0,ForceEnableParent:1,Value:1,Optin:0]
04-09 16:14:14.895  3080  3080 I cast_shell: [3083:3083:INFO:pref_control_service_impl.cc(602)] Registering pref Pref [Name:sleep_disturbance_pref,RestoreValue:1,ForceEnableParent:0,Value:1,Optin:0]
04-09 16:14:14.895  3080  3080 I cast_shell: [3083:3083:INFO:pref_control_service_impl.cc(602)] Registering pref Pref [Name:sleep_coaching_pref,RestoreValue:1,ForceEnableParent:0,Value:1,Optin:0]
04-09 16:14:14.895  3080  3080 I cast_shell: [3083:3083:INFO:pref_control_service_impl.cc(602)] Registering pref Pref [Name:gesture_sensing_pref,RestoreValue:0,ForceEnableParent:1,Value:1,Optin:0]
04-09 16:14:14.895  3080  3080 I cast_shell: [3083:3083:INFO:pref_control_service_impl.cc(602)] Registering pref Pref [Name:play_and_pause_gesture_pref,RestoreValue:1,ForceEnableParent:0,Value:1,Optin:0]
04-09 16:14:14.895  3080  3080 I cast_shell: [3083:3083:INFO:pref_control_service_impl.cc(602)] Registering pref Pref [Name:snooze_alarm_gesture_pref,RestoreValue:1,ForceEnableParent:0,Value:1,Optin:0]
04-09 16:14:14.895  3080  3080 I cast_shell: [3083:3083:INFO:pref_control_service_impl.cc(602)] Registering pref Pref [Name:stop_timers_gesture_pref,RestoreValue:1,ForceEnableParent:0,Value:1,Optin:0]
04-09 16:14:14.896  3080  3080 I cast_shell: [3083:3083:INFO:pref_metrics_manager.cc(94)] Adding motion_sensing_pref to PrefMetricsManager.
04-09 16:14:14.896  3080  3080 I cast_shell: [3083:3083:INFO:pref_metrics_manager.cc(94)] Adding sleep_sensing_pref to PrefMetricsManager.
04-09 16:14:14.896  3080  3080 I cast_shell: [3083:3083:INFO:pref_metrics_manager.cc(94)] Adding sleep_disturbance_pref to PrefMetricsManager.
04-09 16:14:14.896  3080  3080 I cast_shell: [3083:3083:INFO:pref_metrics_manager.cc(94)] Adding sleep_coaching_pref to PrefMetricsManager.
04-09 16:14:14.896  3080  3080 I cast_shell: [3083:3083:INFO:pref_metrics_manager.cc(94)] Adding gesture_sensing_pref to PrefMetricsManager.
04-09 16:14:14.896  3080  3080 I cast_shell: [3083:3083:INFO:pref_metrics_manager.cc(94)] Adding play_and_pause_gesture_pref to PrefMetricsManager.
04-09 16:14:14.896  3080  3080 I cast_shell: [3083:3083:INFO:pref_metrics_manager.cc(94)] Adding snooze_alarm_gesture_pref to PrefMetricsManager.
04-09 16:14:14.896  3080  3080 I cast_shell: [3083:3083:INFO:pref_metrics_manager.cc(94)] Adding stop_timers_gesture_pref to PrefMetricsManager.
04-09 16:14:14.897  3080  3080 I cast_shell: [3083:3083:INFO:pref_control_service_impl.cc(107)] PrefControlService constructed.
04-09 16:14:14.897  3080  3080 I cast_shell: [3083:3083:INFO:grpc_manager_impl.cc(245)] Registered service chromecast.grpc_discovery.GrpcDiscoveryService
04-09 16:14:14.897  3080  3080 I cast_shell: [3083:3083:INFO:grpc_manager_impl.cc(262)] Registered a handler GetServiceInfo for service chromecast.grpc_discovery.GrpcDiscoveryService
04-09 16:14:14.898  3080  3080 I cast_shell: [3083:3083:INFO:grpc_manager_impl.cc(505)] GRPC[uri=unix:/tmp/hcp_ipc_auth.socket]: num_pending_calls=0, num_active_handlers=0, num_free_handlers=0
04-09 16:14:14.899  3080  3080 I cast_shell: [3083:3120:INFO:common_time.cc(128)] New common clock leader D23B92AB4B669165C18C9084B060EAE9, is_this_device = 1, IP = [::1]:10006, quality = 0
04-09 16:14:14.899  3080  3080 I cast_shell: [3083:3120:INFO:common_time.cc(158)] Set this device as common time source
04-09 16:14:14.899  3080  3080 I cast_shell: [3083:3083:INFO:grpc_manager_impl.cc(245)] Registered service usonia.ipc.Auth
04-09 16:14:14.899  3080  3080 I cast_shell: [3083:3083:INFO:grpc_manager_impl.cc(262)] Registered a handler Sign for service usonia.ipc.Auth
04-09 16:14:14.899  3080  3080 I cast_shell: [3083:3083:INFO:grpc_manager_impl.cc(262)] Registered a handler Verify for service usonia.ipc.Auth
04-09 16:14:14.899  3080  3080 I cast_shell: [3083:3083:INFO:grpc_manager_impl.cc(262)] Registered a handler AuthReady for service usonia.ipc.Auth
04-09 16:14:14.900  3080  3080 I cast_shell: [3083:3083:INFO:grpc_manager_impl.cc(245)] Registered service usonia.ipc.DistributedServiceDiscovery
04-09 16:14:14.900  3080  3080 I cast_shell: [3083:3083:INFO:grpc_manager_impl.cc(262)] Registered a handler UpdateServiceObservers for service usonia.ipc.DistributedServiceDiscovery
04-09 16:14:14.900  3080  3080 I cast_shell: [3083:3083:INFO:grpc_manager_impl.cc(262)] Registered a handler FetchAllPeerAddressList for service usonia.ipc.DistributedServiceDiscovery
04-09 16:14:14.900  3080  3080 I cast_shell: [3083:3083:INFO:grpc_manager_impl.cc(262)] Registered a handler ResolvePeerAddress for service usonia.ipc.DistributedServiceDiscovery
04-09 16:14:14.900  3080  3080 I cast_shell: [3083:3083:INFO:grpc_manager_impl.cc(262)] Registered a handler AddService for service usonia.ipc.DistributedServiceDiscovery
04-09 16:14:14.900  3080  3080 I cast_shell: [3083:3083:INFO:grpc_manager_impl.cc(262)] Registered a handler IsServiceAllowed for service usonia.ipc.DistributedServiceDiscovery
04-09 16:14:14.900  3080  3080 I cast_shell: [3083:3083:INFO:grpc_manager_impl.cc(245)] Registered service usonia.ipc.LeaderElector
04-09 16:14:14.900  3080  3080 I cast_shell: [3083:3083:INFO:grpc_manager_impl.cc(262)] Registered a handler LeaderElection for service usonia.ipc.LeaderElector
04-09 16:14:14.900  3080  3080 I cast_shell: [3083:3083:INFO:grpc_manager_impl.cc(245)] Registered service usonia.ipc.TimeSynchronizer
04-09 16:14:14.900  3080  3080 I cast_shell: [3083:3083:INFO:grpc_manager_impl.cc(262)] Registered a handler ObserveCommonTime for service usonia.ipc.TimeSynchronizer
04-09 16:14:14.902  3080  3080 I cast_shell: [3083:3083:INFO:sensor_pref_manager.cc(84)] SensorPrefManager is disabled.
04-09 16:14:14.903  3080  3080 I cast_shell: [3083:3083:INFO:remote_ducking_receiver.cc(183)] remote ducking: starting receiver.
04-09 16:14:14.904  3080  3080 I cast_shell: [3083:3083:INFO:grpc_manager_impl.cc(505)] GRPC[uri=unix:/tmp/modular_updater/modular_update_service]: num_pending_calls=0, num_active_handlers=0, num_free_handlers=0
04-09 16:14:14.904  3080  3080 I cast_shell: [3083:3083:INFO:cast_power_manager_provider.cc(26)] Creating DummyCastPowerManagerProvider
04-09 16:14:14.910  3080  3080 I cast_shell: [3083:3083:INFO:timezone_settings.cc(288)] Setting system timezone to America/Los_Angeles
04-09 16:14:14.911  3080  3080 I cast_shell: [3083:3083:INFO:daily_reboot_impl.cc(172)] Daily reboot is disabled
04-09 16:14:14.911  3080  3080 I cast_shell: [3083:3083:INFO:api_reboot.cc(321)] active_activities count=1
04-09 16:14:14.912  3080  3080 I cast_shell: [3083:3090:INFO:gamma_utils.cc(31)] Gamma calibration file is not present, use default LUT
04-09 16:14:14.912  3080  3080 I cast_shell: [3083:3083:INFO:cast_power_manager_provider.cc(26)] Creating DummyCastPowerManagerProvider
04-09 16:14:14.913  3080  3080 I chatty  : uid=1000(chrome) /bin/logwrapper identical 1 line
04-09 16:14:14.913  3080  3080 I cast_shell: [3083:3083:INFO:cast_power_manager_provider.cc(26)] Creating DummyCastPowerManagerProvider
04-09 16:14:14.915  3080  3080 I cast_shell: [3083:3090:INFO:tuning_manager.cc(118)] No file found at /etc/cast_audio.json
04-09 16:14:14.916  3080  3080 I cast_shell: [3083:3090:INFO:tuning_manager.cc(130)] No file found at /etc/cast_audio.json
04-09 16:14:14.916  3080  3080 I cast_shell: [3083:3083:INFO:setup_api_registry.cc(192)] Register external API: audio/delete_config
04-09 16:14:14.916  3080  3080 I cast_shell: [3083:3083:INFO:setup_api_registry.cc(192)] Register external API: audio/get_avail_processors
04-09 16:14:14.916  3080  3080 I cast_shell: [3083:3083:INFO:setup_api_registry.cc(192)] Register external API: audio/get_config
04-09 16:14:14.916  3080  3080 I cast_shell: [3083:3083:INFO:setup_api_registry.cc(192)] Register external API: audio/get_default_config
04-09 16:14:14.916  3080  3080 I cast_shell: [3083:3083:INFO:setup_api_registry.cc(192)] Register external API: audio/set_params
04-09 16:14:14.916  3080  3080 I cast_shell: [3083:3083:INFO:setup_api_registry.cc(192)] Register external API: audio/set_config
04-09 16:14:14.916  3080  3080 I cast_shell: [3083:3083:INFO:setup_api_registry.cc(192)] Register external API: user_eq/set_equalizer
04-09 16:14:14.917  3080  3080 I cast_shell: [3083:3083:INFO:capture_service_dummy.cc(11)] Dummy CaptureService.
04-09 16:14:14.920  3080  3080 I cast_shell: [3083:3083:INFO:setup_api_registry.cc(192)] Register external API: auto_media_volume
04-09 16:14:14.920  3080  3080 I cast_shell: [3083:3083:INFO:cast_thread_health_check.cc(53)] Receiver health check timeout: 15 seconds.
04-09 16:14:14.921  3080  3080 I cast_shell: [3083:3083:INFO:file_util.cc(28)] base_assistant_dir = /data/chrome
04-09 16:14:14.921  3080  3080 I cast_shell: [3083:3083:INFO:chromecast_service.cc(2189)] Geolocation changed to: 0
04-09 16:14:14.921  3080  3080 I cast_shell: [3083:3083:INFO:chromecast_service.cc(2229)] AoGH feature is: 0
04-09 16:14:14.922  3080  3080 I cast_shell: [3083:3083:INFO:chromecast_service.cc(2248)] Playback disruption feature is: 0
04-09 16:14:14.927  3080  3080 I cast_shell: [3083:3083:INFO:metrics_recorder.cc(112)] Metrics stat: total=0
04-09 16:14:14.927  3080  3080 I cast_shell: [3083:3108:INFO:media_manager_impl.cc(1043)] New device volume control type: new_type=1, old_type=0
04-09 16:14:14.927  3080  3080 I cast_shell: [3083:3108:INFO:media_manager_impl.cc(1066)] New device volume step interval: new_interval=0.02, old_interval=0
04-09 16:14:14.927  3080  3080 I cast_shell: [3083:3108:ERROR:media_manager_impl.cc(1294)] GetScreenResolution failed.
04-09 16:14:14.927  3080  3080 I cast_shell: [3083:3108:INFO:media_manager_impl.cc(343)] Media manager is initialized.
04-09 16:14:14.928  3080  3080 I cast_shell: [3083:3083:INFO:media_manager_impl.cc(269)] IsHdmiPlatform: 0
04-09 16:14:14.929  3080  3080 I cast_shell: [3083:3083:INFO:hds_settings.cc(136)] HdsSettings using HDS url https://preprod-home-devices.sandbox.google.com/
04-09 16:14:14.930  3080  3080 I cast_shell: [3083:3083:INFO:client_auth_creds.cc(173)] Device cert: 4D8AC5B9056A76852E4F FA:8F:CA:87:13:D1
04-09 16:14:14.930  3080  3080 I cast_shell: [3083:3083:INFO:client_auth_creds.cc(182)] Intermediate cert: LSB
04-09 16:14:14.931  3080  3080 I cast_shell: [3083:3083:INFO:client_auth_creds.cc(182)] Intermediate cert: Amlogic GVA Manufacturer Cert
04-09 16:14:14.931  3080  3080 I cast_shell: [3083:3083:INFO:client_auth_creds.cc(226)] Imported client auth cert.
04-09 16:14:14.931  3080  3080 I cast_shell: [3083:3083:INFO:client_auth_creds.cc(237)] Imported client auth private key
04-09 16:14:14.931  3080  3080 I cast_shell: [3083:3083:INFO:client_auth_signer.cc(155)] Created singleton instance of ClientAuthSigner.
04-09 16:14:14.931  3080  3080 I cast_shell: [3083:3083:INFO:client_auth_manager.cc(119)] Storing the certificate first used by the device.
04-09 16:14:14.988  3080  3080 I cast_shell: [3083:3083:WARNING:application_config_manager_impl.cc(253)] Cannot read application config file: /fakeapp.conf
04-09 16:14:14.988  3080  3080 I cast_shell: [3083:3083:INFO:application_manager_impl.cc(398)] Application manager is initialized.
04-09 16:14:14.989  3080  3080 I cast_shell: [3083:3083:INFO:mdns_cast_service.cc(156)] Device discovery state is idle
04-09 16:14:14.989  3080  3080 I cast_shell: [3083:3083:INFO:mdns_manager_impl.cc(177)] MdnsManager is initialized
04-09 16:14:14.990  3080  3080 I cast_shell: [3083:3133:INFO:mdns_app_filter.cc(573)] MdnsAppFilter initialized
04-09 16:14:14.990  3080  3080 I cast_shell: [3083:3133:INFO:discovered_service_client.cc(102)] Registering new service PTR listener: _googlecast._tcp.local
04-09 16:14:14.991  3080  3080 I cast_shell: [3083:3083:INFO:config_downloader.cc(239)] Set config periodic interval: min=300, max=420
04-09 16:14:14.991  3080  3080 I cast_shell: [3083:3083:INFO:crl_downloader.cc(274)] Set CRL periodic interval: min=2160, max=2880
04-09 16:14:14.991  3080  3080 I cast_shell: [3083:3134:INFO:v2_transport.cc(458)] Added Cast V2 endpoint: id=Tr@n$p0rt-0, socket_factory_id=[PII](*)
04-09 16:14:14.991  3080  3080 I cast_shell: [3083:3134:INFO:endpoint_with_namespace_handler.cc(103)] Added a namespace handler: local_id=Tr@n$p0rt-0, namespace=urn:x-cast:com.google.cast.tp.connection
04-09 16:14:14.991  3080  3080 I cast_shell: [3083:3134:INFO:endpoint_with_namespace_handler.cc(103)] Added a namespace handler: local_id=Tr@n$p0rt-0, namespace=urn:x-cast:com.google.cast.tp.heartbeat
04-09 16:14:14.991  3080  3080 I cast_shell: [3083:3134:INFO:endpoint_with_namespace_handler.cc(103)] Added a namespace handler: local_id=Tr@n$p0rt-0, namespace=urn:x-cast:com.google.cast.tp.deviceauth
04-09 16:14:14.991  3080  3080 I cast_shell: [3083:3134:INFO:v2_transport.cc(335)] V2Transport initialized.
04-09 16:14:14.991  3080  3080 I cast_shell: [3083:3083:INFO:hds_broker_impl.cc(121)] HDS type registered type.googleapis.com/home.hds.proto.device.relayedcasting.RelayedCastingPleaseConnectRequest
04-09 16:14:14.991  3080  3080 I cast_shell: [3083:3134:INFO:v2_transport.cc(411)] Added socket factory: id=domain-socket@/tmp/cast-control
04-09 16:14:14.992  3080  3080 I cast_shell: [3083:3134:INFO:v2_transport.cc(411)] Added socket factory: id=opencast-socket
04-09 16:14:14.992  3080  3080 I cast_shell: [3083:3083:INFO:mdns_util.cc(102)] Defaulting mDNS capabilities for audio-only build
04-09 16:14:14.992  3080  3080 I cast_shell: [3083:3083:INFO:virtual_device_manager.cc(138)] Added virtual device: id=[PII](bd710544-5a84-5947-52a4-3aec7439bc4a)
04-09 16:14:14.992  3080  3080 I cast_shell: [3083:3134:INFO:v2_transport.cc(458)] Added Cast V2 endpoint: id=receiver-bd710544-5a84-5947-52a4-3aec7439bc4a, socket_factory_id=[PII](bd710544-5a84-5947-52a4-3aec7439bc4a)
04-09 16:14:14.993  3080  3080 I cast_shell: [3083:3134:INFO:endpoint_with_namespace_handler.cc(103)] Added a namespace handler: local_id=receiver-bd710544-5a84-5947-52a4-3aec7439bc4a, namespace=urn:x-cast:com.google.cast.receiver
04-09 16:14:14.993  3080  3080 I cast_shell: [3083:3134:INFO:endpoint_with_namespace_handler.cc(103)] Added a namespace handler: local_id=receiver-bd710544-5a84-5947-52a4-3aec7439bc4a, namespace=urn:x-cast:com.google.cast.receiver.discovery
04-09 16:14:14.993  3080  3080 I cast_shell: [3083:3134:INFO:endpoint_with_namespace_handler.cc(103)] Added a namespace handler: local_id=receiver-bd710544-5a84-5947-52a4-3aec7439bc4a, namespace=urn:x-cast:com.google.cast.receiver.debug
04-09 16:14:14.993  3080  3080 I cast_shell: [3083:3134:INFO:v2_transport.cc(411)] Added socket factory: id=bd710544-5a84-5947-52a4-3aec7439bc4a
04-09 16:14:14.993  3080  3080 I cast_shell: [3083:3083:INFO:ccs_manager_impl.cc(522)] Added CCS device
04-09 16:14:14.993  3080  3080 I cast_shell: [3083:3083:INFO:ccs_manager_impl.cc(523)] [PII] device_id=D23B92AB4B669165C18C9084B060EAE9
04-09 16:14:14.993  3080  3080 I cast_shell: [3083:3134:INFO:endpoint_with_namespace_handler.cc(103)] Added a namespace handler: local_id=receiver-bd710544-5a84-5947-52a4-3aec7439bc4a, namespace=urn:x-cast:com.google.cast.receiver.key_exchange
04-09 16:14:14.997  3080  3080 I cast_shell: [3083:3083:INFO:locale_manager.cc(245)] No timezone yet.
04-09 16:14:14.997  3080  3080 I cast_shell: [3083:3083:INFO:locale_manager.cc(329)] Use factory country code: 00
04-09 16:14:14.997  3080  3080 I cast_shell: [3083:3083:INFO:hds_broker_impl.cc(121)] HDS type registered type.googleapis.com/google.internal.home.foyer.v1.resources.IsDeviceReadyRequest
04-09 16:14:14.997  3080  3080 I cast_shell: [3083:3083:INFO:hds_broker_impl.cc(121)] HDS type registered type.googleapis.com/home.cloud.biz.EnterWeavePairingModeRequest
04-09 16:14:15.001  3080  3080 I cast_shell: [3083:3123:INFO:net_util_shlib_support.cc(51)] Wifi interface found: wlan0
04-09 16:14:15.001  3080  3080 I cast_shell: [3083:3123:INFO:net_util_shlib_support.cc(51)] Wifi interface found: p2p0
04-09 16:14:15.001  3080  3080 I cast_shell: [3083:3123:INFO:net_util_shlib_support.cc(51)] Wifi interface found: p2p1
04-09 16:14:15.001  3080  3080 I cast_shell: [3083:3123:INFO:net_util_shlib_support.cc(51)] Wifi interface found: wfd0
04-09 16:14:15.001  3080  3080 I cast_shell: [3083:3123:INFO:wifi_controller_wpa_supplicant.cc(456)] Wifi is active: wifi_netif=wlan0
04-09 16:14:15.001  3080  3080 I cast_shell: [3083:3123:INFO:wpa_ctrl_wrapper_impl.cc(64)] wpa_ctrl is open: path=/dev/socket/wpa_wlan0, is_monitor=0
04-09 16:14:15.001  3080  3080 I cast_shell: [3083:3123:INFO:wpa_ctrl_wrapper_impl.cc(64)] wpa_ctrl is open: path=/dev/socket/wpa_wlan0, is_monitor=1
04-09 16:14:15.003  3080  3080 I cast_shell: [3083:3123:INFO:wifi_controller_wpa_supplicant.cc(487)] After initialization: current_wifi_index_=0
04-09 16:14:15.003  3080  3080 I cast_shell: [3083:3136:INFO:thread_watching_io_shlib.cc(81)] Start thread watching IO: WifiEventMonitor
04-09 16:14:15.005  3080  3080 I cast_shell: [3083:3123:INFO:setup_manager_impl.cc(732)] Initially set Google DNS servers: enable
04-09 16:14:15.005  3080  3080 I cast_shell: [3083:3123:INFO:setup_api_registry.cc(192)] Register external API: eureka_info
04-09 16:14:15.005  3080  3080 I cast_shell: [3083:3123:INFO:setup_api_registry.cc(192)] Register external API: set_eureka_info
04-09 16:14:15.005  3080  3080 I cast_shell: [3083:3123:INFO:setup_api_registry.cc(192)] Register external API: set_network
04-09 16:14:15.005  3080  3080 I cast_shell: [3083:3123:INFO:setup_api_registry.cc(192)] Register external API: set_network_ssid
04-09 16:14:15.005  3080  3080 I cast_shell: [3083:3123:INFO:setup_api_registry.cc(192)] Register external API: get_app_device_id
04-09 16:14:15.005  3080  3080 I cast_shell: [3083:3123:INFO:setup_api_registry.cc(192)] Register external API: send_log_report
04-09 16:14:15.005  3080  3080 I cast_shell: [3083:3123:INFO:setup_api_registry.cc(192)] Register external API: accept_tos
04-09 16:14:15.005  3080  3080 I cast_shell: [3083:3123:INFO:setup_api_registry.cc(192)] Register external API: configured_networks
04-09 16:14:15.030  2733  2812 I bluetoothtbd: [0409/034415.030472:INFO:gatt_api.cc(1005)] GATT_Register
04-09 16:14:15.030  2733  2812 I bluetoothtbd: [0409/034415.030683:INFO:gatt_api.cc(1028)] allocated gatt_if=4
04-09 16:14:15.035  2733  2812 E bt_btif : register application first_unuse rcb_idx = 0
04-09 16:14:15.035  2733  2812 I bluetoothtbd: [0409/034415.035693:INFO:gatt_api.cc(1005)] GATT_Register
04-09 16:14:15.035  2733  2812 I bluetoothtbd: [0409/034415.035800:INFO:gatt_api.cc(1028)] allocated gatt_if=5
04-09 16:14:15.043  2733  2761 I bluetoothtbd: [0409/034415.043871:INFO:adapter.cc(551)] Adapter properties changed
04-09 16:14:15.044  2733  2761 I bluetoothtbd: [0409/034415.044045:INFO:adapter.cc(573)] Adapter name changed
04-09 16:14:15.044  3080  3080 I cast_shell: [3083:3083:INFO:input_manager_impl.cc(284)] RegisterInput: device_id: cast, type: 0, state: 0
04-09 16:14:15.045  3080  3080 I cast_shell: [3083:3083:INFO:input_manager_impl.cc(308)] NotifyInputConnect: device_id: cast, sample_rate: 0, num_channels: 0
04-09 16:14:15.045  3080  3080 I cast_shell: [3083:3083:INFO:input_manager_impl.cc(370)] SetActiveInput: cast
04-09 16:14:15.045  2733  2812 I bluetoothtbd: [0409/034415.045544:INFO:gatt_api.cc(1005)] GATT_Register
04-09 16:14:15.045  2733  2812 I bluetoothtbd: [0409/034415.045718:INFO:gatt_api.cc(1028)] allocated gatt_if=6
04-09 16:14:15.045  3080  3080 I cast_shell: [3083:3134:INFO:endpoint_with_namespace_handler.cc(103)] Added a namespace handler: local_id=receiver-bd710544-5a84-5947-52a4-3aec7439bc4a, namespace=urn:x-cast:com.google.cast.audio.input
04-09 16:14:15.046  3080  3080 I cast_shell: [3083:3083:INFO:bluetooth_setup.cc(690)] Disabling connectability.
04-09 16:14:15.047  3080  3080 I cast_shell: [3083:3083:INFO:input_manager_impl.cc(284)] RegisterInput: device_id: bluetooth, type: 1, state: 0
04-09 16:14:15.048  2733  2761 I bluetoothtbd: [0409/034415.047948:INFO:adapter.cc(551)] Adapter properties changed
04-09 16:14:15.048  2733  2761 I bluetoothtbd: [0409/034415.048503:INFO:adapter.cc(551)] Adapter properties changed
04-09 16:14:15.048  2733  2761 I bluetoothtbd: [0409/034415.048753:INFO:adapter.cc(551)] Adapter properties changed
04-09 16:14:15.048  2733  2761 E bluetoothtbd: [0409/034415.048839:ERROR:adapter.cc(608)] Invalid property length: 512
04-09 16:14:15.049  2733  2812 I bluetoothtbd: [0409/034415.048985:INFO:btif_ble_advertiser.cc(90)] RegisterAdvertiserCb status: 0 , adveriser_id: 0
04-09 16:14:15.049  3080  3080 I cast_shell: [3083:3134:INFO:endpoint_with_namespace_handler.cc(103)] Added a namespace handler: local_id=receiver-bd710544-5a84-5947-52a4-3aec7439bc4a, namespace=urn:x-cast:com.google.cast.assistant
04-09 16:14:15.049  3080  3080 I cast_shell: [3083:3083:INFO:robot_account_auth_manager.cc(295)] No backend type specified. Getting COS URL based on the build type instead.
04-09 16:14:15.049  3080  3080 I cast_shell: [3083:3123:INFO:gatt_client_manager_impl.cc(202)] Enabling GATT client connectability
04-09 16:14:15.049  3080  3080 I cast_shell: [3083:3134:INFO:endpoint_with_namespace_handler.cc(103)] Added a namespace handler: local_id=receiver-bd710544-5a84-5947-52a4-3aec7439bc4a, namespace=urn:x-cast:com.google.cast.companionauth
04-09 16:14:15.049  3080  3080 I cast_shell: [3083:3083:INFO:robot_account_auth_manager.cc(312)] Auth url: https://clients5.google.com/cast/orchestration/googleoauthtoken?rt=b
04-09 16:14:15.049  3080  3080 I cast_shell: [3083:3134:INFO:endpoint_with_namespace_handler.cc(103)] Added a namespace handler: local_id=receiver-bd710544-5a84-5947-52a4-3aec7439bc4a, namespace=urn:x-cast:com.google.cast.companion
04-09 16:14:15.050  3080  3080 I cast_shell: [3083:3083:WARNING:robot_account_auth_manager.cc(463)] Failed to initialize JWT for 38579375
04-09 16:14:15.050  3080  3080 I cast_shell: [3083:3134:INFO:endpoint_with_namespace_handler.cc(103)] Added a namespace handler: local_id=receiver-bd710544-5a84-5947-52a4-3aec7439bc4a, namespace=urn:x-cast:com.google.cast.timesync
04-09 16:14:15.050  3080  3080 I cast_shell: [3083:3083:INFO:queryable_data_registrar.cc(52)] Registering queryable data for managed mode as: 0
04-09 16:14:15.050  3080  3080 I cast_shell: [3083:3123:INFO:setup_api_registry.cc(192)] Register external API: input/status
04-09 16:14:15.050  3080  3080 I cast_shell: [3083:3083:INFO:queryable_data_registrar.cc(59)] Registering enable_hls_sample_aes=1
04-09 16:14:15.050  3080  3080 I cast_shell: [3083:3083:INFO:queryable_data_registrar.cc(64)] Registering hls_sample_aes_init_segment
04-09 16:14:15.050  3080  3080 I cast_shell: [3083:3123:INFO:setup_api_registry.cc(192)] Register external API: input/set_active
04-09 16:14:15.050  3080  3080 I cast_shell: [3083:3083:INFO:queryable_data_registrar.cc(70)] Registering visual-punt-on-platform-supported
04-09 16:14:15.050  3080  3080 I cast_shell: [3083:3123:INFO:setup_api_registry.cc(192)] Register external API: input/debug_register
04-09 16:14:15.050  3080  3080 I cast_shell: [3083:3123:INFO:setup_api_registry.cc(192)] Register external API: input/debug_connect
04-09 16:14:15.055  3080  3080 I cast_shell: [3083:3083:ERROR:wayland_server_controller.cc(27)] Wayland server creation failed
04-09 16:14:15.056  3080  3080 I cast_shell: [3083:3083:WARNING:cast_metrics_service_client.cc(134)] Empty client id from platform, assuming this is the first boot up of a new device.
04-09 16:14:15.056  3080  3080 I cast_shell: [3083:3083:INFO:cast_metrics_service_client.cc(93)] Metrics client ID set: c92d4eae-1a1f-4764-b6c7-ea90cb4c7556
04-09 16:14:15.056  3080  3080 I cast_shell: [3083:3083:INFO:device_info_impl.cc(970)] Metrics client ID: c92d4eae-1a1f-4764-b6c7-ea90cb4c7556
04-09 16:14:15.058  3080  3080 I cast_shell: [3083:3083:INFO:cast_metrics_service_client.cc(93)] Metrics client ID set: c92d4eae-1a1f-4764-b6c7-ea90cb4c7556
04-09 16:14:15.058  3080  3080 I cast_shell: [3083:3083:INFO:device_info_impl.cc(970)] Metrics client ID: c92d4eae-1a1f-4764-b6c7-ea90cb4c7556
04-09 16:14:15.061  3080  3080 I cast_shell: [3083:3098:INFO:crypto_manager.cc(75)] Creating private key: size=2048
04-09 16:14:15.061  3080  3080 I cast_shell: [3083:3083:INFO:cast_receiver_impl.cc(828)] Cast receiver started.
04-09 16:14:15.061  3080  3080 I cast_shell: [3083:3083:WARNING:cast_receiver_impl.cc(1126)] Network is not globally connected. Don't schedule config downloading yet.
04-09 16:14:15.062  3080  3080 I cast_shell: [3083:3134:ERROR:socket_posix.cc(148)] bind() failed: Address already in use (98)
04-09 16:14:15.062  3080  3080 I cast_shell: [3083:3134:INFO:v2_ssl_socket.cc(775)] IPv6 socket probably supports both IPv4 and IPv6
04-09 16:14:15.062  3080  3080 I cast_shell: [3083:3134:INFO:v2_unix_domain_socket_factory.cc(84)] Cast V2 Unix domain socket is listening: path=/tmp/cast-control
04-09 16:14:15.065  3080  3080 I cast_shell: [3083:3134:ERROR:broadcast_filter.cc(70)] Failed to join broadcast filter multicast group
04-09 16:14:15.065  3080  3080 I cast_shell: [3083:3134:WARNING:broadcast_filter.cc(120)] Failed to enable BroadcastFilter
04-09 16:14:15.067  3080  3080 I cast_shell: [3083:3133:INFO:metrics_recorder.cc(282)] cast event: Cast.Discovery.Mdns.SocketCreated
04-09 16:14:15.067  3080  3080 I cast_shell: [3083:3133:INFO:mdns_app_filter.cc(1254)] Created mDNS socket for interface:name=p2p1, address=192.168.2.1, index=7
04-09 16:14:15.067  3080  3080 I cast_shell: [3083:3133:INFO:metrics_recorder.cc(282)] cast event: Cast.Discovery.Mdns.SocketCreated
04-09 16:14:15.067  3080  3080 I cast_shell: [3083:3133:INFO:mdns_app_filter.cc(1254)] Created mDNS socket for interface:name=usb0, address=192.168.10.1, index=9
04-09 16:14:15.067  3080  3080 I cast_shell: [3083:3133:INFO:mdns_app_filter.cc(977)] MdnsAppFilter is starting.
04-09 16:14:15.067  3080  3080 I cast_shell: [3083:3133:INFO:metrics_recorder.cc(282)] cast event: Cast.Discovery.Mdns.ResponderStarted
04-09 16:14:15.082  3080  3080 I cast_shell: [3083:3133:INFO:mdns_app_filter.cc(1605)] Re-probing due to newly registered service '1': _googlerpc
04-09 16:14:15.082  3080  3080 I cast_shell: [3083:3083:INFO:ccs_manager_impl.cc(851)] Network connectivity down for CcsManager
04-09 16:14:15.085  3080  3080 I cast_shell: [3083:3104:INFO:cast_auth_api_adaptor.cc(82)] CastAuth: init with library: libcast_auth.so
04-09 16:14:15.085  3080  3080 I cast_shell: [3083:3104:INFO:cast_auth_api_adaptor.cc(93)] CastAuth: common module initialization successful.
04-09 16:14:15.085  3080  3080 I cast_shell: [3083:3104:INFO:cast_auth_api_adaptor.cc(98)] CastAuth: model-based module initialization successful.
04-09 16:14:15.086  3080  3080 I cast_shell: [3083:3083:INFO:mdns_manager_impl.cc(468)] Setting new conflict callback
04-09 16:14:15.086  3080  3080 I cast_shell: [3083:3123:INFO:ble_setup.cc(789)] Missing required info for sign.
04-09 16:14:15.086  3080  3080 I cast_shell: [3083:3083:INFO:mdns_util.cc(102)] Defaulting mDNS capabilities for audio-only build
04-09 16:14:15.092  3080  3080 I cast_shell: [3083:3083:INFO:virtual_device_manager.cc(247)] Virtual device [PII](bd710544-5a84-5947-52a4-3aec7439bc4a) using Cast V2 port 8009
04-09 16:14:15.092  3080  3080 I cast_shell: [3083:3133:INFO:mdns_app_filter.cc(1605)] Re-probing due to newly registered service '2': _googlecast
04-09 16:14:15.130  3080  3080 I cast_shell: [3083:3083:INFO:secure_storage_impl.cc(107)] Secure storage initialized.
04-09 16:14:15.131  3080  3080 I cast_shell: [3083:3083:INFO:ccs_manager_impl.cc(851)] Network connectivity down for CcsManager
04-09 16:14:15.217  2952  2962 D wac-main: Netlink event
04-09 16:14:15.217  2952  2962 E wac-main: Netlink event 16 Interface Index 6 
04-09 16:14:15.217  2952  2962 E wac-main: p2p0 event Link Changed : 1002 
04-09 16:14:15.217  2952  2962 E wac-main: Enter poll and wait
04-09 16:14:15.218  2711  2723 I yani_kernel: yani_geteventfrom_changeaddr() Message-Id '1' Netlink event '16' Interface Index '6' -> Name 'p2p0' 
04-09 16:14:15.225  2731  2743 I HotspotManager: setSSID <SSID omitted> visible
04-09 16:14:15.231  3080  3080 I cast_shell: [3083:3083:INFO:device_info_impl.cc(1094)] Primary netif changed: new=usb0, old=
04-09 16:14:15.231  3080  3080 I cast_shell: [3083:3083:INFO:device_info_impl.cc(1103)] Primary IP address changed: netif=usb0, new=192.168.10.1, old=
04-09 16:14:15.236  2731  2743 E WifiUtil: command: "SCAN" failed: FAIL-BUSY
04-09 16:14:15.236  2731  2743 I HotspotManager: hotspot start
04-09 16:14:15.236  2731  2743 E WifiUtil: Setting interface p2p0 up.
04-09 16:14:15.237  2731  2743 E WifiUtil: ioctl SIOCGIWFREQ fails for wlan0 Bad address
04-09 16:14:15.240  3080  3080 I cast_shell: [system_updater_dummy.cpp(79)] Initialize
04-09 16:14:15.241  3080  3080 I cast_shell: [3083:3083:INFO:cast_receiver_impl.cc(1612)] mDNS Discovery stopped.
04-09 16:14:15.241  3080  3080 I cast_shell: [system_updater_dummy.cpp(29)] system_updater_socket_create
04-09 16:14:15.241  3080  3080 I cast_shell: [3083:3083:INFO:cast_receiver_impl.cc(1667)] Network is globally disconnected. Refresh CcsManager
04-09 16:14:15.241  3080  3080 I cast_shell: [3083:3083:INFO:iot_auth_manager_wrapper.cc(307)] Network provider informed of disconnected network status.
04-09 16:14:15.241  3080  3080 I cast_shell: [3083:3133:INFO:mdns_app_filter.cc(1702)] MdnsAppFilter is stopping
04-09 16:14:15.241  3080  3080 I cast_shell: [3083:3133:INFO:metrics_recorder.cc(282)] cast event: Cast.Discovery.Mdns.ResponderStopped
04-09 16:14:15.298  2959  2982 I otamanager: OTAManager connected to CastUpdater via  /tmp/socket/system_updater
04-09 16:14:15.298  2959  2982 I otamanager: cast_updater_threadEntry socket handle 5
04-09 16:14:15.418  2953  3006 I LibreCastControl: LibreCastControl_init() Socket Initialized
04-09 16:14:15.427  2953  3006 E LibreCastControl: PULSAR:CreateCastControlThread:18
04-09 16:14:15.428  2953  3006 E LibreCastControl: Create LibreCastLUCITimerThreadInit 
04-09 16:14:15.428  2953  3158 E LibreCastControl: PULSAR:Run:23
04-09 16:14:15.428  2953  3159 E LibreCastControl: Timer Sem Wait Start iCastPlayerstate = 0 
04-09 16:14:15.442  2691  2691 I sh      : [0409/034415.441900:INFO:cast_control_impl.cc(744)] CastControl has started running.
04-09 16:14:15.442  2691  2691 I sh      : [0409/034415.442762:INFO:cast_control_impl.cc(745)] Attempting to connect CastMessageService. socket=/tmp/cast-control
04-09 16:14:15.445  2953  3158 I LibreCastControlDelegate: OnCastStatus() +++ :0xab253198:STARTING
04-09 16:14:15.445  2691  2691 I sh      : [0409/034415.445720:INFO:cast_control_socket.cc(64)] Successfully connected Cast Control Socket
04-09 16:14:15.445  2953  3158 E LibreCastControlDelegate: OnCastStatus:177
04-09 16:14:15.447  2953  3158 I LibreCastControl: LibreCastControl_SetCastName()  name 'Lyric Speaker Box 21f384' RequestId '1' pCastControl 0xf4e00728
04-09 16:14:15.447  2953  3158 I LibreCastControlDelegate: Active Applications -> 0
04-09 16:14:15.447  2953  3158 I LibreCastControlDelegate: Current Cast State '1' -> 'STARTING'
04-09 16:14:15.447  2953  3158 I LibreCastControlDelegate: OnCastStatus() ---
04-09 16:14:15.447  2691  2691 I sh      : [0409/034415.447721:INFO:cast_message_service_impl.cc(185)] Sending connect message!
04-09 16:14:15.452  3080  3080 I cast_shell: [3083:3134:INFO:metrics_recorder.cc(282)] Cast v2 action(socket_id=domain-socket@/tmp/cast-control.1): CastV2.Connection.Connect.In
04-09 16:14:15.452  3080  3080 I cast_shell: [3083:3083:INFO:resource_namespace_handler.cc(307)] Setting resource provider: sender_id=domain-socket@/tmp/cast-control.1:system-0
04-09 16:14:15.452  2691  2691 I sh      : [0409/034415.452745:INFO:cast_message_service_impl.cc(1007)] CastMessageServiceImpl matched versions
04-09 16:14:15.712  2731  2743 I WifiUtil: get p2p0 channel 6 (2437MHz)
04-09 16:14:15.712  2731  2743 I HotspotManager: start hostapd at channel=6 SSID=<SSID omitted> hidden_ssid=0
04-09 16:14:15.723  3080  3080 I cast_shell: [3083:3123:INFO:gatt_client_manager_impl.cc(202)] Enabling GATT client connectability
04-09 16:14:15.724  2733  2761 I bluetoothtbd: [0409/034415.724126:INFO:adapter.cc(551)] Adapter properties changed
04-09 16:14:15.724  2733  2761 I bluetoothtbd: [0409/034415.724260:INFO:adapter.cc(573)] Adapter name changed
04-09 16:14:15.727  2952  2962 D wac-main: Netlink event
04-09 16:14:15.727  2952  2962 E wac-main: Netlink event 20 Interface Index 6 
04-09 16:14:15.727  2952  2962 E wac-main: Enter poll and wait
04-09 16:14:15.983  3080  3080 I cast_shell: [3083:3083:INFO:crypto_manager.cc(278)] Public key: MIIBCgKCAQEAkxoRcKxhGp6FdKSXzIGF06HzGwdFCRJ+ybSmnlHmTAag2Iwvnuvm2Uhzlis9Si/0+8JRcLromdVqSkYN1dJbwUaUUncIhpNp2ONJ0ehdmh1edvhzjWmhw6qPBgpowm0gVRjxv2f3s9cs1Xn7/c5epM5/aDyuLaIRXEd3Iu9xb54CG7iG480OuLWPGfTLxs3jxtD+S3eXcCHoC83dTbkh4/UcMNyE+128oF2jxBQIm+Y1osnX8sfu6PNV02N4KzKBEWyAlrjNo+bCN/SJHRaUfrODP2TnZYdaUUMVg9LRC0t2DP8cv7hELlVGYVfRXstNxv1yPyOHilyQsn+Jgt4NOwIDAQAB
04-09 16:14:15.983  3080  3080 I cast_shell: [3083:3083:INFO:crypto_manager.cc(289)] Public modulus: kxoRcKxhGp6FdKSXzIGF06HzGwdFCRJ-ybSmnlHmTAag2Iwvnuvm2Uhzlis9Si_0-8JRcLromdVqSkYN1dJbwUaUUncIhpNp2ONJ0ehdmh1edvhzjWmhw6qPBgpowm0gVRjxv2f3s9cs1Xn7_c5epM5_aDyuLaIRXEd3Iu9xb54CG7iG480OuLWPGfTLxs3jxtD-S3eXcCHoC83dTbkh4_UcMNyE-128oF2jxBQIm-Y1osnX8sfu6PNV02N4KzKBEWyAlrjNo-bCN_SJHRaUfrODP2TnZYdaUUMVg9LRC0t2DP8cv7hELlVGYVfRXstNxv1yPyOHilyQsn-Jgt4NOw
04-09 16:14:15.983  3080  3080 I cast_shell: [3083:3083:INFO:crypto_manager.cc(294)] Public exponent: AQAB
04-09 16:14:16.455  2691  2691 I sh      : [0409/034416.454930:WARNING:cast_message_service_impl.cc(1029)] Timeout for initial eureka info; retrying again
04-09 16:14:16.552  3080  3080 I cast_shell: [3083:3135:INFO:multizone_manager.cc(1889)] Initial discovery complete
04-09 16:14:16.553  3080  3080 I cast_shell: [3083:3133:INFO:mdns_app_filter.cc(1605)] Re-probing due to newly registered service '3': _googlezone
04-09 16:14:16.553  3080  3080 I cast_shell: [3083:3083:INFO:mdns_manager_impl.cc(311)] Successfully registered service: type=_googlezone
04-09 16:14:16.616  2952  2962 D wac-main: Netlink event
04-09 16:14:16.616  2952  2962 E wac-main: Netlink event 16 Interface Index 6 
04-09 16:14:16.617  2952  2962 E wac-main: p2p0 event Link Changed : 1002 
04-09 16:14:16.617  2952  2962 E wac-main: Enter poll and wait
04-09 16:14:16.622  2711  2723 I yani_server: doLotofWork() List of interface '4'
04-09 16:14:16.622  2711  2723 I yani_server: doLotofWork() Interface 'p2p0' ifr[0].ifr_name 'lo' ipaddress '127.0.0.1'
04-09 16:14:16.622  2711  2723 I yani_server: doLotofWork() Interface 'p2p0' ifr[1].ifr_name 'p2p0' ipaddress '192.168.255.249'
04-09 16:14:16.622  2711  2723 I yani_server: doLotofWork() returns 'REFILL WACMODE'
04-09 16:14:16.622  2711  2723 E yani_server: YANI: I am Done Wait For Event 
04-09 16:14:16.622  2711  2723 I yani_kernel: yani_geteventfrom_changeaddr() Message-Id '1' Netlink event '21' Interface Index '6' -> Name 'p2p0' 
04-09 16:14:16.623  2711  2815 I yani_server: onNetworkParametersChanged() WAC Mode '1'  Index '2' Interface 'p2p0' Status '1'
04-09 16:14:16.623  2728  2740 I MB_HANDLER: YaniAlert() Interface '4' Status '1'
04-09 16:14:16.636  2729  2729 E AirableUIHelper: AirableUIHelper::YaniAlert  4 1 
04-09 16:14:16.637  2712  2720 E luciUART: UART:aa
04-09 16:14:16.637  2712  2720 I luciUART: Previous Packet read contd., 
04-09 16:14:16.638  2953  3158 I LibreCastControlDelegate: Active Applications -> 0
04-09 16:14:16.638  2712  2720 E luciUART: UART:5f
04-09 16:14:16.638  2953  3158 I LibreCastControlDelegate: Current Cast State '2' -> 'NOT_SETUP'
04-09 16:14:16.638  2712  2720 I luciUART: Previous Packet read contd., 
04-09 16:14:16.638  2953  3158 I LibreCastControlDelegate: OnCastStatus() ---
04-09 16:14:16.638  2712  2720 E luciUART: UART:73
04-09 16:14:16.638  2712  2720 I luciUART: Previous Packet read contd., 
04-09 16:14:16.638  2959  2969 I otamanager: YaniAlert() Interface 4 Status Up
04-09 16:14:16.638  2712  2720 E luciUART: UART:73
04-09 16:14:16.641  2711  2723 I yani_server: NetLink Event '-1' Interface-Index '5' WLAN '0' Ethernet '-1' Parsed-iFill '-1' -> 'INVALID' ifIndex '1' -> 'lo'
04-09 16:14:16.641  2711  2723 I yani_kernel: yani_geteventfrom_changeaddr() Message-Id '1' Netlink event '20' Interface Index '6' -> Name 'p2p0' 
04-09 16:14:16.641  2691  2691 I sh      : [0409/034416.638488:INFO:cast_message_service_impl.cc(1037)] Received initial eureka info
