04-09 15:26:45.660  2951  3153 I LibreCastControlDelegate: OnCastStatus() ---
04-09 15:26:45.661  2951  3153 I LibreCastControlDelegate: OnCastStatus() +++ Lyric Speaker Box 21f384:0xab288198:OFFLINE
04-09 15:26:45.661  2951  3153 I LibreCastControlDelegate: Device Build Number -> '1.52.272222'
04-09 15:26:45.661  2951  3153 I librecast: updateCastBuildVersion() Version 1.52.272222
04-09 15:26:45.662  2712  2712 I lucitransport: readRemoteMessage() MID char = 7 buffer = 1.52.272222
04-09 15:26:45.662  2951  3153 I LibreCastControlDelegate: Active Applications -> 0
04-09 15:26:45.662  2951  3153 I LibreCastControlDelegate: Current Cast State '3' -> 'OFFLINE'
04-09 15:26:45.662  2951  3153 I LibreCastControlDelegate: OnCastStatus() ---
04-09 15:26:46.147  3075  3075 I cast_shell: [3078:3116:INFO:metrics_recorder.cc(282)] Record action: Setup.version.BLE
04-09 15:26:46.175  3075  3075 I cast_shell: [3078:3116:INFO:metrics_recorder.cc(282)] Record action: Setup.tos_accepted.BLE
04-09 15:26:46.205  3075  3075 I cast_shell: [3078:3116:INFO:metrics_recorder.cc(282)] Record action: Setup.state.BLE
04-09 15:26:46.235  3075  3075 I cast_shell: [3078:3116:INFO:metrics_recorder.cc(282)] Record action: Setup.ip_address.BLE
04-09 15:26:46.528  3075  3075 I cast_shell: [3078:3086:ERROR:connectivity_checker_impl.cc(265)] Connectivity check failed: 400
04-09 15:26:46.614  3075  3075 I cast_shell: [3078:3078:INFO:grpc_service_discovery_impl.cc(185)] Mdns discovered google RPC for [PII](D711737D39CC64A2DDE0D50EC8339461).
04-09 15:26:46.776  3075  3075 I cast_shell: [3078:3116:INFO:metrics_recorder.cc(282)] Record action: Setup.version.BLE
04-09 15:26:46.805  3075  3075 I cast_shell: [3078:3116:INFO:metrics_recorder.cc(282)] Record action: Setup.tos_accepted.BLE
04-09 15:26:46.835  3075  3075 I cast_shell: [3078:3116:INFO:metrics_recorder.cc(282)] Record action: Setup.state.BLE
04-09 15:26:46.865  3075  3075 I cast_shell: [3078:3116:INFO:metrics_recorder.cc(282)] Record action: Setup.ip_address.BLE
04-09 15:26:47.406  3075  3075 I cast_shell: [3078:3116:INFO:metrics_recorder.cc(282)] Record action: Setup.version.BLE
04-09 15:26:47.435  3075  3075 I cast_shell: [3078:3116:INFO:metrics_recorder.cc(282)] Record action: Setup.tos_accepted.BLE
04-09 15:26:47.465  3075  3075 I cast_shell: [3078:3116:INFO:metrics_recorder.cc(282)] Record action: Setup.state.BLE
04-09 15:26:47.495  3075  3075 I cast_shell: [3078:3116:INFO:metrics_recorder.cc(282)] Record action: Setup.ip_address.BLE
04-09 15:26:47.535  3075  3075 I cast_shell: [3078:3086:ERROR:connectivity_checker_impl.cc(265)] Connectivity check failed: 400
04-09 15:26:47.618  3075  3075 I cast_shell: [3078:3126:INFO:mdns_app_filter.cc(1526)] MdnsAppFilter: Done announcing.
04-09 15:26:48.036  3075  3075 I cast_shell: [3078:3116:INFO:metrics_recorder.cc(282)] Record action: Setup.version.BLE
04-09 15:26:48.065  3075  3075 I cast_shell: [3078:3116:INFO:metrics_recorder.cc(282)] Record action: Setup.tos_accepted.BLE
04-09 15:26:48.095  3075  3075 I cast_shell: [3078:3116:INFO:metrics_recorder.cc(282)] Record action: Setup.state.BLE
04-09 15:26:48.125  3075  3075 I cast_shell: [3078:3116:INFO:metrics_recorder.cc(282)] Record action: Setup.ip_address.BLE
04-09 15:26:48.391  2731  2744 E NetworkMonitor: cannot find default IPv4 route for wlan0
04-09 15:26:48.391  2731  2744 E NetworkMonitor: cannot find default IPv6 route for wlan0
04-09 15:26:48.541  3075  3075 I cast_shell: [3078:3086:ERROR:connectivity_checker_impl.cc(265)] Connectivity check failed: 400
04-09 15:26:48.666  3075  3075 I cast_shell: [3078:3116:INFO:metrics_recorder.cc(282)] Record action: Setup.version.BLE
04-09 15:26:48.695  3075  3075 I cast_shell: [3078:3116:INFO:metrics_recorder.cc(282)] Record action: Setup.tos_accepted.BLE
04-09 15:26:48.725  3075  3075 I cast_shell: [3078:3116:INFO:metrics_recorder.cc(282)] Record action: Setup.state.BLE
04-09 15:26:48.755  3075  3075 I cast_shell: [3078:3116:INFO:metrics_recorder.cc(282)] Record action: Setup.ip_address.BLE
04-09 15:26:49.029  2950  2960 D wac-main: Netlink event
04-09 15:26:49.029  2950  2960 E wac-main: Netlink event 16 Interface Index 5 
04-09 15:26:49.029  2950  2960 E wac-main: Enter poll and wait
04-09 15:26:49.029  2711  2723 I yani_kernel: yani_geteventfrom_changeaddr() Message-Id '1' Netlink event '16' Interface Index '5' -> Name 'wlan0' 
04-09 15:26:49.036  2950  2960 D wac-main: Netlink event
04-09 15:26:49.036  2950  2960 E wac-main: Netlink event 16 Interface Index 5 
04-09 15:26:49.036  2950  2960 E wac-main: Enter poll and wait
04-09 15:26:49.042  2711  2723 I yani_server: NetLink Event '-1' Interface-Index '5' WLAN '-1' Ethernet '-1' Parsed-iFill '-1' -> 'INVALID' ifIndex '1' -> 'lo'
04-09 15:26:49.043  2711  2723 I yani_server: NetLink Event '-1' Interface-Index '5' WLAN '0' Ethernet '-1' Parsed-iFill '-1' -> 'INVALID' ifIndex '1' -> 'lo'
04-09 15:26:49.044  2711  2723 I yani_server: NetLink Event '-1' Interface-Index '5' WLAN '0' Ethernet '-1' Parsed-iFill '-1' -> 'INVALID' ifIndex '1' -> 'lo'
04-09 15:26:49.044  2711  2723 I yani_kernel: yani_geteventfrom_changeaddr() Message-Id '1' Netlink event '16' Interface Index '5' -> Name 'wlan0' 
04-09 15:26:49.049  2951  3153 I LibreCastControlDelegate: OnCastStatus() +++ Lyric Speaker Box 21f384:0xab288198:OFFLINE
04-09 15:26:49.049  2951  3153 I LibreCastControlDelegate: Device Build Number -> '1.52.272222'
04-09 15:26:49.049  2951  3153 I librecast: updateCastBuildVersion() Version 1.52.272222
04-09 15:26:49.049  2712  2712 I lucitransport: readRemoteMessage() MID char = 7 buffer = 1.52.272222
04-09 15:26:49.049  2951  3153 I LibreCastControlDelegate: Active Applications -> 0
04-09 15:26:49.049  2951  3153 I LibreCastControlDelegate: Current Cast State '3' -> 'OFFLINE'
04-09 15:26:49.049  2951  3153 I LibreCastControlDelegate: OnCastStatus() ---
04-09 15:26:49.296  3075  3075 I cast_shell: [3078:3116:INFO:metrics_recorder.cc(282)] Record action: Setup.version.BLE
04-09 15:26:49.340  3075  3075 I cast_shell: [3078:3116:INFO:metrics_recorder.cc(282)] Record action: Setup.tos_accepted.BLE
04-09 15:26:49.370  3075  3075 I cast_shell: [3078:3116:INFO:metrics_recorder.cc(282)] Record action: Setup.state.BLE
04-09 15:26:49.400  3075  3075 I cast_shell: [3078:3116:INFO:metrics_recorder.cc(282)] Record action: Setup.ip_address.BLE
04-09 15:26:49.548  3075  3075 I cast_shell: [3078:3086:ERROR:connectivity_checker_impl.cc(265)] Connectivity check failed: 400
04-09 15:26:49.942  3075  3075 I cast_shell: [3078:3116:INFO:metrics_recorder.cc(282)] Record action: Setup.version.BLE
04-09 15:26:49.970  3075  3075 I cast_shell: [3078:3116:INFO:metrics_recorder.cc(282)] Record action: Setup.tos_accepted.BLE
04-09 15:26:50.000  3075  3075 I cast_shell: [3078:3116:INFO:metrics_recorder.cc(282)] Record action: Setup.state.BLE
04-09 15:26:50.030  3075  3075 I cast_shell: [3078:3116:INFO:metrics_recorder.cc(282)] Record action: Setup.ip_address.BLE
04-09 15:26:50.555  3075  3075 I cast_shell: [3078:3086:ERROR:connectivity_checker_impl.cc(265)] Connectivity check failed: 400
04-09 15:26:50.571  3075  3075 I cast_shell: [3078:3116:INFO:metrics_recorder.cc(282)] Record action: Setup.version.BLE
04-09 15:26:50.600  3075  3075 I cast_shell: [3078:3116:INFO:metrics_recorder.cc(282)] Record action: Setup.tos_accepted.BLE
04-09 15:26:50.630  3075  3075 I cast_shell: [3078:3116:INFO:metrics_recorder.cc(282)] Record action: Setup.state.BLE
04-09 15:26:50.660  3075  3075 I cast_shell: [3078:3116:INFO:metrics_recorder.cc(282)] Record action: Setup.ip_address.BLE
04-09 15:26:51.216  3075  3075 I cast_shell: [3078:3116:INFO:metrics_recorder.cc(282)] Record action: Setup.version.BLE
04-09 15:26:51.245  3075  3075 I cast_shell: [3078:3116:INFO:metrics_recorder.cc(282)] Record action: Setup.tos_accepted.BLE
04-09 15:26:51.275  3075  3075 I cast_shell: [3078:3116:INFO:metrics_recorder.cc(282)] Record action: Setup.state.BLE
04-09 15:26:51.305  3075  3075 I cast_shell: [3078:3116:INFO:metrics_recorder.cc(282)] Record action: Setup.ip_address.BLE
04-09 15:26:51.462  2731  2744 E NetworkMonitor: no response for /bin/ping -n -I wlan0 -c 10 -w 10 8.8.8.8
04-09 15:26:51.473  2731  2744 E NetworkMonitor: no response for /bin/ping6 -n -I wlan0 -c 10 -w 10 2001:4860:4860::8888
04-09 15:26:51.474  2731  2744 E NetworkMonitor: dns resolution failed
04-09 15:26:51.475  2731  2744 I NetworkMonitor: deauth disabled
04-09 15:26:51.562  3075  3075 I cast_shell: [3078:3086:ERROR:connectivity_checker_impl.cc(265)] Connectivity check failed: 400
04-09 15:26:51.831  3075  3075 I cast_shell: [3078:3116:INFO:metrics_recorder.cc(282)] Record action: Setup.version.BLE
04-09 15:26:51.861  3075  3075 I cast_shell: [3078:3116:INFO:metrics_recorder.cc(282)] Record action: Setup.tos_accepted.BLE
04-09 15:26:51.890  3075  3075 I cast_shell: [3078:3116:INFO:metrics_recorder.cc(282)] Record action: Setup.state.BLE
04-09 15:26:51.919  3075  3075 I cast_shell: [3078:3116:INFO:metrics_recorder.cc(282)] Record action: Setup.ip_address.BLE
04-09 15:26:52.461  3075  3075 I cast_shell: [3078:3116:INFO:metrics_recorder.cc(282)] Record action: Setup.version.BLE
04-09 15:26:52.489  3075  3075 I cast_shell: [3078:3116:INFO:metrics_recorder.cc(282)] Record action: Setup.tos_accepted.BLE
04-09 15:26:52.520  3075  3075 I cast_shell: [3078:3116:INFO:metrics_recorder.cc(282)] Record action: Setup.state.BLE
04-09 15:26:52.549  3075  3075 I cast_shell: [3078:3116:INFO:metrics_recorder.cc(282)] Record action: Setup.ip_address.BLE
04-09 15:26:52.568  3075  3075 I cast_shell: [3078:3086:ERROR:connectivity_checker_impl.cc(265)] Connectivity check failed: 400
04-09 15:26:53.076  3075  3075 I cast_shell: [3078:3116:INFO:metrics_recorder.cc(282)] Record action: Setup.version.BLE
04-09 15:26:53.105  3075  3075 I cast_shell: [3078:3116:INFO:metrics_recorder.cc(282)] Record action: Setup.tos_accepted.BLE
04-09 15:26:53.135  3075  3075 I cast_shell: [3078:3116:INFO:metrics_recorder.cc(282)] Record action: Setup.state.BLE
04-09 15:26:53.165  3075  3075 I cast_shell: [3078:3116:INFO:metrics_recorder.cc(282)] Record action: Setup.ip_address.BLE
04-09 15:26:53.575  3075  3075 I cast_shell: [3078:3086:ERROR:connectivity_checker_impl.cc(265)] Connectivity check failed: 400
04-09 15:26:53.706  3075  3075 I cast_shell: [3078:3116:INFO:metrics_recorder.cc(282)] Record action: Setup.version.BLE
04-09 15:26:53.735  3075  3075 I cast_shell: [3078:3116:INFO:metrics_recorder.cc(282)] Record action: Setup.tos_accepted.BLE
04-09 15:26:53.765  3075  3075 I cast_shell: [3078:3116:INFO:metrics_recorder.cc(282)] Record action: Setup.state.BLE
04-09 15:26:53.795  3075  3075 I cast_shell: [3078:3116:INFO:metrics_recorder.cc(282)] Record action: Setup.ip_address.BLE
04-09 15:26:54.034  2711  2723 I yani_server: NetLink Event '-1' Interface-Index '5' WLAN '-1' Ethernet '-1' Parsed-iFill '-1' -> 'INVALID' ifIndex '1' -> 'lo'
04-09 15:26:54.336  3075  3075 I cast_shell: [3078:3116:INFO:metrics_recorder.cc(282)] Record action: Setup.version.BLE
04-09 15:26:54.365  3075  3075 I cast_shell: [3078:3116:INFO:metrics_recorder.cc(282)] Record action: Setup.tos_accepted.BLE
04-09 15:26:54.394  3075  3075 I cast_shell: [3078:3116:INFO:metrics_recorder.cc(282)] Record action: Setup.state.BLE
04-09 15:26:54.440  3075  3075 I cast_shell: [3078:3116:INFO:metrics_recorder.cc(282)] Record action: Setup.ip_address.BLE
04-09 15:26:54.582  3075  3075 I cast_shell: [3078:3086:ERROR:connectivity_checker_impl.cc(265)] Connectivity check failed: 400
04-09 15:26:54.981  3075  3075 I cast_shell: [3078:3116:INFO:metrics_recorder.cc(282)] Record action: Setup.version.BLE
04-09 15:26:55.010  3075  3075 I cast_shell: [3078:3116:INFO:metrics_recorder.cc(282)] Record action: Setup.tos_accepted.BLE
04-09 15:26:55.054  3075  3075 I cast_shell: [3078:3116:INFO:metrics_recorder.cc(282)] Record action: Setup.state.BLE
04-09 15:26:55.084  3075  3075 I cast_shell: [3078:3116:INFO:metrics_recorder.cc(282)] Record action: Setup.ip_address.BLE
04-09 15:26:55.588  3075  3075 I cast_shell: [3078:3086:ERROR:connectivity_checker_impl.cc(265)] Connectivity check failed: 400
04-09 15:26:55.625  3075  3075 I cast_shell: [3078:3116:INFO:metrics_recorder.cc(282)] Record action: Setup.version.BLE
04-09 15:26:55.654  3075  3075 I cast_shell: [3078:3116:ERROR:setup_state.cc(424)] Timeout for state=SETUP_STATE_CHECKING_GLOBAL_CONNECTIVITY(50): move to state=SETUP_STATE_CHECKING_GLOBAL_CONNECTIVITY_BAD_ROUTER_WIFI_NOT_SAVED(51).
04-09 15:26:55.654  3075  3075 I cast_shell: [3078:3116:INFO:setup_state.cc(261)] Setup state changed: SETUP_STATE_CHECKING_GLOBAL_CONNECTIVITY (50) -> SETUP_STATE_CHECKING_GLOBAL_CONNECTIVITY_BAD_ROUTER_WIFI_NOT_SAVED (51)
04-09 15:26:55.658  2951  3153 I LibreCastControlDelegate: OnCastStatus() +++ Lyric Speaker Box 21f384:0xab288198:OFFLINE
04-09 15:26:55.658  2951  3153 I LibreCastControlDelegate: Device Build Number -> '1.52.272222'
04-09 15:26:55.658  2951  3153 I librecast: updateCastBuildVersion() Version 1.52.272222
04-09 15:26:55.658  2712  2712 I lucitransport: readRemoteMessage() MID char = 7 buffer = 1.52.272222
04-09 15:26:55.659  2951  3153 I LibreCastControlDelegate: Active Applications -> 0
04-09 15:26:55.659  2951  3153 I LibreCastControlDelegate: Current Cast State '3' -> 'OFFLINE'
04-09 15:26:55.659  2951  3153 I LibreCastControlDelegate: OnCastStatus() ---
04-09 15:26:55.660  3075  3075 I cast_shell: [3078:3116:INFO:metrics_recorder.cc(282)] Record action: Setup.tos_accepted.BLE
04-09 15:26:55.684  3075  3075 I cast_shell: [3078:3116:INFO:metrics_recorder.cc(282)] Record action: Setup.state.BLE
04-09 15:26:55.714  3075  3075 I cast_shell: [3078:3116:INFO:metrics_recorder.cc(282)] Record action: Setup.ip_address.BLE
04-09 15:26:56.271  3075  3075 I cast_shell: [3078:3116:INFO:metrics_recorder.cc(282)] Record action: Setup.version.BLE
04-09 15:26:56.300  3075  3075 I cast_shell: [3078:3116:INFO:metrics_recorder.cc(282)] Record action: Setup.tos_accepted.BLE
04-09 15:26:56.329  3075  3075 I cast_shell: [3078:3116:INFO:metrics_recorder.cc(282)] Record action: Setup.state.BLE
04-09 15:26:56.359  3075  3075 I cast_shell: [3078:3116:INFO:metrics_recorder.cc(282)] Record action: Setup.ip_address.BLE
04-09 15:26:56.477  2731  2744 E WifiUtil: command: "SCAN" failed: FAIL-BUSY
04-09 15:26:56.595  3075  3075 I cast_shell: [3078:3086:ERROR:connectivity_checker_impl.cc(265)] Connectivity check failed: 400
04-09 15:26:56.902  3075  3075 I cast_shell: [3078:3116:INFO:metrics_recorder.cc(282)] Record action: Setup.version.BLE
04-09 15:26:56.930  3075  3075 I cast_shell: [3078:3116:INFO:metrics_recorder.cc(282)] Record action: Setup.tos_accepted.BLE
04-09 15:26:56.959  3075  3075 I cast_shell: [3078:3116:INFO:metrics_recorder.cc(282)] Record action: Setup.state.BLE
04-09 15:26:57.005  3075  3075 I cast_shell: [3078:3116:INFO:metrics_recorder.cc(282)] Record action: Setup.ip_address.BLE
04-09 15:26:57.427  2950  2960 D wac-main: Netlink event
04-09 15:26:57.427  2950  2960 E wac-main: Netlink event 16 Interface Index 5 
04-09 15:26:57.427  2950  2960 E wac-main: Enter poll and wait
04-09 15:26:57.427  2711  2723 I yani_kernel: yani_geteventfrom_changeaddr() Message-Id '1' Netlink event '16' Interface Index '5' -> Name 'wlan0' 
04-09 15:26:57.432  2950  2960 D wac-main: Netlink event
04-09 15:26:57.432  2950  2960 E wac-main: Netlink event 16 Interface Index 5 
04-09 15:26:57.432  2950  2960 E wac-main: Enter poll and wait
04-09 15:26:57.439  2711  2723 I yani_server: NetLink Event '-1' Interface-Index '5' WLAN '-1' Ethernet '-1' Parsed-iFill '-1' -> 'INVALID' ifIndex '1' -> 'lo'
04-09 15:26:57.440  2711  2723 I yani_server: NetLink Event '-1' Interface-Index '5' WLAN '0' Ethernet '-1' Parsed-iFill '-1' -> 'INVALID' ifIndex '1' -> 'lo'
04-09 15:26:57.444  2711  2723 I chatty  : uid=0(root) YaniServer identical 3 lines
04-09 15:26:57.445  2711  2723 I yani_server: NetLink Event '-1' Interface-Index '5' WLAN '0' Ethernet '-1' Parsed-iFill '-1' -> 'INVALID' ifIndex '1' -> 'lo'
04-09 15:26:57.446  2951  3153 I LibreCastControlDelegate: OnCastStatus() +++ Lyric Speaker Box 21f384:0xab288198:OFFLINE
04-09 15:26:57.446  2951  3153 I LibreCastControlDelegate: Device Build Number -> '1.52.272222'
04-09 15:26:57.446  2951  3153 I librecast: updateCastBuildVersion() Version 1.52.272222
04-09 15:26:57.446  2712  2712 I lucitransport: readRemoteMessage() MID char = 7 buffer = 1.52.272222
04-09 15:26:57.447  2951  3153 I LibreCastControlDelegate: Active Applications -> 0
04-09 15:26:57.447  2951  3153 I LibreCastControlDelegate: Current Cast State '3' -> 'OFFLINE'
04-09 15:26:57.447  2951  3153 I LibreCastControlDelegate: OnCastStatus() ---
04-09 15:26:57.447  2711  2723 I yani_server: NetLink Event '-1' Interface-Index '5' WLAN '0' Ethernet '-1' Parsed-iFill '-1' -> 'INVALID' ifIndex '1' -> 'lo'
04-09 15:26:57.450  2711  2723 I chatty  : uid=0(root) YaniServer identical 4 lines
04-09 15:26:57.451  2711  2723 I yani_server: NetLink Event '-1' Interface-Index '5' WLAN '0' Ethernet '-1' Parsed-iFill '-1' -> 'INVALID' ifIndex '1' -> 'lo'
04-09 15:26:57.451  2711  2723 I yani_kernel: yani_geteventfrom_changeaddr() Message-Id '1' Netlink event '16' Interface Index '5' -> Name 'wlan0' 
04-09 15:26:57.561  3075  3075 I cast_shell: [3078:3116:INFO:metrics_recorder.cc(282)] Record action: Setup.version.BLE
04-09 15:26:57.589  3075  3075 I cast_shell: [3078:3116:INFO:metrics_recorder.cc(282)] Record action: Setup.tos_accepted.BLE
04-09 15:26:57.601  3075  3075 I cast_shell: [3078:3086:ERROR:connectivity_checker_impl.cc(265)] Connectivity check failed: 400
04-09 15:26:57.634  3075  3075 I cast_shell: [3078:3116:INFO:metrics_recorder.cc(282)] Record action: Setup.state.BLE
04-09 15:26:57.664  3075  3075 I cast_shell: [3078:3116:INFO:metrics_recorder.cc(282)] Record action: Setup.ip_address.BLE
04-09 15:26:58.206  3075  3075 I cast_shell: [3078:3116:INFO:metrics_recorder.cc(282)] Record action: Setup.version.BLE
04-09 15:26:58.234  3075  3075 I cast_shell: [3078:3116:INFO:metrics_recorder.cc(282)] Record action: Setup.tos_accepted.BLE
04-09 15:26:58.265  3075  3075 I cast_shell: [3078:3116:INFO:metrics_recorder.cc(282)] Record action: Setup.state.BLE
04-09 15:26:58.294  3075  3075 I cast_shell: [3078:3116:INFO:metrics_recorder.cc(282)] Record action: Setup.ip_address.BLE
04-09 15:26:58.608  3075  3075 I cast_shell: [3078:3086:ERROR:connectivity_checker_impl.cc(265)] Connectivity check failed: 400
04-09 15:26:58.835  3075  3075 I cast_shell: [3078:3116:INFO:metrics_recorder.cc(282)] Record action: Setup.version.BLE
04-09 15:26:58.864  3075  3075 I cast_shell: [3078:3116:INFO:metrics_recorder.cc(282)] Record action: Setup.tos_accepted.BLE
04-09 15:26:58.894  3075  3075 I cast_shell: [3078:3116:INFO:metrics_recorder.cc(282)] Record action: Setup.state.BLE
04-09 15:26:58.925  3075  3075 I cast_shell: [3078:3116:INFO:metrics_recorder.cc(282)] Record action: Setup.ip_address.BLE
04-09 15:26:59.466  3075  3075 I cast_shell: [3078:3116:INFO:metrics_recorder.cc(282)] Record action: Setup.version.BLE
04-09 15:26:59.495  3075  3075 I cast_shell: [3078:3116:INFO:metrics_recorder.cc(282)] Record action: Setup.tos_accepted.BLE
04-09 15:26:59.524  3075  3075 I cast_shell: [3078:3116:INFO:metrics_recorder.cc(282)] Record action: Setup.state.BLE
04-09 15:26:59.554  3075  3075 I cast_shell: [3078:3116:INFO:metrics_recorder.cc(282)] Record action: Setup.ip_address.BLE
04-09 15:26:59.613  3075  3075 I cast_shell: [3078:3086:ERROR:connectivity_checker_impl.cc(265)] Connectivity check failed: 400
04-09 15:26:59.834  3075  3075 I cast_shell: [3078:3078:INFO:grpc_manager_impl.cc(505)] GRPC[uri=[::]:0]: num_pending_calls=0, num_active_handlers=0, num_free_handlers=0
04-09 15:26:59.834  3075  3075 I cast_shell: [3078:3078:INFO:grpc_manager_impl.cc(515)] GRPC[uri=[::]:0]: service_name=chromecast.LocalCloudcastService, rpc_name=ExecuteActionScript, num_active_handlers=0, num_free_handlers=0
04-09 15:26:59.834  3075  3075 I cast_shell: [3078:3078:INFO:grpc_manager_impl.cc(515)] GRPC[uri=[::]:0]: service_name=chromecast.LocalCloudcastService, rpc_name=GetDeviceStatus, num_active_handlers=0, num_free_handlers=0
04-09 15:26:59.834  3075  3075 I cast_shell: [3078:3078:INFO:grpc_manager_impl.cc(515)] GRPC[uri=[::]:0]: service_name=chromecast.LocalCloudcastService, rpc_name=ObserveDeviceStatus, num_active_handlers=0, num_free_handlers=0
04-09 15:26:59.834  3075  3075 I cast_shell: [3078:3078:INFO:grpc_manager_impl.cc(505)] GRPC[uri=]: num_pending_calls=0, num_active_handlers=0, num_free_handlers=0
04-09 15:26:59.896  3075  3075 I cast_shell: [3078:3078:INFO:grpc_manager_impl.cc(505)] GRPC[uri=unix:/tmp/hcp_ipc_auth.socket]: num_pending_calls=0, num_active_handlers=10, num_free_handlers=0
04-09 15:26:59.896  3075  3075 I cast_shell: [3078:3078:INFO:grpc_manager_impl.cc(515)] GRPC[uri=unix:/tmp/hcp_ipc_auth.socket]: service_name=usonia.ipc.Auth, rpc_name=AuthReady, num_active_handlers=1, num_free_handlers=0
04-09 15:26:59.896  3075  3075 I cast_shell: [3078:3078:INFO:grpc_manager_impl.cc(515)] GRPC[uri=unix:/tmp/hcp_ipc_auth.socket]: service_name=usonia.ipc.Auth, rpc_name=Sign, num_active_handlers=1, num_free_handlers=0
04-09 15:26:59.896  3075  3075 I cast_shell: [3078:3078:INFO:grpc_manager_impl.cc(515)] GRPC[uri=unix:/tmp/hcp_ipc_auth.socket]: service_name=usonia.ipc.Auth, rpc_name=Verify, num_active_handlers=1, num_free_handlers=0
04-09 15:26:59.896  3075  3075 I cast_shell: [3078:3078:INFO:grpc_manager_impl.cc(515)] GRPC[uri=unix:/tmp/hcp_ipc_auth.socket]: service_name=usonia.ipc.DistributedServiceDiscovery, rpc_name=AddService, num_active_handlers=1, num_free_handlers=0
04-09 15:26:59.896  3075  3075 I cast_shell: [3078:3078:INFO:grpc_manager_impl.cc(515)] GRPC[uri=unix:/tmp/hcp_ipc_auth.socket]: service_name=usonia.ipc.DistributedServiceDiscovery, rpc_name=FetchAllPeerAddressList, num_active_handlers=1, num_free_handlers=0
04-09 15:26:59.896  3075  3075 I cast_shell: [3078:3078:INFO:grpc_manager_impl.cc(515)] GRPC[uri=unix:/tmp/hcp_ipc_auth.socket]: service_name=usonia.ipc.DistributedServiceDiscovery, rpc_name=IsServiceAllowed, num_active_handlers=1, num_free_handlers=0
04-09 15:26:59.896  3075  3075 I cast_shell: [3078:3078:INFO:grpc_manager_impl.cc(515)] GRPC[uri=unix:/tmp/hcp_ipc_auth.socket]: service_name=usonia.ipc.DistributedServiceDiscovery, rpc_name=ResolvePeerAddress, num_active_handlers=1, num_free_handlers=0
04-09 15:26:59.896  3075  3075 I cast_shell: [3078:3078:INFO:grpc_manager_impl.cc(515)] GRPC[uri=unix:/tmp/hcp_ipc_auth.socket]: service_name=usonia.ipc.DistributedServiceDiscovery, rpc_name=UpdateServiceObservers, num_active_handlers=1, num_free_handlers=0
04-09 15:26:59.896  3075  3075 I cast_shell: [3078:3078:INFO:grpc_manager_impl.cc(515)] GRPC[uri=unix:/tmp/hcp_ipc_auth.socket]: service_name=usonia.ipc.LeaderElector, rpc_name=LeaderElection, num_active_handlers=1, num_free_handlers=0
04-09 15:26:59.896  3075  3075 I cast_shell: [3078:3078:INFO:grpc_manager_impl.cc(515)] GRPC[uri=unix:/tmp/hcp_ipc_auth.socket]: service_name=usonia.ipc.TimeSynchronizer, rpc_name=ObserveCommonTime, num_active_handlers=1, num_free_handlers=0
04-09 15:26:59.901  3075  3075 I cast_shell: [3078:3078:INFO:grpc_manager_impl.cc(505)] GRPC[uri=unix:/tmp/modular_updater/modular_update_service]: num_pending_calls=0, num_active_handlers=0, num_free_handlers=0
04-09 15:26:59.901  3075  3075 I cast_shell: [3078:3078:INFO:grpc_manager_impl.cc(515)] GRPC[uri=unix:/tmp/modular_updater/modular_update_service]: service_name=chromecast.modular_update.ModularUpdateService, rpc_name=GetCastInfo, num_active_handlers=0, num_free_handlers=0
04-09 15:26:59.901  3075  3075 I cast_shell: [3078:3078:INFO:grpc_manager_impl.cc(515)] GRPC[uri=unix:/tmp/modular_updater/modular_update_service]: service_name=chromecast.modular_update.ModularUpdateService, rpc_name=ReportInstalledManifestVersion, num_active_handlers=0, num_free_handlers=0
04-09 15:26:59.901  3075  3075 I cast_shell: [3078:3078:INFO:grpc_manager_impl.cc(515)] GRPC[uri=unix:/tmp/modular_updater/modular_update_service]: service_name=chromecast.modular_update.ModularUpdateService, rpc_name=ReportMetricsEvent, num_active_handlers=0, num_free_handlers=0
04-09 15:26:59.901  3075  3075 I cast_shell: [3078:3078:INFO:grpc_manager_impl.cc(515)] GRPC[uri=unix:/tmp/modular_updater/modular_update_service]: service_name=chromecast.modular_update.ModularUpdateService, rpc_name=SendHttpRequest, num_active_handlers=0, num_free_handlers=0
04-09 15:26:59.901  3075  3075 I cast_shell: [3078:3078:INFO:grpc_manager_impl.cc(515)] GRPC[uri=unix:/tmp/modular_updater/modular_update_service]: service_name=chromecast.modular_update.ModularUpdateService, rpc_name=StreamHttpRequest, num_active_handlers=0, num_free_handlers=0
04-09 15:26:59.901  3075  3075 I cast_shell: [3078:3078:INFO:grpc_manager_impl.cc(515)] GRPC[uri=unix:/tmp/modular_updater/modular_update_service]: service_name=chromecast.modular_update.ModularUpdateService, rpc_name=SynchronousUpdateProgress, num_active_handlers=0, num_free_handlers=0
04-09 15:26:59.923  3075  3075 I cast_shell: [3078:3078:INFO:metrics_recorder.cc(112)] Metrics stat: total=4
04-09 15:26:59.923  3075  3075 I cast_shell: Setup.ip_address.BLE=22
04-09 15:26:59.923  3075  3075 I cast_shell: Setup.state.BLE=22
04-09 15:26:59.923  3075  3075 I cast_shell: Setup.tos_accepted.BLE=22
04-09 15:26:59.923  3075  3075 I cast_shell: Setup.version.BLE=22
04-09 15:27:00.021  3075  3075 I cast_shell: [3078:3116:INFO:wifi_proximity.cc(177)] Request scan.
04-09 15:27:00.060  3075  3075 I cast_shell: [3078:3078:INFO:grpc_manager_impl.cc(505)] GRPC[uri=[::]:8012]: num_pending_calls=0, num_active_handlers=1, num_free_handlers=0
04-09 15:27:00.060  3075  3075 I cast_shell: [3078:3078:INFO:grpc_manager_impl.cc(515)] GRPC[uri=[::]:8012]: service_name=chromecast.grpc_discovery.GrpcDiscoveryService, rpc_name=GetServiceInfo, num_active_handlers=1, num_free_handlers=0
04-09 15:27:00.095  3075  3075 I cast_shell: [3078:3116:INFO:metrics_recorder.cc(282)] Record action: Setup.version.BLE
04-09 15:27:00.124  3075  3075 I cast_shell: [3078:3116:INFO:metrics_recorder.cc(282)] Record action: Setup.tos_accepted.BLE
04-09 15:27:00.155  3075  3075 I cast_shell: [3078:3116:INFO:metrics_recorder.cc(282)] Record action: Setup.state.BLE
04-09 15:27:00.184  3075  3075 I cast_shell: [3078:3116:INFO:metrics_recorder.cc(282)] Record action: Setup.ip_address.BLE
04-09 15:27:00.620  3075  3075 I cast_shell: [3078:3086:ERROR:connectivity_checker_impl.cc(265)] Connectivity check failed: 400
04-09 15:27:00.726  3075  3075 I cast_shell: [3078:3116:INFO:metrics_recorder.cc(282)] Record action: Setup.version.BLE
04-09 15:27:00.754  3075  3075 I cast_shell: [3078:3116:INFO:metrics_recorder.cc(282)] Record action: Setup.tos_accepted.BLE
04-09 15:27:00.784  3075  3075 I cast_shell: [3078:3116:INFO:metrics_recorder.cc(282)] Record action: Setup.state.BLE
04-09 15:27:00.814  3075  3075 I cast_shell: [3078:3116:INFO:metrics_recorder.cc(282)] Record action: Setup.ip_address.BLE
04-09 15:27:01.341  3075  3075 I cast_shell: [3078:3116:INFO:metrics_recorder.cc(282)] Record action: Setup.version.BLE
04-09 15:27:01.370  3075  3075 I cast_shell: [3078:3116:INFO:metrics_recorder.cc(282)] Record action: Setup.tos_accepted.BLE
04-09 15:27:01.399  3075  3075 I cast_shell: [3078:3116:INFO:metrics_recorder.cc(282)] Record action: Setup.state.BLE
04-09 15:27:01.429  3075  3075 I cast_shell: [3078:3116:INFO:metrics_recorder.cc(282)] Record action: Setup.ip_address.BLE
04-09 15:27:01.627  3075  3075 I cast_shell: [3078:3086:ERROR:connectivity_checker_impl.cc(265)] Connectivity check failed: 400
04-09 15:27:01.955  3075  3075 I cast_shell: [3078:3116:INFO:metrics_recorder.cc(282)] Record action: Setup.version.BLE
04-09 15:27:01.985  3075  3075 I cast_shell: [3078:3116:INFO:metrics_recorder.cc(282)] Record action: Setup.tos_accepted.BLE
04-09 15:27:02.014  3075  3075 I cast_shell: [3078:3116:INFO:metrics_recorder.cc(282)] Record action: Setup.state.BLE
04-09 15:27:02.044  3075  3075 I cast_shell: [3078:3116:INFO:metrics_recorder.cc(282)] Record action: Setup.ip_address.BLE
04-09 15:27:02.436  2711  2723 I yani_server: NetLink Event '-1' Interface-Index '5' WLAN '-1' Ethernet '-1' Parsed-iFill '-1' -> 'INVALID' ifIndex '1' -> 'lo'
04-09 15:27:02.585  3075  3075 I cast_shell: [3078:3116:INFO:metrics_recorder.cc(282)] Record action: Setup.version.BLE
04-09 15:27:02.614  3075  3075 I cast_shell: [3078:3116:INFO:metrics_recorder.cc(282)] Record action: Setup.tos_accepted.BLE
04-09 15:27:02.634  3075  3075 I cast_shell: [3078:3086:ERROR:connectivity_checker_impl.cc(265)] Connectivity check failed: 400
04-09 15:27:02.644  3075  3075 I cast_shell: [3078:3116:INFO:metrics_recorder.cc(282)] Record action: Setup.state.BLE
04-09 15:27:02.674  3075  3075 I cast_shell: [3078:3116:INFO:metrics_recorder.cc(282)] Record action: Setup.ip_address.BLE
04-09 15:27:03.215  3075  3075 I cast_shell: [3078:3116:INFO:metrics_recorder.cc(282)] Record action: Setup.version.BLE
04-09 15:27:03.244  3075  3075 I cast_shell: [3078:3116:INFO:metrics_recorder.cc(282)] Record action: Setup.tos_accepted.BLE
04-09 15:27:03.274  3075  3075 I cast_shell: [3078:3116:INFO:metrics_recorder.cc(282)] Record action: Setup.state.BLE
04-09 15:27:03.304  3075  3075 I cast_shell: [3078:3116:INFO:metrics_recorder.cc(282)] Record action: Setup.ip_address.BLE
04-09 15:27:03.640  3075  3075 I cast_shell: [3078:3086:ERROR:connectivity_checker_impl.cc(265)] Connectivity check failed: 400
04-09 15:27:03.829  3075  3075 I cast_shell: [3078:3116:INFO:metrics_recorder.cc(282)] Record action: Setup.version.BLE
04-09 15:27:03.859  3075  3075 I cast_shell: [3078:3116:INFO:metrics_recorder.cc(282)] Record action: Setup.tos_accepted.BLE
04-09 15:27:03.890  3075  3075 I cast_shell: [3078:3116:INFO:metrics_recorder.cc(282)] Record action: Setup.state.BLE
04-09 15:27:03.920  3075  3075 I cast_shell: [3078:3116:INFO:metrics_recorder.cc(282)] Record action: Setup.ip_address.BLE
04-09 15:27:04.460  3075  3075 I cast_shell: [3078:3116:INFO:metrics_recorder.cc(282)] Record action: Setup.version.BLE
04-09 15:27:04.489  3075  3075 I cast_shell: [3078:3116:INFO:metrics_recorder.cc(282)] Record action: Setup.tos_accepted.BLE
04-09 15:27:04.519  3075  3075 I cast_shell: [3078:3116:INFO:metrics_recorder.cc(282)] Record action: Setup.state.BLE
04-09 15:27:04.549  3075  3075 I cast_shell: [3078:3116:INFO:metrics_recorder.cc(282)] Record action: Setup.ip_address.BLE
04-09 15:27:04.647  3075  3075 I cast_shell: [3078:3086:ERROR:connectivity_checker_impl.cc(265)] Connectivity check failed: 400
04-09 15:27:05.090  3075  3075 I cast_shell: [3078:3116:INFO:metrics_recorder.cc(282)] Record action: Setup.version.BLE
04-09 15:27:05.119  3075  3075 I cast_shell: [3078:3116:INFO:metrics_recorder.cc(282)] Record action: Setup.tos_accepted.BLE
04-09 15:27:05.149  3075  3075 I cast_shell: [3078:3116:INFO:metrics_recorder.cc(282)] Record action: Setup.state.BLE
04-09 15:27:05.194  3075  3075 I cast_shell: [3078:3116:INFO:metrics_recorder.cc(282)] Record action: Setup.ip_address.BLE
04-09 15:27:05.654  3075  3075 I cast_shell: [3078:3086:ERROR:connectivity_checker_impl.cc(265)] Connectivity check failed: 400
04-09 15:27:05.736  3075  3075 I cast_shell: [3078:3116:INFO:metrics_recorder.cc(282)] Record action: Setup.version.BLE
04-09 15:27:05.764  3075  3075 I cast_shell: [3078:3116:INFO:metrics_recorder.cc(282)] Record action: Setup.tos_accepted.BLE
04-09 15:27:05.794  3075  3075 I cast_shell: [3078:3116:INFO:metrics_recorder.cc(282)] Record action: Setup.state.BLE
04-09 15:27:05.822  2711  2723 I yani_kernel: yani_geteventfrom_changeaddr() Message-Id '1' Netlink event '16' Interface Index '5' -> Name 'wlan0' 
04-09 15:27:05.823  2950  2960 D wac-main: Netlink event
04-09 15:27:05.823  2950  2960 E wac-main: Netlink event 16 Interface Index 5 
04-09 15:27:05.823  2950  2960 E wac-main: Enter poll and wait
04-09 15:27:05.823  2950  2960 D wac-main: Netlink event
04-09 15:27:05.823  2950  2960 E wac-main: Netlink event 16 Interface Index 5 
04-09 15:27:05.823  2950  2960 E wac-main: Enter poll and wait
04-09 15:27:05.824  3075  3075 I cast_shell: [3078:3116:INFO:metrics_recorder.cc(282)] Record action: Setup.ip_address.BLE
04-09 15:27:05.825  2710  2710 I wpa_supplicant: wlan0: Selected BSS :ef (level:-46 noise:-70 frequency:2427)
04-09 15:27:05.828  2710  2710 I wpa_supplicant: wlan0: SME: Trying to authenticate with c8:b3:73:44:ae:ef (SSID='Linksys16717_2G' freq=2427 MHz)
04-09 15:27:05.830  2711  2723 I yani_server: NetLink Event '-1' Interface-Index '5' WLAN '-1' Ethernet '-1' Parsed-iFill '-1' -> 'INVALID' ifIndex '1' -> 'lo'
04-09 15:27:05.831  2711  2723 I yani_server: NetLink Event '-1' Interface-Index '5' WLAN '0' Ethernet '-1' Parsed-iFill '-1' -> 'INVALID' ifIndex '1' -> 'lo'
04-09 15:27:05.838  2711  2723 I chatty  : uid=0(root) YaniServer identical 4 lines
04-09 15:27:05.840  2711  2723 I yani_server: NetLink Event '-1' Interface-Index '5' WLAN '0' Ethernet '-1' Parsed-iFill '-1' -> 'INVALID' ifIndex '1' -> 'lo'
04-09 15:27:05.840  2711  2723 I yani_kernel: yani_geteventfrom_changeaddr() Message-Id '1' Netlink event '16' Interface Index '5' -> Name 'wlan0' 
04-09 15:27:05.841  2710  2710 I wpa_supplicant: wlan0: Trying to associate with c8:b3:73:44:ae:ef (SSID='Linksys16717_2G' freq=2427 MHz)
04-09 15:27:05.844  2711  2723 I yani_server: NetLink Event '-1' Interface-Index '5' WLAN '-1' Ethernet '-1' Parsed-iFill '-1' -> 'INVALID' ifIndex '1' -> 'lo'
04-09 15:27:05.866  3155  3155 I hostapd : p2p0: IEEE 802.11 driver had channel switch: freq=2427, ht=1, vht_ch=0x0, offset=0, width=1 (20 MHz), cf1=2427, cf2=0
04-09 15:27:05.894  2974  2974 I hostapd : p2p1: IEEE 802.11 driver had channel switch: freq=2427, ht=1, vht_ch=0x0, offset=0, width=1 (20 MHz), cf1=2427, cf2=0
04-09 15:27:05.895  2950  2960 D wac-main: Netlink event
04-09 15:27:05.895  2950  2960 E wac-main: Netlink event 16 Interface Index 5 
04-09 15:27:05.896  2950  2960 E wac-main: Enter poll and wait
04-09 15:27:05.896  2950  2960 D wac-main: Netlink event
04-09 15:27:05.896  2950  2960 E wac-main: Netlink event 16 Interface Index 5 
04-09 15:27:05.896  2950  2960 E wac-main: Enter poll and wait
04-09 15:27:05.896  2950  2960 D wac-main: Netlink event
04-09 15:27:05.896  2950  2960 E wac-main: Netlink event 16 Interface Index 5 
04-09 15:27:05.896  2950  2960 E wac-main: Enter poll and wait
04-09 15:27:05.896  2950  2960 D wac-main: Netlink event
04-09 15:27:05.896  2950  2960 E wac-main: Netlink event 16 Interface Index 5 
04-09 15:27:05.900  2951  3153 I LibreCastControlDelegate: OnCastStatus() +++ Lyric Speaker Box 21f384:0xab288198:OFFLINE
04-09 15:27:05.901  2951  3153 I LibreCastControlDelegate: Device Build Number -> '1.52.272222'
04-09 15:27:05.901  2951  3153 I librecast: updateCastBuildVersion() Version 1.52.272222
04-09 15:27:05.901  2712  2712 I lucitransport: readRemoteMessage() MID char = 7 buffer = 1.52.272222
04-09 15:27:05.901  2951  3153 I LibreCastControlDelegate: Active Applications -> 0
04-09 15:27:05.901  2951  3153 I LibreCastControlDelegate: Current Cast State '3' -> 'OFFLINE'
04-09 15:27:05.901  2951  3153 I LibreCastControlDelegate: OnCastStatus() ---
04-09 15:27:05.902  2711  2723 I yani_server: NetLink Event '-1' Interface-Index '5' WLAN '0' Ethernet '-1' Parsed-iFill '-1' -> 'INVALID' ifIndex '1' -> 'lo'
04-09 15:27:05.904  2710  2710 I wpa_supplicant: wlan0: WPA: RX message 1 of 4-Way Handshake from c8:b3:73:44:ae:ef (ver=2)
04-09 15:27:05.905  2710  2710 I wpa_supplicant: wlan0: WPA: Sending EAPOL-Key 2/4
04-09 15:27:05.907  2711  2723 I chatty  : uid=0(root) YaniServer identical 2 lines
04-09 15:27:05.907  2711  2723 I yani_server: NetLink Event '-1' Interface-Index '5' WLAN '0' Ethernet '-1' Parsed-iFill '-1' -> 'INVALID' ifIndex '1' -> 'lo'
04-09 15:27:05.908  2711  2723 I yani_kernel: yani_geteventfrom_changeaddr() Message-Id '1' Netlink event '16' Interface Index '5' -> Name 'wlan0' 
04-09 15:27:05.912  2711  2723 I chatty  : uid=0(root) YaniServer identical 4 lines
04-09 15:27:05.913  2711  2723 I yani_kernel: yani_geteventfrom_changeaddr() Message-Id '1' Netlink event '16' Interface Index '5' -> Name 'wlan0' 
04-09 15:27:05.929  2710  2710 I wpa_supplicant: wlan0: WPA: RX message 3 of 4-Way Handshake from c8:b3:73:44:ae:ef (ver=2)
04-09 15:27:05.929  2710  2710 I wpa_supplicant: wlan0: WPA: Sending EAPOL-Key 4/4
04-09 15:27:05.931  2711  2723 I yani_server: NetLink Event '-1' Interface-Index '5' WLAN '-1' Ethernet '-1' Parsed-iFill '-1' -> 'INVALID' ifIndex '1' -> 'lo'
04-09 15:27:05.931  2710  2710 I wpa_supplicant: wlan0: WPA: Key negotiation completed with c8:b3:73:44:ae:ef [PTK=CCMP GTK=TKIP]
04-09 15:27:05.931  2950  2960 D wac-main: Netlink event
04-09 15:27:05.931  2710  2710 I wpa_supplicant: wlan0: CTRL-EVENT-CONNECTED - Connection to c8:b3:73:44:ae:ef completed [id=0 id_str=]
04-09 15:27:05.931  2950  2960 E wac-main: Netlink event 16 Interface Index 5 
04-09 15:27:05.931  2950  2960 E wac-main: Enter poll and wait
04-09 15:27:05.932  2735  2735 D dhcpcd  : wlan0: carrier acquired
04-09 15:27:05.933  3075  3075 I cast_shell: [3078:3129:INFO:wifi_controller_wpa_supplicant.cc(634)] After connection, current_wifi_index=0
04-09 15:27:05.934  2950  2960 D wac-main: Netlink event
04-09 15:27:05.934  2950  2960 E wac-main: Netlink event 16 Interface Index 5 
04-09 15:27:05.940  2711  2723 I yani_server: NetLink Event '-1' Interface-Index '5' WLAN '0' Ethernet '-1' Parsed-iFill '-1' -> 'INVALID' ifIndex '1' -> 'lo'
04-09 15:27:05.940  2711  2723 I yani_server: NetLink Event '-1' Interface-Index '5' WLAN '0' Ethernet '-1' Parsed-iFill '-1' -> 'INVALID' ifIndex '1' -> 'lo'
04-09 15:27:05.941  2711  2723 I yani_server: NetLink Event '-1' Interface-Index '5' WLAN '7' Ethernet '-1' Parsed-iFill '7' -> 'WLAN0 LINKUP' ifIndex '1' -> 'lo'
04-09 15:27:05.941  2711  2723 I yani_server: saveConfig:537:wlan0
04-09 15:27:05.942  2711  2723 I wifiapi : newconn : 0xac07ab48
04-09 15:27:05.942  2711  2723 I yani_server: saveConfig:544:got handle successfully
04-09 15:27:05.942  2711  2723 I wifiapi : 'STATUS' command returned = 0
04-09 15:27:05.945  2711  2723 I wifiapi : 'SAVE_CONFIG' command returned = 0
04-09 15:27:05.945  2711  2723 E yani_server: wlan0 Status=8 SaveConfig returns=0
04-09 15:27:05.945  2711  2723 I yani_server: SaveConfig return value=0
04-09 15:27:05.946  2711  2723 E WLANP2PIF: WlanP2pif: current chan = 4
04-09 15:27:05.947  2691  2691 I sh      : saveConfig:538:wlan0wlan0 Status=8 SaveConfig returns=0
04-09 15:27:05.948  2711  2723 E yani_wifi: set txpower chan : 4 country : US
04-09 15:27:05.948  2711  2723 E yani_wifi: nrates = 7
04-09 15:27:06.366  3075  3075 I cast_shell: [3078:3116:INFO:metrics_recorder.cc(282)] Record action: Setup.version.BLE
04-09 15:27:06.394  3075  3075 I cast_shell: [3078:3116:INFO:metrics_recorder.cc(282)] Record action: Setup.tos_accepted.BLE
04-09 15:27:06.424  3075  3075 I cast_shell: [3078:3116:INFO:metrics_recorder.cc(282)] Record action: Setup.state.BLE
04-09 15:27:06.469  3075  3075 I cast_shell: [3078:3116:INFO:metrics_recorder.cc(282)] Record action: Setup.ip_address.BLE
04-09 15:27:06.660  3075  3075 I cast_shell: [3078:3086:ERROR:connectivity_checker_impl.cc(265)] Connectivity check failed: 400
04-09 15:27:06.955  2711  2723 I yani_autoip: start_autoip() Interface 'wlan0' Is AutoIP Required 'Yes' Thread-Running 'No' 
04-09 15:27:06.955  2711  2723 E yani_server: YANI: I am Done Wait For Event 
04-09 15:27:06.956  2711  2723 I yani_kernel: yani_geteventfrom_changeaddr() Message-Id '1' Netlink event '16' Interface Index '5' -> Name 'wlan0' 
04-09 15:27:06.958  2711  3425 I yani_autoip: Setting autoiptimer to 70000
04-09 15:27:06.959  2711  2723 I yani_kernel: yani_geteventfrom_changeaddr() Message-Id '1' Netlink event '16' Interface Index '5' -> Name 'wlan0' 
04-09 15:27:06.960  2711  2723 I yani_kernel: yani_geteventfrom_changeaddr() Message-Id '1' Netlink event '16' Interface Index '5' -> Name 'wlan0' 
04-09 15:27:06.969  3424  3424 E dhcpcd  : control_open: Connection refused
04-09 15:27:06.970  3424  3424 E dhcpcd  : eth0: interface not found or invalid
04-09 15:27:06.971  2950  2960 D wac-main: Netlink event
04-09 15:27:06.971  2950  2960 E wac-main: Netlink event 16 Interface Index 5 
04-09 15:27:06.971  3424  3424 D dhcpcd  : wlan0: adding address fe80::ce90:93ff:fe21:f384
04-09 15:27:06.971  2950  2960 E wac-main: Enter poll and wait
04-09 15:27:06.971  2711  2723 I yani_kernel: yani_geteventfrom_changeaddr() Message-Id '1' Netlink event '16' Interface Index '5' -> Name 'wlan0' 
04-09 15:27:07.010  3075  3075 I cast_shell: [3078:3116:INFO:metrics_recorder.cc(282)] Record action: Setup.version.BLE
04-09 15:27:07.039  3075  3075 I cast_shell: [3078:3116:INFO:metrics_recorder.cc(282)] Record action: Setup.tos_accepted.BLE
04-09 15:27:07.069  3075  3075 I cast_shell: [3078:3116:INFO:metrics_recorder.cc(282)] Record action: Setup.state.BLE
04-09 15:27:07.071  3424  3424 E dhcpcd  : error writing DUID: /etc/dhcpcd/dhcpcd.duid: Read-only file system
04-09 15:27:07.071  3424  3424 D dhcpcd  : DUID 00:03:00:01:cc:90:93:21:f3:84
04-09 15:27:07.071  3424  3424 D dhcpcd  : wlan0: IAID 93:21:f3:84
04-09 15:27:07.099  3075  3075 I cast_shell: [3078:3116:INFO:metrics_recorder.cc(282)] Record action: Setup.ip_address.BLE
04-09 15:27:07.104  3424  3424 D dhcpcd  : wlan0: soliciting an IPv6 router
04-09 15:27:07.639  3075  3075 I cast_shell: [3078:3116:INFO:metrics_recorder.cc(282)] Record action: Setup.version.BLE
04-09 15:27:07.668  3075  3075 I cast_shell: [3078:3086:ERROR:connectivity_checker_impl.cc(265)] Connectivity check failed: 400
04-09 15:27:07.669  3075  3075 I cast_shell: [3078:3116:INFO:metrics_recorder.cc(282)] Record action: Setup.tos_accepted.BLE
04-09 15:27:07.699  3075  3075 I cast_shell: [3078:3116:INFO:metrics_recorder.cc(282)] Record action: Setup.state.BLE
04-09 15:27:07.729  3075  3075 I cast_shell: [3078:3116:INFO:metrics_recorder.cc(282)] Record action: Setup.ip_address.BLE
04-09 15:27:07.733  3424  3424 D dhcpcd  : wlan0: soliciting a DHCP lease
04-09 15:27:07.733  3424  3424 D dhcpcd  : wlan0: sending DISCOVER (xid 0xc24b82f7), next in -17802010987232075500026777171131442320198516891407412989691182600852689895346173290528805815665425439342518065103732211378388550603970086111537324042331648645480670841920194201593422321711562126823490050763985066363061450745728348518964666742137014252577609943613440.0 seconds
04-09 15:27:07.910  2731  2745 I NetworkMonitor: turn off power-save
04-09 15:27:07.917  2731  2745 E DNSResolver: Error in connect: Network is unreachable
04-09 15:27:07.917  2731  2745 I chatty  : uid=0(root) /bin/net_mgr identical 4 lines
04-09 15:27:07.917  2731  2745 E DNSResolver: Error in connect: Network is unreachable
04-09 15:27:07.917  2731  2745 E HttpTimeSync: Error resolve name clients1.google.com
04-09 15:27:07.935  2731  2745 E HttpTimeSync: Error in curl perform, returns 6: Couldn't resolve host name
04-09 15:27:07.937  2731  2745 E HttpTimeSync: Failed in getting HTTP header from http://clients1.google.com/generate_204
04-09 15:27:08.002  3424  3424 D dhcpcd  : wlan0: Router Advertisement from fe80::cab3:73ff:fe44:aeed
04-09 15:27:08.002  3424  3424 D dhcpcd  : wlan0: adding address fd70:d3e7:6555:0:ce90:93ff:fe21:f384/64
04-09 15:27:08.003  3424  3424 D dhcpcd  : wlan0: adding address fd70:d3e7:6555:0:fcbb:27d5:644b:a117/64
04-09 15:27:08.003  3424  3424 D dhcpcd  : wlan0: adding route to fd70:d3e7:6555::/64
04-09 15:27:08.004  3424  3424 D dhcpcd  : wlan0: requesting DHCPv6 information
04-09 15:27:08.269  3075  3075 I cast_shell: [3078:3116:INFO:metrics_recorder.cc(282)] Record action: Setup.version.BLE
04-09 15:27:08.299  3075  3075 I cast_shell: [3078:3116:INFO:metrics_recorder.cc(282)] Record action: Setup.tos_accepted.BLE
04-09 15:27:08.329  3075  3075 I cast_shell: [3078:3116:INFO:metrics_recorder.cc(282)] Record action: Setup.state.BLE
04-09 15:27:08.359  3075  3075 I cast_shell: [3078:3116:INFO:metrics_recorder.cc(282)] Record action: Setup.ip_address.BLE
04-09 15:27:08.483  3075  3075 I cast_shell: [3078:3116:INFO:metrics_recorder.cc(282)] Record action: Setup.eureka_info.Local
04-09 15:27:08.484  3075  3075 I cast_shell: [3078:3116:INFO:metrics_recorder.cc(282)] Record action: Setup.eureka_info.Local.200
04-09 15:27:08.485  2731  2744 E DNSResolver: Error in connect: Network is unreachable
04-09 15:27:08.486  2731  2744 I chatty  : uid=0(root) MonitorThread identical 4 lines
04-09 15:27:08.486  2731  2744 E DNSResolver: Error in connect: Network is unreachable
04-09 15:27:08.486  2731  2744 E HttpTimeSync: Error resolve name clients1.google.com
04-09 15:27:08.488  2731  2744 E HttpTimeSync: Error in curl perform, returns 6: Couldn't resolve host name
04-09 15:27:08.488  2731  2744 E HttpTimeSync: Failed in getting HTTP header from http://clients1.google.com/generate_204
04-09 15:27:08.675  3075  3075 I cast_shell: [3078:3086:ERROR:connectivity_checker_impl.cc(265)] Connectivity check failed: 400
04-09 15:27:08.820  3424  3424 D dhcpcd  : wlan0: received OFFER with xid 0xc24b82f7
04-09 15:27:08.820  3424  3424 D dhcpcd  : wlan0: offered 192.168.1.145 from 192.168.1.1
04-09 15:27:08.820  3424  3424 D dhcpcd  : wlan0: requesting lease of 192.168.1.145
04-09 15:27:08.820  3424  3424 D dhcpcd  : wlan0: sending REQUEST (xid 0xc24b82f7), next in -17802010987232075500026777171131442320198516891407412989691182600852689895346173290528805815665425439342518065103732211378388550603970086111537324042331648645480670841920194201593422321711562126823490050763985066363061450745728348518964666742137014252577609943613440.0 seconds
04-09 15:27:08.899  3075  3075 I cast_shell: [3078:3116:INFO:metrics_recorder.cc(282)] Record action: Setup.version.BLE
04-09 15:27:08.929  3075  3075 I cast_shell: [3078:3116:INFO:metrics_recorder.cc(282)] Record action: Setup.tos_accepted.BLE
04-09 15:27:08.959  3075  3075 I cast_shell: [3078:3116:INFO:metrics_recorder.cc(282)] Record action: Setup.state.BLE
04-09 15:27:08.989  3075  3075 I cast_shell: [3078:3116:INFO:metrics_recorder.cc(282)] Record action: Setup.ip_address.BLE
04-09 15:27:09.320  2731  2745 I NetworkMonitor: turn off power-save
04-09 15:27:09.324  2731  2745 E DNSResolver: Error in connect: Network is unreachable
04-09 15:27:09.324  2731  2745 I chatty  : uid=0(root) /bin/net_mgr identical 4 lines
04-09 15:27:09.324  2731  2745 E DNSResolver: Error in connect: Network is unreachable
04-09 15:27:09.324  2731  2745 E HttpTimeSync: Error resolve name clients1.google.com
04-09 15:27:09.325  2731  2745 E HttpTimeSync: Error in curl perform, returns 6: Couldn't resolve host name
04-09 15:27:09.325  2731  2745 E HttpTimeSync: Failed in getting HTTP header from http://clients1.google.com/generate_204
04-09 15:27:09.417  2731  2745 I NetworkMonitor: turn off power-save
04-09 15:27:09.421  2731  2745 E DNSResolver: Error in connect: Network is unreachable
04-09 15:27:09.421  2731  2745 I chatty  : uid=0(root) /bin/net_mgr identical 4 lines
04-09 15:27:09.421  2731  2745 E DNSResolver: Error in connect: Network is unreachable
04-09 15:27:09.421  2731  2745 E HttpTimeSync: Error resolve name clients1.google.com
04-09 15:27:09.422  2731  2745 E HttpTimeSync: Error in curl perform, returns 6: Couldn't resolve host name
04-09 15:27:09.422  2731  2745 E HttpTimeSync: Failed in getting HTTP header from http://clients1.google.com/generate_204
04-09 15:27:09.489  2731  2744 E DNSResolver: Error in connect: Network is unreachable
04-09 15:27:09.489  2731  2744 I chatty  : uid=0(root) MonitorThread identical 4 lines
04-09 15:27:09.489  2731  2744 E DNSResolver: Error in connect: Network is unreachable
04-09 15:27:09.489  2731  2744 E HttpTimeSync: Error resolve name clients1.google.com
04-09 15:27:09.490  2731  2744 E HttpTimeSync: Error in curl perform, returns 6: Couldn't resolve host name
04-09 15:27:09.490  2731  2744 E HttpTimeSync: Failed in getting HTTP header from http://clients1.google.com/generate_204
04-09 15:27:09.529  3075  3075 I cast_shell: [3078:3116:INFO:metrics_recorder.cc(282)] Record action: Setup.version.BLE
04-09 15:27:09.559  3075  3075 I cast_shell: [3078:3116:INFO:metrics_recorder.cc(282)] Record action: Setup.tos_accepted.BLE
04-09 15:27:09.589  3075  3075 I cast_shell: [3078:3116:INFO:metrics_recorder.cc(282)] Record action: Setup.state.BLE
04-09 15:27:09.618  3075  3075 I cast_shell: [3078:3116:INFO:metrics_recorder.cc(282)] Record action: Setup.ip_address.BLE
04-09 15:27:09.681  3075  3075 I cast_shell: [3078:3086:ERROR:connectivity_checker_impl.cc(265)] Connectivity check failed: 400
04-09 15:27:09.797  2731  2745 I NetworkMonitor: turn off power-save
04-09 15:27:09.802  2731  2745 E DNSResolver: Error in connect: Network is unreachable
04-09 15:27:09.803  2731  2745 I chatty  : uid=0(root) /bin/net_mgr identical 4 lines
04-09 15:27:09.803  2731  2745 E DNSResolver: Error in connect: Network is unreachable
04-09 15:27:09.803  2731  2745 E HttpTimeSync: Error resolve name clients1.google.com
04-09 15:27:09.804  2731  2745 E HttpTimeSync: Error in curl perform, returns 6: Couldn't resolve host name
04-09 15:27:09.804  2731  2745 E HttpTimeSync: Failed in getting HTTP header from http://clients1.google.com/generate_204
04-09 15:27:09.830  2731  2745 I NetworkMonitor: turn off power-save
04-09 15:27:09.834  2731  2745 E DNSResolver: Error in connect: Network is unreachable
