04-09 15:57:32.592  3076  3076 I cast_shell: [3079:3079:INFO:mdns_util.cc(102)] Defaulting mDNS capabilities for audio-only build
04-09 15:57:32.592  3076  3076 I cast_shell: [3079:3079:INFO:chromecast_service.cc(2229)] AoGH feature is: 0
04-09 15:57:32.592  3076  3076 I cast_shell: [3079:3079:INFO:chromecast_service.cc(2189)] Geolocation changed to: 0
04-09 15:57:32.592  3076  3076 I cast_shell: [3079:3079:INFO:lycra_transport.cc(301)] Feature flag changed: false
04-09 15:57:32.592  3076  3076 I cast_shell: [3079:3079:INFO:chromecast_service.cc(2248)] Playback disruption feature is: 1
04-09 15:57:32.592  3076  3076 I cast_shell: [3079:3128:INFO:mdns_util.cc(102)] Defaulting mDNS capabilities for audio-only build
04-09 15:57:32.592  3076  3076 I cast_shell: [3079:3079:INFO:playback_disruption_service.cc(328)] Playback disruption service enabled and running
04-09 15:57:32.592  3076  3076 I cast_shell: [3079:3079:INFO:ccs_manager_impl.cc(864)] Re-registering single CCS device
04-09 15:57:32.592  3076  3076 I cast_shell: [3079:3079:WARNING:ccs_manager_impl.cc(1566)] Device does not have a weave device id
04-09 15:57:32.592  3076  3076 I cast_shell: [3079:3079:INFO:mdns_util.cc(102)] Defaulting mDNS capabilities for audio-only build
04-09 15:57:32.592  3076  3076 I cast_shell: [3079:3079:INFO:mdns_util.cc(102)] Defaulting mDNS capabilities for audio-only build
04-09 15:57:32.619  3076  3076 I cast_shell: [3079:3079:INFO:metrics_recorder.cc(282)] cast event: Cloud.Transport.Https.Register.Out
04-09 15:57:32.621  3076  3076 I cast_shell: [3079:3079:INFO:application_identification_settings.cc(1331)] CreateJwt completed; running all done signing callbacks.
04-09 15:57:32.621  3076  3076 I cast_shell: [3079:3079:INFO:robot_account_auth_manager.cc(496)] JWT expiry in 3600 seconds
04-09 15:57:32.621  3076  3076 I cast_shell: [3079:3079:INFO:robot_account_auth_manager.cc(384)] Sending oauth request for client_id: 0
04-09 15:57:32.621  3076  3076 I cast_shell: [3079:3079:INFO:metrics_recorder.cc(282)] cast event: Cast.Assistant.Auth.FetchToken
04-09 15:57:32.621  3076  3076 I cast_shell: [3079:3092:INFO:chromium_http_connection.cc(436)] Creating a new chromium http url loader factory
04-09 15:57:32.621  3076  3076 I cast_shell: [3079:3079:INFO:metrics_recorder.cc(282)] cast event: Cloud.Transport.Https.Register.Out
04-09 15:57:32.858  3076  3076 I cast_shell: [system_updater_dummy.cpp(139)] CheckUpdate 139
04-09 15:57:32.858  3076  3076 I cast_shell: [system_updater_dummy.cpp(148)] CheckUpdate 148 return
04-09 15:57:33.009  2957  2967 D wac-main: Netlink event
04-09 15:57:33.009  2957  2967 E wac-main: Netlink event 16 Interface Index 5 
04-09 15:57:33.009  2957  2967 E wac-main: Enter poll and wait
04-09 15:57:33.009  2957  2967 D wac-main: Netlink event
04-09 15:57:33.009  2957  2967 E wac-main: Netlink event 16 Interface Index 5 
04-09 15:57:33.009  2957  2967 E wac-main: Enter poll and wait
04-09 15:57:33.015  2711  2723 I yani_server: NetLink Event '-1' Interface-Index '5' WLAN '0' Ethernet '-1' Parsed-iFill '-1' -> 'INVALID' ifIndex '1' -> 'lo'
04-09 15:57:33.021  2958  3154 I LibreCastControlDelegate: OnCastStatus() +++ AAA speaker:0xaae87198:NOT_SETUP
04-09 15:57:33.021  2958  3154 I LibreCastControlDelegate: Device Build Number -> '1.52.272222'
04-09 15:57:33.021  2958  3154 I librecast: updateCastBuildVersion() Version 1.52.272222
04-09 15:57:33.021  2712  2719 I lucitransport: readRemoteMessage() MID char = 7 buffer = 1.52.272222
04-09 15:57:33.021  2958  3154 I LibreCastControlDelegate: Active Applications -> 0
04-09 15:57:33.021  2958  3154 I LibreCastControlDelegate: Current Cast State '2' -> 'NOT_SETUP'
04-09 15:57:33.021  2958  3154 I LibreCastControlDelegate: OnCastStatus() ---
04-09 15:57:33.023  3076  3076 I cast_shell: [3079:3118:INFO:metrics_recorder.cc(282)] Record action: Setup.state.BLE
04-09 15:57:33.024  2711  2723 I yani_server: NetLink Event '-1' Interface-Index '5' WLAN '0' Ethernet '-1' Parsed-iFill '-1' -> 'INVALID' ifIndex '1' -> 'lo'
04-09 15:57:33.027  2711  2723 I chatty  : uid=0(root) YaniServer identical 3 lines
04-09 15:57:33.028  2711  2723 I yani_server: NetLink Event '-1' Interface-Index '5' WLAN '0' Ethernet '-1' Parsed-iFill '-1' -> 'INVALID' ifIndex '1' -> 'lo'
04-09 15:57:33.028  2711  2723 I yani_kernel: yani_geteventfrom_changeaddr() Message-Id '1' Netlink event '16' Interface Index '5' -> Name 'wlan0' 
04-09 15:57:33.029  2711  2723 I yani_kernel: yani_geteventfrom_changeaddr() Message-Id '1' Netlink event '16' Interface Index '5' -> Name 'wlan0' 
04-09 15:57:33.248  3076  3076 I cast_shell: [3079:3079:INFO:robot_account_auth_manager.cc(525)] Got CAS response: 200
04-09 15:57:33.248  3076  3076 I cast_shell: [3079:3079:INFO:metrics_recorder.cc(282)] cast event: Cast.Assistant.AuthError.NOT_LINKED
04-09 15:57:33.249  3076  3076 I cast_shell: [3079:3079:INFO:robot_account_auth_manager.cc(776)] Current error: TOKEN_NOT_FETCHED, new error: NOT_LINKED
04-09 15:57:33.249  3076  3076 I cast_shell: [3079:3079:INFO:user_auth_impl.cc(207)] Notified all the observers of new auth tokens.
04-09 15:57:33.882  3076  3076 I cast_shell: [system_updater_dummy.cpp(139)] CheckUpdate 139
04-09 15:57:33.882  3076  3076 I cast_shell: [system_updater_dummy.cpp(148)] CheckUpdate 148 return
04-09 15:57:33.992  2964  2986 I otamanager: OTA:curl response code : 0	
04-09 15:57:33.992  2964  2986 I otamanager: http status code : 200
04-09 15:57:33.992  2964  2986 I otamanager: OTA: contentLen :187.000000
04-09 15:57:34.002  2964  2986 I otamanager: OTA: bytesDownloaded = 187 m_iHttpStatusCode = 200 
04-09 15:57:34.002  2691  2691 I sh      : }{
04-09 15:57:34.003  2691  2691 I sh      : 	"castVersion" : null,
04-09 15:57:34.003  2964  2986 E otamanager: OTA:error string =  No update available
04-09 15:57:34.003  2691  2691 I sh      : 	"crc" : null,
04-09 15:57:34.003  2691  2691 I sh      : 	"errorCode" : 1001,
04-09 15:57:34.003  2691  2691 I sh      : 	"errorString" : "No update available",
04-09 15:57:34.003  2691  2691 I sh      : 	"forceUpgrade" : true,
04-09 15:57:34.003  2691  2691 I sh      : 	"mcuOnlyUpdate" : false,
04-09 15:57:34.003  2691  2691 I sh      : 	"otapackage" : null,
04-09 15:57:34.003  2691  2691 I sh      : 	"url" : null,
04-09 15:57:34.003  2691  2691 I sh      : 	"version" : null
04-09 15:57:34.003  2964  2986 I otamanager: Firmware Update State Change from CheckUpdate to Idle
04-09 15:57:34.005  3076  3076 I cast_shell: [system_updater_dummy.cpp(132)] CheckUpdate 132 no new version
04-09 15:57:34.005  3076  3076 I cast_shell: [3079:3089:INFO:update_engine_client_with_system_updater.cc(226)] No system force update, error_code=0
04-09 15:57:34.005  3076  3076 I cast_shell: [3079:3118:INFO:setup_state.cc(261)] Setup state changed: SETUP_STATE_CONNECTED_WIFI_NOT_SAVED (61) -> SETUP_STATE_CONNECTED (60)
04-09 15:57:34.005  3076  3076 I cast_shell: [3079:3118:INFO:setup_manager_impl.cc(1019)] Setup discoverability is disabled
04-09 15:57:34.005  3076  3076 I cast_shell: [3079:3118:INFO:ble_setup_manager.cc(758)] Clearing setup read attributes
04-09 15:57:34.005  3076  3076 I cast_shell: [3079:3118:INFO:gatt_client_manager_impl.cc(202)] Enabling GATT client connectability
04-09 15:57:34.005  3076  3076 I cast_shell: [3079:3118:INFO:ble_setup_manager.cc(620)] Stopped Bluetooth service
04-09 15:57:34.005  3076  3076 I cast_shell: [3079:3118:INFO:ble_setup.cc(423)] BLE setup stopped.
04-09 15:57:28.132  2731  2745 I chatty  : uid=0(root) /bin/net_mgr identical 2 lines
04-09 15:57:28.135  2731  2745 I NetworkMonitor: turn off power-save
04-09 15:57:34.006  2731  2745 I HotspotManager: hotspot stop
04-09 15:57:34.006  2731  2745 I HotspotManager: stop dnsmasq
04-09 15:57:34.019  3076  3076 I cast_shell: [3079:3079:INFO:cast_receiver_impl.cc(1100)] Leaving discovery-only mode
04-09 15:57:34.019  3076  3076 I cast_shell: [3079:3079:INFO:application_config_manager_impl.cc(566)] Enabling virtual device f0adfe62-fc52-c53a-5402-2597301ee543
04-09 15:57:34.021  2958  3154 I LibreCastControlDelegate: OnCastStatus() +++ AAA speaker:0xaae87198:READY_TO_CAST
04-09 15:57:34.021  3076  3076 I cast_shell: [3079:3128:INFO:mdns_cast_service.cc(351)] Device discovery state is idle
04-09 15:57:34.021  3076  3076 I cast_shell: [3079:3128:INFO:mdns_util.cc(102)] Defaulting mDNS capabilities for audio-only build
04-09 15:57:34.022  3076  3076 I cast_shell: [3079:3118:INFO:gatt_client_manager_impl.cc(202)] Enabling GATT client connectability
04-09 15:57:34.022  3076  3076 I cast_shell: [3079:3079:INFO:ble_discovery_controller.cc(121)] Starting BLE discovery
04-09 15:57:34.022  3076  3076 I cast_shell: [3079:3118:INFO:gatt_client_manager_impl.cc(202)] Enabling GATT client connectability
04-09 15:57:34.022  3076  3076 I cast_shell: [3079:3118:INFO:gatt_client_manager_impl.cc(202)] Enabling GATT client connectability
04-09 15:57:34.022  3076  3076 I cast_shell: [3079:3118:INFO:ble_setup_manager.cc(744)] Started Bluetooth service
04-09 15:57:34.022  2958  3154 I LibreCastControlDelegate: Cast Device Name -> 'AAA speaker'
04-09 15:57:34.022  2958  3154 I librecast: OldFriendlyName '' & New name change By Cast 'AAA speaker' isfirstbootup 56 m_updatedonebyluci 95
04-09 15:57:34.022  2958  3154 I librecast:  Difference in FriendlyName notify all  
04-09 15:57:34.023  2958  3154 I LibreCastControl: LibreCastControl_SetCastName()  name 'AAA speaker' RequestId '6' pCastControl 0xf4a00728
04-09 15:57:34.023  2712  2719 I lucitransport: writeRemoteMessage() MID = 90 buffer = AAA speaker
04-09 15:57:34.023  2712  2719 I luciUART: write() MID = 90  bytes = 21 data = AAA speaker m_fd = 0x5
04-09 15:57:34.023  2712  2719 I lucitransport: writeLocalMessage() MID = 90 buffer = AAA speaker
04-09 15:57:34.023  2712  2721 E LUCI_SERVER: Luci Server Thread wait over MID 90....
04-09 15:57:34.029  2958  3154 I LibreCastControlDelegate: Device Build Number -> '1.52.272222'
04-09 15:57:34.029  2958  3154 I librecast: updateCastBuildVersion() Version 1.52.272222
04-09 15:57:34.037  3076  3076 I cast_shell: [3079:3079:INFO:device_info_impl.cc(1133)] SSDP Config ID is increased: id=6
04-09 15:57:34.038  3076  3076 I cast_shell: [3079:3079:INFO:ccs_manager_impl.cc(1842)] Postponing device name update while registering
04-09 15:57:34.039  3076  3076 I cast_shell: [3079:3128:INFO:mdns_util.cc(102)] Defaulting mDNS capabilities for audio-only build
04-09 15:57:34.039  2958  3154 I LibreCastControlDelegate: OnCastStatus() +++ AAA speaker:0xaae87198:READY_TO_CAST
04-09 15:57:34.040  3076  3076 I cast_shell: [3079:3079:INFO:mdns_manager_impl.cc(429)] Successfully updated service: type=_googlecast
04-09 15:57:34.040  3076  3076 I cast_shell: [3079:3079:INFO:virtual_device.cc(296)] Updated mDNS service for virtual device: id=f0adfe62-fc52-c53a-5402-2597301ee543
04-09 15:57:34.041  2958  3154 I LibreCastControlDelegate: Cast Device Name -> 'AAA speaker'
04-09 15:57:34.041  2958  3154 I librecast: OldFriendlyName '' & New name change By Cast 'AAA speaker' isfirstbootup 56 m_updatedonebyluci 95
04-09 15:57:34.041  2958  3154 I librecast:  Difference in FriendlyName notify all  
04-09 15:57:34.041  2958  3154 I LibreCastControl: LibreCastControl_SetCastName()  name 'AAA speaker' RequestId '7' pCastControl 0xf4a00728
04-09 15:57:34.042  2712  2719 I lucitransport: writeRemoteMessage() MID = 90 buffer = AAA speaker
04-09 15:57:34.042  2712  2719 I luciUART: write() MID = 90  bytes = 21 data = AAA speaker m_fd = 0x5
04-09 15:57:34.042  2712  2719 I lucitransport: writeLocalMessage() MID = 90 buffer = AAA speaker
04-09 15:57:34.042  2958  3154 I LibreCastControlDelegate: Device Build Number -> '1.52.272222'
04-09 15:57:34.045  2733  2760 I bluetoothtbd: [0409/032734.045003:INFO:adapter.cc(551)] Adapter properties changed
04-09 15:57:34.045  2733  2760 I bluetoothtbd: [0409/032734.045166:INFO:adapter.cc(573)] Adapter name changed
04-09 15:57:34.045  2958  3154 I LibreCastControlDelegate: OnResponse() ReqeustID 7, error  0
04-09 15:57:34.046  3076  3076 I cast_shell: [3079:3118:INFO:bluetooth_manager.cc(1232)] [PII] Set device name to 'AAA speaker'
04-09 15:57:34.048  3076  3076 I cast_shell: [3079:3079:INFO:device_info_impl.cc(1133)] SSDP Config ID is increased: id=7
04-09 15:57:34.050  2958  3154 I LibreCastControlDelegate: OnCastStatus() +++ AAA speaker:0xaae87198:READY_TO_CAST
04-09 15:57:34.051  3076  3076 I cast_shell: [3079:3079:INFO:ccs_manager_impl.cc(1842)] Postponing device name update while registering
04-09 15:57:34.051  3076  3076 I cast_shell: [3079:3128:INFO:mdns_util.cc(102)] Defaulting mDNS capabilities for audio-only build
04-09 15:57:34.051  3076  3076 I cast_shell: [3079:3079:INFO:mdns_manager_impl.cc(429)] Successfully updated service: type=_googlecast
04-09 15:57:34.051  3076  3076 I cast_shell: [3079:3079:INFO:virtual_device.cc(296)] Updated mDNS service for virtual device: id=f0adfe62-fc52-c53a-5402-2597301ee543
04-09 15:57:34.060  3076  3076 I cast_shell: [3079:3079:INFO:device_info_impl.cc(1133)] SSDP Config ID is increased: id=8
04-09 15:57:34.060  3076  3076 I cast_shell: [3079:3079:INFO:ccs_manager_impl.cc(1842)] Postponing device name update while registering
04-09 15:57:34.062  3076  3076 I cast_shell: [3079:3128:INFO:mdns_util.cc(102)] Defaulting mDNS capabilities for audio-only build
04-09 15:57:34.062  2961  2976 E Spotify-Player: Change Spotify Device name
04-09 15:57:34.063  3076  3076 I cast_shell: [3079:3118:INFO:bluetooth_manager.cc(1232)] [PII] Set device name to 'AAA speaker'
04-09 15:57:34.063  3076  3076 I cast_shell: [3079:3079:INFO:mdns_manager_impl.cc(429)] Successfully updated service: type=_googlecast
04-09 15:57:34.063  3076  3076 I cast_shell: [3079:3079:INFO:virtual_device.cc(296)] Updated mDNS service for virtual device: id=f0adfe62-fc52-c53a-5402-2597301ee543
04-09 15:57:34.063  2712  2721 E LUCI_SERVER: Luci Server Thread wait over MID 90....
04-09 15:57:34.063  2960  3430 I airplay_v2_0_6: 2022-04-09 15:57:34.063428 [AirPlay] Deregistered Bonjour _airplay._tcp. for restart
04-09 15:57:34.063  2960  3430 I airplay_v2_0_6: 2022-04-09 15:57:34.063812 [AirPlay] Deregistered Bonjour _raop._tcp. for restart
04-09 15:57:34.069  2958  3154 I LibreCastControlDelegate: OnCastStatus() +++ AAA speaker:0xaae87198:READY_TO_CAST
04-09 15:57:34.070  2958  3154 I LibreCastControlDelegate: Cast Device Name -> 'AAA speaker'
04-09 15:57:34.070  2958  3154 I librecast: OldFriendlyName 'AAA speaker' & New name change By Cast 'AAA speaker' isfirstbootup 56 m_updatedonebyluci 0
04-09 15:57:34.070  2958  3154 I LibreCastControlDelegate: Device Build Number -> '1.52.272222'
04-09 15:57:34.070  2958  3154 I librecast: updateCastBuildVersion() Version 1.52.272222
04-09 15:57:34.070  2712  2712 I lucitransport: readRemoteMessage() MID char = 7 buffer = 1.52.272222
04-09 15:57:34.072  2958  3154 I LibreCastControlDelegate: Active Applications -> 0
04-09 15:57:34.072  2958  3154 I LibreCastControlDelegate: Current Cast State '6' -> 'READY_TO_CAST'
04-09 15:57:34.078  3076  3076 I cast_shell: [3079:3079:INFO:device_info_impl.cc(1133)] SSDP Config ID is increased: id=9
04-09 15:57:34.078  3076  3076 I cast_shell: [3079:3079:INFO:ccs_manager_impl.cc(1842)] Postponing device name update while registering
04-09 15:57:34.078  3076  3076 I cast_shell: [3079:3128:INFO:mdns_util.cc(102)] Defaulting mDNS capabilities for audio-only build
04-09 15:57:34.080  2958  3154 I LibreCastControlDelegate: OnCastStatus() +++ AAA speaker:0xaae87198:READY_TO_CAST
04-09 15:57:34.081  2961  2977 I SPOTIFY : ConnectionNotify event(0-Login, 1-Logout, rest Error) = 6 
04-09 15:57:34.081  2961  2977 E SPOTIFY : Device Name change new name = AAA speaker
04-09 15:57:34.081  2961  2977 E SPOTIFY : err = 0 
04-09 15:57:34.082  3076  3076 I cast_shell: [3079:3079:INFO:mdns_manager_impl.cc(429)] Successfully updated service: type=_googlecast
04-09 15:57:34.082  2958  3154 I LibreCastControlDelegate: Cast Device Name -> 'AAA speaker'
04-09 15:57:34.082  2958  3154 I librecast: OldFriendlyName 'AAA speaker' & New name change By Cast 'AAA speaker' isfirstbootup 56 m_updatedonebyluci 0
04-09 15:57:34.082  2958  3154 I LibreCastControlDelegate: Device Build Number -> '1.52.272222'
04-09 15:57:34.082  2958  3154 I librecast: updateCastBuildVersion() Version 1.52.272222
04-09 15:57:34.082  3076  3076 I cast_shell: [3079:3079:INFO:virtual_device.cc(296)] Updated mDNS service for virtual device: id=f0adfe62-fc52-c53a-5402-2597301ee543
04-09 15:57:34.082  2712  2712 I lucitransport: readRemoteMessage() MID char = 7 buffer = 1.52.272222
04-09 15:57:34.102  2691  2691 I sh      : MessageBoxAlert() MID 90 
04-09 15:57:34.103  2691  2691 I sh      : MessageBoxChanged() MID '90'
04-09 15:57:34.103  2958  3003 I librecast: MessageBoxAlert() Msg = 90 remoteID = 16 
04-09 15:57:34.103  2712  2721 I lucitransport: readRemoteMessage() MID char = 90 buffer = AAA speaker
04-09 15:57:34.103  2958  3003 I LibreCastControl: LibreCastControl_SetCastName()  name 'AAA speaker' RequestId '10' pCastControl 0xf4a00728
04-09 15:57:34.103  2958  3003 E librecast: MessageBoxAlert() friendlyname AAA speaker
04-09 15:57:34.103  2958  3003 I LibreCastControl: MessageBoxAlert() messageBoxID 90
04-09 15:57:34.107  2957  2967 D wac-main: Netlink event
04-09 15:57:34.107  2957  2967 E wac-main: Netlink event 21 Interface Index 6 
04-09 15:57:34.107  2957  2967 E wac-main: Enter poll and wait
04-09 15:57:34.107  2711  2723 I yani_kernel: yani_geteventfrom_changeaddr() Message-Id '1' Netlink event '21' Interface Index '6' -> Name 'p2p0' 
04-09 15:57:34.109  2960  2991 I airplayluci: MessageBoxAlert: MID 90
04-09 15:57:34.110  2786  2786 I dnsmasq : reading /etc/resolv.conf
04-09 15:57:34.110  2786  2786 I dnsmasq : using nameserver 8.8.4.4#53
04-09 15:57:34.110  2786  2786 I dnsmasq : using nameserver 192.168.1.1#53
04-09 15:57:34.110  2786  2786 I dnsmasq : using nameserver 192.168.50.1#53
04-09 15:57:34.110  2786  2786 I dnsmasq : using nameserver 8.8.8.8#53
04-09 15:57:34.113  3076  3076 I cast_shell: [3079:3079:INFO:device_info_impl.cc(1133)] SSDP Config ID is increased: id=10
04-09 15:57:34.114  3076  3076 I cast_shell: [3079:3128:INFO:mdns_util.cc(102)] Defaulting mDNS capabilities for audio-only build
04-09 15:57:34.114  3076  3076 I cast_shell: [3079:3079:INFO:ccs_manager_impl.cc(1842)] Postponing device name update while registering
04-09 15:57:34.114  3076  3076 I cast_shell: [3079:3079:INFO:mdns_manager_impl.cc(429)] Successfully updated service: type=_googlecast
04-09 15:57:34.114  3076  3076 I cast_shell: [3079:3079:INFO:virtual_device.cc(296)] Updated mDNS service for virtual device: id=f0adfe62-fc52-c53a-5402-2597301ee543
04-09 15:57:34.114  2958  3154 I LibreCastControlDelegate: OnResponse() ReqeustID 10, error  0
04-09 15:57:34.115  2711  2723 I yani_server: NetLink Event '5' Interface-Index '6' WLAN '-1' Ethernet '-1' Parsed-iFill '5' -> 'P2P0 DISCONNECTED' ifIndex '2' -> 'tunl0'
04-09 15:57:34.115  2711  2723 E yani_server: YANI: I am Done Wait For Event 
04-09 15:57:34.115  2711  2814 I yani_server: onNetworkParametersChanged() WAC Mode '0'  Index '2' Interface 'p2p0' Status '0'
04-09 15:57:34.116  2731  2745 I HotspotManager: stop hostapd
04-09 15:57:34.116  2729  2729 E AirableUIHelper: AirableUIHelper::YaniAlert  3 0 
04-09 15:57:34.116  2961  2976 E Spotify-Player: Change Spotify Device name
04-09 15:57:34.122  2712  2721 E LUCI_SERVER: Luci Server Thread wait over MID 90....
04-09 15:57:34.131  2958  3154 I LibreCastControlDelegate: OnCastStatus() +++ AAA speaker:0xaae87198:READY_TO_CAST
04-09 15:57:34.134  2958  3154 I LibreCastControlDelegate: Cast Device Name -> 'AAA speaker'
04-09 15:57:34.134  2958  3154 I librecast: OldFriendlyName 'AAA speaker' & New name change By Cast 'AAA speaker' isfirstbootup 56 m_updatedonebyluci 0
04-09 15:57:34.134  2958  3154 I LibreCastControlDelegate: Device Build Number -> '1.52.272222'
04-09 15:57:34.134  2958  3154 I librecast: updateCastBuildVersion() Version 1.52.272222
04-09 15:57:34.134  2712  2720 E luciUART: UART:aa
04-09 15:57:34.134  2712  2720 E luciUART: UART:aa
04-09 15:57:34.134  2712  2720 E luciUART: UART:2
04-09 15:57:34.134  2712  2712 I lucitransport: readRemoteMessage() MID char = 7 buffer = 1.52.272222
04-09 15:57:34.134  2712  2720 E luciUART: UART:0
04-09 15:57:34.134  2712  2720 E luciUART: UART:d0
04-09 15:57:34.134  2712  2720 E luciUART: UART:0
04-09 15:57:34.134  2712  2720 I chatty  : uid=0(root) UARTLUCIControl identical 1 line
04-09 15:57:34.134  2958  3154 I LibreCastControlDelegate: Active Applications -> 0
04-09 15:57:34.134  2712  2720 E luciUART: UART:0
04-09 15:57:34.134  2712  2720 E luciUART: UART:0
04-09 15:57:34.134  2958  3154 I LibreCastControlDelegate: Current Cast State '6' -> 'READY_TO_CAST'
04-09 15:57:34.134  2712  2720 E luciUART: UART:9
04-09 15:57:34.134  2712  2720 I luciUART: read() RemoteID = 43690 Command = 208 Type = 2 Status = 0 DataLen = 9
04-09 15:57:34.134  2958  3154 I LibreCastControlDelegate: OnCastStatus() ---
04-09 15:57:34.134  2712  2720 E luciUART: Error: full data not available yet! readBytes 0
04-09 15:57:34.134  2712  2720 I luciUART: Previous Packet read contd., 
04-09 15:57:34.134  2712  2720 E luciUART: UART:52
04-09 15:57:34.134  2712  2720 I luciUART: Previous Packet read contd., 
04-09 15:57:34.134  2712  2720 E luciUART: UART:45
04-09 15:57:34.134  2712  2720 I luciUART: Previous Packet read contd., 
04-09 15:57:34.134  2712  2720 E luciUART: UART:41
04-09 15:57:34.135  2712  2720 I luciUART: Previous Packet read contd., 
04-09 15:57:34.135  2712  2720 E luciUART: UART:44
04-09 15:57:34.135  2712  2720 I luciUART: Previous Packet read contd., 
04-09 15:57:34.135  2712  2720 E luciUART: UART:5f
04-09 15:57:34.135  2712  2720 I luciUART: Previous Packet read contd., 
04-09 15:57:34.135  2712  2720 E luciUART: UART:73
04-09 15:57:34.135  2712  2720 I luciUART: Previous Packet read contd., 
04-09 15:57:34.135  2712  2720 E luciUART: UART:73
04-09 15:57:34.135  2712  2720 I luciUART: Previous Packet read contd., 
04-09 15:57:34.135  2712  2720 E luciUART: UART:69
04-09 15:57:34.135  2712  2720 I luciUART: Previous Packet read contd., 
04-09 15:57:34.135  2712  2720 E luciUART: UART:64
04-09 15:57:34.163  2691  2691 I sh      : MessageBoxAlert() MID 90 
04-09 15:57:34.163  2691  2691 I sh      : MessageBoxChanged() MID '90'
04-09 15:57:34.164  2958  3003 I librecast: MessageBoxAlert() Msg = 90 remoteID = 16 
04-09 15:57:34.164  2712  2721 I lucitransport: readRemoteMessage() MID char = 90 buffer = AAA speaker
04-09 15:57:34.164  2958  3003 I LibreCastControl: LibreCastControl_SetCastName()  name 'AAA speaker' RequestId '11' pCastControl 0xf4a00728
04-09 15:57:34.164  2958  3003 E librecast: MessageBoxAlert() friendlyname AAA speaker
04-09 15:57:34.164  2958  3003 I LibreCastControl: MessageBoxAlert() messageBoxID 90
04-09 15:57:34.166  2958  3154 I LibreCastControlDelegate: OnResponse() ReqeustID 11, error  0
04-09 15:57:34.169  3076  3076 I cast_shell: [3079:3079:INFO:device_info_impl.cc(1133)] SSDP Config ID is increased: id=11
04-09 15:57:34.170  2960  2991 I airplayluci: MessageBoxAlert: MID 90
04-09 15:57:34.171  2961  2976 E Spotify-Player: Change Spotify Device name
04-09 15:57:34.171  3076  3076 I cast_shell: [3079:3079:INFO:ccs_manager_impl.cc(1842)] Postponing device name update while registering
04-09 15:57:34.172  3076  3076 I cast_shell: [3079:3128:INFO:mdns_util.cc(102)] Defaulting mDNS capabilities for audio-only build
04-09 15:57:34.172  2712  2721 E LUCI_SERVER: Luci Server Thread wait over MID 208....
04-09 15:57:34.172  2712  2721 E LUCI_SERVER: Got NV name : ssid
04-09 15:57:34.174  3076  3076 I cast_shell: [3079:3079:INFO:mdns_manager_impl.cc(429)] Successfully updated service: type=_googlecast
04-09 15:57:34.174  3076  3076 I cast_shell: [3079:3079:INFO:virtual_device.cc(296)] Updated mDNS service for virtual device: id=f0adfe62-fc52-c53a-5402-2597301ee543
04-09 15:57:34.174  2712  2721 I luciUART: write() MID = 208  bytes = 30 data = ssid:Linksys16717_2G m_fd = 0x5
04-09 15:57:34.175  2961  2977 E SPOTIFY : Device Name change new name = AAA speaker
04-09 15:57:34.175  2961  2977 E SPOTIFY : err = 0 
04-09 15:57:34.205  2957  2967 D wac-main: Netlink event
04-09 15:57:34.205  2957  2967 E wac-main: Netlink event 16 Interface Index 6 
04-09 15:57:34.205  2957  2967 E wac-main: p2p0 event Link Changed : 1003 
04-09 15:57:34.205  2957  2967 E wac-main: p2p0 Changed down
04-09 15:57:34.205  2957  2967 E wac-main: wlan0 IP : 192.168.1.145
04-09 15:57:34.205  2711  2723 I yani_kernel: yani_geteventfrom_changeaddr() Message-Id '1' Netlink event '16' Interface Index '6' -> Name 'p2p0' 
04-09 15:57:34.210  2957  2967 E wac-main: Enter poll and wait
04-09 15:57:34.211  2733  2760 I bluetoothtbd: [0409/032734.211438:INFO:adapter.cc(551)] Adapter properties changed
04-09 15:57:34.211  2733  2760 I bluetoothtbd: [0409/032734.211600:INFO:adapter.cc(573)] Adapter name changed
04-09 15:57:34.213  2958  3154 I LibreCastControlDelegate: OnCastStatus() +++ AAA speaker:0xaae87198:READY_TO_CAST
04-09 15:57:34.214  3076  3076 I cast_shell: [3079:3118:INFO:bluetooth_manager.cc(1232)] [PII] Set device name to 'AAA speaker'
04-09 15:57:34.214  2958  3154 I LibreCastControlDelegate: Cast Device Name -> 'AAA speaker'
04-09 15:57:34.214  2958  3154 I librecast: OldFriendlyName 'AAA speaker' & New name change By Cast 'AAA speaker' isfirstbootup 56 m_updatedonebyluci 0
04-09 15:57:34.214  2958  3154 I LibreCastControlDelegate: Device Build Number -> '1.52.272222'
04-09 15:57:34.214  2958  3154 I librecast: updateCastBuildVersion() Version 1.52.272222
04-09 15:57:34.316  2731  2745 E WifiUtil: Setting interface p2p0 down.
04-09 15:57:34.317  2957  2967 D wac-main: Netlink event
04-09 15:57:34.317  2957  2967 E wac-main: Netlink event 16 Interface Index 6 
04-09 15:57:34.318  2957  2967 E wac-main: p2p0 event Link Changed : 1002 
04-09 15:57:34.318  2957  2967 E wac-main: Enter poll and wait
04-09 15:57:34.318  2711  2723 I yani_kernel: yani_geteventfrom_changeaddr() Message-Id '1' Netlink event '16' Interface Index '6' -> Name 'p2p0' 
04-09 15:57:34.561  3076  3076 I cast_shell: [3079:3118:INFO:ble_setup.cc(789)] Missing required info for sign.
04-09 15:57:34.563  3076  3076 I cast_shell: [3079:3118:INFO:gatt_client_manager_impl.cc(202)] Enabling GATT client connectability
04-09 15:57:34.563  3076  3076 I cast_shell: [3079:3118:INFO:ble_setup.cc(915)] Sign related info completed, no future EurekaInfo need sign.
04-09 15:57:35.123  2733  2811 W bt_btif : bta_gattc_conn_cback() - cif=3 connected=0 conn_id=3 reason=0x0013
04-09 15:57:35.123  2733  2811 W bt_btif : bta_gattc_conn_cback() - cif=4 connected=0 conn_id=4 reason=0x0013
04-09 15:57:35.123  2733  2811 W bt_btif : bta_gattc_conn_cback() - cif=6 connected=0 conn_id=6 reason=0x0013
04-09 15:57:35.125  2733  2811 I bt_btm_sec: btm_sec_disconnected clearing pending flag handle:128 reason:19
04-09 15:57:35.125  2733  2760 W bt_btif : btif_av_move_idle: ACL Disconnected state 0 bd_addr=5a:8b:f5:73:05:07 peer_bda=00:00:00:00:00:00
04-09 15:57:35.125  2733  2760 I bluetoothtbd: [0409/032735.125748:INFO:adapter.cc(719)] ACL state changed: 5A:8B:F5:73:05:07 - connected: false
04-09 15:57:35.128  3076  3076 I cast_shell: [3079:3118:ERROR:bluetooth_v1_via_v2.cc(796)] Connection state changed. :07 false
04-09 15:57:36.030  3076  3076 I cast_shell: [3079:3128:INFO:mdns_app_filter.cc(1526)] MdnsAppFilter: Done announcing.
04-09 15:57:36.065  2960  3455 I airplay_v2_0_6: 2022-04-09 15:57:36.065704 [AirPlayDemo] AirPlayDemoServerCopyProperty Password is <<NULL>>
04-09 15:57:36.066  2712  2712 I lucitransport: readRemoteMessage() MID char = 90 buffer = AAA speaker
04-09 15:57:36.068  2960  3430 I airplay_v2_0_6: 2022-04-09 15:57:36.068453 [AirPlay] Registering Bonjour _airplay._tcp. port 7000
04-09 15:57:36.070  2960  3455 I airplay_v2_0_6: 2022-04-09 15:57:36.070163 [AirPlayDemo] AirPlayDemoServerCopyProperty Password is <<NULL>>
04-09 15:57:36.071  2960  3455 I airplay_v2_0_6: 2022-04-09 15:57:36.071869 [AirPlayDemo] AirPlayDemoServerCopyProperty Password is <<NULL>>
04-09 15:57:36.072  2712  2712 I lucitransport: readRemoteMessage() MID char = 90 buffer = AAA speaker
04-09 15:57:36.074  2960  3430 I airplay_v2_0_6: 2022-04-09 15:57:36.074174 [AirPlay] Registering Bonjour CC909321F384@AAA speaker._raop._tcp. port 7000
04-09 15:57:36.114  3076  3076 I cast_shell: [3079:3129:INFO:metrics_recorder.cc(282)] Cast v2 action(socket_id=f0adfe62-fc52-c53a-5402-2597301ee543.2): CastV2.Connection.Connect.In
04-09 15:57:36.118  3076  3076 I cast_shell: [3079:3079:INFO:cast_system_memory_pressure_evaluator.cc(179)] ConfigRelaxMemoryPressureThresholds, 0.1, 0.2
04-09 15:57:36.118  3076  3076 I cast_shell: [3079:3118:INFO:setup_namespace_handler.cc(94)] Added a peer for setup namespace: f0adfe62-fc52-c53a-5402-2597301ee543.2:gms_cast_prober-1
04-09 15:57:36.121  3076  3076 I cast_shell: [3079:3118:INFO:setup_state.cc(544)] EurekaInfoCalled: wifi_state=10, is_usable_ip_address=1, connected=1, is_initial_setup=0
04-09 15:57:36.123  3076  3076 I cast_shell: [3458:3458:INFO:cast_content_renderer_client_internal.cc(83)] Render process started.
04-09 15:57:36.131  3076  3076 I cast_shell: [3079:3079:INFO:application_manager_impl.cc(1417)] Starting background app: CC1AD845 (Default Media Receiver), session_id=7a58e92c-9560-451a-8c28-2f94ed8736e1
04-09 15:57:36.132  3076  3076 I cast_shell: [3079:3129:INFO:v2_transport.cc(458)] Added Cast V2 endpoint: id=7a58e92c-9560-451a-8c28-2f94ed8736e1, socket_factory_id=[PII](f0adfe62-fc52-c53a-5402-2597301ee543)
04-09 15:57:36.133  3076  3076 I cast_shell: [3079:3079:INFO:cast_media_blocker.cc(43)] UpdatePlayingState media_loading_blocked=1 media_starting_blocked=0 suspended=1 controllable=0 paused_by_user=1
04-09 15:57:36.133  3076  3076 I cast_shell: [3079:3079:INFO:application_message_handler.cc(1747)] Scheduling IpcTimerCheck
04-09 15:57:36.134  3076  3076 I cast_shell: [3079:3128:INFO:mdns_util.cc(102)] Defaulting mDNS capabilities for audio-only build
04-09 15:57:36.134  3076  3076 I cast_shell: [3079:3079:INFO:application_manager_impl.cc(1565)] App starting: CC1AD845 (Default Media Receiver), session_id=7a58e92c-9560-451a-8c28-2f94ed8736e1
04-09 15:57:36.136  3076  3076 I cast_shell: [3079:3079:INFO:application_identification_settings.cc(410)] new ApplicationIdentificationSettings session_id: 7a58e92c-9560-451a-8c28-2f94ed8736e1 app_id: CC1AD845 flags: 0 headers: 0
04-09 15:57:36.140  3076  3076 I cast_shell: [3079:3079:INFO:cast_media_blocker.cc(81)] MediaSessionInfoChanged media_loading_blocked=1 media_starting_blocked=0 is_suspended=1 is_controllable=0 paused_by_user=1
04-09 15:57:36.140  3076  3076 I cast_shell: [3079:3079:INFO:mdns_util.cc(102)] Defaulting mDNS capabilities for audio-only build
04-09 15:57:36.141  3076  3076 I cast_shell: [3079:3079:INFO:mdns_util.cc(102)] Defaulting mDNS capabilities for audio-only build
04-09 15:57:36.156  3076  3076 I cast_shell: [3079:3079:INFO:web_application.cc(817)] [7a58e92c] Supported bitstream audio codecs info: [codecs]None[spatial_rendering]None
04-09 15:57:36.156  3076  3076 I cast_shell: [3079:3079:INFO:cast_web_contents_impl.cc(242)] Load url: https://www.gstatic.com/cast/sdk/default_receiver/dogfood/app.html?skin=https://www.gstatic.com/eureka/player/0000/skins/cast/skin.css
04-09 15:57:36.158  3076  3076 I cast_shell: [3079:3079:INFO:cast_content_browser_client_internal.cc(975)] Disabling images support for application: CC1AD845
04-09 15:57:36.172  3076  3076 I cast_shell: [3079:3079:INFO:web_application.cc(991)] [7a58e92c] Page state changed: app=CC1AD845 page_state=LOADING
04-09 15:57:36.182  3076  3076 I cast_shell: [3079:3079:INFO:cast_renderer_oom_adj_manager.cc(82)] Registering renderer 3458
04-09 15:57:36.183  3076  3076 I cast_shell: [3079:3089:INFO:cast_renderer_oom_adj_manager.cc(90)] Adjusting OOM score for renderer(3458) to 400
04-09 15:57:36.183  3076  3076 I cast_shell: [3079:3089:WARNING:cast_renderer_oom_adj_manager.cc(92)] OOM score adjustment failed for renderer(3458)
04-09 15:57:36.183  3076  3076 I cast_shell: [3079:3079:INFO:web_application.cc(585)] [7a58e92c] Updating app visibility to hidden for background mode.
04-09 15:57:36.183  3076  3076 I cast_shell: [3079:3079:INFO:application_manager_impl.cc(1579)] App pending: CC1AD845 (Default Media Receiver), session_id=7a58e92c-9560-451a-8c28-2f94ed8736e1
04-09 15:57:36.184  3076  3076 I cast_shell: [3079:3128:INFO:mdns_util.cc(102)] Defaulting mDNS capabilities for audio-only build
04-09 15:57:36.189  3076  3076 I cast_shell: [3458:3458:INFO:media_playback_options.cc(70)] Render frame actions are blocked.
04-09 15:57:36.223  3076  3076 I cast_shell: [3458:3458:INFO:media_playback_options.cc(70)] Render frame actions are blocked.
04-09 15:57:36.223  3076  3076 I cast_shell: [3458:3458:INFO:media_caps.cc(24)] ScreenResolutionChanged resolution=0x0
04-09 15:57:36.224  3076  3076 I cast_shell: [3458:3458:INFO:media_caps.cc(54)] ScreenInfoChanged HDCP version=0 Supported EOTFs=0 DolbyVision flags=0 Screen size(mm): 0x0 cur mode HDR=0 cur mode DV=0
04-09 15:57:36.262  3076  3076 I cast_shell: [3079:3129:INFO:v2_ssl_socket.cc(358)] Stop reading on pending closed socket
04-09 15:57:36.262  3076  3076 I cast_shell: [3079:3118:INFO:setup_namespace_handler.cc(104)] Removed a peer for setup namespace: f0adfe62-fc52-c53a-5402-2597301ee543.2:gms_cast_prober-1
04-09 15:57:36.928  3076  3076 I cast_shell: [3458:3458:INFO:cast_content_client.cc(103)] Active URL: https://www.gstatic.com/cast/sdk/default_receiver/dogfood/app.html?skin=https://www.gstatic.com/eureka/player/0000/skins/cast/skin.css&google_cast_bg=true for origin 'null'
04-09 15:57:36.939  3076  3076 I cast_shell: [3079:3079:INFO:cast_content_client.cc(103)] Active URL: https://www.gstatic.com/cast/sdk/default_receiver/dogfood/app.html?skin=https://www.gstatic.com/eureka/player/0000/skins/cast/skin.css&google_cast_bg=true for origin 'null [internally: (93AB1BE433ED1DFAAC4C15B4C4FC0DE1) anonymous]'
04-09 15:57:36.944  3076  3076 I cast_shell: [3079:3089:INFO:process_memory_recorder_utils.cc(43)] CC1AD845 using 39100kB memory
04-09 15:57:36.970  3076  3076 I cast_shell: [3458:3458:INFO:feature_manager.cc(174)] Enabling bindings: 
04-09 15:57:36.993  3076  3076 I cast_shell: [3458:3458:INFO:feature_manager.cc(174)] Enabling bindings: 
04-09 15:57:37.843  3076  3076 I cast_shell: [3079:3079:INFO:CONSOLE(116)] Cast App (CC1AD845): " [  0.002s] [cast.receiver.IpcChannel] Opening platform websocket ", source: https://www.gstatic.com/cast/sdk/libs/caf_receiver/v3/cast_receiver_framework.js (116)
04-09 15:57:37.854  3076  3076 I cast_shell: [3458:3458:INFO:media_source_impl.cc(363)] isTypeSupported("video/mp4;codecs=hev1.2.4.L153.B0") -> false (not supported by HTMLMediaElement)
04-09 15:57:37.856  3076  3076 I cast_shell: [3458:3458:INFO:media_source_impl.cc(363)] isTypeSupported("video/mp4;codecs=dvhe.04.06") -> false (not supported by HTMLMediaElement)
04-09 15:57:37.856  3076  3076 I cast_shell: [3079:3079:INFO:CONSOLE(1162)] Cast App (CC1AD845): "canDisplayType(video/mp4; codecs=hev1.2.4.L153.B0; eotf=smpte2084): Codec not supported.", source:  (1162)
04-09 15:57:37.857  3076  3076 I cast_shell: [3079:3079:INFO:CONSOLE(1162)] Cast App (CC1AD845): "canDisplayType(video/mp4; codecs=dvhe.04.06): Codec not supported.", source:  (1162)
04-09 15:57:37.857  3076  3076 I cast_shell: [3458:3458:INFO:media_source_impl.cc(363)] isTypeSupported("audio/mp4;codecs=ec-3") -> false (not supported by HTMLMediaElement)
04-09 15:57:37.858  3076  3076 I cast_shell: [3079:3079:INFO:CONSOLE(1162)] Cast App (CC1AD845): "canDisplayType(audio/mp4; codecs=ec-3; spatialRendering=true): Codec not supported.", source:  (1162)
04-09 15:57:37.868  3076  3076 I cast_shell: [3458:0xb042bec8]     1713 ms: Scavenge 1.8 (1.9) -> 1.6 (2.4) MB, 4.9 / 0.1 ms  (average mu = 1.000, current mu = 1.000) allocation failure 
04-09 15:57:37.875  3076  3076 I cast_shell: [3079:3079:INFO:CONSOLE(739)] Cast App (CC1AD845): "Lit is in dev mode. Not recommended for production! See https://lit.dev/msg/dev-mode for more information.", source: https://www.gstatic.com/cast/sdk/libs/caf_receiver/v3/cast_receiver_framework.js (739)
04-09 15:57:37.882  3076  3076 I cast_shell: [3079:3079:INFO:CONSOLE(36)] Cast App (CC1AD845): "Unknown queryable value: log-level-cast-receiver", source:  (36)
04-09 15:57:37.996  3076  3076 I cast_shell: [3079:3079:INFO:CONSOLE(836)] Cast App (CC1AD845): "CAST SDK CAF Version: 3.0.0103", source: https://www.gstatic.com/cast/sdk/libs/caf_receiver/v3/cast_receiver_framework.js (836)
04-09 15:57:38.016  3076  3076 I cast_shell: [3458:0xb042bec8]     1862 ms: Scavenge 2.3 (2.9) -> 2.1 (3.1) MB, 6.1 / 0.0 ms  (average mu = 1.000, current mu = 1.000) allocation failure 
04-09 15:57:38.040  3076  3076 I cast_shell: [3458:3458:INFO:html_media_element.cc(538)] HTMLMediaElement(0x422e2f30)
04-09 15:57:38.095  3076  3076 I cast_shell: [3458:3458:INFO:identification_settings_manager.cc(68)] CSS URL detected and replaced with empty text URI.
04-09 15:57:38.095  3076  3076 I cast_shell: [3458:3458:INFO:identification_settings_manager.cc(169)] WillStartResourceRequest: replacement URL found
04-09 15:57:38.211  2957  3472 E wac-main: WAC timeout cb
04-09 15:57:38.211  2957  3472 E wac-main: send wac api : a5a1
04-09 15:57:38.211  2957  2967 E wac-main: API event
04-09 15:57:38.211  2957  2967 E wac-main: msg : a5a1
04-09 15:57:38.211  2957  2967 E wac-main: msg : a5a1
04-09 15:57:38.211  2957  2967 E wac-main: Enter poll and wait
04-09 15:57:38.211  2957  3473 E wac-main: enter WACStartStopThread
04-09 15:57:38.211  2957  3473 E wac-main: WACStartStopThread() event -> 'wacstop' is WACServer? UP -> 'Yes' 
04-09 15:57:38.211  2957  3473 E WACSERVER: WACServerStop wait
04-09 15:57:38.211  2957  3041 E WACBONJOUR: RemoveWACBonjourService
04-09 15:57:38.213  2957  3041 I wifiapi : newconn : 0xf5002510
04-09 15:57:38.237  2711  2723 I yani_kernel: yani_geteventfrom_changeaddr() Message-Id '1' Netlink event '16' Interface Index '7' -> Name 'p2p1' 
04-09 15:57:38.238  2731  2745 E CommandListener: Message not handled: unrecognized interface p2p1
04-09 15:57:38.238  2731  2745 W FrameworkListener: Handler 'Iface' error (Success)
04-09 15:57:38.238  2957  2967 D wac-main: Netlink event
04-09 15:57:38.239  2957  2967 E wac-main: Netlink event 16 Interface Index 7 
04-09 15:57:38.239  2957  2967 E wac-main: Enter poll and wait
04-09 15:57:38.259  2957  2967 D wac-main: Netlink event
04-09 15:57:38.259  2957  2967 E wac-main: Netlink event 16 Interface Index 7 
04-09 15:57:38.259  2957  2967 E wac-main: Enter poll and wait
04-09 15:57:38.259  2731  2745 E CommandListener: Message not handled: unrecognized interface p2p1
04-09 15:57:38.259  2711  2723 I yani_kernel: yani_geteventfrom_changeaddr() Message-Id '1' Netlink event '16' Interface Index '7' -> Name 'p2p1' 
04-09 15:57:38.259  2731  2745 W FrameworkListener: Handler 'Iface' error (Success)
04-09 15:57:38.262  2731  2745 E CommandListener: Message not handled: unrecognized interface p2p1
04-09 15:57:38.262  2731  2745 W FrameworkListener: Handler 'Iface' error (Success)
04-09 15:57:38.264  2957  3041 I wifiapi : 'DISABLE' command returned = 0
04-09 15:57:38.272  2957  3041 I wifiapi : stop hostapd
04-09 15:57:38.273  2957  3041 I wifiapi : stop dnsmasq
04-09 15:57:38.276  2957  2967 D wac-main: Netlink event
04-09 15:57:38.276  2957  2967 E wac-main: Netlink event 21 Interface Index 7 
04-09 15:57:38.276  2957  2967 E wac-main: Enter poll and wait
04-09 15:57:38.276  2731  2745 E CommandListener: Message not handled: unrecognized interface p2p1
04-09 15:57:38.276  2731  2745 W FrameworkListener: Handler 'Iface' error (Success)
04-09 15:57:38.277  2711  2723 I yani_kernel: yani_geteventfrom_changeaddr() Message-Id '1' Netlink event '21' Interface Index '7' -> Name 'p2p1' 
04-09 15:57:38.278  2957  3041 E wac-main: WACCallback() message 5 -> 'Stopped'
04-09 15:57:38.279  2712  2712 I lucitransport: writeRemoteMessage() MID = 143 buffer = 5
04-09 15:57:38.279  2712  2712 I luciUART: write() MID = 143  bytes = 11 data = 5 m_fd = 0x5
04-09 15:57:38.279  2712  2712 I lucitransport: writeLocalMessage() MID = 143 buffer = 5
04-09 15:57:38.279  2712  2721 E LUCI_SERVER: Luci Server Thread wait over MID 143....
04-09 15:57:38.280  2957  3041 E wac-main: send wac api : a5a1
04-09 15:57:38.281  2957  2967 E wac-main: API event
04-09 15:57:38.281  2957  2967 E wac-main: msg : a5a1
04-09 15:57:38.281  2957  2967 E wac-main: msg : a5a1
04-09 15:57:38.281  2957  2967 E wac-main: Enter poll and wait
04-09 15:57:38.292  3076  3076 I cast_shell: [3079:3079:ERROR:cast_web_contents_impl.cc(828)] Resource "https://www.gstatic.com/cast/sdk/libs/mediaplayer/1.0.0/media_player.js" failed to load with net_error=-21, description=ERR_NETWORK_CHANGED
04-09 15:57:38.292  3076  3076 I cast_shell: [3079:3079:INFO:CONSOLE(116)] Cast App (CC1AD845): " [  0.455s] [cast.framework.common.libraryloader] library(//www.gstatic.com/cast/sdk/libs/mediaplayer/1.0.0/media_player.js) cannot be loaded ", source: https://www.gstatic.com/cast/sdk/libs/caf_receiver/v3/cast_receiver_framework.js (116)
04-09 15:57:38.292  3076  3076 I cast_shell: [3079:3079:INFO:CONSOLE(362)] Cast App (CC1AD845): "Uncaught (in promise) undefined", source: https://www.gstatic.com/cast/sdk/libs/caf_receiver/v3/cast_receiver_framework.js (362)
04-09 15:57:38.302  3076  3076 I cast_shell: [3079:3079:ERROR:cast_web_contents_impl.cc(828)] Resource "https://ajax.googleapis.com/ajax/libs/shaka-player/3.2.2/shaka-player.compiled.js" failed to load with net_error=-21, description=ERR_NETWORK_CHANGED
04-09 15:57:38.305  3076  3076 I cast_shell: [3079:3079:INFO:CONSOLE(116)] Cast App (CC1AD845): " [  0.469s] [cast.framework.common.libraryloader] library(//ajax.googleapis.com/ajax/libs/shaka-player/3.2.2/shaka-player.compiled.js) cannot be loaded ", source: https://www.gstatic.com/cast/sdk/libs/caf_receiver/v3/cast_receiver_framework.js (116)
04-09 15:57:38.320  3076  3076 I cast_shell: [3079:3079:INFO:cast_web_contents_impl.cc(712)] Finished loading page after 1402 ms, url=https://www.gstatic.com/cast/sdk/default_receiver/dogfood/app.html?skin=https://www.gstatic.com/eureka/player/0000/skins/cast/skin.css&google_cast_bg=true
04-09 15:57:38.320  3076  3076 I cast_shell: [3079:3079:INFO:web_application.cc(991)] [7a58e92c] Page state changed: app=CC1AD845 page_state=LOADED
04-09 15:57:38.322  3076  3076 I cast_shell: [3079:3079:INFO:CONSOLE(0)] Cast App (CC1AD845): "Uncaught (in promise) undefined", source: https://www.gstatic.com/cast/sdk/default_receiver/dogfood/app.html?skin=https://www.gstatic.com/eureka/player/0000/skins/cast/skin.css&google_cast_bg=true (0)
04-09 15:57:38.328  3076  3076 I cast_shell: [3079:3079:INFO:application_message_handler.cc(704)] Cast V2 IPC connected: app_id=CC1AD845
04-09 15:57:38.328  3076  3076 I cast_shell: [3079:3079:INFO:application_message_handler.cc(868)] Received READY message from app
04-09 15:57:38.329  3076  3076 I cast_shell: [3079:3079:INFO:application_message_handler.cc(881)] SDK capabilities: {
04-09 15:57:38.329  3076  3076 I cast_shell:    "group_capabilities_supported": true,
04-09 15:57:38.329  3076  3076 I cast_shell:    "playback_device_status_supported": true,
04-09 15:57:38.329  3076  3076 I cast_shell:    "show_media_controls_supported": true
04-09 15:57:38.329  3076  3076 I cast_shell: }
04-09 15:57:38.329  3076  3076 I cast_shell: 
04-09 15:57:40.289  3076  3076 I cast_shell: [3079:3087:INFO:parent_tracker.cc(237)] Network changed
04-09 15:57:40.290  3076  3076 I cast_shell: [3079:3087:INFO:parent_tracker.cc(132)] No need to recreate socket
04-09 15:57:40.290  3076  3076 I cast_shell: [3079:3087:INFO:parent_tracker.cc(237)] Network changed
04-09 15:57:40.290  3076  3076 I cast_shell: [3079:3087:INFO:parent_tracker.cc(132)] No need to recreate socket
04-09 15:57:40.290  3076  3076 I cast_shell: [3079:3085:INFO:net_util_impl.cc(582)] IP address: [PII](192.168.1.1) MAC address: [PII](C8:B3:73:44:AE:ED)
04-09 15:57:40.290  3076  3076 I cast_shell: [3079:3089:INFO:net_util_impl.cc(582)] IP address: [PII](192.168.1.1) MAC address: [PII](C8:B3:73:44:AE:ED)
04-09 15:57:40.291  3076  3076 I cast_shell: [3079:3079:INFO:gcm_manager.cc(238)] GCM connection lost.
04-09 15:57:41.022  3076  3076 I cast_shell: [3079:3087:INFO:heartbeat_manager.cc(272)] Set HBInterval default: 1680000
04-09 15:57:41.023  3076  3076 I cast_shell: [3079:3079:INFO:gcm_manager.cc(233)] GCM connection established.
04-09 15:57:43.326  3076  3076 I cast_shell: [3079:3079:ERROR:ccs_transport_https.cc(1775)] Received response code 409 for message_id = a0aa094e-bd7d-4852-aa71-fe3b0bc50df5 - 
04-09 15:57:43.326  3076  3076 I cast_shell: [3079:3079:INFO:metrics_recorder.cc(282)] cast event: Cloud.Transport.Https.Register.Out.Error
04-09 15:57:43.326  3076  3076 I cast_shell: [3079:3079:INFO:ccs_manager_impl.cc(2529)] Scheduling next register for device in time: 58.374 s
04-09 15:57:44.834  3076  3076 I cast_shell: [3079:3079:INFO:metrics_recorder.cc(282)] cast event: Cloud.Transport.Https.Register.Out.Success
04-09 15:57:44.835  3076  3076 I cast_shell: [3079:3079:WARNING:ccs_transport_util.cc(409)] Auth info absent from the config reply from CCS.
04-09 15:57:44.835  3076  3076 I cast_shell: [3079:3079:WARNING:ccs_transport_util.cc(313)] Missing SensingSettings in the CCS config.
04-09 15:57:44.835  3076  3076 I cast_shell: [3079:3079:INFO:metrics_recorder.cc(282)] cast event: Cloud.Transport.Https.Config.In
04-09 15:57:44.835  3076  3076 I cast_shell: [3079:3079:INFO:ccs_manager_impl.cc(1150)] Handling CONFIG message from CCS.
04-09 15:57:44.835  3076  3076 I cast_shell: [3079:3079:INFO:ccs_manager_impl.cc(1151)] [PII] device_id=DA68339AEF10D0E59DDC5FF61B5A2D8A
04-09 15:57:44.835  3076  3076 I cast_shell: [3079:3079:INFO:metrics_recorder.cc(282)] Record action: Cloud.Transport.Https.LinkedStatus.NotLinked
04-09 15:57:44.835  3076  3076 I cast_shell: [3079:3079:INFO:structure_info_from_home_graph.cc(53)] received config from home graph. Will use it: 1
04-09 15:57:44.835  3076  3076 I cast_shell: [3079:3079:INFO:structure_info_from_home_graph.cc(59)] Num devices in the structure: 0
04-09 15:57:44.835  3076  3076 I cast_shell: [3079:3079:INFO:ccs_heartbeat_listener.cc(56)] Setting heartbeat interval from CCS: 120000ms
04-09 15:57:44.836  3076  3076 I cast_shell: [3079:3087:INFO:heartbeat_manager.cc(306)] Set client HB: 120000
04-09 15:57:44.841  3076  3076 I cast_shell: [3079:3079:INFO:user_auth_impl.cc(267)] linked status: NOT_LINKED
04-09 15:57:44.842  3076  3076 I cast_shell: [3079:3079:INFO:robot_account_auth_manager.cc(320)] V1 AuthManager received a UpdateAuthToken request
04-09 15:57:44.842  3076  3076 I cast_shell: [3079:3079:INFO:ccs_transport_https.cc(1352)] No cloud settings in response
04-09 15:57:44.842  3076  3076 I cast_shell: [3079:3079:INFO:gcm_manager.cc(238)] GCM connection lost.
04-09 15:57:46.147  3076  3076 I cast_shell: [3458:0xb042bec8]     9992 ms: Mark-sweep (reduce) 2.2 (3.1) -> 1.6 (2.6) MB, 12.2 / 0.3 ms  (+ 28.3 ms in 7 steps since start of marking, biggest step 13.3 ms, walltime since start of marking 44 ms) (average mu = 1.000, current mu = 1.000) finalize incremental marking via task GC in old space requested
04-09 15:57:46.773  3076  3076 I cast_shell: [3458:0xb042bec8]    10619 ms: Mark-sweep (reduce) 1.6 (2.6) -> 1.6 (2.6) MB, 4.3 / 0.2 ms  (+ 19.0 ms in 9 steps since start of marking, biggest step 12.3 ms, walltime since start of marking 26 ms) (average mu = 0.965, current mu = 0.965) finalize incremental marking via task GC in old space requested
04-09 15:57:47.839  3076  3076 I cast_shell: [3079:3079:INFO:robot_account_auth_manager.cc(384)] Sending oauth request for client_id: 2
04-09 15:57:47.839  3076  3076 I cast_shell: [3079:3079:INFO:metrics_recorder.cc(282)] cast event: Cast.Assistant.Auth.FetchToken
04-09 15:57:47.840  3076  3076 I cast_shell: [3079:3089:INFO:chromium_http_connection.cc(436)] Creating a new chromium http url loader factory
04-09 15:57:48.431  3076  3076 I cast_shell: [3079:3079:INFO:robot_account_auth_manager.cc(525)] Got CAS response: 200
04-09 15:57:48.431  3076  3076 I cast_shell: [3079:3079:INFO:metrics_recorder.cc(282)] cast event: Cast.Assistant.AuthError.NOT_LINKED
04-09 15:57:48.431  3076  3076 I cast_shell: [3079:3079:INFO:robot_account_auth_manager.cc(776)] Current error: NOT_LINKED, new error: NOT_LINKED
04-09 15:57:49.900  3076  3076 I cast_shell: [3079:3128:INFO:mdns_app_filter.cc(2645)] MdnsAppFilter: responses sent in 173 seconds: 1
04-09 15:57:49.968  3076  3076 I cast_shell: [3079:3129:INFO:metrics_recorder.cc(282)] Cast v2 action(socket_id=f0adfe62-fc52-c53a-5402-2597301ee543.3): CastV2.Connection.Connect.In
04-09 15:57:49.974  3076  3076 I cast_shell: [3079:3118:INFO:setup_namespace_handler.cc(94)] Added a peer for setup namespace: f0adfe62-fc52-c53a-5402-2597301ee543.3:gms_cast_prober-1
04-09 15:57:49.975  3076  3076 I cast_shell: [3079:3118:INFO:setup_state.cc(544)] EurekaInfoCalled: wifi_state=10, is_usable_ip_address=1, connected=1, is_initial_setup=0
04-09 15:57:49.982  3076  3076 I cast_shell: [3079:3079:INFO:mdns_util.cc(102)] Defaulting mDNS capabilities for audio-only build
04-09 15:57:49.982  3076  3076 I cast_shell: [3079:3079:INFO:mdns_util.cc(102)] Defaulting mDNS capabilities for audio-only build
