04-09 17:03:32.366  3074  3074 I process_manager: [0409/043332.366264:INFO:package_utils.cc(186)] Run cast_shell: /bin/logwrapper /system/chrome/cast_shell --accept-resource-provider=true --alsa-enable-upsampling=false --app-config-path=/fakeapp.conf --blink-platform-log-channels=Media --cast-control-unix-socket-path=/tmp/cast-control --default-eureka-name-prefix=Google Cast Speaker --disable-dial=true --disable-images-for-app-id=*|1B11061A --enable-background-apps=false --idle-screen=false --js-flags=--trace_gc --netif-for-unique-ids=eth0 --no-daily-reboot=true --ota-directory=/chrome/cache/ --setup-support-guest-mode=0 --skip-gpu-data-loading --update-engine-unix-socket-path=/tmp/socket/updater --accept-resource-provider=true --alsa-enable-upsampling=true --alsa-output-avail-min=256 --alsa-output-buffer-size=4096 --alsa-output-period-size=512 --alsa-output-start-threshold=2048 --default-eureka-name-prefix=LSB --enable-background-apps=true --enable-hi-res-audio-support=true --enable-multizone=true --netif-for-unique-ids=wlan0 --ota-directory=/data/chrome/cache/ --setup-ssid-suffix=d256 --setup-support-guest-mode=0 --wpa-supplicant-unix-socket-path=/dev/socket/wpa_wlan0
04-09 17:03:32.390  3077  3077 I crash_uploader: [0409/043332.389711:INFO:crash_uploader.cc(45)] Starting crash uploader...
04-09 17:03:32.392  3077  3077 I crash_uploader: [0409/043332.392392:ERROR:synchronized_minidump_manager.cc(251)] Lockfile did not parse correctly. 
04-09 17:03:32.398  3076  3076 I update_engine: [0409/043332.397563:INFO:main.cc(149)] Eureka Update Engine starting
04-09 17:03:32.398  3076  3076 I update_engine: [0409/043332.398658:INFO:update_check_scheduler.cc(77)] Next update check in 2700 seconds
04-09 17:03:32.399  3076  3076 I update_engine: [0409/043332.398932:INFO:string_based_ipc_server.cc(75)] Start IPC server: /tmp/socket/updater
04-09 17:03:32.399  3076  3076 I update_engine: [0409/043332.399272:INFO:unix_stream_server_socket.cc(62)] Unix server socket is created: /tmp/socket/updater
04-09 17:03:32.599  3078  3078 I cast_shell: [3081:3081:ERROR:pref_service_helper.cc(79)] Cannot initialize chromecast config: /data/chrome/.eureka.conf, pref_error=6
04-09 17:03:32.602  3078  3078 I cast_shell: [3081:3081:WARNING:discardable_shared_memory_manager.cc(194)] Less than 64MB of free space in temporary directory for shared memory files: 32
04-09 17:03:32.611  3078  3078 I cast_shell: Fontconfig warning: "/etc/fonts/fonts.conf", line 80: unknown element "blank"
04-09 17:03:32.797  3078  3078 I cast_shell: [3081:3081:INFO:cast_system_memory_pressure_evaluator.cc(167)] AdjustMemoryFractions: critical_memory_fraction_=0.25, moderate_memory_fraction_=0.4
04-09 17:03:32.804  3078  3078 I cast_shell: [3081:3081:INFO:cast_window_manager_aura.cc(198)] Starting window manager, bounds: 0,0 1x1
04-09 17:03:32.811  3078  3078 I cast_shell: [3081:3098:ERROR:mixer_connection.cc(91)] Failed to connect to mixer service: -102
04-09 17:03:32.811  3078  3078 I cast_shell: [3081:3081:WARNING:client_auth_manager.cc(94)] Old certificate is empty.
04-09 17:03:32.812  3078  3078 I cast_shell: [3081:3081:INFO:device_info_impl.cc(135)] [PII] Weave device ID: 
04-09 17:03:32.814  3078  3078 I cast_shell: [3081:3081:INFO:device_info_impl.cc(406)] MAC address for wlan0: CC:90:93:21:F3:84
04-09 17:03:32.814  3078  3078 I cast_shell: [3081:3081:INFO:device_info_impl.cc(431)] Device model id: COTODAMA.LS10 Platform.LSB
04-09 17:03:32.814  3078  3078 I cast_shell: [3081:3081:INFO:device_info_impl.cc(466)] Control Notifications: 0
04-09 17:03:32.814  3078  3078 I cast_shell: [3081:3081:ERROR:device_info_impl.cc(145)] Cannot read file: /data/bootid
04-09 17:03:32.814  3078  3078 I cast_shell: [3081:3081:INFO:device_info_impl.cc(482)] SSDP Boot ID: 0
04-09 17:03:32.814  3078  3078 I cast_shell: [3081:3081:INFO:device_info_impl.cc(486)] SSDP Config ID: 1
04-09 17:03:32.814  3078  3078 I cast_shell: [3081:3081:WARNING:secure_storage_impl.cc(85)] Device key not available yet.
04-09 17:03:32.814  3078  3078 I cast_shell: [3081:3081:INFO:cast_power_manager_provider.cc(26)] Creating DummyCastPowerManagerProvider
04-09 17:03:32.814  3078  3078 I cast_shell: [3081:3081:WARNING:auth_provider_impl.cc(72)] No IoT client_id found on the device. If device was FDRed please ignore this warning.
04-09 17:03:32.814  3078  3078 I cast_shell: [3081:3081:INFO:file_provider_impl.cc(67)] Initialized file provider with base dir: /data/chrome/auth
04-09 17:03:32.814  3078  3078 I cast_shell: [3081:3081:INFO:cast_power_manager_provider.cc(26)] Creating DummyCastPowerManagerProvider
04-09 17:03:32.814  3078  3078 I cast_shell: [3081:3081:INFO:hds_broker_impl.cc(121)] HDS type registered type.googleapis.com/home.hds.proto.device.config.RefreshConfigRequest
04-09 17:03:32.814  3078  3078 I cast_shell: [3081:3081:INFO:preload_initiator_mdns.cc(92)] Preload type: mdns
04-09 17:03:32.814  3078  3078 I cast_shell: [3081:3081:WARNING:hds_settings.cc(104)] HDS URL has not been set through command line.
04-09 17:03:32.816  3078  3078 I cast_shell: [3081:3081:WARNING:volume_map.cc(55)] No cast audio config found; using default volume map.
04-09 17:03:32.816  3078  3078 I cast_shell: [3081:3081:INFO:saved_volumes.cc(63)] No saved volumes found
04-09 17:03:32.816  3078  3078 I cast_shell: [3081:3081:INFO:saved_volumes.cc(70)] Invalid JSON from /etc/cast_audio.json
04-09 17:03:32.816  3078  3078 I cast_shell: [3081:3102:INFO:stream_mixer.cc(194)] StreamMixer
04-09 17:03:32.817  3078  3078 I cast_shell: [3081:3102:INFO:stream_mixer.cc(222)] Mixer health checker started
04-09 17:03:32.817  3078  3078 I cast_shell: [3081:3103:INFO:stream_mixer.cc(121)] Actual priority = 99, policy = 1
04-09 17:03:32.817  3078  3078 I cast_shell: [3081:3102:WARNING:post_processing_pipeline_parser.cc(65)] No post-processing config found at /etc/cast_audio.json.
04-09 17:03:32.823  3078  3078 I cast_shell: [3081:3102:INFO:alsa_volume_control.cc(219)] Volume device = default, element = Master
04-09 17:03:32.823  3078  3078 I cast_shell: [3081:3102:INFO:alsa_volume_control.cc(221)] Mute device = default, element = Master
04-09 17:03:32.823  3078  3078 I cast_shell: [3081:3102:INFO:alsa_volume_control.cc(234)] Idle device = default, elements = []
04-09 17:03:32.823  3078  3078 I cast_shell: [3081:3102:INFO:alsa_volume_control.cc(43)] Opening mixer element "Master" on device "default"
04-09 17:03:32.826  3078  3078 I cast_shell: [3081:3081:INFO:multizone_manager.cc(330)] Multizone features are enabled
04-09 17:03:32.827  3078  3078 I cast_shell: [3081:3081:INFO:cast_power_manager_provider.cc(26)] Creating DummyCastPowerManagerProvider
04-09 17:03:32.827  3078  3078 I cast_shell: [3081:3081:INFO:update_engine_client_with_ipc.cc(343)] Using IPC UpdateEngineClient
04-09 17:03:32.828  3081  3081 E         : Create
04-09 17:03:32.828  3081  3081 E         : OOBE IsSupported
04-09 17:03:32.830  3078  3078 I cast_shell: [3081:3089:INFO:parent_tracker.cc(90)] [PII](A0E15A7B682857592FB3ADAE6E95DDD7) has hash 4268379633, root wait is 0.061904 s
04-09 17:03:32.830  3078  3078 I cast_shell: [3081:3089:INFO:parent_tracker.cc(120)] Can't use IPv4
04-09 17:03:32.830  3078  3078 I cast_shell: [3081:3089:INFO:parent_tracker.cc(124)] Can't use IPv6
04-09 17:03:32.830  3078  3078 I cast_shell: [3081:3089:ERROR:parent_tracker.cc(125)] No valid interface for multicast
04-09 17:03:32.830  3078  3078 I cast_shell: [3081:3089:INFO:directory_service_impl.cc(168)] Boot count is now 1
04-09 17:03:32.830  3078  3078 I cast_shell: [3081:3089:ERROR:socket_posix.cc(148)] bind() failed: Address already in use (98)
04-09 17:03:32.830  3078  3078 I cast_shell: [3081:3089:ERROR:tcp_listener.cc(64)] Listen failed: net::ERR_ADDRESS_IN_USE : 0.0.0.0:10101
04-09 17:03:32.830  3078  3078 I cast_shell: [3081:3089:ERROR:directory_service_impl.cc(213)] TCP listener error: -1
04-09 17:03:32.830  3078  3078 I cast_shell: [3081:3081:INFO:chromecast_service_client_default.cc(75)] System updater is supported, and this is first setup.
04-09 17:03:32.830  3078  3078 I cast_shell: [3081:3081:INFO:managed_mode_service.cc(345)] Starting in managed mode: 0
04-09 17:03:32.831  3078  3078 I cast_shell: [3081:3081:INFO:platform_client_auth_creds.cc(114)] Loaded client certificate. Key len = 2048 bits. Chain len = 2 (source FROM_CERT).
04-09 17:03:32.833  3078  3078 I cast_shell: [3081:3081:INFO:grpc_manager_impl.cc(245)] Registered service chromecast.LocalCloudcastService
04-09 17:03:32.833  3078  3078 I cast_shell: [3081:3081:INFO:grpc_manager_impl.cc(262)] Registered a handler ExecuteActionScript for service chromecast.LocalCloudcastService
04-09 17:03:32.833  3078  3078 I cast_shell: [3081:3081:INFO:grpc_manager_impl.cc(262)] Registered a handler ObserveDeviceStatus for service chromecast.LocalCloudcastService
04-09 17:03:32.834  3078  3078 I cast_shell: [3081:3081:INFO:grpc_manager_impl.cc(262)] Registered a handler GetDeviceStatus for service chromecast.LocalCloudcastService
04-09 17:03:32.834  3078  3078 I cast_shell: [3081:3081:INFO:grpc_manager_impl.cc(505)] GRPC[uri=[::]:0]: num_pending_calls=0, num_active_handlers=0, num_free_handlers=0
04-09 17:03:32.835  3078  3078 I cast_shell: [3081:3081:INFO:cast_power_manager_provider.cc(26)] Creating DummyCastPowerManagerProvider
04-09 17:03:32.835  3078  3078 I cast_shell: [3081:3081:INFO:cast_power_manager_provider.cc(26)] Creating DummyCastPowerManagerProvider
04-09 17:03:32.835  3078  3078 I cast_shell: [3081:3081:INFO:gcm_manager.cc(140)] GCM Dir = /data/chrome/gcm
04-09 17:03:32.836  3078  3078 I cast_shell: [3081:3081:INFO:gcm_manager.cc(258)] Enabling GCM Driver
04-09 17:03:32.836  3078  3078 I cast_shell: [3081:3081:INFO:grpc_manager_impl.cc(505)] GRPC[uri=]: num_pending_calls=0, num_active_handlers=0, num_free_handlers=0
04-09 17:03:32.837  3078  3078 I cast_shell: [3081:3081:INFO:lycra_gcm.cc(117)] Deferring GCM registration until connectivity is up.
04-09 17:03:32.891  3078  3078 I cast_shell: [3081:3089:INFO:parent_tracker.cc(291)] [PII](A0E15A7B682857592FB3ADAE6E95DDD7) Become root
04-09 17:03:32.891  3078  3078 I cast_shell: [3081:3089:INFO:directory_service_impl.cc(200)] This device became root
04-09 17:03:32.920  3078  3078 I cast_shell: [3081:3081:WARNING:cloud_settings_manager.cc(513)] Cannot initialize device settings config: /data/chrome/cloud_settings/cloud_settings.prefs, pref_error=6
04-09 17:03:32.921  3078  3078 I cast_shell: [3081:3081:INFO:cloud_settings_manager.cc(195)] Cloud settings is disabled.
04-09 17:03:32.921  3078  3078 I cast_shell: [3081:3081:INFO:pref_metrics_manager.cc(66)] PrefMetricsManager started.
04-09 17:03:32.921  3078  3078 I cast_shell: [3081:3081:INFO:pref_control_service_impl.cc(142)] Loading prefs from /data/chrome/pref_control/pref_control.prefs
04-09 17:03:32.922  3078  3078 I cast_shell: [3081:3081:INFO:pref_control_service_impl.cc(602)] Registering pref Pref [Name:motion_sensing_pref,RestoreValue:1,ForceEnableParent:1,Value:1,Optin:1]
04-09 17:03:32.922  3078  3078 I cast_shell: [3081:3081:INFO:pref_control_service_impl.cc(602)] Registering pref Pref [Name:sleep_sensing_pref,RestoreValue:0,ForceEnableParent:1,Value:1,Optin:0]
04-09 17:03:32.922  3078  3078 I cast_shell: [3081:3081:INFO:pref_control_service_impl.cc(602)] Registering pref Pref [Name:sleep_disturbance_pref,RestoreValue:1,ForceEnableParent:0,Value:1,Optin:0]
04-09 17:03:32.922  3078  3078 I cast_shell: [3081:3081:INFO:pref_control_service_impl.cc(602)] Registering pref Pref [Name:sleep_coaching_pref,RestoreValue:1,ForceEnableParent:0,Value:1,Optin:0]
04-09 17:03:32.922  3078  3078 I cast_shell: [3081:3081:INFO:pref_control_service_impl.cc(602)] Registering pref Pref [Name:gesture_sensing_pref,RestoreValue:0,ForceEnableParent:1,Value:1,Optin:0]
04-09 17:03:32.922  3078  3078 I cast_shell: [3081:3081:INFO:pref_control_service_impl.cc(602)] Registering pref Pref [Name:play_and_pause_gesture_pref,RestoreValue:1,ForceEnableParent:0,Value:1,Optin:0]
04-09 17:03:32.922  3078  3078 I cast_shell: [3081:3081:INFO:pref_control_service_impl.cc(602)] Registering pref Pref [Name:snooze_alarm_gesture_pref,RestoreValue:1,ForceEnableParent:0,Value:1,Optin:0]
04-09 17:03:32.922  3078  3078 I cast_shell: [3081:3081:INFO:pref_control_service_impl.cc(602)] Registering pref Pref [Name:stop_timers_gesture_pref,RestoreValue:1,ForceEnableParent:0,Value:1,Optin:0]
04-09 17:03:32.922  3078  3078 I cast_shell: [3081:3081:INFO:pref_metrics_manager.cc(94)] Adding motion_sensing_pref to PrefMetricsManager.
04-09 17:03:32.924  3078  3078 I cast_shell: [3081:3081:INFO:grpc_manager_impl.cc(245)] Registered service usonia.ipc.Auth
04-09 17:03:32.924  3078  3078 I cast_shell: [3081:3081:INFO:grpc_manager_impl.cc(262)] Registered a handler Sign for service usonia.ipc.Auth
04-09 17:03:32.924  3078  3078 I cast_shell: [3081:3081:INFO:grpc_manager_impl.cc(262)] Registered a handler Verify for service usonia.ipc.Auth
04-09 17:03:32.925  3078  3078 I cast_shell: [3081:3081:INFO:grpc_manager_impl.cc(262)] Registered a handler AuthReady for service usonia.ipc.Auth
04-09 17:03:32.925  3078  3078 I cast_shell: [3081:3081:INFO:grpc_manager_impl.cc(245)] Registered service usonia.ipc.DistributedServiceDiscovery
04-09 17:03:32.925  3078  3078 I cast_shell: [3081:3081:INFO:grpc_manager_impl.cc(262)] Registered a handler UpdateServiceObservers for service usonia.ipc.DistributedServiceDiscovery
04-09 17:03:32.925  3078  3078 I cast_shell: [3081:3081:INFO:grpc_manager_impl.cc(262)] Registered a handler FetchAllPeerAddressList for service usonia.ipc.DistributedServiceDiscovery
04-09 17:03:32.925  3078  3078 I cast_shell: [3081:3081:INFO:grpc_manager_impl.cc(262)] Registered a handler ResolvePeerAddress for service usonia.ipc.DistributedServiceDiscovery
04-09 17:03:32.926  3078  3078 I cast_shell: [3081:3081:INFO:grpc_manager_impl.cc(262)] Registered a handler AddService for service usonia.ipc.DistributedServiceDiscovery
04-09 17:03:32.926  3078  3078 I cast_shell: [3081:3081:INFO:grpc_manager_impl.cc(262)] Registered a handler IsServiceAllowed for service usonia.ipc.DistributedServiceDiscovery
04-09 17:03:32.926  3078  3078 I cast_shell: [3081:3081:INFO:grpc_manager_impl.cc(245)] Registered service usonia.ipc.LeaderElector
04-09 17:03:32.926  3078  3078 I cast_shell: [3081:3081:INFO:grpc_manager_impl.cc(262)] Registered a handler LeaderElection for service usonia.ipc.LeaderElector
04-09 17:03:32.926  3078  3078 I cast_shell: [3081:3081:INFO:grpc_manager_impl.cc(245)] Registered service usonia.ipc.TimeSynchronizer
04-09 17:03:32.926  3078  3078 I cast_shell: [3081:3081:INFO:grpc_manager_impl.cc(262)] Registered a handler ObserveCommonTime for service usonia.ipc.TimeSynchronizer
04-09 17:03:32.927  3078  3078 I cast_shell: [3081:3117:INFO:common_time.cc(128)] New common clock leader A0E15A7B682857592FB3ADAE6E95DDD7, is_this_device = 1, IP = [::1]:10006, quality = 0
04-09 17:03:32.927  3078  3078 I cast_shell: [3081:3117:INFO:common_time.cc(158)] Set this device as common time source
04-09 17:03:32.928  3078  3078 I cast_shell: [3081:3081:INFO:grpc_manager_impl.cc(317)] Grpc server started in port 1
04-09 17:03:32.928  3078  3078 I cast_shell: [3081:3081:INFO:sensor_pref_manager.cc(84)] SensorPrefManager is disabled.
04-09 17:03:32.929  3078  3078 I cast_shell: [3081:3081:INFO:remote_ducking_receiver.cc(183)] remote ducking: starting receiver.
04-09 17:03:32.930  3078  3078 I cast_shell: [3081:3081:INFO:grpc_manager_impl.cc(505)] GRPC[uri=unix:/tmp/modular_updater/modular_update_service]: num_pending_calls=0, num_active_handlers=0, num_free_handlers=0
04-09 17:03:32.930  3078  3078 I cast_shell: [3081:3081:INFO:cast_power_manager_provider.cc(26)] Creating DummyCastPowerManagerProvider
04-09 17:03:32.936  3078  3078 I cast_shell: [3081:3081:INFO:timezone_settings.cc(288)] Setting system timezone to America/Los_Angeles
04-09 17:03:32.937  3078  3078 I cast_shell: [3081:3081:INFO:daily_reboot_impl.cc(172)] Daily reboot is disabled
04-09 17:03:32.937  3078  3078 I cast_shell: [3081:3081:INFO:api_reboot.cc(321)] active_activities count=1
04-09 17:03:32.938  3078  3078 I cast_shell: [3081:3087:INFO:gamma_utils.cc(31)] Gamma calibration file is not present, use default LUT
04-09 17:03:32.938  3078  3078 I cast_shell: [3081:3081:INFO:cast_power_manager_provider.cc(26)] Creating DummyCastPowerManagerProvider
04-09 17:03:32.938  3078  3078 I chatty  : uid=1000(chrome) /bin/logwrapper identical 1 line
04-09 17:03:32.939  3078  3078 I cast_shell: [3081:3081:INFO:cast_power_manager_provider.cc(26)] Creating DummyCastPowerManagerProvider
04-09 17:03:32.941  3078  3078 I cast_shell: [3081:3087:INFO:tuning_manager.cc(118)] No file found at /etc/cast_audio.json
04-09 17:03:32.941  3078  3078 I cast_shell: [3081:3087:INFO:tuning_manager.cc(130)] No file found at /etc/cast_audio.json
04-09 17:03:32.941  3078  3078 I cast_shell: [3081:3081:INFO:setup_api_registry.cc(192)] Register external API: audio/delete_config
04-09 17:03:32.941  3078  3078 I cast_shell: [3081:3081:INFO:setup_api_registry.cc(192)] Register external API: audio/get_avail_processors
04-09 17:03:32.942  3078  3078 I cast_shell: [3081:3081:INFO:setup_api_registry.cc(192)] Register external API: audio/get_config
04-09 17:03:32.942  3078  3078 I cast_shell: [3081:3081:INFO:setup_api_registry.cc(192)] Register external API: audio/get_default_config
04-09 17:03:32.942  3078  3078 I cast_shell: [3081:3081:INFO:setup_api_registry.cc(192)] Register external API: audio/set_params
04-09 17:03:32.942  3078  3078 I cast_shell: [3081:3081:INFO:setup_api_registry.cc(192)] Register external API: audio/set_config
04-09 17:03:32.942  3078  3078 I cast_shell: [3081:3081:INFO:setup_api_registry.cc(192)] Register external API: user_eq/set_equalizer
04-09 17:03:32.942  3078  3078 I cast_shell: [3081:3081:INFO:capture_service_dummy.cc(11)] Dummy CaptureService.
04-09 17:03:32.946  3078  3078 I cast_shell: [3081:3081:INFO:setup_api_registry.cc(192)] Register external API: auto_media_volume
04-09 17:03:32.946  3078  3078 I cast_shell: [3081:3081:INFO:cast_thread_health_check.cc(53)] Receiver health check timeout: 15 seconds.
04-09 17:03:32.947  3078  3078 I cast_shell: [3081:3081:INFO:file_util.cc(28)] base_assistant_dir = /data/chrome
04-09 17:03:32.947  3078  3078 I cast_shell: [3081:3081:INFO:chromecast_service.cc(2189)] Geolocation changed to: 0
04-09 17:03:32.947  3078  3078 I cast_shell: [3081:3081:INFO:chromecast_service.cc(2229)] AoGH feature is: 0
04-09 17:03:32.948  3078  3078 I cast_shell: [3081:3081:INFO:chromecast_service.cc(2248)] Playback disruption feature is: 0
04-09 17:03:32.952  3078  3078 I cast_shell: [3081:3081:INFO:metrics_recorder.cc(112)] Metrics stat: total=0
04-09 17:03:32.953  3078  3078 I cast_shell: [3081:3105:INFO:media_manager_impl.cc(1043)] New device volume control type: new_type=1, old_type=0
04-09 17:03:32.953  3078  3078 I cast_shell: [3081:3105:INFO:media_manager_impl.cc(1066)] New device volume step interval: new_interval=0.02, old_interval=0
04-09 17:03:32.953  3078  3078 I cast_shell: [3081:3105:ERROR:media_manager_impl.cc(1294)] GetScreenResolution failed.
04-09 17:03:32.953  3078  3078 I cast_shell: [3081:3105:INFO:media_manager_impl.cc(343)] Media manager is initialized.
04-09 17:03:32.953  3078  3078 I cast_shell: [3081:3081:INFO:media_manager_impl.cc(269)] IsHdmiPlatform: 0
04-09 17:03:32.954  3078  3078 I cast_shell: [3081:3081:INFO:hds_settings.cc(136)] HdsSettings using HDS url https://preprod-home-devices.sandbox.google.com/
04-09 17:03:32.956  3078  3078 I cast_shell: [3081:3081:INFO:client_auth_creds.cc(173)] Device cert: 4D8AC5B9056A76852E4F FA:8F:CA:87:13:D1
04-09 17:03:32.956  3078  3078 I cast_shell: [3081:3081:INFO:client_auth_creds.cc(182)] Intermediate cert: LSB
04-09 17:03:32.956  3078  3078 I cast_shell: [3081:3081:INFO:client_auth_creds.cc(182)] Intermediate cert: Amlogic GVA Manufacturer Cert
04-09 17:03:32.957  3078  3078 I cast_shell: [3081:3081:INFO:client_auth_creds.cc(226)] Imported client auth cert.
04-09 17:03:32.957  3078  3078 I cast_shell: [3081:3081:INFO:client_auth_creds.cc(237)] Imported client auth private key
04-09 17:03:32.957  3078  3078 I cast_shell: [3081:3081:INFO:client_auth_signer.cc(155)] Created singleton instance of ClientAuthSigner.
04-09 17:03:32.957  3078  3078 I cast_shell: [3081:3081:INFO:client_auth_manager.cc(119)] Storing the certificate first used by the device.
04-09 17:03:33.024  3078  3078 I cast_shell: [3081:3081:WARNING:application_config_manager_impl.cc(253)] Cannot read application config file: /fakeapp.conf
04-09 17:03:33.024  3078  3078 I cast_shell: [3081:3081:INFO:application_manager_impl.cc(398)] Application manager is initialized.
04-09 17:03:33.025  3078  3078 I cast_shell: [3081:3081:INFO:mdns_cast_service.cc(156)] Device discovery state is idle
04-09 17:03:33.026  3078  3078 I cast_shell: [3081:3081:INFO:mdns_manager_impl.cc(177)] MdnsManager is initialized
04-09 17:03:33.026  3078  3078 I cast_shell: [3081:3130:INFO:mdns_app_filter.cc(573)] MdnsAppFilter initialized
04-09 17:03:33.026  3078  3078 I cast_shell: [3081:3081:INFO:config_downloader.cc(239)] Set config periodic interval: min=300, max=420
04-09 17:03:33.026  3078  3078 I cast_shell: [3081:3081:INFO:crl_downloader.cc(274)] Set CRL periodic interval: min=2160, max=2880
04-09 17:03:33.026  3078  3078 I cast_shell: [3081:3081:INFO:hds_broker_impl.cc(121)] HDS type registered type.googleapis.com/home.hds.proto.device.relayedcasting.RelayedCastingPleaseConnectRequest
04-09 17:03:33.027  3078  3078 I cast_shell: [3081:3130:INFO:discovered_service_client.cc(102)] Registering new service PTR listener: _googlecast._tcp.local
04-09 17:03:33.027  3078  3078 I cast_shell: [3081:3081:INFO:mdns_util.cc(102)] Defaulting mDNS capabilities for audio-only build
04-09 17:03:33.027  3078  3078 I cast_shell: [3081:3081:INFO:virtual_device_manager.cc(138)] Added virtual device: id=[PII](6ab777e2-6437-9030-345a-6a334ace5f09)
04-09 17:03:33.027  3078  3078 I cast_shell: [3081:3081:INFO:ccs_manager_impl.cc(522)] Added CCS device
04-09 17:03:33.027  3078  3078 I cast_shell: [3081:3081:INFO:ccs_manager_impl.cc(523)] [PII] device_id=A0E15A7B682857592FB3ADAE6E95DDD7
04-09 17:03:33.028  3078  3078 I cast_shell: [3081:3081:INFO:ccs_manager_impl.cc(838)] Device model revision set to 0
04-09 17:03:33.028  3078  3078 I cast_shell: [3081:3130:INFO:discovered_service_client.cc(102)] Registering new service PTR listener: _googlerpc._tcp.local
04-09 17:03:33.029  2734  2746 W HotspotManager: hotspot already stopped
04-09 17:03:33.029  3078  3078 I cast_shell: [3081:3131:INFO:v2_transport.cc(458)] Added Cast V2 endpoint: id=Tr@n$p0rt-0, socket_factory_id=[PII](*)
04-09 17:03:33.029  3078  3078 I cast_shell: [3081:3131:INFO:endpoint_with_namespace_handler.cc(103)] Added a namespace handler: local_id=Tr@n$p0rt-0, namespace=urn:x-cast:com.google.cast.tp.connection
04-09 17:03:33.029  3078  3078 I cast_shell: [3081:3131:INFO:endpoint_with_namespace_handler.cc(103)] Added a namespace handler: local_id=Tr@n$p0rt-0, namespace=urn:x-cast:com.google.cast.tp.heartbeat
04-09 17:03:33.029  3078  3078 I cast_shell: [3081:3131:INFO:endpoint_with_namespace_handler.cc(103)] Added a namespace handler: local_id=Tr@n$p0rt-0, namespace=urn:x-cast:com.google.cast.tp.deviceauth
04-09 17:03:33.029  3078  3078 I cast_shell: [3081:3131:INFO:v2_transport.cc(335)] V2Transport initialized.
04-09 17:03:33.029  3078  3078 I cast_shell: [3081:3131:INFO:v2_transport.cc(411)] Added socket factory: id=domain-socket@/tmp/cast-control
04-09 17:03:33.029  3078  3078 I cast_shell: [3081:3131:INFO:v2_transport.cc(411)] Added socket factory: id=opencast-socket
04-09 17:03:33.029  3078  3078 I cast_shell: [3081:3131:INFO:v2_transport.cc(458)] Added Cast V2 endpoint: id=receiver-6ab777e2-6437-9030-345a-6a334ace5f09, socket_factory_id=[PII](6ab777e2-6437-9030-345a-6a334ace5f09)
04-09 17:03:33.029  3078  3078 I cast_shell: [3081:3131:INFO:endpoint_with_namespace_handler.cc(103)] Added a namespace handler: local_id=receiver-6ab777e2-6437-9030-345a-6a334ace5f09, namespace=urn:x-cast:com.google.cast.receiver.debug
04-09 17:03:33.029  3078  3078 I cast_shell: [3081:3131:INFO:endpoint_with_namespace_handler.cc(103)] Added a namespace handler: local_id=receiver-6ab777e2-6437-9030-345a-6a334ace5f09, namespace=urn:x-cast:com.google.cast.resource
04-09 17:03:33.032  3078  3078 I cast_shell: [3081:3120:INFO:net_util_shlib_support.cc(51)] Wifi interface found: wlan0
04-09 17:03:33.032  3078  3078 I cast_shell: [3081:3120:INFO:net_util_shlib_support.cc(51)] Wifi interface found: p2p0
04-09 17:03:33.032  3078  3078 I cast_shell: [3081:3120:INFO:net_util_shlib_support.cc(51)] Wifi interface found: p2p1
04-09 17:03:33.032  3078  3078 I cast_shell: [3081:3120:INFO:net_util_shlib_support.cc(51)] Wifi interface found: wfd0
04-09 17:03:33.032  3078  3078 I cast_shell: [3081:3120:INFO:wifi_controller_wpa_supplicant.cc(456)] Wifi is active: wifi_netif=wlan0
04-09 17:03:33.032  3078  3078 I cast_shell: [3081:3120:INFO:wpa_ctrl_wrapper_impl.cc(64)] wpa_ctrl is open: path=/dev/socket/wpa_wlan0, is_monitor=0
04-09 17:03:33.033  3078  3078 I cast_shell: [3081:3120:INFO:wpa_ctrl_wrapper_impl.cc(64)] wpa_ctrl is open: path=/dev/socket/wpa_wlan0, is_monitor=1
04-09 17:03:33.033  3078  3078 I cast_shell: [3081:3120:INFO:wifi_controller_wpa_supplicant.cc(487)] After initialization: current_wifi_index_=0
04-09 17:03:33.033  3078  3078 I cast_shell: [3081:3081:INFO:setup_manager_impl.cc(610)] release channel: beta-channel
04-09 17:03:33.033  3078  3078 I cast_shell: [3081:3081:INFO:locale_manager.cc(245)] No timezone yet.
04-09 17:03:33.033  3078  3078 I cast_shell: [3081:3081:INFO:locale_manager.cc(274)] Current time format: 12-hour
04-09 17:03:33.035  3078  3078 I cast_shell: [3081:3081:WARNING:cast_crypto_keys_openssl_shlib.cc(95)] Invalid or no DKH value read.
04-09 17:03:33.036  3078  3078 I cast_shell: [3081:3081:WARNING:cast_crypto_keys_openssl_shlib.cc(151)] Invalid or no DKW value read/computed.
04-09 17:03:33.036  3078  3078 I cast_shell: [3081:3133:INFO:multizone_manager.cc(539)] Dynamic groups are enabled
04-09 17:03:33.036  3078  3078 I cast_shell: [3081:3133:INFO:multizone_group.cc(357)] Change name for group [PII](A0E15A7B682857592FB3ADAE6E95DDD7) to [PII](LSB9682)
04-09 17:03:33.036  3078  3078 I cast_shell: [3081:3131:INFO:endpoint_with_namespace_handler.cc(103)] Added a namespace handler: local_id=receiver-6ab777e2-6437-9030-345a-6a334ace5f09, namespace=urn:x-cast:com.google.cast.multizone
04-09 17:03:33.036  3078  3078 I cast_shell: [3081:3130:INFO:discovered_service_client.cc(102)] Registering new service PTR listener: _googlezone._tcp.local
04-09 17:03:33.036  3078  3078 I cast_shell: [3081:3120:INFO:setup_api_registry.cc(192)] Register external API: start_nat
04-09 17:03:33.036  3078  3078 I cast_shell: [3081:3132:INFO:thread_watching_io_shlib.cc(81)] Start thread watching IO: WifiEventMonitor
04-09 17:03:33.036  3078  3078 I cast_shell: [3081:3120:INFO:setup_api_registry.cc(192)] Register external API: supported_timezones
04-09 17:03:33.036  3078  3078 I cast_shell: [3081:3120:INFO:setup_api_registry.cc(192)] Register external API: supported_locales
04-09 17:03:33.040  3078  3078 I cast_shell: [3081:3120:INFO:setup_api_registry.cc(192)] Register external API: test_internet_download_speed
04-09 17:03:33.040  3078  3078 I cast_shell: [3081:3120:INFO:setup_api_registry.cc(192)] Register external API: test_udp_throughput
04-09 17:03:33.040  3078  3078 I cast_shell: [3081:3120:INFO:setup_api_registry.cc(192)] Register external API: debug/trigger_weave_pairing
04-09 17:03:33.040  3078  3078 I cast_shell: [3081:3120:INFO:setup_api_registry.cc(192)] Register external API: get_local_authorization_token
04-09 17:03:33.040  3078  3078 I cast_shell: [3081:3120:INFO:setup_manager_impl.cc(820)] Initially Set WPA3 support: disable
04-09 17:03:33.040  3078  3078 I cast_shell: [3081:3120:INFO:setup_manager_impl.cc(825)] Initially Set WiFi power-save: disable
04-09 17:03:33.042  2712  2712 I wpa_supplicant: wlan0: CTRL-EVENT-REGDOM-CHANGE init=CORE type=WORLD
04-09 17:03:33.045  2713  2725 I yani_server: NetLink Event '-1' Interface-Index '5' WLAN '-1' Ethernet '-1' Parsed-iFill '-1' -> 'INVALID' ifIndex '1' -> 'lo'
04-09 17:03:33.053  2713  2725 I yani_server: NetLink Event '-1' Interface-Index '5' WLAN '0' Ethernet '-1' Parsed-iFill '-1' -> 'INVALID' ifIndex '1' -> 'lo'
04-09 17:03:33.063  2735  2813 I bluetoothtbd: [0409/043333.063403:INFO:gatt_api.cc(1005)] GATT_Register
04-09 17:03:33.063  2735  2813 I bluetoothtbd: [0409/043333.063612:INFO:gatt_api.cc(1028)] allocated gatt_if=4
04-09 17:03:33.069  2735  2813 E bt_btif : register application first_unuse rcb_idx = 0
04-09 17:03:33.069  2735  2813 I bluetoothtbd: [0409/043333.069144:INFO:gatt_api.cc(1005)] GATT_Register
04-09 17:03:33.069  2735  2813 I bluetoothtbd: [0409/043333.069273:INFO:gatt_api.cc(1028)] allocated gatt_if=5
04-09 17:03:33.076  2735  2813 I bluetoothtbd: [0409/043333.076777:INFO:gatt_api.cc(1005)] GATT_Register
04-09 17:03:33.076  2735  2813 I bluetoothtbd: [0409/043333.076953:INFO:gatt_api.cc(1028)] allocated gatt_if=6
04-09 17:03:33.078  2735  2761 I bluetoothtbd: [0409/043333.078350:INFO:adapter.cc(551)] Adapter properties changed
04-09 17:03:33.078  2735  2761 I bluetoothtbd: [0409/043333.078510:INFO:adapter.cc(573)] Adapter name changed
04-09 17:03:33.082  2735  2761 I bluetoothtbd: [0409/043333.081568:INFO:adapter.cc(551)] Adapter properties changed
04-09 17:03:33.082  2735  2813 I bluetoothtbd: [0409/043333.082662:INFO:btif_ble_advertiser.cc(90)] RegisterAdvertiserCb status: 0 , adveriser_id: 0
04-09 17:03:33.083  3078  3078 I cast_shell: [3081:3131:INFO:endpoint_with_namespace_handler.cc(103)] Added a namespace handler: local_id=receiver-6ab777e2-6437-9030-345a-6a334ace5f09, namespace=urn:x-cast:com.google.cast.audio.input
04-09 17:03:33.083  3078  3078 I cast_shell: [3081:3081:INFO:input_manager_impl.cc(284)] RegisterInput: device_id: cast, type: 0, state: 0
04-09 17:03:33.083  3078  3078 I cast_shell: [3081:3081:INFO:input_manager_impl.cc(308)] NotifyInputConnect: device_id: cast, sample_rate: 0, num_channels: 0
04-09 17:03:33.083  3078  3078 I cast_shell: [3081:3081:INFO:input_manager_impl.cc(370)] SetActiveInput: cast
04-09 17:03:33.084  2735  2761 I bluetoothtbd: [0409/043333.084368:INFO:adapter.cc(551)] Adapter properties changed
04-09 17:03:33.084  2735  2761 I bluetoothtbd: [0409/043333.084585:INFO:adapter.cc(551)] Adapter properties changed
04-09 17:03:33.084  2735  2761 E bluetoothtbd: [0409/043333.084631:ERROR:adapter.cc(608)] Invalid property length: 512
04-09 17:03:33.084  3078  3078 I cast_shell: [3081:3120:INFO:gatt_client_manager_impl.cc(202)] Enabling GATT client connectability
04-09 17:03:33.085  3078  3078 I cast_shell: [3081:3120:INFO:setup_api_registry.cc(192)] Register external API: input/status
04-09 17:03:33.085  3078  3078 I cast_shell: [3081:3120:INFO:setup_api_registry.cc(192)] Register external API: input/set_active
04-09 17:03:33.085  3078  3078 I cast_shell: [3081:3081:INFO:bluetooth_setup.cc(690)] Disabling connectability.
04-09 17:03:33.085  3078  3078 I cast_shell: [3081:3120:INFO:setup_api_registry.cc(192)] Register external API: input/debug_register
04-09 17:03:33.085  3078  3078 I cast_shell: [3081:3120:INFO:setup_api_registry.cc(192)] Register external API: input/debug_connect
04-09 17:03:33.085  3078  3078 I cast_shell: [3081:3120:INFO:setup_api_registry.cc(192)] Register external API: input/debug_disconnect
04-09 17:03:33.086  3078  3078 I cast_shell: [3081:3081:INFO:input_manager_impl.cc(284)] RegisterInput: device_id: bluetooth, type: 1, state: 0
04-09 17:03:33.086  3078  3078 I cast_shell: [3081:3131:INFO:endpoint_with_namespace_handler.cc(103)] Added a namespace handler: local_id=receiver-6ab777e2-6437-9030-345a-6a334ace5f09, namespace=urn:x-cast:com.google.cast.assistant
04-09 17:03:33.086  3078  3078 I cast_shell: [3081:3131:INFO:endpoint_with_namespace_handler.cc(103)] Added a namespace handler: local_id=receiver-6ab777e2-6437-9030-345a-6a334ace5f09, namespace=urn:x-cast:com.google.cast.companionauth
04-09 17:03:33.086  3078  3078 I cast_shell: [3081:3131:INFO:endpoint_with_namespace_handler.cc(103)] Added a namespace handler: local_id=receiver-6ab777e2-6437-9030-345a-6a334ace5f09, namespace=urn:x-cast:com.google.cast.companion
04-09 17:03:33.086  3078  3078 I cast_shell: [3081:3081:INFO:robot_account_auth_manager.cc(295)] No backend type specified. Getting COS URL based on the build type instead.
04-09 17:03:33.086  3078  3078 I cast_shell: [3081:3081:INFO:robot_account_auth_manager.cc(312)] Auth url: https://clients5.google.com/cast/orchestration/googleoauthtoken?rt=b
04-09 17:03:33.086  3078  3078 I cast_shell: [3081:3081:WARNING:robot_account_auth_manager.cc(463)] Failed to initialize JWT for 38579375
04-09 17:03:33.086  3078  3078 I cast_shell: [3081:3131:INFO:endpoint_with_namespace_handler.cc(103)] Added a namespace handler: local_id=receiver-6ab777e2-6437-9030-345a-6a334ace5f09, namespace=urn:x-cast:com.google.cast.timesync
04-09 17:03:33.086  3078  3078 I cast_shell: [3081:3081:INFO:queryable_data_registrar.cc(52)] Registering queryable data for managed mode as: 0
04-09 17:03:33.086  3078  3078 I cast_shell: [3081:3081:INFO:queryable_data_registrar.cc(59)] Registering enable_hls_sample_aes=1
04-09 17:03:33.086  3078  3078 I cast_shell: [3081:3081:INFO:queryable_data_registrar.cc(64)] Registering hls_sample_aes_init_segment
04-09 17:03:33.087  2735  2761 I bluetoothtbd: [0409/043333.086974:INFO:adapter.cc(551)] Adapter properties changed
04-09 17:03:33.087  3078  3078 I cast_shell: [3081:3120:INFO:bluetooth_manager.cc(115)] Record action: Cast.Bluetooth.DiscoveryMode.Disable
04-09 17:03:33.088  3078  3078 I cast_shell: [3081:3120:INFO:setup_api_registry.cc(192)] Register external API: bluetooth/api
04-09 17:03:33.088  3078  3078 I cast_shell: [3081:3120:INFO:setup_api_registry.cc(192)] Register external API: bluetooth/bond
04-09 17:03:33.088  3078  3078 I cast_shell: [3081:3120:INFO:setup_api_registry.cc(192)] Register external API: bluetooth/connect
04-09 17:03:33.088  3078  3078 I cast_shell: [3081:3120:INFO:setup_api_registry.cc(192)] Register external API: bluetooth/discovery
04-09 17:03:33.088  3078  3078 I cast_shell: [3081:3120:INFO:setup_api_registry.cc(192)] Register external API: bluetooth/get_bonded
04-09 17:03:33.088  3078  3078 I cast_shell: [3081:3120:INFO:setup_api_registry.cc(192)] Register external API: bluetooth/scan
04-09 17:03:33.088  3078  3078 I cast_shell: [3081:3120:INFO:setup_api_registry.cc(192)] Register external API: bluetooth/scan_results
04-09 17:03:33.088  3078  3078 I cast_shell: [3081:3120:INFO:setup_api_registry.cc(192)] Register external API: bluetooth/set_connectable
04-09 17:03:33.088  3078  3078 I cast_shell: [3081:3120:INFO:setup_api_registry.cc(192)] Register external API: bluetooth/status
04-09 17:03:33.089  3078  3078 I cast_shell: [3081:3081:INFO:grpc_manager_impl.cc(262)] Registered a handler ReportMetricsEvent for service chromecast.modular_update.ModularUpdateService
04-09 17:03:33.089  3078  3078 I cast_shell: [3081:3081:INFO:grpc_manager_impl.cc(262)] Registered a handler StreamHttpRequest for service chromecast.modular_update.ModularUpdateService
04-09 17:03:33.090  3078  3078 I cast_shell: E0409 04:33:33.090133136    3081 server_chttp2.cc:40]        {"created":"@1649504013.089953469","description":"No address added out of total 1 resolved","file":"../../third_party/grpc/src/src/core/ext/transport/chttp2/server/chttp2_server.cc","file_line":397,"referenced_errors":[{"created":"@1649504013.089940594","description":"Unable to configure socket","fd":152,"file":"../../third_party/grpc/src/src/core/lib/iomgr/tcp_server_utils_posix_common.cc","file_line":216,"referenced_errors":[{"created":"@1649504013.089894427","description":"No such file or directory","errno":2,"file":"../../third_party/grpc/src/src/core/lib/iomgr/tcp_server_utils_posix_common.cc","file_line":189,"os_error":"No such file or directory","syscall":"bind"}]}]}
04-09 17:03:33.090  3078  3078 I cast_shell: [3081:3081:ERROR:grpc_manager_impl.cc(311)] Could not start Grpc server.
04-09 17:03:33.091  3078  3078 I cast_shell: [3081:3120:INFO:bluetooth_manager.cc(1232)] [PII] Set device name to 'LSB9682'
04-09 17:03:33.091  3078  3078 I cast_shell: [3081:3120:INFO:wifi_proximity.cc(177)] Request scan.
04-09 17:03:33.091  3078  3078 I cast_shell: [3081:3098:ERROR:cast_media_shlib.cc(80)] snd_hctl_find_elem failed to find the rate offset element.
04-09 17:03:33.095  3078  3078 I cast_shell: [3081:3081:ERROR:server.cc(243)] XDG_RUNTIME_DIR not set in the environment
04-09 17:03:33.095  3078  3078 I cast_shell: [3081:3081:ERROR:wayland_server_controller.cc(27)] Wayland server creation failed
04-09 17:03:33.095  3078  3078 I cast_shell: [3081:3081:WARNING:cast_metrics_service_client.cc(134)] Empty client id from platform, assuming this is the first boot up of a new device.
04-09 17:03:33.095  3078  3078 I cast_shell: [3081:3081:INFO:cast_metrics_service_client.cc(93)] Metrics client ID set: e6bcfd4e-8f04-4ecf-b0b1-fadd5409e81e
04-09 17:03:33.095  3078  3078 I cast_shell: [3081:3081:INFO:device_info_impl.cc(970)] Metrics client ID: e6bcfd4e-8f04-4ecf-b0b1-fadd5409e81e
04-09 17:03:33.097  3078  3078 I cast_shell: [3081:3081:INFO:cast_metrics_service_client.cc(93)] Metrics client ID set: e6bcfd4e-8f04-4ecf-b0b1-fadd5409e81e
04-09 17:03:33.097  3078  3078 I cast_shell: [3081:3081:INFO:device_info_impl.cc(970)] Metrics client ID: e6bcfd4e-8f04-4ecf-b0b1-fadd5409e81e
04-09 17:03:33.098  3078  3078 I cast_shell: [3081:3087:INFO:crypto_manager.cc(75)] Creating private key: size=2048
04-09 17:03:33.109  3078  3078 I cast_shell: [3081:3081:INFO:cast_receiver_impl.cc(828)] Cast receiver started.
04-09 17:03:33.110  3078  3078 I cast_shell: [3081:3081:WARNING:cast_receiver_impl.cc(1126)] Network is not globally connected. Don't schedule config downloading yet.
04-09 17:03:33.110  3078  3078 I cast_shell: [3081:3131:ERROR:socket_posix.cc(148)] bind() failed: Address already in use (98)
04-09 17:03:33.110  3078  3078 I cast_shell: [3081:3081:INFO:ccs_manager_impl.cc(663)] Starting cloud ipc activity with CCS
04-09 17:03:33.110  3078  3078 I cast_shell: [3081:3081:INFO:ccs_manager_impl.cc(1286)] CcsManagerImpl opt_in.cloud_ipc pref changed: 1
04-09 17:03:33.110  3078  3078 I cast_shell: [3081:3131:INFO:v2_ssl_socket.cc(775)] IPv6 socket probably supports both IPv4 and IPv6
04-09 17:03:33.110  3078  3078 I cast_shell: [3081:3081:INFO:ccs_manager_impl.cc(1322)] Waiting for all transports to be enabled
04-09 17:03:33.110  3078  3078 I cast_shell: [3081:3081:INFO:ccs_transport_gcm.cc(94)] Deferring GCM registration until connectivity is up
04-09 17:03:33.110  3078  3078 I cast_shell: [3081:3081:INFO:multizone_manager.cc(2397)] Resuming MultizoneManager
04-09 17:03:33.110  3078  3078 I cast_shell: [3081:3081:INFO:cast_receiver_impl.cc(934)] Cast receiver resumed.
04-09 17:03:33.110  3078  3078 I cast_shell: [3081:3081:WARNING:cast_receiver_impl.cc(1138)] Network is not globally connected. Don't schedule CRL downloading yet.
04-09 17:03:33.120  2734  2746 I HotspotManager: setting interface MAC addr
04-09 17:03:33.120  3078  3078 I cast_shell: [3081:3093:INFO:device_info_impl.cc(895)] [PII] Hotspot BSSID from cert: FA:8F:CA:87:13:D1
04-09 17:03:33.120  3078  3078 I cast_shell: [3081:3093:INFO:hotspot_manager.cc(198)] Starting request id=1 ssid=LSB9682.d256, hidden=0
04-09 17:03:33.121  3078  3078 I cast_shell: [3081:3089:ERROR:service_manager.cc(210)] Failed to resolve service name: cast_assistant
04-09 17:03:33.123  3078  3078 I cast_shell: [3081:3143:INFO:external_mojo_broker.cc(405)] Initializing external mojo broker at: /tmp/cast_mojo_broker
04-09 17:03:33.125  3078  3078 I cast_shell: [3081:3091:ERROR:cast_audio_input_json.cc(33)] Failed to read JSON file: /etc/cast_audio_input.json
04-09 17:03:33.125  3078  3078 I cast_shell: [3081:3091:ERROR:channel_selector_reader.cc(44)] Failed to read audio input json
04-09 17:03:33.125  3078  3078 I cast_shell: [3081:3091:INFO:auto_volume.cc(107)] Auto volume is disabled
04-09 17:03:33.129  3078  3078 I cast_shell: [3081:3081:INFO:audio_focus_manager_impl.cc(27)] use_media_starting_block: 0
04-09 17:03:33.129  3078  3078 I cast_shell: [3081:3081:INFO:grpc_auth_manager_in_process.cc(135)] Initializing Auth.
04-09 17:03:33.130  3078  3078 I cast_shell: [3081:3081:INFO:grpc_manager_impl.cc(505)] GRPC[uri=[::]:8012]: num_pending_calls=0, num_active_handlers=0, num_free_handlers=0
04-09 17:03:33.133  3078  3078 I cast_shell: [3081:3081:INFO:grpc_manager_impl.cc(317)] Grpc server started in port 8012
04-09 17:03:33.133  3078  3078 I cast_shell: [3081:3081:INFO:ccs_manager_impl.cc(851)] Network connectivity down for CcsManager
04-09 17:03:33.136  3078  3078 I cast_shell: [3081:3101:INFO:cast_auth_api_adaptor.cc(82)] CastAuth: init with library: libcast_auth.so
04-09 17:03:33.137  3078  3078 I cast_shell: [3081:3081:INFO:mdns_manager_impl.cc(468)] Setting new conflict callback
04-09 17:03:33.137  3078  3078 I cast_shell: [3081:3081:INFO:mdns_util.cc(102)] Defaulting mDNS capabilities for audio-only build
04-09 17:03:33.137  3078  3078 I cast_shell: [3081:3081:INFO:ccs_manager_impl.cc(1322)] Waiting for all transports to be enabled
04-09 17:03:33.137  3078  3078 I cast_shell: [3081:3081:INFO:bluetooth_setup.cc(690)] Disabling connectability.
04-09 17:03:33.137  3078  3078 I cast_shell: [3081:3081:INFO:input_manager_impl.cc(468)] Using virtual device 6ab777e2-6437-9030-345a-6a334ace5f09
04-09 17:03:33.137  3078  3078 I cast_shell: [3081:3081:INFO:virtual_device_manager.cc(247)] Virtual device [PII](6ab777e2-6437-9030-345a-6a334ace5f09) using Cast V2 port 8009
04-09 17:03:33.137  3078  3078 I cast_shell: [3081:3120:INFO:ble_setup.cc(789)] Missing required info for sign.
04-09 17:03:33.138  2735  2761 I bluetoothtbd: [0409/043333.138536:INFO:adapter.cc(551)] Adapter properties changed
04-09 17:03:33.138  2735  2761 I bluetoothtbd: [0409/043333.138777:INFO:adapter.cc(573)] Adapter name changed
04-09 17:03:33.139  3078  3078 I cast_shell: [3081:3120:INFO:bluetooth_manager.cc(1232)] [PII] Set device name to 'LSB9682'
04-09 17:03:33.140  2735  2761 I bluetoothtbd: [0409/043333.139989:INFO:adapter.cc(551)] Adapter properties changed
04-09 17:03:33.141  3078  3078 I cast_shell: [3081:3120:INFO:bluetooth_manager.cc(115)] Record action: Cast.Bluetooth.DiscoveryMode.Disable
04-09 17:03:33.141  3078  3078 I cast_shell: [3081:3120:INFO:ble_setup.cc(1096)] LAT flag change 0
04-09 17:03:33.143  3078  3078 I cast_shell: [3081:3101:INFO:cast_auth_api_adaptor.cc(93)] CastAuth: common module initialization successful.
04-09 17:03:33.143  3078  3078 I cast_shell: [3081:3101:INFO:cast_auth_api_adaptor.cc(98)] CastAuth: model-based module initialization successful.
04-09 17:03:33.189  3078  3078 I cast_shell: [3081:3081:INFO:secure_storage_impl.cc(107)] Secure storage initialized.
04-09 17:03:33.190  3078  3078 I cast_shell: [3081:3081:INFO:ccs_manager_impl.cc(851)] Network connectivity down for CcsManager
04-09 17:03:33.253  2952  2962 D wac-main: Netlink event
04-09 17:03:33.253  2952  2962 E wac-main: Netlink event 16 Interface Index 6 
04-09 17:03:33.253  2952  2962 E wac-main: p2p0 event Link Changed : 1002 
04-09 17:03:33.253  2952  2962 E wac-main: Enter poll and wait
04-09 17:03:33.254  2713  2725 I yani_kernel: yani_geteventfrom_changeaddr() Message-Id '1' Netlink event '16' Interface Index '6' -> Name 'p2p0' 
04-09 17:03:33.262  2734  2746 I HotspotManager: setSSID <SSID omitted> visible
04-09 17:03:33.264  2734  2746 E WifiUtil: command: "SCAN" failed: FAIL-BUSY
04-09 17:03:33.264  2734  2746 I HotspotManager: hotspot start
04-09 17:03:33.265  2734  2746 E WifiUtil: Setting interface p2p0 up.
04-09 17:03:33.265  2734  2746 E WifiUtil: ioctl SIOCGIWFREQ fails for wlan0 Bad address
04-09 17:03:33.266  3078  3078 I cast_shell: [3081:3131:ERROR:broadcast_filter.cc(70)] Failed to join broadcast filter multicast group
04-09 17:03:33.266  3078  3078 I cast_shell: [3081:3131:WARNING:broadcast_filter.cc(120)] Failed to enable BroadcastFilter
04-09 17:03:33.266  3078  3078 I cast_shell: [3081:3131:INFO:endpoint_with_namespace_handler.cc(103)] Added a namespace handler: local_id=receiver-6ab777e2-6437-9030-345a-6a334ace5f09, namespace=urn:x-cast:com.google.cast.setup
04-09 17:03:33.266  3078  3078 I cast_shell: [3081:3130:INFO:metrics_recorder.cc(282)] cast event: Cast.Discovery.Mdns.SocketCreated
04-09 17:03:33.266  3078  3078 I cast_shell: [3081:3130:INFO:mdns_app_filter.cc(1254)] Created mDNS socket for interface:name=p2p1, address=192.168.2.1, index=7
04-09 17:03:33.266  3078  3078 I cast_shell: [3081:3130:INFO:metrics_recorder.cc(282)] cast event: Cast.Discovery.Mdns.SocketCreated
04-09 17:03:33.266  3078  3078 I cast_shell: [3081:3130:INFO:mdns_app_filter.cc(1254)] Created mDNS socket for interface:name=usb0, address=192.168.10.1, index=9
04-09 17:03:33.269  2713  2725 I yani_kernel: yani_geteventfrom_changeaddr() Message-Id '1' Netlink event '16' Interface Index '6' -> Name 'p2p0' 
04-09 17:03:33.271  3078  3078 I cast_shell: [3081:3120:INFO:setup_state.cc(261)] Setup state changed: SETUP_STATE_UNKNOWN (0) -> SETUP_STATE_CHECKING_GLOBAL_CONNECTIVITY (50)
04-09 17:03:33.274  3078  3078 I cast_shell: [3081:3120:INFO:gatt_client_manager_impl.cc(202)] Enabling GATT client connectability
04-09 17:03:33.326  2959  2970 I otamanager: OTAManager connected to CastUpdater via  /tmp/socket/system_updater
04-09 17:03:33.326  2959  2970 I otamanager: cast_updater_threadEntry socket handle 5
04-09 17:03:33.327  3078  3078 I cast_shell: [3081:3144:WARNING:crl_downloader.cc(136)] CRL failed to restore.
04-09 17:03:33.456  2953  3008 I LibreCastControl: LibreCastControl_init() Socket Initialized
04-09 17:03:33.466  2953  3008 E LibreCastControl: PULSAR:CreateCastControlThread:18
04-09 17:03:33.466  2953  3008 E LibreCastControl: Create LibreCastLUCITimerThreadInit 
04-09 17:03:33.466  2953  3156 E LibreCastControl: PULSAR:Run:23
04-09 17:03:33.467  2953  3157 E LibreCastControl: Timer Sem Wait Start iCastPlayerstate = 0 
04-09 17:03:33.480  2693  2693 I sh      : [0409/043333.479629:INFO:cast_control_impl.cc(744)] CastControl has started running.
04-09 17:03:33.480  2693  2693 I sh      : [0409/043333.480486:INFO:cast_control_impl.cc(745)] Attempting to connect CastMessageService. socket=/tmp/cast-control
04-09 17:03:33.483  2953  3156 I LibreCastControlDelegate: OnCastStatus() +++ :0xac793198:STARTING
04-09 17:03:33.483  2693  2693 I sh      : [0409/043333.483410:INFO:cast_control_socket.cc(64)] Successfully connected Cast Control Socket
04-09 17:03:33.483  2953  3156 E LibreCastControlDelegate: OnCastStatus:177
04-09 17:03:33.485  2953  3156 I LibreCastControl: LibreCastControl_SetCastName()  name 'Lyric Speaker Box 21f384' RequestId '1' pCastControl 0xf4b00728
04-09 17:03:33.485  2953  3156 I LibreCastControlDelegate: Active Applications -> 0
04-09 17:03:33.485  2953  3156 I LibreCastControlDelegate: Current Cast State '1' -> 'STARTING'
04-09 17:03:33.485  2953  3156 I LibreCastControlDelegate: OnCastStatus() ---
04-09 17:03:33.485  2693  2693 I sh      : [0409/043333.485552:INFO:cast_message_service_impl.cc(185)] Sending connect message!
04-09 17:03:33.489  3078  3078 I cast_shell: [3081:3131:INFO:metrics_recorder.cc(282)] Cast v2 action(socket_id=domain-socket@/tmp/cast-control.1): CastV2.Connection.Connect.In
04-09 17:03:33.490  3078  3078 I cast_shell: [3081:3081:INFO:resource_namespace_handler.cc(307)] Setting resource provider: sender_id=domain-socket@/tmp/cast-control.1:system-0
04-09 17:03:33.490  2693  2693 I sh      : [0409/043333.490709:INFO:cast_message_service_impl.cc(1007)] CastMessageServiceImpl matched versions
04-09 17:03:33.750  2734  2746 I WifiUtil: get p2p0 channel 6 (2437MHz)
04-09 17:03:33.750  2734  2746 I HotspotManager: start hostapd at channel=6 SSID=<SSID omitted> hidden_ssid=0
04-09 17:03:33.760  2952  2962 D wac-main: Netlink event
04-09 17:03:33.760  2952  2962 E wac-main: Netlink event 20 Interface Index 6 
04-09 17:03:33.760  2952  2962 E wac-main: Enter poll and wait
04-09 17:03:33.760  2952  2962 D wac-main: Netlink event
04-09 17:03:33.760  2952  2962 E wac-main: Netlink event 21 Interface Index 6 
04-09 17:03:33.760  2952  2962 E wac-main: Enter poll and wait
04-09 17:03:33.761  2713  2725 I yani_kernel: yani_geteventfrom_changeaddr() Message-Id '1' Netlink event '20' Interface Index '6' -> Name 'p2p0' 
04-09 17:03:33.763  2952  2962 D wac-main: Netlink event
04-09 17:03:33.763  2952  2962 E wac-main: Netlink event 20 Interface Index 6 
04-09 17:03:33.763  2952  2962 E wac-main: Enter poll and wait
04-09 17:03:33.764  2734  2746 I HotspotManager: start dnsmasq
04-09 17:03:33.770  3078  3078 I cast_shell: [3081:3130:INFO:metrics_recorder.cc(282)] cast event: Cast.Discovery.Mdns.SocketCreated
04-09 17:03:33.770  3078  3078 I cast_shell: [3081:3130:INFO:mdns_app_filter.cc(1254)] Created mDNS socket for interface:name=p2p1, address=192.168.2.1, index=7
04-09 17:03:33.770  3078  3078 I cast_shell: [3081:3130:INFO:metrics_recorder.cc(282)] cast event: Cast.Discovery.Mdns.SocketCreated
04-09 17:03:33.770  3078  3078 I cast_shell: [3081:3130:INFO:mdns_app_filter.cc(1254)] Created mDNS socket for interface:name=usb0, address=192.168.10.1, index=9
04-09 17:03:33.770  3078  3078 I cast_shell: [3081:3130:INFO:mdns_app_filter.cc(977)] MdnsAppFilter is starting.
