04-09 16:14:16.641  2712  2721 I luciUART: write() MID = 208  bytes = 15 data = ssid: m_fd = 0x6
04-09 16:14:16.641  2712  2721 E LUCI_SERVER: NV_READ response= ssid:
04-09 16:14:16.641  2712  2721 E LUCI_SERVER: Luci Server Thread waiting for packets....
04-09 16:14:16.642  2712  2719 I lucitransport: writeRemoteMessage() MID = 124 buffer = 0#1,0#2,0#3,0#4,0
04-09 16:14:16.642  2712  2719 I luciUART: write() MID = 124  bytes = 27 data = 0#1,0#2,0#3,0#4,0 m_fd = 0x6
04-09 16:14:16.642  2729  2729 E AirableUIHelper: AirableUIHelper::YaniAlert  3 0 
04-09 16:14:16.642  2959  2969 I otamanager: YaniAlert() Interface 3 Status Down
04-09 16:14:16.643  2955  2990 I airplay-main: YaniAlert Interface 3 Status 0
04-09 16:14:16.643  2953  3158 I LibreCastControlDelegate: OnControlConnected()
04-09 16:14:16.644  2691  2691 I sh      : [0409/034416.643290:INFO:cast_message_service_impl.cc(1067)] Received initial receiver info
04-09 16:14:16.644  2691  2691 I sh      : [0409/034416.643381:INFO:cast_message_service_impl.cc(1073)] Sent PlatformSettingsRegister message
04-09 16:14:16.645  2711  2723 I yani_server: NetLink Event '6' Interface-Index '6' WLAN '-1' Ethernet '-1' Parsed-iFill '6' -> 'P2P0 CONNECTED' ifIndex '2' -> 'tunl0'
04-09 16:14:16.650  2712  2720 E luciUART: UART:aa
04-09 16:14:16.650  2712  2720 E luciUART: UART:aa
04-09 16:14:16.650  2712  2720 E luciUART: UART:2
04-09 16:14:16.650  2712  2720 E luciUART: UART:0
04-09 16:14:16.650  2712  2720 E luciUART: UART:d0
04-09 16:14:16.650  2712  2720 E luciUART: UART:0
04-09 16:14:16.650  2712  2720 I chatty  : uid=0(root) UARTLUCIControl identical 2 lines
04-09 16:14:16.650  2712  2720 E luciUART: UART:0
04-09 16:14:16.651  2712  2720 E luciUART: UART:9
04-09 16:14:16.651  2712  2720 I luciUART: read() RemoteID = 43690 Command = 208 Type = 2 Status = 0 DataLen = 9
04-09 16:14:16.651  2712  2720 E luciUART: Error: full data not available yet! readBytes 0
04-09 16:14:16.651  2712  2720 I luciUART: Previous Packet read contd., 
04-09 16:14:16.651  2712  2720 E luciUART: UART:52
04-09 16:14:16.651  2712  2720 I luciUART: Previous Packet read contd., 
04-09 16:14:16.651  2712  2720 E luciUART: UART:45
04-09 16:14:16.651  2712  2720 I luciUART: Previous Packet read contd., 
04-09 16:14:16.651  2712  2720 E luciUART: UART:41
04-09 16:14:16.651  2712  2720 I luciUART: Previous Packet read contd., 
04-09 16:14:16.651  2712  2720 E luciUART: UART:44
04-09 16:14:16.651  2712  2720 I luciUART: Previous Packet read contd., 
04-09 16:14:16.651  2712  2720 E luciUART: UART:5f
04-09 16:14:16.651  2712  2720 I luciUART: Previous Packet read contd., 
04-09 16:14:16.651  2712  2720 E luciUART: UART:73
04-09 16:14:16.651  2712  2720 I luciUART: Previous Packet read contd., 
04-09 16:14:16.651  2712  2720 E luciUART: UART:73
04-09 16:14:16.651  2712  2720 I luciUART: Previous Packet read contd., 
04-09 16:14:16.651  2712  2720 E luciUART: UART:69
04-09 16:14:16.651  2712  2720 I luciUART: Previous Packet read contd., 
04-09 16:14:16.651  2712  2720 E luciUART: UART:64
04-09 16:14:16.651  2712  2721 E LUCI_SERVER: Luci Server Thread wait over MID 208....
04-09 16:14:16.651  2712  2721 E LUCI_SERVER: Got NV name : ssid
04-09 16:14:16.653  2712  2721 I luciUART: write() MID = 208  bytes = 15 data = ssid: m_fd = 0x6
04-09 16:14:16.653  2712  2721 E LUCI_SERVER: NV_READ response= ssid:
04-09 16:14:16.653  2712  2721 E LUCI_SERVER: Luci Server Thread waiting for packets....
04-09 16:14:16.666  2953  3158 I LibreCastControl: LibreCastControl_RequestGVAStatus() RequestId '4' pCastControl 0xf4e00728
04-09 16:14:16.667  2691  2691 I sh      : [0409/034416.666588:INFO:cast_message_service_impl.cc(1076)] CastMessageServiceImpl is ready
04-09 16:14:16.668  3080  3080 I cast_shell: [3083:3083:INFO:assistant_namespace_handler.cc(144)] Added a status listening peer for assistant namespace: domain-socket@/tmp/cast-control.1:system-0
04-09 16:14:16.668  2953  3158 I LibreCastControlDelegate: OnResponse() ReqeustID 4, error  0
04-09 16:14:17.103  2711  2723 I yani_server: doLotofWork() List of interface '4'
04-09 16:14:17.103  2711  2723 I yani_server: doLotofWork() Interface 'p2p0' ifr[0].ifr_name 'lo' ipaddress '127.0.0.1'
04-09 16:14:17.103  2711  2723 I yani_server: doLotofWork() Interface 'p2p0' ifr[1].ifr_name 'p2p0' ipaddress '192.168.255.249'
04-09 16:14:17.103  2711  2723 I yani_server: doLotofWork() returns 'REFILL WACMODE'
04-09 16:14:17.103  2711  2723 E yani_server: YANI: I am Done Wait For Event 
04-09 16:14:17.104  2711  2723 I yani_kernel: yani_geteventfrom_changeaddr() Message-Id '1' Netlink event '16' Interface Index '6' -> Name 'p2p0' 
04-09 16:14:17.104  2711  2815 I yani_server: onNetworkParametersChanged() WAC Mode '1'  Index '2' Interface 'p2p0' Status '1'
04-09 16:14:17.104  2728  2740 I MB_HANDLER: YaniAlert() Interface '4' Status '1'
04-09 16:14:17.105  3165  3165 I dnsmasq : started, version 2.51 DNS disabled
04-09 16:14:17.105  3165  3165 I dnsmasq : compile time options: no-IPv6 GNU-getopt no-DBus no-I18N DHCP no-scripts no-TFTP
04-09 16:14:17.112  2729  2729 E AirableUIHelper: AirableUIHelper::YaniAlert  4 1 
04-09 16:14:17.118  2952  2962 D wac-main: Netlink event
04-09 16:14:17.118  2952  2962 E wac-main: p2p0 event Link Changed : 1003 
04-09 16:14:17.118  2952  2962 E wac-main: Enter poll and wait
04-09 16:14:17.118  2712  2720 E luciUART: UART:aa
04-09 16:14:17.118  2712  2720 E luciUART: UART:aa
04-09 16:14:17.125  2953  3158 I LibreCastControlDelegate: OnCastStatus() +++ Lyric Speaker Box 21f384:0xab253198:NOT_SETUP
04-09 16:14:17.131  3080  3080 I cast_shell: [3083:3083:INFO:multizone_setup.cc(328)] Configured audio output delay changed. User delay = 0 s, OEM delay = 0.08 s, HDMI delay = 0 s
04-09 16:14:17.137  2953  3158 I LibreCastControlDelegate: OnCastStatus() +++ Lyric Speaker Box 21f384:0xab253198:NOT_SETUP
04-09 16:14:17.137  2953  3158 I LibreCastControlDelegate: Device Build Number -> '1.52.272222'
04-09 16:14:17.137  2953  3158 I librecast: updateCastBuildVersion() Version 1.52.272222
04-09 16:14:17.137  2712  2719 I lucitransport: readRemoteMessage() MID char = 7 buffer = 1.52.272222
04-09 16:14:17.137  2953  3158 I LibreCastControlDelegate: Active Applications -> 0
04-09 16:14:17.137  2953  3158 I LibreCastControlDelegate: Current Cast State '2' -> 'NOT_SETUP'
04-09 16:14:17.137  2953  3158 I LibreCastControlDelegate: OnCastStatus() ---
04-09 16:14:17.138  2953  3158 I LibreCastControlDelegate: OnCastStatus() +++ Lyric Speaker Box 21f384:0xab253198:NOT_SETUP
04-09 16:14:17.138  2953  3158 I LibreCastControlDelegate: Device Build Number -> '1.52.272222'
04-09 16:14:17.173  2952  2962 D wac-main: Netlink event
04-09 16:14:17.173  2952  2962 E wac-main: Netlink event 16 Interface Index 6 
04-09 16:14:17.173  2952  2962 E wac-main: p2p0 event Link Changed : 11043 
04-09 16:14:17.173  2952  2962 E wac-main: p2p0 Changed Up 
04-09 16:14:17.173  2711  2723 I yani_kernel: yani_geteventfrom_changeaddr() Message-Id '1' Netlink event '16' Interface Index '6' -> Name 'p2p0' 
04-09 16:14:17.175  2952  2962 I wifiapi : newconn : 0xf4d00718
04-09 16:14:17.175  2953  3158 I LibreCastControlDelegate: OnResponse() ReqeustID 5, error  0
04-09 16:14:17.180  2952  2962 I wifiapi : 'STATUS' command returned = 0
04-09 16:14:17.180  2952  2962 E wac-main: current wifi status : 10
04-09 16:14:17.181  3080  3080 I cast_shell: [3083:3123:INFO:gatt_client_manager_impl.cc(202)] Enabling GATT client connectability
04-09 16:14:17.183  3080  3080 I cast_shell: [3083:3123:INFO:ble_setup.cc(915)] Sign related info completed, no future EurekaInfo need sign.
04-09 16:14:17.183  3080  3080 I cast_shell: [3083:3123:INFO:gatt_client_manager_impl.cc(202)] Enabling GATT client connectability
04-09 16:14:17.183  3080  3080 I chatty  : uid=1000(chrome) /bin/logwrapper identical 1 line
04-09 16:14:17.183  3080  3080 I cast_shell: [3083:3123:INFO:gatt_client_manager_impl.cc(202)] Enabling GATT client connectability
04-09 16:14:17.186  2733  2761 E bt_btif : BTA_GATTS_AddService: rcb_idx = 0
04-09 16:14:17.187  2733  2761 I bluetoothtbd: [0409/034417.187100:INFO:gatt_api.cc(207)] GATTS_AddService
04-09 16:14:17.187  2733  2761 I bluetoothtbd: [0409/034417.187423:INFO:gatt_api.cc(317)] GATTS_AddService: service parsed correctly, now starting
04-09 16:14:17.190  3080  3080 I cast_shell: [3083:3123:INFO:ble_setup_manager.cc(744)] Started Bluetooth service
04-09 16:14:17.195  2953  3158 I LibreCastControlDelegate: OnCastStatus() +++ Lyric Speaker Box 21f384:0xab253198:NOT_SETUP
04-09 16:14:17.196  2953  3158 I LibreCastControlDelegate: Device Build Number -> '1.52.272222'
04-09 16:14:17.196  2953  3158 I librecast: updateCastBuildVersion() Version 1.52.272222
04-09 16:14:17.196  2712  2719 I lucitransport: readRemoteMessage() MID char = 7 buffer = 1.52.272222
04-09 16:14:17.197  2953  3158 I LibreCastControlDelegate: Active Applications -> 0
04-09 16:14:17.197  2953  3158 I LibreCastControlDelegate: Current Cast State '2' -> 'NOT_SETUP'
04-09 16:14:17.197  2953  3158 I LibreCastControlDelegate: OnCastStatus() ---
04-09 16:14:17.197  2953  3158 I LibreCastControlDelegate: OnCastStatus() +++ Lyric Speaker Box 21f384:0xab253198:NOT_SETUP
04-09 16:14:17.197  2953  3158 I LibreCastControlDelegate: Device Build Number -> '1.52.272222'
04-09 16:14:17.197  2953  3158 I librecast: updateCastBuildVersion() Version 1.52.272222
04-09 16:14:18.089  3080  3080 I cast_shell: [3083:3091:ERROR:connectivity_checker_impl.cc(265)] Connectivity check failed: 400
04-09 16:14:18.347  3080  3080 I cast_shell: [3083:3133:INFO:mdns_app_filter.cc(1403)] MdnsAppFilter: Done probing.
04-09 16:14:19.096  3080  3080 I cast_shell: [3083:3091:ERROR:connectivity_checker_impl.cc(265)] Connectivity check failed: 400
04-09 16:14:19.351  3080  3080 I cast_shell: [3083:3083:INFO:grpc_service_discovery_impl.cc(185)] Mdns discovered google RPC for [PII](D23B92AB4B669165C18C9084B060EAE9).
04-09 16:14:20.103  3080  3080 I cast_shell: [3083:3091:ERROR:connectivity_checker_impl.cc(265)] Connectivity check failed: 400
04-09 16:14:20.180  2952  2962 E wac-main: Enter poll and wait
04-09 16:14:20.352  3080  3080 I cast_shell: [3083:3133:INFO:mdns_app_filter.cc(1526)] MdnsAppFilter: Done announcing.
04-09 16:14:21.108  3080  3080 I cast_shell: [3083:3091:ERROR:connectivity_checker_impl.cc(265)] Connectivity check failed: 400
04-09 16:14:22.115  3080  3080 I cast_shell: [3083:3091:ERROR:connectivity_checker_impl.cc(265)] Connectivity check failed: 400
04-09 16:14:22.475  3080  3080 I cast_shell: [3083:3091:INFO:parent_tracker.cc(291)] [PII](D23B92AB4B669165C18C9084B060EAE9) Become root
04-09 16:14:22.475  3080  3080 I cast_shell: [3083:3091:INFO:directory_service_impl.cc(200)] This device became root
04-09 16:14:23.122  3080  3080 I cast_shell: [3083:3091:ERROR:connectivity_checker_impl.cc(265)] Connectivity check failed: 400
04-09 16:14:24.127  3080  3080 I chatty  : uid=1000(chrome) /bin/logwrapper identical 1 line
04-09 16:14:25.134  3080  3080 I cast_shell: [3083:3091:ERROR:connectivity_checker_impl.cc(265)] Connectivity check failed: 400
04-09 16:14:25.244  3080  3080 I cast_shell: [3083:3123:ERROR:setup_state.cc(424)] Timeout for state=SETUP_STATE_CHECKING_GLOBAL_CONNECTIVITY(50): move to state=SETUP_STATE_CHECKING_GLOBAL_CONNECTIVITY_BAD_ROUTER(52).
04-09 16:14:25.244  3080  3080 I cast_shell: [3083:3123:INFO:setup_state.cc(261)] Setup state changed: SETUP_STATE_CHECKING_GLOBAL_CONNECTIVITY (50) -> SETUP_STATE_CHECKING_GLOBAL_CONNECTIVITY_BAD_ROUTER (52)
04-09 16:14:25.248  2953  3158 I LibreCastControlDelegate: OnCastStatus() +++ Lyric Speaker Box 21f384:0xab253198:NOT_SETUP
04-09 16:14:25.248  2953  3158 I LibreCastControlDelegate: Device Build Number -> '1.52.272222'
04-09 16:14:25.248  2953  3158 I librecast: updateCastBuildVersion() Version 1.52.272222
04-09 16:14:25.248  2712  2719 I lucitransport: readRemoteMessage() MID char = 7 buffer = 1.52.272222
04-09 16:14:25.248  2953  3158 I LibreCastControlDelegate: Active Applications -> 0
04-09 16:14:25.248  2953  3158 I LibreCastControlDelegate: Current Cast State '2' -> 'NOT_SETUP'
04-09 16:14:25.248  2953  3158 I LibreCastControlDelegate: OnCastStatus() ---
04-09 16:14:26.141  3080  3080 I cast_shell: [3083:3091:ERROR:connectivity_checker_impl.cc(265)] Connectivity check failed: 400
04-09 16:14:51.134  2731  2742 E NetworkMonitor: cannot find default IPv4 route for wlan0
04-09 16:14:51.135  2731  2742 E NetworkMonitor: cannot find default IPv6 route for wlan0
04-09 16:14:54.231  2731  2742 E NetworkMonitor: no response for /bin/ping -n -I wlan0 -c 10 -w 10 8.8.8.8
04-09 16:14:54.242  2731  2742 E NetworkMonitor: no response for /bin/ping6 -n -I wlan0 -c 10 -w 10 2001:4860:4860::8888
04-09 16:14:54.245  2731  2742 E NetworkMonitor: dns resolution failed
04-09 16:14:54.246  2731  2742 I NetworkMonitor: Cast.Wifi.Failure.Type 7
04-09 16:15:13.449  3080  3080 I chatty  : uid=1000(chrome) /bin/logwrapper identical 47 lines
04-09 16:15:14.456  3080  3080 I cast_shell: [3083:3091:ERROR:connectivity_checker_impl.cc(265)] Connectivity check failed: 400
04-09 16:15:14.843  3080  3080 I cast_shell: [3083:3083:INFO:grpc_manager_impl.cc(505)] GRPC[uri=[::]:0]: num_pending_calls=0, num_active_handlers=0, num_free_handlers=0
04-09 16:15:14.843  3080  3080 I cast_shell: [3083:3083:INFO:gcm_manager.cc(269)] Disabling GCM Driver
04-09 16:15:14.843  3080  3080 I cast_shell: [3083:3083:INFO:grpc_manager_impl.cc(505)] GRPC[uri=]: num_pending_calls=0, num_active_handlers=0, num_free_handlers=0
04-09 16:15:14.899  3080  3080 I cast_shell: [3083:3083:INFO:grpc_manager_impl.cc(505)] GRPC[uri=unix:/tmp/hcp_ipc_auth.socket]: num_pending_calls=0, num_active_handlers=10, num_free_handlers=0
04-09 16:15:14.904  3080  3080 I cast_shell: [3083:3083:INFO:grpc_manager_impl.cc(505)] GRPC[uri=unix:/tmp/modular_updater/modular_update_service]: num_pending_calls=0, num_active_handlers=0, num_free_handlers=0
04-09 16:15:14.927  3080  3080 I cast_shell: [3083:3083:INFO:metrics_recorder.cc(112)] Metrics stat: total=13
04-09 16:15:14.927  3080  3080 I cast_shell: Cast.Discovery.Mdns.ResponderStarted=2
04-09 16:15:14.927  3080  3080 I cast_shell: Cast.Discovery.Mdns.ResponderStopped=1
04-09 16:15:14.927  3080  3080 I cast_shell: Cast.Discovery.Mdns.SocketCreated=4
04-09 16:15:14.927  3080  3080 I cast_shell: Cast.Discovery.Mdns.SocketDestroyed=2
04-09 16:15:14.927  3080  3080 I cast_shell: Cast.System.Timezone.ChangeSuccessful=1
04-09 16:15:14.927  3080  3080 I cast_shell: CastV2.Connection.Connect.In=1
04-09 16:15:14.927  3080  3080 I cast_shell: CastV2.Receiver.DeviceStatus.Out=5
04-09 16:15:14.927  3080  3080 I cast_shell: CastV2.Receiver.DeviceStatus.Out.Broadcast=2
04-09 16:15:14.927  3080  3080 I cast_shell: CastV2.Receiver.GetStatus.In=1
04-09 16:15:14.927  3080  3080 I cast_shell: CastV2.Resource.Provider.In=1
04-09 16:15:15.060  3080  3080 I cast_shell: [3083:3083:INFO:metrics_recorder_impl.cc(672)] Activated server experiments: []
04-09 16:15:15.061  3080  3080 I cast_shell: [3083:3083:INFO:cast_logs_metrics_provider.cc(59)] netif is ipv4
04-09 16:15:15.062  3080  3080 I cast_shell: [3083:3083:ERROR:socket_posix.cc(148)] bind() failed: Address already in use (98)
04-09 16:15:15.062  3080  3080 I cast_shell: [3083:3083:INFO:net_util_impl.cc(1041)] Platform supports dual-stack
04-09 16:15:15.079  3080  3080 I cast_shell: [3083:3083:INFO:grpc_manager_impl.cc(505)] GRPC[uri=[::]:8012]: num_pending_calls=0, num_active_handlers=1, num_free_handlers=0
04-09 16:15:15.463  3080  3080 I cast_shell: [3083:3091:ERROR:connectivity_checker_impl.cc(265)] Connectivity check failed: 400
04-09 16:15:55.257  2731  2742 E NetworkMonitor: cannot find default IPv4 route for wlan0
04-09 16:15:55.258  2731  2742 E NetworkMonitor: cannot find default IPv6 route for wlan0
04-09 16:15:58.358  2731  2742 E NetworkMonitor: no response for /bin/ping -n -I wlan0 -c 10 -w 10 8.8.8.8
04-09 16:15:58.369  2731  2742 E NetworkMonitor: no response for /bin/ping6 -n -I wlan0 -c 10 -w 10 2001:4860:4860::8888
04-09 16:15:58.370  2731  2742 E NetworkMonitor: dns resolution failed
04-09 16:16:05.791  3080  3080 I chatty  : uid=1000(chrome) /bin/logwrapper identical 50 lines
04-09 16:16:06.798  3080  3080 I cast_shell: [3083:3091:ERROR:connectivity_checker_impl.cc(265)] Connectivity check failed: 400
04-09 16:16:07.041  2733  2812 I bt_btm_ble: btm_ble_conn_complete unable to match and resolve random address
04-09 16:16:07.043  2733  2812 W bt_smp  : smp_br_connect_callback is called on unexpected transport 2
04-09 16:16:07.044  2733  2812 W bt_btif : bta_dm_acl_change info: 0x0
04-09 16:16:07.044  2733  2761 I bluetoothtbd: [0409/034607.044280:INFO:gatt_server.cc(280)] Added connection entry for conn_id: 5 device address: 44:3A:CD:B1:54:C8
04-09 16:16:07.044  2733  2761 D bt_btif_dm: remote version info [44:3a:cd:b1:54:c8]: 0, 0, 0
04-09 16:16:07.044  2733  2761 I bluetoothtbd: [0409/034607.044727:INFO:adapter.cc(719)] ACL state changed: 44:3A:CD:B1:54:C8 - connected: true
04-09 16:16:07.046  3080  3080 I cast_shell: [3083:3123:ERROR:bluetooth_v1_via_v2.cc(796)] Connection state changed. :c8 true
04-09 16:16:07.630  2733  2761 D bt_btif_scanner: btif_gatts_upstreams_evt: Unhandled event (26)
04-09 16:16:07.805  3080  3080 I cast_shell: [3083:3091:ERROR:connectivity_checker_impl.cc(265)] Connectivity check failed: 400
04-09 16:16:08.216  2733  2812 E bluetoothtbd: [0409/034608.216077:ERROR:gatt_sr.cc(743)] MTU request PDU with MTU size 515
04-09 16:16:08.216  2733  2812 W bt_l2cap: l2cble_set_fixed_channel_tx_data_length, request not supported
04-09 16:16:08.217  2733  2812 W bluetoothtbd: [0409/034608.217052:WARNING:gatt_utils.cc(837)] Call back not found for application conn_id=3
04-09 16:16:08.217  2733  2812 W bluetoothtbd: [0409/034608.217141:WARNING:gatt_utils.cc(837)] Call back not found for application conn_id=4
04-09 16:16:08.217  2733  2812 W bluetoothtbd: [0409/034608.217222:WARNING:gatt_utils.cc(837)] Call back not found for application conn_id=6
04-09 16:16:08.247  3080  3080 I cast_shell: [3083:3123:INFO:ble_setup.cc(322)] Record action: Setup.set_eureka_info.BLE.Locale
04-09 16:16:08.247  3080  3080 I cast_shell: [3083:3123:INFO:locale_manager.cc(576)] New locale: en-US
04-09 16:16:08.260  3080  3080 I cast_shell: [3083:3123:INFO:setup_state.cc(544)] EurekaInfoCalled: wifi_state=3, is_usable_ip_address=1, connected=0, is_initial_setup=1
04-09 16:16:08.260  3080  3080 I cast_shell: [3083:3123:INFO:setup_state.cc(261)] Setup state changed: SETUP_STATE_CHECKING_GLOBAL_CONNECTIVITY_BAD_ROUTER (52) -> SETUP_STATE_DISCONNECTED_EXTERNAL_CLIENT_ACCESSED (11)
04-09 16:16:08.260  3080  3080 I cast_shell: [3083:3108:INFO:media_manager_impl.cc(383)] TurnActive result: 0
04-09 16:16:08.265  2953  3158 I LibreCastControlDelegate: OnCastStatus() +++ Lyric Speaker Box 21f384:0xab253198:NOT_SETUP
04-09 16:16:08.265  2953  3158 I LibreCastControlDelegate: Device Build Number -> '1.52.272222'
04-09 16:16:08.265  2953  3158 I librecast: updateCastBuildVersion() Version 1.52.272222
04-09 16:16:08.265  2712  2719 I lucitransport: readRemoteMessage() MID char = 7 buffer = 1.52.272222
04-09 16:16:08.266  2953  3158 I LibreCastControlDelegate: Active Applications -> 0
04-09 16:16:08.266  2953  3158 I LibreCastControlDelegate: Current Cast State '2' -> 'NOT_SETUP'
04-09 16:16:08.266  2953  3158 I LibreCastControlDelegate: OnCastStatus() ---
04-09 16:16:08.266  2953  3158 I LibreCastControlDelegate: OnCastStatus() +++ Lyric Speaker Box 21f384:0xab253198:NOT_SETUP
04-09 16:16:08.266  2953  3158 I LibreCastControlDelegate: Device Build Number -> '1.52.272222'
04-09 16:16:08.266  2953  3158 I librecast: updateCastBuildVersion() Version 1.52.272222
04-09 16:16:08.266  2712  2719 I lucitransport: readRemoteMessage() MID char = 7 buffer = 1.52.272222
04-09 16:16:08.274  3080  3080 I cast_shell: [3083:3123:INFO:metrics_recorder.cc(282)] Record action: Setup.version.BLE
04-09 16:16:08.291  3080  3080 I cast_shell: [3083:3123:INFO:metrics_recorder.cc(282)] Record action: Setup.name_utf8.BLE
04-09 16:16:08.344  3080  3080 I cast_shell: [3083:3123:INFO:metrics_recorder.cc(282)] Record action: Setup.tos_accepted.BLE
04-09 16:16:08.359  3080  3080 I cast_shell: [3083:3123:INFO:metrics_recorder.cc(282)] Record action: Setup.state.BLE
04-09 16:16:08.374  3080  3080 I cast_shell: [3083:3123:INFO:metrics_recorder.cc(282)] Record action: Setup.ip_address.BLE
04-09 16:16:08.404  3080  3080 I cast_shell: [3083:3123:INFO:metrics_recorder.cc(282)] Record action: Setup.eureka_info_immutable_basic.BLE
04-09 16:16:08.450  3080  3080 I cast_shell: [3083:3123:INFO:metrics_recorder.cc(282)] Record action: Setup.eureka_info_mutable_reads.BLE
04-09 16:16:08.472  3080  3080 I cast_shell: [3083:3123:INFO:metrics_recorder.cc(282)] Record action: Setup.eureak_info_keys.BLE
04-09 16:16:08.554  3080  3080 I cast_shell: [3083:3123:INFO:metrics_recorder.cc(282)] Record action: Setup.eureka_info_immutable_basic.BLE
04-09 16:16:08.569  3080  3080 I cast_shell: [3083:3123:INFO:metrics_recorder.cc(282)] Record action: Setup.eureak_info_keys.BLE
04-09 16:16:08.637  3080  3080 I chatty  : uid=1000(chrome) /bin/logwrapper identical 1 line
04-09 16:16:08.697  3080  3080 I cast_shell: [3083:3123:INFO:metrics_recorder.cc(282)] Record action: Setup.eureak_info_keys.BLE
04-09 16:16:08.797  2733  2761 D bt_btif_scanner: btif_gatts_upstreams_evt: Unhandled event (26)
04-09 16:16:08.798  3080  3080 I cast_shell: [3083:3123:INFO:metrics_recorder.cc(282)] Record action: Setup.eureak_info_keys.BLE
04-09 16:16:08.811  3080  3080 I cast_shell: [3083:3091:ERROR:connectivity_checker_impl.cc(265)] Connectivity check failed: 400
04-09 16:16:09.042  3080  3080 I cast_shell: [3083:3123:INFO:metrics_recorder.cc(282)] Record action: Setup.eureak_info_keys.BLE
04-09 16:16:09.243  2733  2761 D bt_btif_scanner: btif_gatts_upstreams_evt: Unhandled event (26)
04-09 16:16:09.245  3080  3080 I cast_shell: [3083:3123:INFO:metrics_recorder.cc(282)] Record action: Setup.eureak_info_keys.BLE
04-09 16:16:09.319  3080  3080 I cast_shell: [3083:3123:INFO:metrics_recorder.cc(282)] Record action: Setup.i8n_info.BLE
04-09 16:16:09.694  3080  3080 I chatty  : uid=1000(chrome) /bin/logwrapper identical 5 lines
04-09 16:16:09.769  3080  3080 I cast_shell: [3083:3123:INFO:metrics_recorder.cc(282)] Record action: Setup.i8n_info.BLE
04-09 16:16:09.818  3080  3080 I cast_shell: [3083:3091:ERROR:connectivity_checker_impl.cc(265)] Connectivity check failed: 400
04-09 16:16:09.819  3080  3080 I cast_shell: [3083:3123:INFO:ble_setup.cc(322)] Record action: Setup.set_eureka_info.BLE.CountryCode
04-09 16:16:09.819  3080  3080 I cast_shell: [3083:3123:INFO:locale_manager.cc(639)] New country code: IN
04-09 16:16:09.825  2710  2710 I wpa_supplicant: wlan0: CTRL-EVENT-REGDOM-CHANGE init=USER type=COUNTRY alpha2=IN
04-09 16:16:09.827  2711  2723 I yani_server: NetLink Event '-1' Interface-Index '5' WLAN '-1' Ethernet '-1' Parsed-iFill '-1' -> 'INVALID' ifIndex '1' -> 'lo'
04-09 16:16:09.832  2711  2723 I yani_server: NetLink Event '-1' Interface-Index '5' WLAN '0' Ethernet '-1' Parsed-iFill '-1' -> 'INVALID' ifIndex '1' -> 'lo'
04-09 16:16:09.834  2953  3158 I LibreCastControlDelegate: OnCastStatus() +++ Lyric Speaker Box 21f384:0xab253198:NOT_SETUP
04-09 16:16:09.834  2953  3158 I LibreCastControlDelegate: Device Build Number -> '1.52.272222'
04-09 16:16:09.834  2953  3158 I librecast: updateCastBuildVersion() Version 1.52.272222
04-09 16:16:09.834  2712  2719 I lucitransport: readRemoteMessage() MID char = 7 buffer = 1.52.272222
04-09 16:16:09.834  2953  3158 I LibreCastControlDelegate: Active Applications -> 0
04-09 16:16:09.834  2953  3158 I LibreCastControlDelegate: Current Cast State '2' -> 'NOT_SETUP'
04-09 16:16:09.834  2953  3158 I LibreCastControlDelegate: OnCastStatus() ---
04-09 16:16:10.824  3080  3080 I cast_shell: [3083:3091:ERROR:connectivity_checker_impl.cc(265)] Connectivity check failed: 400
04-09 16:16:10.879  3080  3080 I cast_shell: [3083:3123:INFO:ble_setup.cc(322)] Record action: Setup.scan_wifi.BLE
04-09 16:16:10.880  3080  3080 I cast_shell: [3083:3123:WARNING:wifi_controller_wpa_supplicant.cc(797)] Wpa responses FAIL-BUSY, assuming it is associating, which will keep scan_results fresh.
04-09 16:16:11.831  3080  3080 I cast_shell: [3083:3091:ERROR:connectivity_checker_impl.cc(265)] Connectivity check failed: 400
04-09 16:16:12.837  3080  3080 I cast_shell: [3083:3091:ERROR:connectivity_checker_impl.cc(265)] Connectivity check failed: 400
04-09 16:16:13.178  2952  2962 D wac-main: Netlink event
04-09 16:16:13.178  2952  2962 E wac-main: Netlink event 16 Interface Index 5 
04-09 16:16:13.178  2952  2962 E wac-main: Enter poll and wait
04-09 16:16:13.179  2952  2962 D wac-main: Netlink event
04-09 16:16:13.179  2952  2962 E wac-main: Netlink event 16 Interface Index 5 
04-09 16:16:13.179  2952  2962 E wac-main: Enter poll and wait
04-09 16:16:13.179  2711  2723 I yani_kernel: yani_geteventfrom_changeaddr() Message-Id '1' Netlink event '16' Interface Index '5' -> Name 'wlan0' 
04-09 16:16:13.190  2711  2723 I yani_server: NetLink Event '-1' Interface-Index '5' WLAN '-1' Ethernet '-1' Parsed-iFill '-1' -> 'INVALID' ifIndex '1' -> 'lo'
04-09 16:16:13.192  2711  2723 I yani_server: NetLink Event '-1' Interface-Index '5' WLAN '0' Ethernet '-1' Parsed-iFill '-1' -> 'INVALID' ifIndex '1' -> 'lo'
04-09 16:16:13.195  2953  3158 I LibreCastControlDelegate: OnCastStatus() +++ Lyric Speaker Box 21f384:0xab253198:NOT_SETUP
04-09 16:16:13.195  2953  3158 I LibreCastControlDelegate: Device Build Number -> '1.52.272222'
04-09 16:16:13.844  3080  3080 I cast_shell: [3083:3091:ERROR:connectivity_checker_impl.cc(265)] Connectivity check failed: 400
04-09 16:16:14.843  3080  3080 I cast_shell: [3083:3083:INFO:grpc_manager_impl.cc(505)] GRPC[uri=[::]:0]: num_pending_calls=0, num_active_handlers=0, num_free_handlers=0
04-09 16:16:14.843  3080  3080 I cast_shell: [3083:3083:INFO:grpc_manager_impl.cc(505)] GRPC[uri=]: num_pending_calls=0, num_active_handlers=0, num_free_handlers=0
04-09 16:16:14.851  3080  3080 I cast_shell: [3083:3091:ERROR:connectivity_checker_impl.cc(265)] Connectivity check failed: 400
04-09 16:16:14.900  3080  3080 I cast_shell: [3083:3083:INFO:grpc_manager_impl.cc(505)] GRPC[uri=unix:/tmp/hcp_ipc_auth.socket]: num_pending_calls=0, num_active_handlers=10, num_free_handlers=0
04-09 16:16:14.905  3080  3080 I cast_shell: [3083:3083:INFO:grpc_manager_impl.cc(505)] GRPC[uri=unix:/tmp/modular_updater/modular_update_service]: num_pending_calls=0, num_active_handlers=0, num_free_handlers=0
04-09 16:16:14.916  3080  3080 I cast_shell: [3083:3123:INFO:ble_setup.cc(322)] Record action: Setup.scan_wifi.BLE
04-09 16:16:14.917  2711  2723 I yani_server: NetLink Event '-1' Interface-Index '5' WLAN '-1' Ethernet '-1' Parsed-iFill '-1' -> 'INVALID' ifIndex '1' -> 'lo'
04-09 16:16:14.927  3080  3080 I cast_shell: [3083:3083:INFO:metrics_recorder.cc(112)] Metrics stat: total=11
04-09 16:16:14.927  3080  3080 I cast_shell: Cast.Discovery.Mdns.ResponderPing=1
04-09 16:16:14.927  3080  3080 I cast_shell: Cast.Discovery.Mdns.SocketPing=2
04-09 16:16:14.927  3080  3080 I cast_shell: Setup.eureak_info_keys.BLE=7
04-09 16:16:14.927  3080  3080 I cast_shell: Setup.eureka_info_immutable_basic.BLE=2
04-09 16:16:14.927  3080  3080 I cast_shell: Setup.eureka_info_mutable_reads.BLE=1
04-09 16:16:14.927  3080  3080 I cast_shell: Setup.i8n_info.BLE=7
04-09 16:16:14.927  3080  3080 I cast_shell: Setup.ip_address.BLE=1
04-09 16:16:14.927  3080  3080 I cast_shell: Setup.name_utf8.BLE=1
04-09 16:16:14.927  3080  3080 I cast_shell: Setup.state.BLE=1
04-09 16:16:14.927  3080  3080 I cast_shell: Setup.tos_accepted.BLE=1
04-09 16:16:15.055  3080  3080 I cast_shell: [3083:3123:INFO:wifi_proximity.cc(177)] Request scan.
04-09 16:16:15.080  3080  3080 I cast_shell: [3083:3083:INFO:grpc_manager_impl.cc(505)] GRPC[uri=[::]:8012]: num_pending_calls=0, num_active_handlers=1, num_free_handlers=0
04-09 16:16:15.857  3080  3080 I cast_shell: [3083:3091:ERROR:connectivity_checker_impl.cc(265)] Connectivity check failed: 400
04-09 16:16:16.864  3080  3080 I chatty  : uid=1000(chrome) /bin/logwrapper identical 1 line
04-09 16:16:17.870  3080  3080 I cast_shell: [3083:3091:ERROR:connectivity_checker_impl.cc(265)] Connectivity check failed: 400
04-09 16:16:18.302  2952  2962 D wac-main: Netlink event
04-09 16:16:18.302  2952  2962 E wac-main: Netlink event 16 Interface Index 5 
04-09 16:16:18.302  2952  2962 E wac-main: Enter poll and wait
04-09 16:16:18.302  2952  2962 D wac-main: Netlink event
04-09 16:16:18.302  2952  2962 E wac-main: Netlink event 16 Interface Index 5 
04-09 16:16:18.302  2952  2962 E wac-main: Enter poll and wait
04-09 16:16:18.303  2711  2723 I yani_server: NetLink Event '-1' Interface-Index '5' WLAN '0' Ethernet '-1' Parsed-iFill '-1' -> 'INVALID' ifIndex '1' -> 'lo'
04-09 16:16:18.309  2711  2723 I chatty  : uid=0(root) YaniServer identical 3 lines
04-09 16:16:18.310  2711  2723 I yani_server: NetLink Event '-1' Interface-Index '5' WLAN '0' Ethernet '-1' Parsed-iFill '-1' -> 'INVALID' ifIndex '1' -> 'lo'
04-09 16:16:18.877  3080  3080 I cast_shell: [3083:3091:ERROR:connectivity_checker_impl.cc(265)] Connectivity check failed: 400
04-09 16:16:18.978  3080  3080 I cast_shell: [3083:3123:INFO:metrics_recorder.cc(282)] Record action: Setup.scan_results.BLE
04-09 16:16:19.053  3080  3080 I cast_shell: [3083:3123:INFO:metrics_recorder.cc(282)] Record action: Setup.scan_results.BLE
04-09 16:16:19.884  3080  3080 I cast_shell: [3083:3091:ERROR:connectivity_checker_impl.cc(265)] Connectivity check failed: 400
04-09 16:16:20.891  3080  3080 I cast_shell: [3083:3091:ERROR:connectivity_checker_impl.cc(265)] Connectivity check failed: 400
04-09 16:16:21.229  3080  3080 I cast_shell: [3083:3123:INFO:ble_setup.cc(322)] Record action: Setup.play_sound.BLE
04-09 16:16:21.232  3080  3080 I cast_shell: [3083:3102:INFO:synchronized_sound_player.cc(362)] Playing sound key 2
04-09 16:16:21.279  3080  3080 I cast_shell: [3083:3102:INFO:audio_decoder_software_wrapper.cc(86)] Using backend decoder for PCM
04-09 16:16:21.280  3080  3080 I cast_shell: [3083:3107:INFO:mixer_input_connection.cc(208)] Create 0xf4208c40 (no_delay), content type: media, focus type: media, fill size: 512, algorithm fill size: 221, channel count: 1, input sample rate: 44100, start threshold: 3087, max queue size: 8820, socket: 0xf040ea10
04-09 16:16:21.280  3080  3080 I cast_shell: [3083:3105:INFO:stream_mixer.cc(604)] Input source channel count = 1
04-09 16:16:21.280  3080  3080 I cast_shell: [3083:3106:INFO:mixer_output_stream_alsa.cc(428)] ALSA buffer = 4096, period = 512
04-09 16:16:21.280  3080  3080 I cast_shell: [3083:3105:INFO:stream_mixer.cc(607)] Dynamic channel count not enabled; using stereo
04-09 16:16:21.280  3080  3080 I cast_shell: [3083:3105:INFO:stream_mixer.cc(604)] Input source channel count = 1
04-09 16:16:21.280  3080  3080 I cast_shell: [3083:3105:INFO:stream_mixer.cc(607)] Dynamic channel count not enabled; using stereo
04-09 16:16:21.280  3080  3080 I cast_shell: [3083:3105:INFO:stream_mixer.cc(416)] Start with 0 active inputs
04-09 16:16:21.284  3080  3080 I cast_shell: [3083:3106:INFO:mixer_output_stream_alsa.cc(171)] snd_pcm_open: handle=0xf432a980
04-09 16:16:21.288  3080  3080 I cast_shell: [3083:3123:INFO:ble_setup.cc(322)] Record action: Setup.play_sound.BLE
04-09 16:16:21.290  3080  3080 I cast_shell: [3083:3102:INFO:synchronized_sound_player.cc(362)] Playing sound key 0
04-09 16:16:21.290  3080  3080 I cast_shell: [3083:3107:INFO:mixer_input_connection.cc(386)] Remove 0xf4208c40
04-09 16:16:21.296  3080  3080 I cast_shell: [3083:3106:WARNING:mixer_output_stream_alsa.cc(341)] Requested sample rate (44100 Hz) does not match the actual sample rate (48000 Hz). This may lead to lower audio quality.
04-09 16:16:21.296  3080  3080 I cast_shell: [3083:3106:INFO:mixer_output_stream_alsa.cc(346)] Sample rate changed from 0 to 48000
04-09 16:16:21.296  3080  3080 I cast_shell: [3083:3106:WARNING:mixer_output_stream_alsa.cc(379)] Requested period size (512 frames) does not match the actual period size (1024 frames). This may lead to an increase in CPU usage or an increase in audio latency.
04-09 16:16:21.296  3080  3080 I cast_shell: [3083:3106:INFO:filter_group.cc(340)] : 2ch@48000hz -> [GROUP]mix -> 2ch@48000hz
04-09 16:16:21.296  3080  3080 I cast_shell: [3083:3106:INFO:filter_group.cc(340)] [GROUP]mix: 2ch@48000hz -> [GROUP]linearize -> 2ch@48000hz
04-09 16:16:21.296  3080  3080 I cast_shell: [3083:3105:INFO:stream_mixer.cc(466)] Output 2 channels at 48000 samples per second
04-09 16:16:21.296  3080  3080 I cast_shell: [3083:3105:INFO:stream_mixer.cc(484)] Using 2 loopback channels
04-09 16:16:21.296  3080  3080 I cast_shell: [3083:3105:INFO:stream_mixer.cc(640)] Add input 0xf4208c44 to mix @ 48000 samples per second. Is primary source? = 0
04-09 16:16:21.304  3080  3080 I cast_shell: [3083:3107:INFO:mixer_input_connection.cc(243)] Delete 0xf4208c40
04-09 16:16:21.304  3080  3080 I cast_shell: [3083:3091:INFO:loopback_audio_input.cc(194)] [REALIGN] loopback interrupted; reason = 4
04-09 16:16:21.304  3080  3080 I cast_shell: [3083:3105:INFO:mixer_input.cc(361)] no_delay(0xf4208c44): set volume limits to [0, 1]
04-09 16:16:21.304  3080  3080 I cast_shell: [3083:3105:INFO:mixer_input.cc(121)] Remixing channels for 0xf4208c44 from 1 to 2
04-09 16:16:21.304  3080  3080 I cast_shell: [3083:3105:INFO:mixer_input.cc(346)] no_delay(0xf4208c44): type volume = 1, effective multiplier = 1
04-09 16:16:21.304  3080  3080 I cast_shell: [3083:3105:INFO:mixer_input.cc(395)] no_delay(0xf4208c44): mute volume = 1, effective multiplier = 1
04-09 16:16:21.304  3080  3080 I cast_shell: [3083:3105:INFO:stream_mixer.cc(683)] Remove input 0xf4208c44
04-09 16:16:21.304  3080  3080 I cast_shell: [3083:3105:INFO:stream_mixer.cc(683)] Remove input 0xf4208c44
04-09 16:16:21.305  3080  3080 I cast_shell: [3083:3083:INFO:cast_receiver_mojo.cc(844)] cast event : Cast.Platform.Audio.OutputInterrupted
04-09 16:16:21.310  3080  3080 I cast_shell: [3083:3102:INFO:audio_decoder_software_wrapper.cc(86)] Using backend decoder for PCM
04-09 16:16:21.311  3080  3080 I cast_shell: [3083:3107:INFO:mixer_input_connection.cc(208)] Create 0xf42113e8 (no_delay), content type: media, focus type: media, fill size: 512, algorithm fill size: 240, channel count: 2, input sample rate: 48000, start threshold: 3360, max queue size: 9600, socket: 0xf041e160
04-09 16:16:21.347  3080  3080 I cast_shell: [3083:3106:INFO:mixer_output_stream_alsa.cc(293)] snd_pcm_close: handle=0xf432a980
04-09 16:16:21.365  3080  3080 I cast_shell: [3083:3105:INFO:stream_mixer.cc(604)] Input source channel count = 2
04-09 16:16:21.365  3080  3080 I cast_shell: [3083:3105:INFO:stream_mixer.cc(607)] Dynamic channel count not enabled; using stereo
04-09 16:16:21.365  3080  3080 I cast_shell: [3083:3105:INFO:stream_mixer.cc(604)] Input source channel count = 2
04-09 16:16:21.365  3080  3080 I cast_shell: [3083:3105:INFO:stream_mixer.cc(607)] Dynamic channel count not enabled; using stereo
04-09 16:16:21.365  3080  3080 I cast_shell: [3083:3105:INFO:stream_mixer.cc(416)] Start with 0 active inputs
04-09 16:16:21.365  3080  3080 I cast_shell: [3083:3106:INFO:mixer_output_stream_alsa.cc(171)] snd_pcm_open: handle=0xf434de20
04-09 16:16:21.365  3080  3080 I cast_shell: [3083:3106:INFO:mixer_output_stream_alsa.cc(346)] Sample rate changed from 48000 to 48000
04-09 16:16:21.365  3080  3080 I cast_shell: [3083:3106:INFO:filter_group.cc(340)] : 2ch@48000hz -> [GROUP]mix -> 2ch@48000hz
04-09 16:16:21.365  3080  3080 I cast_shell: [3083:3106:INFO:filter_group.cc(340)] [GROUP]mix: 2ch@48000hz -> [GROUP]linearize -> 2ch@48000hz
04-09 16:16:21.365  3080  3080 I cast_shell: [3083:3102:INFO:media_pipeline_backend_for_mixer.cc(276)] Audio ready to play
04-09 16:16:21.367  3080  3080 I cast_shell: [3083:3105:INFO:stream_mixer.cc(466)] Output 2 channels at 48000 samples per second
04-09 16:16:21.367  3080  3080 I cast_shell: [3083:3105:INFO:stream_mixer.cc(484)] Using 2 loopback channels
04-09 16:16:21.367  3080  3080 I cast_shell: [3083:3105:INFO:stream_mixer.cc(640)] Add input 0xf42113ec to mix @ 48000 samples per second. Is primary source? = 0
04-09 16:16:21.367  3080  3080 I cast_shell: [3083:3105:INFO:mixer_input.cc(361)] no_delay(0xf42113ec): set volume limits to [0, 1]
04-09 16:16:21.367  3080  3080 I cast_shell: [3083:3105:INFO:mixer_input.cc(346)] no_delay(0xf42113ec): type volume = 1, effective multiplier = 1
04-09 16:16:21.367  3080  3080 I cast_shell: [3083:3105:INFO:mixer_input.cc(395)] no_delay(0xf42113ec): mute volume = 1, effective multiplier = 1
04-09 16:16:21.367  3080  3080 I cast_shell: [3083:3105:INFO:mixer_input_connection.cc(1053)] 0xf42113e8 ready for playback
04-09 16:16:21.367  3080  3080 I cast_shell: [3083:3105:INFO:mixer_input_connection.cc(705)] Start 0xf42113e8
04-09 16:16:21.897  3080  3080 I cast_shell: [3083:3091:ERROR:connectivity_checker_impl.cc(265)] Connectivity check failed: 400
04-09 16:16:22.903  3080  3080 I cast_shell: [3083:3091:ERROR:connectivity_checker_impl.cc(265)] Connectivity check failed: 400
04-09 16:16:22.952  3080  3080 I cast_shell: [3083:3105:INFO:mixer_input_connection.cc(589)] End of stream for 0xf42113e8
04-09 16:16:23.144  3080  3080 I cast_shell: [3083:3102:INFO:synchronized_sound_player.cc(496)] Finished playing sound
04-09 16:16:23.144  3080  3080 I cast_shell: [3083:3107:INFO:mixer_input_connection.cc(386)] Remove 0xf42113e8
04-09 16:16:23.207  3080  3080 I cast_shell: [3083:3107:INFO:mixer_input_connection.cc(243)] Delete 0xf42113e8
04-09 16:16:23.208  3080  3080 I cast_shell: [3083:3105:INFO:stream_mixer.cc(683)] Remove input 0xf42113ec
04-09 16:16:23.208  3080  3080 I cast_shell: [3083:3105:INFO:stream_mixer.cc(774)] Close timeout
04-09 16:16:23.208  3080  3080 I cast_shell: [3083:3105:INFO:stream_mixer.cc(541)] Stop
04-09 16:16:23.208  3080  3080 I cast_shell: [3083:3091:INFO:loopback_audio_input.cc(194)] [REALIGN] loopback interrupted; reason = 4
04-09 16:16:23.208  3080  3080 I cast_shell: [3083:3083:INFO:cast_receiver_mojo.cc(844)] cast event : Cast.Platform.Audio.OutputInterrupted
04-09 16:16:23.293  3080  3080 I cast_shell: [3083:3106:INFO:mixer_output_stream_alsa.cc(293)] snd_pcm_close: handle=0xf434de20
04-09 16:16:23.910  3080  3080 I cast_shell: [3083:3091:ERROR:connectivity_checker_impl.cc(265)] Connectivity check failed: 400
04-09 16:16:32.969  3080  3080 I chatty  : uid=1000(chrome) /bin/logwrapper identical 9 lines
04-09 16:16:33.976  3080  3080 I cast_shell: [3083:3091:ERROR:connectivity_checker_impl.cc(265)] Connectivity check failed: 400
04-09 16:16:34.560  3080  3080 I cast_shell: [3083:3123:INFO:ble_setup.cc(322)] Record action: Setup.connect_wifi.BLE
04-09 16:16:34.561  3080  3080 I cast_shell: [3083:3123:INFO:setup_manager_impl.cc(1965)] New value: pref=tos-accepted, value=1
04-09 16:16:34.566  3080  3080 I cast_shell: [3083:3123:INFO:api_connect_wifi.cc(86)] connect_wifi Auth: 7
04-09 16:16:34.566  3080  3080 I cast_shell: [3083:3123:INFO:api_connect_wifi.cc(90)] connect_wifi Cipher: 4
04-09 16:16:34.566  3080  3080 I cast_shell: [3083:3083:INFO:bluetooth_setup.cc(686)] Disabling connectability: no bonded devices.
04-09 16:16:34.566  3080  3080 I cast_shell: [3083:3083:INFO:cast_receiver_impl.cc(1100)] Leaving discovery-only mode
04-09 16:16:34.566  3080  3080 I cast_shell: [3083:3083:INFO:application_config_manager_impl.cc(566)] Enabling virtual device bd710544-5a84-5947-52a4-3aec7439bc4a
04-09 16:16:34.566  3080  3080 I cast_shell: [3083:3133:INFO:mdns_cast_service.cc(351)] Device discovery state is idle
04-09 16:16:34.566  3080  3080 I cast_shell: [3083:3133:INFO:mdns_util.cc(102)] Defaulting mDNS capabilities for audio-only build
04-09 16:16:34.579  3080  3080 I cast_shell: [3083:3123:INFO:wifi_controller_wpa_supplicant.cc(1188)] strongest_snr=24 wifi_interface_index=0
04-09 16:16:34.593  3080  3080 I cast_shell: [3083:3123:INFO:api_connect_wifi.cc(159)] [PII] Configuring wifi: ssid=Linksys16717_2G, auth=7, pairwise=4, id=0"
04-09 16:16:34.594  3080  3080 I cast_shell: [3083:3123:INFO:api_connect_wifi.cc(162)] Configuring wifi: otg =0, tethering_mode =0, wifi_auto_save_enabled=0
04-09 16:16:34.594  3080  3080 I cast_shell: [3083:3123:INFO:local_network_info_impl.cc(276)] CONNECTIVITY_ID changed:
04-09 16:16:34.595  3080  3080 I cast_shell: [3083:3083:INFO:ccs_manager_impl.cc(1799)] Connectivity ID has changed; Will re-register CCS
04-09 16:16:34.595  3080  3080 I cast_shell: [3083:3083:INFO:ccs_manager_impl.cc(851)] Network connectivity down for CcsManager
04-09 16:16:34.595  2711  2723 I yani_server: NetLink Event '-1' Interface-Index '5' WLAN '-1' Ethernet '-1' Parsed-iFill '-1' -> 'INVALID' ifIndex '1' -> 'lo'
04-09 16:16:34.597  3080  3080 I cast_shell: [3083:3123:INFO:setup_state.cc(261)] Setup state changed: SETUP_STATE_DISCONNECTED_EXTERNAL_CLIENT_ACCESSED (11) -> SETUP_STATE_SCANNING (20)
04-09 16:16:34.601  3080  3080 I cast_shell: [3083:3123:INFO:bluetooth_manager.cc(115)] Record action: Cast.Bluetooth.DiscoveryMode.Disable
04-09 16:16:34.601  2733  2761 I bluetoothtbd: [0409/034634.601041:INFO:adapter.cc(551)] Adapter properties changed
04-09 16:16:34.602  3080  3080 I cast_shell: [3083:3123:INFO:setup_state.cc(261)] Setup state changed: SETUP_STATE_SCANNING (20) -> SETUP_STATE_CHECKING_GLOBAL_CONNECTIVITY (50)
04-09 16:16:34.607  2953  3158 I LibreCastControlDelegate: OnCastStatus() +++ Lyric Speaker Box 21f384:0xab253198:OFFLINE
04-09 16:16:34.607  2953  3158 I LibreCastControlDelegate: Device Build Number -> '1.52.272222'
04-09 16:16:34.607  2953  3158 I librecast: updateCastBuildVersion() Version 1.52.272222
04-09 16:16:34.608  2712  2719 I lucitransport: readRemoteMessage() MID char = 7 buffer = 1.52.272222
04-09 16:16:34.608  2953  3158 I LibreCastControlDelegate: Active Applications -> 0
04-09 16:16:34.608  2953  3158 I LibreCastControlDelegate: Current Cast State '3' -> 'OFFLINE'
04-09 16:16:34.608  2953  3158 I LibreCastControlDelegate: OnCastStatus() ---
04-09 16:16:34.610  2953  3158 I LibreCastControlDelegate: OnCastStatus() +++ Lyric Speaker Box 21f384:0xab253198:OFFLINE
04-09 16:16:34.610  2953  3158 I LibreCastControlDelegate: Device Build Number -> '1.52.272222'
04-09 16:16:34.610  2953  3158 I librecast: updateCastBuildVersion() Version 1.52.272222
04-09 16:16:34.610  2712  2719 I lucitransport: readRemoteMessage() MID char = 7 buffer = 1.52.272222
04-09 16:16:34.610  2953  3158 I LibreCastControlDelegate: Active Applications -> 0
04-09 16:16:34.610  2953  3158 I LibreCastControlDelegate: Current Cast State '3' -> 'OFFLINE'
04-09 16:16:34.610  2953  3158 I LibreCastControlDelegate: OnCastStatus() ---
04-09 16:16:34.611  2953  3158 I LibreCastControlDelegate: OnCastStatus() +++ Lyric Speaker Box 21f384:0xab253198:OFFLINE
04-09 16:16:34.611  2953  3158 I LibreCastControlDelegate: Device Build Number -> '1.52.272222'
04-09 16:16:34.611  2953  3158 I librecast: updateCastBuildVersion() Version 1.52.272222
04-09 16:16:34.611  2712  2719 I lucitransport: readRemoteMessage() MID char = 7 buffer = 1.52.272222
04-09 16:16:34.983  3080  3080 I cast_shell: [3083:3091:ERROR:connectivity_checker_impl.cc(265)] Connectivity check failed: 400
04-09 16:16:35.133  3080  3080 I cast_shell: [3083:3123:INFO:metrics_recorder.cc(282)] Record action: Setup.version.BLE
04-09 16:16:35.163  3080  3080 I cast_shell: [3083:3123:INFO:metrics_recorder.cc(282)] Record action: Setup.tos_accepted.BLE
04-09 16:16:35.209  3080  3080 I cast_shell: [3083:3123:INFO:metrics_recorder.cc(282)] Record action: Setup.state.BLE
04-09 16:16:35.238  3080  3080 I cast_shell: [3083:3123:INFO:metrics_recorder.cc(282)] Record action: Setup.ip_address.BLE
04-09 16:16:35.568  3080  3080 I cast_shell: [3083:3083:INFO:grpc_service_discovery_impl.cc(185)] Mdns discovered google RPC for [PII](D23B92AB4B669165C18C9084B060EAE9).
04-09 16:16:35.778  3080  3080 I cast_shell: [3083:3123:INFO:metrics_recorder.cc(282)] Record action: Setup.version.BLE
04-09 16:16:35.808  3080  3080 I cast_shell: [3083:3123:INFO:metrics_recorder.cc(282)] Record action: Setup.tos_accepted.BLE
04-09 16:16:35.838  3080  3080 I cast_shell: [3083:3123:INFO:metrics_recorder.cc(282)] Record action: Setup.state.BLE
04-09 16:16:35.868  3080  3080 I cast_shell: [3083:3123:INFO:metrics_recorder.cc(282)] Record action: Setup.ip_address.BLE
04-09 16:16:35.989  3080  3080 I cast_shell: [3083:3091:ERROR:connectivity_checker_impl.cc(265)] Connectivity check failed: 400
04-09 16:16:36.408  3080  3080 I cast_shell: [3083:3123:INFO:metrics_recorder.cc(282)] Record action: Setup.version.BLE
04-09 16:16:36.438  3080  3080 I cast_shell: [3083:3123:INFO:metrics_recorder.cc(282)] Record action: Setup.tos_accepted.BLE
04-09 16:16:36.468  3080  3080 I cast_shell: [3083:3123:INFO:metrics_recorder.cc(282)] Record action: Setup.state.BLE
04-09 16:16:36.498  3080  3080 I cast_shell: [3083:3123:INFO:metrics_recorder.cc(282)] Record action: Setup.ip_address.BLE
04-09 16:16:36.571  3080  3080 I cast_shell: [3083:3133:INFO:mdns_app_filter.cc(1526)] MdnsAppFilter: Done announcing.
04-09 16:16:36.996  3080  3080 I cast_shell: [3083:3091:ERROR:connectivity_checker_impl.cc(265)] Connectivity check failed: 400
04-09 16:16:37.038  3080  3080 I cast_shell: [3083:3123:INFO:metrics_recorder.cc(282)] Record action: Setup.version.BLE
04-09 16:16:37.068  3080  3080 I cast_shell: [3083:3123:INFO:metrics_recorder.cc(282)] Record action: Setup.tos_accepted.BLE
04-09 16:16:37.098  3080  3080 I cast_shell: [3083:3123:INFO:metrics_recorder.cc(282)] Record action: Setup.state.BLE
04-09 16:16:37.128  3080  3080 I cast_shell: [3083:3123:INFO:metrics_recorder.cc(282)] Record action: Setup.ip_address.BLE
04-09 16:16:37.668  3080  3080 I cast_shell: [3083:3123:INFO:metrics_recorder.cc(282)] Record action: Setup.version.BLE
04-09 16:16:37.698  3080  3080 I cast_shell: [3083:3123:INFO:metrics_recorder.cc(282)] Record action: Setup.tos_accepted.BLE
04-09 16:16:37.728  3080  3080 I cast_shell: [3083:3123:INFO:metrics_recorder.cc(282)] Record action: Setup.state.BLE
04-09 16:16:37.758  3080  3080 I cast_shell: [3083:3123:INFO:metrics_recorder.cc(282)] Record action: Setup.ip_address.BLE
04-09 16:16:37.959  2710  2710 I wpa_supplicant: wlan0: Selected BSS :ef (level:-45 noise:-62 frequency:2427)
04-09 16:16:37.961  2710  2710 I wpa_supplicant: wlan0: SME: Trying to authenticate with c8:b3:73:44:ae:ef (SSID='Linksys16717_2G' freq=2427 MHz)
04-09 16:16:37.963  2711  2723 I yani_server: NetLink Event '-1' Interface-Index '5' WLAN '0' Ethernet '-1' Parsed-iFill '-1' -> 'INVALID' ifIndex '1' -> 'lo'
04-09 16:16:37.967  2711  2723 I chatty  : uid=0(root) YaniServer identical 4 lines
04-09 16:16:37.967  2711  2723 I yani_server: NetLink Event '-1' Interface-Index '5' WLAN '0' Ethernet '-1' Parsed-iFill '-1' -> 'INVALID' ifIndex '1' -> 'lo'
04-09 16:16:37.969  2952  2962 D wac-main: Netlink event
04-09 16:16:37.969  2952  2962 E wac-main: Netlink event 16 Interface Index 5 
04-09 16:16:37.969  2952  2962 E wac-main: Enter poll and wait
04-09 16:16:37.969  2952  2962 D wac-main: Netlink event
04-09 16:16:37.970  2952  2962 E wac-main: Netlink event 16 Interface Index 5 
04-09 16:16:37.970  2952  2962 E wac-main: Enter poll and wait
04-09 16:16:37.970  2711  2723 I yani_kernel: yani_geteventfrom_changeaddr() Message-Id '1' Netlink event '16' Interface Index '5' -> Name 'wlan0' 
04-09 16:16:37.980  2711  2723 I yani_kernel: yani_geteventfrom_changeaddr() Message-Id '1' Netlink event '16' Interface Index '5' -> Name 'wlan0' 
04-09 16:16:37.980  2710  2710 I wpa_supplicant: wlan0: Trying to associate with c8:b3:73:44:ae:ef (SSID='Linksys16717_2G' freq=2427 MHz)
04-09 16:16:37.983  2711  2723 I yani_server: NetLink Event '-1' Interface-Index '5' WLAN '-1' Ethernet '-1' Parsed-iFill '-1' -> 'INVALID' ifIndex '1' -> 'lo'
04-09 16:16:38.003  3160  3160 I hostapd : p2p0: IEEE 802.11 driver had channel switch: freq=2427, ht=1, vht_ch=0x0, offset=0, width=1 (20 MHz), cf1=2427, cf2=0
04-09 16:16:38.024  2978  2978 I hostapd : p2p1: IEEE 802.11 driver had channel switch: freq=2427, ht=1, vht_ch=0x0, offset=0, width=1 (20 MHz), cf1=2427, cf2=0
04-09 16:16:38.026  2710  2710 I wpa_supplicant: wlan0: Associated with c8:b3:73:44:ae:ef
04-09 16:16:38.026  2710  2710 I wpa_supplicant: wlan0: CTRL-EVENT-SUBNET-STATUS-UPDATE status=0
04-09 16:16:38.028  2710  2710 I wpa_supplicant: wlan0: WPA: RX message 1 of 4-Way Handshake from c8:b3:73:44:ae:ef (ver=2)
04-09 16:16:38.028  2711  2723 I yani_server: NetLink Event '-1' Interface-Index '5' WLAN '0' Ethernet '-1' Parsed-iFill '-1' -> 'INVALID' ifIndex '1' -> 'lo'
04-09 16:16:38.028  2710  2710 I wpa_supplicant: wlan0: WPA: Sending EAPOL-Key 2/4
04-09 16:16:38.031  2952  2962 D wac-main: Netlink event
04-09 16:16:38.031  2952  2962 E wac-main: Netlink event 16 Interface Index 5 
04-09 16:16:38.031  2952  2962 E wac-main: Enter poll and wait
04-09 16:16:38.031  2952  2962 D wac-main: Netlink event
04-09 16:16:38.031  2952  2962 E wac-main: Netlink event 16 Interface Index 5 
04-09 16:16:38.031  2952  2962 E wac-main: Enter poll and wait
04-09 16:16:38.031  2952  2962 D wac-main: Netlink event
04-09 16:16:38.031  2952  2962 E wac-main: Netlink event 16 Interface Index 5 
04-09 16:16:38.033  2712  2719 I lucitransport: readRemoteMessage() MID char = 7 buffer = 1.52.272222
