04-09 15:36:11.197  3082  3082 I cast_shell: [3085:3124:INFO:gatt_client_manager_impl.cc(202)] Enabling GATT client connectability
04-09 15:36:11.197  2959  2989 I otamanager: OTAManager connected to CastUpdater via  /tmp/socket/system_updater
04-09 15:36:11.197  2959  2989 I otamanager: cast_updater_threadEntry socket handle 5
04-09 15:36:11.493  2953  3024 I LibreCastControl: LibreCastControl_init() Socket Initialized
04-09 15:36:11.502  2953  3024 E LibreCastControl: PULSAR:CreateCastControlThread:18
04-09 15:36:11.503  2953  3024 E LibreCastControl: Create LibreCastLUCITimerThreadInit 
04-09 15:36:11.503  2953  3162 E LibreCastControl: PULSAR:Run:23
04-09 15:36:11.504  2953  3163 E LibreCastControl: Timer Sem Wait Start iCastPlayerstate = 0 
04-09 15:36:11.518  2691  2691 I sh      : [0409/030611.517790:INFO:cast_control_impl.cc(744)] CastControl has started running.
04-09 15:36:11.519  2691  2691 I sh      : [0409/030611.518733:INFO:cast_control_impl.cc(745)] Attempting to connect CastMessageService. socket=/tmp/cast-control
04-09 15:36:11.521  2953  3162 I LibreCastControlDelegate: OnCastStatus() +++ :0xab204198:STARTING
04-09 15:36:11.521  2953  3162 E LibreCastControlDelegate: OnCastStatus:177
04-09 15:36:11.521  2691  2691 I sh      : [0409/030611.521629:INFO:cast_control_socket.cc(64)] Successfully connected Cast Control Socket
04-09 15:36:11.523  2953  3162 I LibreCastControl: LibreCastControl_SetCastName()  name 'Lyric Speaker Box 21f384' RequestId '1' pCastControl 0xf4900728
04-09 15:36:11.523  2953  3162 I LibreCastControlDelegate: Active Applications -> 0
04-09 15:36:11.523  2953  3162 I LibreCastControlDelegate: Current Cast State '1' -> 'STARTING'
04-09 15:36:11.523  2953  3162 I LibreCastControlDelegate: OnCastStatus() ---
04-09 15:36:11.523  2691  2691 I sh      : [0409/030611.523764:INFO:cast_message_service_impl.cc(185)] Sending connect message!
04-09 15:36:11.528  3082  3082 I cast_shell: [3085:3135:INFO:metrics_recorder.cc(282)] Cast v2 action(socket_id=domain-socket@/tmp/cast-control.1): CastV2.Connection.Connect.In
04-09 15:36:11.528  3082  3082 I cast_shell: [3085:3085:INFO:resource_namespace_handler.cc(307)] Setting resource provider: sender_id=domain-socket@/tmp/cast-control.1:system-0
04-09 15:36:11.528  2691  2691 I sh      : [0409/030611.528795:INFO:cast_message_service_impl.cc(1007)] CastMessageServiceImpl matched versions
04-09 15:36:11.673  2732  2742 I WifiUtil: get p2p0 channel 6 (2437MHz)
04-09 15:36:11.674  2732  2742 I HotspotManager: start hostapd at channel=6 SSID=<SSID omitted> hidden_ssid=0
04-09 15:36:11.689  3082  3082 I cast_shell: [3085:3134:INFO:metrics_recorder.cc(282)] cast event: Cast.Discovery.Mdns.SocketCreated
04-09 15:36:11.689  2952  2963 D wac-main: Netlink event
04-09 15:36:11.689  3082  3082 I cast_shell: [3085:3134:INFO:mdns_app_filter.cc(1254)] Created mDNS socket for interface:name=p2p1, address=192.168.2.1, index=7
04-09 15:36:11.689  3082  3082 I cast_shell: [3085:3134:INFO:metrics_recorder.cc(282)] cast event: Cast.Discovery.Mdns.SocketCreated
04-09 15:36:11.689  3082  3082 I cast_shell: [3085:3134:INFO:mdns_app_filter.cc(1254)] Created mDNS socket for interface:name=usb0, address=192.168.10.1, index=9
04-09 15:36:11.689  3082  3082 I cast_shell: [3085:3134:INFO:mdns_app_filter.cc(977)] MdnsAppFilter is starting.
04-09 15:36:11.689  2952  2963 E wac-main: Netlink event 20 Interface Index 6 
04-09 15:36:11.723  2953  3162 I LibreCastControlDelegate: Active Applications -> 0
04-09 15:36:11.723  2953  3162 I LibreCastControlDelegate: Current Cast State '2' -> 'NOT_SETUP'
04-09 15:36:11.723  2953  3162 I LibreCastControlDelegate: OnCastStatus() ---
04-09 15:36:11.723  2691  2691 I sh      : [0409/030611.723710:INFO:cast_message_service_impl.cc(1037)] Received initial eureka info
04-09 15:36:11.726  2691  2691 I sh      : [0409/030611.726218:INFO:cast_message_service_impl.cc(1067)] Received initial receiver info
04-09 15:36:11.726  2691  2691 I sh      : [0409/030611.726482:INFO:cast_message_service_impl.cc(1073)] Sent PlatformSettingsRegister message
04-09 15:36:11.726  2953  3162 I LibreCastControlDelegate: OnControlConnected()
04-09 15:36:11.752  2953  3162 I LibreCastControl: LibreCastControl_RequestGVAStatus() RequestId '4' pCastControl 0xf4900728
04-09 15:36:11.753  2691  2691 I sh      : [0409/030611.752207:INFO:cast_message_service_impl.cc(1076)] CastMessageServiceImpl is ready
04-09 15:36:11.753  3082  3082 I cast_shell: [3085:3085:INFO:assistant_namespace_handler.cc(144)] Added a status listening peer for assistant namespace: domain-socket@/tmp/cast-control.1:system-0
04-09 15:36:11.754  2953  3162 I LibreCastControlDelegate: OnResponse() ReqeustID 4, error  0
04-09 15:36:12.515  3082  3082 I cast_shell: [3085:3137:INFO:multizone_manager.cc(1889)] Initial discovery complete
04-09 15:36:12.516  3082  3082 I cast_shell: [3085:3134:INFO:mdns_app_filter.cc(1605)] Re-probing due to newly registered service '3': _googlezone
04-09 15:36:12.516  3082  3082 I cast_shell: [3085:3085:INFO:mdns_manager_impl.cc(311)] Successfully registered service: type=_googlezone
04-09 15:36:12.567  2710  2722 I yani_server: doLotofWork() List of interface '4'
04-09 15:36:12.567  2710  2722 I yani_server: doLotofWork() Interface 'p2p0' ifr[0].ifr_name 'lo' ipaddress '127.0.0.1'
04-09 15:36:12.567  2710  2722 I yani_server: doLotofWork() Interface 'p2p0' ifr[1].ifr_name 'p2p0' ipaddress '192.168.255.249'
04-09 15:36:12.567  2710  2722 I yani_server: doLotofWork() returns 'REFILL WACMODE'
04-09 15:36:12.567  2710  2722 E yani_server: YANI: I am Done Wait For Event 
04-09 15:36:12.567  2710  2722 I yani_kernel: yani_geteventfrom_changeaddr() Message-Id '1' Netlink event '21' Interface Index '6' -> Name 'p2p0' 
04-09 15:36:12.567  2710  2815 I yani_server: onNetworkParametersChanged() WAC Mode '1'  Index '2' Interface 'p2p0' Status '1'
04-09 15:36:12.570  2729  2746 I MB_HANDLER: YaniAlert() Interface '4' Status '1'
04-09 15:36:12.570  3167  3167 I dnsmasq : started, version 2.51 DNS disabled
04-09 15:36:12.571  3167  3167 I dnsmasq : compile time options: no-IPv6 GNU-getopt no-DBus no-I18N DHCP no-scripts no-TFTP
04-09 15:36:12.576  2953  3162 I LibreCastControlDelegate: OnResponse() ReqeustID 1, error  0
04-09 15:36:12.582  2711  2719 E luciUART: UART:aa
04-09 15:36:12.582  2711  2719 E luciUART: UART:aa
04-09 15:36:12.583  2711  2719 E luciUART: UART:5f
04-09 15:36:12.583  2711  2719 I luciUART: Previous Packet read contd., 
04-09 15:36:12.583  2711  2719 E luciUART: UART:73
04-09 15:36:12.583  2711  2719 I luciUART: Previous Packet read contd., 
04-09 15:36:12.584  2711  2719 E luciUART: UART:73
04-09 15:36:12.584  2711  2719 I luciUART: Previous Packet read contd., 
04-09 15:36:12.584  2711  2719 E luciUART: UART:69
04-09 15:36:12.584  2711  2719 I luciUART: Previous Packet read contd., 
04-09 15:36:12.584  2711  2719 E luciUART: UART:64
04-09 15:36:12.584  2711  2720 E LUCI_SERVER: Luci Server Thread wait over MID 208....
04-09 15:36:12.584  2711  2720 E LUCI_SERVER: Got NV name : ssid
04-09 15:36:12.586  2710  2722 I yani_server: NetLink Event '5' Interface-Index '6' WLAN '-1' Ethernet '-1' Parsed-iFill '5' -> 'P2P0 DISCONNECTED' ifIndex '2' -> 'tunl0'
04-09 15:36:12.586  2952  2963 D wac-main: Netlink event
04-09 15:36:12.586  2952  2963 E wac-main: Netlink event 16 Interface Index 6 
04-09 15:36:12.586  2952  2963 E wac-main: p2p0 event Link Changed : 1002 
04-09 15:36:12.586  2952  2963 E wac-main: Enter poll and wait
04-09 15:36:12.588  2711  2720 I luciUART: write() MID = 208  bytes = 15 data = ssid: m_fd = 0x6
04-09 15:36:12.588  2711  2720 E LUCI_SERVER: NV_READ response= ssid:
04-09 15:36:12.588  2711  2720 E LUCI_SERVER: Luci Server Thread waiting for packets....
04-09 15:36:12.593  2730  2730 E AirableUIHelper: AirableUIHelper::YaniAlert  3 0 
04-09 15:36:12.593  2959  2974 I otamanager: YaniAlert() Interface 3 Status Down
04-09 15:36:12.594  2955  2988 I airplay-main: YaniAlert Interface 3 Status 0
04-09 15:36:12.595  2710  2722 I yani_server: NetLink Event '6' Interface-Index '6' WLAN '-1' Ethernet '-1' Parsed-iFill '6' -> 'P2P0 CONNECTED' ifIndex '2' -> 'tunl0'
04-09 15:36:12.601  2711  2719 E luciUART: UART:aa
04-09 15:36:12.601  2711  2719 E luciUART: UART:aa
04-09 15:36:12.601  2711  2719 E luciUART: UART:2
04-09 15:36:12.601  2711  2719 E luciUART: UART:0
04-09 15:36:12.601  2711  2719 E luciUART: UART:d0
04-09 15:36:12.601  2711  2719 E luciUART: UART:0
04-09 15:36:12.601  2711  2719 I chatty  : uid=0(root) UARTLUCIControl identical 2 lines
04-09 15:36:12.601  2711  2719 E luciUART: UART:0
04-09 15:36:12.601  2711  2719 E luciUART: UART:9
04-09 15:36:12.601  2711  2719 I luciUART: read() RemoteID = 43690 Command = 208 Type = 2 Status = 0 DataLen = 9
04-09 15:36:12.601  2711  2719 E luciUART: Error: full data not available yet! readBytes 0
04-09 15:36:12.601  2711  2719 I luciUART: Previous Packet read contd., 
04-09 15:36:12.602  2711  2719 E luciUART: UART:52
04-09 15:36:12.602  2711  2719 I luciUART: Previous Packet read contd., 
04-09 15:36:12.602  2711  2719 E luciUART: UART:45
04-09 15:36:12.602  2711  2719 I luciUART: Previous Packet read contd., 
04-09 15:36:12.602  2711  2719 E luciUART: UART:41
04-09 15:36:12.602  2711  2719 I luciUART: Previous Packet read contd., 
04-09 15:36:12.602  2711  2719 E luciUART: UART:44
04-09 15:36:12.602  2711  2719 I luciUART: Previous Packet read contd., 
04-09 15:36:12.602  2711  2719 E luciUART: UART:5f
04-09 15:36:12.602  2711  2719 I luciUART: Previous Packet read contd., 
04-09 15:36:12.602  2711  2719 E luciUART: UART:73
04-09 15:36:12.602  2711  2719 I luciUART: Previous Packet read contd., 
04-09 15:36:12.602  2711  2719 E luciUART: UART:73
04-09 15:36:12.602  2711  2719 I luciUART: Previous Packet read contd., 
04-09 15:36:12.602  2711  2719 E luciUART: UART:69
04-09 15:36:12.602  2711  2719 I luciUART: Previous Packet read contd., 
04-09 15:36:12.602  2711  2719 E luciUART: UART:64
04-09 15:36:12.602  2711  2720 E LUCI_SERVER: Luci Server Thread wait over MID 208....
04-09 15:36:12.602  2711  2720 E LUCI_SERVER: Got NV name : ssid
04-09 15:36:12.604  2711  2720 I luciUART: write() MID = 208  bytes = 15 data = ssid: m_fd = 0x6
04-09 15:36:12.604  2711  2720 E LUCI_SERVER: NV_READ response= ssid:
04-09 15:36:12.604  2711  2720 E LUCI_SERVER: Luci Server Thread waiting for packets....
04-09 15:36:13.064  2732  2742 E WifiUtil: command: "SCAN" failed: FAIL-BUSY
04-09 15:36:13.064  2732  2742 W HotspotManager: hotspot already started
04-09 15:36:13.064  2710  2722 I yani_server: doLotofWork() List of interface '4'
04-09 15:36:13.064  2710  2722 I yani_server: doLotofWork() Interface 'p2p0' ifr[0].ifr_name 'lo' ipaddress '127.0.0.1'
04-09 15:36:13.064  2710  2722 I yani_server: doLotofWork() Interface 'p2p0' ifr[1].ifr_name 'p2p0' ipaddress '192.168.255.249'
04-09 15:36:13.064  2710  2722 I yani_server: doLotofWork() returns 'REFILL WACMODE'
04-09 15:36:13.064  2710  2722 E yani_server: YANI: I am Done Wait For Event 
04-09 15:36:13.064  2710  2815 I yani_server: onNetworkParametersChanged() WAC Mode '1'  Index '2' Interface 'p2p0' Status '1'
04-09 15:36:13.065  2729  2746 I MB_HANDLER: YaniAlert() Interface '4' Status '1'
04-09 15:36:13.108  2953  3162 I LibreCastControlDelegate: OnCastStatus() +++ Lyric Speaker Box 21f384:0xab204198:NOT_SETUP
04-09 15:36:13.108  2953  3162 I LibreCastControlDelegate: Device Build Number -> '1.52.272222'
04-09 15:36:13.108  2953  3162 I librecast: updateCastBuildVersion() Version 1.52.272222
04-09 15:36:13.108  2711  2718 I lucitransport: readRemoteMessage() MID char = 7 buffer = 1.52.272222
04-09 15:36:13.109  3082  3082 I cast_shell: [3085:3085:INFO:multizone_setup.cc(328)] Configured audio output delay changed. User delay = 0 s, OEM delay = 0.08 s, HDMI delay = 0 s
04-09 15:36:13.111  2953  3162 I LibreCastControlDelegate: Active Applications -> 0
04-09 15:36:13.111  2953  3162 I LibreCastControlDelegate: Current Cast State '2' -> 'NOT_SETUP'
04-09 15:36:13.111  2953  3162 I LibreCastControlDelegate: OnCastStatus() ---
04-09 15:36:13.122  2952  2963 D wac-main: Netlink event
04-09 15:36:13.122  2952  2963 E wac-main: Netlink event 16 Interface Index 6 
04-09 15:36:13.122  2952  2963 E wac-main: p2p0 event Link Changed : 11043 
04-09 15:36:13.122  2952  2963 E wac-main: p2p0 Changed Up 
04-09 15:36:13.123  2710  2722 I yani_kernel: yani_geteventfrom_changeaddr() Message-Id '1' Netlink event '16' Interface Index '6' -> Name 'p2p0' 
04-09 15:36:13.124  2952  2963 I wifiapi : newconn : 0xf4b00718
04-09 15:36:13.124  2952  2963 I wifiapi : 'STATUS' command returned = 0
04-09 15:36:13.125  2952  2963 E wac-main: current wifi status : 10
04-09 15:36:13.127  2953  3162 I LibreCastControlDelegate: OnCastStatus() +++ Lyric Speaker Box 21f384:0xab204198:NOT_SETUP
04-09 15:36:13.127  2953  3162 I LibreCastControlDelegate: Device Build Number -> '1.52.272222'
04-09 15:36:13.127  2953  3162 I librecast: updateCastBuildVersion() Version 1.52.272222
04-09 15:36:13.127  2711  2718 I lucitransport: readRemoteMessage() MID char = 7 buffer = 1.52.272222
04-09 15:36:13.128  2953  3162 I LibreCastControlDelegate: Active Applications -> 0
04-09 15:36:13.128  2953  3162 I LibreCastControlDelegate: Current Cast State '2' -> 'NOT_SETUP'
04-09 15:36:13.128  2953  3162 I LibreCastControlDelegate: OnCastStatus() ---
04-09 15:36:13.128  2953  3162 I LibreCastControlDelegate: OnResponse() ReqeustID 5, error  0
04-09 15:36:13.128  2953  3162 I LibreCastControlDelegate: OnCastStatus() +++ Lyric Speaker Box 21f384:0xab204198:NOT_SETUP
04-09 15:36:13.128  2953  3162 I LibreCastControlDelegate: Device Build Number -> '1.52.272222'
04-09 15:36:13.128  2953  3162 I librecast: updateCastBuildVersion() Version 1.52.272222
04-09 15:36:14.060  3082  3082 I cast_shell: [3085:3093:ERROR:connectivity_checker_impl.cc(265)] Connectivity check failed: 400
04-09 15:36:14.077  3082  3082 I cast_shell: [3085:3124:INFO:ble_setup.cc(789)] Missing required info for sign.
04-09 15:36:14.079  3082  3082 I cast_shell: [3085:3124:INFO:gatt_client_manager_impl.cc(202)] Enabling GATT client connectability
04-09 15:36:14.312  3082  3082 I cast_shell: [3085:3134:INFO:mdns_app_filter.cc(1403)] MdnsAppFilter: Done probing.
04-09 15:36:15.066  3082  3082 I cast_shell: [3085:3093:ERROR:connectivity_checker_impl.cc(265)] Connectivity check failed: 400
04-09 15:36:15.078  3082  3082 I cast_shell: [3085:3124:INFO:ble_setup.cc(789)] Missing required info for sign.
04-09 15:36:15.080  3082  3082 I cast_shell: [3085:3124:INFO:gatt_client_manager_impl.cc(202)] Enabling GATT client connectability
04-09 15:36:15.317  3082  3082 I cast_shell: [3085:3085:INFO:grpc_service_discovery_impl.cc(185)] Mdns discovered google RPC for [PII](1FC95B92FE103D77AED1DCCC0AF3D118).
04-09 15:36:15.392  3082  3082 I cast_shell: [3085:3085:INFO:crypto_manager.cc(278)] Public key: MIIBCgKCAQEArTiRc4ogSpILXWzGmnbgEq5xmHEqdJG6BFGNTUCrMvsYHAj2iLfiAXU5sGs4mF9DQEV7If6L1fVuZnMtUd1cz+MQY6dcw4vqfdP2+waysaxu+gAxbYAVSWvxYBvXN0MEker3fnWG6mk5OgwRCmXGH9La++P0QTx1L8KUNTXJLq1IMMCmcGHV5WNHM5/Sz+LZYxv17ezP0EA3hZFhVqN690P8vjR1SBA9XLgdw9eYlBdfIWWdqvo4jbRHBVvqO97XO2T+qdB6eHNlDaJl1c/NEfZTXZpU5pyMZgEAnpzqyr6wQb4B37xJKNWL6xHeJoezCbh1jP5Wzz0KkJ1arLdEtQIDAQAB
04-09 15:36:15.392  3082  3082 I cast_shell: [3085:3085:INFO:crypto_manager.cc(289)] Public modulus: rTiRc4ogSpILXWzGmnbgEq5xmHEqdJG6BFGNTUCrMvsYHAj2iLfiAXU5sGs4mF9DQEV7If6L1fVuZnMtUd1cz-MQY6dcw4vqfdP2-waysaxu-gAxbYAVSWvxYBvXN0MEker3fnWG6mk5OgwRCmXGH9La--P0QTx1L8KUNTXJLq1IMMCmcGHV5WNHM5_Sz-LZYxv17ezP0EA3hZFhVqN690P8vjR1SBA9XLgdw9eYlBdfIWWdqvo4jbRHBVvqO97XO2T-qdB6eHNlDaJl1c_NEfZTXZpU5pyMZgEAnpzqyr6wQb4B37xJKNWL6xHeJoezCbh1jP5Wzz0KkJ1arLdEtQ
04-09 15:36:15.392  3082  3082 I cast_shell: [3085:3085:INFO:crypto_manager.cc(294)] Public exponent: AQAB
04-09 15:36:16.073  3082  3082 I cast_shell: [3085:3093:ERROR:connectivity_checker_impl.cc(265)] Connectivity check failed: 400
04-09 15:36:16.080  3082  3082 I cast_shell: [3085:3124:INFO:ble_setup.cc(789)] Missing required info for sign.
04-09 15:36:16.123  3082  3082 I cast_shell: [3085:3124:INFO:gatt_client_manager_impl.cc(202)] Enabling GATT client connectability
04-09 15:36:16.123  3082  3082 I cast_shell: [3085:3124:INFO:ble_setup.cc(915)] Sign related info completed, no future EurekaInfo need sign.
04-09 15:36:16.125  2952  2963 E wac-main: Enter poll and wait
04-09 15:36:16.126  3082  3082 I cast_shell: [3085:3124:INFO:gatt_client_manager_impl.cc(202)] Enabling GATT client connectability
04-09 15:36:16.126  3082  3082 I chatty  : uid=1000(chrome) /bin/logwrapper identical 1 line
04-09 15:36:16.126  3082  3082 I cast_shell: [3085:3124:INFO:gatt_client_manager_impl.cc(202)] Enabling GATT client connectability
04-09 15:36:16.127  2734  2764 E bt_btif : BTA_GATTS_AddService: rcb_idx = 0
04-09 15:36:16.127  2734  2764 I bluetoothtbd: [0409/030616.127330:INFO:gatt_api.cc(207)] GATTS_AddService
04-09 15:36:16.127  2734  2764 I bluetoothtbd: [0409/030616.127742:INFO:gatt_api.cc(317)] GATTS_AddService: service parsed correctly, now starting
04-09 15:36:16.130  3082  3082 I cast_shell: [3085:3124:INFO:ble_setup_manager.cc(744)] Started Bluetooth service
04-09 15:36:16.318  3082  3082 I cast_shell: [3085:3134:INFO:mdns_app_filter.cc(1526)] MdnsAppFilter: Done announcing.
04-09 15:36:16.427  3082  3082 I cast_shell: [3085:3093:INFO:parent_tracker.cc(291)] [PII](1FC95B92FE103D77AED1DCCC0AF3D118) Become root
04-09 15:36:16.427  3082  3082 I cast_shell: [3085:3093:INFO:directory_service_impl.cc(200)] This device became root
04-09 15:36:17.079  3082  3082 I cast_shell: [3085:3093:ERROR:connectivity_checker_impl.cc(265)] Connectivity check failed: 400
04-09 15:36:20.099  3082  3082 I chatty  : uid=1000(chrome) /bin/logwrapper identical 3 lines
04-09 15:36:21.107  3082  3082 I cast_shell: [3085:3093:ERROR:connectivity_checker_impl.cc(265)] Connectivity check failed: 400
04-09 15:36:21.201  3082  3082 I cast_shell: [3085:3124:ERROR:setup_state.cc(424)] Timeout for state=SETUP_STATE_CHECKING_GLOBAL_CONNECTIVITY(50): move to state=SETUP_STATE_CHECKING_GLOBAL_CONNECTIVITY_BAD_ROUTER(52).
04-09 15:36:21.201  3082  3082 I cast_shell: [3085:3124:INFO:setup_state.cc(261)] Setup state changed: SETUP_STATE_CHECKING_GLOBAL_CONNECTIVITY (50) -> SETUP_STATE_CHECKING_GLOBAL_CONNECTIVITY_BAD_ROUTER (52)
04-09 15:36:21.218  2953  3162 I LibreCastControlDelegate: OnCastStatus() +++ Lyric Speaker Box 21f384:0xab204198:NOT_SETUP
04-09 15:36:21.218  2953  3162 I LibreCastControlDelegate: Device Build Number -> '1.52.272222'
04-09 15:36:21.218  2953  3162 I librecast: updateCastBuildVersion() Version 1.52.272222
04-09 15:36:21.219  2711  2718 I lucitransport: readRemoteMessage() MID char = 7 buffer = 1.52.272222
04-09 15:36:21.219  2953  3162 I LibreCastControlDelegate: Active Applications -> 0
04-09 15:36:21.219  2953  3162 I LibreCastControlDelegate: Current Cast State '2' -> 'NOT_SETUP'
04-09 15:36:21.219  2953  3162 I LibreCastControlDelegate: OnCastStatus() ---
04-09 15:36:22.113  3082  3082 I cast_shell: [3085:3093:ERROR:connectivity_checker_impl.cc(265)] Connectivity check failed: 400
04-09 15:36:47.057  2732  2741 E NetworkMonitor: cannot find default IPv4 route for wlan0
04-09 15:36:47.057  2732  2741 E NetworkMonitor: cannot find default IPv6 route for wlan0
04-09 15:36:50.133  2732  2741 E NetworkMonitor: no response for /bin/ping -n -I wlan0 -c 10 -w 10 8.8.8.8
04-09 15:36:50.145  2732  2741 E NetworkMonitor: no response for /bin/ping6 -n -I wlan0 -c 10 -w 10 2001:4860:4860::8888
04-09 15:36:50.147  2732  2741 E NetworkMonitor: dns resolution failed
04-09 15:36:50.148  2732  2741 I NetworkMonitor: Cast.Wifi.Failure.Type 7
04-09 15:37:09.423  3082  3082 I chatty  : uid=1000(chrome) /bin/logwrapper identical 47 lines
04-09 15:37:10.430  3082  3082 I cast_shell: [3085:3093:ERROR:connectivity_checker_impl.cc(265)] Connectivity check failed: 400
04-09 15:37:10.850  3082  3082 I cast_shell: [3085:3085:INFO:grpc_manager_impl.cc(505)] GRPC[uri=[::]:0]: num_pending_calls=0, num_active_handlers=0, num_free_handlers=0
04-09 15:37:10.850  3082  3082 I cast_shell: [3085:3085:INFO:gcm_manager.cc(269)] Disabling GCM Driver
04-09 15:37:10.850  3082  3082 I cast_shell: [3085:3085:INFO:grpc_manager_impl.cc(505)] GRPC[uri=]: num_pending_calls=0, num_active_handlers=0, num_free_handlers=0
04-09 15:37:10.899  3082  3082 I cast_shell: [3085:3085:INFO:grpc_manager_impl.cc(505)] GRPC[uri=unix:/tmp/hcp_ipc_auth.socket]: num_pending_calls=0, num_active_handlers=10, num_free_handlers=0
04-09 15:37:10.904  3082  3082 I cast_shell: [3085:3085:INFO:grpc_manager_impl.cc(505)] GRPC[uri=unix:/tmp/modular_updater/modular_update_service]: num_pending_calls=0, num_active_handlers=0, num_free_handlers=0
04-09 15:37:10.927  3082  3082 I cast_shell: [3085:3085:INFO:metrics_recorder.cc(112)] Metrics stat: total=13
04-09 15:37:10.927  3082  3082 I cast_shell: Cast.Discovery.Mdns.ResponderStarted=2
04-09 15:37:10.927  3082  3082 I cast_shell: Cast.Discovery.Mdns.ResponderStopped=1
04-09 15:37:10.927  3082  3082 I cast_shell: Cast.Discovery.Mdns.SocketCreated=4
04-09 15:37:10.927  3082  3082 I cast_shell: Cast.Discovery.Mdns.SocketDestroyed=2
04-09 15:37:10.927  3082  3082 I cast_shell: Cast.System.Timezone.ChangeSuccessful=1
04-09 15:37:10.927  3082  3082 I cast_shell: CastV2.Connection.Connect.In=1
04-09 15:37:10.927  3082  3082 I cast_shell: CastV2.Receiver.DeviceStatus.Out=5
04-09 15:37:10.927  3082  3082 I cast_shell: CastV2.Receiver.DeviceStatus.Out.Broadcast=2
04-09 15:37:10.927  3082  3082 I cast_shell: CastV2.Receiver.GetStatus.In=1
04-09 15:37:10.927  3082  3082 I cast_shell: CastV2.Resource.Provider.In=1
04-09 15:37:11.025  3082  3082 I cast_shell: [3085:3085:INFO:metrics_recorder_impl.cc(672)] Activated server experiments: []
04-09 15:37:11.027  3082  3082 I cast_shell: [3085:3085:INFO:cast_logs_metrics_provider.cc(59)] netif is ipv4
04-09 15:37:11.027  3082  3082 I cast_shell: [3085:3085:ERROR:socket_posix.cc(148)] bind() failed: Address already in use (98)
04-09 15:37:11.028  3082  3082 I cast_shell: [3085:3085:INFO:net_util_impl.cc(1041)] Platform supports dual-stack
04-09 15:37:11.050  3082  3082 I cast_shell: [3085:3085:INFO:grpc_manager_impl.cc(505)] GRPC[uri=[::]:8012]: num_pending_calls=0, num_active_handlers=1, num_free_handlers=0
04-09 15:37:11.437  3082  3082 I cast_shell: [3085:3093:ERROR:connectivity_checker_impl.cc(265)] Connectivity check failed: 400
04-09 15:37:51.160  2732  2741 E NetworkMonitor: cannot find default IPv4 route for wlan0
04-09 15:37:51.160  2732  2741 E NetworkMonitor: cannot find default IPv6 route for wlan0
04-09 15:37:54.260  2732  2741 E NetworkMonitor: no response for /bin/ping -n -I wlan0 -c 10 -w 10 8.8.8.8
04-09 15:37:54.271  2732  2741 E NetworkMonitor: no response for /bin/ping6 -n -I wlan0 -c 10 -w 10 2001:4860:4860::8888
04-09 15:37:54.272  2732  2741 E NetworkMonitor: dns resolution failed
04-09 15:38:09.820  3082  3082 I chatty  : uid=1000(chrome) /bin/logwrapper identical 58 lines
04-09 15:38:10.827  3082  3082 I cast_shell: [3085:3093:ERROR:connectivity_checker_impl.cc(265)] Connectivity check failed: 400
04-09 15:38:10.850  3082  3082 I cast_shell: [3085:3085:INFO:grpc_manager_impl.cc(505)] GRPC[uri=[::]:0]: num_pending_calls=0, num_active_handlers=0, num_free_handlers=0
04-09 15:38:10.850  3082  3082 I cast_shell: [3085:3085:INFO:grpc_manager_impl.cc(505)] GRPC[uri=]: num_pending_calls=0, num_active_handlers=0, num_free_handlers=0
04-09 15:38:10.900  3082  3082 I cast_shell: [3085:3085:INFO:grpc_manager_impl.cc(505)] GRPC[uri=unix:/tmp/hcp_ipc_auth.socket]: num_pending_calls=0, num_active_handlers=10, num_free_handlers=0
04-09 15:38:10.906  3082  3082 I cast_shell: [3085:3085:INFO:grpc_manager_impl.cc(505)] GRPC[uri=unix:/tmp/modular_updater/modular_update_service]: num_pending_calls=0, num_active_handlers=0, num_free_handlers=0
04-09 15:38:10.927  3082  3082 I cast_shell: [3085:3085:INFO:metrics_recorder.cc(112)] Metrics stat: total=2
04-09 15:38:10.927  3082  3082 I cast_shell: Cast.Discovery.Mdns.ResponderPing=1
04-09 15:38:10.927  3082  3082 I cast_shell: Cast.Discovery.Mdns.SocketPing=2
04-09 15:38:11.050  3082  3082 I cast_shell: [3085:3085:INFO:grpc_manager_impl.cc(505)] GRPC[uri=[::]:8012]: num_pending_calls=0, num_active_handlers=1, num_free_handlers=0
04-09 15:38:11.054  3082  3082 I cast_shell: [3085:3124:INFO:wifi_proximity.cc(177)] Request scan.
04-09 15:38:11.834  3082  3082 I cast_shell: [3085:3093:ERROR:connectivity_checker_impl.cc(265)] Connectivity check failed: 400
04-09 15:38:22.906  3082  3082 I chatty  : uid=1000(chrome) /bin/logwrapper identical 11 lines
04-09 15:38:23.913  3082  3082 I cast_shell: [3085:3093:ERROR:connectivity_checker_impl.cc(265)] Connectivity check failed: 400
04-09 15:38:24.065  2734  2812 I bt_btm_ble: btm_ble_conn_complete unable to match and resolve random address
04-09 15:38:24.068  2734  2812 W bt_smp  : smp_br_connect_callback is called on unexpected transport 2
04-09 15:38:24.068  2734  2812 W bt_btif : bta_dm_acl_change info: 0x0
04-09 15:38:24.068  2734  2764 I bluetoothtbd: [0409/030824.068902:INFO:gatt_server.cc(280)] Added connection entry for conn_id: 5 device address: 4C:CB:24:33:9A:F9
04-09 15:38:24.069  2734  2764 D bt_btif_dm: remote version info [4c:cb:24:33:9a:f9]: 0, 0, 0
04-09 15:38:24.069  2734  2764 I bluetoothtbd: [0409/030824.069330:INFO:adapter.cc(719)] ACL state changed: 4C:CB:24:33:9A:F9 - connected: true
04-09 15:38:24.072  3082  3082 I cast_shell: [3085:3124:ERROR:bluetooth_v1_via_v2.cc(796)] Connection state changed. :f9 true
04-09 15:38:24.601  2734  2764 D bt_btif_scanner: btif_gatts_upstreams_evt: Unhandled event (26)
04-09 15:38:24.920  3082  3082 I cast_shell: [3085:3093:ERROR:connectivity_checker_impl.cc(265)] Connectivity check failed: 400
04-09 15:38:25.215  2734  2812 E bluetoothtbd: [0409/030825.215155:ERROR:gatt_sr.cc(743)] MTU request PDU with MTU size 515
04-09 15:38:25.215  2734  2812 W bt_l2cap: l2cble_set_fixed_channel_tx_data_length, request not supported
04-09 15:38:25.216  2734  2812 W bluetoothtbd: [0409/030825.216093:WARNING:gatt_utils.cc(837)] Call back not found for application conn_id=3
04-09 15:38:25.216  2734  2812 W bluetoothtbd: [0409/030825.216175:WARNING:gatt_utils.cc(837)] Call back not found for application conn_id=4
04-09 15:38:25.216  2734  2812 W bluetoothtbd: [0409/030825.216253:WARNING:gatt_utils.cc(837)] Call back not found for application conn_id=6
04-09 15:38:25.254  3082  3082 I cast_shell: [3085:3124:INFO:ble_setup.cc(322)] Record action: Setup.set_eureka_info.BLE.Locale
04-09 15:38:25.254  3082  3082 I cast_shell: [3085:3124:INFO:locale_manager.cc(576)] New locale: en-US
04-09 15:38:25.269  3082  3082 I cast_shell: [3085:3124:INFO:setup_state.cc(544)] EurekaInfoCalled: wifi_state=3, is_usable_ip_address=1, connected=0, is_initial_setup=1
04-09 15:38:25.269  3082  3082 I cast_shell: [3085:3124:INFO:setup_state.cc(261)] Setup state changed: SETUP_STATE_CHECKING_GLOBAL_CONNECTIVITY_BAD_ROUTER (52) -> SETUP_STATE_DISCONNECTED_EXTERNAL_CLIENT_ACCESSED (11)
04-09 15:38:25.269  3082  3082 I cast_shell: [3085:3109:INFO:media_manager_impl.cc(383)] TurnActive result: 0
04-09 15:38:25.273  2953  3162 I LibreCastControlDelegate: OnCastStatus() +++ Lyric Speaker Box 21f384:0xab204198:NOT_SETUP
04-09 15:38:25.273  2953  3162 I LibreCastControlDelegate: Device Build Number -> '1.52.272222'
04-09 15:38:25.273  2953  3162 I librecast: updateCastBuildVersion() Version 1.52.272222
04-09 15:38:25.274  2711  2718 I lucitransport: readRemoteMessage() MID char = 7 buffer = 1.52.272222
04-09 15:38:25.274  2953  3162 I LibreCastControlDelegate: Active Applications -> 0
04-09 15:38:25.274  2953  3162 I LibreCastControlDelegate: Current Cast State '2' -> 'NOT_SETUP'
04-09 15:38:25.274  2953  3162 I LibreCastControlDelegate: OnCastStatus() ---
04-09 15:38:25.275  2953  3162 I LibreCastControlDelegate: OnCastStatus() +++ Lyric Speaker Box 21f384:0xab204198:NOT_SETUP
04-09 15:38:25.275  2953  3162 I LibreCastControlDelegate: Device Build Number -> '1.52.272222'
04-09 15:38:25.275  2953  3162 I librecast: updateCastBuildVersion() Version 1.52.272222
04-09 15:38:25.276  2711  2718 I lucitransport: readRemoteMessage() MID char = 7 buffer = 1.52.272222
04-09 15:38:25.276  2953  3162 I LibreCastControlDelegate: Active Applications -> 0
04-09 15:38:25.276  2953  3162 I LibreCastControlDelegate: Current Cast State '2' -> 'NOT_SETUP'
04-09 15:38:25.276  2953  3162 I LibreCastControlDelegate: OnCastStatus() ---
04-09 15:38:25.279  2734  2764 D bt_btif_scanner: btif_gatts_upstreams_evt: Unhandled event (26)
04-09 15:38:25.281  3082  3082 I cast_shell: [3085:3124:INFO:metrics_recorder.cc(282)] Record action: Setup.version.BLE
04-09 15:38:25.378  3082  3082 I cast_shell: [3085:3124:INFO:metrics_recorder.cc(282)] Record action: Setup.name_utf8.BLE
04-09 15:38:25.671  3082  3082 I cast_shell: [3085:3124:INFO:metrics_recorder.cc(282)] Record action: Setup.tos_accepted.BLE
04-09 15:38:25.732  2734  2764 D bt_btif_scanner: btif_gatts_upstreams_evt: Unhandled event (26)
04-09 15:38:25.749  3082  3082 I cast_shell: [3085:3124:INFO:metrics_recorder.cc(282)] Record action: Setup.state.BLE
04-09 15:38:25.795  3082  3082 I cast_shell: [3085:3124:INFO:metrics_recorder.cc(282)] Record action: Setup.ip_address.BLE
04-09 15:38:25.855  3082  3082 I cast_shell: [3085:3124:INFO:metrics_recorder.cc(282)] Record action: Setup.eureka_info_immutable_basic.BLE
04-09 15:38:25.914  3082  3082 I cast_shell: [3085:3124:INFO:metrics_recorder.cc(282)] Record action: Setup.eureka_info_mutable_reads.BLE
04-09 15:38:25.926  3082  3082 I cast_shell: [3085:3093:ERROR:connectivity_checker_impl.cc(265)] Connectivity check failed: 400
04-09 15:38:25.944  3082  3082 I cast_shell: [3085:3124:INFO:metrics_recorder.cc(282)] Record action: Setup.eureak_info_keys.BLE
04-09 15:38:26.064  3082  3082 I cast_shell: [3085:3124:INFO:metrics_recorder.cc(282)] Record action: Setup.eureka_info_immutable_basic.BLE
04-09 15:38:26.094  3082  3082 I cast_shell: [3085:3124:INFO:metrics_recorder.cc(282)] Record action: Setup.eureak_info_keys.BLE
04-09 15:38:26.424  3082  3082 I chatty  : uid=1000(chrome) /bin/logwrapper identical 4 lines
04-09 15:38:26.499  3082  3082 I cast_shell: [3085:3124:INFO:metrics_recorder.cc(282)] Record action: Setup.eureak_info_keys.BLE
04-09 15:38:26.574  3082  3082 I cast_shell: [3085:3124:INFO:metrics_recorder.cc(282)] Record action: Setup.i8n_info.BLE
04-09 15:38:26.799  3082  3082 I chatty  : uid=1000(chrome) /bin/logwrapper identical 3 lines
04-09 15:38:26.874  3082  3082 I cast_shell: [3085:3124:INFO:metrics_recorder.cc(282)] Record action: Setup.i8n_info.BLE
04-09 15:38:26.933  3082  3082 I cast_shell: [3085:3093:ERROR:connectivity_checker_impl.cc(265)] Connectivity check failed: 400
04-09 15:38:26.949  3082  3082 I cast_shell: [3085:3124:INFO:metrics_recorder.cc(282)] Record action: Setup.i8n_info.BLE
04-09 15:38:27.024  3082  3082 I cast_shell: [3085:3124:INFO:metrics_recorder.cc(282)] Record action: Setup.i8n_info.BLE
04-09 15:38:27.085  3082  3082 I cast_shell: [3085:3124:INFO:ble_setup.cc(322)] Record action: Setup.set_eureka_info.BLE.CountryCode
04-09 15:38:27.085  3082  3082 I cast_shell: [3085:3124:INFO:locale_manager.cc(639)] New country code: IN
04-09 15:38:27.090  2709  2709 I wpa_supplicant: wlan0: CTRL-EVENT-REGDOM-CHANGE init=USER type=COUNTRY alpha2=IN
04-09 15:38:27.091  2710  2722 I yani_server: NetLink Event '-1' Interface-Index '5' WLAN '-1' Ethernet '-1' Parsed-iFill '-1' -> 'INVALID' ifIndex '1' -> 'lo'
04-09 15:38:27.098  2953  3162 I LibreCastControlDelegate: OnCastStatus() +++ Lyric Speaker Box 21f384:0xab204198:NOT_SETUP
04-09 15:38:27.099  2953  3162 I LibreCastControlDelegate: Device Build Number -> '1.52.272222'
04-09 15:38:27.099  2953  3162 I librecast: updateCastBuildVersion() Version 1.52.272222
04-09 15:38:27.099  2711  2718 I lucitransport: readRemoteMessage() MID char = 7 buffer = 1.52.272222
04-09 15:38:27.099  2953  3162 I LibreCastControlDelegate: Active Applications -> 0
04-09 15:38:27.099  2953  3162 I LibreCastControlDelegate: Current Cast State '2' -> 'NOT_SETUP'
04-09 15:38:27.099  2953  3162 I LibreCastControlDelegate: OnCastStatus() ---
04-09 15:38:27.100  2710  2722 I yani_server: NetLink Event '-1' Interface-Index '5' WLAN '0' Ethernet '-1' Parsed-iFill '-1' -> 'INVALID' ifIndex '1' -> 'lo'
04-09 15:38:27.940  3082  3082 I cast_shell: [3085:3093:ERROR:connectivity_checker_impl.cc(265)] Connectivity check failed: 400
04-09 15:38:28.148  3082  3082 I cast_shell: [3085:3124:INFO:ble_setup.cc(322)] Record action: Setup.scan_wifi.BLE
04-09 15:38:28.149  3082  3082 I cast_shell: [3085:3124:WARNING:wifi_controller_wpa_supplicant.cc(797)] Wpa responses FAIL-BUSY, assuming it is associating, which will keep scan_results fresh.
04-09 15:38:28.946  3082  3082 I cast_shell: [3085:3093:ERROR:connectivity_checker_impl.cc(265)] Connectivity check failed: 400
04-09 15:38:29.953  3082  3082 I cast_shell: [3085:3093:ERROR:connectivity_checker_impl.cc(265)] Connectivity check failed: 400
04-09 15:38:30.435  2952  2963 D wac-main: Netlink event
04-09 15:38:30.435  2952  2963 E wac-main: Netlink event 16 Interface Index 5 
04-09 15:38:30.435  2952  2963 E wac-main: Enter poll and wait
04-09 15:38:30.435  2710  2722 I yani_kernel: yani_geteventfrom_changeaddr() Message-Id '1' Netlink event '16' Interface Index '5' -> Name 'wlan0' 
04-09 15:38:30.443  2952  2963 D wac-main: Netlink event
04-09 15:38:30.443  2952  2963 E wac-main: Netlink event 16 Interface Index 5 
04-09 15:38:30.443  2952  2963 E wac-main: Enter poll and wait
04-09 15:38:30.450  2710  2722 I yani_server: NetLink Event '-1' Interface-Index '5' WLAN '-1' Ethernet '-1' Parsed-iFill '-1' -> 'INVALID' ifIndex '1' -> 'lo'
04-09 15:38:30.451  2710  2722 I yani_server: NetLink Event '-1' Interface-Index '5' WLAN '0' Ethernet '-1' Parsed-iFill '-1' -> 'INVALID' ifIndex '1' -> 'lo'
04-09 15:38:30.452  2953  3162 I LibreCastControlDelegate: OnCastStatus() +++ Lyric Speaker Box 21f384:0xab204198:NOT_SETUP
04-09 15:38:30.452  2953  3162 I LibreCastControlDelegate: Device Build Number -> '1.52.272222'
04-09 15:38:30.454  2710  2722 I yani_server: NetLink Event '-1' Interface-Index '5' WLAN '0' Ethernet '-1' Parsed-iFill '-1' -> 'INVALID' ifIndex '1' -> 'lo'
04-09 15:38:30.454  2710  2722 I yani_server: NetLink Event '-1' Interface-Index '5' WLAN '0' Ethernet '-1' Parsed-iFill '-1' -> 'INVALID' ifIndex '1' -> 'lo'
04-09 15:38:30.455  2710  2722 I yani_kernel: yani_geteventfrom_changeaddr() Message-Id '1' Netlink event '16' Interface Index '5' -> Name 'wlan0' 
04-09 15:38:30.960  3082  3082 I cast_shell: [3085:3093:ERROR:connectivity_checker_impl.cc(265)] Connectivity check failed: 400
04-09 15:38:31.967  3082  3082 I cast_shell: [3085:3093:ERROR:connectivity_checker_impl.cc(265)] Connectivity check failed: 400
04-09 15:38:32.184  3082  3082 I cast_shell: [3085:3124:INFO:ble_setup.cc(322)] Record action: Setup.scan_wifi.BLE
04-09 15:38:32.186  2710  2722 I yani_server: NetLink Event '-1' Interface-Index '5' WLAN '-1' Ethernet '-1' Parsed-iFill '-1' -> 'INVALID' ifIndex '1' -> 'lo'
04-09 15:38:32.974  3082  3082 I cast_shell: [3085:3093:ERROR:connectivity_checker_impl.cc(265)] Connectivity check failed: 400
04-09 15:38:33.980  3082  3082 I chatty  : uid=1000(chrome) /bin/logwrapper identical 1 line
04-09 15:38:34.987  3082  3082 I cast_shell: [3085:3093:ERROR:connectivity_checker_impl.cc(265)] Connectivity check failed: 400
04-09 15:38:35.555  2952  2963 D wac-main: Netlink event
04-09 15:38:35.555  2952  2963 E wac-main: Netlink event 16 Interface Index 5 
04-09 15:38:35.555  2952  2963 E wac-main: Enter poll and wait
04-09 15:38:35.556  2710  2722 I yani_kernel: yani_geteventfrom_changeaddr() Message-Id '1' Netlink event '16' Interface Index '5' -> Name 'wlan0' 
04-09 15:38:35.560  2952  2963 D wac-main: Netlink event
04-09 15:38:35.560  2952  2963 E wac-main: Netlink event 16 Interface Index 5 
04-09 15:38:35.560  2952  2963 E wac-main: Enter poll and wait
04-09 15:38:35.564  2710  2722 I yani_server: NetLink Event '-1' Interface-Index '5' WLAN '-1' Ethernet '-1' Parsed-iFill '-1' -> 'INVALID' ifIndex '1' -> 'lo'
04-09 15:38:35.566  2710  2722 I yani_server: NetLink Event '-1' Interface-Index '5' WLAN '0' Ethernet '-1' Parsed-iFill '-1' -> 'INVALID' ifIndex '1' -> 'lo'
04-09 15:38:35.579  2710  2722 I chatty  : uid=0(root) YaniServer identical 10 lines
04-09 15:38:35.580  2710  2722 I yani_server: NetLink Event '-1' Interface-Index '5' WLAN '0' Ethernet '-1' Parsed-iFill '-1' -> 'INVALID' ifIndex '1' -> 'lo'
04-09 15:38:35.580  2710  2722 I yani_kernel: yani_geteventfrom_changeaddr() Message-Id '1' Netlink event '16' Interface Index '5' -> Name 'wlan0' 
04-09 15:38:35.994  3082  3082 I cast_shell: [3085:3093:ERROR:connectivity_checker_impl.cc(265)] Connectivity check failed: 400
04-09 15:38:36.248  3082  3082 I cast_shell: [3085:3124:INFO:metrics_recorder.cc(282)] Record action: Setup.scan_results.BLE
04-09 15:38:36.323  3082  3082 I cast_shell: [3085:3124:INFO:metrics_recorder.cc(282)] Record action: Setup.scan_results.BLE
04-09 15:38:37.001  3082  3082 I cast_shell: [3085:3093:ERROR:connectivity_checker_impl.cc(265)] Connectivity check failed: 400
04-09 15:38:38.007  3082  3082 I cast_shell: [3085:3093:ERROR:connectivity_checker_impl.cc(265)] Connectivity check failed: 400
04-09 15:38:38.468  3082  3082 I cast_shell: [3085:3124:INFO:ble_setup.cc(322)] Record action: Setup.play_sound.BLE
04-09 15:38:38.471  3082  3082 I cast_shell: [3085:3103:INFO:synchronized_sound_player.cc(362)] Playing sound key 2
04-09 15:38:38.499  3082  3082 I cast_shell: [3085:3124:INFO:ble_setup.cc(322)] Record action: Setup.play_sound.BLE
04-09 15:38:38.499  3082  3082 I cast_shell: [3085:3103:INFO:synchronized_sound_player.cc(362)] Playing sound key 0
04-09 15:38:38.530  3082  3082 I cast_shell: [3085:3103:INFO:audio_decoder_software_wrapper.cc(86)] Using backend decoder for PCM
04-09 15:38:38.531  3082  3082 I cast_shell: [3085:3108:INFO:mixer_input_connection.cc(208)] Create 0xf3f35998 (no_delay), content type: media, focus type: media, fill size: 512, algorithm fill size: 240, channel count: 2, input sample rate: 48000, start threshold: 3360, max queue size: 9600, socket: 0xb07e7940
04-09 15:38:38.533  3082  3082 I cast_shell: [3085:3107:INFO:mixer_output_stream_alsa.cc(428)] ALSA buffer = 4096, period = 512
04-09 15:38:38.533  3082  3082 I cast_shell: [3085:3106:INFO:stream_mixer.cc(604)] Input source channel count = 2
04-09 15:38:38.533  3082  3082 I cast_shell: [3085:3106:INFO:stream_mixer.cc(607)] Dynamic channel count not enabled; using stereo
04-09 15:38:38.533  3082  3082 I cast_shell: [3085:3106:INFO:stream_mixer.cc(604)] Input source channel count = 2
04-09 15:38:38.533  3082  3082 I cast_shell: [3085:3106:INFO:stream_mixer.cc(607)] Dynamic channel count not enabled; using stereo
04-09 15:38:38.533  3082  3082 I cast_shell: [3085:3106:INFO:stream_mixer.cc(416)] Start with 0 active inputs
04-09 15:38:38.540  3082  3082 I cast_shell: [3085:3107:INFO:mixer_output_stream_alsa.cc(171)] snd_pcm_open: handle=0xf3551848
04-09 15:38:38.544  3082  3082 I cast_shell: [3085:3107:INFO:mixer_output_stream_alsa.cc(346)] Sample rate changed from 0 to 48000
04-09 15:38:38.544  3082  3082 I cast_shell: [3085:3107:WARNING:mixer_output_stream_alsa.cc(379)] Requested period size (512 frames) does not match the actual period size (1024 frames). This may lead to an increase in CPU usage or an increase in audio latency.
04-09 15:38:38.547  3082  3082 I cast_shell: [3085:3106:INFO:stream_mixer.cc(466)] Output 2 channels at 48000 samples per second
04-09 15:38:38.547  3082  3082 I cast_shell: [3085:3107:INFO:filter_group.cc(340)] : 2ch@48000hz -> [GROUP]mix -> 2ch@48000hz
04-09 15:38:38.550  3082  3082 I cast_shell: [3085:3107:INFO:filter_group.cc(340)] [GROUP]mix: 2ch@48000hz -> [GROUP]linearize -> 2ch@48000hz
04-09 15:38:38.550  3082  3082 I cast_shell: [3085:3103:INFO:media_pipeline_backend_for_mixer.cc(276)] Audio ready to play
04-09 15:38:38.551  3082  3082 I cast_shell: [3085:3106:INFO:stream_mixer.cc(484)] Using 2 loopback channels
04-09 15:38:38.552  3082  3082 I cast_shell: [3085:3106:INFO:stream_mixer.cc(640)] Add input 0xf3f3599c to mix @ 48000 samples per second. Is primary source? = 0
04-09 15:38:38.552  3082  3082 I cast_shell: [3085:3106:INFO:mixer_input.cc(361)] no_delay(0xf3f3599c): set volume limits to [0, 1]
04-09 15:38:38.552  3082  3082 I cast_shell: [3085:3106:INFO:mixer_input.cc(346)] no_delay(0xf3f3599c): type volume = 1, effective multiplier = 1
04-09 15:38:38.552  3082  3082 I cast_shell: [3085:3106:INFO:mixer_input.cc(395)] no_delay(0xf3f3599c): mute volume = 1, effective multiplier = 1
04-09 15:38:38.552  3082  3082 I cast_shell: [3085:3106:INFO:mixer_input_connection.cc(1053)] 0xf3f35998 ready for playback
04-09 15:38:38.552  3082  3082 I cast_shell: [3085:3106:INFO:mixer_input_connection.cc(705)] Start 0xf3f35998
04-09 15:38:39.013  3082  3082 I cast_shell: [3085:3093:ERROR:connectivity_checker_impl.cc(265)] Connectivity check failed: 400
04-09 15:38:40.019  3082  3082 I cast_shell: [3085:3093:ERROR:connectivity_checker_impl.cc(265)] Connectivity check failed: 400
04-09 15:38:40.115  3082  3082 I cast_shell: [3085:3106:INFO:mixer_input_connection.cc(589)] End of stream for 0xf3f35998
04-09 15:38:40.307  3082  3082 I cast_shell: [3085:3103:INFO:synchronized_sound_player.cc(496)] Finished playing sound
04-09 15:38:40.307  3082  3082 I cast_shell: [3085:3108:INFO:mixer_input_connection.cc(386)] Remove 0xf3f35998
04-09 15:38:40.370  3082  3082 I cast_shell: [3085:3108:INFO:mixer_input_connection.cc(243)] Delete 0xf3f35998
04-09 15:38:40.371  3082  3082 I cast_shell: [3085:3106:INFO:stream_mixer.cc(683)] Remove input 0xf3f3599c
04-09 15:38:40.371  3082  3082 I cast_shell: [3085:3106:INFO:stream_mixer.cc(774)] Close timeout
04-09 15:38:40.371  3082  3082 I cast_shell: [3085:3106:INFO:stream_mixer.cc(541)] Stop
04-09 15:38:40.371  3082  3082 I cast_shell: [3085:3093:INFO:loopback_audio_input.cc(194)] [REALIGN] loopback interrupted; reason = 4
04-09 15:38:40.371  3082  3082 I cast_shell: [3085:3085:INFO:cast_receiver_mojo.cc(844)] cast event : Cast.Platform.Audio.OutputInterrupted
04-09 15:38:40.456  3082  3082 I cast_shell: [3085:3107:INFO:mixer_output_stream_alsa.cc(293)] snd_pcm_close: handle=0xf3551848
04-09 15:38:41.026  3082  3082 I cast_shell: [3085:3093:ERROR:connectivity_checker_impl.cc(265)] Connectivity check failed: 400
04-09 15:38:48.073  3082  3082 I chatty  : uid=1000(chrome) /bin/logwrapper identical 7 lines
04-09 15:38:49.079  3082  3082 I cast_shell: [3085:3093:ERROR:connectivity_checker_impl.cc(265)] Connectivity check failed: 400
04-09 15:38:49.553  3082  3082 I cast_shell: [3085:3124:INFO:ble_setup.cc(322)] Record action: Setup.scan_wifi.BLE
04-09 15:38:49.556  2710  2722 I yani_server: NetLink Event '-1' Interface-Index '5' WLAN '-1' Ethernet '-1' Parsed-iFill '-1' -> 'INVALID' ifIndex '1' -> 'lo'
04-09 15:38:50.086  3082  3082 I cast_shell: [3085:3093:ERROR:connectivity_checker_impl.cc(265)] Connectivity check failed: 400
04-09 15:38:51.093  3082  3082 I chatty  : uid=1000(chrome) /bin/logwrapper identical 1 line
04-09 15:38:52.099  3082  3082 I cast_shell: [3085:3093:ERROR:connectivity_checker_impl.cc(265)] Connectivity check failed: 400
04-09 15:38:52.963  2952  2963 D wac-main: Netlink event
04-09 15:38:52.963  2952  2963 E wac-main: Netlink event 16 Interface Index 5 
04-09 15:38:52.963  2952  2963 E wac-main: Enter poll and wait
04-09 15:38:52.963  2710  2722 I yani_kernel: yani_geteventfrom_changeaddr() Message-Id '1' Netlink event '16' Interface Index '5' -> Name 'wlan0' 
04-09 15:38:52.970  2952  2963 D wac-main: Netlink event
04-09 15:38:52.970  2952  2963 E wac-main: Netlink event 16 Interface Index 5 
04-09 15:38:52.970  2952  2963 E wac-main: Enter poll and wait
04-09 15:38:52.972  2710  2722 I yani_server: NetLink Event '-1' Interface-Index '5' WLAN '-1' Ethernet '-1' Parsed-iFill '-1' -> 'INVALID' ifIndex '1' -> 'lo'
04-09 15:38:52.974  2710  2722 I yani_server: NetLink Event '-1' Interface-Index '5' WLAN '0' Ethernet '-1' Parsed-iFill '-1' -> 'INVALID' ifIndex '1' -> 'lo'
04-09 15:38:52.978  2710  2722 I chatty  : uid=0(root) YaniServer identical 2 lines
04-09 15:38:52.979  2710  2722 I yani_server: NetLink Event '-1' Interface-Index '5' WLAN '0' Ethernet '-1' Parsed-iFill '-1' -> 'INVALID' ifIndex '1' -> 'lo'
04-09 15:38:52.979  2710  2722 I yani_kernel: yani_geteventfrom_changeaddr() Message-Id '1' Netlink event '16' Interface Index '5' -> Name 'wlan0' 
04-09 15:38:52.984  2953  3162 I LibreCastControlDelegate: OnCastStatus() +++ Lyric Speaker Box 21f384:0xab204198:NOT_SETUP
04-09 15:38:52.984  2953  3162 I LibreCastControlDelegate: Device Build Number -> '1.52.272222'
04-09 15:38:52.984  2953  3162 I librecast: updateCastBuildVersion() Version 1.52.272222
04-09 15:38:52.984  2711  2718 I lucitransport: readRemoteMessage() MID char = 7 buffer = 1.52.272222
04-09 15:38:52.984  2953  3162 I LibreCastControlDelegate: Active Applications -> 0
04-09 15:38:52.984  2953  3162 I LibreCastControlDelegate: Current Cast State '2' -> 'NOT_SETUP'
04-09 15:38:52.984  2953  3162 I LibreCastControlDelegate: OnCastStatus() ---
04-09 15:38:53.106  3082  3082 I cast_shell: [3085:3093:ERROR:connectivity_checker_impl.cc(265)] Connectivity check failed: 400
04-09 15:38:53.587  2709  2709 I wpa_supplicant: wlan0: CTRL-EVENT-SCAN-FAILED ret=-11
04-09 15:38:53.588  3082  3082 I cast_shell: [3085:3124:INFO:ble_setup.cc(322)] Record action: Setup.scan_wifi.BLE
04-09 15:38:53.590  2710  2722 I yani_server: NetLink Event '-1' Interface-Index '5' WLAN '-1' Ethernet '-1' Parsed-iFill '-1' -> 'INVALID' ifIndex '1' -> 'lo'
04-09 15:38:53.592  2953  3162 I LibreCastControlDelegate: OnCastStatus() +++ Lyric Speaker Box 21f384:0xab204198:NOT_SETUP
04-09 15:38:53.592  2953  3162 I LibreCastControlDelegate: Device Build Number -> '1.52.272222'
04-09 15:38:53.592  2953  3162 I librecast: updateCastBuildVersion() Version 1.52.272222
04-09 15:38:53.592  2711  2718 I lucitransport: readRemoteMessage() MID char = 7 buffer = 1.52.272222
04-09 15:38:53.592  2953  3162 I LibreCastControlDelegate: Active Applications -> 0
04-09 15:38:53.593  2953  3162 I LibreCastControlDelegate: Current Cast State '2' -> 'NOT_SETUP'
04-09 15:38:53.593  2953  3162 I LibreCastControlDelegate: OnCastStatus() ---
04-09 15:38:54.113  3082  3082 I cast_shell: [3085:3093:ERROR:connectivity_checker_impl.cc(265)] Connectivity check failed: 400
04-09 15:38:55.283  2732  2741 E NetworkMonitor: cannot find default IPv4 route for wlan0
04-09 15:38:55.284  2732  2741 E NetworkMonitor: cannot find default IPv6 route for wlan0
04-09 15:38:56.126  3082  3082 I chatty  : uid=1000(chrome) /bin/logwrapper identical 2 lines
04-09 15:38:57.133  3082  3082 I cast_shell: [3085:3093:ERROR:connectivity_checker_impl.cc(265)] Connectivity check failed: 400
04-09 15:38:57.652  3082  3082 I cast_shell: [3085:3124:INFO:metrics_recorder.cc(282)] Record action: Setup.scan_results.BLE
04-09 15:38:57.727  3082  3082 I cast_shell: [3085:3124:INFO:metrics_recorder.cc(282)] Record action: Setup.scan_results.BLE
04-09 15:38:58.139  3082  3082 I cast_shell: [3085:3093:ERROR:connectivity_checker_impl.cc(265)] Connectivity check failed: 400
04-09 15:38:58.356  2732  2741 E NetworkMonitor: no response for /bin/ping -n -I wlan0 -c 10 -w 10 8.8.8.8
04-09 15:38:58.367  2732  2741 E NetworkMonitor: no response for /bin/ping6 -n -I wlan0 -c 10 -w 10 2001:4860:4860::8888
04-09 15:38:58.368  2732  2741 E NetworkMonitor: dns resolution failed
04-09 15:39:02.166  3082  3082 I chatty  : uid=1000(chrome) /bin/logwrapper identical 4 lines
04-09 15:39:03.173  3082  3082 I cast_shell: [3085:3093:ERROR:connectivity_checker_impl.cc(265)] Connectivity check failed: 400
04-09 15:39:04.091  3082  3082 I cast_shell: [3085:3124:INFO:ble_setup.cc(322)] Record action: Setup.connect_wifi.BLE
04-09 15:39:04.092  3082  3082 I cast_shell: [3085:3124:INFO:setup_manager_impl.cc(1965)] New value: pref=tos-accepted, value=1
04-09 15:39:04.092  3082  3082 I cast_shell: [3085:3124:INFO:api_connect_wifi.cc(86)] connect_wifi Auth: 7
04-09 15:39:04.092  3082  3082 I cast_shell: [3085:3124:INFO:api_connect_wifi.cc(90)] connect_wifi Cipher: 4
04-09 15:39:04.096  3082  3082 I cast_shell: [3085:3085:INFO:bluetooth_setup.cc(686)] Disabling connectability: no bonded devices.
04-09 15:39:04.096  3082  3082 I cast_shell: [3085:3085:INFO:cast_receiver_impl.cc(1100)] Leaving discovery-only mode
04-09 15:39:04.096  3082  3082 I cast_shell: [3085:3085:INFO:application_config_manager_impl.cc(566)] Enabling virtual device 3c434f4a-f7a0-4b30-37f9-046bc0a62436
04-09 15:39:04.096  3082  3082 I cast_shell: [3085:3134:INFO:mdns_cast_service.cc(351)] Device discovery state is idle
04-09 15:39:04.096  3082  3082 I cast_shell: [3085:3134:INFO:mdns_util.cc(102)] Defaulting mDNS capabilities for audio-only build
04-09 15:39:04.111  3082  3082 I cast_shell: [3085:3124:INFO:wifi_controller_wpa_supplicant.cc(1188)] strongest_snr=22 wifi_interface_index=0
04-09 15:39:04.124  3082  3082 I cast_shell: [3085:3124:INFO:api_connect_wifi.cc(159)] [PII] Configuring wifi: ssid=Linksys16717_2G, auth=7, pairwise=4, id=0"
04-09 15:39:04.125  3082  3082 I cast_shell: [3085:3124:INFO:api_connect_wifi.cc(162)] Configuring wifi: otg =0, tethering_mode =0, wifi_auto_save_enabled=0
