04-09 15:54:55.319  3064  3064 I cast_cli: [0409/032455.318464:INFO:cast_cli.cc(433)] Process manager successfully started as daemon
04-09 15:54:55.344  3072  3072 I process_manager: [0409/032455.344105:INFO:process_manager.cc(348)] process manager initialized
04-09 15:54:55.344  3072  3072 I process_manager: [0409/032455.344754:INFO:process_manager.cc(475)] Resuming manager from a previous state
04-09 15:54:55.377  3072  3072 I process_manager: [0409/032455.377618:INFO:package_utils.cc(186)] Run update_engine: /bin/logwrapper /system/chrome/update_engine --foreground --netif-for-unique-ids=eth0 --omaha-beta-app-id={c71af7c9-fb75-4084-9bb1-6483fae36524} --omaha-prod-app-id={c71af7c9-fb75-4084-9bb1-6483fae36524} --ota-directory=/chrome/cache/ --update-engine-unix-socket-path=/tmp/socket/updater --v=4 --netif-for-unique-ids=wlan0 --ota-directory=/data/chrome/cache/
04-09 15:54:55.378  3072  3072 I process_manager: [0409/032455.378608:INFO:package_utils.cc(186)] Run crash_uploader: /bin/logwrapper /system/chrome/crash_uploader
04-09 15:54:55.388  3072  3072 I process_manager: [0409/032455.379563:INFO:package_utils.cc(186)] Run cast_shell: /bin/logwrapper /system/chrome/cast_shell --accept-resource-provider=true --alsa-enable-upsampling=false --app-config-path=/fakeapp.conf --blink-platform-log-channels=Media --cast-control-unix-socket-path=/tmp/cast-control --default-eureka-name-prefix=Google Cast Speaker --disable-dial=true --disable-images-for-app-id=*|1B11061A --enable-background-apps=false --idle-screen=false --js-flags=--trace_gc --netif-for-unique-ids=eth0 --no-daily-reboot=true --ota-directory=/chrome/cache/ --setup-support-guest-mode=0 --skip-gpu-data-loading --update-engine-unix-socket-path=/tmp/socket/updater --accept-resource-provider=true --alsa-enable-upsampling=true --alsa-output-avail-min=256 --alsa-output-buffer-size=4096 --alsa-output-period-size=512 --alsa-output-start-threshold=2048 --default-eureka-name-prefix=LSB --enable-background-apps=true --enable-hi-res-audio-support=true --enable-multizone=true --netif-for-unique-ids=wlan0 --ota-directory=/data/chrome/cache/ --setup-ssid-suffix=d256 --setup-support-guest-mode=0 --wpa-supplicant-unix-socket-path=/dev/socket/wpa_wlan0
04-09 15:54:55.404  3075  3075 I crash_uploader: [0409/032455.403391:INFO:crash_uploader.cc(45)] Starting crash uploader...
04-09 15:54:55.405  3075  3075 I crash_uploader: [0409/032455.405226:ERROR:synchronized_minidump_manager.cc(251)] Lockfile did not parse correctly. 
04-09 15:54:55.413  3074  3074 I update_engine: [0409/032455.413041:INFO:main.cc(149)] Eureka Update Engine starting
04-09 15:54:55.415  3074  3074 I update_engine: [0409/032455.414919:INFO:update_check_scheduler.cc(77)] Next update check in 2700 seconds
04-09 15:54:55.415  3074  3074 I update_engine: [0409/032455.415379:INFO:string_based_ipc_server.cc(75)] Start IPC server: /tmp/socket/updater
04-09 15:54:55.415  3074  3074 I update_engine: [0409/032455.415862:INFO:unix_stream_server_socket.cc(62)] Unix server socket is created: /tmp/socket/updater
04-09 15:54:55.611  3076  3076 I cast_shell: [3079:3079:ERROR:pref_service_helper.cc(79)] Cannot initialize chromecast config: /data/chrome/.eureka.conf, pref_error=6
04-09 15:54:55.613  3076  3076 I cast_shell: [3079:3079:WARNING:discardable_shared_memory_manager.cc(194)] Less than 64MB of free space in temporary directory for shared memory files: 32
04-09 15:54:55.626  3076  3076 I cast_shell: Fontconfig warning: "/etc/fonts/fonts.conf", line 80: unknown element "blank"
04-09 15:54:55.810  3076  3076 I cast_shell: [3079:3079:INFO:cast_system_memory_pressure_evaluator.cc(167)] AdjustMemoryFractions: critical_memory_fraction_=0.25, moderate_memory_fraction_=0.4
04-09 15:54:55.817  3076  3076 I cast_shell: [3079:3079:INFO:cast_window_manager_aura.cc(198)] Starting window manager, bounds: 0,0 1x1
04-09 15:54:55.825  3076  3076 I cast_shell: [3079:3096:ERROR:mixer_connection.cc(91)] Failed to connect to mixer service: -102
04-09 15:54:55.826  3076  3076 I cast_shell: [3079:3079:WARNING:client_auth_manager.cc(94)] Old certificate is empty.
04-09 15:54:55.826  3076  3076 I cast_shell: [3079:3079:INFO:device_info_impl.cc(135)] [PII] Weave device ID: 
04-09 15:54:55.826  3076  3076 I cast_shell: [3079:3079:INFO:device_info_impl.cc(406)] MAC address for wlan0: CC:90:93:21:F3:84
04-09 15:54:55.827  3076  3076 I cast_shell: [3079:3079:INFO:device_info_impl.cc(431)] Device model id: COTODAMA.LS10 Platform.LSB
04-09 15:54:55.827  3076  3076 I cast_shell: [3079:3079:INFO:device_info_impl.cc(466)] Control Notifications: 0
04-09 15:54:55.827  3076  3076 I cast_shell: [3079:3079:ERROR:device_info_impl.cc(145)] Cannot read file: /data/bootid
04-09 15:54:55.827  3076  3076 I cast_shell: [3079:3079:INFO:device_info_impl.cc(482)] SSDP Boot ID: 0
04-09 15:54:55.827  3076  3076 I cast_shell: [3079:3079:INFO:device_info_impl.cc(486)] SSDP Config ID: 1
04-09 15:54:55.827  3076  3076 I cast_shell: [3079:3079:WARNING:secure_storage_impl.cc(85)] Device key not available yet.
04-09 15:54:55.827  3076  3076 I cast_shell: [3079:3079:INFO:cast_power_manager_provider.cc(26)] Creating DummyCastPowerManagerProvider
04-09 15:54:55.827  3076  3076 I cast_shell: [3079:3079:WARNING:auth_provider_impl.cc(72)] No IoT client_id found on the device. If device was FDRed please ignore this warning.
04-09 15:54:55.828  3076  3076 I cast_shell: [3079:3079:INFO:file_provider_impl.cc(67)] Initialized file provider with base dir: /data/chrome/auth
04-09 15:54:55.828  3076  3076 I cast_shell: [3079:3079:INFO:cast_power_manager_provider.cc(26)] Creating DummyCastPowerManagerProvider
04-09 15:54:55.828  3076  3076 I cast_shell: [3079:3079:INFO:cast_power_manager_provider.cc(26)] Creating DummyCastPowerManagerProvider
04-09 15:54:55.828  3076  3076 I cast_shell: [3079:3079:INFO:hds_broker_impl.cc(121)] HDS type registered type.googleapis.com/home.hds.proto.device.config.RefreshConfigRequest
04-09 15:54:55.828  3076  3076 I cast_shell: [3079:3079:INFO:preload_initiator_mdns.cc(92)] Preload type: mdns
04-09 15:54:55.828  3076  3076 I cast_shell: [3079:3079:WARNING:hds_settings.cc(104)] HDS URL has not been set through command line.
04-09 15:54:55.829  3076  3076 I cast_shell: [3079:3079:WARNING:volume_map.cc(55)] No cast audio config found; using default volume map.
04-09 15:54:55.830  3076  3076 I cast_shell: [3079:3079:INFO:saved_volumes.cc(63)] No saved volumes found
04-09 15:54:55.830  3076  3076 I cast_shell: [3079:3079:INFO:saved_volumes.cc(70)] Invalid JSON from /etc/cast_audio.json
04-09 15:54:55.831  3076  3076 I cast_shell: [3079:3100:INFO:stream_mixer.cc(194)] StreamMixer
04-09 15:54:55.832  3076  3076 I cast_shell: [3079:3100:INFO:stream_mixer.cc(222)] Mixer health checker started
04-09 15:54:55.832  3076  3076 I cast_shell: [3079:3100:WARNING:post_processing_pipeline_parser.cc(65)] No post-processing config found at /etc/cast_audio.json.
04-09 15:54:55.832  3076  3076 I cast_shell: [3079:3100:WARNING:post_processing_pipeline_parser.cc(133)] No post-processor description found for "mix" in /etc/cast_audio.json. Using passthrough.
04-09 15:54:55.832  3076  3076 I cast_shell: [3079:3100:INFO:mixer_pipeline.cc(103)] 2 input channels to 'mix' group
04-09 15:54:55.832  3076  3076 I cast_shell: [3079:3100:WARNING:post_processing_pipeline_parser.cc(133)] No post-processor description found for "linearize" in /etc/cast_audio.json. Using passthrough.
04-09 15:54:55.832  3076  3076 I cast_shell: [3079:3100:INFO:mixer_pipeline.cc(124)] 2 input channels to 'linearize' group
04-09 15:54:55.832  3076  3076 I cast_shell: [3079:3100:INFO:alsa_volume_control.cc(43)] Opening mixer element "Master" on device "default"
04-09 15:54:55.833  3076  3076 I cast_shell: [3079:3102:INFO:audio_socket_service_uds.cc(44)] Using endpoint /tmp/mixer-service
04-09 15:54:55.833  3076  3076 I cast_shell: [3079:3101:INFO:stream_mixer.cc(121)] Actual priority = 99, policy = 1
04-09 15:54:55.838  3076  3076 I cast_shell: [3079:3100:INFO:alsa_volume_control.cc(219)] Volume device = default, element = Master
04-09 15:54:55.838  3076  3076 I cast_shell: [3079:3100:INFO:alsa_volume_control.cc(221)] Mute device = default, element = Master
04-09 15:54:55.838  3076  3076 I cast_shell: [3079:3100:INFO:alsa_volume_control.cc(234)] Idle device = default, elements = []
04-09 15:54:55.838  3076  3076 I cast_shell: [3079:3100:INFO:alsa_volume_control.cc(43)] Opening mixer element "Master" on device "default"
04-09 15:54:55.842  3079  3079 E         : Create
04-09 15:54:55.842  3079  3079 E         : OOBE IsSupported
04-09 15:54:55.843  3076  3076 I cast_shell: [3079:3087:INFO:parent_tracker.cc(90)] [PII](DA68339AEF10D0E59DDC5FF61B5A2D8A) has hash 503054314, root wait is 8.82873 s
04-09 15:54:55.843  3076  3076 I cast_shell: [3079:3079:INFO:multizone_manager.cc(330)] Multizone features are enabled
04-09 15:54:55.843  3076  3076 I cast_shell: [3079:3079:INFO:cast_power_manager_provider.cc(26)] Creating DummyCastPowerManagerProvider
04-09 15:54:55.843  3076  3076 I cast_shell: [3079:3079:INFO:update_engine_client_with_ipc.cc(343)] Using IPC UpdateEngineClient
04-09 15:54:55.843  3076  3076 I cast_shell: [3079:3087:INFO:parent_tracker.cc(120)] Can't use IPv4
04-09 15:54:55.843  3076  3076 I cast_shell: [3079:3087:INFO:parent_tracker.cc(124)] Can't use IPv6
04-09 15:54:55.843  3076  3076 I cast_shell: [3079:3087:ERROR:parent_tracker.cc(125)] No valid interface for multicast
04-09 15:54:55.843  3076  3076 I cast_shell: [3079:3087:INFO:directory_service_impl.cc(168)] Boot count is now 1
04-09 15:54:55.843  3076  3076 I cast_shell: [3079:3087:ERROR:socket_posix.cc(148)] bind() failed: Address already in use (98)
04-09 15:54:55.843  3076  3076 I cast_shell: [3079:3087:ERROR:tcp_listener.cc(64)] Listen failed: net::ERR_ADDRESS_IN_USE : 0.0.0.0:10101
04-09 15:54:55.845  3076  3076 I cast_shell: [3079:3079:INFO:chromecast_service_client_default.cc(75)] System updater is supported, and this is first setup.
04-09 15:54:55.846  3076  3076 I cast_shell: [3079:3079:INFO:managed_mode_service.cc(345)] Starting in managed mode: 0
04-09 15:54:55.846  3076  3076 I cast_shell: [3079:3079:INFO:platform_client_auth_creds.cc(114)] Loaded client certificate. Key len = 2048 bits. Chain len = 2 (source FROM_CERT).
04-09 15:54:55.848  3076  3076 I cast_shell: [3079:3079:INFO:grpc_manager_impl.cc(245)] Registered service chromecast.LocalCloudcastService
04-09 15:54:55.848  3076  3076 I cast_shell: [3079:3079:INFO:grpc_manager_impl.cc(262)] Registered a handler ExecuteActionScript for service chromecast.LocalCloudcastService
04-09 15:54:55.848  3076  3076 I cast_shell: [3079:3079:INFO:grpc_manager_impl.cc(262)] Registered a handler ObserveDeviceStatus for service chromecast.LocalCloudcastService
04-09 15:54:55.848  3076  3076 I cast_shell: [3079:3079:INFO:grpc_manager_impl.cc(262)] Registered a handler GetDeviceStatus for service chromecast.LocalCloudcastService
04-09 15:54:55.849  3076  3076 I cast_shell: [3079:3079:INFO:grpc_manager_impl.cc(505)] GRPC[uri=[::]:0]: num_pending_calls=0, num_active_handlers=0, num_free_handlers=0
04-09 15:54:55.849  3076  3076 I cast_shell: [3079:3079:INFO:cast_power_manager_provider.cc(26)] Creating DummyCastPowerManagerProvider
04-09 15:54:55.849  3076  3076 I cast_shell: [3079:3079:INFO:cast_power_manager_provider.cc(26)] Creating DummyCastPowerManagerProvider
04-09 15:54:55.849  3076  3076 I cast_shell: [3079:3079:INFO:gcm_manager.cc(140)] GCM Dir = /data/chrome/gcm
04-09 15:54:55.849  3076  3076 I cast_shell: [3079:3079:INFO:gcm_manager.cc(258)] Enabling GCM Driver
04-09 15:54:55.849  3076  3076 I cast_shell: [3079:3079:INFO:grpc_manager_impl.cc(505)] GRPC[uri=]: num_pending_calls=0, num_active_handlers=0, num_free_handlers=0
04-09 15:54:55.850  3076  3076 I cast_shell: [3079:3079:INFO:lycra_gcm.cc(117)] Deferring GCM registration until connectivity is up.
04-09 15:54:55.912  3076  3076 I cast_shell: [3079:3079:WARNING:cloud_settings_manager.cc(513)] Cannot initialize device settings config: /data/chrome/cloud_settings/cloud_settings.prefs, pref_error=6
04-09 15:54:55.913  3076  3076 I cast_shell: [3079:3079:INFO:cloud_settings_manager.cc(195)] Cloud settings is disabled.
04-09 15:54:55.913  3076  3076 I cast_shell: [3079:3079:INFO:pref_metrics_manager.cc(66)] PrefMetricsManager started.
04-09 15:54:55.914  3076  3076 I cast_shell: [3079:3079:INFO:pref_control_service_impl.cc(142)] Loading prefs from /data/chrome/pref_control/pref_control.prefs
04-09 15:54:55.914  3076  3076 I cast_shell: [3079:3079:INFO:pref_control_service_impl.cc(602)] Registering pref Pref [Name:motion_sensing_pref,RestoreValue:1,ForceEnableParent:1,Value:1,Optin:1]
04-09 15:54:55.914  3076  3076 I cast_shell: [3079:3079:INFO:pref_control_service_impl.cc(602)] Registering pref Pref [Name:sleep_sensing_pref,RestoreValue:0,ForceEnableParent:1,Value:1,Optin:0]
04-09 15:54:55.915  3076  3076 I cast_shell: [3079:3079:INFO:pref_control_service_impl.cc(602)] Registering pref Pref [Name:sleep_disturbance_pref,RestoreValue:1,ForceEnableParent:0,Value:1,Optin:0]
04-09 15:54:55.915  3076  3076 I cast_shell: [3079:3079:INFO:pref_control_service_impl.cc(602)] Registering pref Pref [Name:sleep_coaching_pref,RestoreValue:1,ForceEnableParent:0,Value:1,Optin:0]
04-09 15:54:55.915  3076  3076 I cast_shell: [3079:3079:INFO:pref_control_service_impl.cc(602)] Registering pref Pref [Name:gesture_sensing_pref,RestoreValue:0,ForceEnableParent:1,Value:1,Optin:0]
04-09 15:54:55.915  3076  3076 I cast_shell: [3079:3079:INFO:pref_control_service_impl.cc(602)] Registering pref Pref [Name:play_and_pause_gesture_pref,RestoreValue:1,ForceEnableParent:0,Value:1,Optin:0]
04-09 15:54:55.915  3076  3076 I cast_shell: [3079:3079:INFO:pref_control_service_impl.cc(602)] Registering pref Pref [Name:snooze_alarm_gesture_pref,RestoreValue:1,ForceEnableParent:0,Value:1,Optin:0]
04-09 15:54:55.915  3076  3076 I cast_shell: [3079:3079:INFO:pref_control_service_impl.cc(602)] Registering pref Pref [Name:stop_timers_gesture_pref,RestoreValue:1,ForceEnableParent:0,Value:1,Optin:0]
04-09 15:54:55.915  3076  3076 I cast_shell: [3079:3079:INFO:pref_metrics_manager.cc(94)] Adding motion_sensing_pref to PrefMetricsManager.
04-09 15:54:55.915  3076  3076 I cast_shell: [3079:3079:INFO:pref_metrics_manager.cc(94)] Adding sleep_sensing_pref to PrefMetricsManager.
04-09 15:54:55.915  3076  3076 I cast_shell: [3079:3079:INFO:pref_metrics_manager.cc(94)] Adding sleep_disturbance_pref to PrefMetricsManager.
04-09 15:54:55.915  3076  3076 I cast_shell: [3079:3079:INFO:pref_metrics_manager.cc(94)] Adding sleep_coaching_pref to PrefMetricsManager.
04-09 15:54:55.916  3076  3076 I cast_shell: [3079:3079:INFO:pref_metrics_manager.cc(94)] Adding gesture_sensing_pref to PrefMetricsManager.
04-09 15:54:55.916  3076  3076 I cast_shell: [3079:3079:INFO:pref_metrics_manager.cc(94)] Adding play_and_pause_gesture_pref to PrefMetricsManager.
04-09 15:54:55.916  3076  3076 I cast_shell: [3079:3079:INFO:pref_metrics_manager.cc(94)] Adding snooze_alarm_gesture_pref to PrefMetricsManager.
04-09 15:54:55.916  3076  3076 I cast_shell: [3079:3079:INFO:pref_metrics_manager.cc(94)] Adding stop_timers_gesture_pref to PrefMetricsManager.
04-09 15:54:55.916  3076  3076 I cast_shell: [3079:3079:INFO:pref_control_service_impl.cc(107)] PrefControlService constructed.
04-09 15:54:55.916  3076  3076 I cast_shell: [3079:3079:INFO:grpc_manager_impl.cc(245)] Registered service chromecast.grpc_discovery.GrpcDiscoveryService
04-09 15:54:55.916  3076  3076 I cast_shell: [3079:3079:INFO:grpc_manager_impl.cc(262)] Registered a handler GetServiceInfo for service chromecast.grpc_discovery.GrpcDiscoveryService
04-09 15:54:55.918  3076  3076 I cast_shell: [3079:3079:INFO:grpc_manager_impl.cc(505)] GRPC[uri=unix:/tmp/hcp_ipc_auth.socket]: num_pending_calls=0, num_active_handlers=0, num_free_handlers=0
04-09 15:54:55.918  3076  3076 I cast_shell: [3079:3079:INFO:grpc_manager_impl.cc(245)] Registered service usonia.ipc.Auth
04-09 15:54:55.918  3076  3076 I cast_shell: [3079:3079:INFO:grpc_manager_impl.cc(262)] Registered a handler Sign for service usonia.ipc.Auth
04-09 15:54:55.918  3076  3076 I cast_shell: [3079:3079:INFO:grpc_manager_impl.cc(262)] Registered a handler Verify for service usonia.ipc.Auth
04-09 15:54:55.919  3076  3076 I cast_shell: [3079:3079:INFO:grpc_manager_impl.cc(262)] Registered a handler AuthReady for service usonia.ipc.Auth
04-09 15:54:55.919  3076  3076 I cast_shell: [3079:3079:INFO:grpc_manager_impl.cc(245)] Registered service usonia.ipc.DistributedServiceDiscovery
04-09 15:54:55.919  3076  3076 I cast_shell: [3079:3079:INFO:grpc_manager_impl.cc(262)] Registered a handler UpdateServiceObservers for service usonia.ipc.DistributedServiceDiscovery
04-09 15:54:55.919  3076  3076 I cast_shell: [3079:3079:INFO:grpc_manager_impl.cc(262)] Registered a handler FetchAllPeerAddressList for service usonia.ipc.DistributedServiceDiscovery
04-09 15:54:55.919  3076  3076 I cast_shell: [3079:3079:INFO:grpc_manager_impl.cc(262)] Registered a handler ResolvePeerAddress for service usonia.ipc.DistributedServiceDiscovery
04-09 15:54:55.919  3076  3076 I cast_shell: [3079:3079:INFO:grpc_manager_impl.cc(262)] Registered a handler AddService for service usonia.ipc.DistributedServiceDiscovery
04-09 15:54:55.920  3076  3076 I cast_shell: [3079:3079:INFO:grpc_manager_impl.cc(262)] Registered a handler IsServiceAllowed for service usonia.ipc.DistributedServiceDiscovery
04-09 15:54:55.920  3076  3076 I cast_shell: [3079:3079:INFO:grpc_manager_impl.cc(245)] Registered service usonia.ipc.LeaderElector
04-09 15:54:55.920  3076  3076 I cast_shell: [3079:3079:INFO:grpc_manager_impl.cc(262)] Registered a handler LeaderElection for service usonia.ipc.LeaderElector
04-09 15:54:55.920  3076  3076 I cast_shell: [3079:3079:INFO:grpc_manager_impl.cc(245)] Registered service usonia.ipc.TimeSynchronizer
04-09 15:54:55.920  3076  3076 I cast_shell: [3079:3079:INFO:grpc_manager_impl.cc(262)] Registered a handler ObserveCommonTime for service usonia.ipc.TimeSynchronizer
04-09 15:54:55.921  3076  3076 I cast_shell: [3079:3115:INFO:common_time.cc(128)] New common clock leader DA68339AEF10D0E59DDC5FF61B5A2D8A, is_this_device = 1, IP = [::1]:10006, quality = 0
04-09 15:54:55.921  3076  3076 I cast_shell: [3079:3115:INFO:common_time.cc(158)] Set this device as common time source
04-09 15:54:55.922  3076  3076 I cast_shell: [3079:3079:INFO:grpc_manager_impl.cc(317)] Grpc server started in port 1
04-09 15:54:55.922  3076  3076 I cast_shell: [3079:3079:INFO:sensor_pref_manager.cc(84)] SensorPrefManager is disabled.
04-09 15:54:55.923  3076  3076 I cast_shell: [3079:3079:INFO:remote_ducking_receiver.cc(183)] remote ducking: starting receiver.
04-09 15:54:55.923  3076  3076 I cast_shell: [3079:3079:INFO:grpc_manager_impl.cc(505)] GRPC[uri=unix:/tmp/modular_updater/modular_update_service]: num_pending_calls=0, num_active_handlers=0, num_free_handlers=0
04-09 15:54:55.923  3076  3076 I cast_shell: [3079:3079:INFO:cast_power_manager_provider.cc(26)] Creating DummyCastPowerManagerProvider
04-09 15:54:55.930  3076  3076 I cast_shell: [3079:3079:INFO:timezone_settings.cc(288)] Setting system timezone to America/Los_Angeles
04-09 15:54:55.930  3076  3076 I cast_shell: [3079:3079:INFO:daily_reboot_impl.cc(172)] Daily reboot is disabled
04-09 15:54:55.930  3076  3076 I cast_shell: [3079:3079:INFO:api_reboot.cc(321)] active_activities count=1
04-09 15:54:55.931  3076  3076 I cast_shell: [3079:3079:INFO:cast_power_manager_provider.cc(26)] Creating DummyCastPowerManagerProvider
04-09 15:54:55.931  3076  3076 I cast_shell: [3079:3092:INFO:gamma_utils.cc(31)] Gamma calibration file is not present, use default LUT
04-09 15:54:55.931  3076  3076 I cast_shell: [3079:3079:INFO:cast_power_manager_provider.cc(26)] Creating DummyCastPowerManagerProvider
04-09 15:54:55.931  3076  3076 I cast_shell: [3079:3079:INFO:cast_power_manager_provider.cc(26)] Creating DummyCastPowerManagerProvider
04-09 15:54:55.932  3076  3076 I cast_shell: [3079:3079:INFO:setup_api_registry.cc(192)] Register external API: audio/delete_config
04-09 15:54:55.932  3076  3076 I cast_shell: [3079:3079:INFO:setup_api_registry.cc(192)] Register external API: audio/get_avail_processors
04-09 15:54:55.932  3076  3076 I cast_shell: [3079:3079:INFO:setup_api_registry.cc(192)] Register external API: audio/get_config
04-09 15:54:55.932  3076  3076 I cast_shell: [3079:3079:INFO:setup_api_registry.cc(192)] Register external API: audio/get_default_config
04-09 15:54:55.932  3076  3076 I cast_shell: [3079:3079:INFO:setup_api_registry.cc(192)] Register external API: audio/set_params
04-09 15:54:55.933  3076  3076 I cast_shell: [3079:3079:INFO:setup_api_registry.cc(192)] Register external API: audio/set_config
04-09 15:54:55.933  3076  3076 I cast_shell: [3079:3079:INFO:setup_api_registry.cc(192)] Register external API: user_eq/set_equalizer
04-09 15:54:55.933  3076  3076 I cast_shell: [3079:3079:INFO:capture_service_dummy.cc(11)] Dummy CaptureService.
04-09 15:54:55.934  3076  3076 I cast_shell: [3079:3092:INFO:tuning_manager.cc(118)] No file found at /etc/cast_audio.json
04-09 15:54:55.934  3076  3076 I cast_shell: [3079:3092:INFO:tuning_manager.cc(130)] No file found at /etc/cast_audio.json
04-09 15:54:55.937  3076  3076 I cast_shell: [3079:3079:INFO:setup_api_registry.cc(192)] Register external API: auto_media_volume
04-09 15:54:55.937  3076  3076 I cast_shell: [3079:3079:INFO:cast_thread_health_check.cc(53)] Receiver health check timeout: 15 seconds.
04-09 15:54:55.938  3076  3076 I cast_shell: [3079:3079:INFO:file_util.cc(28)] base_assistant_dir = /data/chrome
04-09 15:54:55.938  3076  3076 I cast_shell: [3079:3079:INFO:chromecast_service.cc(2189)] Geolocation changed to: 0
04-09 15:54:55.938  3076  3076 I cast_shell: [3079:3079:INFO:chromecast_service.cc(2229)] AoGH feature is: 0
04-09 15:54:55.939  3076  3076 I cast_shell: [3079:3079:INFO:chromecast_service.cc(2248)] Playback disruption feature is: 0
04-09 15:54:55.944  3076  3076 I cast_shell: [3079:3079:INFO:metrics_recorder.cc(112)] Metrics stat: total=0
04-09 15:54:55.944  3076  3076 I cast_shell: [3079:3103:INFO:media_manager_impl.cc(1043)] New device volume control type: new_type=1, old_type=0
04-09 15:54:55.944  3076  3076 I cast_shell: [3079:3103:INFO:media_manager_impl.cc(1066)] New device volume step interval: new_interval=0.02, old_interval=0
04-09 15:54:55.944  3076  3076 I cast_shell: [3079:3103:ERROR:media_manager_impl.cc(1294)] GetScreenResolution failed.
04-09 15:54:55.944  3076  3076 I cast_shell: [3079:3103:INFO:media_manager_impl.cc(343)] Media manager is initialized.
04-09 15:54:55.945  3076  3076 I cast_shell: [3079:3079:INFO:media_manager_impl.cc(269)] IsHdmiPlatform: 0
04-09 15:54:55.946  3076  3076 I cast_shell: [3079:3079:INFO:hds_settings.cc(136)] HdsSettings using HDS url https://preprod-home-devices.sandbox.google.com/
04-09 15:54:55.947  3076  3076 I cast_shell: [3079:3079:INFO:client_auth_creds.cc(173)] Device cert: 4D8AC5B9056A76852E4F FA:8F:CA:87:13:D1
04-09 15:54:55.947  3076  3076 I cast_shell: [3079:3079:INFO:client_auth_creds.cc(182)] Intermediate cert: LSB
04-09 15:54:55.947  3076  3076 I cast_shell: [3079:3079:INFO:client_auth_creds.cc(182)] Intermediate cert: Amlogic GVA Manufacturer Cert
04-09 15:54:55.947  3076  3076 I cast_shell: [3079:3079:INFO:client_auth_creds.cc(226)] Imported client auth cert.
04-09 15:54:55.947  3076  3076 I cast_shell: [3079:3079:INFO:client_auth_creds.cc(237)] Imported client auth private key
04-09 15:54:55.947  3076  3076 I cast_shell: [3079:3079:INFO:client_auth_signer.cc(155)] Created singleton instance of ClientAuthSigner.
04-09 15:54:55.948  3076  3076 I cast_shell: [3079:3079:INFO:client_auth_manager.cc(119)] Storing the certificate first used by the device.
04-09 15:54:56.020  3076  3076 I cast_shell: [3079:3079:WARNING:application_config_manager_impl.cc(253)] Cannot read application config file: /fakeapp.conf
04-09 15:54:56.021  3076  3076 I cast_shell: [3079:3079:INFO:application_manager_impl.cc(398)] Application manager is initialized.
04-09 15:54:56.021  3076  3076 I cast_shell: [3079:3079:INFO:mdns_cast_service.cc(156)] Device discovery state is idle
04-09 15:54:56.022  3076  3076 I cast_shell: [3079:3079:INFO:mdns_manager_impl.cc(177)] MdnsManager is initialized
04-09 15:54:56.022  3076  3076 I cast_shell: [3079:3079:INFO:config_downloader.cc(239)] Set config periodic interval: min=300, max=420
04-09 15:54:56.022  3076  3076 I cast_shell: [3079:3079:INFO:crl_downloader.cc(274)] Set CRL periodic interval: min=2160, max=2880
04-09 15:54:56.022  3076  3076 I cast_shell: [3079:3129:INFO:v2_transport.cc(458)] Added Cast V2 endpoint: id=Tr@n$p0rt-0, socket_factory_id=[PII](*)
04-09 15:54:56.022  3076  3076 I cast_shell: [3079:3129:INFO:endpoint_with_namespace_handler.cc(103)] Added a namespace handler: local_id=Tr@n$p0rt-0, namespace=urn:x-cast:com.google.cast.tp.connection
04-09 15:54:56.022  3076  3076 I cast_shell: [3079:3129:INFO:endpoint_with_namespace_handler.cc(103)] Added a namespace handler: local_id=Tr@n$p0rt-0, namespace=urn:x-cast:com.google.cast.tp.heartbeat
04-09 15:54:56.023  3076  3076 I cast_shell: [3079:3129:INFO:endpoint_with_namespace_handler.cc(103)] Added a namespace handler: local_id=Tr@n$p0rt-0, namespace=urn:x-cast:com.google.cast.tp.deviceauth
04-09 15:54:56.023  3076  3076 I cast_shell: [3079:3129:INFO:v2_transport.cc(335)] V2Transport initialized.
04-09 15:54:56.023  3076  3076 I cast_shell: [3079:3128:INFO:mdns_app_filter.cc(573)] MdnsAppFilter initialized
04-09 15:54:56.023  3076  3076 I cast_shell: [3079:3128:INFO:discovered_service_client.cc(102)] Registering new service PTR listener: _googlecast._tcp.local
04-09 15:54:56.023  3076  3076 I cast_shell: [3079:3079:INFO:hds_broker_impl.cc(121)] HDS type registered type.googleapis.com/home.hds.proto.device.relayedcasting.RelayedCastingPleaseConnectRequest
04-09 15:54:56.023  3076  3076 I cast_shell: [3079:3129:INFO:v2_transport.cc(411)] Added socket factory: id=domain-socket@/tmp/cast-control
04-09 15:54:56.024  3076  3076 I cast_shell: [3079:3129:INFO:v2_transport.cc(411)] Added socket factory: id=opencast-socket
04-09 15:54:56.024  3076  3076 I cast_shell: [3079:3079:INFO:mdns_util.cc(102)] Defaulting mDNS capabilities for audio-only build
04-09 15:54:56.025  3076  3076 I cast_shell: [3079:3079:INFO:virtual_device_manager.cc(138)] Added virtual device: id=[PII](f0adfe62-fc52-c53a-5402-2597301ee543)
04-09 15:54:56.025  3076  3076 I cast_shell: [3079:3129:INFO:v2_transport.cc(458)] Added Cast V2 endpoint: id=receiver-f0adfe62-fc52-c53a-5402-2597301ee543, socket_factory_id=[PII](f0adfe62-fc52-c53a-5402-2597301ee543)
04-09 15:54:56.025  3076  3076 I cast_shell: [3079:3129:INFO:endpoint_with_namespace_handler.cc(103)] Added a namespace handler: local_id=receiver-f0adfe62-fc52-c53a-5402-2597301ee543, namespace=urn:x-cast:com.google.cast.receiver
04-09 15:54:56.025  3076  3076 I cast_shell: [3079:3079:INFO:ccs_manager_impl.cc(522)] Added CCS device
04-09 15:54:56.025  3076  3076 I cast_shell: [3079:3129:INFO:endpoint_with_namespace_handler.cc(103)] Added a namespace handler: local_id=receiver-f0adfe62-fc52-c53a-5402-2597301ee543, namespace=urn:x-cast:com.google.cast.receiver.discovery
04-09 15:54:56.025  3076  3076 I cast_shell: [3079:3129:INFO:endpoint_with_namespace_handler.cc(103)] Added a namespace handler: local_id=receiver-f0adfe62-fc52-c53a-5402-2597301ee543, namespace=urn:x-cast:com.google.cast.receiver.debug
04-09 15:54:56.025  3076  3076 I cast_shell: [3079:3079:INFO:ccs_manager_impl.cc(523)] [PII] device_id=DA68339AEF10D0E59DDC5FF61B5A2D8A
04-09 15:54:56.025  3076  3076 I cast_shell: [3079:3129:INFO:v2_transport.cc(411)] Added socket factory: id=f0adfe62-fc52-c53a-5402-2597301ee543
04-09 15:54:56.025  3076  3076 I cast_shell: [3079:3129:INFO:endpoint_with_namespace_handler.cc(103)] Added a namespace handler: local_id=receiver-f0adfe62-fc52-c53a-5402-2597301ee543, namespace=urn:x-cast:com.google.cast.receiver.key_exchange
04-09 15:54:56.025  3076  3076 I cast_shell: [3079:3129:INFO:endpoint_with_namespace_handler.cc(103)] Added a namespace handler: local_id=receiver-f0adfe62-fc52-c53a-5402-2597301ee543, namespace=urn:x-cast:com.google.cast.broadcast
04-09 15:54:56.031  3076  3076 I cast_shell: [3079:3118:INFO:net_util_shlib_support.cc(51)] Wifi interface found: wlan0
04-09 15:54:56.031  3076  3076 I cast_shell: [3079:3118:INFO:net_util_shlib_support.cc(51)] Wifi interface found: p2p0
04-09 15:54:56.031  3076  3076 I cast_shell: [3079:3118:INFO:net_util_shlib_support.cc(51)] Wifi interface found: p2p1
04-09 15:54:56.031  3076  3076 I cast_shell: [3079:3118:INFO:net_util_shlib_support.cc(51)] Wifi interface found: wfd0
04-09 15:54:56.031  3076  3076 I cast_shell: [3079:3118:INFO:wifi_controller_wpa_supplicant.cc(456)] Wifi is active: wifi_netif=wlan0
04-09 15:54:56.040  3076  3076 I cast_shell: [3079:3079:INFO:multizone_setup.cc(206)] OEM delay = 0 s
04-09 15:54:56.042  3076  3076 I cast_shell: [3079:3079:INFO:mdns_util.cc(102)] Defaulting mDNS capabilities for audio-only build
04-09 15:54:56.042  3076  3076 I cast_shell: [3079:3131:INFO:multizone_manager.cc(539)] Dynamic groups are enabled
04-09 15:54:56.042  3076  3076 I cast_shell: [3079:3079:INFO:api_reboot.cc(321)] active_activities count=1
04-09 15:54:56.042  3076  3076 I cast_shell: [3079:3079:INFO:setup_api_registry.cc(192)] Register external API: reboot
04-09 15:54:56.042  3076  3076 I cast_shell: [3079:3079:WARNING:cast_crypto_keys_openssl_shlib.cc(70)] No valid ESN read.
04-09 15:54:56.042  3076  3076 I cast_shell: [3079:3079:WARNING:cast_crypto_keys_openssl_shlib.cc(83)] Invalid or no DKE value read.
04-09 15:54:56.042  3076  3076 I cast_shell: [3079:3079:WARNING:cast_crypto_keys_openssl_shlib.cc(95)] Invalid or no DKH value read.
04-09 15:54:56.042  3076  3076 I cast_shell: [3079:3079:WARNING:cast_crypto_keys_openssl_shlib.cc(151)] Invalid or no DKW value read/computed.
04-09 15:54:56.042  3076  3076 I cast_shell: [3079:3128:INFO:discovered_service_client.cc(102)] Registering new service PTR listener: _googlezone._tcp.local
04-09 15:54:56.042  3076  3076 I cast_shell: [3079:3131:INFO:multizone_group.cc(357)] Change name for group [PII](DA68339AEF10D0E59DDC5FF61B5A2D8A) to [PII](LSB8214)
04-09 15:54:56.042  3076  3076 I cast_shell: [3079:3131:INFO:setup_api_registry.cc(192)] Register external API: multizone/aux_in
04-09 15:54:56.048  2711  2723 I yani_server: NetLink Event '-1' Interface-Index '5' WLAN '-1' Ethernet '-1' Parsed-iFill '-1' -> 'INVALID' ifIndex '1' -> 'lo'
04-09 15:54:56.050  2711  2723 I yani_server: NetLink Event '-1' Interface-Index '5' WLAN '0' Ethernet '-1' Parsed-iFill '-1' -> 'INVALID' ifIndex '1' -> 'lo'
04-09 15:54:56.066  2733  2811 I bluetoothtbd: [0409/032456.066663:INFO:gatt_api.cc(1005)] GATT_Register
04-09 15:54:56.066  2733  2811 I bluetoothtbd: [0409/032456.066883:INFO:gatt_api.cc(1028)] allocated gatt_if=4
04-09 15:54:56.072  2733  2811 E bt_btif : register application first_unuse rcb_idx = 0
04-09 15:54:56.072  2733  2811 I bluetoothtbd: [0409/032456.072459:INFO:gatt_api.cc(1005)] GATT_Register
04-09 15:54:56.072  2733  2811 I bluetoothtbd: [0409/032456.072568:INFO:gatt_api.cc(1028)] allocated gatt_if=5
04-09 15:54:56.079  2733  2811 I bluetoothtbd: [0409/032456.079521:INFO:gatt_api.cc(1005)] GATT_Register
04-09 15:54:56.079  2733  2811 I bluetoothtbd: [0409/032456.079700:INFO:gatt_api.cc(1028)] allocated gatt_if=6
04-09 15:54:56.080  2733  2760 I bluetoothtbd: [0409/032456.080495:INFO:adapter.cc(551)] Adapter properties changed
04-09 15:54:56.080  2733  2760 I bluetoothtbd: [0409/032456.080900:INFO:adapter.cc(573)] Adapter name changed
04-09 15:54:56.081  3076  3076 I cast_shell: [3079:3079:INFO:input_manager_impl.cc(284)] RegisterInput: device_id: cast, type: 0, state: 0
04-09 15:54:56.081  3076  3076 I cast_shell: [3079:3079:INFO:input_manager_impl.cc(308)] NotifyInputConnect: device_id: cast, sample_rate: 0, num_channels: 0
04-09 15:54:56.081  3076  3076 I cast_shell: [3079:3079:INFO:input_manager_impl.cc(370)] SetActiveInput: cast
04-09 15:54:56.081  3076  3076 I cast_shell: [3079:3129:INFO:endpoint_with_namespace_handler.cc(103)] Added a namespace handler: local_id=receiver-f0adfe62-fc52-c53a-5402-2597301ee543, namespace=urn:x-cast:com.google.cast.audio.input
04-09 15:54:56.081  3076  3076 I cast_shell: [3079:3079:INFO:bluetooth_setup.cc(690)] Disabling connectability.
04-09 15:54:56.082  3076  3076 I cast_shell: [3079:3079:INFO:input_manager_impl.cc(284)] RegisterInput: device_id: bluetooth, type: 1, state: 0
04-09 15:54:56.082  3076  3076 I cast_shell: [3079:3129:INFO:endpoint_with_namespace_handler.cc(103)] Added a namespace handler: local_id=receiver-f0adfe62-fc52-c53a-5402-2597301ee543, namespace=urn:x-cast:com.google.cast.assistant
04-09 15:54:56.083  3076  3076 I cast_shell: [3079:3129:INFO:endpoint_with_namespace_handler.cc(103)] Added a namespace handler: local_id=receiver-f0adfe62-fc52-c53a-5402-2597301ee543, namespace=urn:x-cast:com.google.cast.companionauth
04-09 15:54:56.083  3076  3076 I cast_shell: [3079:3129:INFO:endpoint_with_namespace_handler.cc(103)] Added a namespace handler: local_id=receiver-f0adfe62-fc52-c53a-5402-2597301ee543, namespace=urn:x-cast:com.google.cast.companion
04-09 15:54:56.083  3076  3076 I cast_shell: [3079:3129:INFO:endpoint_with_namespace_handler.cc(103)] Added a namespace handler: local_id=receiver-f0adfe62-fc52-c53a-5402-2597301ee543, namespace=urn:x-cast:com.google.cast.timesync
04-09 15:54:56.083  3076  3076 I cast_shell: [3079:3079:INFO:robot_account_auth_manager.cc(295)] No backend type specified. Getting COS URL based on the build type instead.
04-09 15:54:56.083  3076  3076 I cast_shell: [3079:3079:INFO:robot_account_auth_manager.cc(312)] Auth url: https://clients5.google.com/cast/orchestration/googleoauthtoken?rt=b
04-09 15:54:56.083  3076  3076 I cast_shell: [3079:3079:WARNING:robot_account_auth_manager.cc(463)] Failed to initialize JWT for 38579375
04-09 15:54:56.083  3076  3076 I cast_shell: [3079:3079:INFO:queryable_data_registrar.cc(52)] Registering queryable data for managed mode as: 0
04-09 15:54:56.084  2733  2760 I bluetoothtbd: [0409/032456.084725:INFO:adapter.cc(551)] Adapter properties changed
04-09 15:54:56.084  2733  2811 I bluetoothtbd: [0409/032456.084812:INFO:btif_ble_advertiser.cc(90)] RegisterAdvertiserCb status: 0 , adveriser_id: 0
04-09 15:54:56.085  2733  2760 I bluetoothtbd: [0409/032456.085402:INFO:adapter.cc(551)] Adapter properties changed
04-09 15:54:56.085  2733  2760 I bluetoothtbd: [0409/032456.085601:INFO:adapter.cc(551)] Adapter properties changed
04-09 15:54:56.085  2733  2760 E bluetoothtbd: [0409/032456.085682:ERROR:adapter.cc(608)] Invalid property length: 512
04-09 15:54:56.085  3076  3076 I cast_shell: [3079:3079:INFO:queryable_data_registrar.cc(59)] Registering enable_hls_sample_aes=1
04-09 15:54:56.086  3076  3076 I cast_shell: [3079:3118:INFO:gatt_client_manager_impl.cc(202)] Enabling GATT client connectability
04-09 15:54:56.086  3076  3076 I cast_shell: [3079:3079:INFO:queryable_data_registrar.cc(64)] Registering hls_sample_aes_init_segment
04-09 15:54:56.086  3076  3076 I cast_shell: [3079:3079:INFO:queryable_data_registrar.cc(70)] Registering visual-punt-on-platform-supported
04-09 15:54:56.086  3076  3076 I cast_shell: [3079:3118:INFO:setup_api_registry.cc(192)] Register external API: input/status
04-09 15:54:56.086  3076  3076 I cast_shell: [3079:3118:INFO:setup_api_registry.cc(192)] Register external API: input/set_active
04-09 15:54:56.089  2733  2760 I bluetoothtbd: [0409/032456.089200:INFO:adapter.cc(551)] Adapter properties changed
04-09 15:54:56.089  2733  2760 I bluetoothtbd: [0409/032456.089354:INFO:adapter.cc(573)] Adapter name changed
04-09 15:54:56.091  3076  3076 I cast_shell: [3079:3079:ERROR:server.cc(243)] XDG_RUNTIME_DIR not set in the environment
04-09 15:54:56.091  3076  3076 I cast_shell: [3079:3079:ERROR:wayland_server_controller.cc(27)] Wayland server creation failed
04-09 15:54:56.091  3076  3076 I cast_shell: [3079:3079:WARNING:cast_metrics_service_client.cc(134)] Empty client id from platform, assuming this is the first boot up of a new device.
04-09 15:54:56.091  3076  3076 I cast_shell: [3079:3079:INFO:cast_metrics_service_client.cc(93)] Metrics client ID set: 42477183-66b1-47e9-b7fc-d11a412b44e5
04-09 15:54:56.091  3076  3076 I cast_shell: [3079:3079:INFO:device_info_impl.cc(970)] Metrics client ID: 42477183-66b1-47e9-b7fc-d11a412b44e5
04-09 15:54:56.093  3076  3076 I cast_shell: [3079:3079:INFO:cast_metrics_service_client.cc(93)] Metrics client ID set: 42477183-66b1-47e9-b7fc-d11a412b44e5
04-09 15:54:56.093  3076  3076 I cast_shell: [3079:3079:INFO:device_info_impl.cc(970)] Metrics client ID: 42477183-66b1-47e9-b7fc-d11a412b44e5
04-09 15:54:56.094  3076  3076 I cast_shell: [3079:3092:INFO:crypto_manager.cc(75)] Creating private key: size=2048
04-09 15:54:56.110  3076  3076 I cast_shell: [3079:3079:INFO:cast_receiver_impl.cc(828)] Cast receiver started.
04-09 15:54:56.110  3076  3076 I cast_shell: [3079:3129:INFO:v2_unix_domain_socket_factory.cc(84)] Cast V2 Unix domain socket is listening: path=/tmp/cast-control
04-09 15:54:56.110  3076  3076 I cast_shell: [3079:3079:WARNING:cast_receiver_impl.cc(1126)] Network is not globally connected. Don't schedule config downloading yet.
04-09 15:54:56.110  3076  3076 I cast_shell: [3079:3079:INFO:ccs_manager_impl.cc(663)] Starting cloud ipc activity with CCS
04-09 15:54:56.110  3076  3076 I cast_shell: [3079:3079:INFO:ccs_manager_impl.cc(1286)] CcsManagerImpl opt_in.cloud_ipc pref changed: 1
04-09 15:54:56.110  3076  3076 I cast_shell: [3079:3079:INFO:ccs_manager_impl.cc(1322)] Waiting for all transports to be enabled
04-09 15:54:56.111  3076  3076 I cast_shell: [3079:3079:INFO:ccs_transport_gcm.cc(94)] Deferring GCM registration until connectivity is up
04-09 15:54:56.111  3076  3076 I cast_shell: [3079:3079:INFO:multizone_manager.cc(2397)] Resuming MultizoneManager
04-09 15:54:56.111  3076  3076 I cast_shell: [3079:3079:INFO:cast_receiver_impl.cc(934)] Cast receiver resumed.
04-09 15:54:56.111  3076  3076 I cast_shell: [3079:3079:WARNING:cast_receiver_impl.cc(1138)] Network is not globally connected. Don't schedule CRL downloading yet.
04-09 15:54:56.111  3076  3076 I cast_shell: [3079:3079:INFO:chromecast_service.cc(1935)] Network is disconnected, reconnecting Wifi.
04-09 15:54:56.120  3076  3076 I cast_shell: [3079:3142:INFO:external_mojo_broker.cc(405)] Initializing external mojo broker at: /tmp/cast_mojo_broker
04-09 15:54:56.122  3076  3076 I cast_shell: [3079:3085:ERROR:cast_audio_input_json.cc(33)] Failed to read JSON file: /etc/cast_audio_input.json
04-09 15:54:56.122  3076  3076 I cast_shell: [3079:3085:ERROR:channel_selector_reader.cc(44)] Failed to read audio input json
04-09 15:54:56.122  3076  3076 I cast_shell: [3079:3085:INFO:auto_volume.cc(107)] Auto volume is disabled
04-09 15:54:56.125  3076  3076 I cast_shell: [3079:3079:INFO:audio_focus_manager_impl.cc(27)] use_media_starting_block: 0
04-09 15:54:56.126  3076  3076 I cast_shell: [3079:3079:INFO:grpc_auth_manager_in_process.cc(135)] Initializing Auth.
04-09 15:54:56.127  3076  3076 I cast_shell: [3079:3079:INFO:grpc_manager_impl.cc(505)] GRPC[uri=[::]:8012]: num_pending_calls=0, num_active_handlers=0, num_free_handlers=0
04-09 15:54:56.130  3076  3076 I cast_shell: [3079:3079:INFO:grpc_manager_impl.cc(317)] Grpc server started in port 8012
04-09 15:54:56.131  3076  3076 I cast_shell: [3079:3079:INFO:ccs_manager_impl.cc(851)] Network connectivity down for CcsManager
04-09 15:54:56.140  3076  3076 I cast_shell: [3079:3099:INFO:cast_auth_api_adaptor.cc(82)] CastAuth: init with library: libcast_auth.so
04-09 15:54:56.140  3076  3076 I cast_shell: [3079:3099:INFO:cast_auth_api_adaptor.cc(93)] CastAuth: common module initialization successful.
04-09 15:54:56.140  3076  3076 I cast_shell: [3079:3099:INFO:cast_auth_api_adaptor.cc(98)] CastAuth: model-based module initialization successful.
04-09 15:54:56.147  3076  3076 I cast_shell: [3079:3118:INFO:ble_setup.cc(789)] Missing required info for sign.
04-09 15:54:56.147  3076  3076 I cast_shell: [3079:3079:INFO:mdns_manager_impl.cc(468)] Setting new conflict callback
04-09 15:54:56.147  3076  3076 I cast_shell: [3079:3079:INFO:mdns_util.cc(102)] Defaulting mDNS capabilities for audio-only build
04-09 15:54:56.147  3076  3076 I cast_shell: [3079:3079:INFO:ccs_manager_impl.cc(1322)] Waiting for all transports to be enabled
04-09 15:54:56.147  3076  3076 I cast_shell: [3079:3079:INFO:bluetooth_setup.cc(690)] Disabling connectability.
04-09 15:54:56.147  3076  3076 I cast_shell: [3079:3079:INFO:input_manager_impl.cc(468)] Using virtual device f0adfe62-fc52-c53a-5402-2597301ee543
04-09 15:54:56.147  3076  3076 I cast_shell: [3079:3079:INFO:virtual_device_manager.cc(247)] Virtual device [PII](f0adfe62-fc52-c53a-5402-2597301ee543) using Cast V2 port 8009
04-09 15:54:56.147  3076  3076 I cast_shell: [3079:3079:INFO:metrics_recorder.cc(282)] cast event: Cast.System.Timezone.ChangeSuccessful
04-09 15:54:56.147  3076  3076 I cast_shell: [3079:3079:WARNING:channel_selector_impl.cc(113)] Cannot get selected channels from json, will use the previous value {0,1}.
04-09 15:54:56.200  3076  3076 I cast_shell: [3079:3079:INFO:secure_storage_impl.cc(107)] Secure storage initialized.
04-09 15:54:56.200  3076  3076 I cast_shell: [3079:3079:INFO:ccs_manager_impl.cc(851)] Network connectivity down for CcsManager
04-09 15:54:56.250  2957  2967 D wac-main: Netlink event
04-09 15:54:56.250  2957  2967 E wac-main: Netlink event 16 Interface Index 6 
04-09 15:54:56.250  2957  2967 E wac-main: p2p0 event Link Changed : 1002 
04-09 15:54:56.250  2957  2967 E wac-main: Enter poll and wait
04-09 15:54:56.251  2711  2723 I yani_kernel: yani_geteventfrom_changeaddr() Message-Id '1' Netlink event '16' Interface Index '6' -> Name 'p2p0' 
04-09 15:54:56.254  3076  3076 I cast_shell: [3079:3128:INFO:metrics_recorder.cc(282)] cast event: Cast.Discovery.Mdns.SocketCreated
04-09 15:54:56.254  3076  3076 I cast_shell: [3079:3128:INFO:mdns_app_filter.cc(1254)] Created mDNS socket for interface:name=p2p1, address=192.168.2.1, index=7
04-09 15:54:56.264  3076  3076 I cast_shell: [3079:3128:INFO:metrics_recorder.cc(282)] cast event: Cast.Discovery.Mdns.SocketCreated
04-09 15:54:56.264  3076  3076 I cast_shell: [3079:3128:INFO:mdns_app_filter.cc(1254)] Created mDNS socket for interface:name=usb0, address=192.168.10.1, index=9
04-09 15:54:56.264  3076  3076 I cast_shell: [3079:3128:INFO:mdns_app_filter.cc(977)] MdnsAppFilter is starting.
04-09 15:54:56.264  3076  3076 I cast_shell: [3079:3128:INFO:metrics_recorder.cc(282)] cast event: Cast.Discovery.Mdns.ResponderStarted
04-09 15:54:56.264  3076  3076 I cast_shell: [3079:3128:INFO:mdns_cast_service.cc(351)] Device discovery state is setup-only
04-09 15:54:56.264  3076  3076 I cast_shell: [3079:3128:INFO:mdns_app_filter.cc(1605)] Re-probing due to newly registered service '1': _googlerpc
04-09 15:54:56.264  3076  3076 I cast_shell: [3079:3128:INFO:mdns_app_filter.cc(1605)] Re-probing due to newly registered service '2': _googlecast
04-09 15:54:56.264  3076  3076 I cast_shell: [3079:3128:INFO:mdns_util.cc(102)] Defaulting mDNS capabilities for audio-only build
04-09 15:54:56.264  3076  3076 I cast_shell: [3079:3128:INFO:mdns_util.cc(102)] Defaulting mDNS capabilities for audio-only build
04-09 15:54:56.264  3076  3076 I cast_shell: [system_updater_dummy.cpp(79)] Initialize
04-09 15:54:56.264  3076  3076 I cast_shell: [system_updater_dummy.cpp(29)] system_updater_socket_create
04-09 15:54:56.265  2731  2745 I HotspotManager: setSSID <SSID omitted> visible
04-09 15:54:56.266  2731  2745 E WifiUtil: command: "SCAN" failed: FAIL-BUSY
04-09 15:54:56.266  2731  2745 I HotspotManager: hotspot start
04-09 15:54:56.266  2731  2745 E WifiUtil: Setting interface p2p0 up.
04-09 15:54:56.267  2731  2745 E WifiUtil: ioctl SIOCGIWFREQ fails for wlan0 Bad address
04-09 15:54:56.267  2957  2967 D wac-main: Netlink event
04-09 15:54:56.267  2957  2967 E wac-main: Netlink event 16 Interface Index 6 
04-09 15:54:56.267  2957  2967 E wac-main: p2p0 event Link Changed : 1003 
04-09 15:54:56.267  2957  2967 E wac-main: Enter poll and wait
04-09 15:54:56.269  3076  3076 I cast_shell: [3079:3079:INFO:mdns_manager_impl.cc(311)] Successfully registered service: type=_googlerpc
04-09 15:54:56.269  3076  3076 I cast_shell: [3079:3118:INFO:gatt_client_manager_impl.cc(202)] Enabling GATT client connectability
04-09 15:54:56.269  3076  3076 I cast_shell: [3079:3079:INFO:mdns_manager_impl.cc(311)] Successfully registered service: type=_googlecast
04-09 15:54:56.269  3076  3076 I cast_shell: [3079:3079:INFO:virtual_device.cc(254)] Registered mDNS service for virtual device: id=f0adfe62-fc52-c53a-5402-2597301ee543
04-09 15:54:56.269  3076  3076 I cast_shell: [3079:3079:INFO:device_info_impl.cc(1094)] Primary netif changed: new=usb0, old=
04-09 15:54:56.269  3076  3076 I cast_shell: [3079:3079:INFO:device_info_impl.cc(1103)] Primary IP address changed: netif=usb0, new=192.168.10.1, old=
04-09 15:54:56.271  3076  3076 I cast_shell: [3079:3079:INFO:cast_receiver_impl.cc(1612)] mDNS Discovery stopped.
04-09 15:54:56.271  3076  3076 I cast_shell: [3079:3128:INFO:mdns_app_filter.cc(1702)] MdnsAppFilter is stopping
04-09 15:54:56.271  3076  3076 I cast_shell: [3079:3128:INFO:metrics_recorder.cc(282)] cast event: Cast.Discovery.Mdns.ResponderStopped
04-09 15:54:56.271  3076  3076 I cast_shell: [3079:3128:INFO:mdns_app_filter.cc(1709)] MdnsAppFilter is stopping; closing socket: address=192.168.2.1
04-09 15:54:56.271  3076  3076 I cast_shell: [3079:3128:INFO:metrics_recorder.cc(282)] cast event: Cast.Discovery.Mdns.SocketDestroyed
04-09 15:54:56.285  2964  2986 I otamanager: OTAManager connected to CastUpdater via  /tmp/socket/system_updater
04-09 15:54:56.285  2964  2986 I otamanager: cast_updater_threadEntry socket handle 5
04-09 15:54:56.398  2958  3002 I LibreCastControl: LibreCastControl_init() Socket Initialized
04-09 15:54:56.408  2958  3002 E LibreCastControl: PULSAR:CreateCastControlThread:18
04-09 15:54:56.408  2958  3002 E LibreCastControl: Create LibreCastLUCITimerThreadInit 
04-09 15:54:56.408  2958  3154 E LibreCastControl: PULSAR:Run:23
04-09 15:54:56.409  2958  3155 E LibreCastControl: Timer Sem Wait Start iCastPlayerstate = 0 
04-09 15:54:56.422  2691  2691 I sh      : [0409/032456.421873:INFO:cast_control_impl.cc(744)] CastControl has started running.
04-09 15:54:56.422  2691  2691 I sh      : [0409/032456.422739:INFO:cast_control_impl.cc(745)] Attempting to connect CastMessageService. socket=/tmp/cast-control
04-09 15:54:56.425  2958  3154 I LibreCastControlDelegate: OnCastStatus() +++ :0xaae87198:STARTING
04-09 15:54:56.425  2691  2691 I sh      : [0409/032456.425691:INFO:cast_control_socket.cc(64)] Successfully connected Cast Control Socket
04-09 15:54:56.425  2958  3154 E LibreCastControlDelegate: OnCastStatus:177
04-09 15:54:56.427  2958  3154 I LibreCastControl: LibreCastControl_SetCastName()  name 'Lyric Speaker Box 21f384' RequestId '1' pCastControl 0xf4a00728
04-09 15:54:56.427  2958  3154 I LibreCastControlDelegate: Active Applications -> 0
04-09 15:54:56.427  2958  3154 I LibreCastControlDelegate: Current Cast State '1' -> 'STARTING'
04-09 15:54:56.427  2958  3154 I LibreCastControlDelegate: OnCastStatus() ---
04-09 15:54:56.427  2691  2691 I sh      : [0409/032456.427684:INFO:cast_message_service_impl.cc(185)] Sending connect message!
04-09 15:54:56.431  3076  3076 I cast_shell: [3079:3129:INFO:metrics_recorder.cc(282)] Cast v2 action(socket_id=domain-socket@/tmp/cast-control.1): CastV2.Connection.Connect.In
04-09 15:54:56.432  3076  3076 I cast_shell: [3079:3079:INFO:resource_namespace_handler.cc(307)] Setting resource provider: sender_id=domain-socket@/tmp/cast-control.1:system-0
04-09 15:54:56.433  2691  2691 I sh      : [0409/032456.432979:INFO:cast_message_service_impl.cc(1007)] CastMessageServiceImpl matched versions
04-09 15:54:56.687  3076  3076 I cast_shell: [3079:3079:INFO:crypto_manager.cc(278)] Public key: MIIBCgKCAQEAjfUdZl4y4ZSyGL3v58Uh6+Q9jrEk3RX1SrRqA6yp/NMYK/WFlGXjmoAOPvfFkMIQ7OtqqVpFP+PylmgoFsi9D2qtWeWA9vVWQdpolScLl+7suFUjlyUnzuAf1Oi1hkUA3FUGZctYQHgjDDZ73kuYYN5KscT9tQKKM8rC2LmEZ460OwK/I+KyYx/h5/N8hmw8ZdNFFJ1LgoMYgTnlziiBi2p0PwbO/clHMl4QSVfLYFQ/P29AHJkfUyQr74QV/NFYTCRvYq65KXTZTHGQz5RtnJvgF2VyNKJIjaBxWcd3V8gChADW9KTx/C7GPFgZz4DIZgQuVMZ9YlCiLEslzM75BwIDAQAB
04-09 15:54:56.687  3076  3076 I cast_shell: [3079:3079:INFO:crypto_manager.cc(289)] Public modulus: jfUdZl4y4ZSyGL3v58Uh6-Q9jrEk3RX1SrRqA6yp_NMYK_WFlGXjmoAOPvfFkMIQ7OtqqVpFP-PylmgoFsi9D2qtWeWA9vVWQdpolScLl-7suFUjlyUnzuAf1Oi1hkUA3FUGZctYQHgjDDZ73kuYYN5KscT9tQKKM8rC2LmEZ460OwK_I-KyYx_h5_N8hmw8ZdNFFJ1LgoMYgTnlziiBi2p0PwbO_clHMl4QSVfLYFQ_P29AHJkfUyQr74QV_NFYTCRvYq65KXTZTHGQz5RtnJvgF2VyNKJIjaBxWcd3V8gChADW9KTx_C7GPFgZz4DIZgQuVMZ9YlCiLEslzM75Bw
04-09 15:54:56.687  3076  3076 I cast_shell: [3079:3079:INFO:crypto_manager.cc(294)] Public exponent: AQAB
04-09 15:54:56.745  2731  2745 I WifiUtil: get p2p0 channel 6 (2437MHz)
04-09 15:54:56.745  2731  2745 I HotspotManager: start hostapd at channel=6 SSID=<SSID omitted> hidden_ssid=0
04-09 15:54:56.753  3076  3076 I cast_shell: [3079:3128:INFO:metrics_recorder.cc(282)] cast event: Cast.Discovery.Mdns.SocketCreated
04-09 15:54:56.753  3076  3076 I cast_shell: [3079:3128:INFO:mdns_app_filter.cc(1254)] Created mDNS socket for interface:name=p2p1, address=192.168.2.1, index=7
