04-09 16:01:06.403  3076  3076 I update_engine: [0409/033106.402393:INFO:update_check_scheduler.cc(77)] Next update check in 2700 seconds
04-09 16:01:06.403  3076  3076 I update_engine: [0409/033106.402576:INFO:string_based_ipc_server.cc(75)] Start IPC server: /tmp/socket/updater
04-09 16:01:06.403  3076  3076 I update_engine: [0409/033106.402997:INFO:unix_stream_server_socket.cc(62)] Unix server socket is created: /tmp/socket/updater
04-09 16:01:06.601  3078  3078 I cast_shell: [3081:3081:ERROR:pref_service_helper.cc(79)] Cannot initialize chromecast config: /data/chrome/.eureka.conf, pref_error=6
04-09 16:01:06.603  3078  3078 I cast_shell: [3081:3081:WARNING:discardable_shared_memory_manager.cc(194)] Less than 64MB of free space in temporary directory for shared memory files: 32
04-09 16:01:06.615  3078  3078 I cast_shell: Fontconfig warning: "/etc/fonts/fonts.conf", line 80: unknown element "blank"
04-09 16:01:06.802  3078  3078 I cast_shell: [3081:3081:INFO:cast_system_memory_pressure_evaluator.cc(167)] AdjustMemoryFractions: critical_memory_fraction_=0.25, moderate_memory_fraction_=0.4
04-09 16:01:06.810  3078  3078 I cast_shell: [3081:3081:INFO:cast_window_manager_aura.cc(198)] Starting window manager, bounds: 0,0 1x1
04-09 16:01:06.819  3078  3078 I cast_shell: [3081:3100:ERROR:mixer_connection.cc(91)] Failed to connect to mixer service: -102
04-09 16:01:06.819  3078  3078 I cast_shell: [3081:3081:WARNING:client_auth_manager.cc(94)] Old certificate is empty.
04-09 16:01:06.820  3078  3078 I cast_shell: [3081:3081:INFO:device_info_impl.cc(135)] [PII] Weave device ID: 
04-09 16:01:06.820  3078  3078 I cast_shell: [3081:3081:INFO:device_info_impl.cc(406)] MAC address for wlan0: CC:90:93:21:F3:84
04-09 16:01:06.825  3078  3078 I cast_shell: [3081:3081:INFO:device_info_impl.cc(431)] Device model id: COTODAMA.LS10 Platform.LSB
04-09 16:01:06.825  3078  3078 I cast_shell: [3081:3081:INFO:device_info_impl.cc(466)] Control Notifications: 0
04-09 16:01:06.825  3078  3078 I cast_shell: [3081:3081:ERROR:device_info_impl.cc(145)] Cannot read file: /data/bootid
04-09 16:01:06.825  3078  3078 I cast_shell: [3081:3081:INFO:device_info_impl.cc(482)] SSDP Boot ID: 0
04-09 16:01:06.825  3078  3078 I cast_shell: [3081:3081:INFO:device_info_impl.cc(486)] SSDP Config ID: 1
04-09 16:01:06.825  3078  3078 I cast_shell: [3081:3081:WARNING:secure_storage_impl.cc(85)] Device key not available yet.
04-09 16:01:06.825  3078  3078 I cast_shell: [3081:3081:INFO:cast_power_manager_provider.cc(26)] Creating DummyCastPowerManagerProvider
04-09 16:01:06.825  3078  3078 I cast_shell: [3081:3081:WARNING:auth_provider_impl.cc(72)] No IoT client_id found on the device. If device was FDRed please ignore this warning.
04-09 16:01:06.825  3078  3078 I cast_shell: [3081:3081:INFO:file_provider_impl.cc(67)] Initialized file provider with base dir: /data/chrome/auth
04-09 16:01:06.825  3078  3078 I cast_shell: [3081:3081:INFO:cast_power_manager_provider.cc(26)] Creating DummyCastPowerManagerProvider
04-09 16:01:06.825  3078  3078 I cast_shell: [3081:3081:INFO:cast_power_manager_provider.cc(26)] Creating DummyCastPowerManagerProvider
04-09 16:01:06.830  3078  3078 I cast_shell: [3081:3103:INFO:alsa_volume_control.cc(219)] Volume device = default, element = Master
04-09 16:01:06.830  3078  3078 I cast_shell: [3081:3103:INFO:alsa_volume_control.cc(221)] Mute device = default, element = Master
04-09 16:01:06.830  3078  3078 I cast_shell: [3081:3103:INFO:alsa_volume_control.cc(234)] Idle device = default, elements = []
04-09 16:01:06.831  3078  3078 I cast_shell: [3081:3103:INFO:alsa_volume_control.cc(43)] Opening mixer element "Master" on device "default"
04-09 16:01:06.834  3078  3078 I cast_shell: [3081:3081:INFO:multizone_manager.cc(330)] Multizone features are enabled
04-09 16:01:06.834  3078  3078 I cast_shell: [3081:3081:INFO:cast_power_manager_provider.cc(26)] Creating DummyCastPowerManagerProvider
04-09 16:01:06.834  3078  3078 I cast_shell: [3081:3081:INFO:update_engine_client_with_ipc.cc(343)] Using IPC UpdateEngineClient
04-09 16:01:06.835  3081  3081 E         : Create
04-09 16:01:06.835  3081  3081 E         : OOBE IsSupported
04-09 16:01:06.835  3078  3078 I cast_shell: [3081:3089:INFO:parent_tracker.cc(90)] [PII](F74EC161DF61D6780201131D0636E4A5) has hash 3989621371, root wait is 0.710938 s
04-09 16:01:06.836  3078  3078 I cast_shell: [3081:3089:INFO:parent_tracker.cc(120)] Can't use IPv4
04-09 16:01:06.836  3078  3078 I cast_shell: [3081:3089:INFO:parent_tracker.cc(124)] Can't use IPv6
04-09 16:01:06.836  3078  3078 I cast_shell: [3081:3089:ERROR:parent_tracker.cc(125)] No valid interface for multicast
04-09 16:01:06.836  3078  3078 I cast_shell: [3081:3089:INFO:directory_service_impl.cc(168)] Boot count is now 1
04-09 16:01:06.837  3078  3078 I cast_shell: [3081:3089:ERROR:socket_posix.cc(148)] bind() failed: Address already in use (98)
04-09 16:01:06.837  3078  3078 I cast_shell: [3081:3089:ERROR:tcp_listener.cc(64)] Listen failed: net::ERR_ADDRESS_IN_USE : 0.0.0.0:10101
04-09 16:01:06.837  3078  3078 I cast_shell: [3081:3089:ERROR:directory_service_impl.cc(213)] TCP listener error: -1
04-09 16:01:06.839  3078  3078 I cast_shell: [3081:3081:INFO:chromecast_service_client_default.cc(75)] System updater is supported, and this is first setup.
04-09 16:01:06.840  3078  3078 I cast_shell: [3081:3081:INFO:managed_mode_service.cc(345)] Starting in managed mode: 0
04-09 16:01:06.840  3078  3078 I cast_shell: [3081:3081:INFO:platform_client_auth_creds.cc(114)] Loaded client certificate. Key len = 2048 bits. Chain len = 2 (source FROM_CERT).
04-09 16:01:06.842  3078  3078 I cast_shell: [3081:3081:INFO:grpc_manager_impl.cc(245)] Registered service chromecast.LocalCloudcastService
04-09 16:01:06.842  3078  3078 I cast_shell: [3081:3081:INFO:grpc_manager_impl.cc(262)] Registered a handler ExecuteActionScript for service chromecast.LocalCloudcastService
04-09 16:01:06.842  3078  3078 I cast_shell: [3081:3081:INFO:grpc_manager_impl.cc(262)] Registered a handler ObserveDeviceStatus for service chromecast.LocalCloudcastService
04-09 16:01:06.842  3078  3078 I cast_shell: [3081:3081:INFO:grpc_manager_impl.cc(262)] Registered a handler GetDeviceStatus for service chromecast.LocalCloudcastService
04-09 16:01:06.843  3078  3078 I cast_shell: [3081:3081:INFO:grpc_manager_impl.cc(505)] GRPC[uri=[::]:0]: num_pending_calls=0, num_active_handlers=0, num_free_handlers=0
04-09 16:01:06.843  3078  3078 I cast_shell: [3081:3081:INFO:cast_power_manager_provider.cc(26)] Creating DummyCastPowerManagerProvider
04-09 16:01:06.843  3078  3078 I cast_shell: [3081:3081:INFO:cast_power_manager_provider.cc(26)] Creating DummyCastPowerManagerProvider
04-09 16:01:06.844  3078  3078 I cast_shell: [3081:3081:INFO:gcm_manager.cc(140)] GCM Dir = /data/chrome/gcm
04-09 16:01:06.844  3078  3078 I cast_shell: [3081:3081:INFO:gcm_manager.cc(258)] Enabling GCM Driver
04-09 16:01:06.845  3078  3078 I cast_shell: [3081:3081:INFO:grpc_manager_impl.cc(505)] GRPC[uri=]: num_pending_calls=0, num_active_handlers=0, num_free_handlers=0
04-09 16:01:06.845  3078  3078 I cast_shell: [3081:3081:INFO:lycra_gcm.cc(117)] Deferring GCM registration until connectivity is up.
04-09 16:01:06.846  3078  3078 I cast_shell: [3081:3081:WARNING:cloud_settings_manager.cc(513)] Cannot initialize device settings config: /data/chrome/cloud_settings/cloud_settings.prefs, pref_error=6
04-09 16:01:06.846  3078  3078 I cast_shell: [3081:3081:INFO:cloud_settings_manager.cc(195)] Cloud settings is disabled.
04-09 16:01:06.847  3078  3078 I cast_shell: [3081:3081:INFO:pref_metrics_manager.cc(66)] PrefMetricsManager started.
04-09 16:01:06.847  3078  3078 I cast_shell: [3081:3081:INFO:pref_control_service_impl.cc(142)] Loading prefs from /data/chrome/pref_control/pref_control.prefs
04-09 16:01:06.874  3078  3078 I cast_shell: [3081:3081:INFO:pref_control_service_impl.cc(602)] Registering pref Pref [Name:motion_sensing_pref,RestoreValue:1,ForceEnableParent:1,Value:1,Optin:1]
04-09 16:01:06.875  3078  3078 I cast_shell: [3081:3081:INFO:pref_control_service_impl.cc(602)] Registering pref Pref [Name:sleep_sensing_pref,RestoreValue:0,ForceEnableParent:1,Value:1,Optin:0]
04-09 16:01:06.875  3078  3078 I cast_shell: [3081:3081:INFO:pref_control_service_impl.cc(602)] Registering pref Pref [Name:sleep_disturbance_pref,RestoreValue:1,ForceEnableParent:0,Value:1,Optin:0]
04-09 16:01:06.875  3078  3078 I cast_shell: [3081:3081:INFO:pref_control_service_impl.cc(602)] Registering pref Pref [Name:sleep_coaching_pref,RestoreValue:1,ForceEnableParent:0,Value:1,Optin:0]
04-09 16:01:06.875  3078  3078 I cast_shell: [3081:3081:INFO:pref_control_service_impl.cc(602)] Registering pref Pref [Name:gesture_sensing_pref,RestoreValue:0,ForceEnableParent:1,Value:1,Optin:0]
04-09 16:01:06.875  3078  3078 I cast_shell: [3081:3081:INFO:pref_control_service_impl.cc(602)] Registering pref Pref [Name:play_and_pause_gesture_pref,RestoreValue:1,ForceEnableParent:0,Value:1,Optin:0]
04-09 16:01:06.875  3078  3078 I cast_shell: [3081:3081:INFO:pref_control_service_impl.cc(602)] Registering pref Pref [Name:snooze_alarm_gesture_pref,RestoreValue:1,ForceEnableParent:0,Value:1,Optin:0]
04-09 16:01:06.875  3078  3078 I cast_shell: [3081:3081:INFO:pref_control_service_impl.cc(602)] Registering pref Pref [Name:stop_timers_gesture_pref,RestoreValue:1,ForceEnableParent:0,Value:1,Optin:0]
04-09 16:01:06.876  3078  3078 I cast_shell: [3081:3081:INFO:pref_metrics_manager.cc(94)] Adding motion_sensing_pref to PrefMetricsManager.
04-09 16:01:06.876  3078  3078 I cast_shell: [3081:3081:INFO:pref_metrics_manager.cc(94)] Adding sleep_sensing_pref to PrefMetricsManager.
04-09 16:01:06.876  3078  3078 I cast_shell: [3081:3081:INFO:pref_metrics_manager.cc(94)] Adding sleep_disturbance_pref to PrefMetricsManager.
04-09 16:01:06.876  3078  3078 I cast_shell: [3081:3081:INFO:pref_metrics_manager.cc(94)] Adding sleep_coaching_pref to PrefMetricsManager.
04-09 16:01:06.876  3078  3078 I cast_shell: [3081:3081:INFO:pref_metrics_manager.cc(94)] Adding gesture_sensing_pref to PrefMetricsManager.
04-09 16:01:06.876  3078  3078 I cast_shell: [3081:3081:INFO:pref_metrics_manager.cc(94)] Adding play_and_pause_gesture_pref to PrefMetricsManager.
04-09 16:01:06.876  3078  3078 I cast_shell: [3081:3081:INFO:pref_metrics_manager.cc(94)] Adding snooze_alarm_gesture_pref to PrefMetricsManager.
04-09 16:01:06.876  3078  3078 I cast_shell: [3081:3081:INFO:pref_metrics_manager.cc(94)] Adding stop_timers_gesture_pref to PrefMetricsManager.
04-09 16:01:06.876  3078  3078 I cast_shell: [3081:3081:INFO:pref_control_service_impl.cc(107)] PrefControlService constructed.
04-09 16:01:06.877  3078  3078 I cast_shell: [3081:3081:INFO:grpc_manager_impl.cc(245)] Registered service chromecast.grpc_discovery.GrpcDiscoveryService
04-09 16:01:06.877  3078  3078 I cast_shell: [3081:3081:INFO:grpc_manager_impl.cc(262)] Registered a handler GetServiceInfo for service chromecast.grpc_discovery.GrpcDiscoveryService
04-09 16:01:06.878  3078  3078 I cast_shell: [3081:3081:INFO:grpc_manager_impl.cc(505)] GRPC[uri=unix:/tmp/hcp_ipc_auth.socket]: num_pending_calls=0, num_active_handlers=0, num_free_handlers=0
04-09 16:01:06.878  3078  3078 I cast_shell: [3081:3118:INFO:common_time.cc(128)] New common clock leader F74EC161DF61D6780201131D0636E4A5, is_this_device = 1, IP = [::1]:10006, quality = 0
04-09 16:01:06.879  3078  3078 I cast_shell: [3081:3118:INFO:common_time.cc(158)] Set this device as common time source
04-09 16:01:06.879  3078  3078 I cast_shell: [3081:3081:INFO:grpc_manager_impl.cc(245)] Registered service usonia.ipc.Auth
04-09 16:01:06.879  3078  3078 I cast_shell: [3081:3081:INFO:grpc_manager_impl.cc(262)] Registered a handler Sign for service usonia.ipc.Auth
04-09 16:01:06.879  3078  3078 I cast_shell: [3081:3081:INFO:grpc_manager_impl.cc(262)] Registered a handler Verify for service usonia.ipc.Auth
04-09 16:01:06.879  3078  3078 I cast_shell: [3081:3081:INFO:grpc_manager_impl.cc(262)] Registered a handler AuthReady for service usonia.ipc.Auth
04-09 16:01:06.880  3078  3078 I cast_shell: [3081:3081:INFO:grpc_manager_impl.cc(245)] Registered service usonia.ipc.DistributedServiceDiscovery
04-09 16:01:06.880  3078  3078 I cast_shell: [3081:3081:INFO:grpc_manager_impl.cc(262)] Registered a handler UpdateServiceObservers for service usonia.ipc.DistributedServiceDiscovery
04-09 16:01:06.880  3078  3078 I cast_shell: [3081:3081:INFO:grpc_manager_impl.cc(262)] Registered a handler FetchAllPeerAddressList for service usonia.ipc.DistributedServiceDiscovery
04-09 16:01:06.880  3078  3078 I cast_shell: [3081:3081:INFO:grpc_manager_impl.cc(262)] Registered a handler ResolvePeerAddress for service usonia.ipc.DistributedServiceDiscovery
04-09 16:01:06.880  3078  3078 I cast_shell: [3081:3081:INFO:grpc_manager_impl.cc(262)] Registered a handler AddService for service usonia.ipc.DistributedServiceDiscovery
04-09 16:01:06.880  3078  3078 I cast_shell: [3081:3081:INFO:grpc_manager_impl.cc(262)] Registered a handler IsServiceAllowed for service usonia.ipc.DistributedServiceDiscovery
04-09 16:01:06.881  3078  3078 I cast_shell: [3081:3081:INFO:grpc_manager_impl.cc(245)] Registered service usonia.ipc.LeaderElector
04-09 16:01:06.881  3078  3078 I cast_shell: [3081:3081:INFO:grpc_manager_impl.cc(262)] Registered a handler LeaderElection for service usonia.ipc.LeaderElector
04-09 16:01:06.881  3078  3078 I cast_shell: [3081:3081:INFO:grpc_manager_impl.cc(245)] Registered service usonia.ipc.TimeSynchronizer
04-09 16:01:06.881  3078  3078 I cast_shell: [3081:3081:INFO:grpc_manager_impl.cc(262)] Registered a handler ObserveCommonTime for service usonia.ipc.TimeSynchronizer
04-09 16:01:06.883  3078  3078 I cast_shell: [3081:3081:INFO:grpc_manager_impl.cc(317)] Grpc server started in port 1
04-09 16:01:06.883  3078  3078 I cast_shell: [3081:3081:INFO:sensor_pref_manager.cc(84)] SensorPrefManager is disabled.
04-09 16:01:06.883  3078  3078 I cast_shell: [3081:3081:INFO:remote_ducking_receiver.cc(183)] remote ducking: starting receiver.
04-09 16:01:06.884  3078  3078 I cast_shell: [3081:3081:INFO:grpc_manager_impl.cc(505)] GRPC[uri=unix:/tmp/modular_updater/modular_update_service]: num_pending_calls=0, num_active_handlers=0, num_free_handlers=0
04-09 16:01:06.884  3078  3078 I cast_shell: [3081:3081:INFO:cast_power_manager_provider.cc(26)] Creating DummyCastPowerManagerProvider
04-09 16:01:06.891  3078  3078 I cast_shell: [3081:3081:INFO:timezone_settings.cc(288)] Setting system timezone to America/Los_Angeles
04-09 16:01:06.892  3078  3078 I cast_shell: [3081:3081:INFO:daily_reboot_impl.cc(172)] Daily reboot is disabled
04-09 16:01:06.892  3078  3078 I cast_shell: [3081:3081:INFO:api_reboot.cc(321)] active_activities count=1
04-09 16:01:06.892  3078  3078 I cast_shell: [3081:3081:INFO:cast_power_manager_provider.cc(26)] Creating DummyCastPowerManagerProvider
04-09 16:01:06.893  3078  3078 I cast_shell: [3081:3095:INFO:gamma_utils.cc(31)] Gamma calibration file is not present, use default LUT
04-09 16:01:06.893  3078  3078 I cast_shell: [3081:3081:INFO:cast_power_manager_provider.cc(26)] Creating DummyCastPowerManagerProvider
04-09 16:01:06.893  3078  3078 I cast_shell: [3081:3081:INFO:cast_power_manager_provider.cc(26)] Creating DummyCastPowerManagerProvider
04-09 16:01:06.893  3078  3078 I cast_shell: [3081:3081:INFO:setup_api_registry.cc(192)] Register external API: audio/delete_config
04-09 16:01:06.895  3078  3078 I cast_shell: [3081:3081:INFO:setup_api_registry.cc(192)] Register external API: audio/get_avail_processors
04-09 16:01:06.895  3078  3078 I cast_shell: [3081:3081:INFO:setup_api_registry.cc(192)] Register external API: audio/get_config
04-09 16:01:06.895  3078  3078 I cast_shell: [3081:3081:INFO:setup_api_registry.cc(192)] Register external API: audio/get_default_config
04-09 16:01:06.895  3078  3078 I cast_shell: [3081:3081:INFO:setup_api_registry.cc(192)] Register external API: audio/set_params
04-09 16:01:06.895  3078  3078 I cast_shell: [3081:3081:INFO:setup_api_registry.cc(192)] Register external API: audio/set_config
04-09 16:01:06.895  3078  3078 I cast_shell: [3081:3081:INFO:setup_api_registry.cc(192)] Register external API: user_eq/set_equalizer
04-09 16:01:06.895  3078  3078 I cast_shell: [3081:3081:INFO:capture_service_dummy.cc(11)] Dummy CaptureService.
04-09 16:01:06.896  3078  3078 I cast_shell: [3081:3095:INFO:tuning_manager.cc(118)] No file found at /etc/cast_audio.json
04-09 16:01:06.896  3078  3078 I cast_shell: [3081:3095:INFO:tuning_manager.cc(130)] No file found at /etc/cast_audio.json
04-09 16:01:06.898  3078  3078 I cast_shell: [3081:3081:INFO:setup_api_registry.cc(192)] Register external API: auto_media_volume
04-09 16:01:06.899  3078  3078 I cast_shell: [3081:3081:INFO:cast_thread_health_check.cc(53)] Receiver health check timeout: 15 seconds.
04-09 16:01:06.899  3078  3078 I cast_shell: [3081:3081:INFO:file_util.cc(28)] base_assistant_dir = /data/chrome
04-09 16:01:06.900  3078  3078 I cast_shell: [3081:3081:INFO:chromecast_service.cc(2189)] Geolocation changed to: 0
04-09 16:01:06.900  3078  3078 I cast_shell: [3081:3081:INFO:chromecast_service.cc(2229)] AoGH feature is: 0
04-09 16:01:06.900  3078  3078 I cast_shell: [3081:3081:INFO:chromecast_service.cc(2248)] Playback disruption feature is: 0
04-09 16:01:06.905  3078  3078 I cast_shell: [3081:3081:INFO:metrics_recorder.cc(112)] Metrics stat: total=0
04-09 16:01:06.906  3078  3078 I cast_shell: [3081:3106:INFO:media_manager_impl.cc(1043)] New device volume control type: new_type=1, old_type=0
04-09 16:01:06.906  3078  3078 I cast_shell: [3081:3106:INFO:media_manager_impl.cc(1066)] New device volume step interval: new_interval=0.02, old_interval=0
04-09 16:01:06.906  3078  3078 I cast_shell: [3081:3106:ERROR:media_manager_impl.cc(1294)] GetScreenResolution failed.
04-09 16:01:06.906  3078  3078 I cast_shell: [3081:3106:INFO:media_manager_impl.cc(343)] Media manager is initialized.
04-09 16:01:06.906  3078  3078 I cast_shell: [3081:3081:INFO:media_manager_impl.cc(269)] IsHdmiPlatform: 0
04-09 16:01:06.907  3078  3078 I cast_shell: [3081:3081:INFO:hds_settings.cc(136)] HdsSettings using HDS url https://preprod-home-devices.sandbox.google.com/
04-09 16:01:06.908  3078  3078 I cast_shell: [3081:3081:INFO:client_auth_creds.cc(173)] Device cert: 4D8AC5B9056A76852E4F FA:8F:CA:87:13:D1
04-09 16:01:06.908  3078  3078 I cast_shell: [3081:3081:INFO:client_auth_creds.cc(182)] Intermediate cert: LSB
04-09 16:01:06.909  3078  3078 I cast_shell: [3081:3081:INFO:client_auth_creds.cc(182)] Intermediate cert: Amlogic GVA Manufacturer Cert
04-09 16:01:06.909  3078  3078 I cast_shell: [3081:3081:INFO:client_auth_creds.cc(226)] Imported client auth cert.
04-09 16:01:06.909  3078  3078 I cast_shell: [3081:3081:INFO:client_auth_creds.cc(237)] Imported client auth private key
04-09 16:01:06.909  3078  3078 I cast_shell: [3081:3081:INFO:client_auth_signer.cc(155)] Created singleton instance of ClientAuthSigner.
04-09 16:01:06.909  3078  3078 I cast_shell: [3081:3081:INFO:client_auth_manager.cc(119)] Storing the certificate first used by the device.
04-09 16:01:06.962  3078  3078 I cast_shell: [3081:3081:WARNING:application_config_manager_impl.cc(253)] Cannot read application config file: /fakeapp.conf
04-09 16:01:06.963  3078  3078 I cast_shell: [3081:3081:INFO:application_manager_impl.cc(398)] Application manager is initialized.
04-09 16:01:06.963  3078  3078 I cast_shell: [3081:3081:INFO:mdns_cast_service.cc(156)] Device discovery state is idle
04-09 16:01:06.964  3078  3078 I cast_shell: [3081:3081:INFO:mdns_manager_impl.cc(177)] MdnsManager is initialized
04-09 16:01:06.964  3078  3078 I cast_shell: [3081:3131:INFO:mdns_app_filter.cc(573)] MdnsAppFilter initialized
04-09 16:01:06.964  3078  3078 I cast_shell: [3081:3131:INFO:discovered_service_client.cc(102)] Registering new service PTR listener: _googlecast._tcp.local
04-09 16:01:06.964  3078  3078 I cast_shell: [3081:3081:INFO:config_downloader.cc(239)] Set config periodic interval: min=300, max=420
04-09 16:01:06.964  3078  3078 I cast_shell: [3081:3081:INFO:crl_downloader.cc(274)] Set CRL periodic interval: min=2160, max=2880
04-09 16:01:06.964  3078  3078 I cast_shell: [3081:3081:INFO:hds_broker_impl.cc(121)] HDS type registered type.googleapis.com/home.hds.proto.device.relayedcasting.RelayedCastingPleaseConnectRequest
04-09 16:01:06.965  3078  3078 I cast_shell: [3081:3132:INFO:v2_transport.cc(458)] Added Cast V2 endpoint: id=Tr@n$p0rt-0, socket_factory_id=[PII](*)
04-09 16:01:06.965  3078  3078 I cast_shell: [3081:3132:INFO:endpoint_with_namespace_handler.cc(103)] Added a namespace handler: local_id=Tr@n$p0rt-0, namespace=urn:x-cast:com.google.cast.tp.connection
04-09 16:01:06.965  3078  3078 I cast_shell: [3081:3132:INFO:endpoint_with_namespace_handler.cc(103)] Added a namespace handler: local_id=Tr@n$p0rt-0, namespace=urn:x-cast:com.google.cast.tp.heartbeat
04-09 16:01:06.965  3078  3078 I cast_shell: [3081:3132:INFO:endpoint_with_namespace_handler.cc(103)] Added a namespace handler: local_id=Tr@n$p0rt-0, namespace=urn:x-cast:com.google.cast.tp.deviceauth
04-09 16:01:06.965  3078  3078 I cast_shell: [3081:3132:INFO:v2_transport.cc(335)] V2Transport initialized.
04-09 16:01:06.965  3078  3078 I cast_shell: [3081:3132:INFO:v2_transport.cc(411)] Added socket factory: id=domain-socket@/tmp/cast-control
04-09 16:01:06.965  3078  3078 I cast_shell: [3081:3132:INFO:v2_transport.cc(411)] Added socket factory: id=opencast-socket
04-09 16:01:06.965  3078  3078 I cast_shell: [3081:3081:INFO:mdns_util.cc(102)] Defaulting mDNS capabilities for audio-only build
04-09 16:01:06.966  3078  3078 I cast_shell: [3081:3132:INFO:v2_transport.cc(458)] Added Cast V2 endpoint: id=receiver-b44b61db-9acd-9066-d1f9-91456cdd81dd, socket_factory_id=[PII](b44b61db-9acd-9066-d1f9-91456cdd81dd)
04-09 16:01:06.966  3078  3078 I cast_shell: [3081:3081:INFO:virtual_device_manager.cc(138)] Added virtual device: id=[PII](b44b61db-9acd-9066-d1f9-91456cdd81dd)
04-09 16:01:06.966  3078  3078 I cast_shell: [3081:3132:INFO:endpoint_with_namespace_handler.cc(103)] Added a namespace handler: local_id=receiver-b44b61db-9acd-9066-d1f9-91456cdd81dd, namespace=urn:x-cast:com.google.cast.receiver
04-09 16:01:06.966  3078  3078 I cast_shell: [3081:3081:INFO:ccs_manager_impl.cc(522)] Added CCS device
04-09 16:01:06.966  3078  3078 I cast_shell: [3081:3132:INFO:endpoint_with_namespace_handler.cc(103)] Added a namespace handler: local_id=receiver-b44b61db-9acd-9066-d1f9-91456cdd81dd, namespace=urn:x-cast:com.google.cast.receiver.discovery
04-09 16:01:06.966  3078  3078 I cast_shell: [3081:3132:INFO:endpoint_with_namespace_handler.cc(103)] Added a namespace handler: local_id=receiver-b44b61db-9acd-9066-d1f9-91456cdd81dd, namespace=urn:x-cast:com.google.cast.receiver.debug
04-09 16:01:06.967  3078  3078 I cast_shell: [3081:3081:INFO:ccs_manager_impl.cc(523)] [PII] device_id=F74EC161DF61D6780201131D0636E4A5
04-09 16:01:06.967  3078  3078 I cast_shell: [3081:3132:INFO:v2_transport.cc(411)] Added socket factory: id=b44b61db-9acd-9066-d1f9-91456cdd81dd
04-09 16:01:06.967  3078  3078 I cast_shell: [3081:3081:INFO:ccs_manager_impl.cc(838)] Device model revision set to 0
04-09 16:01:06.967  3078  3078 I cast_shell: [3081:3132:INFO:endpoint_with_namespace_handler.cc(103)] Added a namespace handler: local_id=receiver-b44b61db-9acd-9066-d1f9-91456cdd81dd, namespace=urn:x-cast:com.google.cast.receiver.key_exchange
04-09 16:01:06.967  3078  3078 I cast_shell: [3081:3132:INFO:endpoint_with_namespace_handler.cc(103)] Added a namespace handler: local_id=receiver-b44b61db-9acd-9066-d1f9-91456cdd81dd, namespace=urn:x-cast:com.google.cast.broadcast
04-09 16:01:06.967  3078  3078 I cast_shell: [3081:3132:INFO:endpoint_with_namespace_handler.cc(103)] Added a namespace handler: local_id=receiver-b44b61db-9acd-9066-d1f9-91456cdd81dd, namespace=urn:x-cast:com.google.cast.proximity
04-09 16:01:06.967  3078  3078 I cast_shell: [3081:3132:INFO:endpoint_with_namespace_handler.cc(103)] Added a namespace handler: local_id=receiver-b44b61db-9acd-9066-d1f9-91456cdd81dd, namespace=urn:x-cast:com.google.cast.resource
04-09 16:01:06.968  2733  2746 W HotspotManager: hotspot already stopped
04-09 16:01:06.968  3078  3078 I cast_shell: [3081:3131:INFO:discovered_service_client.cc(102)] Registering new service PTR listener: _googlerpc._tcp.local
04-09 16:01:06.975  3078  3078 I cast_shell: [3081:3121:INFO:setup_manager_impl.cc(732)] Initially set Google DNS servers: enable
04-09 16:01:06.975  3078  3078 I cast_shell: [3081:3121:INFO:setup_api_registry.cc(192)] Register external API: eureka_info
04-09 16:01:06.975  3078  3078 I cast_shell: [3081:3121:INFO:setup_api_registry.cc(192)] Register external API: set_eureka_info
04-09 16:01:06.975  3078  3078 I cast_shell: [3081:3121:INFO:setup_api_registry.cc(192)] Register external API: set_network
04-09 16:01:06.975  3078  3078 I cast_shell: [3081:3121:INFO:setup_api_registry.cc(192)] Register external API: set_network_ssid
04-09 16:01:06.975  3078  3078 I cast_shell: [3081:3121:INFO:setup_api_registry.cc(192)] Register external API: get_app_device_id
04-09 16:01:06.975  3078  3078 I cast_shell: [3081:3121:INFO:setup_api_registry.cc(192)] Register external API: send_log_report
04-09 16:01:06.975  3078  3078 I cast_shell: [3081:3121:INFO:setup_api_registry.cc(192)] Register external API: accept_tos
04-09 16:01:06.975  3078  3078 I cast_shell: [3081:3121:INFO:setup_api_registry.cc(192)] Register external API: configured_networks
04-09 16:01:06.975  3078  3078 I cast_shell: [3081:3121:INFO:setup_api_registry.cc(192)] Register external API: connect_wifi
04-09 16:01:06.987  2712  2724 I yani_server: NetLink Event '-1' Interface-Index '5' WLAN '0' Ethernet '-1' Parsed-iFill '-1' -> 'INVALID' ifIndex '1' -> 'lo'
04-09 16:01:07.004  2735  2813 I bluetoothtbd: [0409/033107.004897:INFO:gatt_api.cc(1005)] GATT_Register
04-09 16:01:07.005  2735  2813 I bluetoothtbd: [0409/033107.005111:INFO:gatt_api.cc(1028)] allocated gatt_if=4
04-09 16:01:07.010  2735  2813 E bt_btif : register application first_unuse rcb_idx = 0
04-09 16:01:07.010  2735  2813 I bluetoothtbd: [0409/033107.010298:INFO:gatt_api.cc(1005)] GATT_Register
04-09 16:01:07.010  2735  2813 I bluetoothtbd: [0409/033107.010463:INFO:gatt_api.cc(1028)] allocated gatt_if=5
04-09 16:01:07.019  2735  2813 I bluetoothtbd: [0409/033107.019370:INFO:gatt_api.cc(1005)] GATT_Register
04-09 16:01:07.019  2735  2813 I bluetoothtbd: [0409/033107.019536:INFO:gatt_api.cc(1028)] allocated gatt_if=6
04-09 16:01:07.021  2735  2762 I bluetoothtbd: [0409/033107.021325:INFO:adapter.cc(551)] Adapter properties changed
04-09 16:01:07.021  2735  2762 I bluetoothtbd: [0409/033107.021483:INFO:adapter.cc(573)] Adapter name changed
04-09 16:01:07.025  2735  2813 I bluetoothtbd: [0409/033107.024927:INFO:btif_ble_advertiser.cc(90)] RegisterAdvertiserCb status: 0 , adveriser_id: 0
04-09 16:01:07.025  2735  2762 I bluetoothtbd: [0409/033107.025328:INFO:adapter.cc(551)] Adapter properties changed
04-09 16:01:07.027  3078  3078 I cast_shell: [3081:3081:INFO:input_manager_impl.cc(284)] RegisterInput: device_id: cast, type: 0, state: 0
04-09 16:01:07.027  3078  3078 I cast_shell: [3081:3081:INFO:input_manager_impl.cc(308)] NotifyInputConnect: device_id: cast, sample_rate: 0, num_channels: 0
04-09 16:01:07.027  3078  3078 I cast_shell: [3081:3081:INFO:input_manager_impl.cc(370)] SetActiveInput: cast
04-09 16:01:07.027  3078  3078 I cast_shell: [3081:3132:INFO:endpoint_with_namespace_handler.cc(103)] Added a namespace handler: local_id=receiver-b44b61db-9acd-9066-d1f9-91456cdd81dd, namespace=urn:x-cast:com.google.cast.audio.input
04-09 16:01:07.027  3078  3078 I cast_shell: [3081:3081:INFO:bluetooth_setup.cc(690)] Disabling connectability.
04-09 16:01:07.028  3078  3078 I cast_shell: [3081:3081:INFO:input_manager_impl.cc(284)] RegisterInput: device_id: bluetooth, type: 1, state: 0
04-09 16:01:07.028  3078  3078 I cast_shell: [3081:3132:INFO:endpoint_with_namespace_handler.cc(103)] Added a namespace handler: local_id=receiver-b44b61db-9acd-9066-d1f9-91456cdd81dd, namespace=urn:x-cast:com.google.cast.assistant
04-09 16:01:07.028  3078  3078 I cast_shell: [3081:3081:INFO:robot_account_auth_manager.cc(295)] No backend type specified. Getting COS URL based on the build type instead.
04-09 16:01:07.028  3078  3078 I cast_shell: [3081:3081:INFO:robot_account_auth_manager.cc(312)] Auth url: https://clients5.google.com/cast/orchestration/googleoauthtoken?rt=b
04-09 16:01:07.028  3078  3078 I cast_shell: [3081:3132:INFO:endpoint_with_namespace_handler.cc(103)] Added a namespace handler: local_id=receiver-b44b61db-9acd-9066-d1f9-91456cdd81dd, namespace=urn:x-cast:com.google.cast.companionauth
04-09 16:01:07.028  3078  3078 I cast_shell: [3081:3132:INFO:endpoint_with_namespace_handler.cc(103)] Added a namespace handler: local_id=receiver-b44b61db-9acd-9066-d1f9-91456cdd81dd, namespace=urn:x-cast:com.google.cast.companion
04-09 16:01:07.028  3078  3078 I cast_shell: [3081:3081:WARNING:robot_account_auth_manager.cc(463)] Failed to initialize JWT for 38579375
04-09 16:01:07.028  3078  3078 I cast_shell: [3081:3132:INFO:endpoint_with_namespace_handler.cc(103)] Added a namespace handler: local_id=receiver-b44b61db-9acd-9066-d1f9-91456cdd81dd, namespace=urn:x-cast:com.google.cast.timesync
04-09 16:01:07.028  3078  3078 I cast_shell: [3081:3081:INFO:queryable_data_registrar.cc(52)] Registering queryable data for managed mode as: 0
04-09 16:01:07.028  3078  3078 I cast_shell: [3081:3081:INFO:queryable_data_registrar.cc(59)] Registering enable_hls_sample_aes=1
04-09 16:01:07.028  3078  3078 I cast_shell: [3081:3081:INFO:queryable_data_registrar.cc(64)] Registering hls_sample_aes_init_segment
04-09 16:01:07.028  3078  3078 I cast_shell: [3081:3081:INFO:queryable_data_registrar.cc(70)] Registering visual-punt-on-platform-supported
04-09 16:01:07.029  3078  3078 I cast_shell: [3081:3081:INFO:grpc_manager_impl.cc(262)] Registered a handler GetCastInfo for service chromecast.modular_update.ModularUpdateService
04-09 16:01:07.029  3078  3078 I cast_shell: [3081:3081:INFO:grpc_manager_impl.cc(262)] Registered a handler SendHttpRequest for service chromecast.modular_update.ModularUpdateService
04-09 16:01:07.030  3078  3078 I cast_shell: [3081:3081:INFO:grpc_manager_impl.cc(262)] Registered a handler SynchronousUpdateProgress for service chromecast.modular_update.ModularUpdateService
04-09 16:01:07.030  2735  2762 I bluetoothtbd: [0409/033107.030012:INFO:adapter.cc(551)] Adapter properties changed
04-09 16:01:07.030  2735  2762 E bluetoothtbd: [0409/033107.030115:ERROR:adapter.cc(608)] Invalid property length: 512
04-09 16:01:07.030  3078  3078 I cast_shell: [3081:3081:INFO:grpc_manager_impl.cc(262)] Registered a handler ReportInstalledManifestVersion for service chromecast.modular_update.ModularUpdateService
04-09 16:01:07.030  3078  3078 I cast_shell: [3081:3081:INFO:grpc_manager_impl.cc(262)] Registered a handler ReportMetricsEvent for service chromecast.modular_update.ModularUpdateService
04-09 16:01:07.030  3078  3078 I cast_shell: [3081:3081:INFO:grpc_manager_impl.cc(262)] Registered a handler StreamHttpRequest for service chromecast.modular_update.ModularUpdateService
04-09 16:01:07.031  3078  3078 I cast_shell: [3081:3121:INFO:gatt_client_manager_impl.cc(202)] Enabling GATT client connectability
04-09 16:01:07.031  3078  3078 I cast_shell: [3081:3121:INFO:setup_api_registry.cc(192)] Register external API: input/status
04-09 16:01:07.031  3078  3078 I cast_shell: [3081:3121:INFO:setup_api_registry.cc(192)] Register external API: input/set_active
04-09 16:01:07.031  3078  3078 I cast_shell: [3081:3121:INFO:setup_api_registry.cc(192)] Register external API: input/debug_connect
04-09 16:01:07.031  3078  3078 I cast_shell: [3081:3121:INFO:setup_api_registry.cc(192)] Register external API: input/debug_disconnect
04-09 16:01:07.031  3078  3078 I cast_shell: [3081:3081:ERROR:grpc_manager_impl.cc(311)] Could not start Grpc server.
04-09 16:01:07.032  2735  2762 I bluetoothtbd: [0409/033107.032126:INFO:adapter.cc(551)] Adapter properties changed
04-09 16:01:07.033  3078  3078 I cast_shell: [3081:3100:ERROR:cast_media_shlib.cc(80)] snd_hctl_find_elem failed to find the rate offset element.
04-09 16:01:07.037  3078  3078 I cast_shell: [3081:3081:ERROR:server.cc(243)] XDG_RUNTIME_DIR not set in the environment
04-09 16:01:07.037  3078  3078 I cast_shell: [3081:3081:ERROR:wayland_server_controller.cc(27)] Wayland server creation failed
04-09 16:01:07.038  3078  3078 I cast_shell: [3081:3081:WARNING:cast_metrics_service_client.cc(134)] Empty client id from platform, assuming this is the first boot up of a new device.
04-09 16:01:07.038  3078  3078 I cast_shell: [3081:3081:INFO:cast_metrics_service_client.cc(93)] Metrics client ID set: 96c2151b-8903-4a29-ab33-2c8d74a82abf
04-09 16:01:07.038  3078  3078 I cast_shell: [3081:3081:INFO:device_info_impl.cc(970)] Metrics client ID: 96c2151b-8903-4a29-ab33-2c8d74a82abf
04-09 16:01:07.039  3078  3078 I cast_shell: [3081:3081:INFO:cast_metrics_service_client.cc(93)] Metrics client ID set: 96c2151b-8903-4a29-ab33-2c8d74a82abf
04-09 16:01:07.039  3078  3078 I cast_shell: [3081:3081:INFO:device_info_impl.cc(970)] Metrics client ID: 96c2151b-8903-4a29-ab33-2c8d74a82abf
04-09 16:01:07.050  3078  3078 I cast_shell: [3081:3095:INFO:crypto_manager.cc(75)] Creating private key: size=2048
04-09 16:01:07.053  3078  3078 I cast_shell: [3081:3081:INFO:cast_receiver_impl.cc(828)] Cast receiver started.
04-09 16:01:07.053  3078  3078 I cast_shell: [3081:3132:ERROR:socket_posix.cc(148)] bind() failed: Address already in use (98)
04-09 16:01:07.053  3078  3078 I cast_shell: [3081:3081:WARNING:cast_receiver_impl.cc(1126)] Network is not globally connected. Don't schedule config downloading yet.
04-09 16:01:07.053  3078  3078 I cast_shell: [3081:3081:INFO:ccs_manager_impl.cc(663)] Starting cloud ipc activity with CCS
04-09 16:01:07.053  3078  3078 I cast_shell: [3081:3081:INFO:ccs_manager_impl.cc(1286)] CcsManagerImpl opt_in.cloud_ipc pref changed: 1
04-09 16:01:07.053  3078  3078 I cast_shell: [3081:3081:INFO:ccs_manager_impl.cc(1322)] Waiting for all transports to be enabled
04-09 16:01:07.053  3078  3078 I cast_shell: [3081:3081:INFO:ccs_transport_gcm.cc(94)] Deferring GCM registration until connectivity is up
04-09 16:01:07.053  3078  3078 I cast_shell: [3081:3081:INFO:multizone_manager.cc(2397)] Resuming MultizoneManager
04-09 16:01:07.053  3078  3078 I cast_shell: [3081:3081:INFO:cast_receiver_impl.cc(934)] Cast receiver resumed.
04-09 16:01:07.053  3078  3078 I cast_shell: [3081:3081:WARNING:cast_receiver_impl.cc(1138)] Network is not globally connected. Don't schedule CRL downloading yet.
04-09 16:01:07.053  3078  3078 I cast_shell: [3081:3081:INFO:chromecast_service.cc(1935)] Network is disconnected, reconnecting Wifi.
04-09 16:01:07.056  3078  3078 I cast_shell: [3081:3089:ERROR:service_manager.cc(210)] Failed to resolve service name: cast_assistant
04-09 16:01:07.056  3078  3078 I cast_shell: [3081:3132:INFO:v2_unix_domain_socket_factory.cc(84)] Cast V2 Unix domain socket is listening: path=/tmp/cast-control
04-09 16:01:07.056  3078  3078 I cast_shell: [3081:3132:ERROR:broadcast_filter.cc(70)] Failed to join broadcast filter multicast group
04-09 16:01:07.056  3078  3078 I cast_shell: [3081:3132:WARNING:broadcast_filter.cc(120)] Failed to enable BroadcastFilter
04-09 16:01:07.059  3078  3078 I cast_shell: [3081:3129:ERROR:socket_posix.cc(148)] bind() failed: Address already in use (98)
04-09 16:01:07.059  3078  3078 I cast_shell: [3081:3121:INFO:ble_setup.cc(388)] BLE setup initialized.
04-09 16:01:07.059  3078  3078 I cast_shell: [3081:3132:INFO:endpoint_with_namespace_handler.cc(103)] Added a namespace handler: local_id=receiver-b44b61db-9acd-9066-d1f9-91456cdd81dd, namespace=urn:x-cast:com.google.cast.setup
04-09 16:01:07.062  3078  3078 I cast_shell: [3081:3131:INFO:metrics_recorder.cc(282)] cast event: Cast.Discovery.Mdns.SocketCreated
04-09 16:01:07.063  3078  3078 I cast_shell: [3081:3131:INFO:mdns_app_filter.cc(1254)] Created mDNS socket for interface:name=p2p1, address=192.168.2.1, index=7
04-09 16:01:07.063  3078  3078 I cast_shell: [3081:3131:INFO:metrics_recorder.cc(282)] cast event: Cast.Discovery.Mdns.SocketCreated
04-09 16:01:07.063  3078  3078 I cast_shell: [3081:3131:INFO:mdns_app_filter.cc(1254)] Created mDNS socket for interface:name=usb0, address=192.168.10.1, index=9
04-09 16:01:07.063  3078  3078 I cast_shell: [3081:3131:INFO:mdns_app_filter.cc(977)] MdnsAppFilter is starting.
04-09 16:01:07.063  3078  3078 I cast_shell: [3081:3131:INFO:metrics_recorder.cc(282)] cast event: Cast.Discovery.Mdns.ResponderStarted
04-09 16:01:07.063  3078  3078 I cast_shell: [3081:3131:INFO:mdns_cast_service.cc(351)] Device discovery state is setup-only
04-09 16:01:07.063  3078  3078 I cast_shell: [3081:3081:INFO:audio_focus_manager_impl.cc(27)] use_media_starting_block: 0
04-09 16:01:07.071  3078  3078 I cast_shell: [3081:3121:INFO:hotspot_manager.cc(151)] Start: id=1 SSID=LSB2542.d256, hidden=0
04-09 16:01:07.071  3078  3078 I cast_shell: [3081:3121:INFO:ble_setup_manager.cc(767)] Reloading cached setup read attributes
04-09 16:01:07.071  3078  3078 I cast_shell: [3081:3087:INFO:device_info_impl.cc(895)] [PII] Hotspot BSSID from cert: FA:8F:CA:87:13:D1
04-09 16:01:07.071  3078  3078 I cast_shell: [3081:3087:INFO:hotspot_manager.cc(198)] Starting request id=1 ssid=LSB2542.d256, hidden=0
04-09 16:01:07.071  3078  3078 I cast_shell: [3081:3081:INFO:grpc_manager_impl.cc(317)] Grpc server started in port 8012
04-09 16:01:07.071  3078  3078 I cast_shell: [3081:3081:INFO:mdns_manager_impl.cc(468)] Setting new conflict callback
04-09 16:01:07.071  3078  3078 I cast_shell: [3081:3081:INFO:mdns_util.cc(102)] Defaulting mDNS capabilities for audio-only build
04-09 16:01:07.071  3078  3078 I cast_shell: [3081:3081:INFO:ccs_manager_impl.cc(1322)] Waiting for all transports to be enabled
04-09 16:01:07.071  3078  3078 I cast_shell: [3081:3102:INFO:cast_auth_api_adaptor.cc(82)] CastAuth: init with library: libcast_auth.so
04-09 16:01:07.071  3078  3078 I cast_shell: [3081:3081:INFO:bluetooth_setup.cc(690)] Disabling connectability.
04-09 16:01:07.071  3078  3078 I cast_shell: [3081:3081:INFO:input_manager_impl.cc(468)] Using virtual device b44b61db-9acd-9066-d1f9-91456cdd81dd
04-09 16:01:07.072  3078  3078 I cast_shell: [3081:3145:INFO:external_mojo_broker.cc(405)] Initializing external mojo broker at: /tmp/cast_mojo_broker
04-09 16:01:07.072  3078  3078 I cast_shell: [3081:3131:INFO:mdns_app_filter.cc(1605)] Re-probing due to newly registered service '1': _googlerpc
04-09 16:01:07.072  3078  3078 I cast_shell: [3081:3102:INFO:cast_auth_api_adaptor.cc(93)] CastAuth: common module initialization successful.
04-09 16:01:07.072  3078  3078 I cast_shell: [3081:3102:INFO:cast_auth_api_adaptor.cc(98)] CastAuth: model-based module initialization successful.
04-09 16:01:07.072  3078  3078 I cast_shell: [3081:3131:INFO:mdns_app_filter.cc(1605)] Re-probing due to newly registered service '2': _googlecast
04-09 16:01:07.072  3078  3078 I cast_shell: [3081:3131:INFO:mdns_util.cc(102)] Defaulting mDNS capabilities for audio-only build
04-09 16:01:07.072  3078  3078 I cast_shell: [3081:3121:INFO:gatt_client_manager_impl.cc(202)] Enabling GATT client connectability
04-09 16:01:07.072  3078  3078 I cast_shell: [3081:3121:INFO:ble_setup.cc(1096)] LAT flag change 0
04-09 16:01:07.072  3078  3078 I cast_shell: [3081:3121:INFO:ble_setup.cc(417)] BLE setup started.
04-09 16:01:07.072  3078  3078 I cast_shell: [3081:3121:INFO:ble_setup.cc(789)] Missing required info for sign.
04-09 16:01:07.073  2735  2762 I bluetoothtbd: [0409/033107.073525:INFO:adapter.cc(551)] Adapter properties changed
04-09 16:01:07.073  2735  2762 I bluetoothtbd: [0409/033107.073653:INFO:adapter.cc(573)] Adapter name changed
04-09 16:01:07.073  3078  3078 I cast_shell: [3081:3121:INFO:bluetooth_manager.cc(1232)] [PII] Set device name to 'LSB2542'
04-09 16:01:07.074  2735  2762 I bluetoothtbd: [0409/033107.074495:INFO:adapter.cc(551)] Adapter properties changed
04-09 16:01:07.078  3078  3078 I cast_shell: [3081:3121:INFO:bluetooth_manager.cc(115)] Record action: Cast.Bluetooth.DiscoveryMode.Disable
04-09 16:01:07.078  3078  3078 I cast_shell: [3081:3081:INFO:metrics_recorder.cc(282)] cast event: Cast.System.Timezone.ChangeSuccessful
04-09 16:01:07.078  3078  3078 I cast_shell: [3081:3081:WARNING:channel_selector_impl.cc(113)] Cannot get selected channels from json, will use the previous value {0,1}.
04-09 16:01:07.078  3078  3078 I cast_shell: [3081:3081:INFO:mdns_manager_impl.cc(311)] Successfully registered service: type=_googlerpc
04-09 16:01:07.078  3078  3078 I cast_shell: [3081:3081:INFO:mdns_manager_impl.cc(311)] Successfully registered service: type=_googlecast
04-09 16:01:07.078  3078  3078 I cast_shell: [3081:3081:INFO:virtual_device.cc(254)] Registered mDNS service for virtual device: id=b44b61db-9acd-9066-d1f9-91456cdd81dd
04-09 16:01:07.078  3078  3078 I cast_shell: [3081:3131:INFO:mdns_util.cc(102)] Defaulting mDNS capabilities for audio-only build
04-09 16:01:07.136  3078  3078 I cast_shell: [3081:3081:INFO:secure_storage_impl.cc(107)] Secure storage initialized.
04-09 16:01:07.136  3078  3078 I cast_shell: [3081:3081:INFO:ccs_manager_impl.cc(851)] Network connectivity down for CcsManager
04-09 16:01:07.187  2942  2952 D wac-main: Netlink event
04-09 16:01:07.187  2942  2952 E wac-main: Netlink event 16 Interface Index 6 
04-09 16:01:07.188  2942  2952 E wac-main: p2p0 event Link Changed : 1002 
04-09 16:01:07.188  2942  2952 E wac-main: Enter poll and wait
04-09 16:01:07.188  2712  2724 I yani_kernel: yani_geteventfrom_changeaddr() Message-Id '1' Netlink event '16' Interface Index '6' -> Name 'p2p0' 
04-09 16:01:07.207  3078  3078 I cast_shell: [3081:3081:INFO:device_info_impl.cc(1094)] Primary netif changed: new=usb0, old=
04-09 16:01:07.207  3078  3078 I cast_shell: [system_updater_dummy.cpp(79)] Initialize
04-09 16:01:07.207  3078  3078 I cast_shell: [system_updater_dummy.cpp(29)] system_updater_socket_create
04-09 16:01:07.207  3078  3078 I cast_shell: [3081:3081:INFO:device_info_impl.cc(1103)] Primary IP address changed: netif=usb0, new=192.168.10.1, old=
04-09 16:01:07.207  3078  3078 I cast_shell: [3081:3081:INFO:cast_receiver_impl.cc(1612)] mDNS Discovery stopped.
04-09 16:01:07.207  3078  3078 I cast_shell: [3081:3088:WARNING:crl_downloader.cc(136)] CRL failed to restore.
04-09 16:01:07.209  2733  2746 E WifiUtil: command: "SCAN" failed: FAIL-BUSY
04-09 16:01:07.209  2733  2746 I HotspotManager: hotspot start
04-09 16:01:07.209  2733  2746 E WifiUtil: Setting interface p2p0 up.
04-09 16:01:07.210  2733  2746 E WifiUtil: ioctl SIOCGIWFREQ fails for wlan0 Bad address
04-09 16:01:07.210  2942  2952 D wac-main: Netlink event
04-09 16:01:07.210  2942  2952 E wac-main: Netlink event 16 Interface Index 6 
04-09 16:01:07.211  2942  2952 E wac-main: p2p0 event Link Changed : 1003 
04-09 16:01:07.211  2942  2952 E wac-main: Enter poll and wait
04-09 16:01:07.211  2712  2724 I yani_kernel: yani_geteventfrom_changeaddr() Message-Id '1' Netlink event '16' Interface Index '6' -> Name 'p2p0' 
04-09 16:01:07.265  2949  2976 I otamanager: OTAManager connected to CastUpdater via  /tmp/socket/system_updater
04-09 16:01:07.265  2949  2976 I otamanager: cast_updater_threadEntry socket handle 5
04-09 16:01:07.433  2943  3051 I LibreCastControl: LibreCastControl_init() Socket Initialized
04-09 16:01:07.442  2943  3051 E LibreCastControl: PULSAR:CreateCastControlThread:18
04-09 16:01:07.442  2943  3051 E LibreCastControl: Create LibreCastLUCITimerThreadInit 
04-09 16:01:07.442  2943  3158 E LibreCastControl: PULSAR:Run:23
04-09 16:01:07.443  2943  3159 E LibreCastControl: Timer Sem Wait Start iCastPlayerstate = 0 
04-09 16:01:07.457  2692  2692 I sh      : [0409/033107.457052:INFO:cast_control_impl.cc(744)] CastControl has started running.
04-09 16:01:07.458  2692  2692 I sh      : [0409/033107.457900:INFO:cast_control_impl.cc(745)] Attempting to connect CastMessageService. socket=/tmp/cast-control
04-09 16:01:07.460  2943  3158 I LibreCastControlDelegate: OnCastStatus() +++ :0xab90b198:STARTING
04-09 16:01:07.460  2692  2692 I sh      : [0409/033107.460824:INFO:cast_control_socket.cc(64)] Successfully connected Cast Control Socket
04-09 16:01:07.461  2943  3158 E LibreCastControlDelegate: OnCastStatus:177
04-09 16:01:07.462  2943  3158 I LibreCastControl: LibreCastControl_SetCastName()  name 'Lyric Speaker Box 21f384' RequestId '1' pCastControl 0xf4e00728
04-09 16:01:07.462  2943  3158 I LibreCastControlDelegate: Active Applications -> 0
04-09 16:01:07.462  2943  3158 I LibreCastControlDelegate: Current Cast State '1' -> 'STARTING'
04-09 16:01:07.462  2943  3158 I LibreCastControlDelegate: OnCastStatus() ---
04-09 16:01:07.462  2692  2692 I sh      : [0409/033107.462854:INFO:cast_message_service_impl.cc(185)] Sending connect message!
04-09 16:01:07.467  3078  3078 I cast_shell: [3081:3132:INFO:metrics_recorder.cc(282)] Cast v2 action(socket_id=domain-socket@/tmp/cast-control.1): CastV2.Connection.Connect.In
04-09 16:01:07.467  3078  3078 I cast_shell: [3081:3081:INFO:resource_namespace_handler.cc(307)] Setting resource provider: sender_id=domain-socket@/tmp/cast-control.1:system-0
04-09 16:01:07.468  2692  2692 I sh      : [0409/033107.467880:INFO:cast_message_service_impl.cc(1007)] CastMessageServiceImpl matched versions
04-09 16:01:07.469  3078  3078 I cast_shell: [3081:3121:INFO:setup_namespace_handler.cc(94)] Added a peer for setup namespace: domain-socket@/tmp/cast-control.1:system-0
04-09 16:01:07.469  3078  3078 I cast_shell: [3081:3134:INFO:multizone_group.cc(357)] Change name for group [PII](F74EC161DF61D6780201131D0636E4A5) to [PII](Lyric Speaker Box 21f384)
04-09 16:01:07.472  3078  3078 I cast_shell: [3081:3081:INFO:device_info_impl.cc(1133)] SSDP Config ID is increased: id=2
04-09 16:01:07.474  2943  3158 I LibreCastControlDelegate: OnResponse() ReqeustID 1, error  0
04-09 16:01:07.475  3078  3078 I cast_shell: [3081:3081:INFO:device_info_impl.cc(1133)] SSDP Config ID is increased: id=3
04-09 16:01:07.479  3078  3078 I cast_shell: [3081:3131:INFO:mdns_util.cc(102)] Defaulting mDNS capabilities for audio-only build
04-09 16:01:07.480  3078  3078 I cast_shell: [3081:3131:INFO:mdns_util.cc(102)] Defaulting mDNS capabilities for audio-only build
04-09 16:01:07.549  3078  3078 I cast_shell: [3081:3089:INFO:parent_tracker.cc(291)] [PII](F74EC161DF61D6780201131D0636E4A5) Become root
04-09 16:01:07.549  3078  3078 I cast_shell: [3081:3089:INFO:directory_service_impl.cc(200)] This device became root
04-09 16:01:07.682  2733  2746 I WifiUtil: get p2p0 channel 6 (2437MHz)
04-09 16:01:07.682  2733  2746 I HotspotManager: start hostapd at channel=6 SSID=<SSID omitted> hidden_ssid=0
04-09 16:01:07.692  2942  2952 D wac-main: Netlink event
04-09 16:01:07.692  2942  2952 E wac-main: Netlink event 20 Interface Index 6 
04-09 16:01:07.692  2942  2952 E wac-main: Enter poll and wait
04-09 16:01:07.692  2942  2952 D wac-main: Netlink event
04-09 16:01:07.692  2942  2952 E wac-main: Netlink event 21 Interface Index 6 
04-09 16:01:07.692  2942  2952 E wac-main: Enter poll and wait
04-09 16:01:07.693  2712  2724 I yani_kernel: yani_geteventfrom_changeaddr() Message-Id '1' Netlink event '20' Interface Index '6' -> Name 'p2p0' 
04-09 16:01:07.695  2735  2762 I bluetoothtbd: [0409/033107.695298:INFO:adapter.cc(551)] Adapter properties changed
04-09 16:01:07.695  2735  2762 I bluetoothtbd: [0409/033107.695429:INFO:adapter.cc(573)] Adapter name changed
04-09 16:01:07.706  2943  3158 I LibreCastControlDelegate: OnCastStatus() +++ Lyric Speaker Box 21f384:0xab90b198:NOT_SETUP
04-09 16:01:07.706  2943  3158 I LibreCastControlDelegate: Device Build Number -> '1.52.272222'
04-09 16:01:07.706  2943  3158 I librecast: updateCastBuildVersion() Version 1.52.272222
04-09 16:01:07.706  2713  2713 I lucitransport: readRemoteMessage() MID char = 7 buffer = (null)
04-09 16:01:07.708  2943  3158 E librecast: librecast::updateCastBuildVersion Cast build version number = 1.52.272222
04-09 16:01:07.708  2943  3158 E librecast: castVersion = 1.52.272222
04-09 16:01:07.709  2713  2713 I lucitransport: writeRemoteMessage() MID = 7 buffer = 1.52.272222
04-09 16:01:07.709  2713  2713 I luciUART: write() MID = 7  bytes = 21 data = 1.52.272222 m_fd = 0x5
04-09 16:01:07.717  2943  3158 I LibreCastControlDelegate: Active Applications -> 0
04-09 16:01:07.717  2943  3158 I LibreCastControlDelegate: Current Cast State '2' -> 'NOT_SETUP'
04-09 16:01:07.717  2943  3158 I LibreCastControlDelegate: OnCastStatus() ---
04-09 16:01:07.717  2713  2713 I lucitransport: readRemoteMessage() MID char = 7 buffer = 1.52.272222
04-09 16:01:07.721  2943  3158 I LibreCastControlDelegate: Active Applications -> 0
04-09 16:01:07.721  2943  3158 I LibreCastControlDelegate: Current Cast State '2' -> 'NOT_SETUP'
04-09 16:01:07.721  2943  3158 I LibreCastControlDelegate: OnCastStatus() ---
04-09 16:01:07.721  2943  3158 I LibreCastControlDelegate: OnCastStatus() +++ Lyric Speaker Box 21f384:0xab90b198:NOT_SETUP
04-09 16:01:07.721  2943  3158 I LibreCastControlDelegate: Device Build Number -> '1.52.272222'
04-09 16:01:07.721  2943  3158 I librecast: updateCastBuildVersion() Version 1.52.272222
04-09 16:01:07.722  2713  2713 I lucitransport: readRemoteMessage() MID char = 7 buffer = 1.52.272222
