04-09 15:39:04.125  3082  3082 I cast_shell: [3085:3124:INFO:local_network_info_impl.cc(276)] CONNECTIVITY_ID changed:
04-09 15:39:04.126  3082  3082 I cast_shell: [3085:3085:INFO:ccs_manager_impl.cc(1799)] Connectivity ID has changed; Will re-register CCS
04-09 15:39:04.126  3082  3082 I cast_shell: [3085:3085:INFO:ccs_manager_impl.cc(851)] Network connectivity down for CcsManager
04-09 15:39:04.130  2710  2722 I yani_server: NetLink Event '-1' Interface-Index '5' WLAN '0' Ethernet '-1' Parsed-iFill '-1' -> 'INVALID' ifIndex '1' -> 'lo'
04-09 15:39:04.130  3082  3082 I cast_shell: [3085:3124:INFO:setup_state.cc(261)] Setup state changed: SETUP_STATE_DISCONNECTED_EXTERNAL_CLIENT_ACCESSED (11) -> SETUP_STATE_SCANNING (20)
04-09 15:39:04.133  2734  2764 I bluetoothtbd: [0409/030904.133263:INFO:adapter.cc(551)] Adapter properties changed
04-09 15:39:04.133  3082  3082 I cast_shell: [3085:3124:INFO:bluetooth_manager.cc(115)] Record action: Cast.Bluetooth.DiscoveryMode.Disable
04-09 15:39:04.135  3082  3082 I cast_shell: [3085:3124:INFO:setup_state.cc(261)] Setup state changed: SETUP_STATE_SCANNING (20) -> SETUP_STATE_CHECKING_GLOBAL_CONNECTIVITY (50)
04-09 15:39:04.140  2953  3162 I LibreCastControlDelegate: OnCastStatus() +++ Lyric Speaker Box 21f384:0xab204198:OFFLINE
04-09 15:39:04.140  2953  3162 I LibreCastControlDelegate: Device Build Number -> '1.52.272222'
04-09 15:39:04.140  2953  3162 I librecast: updateCastBuildVersion() Version 1.52.272222
04-09 15:39:04.141  2711  2718 I lucitransport: readRemoteMessage() MID char = 7 buffer = 1.52.272222
04-09 15:39:04.141  2953  3162 I LibreCastControlDelegate: Active Applications -> 0
04-09 15:39:04.141  2953  3162 I LibreCastControlDelegate: Current Cast State '3' -> 'OFFLINE'
04-09 15:39:04.141  2953  3162 I LibreCastControlDelegate: OnCastStatus() ---
04-09 15:39:04.143  2953  3162 I LibreCastControlDelegate: OnCastStatus() +++ Lyric Speaker Box 21f384:0xab204198:OFFLINE
04-09 15:39:04.143  2953  3162 I LibreCastControlDelegate: Device Build Number -> '1.52.272222'
04-09 15:39:04.143  2953  3162 I librecast: updateCastBuildVersion() Version 1.52.272222
04-09 15:39:04.143  2711  2718 I lucitransport: readRemoteMessage() MID char = 7 buffer = 1.52.272222
04-09 15:39:04.144  2953  3162 I LibreCastControlDelegate: Active Applications -> 0
04-09 15:39:04.144  2953  3162 I LibreCastControlDelegate: Current Cast State '3' -> 'OFFLINE'
04-09 15:39:04.144  2953  3162 I LibreCastControlDelegate: OnCastStatus() ---
04-09 15:39:04.144  2953  3162 I LibreCastControlDelegate: OnCastStatus() +++ Lyric Speaker Box 21f384:0xab204198:OFFLINE
04-09 15:39:04.144  2953  3162 I LibreCastControlDelegate: Device Build Number -> '1.52.272222'
04-09 15:39:04.144  2953  3162 I librecast: updateCastBuildVersion() Version 1.52.272222
04-09 15:39:04.144  2711  2718 I lucitransport: readRemoteMessage() MID char = 7 buffer = 1.52.272222
04-09 15:39:04.179  3082  3082 I cast_shell: [3085:3093:ERROR:connectivity_checker_impl.cc(265)] Connectivity check failed: 400
04-09 15:39:04.643  3082  3082 I cast_shell: [3085:3124:INFO:metrics_recorder.cc(282)] Record action: Setup.version.BLE
04-09 15:39:04.671  3082  3082 I cast_shell: [3085:3124:INFO:metrics_recorder.cc(282)] Record action: Setup.tos_accepted.BLE
04-09 15:39:04.702  3082  3082 I cast_shell: [3085:3124:INFO:metrics_recorder.cc(282)] Record action: Setup.state.BLE
04-09 15:39:04.731  3082  3082 I cast_shell: [3085:3124:INFO:metrics_recorder.cc(282)] Record action: Setup.ip_address.BLE
04-09 15:39:05.100  3082  3082 I cast_shell: [3085:3085:INFO:grpc_service_discovery_impl.cc(185)] Mdns discovered google RPC for [PII](1FC95B92FE103D77AED1DCCC0AF3D118).
04-09 15:39:05.185  3082  3082 I cast_shell: [3085:3093:ERROR:connectivity_checker_impl.cc(265)] Connectivity check failed: 400
04-09 15:39:05.287  3082  3082 I cast_shell: [3085:3124:INFO:metrics_recorder.cc(282)] Record action: Setup.version.BLE
04-09 15:39:05.317  3082  3082 I cast_shell: [3085:3124:INFO:metrics_recorder.cc(282)] Record action: Setup.tos_accepted.BLE
04-09 15:39:05.346  3082  3082 I cast_shell: [3085:3124:INFO:metrics_recorder.cc(282)] Record action: Setup.state.BLE
04-09 15:39:05.376  3082  3082 I cast_shell: [3085:3124:INFO:metrics_recorder.cc(282)] Record action: Setup.ip_address.BLE
04-09 15:39:05.917  3082  3082 I cast_shell: [3085:3124:INFO:metrics_recorder.cc(282)] Record action: Setup.version.BLE
04-09 15:39:05.947  3082  3082 I cast_shell: [3085:3124:INFO:metrics_recorder.cc(282)] Record action: Setup.tos_accepted.BLE
04-09 15:39:05.976  3082  3082 I cast_shell: [3085:3124:INFO:metrics_recorder.cc(282)] Record action: Setup.state.BLE
04-09 15:39:06.021  3082  3082 I cast_shell: [3085:3124:INFO:metrics_recorder.cc(282)] Record action: Setup.ip_address.BLE
04-09 15:39:06.103  3082  3082 I cast_shell: [3085:3134:INFO:mdns_app_filter.cc(1526)] MdnsAppFilter: Done announcing.
04-09 15:39:06.191  3082  3082 I cast_shell: [3085:3093:ERROR:connectivity_checker_impl.cc(265)] Connectivity check failed: 400
04-09 15:39:06.578  3082  3082 I cast_shell: [3085:3124:INFO:metrics_recorder.cc(282)] Record action: Setup.version.BLE
04-09 15:39:06.607  3082  3082 I cast_shell: [3085:3124:INFO:metrics_recorder.cc(282)] Record action: Setup.tos_accepted.BLE
04-09 15:39:06.636  3082  3082 I cast_shell: [3085:3124:INFO:metrics_recorder.cc(282)] Record action: Setup.state.BLE
04-09 15:39:06.681  3082  3082 I cast_shell: [3085:3124:INFO:metrics_recorder.cc(282)] Record action: Setup.ip_address.BLE
04-09 15:39:07.198  3082  3082 I cast_shell: [3085:3093:ERROR:connectivity_checker_impl.cc(265)] Connectivity check failed: 400
04-09 15:39:07.222  3082  3082 I cast_shell: [3085:3124:INFO:metrics_recorder.cc(282)] Record action: Setup.version.BLE
04-09 15:39:07.251  3082  3082 I cast_shell: [3085:3124:INFO:metrics_recorder.cc(282)] Record action: Setup.tos_accepted.BLE
04-09 15:39:07.281  3082  3082 I cast_shell: [3085:3124:INFO:metrics_recorder.cc(282)] Record action: Setup.state.BLE
04-09 15:39:07.310  3082  3082 I cast_shell: [3085:3124:INFO:metrics_recorder.cc(282)] Record action: Setup.ip_address.BLE
04-09 15:39:07.503  2709  2709 I wpa_supplicant: wlan0: Selected BSS :ef (level:-44 noise:-61 frequency:2427)
04-09 15:39:07.505  2709  2709 I wpa_supplicant: wlan0: SME: Trying to authenticate with c8:b3:73:44:ae:ef (SSID='Linksys16717_2G' freq=2427 MHz)
04-09 15:39:07.506  2952  2963 D wac-main: Netlink event
04-09 15:39:07.506  2952  2963 E wac-main: Netlink event 16 Interface Index 5 
04-09 15:39:07.506  2952  2963 E wac-main: Enter poll and wait
04-09 15:39:07.506  2952  2963 D wac-main: Netlink event
04-09 15:39:07.506  2952  2963 E wac-main: Netlink event 16 Interface Index 5 
04-09 15:39:07.506  2952  2963 E wac-main: Enter poll and wait
04-09 15:39:07.514  2710  2722 I yani_server: NetLink Event '-1' Interface-Index '5' WLAN '0' Ethernet '-1' Parsed-iFill '-1' -> 'INVALID' ifIndex '1' -> 'lo'
04-09 15:39:07.527  2709  2709 I wpa_supplicant: wlan0: Trying to associate with c8:b3:73:44:ae:ef (SSID='Linksys16717_2G' freq=2427 MHz)
04-09 15:39:07.530  2710  2722 I chatty  : uid=0(root) YaniServer identical 13 lines
04-09 15:39:07.531  2710  2722 I yani_server: NetLink Event '-1' Interface-Index '5' WLAN '0' Ethernet '-1' Parsed-iFill '-1' -> 'INVALID' ifIndex '1' -> 'lo'
04-09 15:39:07.531  2710  2722 I yani_kernel: yani_geteventfrom_changeaddr() Message-Id '1' Netlink event '16' Interface Index '5' -> Name 'wlan0' 
04-09 15:39:07.532  2710  2722 I yani_kernel: yani_geteventfrom_changeaddr() Message-Id '1' Netlink event '16' Interface Index '5' -> Name 'wlan0' 
04-09 15:39:07.554  3164  3164 I hostapd : p2p0: IEEE 802.11 driver had channel switch: freq=2427, ht=1, vht_ch=0x0, offset=0, width=1 (20 MHz), cf1=2427, cf2=0
04-09 15:39:07.605  2981  2981 I hostapd : p2p1: IEEE 802.11 driver had channel switch: freq=2427, ht=1, vht_ch=0x0, offset=0, width=1 (20 MHz), cf1=2427, cf2=0
04-09 15:39:07.606  2952  2963 D wac-main: Netlink event
04-09 15:39:07.606  2952  2963 E wac-main: Netlink event 16 Interface Index 5 
04-09 15:39:07.606  2952  2963 E wac-main: Enter poll and wait
04-09 15:39:07.606  2952  2963 D wac-main: Netlink event
04-09 15:39:07.606  2952  2963 E wac-main: Netlink event 16 Interface Index 5 
04-09 15:39:07.606  2952  2963 E wac-main: Enter poll and wait
04-09 15:39:07.606  2952  2963 D wac-main: Netlink event
04-09 15:39:07.606  2952  2963 E wac-main: Netlink event 16 Interface Index 5 
04-09 15:39:07.606  2952  2963 E wac-main: Enter poll and wait
04-09 15:39:07.606  2952  2963 D wac-main: Netlink event
04-09 15:39:07.606  2952  2963 E wac-main: Netlink event 16 Interface Index 5 
04-09 15:39:07.619  2710  2722 I yani_server: NetLink Event '-1' Interface-Index '5' WLAN '-1' Ethernet '-1' Parsed-iFill '-1' -> 'INVALID' ifIndex '1' -> 'lo'
04-09 15:39:07.620  2710  2722 I yani_server: NetLink Event '-1' Interface-Index '5' WLAN '0' Ethernet '-1' Parsed-iFill '-1' -> 'INVALID' ifIndex '1' -> 'lo'
04-09 15:39:07.620  2710  2722 I yani_kernel: yani_geteventfrom_changeaddr() Message-Id '1' Netlink event '16' Interface Index '5' -> Name 'wlan0' 
04-09 15:39:07.623  2710  2722 I chatty  : uid=0(root) YaniServer identical 4 lines
04-09 15:39:07.624  2710  2722 I yani_kernel: yani_geteventfrom_changeaddr() Message-Id '1' Netlink event '16' Interface Index '5' -> Name 'wlan0' 
04-09 15:39:07.853  3082  3082 I cast_shell: [3085:3124:INFO:metrics_recorder.cc(282)] Record action: Setup.version.BLE
04-09 15:39:07.882  3082  3082 I cast_shell: [3085:3124:INFO:metrics_recorder.cc(282)] Record action: Setup.tos_accepted.BLE
04-09 15:39:07.911  3082  3082 I cast_shell: [3085:3124:INFO:metrics_recorder.cc(282)] Record action: Setup.state.BLE
04-09 15:39:07.941  3082  3082 I cast_shell: [3085:3124:INFO:metrics_recorder.cc(282)] Record action: Setup.ip_address.BLE
04-09 15:39:08.204  3082  3082 I cast_shell: [3085:3093:ERROR:connectivity_checker_impl.cc(265)] Connectivity check failed: 400
04-09 15:39:08.483  3082  3082 I cast_shell: [3085:3124:INFO:metrics_recorder.cc(282)] Record action: Setup.version.BLE
04-09 15:39:08.511  3082  3082 I cast_shell: [3085:3124:INFO:metrics_recorder.cc(282)] Record action: Setup.tos_accepted.BLE
04-09 15:39:08.541  3082  3082 I cast_shell: [3085:3124:INFO:metrics_recorder.cc(282)] Record action: Setup.state.BLE
04-09 15:39:08.569  2709  2709 I wpa_supplicant: wlan0: WPA: RX message 1 of 4-Way Handshake from c8:b3:73:44:ae:ef (ver=2)
04-09 15:39:08.570  2709  2709 I wpa_supplicant: wlan0: WPA: Sending EAPOL-Key 2/4
04-09 15:39:08.571  2710  2722 I yani_server: NetLink Event '-1' Interface-Index '5' WLAN '-1' Ethernet '-1' Parsed-iFill '-1' -> 'INVALID' ifIndex '1' -> 'lo'
04-09 15:39:08.572  2710  2722 I yani_server: NetLink Event '-1' Interface-Index '5' WLAN '0' Ethernet '-1' Parsed-iFill '-1' -> 'INVALID' ifIndex '1' -> 'lo'
04-09 15:39:08.586  2709  2709 I wpa_supplicant: wlan0: WPA: RX message 3 of 4-Way Handshake from c8:b3:73:44:ae:ef (ver=2)
04-09 15:39:08.586  3082  3082 I cast_shell: [3085:3124:INFO:metrics_recorder.cc(282)] Record action: Setup.ip_address.BLE
04-09 15:39:08.586  2709  2709 I wpa_supplicant: wlan0: WPA: Sending EAPOL-Key 4/4
04-09 15:39:08.587  2710  2722 I yani_server: NetLink Event '-1' Interface-Index '5' WLAN '0' Ethernet '-1' Parsed-iFill '-1' -> 'INVALID' ifIndex '1' -> 'lo'
04-09 15:39:08.589  2710  2722 I yani_server: NetLink Event '-1' Interface-Index '5' WLAN '0' Ethernet '-1' Parsed-iFill '-1' -> 'INVALID' ifIndex '1' -> 'lo'
04-09 15:39:08.589  2709  2709 I wpa_supplicant: wlan0: WPA: Key negotiation completed with c8:b3:73:44:ae:ef [PTK=CCMP GTK=TKIP]
04-09 15:39:08.589  2709  2709 I wpa_supplicant: wlan0: CTRL-EVENT-CONNECTED - Connection to c8:b3:73:44:ae:ef completed [id=0 id_str=]
04-09 15:39:08.591  2952  2963 D wac-main: Netlink event
04-09 15:39:08.591  2952  2963 E wac-main: Netlink event 16 Interface Index 5 
04-09 15:39:08.591  2952  2963 E wac-main: Enter poll and wait
04-09 15:39:08.591  2952  2963 D wac-main: Netlink event
04-09 15:39:08.592  2952  2963 E wac-main: Netlink event 16 Interface Index 5 
04-09 15:39:08.592  2952  2963 E wac-main: Enter poll and wait
04-09 15:39:08.599  3082  3082 I cast_shell: [3085:3136:INFO:wifi_controller_wpa_supplicant.cc(634)] After connection, current_wifi_index=0
04-09 15:39:08.602  2710  2722 I yani_server: NetLink Event '-1' Interface-Index '5' WLAN '0' Ethernet '-1' Parsed-iFill '-1' -> 'INVALID' ifIndex '1' -> 'lo'
04-09 15:39:08.604  2953  3162 I LibreCastControlDelegate: OnCastStatus() +++ Lyric Speaker Box 21f384:0xab204198:OFFLINE
04-09 15:39:08.604  2953  3162 I LibreCastControlDelegate: Device Build Number -> '1.52.272222'
04-09 15:39:08.604  2953  3162 I librecast: updateCastBuildVersion() Version 1.52.272222
04-09 15:39:08.604  2711  2718 I lucitransport: readRemoteMessage() MID char = 7 buffer = 1.52.272222
04-09 15:39:08.604  2953  3162 I LibreCastControlDelegate: Active Applications -> 0
04-09 15:39:08.604  2953  3162 I LibreCastControlDelegate: Current Cast State '3' -> 'OFFLINE'
04-09 15:39:08.604  2953  3162 I LibreCastControlDelegate: OnCastStatus() ---
04-09 15:39:08.614  2710  2722 I yani_server: NetLink Event '-1' Interface-Index '5' WLAN '7' Ethernet '-1' Parsed-iFill '7' -> 'WLAN0 LINKUP' ifIndex '1' -> 'lo'
04-09 15:39:08.614  2710  2722 I yani_server: saveConfig:537:wlan0
04-09 15:39:08.614  2710  2722 I wifiapi : newconn : 0xab797b48
04-09 15:39:08.614  2710  2722 I yani_server: saveConfig:544:got handle successfully
04-09 15:39:08.615  2710  2722 I wifiapi : 'STATUS' command returned = 0
04-09 15:39:08.617  2710  2722 I wifiapi : 'SAVE_CONFIG' command returned = 0
04-09 15:39:08.618  2710  2722 E yani_server: wlan0 Status=8 SaveConfig returns=0
04-09 15:39:08.618  2710  2722 I yani_server: SaveConfig return value=0
04-09 15:39:08.618  2710  2722 E WLANP2PIF: WlanP2pif: current chan = 4
04-09 15:39:08.620  2691  2691 I sh      : saveConfig:538:wlan0wlan0 Status=8 SaveConfig returns=0
04-09 15:39:08.620  2710  2722 E yani_wifi: set txpower chan : 4 country : US
04-09 15:39:08.620  2710  2722 E yani_wifi: nrates = 7
04-09 15:39:09.127  3082  3082 I cast_shell: [3085:3124:INFO:metrics_recorder.cc(282)] Record action: Setup.version.BLE
04-09 15:39:09.156  3082  3082 I cast_shell: [3085:3124:INFO:metrics_recorder.cc(282)] Record action: Setup.tos_accepted.BLE
04-09 15:39:09.186  3082  3082 I cast_shell: [3085:3124:INFO:metrics_recorder.cc(282)] Record action: Setup.state.BLE
04-09 15:39:09.211  3082  3082 I cast_shell: [3085:3093:ERROR:connectivity_checker_impl.cc(265)] Connectivity check failed: 400
04-09 15:39:09.216  3082  3082 I cast_shell: [3085:3124:INFO:metrics_recorder.cc(282)] Record action: Setup.ip_address.BLE
04-09 15:39:09.627  2710  2722 I yani_autoip: start_autoip() Interface 'wlan0' Is AutoIP Required 'Yes' Thread-Running 'No' 
04-09 15:39:09.628  2710  2722 E yani_server: YANI: I am Done Wait For Event 
04-09 15:39:09.628  2710  2722 I yani_kernel: yani_geteventfrom_changeaddr() Message-Id '1' Netlink event '16' Interface Index '5' -> Name 'wlan0' 
04-09 15:39:09.629  2710  3396 I yani_autoip: Setting autoiptimer to 70000
04-09 15:39:09.631  2710  2722 I yani_kernel: yani_geteventfrom_changeaddr() Message-Id '1' Netlink event '16' Interface Index '5' -> Name 'wlan0' 
04-09 15:39:09.632  2710  2722 I yani_kernel: yani_geteventfrom_changeaddr() Message-Id '1' Netlink event '16' Interface Index '5' -> Name 'wlan0' 
04-09 15:39:09.641  3395  3395 E dhcpcd  : control_open: Connection refused
04-09 15:39:09.642  3395  3395 E dhcpcd  : eth0: interface not found or invalid
04-09 15:39:09.643  2952  2963 D wac-main: Netlink event
04-09 15:39:09.644  2952  2963 E wac-main: Netlink event 16 Interface Index 5 
04-09 15:39:09.644  3395  3395 D dhcpcd  : wlan0: adding address fe80::ce90:93ff:fe21:f384
04-09 15:39:09.644  2952  2963 E wac-main: Enter poll and wait
04-09 15:39:09.648  2710  2722 I yani_kernel: yani_geteventfrom_changeaddr() Message-Id '1' Netlink event '16' Interface Index '5' -> Name 'wlan0' 
04-09 15:39:09.743  3395  3395 E dhcpcd  : error writing DUID: /etc/dhcpcd/dhcpcd.duid: Read-only file system
04-09 15:39:09.743  3395  3395 D dhcpcd  : DUID 00:03:00:01:cc:90:93:21:f3:84
04-09 15:39:09.743  3395  3395 D dhcpcd  : wlan0: IAID 93:21:f3:84
04-09 15:39:09.757  3082  3082 I cast_shell: [3085:3124:INFO:metrics_recorder.cc(282)] Record action: Setup.version.BLE
04-09 15:39:09.786  3082  3082 I cast_shell: [3085:3124:INFO:metrics_recorder.cc(282)] Record action: Setup.tos_accepted.BLE
04-09 15:39:09.816  3082  3082 I cast_shell: [3085:3124:INFO:metrics_recorder.cc(282)] Record action: Setup.state.BLE
04-09 15:39:09.846  3082  3082 I cast_shell: [3085:3124:INFO:metrics_recorder.cc(282)] Record action: Setup.ip_address.BLE
04-09 15:39:10.218  3082  3082 I cast_shell: [3085:3093:ERROR:connectivity_checker_impl.cc(265)] Connectivity check failed: 400
04-09 15:39:10.366  3395  3395 D dhcpcd  : wlan0: soliciting a DHCP lease
04-09 15:39:10.366  3395  3395 D dhcpcd  : wlan0: sending DISCOVER (xid 0x845d28f), next in -67429387356031316944297534122302110905504376741493848009551144031569467776912974371932864335219236010981921854146051490841395456092866668630335185278004774861320093325635514505667643794813768396490958430021588894898581478425848814442461913072639950228862676137672704.0 seconds
04-09 15:39:10.391  3082  3082 I cast_shell: [3085:3124:INFO:metrics_recorder.cc(282)] Record action: Setup.version.BLE
04-09 15:39:10.392  3395  3395 D dhcpcd  : wlan0: soliciting an IPv6 router
04-09 15:39:10.416  3082  3082 I cast_shell: [3085:3124:INFO:metrics_recorder.cc(282)] Record action: Setup.tos_accepted.BLE
04-09 15:39:10.420  2732  2742 I NetworkMonitor: turn off power-save
04-09 15:39:10.425  2732  2742 E DNSResolver: Error in connect: Network is unreachable
04-09 15:39:10.425  2732  2742 I chatty  : uid=0(root) /bin/net_mgr identical 4 lines
04-09 15:39:10.425  2732  2742 E DNSResolver: Error in connect: Network is unreachable
04-09 15:39:10.425  2732  2742 E HttpTimeSync: Error resolve name clients1.google.com
04-09 15:39:10.442  2732  2742 E HttpTimeSync: Error in curl perform, returns 6: Couldn't resolve host name
04-09 15:39:10.444  2732  2742 E HttpTimeSync: Failed in getting HTTP header from http://clients1.google.com/generate_204
04-09 15:39:10.446  3082  3082 I cast_shell: [3085:3124:INFO:metrics_recorder.cc(282)] Record action: Setup.state.BLE
04-09 15:39:10.476  3082  3082 I cast_shell: [3085:3124:INFO:metrics_recorder.cc(282)] Record action: Setup.ip_address.BLE
04-09 15:39:10.529  3395  3395 D dhcpcd  : wlan0: Router Advertisement from fe80::cab3:73ff:fe44:aeed
04-09 15:39:10.530  3395  3395 D dhcpcd  : wlan0: adding address fd70:d3e7:6555:0:ce90:93ff:fe21:f384/64
04-09 15:39:10.530  3395  3395 D dhcpcd  : wlan0: adding address fd70:d3e7:6555:0:bccd:d090:7197:e96d/64
04-09 15:39:10.530  3395  3395 D dhcpcd  : wlan0: adding route to fd70:d3e7:6555::/64
04-09 15:39:10.531  3395  3395 D dhcpcd  : wlan0: requesting DHCPv6 information
04-09 15:39:10.851  3082  3082 I cast_shell: [3085:3085:INFO:grpc_manager_impl.cc(505)] GRPC[uri=[::]:0]: num_pending_calls=0, num_active_handlers=0, num_free_handlers=0
04-09 15:39:10.852  3082  3082 I cast_shell: [3085:3085:INFO:grpc_manager_impl.cc(505)] GRPC[uri=]: num_pending_calls=0, num_active_handlers=0, num_free_handlers=0
04-09 15:39:10.901  3082  3082 I cast_shell: [3085:3085:INFO:grpc_manager_impl.cc(505)] GRPC[uri=unix:/tmp/hcp_ipc_auth.socket]: num_pending_calls=0, num_active_handlers=10, num_free_handlers=0
04-09 15:39:10.907  3082  3082 I cast_shell: [3085:3085:INFO:grpc_manager_impl.cc(505)] GRPC[uri=unix:/tmp/modular_updater/modular_update_service]: num_pending_calls=0, num_active_handlers=0, num_free_handlers=0
04-09 15:39:10.928  3082  3082 I cast_shell: [3085:3085:INFO:metrics_recorder.cc(112)] Metrics stat: total=10
04-09 15:39:10.928  3082  3082 I cast_shell: Setup.eureak_info_keys.BLE=7
04-09 15:39:10.928  3082  3082 I cast_shell: Setup.eureka_info_immutable_basic.BLE=2
04-09 15:39:10.928  3082  3082 I cast_shell: Setup.eureka_info_mutable_reads.BLE=1
04-09 15:39:10.928  3082  3082 I cast_shell: Setup.i8n_info.BLE=7
04-09 15:39:10.928  3082  3082 I cast_shell: Setup.ip_address.BLE=11
04-09 15:39:10.928  3082  3082 I cast_shell: Setup.name_utf8.BLE=1
04-09 15:39:10.928  3082  3082 I cast_shell: Setup.scan_results.BLE=4
04-09 15:39:10.928  3082  3082 I cast_shell: Setup.state.BLE=11
04-09 15:39:10.928  3082  3082 I cast_shell: Setup.tos_accepted.BLE=11
04-09 15:39:10.928  3082  3082 I cast_shell: Setup.version.BLE=11
04-09 15:39:11.017  3082  3082 I cast_shell: [3085:3124:INFO:metrics_recorder.cc(282)] Record action: Setup.version.BLE
04-09 15:39:11.046  3082  3082 I cast_shell: [3085:3124:INFO:metrics_recorder.cc(282)] Record action: Setup.tos_accepted.BLE
04-09 15:39:11.051  3082  3082 I cast_shell: [3085:3085:INFO:grpc_manager_impl.cc(505)] GRPC[uri=[::]:8012]: num_pending_calls=0, num_active_handlers=1, num_free_handlers=0
04-09 15:39:11.076  3082  3082 I cast_shell: [3085:3124:INFO:metrics_recorder.cc(282)] Record action: Setup.state.BLE
04-09 15:39:11.106  3082  3082 I cast_shell: [3085:3124:INFO:metrics_recorder.cc(282)] Record action: Setup.ip_address.BLE
04-09 15:39:11.225  3082  3082 I cast_shell: [3085:3093:ERROR:connectivity_checker_impl.cc(265)] Connectivity check failed: 400
04-09 15:39:11.377  3082  3082 I cast_shell: [3085:3124:INFO:metrics_recorder.cc(282)] Record action: Setup.eureka_info.Local
04-09 15:39:11.378  3082  3082 I cast_shell: [3085:3124:INFO:metrics_recorder.cc(282)] Record action: Setup.eureka_info.Local.200
04-09 15:39:11.379  2732  2741 E DNSResolver: Error in connect: Network is unreachable
04-09 15:39:11.379  2732  2741 I chatty  : uid=0(root) MonitorThread identical 4 lines
04-09 15:39:11.379  2732  2741 E DNSResolver: Error in connect: Network is unreachable
04-09 15:39:11.379  2732  2741 E HttpTimeSync: Error resolve name clients1.google.com
04-09 15:39:11.380  2732  2741 E HttpTimeSync: Error in curl perform, returns 6: Couldn't resolve host name
04-09 15:39:11.380  2732  2741 E HttpTimeSync: Failed in getting HTTP header from http://clients1.google.com/generate_204
04-09 15:39:11.454  3395  3395 D dhcpcd  : wlan0: received OFFER with xid 0x845d28f
04-09 15:39:11.454  3395  3395 D dhcpcd  : wlan0: offered 192.168.1.145 from 192.168.1.1
04-09 15:39:11.454  3395  3395 D dhcpcd  : wlan0: requesting lease of 192.168.1.145
04-09 15:39:11.454  3395  3395 D dhcpcd  : wlan0: sending REQUEST (xid 0x845d28f), next in -67429387356031316944297534122302110905504376741493848009551144031569467776912974371932864335219236010981921854146051490841395456092866668630335185278004774861320093325635514505667643794813768396490958430021588894898581478425848814442461913072639950228862676137672704.0 seconds
04-09 15:39:11.558  3395  3395 D dhcpcd  : wlan0: received ACK with xid 0x845d28f
04-09 15:39:11.558  3395  3395 D dhcpcd  : wlan0: acknowledged 192.168.1.145 from 192.168.1.1
04-09 15:39:11.558  3395  3395 D dhcpcd  : wlan0: leased 192.168.1.145 for 86400 seconds
04-09 15:39:11.560  3395  3395 D dhcpcd  : wlan0: adding route to 192.168.1.0/24
04-09 15:39:11.560  3395  3395 D dhcpcd  : wlan0: adding default route via 192.168.1.1
04-09 15:39:11.561  2952  2963 D wac-main: Netlink event
04-09 15:39:11.561  2952  2963 E wac-main: Netlink event 20 Interface Index 5 
04-09 15:39:11.561  2952  2963 E wac-main: Enter poll and wait
04-09 15:39:11.561  2710  2722 I yani_kernel: yani_geteventfrom_changeaddr() Message-Id '1' Netlink event '20' Interface Index '5' -> Name 'wlan0' 
04-09 15:39:11.568  2710  2722 I yani_server: NetLink Event '2' Interface-Index '5' WLAN '-1' Ethernet '-1' Parsed-iFill '2' -> 'WLAN0 CONNECTED' ifIndex '1' -> 'lo'
04-09 15:39:11.568  2710  2722 I yani_server: doLotofWork() List of interface '5'
04-09 15:39:11.590  2711  2719 E luciUART: UART:aa
04-09 15:39:11.590  2711  2719 E luciUART: UART:aa
04-09 15:39:11.590  2711  2719 E luciUART: UART:2
04-09 15:39:11.590  2711  2719 E luciUART: UART:0
04-09 15:39:11.591  2711  2719 E luciUART: UART:d0
04-09 15:39:11.591  2711  2719 E luciUART: UART:0
04-09 15:39:11.591  2711  2719 I chatty  : uid=0(root) UARTLUCIControl identical 2 lines
04-09 15:39:11.591  2711  2719 E luciUART: UART:0
04-09 15:39:11.591  2711  2719 E luciUART: UART:9
04-09 15:39:11.594  2711  2720 I luciUART: write() MID = 208  bytes = 30 data = ssid:Linksys16717_2G m_fd = 0x6
04-09 15:39:11.594  2711  2720 E LUCI_SERVER: NV_READ response= ssid:Linksys16717_2G
04-09 15:39:11.594  2711  2720 E LUCI_SERVER: Luci Server Thread waiting for packets....
04-09 15:39:11.647  3082  3082 I cast_shell: [3085:3124:INFO:metrics_recorder.cc(282)] Record action: Setup.version.BLE
04-09 15:39:11.672  2955  3431 I airplay-main: checkACPAvailability() err 0 -> Present!
04-09 15:39:11.672  2955  3431 D airplay-main: arguments[0] -> airplay_v2 -> airplay_v2
04-09 15:39:11.673  2955  3431 D airplay-main: arguments[1] -> -n -> -n
04-09 15:39:11.673  2955  3431 D airplay-main: arguments[2] -> Lyric Speaker Box 21f384 -> Lyric Speaker Box 21f384
04-09 15:39:11.673  2955  3431 D airplay-main: arguments[3] -> -z -> -z
04-09 15:39:11.673  2955  3431 D airplay-main: arguments[4] -> 1 -> 1
04-09 15:39:11.673  2955  3431 D airplay-main: arguments[5] -> -d -> -d
04-09 15:39:11.673  2955  3431 D airplay-main: arguments[6] -> 47617500 -> 47617500
04-09 15:39:11.673  2955  3431 D airplay-main: Total Number of Arguments 7
04-09 15:39:11.676  3082  3082 I cast_shell: [3085:3124:INFO:metrics_recorder.cc(282)] Record action: Setup.tos_accepted.BLE
04-09 15:39:11.684  2955  3431 I airplay_v2_0_6: 2022-04-09 03:09:11.683684 [AirPlayDemo] homedir /data/ sUserPreferencesDirectoryPath /data//.airplaydemo 
04-09 15:39:11.706  3082  3082 I cast_shell: [3085:3124:INFO:metrics_recorder.cc(282)] Record action: Setup.state.BLE
04-09 15:39:11.736  3082  3082 I cast_shell: [3085:3124:INFO:metrics_recorder.cc(282)] Record action: Setup.ip_address.BLE
04-09 15:39:11.762  2955  3431 I airplay-main: checkACPAvailability() err 0 -> Present!
04-09 15:39:11.781  2732  2742 I HttpTimeSync: Building resolve list for clients1.google.com, total 1.
04-09 15:39:11.781  2732  2742 I HttpTimeSync: 	0: 142.251.36.142
04-09 15:39:11.844  2955  3459 I airplay_v2_0_6: 2022-04-09 03:09:11.844865 [AirPlayDemo] *********** AirPlayDemoPlatformSetProperty:homeIntegrationData value - 
04-09 15:39:11.844  2955  3459 I airplay_v2_0_6:     +0000: 62706c69 73743030 d101025f 10114343 |bplist00^^^_^^CC| (67 bytes)
04-09 15:39:11.844  2955  3459 I airplay_v2_0_6:     +0010: 3a39303a 39333a32 313a4633 3a3834d0 |:90:93:21:F3:84^|
04-09 15:39:11.845  2955  3459 I airplay_v2_0_6:     +0020: 080b1f00 00000000 00010100 00000000 |^^^^^^^^^^^^^^^^|
04-09 15:39:11.845  2955  3459 I airplay_v2_0_6:     +0030: 00000300 00000000 00000000 00000000 |^^^^^^^^^^^^^^^^|
04-09 15:39:11.845  2955  3459 I airplay_v2_0_6:     +0040: 000020                              |^^              |
04-09 15:39:11.847  2955  3459 I airplay_v2_0_6: 2022-04-09 03:09:11.847346 [AirPlayDemo] AirPlayDemoServerCopyProperty Password is <<NULL>>
04-09 15:39:11.857  2955  3459 I airplay_v2_0_6: 2022-04-09 03:09:11.856880 [AirPlayDemo] *********** AirPlayDemoPlatformSetProperty:homeIntegrationData value - 
04-09 15:39:11.857  2955  3459 I airplay_v2_0_6:     +0000: 62706c69 73743030 d101025f 10114343 |bplist00^^^_^^CC| (165 bytes)
04-09 15:39:11.857  2955  3459 I airplay_v2_0_6:     +0010: 3a39303a 39333a32 313a4633 3a3834d3 |:90:93:21:F3:84^
04-09 15:39:11.857  2955  3459 I airplay_v2_0_6: |
04-09 15:39:11.857  2955  3459 I airplay_v2_0_6:     +0020: 03040501 06075a69 64656e74 69666965 |^^^^^^Zidentifie|
04-09 15:39:11.857  2955  3459 I airplay_v2_0_6:     +0030: 7252736b 52706b4f 102088ed a8798a5f |rRskRpkO^ ^^^y^_|
04-09 15:39:11.857  2955  3459 I airplay_v2_0_6:     +0040: 77ecf446 9ea5677c 41341faf 35b4e9f2 |w^^F^^g|A4^^5^^^|
04-09 15:39:11.857  2955  3459 I airplay_v2_0_6:     +0050: 6790188a 245e7b6e 89574f10 209e9816 |
04-09 15:39:11.857  2955  3459 I airplay_v2_0_6: g^^^$^{n^WO^ ^^^|
04-09 15:39:11.857  2955  3459 I airplay_v2_0_6:     +0060: c3f43d58 7cd33a11 b486ede5 4297a25f |^^=X|^:^^^^^B^^_|
04-09 15:39:11.857  2955  3459 I airplay_v2_0_6:     +0070: 8a9a7f42 641d6956 ab1f3662 1e080b1f |^^^Bd^iV^^6b^^^^|
04-09 15:39:11.857  2955  3459 I airplay_v2_0_6:     +0080: 26313437 5a000000 00000001 01000000 |&147Z^^^^^^^^^^^|
04-09 15:39:11.857  2955  3459 I airplay_v2_0_6:     +0090: 
04-09 15:39:11.857  2955  3459 I airplay_v2_0_6: 00000000 08000000 00000000 00000000 |^^^^^^^^^^^^^^^^|
04-09 15:39:11.857  2955  3459 I airplay_v2_0_6:     +00A0: 00000000 7d                         |^^^^}           |
04-09 15:39:11.858  2711  2718 I lucitransport: readRemoteMessage() MID char = 90 buffer = Lyric Speaker Box 21f384
04-09 15:39:11.860  2955  3431 I airplay_v2_0_6: 2022-04-09 03:09:11.860529 [AirPlay] Registering Bonjour _airplay._tcp. port 7000
04-09 15:39:11.862  2955  3459 I airplay_v2_0_6: 2022-04-09 03:09:11.862880 [AirPlayDemo] AirPlayDemoServerCopyProperty Password is <<NULL>>
04-09 15:39:11.864  2955  3459 I airplay_v2_0_6: 2022-04-09 03:09:11.864583 [AirPlayDemo] AirPlayDemoServerCopyProperty Password is <<NULL>>
04-09 15:39:11.865  2711  2718 I lucitransport: readRemoteMessage() MID char = 90 buffer = Lyric Speaker Box 21f384
04-09 15:39:11.867  2955  3431 I airplay_v2_0_6: 2022-04-09 03:09:11.867018 [AirPlay] Registering Bonjour CC909321F384@Lyric Speaker Box 21f384._raop._tcp. port 7000
04-09 15:39:11.867  2955  3431 I airplay_v2_0_6: 2022-04-09 03:09:11.867175 [AirPlay] AirPlay servers started
04-09 15:39:12.115  2732  2742 I HttpTimeSync: Http time synced
04-09 15:39:12.116  2732  2742 I NetworkMonitor: turn off power-save
04-09 15:39:12.277  3082  3082 I cast_shell: [3085:3124:INFO:metrics_recorder.cc(282)] Record action: Setup.version.BLE
04-09 15:39:12.306  3082  3082 I cast_shell: [3085:3124:INFO:metrics_recorder.cc(282)] Record action: Setup.tos_accepted.BLE
04-09 15:39:12.336  3082  3082 I cast_shell: [3085:3124:INFO:metrics_recorder.cc(282)] Record action: Setup.state.BLE
04-09 15:39:12.366  3082  3082 I cast_shell: [3085:3124:INFO:metrics_recorder.cc(282)] Record action: Setup.ip_address.BLE
04-09 15:39:13.369  2956  2986 I SPOTIFY : ConnectionNotify event(0-Login, 1-Logout, rest Error) = 7 
04-09 15:39:13.502  3082  3082 I cast_shell: [3085:3124:INFO:metrics_recorder.cc(282)] Record action: Setup.version.BLE
04-09 15:39:13.531  3082  3082 I cast_shell: [3085:3124:INFO:metrics_recorder.cc(282)] Record action: Setup.tos_accepted.BLE
04-09 15:39:13.562  3082  3082 I cast_shell: [3085:3124:INFO:metrics_recorder.cc(282)] Record action: Setup.state.BLE
04-09 15:39:13.591  3082  3082 I cast_shell: [3085:3124:INFO:metrics_recorder.cc(282)] Record action: Setup.ip_address.BLE
04-09 15:39:13.760  3082  3082 I cast_shell: [3085:3093:INFO:connectivity_checker_impl.cc(144)] Change check url=http://connectivitycheck.gstatic.com/generate_204
04-09 15:39:13.760  3082  3082 I cast_shell: [3085:3093:INFO:connectivity_checker_impl.cc(148)] Global connection is: Up
04-09 15:39:13.761  3085  3149 E         : OOBE CheckUpdate
04-09 15:39:13.773  3082  3082 I cast_shell: [3085:3085:INFO:api_reboot.cc(321)] active_activities count=0
04-09 15:39:13.773  3082  3082 I cast_shell: [3085:3085:INFO:cloud_settings_manager.cc(431)] Connectivity established. Reconciling cloud settings.
04-09 15:39:13.773  3082  3082 I cast_shell: [3085:3085:INFO:cloud_settings_manager.cc(195)] Cloud settings is disabled.
04-09 15:39:13.773  3082  3082 I cast_shell: [3085:3085:INFO:lycra_gcm.cc(121)] Registering GCM handler.
04-09 15:39:13.773  3082  3082 I cast_shell: [3085:3085:INFO:gcm_manager.cc(258)] Enabling GCM Driver
04-09 15:39:13.773  3082  3082 I cast_shell: [3085:3085:INFO:ccs_transport_gcm.cc(102)] Registering GCM handler
04-09 15:39:13.773  3082  3082 I cast_shell: [3085:3149:INFO:update_engine_client_with_system_updater.cc(216)] Network first connected, check system force update
04-09 15:39:13.773  3082  3082 I cast_shell: [system_updater_dummy.cpp(109)] CheckUpdate
04-09 15:39:13.783  3082  3082 I cast_shell: [3085:3085:INFO:application_config_manager_impl.cc(575)] Disabling virtual device 3c434f4a-f7a0-4b30-37f9-046bc0a62436
04-09 15:39:13.785  3082  3082 I cast_shell: [3085:3085:INFO:device_info_impl.cc(1094)] Primary netif changed: new=wlan0, old=usb0
04-09 15:39:13.785  3082  3082 I cast_shell: [3085:3085:INFO:device_info_impl.cc(1103)] Primary IP address changed: netif=wlan0, new=192.168.1.145, old=192.168.10.1
04-09 15:39:13.785  3082  3082 I cast_shell: [3085:3281:ERROR:unix_stream_client_socket.cc(52)] Cannot connect unix socket: /dev/socket/panel: No such file or directory (2)
04-09 15:39:13.786  3082  3082 I cast_shell: [3085:3281:ERROR:led_controller_ipc.cc(84)] Could not create IPC client for socket: /dev/socket/panel
04-09 15:39:13.791  3082  3082 I cast_shell: [3085:3124:WARNING:setup_manager_impl.cc(1136)] NAT not supported, no captive portal support.
04-09 15:39:13.793  3082  3082 I cast_shell: [3085:3085:INFO:cast_receiver_impl.cc(1612)] mDNS Discovery stopped.
04-09 15:39:13.793  3082  3082 I cast_shell: [3085:3085:INFO:cast_receiver_impl.cc(1679)] Network is globally connected. Schedule config downloading if necessary.
04-09 15:39:13.795  3082  3082 I cast_shell: [3085:3085:INFO:cast_receiver_impl.cc(1685)] Network is globally connected. Schedule crl downloading if necessary.
04-09 15:39:13.795  3082  3082 I cast_shell: [3085:3085:INFO:crl_downloader.cc(366)] Downloading crl: url=https://clients5.google.com/cast/chromecast/device/crl
04-09 15:39:13.795  3082  3082 I cast_shell: [3085:3085:INFO:cast_receiver_impl.cc(1695)] Network is globally connected. Refreshing CcsManager.
04-09 15:39:13.795  3082  3082 I cast_shell: [3085:3085:INFO:iot_auth_manager_wrapper.cc(311)] Network provider informed of connected network status.
04-09 15:39:13.796  3082  3082 I cast_shell: [3085:3134:INFO:mdns_app_filter.cc(1702)] MdnsAppFilter is stopping
04-09 15:39:13.796  3082  3082 I cast_shell: [3085:3134:INFO:metrics_recorder.cc(282)] cast event: Cast.Discovery.Mdns.ResponderStopped
04-09 15:39:13.796  3082  3082 I cast_shell: [3085:3134:INFO:mdns_app_filter.cc(1709)] MdnsAppFilter is stopping; closing socket: address=192.168.2.1
04-09 15:39:13.796  3082  3082 I cast_shell: [3085:3134:INFO:metrics_recorder.cc(282)] cast event: Cast.Discovery.Mdns.SocketDestroyed
04-09 15:39:13.797  3082  3082 I cast_shell: [3085:3134:INFO:mdns_app_filter.cc(1709)] MdnsAppFilter is stopping; closing socket: address=192.168.10.1
04-09 15:39:13.797  3082  3082 I cast_shell: [3085:3134:INFO:metrics_recorder.cc(282)] cast event: Cast.Discovery.Mdns.SocketDestroyed
04-09 15:39:13.798  2959  2989 I otamanager: DownloadHttpContent firmware version = eng.C4A.1203
04-09 15:39:13.802  2711  2718 I lucitransport: readRemoteMessage() MID char = 6 buffer = 1001
04-09 15:39:13.803  2711  2718 I lucitransport: readRemoteMessage() MID char = 7 buffer = 1.52.272222
04-09 15:39:13.803  2959  2989 I otamanager: OTA: DownloadHttpContent :payload =  {"device":{"brand":"COTODAMA","castVersion":"1.52.272222","deviceId":"cc909321f384","deviceType":"LS10_C4A","fwVersion":"1203","googleCast":true,"mcuVersion":"1001","model":"LSB"}}
04-09 15:39:13.803  2959  2989 I otamanager:  
04-09 15:39:13.803  2959  2989 I otamanager: OTA:------curlDownloadFirmwareXml---
04-09 15:39:13.804  2959  2989 I otamanager: OTA:isValidIpAddress: result 0
04-09 15:39:13.809  3082  3082 I cast_shell: [3085:3135:INFO:transport_creds.cc(151)] Self-signed certificate created: CN=3c434f4a-f7a0-4b30-37f9-046bc0a62436
04-09 15:39:13.809  2953  3162 I LibreCastControlDelegate: OnCastStatus() +++ Lyric Speaker Box 21f384:0xab204198:NOT_SETUP
04-09 15:39:13.809  2953  3162 I LibreCastControlDelegate: Device Build Number -> '1.52.272222'
04-09 15:39:13.809  2953  3162 I librecast: updateCastBuildVersion() Version 1.52.272222
04-09 15:39:13.810  2711  2718 I lucitransport: readRemoteMessage() MID char = 7 buffer = 1.52.272222
04-09 15:39:13.851  3082  3082 I cast_shell: [3085:3085:INFO:config_downloader.cc(489)] Downloading config: headers (excl. auth) ='Accept: application/protobuf', url=https://clients5.google.com/cast/chromecast/device/baseconfig?m=LSB&M=COTODAMA&p=LS10+Platform&b=1.52.272222&c=wifi&r=beta-channel&pt=3&ln=&d=DE4F95FFA64D5E74B026&at=1
04-09 15:39:13.932  3082  3082 I cast_shell: [3085:3137:INFO:multizone_manager.cc(2131)] Updated leader quality: 49807409
04-09 15:39:13.935  3082  3082 I cast_shell: [3085:3134:INFO:mdns_app_filter.cc(1120)] Skipping IPv6 interface that also has an IPv4 address: wlan0
04-09 15:39:13.935  3082  3082 I chatty  : uid=1000(chrome) /bin/logwrapper identical 2 lines
04-09 15:39:13.935  3082  3082 I cast_shell: [3085:3134:INFO:mdns_app_filter.cc(1120)] Skipping IPv6 interface that also has an IPv4 address: wlan0
04-09 15:39:13.936  3082  3082 I cast_shell: [3085:3134:INFO:metrics_recorder.cc(282)] cast event: Cast.Discovery.Mdns.SocketCreated
04-09 15:39:13.936  3082  3082 I cast_shell: [3085:3134:INFO:mdns_app_filter.cc(1254)] Created mDNS socket for interface:name=wlan0, address=192.168.1.145, index=5
04-09 15:39:13.936  3082  3082 I cast_shell: [3085:3134:INFO:metrics_recorder.cc(282)] cast event: Cast.Discovery.Mdns.SocketCreated
04-09 15:39:13.936  3082  3082 I cast_shell: [3085:3134:INFO:mdns_app_filter.cc(1254)] Created mDNS socket for interface:name=p2p1, address=192.168.2.1, index=7
04-09 15:39:13.937  3082  3082 I cast_shell: [3085:3134:INFO:metrics_recorder.cc(282)] cast event: Cast.Discovery.Mdns.SocketCreated
04-09 15:39:13.937  3082  3082 I cast_shell: [3085:3134:INFO:mdns_app_filter.cc(1254)] Created mDNS socket for interface:name=usb0, address=192.168.10.1, index=9
04-09 15:39:13.937  3082  3082 I cast_shell: [3085:3134:INFO:mdns_app_filter.cc(977)] MdnsAppFilter is starting.
04-09 15:39:13.937  3082  3082 I cast_shell: [3085:3134:INFO:metrics_recorder.cc(282)] cast event: Cast.Discovery.Mdns.ResponderStarted
04-09 15:39:13.937  3082  3082 I cast_shell: [3085:3134:INFO:discovered_service_client.cc(78)] Primary interface for service discovery has changed: ifindex=5
04-09 15:39:13.938  3082  3082 I cast_shell: [3085:3134:INFO:mdns_app_filter.cc(1120)] Skipping IPv6 interface that also has an IPv4 address: wlan0
04-09 15:39:13.939  3082  3082 I cast_shell: [3085:3085:INFO:mdns_manager_impl.cc(429)] Successfully updated service: type=_googlezone
04-09 15:39:13.990  2959  2989 I otamanager: OTA:ResolveDNSName IP = 34.227.250.11
04-09 15:39:13.990  2959  2989 I otamanager: OTA:hostIp string: https://34.227.250.11/v1
04-09 15:39:13.990  2959  2989 I otamanager: OTA: trying after 2 sec 
04-09 15:39:14.117  3082  3082 I cast_shell: [3085:3124:INFO:metrics_recorder.cc(282)] Record action: Setup.version.BLE
04-09 15:39:14.147  3082  3082 I cast_shell: [3085:3124:INFO:metrics_recorder.cc(282)] Record action: Setup.tos_accepted.BLE
04-09 15:39:14.176  3082  3082 I cast_shell: [3085:3124:INFO:metrics_recorder.cc(282)] Record action: Setup.state.BLE
04-09 15:39:14.206  3082  3082 I cast_shell: [3085:3124:INFO:metrics_recorder.cc(282)] Record action: Setup.ip_address.BLE
04-09 15:39:14.239  3082  3082 I cast_shell: [3085:3124:INFO:ble_setup.cc(322)] Record action: Setup.set_eureka_info.BLE
04-09 15:39:14.241  3082  3082 I cast_shell: [3085:3124:INFO:timezone_settings.cc(288)] Setting system timezone to Asia/Kolkata
04-09 15:39:14.241  3082  3082 I cast_shell: [3085:3137:INFO:multizone_group.cc(357)] Change name for group [PII](1FC95B92FE103D77AED1DCCC0AF3D118) to [PII](AAA speaker)
04-09 15:39:14.241  3082  3082 I cast_shell: [3085:3124:INFO:locale_manager.cc(511)] New timezone: Asia/Kolkata
04-09 15:39:14.241  3082  3082 I cast_shell: [3085:3124:INFO:locale_manager.cc(539)] New time format: 24-hour
04-09 15:39:14.245  3082  3082 I cast_shell: [3085:3085:INFO:device_info_impl.cc(1133)] SSDP Config ID is increased: id=4
04-09 15:39:14.245  3082  3082 I cast_shell: [3085:3085:INFO:device_info_impl.cc(1133)] SSDP Config ID is increased: id=5
04-09 15:39:14.254  2734  2764 I bluetoothtbd: [0409/030914.253922:INFO:adapter.cc(551)] Adapter properties changed
04-09 15:39:14.254  2734  2764 I bluetoothtbd: [0409/030914.254104:INFO:adapter.cc(573)] Adapter name changed
04-09 15:39:14.254  3082  3082 I cast_shell: [3085:3124:INFO:bluetooth_manager.cc(1232)] [PII] Set device name to 'AAA speaker'
04-09 15:39:14.259  2734  2764 I bluetoothtbd: [0409/030914.259164:INFO:adapter.cc(551)] Adapter properties changed
04-09 15:39:14.259  2734  2764 I bluetoothtbd: [0409/030914.259300:INFO:adapter.cc(573)] Adapter name changed
04-09 15:39:14.259  3082  3082 I cast_shell: [3085:3124:INFO:bluetooth_manager.cc(1232)] [PII] Set device name to 'AAA speaker'
04-09 15:39:14.259  3082  3082 I cast_shell: [3085:3134:INFO:mdns_util.cc(102)] Defaulting mDNS capabilities for audio-only build
04-09 15:39:14.260  3082  3082 I cast_shell: [3085:3134:INFO:mdns_util.cc(102)] Defaulting mDNS capabilities for audio-only build
04-09 15:39:14.261  2953  3162 I LibreCastControlDelegate: OnCastStatus() +++ AAA speaker:0xab204198:NOT_SETUP
04-09 15:39:14.261  2953  3162 I LibreCastControlDelegate: Device Build Number -> '1.52.272222'
04-09 15:39:14.261  2953  3162 I librecast: updateCastBuildVersion() Version 1.52.272222
04-09 15:39:14.261  2711  2718 I lucitransport: readRemoteMessage() MID char = 7 buffer = 1.52.272222
04-09 15:39:14.261  3082  3082 I cast_shell: [3085:3085:INFO:mdns_manager_impl.cc(429)] Successfully updated service: type=_googlecast
04-09 15:39:14.261  3082  3082 I cast_shell: [3085:3085:INFO:virtual_device.cc(296)] Updated mDNS service for virtual device: id=3c434f4a-f7a0-4b30-37f9-046bc0a62436
04-09 15:39:14.261  3082  3082 I cast_shell: [3085:3085:INFO:mdns_manager_impl.cc(429)] Successfully updated service: type=_googlecast
04-09 15:39:14.261  3082  3082 I cast_shell: [3085:3085:INFO:virtual_device.cc(296)] Updated mDNS service for virtual device: id=3c434f4a-f7a0-4b30-37f9-046bc0a62436
04-09 15:39:14.261  2953  3162 I LibreCastControlDelegate: Active Applications -> 0
04-09 15:39:14.276  3082  3082 I cast_shell: [3085:3124:INFO:metrics_recorder.cc(282)] cast event: Cast.System.Timezone.ChangeSuccessful
04-09 15:39:14.313  3082  3082 I cast_shell: [3085:3124:INFO:ble_setup.cc(322)] Record action: Setup.save_wifi.BLE
04-09 15:39:14.314  3082  3082 I cast_shell: [3085:3124:INFO:wifi_controller_wpa_supplicant.cc(692)] Clear bssid from config for network id 0
04-09 15:39:14.317  3082  3082 I cast_shell: [3085:3124:INFO:setup_manager_impl.cc(1725)] Report action: Wifi.FirstConfigured
04-09 15:39:14.775  3082  3082 I cast_shell: [3085:3124:INFO:ble_setup.cc(789)] Missing required info for sign.
04-09 15:39:14.789  3082  3082 I cast_shell: [system_updater_dummy.cpp(139)] CheckUpdate 139
04-09 15:39:14.789  3082  3082 I cast_shell: [system_updater_dummy.cpp(148)] CheckUpdate 148 return
04-09 15:39:14.817  3082  3082 I cast_shell: [3085:3093:INFO:parent_tracker.cc(237)] Network changed
04-09 15:39:14.817  3082  3082 I cast_shell: [3085:3093:INFO:parent_tracker.cc(135)] Now using local address [PII](192.168.1.145)
04-09 15:39:14.817  3082  3082 I cast_shell: [3085:3093:INFO:directory_service_impl.cc(200)] This device became root
04-09 15:39:14.817  3082  3082 I cast_shell: [3085:3093:INFO:parent_tracker.cc(237)] Network changed
04-09 15:39:14.817  3082  3082 I cast_shell: [3085:3093:INFO:parent_tracker.cc(132)] No need to recreate socket
04-09 15:39:14.818  3082  3082 I cast_shell: [3085:3095:INFO:net_util_impl.cc(582)] IP address: [PII](192.168.1.1) MAC address: [PII](C8:B3:73:44:AE:ED)
04-09 15:39:14.818  3082  3082 I cast_shell: [3085:3095:INFO:local_network_info_impl.cc(346)] LNID changed:
04-09 15:39:14.818  3082  3082 I cast_shell: [3085:3085:INFO:ccs_manager_impl.cc(1789)] LNID has changed; Will re-register CCS
04-09 15:39:14.818  3082  3082 I cast_shell: [3085:3124:INFO:local_network_info_impl.cc(435)] LNID_W changed:
04-09 15:39:14.821  3082  3082 I cast_shell: [3085:3124:INFO:ble_setup.cc(915)] Sign related info completed, no future EurekaInfo need sign.
04-09 15:39:14.823  3082  3082 I cast_shell: [3085:3095:INFO:net_util_impl.cc(582)] IP address: [PII](192.168.1.1) MAC address: [PII](C8:B3:73:44:AE:ED)
04-09 15:39:15.069  3082  3082 I cast_shell: [3085:3134:INFO:mdns_app_filter.cc(1403)] MdnsAppFilter: Done probing.
04-09 15:39:15.362  3082  3082 I cast_shell: [3085:3124:INFO:metrics_recorder.cc(282)] Record action: Setup.state.BLE
04-09 15:39:15.522  3082  3082 I cast_shell: [3085:3085:INFO:lycra_gcm.cc(212)] Registered GCM handler
04-09 15:39:15.606  3082  3082 I cast_shell: [3085:3085:INFO:ccs_transport_gcm.cc(244)] Registered GCM handler
04-09 15:39:15.606  3082  3082 I cast_shell: [3085:3085:INFO:ccs_manager_impl.cc(1322)] Waiting for all transports to be enabled
04-09 15:39:15.701  3082  3082 I cast_shell: [3085:3121:INFO:snr_tracker.cc(50)] snr = 45
04-09 15:39:15.716  3082  3082 I cast_shell: [3085:3281:INFO:crl_downloader.cc(155)] CRL processed.
04-09 15:39:15.718  3082  3082 I cast_shell: [3085:3281:INFO:metrics_recorder.cc(282)] cast event: Cast.CRL.DownloadSuccess
04-09 15:39:15.720  3082  3082 I cast_shell: [3085:3281:INFO:client_auth_signer.cc(211)] Cast certificate verification: CastCertError::OK
04-09 15:39:15.721  3082  3082 I cast_shell: [3085:3281:INFO:metrics_recorder.cc(282)] cast event: Cast.Auth.OK
04-09 15:39:15.813  3082  3082 I cast_shell: [system_updater_dummy.cpp(139)] CheckUpdate 139
04-09 15:39:15.813  3082  3082 I cast_shell: [system_updater_dummy.cpp(148)] CheckUpdate 148 return
04-09 15:39:15.908  3082  3082 I cast_shell: [3085:3093:INFO:heartbeat_manager.cc(272)] Set HBInterval default: 1680000
04-09 15:39:15.909  3082  3082 I cast_shell: [3085:3085:INFO:gcm_manager.cc(233)] GCM connection established.
04-09 15:39:16.076  3082  3082 I cast_shell: [3085:3085:INFO:grpc_service_discovery_impl.cc(185)] Mdns discovered google RPC for [PII](1FC95B92FE103D77AED1DCCC0AF3D118).
04-09 15:39:16.397  3082  3082 I cast_shell: [3085:3124:INFO:metrics_recorder.cc(282)] Record action: Setup.state.BLE
04-09 15:39:16.454  3082  3082 I cast_shell: [3085:3135:INFO:metrics_recorder.cc(282)] Cast v2 action(socket_id=3c434f4a-f7a0-4b30-37f9-046bc0a62436.2): CastV2.Connection.Connect.In
04-09 15:39:16.454  3082  3082 I cast_shell: [3085:3085:INFO:application_config_manager_impl.cc(683)] No capability tags found for app ID CC1AD845: using default capability tags 0
04-09 15:39:16.454  3082  3082 I cast_shell: [3085:3085:INFO:application_config_manager_impl.cc(637)] Virtual device not enabled: [PII](3c434f4a-f7a0-4b30-37f9-046bc0a62436)
04-09 15:39:16.454  3082  3082 I cast_shell: [3085:3085:WARNING:application_config_manager_impl.cc(424)] App is not supported: id=CC1AD845
04-09 15:39:16.456  3082  3082 I cast_shell: [3085:3124:INFO:setup_namespace_handler.cc(94)] Added a peer for setup namespace: 3c434f4a-f7a0-4b30-37f9-046bc0a62436.2:gms_cast_prober-1
04-09 15:39:16.456  3082  3082 I cast_shell: [3085:3124:INFO:setup_state.cc(544)] EurekaInfoCalled: wifi_state=10, is_usable_ip_address=1, connected=1, is_initial_setup=0
04-09 15:39:16.637  3082  3082 I cast_shell: [3085:3085:INFO:mdns_util.cc(102)] Defaulting mDNS capabilities for audio-only build
04-09 15:39:16.638  3082  3082 I cast_shell: [3085:3085:INFO:mdns_util.cc(102)] Defaulting mDNS capabilities for audio-only build
04-09 15:39:16.675  3082  3082 I cast_shell: [3085:3124:INFO:setup_namespace_handler.cc(104)] Removed a peer for setup namespace: 3c434f4a-f7a0-4b30-37f9-046bc0a62436.2:gms_cast_prober-1
04-09 15:39:16.675  3082  3082 I cast_shell: [3085:3135:INFO:v2_ssl_socket.cc(358)] Stop reading on pending closed socket
04-09 15:39:16.837  3082  3082 I cast_shell: [system_updater_dummy.cpp(139)] CheckUpdate 139
04-09 15:39:16.837  3082  3082 I cast_shell: [system_updater_dummy.cpp(148)] CheckUpdate 148 return
04-09 15:39:16.864  3082  3082 I cast_shell: [3085:3085:INFO:config_downloader.cc(700)] Received Protobuf config response
04-09 15:39:16.888  3082  3082 I cast_shell: [3085:3085:INFO:application_manager_impl.cc(2024)] max_background_apps changed to: 1
04-09 15:39:16.888  3082  3082 I cast_shell: [3085:3085:ERROR:modular_update_manager_impl.cc(382)] No modular updater app ID can be found in device config.
04-09 15:39:16.898  3082  3082 I cast_shell: [3085:3085:INFO:ccs_settings.cc(262)] CcsSettings using CCS url https://clients5.google.com/cast/cloudcast/
04-09 15:39:16.920  3082  3082 I cast_shell: [3085:3085:INFO:application_config_manager_impl.cc(528)] Setting default remote control app ID: 1374D8AA
04-09 15:39:16.920  3082  3082 I cast_shell: [3085:3085:INFO:application_identification_settings.cc(410)] new ApplicationIdentificationSettings session_id: 7d175c98-8560-49f6-8300-8fa50653fb48 app_id: 38579375 flags: 7 headers: 512
04-09 15:39:16.920  3082  3082 I cast_shell: [3085:3085:WARNING:ccs_manager_impl.cc(1566)] Device does not have a weave device id
04-09 15:39:16.920  3082  3082 I cast_shell: [3085:3085:INFO:mdns_util.cc(102)] Defaulting mDNS capabilities for audio-only build
04-09 15:39:16.920  3082  3082 I cast_shell: [3085:3085:INFO:mdns_util.cc(102)] Defaulting mDNS capabilities for audio-only build
04-09 15:39:16.921  3082  3082 I cast_shell: [3085:3085:INFO:ccs_transport_https.cc(1203)] No cloud settings for register request
