04-09 15:22:39.392     0     0 I         : [    1.433422@0] registered taskstats version 1
04-09 15:22:39.392     0     0 W         : [    1.443032@0] dwc3 ff500000.dwc3: Configuration mismatch. dr_mode forced to host
04-09 15:22:39.392     0     0 I         : [    1.947679@0] xhci-hcd xhci-hcd.0.auto: xHCI Host Controller
04-09 15:22:39.392     0     0 I         : [    1.947739@0] xhci-hcd xhci-hcd.0.auto: new USB bus registered, assigned bus number 1
04-09 15:22:39.392     0     0 I         : [    1.948971@0] xhci-hcd xhci-hcd.0.auto: hcc params 0x0220f664 hci version 0x100 quirks 0x02010010
04-09 15:22:39.392     0     0 I         : [    1.949420@0] xhci-hcd xhci-hcd.0.auto: irq 27, io mem 0xff500000
04-09 15:22:39.392     0     0 I         : [    1.950882@1] hub 1-0:1.0: USB hub found
04-09 15:22:39.392     0     0 I         : [    1.950951@1] hub 1-0:1.0: 1 port detected
04-09 15:22:39.392     0     0 I         : [    1.951518@1] xhci-hcd xhci-hcd.0.auto: xHCI Host Controller
04-09 15:22:39.392     0     0 I         : [    1.951713@1] xhci-hcd xhci-hcd.0.auto: new USB bus registered, assigned bus number 2
04-09 15:22:39.392     0     0 I         : [    1.952590@1] usb usb2: We don't know the algorithms for LPM for this host, disabling LPM.
04-09 15:22:39.392     0     0 I         : [    1.954159@0] hub 2-0:1.0: USB hub found
04-09 15:22:39.392     0     0 E         : [    1.954222@0] hub 2-0:1.0: config failed, hub doesn't have any ports! (err -19)
04-09 15:22:39.392     0     0 E         : [    1.954821@0] usb usb2: Unsupported the hub
04-09 15:22:39.392     0     0 I         : [    1.955558@0] aml_vrtc rtc: setting system clock to 2022-04-09 09:52:36 UTC (1649497956)
04-09 15:22:39.392     0     0 D         : [    1.956423@0] dwc_otg ff400000.dwc2_a: dwc_otg_driver_probe(ffffffc01d650c00)
04-09 15:22:39.392     0     0 W [    1.956469@0] dwc_otg: usb0: type: 2 speed: 0, config: 0, dma: 0, id: 0, phy: ffe09000, ctrl: 0
04-09 15:22:39.392     0     0 D         : [    1.956816@0] dwc_otg ff400000.dwc2_a: base=0xffffff8008a40000
04-09 15:22:39.392     0     0 D         : [    1.956823@0] dwc_otg ff400000.dwc2_a: dwc_otg_device=0xffffffc01c10c400
04-09 15:22:39.392     0     0 W [    2.057238@0] dwc_otg: Core Release: 3.10a
04-09 15:22:39.392     0     0 W [    2.057274@0] dwc_otg: Setting default values for core params
04-09 15:22:39.392     0     0 W [    2.057689@0] dwc_otg: curmode: 0, host_only: 0
04-09 15:22:39.392     0     0 D         : [    2.058145@0] dwc_otg ff400000.dwc2_a: DMA config: BURST_DEFAULT
04-09 15:22:39.392     0     0 W [    2.070454@0] dwc_otg: Using Buffer DMA mode
04-09 15:22:39.392     0     0 W [    2.070480@0] dwc_otg: OTG VER PARAM: 1, OTG VER FLAG: 1
04-09 15:22:39.392     0     0 W [    2.070855@0] dwc_otg: Working on port type = SLAVE
04-09 15:22:39.392     0     0 W [    2.071341@0] dwc_otg: Dedicated Tx FIFOs mode
04-09 15:22:39.392     0     0 I [    2.073725@0] input: adc_keypad as /devices/platform/adc_keypad/input/input1
04-09 15:22:39.392     0     0 I         : [    2.075563@3] cpucore_cooling_register, max_cpu_core_num:4
04-09 15:22:39.392     0     0 I [    2.081988@0] gxbb_pm: enter meson_pm_probe!
04-09 15:22:39.392     0     0 I         : [    2.082028@0] no vddio3v3_en pin
04-09 15:22:39.392     0     0 E         : [    2.082187@0] pm-meson aml_pm: Can't get switch_clk81
04-09 15:22:39.392     0     0 I [    2.082709@0] gxbb_pm: meson_pm_probe done
04-09 15:22:39.392     0     0 I         : [    2.083441@0] ALSA device list:
04-09 15:22:39.392     0     0 I [    2.083467@0]   #0: AML-AUGESOUND
04-09 15:22:39.392     0     0 I         : [    2.084005@0] meson_uart ff804000.serial: ttyS3 use xtal(8M) 24000000 change 115200 to 115200
04-09 15:22:39.392     0     0 I         : [    2.089981@0] Freeing unused kernel memory: 6080K
04-09 15:22:39.392     0     0 I [    2.304635@3] ubi0: attaching mtd6
04-09 15:22:39.392     0     0 I [    2.514681@3] ubi0: scanning is finished
04-09 15:22:39.392     0     0 I [    2.518769@0] ubi0: attached mtd6 (name "system", size 100 MiB)
04-09 15:22:39.392     0     0 I [    2.519060@0] ubi0: PEB size: 262144 bytes (256 KiB), LEB size: 253952 bytes
04-09 15:22:39.392     0     0 I [    2.526067@0] ubi0: min./max. I/O unit sizes: 4096/4096, sub-page size 4096
04-09 15:22:39.392     0     0 I [    2.532958@0] ubi0: VID header offset: 4096 (aligned 4096), data offset: 8192
04-09 15:22:39.392     0     0 I [    2.540020@0] ubi0: good PEBs: 400, bad PEBs: 0, corrupted PEBs: 0
04-09 15:22:39.392     0     0 I [    2.546149@0] ubi0: user volume: 1, internal volumes: 1, max. volumes count: 128
04-09 15:22:39.392     0     0 I [    2.553517@0] ubi0: max/mean erase counter: 37/25, WL threshold: 4096, image sequence number: 736763309
04-09 15:22:39.392     0     0 I [    2.562795@0] ubi0: available PEBs: 0, total reserved PEBs: 400, PEBs reserved for bad PEB handling: 40
04-09 15:22:39.392     0     0 I [    2.572117@2] ubi0: background thread "ubi_bgt0d" started, PID 2141
04-09 15:22:39.392     0     0 I         : [    2.577840@1] UBIFS (ubi0:0): background thread "ubifs_bgt0_0" started, PID 2144
04-09 15:22:39.392     0     0 I         : [    2.623733@3] UBIFS (ubi0:0): UBIFS: mounted UBI device 0, volume 0, name "rootfs"
04-09 15:22:39.392     0     0 I         : [    2.625696@3] UBIFS (ubi0:0): LEB size: 253952 bytes (248 KiB), min./max. I/O unit sizes: 4096 bytes/4096 bytes
04-09 15:22:39.392     0     0 I         : [    2.635785@3] UBIFS (ubi0:0): FS size: 87867392 bytes (83 MiB, 346 LEBs), journal size 9404416 bytes (8 MiB, 38 LEBs)
04-09 15:22:39.392     0     0 I         : [    2.646189@3] UBIFS (ubi0:0): reserved for root: 0 bytes (0 KiB)
04-09 15:22:39.392     0     0 I         : [    2.652140@3] UBIFS (ubi0:0): media format: w4/r0 (latest is w4/r0), UUID DC99A6D8-69BA-4DD7-9E44-726260A6E747, small LPT model
04-09 15:22:39.392     0     0 I [    2.912929@1] init: property init
04-09 15:22:39.392     0     0 I [    2.913657@1] init: reading config file
04-09 15:22:39.392     0     0 I [    2.920430@1] init: processing action 0xaad8b808 (boot_start)
04-09 15:22:39.392     0     0 I [    2.928243@1] init: command 'boot_start' r=0
04-09 15:22:39.392     0     0 I [    2.929289@1] init: processing action 0xaad876b0 (early-init)
04-09 15:22:39.392     0     0 I [    2.933976@1] init: starting 'ueventd'
04-09 15:22:39.392     0     0 I [    2.937316@1] init: command 'start' r=0
04-09 15:22:39.392     0     0 I [    2.940196@1] init: command 'loglevel' r=0
04-09 15:22:39.392     0     0 I [    2.945076@1] init: command 'mount' r=0
04-09 15:22:39.392     0     0 I [    2.946702@0] init: starting ueventd
04-09 15:22:39.392     0     0 I [    2.947465@0] init: /sys/ rule /sys/devices/virtual/input/input* enable
04-09 15:22:39.392     0     0 I [    2.947476@0] init: /sys/ rule /sys/devices/virtual/input/input* poll_delay
04-09 15:22:39.393     0     0 I [    2.947485@0] init: /sys/ rule /sys/devices/virtual/usb_composite/* enable
04-09 15:22:39.393     0     0 I [    2.953159@0] init: adding platform device ffd0f0d0.watchdog
04-09 15:22:39.393     0     0 I [    2.953563@0] init: adding platform device reg-dummy
04-09 15:22:39.393     0     0 I [    2.954194@0] init: adding platform device cpu_iomap
04-09 15:22:39.393     0     0 I [    2.954492@0] init: adding platform device 7400000.ramoops
04-09 15:22:39.393     0     0 I [    2.954757@0] init: adding platform device bt-dev
04-09 15:22:39.393     0     0 I [    2.955345@0] init: adding platform device dummy
04-09 15:22:39.393     0     0 I [    3.002704@1] init: command 'mount' r=0
04-09 15:22:39.393     0     0 I [    3.206669@0] ubi1: attaching mtd7
04-09 15:22:39.393     0     0 I [    3.500468@0] ubi1: scanning is finished
04-09 15:22:39.393     0     0 I [    3.504793@3] ubi1: attached mtd7 (name "chrome", size 140 MiB)
04-09 15:22:39.393     0     0 I [    3.505078@3] ubi1: PEB size: 262144 bytes (256 KiB), LEB size: 253952 bytes
04-09 15:22:39.393     0     0 I [    3.512089@3] ubi1: min./max. I/O unit sizes: 4096/4096, sub-page size 4096
04-09 15:22:39.393     0     0 I [    3.518975@3] ubi1: VID header offset: 4096 (aligned 4096), data offset: 8192
04-09 15:22:39.393     0     0 I [    3.526039@3] ubi1: good PEBs: 560, bad PEBs: 0, corrupted PEBs: 0
04-09 15:22:39.393     0     0 I [    3.532273@3] ubi1: user volume: 1, internal volumes: 1, max. volumes count: 128
04-09 15:22:39.393     0     0 I [    3.539499@3] ubi1: max/mean erase counter: 35/26, WL threshold: 4096, image sequence number: 1458511589
04-09 15:22:39.393     0     0 I [    3.548900@3] ubi1: available PEBs: 0, total reserved PEBs: 560, PEBs reserved for bad PEB handling: 40
04-09 15:22:39.393     0     0 I [    3.558222@1] ubi1: background thread "ubi_bgt1d" started, PID 2553
04-09 15:22:39.393     0     0 I         : [    3.572845@3] UBIFS (ubi1:0): background thread "ubifs_bgt1_0" started, PID 2557
04-09 15:22:39.393     0     0 I         : [    3.599670@0] UBIFS (ubi1:0): recovery needed
04-09 15:22:39.393     0     0 I         : [    3.634476@2] UBIFS (ubi1:0): recovery completed
04-09 15:22:39.393     0     0 I         : [    3.634646@2] UBIFS (ubi1:0): UBIFS: mounted UBI device 1, volume 0, name "chrome"
04-09 15:22:39.393     0     0 I         : [    3.640994@2] UBIFS (ubi1:0): LEB size: 253952 bytes (248 KiB), min./max. I/O unit sizes: 4096 bytes/4096 bytes
04-09 15:22:39.393     0     0 I         : [    3.650984@2] UBIFS (ubi1:0): FS size: 128499712 bytes (122 MiB, 506 LEBs), journal size 9404416 bytes (8 MiB, 38 LEBs)
04-09 15:22:39.393     0     0 I         : [    3.661675@2] UBIFS (ubi1:0): reserved for root: 0 bytes (0 KiB)
04-09 15:22:39.393     0     0 I         : [    3.667630@2] UBIFS (ubi1:0): media format: w4/r0 (latest is w4/r0), UUID 3D7B4A1D-6849-462E-B889-C151DCC94211, small LPT model
04-09 15:22:39.393     0     0 I [    3.710914@0] ubi2: attaching mtd8
04-09 15:22:39.393     0     0 I         : [    3.877329@0]  NAND bbt detect factory Bad block at 17a40000
04-09 15:22:39.393     0     0 I         : [    3.888940@0]  NAND bbt detect factory Bad block at 18000000
04-09 15:22:39.393     0     0 I         : [    3.889000@0]  NAND bbt detect factory Bad block at 18040000
04-09 15:22:39.393     0     0 I [    4.161856@0] ubi2: scanning is finished
04-09 15:22:39.393     0     0 I [    4.166316@1] ubi2: attached mtd8 (name "data", size 213 MiB)
04-09 15:22:39.393     0     0 I [    4.166435@1] ubi2: PEB size: 262144 bytes (256 KiB), LEB size: 253952 bytes
04-09 15:22:39.393     0     0 I [    4.173483@1] ubi2: min./max. I/O unit sizes: 4096/4096, sub-page size 4096
04-09 15:22:39.393     0     0 I [    4.180335@1] ubi2: VID header offset: 4096 (aligned 4096), data offset: 8192
04-09 15:22:39.393     0     0 I [    4.187396@1] ubi2: good PEBs: 849, bad PEBs: 3, corrupted PEBs: 0
04-09 15:22:39.393     0     0 I [    4.193523@1] ubi2: user volume: 2, internal volumes: 1, max. volumes count: 128
04-09 15:22:39.393     0     0 I [    4.200852@1] ubi2: max/mean erase counter: 71/48, WL threshold: 4096, image sequence number: 1018457084
04-09 15:22:39.393     0     0 I [    4.210255@1] ubi2: available PEBs: 0, total reserved PEBs: 849, PEBs reserved for bad PEB handling: 37
04-09 15:22:39.393     0     0 I [    4.219580@0] ubi2: background thread "ubi_bgt2d" started, PID 2565
04-09 15:22:39.393     0     0 I         : [    4.233433@3] UBIFS (ubi2:0): background thread "ubifs_bgt2_0" started, PID 2568
04-09 15:22:39.393     0     0 I         : [    4.259838@2] UBIFS (ubi2:0): recovery needed
04-09 15:22:39.393     0     0 I         : [    4.335349@0] UBIFS (ubi2:0): recovery completed
04-09 15:22:39.393     0     0 I         : [    4.335540@0] UBIFS (ubi2:0): UBIFS: mounted UBI device 2, volume 0, name "factory"
04-09 15:22:39.393     0     0 I         : [    4.341962@0] UBIFS (ubi2:0): LEB size: 253952 bytes (248 KiB), min./max. I/O unit sizes: 4096 bytes/4096 bytes
04-09 15:22:39.393     0     0 I         : [    4.351985@0] UBIFS (ubi2:0): FS size: 10158080 bytes (9 MiB, 40 LEBs), journal size 2285569 bytes (2 MiB, 9 LEBs)
04-09 15:22:39.393     0     0 I         : [    4.362208@0] UBIFS (ubi2:0): reserved for root: 0 bytes (0 KiB)
04-09 15:22:39.393     0     0 I         : [    4.368169@0] UBIFS (ubi2:0): media format: w4/r0 (latest is w4/r0), UUID AD7DC8BC-6ACA-4841-8B12-7A54B54F57E7, small LPT model
04-09 15:22:39.393     0     0 I         : [    4.391764@3] UBIFS (ubi2:1): background thread "ubifs_bgt2_1" started, PID 2571
04-09 15:22:39.393     0     0 I         : [    4.417762@2] UBIFS (ubi2:1): recovery needed
04-09 15:22:39.393     0     0 I         : [    4.498895@0] UBIFS (ubi2:1): recovery completed
04-09 15:22:39.393     0     0 I         : [    4.499056@0] UBIFS (ubi2:1): UBIFS: mounted UBI device 2, volume 1, name "data"
04-09 15:22:39.393     0     0 I         : [    4.505251@0] UBIFS (ubi2:1): LEB size: 253952 bytes (248 KiB), min./max. I/O unit sizes: 4096 bytes/4096 bytes
04-09 15:22:39.393     0     0 I         : [    4.515235@0] UBIFS (ubi2:1): FS size: 189956096 bytes (181 MiB, 748 LEBs), journal size 9404416 bytes (8 MiB, 38 LEBs)
04-09 15:22:39.393     0     0 I         : [    4.525927@0] UBIFS (ubi2:1): reserved for root: 0 bytes (0 KiB)
04-09 15:22:39.393     0     0 I         : [    4.531879@0] UBIFS (ubi2:1): media format: w4/r0 (latest is w4/r0), UUID 34A475AE-5814-4337-8EB7-8868427E3B0E, small LPT model
04-09 15:22:39.393     0     0 I         : [    4.769793@3] aml_wifi wifi: [usb_power_control] Set WiFi power down
04-09 15:22:39.393     0     0 I [    4.770512@3] meson-mmc: [sdio_notify] finish
04-09 15:22:39.393     0     0 I         : [    4.774872@3] aml_wifi wifi: [wifi_power_ioctl] ioctl Set sdio wifi power down!
04-09 15:22:39.393     0     0 I         : [    4.778492@0] UBIFS (ubi0:0): background thread "ubifs_bgt0_0" stops
04-09 15:22:40.460  2584  2584 E         : found the match wifi is: sd8887
04-09 15:22:40.460  2584  2584 E         : wifi_insmod command:insmod /lib/modules/4.9.113/kernel/mrvl/mlan8887.ko 
--------- beginning of system
04-09 15:22:40.504  2604  2604 I wpa_supplicant: Successfully initialized wpa_supplicant
04-09 15:22:40.531  2604  2604 E wpa_supplicant: Could not read interface wlan0 flags: No such device
04-09 15:22:40.534  2604  2604 I wpa_supplicant: nl80211: Driver does not support authentication/association or connect commands
04-09 15:22:40.536  2604  2604 I wpa_supplicant: nl80211: deinit ifname=wlan0 disabled_11b_rates=0
04-09 15:22:40.537  2604  2604 E wpa_supplicant: Could not read interface wlan0 flags: No such device
04-09 15:22:40.541  2604  2604 E wpa_supplicant: wlan0: Failed to initialize driver interface
04-09 15:22:40.627  2584  2584 E         : wifi_insmod command:insmod /lib/modules/4.9.113/kernel/mrvl/sd8xxx.ko cal_data_cfg=mrvl/WlanCalData_ext_LS9x_291119.conf txpwrlimit_cfg=mrvl/txpwrlimit_cfg_8887.bin fw_name=mrvl/sd8887_wlan_a2_p59.bin cfg80211_wext=0xf host_mlme=1 auto_ds=2 fw_serial=1 sta_name="wlan" uap_name="p2p" ps_mode=2 max_uap_bss=2 drvdbg=0x7 reg_alpha2="00"
04-09 15:22:41.759  2584  2584 E         : Load BT driver
04-09 15:22:41.759  2584  2584 E         : found the match wifi is: (null)
04-09 15:22:41.759  2584  2584 E         : wifi_insmod command:insmod /lib/modules/4.9.113/kernel/mrvl/bt8xxx.ko fw_name=mrvl/sd8887_bt_a2_p59.bin bt_fw_serial=0
04-09 15:22:41.867  2689  2689 W sshd    : Failed loading /etc/dropbear/dropbear_rsa_host_key
04-09 15:22:41.868  2689  2689 W sshd    : Failed loading /etc/dropbear/dropbear_dss_host_key
04-09 15:22:41.868  2689  2689 W sshd    : Failed loading /etc/dropbear/dropbear_ecdsa_host_key
04-09 15:22:41.872  2689  2689 I sshd    : Not backgrounding
04-09 15:22:41.907  2697  2697 E writeSerialNo: Writing serial number to unifykey
04-09 15:22:41.931  2691  2691 I sh      : FACTEST:unifykey read success:20 20
04-09 15:22:41.932  2691  2691 I sh      : inbuf=de4f95ffa64d5e74b026  ret=20 serial.txt=de4f95ffa64d5e74b026 bytesread=20 strcmp=0
04-09 15:22:41.938  2696  2696 I ServiceManager: Waiting for service libre.EnvItems...
04-09 15:22:41.976  2698  2698 I ENV     : init 
04-09 15:22:41.977  2698  2698 I ENV     :  First boot 
04-09 15:22:41.977  2698  2698 E ENV     : fileExists:153 /lsync/env/env.db does not exist
04-09 15:22:41.983  2698  2698 D AVS_SDK :  [  1] I sdkVersion: 1.19.1
04-09 15:22:41.983  2698  2698 E ENV     :  FAILED to open:/lsync/env/tmp.db 
04-09 15:22:41.984  2698  2698 I ENV     : removeItem:79:/lsync/env/tmp.db not found
04-09 15:22:41.985  2698  2698 E ENV     : /lsync/env/env.db does not Exist.. tempStorage = 0
04-09 15:22:41.985  2698  2698 I ENV     : createUserDBFromFactoryCfg 
04-09 15:22:41.992  2698  2698 I ENV     : Using /factory/custom/factoryEnv.conf as conf file
04-09 15:22:41.992  2698  2698 I ENV     : removeItem:79:/lsync/env/env.db not found
04-09 15:22:41.992  2698  2698 E ENV     : Error removing /lsync/env/env.db
04-09 15:22:42.055  2698  2698 E ENV     : createUserDBFromFactoryCfg:307: tempStorage is undefined
04-09 15:22:42.056  2698  2698 I ENV     : Using /factory/custom/factoryEnv.conf and /lsync/env/env.db as conf and db file
04-09 15:22:42.056  2698  2698 I ENV     : init 
04-09 15:22:42.056  2698  2698 I ENV     :  First boot 
04-09 15:22:42.056  2698  2698 I ENV     : fileExists:151 /lsync/env/env.db exists
04-09 15:22:42.058  2698  2698 I ENV     : Copied /lsync/env/env.db to /lsync/env/tmp.db
04-09 15:22:42.059  2698  2698 E ENV     : /lsync/env/env.db does not Exist.. tempStorage = acf81db0
04-09 15:22:42.059  2698  2698 I ENV     : createUserDBFromFactoryCfg 
04-09 15:22:42.061  2698  2698 I ENV     : Using /factory/custom/factoryEnv.conf as conf file
04-09 15:22:42.061  2698  2698 I ENV     : removeItem:74:/lsync/env/env.db removed
04-09 15:22:42.062  2698  2698 I ENV     : Removed /lsync/env/env.db
04-09 15:22:42.074  2698  2698 E ENV     : createUserDBFromFactoryCfg:301: Failed at tempStorage->get_changed
04-09 15:22:42.465  2698  2698 I chatty  : uid=0(root) env_service identical 64 lines
04-09 15:22:42.471  2698  2698 E ENV     : createUserDBFromFactoryCfg:301: Failed at tempStorage->get_changed
04-09 15:22:42.473  2698  2698 E AVS_SDK :  [  1] E SQLiteStatement:SQLiteStatement::stepFailed::Executing the select did not generate a row or complete.:result=19
04-09 15:22:42.473  2698  2698 E AVS_SDK :  [  1] E SQLiteStatement:SQLiteStatement::finalizeFailed::Could release the prepared statement.:rcode=19
04-09 15:22:42.473  2698  2698 E ENV     : createUserDBFromFactoryCfg:286: Failed at m_miscStorage->put
04-09 15:22:42.479  2698  2698 E ENV     : createUserDBFromFactoryCfg:301: Failed at tempStorage->get_changed
04-09 15:22:42.663  2698  2698 I chatty  : uid=0(root) env_service identical 29 lines
04-09 15:22:42.669  2698  2698 E ENV     : createUserDBFromFactoryCfg:301: Failed at tempStorage->get_changed
04-09 15:22:42.670  2698  2698 I ENV     : Using /factory/custom/factoryEnv.conf and /lsync/env/env.db as conf and db file
04-09 15:22:42.670  2698  2698 I ENV     : fileExists:151 /lsync/env/env_bk.db exists
04-09 15:22:42.671  2698  2698 I ENV     : fileExists:151 /factory/custom/factoryEnv_bk.conf exists
04-09 15:22:42.671  2698  2698 I ENV     : removeItem:74:/lsync/env/tmp.db removed
04-09 15:22:44.914  2710  2710 I wpa_supplicant: Successfully initialized wpa_supplicant
04-09 15:22:44.925  2710  2710 I wpa_supplicant: rfkill: Cannot open RFKILL control device
04-09 15:22:44.948  2712  2712 E LUCI_FACTORY: LUCIFactory::registerBuiltinFactories
04-09 15:22:44.969  2712  2712 E LUCI_SERVER: IP = 0
04-09 15:22:44.977  2713  2713 I main_sourceswitch: ServiceManager: 0xac43cf88
04-09 15:22:44.985  2713  2713 E luci_helper: LUCIHelper: Waiting for Module Init
04-09 15:22:44.985  2713  2713 E luci_helper: LUCIHelper: Waiting for Module Init
04-09 15:22:45.005  2711  2711 E luci_helper: LUCIHelper: Waiting for Module Init
04-09 15:22:45.006  2711  2711 E luci_helper: LUCIHelper: Waiting for Module Init
04-09 15:22:45.007  2711  2711 E yani_server: YaniServer FAILED TO GET LuciHelper
04-09 15:22:45.019  2691  2691 I sh      : Simple mixer control 'Master',0
04-09 15:22:45.020  2691  2691 I sh      :   Capabilities: volume pswitch pswitch-joined
04-09 15:22:45.020  2691  2691 I sh      :   Playback channels: Front Left - Front Right
04-09 15:22:45.020  2691  2691 I sh      :   Capture channels: Front Left - Front Right
04-09 15:22:45.020  2691  2691 I sh      :   Limits: 0 - 100
04-09 15:22:45.047  2691  2691 I sh      :   Front Left: 30 [30%] [-10.45dB] Playback [on]
04-09 15:22:45.047  2691  2691 I sh      :   Front Right: 30 [30%] [-10.45dB] Playback [on]
04-09 15:22:45.051  2712  2712 E luciUART: bufff write ? = 1 
04-09 15:22:45.053  2712  2712 E luciUART: tcsetattr succeed
04-09 15:22:45.054  2712  2721 E LUCI_SERVER: Luci Server Thread waiting for packets....
04-09 15:22:45.069  2710  2710 I wpa_supplicant: MPM: Debug Dialog Token initialized 3126509843 (0xba5ac113)
04-09 15:22:45.077  2710  2710 I wpa_supplicant: wlan0: CTRL-EVENT-REGDOM-CHANGE init=USER type=COUNTRY alpha2=US
04-09 15:22:45.147  2709  2709 I         : [0409/025245.146328:INFO:cast_auth_check.cc(163)] Cast auth test is successful.
04-09 15:22:45.471  2711  2723 E yani_kernel: Interface status 0
04-09 15:22:45.478  2711  2723 I yani_kernel: set_device_name() Interface 'wlan0' MAC Address 'cc:90:93:21:f3:84' FriendlyName 'Lyric Speaker Box 21f384' status '0'
04-09 15:22:45.479  2711  2723 I yani_server: First boot after Factory reset! Friendly Name modified Lyric Speaker Box  -> Lyric Speaker Box 21f384
04-09 15:22:45.485  2712  2712 I lucitransport: writeRemoteMessage() MID = 90 buffer = Lyric Speaker Box 21f384
04-09 15:22:45.485  2712  2712 I luciUART: write() MID = 90  bytes = 34 data = Lyric Speaker Box 21f384 m_fd = 0x6
04-09 15:22:45.485  2712  2712 I lucitransport: writeLocalMessage() MID = 90 buffer = Lyric Speaker Box 21f384
04-09 15:22:45.485  2712  2721 E LUCI_SERVER: Luci Server Thread wait over MID 90....
04-09 15:22:45.487  2711  2723 E yani_server: Device Supports CastSetup 1
04-09 15:22:45.487  2711  2723 I yani_kernel: yani_init_net() Success Netlink socket fd 6
04-09 15:22:45.490  2711  2723 E WifiHW  : wifi_start_supplicant
04-09 15:22:45.490  2711  2723 E WifiHW  : wifi_start_ctl.start : wpa_supplicant
04-09 15:22:45.515  2712  2721 E LUCI_SERVER: Luci Server Thread waiting for packets....
04-09 15:22:45.692  2711  2723 E WifiHW  : wifi_connect_to_supplicant : wlan0
04-09 15:22:45.692  2711  2723 E WifiHW  : wifi_connect_on_socket_path1 : wlan0
04-09 15:22:45.694  2711  2723 E yani_wifi: enable_disable_net_if() Failed SIOCGIFFLAGS for interface 'wlan1' enable '0'
04-09 15:22:45.699  2711  2723 I yani_wifi: configure_wifi() SSID '' security '' passphrase '********' Country 'US'
04-09 15:22:46.920  2691  2691 I sh      : LSDeviceService: not found
04-09 15:22:47.008  2728  2728 E         :  Start MessageBox Handler 
04-09 15:22:47.014  2731  2731 I NetMgr  : Net_Mgr starting
04-09 15:22:47.021  2729  2729 E UIModeManager: UIModeManager Constructor ++
04-09 15:22:47.024  2731  2731 I HotspotManager: Default WiFi Interface : wlan0
04-09 15:22:47.031  2728  2740 E MB_HANDLER: HOST present 1
04-09 15:22:47.039  2728  2740 E MB_HANDLER:  REGISTERED YANI LISTENER IN MessageBoxHandler
04-09 15:22:47.040  2728  2740 E         : External Host present 1
04-09 15:22:47.040  2728  2740 E MB_HANDLER: REGISTERED ExternalSource IN MessageBoxHandler
04-09 15:22:47.042  2731  2731 I NetworkMonitor: WiFi Interface : wlan0
04-09 15:22:47.042  2731  2731 I NetworkMonitor: Default WiFi Interface : wlan0
04-09 15:22:47.043  2731  2744 I NetworkMonitor: Start monitor thread
04-09 15:22:47.043  2729  2729 I AirableUIHelper: AirableUIHelper Contructor 
04-09 15:22:47.045  2729  2729 E AirableUIHelper:  Airable ENV_AirableBaseURL_ID Envitem returned failed!!!
04-09 15:22:47.047  2729  2729 E AirableUIHelper:  Airable ENV_AirableSecret_ID Envitem returned failed!!!
04-09 15:22:47.047  2729  2729 E AirableUIHelper: Airable Secret =  
04-09 15:22:47.050  2735  2735 E dhcpcd  : eth0: interface not found or invalid
04-09 15:22:47.051  2728  2740 E MB_HANDLER: Check Device Support ENV_CastSetup true ENV_GoogleCast_ID true 
04-09 15:22:47.051  2712  2712 I lucitransport: readRemoteMessage() MID char = 43689 buffer = 1
04-09 15:22:47.051  2712  2712 I lucitransport: writeRemoteMessage() MID = 43690 buffer = ªªªªª
04-09 15:22:47.052  2712  2712 I luciUART: write() MID = 43690  bytes = 15 data = ªªªªª m_fd = 0x6
04-09 15:22:47.052  2728  2740 E MB_HANDLER: LUCI UART READY MSG!!
04-09 15:22:47.052  2728  2740 E MB_HANDLER: Set Default Network Status on Bootup 0#1,0#2,0#3,0#4,0!
04-09 15:22:47.052  2712  2712 I lucitransport: writeRemoteMessage() MID = 124 buffer = 0#1,0#2,0#3,0#4,0
04-09 15:22:47.072  2712  2712 I lucitransport: readRemoteMessage() MID char = 91 buffer = (null)
04-09 15:22:47.072  2735  2735 D dhcpcd  : wlan0: adding address fe80::ce90:93ff:fe21:f384
04-09 15:22:47.073  2712  2721 I luciUART: write() MID = 91  bytes = 10 data =  m_fd = 0x6
04-09 15:22:47.081  2728  2740 E MB_HANDLER: MacAddress :CC:90:93:21:F3:84
04-09 15:22:47.081  2712  2712 I lucitransport: writeRemoteMessage() MID = 91 buffer = CC:90:93:21:F3:84
04-09 15:22:47.081  2712  2712 I luciUART: write() MID = 91  bytes = 27 data = CC:90:93:21:F3:84 m_fd = 0x6
04-09 15:22:47.081  2728  2740 E MB_HANDLER: Message Handler Thread waiting for messages....
04-09 15:22:47.091  2712  2720 E luciUART: UART:aa
04-09 15:22:47.092  2712  2720 E luciUART: UART:aa
04-09 15:22:47.092  2712  2720 E luciUART: UART:2
04-09 15:22:47.092  2712  2720 E luciUART: UART:0
04-09 15:22:47.092  2712  2720 E luciUART: UART:6
04-09 15:22:47.092  2712  2720 E luciUART: UART:0
04-09 15:22:47.092  2712  2720 I chatty  : uid=0(root) UARTLUCIControl identical 2 lines
04-09 15:22:47.092  2712  2720 E luciUART: UART:0
04-09 15:22:47.092  2712  2720 E luciUART: UART:4
04-09 15:22:47.092  2712  2720 I luciUART: read() RemoteID = 43690 Command = 6 Type = 2 Status = 0 DataLen = 4
04-09 15:22:47.097  2712  2720 E luciUART: UART:77
04-09 15:22:47.097  2712  2720 I luciUART: Previous Packet read contd., 
04-09 15:22:47.097  2712  2720 E luciUART: UART:6e
04-09 15:22:47.097  2712  2720 I luciUART: Previous Packet read contd., 
04-09 15:22:47.097  2712  2720 E luciUART: UART:6c
04-09 15:22:47.097  2712  2720 I luciUART: Previous Packet read contd., 
04-09 15:22:47.097  2712  2720 E luciUART: UART:6f
04-09 15:22:47.097  2712  2720 I luciUART: Previous Packet read contd., 
04-09 15:22:47.097  2712  2720 E luciUART: UART:61
04-09 15:22:47.097  2712  2720 I luciUART: Previous Packet read contd., 
04-09 15:22:47.107  2712  2721 I luciUART: write() MID = 208  bytes = 67 data = fwdownload_xml:https://openotaengine.libreiotcloud.com/v1 m_fd = 0x6
04-09 15:22:47.107  2712  2721 E LUCI_SERVER: NV_READ response= fwdownload_xml:https://openotaengine.libreiotcloud.com/v1
04-09 15:22:47.107  2712  2721 E LUCI_SERVER: Luci Server Thread waiting for packets....
04-09 15:22:47.107  2728  2740 E MB_HANDLER: Message Handler Thread waiting for messages....
04-09 15:22:47.114  2733  2733 I bt_btif : init
04-09 15:22:47.116  2733  2733 D bt_osi_allocation_tracker: canary initialized
04-09 15:22:47.119  2733  2759 I bt_osi_thread: run_thread: thread id 2759, thread name stack_manager started
04-09 15:22:47.120  2733  2759 I bt_stack_manager: event_init_stack is initializing the stack
04-09 15:22:47.126  2733  2759 E bt_osi_config: config_new unable to open file '/data/misc/bluedroid/bt_config.conf': No such file or directory
04-09 15:22:47.126  2733  2759 W bt_btif_config: init unable to load config file: /data/misc/bluedroid/bt_config.conf; using backup.
04-09 15:22:47.126  2733  2759 E bt_osi_config: config_new unable to open file '/data/misc/bluedroid/bt_config.bak': No such file or directory
04-09 15:22:47.126  2733  2759 W bt_btif_config: init unable to load backup; attempting to transcode legacy file.
04-09 15:22:47.128  2733  2759 E bt_btif_config_transcode: btif_config_transcode unable to load XML file '/data/misc/bluedroid/bt_config.xml': 3
04-09 15:22:47.129  2733  2759 E bt_btif_config: init unable to transcode legacy file; creating empty config.
04-09 15:22:47.129  2733  2762 I bt_osi_thread: run_thread: thread id 2762, thread name alarm_default_ca started
04-09 15:22:47.130  2733  2763 I bt_osi_thread: run_thread: thread id 2763, thread name alarm_dispatcher started
04-09 15:22:47.133  2733  2759 I bt_btif_core: btif_init_bluetooth entered
04-09 15:22:47.136  2733  2759 I bt_stack_config: init attempt to load stack conf from /etc/bluetooth/bt_stack.conf
04-09 15:22:47.138  2733  2766 I bt_osi_thread: run_thread: thread id 2766, thread name bt_jni_workqueue started
04-09 15:22:47.138  2733  2759 I bt_btif_core: btif_init_bluetooth finished
04-09 15:22:47.138  2733  2759 I bt_stack_manager: event_init_stack finished
04-09 15:22:47.139  2733  2733 I bt_osi_wakelock: wakelock_set_os_callouts set to non-native
04-09 15:22:47.139  2733  2766 I bt_btif_core: run_message_loop entered
04-09 15:22:47.141  2733  2733 I bt_btif : get_profile_interface: id = gatt
04-09 15:22:47.147  2733  2733 I bt_btif : get_profile_interface: id = a2dp
04-09 15:22:47.148  2733  2733 I bt_btif : get_profile_interface: id = a2dp_sink
04-09 15:22:47.157  2733  2770 I bt_osi_thread: run_thread: thread id 2770, thread name btif_a2dp_sink_w started
04-09 15:22:47.164  2733  2733 D a2dp_codec: init
04-09 15:22:47.166  2733  2733 D a2dp_codec: createCodec: codec SBC
04-09 15:22:47.169  2731  2745 E CommandListener: Message not handled: unrecognized interface usb0
04-09 15:22:47.169  2731  2745 W FrameworkListener: Handler 'Iface' error (Success)
04-09 15:22:47.169  2731  2745 E CommandListener: Message not handled: unrecognized interface usb0
04-09 15:22:47.169  2731  2745 W FrameworkListener: Handler 'Iface' error (Success)
04-09 15:22:47.171  2733  2733 D a2dp_codec: createCodec: codec AAC
04-09 15:22:47.172  2733  2733 D a2dp_codec: createCodec: codec aptX
04-09 15:22:47.172  2733  2733 E a2dp_vendor_aptx_encoder: A2DP_VendorLoadEncoderAptx: cannot open aptX encoder library libaptX_encoder.so: libaptX_encoder.so: cannot open shared object file: No such file or directory
04-09 15:22:47.172  2733  2733 E a2dp_vendor_aptx: init: cannot load the encoder
04-09 15:22:47.175  2733  2766 E bt_btif : btif_sm_dispatch : Invalid handle
04-09 15:22:47.176  2733  2733 I bt_btif : get_profile_interface: id = avrcp
04-09 15:22:47.177  2733  2733 I bt_btif : get_profile_interface: id = avrcp_ctrl
04-09 15:22:47.177  2733  2733 I bt_btif : get_profile_interface: id = hidhost
04-09 15:22:47.188  2731  2745 E CommandListener: Message not handled: unrecognized interface usb0
04-09 15:22:47.188  2731  2745 W FrameworkListener: Handler 'Iface' error (Success)
04-09 15:22:47.188  2731  2745 E CommandListener: Message not handled: unrecognized interface usb0
04-09 15:22:47.188  2731  2745 W FrameworkListener: Handler 'Iface' error (Success)
04-09 15:22:47.188  2731  2745 E CommandListener: Message not handled: unrecognized interface usb0
04-09 15:22:47.188  2731  2745 W FrameworkListener: Handler 'Iface' error (Success)
04-09 15:22:47.189  2731  2745 E CommandListener: Message not handled: unrecognized interface usb0
04-09 15:22:47.189  2731  2745 W FrameworkListener: Handler 'Iface' error (Success)
04-09 15:22:47.196  2733  2733 I bluetoothtbd: [0409/025247.196048:INFO:daemon.cc(168)] Daemon initialized
04-09 15:22:47.196  2733  2733 I bt_btif : enable: start restricted = 0
04-09 15:22:47.196  2733  2759 I bt_stack_manager: event_start_up_stack is bringing up the stack
04-09 15:22:47.197  2733  2759 I bt_core_module: module_start_up Starting module "btif_config_module"
04-09 15:22:47.197  2733  2759 I bt_core_module: module_start_up Started module "btif_config_module"
04-09 15:22:47.197  2733  2759 I bt_core_module: module_start_up Starting module "btsnoop_module"
04-09 15:22:47.197  2733  2759 I bt_core_module: module_start_up Started module "btsnoop_module"
04-09 15:22:47.197  2733  2759 I bt_core_module: module_start_up Starting module "hci_module"
04-09 15:22:47.197  2733  2759 I bt_hci  : hci_module_start_up
04-09 15:22:47.198  2733  2782 I bt_osi_thread: run_thread: thread id 2782, thread name hci_thread started
04-09 15:22:47.199  2733  2759 D bt_hci  : hci_module_start_up starting async portion
04-09 15:22:47.200  2733  2782 I bluetoothtbd: [0409/025247.200295:INFO:hci_layer_linux.cc(172)] hci_initialize
04-09 15:22:47.200  2733  2782 I bluetoothtbd: [0409/025247.200524:INFO:hci_layer_linux.cc(184)] Using interface hci0
04-09 15:22:47.200  2733  2782 I bluetoothtbd: [0409/025247.200610:INFO:hci_layer_linux.cc(378)] rfkill
04-09 15:22:47.204  2735  2735 D dhcpcd  : no interfaces have a carrier
04-09 15:22:47.205  2735  2735 D dhcpcd  : wlan0: waiting for carrier
04-09 15:22:47.232  2788  2788 I dnsmasq : started, version 2.51 cachesize 150
04-09 15:22:47.232  2788  2788 I dnsmasq : compile time options: no-IPv6 GNU-getopt no-DBus no-I18N DHCP no-scripts no-TFTP
04-09 15:22:47.232  2788  2788 I dnsmasq : DHCP, IP range 192.168.10.3 -- 192.168.10.10, lease time 12h
04-09 15:22:47.233  2788  2788 I dnsmasq : reading /etc/resolv.conf
04-09 15:22:47.233  2788  2788 I dnsmasq : using nameserver 8.8.8.8#53
04-09 15:22:47.233  2788  2788 I dnsmasq : read /etc/hosts - 1 addresses
04-09 15:22:47.608  2731  2745 E CommandListener: Message not handled: unrecognized interface usb0
04-09 15:22:47.608  2731  2745 W FrameworkListener: Handler 'Iface' error (Success)
04-09 15:22:47.616  2733  2782 I bluetoothtbd: [0409/025247.616483:INFO:hci_layer_linux.cc(295)] wait_hcidev
04-09 15:22:47.616  2733  2782 I bluetoothtbd: [0409/025247.616718:INFO:hci_layer_linux.cc(332)] Do poll() with timeout of 3000ms
04-09 15:22:47.618  2733  2782 I bluetoothtbd: [0409/025247.618287:INFO:hci_layer_linux.cc(228)] HCI device ready
04-09 15:22:47.618  2733  2782 I bt_hci  : event_finish_startup
04-09 15:22:47.618  2733  2759 I bt_core_module: module_start_up Started module "hci_module"
04-09 15:22:47.620  2733  2812 I bt_osi_thread: run_thread: thread id 2812, thread name bt_workqueue started
04-09 15:22:47.621  2733  2812 I bluetoothtbd: [0409/025247.621202:INFO:btu_task.cc(107)] Bluetooth chip preload is complete
04-09 15:22:47.627  2733  2812 I         : No vendor HCI socket available. Won't create SocketWriter.
04-09 15:22:47.636  2733  2812 I bluetoothtbd: [0409/025247.635876:INFO:gatt_api.cc(1005)] GATT_Register
04-09 15:22:47.637  2733  2812 I bluetoothtbd: [0409/025247.637593:INFO:gatt_api.cc(1028)] allocated gatt_if=1
04-09 15:22:47.639  2733  2812 I bluetoothtbd: [0409/025247.639143:INFO:gatt_api.cc(207)] GATTS_AddService
04-09 15:22:47.640  2733  2812 I bluetoothtbd: [0409/025247.640191:INFO:gatt_api.cc(317)] GATTS_AddService: service parsed correctly, now starting
04-09 15:22:47.641  2733  2812 E bluetoothtbd: [0409/025247.641040:ERROR:gatt_attr.cc(302)] gatt_profile_db_init:  gatt_if=1
04-09 15:22:47.648  2733  2812 I bluetoothtbd: [0409/025247.648075:INFO:gatt_api.cc(1005)] GATT_Register
04-09 15:22:47.648  2733  2812 I bluetoothtbd: [0409/025247.648221:INFO:gatt_api.cc(1028)] allocated gatt_if=2
04-09 15:22:47.648  2733  2812 I bluetoothtbd: [0409/025247.648271:INFO:gatt_api.cc(207)] GATTS_AddService
04-09 15:22:47.648  2733  2812 I bluetoothtbd: [0409/025247.648323:INFO:gatt_api.cc(317)] GATTS_AddService: service parsed correctly, now starting
04-09 15:22:47.668  2733  2814 I bt_osi_thread: run_thread: thread id 2814, thread name module_wrapper started
04-09 15:22:47.668  2733  2814 I bt_core_module: module_start_up Starting module "controller_module"
04-09 15:22:47.702  2711  2723 I yani_server: ifindexeth0 0 ifindexwlan0 5 ifindexp2p0 6 ifindexwlan1 0
04-09 15:22:47.703  2711  2723 I yani_server: NetLink Event '-1' Interface-Index '5' WLAN '0' Ethernet '-1' Parsed-iFill '-1' -> 'INVALID' ifIndex '1' -> 'lo'
04-09 15:22:47.703  2711  2723 I yani_kernel: yani_geteventfrom_changeaddr() Message-Id '1' Netlink event '16' Interface Index '5' -> Name 'wlan0' 
04-09 15:22:47.704  2711  2723 I yani_kernel: yani_geteventfrom_changeaddr() Message-Id '1' Netlink event '16' Interface Index '9' -> Name 'usb0' 
04-09 15:22:47.705  2711  2723 I yani_kernel: yani_geteventfrom_changeaddr() Message-Id '1' Netlink event '16' Interface Index '9' -> Name 'usb0' 
04-09 15:22:47.706  2711  2723 I yani_kernel: yani_geteventfrom_changeaddr() Message-Id '1' Netlink event '20' Interface Index '9' -> Name 'usb0' 
04-09 15:22:47.708  2711  2723 I yani_kernel: yani_geteventfrom_changeaddr() Message-Id '1' Netlink event '16' Interface Index '9' -> Name 'usb0' 
04-09 15:22:47.709  2711  2723 I yani_kernel: yani_geteventfrom_changeaddr() Message-Id '1' Netlink event '21' Interface Index '9' -> Name 'usb0' 
04-09 15:22:47.710  2711  2723 I yani_kernel: yani_geteventfrom_changeaddr() Message-Id '1' Netlink event '20' Interface Index '9' -> Name 'usb0' 
04-09 15:22:47.711  2711  2723 I yani_kernel: yani_geteventfrom_changeaddr() Message-Id '1' Netlink event '16' Interface Index '9' -> Name 'usb0' 
04-09 15:22:47.833  2733  2814 I bt_core_module: module_start_up Started module "controller_module"
04-09 15:22:47.833  2733  2814 W bt_osi_thread: run_thread: thread id 2814, thread name module_wrapper exited
04-09 15:22:47.836  2733  2812 W bt_btm  : btm_decode_ext_features_page: feature page 1 ignored
04-09 15:22:47.836  2733  2812 W bt_btm  : btm_decode_ext_features_page: feature page 2 ignored
04-09 15:22:47.837  2733  2813 I bt_btm_sec: BTM_SecRegister p_cb_info->p_le_callback == 0x0xf6a61b99
04-09 15:22:47.838  2733  2813 I bt_btm_sec: BTM_SecRegister btm_cb.api.p_le_callback = 0x0xf6a61b99 
04-09 15:22:47.840  2733  2813 I bluetoothtbd: [0409/025247.840417:INFO:ble_advertiser_hci_interface.cc(736)] Legacy advertising will be in use
04-09 15:22:47.843  2733  2813 I bluetoothtbd: [0409/025247.842957:INFO:gatt_api.cc(1005)] GATT_Register
04-09 15:22:47.843  2733  2813 I bluetoothtbd: [0409/025247.843129:INFO:gatt_api.cc(1028)] allocated gatt_if=3
04-09 15:22:47.860  2733  2766 E bt_btif_storage: btif_storage_get_adapter_property: Controller ready!
04-09 15:22:47.860  2733  2766 I bt_btif_storage: btif_storage_get_adapter_property service_mask:0x40000
04-09 15:22:47.861  2733  2766 I bluetoothtbd: [0409/025247.861632:INFO:adapter.cc(551)] Adapter properties changed
04-09 15:22:47.861  2733  2766 I bluetoothtbd: [0409/025247.861827:INFO:adapter.cc(564)] Adapter address changed: CC:90:93:21:F3:85
04-09 15:22:47.861  2733  2766 I bluetoothtbd: [0409/025247.861875:INFO:adapter.cc(573)] Adapter name changed
04-09 15:22:47.862  2733  2766 I bt_btif_core: btif_enable_bluetooth_evt entered: status 0
04-09 15:22:47.862  2733  2766 W bt_btif : btif_enable_bluetooth_evt: Saving the Adapter Address
04-09 15:22:47.862  2733  2813 I bt_bta_av: AVRCP version used for sdp: "avrcp14"
04-09 15:22:47.862  2733  2766 I bluetoothtbd: [0409/025247.862784:INFO:adapter.cc(551)] Adapter properties changed
04-09 15:22:47.862  2733  2766 I bluetoothtbd: [0409/025247.862852:INFO:adapter.cc(564)] Adapter address changed: CC:90:93:21:F3:85
04-09 15:22:47.862  2733  2766 D bt_hci  : do_postload posting postload work item
04-09 15:22:47.868  2733  2855 I bt_osi_thread: run_thread: thread id 2855, thread name btif_sock started
04-09 15:22:47.873  2733  2766 D bt_bte_conf: Device ID record 1 : primary
04-09 15:22:47.873  2733  2766 D bt_bte_conf:   vendorId            = 000f
04-09 15:22:47.873  2733  2766 D bt_bte_conf:   vendorIdSource      = 0001
04-09 15:22:47.873  2733  2766 D bt_bte_conf:   product             = 1200
04-09 15:22:47.873  2733  2766 D bt_bte_conf:   version             = 1436
04-09 15:22:47.873  2733  2766 D bt_bte_conf:   clientExecutableURL = 
04-09 15:22:47.873  2733  2766 D bt_bte_conf:   serviceDescription  = 
04-09 15:22:47.873  2733  2766 D bt_bte_conf:   documentationURL    = 
04-09 15:22:47.873  2733  2766 D bt_bte_conf: bte_load_did_conf no section named DID2.
04-09 15:22:47.873  2733  2759 I bt_stack_manager: event_start_up_stack finished
04-09 15:22:47.874  2733  2766 I bt_btif_core: btif_enable_bluetooth_evt finished
04-09 15:22:48.068  2729  2729 I ServiceManager: Waiting for service media.player...
04-09 15:22:48.196  2711  2723 I yani_kernel: yani_geteventfrom_changeaddr() Message-Id '1' Netlink event '16' Interface Index '9' -> Name 'usb0' 
04-09 15:22:48.197  2731  2745 E CommandListener: Message not handled: unrecognized interface usb0
04-09 15:22:48.197  2731  2745 W FrameworkListener: Handler 'Iface' error (Success)
04-09 15:22:49.064  2731  2744 E WifiUtil: command: "SCAN" failed: FAIL-BUSY
04-09 15:22:49.068  2729  2729 I ServiceManager: Waiting for service media.player...
04-09 15:22:49.406  2711  2723 I yani_kernel: yani_geteventfrom_changeaddr() Message-Id '1' Netlink event '16' Interface Index '5' -> Name 'wlan0' 
04-09 15:22:49.413  2711  2723 I yani_server: NetLink Event '-1' Interface-Index '5' WLAN '-1' Ethernet '-1' Parsed-iFill '-1' -> 'INVALID' ifIndex '1' -> 'lo'
04-09 15:22:49.413  2711  2723 I yani_server: NetLink Event '-1' Interface-Index '5' WLAN '0' Ethernet '-1' Parsed-iFill '-1' -> 'INVALID' ifIndex '1' -> 'lo'
04-09 15:22:49.434  2711  2723 I chatty  : uid=0(root) YaniServer identical 24 lines
04-09 15:22:49.435  2711  2723 I yani_server: NetLink Event '-1' Interface-Index '5' WLAN '0' Ethernet '-1' Parsed-iFill '-1' -> 'INVALID' ifIndex '1' -> 'lo'
04-09 15:22:49.435  2711  2723 I yani_kernel: yani_geteventfrom_changeaddr() Message-Id '1' Netlink event '16' Interface Index '5' -> Name 'wlan0' 
04-09 15:22:49.541  2731  2745 E CommandListener: Message not handled: unrecognized interface usb0
04-09 15:22:49.541  2731  2745 W FrameworkListener: Handler 'Iface' error (Success)
04-09 15:22:49.987  2713  2713 I SourceSwitch: SourceSwitch() Host 1 initialized...
04-09 15:22:50.069  2729  2729 I ServiceManager: Waiting for service media.player...
04-09 15:22:50.191  2788  2788 I dnsmasq : DHCPDISCOVER(usb0) b2:9b:33:98:f7:30 
04-09 15:22:50.191  2788  2788 I dnsmasq : DHCPOFFER(usb0) 192.168.10.10 b2:9b:33:98:f7:30 
04-09 15:22:50.191  2788  2788 I dnsmasq : DHCPDISCOVER(usb0) b2:9b:33:98:f7:30 
04-09 15:22:50.191  2788  2788 I dnsmasq : DHCPOFFER(usb0) 192.168.10.10 b2:9b:33:98:f7:30 
04-09 15:22:50.195  2788  2788 I dnsmasq : DHCPREQUEST(usb0) 192.168.10.10 b2:9b:33:98:f7:30 
04-09 15:22:50.195  2788  2788 I dnsmasq : DHCPACK(usb0) 192.168.10.10 b2:9b:33:98:f7:30 
04-09 15:22:50.198  2788  2788 I dnsmasq : DHCPREQUEST(usb0) 192.168.10.10 b2:9b:33:98:f7:30 
04-09 15:22:50.198  2788  2788 I dnsmasq : DHCPACK(usb0) 192.168.10.10 b2:9b:33:98:f7:30 
04-09 15:22:50.894  2733  2766 E bt_osi_config: config_save unable to open dir '/data/misc/bluedroid': No such file or directory
04-09 15:22:51.066  2711  2723 I yani_server: NetLink Event '-1' Interface-Index '5' WLAN '-1' Ethernet '-1' Parsed-iFill '-1' -> 'INVALID' ifIndex '1' -> 'lo'
04-09 15:22:51.069  2729  2729 I ServiceManager: Waiting for service media.player...
04-09 15:22:52.038  2691  2691 I sh      : btaudioplayer: not found
04-09 15:22:52.072  2691  2691 I sh      : *** play mode control constructor end 
04-09 15:22:52.072  2729  2729 E BrowseModeControl: Read env failed
04-09 15:22:52.072  2729  2729 I UIModeManager: RegisterModeControl Mode - BrowseMode ModeControl - 0xac65b830
04-09 15:22:52.073  2729  2729 E DefaultBrowser: m_ItemsCount = 7 
04-09 15:22:52.073  2729  2729 E SDCardBrowser: SDCARD Browser constructor mounting vfat first
04-09 15:22:52.074  2729  2729 E SDCardBrowser: 3 GOTOP  Sytem return value = -1
04-09 15:22:52.074  2729  2729 E SDCardBrowser: mounting vfat failed, try ntfs, return value = -1
04-09 15:22:52.077  2729  2729 I ServiceManager: Waiting for service media.player...
04-09 15:22:52.095  2691  2691 I sh      : /dev/block/sd*: No such file or directory
04-09 15:22:53.073  2731  2744 I NetworkMonitor: Number of APs is 34
04-09 15:22:53.073  2731  2744 I NetworkMonitor: Number of APs with same essid 0
04-09 15:22:53.077  2729  2729 I ServiceManager: Waiting for service media.player...
04-09 15:22:53.103  2950  2950 I wac-main: main() defaultServiceManager 0xab0cbfa8 
04-09 15:22:53.106  2950  2950 I wac-main: Getinstance
04-09 15:22:53.107  2950  2950 I wac-main: WAC LUCI listener created
04-09 15:22:53.108  2950  2960 I wac-main: init_netlink_skt() Success Netlink socket fd 7
04-09 15:22:53.108  2950  2960 E wac-main: Enter poll and wait
04-09 15:22:53.109  2950  2950 E wac-main: send wac api : a5a0
04-09 15:22:53.109  2950  2950 I wac-main: OnStartup() WAC Triggered 'Success' after 1 attempt(s)
04-09 15:22:53.116  2950  2960 E wac-main: API event
04-09 15:22:53.116  2950  2960 E wac-main: msg : a5a0
04-09 15:22:53.116  2950  2960 E wac-main: msg : a5a0
04-09 15:22:53.119  2950  2960 E wac-main: Enter poll and wait
04-09 15:22:53.119  2950  2962 E wac-main: enter WACStartStopThread
04-09 15:22:53.122  2950  2962 E wac-main: WACStartStopThread() event -> 'wacstart' is WACServer? UP -> 'No' 
04-09 15:22:53.140  2712  2712 I lucitransport: readRemoteMessage() MID char = 90 buffer = Lyric Speaker Box 21f384
04-09 15:22:53.142  2950  2962 E WACSERVER: ************************************************
04-09 15:22:53.142  2950  2962 E WACSERVER: PLATFORM ATTRIBUTES:
04-09 15:22:53.142  2950  2962 E WACSERVER:     NAME.........: Lyric Speaker Box 21f384
04-09 15:22:53.142  2950  2962 E WACSERVER:     MODEL........: LSB
04-09 15:22:53.142  2950  2962 E WACSERVER:     MANUFACTURER.: COTODAMA
04-09 15:22:53.142  2950  2962 E WACSERVER:     FW REV.......: p0000
04-09 15:22:53.142  2950  2962 E WACSERVER:     HW REV.......: LS10 VP1.0
04-09 15:22:53.142  2950  2962 E WACSERVER:     SERIAL NUMBER: cc909321f384
04-09 15:22:53.142  2950  2962 E WACSERVER:     UNCONFIGURED.: YES
04-09 15:22:53.142  2950  2962 E WACSERVER: PLATFORM FEATURES:
04-09 15:22:53.142  2950  2962 E WACSERVER:     AIRPLAY.....: YES
04-09 15:22:53.152  2691  2691 I sh      : ***** START WEBSERVER ******
04-09 15:22:53.154  2712  2712 I lucitransport: writeRemoteMessage() MID = 143 buffer = 0
04-09 15:22:53.154  2712  2712 I luciUART: write() MID = 143  bytes = 11 data = 0 m_fd = 0x6
04-09 15:22:53.154  2712  2712 I lucitransport: writeLocalMessage() MID = 143 buffer = 0
04-09 15:22:53.155  2712  2721 E LUCI_SERVER: Luci Server Thread wait over MID 143....
04-09 15:22:53.155  2712  2721 E LUCI_SERVER: Luci Server Thread waiting for packets....
04-09 15:22:53.155  2950  2965 D WACSERVER: Advertising WAC SSID Lyric Speaker Box 21f384
04-09 15:22:53.158  2950  2960 D wac-main: Netlink event
04-09 15:22:53.158  2950  2960 E wac-main: Netlink event 20 Interface Index 7 
04-09 15:22:53.158  2950  2960 E wac-main: Enter poll and wait
04-09 15:22:53.159  2711  2723 I yani_kernel: yani_geteventfrom_changeaddr() Message-Id '1' Netlink event '20' Interface Index '7' -> Name 'p2p1' 
04-09 15:22:53.162  2731  2745 E CommandListener: Message not handled: unrecognized interface p2p1
04-09 15:22:53.162  2731  2745 W FrameworkListener: Handler 'Iface' error (Success)
04-09 15:22:53.165  2691  2691 I sh      : threadLoop entry.... 
04-09 15:22:53.165  2691  2691 I sh      : WebServerManager::InitWebServerManager ++ 
04-09 15:22:53.169  2691  2691 I sh      : WebServerManager::InitWebServerManager --
04-09 15:22:53.187  2691  2691 I sh      : mkdir failed for misc, File exists
04-09 15:22:53.199  2956  2973 E LibreConnect: 
04-09 15:22:53.199  2956  2973 E LibreConnect:  start /factory/custom/web YES, Its a DIR
04-09 15:22:53.209  2951  2951 E librecast: Starting Libre Cast process...
04-09 15:22:53.210  2691  2691 I sh      : 
04-09 15:22:53.211  2691  2691 I sh      : 
04-09 15:22:53.211  2691  2691 I sh      : MAIN TO START SPOTIFY START
04-09 15:22:53.211  2691  2691 I sh      : 
04-09 15:22:53.211  2691  2691 I chatty  : uid=1005(log) /bin/logwrapper identical 1 line
04-09 15:22:53.211  2691  2691 I sh      : 
04-09 15:22:53.211  2691  2691 I sh      : MAIN TO START SPOTIFY END
04-09 15:22:53.211  2691  2691 I sh      : 
04-09 15:22:53.217  2951  2951 E librecast: librecast:189
04-09 15:22:53.217  2951  2951 E librecast: librecast:195
04-09 15:22:53.220  2951  2951 E librecast: librecast:217:GoogleCast NV set to 'true' so starting cast_installer service
04-09 15:22:53.253  2957  2980 I otamanager: OTA: set OTA timer
04-09 15:22:53.253  2957  2980 I otamanager: Timer set for 14400 seconds
04-09 15:22:53.253  2957  2980 D otamanager: Thread created successfully
04-09 15:22:53.253  2957  2980 I otamanager: OTA Manager Initialization Complete!!!
04-09 15:22:53.254  2957  2980 I otamanager: OnStartupCheck() wlanstate 0  ethstate 0 m_IsFDR 1
04-09 15:22:53.254  2957  2980 I otamanager: CurrentFirmwareUpdateState: 'Idle' 
04-09 15:22:53.271  2974  2974 I hostapd : IEEE 802.11: Steering disabled
04-09 15:22:53.288  2954  2978 E SPOTIFY : sCertificate = -----BEGIN CERTIFICATE-----
04-09 15:22:53.288  2954  2978 E SPOTIFY : MIIDrzCCApegAwIBAgIQCDvgVpBCRrGhdWrJWZHHSjANBgkqhkiG9w0BAQUFADBhMQswCQYDVQQG
04-09 15:22:53.288  2954  2978 E SPOTIFY : EwJVUzEVMBMGA1UEChMMRGlnaUNlcnQgSW5jMRkwFwYDVQQLExB3d3cuZGlnaWNlcnQuY29tMSAw
