04-09 16:16:49.055  2959  2982 I otamanager: OTA:------curlDownloadFirmwareXml---
04-09 16:16:49.055  2959  2982 I otamanager: OTA:isValidIpAddress: result 0
04-09 16:16:49.242  2959  2982 I otamanager: OTA:ResolveDNSName IP = 34.195.98.179
04-09 16:16:49.242  2959  2982 I otamanager: OTA:hostIp string: https://34.195.98.179/v1
04-09 16:16:49.242  2959  2982 I otamanager: OTA: trying after 2 sec 
04-09 16:16:49.885  3080  3080 I cast_shell: [3083:3123:INFO:metrics_recorder.cc(282)] Record action: Setup.state.BLE
04-09 16:16:49.982  3080  3080 I cast_shell: [3083:3133:INFO:mdns_app_filter.cc(1526)] MdnsAppFilter: Done announcing.
04-09 16:16:50.078  3080  3080 I cast_shell: [system_updater_dummy.cpp(139)] CheckUpdate 139
04-09 16:16:50.078  3080  3080 I cast_shell: [system_updater_dummy.cpp(148)] CheckUpdate 148 return
04-09 16:16:50.676  3080  3080 I cast_shell: [3083:3134:INFO:metrics_recorder.cc(282)] Cast v2 action(socket_id=bd710544-5a84-5947-52a4-3aec7439bc4a.3): CastV2.Connection.Connect.In
04-09 16:16:50.678  3080  3080 I cast_shell: [3083:3083:INFO:application_config_manager_impl.cc(637)] Virtual device not enabled: [PII](bd710544-5a84-5947-52a4-3aec7439bc4a)
04-09 16:16:50.678  3080  3080 I cast_shell: [3083:3083:WARNING:application_config_manager_impl.cc(424)] App is not supported: id=CC1AD845
04-09 16:16:50.678  3080  3080 I cast_shell: [3083:3123:INFO:setup_namespace_handler.cc(94)] Added a peer for setup namespace: bd710544-5a84-5947-52a4-3aec7439bc4a.3:gms_cast_prober-1
04-09 16:16:50.679  3080  3080 I cast_shell: [3083:3123:INFO:setup_state.cc(544)] EurekaInfoCalled: wifi_state=10, is_usable_ip_address=1, connected=1, is_initial_setup=0
04-09 16:16:50.694  3080  3080 I cast_shell: [3083:3083:INFO:mdns_util.cc(102)] Defaulting mDNS capabilities for audio-only build
04-09 16:16:50.694  3080  3080 I cast_shell: [3083:3083:INFO:mdns_util.cc(102)] Defaulting mDNS capabilities for audio-only build
04-09 16:16:50.833  2959  2982 I otamanager: OTA:curl response code : 0	
04-09 16:16:50.833  2959  2982 I otamanager: http status code : 200
04-09 16:16:50.833  2959  2982 I otamanager: OTA: contentLen :187.000000
04-09 16:16:50.844  2959  2982 I otamanager: OTA: bytesDownloaded = 187 m_iHttpStatusCode = 200 
04-09 16:16:50.844  2691  2691 I sh      : }{
04-09 16:16:50.844  2691  2691 I sh      : 	"castVersion" : null,
04-09 16:16:50.844  2959  2982 E otamanager: OTA:error string =  No update available
04-09 16:16:50.844  2691  2691 I sh      : 	"crc" : null,
04-09 16:16:50.844  2691  2691 I sh      : 	"errorCode" : 1001,
04-09 16:16:50.844  2691  2691 I sh      : 	"errorString" : "No update available",
04-09 16:16:50.844  2691  2691 I sh      : 	"forceUpgrade" : true,
04-09 16:16:50.844  2691  2691 I sh      : 	"mcuOnlyUpdate" : false,
04-09 16:16:50.844  2691  2691 I sh      : 	"version" : null
04-09 16:16:50.844  2712  2719 I lucitransport: writeRemoteMessage() MID = 223 buffer = NO_UPDATE
04-09 16:16:50.844  2712  2719 I luciUART: write() MID = 223  bytes = 19 data = NO_UPDATE m_fd = 0x6
04-09 16:16:50.845  2959  2982 I otamanager: Firmware Update State Change from CheckUpdate to Idle
04-09 16:16:50.846  3080  3080 I cast_shell: [system_updater_dummy.cpp(132)] CheckUpdate 132 no new version
04-09 16:16:50.846  3080  3080 I cast_shell: [3083:3090:INFO:update_engine_client_with_system_updater.cc(226)] No system force update, error_code=0
04-09 16:16:44.791  2731  2743 I chatty  : uid=0(root) /bin/net_mgr identical 2 lines
04-09 16:16:44.796  2731  2743 I NetworkMonitor: turn off power-save
04-09 16:16:50.850  2731  2743 I HotspotManager: hotspot stop
04-09 16:16:50.850  2731  2743 I HotspotManager: stop dnsmasq
04-09 16:16:50.851  3165  3165 I dnsmasq : exiting on receipt of SIGTERM
04-09 16:16:50.855  3080  3080 I cast_shell: [3083:3123:INFO:setup_state.cc(261)] Setup state changed: SETUP_STATE_CONNECTED_WIFI_NOT_SAVED (61) -> SETUP_STATE_CONNECTED (60)
04-09 16:16:50.855  3080  3080 I cast_shell: [3083:3123:INFO:setup_manager_impl.cc(1019)] Setup discoverability is disabled
04-09 16:16:50.855  3080  3080 I cast_shell: [3083:3123:INFO:ble_setup_manager.cc(758)] Clearing setup read attributes
04-09 16:16:50.855  3080  3080 I cast_shell: [3083:3123:INFO:gatt_client_manager_impl.cc(202)] Enabling GATT client connectability
04-09 16:16:50.870  3080  3080 I chatty  : uid=1000(chrome) /bin/logwrapper identical 1 line
04-09 16:16:50.870  3080  3080 I cast_shell: [3083:3123:INFO:gatt_client_manager_impl.cc(202)] Enabling GATT client connectability
04-09 16:16:50.871  3080  3080 I cast_shell: [3083:3083:INFO:ble_discovery_controller.cc(121)] Starting BLE discovery
04-09 16:16:50.871  3080  3080 I cast_shell: [3083:3083:INFO:cast_receiver_impl.cc(1100)] Leaving discovery-only mode
04-09 16:16:50.871  3080  3080 I cast_shell: [3083:3083:INFO:application_config_manager_impl.cc(566)] Enabling virtual device bd710544-5a84-5947-52a4-3aec7439bc4a
04-09 16:16:50.871  3080  3080 I cast_shell: [3083:3123:INFO:gatt_client_manager_impl.cc(202)] Enabling GATT client connectability
04-09 16:16:50.871  3080  3080 I cast_shell: [3083:3133:INFO:mdns_cast_service.cc(351)] Device discovery state is idle
04-09 16:16:50.871  3080  3080 I cast_shell: [3083:3133:INFO:mdns_util.cc(102)] Defaulting mDNS capabilities for audio-only build
04-09 16:16:50.872  3080  3080 I cast_shell: [3083:3123:INFO:ble_setup_manager.cc(744)] Started Bluetooth service
04-09 16:16:50.873  3080  3080 I cast_shell: [3083:3123:INFO:gatt_client_manager_impl.cc(202)] Enabling GATT client connectability
04-09 16:16:50.885  2953  3158 I LibreCastControlDelegate: OnResponse() ReqeustID 6, error  0
04-09 16:16:50.887  2733  2761 I bluetoothtbd: [0409/034650.887570:INFO:adapter.cc(551)] Adapter properties changed
04-09 16:16:50.887  2733  2761 I bluetoothtbd: [0409/034650.887710:INFO:adapter.cc(573)] Adapter name changed
04-09 16:16:50.888  3080  3080 I cast_shell: [3083:3123:INFO:bluetooth_manager.cc(1232)] [PII] Set device name to 'AAA speaker'
04-09 16:16:50.891  3080  3080 I cast_shell: [3083:3083:INFO:device_info_impl.cc(1133)] SSDP Config ID is increased: id=6
04-09 16:16:50.897  3080  3080 I cast_shell: [3083:3083:INFO:ccs_manager_impl.cc(1842)] Postponing device name update while registering
04-09 16:16:50.898  3080  3080 I cast_shell: [3083:3133:INFO:mdns_util.cc(102)] Defaulting mDNS capabilities for audio-only build
04-09 16:16:50.898  3080  3080 I cast_shell: [3083:3083:INFO:mdns_manager_impl.cc(429)] Successfully updated service: type=_googlecast
04-09 16:16:50.898  3080  3080 I cast_shell: [3083:3083:INFO:virtual_device.cc(296)] Updated mDNS service for virtual device: id=bd710544-5a84-5947-52a4-3aec7439bc4a
04-09 16:16:50.899  2953  3158 I LibreCastControlDelegate: OnCastStatus() +++ AAA speaker:0xab253198:READY_TO_CAST
04-09 16:16:50.900  2953  3158 I LibreCastControlDelegate: Cast Device Name -> 'AAA speaker'
04-09 16:16:50.900  2953  3158 I librecast: OldFriendlyName '' & New name change By Cast 'AAA speaker' isfirstbootup 56 m_updatedonebyluci 95
04-09 16:16:50.900  2953  3158 I librecast:  Difference in FriendlyName notify all  
04-09 16:16:50.900  2953  3158 I LibreCastControl: LibreCastControl_SetCastName()  name 'AAA speaker' RequestId '7' pCastControl 0xf4e00728
04-09 16:16:50.900  2712  2718 I lucitransport: writeRemoteMessage() MID = 90 buffer = AAA speaker
04-09 16:16:50.901  2712  2718 I luciUART: write() MID = 90  bytes = 21 data = AAA speaker m_fd = 0x6
04-09 16:16:50.901  2712  2718 I lucitransport: writeLocalMessage() MID = 90 buffer = AAA speaker
04-09 16:16:50.901  2953  3158 I LibreCastControlDelegate: Device Build Number -> '1.52.272222'
04-09 16:16:50.901  2953  3158 I librecast: updateCastBuildVersion() Version 1.52.272222
04-09 16:16:50.901  2712  2718 I lucitransport: readRemoteMessage() MID char = 7 buffer = 1.52.272222
04-09 16:16:50.903  2733  2761 I bluetoothtbd: [0409/034650.903706:INFO:adapter.cc(551)] Adapter properties changed
04-09 16:16:50.910  2953  3007 I librecast: MessageBoxAlert() Msg = 90 remoteID = 16 
04-09 16:16:50.910  2712  2721 I lucitransport: readRemoteMessage() MID char = 90 buffer = AAA speaker
04-09 16:16:50.910  2953  3007 I LibreCastControl: LibreCastControl_SetCastName()  name 'AAA speaker' RequestId '8' pCastControl 0xf4e00728
04-09 16:16:50.910  2953  3007 E librecast: MessageBoxAlert() friendlyname AAA speaker
04-09 16:16:50.910  2953  3007 I LibreCastControl: MessageBoxAlert() messageBoxID 90
04-09 16:16:50.912  2691  2691 I sh      : MessageBoxAlert() MID 90 
04-09 16:16:50.912  2691  2691 I sh      : MessageBoxChanged() MID '90'
04-09 16:16:50.912  2955  2990 I airplayluci: MessageBoxAlert: MID 90
04-09 16:16:50.913  2953  3158 I LibreCastControlDelegate: OnResponse() ReqeustID 8, error  0
04-09 16:16:50.914  2956  2987 E Spotify-Player: Change Spotify Device name
04-09 16:16:50.914  2955  3451 I airplay_v2_0_6: 2022-04-09 16:16:50.914164 [AirPlay] Deregistered Bonjour _airplay._tcp. for restart
04-09 16:16:50.914  2955  3451 I airplay_v2_0_6: 2022-04-09 16:16:50.914511 [AirPlay] Deregistered Bonjour _raop._tcp. for restart
04-09 16:16:50.916  3080  3080 I cast_shell: [3083:3083:INFO:device_info_impl.cc(1133)] SSDP Config ID is increased: id=7
04-09 16:16:50.916  3080  3080 I cast_shell: [3083:3083:INFO:ccs_manager_impl.cc(1842)] Postponing device name update while registering
04-09 16:16:50.924  2956  2988 I SPOTIFY : ConnectionNotify event(0-Login, 1-Logout, rest Error) = 6 
04-09 16:16:50.924  2956  2988 E SPOTIFY : Device Name change new name = AAA speaker
04-09 16:16:50.924  2956  2988 E SPOTIFY : err = 0 
04-09 16:16:50.925  3080  3080 I cast_shell: [3083:3123:INFO:metrics_recorder.cc(282)] Record action: Setup.state.BLE
04-09 16:16:50.926  2953  3158 I LibreCastControlDelegate: Cast Device Name -> 'AAA speaker'
04-09 16:16:50.951  2952  2962 D wac-main: Netlink event
04-09 16:16:50.951  2952  2962 E wac-main: Netlink event 21 Interface Index 6 
04-09 16:16:50.951  2952  2962 E wac-main: Enter poll and wait
04-09 16:16:50.952  2711  2723 I yani_kernel: yani_geteventfrom_changeaddr() Message-Id '1' Netlink event '21' Interface Index '6' -> Name 'p2p0' 
04-09 16:16:50.954  2787  2787 I dnsmasq : reading /etc/resolv.conf
04-09 16:16:50.954  2787  2787 I dnsmasq : using nameserver 8.8.4.4#53
04-09 16:16:50.954  2787  2787 I dnsmasq : using nameserver 192.168.1.1#53
04-09 16:16:50.954  2787  2787 I dnsmasq : using nameserver 192.168.50.1#53
04-09 16:16:50.954  2787  2787 I dnsmasq : using nameserver 8.8.8.8#53
04-09 16:16:50.955  2953  3007 I librecast: MessageBoxAlert() Msg = 90 remoteID = 16 
04-09 16:16:50.956  2712  2721 I lucitransport: readRemoteMessage() MID char = 90 buffer = AAA speaker
04-09 16:16:50.956  2953  3007 I LibreCastControl: LibreCastControl_SetCastName()  name 'AAA speaker' RequestId '9' pCastControl 0xf4e00728
04-09 16:16:50.956  2953  3007 E librecast: MessageBoxAlert() friendlyname AAA speaker
04-09 16:16:50.956  2953  3007 I LibreCastControl: MessageBoxAlert() messageBoxID 90
04-09 16:16:50.957  2711  2723 I yani_server: NetLink Event '5' Interface-Index '6' WLAN '-1' Ethernet '-1' Parsed-iFill '5' -> 'P2P0 DISCONNECTED' ifIndex '2' -> 'tunl0'
04-09 16:16:50.958  2731  2743 I HotspotManager: stop hostapd
04-09 16:16:50.959  2953  3158 I LibreCastControlDelegate: OnResponse() ReqeustID 9, error  0
04-09 16:16:50.963  2691  2691 I sh      : MessageBoxAlert() MID 90 
04-09 16:16:50.971  2956  2988 E SPOTIFY : Device Name change new name = AAA speaker
04-09 16:16:50.971  2956  2988 E SPOTIFY : err = 0 
04-09 16:16:50.971  2712  2712 I lucitransport: writeRemoteMessage() MID = 124 buffer = 1#1,1#2,0#3,0#4,0
04-09 16:16:50.971  2712  2712 I luciUART: write() MID = 124  bytes = 27 data = 1#1,1#2,0#3,0#4,0 m_fd = 0x6
04-09 16:16:51.005  2952  2962 D wac-main: Netlink event
04-09 16:16:51.005  2952  2962 E wac-main: Netlink event 16 Interface Index 6 
04-09 16:16:51.005  2952  2962 E wac-main: p2p0 event Link Changed : 1003 
04-09 16:16:51.005  2952  2962 E wac-main: p2p0 Changed down
04-09 16:16:51.005  2711  2723 I yani_kernel: yani_geteventfrom_changeaddr() Message-Id '1' Netlink event '16' Interface Index '6' -> Name 'p2p0' 
04-09 16:16:51.005  2952  2962 E wac-main: wlan0 IP : 192.168.1.145
04-09 16:16:51.007  2952  2962 E wac-main: Enter poll and wait
04-09 16:16:51.059  2731  2743 E WifiUtil: Setting interface p2p0 down.
04-09 16:16:51.060  2952  2962 D wac-main: Netlink event
04-09 16:16:51.060  2952  2962 E wac-main: Netlink event 16 Interface Index 6 
04-09 16:16:51.060  2952  2962 E wac-main: p2p0 event Link Changed : 1002 
04-09 16:16:51.060  2952  2962 E wac-main: Enter poll and wait
04-09 16:16:51.060  2711  2723 I yani_kernel: yani_geteventfrom_changeaddr() Message-Id '1' Netlink event '16' Interface Index '6' -> Name 'p2p0' 
04-09 16:16:51.848  3080  3080 I cast_shell: [3083:3123:INFO:ble_setup.cc(789)] Missing required info for sign.
04-09 16:16:51.852  3080  3080 I cast_shell: [3083:3123:INFO:gatt_client_manager_impl.cc(202)] Enabling GATT client connectability
04-09 16:16:51.852  3080  3080 I cast_shell: [3083:3123:INFO:ble_setup.cc(915)] Sign related info completed, no future EurekaInfo need sign.
04-09 16:16:51.984  2733  2812 W bt_btif : bta_gattc_conn_cback() - cif=3 connected=0 conn_id=3 reason=0x0013
04-09 16:16:51.984  2733  2812 W bt_btif : bta_gattc_conn_cback() - cif=4 connected=0 conn_id=4 reason=0x0013
04-09 16:16:51.984  2733  2812 W bt_btif : bta_gattc_conn_cback() - cif=6 connected=0 conn_id=6 reason=0x0013
04-09 16:16:51.985  2733  2812 I bt_btm_sec: btm_sec_disconnected clearing pending flag handle:128 reason:19
04-09 16:16:51.986  2733  2761 W bt_btif : btif_av_move_idle: ACL Disconnected state 0 bd_addr=44:3a:cd:b1:54:c8 peer_bda=00:00:00:00:00:00
04-09 16:16:51.986  2733  2761 I bluetoothtbd: [0409/034651.986816:INFO:adapter.cc(719)] ACL state changed: 44:3A:CD:B1:54:C8 - connected: false
04-09 16:16:51.988  3080  3080 I cast_shell: [3083:3123:ERROR:bluetooth_v1_via_v2.cc(796)] Connection state changed. :c8 false
04-09 16:16:52.881  3080  3080 I cast_shell: [3083:3133:INFO:mdns_app_filter.cc(1526)] MdnsAppFilter: Done announcing.
04-09 16:16:52.916  2955  3473 I airplay_v2_0_6: 2022-04-09 16:16:52.916518 [AirPlayDemo] AirPlayDemoServerCopyProperty Password is <<NULL>>
04-09 16:16:52.917  2712  2712 I lucitransport: readRemoteMessage() MID char = 90 buffer = AAA speaker
04-09 16:16:52.919  2955  3451 I airplay_v2_0_6: 2022-04-09 16:16:52.919409 [AirPlay] Registering Bonjour _airplay._tcp. port 7000
04-09 16:16:52.921  2955  3473 I airplay_v2_0_6: 2022-04-09 16:16:52.921121 [AirPlayDemo] AirPlayDemoServerCopyProperty Password is <<NULL>>
04-09 16:16:52.922  2955  3473 I airplay_v2_0_6: 2022-04-09 16:16:52.922904 [AirPlayDemo] AirPlayDemoServerCopyProperty Password is <<NULL>>
04-09 16:16:52.923  2712  2712 I lucitransport: readRemoteMessage() MID char = 90 buffer = AAA speaker
04-09 16:16:52.925  2955  3451 I airplay_v2_0_6: 2022-04-09 16:16:52.924990 [AirPlay] Registering Bonjour CC909321F384@AAA speaker._raop._tcp. port 7000
04-09 16:16:55.008  3474  3474 E wac-main: WAC timeout cb
04-09 16:16:55.008  3474  3474 E wac-main: send wac api : a5a1
04-09 16:16:55.008  2952  2962 E wac-main: API event
04-09 16:16:55.008  2952  2962 E wac-main: msg : a5a1
04-09 16:16:55.008  2952  2962 E wac-main: msg : a5a1
04-09 16:16:55.008  2952  3475 E wac-main: enter WACStartStopThread
04-09 16:16:55.008  2952  3475 E wac-main: WACStartStopThread() event -> 'wacstop' is WACServer? UP -> 'Yes' 
04-09 16:16:55.008  2952  3475 E WACSERVER: WACServerStop wait
04-09 16:16:55.008  2952  2962 E wac-main: Enter poll and wait
04-09 16:16:55.008  2952  2968 E WACBONJOUR: RemoveWACBonjourService
04-09 16:16:55.010  2952  2968 I wifiapi : newconn : 0xf4b024e8
04-09 16:16:55.033  2952  2962 D wac-main: Netlink event
04-09 16:16:55.034  2952  2962 E wac-main: Netlink event 16 Interface Index 7 
04-09 16:16:55.034  2952  2962 E wac-main: Enter poll and wait
04-09 16:16:55.034  2711  2723 I yani_kernel: yani_geteventfrom_changeaddr() Message-Id '1' Netlink event '16' Interface Index '7' -> Name 'p2p1' 
04-09 16:16:55.036  2731  2743 E CommandListener: Message not handled: unrecognized interface p2p1
04-09 16:16:55.036  2731  2743 W FrameworkListener: Handler 'Iface' error (Success)
04-09 16:16:55.059  2952  2962 D wac-main: Netlink event
04-09 16:16:55.059  2952  2962 E wac-main: Netlink event 16 Interface Index 7 
04-09 16:16:55.059  2952  2962 E wac-main: Enter poll and wait
04-09 16:16:55.060  2731  2743 E CommandListener: Message not handled: unrecognized interface p2p1
04-09 16:16:55.060  2731  2743 W FrameworkListener: Handler 'Iface' error (Success)
04-09 16:16:55.060  2711  2723 I yani_kernel: yani_geteventfrom_changeaddr() Message-Id '1' Netlink event '16' Interface Index '7' -> Name 'p2p1' 
04-09 16:16:55.062  2731  2743 E CommandListener: Message not handled: unrecognized interface p2p1
04-09 16:16:55.062  2731  2743 W FrameworkListener: Handler 'Iface' error (Success)
04-09 16:16:55.064  2952  2968 I wifiapi : 'DISABLE' command returned = 0
04-09 16:16:55.066  2952  2968 I wifiapi : stop hostapd
04-09 16:16:55.074  2952  2968 I wifiapi : stop dnsmasq
04-09 16:16:55.076  2952  2962 D wac-main: Netlink event
04-09 16:16:55.077  2952  2962 E wac-main: Netlink event 21 Interface Index 7 
04-09 16:16:55.077  2952  2962 E wac-main: Enter poll and wait
04-09 16:16:55.077  2731  2743 E CommandListener: Message not handled: unrecognized interface p2p1
04-09 16:16:55.077  2731  2743 W FrameworkListener: Handler 'Iface' error (Success)
04-09 16:16:55.080  2952  2968 E wac-main: WACCallback() message 5 -> 'Stopped'
04-09 16:16:55.080  2712  2712 I lucitransport: writeRemoteMessage() MID = 143 buffer = 5
04-09 16:16:55.080  2712  2712 I luciUART: write() MID = 143  bytes = 11 data = 5 m_fd = 0x6
04-09 16:16:55.081  2711  2723 I yani_kernel: yani_geteventfrom_changeaddr() Message-Id '1' Netlink event '21' Interface Index '7' -> Name 'p2p1' 
04-09 16:16:57.083  3080  3080 I cast_shell: [3083:3091:INFO:parent_tracker.cc(237)] Network changed
04-09 16:16:57.083  3080  3080 I cast_shell: [3083:3091:INFO:parent_tracker.cc(132)] No need to recreate socket
04-09 16:16:57.084  3080  3080 I cast_shell: [3083:3091:INFO:parent_tracker.cc(237)] Network changed
04-09 16:16:57.084  3080  3080 I cast_shell: [3083:3091:INFO:parent_tracker.cc(132)] No need to recreate socket
04-09 16:16:57.090  3080  3080 I cast_shell: [3083:3098:INFO:net_util_impl.cc(582)] IP address: [PII](192.168.1.1) MAC address: [PII](C8:B3:73:44:AE:ED)
04-09 16:16:57.090  3080  3080 I cast_shell: [3083:3099:INFO:net_util_impl.cc(582)] IP address: [PII](192.168.1.1) MAC address: [PII](C8:B3:73:44:AE:ED)
04-09 16:16:57.093  3080  3080 I cast_shell: [3083:3083:INFO:gcm_manager.cc(238)] GCM connection lost.
04-09 16:16:57.839  3080  3080 I cast_shell: [3083:3091:INFO:heartbeat_manager.cc(272)] Set HBInterval default: 1680000
04-09 16:16:57.839  3080  3080 I cast_shell: [3083:3083:INFO:gcm_manager.cc(233)] GCM connection established.
04-09 16:16:59.729  3080  3080 I cast_shell: [3083:3083:INFO:metrics_recorder.cc(282)] cast event: Cloud.Transport.Https.Register.Out.Success
04-09 16:16:59.730  3080  3080 I cast_shell: [3083:3083:WARNING:ccs_transport_util.cc(409)] Auth info absent from the config reply from CCS.
04-09 16:16:59.730  3080  3080 I cast_shell: [3083:3083:WARNING:ccs_transport_util.cc(313)] Missing SensingSettings in the CCS config.
04-09 16:16:59.731  3080  3080 I cast_shell: [3083:3083:INFO:metrics_recorder.cc(282)] cast event: Cloud.Transport.Https.Config.In
04-09 16:16:59.731  3080  3080 I cast_shell: [3083:3083:INFO:ccs_manager_impl.cc(1150)] Handling CONFIG message from CCS.
04-09 16:16:59.731  3080  3080 I cast_shell: [3083:3083:INFO:ccs_manager_impl.cc(1151)] [PII] device_id=D23B92AB4B669165C18C9084B060EAE9
04-09 16:16:59.731  3080  3080 I cast_shell: [3083:3083:INFO:metrics_recorder.cc(282)] Record action: Cloud.Transport.Https.LinkedStatus.NotLinked
04-09 16:16:59.731  3080  3080 I cast_shell: [3083:3083:INFO:structure_info_from_home_graph.cc(53)] received config from home graph. Will use it: 1
04-09 16:16:59.731  3080  3080 I cast_shell: [3083:3083:INFO:structure_info_from_home_graph.cc(59)] Num devices in the structure: 0
04-09 16:16:59.732  3080  3080 I cast_shell: [3083:3083:INFO:ccs_heartbeat_listener.cc(56)] Setting heartbeat interval from CCS: 120000ms
04-09 16:16:59.734  3080  3080 I cast_shell: [3083:3091:INFO:heartbeat_manager.cc(306)] Set client HB: 120000
04-09 16:16:59.734  3080  3080 I cast_shell: [3083:3091:INFO:heartbeat_manager.cc(311)] ResettingConnection bc: 1680000
04-09 16:16:59.734  3080  3080 I cast_shell: [3083:3091:INFO:heartbeat_manager.cc(332)] ResetConnection: %d5
04-09 16:16:59.736  3080  3080 I cast_shell: [3083:3083:INFO:user_auth_impl.cc(267)] linked status: NOT_LINKED
04-09 16:16:59.736  3080  3080 I cast_shell: [3083:3083:INFO:robot_account_auth_manager.cc(320)] V1 AuthManager received a UpdateAuthToken request
04-09 16:16:59.736  3080  3080 I cast_shell: [3083:3083:INFO:ccs_transport_https.cc(1352)] No cloud settings in response
04-09 16:16:59.741  3080  3080 I cast_shell: [3083:3083:INFO:gcm_manager.cc(238)] GCM connection lost.
04-09 16:16:59.948  3080  3080 I cast_shell: [3083:3083:ERROR:ccs_transport_https.cc(1775)] Received response code 409 for message_id = c4446265-dd4d-4cec-b6e2-cf622b8f4c68 - 
04-09 16:16:59.948  3080  3080 I cast_shell: [3083:3083:INFO:metrics_recorder.cc(282)] cast event: Cloud.Transport.Https.Register.Out.Error
04-09 16:16:59.948  3080  3080 I cast_shell: [3083:3083:INFO:ccs_manager_impl.cc(2529)] Scheduling next register for device in time: 59.967 s
04-09 16:17:02.739  3080  3080 I cast_shell: [3083:3083:INFO:robot_account_auth_manager.cc(384)] Sending oauth request for client_id: 2
04-09 16:17:02.739  3080  3080 I cast_shell: [3083:3083:INFO:metrics_recorder.cc(282)] cast event: Cast.Assistant.Auth.FetchToken
04-09 16:17:02.739  3080  3080 I cast_shell: [3083:3098:INFO:chromium_http_connection.cc(436)] Creating a new chromium http url loader factory
04-09 16:17:03.329  3080  3080 I cast_shell: [3083:3083:INFO:robot_account_auth_manager.cc(525)] Got CAS response: 200
04-09 16:17:03.330  3080  3080 I cast_shell: [3083:3083:INFO:metrics_recorder.cc(282)] cast event: Cast.Assistant.AuthError.NOT_LINKED
04-09 16:17:03.330  3080  3080 I cast_shell: [3083:3083:INFO:robot_account_auth_manager.cc(776)] Current error: NOT_LINKED, new error: NOT_LINKED
04-09 16:17:06.981  3080  3080 I cast_shell: [3083:3083:INFO:robot_account_auth_manager.cc(384)] Sending oauth request for client_id: 0
04-09 16:17:06.981  3080  3080 I cast_shell: [3083:3083:INFO:metrics_recorder.cc(282)] cast event: Cast.Assistant.Auth.FetchToken
04-09 16:17:06.982  3080  3080 I cast_shell: [3083:3098:INFO:chromium_http_connection.cc(436)] Creating a new chromium http url loader factory
04-09 16:17:07.211  3080  3080 I cast_shell: [3083:3083:INFO:robot_account_auth_manager.cc(525)] Got CAS response: 200
04-09 16:17:07.212  3080  3080 I cast_shell: [3083:3083:INFO:metrics_recorder.cc(282)] cast event: Cast.Assistant.AuthError.NOT_LINKED
04-09 16:17:07.212  3080  3080 I cast_shell: [3083:3083:INFO:robot_account_auth_manager.cc(776)] Current error: NOT_LINKED, new error: NOT_LINKED
04-09 16:17:08.218  3080  3080 I cast_shell: [3083:3083:INFO:cast_system_memory_pressure_evaluator.cc(179)] ConfigRelaxMemoryPressureThresholds, 0.1, 0.2
04-09 16:17:08.220  3080  3080 I cast_shell: [3490:3490:INFO:cast_content_renderer_client_internal.cc(83)] Render process started.
04-09 16:17:08.225  3080  3080 I cast_shell: [3083:3083:INFO:application_manager_impl.cc(1417)] Starting background app: CC1AD845 (Default Media Receiver), session_id=c6fafac4-a7fb-4bb6-ad55-5c655db3370a
04-09 16:17:08.226  3080  3080 I cast_shell: [3083:3083:INFO:cast_media_blocker.cc(43)] UpdatePlayingState media_loading_blocked=1 media_starting_blocked=0 suspended=1 controllable=0 paused_by_user=1
04-09 16:17:08.226  3080  3080 I cast_shell: [3083:3083:INFO:application_message_handler.cc(1747)] Scheduling IpcTimerCheck
04-09 16:17:08.226  3080  3080 I cast_shell: [3083:3134:INFO:v2_transport.cc(458)] Added Cast V2 endpoint: id=c6fafac4-a7fb-4bb6-ad55-5c655db3370a, socket_factory_id=[PII](bd710544-5a84-5947-52a4-3aec7439bc4a)
04-09 16:17:08.226  3080  3080 I cast_shell: [3083:3083:INFO:application_manager_impl.cc(1565)] App starting: CC1AD845 (Default Media Receiver), session_id=c6fafac4-a7fb-4bb6-ad55-5c655db3370a
04-09 16:17:08.226  3080  3080 I cast_shell: [3083:3133:INFO:mdns_util.cc(102)] Defaulting mDNS capabilities for audio-only build
04-09 16:17:08.227  3080  3080 I cast_shell: [3083:3083:INFO:application_identification_settings.cc(410)] new ApplicationIdentificationSettings session_id: c6fafac4-a7fb-4bb6-ad55-5c655db3370a app_id: CC1AD845 flags: 0 headers: 0
04-09 16:17:08.228  3080  3080 I cast_shell: [3083:3083:INFO:cast_media_blocker.cc(81)] MediaSessionInfoChanged media_loading_blocked=1 media_starting_blocked=0 is_suspended=1 is_controllable=0 paused_by_user=1
04-09 16:17:08.238  3080  3080 I cast_shell: [3083:3083:INFO:web_application.cc(817)] [c6fafac4] Supported bitstream audio codecs info: [codecs]None[spatial_rendering]None
04-09 16:17:08.238  3080  3080 I cast_shell: [3083:3083:INFO:cast_web_contents_impl.cc(242)] Load url: https://www.gstatic.com/cast/sdk/default_receiver/dogfood/app.html?skin=https://www.gstatic.com/eureka/player/0000/skins/cast/skin.css
04-09 16:17:08.239  3080  3080 I cast_shell: [3083:3083:INFO:cast_content_browser_client_internal.cc(975)] Disabling images support for application: CC1AD845
04-09 16:17:08.246  3080  3080 I cast_shell: [3083:3083:INFO:web_application.cc(991)] [c6fafac4] Page state changed: app=CC1AD845 page_state=LOADING
04-09 16:17:08.254  3080  3080 I cast_shell: [3083:3083:INFO:web_application.cc(585)] [c6fafac4] Updating app visibility to hidden for background mode.
04-09 16:17:08.255  3080  3080 I cast_shell: [3083:3083:INFO:application_manager_impl.cc(1579)] App pending: CC1AD845 (Default Media Receiver), session_id=c6fafac4-a7fb-4bb6-ad55-5c655db3370a
04-09 16:17:08.255  3080  3080 I cast_shell: [3083:3133:INFO:mdns_util.cc(102)] Defaulting mDNS capabilities for audio-only build
04-09 16:17:08.256  3080  3080 I cast_shell: [3083:3083:INFO:cast_renderer_oom_adj_manager.cc(82)] Registering renderer 3490
04-09 16:17:08.257  3080  3080 I cast_shell: [3083:3098:INFO:cast_renderer_oom_adj_manager.cc(90)] Adjusting OOM score for renderer(3490) to 400
04-09 16:17:08.257  3080  3080 I cast_shell: [3083:3098:WARNING:cast_renderer_oom_adj_manager.cc(92)] OOM score adjustment failed for renderer(3490)
04-09 16:17:08.283  3080  3080 I cast_shell: [3490:3490:INFO:media_playback_options.cc(70)] Render frame actions are blocked.
04-09 16:17:08.314  3080  3080 I cast_shell: [3490:3490:INFO:media_caps.cc(24)] ScreenResolutionChanged resolution=0x0
04-09 16:17:08.315  3080  3080 I cast_shell: [3490:3490:INFO:media_playback_options.cc(70)] Render frame actions are blocked.
04-09 16:17:08.316  3080  3080 I cast_shell: [3490:3490:INFO:media_caps.cc(54)] ScreenInfoChanged HDCP version=0 Supported EOTFs=0 DolbyVision flags=0 Screen size(mm): 0x0 cur mode HDR=0 cur mode DV=0
04-09 16:17:08.997  3080  3080 I cast_shell: [3490:3490:INFO:cast_content_client.cc(103)] Active URL: https://www.gstatic.com/cast/sdk/default_receiver/dogfood/app.html?skin=https://www.gstatic.com/eureka/player/0000/skins/cast/skin.css&google_cast_bg=true for origin 'null'
04-09 16:17:09.009  3080  3080 I cast_shell: [3083:3083:INFO:cast_content_client.cc(103)] Active URL: https://www.gstatic.com/cast/sdk/default_receiver/dogfood/app.html?skin=https://www.gstatic.com/eureka/player/0000/skins/cast/skin.css&google_cast_bg=true for origin 'null [internally: (B65688EDFC5B5BBB3A6CE27E35AF7180) anonymous]'
04-09 16:17:09.014  3080  3080 I cast_shell: [3083:3098:INFO:process_memory_recorder_utils.cc(43)] CC1AD845 using 38800kB memory
04-09 16:17:09.034  3080  3080 I cast_shell: [3490:3490:INFO:feature_manager.cc(174)] Enabling bindings: 
04-09 16:17:09.058  3080  3080 I cast_shell: [3490:3490:INFO:feature_manager.cc(174)] Enabling bindings: 
04-09 16:17:09.906  3080  3080 I cast_shell: [3083:3083:INFO:CONSOLE(116)] Cast App (CC1AD845): " [  0.001s] [cast.receiver.IpcChannel] Opening platform websocket ", source: https://www.gstatic.com/cast/sdk/libs/caf_receiver/v3/cast_receiver_framework.js (116)
04-09 16:17:09.917  3080  3080 I cast_shell: [3490:3490:INFO:media_source_impl.cc(363)] isTypeSupported("video/mp4;codecs=hev1.2.4.L153.B0") -> false (not supported by HTMLMediaElement)
04-09 16:17:09.918  3080  3080 I cast_shell: [3490:3490:INFO:media_source_impl.cc(363)] isTypeSupported("video/mp4;codecs=dvhe.04.06") -> false (not supported by HTMLMediaElement)
04-09 16:17:09.919  3080  3080 I cast_shell: [3083:3083:INFO:CONSOLE(1162)] Cast App (CC1AD845): "canDisplayType(video/mp4; codecs=hev1.2.4.L153.B0; eotf=smpte2084): Codec not supported.", source:  (1162)
04-09 16:17:09.920  3080  3080 I cast_shell: [3083:3083:INFO:CONSOLE(1162)] Cast App (CC1AD845): "canDisplayType(video/mp4; codecs=dvhe.04.06): Codec not supported.", source:  (1162)
04-09 16:17:09.920  3080  3080 I cast_shell: [3490:3490:INFO:media_source_impl.cc(363)] isTypeSupported("audio/mp4;codecs=ec-3") -> false (not supported by HTMLMediaElement)
04-09 16:17:09.921  3080  3080 I cast_shell: [3083:3083:INFO:CONSOLE(1162)] Cast App (CC1AD845): "canDisplayType(audio/mp4; codecs=ec-3; spatialRendering=true): Codec not supported.", source:  (1162)
04-09 16:17:09.930  3080  3080 I cast_shell: [3490:0xafc6aaa8]     1683 ms: Scavenge 1.8 (1.9) -> 1.6 (2.4) MB, 5.0 / 0.1 ms  (average mu = 1.000, current mu = 1.000) allocation failure 
04-09 16:17:09.937  3080  3080 I cast_shell: [3083:3083:INFO:CONSOLE(739)] Cast App (CC1AD845): "Lit is in dev mode. Not recommended for production! See https://lit.dev/msg/dev-mode for more information.", source: https://www.gstatic.com/cast/sdk/libs/caf_receiver/v3/cast_receiver_framework.js (739)
04-09 16:17:09.944  3080  3080 I cast_shell: [3083:3083:INFO:CONSOLE(36)] Cast App (CC1AD845): "Unknown queryable value: log-level-cast-receiver", source:  (36)
04-09 16:17:10.060  3080  3080 I cast_shell: [3083:3083:INFO:CONSOLE(836)] Cast App (CC1AD845): "CAST SDK CAF Version: 3.0.0103", source: https://www.gstatic.com/cast/sdk/libs/caf_receiver/v3/cast_receiver_framework.js (836)
04-09 16:17:10.080  3080  3080 I cast_shell: [3490:0xafc6aaa8]     1833 ms: Scavenge 2.3 (2.9) -> 2.1 (3.1) MB, 6.3 / 0.0 ms  (average mu = 1.000, current mu = 1.000) allocation failure 
04-09 16:17:10.104  3080  3080 I cast_shell: [3490:3490:INFO:html_media_element.cc(538)] HTMLMediaElement(0x512a2f30)
04-09 16:17:10.157  3080  3080 I cast_shell: [3490:3490:INFO:identification_settings_manager.cc(68)] CSS URL detected and replaced with empty text URI.
04-09 16:17:10.157  3080  3080 I cast_shell: [3490:3490:INFO:identification_settings_manager.cc(169)] WillStartResourceRequest: replacement URL found
04-09 16:17:10.581  3080  3080 I cast_shell: [3083:3083:INFO:CONSOLE(109)] Cast App (CC1AD845): "CAST SDK MPL Version: 1.0.0.113", source: https://www.gstatic.com/cast/sdk/libs/mediaplayer/1.0.0/media_player.js (109)
04-09 16:17:10.585  3080  3080 I cast_shell: [3083:3083:INFO:CONSOLE(36)] Cast App (CC1AD845): "Unknown queryable value: log-level-mpl", source:  (36)
04-09 16:17:11.554  3080  3080 I cast_shell: [3490:0xafc6aaa8]     3307 ms: Scavenge 3.2 (3.9) -> 3.1 (5.4) MB, 4.0 / 0.0 ms  (average mu = 1.000, current mu = 1.000) allocation failure 
04-09 16:17:11.570  3080  3080 I cast_shell: [3490:3490:INFO:media_source_impl.cc(388)] isTypeSupported("video/webm;codecs=vp9") -> true
04-09 16:17:11.575  3080  3080 I cast_shell: [3083:3083:INFO:CONSOLE(265)] Cast App (CC1AD845): "Valid VP9 codec string requires 4-9 fields, but codecId:vp9 has 1fields.", source:  (265)
04-09 16:17:11.577  3080  3080 I cast_shell: [3083:3083:INFO:CONSOLE(265)] Cast App (CC1AD845): "Valid VP9 codec string requires 4-9 fields, but codecId:vp9 has 1fields.", source:  (265)
04-09 16:17:11.577  3080  3080 I cast_shell: [3490:3490:INFO:media_source_impl.cc(388)] isTypeSupported("video/webm;codecs=vp09.00.10.08") -> true
04-09 16:17:11.577  3080  3080 I cast_shell: [3083:3083:INFO:CONSOLE(1162)] Cast App (CC1AD845): "canDisplayType(video/webm; codecs="vp9"): -> true", source:  (1162)
04-09 16:17:11.580  3080  3080 I cast_shell: [3083:3083:INFO:CONSOLE(1162)] Cast App (CC1AD845): "canDisplayType(video/webm; codecs="vp09.00.10.08"): -> true", source:  (1162)
04-09 16:17:11.590  3080  3080 I cast_shell: [3083:3083:INFO:CONSOLE(868)] Cast App (CC1AD845): "EmeEncryptionSchemePolyfill: Waiting to detect encryptionScheme support.", source: https://ajax.googleapis.com/ajax/libs/shaka-player/3.2.2/shaka-player.compiled.js (868)
04-09 16:17:11.591  3080  3080 I cast_shell: [3083:3083:INFO:CONSOLE(873)] Cast App (CC1AD845): "McEncryptionSchemePolyfill: Waiting to detect encryptionScheme support.", source: https://ajax.googleapis.com/ajax/libs/shaka-player/3.2.2/shaka-player.compiled.js (873)
04-09 16:17:11.607  3080  3080 I cast_shell: [3083:3083:INFO:cast_web_contents_impl.cc(712)] Finished loading page after 2620 ms, url=https://www.gstatic.com/cast/sdk/default_receiver/dogfood/app.html?skin=https://www.gstatic.com/eureka/player/0000/skins/cast/skin.css&google_cast_bg=true
04-09 16:17:11.607  3080  3080 I cast_shell: [3083:3083:INFO:web_application.cc(991)] [c6fafac4] Page state changed: app=CC1AD845 page_state=LOADED
04-09 16:17:11.614  3080  3080 I cast_shell: [3083:3083:INFO:application_message_handler.cc(704)] Cast V2 IPC connected: app_id=CC1AD845
04-09 16:17:11.616  3080  3080 I cast_shell: [3083:3083:INFO:application_message_handler.cc(868)] Received READY message from app
04-09 16:17:11.616  3080  3080 I cast_shell: [3083:3083:INFO:application_message_handler.cc(881)] SDK capabilities: {
04-09 16:17:11.617  3080  3080 I cast_shell:    "group_capabilities_supported": true,
04-09 16:17:11.617  3080  3080 I cast_shell:    "playback_device_status_supported": true,
04-09 16:17:11.617  3080  3080 I cast_shell:    "show_media_controls_supported": true
04-09 16:17:11.617  3080  3080 I cast_shell: }
04-09 16:17:11.617  3080  3080 I cast_shell: 
04-09 16:17:15.783  3080  3080 I cast_shell: [3083:3083:INFO:grpc_manager_impl.cc(505)] GRPC[uri=[::]:0]: num_pending_calls=0, num_active_handlers=0, num_free_handlers=0
04-09 16:17:15.783  3080  3080 I cast_shell: [3083:3083:INFO:grpc_manager_impl.cc(505)] GRPC[uri=]: num_pending_calls=0, num_active_handlers=0, num_free_handlers=0
04-09 16:17:15.838  3080  3080 I cast_shell: [3083:3083:INFO:grpc_manager_impl.cc(505)] GRPC[uri=unix:/tmp/hcp_ipc_auth.socket]: num_pending_calls=0, num_active_handlers=10, num_free_handlers=0
04-09 16:17:15.844  3080  3080 I cast_shell: [3083:3083:INFO:grpc_manager_impl.cc(505)] GRPC[uri=unix:/tmp/modular_updater/modular_update_service]: num_pending_calls=0, num_active_handlers=0, num_free_handlers=0
04-09 16:17:15.866  3080  3080 I cast_shell: [3083:3083:INFO:metrics_recorder.cc(112)] Metrics stat: total=41
04-09 16:17:15.866  3080  3080 I cast_shell: Cast.Assistant.Auth.FetchToken=3
04-09 16:17:15.866  3080  3080 I cast_shell: Cast.Assistant.AuthError.NOT_LINKED=3
04-09 16:17:15.866  3080  3080 I cast_shell: Cast.Auth.OK=1
04-09 16:17:15.866  3080  3080 I cast_shell: Cast.CRL.DownloadSuccess=1
04-09 16:17:15.866  3080  3080 I cast_shell: Cast.DCS.DownloadSuccess=1
04-09 16:17:15.866  3080  3080 I cast_shell: Cast.Discovery.Ble.Enabled=1
04-09 16:17:15.866  3080  3080 I cast_shell: Cast.Discovery.Mdns.Request.AppId.In=2
04-09 16:17:15.866  3080  3080 I cast_shell: Cast.Discovery.Mdns.Request.In=2
04-09 16:17:15.866  3080  3080 I cast_shell: Cast.Discovery.Mdns.Request.Namespace.In=2
04-09 16:17:15.866  3080  3080 I cast_shell: Cast.Discovery.Mdns.ResponderStarted=1
04-09 16:17:16.019  3080  3080 I cast_shell: [3083:3083:INFO:grpc_manager_impl.cc(505)] GRPC[uri=[::]:8012]: num_pending_calls=0, num_active_handlers=1, num_free_handlers=0
04-09 16:17:16.046  3080  3080 I cast_shell: [3083:3120:INFO:snr_tracker.cc(50)] snr = 49
04-09 16:17:18.221  3080  3080 I cast_shell: [3490:0xafc6aaa8]     9973 ms: Mark-sweep (reduce) 3.4 (5.6) -> 2.4 (3.9) MB, 13.5 / 0.4 ms  (+ 31.7 ms in 16 steps since start of marking, biggest step 17.2 ms, walltime since start of marking 54 ms) (average mu = 1.000, current mu = 1.000) finalize incremental marking via task GC in old space requested
04-09 16:17:18.856  3080  3080 I cast_shell: [3490:0xafc6aaa8]    10609 ms: Mark-sweep (reduce) 2.4 (3.9) -> 2.4 (3.9) MB, 4.6 / 0.2 ms  (+ 26.2 ms in 12 steps since start of marking, biggest step 15.7 ms, walltime since start of marking 36 ms) (average mu = 0.956, current mu = 0.956) finalize incremental marking via task GC in old space requested
04-09 16:17:24.501  3080  3080 I cast_shell: [3083:3091:INFO:heartbeat_manager.cc(268)] Set HBInterval from client: 120000
04-09 16:17:24.502  3080  3080 I cast_shell: [3083:3083:INFO:gcm_manager.cc(233)] GCM connection established.
04-09 16:17:28.230  3080  3080 I cast_shell: [3083:3133:INFO:mdns_app_filter.cc(2645)] MdnsAppFilter: responses sent in 40 seconds: 3
04-09 16:17:33.959  2956  2988 I SPOTIFY : ConnectionNotify event(0-Login, 1-Logout, rest Error) = 7 
04-09 16:17:42.784  3080  3080 I cast_shell: [3083:3123:INFO:metrics_recorder.cc(282)] Record action: Setup.eureka_info.Local
04-09 16:17:42.784  3080  3080 I cast_shell: [3083:3123:INFO:metrics_recorder.cc(282)] Record action: Setup.eureka_info.Local.200
04-09 16:17:45.195  2731  2742 I NetworkMonitor: Cast.Wifi.Failure.Type 0
04-09 16:17:45.199  3080  3080 I cast_shell: [3083:3123:INFO:metrics_recorder.cc(282)] Record action: Setup.eureka_info.Local
04-09 16:17:45.200  3080  3080 I cast_shell: [3083:3123:INFO:metrics_recorder.cc(282)] Record action: Setup.eureka_info.Local.200
04-09 16:17:45.202  2731  2742 I WifiUtil: get wlan0 channel 4 (2427MHz)
04-09 16:17:45.205  2711  2723 I yani_server: NetLink Event '-1' Interface-Index '5' WLAN '-1' Ethernet '-1' Parsed-iFill '-1' -> 'INVALID' ifIndex '1' -> 'lo'
04-09 16:17:46.094  3080  3080 I cast_shell: [3083:3120:INFO:snr_tracker.cc(50)] snr = 52
04-09 16:17:46.654  3080  3080 I cast_shell: [3083:3083:INFO:robot_account_auth_manager.cc(384)] Sending oauth request for client_id: 0
04-09 16:17:46.654  3080  3080 I cast_shell: [3083:3083:INFO:metrics_recorder.cc(282)] cast event: Cast.Assistant.Auth.FetchToken
04-09 16:17:46.654  3080  3080 I cast_shell: [3083:3098:INFO:chromium_http_connection.cc(436)] Creating a new chromium http url loader factory
04-09 16:17:46.882  3080  3080 I cast_shell: [3083:3083:INFO:robot_account_auth_manager.cc(525)] Got CAS response: 200
04-09 16:17:46.883  3080  3080 I cast_shell: [3083:3083:INFO:metrics_recorder.cc(282)] cast event: Cast.Assistant.AuthError.NOT_LINKED
04-09 16:17:46.883  3080  3080 I cast_shell: [3083:3083:INFO:robot_account_auth_manager.cc(776)] Current error: NOT_LINKED, new error: NOT_LINKED
04-09 16:17:48.400  2711  2723 I yani_server: NetLink Event '-1' Interface-Index '5' WLAN '0' Ethernet '-1' Parsed-iFill '-1' -> 'INVALID' ifIndex '1' -> 'lo'
04-09 16:17:48.403  2953  3158 I LibreCastControlDelegate: OnCastStatus() +++ AAA speaker:0xab253198:READY_TO_CAST
04-09 16:17:48.404  2952  2962 D wac-main: Netlink event
04-09 16:17:48.404  2952  2962 E wac-main: Netlink event 16 Interface Index 5 
04-09 16:17:48.404  2952  2962 E wac-main: Enter poll and wait
04-09 16:17:48.404  2952  2962 D wac-main: Netlink event
04-09 16:17:48.404  2952  2962 E wac-main: Netlink event 16 Interface Index 5 
04-09 16:17:48.404  2952  2962 E wac-main: Enter poll and wait
04-09 16:17:48.404  3080  3080 I cast_shell: [3083:3123:INFO:gatt_client_manager_impl.cc(202)] Enabling GATT client connectability
04-09 16:17:48.404  2953  3158 I LibreCastControlDelegate: Cast Device Name -> 'AAA speaker'
04-09 16:17:48.412  2711  2723 I yani_kernel: yani_geteventfrom_changeaddr() Message-Id '1' Netlink event '16' Interface Index '5' -> Name 'wlan0' 
04-09 16:17:59.924  3080  3080 I cast_shell: [3083:3083:WARNING:ccs_manager_impl.cc(1566)] Device does not have a weave device id
04-09 16:17:59.924  3080  3080 I cast_shell: [3083:3083:INFO:mdns_util.cc(102)] Defaulting mDNS capabilities for audio-only build
04-09 16:17:59.924  3080  3080 I cast_shell: [3083:3083:INFO:mdns_util.cc(102)] Defaulting mDNS capabilities for audio-only build
04-09 16:17:59.924  3080  3080 I cast_shell: [3083:3083:INFO:ccs_transport_https.cc(1203)] No cloud settings for register request
04-09 16:17:59.924  3080  3080 I cast_shell: [3083:3083:INFO:ccs_manager_impl.cc(1496)] Registering device with CCS: message_id = 872ea0dd-8546-49f6-bfcf-efd9f84ff5b3
04-09 16:17:59.924  3080  3080 I cast_shell: [3083:3083:INFO:ccs_manager_impl.cc(1497)] [PII] device_id = D23B92AB4B669165C18C9084B060EAE9
04-09 16:17:59.924  3080  3080 I cast_shell: [3083:3083:INFO:metrics_recorder.cc(282)] cast event: Cloud.Transport.Https.Register.Out
04-09 16:18:01.351  3080  3080 I cast_shell: [3083:3083:INFO:metrics_recorder.cc(282)] cast event: Cloud.Transport.Https.Register.Out.Success
04-09 16:18:01.351  3080  3080 I cast_shell: [3083:3083:INFO:ccs_manager_impl.cc(2485)] Succesfully registered with CCS
04-09 16:18:01.351  3080  3080 I cast_shell: [3083:3083:WARNING:ccs_transport_util.cc(409)] Auth info absent from the config reply from CCS.
04-09 16:18:01.351  3080  3080 I cast_shell: [3083:3083:WARNING:ccs_transport_util.cc(313)] Missing SensingSettings in the CCS config.
04-09 16:18:01.351  3080  3080 I cast_shell: [3083:3083:INFO:metrics_recorder.cc(282)] cast event: Cloud.Transport.Https.Config.In
04-09 16:18:01.351  3080  3080 I cast_shell: [3083:3083:INFO:ccs_manager_impl.cc(1150)] Handling CONFIG message from CCS.
04-09 16:18:01.351  3080  3080 I cast_shell: [3083:3083:INFO:ccs_manager_impl.cc(1151)] [PII] device_id=D23B92AB4B669165C18C9084B060EAE9
04-09 16:18:01.351  3080  3080 I cast_shell: [3083:3083:INFO:metrics_recorder.cc(282)] Record action: Cloud.Transport.Https.LinkedStatus.NotLinked
04-09 16:18:01.351  3080  3080 I cast_shell: [3083:3083:INFO:structure_info_from_home_graph.cc(53)] received config from home graph. Will use it: 1
04-09 16:18:01.351  3080  3080 I cast_shell: [3083:3083:INFO:structure_info_from_home_graph.cc(59)] Num devices in the structure: 0
04-09 16:18:01.351  3080  3080 I cast_shell: [3083:3083:INFO:ccs_heartbeat_listener.cc(56)] Setting heartbeat interval from CCS: 120000ms
04-09 16:18:04.352  3080  3080 I cast_shell: [3083:3083:INFO:robot_account_auth_manager.cc(384)] Sending oauth request for client_id: 3
04-09 16:18:04.353  3080  3080 I cast_shell: [3083:3083:INFO:metrics_recorder.cc(282)] cast event: Cast.Assistant.Auth.FetchToken
04-09 16:18:04.353  3080  3080 I cast_shell: [3083:3098:INFO:chromium_http_connection.cc(436)] Creating a new chromium http url loader factory
04-09 16:18:04.586  3080  3080 I cast_shell: [3083:3083:INFO:robot_account_auth_manager.cc(525)] Got CAS response: 200
04-09 16:18:04.587  3080  3080 I cast_shell: [3083:3083:INFO:metrics_recorder.cc(282)] cast event: Cast.Assistant.AuthError.NOT_LINKED
04-09 16:18:04.587  3080  3080 I cast_shell: [3083:3083:INFO:robot_account_auth_manager.cc(776)] Current error: NOT_LINKED, new error: NOT_LINKED
04-09 16:18:08.265  3080  3080 I cast_shell: [3083:3133:INFO:mdns_app_filter.cc(2645)] MdnsAppFilter: responses sent in 40 seconds: 4
04-09 16:18:15.785  3080  3080 I cast_shell: [3083:3083:INFO:grpc_manager_impl.cc(505)] GRPC[uri=[::]:0]: num_pending_calls=0, num_active_handlers=0, num_free_handlers=0
04-09 16:18:15.785  3080  3080 I cast_shell: [3083:3083:INFO:grpc_manager_impl.cc(515)] GRPC[uri=[::]:0]: service_name=chromecast.LocalCloudcastService, rpc_name=ExecuteActionScript, num_active_handlers=0, num_free_handlers=0
04-09 16:18:15.785  3080  3080 I cast_shell: [3083:3083:INFO:grpc_manager_impl.cc(515)] GRPC[uri=[::]:0]: service_name=chromecast.LocalCloudcastService, rpc_name=GetDeviceStatus, num_active_handlers=0, num_free_handlers=0
04-09 16:18:15.785  3080  3080 I cast_shell: [3083:3083:INFO:grpc_manager_impl.cc(515)] GRPC[uri=[::]:0]: service_name=chromecast.LocalCloudcastService, rpc_name=ObserveDeviceStatus, num_active_handlers=0, num_free_handlers=0
04-09 16:18:15.785  3080  3080 I cast_shell: [3083:3083:INFO:grpc_manager_impl.cc(505)] GRPC[uri=]: num_pending_calls=0, num_active_handlers=0, num_free_handlers=0
04-09 16:18:15.840  3080  3080 I cast_shell: [3083:3083:INFO:grpc_manager_impl.cc(505)] GRPC[uri=unix:/tmp/hcp_ipc_auth.socket]: num_pending_calls=0, num_active_handlers=10, num_free_handlers=0
04-09 16:18:15.840  3080  3080 I cast_shell: [3083:3083:INFO:grpc_manager_impl.cc(515)] GRPC[uri=unix:/tmp/hcp_ipc_auth.socket]: service_name=usonia.ipc.Auth, rpc_name=AuthReady, num_active_handlers=1, num_free_handlers=0
04-09 16:18:15.840  3080  3080 I cast_shell: [3083:3083:INFO:grpc_manager_impl.cc(515)] GRPC[uri=unix:/tmp/hcp_ipc_auth.socket]: service_name=usonia.ipc.Auth, rpc_name=Sign, num_active_handlers=1, num_free_handlers=0
04-09 16:18:15.840  3080  3080 I cast_shell: [3083:3083:INFO:grpc_manager_impl.cc(515)] GRPC[uri=unix:/tmp/hcp_ipc_auth.socket]: service_name=usonia.ipc.Auth, rpc_name=Verify, num_active_handlers=1, num_free_handlers=0
04-09 16:18:15.840  3080  3080 I cast_shell: [3083:3083:INFO:grpc_manager_impl.cc(515)] GRPC[uri=unix:/tmp/hcp_ipc_auth.socket]: service_name=usonia.ipc.DistributedServiceDiscovery, rpc_name=AddService, num_active_handlers=1, num_free_handlers=0
04-09 16:18:15.840  3080  3080 I cast_shell: [3083:3083:INFO:grpc_manager_impl.cc(515)] GRPC[uri=unix:/tmp/hcp_ipc_auth.socket]: service_name=usonia.ipc.DistributedServiceDiscovery, rpc_name=FetchAllPeerAddressList, num_active_handlers=1, num_free_handlers=0
04-09 16:18:15.840  3080  3080 I cast_shell: [3083:3083:INFO:grpc_manager_impl.cc(515)] GRPC[uri=unix:/tmp/hcp_ipc_auth.socket]: service_name=usonia.ipc.DistributedServiceDiscovery, rpc_name=IsServiceAllowed, num_active_handlers=1, num_free_handlers=0
04-09 16:18:15.840  3080  3080 I cast_shell: [3083:3083:INFO:grpc_manager_impl.cc(515)] GRPC[uri=unix:/tmp/hcp_ipc_auth.socket]: service_name=usonia.ipc.DistributedServiceDiscovery, rpc_name=ResolvePeerAddress, num_active_handlers=1, num_free_handlers=0
04-09 16:18:15.840  3080  3080 I cast_shell: [3083:3083:INFO:grpc_manager_impl.cc(515)] GRPC[uri=unix:/tmp/hcp_ipc_auth.socket]: service_name=usonia.ipc.DistributedServiceDiscovery, rpc_name=UpdateServiceObservers, num_active_handlers=1, num_free_handlers=0
04-09 16:18:15.840  3080  3080 I cast_shell: [3083:3083:INFO:grpc_manager_impl.cc(515)] GRPC[uri=unix:/tmp/hcp_ipc_auth.socket]: service_name=usonia.ipc.LeaderElector, rpc_name=LeaderElection, num_active_handlers=1, num_free_handlers=0
04-09 16:18:15.840  3080  3080 I cast_shell: [3083:3083:INFO:grpc_manager_impl.cc(515)] GRPC[uri=unix:/tmp/hcp_ipc_auth.socket]: service_name=usonia.ipc.TimeSynchronizer, rpc_name=ObserveCommonTime, num_active_handlers=1, num_free_handlers=0
04-09 16:18:15.845  3080  3080 I cast_shell: [3083:3083:INFO:grpc_manager_impl.cc(505)] GRPC[uri=unix:/tmp/modular_updater/modular_update_service]: num_pending_calls=0, num_active_handlers=0, num_free_handlers=0
04-09 16:18:15.845  3080  3080 I cast_shell: [3083:3083:INFO:grpc_manager_impl.cc(515)] GRPC[uri=unix:/tmp/modular_updater/modular_update_service]: service_name=chromecast.modular_update.ModularUpdateService, rpc_name=GetCastInfo, num_active_handlers=0, num_free_handlers=0
04-09 16:18:15.845  3080  3080 I cast_shell: [3083:3083:INFO:grpc_manager_impl.cc(515)] GRPC[uri=unix:/tmp/modular_updater/modular_update_service]: service_name=chromecast.modular_update.ModularUpdateService, rpc_name=ReportInstalledManifestVersion, num_active_handlers=0, num_free_handlers=0
04-09 16:18:15.845  3080  3080 I cast_shell: [3083:3083:INFO:grpc_manager_impl.cc(515)] GRPC[uri=unix:/tmp/modular_updater/modular_update_service]: service_name=chromecast.modular_update.ModularUpdateService, rpc_name=ReportMetricsEvent, num_active_handlers=0, num_free_handlers=0
04-09 16:18:15.845  3080  3080 I cast_shell: [3083:3083:INFO:grpc_manager_impl.cc(515)] GRPC[uri=unix:/tmp/modular_updater/modular_update_service]: service_name=chromecast.modular_update.ModularUpdateService, rpc_name=SendHttpRequest, num_active_handlers=0, num_free_handlers=0
04-09 16:18:15.845  3080  3080 I cast_shell: [3083:3083:INFO:grpc_manager_impl.cc(515)] GRPC[uri=unix:/tmp/modular_updater/modular_update_service]: service_name=chromecast.modular_update.ModularUpdateService, rpc_name=StreamHttpRequest, num_active_handlers=0, num_free_handlers=0
04-09 16:18:15.845  3080  3080 I cast_shell: [3083:3083:INFO:grpc_manager_impl.cc(515)] GRPC[uri=unix:/tmp/modular_updater/modular_update_service]: service_name=chromecast.modular_update.ModularUpdateService, rpc_name=SynchronousUpdateProgress, num_active_handlers=0, num_free_handlers=0
04-09 16:18:15.866  3080  3080 I cast_shell: [3083:3083:INFO:metrics_recorder.cc(112)] Metrics stat: total=14
04-09 16:18:15.866  3080  3080 I cast_shell: Cast.Assistant.Auth.FetchToken=2
04-09 16:18:15.866  3080  3080 I cast_shell: Cast.Assistant.AuthError.NOT_LINKED=2
04-09 16:18:15.866  3080  3080 I cast_shell: Cast.Discovery.Mdns.Request.AppId.In=3
04-09 16:18:15.866  3080  3080 I cast_shell: Cast.Discovery.Mdns.Request.In=3
