04-09 17:03:33.770  3078  3078 I cast_shell: [3081:3130:INFO:metrics_recorder.cc(282)] cast event: Cast.Discovery.Mdns.ResponderStarted
04-09 17:03:33.770  3078  3078 I cast_shell: [3081:3130:INFO:discovered_service_client.cc(78)] Primary interface for service discovery has changed: ifindex=9
04-09 17:03:33.770  3078  3078 I cast_shell: [3081:3120:INFO:ble_setup.cc(1106)] Cleared generated LAT.
04-09 17:03:33.770  3078  3078 I cast_shell: [3081:3120:WARNING:setup_manager_impl.cc(1136)] NAT not supported, no captive portal support.
04-09 17:03:33.770  3078  3078 I cast_shell: [3081:3120:INFO:setup_namespace_handler.cc(94)] Added a peer for setup namespace: domain-socket@/tmp/cast-control.1:system-0
04-09 17:03:33.777  2953  3156 I LibreCastControlDelegate: OnResponse() ReqeustID 1, error  0
04-09 17:03:33.814  2713  2725 E yani_server: YANI: I am Done Wait For Event 
04-09 17:03:33.815  2713  2725 I yani_kernel: yani_geteventfrom_changeaddr() Message-Id '1' Netlink event '20' Interface Index '6' -> Name 'p2p0' 
04-09 17:03:33.815  2713  2815 I yani_server: onNetworkParametersChanged() WAC Mode '0'  Index '2' Interface 'p2p0' Status '0'
04-09 17:03:33.815  2730  2742 I MB_HANDLER: YaniAlert() Interface '3' Status '0'
04-09 17:03:33.816  2714  2721 I lucitransport: writeRemoteMessage() MID = 124 buffer = 0#1,0#2,0#3,0#4,0
04-09 17:03:33.816  2714  2721 I luciUART: write() MID = 124  bytes = 27 data = 0#1,0#2,0#3,0#4,0 m_fd = 0x5
04-09 17:03:33.817  2731  2731 E AirableUIHelper: AirableUIHelper::YaniAlert  3 0 
04-09 17:03:33.817  2959  2964 I otamanager: YaniAlert() Interface 3 Status Down
04-09 17:03:33.817  2955  3002 I airplay-main: YaniAlert Interface 3 Status 0
04-09 17:03:33.819  2713  2725 I yani_server: NetLink Event '6' Interface-Index '6' WLAN '-1' Ethernet '-1' Parsed-iFill '6' -> 'P2P0 CONNECTED' ifIndex '2' -> 'tunl0'
04-09 17:03:33.820  2953  3156 I LibreCastControlDelegate: Active Applications -> 0
04-09 17:03:33.820  2953  3156 I LibreCastControlDelegate: Current Cast State '2' -> 'NOT_SETUP'
04-09 17:03:33.820  2953  3156 I LibreCastControlDelegate: OnCastStatus() ---
04-09 17:03:33.820  2953  3156 I LibreCastControlDelegate: OnCastStatus() +++ LSB9682:0xac793198:NOT_SETUP
04-09 17:03:33.820  2953  3156 I LibreCastControlDelegate: Device Build Number -> '1.52.272222'
04-09 17:03:33.820  2714  2723 I luciUART: write() MID = 208  bytes = 15 data = ssid: m_fd = 0x5
04-09 17:03:33.820  2953  3156 I librecast: updateCastBuildVersion() Version 1.52.272222
04-09 17:03:33.820  2714  2723 E LUCI_SERVER: NV_READ response= ssid:
04-09 17:03:33.821  2953  3156 I LibreCastControlDelegate: OnCastStatus() +++ Lyric Speaker Box 21f384:0xac793198:NOT_SETUP
04-09 17:03:33.821  2953  3156 I LibreCastControlDelegate: Device Build Number -> '1.52.272222'
04-09 17:03:33.821  2953  3156 I librecast: updateCastBuildVersion() Version 1.52.272222
04-09 17:03:33.821  2714  2721 I lucitransport: readRemoteMessage() MID char = 7 buffer = 1.52.272222
04-09 17:03:33.822  2953  3156 I LibreCastControlDelegate: Active Applications -> 0
04-09 17:03:33.822  2953  3156 I LibreCastControlDelegate: Current Cast State '2' -> 'NOT_SETUP'
04-09 17:03:33.823  2953  3156 I LibreCastControl: LibreCastControl_SetMultizoneAudioOutputDelay() delay '80000' usecs RequestId '3' pCastControl 0xf4b00728
04-09 17:03:33.823  2953  3156 I LibreCastControlDelegate: MultizoneDelay request ID 3 with delay 80000 usecs
04-09 17:03:33.823  2953  3156 I LibreCastControlDelegate: OnCastStatus() ---
04-09 17:03:33.828  2714  2722 E luciUART: UART:aa
04-09 17:03:33.828  2714  2722 E luciUART: UART:aa
04-09 17:03:33.828  2714  2722 E luciUART: UART:2
04-09 17:03:33.828  2714  2722 E luciUART: UART:0
04-09 17:03:33.828  2714  2722 E luciUART: UART:d0
04-09 17:03:33.828  2714  2722 E luciUART: UART:0
04-09 17:03:33.828  2714  2722 I chatty  : uid=0(root) UARTLUCIControl identical 2 lines
04-09 17:03:33.828  2714  2722 E luciUART: UART:0
04-09 17:03:33.829  2714  2722 E luciUART: UART:9
04-09 17:03:33.829  2714  2722 I luciUART: read() RemoteID = 43690 Command = 208 Type = 2 Status = 0 DataLen = 9
04-09 17:03:33.829  2714  2722 E luciUART: Error: full data not available yet! readBytes 0
04-09 17:03:33.852  2953  3156 I LibreCastControl: LibreCastControl_RequestGVAStatus() RequestId '5' pCastControl 0xf4b00728
04-09 17:03:33.853  2693  2693 I sh      : [0409/043333.852809:INFO:cast_message_service_impl.cc(1076)] CastMessageServiceImpl is ready
04-09 17:03:33.854  3078  3078 I cast_shell: [3081:3081:INFO:assistant_namespace_handler.cc(144)] Added a status listening peer for assistant namespace: domain-socket@/tmp/cast-control.1:system-0
04-09 17:03:33.854  2953  3156 I LibreCastControlDelegate: OnResponse() ReqeustID 5, error  0
04-09 17:03:34.343  3078  3078 I cast_shell: [3081:3081:INFO:crypto_manager.cc(278)] Public key: MIIBCgKCAQEAlRKu8Evhh6RZfppWsQ3Lo6j4KMSVyXcualFlKlhbe6j2Bk2xe8LZRzfETYfl0S0NUnEQnVnwDKP8SxpKzskfCjTJkK6dCx40iPOoOsR4YsYRMa3bugysC4bjeZnCdNyLVfydEFuGM5FReN5rTXKmrGdRmH0gBIvmHnKB1zHlb0LCZWPxKfYexzi1tjFY4a145p/wPoE97VFCU7r2g6ffPQOOcmjn2NBvw8oKSDqHiKhbK1Uu8S6jlBWc+tQ0vG9H9YaHb1P/NfVBYWUeithtEI4U+tKyEMPoboXCzTHfVz6Sul8y7D7dxCOrjU2YDI4INacqsiFGRLQRIgPJLVqbFQIDAQAB
04-09 17:03:34.343  3078  3078 I cast_shell: [3081:3081:INFO:crypto_manager.cc(289)] Public modulus: lRKu8Evhh6RZfppWsQ3Lo6j4KMSVyXcualFlKlhbe6j2Bk2xe8LZRzfETYfl0S0NUnEQnVnwDKP8SxpKzskfCjTJkK6dCx40iPOoOsR4YsYRMa3bugysC4bjeZnCdNyLVfydEFuGM5FReN5rTXKmrGdRmH0gBIvmHnKB1zHlb0LCZWPxKfYexzi1tjFY4a145p_wPoE97VFCU7r2g6ffPQOOcmjn2NBvw8oKSDqHiKhbK1Uu8S6jlBWc-tQ0vG9H9YaHb1P_NfVBYWUeithtEI4U-tKyEMPoboXCzTHfVz6Sul8y7D7dxCOrjU2YDI4INacqsiFGRLQRIgPJLVqbFQ
04-09 17:03:34.343  3078  3078 I cast_shell: [3081:3081:INFO:crypto_manager.cc(294)] Public exponent: AQAB
04-09 17:03:34.591  3078  3078 I cast_shell: [3081:3133:INFO:multizone_manager.cc(1889)] Initial discovery complete
04-09 17:03:34.591  3078  3078 I cast_shell: [3081:3130:INFO:mdns_app_filter.cc(1605)] Re-probing due to newly registered service '3': _googlezone
04-09 17:03:34.591  3078  3078 I cast_shell: [3081:3081:INFO:mdns_manager_impl.cc(311)] Successfully registered service: type=_googlezone
04-09 17:03:34.645  3160  3160 I dnsmasq : started, version 2.51 DNS disabled
04-09 17:03:34.645  3160  3160 I dnsmasq : compile time options: no-IPv6 GNU-getopt no-DBus no-I18N DHCP no-scripts no-TFTP
04-09 17:03:34.645  3160  3160 I dnsmasq : DHCP, IP range 192.168.255.250 -- 192.168.255.254, lease time 12h
04-09 17:03:34.648  2713  2725 I yani_server: doLotofWork() List of interface '4'
04-09 17:03:34.648  2713  2725 I yani_server: doLotofWork() Interface 'p2p0' ifr[0].ifr_name 'lo' ipaddress '127.0.0.1'
04-09 17:03:34.648  2713  2725 I yani_server: doLotofWork() Interface 'p2p0' ifr[1].ifr_name 'p2p0' ipaddress '192.168.255.249'
04-09 17:03:34.649  2713  2725 I yani_server: doLotofWork() returns 'REFILL WACMODE'
04-09 17:03:34.649  2713  2725 E yani_server: YANI: I am Done Wait For Event 
04-09 17:03:34.649  2713  2815 I yani_server: onNetworkParametersChanged() WAC Mode '1'  Index '2' Interface 'p2p0' Status '1'
04-09 17:03:34.650  2730  2742 I MB_HANDLER: YaniAlert() Interface '4' Status '1'
04-09 17:03:34.658  2714  2722 E luciUART: UART:aa
04-09 17:03:34.660  2714  2722 E luciUART: UART:aa
04-09 17:03:34.660  2714  2722 E luciUART: UART:2
04-09 17:03:34.660  2714  2722 E luciUART: UART:0
04-09 17:03:34.660  2714  2722 E luciUART: UART:d0
04-09 17:03:34.660  2714  2722 E luciUART: UART:0
04-09 17:03:34.660  2714  2722 I chatty  : uid=0(root) UARTLUCIControl identical 2 lines
04-09 17:03:34.660  2714  2722 E luciUART: UART:0
04-09 17:03:34.660  2714  2722 E luciUART: UART:9
04-09 17:03:34.660  2714  2722 I luciUART: read() RemoteID = 43690 Command = 208 Type = 2 Status = 0 DataLen = 9
04-09 17:03:34.660  2714  2722 E luciUART: Error: full data not available yet! readBytes 0
04-09 17:03:35.144  2734  2746 E WifiUtil: command: "SCAN" failed: FAIL-BUSY
04-09 17:03:35.144  2734  2746 W HotspotManager: hotspot already started
04-09 17:03:35.147  2713  2725 I yani_server: NetLink Event '-1' Interface-Index '5' WLAN '-1' Ethernet '-1' Parsed-iFill '-1' -> 'INVALID' ifIndex '1' -> 'lo'
04-09 17:03:35.148  3078  3078 I cast_shell: [3081:3120:INFO:gatt_client_manager_impl.cc(202)] Enabling GATT client connectability
04-09 17:03:35.150  3078  3078 I cast_shell: [3081:3120:INFO:ble_setup.cc(915)] Sign related info completed, no future EurekaInfo need sign.
04-09 17:03:35.150  3078  3078 I cast_shell: [3081:3120:INFO:gatt_client_manager_impl.cc(202)] Enabling GATT client connectability
04-09 17:03:35.150  3078  3078 I chatty  : uid=1000(chrome) /bin/logwrapper identical 1 line
04-09 17:03:35.150  3078  3078 I cast_shell: [3081:3120:INFO:gatt_client_manager_impl.cc(202)] Enabling GATT client connectability
04-09 17:03:35.152  2713  2725 I yani_server: NetLink Event '-1' Interface-Index '5' WLAN '0' Ethernet '-1' Parsed-iFill '-1' -> 'INVALID' ifIndex '1' -> 'lo'
04-09 17:03:35.156  2713  2725 I yani_server: NetLink Event '-1' Interface-Index '5' WLAN '0' Ethernet '-1' Parsed-iFill '-1' -> 'INVALID' ifIndex '1' -> 'lo'
04-09 17:03:35.158  2735  2761 E bt_btif : BTA_GATTS_AddService: rcb_idx = 0
04-09 17:03:35.159  2735  2761 I bluetoothtbd: [0409/043335.158997:INFO:gatt_api.cc(207)] GATTS_AddService
04-09 17:03:35.159  2735  2761 I bluetoothtbd: [0409/043335.159322:INFO:gatt_api.cc(317)] GATTS_AddService: service parsed correctly, now starting
04-09 17:03:35.166  2952  2962 D wac-main: Netlink event
04-09 17:03:35.166  2952  2962 E wac-main: Netlink event 16 Interface Index 6 
04-09 17:03:35.167  2952  2962 E wac-main: p2p0 event Link Changed : 1003 
04-09 17:03:35.167  2952  2962 E wac-main: Enter poll and wait
04-09 17:03:35.167  2713  2725 I yani_kernel: yani_geteventfrom_changeaddr() Message-Id '1' Netlink event '16' Interface Index '6' -> Name 'p2p0' 
04-09 17:03:35.168  3078  3078 I cast_shell: [3081:3120:INFO:ble_setup_manager.cc(744)] Started Bluetooth service
04-09 17:03:35.169  3158  3158 I hostapd : p2p0: IEEE 802.11 channel=6 mode=ht bw=20 htcaps=0x177f vhtcaps=0x0 cf_seg0=0 cf_seg1=0
04-09 17:03:35.182  2953  3156 I LibreCastControlDelegate: OnCastStatus() +++ Lyric Speaker Box 21f384:0xac793198:NOT_SETUP
04-09 17:03:35.182  2953  3156 I LibreCastControlDelegate: Device Build Number -> '1.52.272222'
04-09 17:03:35.182  2953  3156 I librecast: updateCastBuildVersion() Version 1.52.272222
04-09 17:03:35.182  2714  2721 I lucitransport: readRemoteMessage() MID char = 7 buffer = 1.52.272222
04-09 17:03:35.182  2953  3156 I LibreCastControlDelegate: Active Applications -> 0
04-09 17:03:35.182  2953  3156 I LibreCastControlDelegate: Current Cast State '2' -> 'NOT_SETUP'
04-09 17:03:35.182  2953  3156 I LibreCastControlDelegate: OnCastStatus() ---
04-09 17:03:35.189  2952  2962 D wac-main: Netlink event
04-09 17:03:35.190  2952  2962 E wac-main: Netlink event 16 Interface Index 6 
04-09 17:03:35.190  2952  2962 E wac-main: p2p0 event Link Changed : 11043 
04-09 17:03:35.190  2952  2962 E wac-main: p2p0 Changed Up 
04-09 17:03:35.190  2713  2725 I yani_kernel: yani_geteventfrom_changeaddr() Message-Id '1' Netlink event '16' Interface Index '6' -> Name 'p2p0' 
04-09 17:03:35.191  2952  2962 I wifiapi : newconn : 0xf5200718
04-09 17:03:35.191  2953  3156 I LibreCastControlDelegate: OnCastStatus() +++ Lyric Speaker Box 21f384:0xac793198:NOT_SETUP
04-09 17:03:35.191  2953  3156 I LibreCastControlDelegate: Device Build Number -> '1.52.272222'
04-09 17:03:35.191  2953  3156 I librecast: updateCastBuildVersion() Version 1.52.272222
04-09 17:03:35.192  2952  2962 I wifiapi : 'STATUS' command returned = 0
04-09 17:03:35.192  2714  2721 I lucitransport: readRemoteMessage() MID char = 7 buffer = 1.52.272222
04-09 17:03:35.192  2953  3156 I LibreCastControlDelegate: OnCastStatus() ---
04-09 17:03:36.141  3078  3078 I cast_shell: [3081:3089:ERROR:connectivity_checker_impl.cc(265)] Connectivity check failed: 400
04-09 17:03:36.593  3078  3078 I cast_shell: [3081:3130:INFO:mdns_app_filter.cc(1403)] MdnsAppFilter: Done probing.
04-09 17:03:37.148  3078  3078 I cast_shell: [3081:3089:ERROR:connectivity_checker_impl.cc(265)] Connectivity check failed: 400
04-09 17:03:37.596  3078  3078 I cast_shell: [3081:3081:INFO:grpc_service_discovery_impl.cc(185)] Mdns discovered google RPC for [PII](A0E15A7B682857592FB3ADAE6E95DDD7).
04-09 17:03:38.154  3078  3078 I cast_shell: [3081:3089:ERROR:connectivity_checker_impl.cc(265)] Connectivity check failed: 400
04-09 17:03:38.192  2952  2962 E wac-main: Enter poll and wait
04-09 17:03:38.597  3078  3078 I cast_shell: [3081:3130:INFO:mdns_app_filter.cc(1526)] MdnsAppFilter: Done announcing.
04-09 17:03:39.160  3078  3078 I cast_shell: [3081:3089:ERROR:connectivity_checker_impl.cc(265)] Connectivity check failed: 400
04-09 17:03:42.180  3078  3078 I chatty  : uid=1000(chrome) /bin/logwrapper identical 3 lines
04-09 17:03:43.188  3078  3078 I cast_shell: [3081:3089:ERROR:connectivity_checker_impl.cc(265)] Connectivity check failed: 400
04-09 17:03:43.281  3078  3078 I cast_shell: [3081:3120:ERROR:setup_state.cc(424)] Timeout for state=SETUP_STATE_CHECKING_GLOBAL_CONNECTIVITY(50): move to state=SETUP_STATE_CHECKING_GLOBAL_CONNECTIVITY_BAD_ROUTER(52).
04-09 17:03:43.281  3078  3078 I cast_shell: [3081:3120:INFO:setup_state.cc(261)] Setup state changed: SETUP_STATE_CHECKING_GLOBAL_CONNECTIVITY (50) -> SETUP_STATE_CHECKING_GLOBAL_CONNECTIVITY_BAD_ROUTER (52)
04-09 17:03:43.285  2953  3156 I LibreCastControlDelegate: OnCastStatus() +++ Lyric Speaker Box 21f384:0xac793198:NOT_SETUP
04-09 17:03:43.285  2953  3156 I LibreCastControlDelegate: Device Build Number -> '1.52.272222'
04-09 17:03:43.285  2953  3156 I librecast: updateCastBuildVersion() Version 1.52.272222
04-09 17:03:43.285  2714  2721 I lucitransport: readRemoteMessage() MID char = 7 buffer = 1.52.272222
04-09 17:03:43.285  2953  3156 I LibreCastControlDelegate: Active Applications -> 0
04-09 17:03:43.285  2953  3156 I LibreCastControlDelegate: Current Cast State '2' -> 'NOT_SETUP'
04-09 17:03:43.285  2953  3156 I LibreCastControlDelegate: OnCastStatus() ---
04-09 17:03:44.194  3078  3078 I cast_shell: [3081:3089:ERROR:connectivity_checker_impl.cc(265)] Connectivity check failed: 400
04-09 17:04:09.188  2734  2745 E NetworkMonitor: cannot find default IPv4 route for wlan0
04-09 17:04:09.189  2734  2745 E NetworkMonitor: cannot find default IPv6 route for wlan0
04-09 17:04:12.279  2734  2745 E NetworkMonitor: no response for /bin/ping -n -I wlan0 -c 10 -w 10 8.8.8.8
04-09 17:04:12.290  2734  2745 E NetworkMonitor: no response for /bin/ping6 -n -I wlan0 -c 10 -w 10 2001:4860:4860::8888
04-09 17:04:12.293  2734  2745 E NetworkMonitor: dns resolution failed
04-09 17:04:12.294  2734  2745 I NetworkMonitor: Cast.Wifi.Failure.Type 7
04-09 17:04:31.503  3078  3078 I chatty  : uid=1000(chrome) /bin/logwrapper identical 47 lines
04-09 17:04:32.510  3078  3078 I cast_shell: [3081:3089:ERROR:connectivity_checker_impl.cc(265)] Connectivity check failed: 400
04-09 17:04:32.835  3078  3078 I cast_shell: [3081:3081:INFO:grpc_manager_impl.cc(505)] GRPC[uri=[::]:0]: num_pending_calls=0, num_active_handlers=0, num_free_handlers=0
04-09 17:04:32.837  3078  3078 I cast_shell: [3081:3081:INFO:gcm_manager.cc(269)] Disabling GCM Driver
04-09 17:04:32.837  3078  3078 I cast_shell: [3081:3081:INFO:grpc_manager_impl.cc(505)] GRPC[uri=]: num_pending_calls=0, num_active_handlers=0, num_free_handlers=0
04-09 17:04:32.924  3078  3078 I cast_shell: [3081:3081:INFO:grpc_manager_impl.cc(505)] GRPC[uri=unix:/tmp/hcp_ipc_auth.socket]: num_pending_calls=0, num_active_handlers=10, num_free_handlers=0
04-09 17:04:32.930  3078  3078 I cast_shell: [3081:3081:INFO:grpc_manager_impl.cc(505)] GRPC[uri=unix:/tmp/modular_updater/modular_update_service]: num_pending_calls=0, num_active_handlers=0, num_free_handlers=0
04-09 17:04:32.953  3078  3078 I cast_shell: [3081:3081:INFO:metrics_recorder.cc(112)] Metrics stat: total=13
04-09 17:04:32.953  3078  3078 I cast_shell: Cast.Discovery.Mdns.ResponderStarted=2
04-09 17:04:32.953  3078  3078 I cast_shell: Cast.Discovery.Mdns.ResponderStopped=1
04-09 17:04:32.953  3078  3078 I cast_shell: Cast.Discovery.Mdns.SocketCreated=4
04-09 17:04:32.953  3078  3078 I cast_shell: Cast.Discovery.Mdns.SocketDestroyed=2
04-09 17:04:32.953  3078  3078 I cast_shell: Cast.System.Timezone.ChangeSuccessful=1
04-09 17:04:32.953  3078  3078 I cast_shell: CastV2.Connection.Connect.In=1
04-09 17:04:32.953  3078  3078 I cast_shell: CastV2.Receiver.DeviceStatus.Out=5
04-09 17:04:32.953  3078  3078 I cast_shell: CastV2.Receiver.DeviceStatus.Out.Broadcast=2
04-09 17:04:32.953  3078  3078 I cast_shell: CastV2.Receiver.GetStatus.In=1
04-09 17:04:32.953  3078  3078 I cast_shell: CastV2.Resource.Provider.In=1
04-09 17:04:33.098  3078  3078 I cast_shell: [3081:3081:INFO:metrics_recorder_impl.cc(672)] Activated server experiments: []
04-09 17:04:33.101  3078  3078 I cast_shell: [3081:3081:INFO:cast_logs_metrics_provider.cc(59)] netif is ipv4
04-09 17:04:33.101  3078  3078 I cast_shell: [3081:3081:ERROR:socket_posix.cc(148)] bind() failed: Address already in use (98)
04-09 17:04:33.101  3078  3078 I cast_shell: [3081:3081:INFO:net_util_impl.cc(1041)] Platform supports dual-stack
04-09 17:04:33.130  3078  3078 I cast_shell: [3081:3081:INFO:grpc_manager_impl.cc(505)] GRPC[uri=[::]:8012]: num_pending_calls=0, num_active_handlers=1, num_free_handlers=0
04-09 17:04:33.516  3078  3078 I cast_shell: [3081:3089:ERROR:connectivity_checker_impl.cc(265)] Connectivity check failed: 400
04-09 17:05:13.304  2734  2745 E NetworkMonitor: cannot find default IPv4 route for wlan0
04-09 17:05:13.305  2734  2745 E NetworkMonitor: cannot find default IPv6 route for wlan0
04-09 17:05:16.406  2734  2745 E NetworkMonitor: no response for /bin/ping -n -I wlan0 -c 10 -w 10 8.8.8.8
04-09 17:05:16.417  2734  2745 E NetworkMonitor: no response for /bin/ping6 -n -I wlan0 -c 10 -w 10 2001:4860:4860::8888
04-09 17:05:16.418  2734  2745 E NetworkMonitor: dns resolution failed
04-09 17:05:30.895  3078  3078 I chatty  : uid=1000(chrome) /bin/logwrapper identical 57 lines
04-09 17:05:31.901  3078  3078 I cast_shell: [3081:3089:ERROR:connectivity_checker_impl.cc(265)] Connectivity check failed: 400
04-09 17:05:32.837  3078  3078 I cast_shell: [3081:3081:INFO:grpc_manager_impl.cc(505)] GRPC[uri=[::]:0]: num_pending_calls=0, num_active_handlers=0, num_free_handlers=0
04-09 17:05:32.838  3078  3078 I cast_shell: [3081:3081:INFO:grpc_manager_impl.cc(505)] GRPC[uri=]: num_pending_calls=0, num_active_handlers=0, num_free_handlers=0
04-09 17:05:32.908  3078  3078 I cast_shell: [3081:3089:ERROR:connectivity_checker_impl.cc(265)] Connectivity check failed: 400
04-09 17:05:32.925  3078  3078 I cast_shell: [3081:3081:INFO:grpc_manager_impl.cc(505)] GRPC[uri=unix:/tmp/hcp_ipc_auth.socket]: num_pending_calls=0, num_active_handlers=10, num_free_handlers=0
04-09 17:05:32.932  3078  3078 I cast_shell: [3081:3081:INFO:grpc_manager_impl.cc(505)] GRPC[uri=unix:/tmp/modular_updater/modular_update_service]: num_pending_calls=0, num_active_handlers=0, num_free_handlers=0
04-09 17:05:32.953  3078  3078 I cast_shell: [3081:3081:INFO:metrics_recorder.cc(112)] Metrics stat: total=2
04-09 17:05:32.953  3078  3078 I cast_shell: Cast.Discovery.Mdns.ResponderPing=1
04-09 17:05:32.953  3078  3078 I cast_shell: Cast.Discovery.Mdns.SocketPing=2
04-09 17:05:33.092  3078  3078 I cast_shell: [3081:3120:INFO:wifi_proximity.cc(177)] Request scan.
04-09 17:05:33.131  3078  3078 I cast_shell: [3081:3081:INFO:grpc_manager_impl.cc(505)] GRPC[uri=[::]:8012]: num_pending_calls=0, num_active_handlers=1, num_free_handlers=0
04-09 17:05:33.915  3078  3078 I cast_shell: [3081:3089:ERROR:connectivity_checker_impl.cc(265)] Connectivity check failed: 400
04-09 17:06:02.098  3078  3078 I chatty  : uid=1000(chrome) /bin/logwrapper identical 28 lines
04-09 17:06:03.104  3078  3078 I cast_shell: [3081:3089:ERROR:connectivity_checker_impl.cc(265)] Connectivity check failed: 400
04-09 17:06:03.970  2735  2813 I bt_btm_ble: btm_ble_conn_complete unable to match and resolve random address
04-09 17:06:03.973  2735  2813 W bt_smp  : smp_br_connect_callback is called on unexpected transport 2
04-09 17:06:03.973  2735  2813 W bt_btif : bta_dm_acl_change info: 0x0
04-09 17:06:03.973  2735  2761 I bluetoothtbd: [0409/043603.973816:INFO:gatt_server.cc(280)] Added connection entry for conn_id: 5 device address: 71:11:9A:CF:F9:C3
04-09 17:06:03.974  2735  2761 D bt_btif_dm: remote version info [71:11:9a:cf:f9:c3]: 0, 0, 0
04-09 17:06:03.974  2735  2761 I bluetoothtbd: [0409/043603.974228:INFO:adapter.cc(719)] ACL state changed: 71:11:9A:CF:F9:C3 - connected: true
04-09 17:06:03.977  3078  3078 I cast_shell: [3081:3120:ERROR:bluetooth_v1_via_v2.cc(796)] Connection state changed. :c3 true
04-09 17:06:04.110  3078  3078 I cast_shell: [3081:3089:ERROR:connectivity_checker_impl.cc(265)] Connectivity check failed: 400
04-09 17:06:04.498  2735  2761 D bt_btif_scanner: btif_gatts_upstreams_evt: Unhandled event (26)
04-09 17:06:05.081  2735  2813 E bluetoothtbd: [0409/043605.081026:ERROR:gatt_sr.cc(743)] MTU request PDU with MTU size 515
04-09 17:06:05.081  2735  2813 W bt_l2cap: l2cble_set_fixed_channel_tx_data_length, request not supported
04-09 17:06:05.082  2735  2813 W bluetoothtbd: [0409/043605.081950:WARNING:gatt_utils.cc(837)] Call back not found for application conn_id=3
04-09 17:06:05.082  2735  2813 W bluetoothtbd: [0409/043605.082040:WARNING:gatt_utils.cc(837)] Call back not found for application conn_id=4
04-09 17:06:05.082  2735  2813 W bluetoothtbd: [0409/043605.082125:WARNING:gatt_utils.cc(837)] Call back not found for application conn_id=6
04-09 17:06:05.112  3078  3078 I cast_shell: [3081:3120:INFO:ble_setup.cc(322)] Record action: Setup.set_eureka_info.BLE.Locale
04-09 17:06:05.112  3078  3078 I cast_shell: [3081:3120:INFO:locale_manager.cc(576)] New locale: en-US
04-09 17:06:05.118  3078  3078 I cast_shell: [3081:3120:INFO:setup_state.cc(544)] EurekaInfoCalled: wifi_state=3, is_usable_ip_address=1, connected=0, is_initial_setup=1
04-09 17:06:05.118  3078  3078 I cast_shell: [3081:3120:INFO:setup_state.cc(261)] Setup state changed: SETUP_STATE_CHECKING_GLOBAL_CONNECTIVITY_BAD_ROUTER (52) -> SETUP_STATE_DISCONNECTED_EXTERNAL_CLIENT_ACCESSED (11)
04-09 17:06:05.118  3078  3078 I cast_shell: [3081:3105:INFO:media_manager_impl.cc(383)] TurnActive result: 0
04-09 17:06:05.119  3078  3078 I cast_shell: [3081:3089:ERROR:connectivity_checker_impl.cc(265)] Connectivity check failed: 400
04-09 17:06:05.130  2953  3156 I LibreCastControlDelegate: OnCastStatus() +++ Lyric Speaker Box 21f384:0xac793198:NOT_SETUP
04-09 17:06:05.131  2953  3156 I LibreCastControlDelegate: Device Build Number -> '1.52.272222'
04-09 17:06:05.131  2953  3156 I librecast: updateCastBuildVersion() Version 1.52.272222
04-09 17:06:05.131  2714  2721 I lucitransport: readRemoteMessage() MID char = 7 buffer = 1.52.272222
04-09 17:06:05.131  2953  3156 I LibreCastControlDelegate: Active Applications -> 0
04-09 17:06:05.131  2953  3156 I LibreCastControlDelegate: Current Cast State '2' -> 'NOT_SETUP'
04-09 17:06:05.131  2953  3156 I LibreCastControlDelegate: OnCastStatus() ---
04-09 17:06:05.132  2953  3156 I LibreCastControlDelegate: OnCastStatus() +++ Lyric Speaker Box 21f384:0xac793198:NOT_SETUP
04-09 17:06:05.132  2953  3156 I LibreCastControlDelegate: Device Build Number -> '1.52.272222'
04-09 17:06:05.132  2953  3156 I librecast: updateCastBuildVersion() Version 1.52.272222
04-09 17:06:05.133  2714  2721 I lucitransport: readRemoteMessage() MID char = 7 buffer = 1.52.272222
04-09 17:06:05.136  3078  3078 I cast_shell: [3081:3120:INFO:metrics_recorder.cc(282)] Record action: Setup.version.BLE
04-09 17:06:05.158  3078  3078 I cast_shell: [3081:3120:INFO:metrics_recorder.cc(282)] Record action: Setup.name_utf8.BLE
04-09 17:06:05.217  3078  3078 I cast_shell: [3081:3120:INFO:metrics_recorder.cc(282)] Record action: Setup.tos_accepted.BLE
04-09 17:06:05.240  3078  3078 I cast_shell: [3081:3120:INFO:metrics_recorder.cc(282)] Record action: Setup.state.BLE
04-09 17:06:05.262  3078  3078 I cast_shell: [3081:3120:INFO:metrics_recorder.cc(282)] Record action: Setup.ip_address.BLE
04-09 17:06:05.315  3078  3078 I cast_shell: [3081:3120:INFO:metrics_recorder.cc(282)] Record action: Setup.eureka_info_immutable_basic.BLE
04-09 17:06:05.359  3078  3078 I cast_shell: [3081:3120:INFO:metrics_recorder.cc(282)] Record action: Setup.eureka_info_mutable_reads.BLE
04-09 17:06:05.382  3078  3078 I cast_shell: [3081:3120:INFO:metrics_recorder.cc(282)] Record action: Setup.eureak_info_keys.BLE
04-09 17:06:05.464  2735  2761 D bt_btif_scanner: btif_gatts_upstreams_evt: Unhandled event (26)
04-09 17:06:05.660  3078  3078 I cast_shell: [3081:3120:INFO:metrics_recorder.cc(282)] Record action: Setup.eureka_info_immutable_basic.BLE
04-09 17:06:05.758  3078  3078 I cast_shell: [3081:3120:INFO:metrics_recorder.cc(282)] Record action: Setup.eureak_info_keys.BLE
04-09 17:06:05.906  2735  2761 D bt_btif_scanner: btif_gatts_upstreams_evt: Unhandled event (26)
04-09 17:06:05.922  3078  3078 I cast_shell: [3081:3120:INFO:metrics_recorder.cc(282)] Record action: Setup.eureak_info_keys.BLE
04-09 17:06:05.997  3078  3078 I chatty  : uid=1000(chrome) /bin/logwrapper identical 1 line
04-09 17:06:06.072  3078  3078 I cast_shell: [3081:3120:INFO:metrics_recorder.cc(282)] Record action: Setup.eureak_info_keys.BLE
04-09 17:06:06.126  3078  3078 I cast_shell: [3081:3089:ERROR:connectivity_checker_impl.cc(265)] Connectivity check failed: 400
04-09 17:06:06.148  3078  3078 I cast_shell: [3081:3120:INFO:metrics_recorder.cc(282)] Record action: Setup.eureak_info_keys.BLE
04-09 17:06:06.223  3078  3078 I cast_shell: [3081:3120:INFO:metrics_recorder.cc(282)] Record action: Setup.eureak_info_keys.BLE
04-09 17:06:06.298  3078  3078 I cast_shell: [3081:3120:INFO:metrics_recorder.cc(282)] Record action: Setup.i8n_info.BLE
04-09 17:06:06.702  3078  3078 I chatty  : uid=1000(chrome) /bin/logwrapper identical 5 lines
04-09 17:06:06.777  3078  3078 I cast_shell: [3081:3120:INFO:metrics_recorder.cc(282)] Record action: Setup.i8n_info.BLE
04-09 17:06:06.838  3078  3078 I cast_shell: [3081:3120:INFO:ble_setup.cc(322)] Record action: Setup.set_eureka_info.BLE.CountryCode
04-09 17:06:06.838  3078  3078 I cast_shell: [3081:3120:INFO:locale_manager.cc(639)] New country code: IN
04-09 17:06:06.840  2712  2712 I wpa_supplicant: wlan0: CTRL-EVENT-REGDOM-CHANGE init=USER type=COUNTRY alpha2=IN
04-09 17:06:06.844  2713  2725 I yani_server: NetLink Event '-1' Interface-Index '5' WLAN '-1' Ethernet '-1' Parsed-iFill '-1' -> 'INVALID' ifIndex '1' -> 'lo'
04-09 17:06:06.847  2713  2725 I yani_server: NetLink Event '-1' Interface-Index '5' WLAN '0' Ethernet '-1' Parsed-iFill '-1' -> 'INVALID' ifIndex '1' -> 'lo'
04-09 17:06:06.849  2953  3156 I LibreCastControlDelegate: OnCastStatus() +++ Lyric Speaker Box 21f384:0xac793198:NOT_SETUP
04-09 17:06:06.849  2953  3156 I LibreCastControlDelegate: Device Build Number -> '1.52.272222'
04-09 17:06:06.849  2953  3156 I librecast: updateCastBuildVersion() Version 1.52.272222
04-09 17:06:06.849  2714  2721 I lucitransport: readRemoteMessage() MID char = 7 buffer = 1.52.272222
04-09 17:06:06.849  2953  3156 I LibreCastControlDelegate: Active Applications -> 0
04-09 17:06:06.849  2953  3156 I LibreCastControlDelegate: Current Cast State '2' -> 'NOT_SETUP'
04-09 17:06:06.849  2953  3156 I LibreCastControlDelegate: OnCastStatus() ---
04-09 17:06:07.132  3078  3078 I cast_shell: [3081:3089:ERROR:connectivity_checker_impl.cc(265)] Connectivity check failed: 400
04-09 17:06:07.887  3078  3078 I cast_shell: [3081:3120:INFO:ble_setup.cc(322)] Record action: Setup.scan_wifi.BLE
04-09 17:06:07.888  3078  3078 I cast_shell: [3081:3120:WARNING:wifi_controller_wpa_supplicant.cc(797)] Wpa responses FAIL-BUSY, assuming it is associating, which will keep scan_results fresh.
04-09 17:06:08.139  3078  3078 I cast_shell: [3081:3089:ERROR:connectivity_checker_impl.cc(265)] Connectivity check failed: 400
04-09 17:06:09.145  3078  3078 I chatty  : uid=1000(chrome) /bin/logwrapper identical 1 line
04-09 17:06:10.152  3078  3078 I cast_shell: [3081:3089:ERROR:connectivity_checker_impl.cc(265)] Connectivity check failed: 400
04-09 17:06:10.203  2952  2962 D wac-main: Netlink event
04-09 17:06:10.203  2952  2962 E wac-main: Netlink event 16 Interface Index 5 
04-09 17:06:10.203  2952  2962 E wac-main: Enter poll and wait
04-09 17:06:10.203  2952  2962 D wac-main: Netlink event
04-09 17:06:10.203  2952  2962 E wac-main: Netlink event 16 Interface Index 5 
04-09 17:06:10.203  2952  2962 E wac-main: Enter poll and wait
04-09 17:06:10.203  2713  2725 I yani_kernel: yani_geteventfrom_changeaddr() Message-Id '1' Netlink event '16' Interface Index '5' -> Name 'wlan0' 
04-09 17:06:10.209  2713  2725 I yani_kernel: yani_geteventfrom_changeaddr() Message-Id '1' Netlink event '16' Interface Index '5' -> Name 'wlan0' 
04-09 17:06:10.219  2713  2725 I yani_server: NetLink Event '-1' Interface-Index '5' WLAN '-1' Ethernet '-1' Parsed-iFill '-1' -> 'INVALID' ifIndex '1' -> 'lo'
04-09 17:06:10.220  2713  2725 I yani_server: NetLink Event '-1' Interface-Index '5' WLAN '0' Ethernet '-1' Parsed-iFill '-1' -> 'INVALID' ifIndex '1' -> 'lo'
04-09 17:06:10.221  2713  2725 I chatty  : uid=0(root) YaniServer identical 2 lines
04-09 17:06:10.222  2713  2725 I yani_server: NetLink Event '-1' Interface-Index '5' WLAN '0' Ethernet '-1' Parsed-iFill '-1' -> 'INVALID' ifIndex '1' -> 'lo'
04-09 17:06:10.229  2953  3156 I LibreCastControlDelegate: OnCastStatus() +++ Lyric Speaker Box 21f384:0xac793198:NOT_SETUP
04-09 17:06:10.229  2953  3156 I LibreCastControlDelegate: Device Build Number -> '1.52.272222'
04-09 17:06:10.229  2953  3156 I librecast: updateCastBuildVersion() Version 1.52.272222
04-09 17:06:10.229  2714  2721 I lucitransport: readRemoteMessage() MID char = 7 buffer = 1.52.272222
04-09 17:06:10.229  2953  3156 I LibreCastControlDelegate: Active Applications -> 0
04-09 17:06:10.229  2953  3156 I LibreCastControlDelegate: Current Cast State '2' -> 'NOT_SETUP'
04-09 17:06:10.229  2953  3156 I LibreCastControlDelegate: OnCastStatus() ---
04-09 17:06:11.158  3078  3078 I cast_shell: [3081:3089:ERROR:connectivity_checker_impl.cc(265)] Connectivity check failed: 400
04-09 17:06:11.921  3078  3078 I cast_shell: [3081:3120:INFO:ble_setup.cc(322)] Record action: Setup.scan_wifi.BLE
04-09 17:06:11.925  2713  2725 I yani_server: NetLink Event '-1' Interface-Index '5' WLAN '0' Ethernet '-1' Parsed-iFill '-1' -> 'INVALID' ifIndex '1' -> 'lo'
04-09 17:06:12.165  3078  3078 I cast_shell: [3081:3089:ERROR:connectivity_checker_impl.cc(265)] Connectivity check failed: 400
04-09 17:06:14.179  3078  3078 I chatty  : uid=1000(chrome) /bin/logwrapper identical 2 lines
04-09 17:06:15.186  3078  3078 I cast_shell: [3081:3089:ERROR:connectivity_checker_impl.cc(265)] Connectivity check failed: 400
04-09 17:06:15.325  2952  2962 D wac-main: Netlink event
04-09 17:06:15.325  2952  2962 E wac-main: Netlink event 16 Interface Index 5 
04-09 17:06:15.325  2952  2962 E wac-main: Enter poll and wait
04-09 17:06:15.325  2952  2962 D wac-main: Netlink event
04-09 17:06:15.325  2952  2962 E wac-main: Netlink event 16 Interface Index 5 
04-09 17:06:15.325  2952  2962 E wac-main: Enter poll and wait
04-09 17:06:15.329  2713  2725 I yani_server: NetLink Event '-1' Interface-Index '5' WLAN '0' Ethernet '-1' Parsed-iFill '-1' -> 'INVALID' ifIndex '1' -> 'lo'
04-09 17:06:15.336  2713  2725 I chatty  : uid=0(root) YaniServer identical 5 lines
04-09 17:06:15.338  2713  2725 I yani_server: NetLink Event '-1' Interface-Index '5' WLAN '0' Ethernet '-1' Parsed-iFill '-1' -> 'INVALID' ifIndex '1' -> 'lo'
04-09 17:06:15.339  2953  3156 I LibreCastControlDelegate: OnCastStatus() +++ Lyric Speaker Box 21f384:0xac793198:NOT_SETUP
04-09 17:06:15.339  2953  3156 I LibreCastControlDelegate: Device Build Number -> '1.52.272222'
04-09 17:06:15.339  2953  3156 I librecast: updateCastBuildVersion() Version 1.52.272222
04-09 17:06:15.339  2714  2721 I lucitransport: readRemoteMessage() MID char = 7 buffer = 1.52.272222
04-09 17:06:15.340  2713  2725 I yani_server: NetLink Event '-1' Interface-Index '5' WLAN '0' Ethernet '-1' Parsed-iFill '-1' -> 'INVALID' ifIndex '1' -> 'lo'
04-09 17:06:15.346  2713  2725 I chatty  : uid=0(root) YaniServer identical 9 lines
04-09 17:06:15.346  2713  2725 I yani_server: NetLink Event '-1' Interface-Index '5' WLAN '0' Ethernet '-1' Parsed-iFill '-1' -> 'INVALID' ifIndex '1' -> 'lo'
04-09 17:06:15.346  2713  2725 I yani_kernel: yani_geteventfrom_changeaddr() Message-Id '1' Netlink event '16' Interface Index '5' -> Name 'wlan0' 
04-09 17:06:15.987  3078  3078 I cast_shell: [3081:3120:INFO:metrics_recorder.cc(282)] Record action: Setup.scan_results.BLE
04-09 17:06:16.062  3078  3078 I cast_shell: [3081:3120:INFO:metrics_recorder.cc(282)] Record action: Setup.scan_results.BLE
04-09 17:06:16.192  3078  3078 I cast_shell: [3081:3089:ERROR:connectivity_checker_impl.cc(265)] Connectivity check failed: 400
04-09 17:06:17.199  3078  3078 I chatty  : uid=1000(chrome) /bin/logwrapper identical 1 line
04-09 17:06:17.429  2734  2745 E NetworkMonitor: cannot find default IPv4 route for wlan0
04-09 17:06:17.430  2734  2745 E NetworkMonitor: cannot find default IPv6 route for wlan0
04-09 17:06:18.206  3078  3078 I cast_shell: [3081:3089:ERROR:connectivity_checker_impl.cc(265)] Connectivity check failed: 400
04-09 17:06:18.221  3078  3078 I cast_shell: [3081:3120:INFO:ble_setup.cc(322)] Record action: Setup.play_sound.BLE
04-09 17:06:18.224  3078  3078 I cast_shell: [3081:3098:INFO:synchronized_sound_player.cc(362)] Playing sound key 2
04-09 17:06:18.252  3078  3078 I cast_shell: [3081:3120:INFO:ble_setup.cc(322)] Record action: Setup.play_sound.BLE
04-09 17:06:18.254  3078  3078 I cast_shell: [3081:3098:INFO:synchronized_sound_player.cc(362)] Playing sound key 0
04-09 17:06:18.276  3078  3078 I cast_shell: [3081:3098:INFO:audio_decoder_software_wrapper.cc(86)] Using backend decoder for PCM
04-09 17:06:18.276  3078  3078 I cast_shell: [3081:3104:INFO:mixer_input_connection.cc(208)] Create 0xf3c7ecd0 (no_delay), content type: media, focus type: media, fill size: 512, algorithm fill size: 240, channel count: 2, input sample rate: 48000, start threshold: 3360, max queue size: 9600, socket: 0xf2838bd8
04-09 17:06:18.277  3078  3078 I cast_shell: [3081:3103:INFO:mixer_output_stream_alsa.cc(428)] ALSA buffer = 4096, period = 512
04-09 17:06:18.277  3078  3078 I cast_shell: [3081:3102:INFO:stream_mixer.cc(604)] Input source channel count = 2
04-09 17:06:18.277  3078  3078 I cast_shell: [3081:3102:INFO:stream_mixer.cc(607)] Dynamic channel count not enabled; using stereo
04-09 17:06:18.277  3078  3078 I cast_shell: [3081:3102:INFO:stream_mixer.cc(604)] Input source channel count = 2
04-09 17:06:18.277  3078  3078 I cast_shell: [3081:3102:INFO:stream_mixer.cc(607)] Dynamic channel count not enabled; using stereo
04-09 17:06:18.277  3078  3078 I cast_shell: [3081:3102:INFO:stream_mixer.cc(416)] Start with 0 active inputs
04-09 17:06:18.287  3078  3078 I cast_shell: [3081:3103:INFO:mixer_output_stream_alsa.cc(171)] snd_pcm_open: handle=0xf460fc88
04-09 17:06:18.302  3078  3078 I cast_shell: [3081:3103:INFO:mixer_output_stream_alsa.cc(346)] Sample rate changed from 0 to 48000
04-09 17:06:18.302  3078  3078 I cast_shell: [3081:3103:WARNING:mixer_output_stream_alsa.cc(379)] Requested period size (512 frames) does not match the actual period size (1024 frames). This may lead to an increase in CPU usage or an increase in audio latency.
04-09 17:06:18.302  3078  3078 I cast_shell: [3081:3103:INFO:filter_group.cc(340)] : 2ch@48000hz -> [GROUP]mix -> 2ch@48000hz
04-09 17:06:18.302  3078  3078 I cast_shell: [3081:3103:INFO:filter_group.cc(340)] [GROUP]mix: 2ch@48000hz -> [GROUP]linearize -> 2ch@48000hz
04-09 17:06:18.302  3078  3078 I cast_shell: [3081:3098:INFO:media_pipeline_backend_for_mixer.cc(276)] Audio ready to play
04-09 17:06:18.302  3078  3078 I cast_shell: [3081:3102:INFO:stream_mixer.cc(466)] Output 2 channels at 48000 samples per second
04-09 17:06:18.302  3078  3078 I cast_shell: [3081:3102:INFO:stream_mixer.cc(484)] Using 2 loopback channels
04-09 17:06:18.302  3078  3078 I cast_shell: [3081:3102:INFO:stream_mixer.cc(640)] Add input 0xf3c7ecd4 to mix @ 48000 samples per second. Is primary source? = 0
04-09 17:06:18.302  3078  3078 I cast_shell: [3081:3102:INFO:mixer_input.cc(361)] no_delay(0xf3c7ecd4): set volume limits to [0, 1]
04-09 17:06:18.302  3078  3078 I cast_shell: [3081:3102:INFO:mixer_input.cc(346)] no_delay(0xf3c7ecd4): type volume = 1, effective multiplier = 1
04-09 17:06:18.302  3078  3078 I cast_shell: [3081:3102:INFO:mixer_input.cc(395)] no_delay(0xf3c7ecd4): mute volume = 1, effective multiplier = 1
04-09 17:06:19.212  3078  3078 I cast_shell: [3081:3089:ERROR:connectivity_checker_impl.cc(265)] Connectivity check failed: 400
04-09 17:06:19.866  3078  3078 I cast_shell: [3081:3102:INFO:mixer_input_connection.cc(589)] End of stream for 0xf3c7ecd0
04-09 17:06:20.058  3078  3078 I cast_shell: [3081:3104:INFO:mixer_input_connection.cc(386)] Remove 0xf3c7ecd0
04-09 17:06:20.058  3078  3078 I cast_shell: [3081:3098:INFO:synchronized_sound_player.cc(496)] Finished playing sound
04-09 17:06:20.122  3078  3078 I cast_shell: [3081:3104:INFO:mixer_input_connection.cc(243)] Delete 0xf3c7ecd0
04-09 17:06:20.122  3078  3078 I cast_shell: [3081:3102:INFO:stream_mixer.cc(683)] Remove input 0xf3c7ecd4
04-09 17:06:20.122  3078  3078 I cast_shell: [3081:3102:INFO:stream_mixer.cc(774)] Close timeout
04-09 17:06:20.122  3078  3078 I cast_shell: [3081:3102:INFO:stream_mixer.cc(541)] Stop
04-09 17:06:20.122  3078  3078 I cast_shell: [3081:3089:INFO:loopback_audio_input.cc(194)] [REALIGN] loopback interrupted; reason = 4
04-09 17:06:20.122  3078  3078 I cast_shell: [3081:3081:INFO:cast_receiver_mojo.cc(844)] cast event : Cast.Platform.Audio.OutputInterrupted
04-09 17:06:20.207  3078  3078 I cast_shell: [3081:3103:INFO:mixer_output_stream_alsa.cc(293)] snd_pcm_close: handle=0xf460fc88
04-09 17:06:20.218  3078  3078 I cast_shell: [3081:3089:ERROR:connectivity_checker_impl.cc(265)] Connectivity check failed: 400
04-09 17:06:20.502  2734  2745 E NetworkMonitor: no response for /bin/ping -n -I wlan0 -c 10 -w 10 8.8.8.8
04-09 17:06:20.513  2734  2745 E NetworkMonitor: no response for /bin/ping6 -n -I wlan0 -c 10 -w 10 2001:4860:4860::8888
04-09 17:06:20.514  2734  2745 E NetworkMonitor: dns resolution failed
04-09 17:06:30.286  3078  3078 I chatty  : uid=1000(chrome) /bin/logwrapper identical 10 lines
04-09 17:06:31.293  3078  3078 I cast_shell: [3081:3089:ERROR:connectivity_checker_impl.cc(265)] Connectivity check failed: 400
04-09 17:06:31.301  3078  3078 I cast_shell: [3081:3120:INFO:ble_setup.cc(322)] Record action: Setup.connect_wifi.BLE
04-09 17:06:31.307  3078  3078 I cast_shell: [3081:3120:INFO:setup_manager_impl.cc(1965)] New value: pref=tos-accepted, value=1
04-09 17:06:31.307  3078  3078 I cast_shell: [3081:3120:INFO:api_connect_wifi.cc(86)] connect_wifi Auth: 7
04-09 17:06:31.307  3078  3078 I cast_shell: [3081:3120:INFO:api_connect_wifi.cc(90)] connect_wifi Cipher: 4
04-09 17:06:31.307  3078  3078 I cast_shell: [3081:3081:INFO:bluetooth_setup.cc(686)] Disabling connectability: no bonded devices.
04-09 17:06:31.307  3078  3078 I cast_shell: [3081:3081:INFO:cast_receiver_impl.cc(1100)] Leaving discovery-only mode
04-09 17:06:31.307  3078  3078 I cast_shell: [3081:3081:INFO:application_config_manager_impl.cc(566)] Enabling virtual device 6ab777e2-6437-9030-345a-6a334ace5f09
04-09 17:06:31.307  3078  3078 I cast_shell: [3081:3130:INFO:mdns_cast_service.cc(351)] Device discovery state is idle
04-09 17:06:31.307  3078  3078 I cast_shell: [3081:3130:INFO:mdns_util.cc(102)] Defaulting mDNS capabilities for audio-only build
04-09 17:06:31.320  3078  3078 I cast_shell: [3081:3120:INFO:wifi_controller_wpa_supplicant.cc(1188)] strongest_snr=24 wifi_interface_index=0
04-09 17:06:31.335  3078  3078 I cast_shell: [3081:3120:INFO:api_connect_wifi.cc(159)] [PII] Configuring wifi: ssid=Linksys16717_2G, auth=7, pairwise=4, id=0"
04-09 17:06:31.335  3078  3078 I cast_shell: [3081:3120:INFO:api_connect_wifi.cc(162)] Configuring wifi: otg =0, tethering_mode =0, wifi_auto_save_enabled=0
04-09 17:06:31.335  3078  3078 I cast_shell: [3081:3120:INFO:local_network_info_impl.cc(276)] CONNECTIVITY_ID changed:
04-09 17:06:31.335  3078  3078 I cast_shell: [3081:3120:INFO:setup_state.cc(261)] Setup state changed: SETUP_STATE_DISCONNECTED_EXTERNAL_CLIENT_ACCESSED (11) -> SETUP_STATE_SCANNING (20)
04-09 17:06:31.336  2713  2725 I yani_server: NetLink Event '-1' Interface-Index '5' WLAN '-1' Ethernet '-1' Parsed-iFill '-1' -> 'INVALID' ifIndex '1' -> 'lo'
04-09 17:06:31.336  3078  3078 I cast_shell: [3081:3120:INFO:bluetooth_manager.cc(115)] Record action: Cast.Bluetooth.DiscoveryMode.Disable
04-09 17:06:31.337  2735  2761 I bluetoothtbd: [0409/043631.337121:INFO:adapter.cc(551)] Adapter properties changed
04-09 17:06:31.338  3078  3078 I cast_shell: [3081:3081:INFO:ccs_manager_impl.cc(1799)] Connectivity ID has changed; Will re-register CCS
04-09 17:06:31.338  3078  3078 I cast_shell: [3081:3081:INFO:ccs_manager_impl.cc(851)] Network connectivity down for CcsManager
04-09 17:06:31.338  3078  3078 I cast_shell: [3081:3120:INFO:setup_state.cc(261)] Setup state changed: SETUP_STATE_SCANNING (20) -> SETUP_STATE_CHECKING_GLOBAL_CONNECTIVITY (50)
04-09 17:06:31.350  2953  3156 I LibreCastControlDelegate: OnCastStatus() +++ Lyric Speaker Box 21f384:0xac793198:OFFLINE
04-09 17:06:31.350  2953  3156 I LibreCastControlDelegate: Device Build Number -> '1.52.272222'
04-09 17:06:31.350  2953  3156 I librecast: updateCastBuildVersion() Version 1.52.272222
04-09 17:06:31.350  2714  2721 I lucitransport: readRemoteMessage() MID char = 7 buffer = 1.52.272222
04-09 17:06:31.350  2953  3156 I LibreCastControlDelegate: Active Applications -> 0
04-09 17:06:31.350  2953  3156 I LibreCastControlDelegate: Current Cast State '3' -> 'OFFLINE'
04-09 17:06:31.350  2953  3156 I LibreCastControlDelegate: OnCastStatus() ---
04-09 17:06:31.352  2953  3156 I LibreCastControlDelegate: OnCastStatus() +++ Lyric Speaker Box 21f384:0xac793198:OFFLINE
04-09 17:06:31.352  2953  3156 I LibreCastControlDelegate: Device Build Number -> '1.52.272222'
04-09 17:06:31.352  2953  3156 I librecast: updateCastBuildVersion() Version 1.52.272222
04-09 17:06:31.352  2714  2721 I lucitransport: readRemoteMessage() MID char = 7 buffer = 1.52.272222
04-09 17:06:31.352  2953  3156 I LibreCastControlDelegate: Active Applications -> 0
04-09 17:06:31.352  2953  3156 I LibreCastControlDelegate: Current Cast State '3' -> 'OFFLINE'
04-09 17:06:31.352  2953  3156 I LibreCastControlDelegate: OnCastStatus() ---
04-09 17:06:31.353  2953  3156 I LibreCastControlDelegate: OnCastStatus() +++ Lyric Speaker Box 21f384:0xac793198:OFFLINE
04-09 17:06:31.353  2953  3156 I LibreCastControlDelegate: Device Build Number -> '1.52.272222'
04-09 17:06:31.353  2953  3156 I librecast: updateCastBuildVersion() Version 1.52.272222
04-09 17:06:31.353  2714  2721 I lucitransport: readRemoteMessage() MID char = 7 buffer = 1.52.272222
04-09 17:06:31.857  3078  3078 I cast_shell: [3081:3120:INFO:metrics_recorder.cc(282)] Record action: Setup.version.BLE
04-09 17:06:31.903  3078  3078 I cast_shell: [3081:3120:INFO:metrics_recorder.cc(282)] Record action: Setup.tos_accepted.BLE
04-09 17:06:31.930  3078  3078 I cast_shell: [3081:3120:INFO:metrics_recorder.cc(282)] Record action: Setup.state.BLE
04-09 17:06:31.960  3078  3078 I cast_shell: [3081:3120:INFO:metrics_recorder.cc(282)] Record action: Setup.ip_address.BLE
04-09 17:06:32.300  3078  3078 I cast_shell: [3081:3089:ERROR:connectivity_checker_impl.cc(265)] Connectivity check failed: 400
04-09 17:06:32.308  3078  3078 I cast_shell: [3081:3081:INFO:grpc_service_discovery_impl.cc(185)] Mdns discovered google RPC for [PII](A0E15A7B682857592FB3ADAE6E95DDD7).
04-09 17:06:32.502  3078  3078 I cast_shell: [3081:3120:INFO:metrics_recorder.cc(282)] Record action: Setup.version.BLE
04-09 17:06:32.531  3078  3078 I cast_shell: [3081:3120:INFO:metrics_recorder.cc(282)] Record action: Setup.tos_accepted.BLE
04-09 17:06:32.561  3078  3078 I cast_shell: [3081:3120:INFO:metrics_recorder.cc(282)] Record action: Setup.state.BLE
04-09 17:06:32.590  3078  3078 I cast_shell: [3081:3120:INFO:metrics_recorder.cc(282)] Record action: Setup.ip_address.BLE
04-09 17:06:32.838  3078  3078 I cast_shell: [3081:3081:INFO:grpc_manager_impl.cc(505)] GRPC[uri=[::]:0]: num_pending_calls=0, num_active_handlers=0, num_free_handlers=0
04-09 17:06:32.839  3078  3078 I cast_shell: [3081:3081:INFO:grpc_manager_impl.cc(505)] GRPC[uri=]: num_pending_calls=0, num_active_handlers=0, num_free_handlers=0
04-09 17:06:32.926  3078  3078 I cast_shell: [3081:3081:INFO:grpc_manager_impl.cc(505)] GRPC[uri=unix:/tmp/hcp_ipc_auth.socket]: num_pending_calls=0, num_active_handlers=10, num_free_handlers=0
04-09 17:06:32.932  3078  3078 I cast_shell: [3081:3081:INFO:grpc_manager_impl.cc(505)] GRPC[uri=unix:/tmp/modular_updater/modular_update_service]: num_pending_calls=0, num_active_handlers=0, num_free_handlers=0
04-09 17:06:32.953  3078  3078 I cast_shell: [3081:3081:INFO:metrics_recorder.cc(112)] Metrics stat: total=10
04-09 17:06:32.953  3078  3078 I cast_shell: Setup.eureak_info_keys.BLE=7
04-09 17:06:32.953  3078  3078 I cast_shell: Setup.eureka_info_immutable_basic.BLE=2
04-09 17:06:32.953  3078  3078 I cast_shell: Setup.eureka_info_mutable_reads.BLE=1
04-09 17:06:32.953  3078  3078 I cast_shell: Setup.i8n_info.BLE=7
04-09 17:06:32.953  3078  3078 I cast_shell: Setup.ip_address.BLE=3
04-09 17:06:32.953  3078  3078 I cast_shell: Setup.name_utf8.BLE=1
04-09 17:06:32.953  3078  3078 I cast_shell: Setup.scan_results.BLE=2
04-09 17:06:32.953  3078  3078 I cast_shell: Setup.state.BLE=3
04-09 17:06:32.953  3078  3078 I cast_shell: Setup.tos_accepted.BLE=3
04-09 17:06:32.953  3078  3078 I cast_shell: Setup.version.BLE=3
04-09 17:06:33.131  3078  3078 I cast_shell: [3081:3081:INFO:grpc_manager_impl.cc(505)] GRPC[uri=[::]:8012]: num_pending_calls=0, num_active_handlers=1, num_free_handlers=0
04-09 17:06:33.132  3078  3078 I cast_shell: [3081:3120:INFO:metrics_recorder.cc(282)] Record action: Setup.version.BLE
04-09 17:06:33.161  3078  3078 I cast_shell: [3081:3120:INFO:metrics_recorder.cc(282)] Record action: Setup.tos_accepted.BLE
04-09 17:06:33.191  3078  3078 I cast_shell: [3081:3120:INFO:metrics_recorder.cc(282)] Record action: Setup.state.BLE
04-09 17:06:33.221  3078  3078 I cast_shell: [3081:3120:INFO:metrics_recorder.cc(282)] Record action: Setup.ip_address.BLE
04-09 17:06:33.306  3078  3078 I cast_shell: [3081:3089:ERROR:connectivity_checker_impl.cc(265)] Connectivity check failed: 400
04-09 17:06:33.311  3078  3078 I cast_shell: [3081:3130:INFO:mdns_app_filter.cc(1526)] MdnsAppFilter: Done announcing.
04-09 17:06:33.777  3078  3078 I cast_shell: [3081:3120:INFO:metrics_recorder.cc(282)] Record action: Setup.version.BLE
04-09 17:06:33.806  3078  3078 I cast_shell: [3081:3120:INFO:metrics_recorder.cc(282)] Record action: Setup.tos_accepted.BLE
04-09 17:06:33.835  3078  3078 I cast_shell: [3081:3120:INFO:metrics_recorder.cc(282)] Record action: Setup.state.BLE
04-09 17:06:33.865  3078  3078 I cast_shell: [3081:3120:INFO:metrics_recorder.cc(282)] Record action: Setup.ip_address.BLE
04-09 17:06:34.313  3078  3078 I cast_shell: [3081:3089:ERROR:connectivity_checker_impl.cc(265)] Connectivity check failed: 400
04-09 17:06:34.406  3078  3078 I cast_shell: [3081:3120:INFO:metrics_recorder.cc(282)] Record action: Setup.version.BLE
04-09 17:06:34.435  3078  3078 I cast_shell: [3081:3120:INFO:metrics_recorder.cc(282)] Record action: Setup.tos_accepted.BLE
04-09 17:06:34.465  3078  3078 I cast_shell: [3081:3120:INFO:metrics_recorder.cc(282)] Record action: Setup.state.BLE
04-09 17:06:34.495  3078  3078 I cast_shell: [3081:3120:INFO:metrics_recorder.cc(282)] Record action: Setup.ip_address.BLE
04-09 17:06:34.675  2712  2712 I wpa_supplicant: wlan0: Selected BSS :ef (level:-52 noise:-69 frequency:2427)
04-09 17:06:34.677  2712  2712 I wpa_supplicant: wlan0: SME: Trying to authenticate with c8:b3:73:44:ae:ef (SSID='Linksys16717_2G' freq=2427 MHz)
04-09 17:06:34.680  2713  2725 I yani_server: NetLink Event '-1' Interface-Index '5' WLAN '0' Ethernet '-1' Parsed-iFill '-1' -> 'INVALID' ifIndex '1' -> 'lo'
04-09 17:06:34.681  2713  2725 I chatty  : uid=0(root) YaniServer identical 2 lines
04-09 17:06:34.682  2713  2725 I yani_server: NetLink Event '-1' Interface-Index '5' WLAN '0' Ethernet '-1' Parsed-iFill '-1' -> 'INVALID' ifIndex '1' -> 'lo'
04-09 17:06:34.684  2952  2962 D wac-main: Netlink event
04-09 17:06:34.684  2952  2962 E wac-main: Netlink event 16 Interface Index 5 
04-09 17:06:34.684  2952  2962 E wac-main: Enter poll and wait
04-09 17:06:34.684  2952  2962 D wac-main: Netlink event
04-09 17:06:34.684  2952  2962 E wac-main: Netlink event 16 Interface Index 5 
04-09 17:06:34.684  2952  2962 E wac-main: Enter poll and wait
04-09 17:06:34.689  2713  2725 I yani_server: NetLink Event '-1' Interface-Index '5' WLAN '0' Ethernet '-1' Parsed-iFill '-1' -> 'INVALID' ifIndex '1' -> 'lo'
