04-09 15:33:05.991  3068  3068 I cast_shell: [3071:3071:INFO:mdns_manager_impl.cc(429)] Successfully updated service: type=_googlecast
04-09 15:33:05.991  3068  3068 I cast_shell: [3071:3071:INFO:virtual_device.cc(296)] Updated mDNS service for virtual device: id=4747421e-8aaf-df86-d000-3c3f4905e536
04-09 15:33:05.992  2966  3145 I LibreCastControlDelegate: OnCastStatus() +++ Attic speaker:0xab5ff198:NOT_SETUP
04-09 15:33:05.997  2966  3145 I LibreCastControlDelegate: OnCastStatus() +++ Attic speaker:0xab5ff198:NOT_SETUP
04-09 15:33:05.997  2966  3145 I LibreCastControlDelegate: Device Build Number -> '1.52.272222'
04-09 15:33:05.998  2966  3145 I librecast: updateCastBuildVersion() Version 1.52.272222
04-09 15:33:05.998  2713  2720 I lucitransport: readRemoteMessage() MID char = 7 buffer = 1.52.272222
04-09 15:33:05.998  3068  3068 I cast_shell: [3071:3110:INFO:metrics_recorder.cc(282)] cast event: Cast.System.Timezone.ChangeSuccessful
04-09 15:33:05.998  2966  3145 I LibreCastControlDelegate: Active Applications -> 0
04-09 15:33:05.998  2966  3145 I LibreCastControlDelegate: Current Cast State '2' -> 'NOT_SETUP'
04-09 15:33:05.998  2966  3145 I LibreCastControlDelegate: OnCastStatus() ---
04-09 15:33:06.048  3068  3068 I cast_shell: [3071:3110:INFO:ble_setup.cc(322)] Record action: Setup.save_wifi.BLE
04-09 15:33:06.050  3068  3068 I cast_shell: [3071:3110:INFO:wifi_controller_wpa_supplicant.cc(692)] Clear bssid from config for network id 0
04-09 15:33:06.053  3068  3068 I cast_shell: [3071:3110:INFO:setup_manager_impl.cc(1725)] Report action: Wifi.FirstConfigured
04-09 15:33:06.502  3068  3068 I cast_shell: [3071:3110:INFO:ble_setup.cc(789)] Missing required info for sign.
04-09 15:33:06.546  3068  3068 I cast_shell: [3071:3110:INFO:ble_setup.cc(915)] Sign related info completed, no future EurekaInfo need sign.
04-09 15:33:06.554  3068  3068 I cast_shell: [system_updater_dummy.cpp(139)] CheckUpdate 139
04-09 15:33:06.554  3068  3068 I cast_shell: [system_updater_dummy.cpp(148)] CheckUpdate 148 return
04-09 15:33:06.811  3068  3068 I cast_shell: [3071:3107:INFO:snr_tracker.cc(50)] snr = 44
04-09 15:33:06.999  3068  3068 I cast_shell: [3071:3120:INFO:mdns_app_filter.cc(1403)] MdnsAppFilter: Done probing.
04-09 15:33:07.097  3068  3068 I cast_shell: [3071:3110:INFO:metrics_recorder.cc(282)] Record action: Setup.state.BLE
04-09 15:33:07.156  3068  3068 I cast_shell: [3071:3071:INFO:lycra_gcm.cc(212)] Registered GCM handler
04-09 15:33:07.251  3068  3068 I cast_shell: [3071:3071:INFO:application_config_manager_impl.cc(683)] No capability tags found for app ID CC1AD845: using default capability tags 0
04-09 15:33:07.251  3068  3068 I cast_shell: [3071:3071:INFO:application_config_manager_impl.cc(637)] Virtual device not enabled: [PII](4747421e-8aaf-df86-d000-3c3f4905e536)
04-09 15:33:07.251  3068  3068 I cast_shell: [3071:3071:WARNING:application_config_manager_impl.cc(424)] App is not supported: id=CC1AD845
04-09 15:33:07.251  3068  3068 I cast_shell: [3071:3071:INFO:ccs_transport_gcm.cc(244)] Registered GCM handler
04-09 15:33:07.251  3068  3068 I cast_shell: [3071:3071:INFO:ccs_manager_impl.cc(1322)] Waiting for all transports to be enabled
04-09 15:33:07.253  3068  3068 I cast_shell: [3071:3120:INFO:mdns_app_filter.cc(2645)] MdnsAppFilter: responses sent in 152 seconds: 1
04-09 15:33:07.394  3068  3068 I cast_shell: [3071:3079:INFO:heartbeat_manager.cc(272)] Set HBInterval default: 1680000
04-09 15:33:07.395  3068  3068 I cast_shell: [3071:3071:INFO:gcm_manager.cc(233)] GCM connection established.
04-09 15:33:07.400  3068  3068 I cast_shell: [3071:3084:INFO:crl_downloader.cc(155)] CRL processed.
04-09 15:33:07.401  3068  3068 I cast_shell: [3071:3084:INFO:metrics_recorder.cc(282)] cast event: Cast.CRL.DownloadSuccess
04-09 15:33:07.401  3068  3068 I cast_shell: [3071:3084:INFO:client_auth_signer.cc(211)] Cast certificate verification: CastCertError::OK
04-09 15:33:07.401  3068  3068 I cast_shell: [3071:3084:INFO:metrics_recorder.cc(282)] cast event: Cast.Auth.OK
04-09 15:33:07.577  3068  3068 I cast_shell: [system_updater_dummy.cpp(139)] CheckUpdate 139
04-09 15:33:07.577  3068  3068 I cast_shell: [system_updater_dummy.cpp(148)] CheckUpdate 148 return
04-09 15:33:07.886  3068  3068 I cast_shell: [3071:3071:INFO:config_downloader.cc(700)] Received Protobuf config response
04-09 15:33:07.909  3068  3068 I cast_shell: [3071:3071:INFO:application_manager_impl.cc(2024)] max_background_apps changed to: 1
04-09 15:33:07.909  3068  3068 I cast_shell: [3071:3071:ERROR:modular_update_manager_impl.cc(382)] No modular updater app ID can be found in device config.
04-09 15:33:07.919  3068  3068 I cast_shell: [3071:3071:INFO:ccs_settings.cc(262)] CcsSettings using CCS url https://clients5.google.com/cast/cloudcast/
04-09 15:33:07.942  3068  3068 I cast_shell: [3071:3071:INFO:application_config_manager_impl.cc(528)] Setting default remote control app ID: 1374D8AA
04-09 15:33:07.942  3068  3068 I cast_shell: [3071:3071:INFO:application_identification_settings.cc(410)] new ApplicationIdentificationSettings session_id: 39cdd0c2-458c-4f57-b44f-68a928c747d2 app_id: 38579375 flags: 7 headers: 512
04-09 15:33:07.942  3068  3068 I cast_shell: [3071:3071:WARNING:ccs_manager_impl.cc(1566)] Device does not have a weave device id
04-09 15:33:07.942  3068  3068 I cast_shell: [3071:3071:INFO:mdns_util.cc(102)] Defaulting mDNS capabilities for audio-only build
04-09 15:33:07.942  3068  3068 I cast_shell: [3071:3071:INFO:mdns_util.cc(102)] Defaulting mDNS capabilities for audio-only build
04-09 15:33:07.942  3068  3068 I cast_shell: [3071:3071:INFO:ccs_transport_https.cc(1203)] No cloud settings for register request
04-09 15:33:07.949  3068  3068 I cast_shell: [3071:3071:INFO:ccs_manager_impl.cc(1496)] Registering device with CCS: message_id = 9017cc11-2c7f-4664-8296-476447e8ff29
04-09 15:33:07.949  3068  3068 I cast_shell: [3071:3071:INFO:ccs_manager_impl.cc(1497)] [PII] device_id = 9A13E47FA8377C08063DFE7F0DBF4CB4
04-09 15:33:07.949  3068  3068 I cast_shell: [3071:3071:INFO:application_identification_settings.cc(410)] new ApplicationIdentificationSettings session_id: 4667a2c1-f82c-4a73-b35e-51a28f64d778 app_id: 38579375 flags: 7 headers: 512
04-09 15:33:07.949  3068  3068 I cast_shell: [3071:3071:INFO:robot_account_auth_manager.cc(470)] Successfully initialized JWT for 38579375
04-09 15:33:07.949  3068  3068 I cast_shell: [3071:3071:INFO:config_downloader.cc(900)] Clearing local config cache
04-09 15:33:07.950  3068  3068 I cast_shell: [3071:3071:INFO:metrics_recorder.cc(282)] Record action: Cast.DCS.DownloadSuccess
04-09 15:33:07.950  3068  3068 I cast_shell: [3071:3071:INFO:key_exchange_namespace_handler.cc(178)] Changing key_exchange_support capability
04-09 15:33:07.951  2966  3145 I LibreCastControlDelegate: OnCastStatus() +++ Attic speaker:0xab5ff198:NOT_SETUP
04-09 15:33:07.952  2966  3145 I LibreCastControlDelegate: Device Build Number -> '1.52.272222'
04-09 15:33:07.952  2966  3145 I librecast: updateCastBuildVersion() Version 1.52.272222
04-09 15:33:07.952  2713  2720 I lucitransport: readRemoteMessage() MID char = 7 buffer = 1.52.272222
04-09 15:33:07.952  2966  3145 I LibreCastControlDelegate: Active Applications -> 0
04-09 15:33:07.952  2966  3145 I LibreCastControlDelegate: Current Cast State '2' -> 'NOT_SETUP'
04-09 15:33:07.952  2966  3145 I LibreCastControlDelegate: OnCastStatus() ---
04-09 15:33:07.955  3068  3068 I cast_shell: [3071:3071:INFO:mdns_util.cc(102)] Defaulting mDNS capabilities for audio-only build
04-09 15:33:07.956  3068  3068 I cast_shell: [3071:3071:INFO:chromecast_service.cc(2229)] AoGH feature is: 0
04-09 15:33:07.956  3068  3068 I cast_shell: [3071:3071:INFO:chromecast_service.cc(2189)] Geolocation changed to: 0
04-09 15:33:07.956  3068  3068 I cast_shell: [3071:3071:INFO:lycra_transport.cc(301)] Feature flag changed: false
04-09 15:33:07.956  3068  3068 I cast_shell: [3071:3120:INFO:mdns_util.cc(102)] Defaulting mDNS capabilities for audio-only build
04-09 15:33:07.956  3068  3068 I cast_shell: [3071:3071:INFO:chromecast_service.cc(2248)] Playback disruption feature is: 1
04-09 15:33:07.956  3068  3068 I cast_shell: [3071:3071:INFO:playback_disruption_service.cc(328)] Playback disruption service enabled and running
04-09 15:33:07.956  3068  3068 I cast_shell: [3071:3071:INFO:ccs_manager_impl.cc(864)] Re-registering single CCS device
04-09 15:33:07.956  3068  3068 I cast_shell: [3071:3071:WARNING:ccs_manager_impl.cc(1566)] Device does not have a weave device id
04-09 15:33:07.956  3068  3068 I cast_shell: [3071:3071:INFO:mdns_util.cc(102)] Defaulting mDNS capabilities for audio-only build
04-09 15:33:07.956  3068  3068 I cast_shell: [3071:3071:INFO:mdns_util.cc(102)] Defaulting mDNS capabilities for audio-only build
04-09 15:33:07.983  3068  3068 I cast_shell: [3071:3071:INFO:metrics_recorder.cc(282)] cast event: Cloud.Transport.Https.Register.Out
04-09 15:33:07.984  3068  3068 I cast_shell: [3071:3071:INFO:application_identification_settings.cc(1331)] CreateJwt completed; running all done signing callbacks.
04-09 15:33:07.984  3068  3068 I cast_shell: [3071:3071:INFO:robot_account_auth_manager.cc(496)] JWT expiry in 3600 seconds
04-09 15:33:07.984  3068  3068 I cast_shell: [3071:3071:INFO:robot_account_auth_manager.cc(384)] Sending oauth request for client_id: 0
04-09 15:33:07.985  3068  3068 I cast_shell: [3071:3071:INFO:metrics_recorder.cc(282)] cast event: Cast.Assistant.Auth.FetchToken
04-09 15:33:07.985  3068  3068 I cast_shell: [3071:3084:INFO:chromium_http_connection.cc(436)] Creating a new chromium http url loader factory
04-09 15:33:07.985  3068  3068 I cast_shell: [3071:3071:INFO:metrics_recorder.cc(282)] cast event: Cloud.Transport.Https.Register.Out
04-09 15:33:08.134  3068  3068 I cast_shell: [3071:3110:INFO:metrics_recorder.cc(282)] Record action: Setup.state.BLE
04-09 15:33:08.601  3068  3068 I cast_shell: [system_updater_dummy.cpp(139)] CheckUpdate 139
04-09 15:33:08.601  3068  3068 I cast_shell: [system_updater_dummy.cpp(148)] CheckUpdate 148 return
04-09 15:33:08.620  3068  3068 I cast_shell: [3071:3071:INFO:robot_account_auth_manager.cc(525)] Got CAS response: 200
04-09 15:33:08.620  3068  3068 I cast_shell: [3071:3071:INFO:metrics_recorder.cc(282)] cast event: Cast.Assistant.AuthError.NOT_LINKED
04-09 15:33:08.621  3068  3068 I cast_shell: [3071:3071:INFO:robot_account_auth_manager.cc(776)] Current error: TOKEN_NOT_FETCHED, new error: NOT_LINKED
04-09 15:33:08.621  3068  3068 I cast_shell: [3071:3071:INFO:user_auth_impl.cc(207)] Notified all the observers of new auth tokens.
04-09 15:33:08.884  2965  2976 D wac-main: Netlink event
04-09 15:33:08.884  2965  2976 E wac-main: Netlink event 16 Interface Index 5 
04-09 15:33:08.884  2965  2976 E wac-main: Enter poll and wait
04-09 15:33:08.884  2965  2976 D wac-main: Netlink event
04-09 15:33:08.884  2965  2976 E wac-main: Netlink event 16 Interface Index 5 
04-09 15:33:08.884  2965  2976 E wac-main: Enter poll and wait
04-09 15:33:08.888  2712  2724 I yani_server: NetLink Event '-1' Interface-Index '5' WLAN '0' Ethernet '-1' Parsed-iFill '-1' -> 'INVALID' ifIndex '1' -> 'lo'
04-09 15:33:08.890  2712  2724 I yani_server: NetLink Event '-1' Interface-Index '5' WLAN '0' Ethernet '-1' Parsed-iFill '-1' -> 'INVALID' ifIndex '1' -> 'lo'
04-09 15:33:08.894  2966  3145 I LibreCastControlDelegate: OnCastStatus() +++ Attic speaker:0xab5ff198:NOT_SETUP
04-09 15:33:08.894  2966  3145 I LibreCastControlDelegate: Device Build Number -> '1.52.272222'
04-09 15:33:08.960  3068  3068 I cast_shell: [3071:3071:INFO:grpc_service_discovery_impl.cc(185)] Mdns discovered google RPC for [PII](9A13E47FA8377C08063DFE7F0DBF4CB4).
04-09 15:33:09.168  3068  3068 I cast_shell: [3071:3110:INFO:metrics_recorder.cc(282)] Record action: Setup.state.BLE
04-09 15:33:09.228  3068  3068 I cast_shell: [3071:3121:INFO:metrics_recorder.cc(282)] Cast v2 action(socket_id=4747421e-8aaf-df86-d000-3c3f4905e536.2): CastV2.Connection.Connect.In
04-09 15:33:09.278  3068  3068 I cast_shell: [3071:3071:INFO:application_config_manager_impl.cc(637)] Virtual device not enabled: [PII](4747421e-8aaf-df86-d000-3c3f4905e536)
04-09 15:33:09.278  3068  3068 I cast_shell: [3071:3071:WARNING:application_config_manager_impl.cc(424)] App is not supported: id=CC1AD845
04-09 15:33:09.279  3068  3068 I cast_shell: [3071:3110:INFO:setup_namespace_handler.cc(94)] Added a peer for setup namespace: 4747421e-8aaf-df86-d000-3c3f4905e536.2:gms_cast_prober-1
04-09 15:33:09.280  3068  3068 I cast_shell: [3071:3110:INFO:setup_state.cc(544)] EurekaInfoCalled: wifi_state=10, is_usable_ip_address=1, connected=1, is_initial_setup=0
04-09 15:33:09.314  3068  3068 I cast_shell: [3071:3071:INFO:mdns_util.cc(102)] Defaulting mDNS capabilities for audio-only build
04-09 15:33:09.314  3068  3068 I cast_shell: [3071:3071:INFO:mdns_util.cc(102)] Defaulting mDNS capabilities for audio-only build
04-09 15:33:09.326  3068  3068 I cast_shell: [3071:3110:INFO:setup_namespace_handler.cc(104)] Removed a peer for setup namespace: 4747421e-8aaf-df86-d000-3c3f4905e536.2:gms_cast_prober-1
04-09 15:33:09.326  3068  3068 I cast_shell: [3071:3121:INFO:v2_ssl_socket.cc(358)] Stop reading on pending closed socket
04-09 15:33:09.549  2972  2996 I otamanager: OTA:curl response code : 0	
04-09 15:33:09.549  2972  2996 I otamanager: http status code : 200
04-09 15:33:09.549  2972  2996 I otamanager: OTA: contentLen :187.000000
04-09 15:33:09.556  2972  2996 I otamanager: OTA: bytesDownloaded = 187 m_iHttpStatusCode = 200 
04-09 15:33:09.561  2692  2692 I sh      : {
04-09 15:33:09.561  2972  2996 E otamanager: OTA:error string =  No update available
04-09 15:33:09.561  2692  2692 I sh      : 	"castVersion" : null,
04-09 15:33:09.561  2692  2692 I sh      : 	"crc" : null,
04-09 15:33:09.561  2692  2692 I sh      : 	"errorCode" : 1001,
04-09 15:33:09.561  2692  2692 I sh      : 	"errorString" : "No update available",
04-09 15:33:09.561  2692  2692 I sh      : 	"forceUpgrade" : true,
04-09 15:33:09.561  2692  2692 I sh      : 	"mcuOnlyUpdate" : false,
04-09 15:33:09.561  2713  2720 I lucitransport: writeRemoteMessage() MID = 223 buffer = NO_UPDATE
04-09 15:33:09.561  2713  2720 I luciUART: write() MID = 223  bytes = 19 data = NO_UPDATE m_fd = 0x5
04-09 15:33:09.562  2972  2996 I otamanager: Firmware Update State Change from CheckUpdate to Idle
04-09 15:33:09.562  3071  3078 E         : OOBE CheckUpdate
04-09 15:33:09.568  2972  2996 I otamanager: cast_updater_threadEntry() Response 'CheckUpdate' Current Firmware Update state 'Idle'
04-09 15:33:09.568  2972  2996 I otamanager: checkUpdate_l
04-09 15:33:09.568  2972  2996 I otamanager: Firmware Update State Change from Idle to CheckUpdate
04-09 15:33:09.568  3068  3068 I cast_shell: [system_updater_dummy.cpp(132)] CheckUpdate 132 no new version
04-09 15:33:09.568  3068  3068 I cast_shell: [3071:3078:INFO:update_engine_client_with_system_updater.cc(226)] No system force update, error_code=0
04-09 15:33:09.568  3068  3068 I cast_shell: [3071:3078:INFO:update_engine_client_with_system_updater.cc(167)] Checking system force update.
04-09 15:33:09.568  3068  3068 I cast_shell: [system_updater_dummy.cpp(109)] CheckUpdate
04-09 15:33:09.568  3068  3068 I cast_shell: [system_updater_dummy.cpp(148)] CheckUpdate 148 return
04-09 15:33:09.568  3068  3068 I cast_shell: [system_updater_dummy.cpp(148)] CheckUpdate 148 return
04-09 15:33:09.568  2713  2720 I lucitransport: readRemoteMessage() MID char = 232 buffer = TRUE
04-09 15:33:09.569  2972  2996 E otamanager: lo not valid Interface for MAC ID
04-09 15:33:09.569  2972  2996 D otamanager: OTA: wlan IP = 192.168.1.145
04-09 15:33:09.569  2972  2996 I otamanager: OTA:checkIP mac = cc909321f384  IP = 192.168.1.145 
04-09 15:33:09.570  2972  2996 I otamanager: DownloadHttpContent firmware version = eng.C4A.1203
04-09 15:33:09.574  2713  2720 I lucitransport: readRemoteMessage() MID char = 6 buffer = 1001
04-09 15:33:09.574  2713  2720 I lucitransport: readRemoteMessage() MID char = 7 buffer = 1.52.272222
04-09 15:33:09.574  2972  2996 I otamanager: OTA: DownloadHttpContent :payload =  {"device":{"brand":"COTODAMA","castVersion":"1.52.272222","deviceId":"cc909321f384","deviceType":"LS10_C4A","fwVersion":"1203","googleCast":true,"mcuVersion":"1001","model":"LSB"}}
04-09 15:33:09.574  2972  2996 I otamanager:  
04-09 15:33:09.574  2972  2996 I otamanager: OTA:------curlDownloadFirmwareXml---
04-09 15:33:09.574  2972  2996 I otamanager: OTA:isValidIpAddress: result 0
04-09 15:33:09.736  2972  2996 I otamanager: OTA:ResolveDNSName IP = 34.227.250.11
04-09 15:33:09.737  2972  2996 I otamanager: OTA:hostIp string: https://34.227.250.11/v1
04-09 15:33:09.737  2972  2996 I otamanager: OTA: trying after 2 sec 
04-09 15:33:09.963  3068  3068 I cast_shell: [3071:3120:INFO:mdns_app_filter.cc(1526)] MdnsAppFilter: Done announcing.
04-09 15:33:10.203  3068  3068 I cast_shell: [3071:3110:INFO:metrics_recorder.cc(282)] Record action: Setup.state.BLE
04-09 15:33:10.585  3068  3068 I cast_shell: [system_updater_dummy.cpp(139)] CheckUpdate 139
04-09 15:33:10.585  3068  3068 I cast_shell: [system_updater_dummy.cpp(148)] CheckUpdate 148 return
04-09 15:33:11.238  3068  3068 I cast_shell: [3071:3110:INFO:metrics_recorder.cc(282)] Record action: Setup.state.BLE
04-09 15:33:11.462  3068  3068 I cast_shell: [3071:3121:INFO:metrics_recorder.cc(282)] Cast v2 action(socket_id=4747421e-8aaf-df86-d000-3c3f4905e536.3): CastV2.Connection.Connect.In
04-09 15:33:11.463  3068  3068 I cast_shell: [3071:3110:INFO:setup_namespace_handler.cc(94)] Added a peer for setup namespace: 4747421e-8aaf-df86-d000-3c3f4905e536.3:gms_cast_prober-1
04-09 15:33:11.464  3068  3068 I cast_shell: [3071:3071:INFO:application_config_manager_impl.cc(637)] Virtual device not enabled: [PII](4747421e-8aaf-df86-d000-3c3f4905e536)
04-09 15:33:11.464  3068  3068 I cast_shell: [3071:3071:WARNING:application_config_manager_impl.cc(424)] App is not supported: id=CC1AD845
04-09 15:33:11.465  3068  3068 I cast_shell: [3071:3110:INFO:setup_state.cc(544)] EurekaInfoCalled: wifi_state=10, is_usable_ip_address=1, connected=1, is_initial_setup=0
04-09 15:33:11.500  2972  2996 I otamanager: OTA:curl response code : 0	
04-09 15:33:11.500  2972  2996 I otamanager: http status code : 200
04-09 15:33:11.501  2972  2996 I otamanager: OTA: contentLen :187.000000
04-09 15:33:11.511  2972  2996 I otamanager: OTA: bytesDownloaded = 187 m_iHttpStatusCode = 200 
04-09 15:33:11.511  2692  2692 I sh      : }{
04-09 15:33:11.512  2692  2692 I sh      : 	"castVersion" : null,
04-09 15:33:11.512  2692  2692 I sh      : 	"crc" : null,
04-09 15:33:11.512  2692  2692 I sh      : 	"errorCode" : 1001,
04-09 15:33:11.512  2692  2692 I sh      : 	"errorString" : "No update available",
04-09 15:33:11.512  2692  2692 I sh      : 	"forceUpgrade" : true,
04-09 15:33:11.512  2692  2692 I sh      : 	"mcuOnlyUpdate" : false,
04-09 15:33:11.512  2692  2692 I sh      : 	"otapackage" : null,
04-09 15:33:11.512  2692  2692 I sh      : 	"url" : null,
04-09 15:33:11.512  2692  2692 I sh      : 	"version" : null
04-09 15:33:11.513  2972  2996 E otamanager: OTA:error string =  No update available
04-09 15:33:11.513  2713  2720 I lucitransport: writeRemoteMessage() MID = 223 buffer = NO_UPDATE
04-09 15:33:11.513  2713  2720 I luciUART: write() MID = 223  bytes = 19 data = NO_UPDATE m_fd = 0x5
04-09 15:33:11.513  2972  2996 I otamanager: Firmware Update State Change from CheckUpdate to Idle
04-09 15:33:11.514  3068  3068 I cast_shell: [system_updater_dummy.cpp(132)] CheckUpdate 132 no new version
04-09 15:33:11.514  3068  3068 I cast_shell: [3071:3078:INFO:update_engine_client_with_system_updater.cc(226)] No system force update, error_code=0
04-09 15:33:11.514  3068  3068 I cast_shell: [3071:3110:INFO:setup_state.cc(261)] Setup state changed: SETUP_STATE_CONNECTED_WIFI_NOT_SAVED (61) -> SETUP_STATE_CONNECTED (60)
04-09 15:33:11.514  3068  3068 I cast_shell: [3071:3110:INFO:setup_manager_impl.cc(1019)] Setup discoverability is disabled
04-09 15:33:11.514  3068  3068 I cast_shell: [3071:3110:INFO:ble_setup_manager.cc(758)] Clearing setup read attributes
04-09 15:33:11.515  3068  3068 I cast_shell: [3071:3110:INFO:gatt_client_manager_impl.cc(202)] Enabling GATT client connectability
04-09 15:33:11.515  3068  3068 I cast_shell: [3071:3110:INFO:ble_setup_manager.cc(620)] Stopped Bluetooth service
04-09 15:33:11.515  3068  3068 I cast_shell: [3071:3110:INFO:ble_setup.cc(423)] BLE setup stopped.
04-09 15:33:04.046  2733  2748 I chatty  : uid=0(root) /bin/net_mgr identical 2 lines
04-09 15:33:04.049  2733  2748 I NetworkMonitor: turn off power-save
04-09 15:33:11.515  2733  2748 I HotspotManager: hotspot stop
04-09 15:33:11.515  2733  2748 I HotspotManager: stop dnsmasq
04-09 15:33:11.516  3149  3149 I dnsmasq : exiting on receipt of SIGTERM
04-09 15:33:11.517  3068  3068 I cast_shell: [3071:3078:INFO:hotspot_manager.cc(211)] Stop: id=1
04-09 15:33:11.530  3068  3068 I cast_shell: [3071:3071:INFO:cast_receiver_impl.cc(1100)] Leaving discovery-only mode
04-09 15:33:11.532  3068  3068 I cast_shell: [3071:3071:INFO:application_config_manager_impl.cc(566)] Enabling virtual device 4747421e-8aaf-df86-d000-3c3f4905e536
04-09 15:33:11.532  3068  3068 I cast_shell: [3071:3071:INFO:ble_discovery_controller.cc(121)] Starting BLE discovery
04-09 15:33:11.532  3068  3068 I cast_shell: [3071:3110:INFO:gatt_client_manager_impl.cc(202)] Enabling GATT client connectability
04-09 15:33:11.532  3068  3068 I chatty  : uid=1000(chrome) /bin/logwrapper identical 1 line
04-09 15:33:11.532  3068  3068 I cast_shell: [3071:3110:INFO:gatt_client_manager_impl.cc(202)] Enabling GATT client connectability
04-09 15:33:11.532  3068  3068 I cast_shell: [3071:3110:INFO:ble_setup_manager.cc(744)] Started Bluetooth service
04-09 15:33:11.532  3068  3068 I cast_shell: [3071:3071:INFO:mdns_util.cc(102)] Defaulting mDNS capabilities for audio-only build
04-09 15:33:11.532  3068  3068 I cast_shell: [3071:3071:INFO:mdns_util.cc(102)] Defaulting mDNS capabilities for audio-only build
04-09 15:33:11.532  3068  3068 I cast_shell: [3071:3110:INFO:gatt_client_manager_impl.cc(202)] Enabling GATT client connectability
04-09 15:33:11.532  3068  3068 I cast_shell: [3071:3120:INFO:mdns_cast_service.cc(351)] Device discovery state is idle
04-09 15:33:11.533  2966  3145 I LibreCastControlDelegate: OnCastStatus() +++ Attic speaker:0xab5ff198:READY_TO_CAST
04-09 15:33:11.534  2966  3145 I LibreCastControlDelegate: Cast Device Name -> 'Attic speaker'
04-09 15:33:11.534  2966  3145 I librecast: OldFriendlyName '' & New name change By Cast 'Attic speaker' isfirstbootup 56 m_updatedonebyluci 95
04-09 15:33:11.534  2966  3145 I librecast:  Difference in FriendlyName notify all  
04-09 15:33:11.534  2966  3145 I LibreCastControl: LibreCastControl_SetCastName()  name 'Attic speaker' RequestId '6' pCastControl 0xf5000728
04-09 15:33:11.535  2713  2720 I lucitransport: writeRemoteMessage() MID = 90 buffer = Attic speaker
04-09 15:33:11.535  2713  2720 I luciUART: write() MID = 90  bytes = 23 data = Attic speaker m_fd = 0x5
04-09 15:33:11.536  2713  2720 I lucitransport: writeLocalMessage() MID = 90 buffer = Attic speaker
04-09 15:33:11.536  2713  2722 E LUCI_SERVER: Luci Server Thread wait over MID 90....
04-09 15:33:11.539  2966  3145 I LibreCastControlDelegate: Device Build Number -> '1.52.272222'
04-09 15:33:11.539  2966  3145 I librecast: updateCastBuildVersion() Version 1.52.272222
04-09 15:33:11.540  2713  2720 I lucitransport: readRemoteMessage() MID char = 7 buffer = 1.52.272222
04-09 15:33:11.540  2966  3145 I LibreCastControlDelegate: Active Applications -> 0
04-09 15:33:11.540  2966  3145 I LibreCastControlDelegate: Current Cast State '6' -> 'READY_TO_CAST'
04-09 15:33:11.540  2966  3145 I LibreCastControlDelegate: OnCastStatus() ---
04-09 15:33:11.545  2966  3145 I LibreCastControlDelegate: OnResponse() ReqeustID 6, error  0
04-09 15:33:11.547  2736  2773 I bluetoothtbd: [0409/030311.547648:INFO:adapter.cc(551)] Adapter properties changed
04-09 15:33:11.547  2736  2773 I bluetoothtbd: [0409/030311.547803:INFO:adapter.cc(573)] Adapter name changed
04-09 15:33:11.548  3068  3068 I cast_shell: [3071:3110:INFO:bluetooth_manager.cc(1232)] [PII] Set device name to 'Attic speaker'
04-09 15:33:11.551  3068  3068 I cast_shell: [3071:3071:INFO:device_info_impl.cc(1133)] SSDP Config ID is increased: id=6
04-09 15:33:11.554  3068  3068 I cast_shell: [3071:3071:INFO:ccs_manager_impl.cc(1842)] Postponing device name update while registering
04-09 15:33:11.554  3068  3068 I cast_shell: [3071:3120:INFO:mdns_util.cc(102)] Defaulting mDNS capabilities for audio-only build
04-09 15:33:11.556  2966  3145 I LibreCastControlDelegate: OnCastStatus() +++ Attic speaker:0xab5ff198:READY_TO_CAST
04-09 15:33:11.557  3068  3068 I cast_shell: [3071:3071:INFO:mdns_manager_impl.cc(429)] Successfully updated service: type=_googlecast
04-09 15:33:11.557  3068  3068 I cast_shell: [3071:3071:INFO:virtual_device.cc(296)] Updated mDNS service for virtual device: id=4747421e-8aaf-df86-d000-3c3f4905e536
04-09 15:33:11.557  2966  3145 I LibreCastControlDelegate: Cast Device Name -> 'Attic speaker'
04-09 15:33:11.557  2966  3145 I librecast: OldFriendlyName '' & New name change By Cast 'Attic speaker' isfirstbootup 56 m_updatedonebyluci 95
04-09 15:33:11.557  2966  3145 I librecast:  Difference in FriendlyName notify all  
04-09 15:33:11.558  2966  3145 I LibreCastControl: LibreCastControl_SetCastName()  name 'Attic speaker' RequestId '7' pCastControl 0xf5000728
04-09 15:33:11.558  2713  2720 I lucitransport: writeRemoteMessage() MID = 90 buffer = Attic speaker
04-09 15:33:11.558  2713  2720 I luciUART: write() MID = 90  bytes = 23 data = Attic speaker m_fd = 0x5
04-09 15:33:11.558  2713  2720 I lucitransport: writeLocalMessage() MID = 90 buffer = Attic speaker
04-09 15:33:11.558  2966  3145 I LibreCastControlDelegate: Device Build Number -> '1.52.272222'
04-09 15:33:11.558  2966  3145 I librecast: updateCastBuildVersion() Version 1.52.272222
04-09 15:33:11.562  2966  3145 I LibreCastControlDelegate: OnResponse() ReqeustID 7, error  0
04-09 15:33:11.562  2736  2773 I bluetoothtbd: [0409/030311.562649:INFO:adapter.cc(551)] Adapter properties changed
04-09 15:33:11.562  2736  2773 I bluetoothtbd: [0409/030311.562792:INFO:adapter.cc(573)] Adapter name changed
04-09 15:33:11.564  3068  3068 I cast_shell: [3071:3110:INFO:bluetooth_manager.cc(1232)] [PII] Set device name to 'Attic speaker'
04-09 15:33:11.564  3068  3068 I cast_shell: [3071:3071:INFO:device_info_impl.cc(1133)] SSDP Config ID is increased: id=7
04-09 15:33:11.565  3068  3068 I cast_shell: [3071:3071:INFO:ccs_manager_impl.cc(1842)] Postponing device name update while registering
04-09 15:33:11.565  3068  3068 I cast_shell: [3071:3120:INFO:mdns_util.cc(102)] Defaulting mDNS capabilities for audio-only build
04-09 15:33:11.565  3068  3068 I cast_shell: [3071:3071:INFO:mdns_manager_impl.cc(429)] Successfully updated service: type=_googlecast
04-09 15:33:11.565  3068  3068 I cast_shell: [3071:3071:INFO:virtual_device.cc(296)] Updated mDNS service for virtual device: id=4747421e-8aaf-df86-d000-3c3f4905e536
04-09 15:33:11.567  2966  3145 I LibreCastControlDelegate: OnCastStatus() +++ Attic speaker:0xab5ff198:READY_TO_CAST
04-09 15:33:11.569  2966  3145 I LibreCastControlDelegate: Cast Device Name -> 'Attic speaker'
04-09 15:33:11.569  2966  3145 I librecast: OldFriendlyName '' & New name change By Cast 'Attic speaker' isfirstbootup 56 m_updatedonebyluci 95
04-09 15:33:11.569  2966  3145 I librecast:  Difference in FriendlyName notify all  
04-09 15:33:11.569  2966  3145 I LibreCastControl: LibreCastControl_SetCastName()  name 'Attic speaker' RequestId '8' pCastControl 0xf5000728
04-09 15:33:11.598  3068  3068 I cast_shell: [3071:3071:INFO:device_info_impl.cc(1133)] SSDP Config ID is increased: id=9
04-09 15:33:11.601  3068  3068 I cast_shell: [3071:3120:INFO:mdns_util.cc(102)] Defaulting mDNS capabilities for audio-only build
04-09 15:33:11.601  3068  3068 I cast_shell: [3071:3071:INFO:ccs_manager_impl.cc(1842)] Postponing device name update while registering
04-09 15:33:11.601  3068  3068 I cast_shell: [3071:3071:INFO:mdns_manager_impl.cc(429)] Successfully updated service: type=_googlecast
04-09 15:33:11.601  3068  3068 I cast_shell: [3071:3071:INFO:virtual_device.cc(296)] Updated mDNS service for virtual device: id=4747421e-8aaf-df86-d000-3c3f4905e536
04-09 15:33:11.601  2966  3145 I LibreCastControlDelegate: OnCastStatus() +++ Attic speaker:0xab5ff198:READY_TO_CAST
04-09 15:33:11.605  2966  3145 I LibreCastControlDelegate: Cast Device Name -> 'Attic speaker'
04-09 15:33:11.605  2966  3145 I librecast: OldFriendlyName 'Attic speaker' & New name change By Cast 'Attic speaker' isfirstbootup 56 m_updatedonebyluci 0
04-09 15:33:11.605  2966  3145 I LibreCastControlDelegate: Device Build Number -> '1.52.272222'
04-09 15:33:11.605  2966  3145 I librecast: updateCastBuildVersion() Version 1.52.272222
04-09 15:33:11.605  2713  2713 I lucitransport: readRemoteMessage() MID char = 7 buffer = 1.52.272222
04-09 15:33:11.606  2966  3145 I LibreCastControlDelegate: Active Applications -> 0
04-09 15:33:11.606  2966  3145 I LibreCastControlDelegate: Current Cast State '6' -> 'READY_TO_CAST'
04-09 15:33:11.606  2966  3145 I LibreCastControlDelegate: OnCastStatus() ---
04-09 15:33:11.616  2965  2976 D wac-main: Netlink event
04-09 15:33:11.616  2965  2976 E wac-main: Netlink event 21 Interface Index 6 
04-09 15:33:11.616  2965  2976 E wac-main: Enter poll and wait
04-09 15:33:11.616  2712  2724 I yani_kernel: yani_geteventfrom_changeaddr() Message-Id '1' Netlink event '21' Interface Index '6' -> Name 'p2p0' 
04-09 15:33:11.617  2789  2789 I dnsmasq : reading /etc/resolv.conf
04-09 15:33:11.617  2789  2789 I dnsmasq : using nameserver 8.8.4.4#53
04-09 15:33:11.617  2789  2789 I dnsmasq : using nameserver 192.168.1.1#53
04-09 15:33:11.617  2789  2789 I dnsmasq : using nameserver 192.168.50.1#53
04-09 15:33:11.617  2789  2789 I dnsmasq : using nameserver 8.8.8.8#53
04-09 15:33:11.618  2712  2724 I yani_server: NetLink Event '5' Interface-Index '6' WLAN '-1' Ethernet '-1' Parsed-iFill '5' -> 'P2P0 DISCONNECTED' ifIndex '2' -> 'tunl0'
04-09 15:33:11.622  2968  3015 I airplay-main: YaniAlert Interface 3 Status 0
04-09 15:33:11.627  2713  2721 E luciUART: UART:aa
04-09 15:33:11.627  2713  2721 E luciUART: UART:aa
04-09 15:33:11.627  2713  2721 E luciUART: UART:2
04-09 15:33:11.627  2713  2721 E luciUART: UART:0
04-09 15:33:11.627  2713  2721 E luciUART: UART:d0
04-09 15:33:11.627  2713  2721 E luciUART: UART:0
04-09 15:33:11.627  2713  2721 I chatty  : uid=0(root) UARTLUCIControl identical 2 lines
04-09 15:33:11.627  2713  2721 E luciUART: UART:0
04-09 15:33:11.627  2713  2721 E luciUART: UART:9
04-09 15:33:11.638  2966  3145 I LibreCastControlDelegate: OnResponse() ReqeustID 10, error  0
04-09 15:33:11.639  2736  2773 I bluetoothtbd: [0409/030311.639241:INFO:adapter.cc(551)] Adapter properties changed
04-09 15:33:11.639  2736  2773 I bluetoothtbd: [0409/030311.639375:INFO:adapter.cc(573)] Adapter name changed
04-09 15:33:11.639  3068  3068 I cast_shell: [3071:3110:INFO:bluetooth_manager.cc(1232)] [PII] Set device name to 'Attic speaker'
04-09 15:33:11.640  3068  3068 I cast_shell: [3071:3071:INFO:device_info_impl.cc(1133)] SSDP Config ID is increased: id=10
04-09 15:33:11.640  3068  3068 I cast_shell: [3071:3071:INFO:ccs_manager_impl.cc(1842)] Postponing device name update while registering
04-09 15:33:11.640  3068  3068 I cast_shell: [3071:3120:INFO:mdns_util.cc(102)] Defaulting mDNS capabilities for audio-only build
04-09 15:33:11.641  3068  3068 I cast_shell: [3071:3071:INFO:mdns_manager_impl.cc(429)] Successfully updated service: type=_googlecast
04-09 15:33:11.641  3068  3068 I cast_shell: [3071:3071:INFO:virtual_device.cc(296)] Updated mDNS service for virtual device: id=4747421e-8aaf-df86-d000-3c3f4905e536
04-09 15:33:11.642  2966  3145 I LibreCastControlDelegate: OnCastStatus() +++ Attic speaker:0xab5ff198:READY_TO_CAST
04-09 15:33:11.644  2966  3145 I LibreCastControlDelegate: Cast Device Name -> 'Attic speaker'
04-09 15:33:11.644  2966  3145 I librecast: OldFriendlyName 'Attic speaker' & New name change By Cast 'Attic speaker' isfirstbootup 56 m_updatedonebyluci 0
04-09 15:33:11.644  2966  3145 I LibreCastControlDelegate: Device Build Number -> '1.52.272222'
04-09 15:33:11.644  2966  3145 I librecast: updateCastBuildVersion() Version 1.52.272222
04-09 15:33:11.646  2713  2713 I lucitransport: readRemoteMessage() MID char = 7 buffer = 1.52.272222
04-09 15:33:11.647  2969  3004 E SPOTIFY : Device Name change new name = Attic speaker
04-09 15:33:11.647  2969  3004 E SPOTIFY : err = 0 
04-09 15:33:11.647  2966  3145 I LibreCastControlDelegate: Active Applications -> 0
04-09 15:33:11.648  2966  3145 I LibreCastControlDelegate: Current Cast State '6' -> 'READY_TO_CAST'
04-09 15:33:11.648  2966  3145 I LibreCastControlDelegate: OnCastStatus() ---
04-09 15:33:11.660  2965  2976 D wac-main: Netlink event
04-09 15:33:11.660  2965  2976 E wac-main: Netlink event 16 Interface Index 6 
04-09 15:33:11.660  2965  2976 E wac-main: p2p0 event Link Changed : 1003 
04-09 15:33:11.660  2965  2976 E wac-main: p2p0 Changed down
04-09 15:33:11.661  2712  2724 I yani_kernel: yani_geteventfrom_changeaddr() Message-Id '1' Netlink event '16' Interface Index '6' -> Name 'p2p0' 
04-09 15:33:11.661  2965  2976 E wac-main: wlan0 IP : 192.168.1.145
04-09 15:33:11.663  2965  2976 E wac-main: Enter poll and wait
04-09 15:33:11.672  3068  3068 I cast_shell: [3071:3121:INFO:v2_ssl_socket.cc(358)] Stop reading on pending closed socket
04-09 15:33:11.672  3068  3068 I cast_shell: [3071:3110:INFO:setup_namespace_handler.cc(104)] Removed a peer for setup namespace: 4747421e-8aaf-df86-d000-3c3f4905e536.3:gms_cast_prober-1
04-09 15:33:11.674  2692  2692 I sh      : MessageBoxAlert() MID 90 
04-09 15:33:11.674  2692  2692 I sh      : MessageBoxChanged() MID '90'
04-09 15:33:11.675  2966  3038 I librecast: MessageBoxAlert() Msg = 90 remoteID = 16 
04-09 15:33:11.675  2713  2722 I lucitransport: readRemoteMessage() MID char = 90 buffer = Attic speaker
04-09 15:33:11.675  2966  3038 I LibreCastControl: LibreCastControl_SetCastName()  name 'Attic speaker' RequestId '11' pCastControl 0xf5000728
04-09 15:33:11.675  2966  3038 E librecast: MessageBoxAlert() friendlyname Attic speaker
04-09 15:33:11.675  2966  3038 I LibreCastControl: MessageBoxAlert() messageBoxID 90
04-09 15:33:11.677  2966  3145 I LibreCastControlDelegate: OnResponse() ReqeustID 11, error  0
04-09 15:33:11.679  2968  3015 I airplayluci: MessageBoxAlert: MID 90
04-09 15:33:11.686  3068  3068 I cast_shell: [3071:3071:INFO:ccs_manager_impl.cc(1842)] Postponing device name update while registering
04-09 15:33:11.687  3068  3068 I cast_shell: [3071:3120:INFO:mdns_util.cc(102)] Defaulting mDNS capabilities for audio-only build
04-09 15:33:11.687  3068  3068 I cast_shell: [3071:3071:INFO:mdns_manager_impl.cc(429)] Successfully updated service: type=_googlecast
04-09 15:33:11.687  3068  3068 I cast_shell: [3071:3071:INFO:virtual_device.cc(296)] Updated mDNS service for virtual device: id=4747421e-8aaf-df86-d000-3c3f4905e536
04-09 15:33:11.688  2966  3145 I LibreCastControlDelegate: OnCastStatus() +++ Attic speaker:0xab5ff198:READY_TO_CAST
04-09 15:33:11.689  2966  3145 I LibreCastControlDelegate: Cast Device Name -> 'Attic speaker'
04-09 15:33:11.689  2966  3145 I librecast: OldFriendlyName 'Attic speaker' & New name change By Cast 'Attic speaker' isfirstbootup 56 m_updatedonebyluci 0
04-09 15:33:11.689  2966  3145 I LibreCastControlDelegate: Device Build Number -> '1.52.272222'
04-09 15:33:11.689  2966  3145 I librecast: updateCastBuildVersion() Version 1.52.272222
04-09 15:33:11.690  2713  2713 I lucitransport: readRemoteMessage() MID char = 7 buffer = 1.52.272222
04-09 15:33:11.691  2966  3145 I LibreCastControlDelegate: Active Applications -> 0
04-09 15:33:11.691  2966  3145 I LibreCastControlDelegate: Current Cast State '6' -> 'READY_TO_CAST'
04-09 15:33:11.691  2966  3145 I LibreCastControlDelegate: OnCastStatus() ---
04-09 15:33:11.691  2969  3004 E SPOTIFY : Device Name change new name = Attic speaker
04-09 15:33:11.691  2969  3004 E SPOTIFY : err = 0 
04-09 15:33:11.720  2733  2748 E WifiUtil: Setting interface p2p0 down.
04-09 15:33:11.720  2965  2976 D wac-main: Netlink event
04-09 15:33:11.721  2965  2976 E wac-main: Netlink event 16 Interface Index 6 
04-09 15:33:11.721  2965  2976 E wac-main: p2p0 event Link Changed : 1002 
04-09 15:33:11.721  2965  2976 E wac-main: Enter poll and wait
04-09 15:33:11.721  2712  2724 I yani_kernel: yani_geteventfrom_changeaddr() Message-Id '1' Netlink event '16' Interface Index '6' -> Name 'p2p0' 
04-09 15:33:12.273  3068  3068 I cast_shell: [3071:3110:INFO:metrics_recorder.cc(282)] Record action: Setup.state.BLE
04-09 15:33:12.516  3068  3068 I cast_shell: [3071:3110:INFO:ble_setup.cc(789)] Missing required info for sign.
04-09 15:33:12.520  3068  3068 I cast_shell: [3071:3110:INFO:gatt_client_manager_impl.cc(202)] Enabling GATT client connectability
04-09 15:33:12.520  3068  3068 I cast_shell: [3071:3110:INFO:ble_setup.cc(915)] Sign related info completed, no future EurekaInfo need sign.
04-09 15:33:12.627  3068  3068 I cast_shell: [3071:3071:INFO:metrics_recorder.cc(282)] cast event: Cloud.Transport.Https.Register.Out.Success
04-09 15:33:12.627  3068  3068 I cast_shell: [3071:3071:WARNING:ccs_transport_util.cc(409)] Auth info absent from the config reply from CCS.
04-09 15:33:12.627  3068  3068 I cast_shell: [3071:3071:WARNING:ccs_transport_util.cc(313)] Missing SensingSettings in the CCS config.
04-09 15:33:12.627  3068  3068 I cast_shell: [3071:3071:INFO:metrics_recorder.cc(282)] cast event: Cloud.Transport.Https.Config.In
04-09 15:33:12.627  3068  3068 I cast_shell: [3071:3071:INFO:ccs_manager_impl.cc(1150)] Handling CONFIG message from CCS.
04-09 15:33:12.627  3068  3068 I cast_shell: [3071:3071:INFO:ccs_manager_impl.cc(1151)] [PII] device_id=9A13E47FA8377C08063DFE7F0DBF4CB4
04-09 15:33:12.627  3068  3068 I cast_shell: [3071:3071:INFO:metrics_recorder.cc(282)] Record action: Cloud.Transport.Https.LinkedStatus.NotLinked
04-09 15:33:12.628  3068  3068 I cast_shell: [3071:3071:INFO:structure_info_from_home_graph.cc(53)] received config from home graph. Will use it: 1
04-09 15:33:12.628  3068  3068 I cast_shell: [3071:3071:INFO:structure_info_from_home_graph.cc(59)] Num devices in the structure: 0
04-09 15:33:12.628  3068  3068 I cast_shell: [3071:3071:INFO:ccs_heartbeat_listener.cc(56)] Setting heartbeat interval from CCS: 120000ms
04-09 15:33:12.630  3068  3068 I cast_shell: [3071:3079:INFO:heartbeat_manager.cc(306)] Set client HB: 120000
04-09 15:33:12.630  3068  3068 I cast_shell: [3071:3079:INFO:heartbeat_manager.cc(311)] ResettingConnection bc: 1680000
04-09 15:33:12.630  3068  3068 I cast_shell: [3071:3079:INFO:heartbeat_manager.cc(332)] ResetConnection: %d5
04-09 15:33:12.637  3068  3068 I cast_shell: [3071:3071:INFO:user_auth_impl.cc(267)] linked status: NOT_LINKED
04-09 15:33:12.637  3068  3068 I cast_shell: [3071:3071:INFO:robot_account_auth_manager.cc(320)] V1 AuthManager received a UpdateAuthToken request
04-09 15:33:12.637  3068  3068 I cast_shell: [3071:3071:INFO:ccs_transport_https.cc(1352)] No cloud settings in response
04-09 15:33:12.637  3068  3068 I cast_shell: [3071:3071:INFO:gcm_manager.cc(238)] GCM connection lost.
04-09 15:33:12.902  3068  3068 I cast_shell: [3071:3071:ERROR:ccs_transport_https.cc(1775)] Received response code 409 for message_id = 50cbf1c9-544a-47cc-a1a1-518b06546c5b - 
04-09 15:33:12.902  3068  3068 I cast_shell: [3071:3071:INFO:metrics_recorder.cc(282)] cast event: Cloud.Transport.Https.Register.Out.Error
04-09 15:33:12.902  3068  3068 I cast_shell: [3071:3071:INFO:ccs_manager_impl.cc(2529)] Scheduling next register for device in time: 59.806 s
04-09 15:33:13.336  2736  2814 W bt_btif : bta_gattc_conn_cback() - cif=3 connected=0 conn_id=3 reason=0x0013
04-09 15:33:13.336  2736  2814 W bt_btif : bta_gattc_conn_cback() - cif=4 connected=0 conn_id=4 reason=0x0013
04-09 15:33:13.336  2736  2814 W bt_btif : bta_gattc_conn_cback() - cif=6 connected=0 conn_id=6 reason=0x0013
04-09 15:33:13.337  2736  2814 I bt_btm_sec: btm_sec_disconnected clearing pending flag handle:128 reason:19
04-09 15:33:13.339  3068  3068 I cast_shell: [3071:3110:ERROR:bluetooth_v1_via_v2.cc(796)] Connection state changed. :e3 false
04-09 15:33:13.340  2736  2773 W bt_btif : btif_av_move_idle: ACL Disconnected state 0 bd_addr=7d:6f:0f:17:b0:e3 peer_bda=00:00:00:00:00:00
04-09 15:33:13.340  2736  2773 I bluetoothtbd: [0409/030313.340374:INFO:adapter.cc(719)] ACL state changed: 7D:6F:0F:17:B0:E3 - connected: false
04-09 15:33:13.542  3068  3068 I cast_shell: [3071:3120:INFO:mdns_app_filter.cc(1526)] MdnsAppFilter: Done announcing.
04-09 15:33:13.581  2968  3476 I airplay_v2_0_6: 2022-04-09 15:33:13.581001 [AirPlayDemo] AirPlayDemoServerCopyProperty Password is <<NULL>>
04-09 15:33:13.582  2713  2713 I lucitransport: readRemoteMessage() MID char = 90 buffer = Attic speaker
04-09 15:33:13.583  2968  3450 I airplay_v2_0_6: 2022-04-09 15:33:13.583661 [AirPlay] Registering Bonjour _airplay._tcp. port 7000
04-09 15:33:13.585  2968  3476 I airplay_v2_0_6: 2022-04-09 15:33:13.585435 [AirPlayDemo] AirPlayDemoServerCopyProperty Password is <<NULL>>
04-09 15:33:13.587  2968  3476 I airplay_v2_0_6: 2022-04-09 15:33:13.587053 [AirPlayDemo] AirPlayDemoServerCopyProperty Password is <<NULL>>
04-09 15:33:13.587  2713  2713 I lucitransport: readRemoteMessage() MID char = 90 buffer = Attic speaker
04-09 15:33:13.589  2968  3450 I airplay_v2_0_6: 2022-04-09 15:33:13.588912 [AirPlay] Registering Bonjour CC909321F384@Attic speaker._raop._tcp. port 7000
04-09 15:33:15.634  3068  3068 I cast_shell: [3071:3071:INFO:robot_account_auth_manager.cc(384)] Sending oauth request for client_id: 2
04-09 15:33:15.634  3068  3068 I cast_shell: [3071:3071:INFO:metrics_recorder.cc(282)] cast event: Cast.Assistant.Auth.FetchToken
04-09 15:33:15.634  3068  3068 I cast_shell: [3071:3078:INFO:chromium_http_connection.cc(436)] Creating a new chromium http url loader factory
04-09 15:33:15.664  3477  3477 E wac-main: WAC timeout cb
04-09 15:33:15.664  3477  3477 E wac-main: send wac api : a5a1
04-09 15:33:15.664  2965  2976 E wac-main: API event
04-09 15:33:15.664  2965  2976 E wac-main: msg : a5a1
04-09 15:33:15.664  2965  2976 E wac-main: msg : a5a1
04-09 15:33:15.664  2965  2976 E wac-main: Enter poll and wait
04-09 15:33:15.665  2965  3478 E wac-main: enter WACStartStopThread
04-09 15:33:15.665  2965  3478 E wac-main: WACStartStopThread() event -> 'wacstop' is WACServer? UP -> 'Yes' 
04-09 15:33:15.665  2965  3478 E WACSERVER: WACServerStop wait
04-09 15:33:15.665  2965  2981 E WACBONJOUR: RemoveWACBonjourService
04-09 15:33:15.667  2965  2981 I wifiapi : newconn : 0xf4a024e8
04-09 15:33:15.701  2965  2976 D wac-main: Netlink event
04-09 15:33:15.701  2965  2976 E wac-main: Netlink event 16 Interface Index 7 
04-09 15:33:15.701  2965  2976 E wac-main: Enter poll and wait
04-09 15:33:15.701  2712  2724 I yani_kernel: yani_geteventfrom_changeaddr() Message-Id '1' Netlink event '16' Interface Index '7' -> Name 'p2p1' 
04-09 15:33:15.702  2733  2748 E CommandListener: Message not handled: unrecognized interface p2p1
04-09 15:33:15.702  2733  2748 W FrameworkListener: Handler 'Iface' error (Success)
04-09 15:33:15.715  2733  2748 E CommandListener: Message not handled: unrecognized interface p2p1
04-09 15:33:15.715  2733  2748 W FrameworkListener: Handler 'Iface' error (Success)
04-09 15:33:15.715  2965  2976 D wac-main: Netlink event
04-09 15:33:15.715  2965  2976 E wac-main: Netlink event 16 Interface Index 7 
04-09 15:33:15.715  2965  2976 E wac-main: Enter poll and wait
04-09 15:33:15.718  2733  2748 E CommandListener: Message not handled: unrecognized interface p2p1
04-09 15:33:15.718  2733  2748 W FrameworkListener: Handler 'Iface' error (Success)
04-09 15:33:15.720  2965  2981 I wifiapi : 'DISABLE' command returned = 0
04-09 15:33:15.723  2965  2981 I wifiapi : stop hostapd
04-09 15:33:15.723  2965  2981 I wifiapi : stop dnsmasq
04-09 15:33:15.726  2712  2724 I yani_kernel: yani_geteventfrom_changeaddr() Message-Id '1' Netlink event '21' Interface Index '7' -> Name 'p2p1' 
04-09 15:33:15.726  2965  2976 D wac-main: Netlink event
04-09 15:33:15.726  2965  2976 E wac-main: Netlink event 21 Interface Index 7 
04-09 15:33:15.726  2965  2976 E wac-main: Enter poll and wait
04-09 15:33:15.726  2733  2748 E CommandListener: Message not handled: unrecognized interface p2p1
04-09 15:33:15.727  2733  2748 W FrameworkListener: Handler 'Iface' error (Success)
04-09 15:33:15.728  2965  2981 E wac-main: WACCallback() message 5 -> 'Stopped'
04-09 15:33:15.730  2713  2713 I lucitransport: writeRemoteMessage() MID = 143 buffer = 5
04-09 15:33:15.730  2713  2713 I luciUART: write() MID = 143  bytes = 11 data = 5 m_fd = 0x5
04-09 15:33:15.737  2713  2713 I lucitransport: writeLocalMessage() MID = 143 buffer = 5
04-09 15:33:15.737  2713  2722 E LUCI_SERVER: Luci Server Thread wait over MID 143....
04-09 15:33:15.737  2713  2722 E LUCI_SERVER: Luci Server Thread waiting for packets....
04-09 15:33:15.737  2965  2981 E wac-main: send wac api : a5a1
04-09 15:33:15.737  2965  2981 E WACSERVER: _HandleState_Cleanup done
04-09 15:33:15.738  2965  3478 E WACSERVER: WACServerStop done
04-09 15:33:15.738  2965  3478 E wac-main: exit WACStartStopThread
04-09 15:33:15.738  2965  2976 E wac-main: API event
04-09 15:33:15.738  2965  2976 E wac-main: msg : a5a1
04-09 15:33:15.738  2965  2976 E wac-main: msg : a5a1
04-09 15:33:15.738  2965  2976 E wac-main: Enter poll and wait
04-09 15:33:15.741  3068  3068 I cast_shell: [3071:3071:WARNING:robot_account_auth_manager.cc(532)] Network error -1: net::ERR_NETWORK_CHANGED
04-09 15:33:15.741  3068  3068 I cast_shell: [3071:3071:INFO:robot_account_auth_manager.cc(525)] Got CAS response: -1
04-09 15:33:15.741  3068  3068 I cast_shell: [3071:3071:ERROR:robot_account_auth_manager.cc(565)] Error talking to the server on client id: 2, response_code=-1 -- 
04-09 15:33:15.741  3068  3068 I cast_shell: [3071:3071:INFO:metrics_recorder.cc(282)] cast event: Cast.Assistant.AuthError.NETWORK_ERROR
04-09 15:33:15.741  3068  3068 I cast_shell: [3071:3071:WARNING:robot_account_auth_manager.cc(715)] Received network error, while connection is up.
04-09 15:33:15.741  3068  3068 I cast_shell: [3071:3071:INFO:robot_account_auth_manager.cc(776)] Current error: NOT_LINKED, new error: NETWORK_ERROR
04-09 15:33:17.742  3068  3068 I cast_shell: [3071:3079:INFO:parent_tracker.cc(237)] Network changed
04-09 15:33:17.742  3068  3068 I cast_shell: [3071:3079:INFO:parent_tracker.cc(132)] No need to recreate socket
04-09 15:33:17.742  3068  3068 I cast_shell: [3071:3079:INFO:parent_tracker.cc(237)] Network changed
04-09 15:33:17.742  3068  3068 I cast_shell: [3071:3079:INFO:parent_tracker.cc(132)] No need to recreate socket
04-09 15:33:17.742  3068  3068 I cast_shell: [3071:3081:INFO:net_util_impl.cc(582)] IP address: [PII](192.168.1.1) MAC address: [PII](C8:B3:73:44:AE:ED)
04-09 15:33:17.744  3068  3068 I cast_shell: [3071:3081:INFO:net_util_impl.cc(582)] IP address: [PII](192.168.1.1) MAC address: [PII](C8:B3:73:44:AE:ED)
04-09 15:33:17.744  3068  3068 I cast_shell: [3071:3071:INFO:gcm_manager.cc(238)] GCM connection lost.
04-09 15:33:18.482  3068  3068 I cast_shell: [3071:3079:INFO:heartbeat_manager.cc(268)] Set HBInterval from client: 120000
04-09 15:33:18.483  3068  3068 I cast_shell: [3071:3071:INFO:gcm_manager.cc(233)] GCM connection established.
04-09 15:33:26.859  3068  3068 I cast_shell: [3071:3071:INFO:robot_account_auth_manager.cc(384)] Sending oauth request for client_id: 0
04-09 15:33:26.859  3068  3068 I cast_shell: [3071:3071:INFO:metrics_recorder.cc(282)] cast event: Cast.Assistant.Auth.FetchToken
04-09 15:33:26.859  3068  3068 I cast_shell: [3071:3081:INFO:chromium_http_connection.cc(436)] Creating a new chromium http url loader factory
04-09 15:33:27.166  3068  3068 I cast_shell: [3071:3071:INFO:cast_system_memory_pressure_evaluator.cc(179)] ConfigRelaxMemoryPressureThresholds, 0.1, 0.2
04-09 15:33:27.170  3068  3068 I cast_shell: [3494:3494:INFO:cast_content_renderer_client_internal.cc(83)] Render process started.
04-09 15:33:27.175  3068  3068 I cast_shell: [3071:3071:INFO:application_manager_impl.cc(1417)] Starting background app: CC1AD845 (Default Media Receiver), session_id=357c300f-74e1-4b24-863a-68eaeebbdccd
04-09 15:33:27.175  3068  3068 I cast_shell: [3071:3121:INFO:v2_transport.cc(458)] Added Cast V2 endpoint: id=357c300f-74e1-4b24-863a-68eaeebbdccd, socket_factory_id=[PII](4747421e-8aaf-df86-d000-3c3f4905e536)
04-09 15:33:27.176  3068  3068 I cast_shell: [3071:3071:INFO:cast_media_blocker.cc(43)] UpdatePlayingState media_loading_blocked=1 media_starting_blocked=0 suspended=1 controllable=0 paused_by_user=1
04-09 15:33:27.176  3068  3068 I cast_shell: [3071:3071:INFO:application_message_handler.cc(1747)] Scheduling IpcTimerCheck
04-09 15:33:27.176  3068  3068 I cast_shell: [3071:3071:INFO:application_manager_impl.cc(1565)] App starting: CC1AD845 (Default Media Receiver), session_id=357c300f-74e1-4b24-863a-68eaeebbdccd
04-09 15:33:27.176  3068  3068 I cast_shell: [3071:3120:INFO:mdns_util.cc(102)] Defaulting mDNS capabilities for audio-only build
