04-09 16:13:54.437     0     0 I         : [    1.438451@3] Registered cp15_barrier emulation handler
04-09 16:13:54.437     0     0 I         : [    1.438831@3] Registered setend emulation handler
04-09 16:13:54.437     0     0 I         : [    1.439378@3] disable EAS feature
04-09 16:13:54.437     0     0 I         : [    1.440411@3] registered taskstats version 1
04-09 16:13:54.437     0     0 W         : [    1.450038@3] dwc3 ff500000.dwc3: Configuration mismatch. dr_mode forced to host
04-09 16:13:54.437     0     0 I         : [    1.954729@3] xhci-hcd xhci-hcd.0.auto: xHCI Host Controller
04-09 16:13:54.437     0     0 I         : [    1.954791@3] xhci-hcd xhci-hcd.0.auto: new USB bus registered, assigned bus number 1
04-09 16:13:54.437     0     0 I         : [    1.956062@3] xhci-hcd xhci-hcd.0.auto: hcc params 0x0220f664 hci version 0x100 quirks 0x02010010
04-09 16:13:54.437     0     0 I         : [    1.956498@3] xhci-hcd xhci-hcd.0.auto: irq 27, io mem 0xff500000
04-09 16:13:54.437     0     0 I         : [    1.957920@0] hub 1-0:1.0: USB hub found
04-09 16:13:54.437     0     0 I         : [    1.957991@0] hub 1-0:1.0: 1 port detected
04-09 16:13:54.437     0     0 I         : [    1.958527@0] xhci-hcd xhci-hcd.0.auto: xHCI Host Controller
04-09 16:13:54.437     0     0 I         : [    1.958742@0] xhci-hcd xhci-hcd.0.auto: new USB bus registered, assigned bus number 2
04-09 16:13:54.437     0     0 I         : [    1.959603@0] usb usb2: We don't know the algorithms for LPM for this host, disabling LPM.
04-09 16:13:54.437     0     0 I         : [    1.961073@0] hub 2-0:1.0: USB hub found
04-09 16:13:54.437     0     0 E         : [    1.961137@0] hub 2-0:1.0: config failed, hub doesn't have any ports! (err -19)
04-09 16:13:54.437     0     0 E         : [    1.961740@0] usb usb2: Unsupported the hub
04-09 16:13:54.437     0     0 I         : [    1.962481@0] aml_vrtc rtc: setting system clock to 2022-04-09 10:43:51 UTC (1649501031)
04-09 16:13:54.437     0     0 D         : [    1.963350@0] dwc_otg ff400000.dwc2_a: dwc_otg_driver_probe(ffffffc01d644c00)
04-09 16:13:54.437     0     0 W [    1.963395@0] dwc_otg: usb0: type: 2 speed: 0, config: 0, dma: 0, id: 0, phy: ffe09000, ctrl: 0
04-09 16:13:54.437     0     0 D         : [    1.963735@0] dwc_otg ff400000.dwc2_a: base=0xffffff8008a40000
04-09 16:13:54.437     0     0 D         : [    1.963741@0] dwc_otg ff400000.dwc2_a: dwc_otg_device=0xffffffc01c78d000
04-09 16:13:54.437     0     0 W [    2.064119@0] dwc_otg: Core Release: 3.10a
04-09 16:13:54.437     0     0 W [    2.064155@0] dwc_otg: Setting default values for core params
04-09 16:13:54.437     0     0 W [    2.064564@0] dwc_otg: curmode: 0, host_only: 0
04-09 16:13:54.437     0     0 D         : [    2.065021@0] dwc_otg ff400000.dwc2_a: DMA config: BURST_DEFAULT
04-09 16:13:54.437     0     0 W [    2.077329@0] dwc_otg: Using Buffer DMA mode
04-09 16:13:54.437     0     0 W [    2.077352@0] dwc_otg: OTG VER PARAM: 1, OTG VER FLAG: 1
04-09 16:13:54.437     0     0 W [    2.077730@0] dwc_otg: Working on port type = SLAVE
04-09 16:13:54.437     0     0 W [    2.078217@0] dwc_otg: Dedicated Tx FIFOs mode
04-09 16:13:54.437     0     0 I [    2.080634@0] input: adc_keypad as /devices/platform/adc_keypad/input/input1
04-09 16:13:54.437     0     0 I         : [    2.082740@2] cpucore_cooling_register, max_cpu_core_num:4
04-09 16:13:54.437     0     0 I [    2.089537@0] gxbb_pm: enter meson_pm_probe!
04-09 16:13:54.437     0     0 I         : [    2.089576@0] no vddio3v3_en pin
04-09 16:13:54.437     0     0 E         : [    2.089745@0] pm-meson aml_pm: Can't get switch_clk81
04-09 16:13:54.437     0     0 I [    2.090266@0] gxbb_pm: meson_pm_probe done
04-09 16:13:54.437     0     0 I         : [    2.091033@0] ALSA device list:
04-09 16:13:54.437     0     0 I [    2.091060@0]   #0: AML-AUGESOUND
04-09 16:13:54.437     0     0 I         : [    2.091526@0] meson_uart ff804000.serial: ttyS3 use xtal(8M) 24000000 change 115200 to 115200
04-09 16:13:54.437     0     0 I         : [    2.097425@0] Freeing unused kernel memory: 6080K
04-09 16:13:54.437     0     0 I [    2.310569@3] ubi0: attaching mtd6
04-09 16:13:54.437     0     0 I [    2.520751@3] ubi0: scanning is finished
04-09 16:13:54.437     0     0 I [    2.524733@2] ubi0: attached mtd6 (name "system", size 100 MiB)
04-09 16:13:54.437     0     0 I [    2.525019@2] ubi0: PEB size: 262144 bytes (256 KiB), LEB size: 253952 bytes
04-09 16:13:54.437     0     0 I [    2.532143@2] ubi0: min./max. I/O unit sizes: 4096/4096, sub-page size 4096
04-09 16:13:54.437     0     0 I [    2.538920@2] ubi0: VID header offset: 4096 (aligned 4096), data offset: 8192
04-09 16:13:54.437     0     0 I [    2.545981@2] ubi0: good PEBs: 400, bad PEBs: 0, corrupted PEBs: 0
04-09 16:13:54.437     0     0 I [    2.552109@2] ubi0: user volume: 1, internal volumes: 1, max. volumes count: 128
04-09 16:13:54.437     0     0 I [    2.559437@2] ubi0: max/mean erase counter: 37/25, WL threshold: 4096, image sequence number: 736763309
04-09 16:13:54.437     0     0 I [    2.568824@2] ubi0: available PEBs: 0, total reserved PEBs: 400, PEBs reserved for bad PEB handling: 40
04-09 16:13:54.437     0     0 I [    2.578081@3] ubi0: background thread "ubi_bgt0d" started, PID 2142
04-09 16:13:54.438     0     0 I         : [    2.583776@2] UBIFS (ubi0:0): background thread "ubifs_bgt0_0" started, PID 2145
04-09 16:13:54.438     0     0 I         : [    2.626923@0] UBIFS (ubi0:0): UBIFS: mounted UBI device 0, volume 0, name "rootfs"
04-09 16:13:54.438     0     0 I         : [    2.628849@0] UBIFS (ubi0:0): LEB size: 253952 bytes (248 KiB), min./max. I/O unit sizes: 4096 bytes/4096 bytes
04-09 16:13:54.438     0     0 I         : [    2.638878@0] UBIFS (ubi0:0): FS size: 87867392 bytes (83 MiB, 346 LEBs), journal size 9404416 bytes (8 MiB, 38 LEBs)
04-09 16:13:54.438     0     0 I         : [    2.649380@0] UBIFS (ubi0:0): reserved for root: 0 bytes (0 KiB)
04-09 16:13:54.438     0     0 I         : [    2.655333@0] UBIFS (ubi0:0): media format: w4/r0 (latest is w4/r0), UUID DC99A6D8-69BA-4DD7-9E44-726260A6E747, small LPT model
04-09 16:13:54.438     0     0 I [    2.915701@0] init: property init
04-09 16:13:54.438     0     0 I [    2.916434@0] init: reading config file
04-09 16:13:54.438     0     0 I [    2.923166@0] init: processing action 0xab0d6808 (boot_start)
04-09 16:13:54.438     0     0 I [    2.930989@0] init: command 'boot_start' r=0
04-09 16:13:54.438     0     0 I [    2.932033@0] init: processing action 0xab0d26b0 (early-init)
04-09 16:13:54.438     0     0 I [    2.936708@0] init: starting 'ueventd'
04-09 16:13:54.438     0     0 I [    2.940038@0] init: command 'start' r=0
04-09 16:13:54.438     0     0 I [    2.942947@0] init: command 'loglevel' r=0
04-09 16:13:54.438     0     0 I [    2.947805@0] init: command 'mount' r=0
04-09 16:13:54.438     0     0 I [    2.949257@3] init: starting ueventd
04-09 16:13:54.438     0     0 I [    2.950057@3] init: /sys/ rule /sys/devices/virtual/input/input* enable
04-09 16:13:54.438     0     0 I [    2.950069@3] init: /sys/ rule /sys/devices/virtual/input/input* poll_delay
04-09 16:13:54.438     0     0 I [    2.950079@3] init: /sys/ rule /sys/devices/virtual/usb_composite/* enable
04-09 16:13:54.438     0     0 I [    2.955607@3] init: adding platform device ffd0f0d0.watchdog
04-09 16:13:54.438     0     0 I [    2.956065@3] init: adding platform device reg-dummy
04-09 16:13:54.438     0     0 I [    2.956721@3] init: adding platform device cpu_iomap
04-09 16:13:54.438     0     0 I [    2.957012@3] init: adding platform device 7400000.ramoops
04-09 16:13:54.438     0     0 I [    2.957286@3] init: adding platform device bt-dev
04-09 16:13:54.438     0     0 I [    2.957869@3] init: adding platform device dummy
04-09 16:13:54.438     0     0 I [    3.005459@0] init: command 'mount' r=0
04-09 16:13:54.438     0     0 I [    3.219001@2] ubi1: attaching mtd7
04-09 16:13:54.438     0     0 I [    3.513133@2] ubi1: scanning is finished
04-09 16:13:54.438     0     0 I [    3.517470@1] ubi1: attached mtd7 (name "chrome", size 140 MiB)
04-09 16:13:54.438     0     0 I [    3.517758@1] ubi1: PEB size: 262144 bytes (256 KiB), LEB size: 253952 bytes
04-09 16:13:54.438     0     0 I [    3.524768@1] ubi1: min./max. I/O unit sizes: 4096/4096, sub-page size 4096
04-09 16:13:54.438     0     0 I [    3.531656@1] ubi1: VID header offset: 4096 (aligned 4096), data offset: 8192
04-09 16:13:54.438     0     0 I [    3.538719@1] ubi1: good PEBs: 560, bad PEBs: 0, corrupted PEBs: 0
04-09 16:13:54.438     0     0 I [    3.544848@1] ubi1: user volume: 1, internal volumes: 1, max. volumes count: 128
04-09 16:13:54.438     0     0 I [    3.552188@1] ubi1: max/mean erase counter: 36/26, WL threshold: 4096, image sequence number: 1458511589
04-09 16:13:54.438     0     0 I [    3.561579@1] ubi1: available PEBs: 0, total reserved PEBs: 560, PEBs reserved for bad PEB handling: 40
04-09 16:13:54.438     0     0 I [    3.570907@2] ubi1: background thread "ubi_bgt1d" started, PID 2554
04-09 16:13:54.438     0     0 I         : [    3.585310@1] UBIFS (ubi1:0): background thread "ubifs_bgt1_0" started, PID 2558
04-09 16:13:54.438     0     0 I         : [    3.611612@0] UBIFS (ubi1:0): recovery needed
04-09 16:13:54.438     0     0 I         : [    3.657994@0] UBIFS (ubi1:0): recovery completed
04-09 16:13:54.438     0     0 I         : [    3.658150@0] UBIFS (ubi1:0): UBIFS: mounted UBI device 1, volume 0, name "chrome"
04-09 16:13:54.438     0     0 I         : [    3.664520@0] UBIFS (ubi1:0): LEB size: 253952 bytes (248 KiB), min./max. I/O unit sizes: 4096 bytes/4096 bytes
04-09 16:13:54.438     0     0 I         : [    3.674505@0] UBIFS (ubi1:0): FS size: 128499712 bytes (122 MiB, 506 LEBs), journal size 9404416 bytes (8 MiB, 38 LEBs)
04-09 16:13:54.438     0     0 I         : [    3.685197@0] UBIFS (ubi1:0): reserved for root: 0 bytes (0 KiB)
04-09 16:13:54.438     0     0 I         : [    3.691158@0] UBIFS (ubi1:0): media format: w4/r0 (latest is w4/r0), UUID 3D7B4A1D-6849-462E-B889-C151DCC94211, small LPT model
04-09 16:13:54.438     0     0 I [    3.734594@0] ubi2: attaching mtd8
04-09 16:13:54.438     0     0 I         : [    3.901250@0]  NAND bbt detect factory Bad block at 17a40000
04-09 16:13:54.438     0     0 I         : [    3.912845@0]  NAND bbt detect factory Bad block at 18000000
04-09 16:13:54.438     0     0 I         : [    3.912902@0]  NAND bbt detect factory Bad block at 18040000
04-09 16:13:54.438     0     0 I [    4.185802@0] ubi2: scanning is finished
04-09 16:13:54.438     0     0 I [    4.190439@1] ubi2: attached mtd8 (name "data", size 213 MiB)
04-09 16:13:54.438     0     0 I [    4.190551@1] ubi2: PEB size: 262144 bytes (256 KiB), LEB size: 253952 bytes
04-09 16:13:54.438     0     0 I [    4.197564@1] ubi2: min./max. I/O unit sizes: 4096/4096, sub-page size 4096
04-09 16:13:54.438     0     0 I [    4.204449@1] ubi2: VID header offset: 4096 (aligned 4096), data offset: 8192
04-09 16:13:54.438     0     0 I [    4.211513@1] ubi2: good PEBs: 849, bad PEBs: 3, corrupted PEBs: 0
04-09 16:13:54.438     0     0 I [    4.217640@1] ubi2: user volume: 2, internal volumes: 1, max. volumes count: 128
04-09 16:13:54.438     0     0 I [    4.224972@1] ubi2: max/mean erase counter: 72/48, WL threshold: 4096, image sequence number: 1018457084
04-09 16:13:54.438     0     0 I [    4.234373@1] ubi2: available PEBs: 0, total reserved PEBs: 849, PEBs reserved for bad PEB handling: 37
04-09 16:13:54.438     0     0 I [    4.243700@0] ubi2: background thread "ubi_bgt2d" started, PID 2566
04-09 16:13:54.438     0     0 I         : [    4.257629@2] UBIFS (ubi2:0): background thread "ubifs_bgt2_0" started, PID 2569
04-09 16:13:54.438     0     0 I         : [    4.284051@3] UBIFS (ubi2:0): recovery needed
04-09 16:13:54.438     0     0 I         : [    4.349777@0] UBIFS (ubi2:0): recovery completed
04-09 16:13:54.438     0     0 I         : [    4.349934@0] UBIFS (ubi2:0): UBIFS: mounted UBI device 2, volume 0, name "factory"
04-09 16:13:54.438     0     0 I         : [    4.356376@0] UBIFS (ubi2:0): LEB size: 253952 bytes (248 KiB), min./max. I/O unit sizes: 4096 bytes/4096 bytes
04-09 16:13:54.438     0     0 I         : [    4.366368@0] UBIFS (ubi2:0): FS size: 10158080 bytes (9 MiB, 40 LEBs), journal size 2285569 bytes (2 MiB, 9 LEBs)
04-09 16:13:54.438     0     0 I         : [    4.376657@0] UBIFS (ubi2:0): reserved for root: 0 bytes (0 KiB)
04-09 16:13:54.438     0     0 I         : [    4.382584@0] UBIFS (ubi2:0): media format: w4/r0 (latest is w4/r0), UUID AD7DC8BC-6ACA-4841-8B12-7A54B54F57E7, small LPT model
04-09 16:13:54.438     0     0 I         : [    4.406215@2] UBIFS (ubi2:1): background thread "ubifs_bgt2_1" started, PID 2572
04-09 16:13:54.438     0     0 I         : [    4.432056@3] UBIFS (ubi2:1): recovery needed
04-09 16:13:54.438     0     0 I         : [    4.549612@0] UBIFS (ubi2:1): recovery completed
04-09 16:13:54.438     0     0 I         : [    4.549772@0] UBIFS (ubi2:1): UBIFS: mounted UBI device 2, volume 1, name "data"
04-09 16:13:54.438     0     0 I         : [    4.555963@0] UBIFS (ubi2:1): LEB size: 253952 bytes (248 KiB), min./max. I/O unit sizes: 4096 bytes/4096 bytes
04-09 16:13:54.438     0     0 I         : [    4.565953@0] UBIFS (ubi2:1): FS size: 189956096 bytes (181 MiB, 748 LEBs), journal size 9404416 bytes (8 MiB, 38 LEBs)
04-09 16:13:54.438     0     0 I         : [    4.576644@0] UBIFS (ubi2:1): reserved for root: 0 bytes (0 KiB)
04-09 16:13:54.438     0     0 I         : [    4.582597@0] UBIFS (ubi2:1): media format: w4/r0 (latest is w4/r0), UUID 34A475AE-5814-4337-8EB7-8868427E3B0E, small LPT model
04-09 16:13:54.438     0     0 I         : [    4.821310@2] aml_wifi wifi: [usb_power_control] Set WiFi power down
04-09 16:13:54.438     0     0 I [    4.822031@2] meson-mmc: [sdio_notify] finish
04-09 16:13:54.439     0     0 I         : [    4.826405@2] aml_wifi wifi: [wifi_power_ioctl] ioctl Set sdio wifi power down!
04-09 16:13:54.439     0     0 I         : [    4.830094@1] UBIFS (ubi0:0): background thread "ubifs_bgt0_0" stops
04-09 16:13:55.510  2585  2585 E         : found the match wifi is: sd8887
04-09 16:13:55.510  2585  2585 E         : wifi_insmod command:insmod /lib/modules/4.9.113/kernel/mrvl/mlan8887.ko 
--------- beginning of system
04-09 16:13:55.541  2605  2605 I wpa_supplicant: Successfully initialized wpa_supplicant
04-09 16:13:55.574  2605  2605 E wpa_supplicant: Could not read interface wlan0 flags: No such device
04-09 16:13:55.578  2605  2605 I wpa_supplicant: nl80211: Driver does not support authentication/association or connect commands
04-09 16:13:55.580  2605  2605 I wpa_supplicant: nl80211: deinit ifname=wlan0 disabled_11b_rates=0
04-09 16:13:55.582  2605  2605 E wpa_supplicant: Could not read interface wlan0 flags: No such device
04-09 16:13:55.584  2605  2605 E wpa_supplicant: wlan0: Failed to initialize driver interface
04-09 16:13:55.674  2585  2585 E         : wifi_insmod command:insmod /lib/modules/4.9.113/kernel/mrvl/sd8xxx.ko cal_data_cfg=mrvl/WlanCalData_ext_LS9x_291119.conf txpwrlimit_cfg=mrvl/txpwrlimit_cfg_8887.bin fw_name=mrvl/sd8887_wlan_a2_p59.bin cfg80211_wext=0xf host_mlme=1 auto_ds=2 fw_serial=1 sta_name="wlan" uap_name="p2p" ps_mode=2 max_uap_bss=2 drvdbg=0x7 reg_alpha2="00"
04-09 16:13:56.795  2585  2585 E         : Load BT driver
04-09 16:13:56.796  2585  2585 E         : found the match wifi is: (null)
04-09 16:13:56.796  2585  2585 E         : wifi_insmod command:insmod /lib/modules/4.9.113/kernel/mrvl/bt8xxx.ko fw_name=mrvl/sd8887_bt_a2_p59.bin bt_fw_serial=0
04-09 16:13:56.963  2689  2689 W sshd    : Failed loading /etc/dropbear/dropbear_rsa_host_key
04-09 16:13:56.964  2689  2689 W sshd    : Failed loading /etc/dropbear/dropbear_dss_host_key
04-09 16:13:56.964  2689  2689 W sshd    : Failed loading /etc/dropbear/dropbear_ecdsa_host_key
04-09 16:13:56.964  2697  2697 E writeSerialNo: Writing serial number to unifykey
04-09 16:13:56.967  2689  2689 I sshd    : Not backgrounding
04-09 16:13:56.987  2691  2691 I sh      : FACTEST:unifykey read success:20 20
04-09 16:13:56.987  2691  2691 I sh      : inbuf=de4f95ffa64d5e74b026  ret=20 serial.txt=de4f95ffa64d5e74b026 bytesread=20 strcmp=0
04-09 16:13:56.991  2694  2694 I ServiceManager: Waiting for service libre.EnvItems...
04-09 16:13:57.027  2698  2698 I ENV     : init 
04-09 16:13:57.029  2698  2698 I ENV     :  First boot 
04-09 16:13:57.029  2698  2698 E ENV     : fileExists:153 /lsync/env/env.db does not exist
04-09 16:13:57.035  2698  2698 D AVS_SDK :  [  1] I sdkVersion: 1.19.1
04-09 16:13:57.035  2698  2698 E ENV     :  FAILED to open:/lsync/env/tmp.db 
04-09 16:13:57.036  2698  2698 I ENV     : removeItem:79:/lsync/env/tmp.db not found
04-09 16:13:57.037  2698  2698 E ENV     : /lsync/env/env.db does not Exist.. tempStorage = 0
04-09 16:13:57.037  2698  2698 I ENV     : createUserDBFromFactoryCfg 
04-09 16:13:57.044  2698  2698 I ENV     : Using /factory/custom/factoryEnv.conf as conf file
04-09 16:13:57.044  2698  2698 I ENV     : removeItem:79:/lsync/env/env.db not found
04-09 16:13:57.044  2698  2698 E ENV     : Error removing /lsync/env/env.db
04-09 16:13:57.107  2698  2698 E ENV     : createUserDBFromFactoryCfg:307: tempStorage is undefined
04-09 16:13:57.107  2698  2698 I ENV     : Using /factory/custom/factoryEnv.conf and /lsync/env/env.db as conf and db file
04-09 16:13:57.107  2698  2698 I ENV     : init 
04-09 16:13:57.107  2698  2698 I ENV     :  First boot 
04-09 16:13:57.107  2698  2698 I ENV     : fileExists:151 /lsync/env/env.db exists
04-09 16:13:57.110  2698  2698 I ENV     : Copied /lsync/env/env.db to /lsync/env/tmp.db
04-09 16:13:57.110  2698  2698 E ENV     : /lsync/env/env.db does not Exist.. tempStorage = ab208db0
04-09 16:13:57.110  2698  2698 I ENV     : createUserDBFromFactoryCfg 
04-09 16:13:57.113  2698  2698 I ENV     : Using /factory/custom/factoryEnv.conf as conf file
04-09 16:13:57.113  2698  2698 I ENV     : removeItem:74:/lsync/env/env.db removed
04-09 16:13:57.113  2698  2698 I ENV     : Removed /lsync/env/env.db
04-09 16:13:57.126  2698  2698 E ENV     : createUserDBFromFactoryCfg:301: Failed at tempStorage->get_changed
04-09 16:13:57.520  2698  2698 I chatty  : uid=0(root) env_service identical 64 lines
04-09 16:13:57.527  2698  2698 E ENV     : createUserDBFromFactoryCfg:301: Failed at tempStorage->get_changed
04-09 16:13:57.529  2698  2698 E AVS_SDK :  [  1] E SQLiteStatement:SQLiteStatement::stepFailed::Executing the select did not generate a row or complete.:result=19
04-09 16:13:57.529  2698  2698 E AVS_SDK :  [  1] E SQLiteStatement:SQLiteStatement::finalizeFailed::Could release the prepared statement.:rcode=19
04-09 16:13:57.529  2698  2698 E ENV     : createUserDBFromFactoryCfg:286: Failed at m_miscStorage->put
04-09 16:13:57.535  2698  2698 E ENV     : createUserDBFromFactoryCfg:301: Failed at tempStorage->get_changed
04-09 16:13:57.719  2698  2698 I chatty  : uid=0(root) env_service identical 29 lines
04-09 16:13:57.725  2698  2698 E ENV     : createUserDBFromFactoryCfg:301: Failed at tempStorage->get_changed
04-09 16:13:57.726  2698  2698 I ENV     : Using /factory/custom/factoryEnv.conf and /lsync/env/env.db as conf and db file
04-09 16:13:57.727  2698  2698 I ENV     : fileExists:151 /lsync/env/env_bk.db exists
04-09 16:13:57.727  2698  2698 I ENV     : fileExists:151 /factory/custom/factoryEnv_bk.conf exists
04-09 16:13:57.728  2698  2698 I ENV     : removeItem:74:/lsync/env/tmp.db removed
04-09 16:13:59.966  2710  2710 I wpa_supplicant: Successfully initialized wpa_supplicant
04-09 16:13:59.982  2710  2710 I wpa_supplicant: rfkill: Cannot open RFKILL control device
04-09 16:14:00.016  2713  2713 I main_sourceswitch: ServiceManager: 0xab903f88
04-09 16:14:00.019  2713  2713 E luci_helper: LUCIHelper: Waiting for Module Init
04-09 16:14:00.019  2713  2713 E luci_helper: LUCIHelper: Waiting for Module Init
04-09 16:14:00.020  2712  2712 E LUCI_FACTORY: LUCIFactory::registerBuiltinFactories
04-09 16:14:00.027  2712  2712 E LUCI_SERVER: IP = 0
04-09 16:14:00.039  2711  2711 E luci_helper: LUCIHelper: Waiting for Module Init
04-09 16:14:00.039  2711  2711 E luci_helper: LUCIHelper: Waiting for Module Init
04-09 16:14:00.039  2711  2711 E yani_server: YaniServer FAILED TO GET LuciHelper
04-09 16:14:00.080  2691  2691 I sh      : Simple mixer control 'Master',0
04-09 16:14:00.080  2691  2691 I sh      :   Capabilities: volume pswitch pswitch-joined
04-09 16:14:00.080  2691  2691 I sh      :   Playback channels: Front Left - Front Right
04-09 16:14:00.080  2691  2691 I sh      :   Capture channels: Front Left - Front Right
04-09 16:14:00.080  2691  2691 I sh      :   Limits: 0 - 100
04-09 16:14:00.090  2711  2711 E luci_helper: LUCIHelper: Waiting for Module Init
04-09 16:14:00.090  2711  2711 E yani_server: YaniServer FAILED TO GET LuciHelper
04-09 16:14:00.103  2691  2691 I sh      :   Front Left: 30 [30%] [-10.45dB] Playback [on]
04-09 16:14:00.104  2691  2691 I sh      :   Front Right: 30 [30%] [-10.45dB] Playback [on]
04-09 16:14:00.107  2710  2710 I wpa_supplicant: MPM: Debug Dialog Token initialized 4196505489 (0xfa219791)
04-09 16:14:00.108  2712  2712 E luciUART: bufff write ? = 1 
04-09 16:14:00.110  2712  2712 E luciUART: tcsetattr succeed
04-09 16:14:00.111  2712  2721 E LUCI_SERVER: Luci Server Thread waiting for packets....
04-09 16:14:00.116  2710  2710 I wpa_supplicant: wlan0: CTRL-EVENT-REGDOM-CHANGE init=USER type=COUNTRY alpha2=US
04-09 16:14:00.184  2709  2709 I         : [0409/034400.183692:INFO:cast_auth_check.cc(163)] Cast auth test is successful.
04-09 16:14:00.550  2711  2723 E yani_kernel: Interface status 0
04-09 16:14:00.556  2711  2723 I yani_kernel: set_device_name() Interface 'wlan0' MAC Address 'cc:90:93:21:f3:84' FriendlyName 'Lyric Speaker Box 21f384' status '0'
04-09 16:14:00.557  2711  2723 I yani_server: First boot after Factory reset! Friendly Name modified Lyric Speaker Box  -> Lyric Speaker Box 21f384
04-09 16:14:00.563  2712  2712 I lucitransport: writeRemoteMessage() MID = 90 buffer = Lyric Speaker Box 21f384
04-09 16:14:00.563  2712  2712 I luciUART: write() MID = 90  bytes = 34 data = Lyric Speaker Box 21f384 m_fd = 0x6
04-09 16:14:00.563  2712  2712 I lucitransport: writeLocalMessage() MID = 90 buffer = Lyric Speaker Box 21f384
04-09 16:14:00.564  2712  2721 E LUCI_SERVER: Luci Server Thread wait over MID 90....
04-09 16:14:00.565  2711  2723 E yani_server: Device Supports CastSetup 1
04-09 16:14:00.565  2711  2723 I yani_kernel: yani_init_net() Success Netlink socket fd 6
04-09 16:14:00.568  2711  2723 E WifiHW  : wifi_start_supplicant
04-09 16:14:00.569  2711  2723 E WifiHW  : wifi_start_ctl.start : wpa_supplicant
04-09 16:14:00.593  2712  2721 E LUCI_SERVER: Luci Server Thread waiting for packets....
04-09 16:14:00.770  2711  2723 E WifiHW  : wifi_connect_to_supplicant : wlan0
04-09 16:14:00.770  2711  2723 E WifiHW  : wifi_connect_on_socket_path1 : wlan0
04-09 16:14:00.773  2711  2723 E yani_wifi: enable_disable_net_if() Failed SIOCGIFFLAGS for interface 'wlan1' enable '0'
04-09 16:14:00.778  2711  2723 I yani_wifi: configure_wifi() SSID '' security '' passphrase '********' Country 'US'
04-09 16:14:01.977  2691  2691 I sh      : LSDeviceService: not found
04-09 16:14:02.082  2731  2731 I NetMgr  : Net_Mgr starting
04-09 16:14:02.090  2731  2731 I HotspotManager: Default WiFi Interface : wlan0
04-09 16:14:02.100  2728  2728 E         :  Start MessageBox Handler 
04-09 16:14:02.106  2731  2731 I NetworkMonitor: WiFi Interface : wlan0
04-09 16:14:02.106  2731  2731 I NetworkMonitor: Default WiFi Interface : wlan0
04-09 16:14:02.109  2729  2729 E UIModeManager: UIModeManager Constructor ++
04-09 16:14:02.110  2731  2742 I NetworkMonitor: Start monitor thread
04-09 16:14:02.116  2731  2742 E WifiUtil: command: "SCAN" failed: FAIL-BUSY
04-09 16:14:02.121  2729  2729 I AirableUIHelper: AirableUIHelper Contructor 
04-09 16:14:02.122  2728  2741 E MB_HANDLER: HOST present 1
04-09 16:14:02.124  2728  2741 E MB_HANDLER:  REGISTERED YANI LISTENER IN MessageBoxHandler
04-09 16:14:02.126  2728  2741 E         : External Host present 1
04-09 16:14:02.126  2728  2741 E MB_HANDLER: REGISTERED ExternalSource IN MessageBoxHandler
04-09 16:14:02.128  2729  2729 E AirableUIHelper:  Airable ENV_AirableBaseURL_ID Envitem returned failed!!!
04-09 16:14:02.130  2729  2729 E AirableUIHelper:  Airable ENV_AirableSecret_ID Envitem returned failed!!!
04-09 16:14:02.130  2729  2729 E AirableUIHelper: Airable Secret =  
04-09 16:14:02.130  2728  2741 E MB_HANDLER: Check Device Support ENV_CastSetup true ENV_GoogleCast_ID true 
04-09 16:14:02.130  2712  2712 I lucitransport: readRemoteMessage() MID char = 43689 buffer = 1
04-09 16:14:02.130  2712  2712 I lucitransport: writeRemoteMessage() MID = 43690 buffer = ªªªªª
04-09 16:14:02.131  2712  2712 I lucitransport: writeRemoteMessage() MID = 124 buffer = 0#1,0#2,0#3,0#4,0
04-09 16:14:02.140  2712  2720 E luciUART: UART:aa
04-09 16:14:02.140  2712  2720 E luciUART: UART:aa
04-09 16:14:02.140  2712  2720 E luciUART: UART:2
04-09 16:14:02.140  2712  2720 E luciUART: UART:0
04-09 16:14:02.140  2712  2720 E luciUART: UART:9
04-09 16:14:02.140  2712  2720 E luciUART: UART:0
04-09 16:14:02.140  2712  2720 I chatty  : uid=0(root) UARTLUCIControl identical 1 line
04-09 16:14:02.141  2712  2720 E luciUART: UART:0
04-09 16:14:02.141  2729  2729 I UIModeManager: RegisterModeControl Mode - PlayMode ModeControl - 0xacb6cc30
04-09 16:14:02.141  2712  2720 E luciUART: UART:0
04-09 16:14:02.141  2712  2720 E luciUART: UART:1
04-09 16:14:02.142  2733  2733 I bt_btif : init
04-09 16:14:02.143  2712  2721 E LUCI_SERVER: Luci Server Thread wait over MID 124....
04-09 16:14:02.143  2712  2721 I luciUART: write() MID = 124  bytes = 27 data = 0#1,0#2,0#3,0#4,0 m_fd = 0x6
04-09 16:14:02.143  2712  2721 E LUCI_SERVER: Luci Server Thread waiting for packets....
04-09 16:14:02.143  2712  2720 E luciUART: UART:aa
04-09 16:14:02.143  2712  2720 E luciUART: UART:aa
04-09 16:14:02.143  2712  2720 E luciUART: UART:2
04-09 16:14:02.143  2712  2720 E luciUART: UART:0
04-09 16:14:02.143  2712  2720 E luciUART: UART:d0
04-09 16:14:02.143  2712  2720 E luciUART: UART:0
04-09 16:14:02.143  2712  2720 E luciUART: UART:0
04-09 16:14:02.144  2712  2720 E luciUART: UART:6f
04-09 16:14:02.150  2735  2735 E dhcpcd  : eth0: interface not found or invalid
04-09 16:14:02.150  2712  2721 I luciUART: write() MID = 208  bytes = 20 data = Country:US m_fd = 0x6
04-09 16:14:02.150  2712  2721 E LUCI_SERVER: NV_READ response= Country:US
04-09 16:14:02.150  2712  2721 E LUCI_SERVER: Luci Server Thread waiting for packets....
04-09 16:14:02.150  2733  2752 I bt_stack_manager: event_init_stack is initializing the stack
04-09 16:14:02.151  2712  2720 E luciUART: UART:aa
04-09 16:14:02.151  2712  2720 E luciUART: UART:aa
04-09 16:14:02.151  2712  2720 E luciUART: UART:1
04-09 16:14:02.151  2712  2720 E luciUART: UART:0
04-09 16:14:02.151  2712  2720 E luciUART: UART:0
04-09 16:14:02.152  2712  2720 I luciUART: read() RemoteID = 43690 Command = 208 Type = 2 Status = 0 DataLen = 9
04-09 16:14:02.152  2712  2720 E luciUART: UART:52
04-09 16:14:02.152  2712  2720 E luciUART: UART:45
04-09 16:14:02.152  2712  2720 I luciUART: Previous Packet read contd., 
04-09 16:14:02.152  2712  2720 I luciUART: Previous Packet read contd., 
04-09 16:14:02.152  2712  2720 E luciUART: UART:44
04-09 16:14:02.152  2712  2720 I luciUART: Previous Packet read contd., 
04-09 16:14:02.152  2712  2720 E luciUART: UART:5f
04-09 16:14:02.152  2712  2720 E luciUART: UART:73
04-09 16:14:02.152  2712  2720 E luciUART: UART:73
04-09 16:14:02.152  2712  2720 I luciUART: Previous Packet read contd., 
04-09 16:14:02.152  2712  2720 E luciUART: UART:69
04-09 16:14:02.152  2712  2720 E luciUART: UART:64
04-09 16:14:02.152  2728  2741 E MB_HANDLER: ENV READ FAILED
04-09 16:14:02.152  2712  2721 E LUCI_SERVER: Luci Server Thread wait over MID 151....
04-09 16:14:02.153  2712  2721 E WLANP2PIF: ioctl failed
04-09 16:14:02.153  2712  2721 E LUCI_SERVER: ** RSSI  = 255
04-09 16:14:02.153  2712  2721 I luciUART: write() MID = 151  bytes = 10 data =  m_fd = 0x6
04-09 16:14:02.153  2712  2721 E LUCI_SERVER: Luci Server Thread wait over MID 208....
04-09 16:14:02.153  2712  2721 E LUCI_SERVER: Got NV name : ssid
04-09 16:14:02.156  2735  2735 D dhcpcd  : wlan0: adding address fe80::ce90:93ff:fe21:f384
04-09 16:14:02.157  2728  2741 E MB_HANDLER: MacAddress :CC:90:93:21:F3:84
04-09 16:14:02.157  2712  2712 I lucitransport: writeRemoteMessage() MID = 91 buffer = CC:90:93:21:F3:84
04-09 16:14:02.157  2712  2712 I luciUART: write() MID = 91  bytes = 27 data = CC:90:93:21:F3:84 m_fd = 0x6
04-09 16:14:02.158  2728  2741 E MB_HANDLER: Message Handler Thread waiting for messages....
04-09 16:14:02.161  2712  2721 I luciUART: write() MID = 208  bytes = 15 data = ssid: m_fd = 0x6
04-09 16:14:02.161  2712  2721 E LUCI_SERVER: NV_READ response= ssid:
04-09 16:14:02.161  2712  2721 E LUCI_SERVER: Luci Server Thread waiting for packets....
04-09 16:14:02.163  2733  2752 E bt_osi_config: config_new unable to open file '/data/misc/bluedroid/bt_config.conf': No such file or directory
04-09 16:14:02.164  2733  2752 W bt_btif_config: init unable to load config file: /data/misc/bluedroid/bt_config.conf; using backup.
04-09 16:14:02.164  2733  2752 E bt_osi_config: config_new unable to open file '/data/misc/bluedroid/bt_config.bak': No such file or directory
04-09 16:14:02.164  2733  2752 W bt_btif_config: init unable to load backup; attempting to transcode legacy file.
04-09 16:14:02.167  2733  2752 E bt_btif_config_transcode: btif_config_transcode unable to load XML file '/data/misc/bluedroid/bt_config.xml': 3
04-09 16:14:02.167  2733  2752 E bt_btif_config: init unable to transcode legacy file; creating empty config.
04-09 16:14:02.168  2712  2720 E luciUART: UART:aa
04-09 16:14:02.168  2712  2720 E luciUART: UART:aa
04-09 16:14:02.168  2712  2720 E luciUART: UART:2
04-09 16:14:02.168  2712  2720 E luciUART: UART:0
04-09 16:14:02.168  2712  2720 E luciUART: UART:d0
04-09 16:14:02.168  2712  2720 E luciUART: UART:0
04-09 16:14:02.168  2712  2720 I chatty  : uid=0(root) UARTLUCIControl identical 2 lines
04-09 16:14:02.168  2712  2720 E luciUART: UART:0
04-09 16:14:02.168  2712  2720 E luciUART: UART:9
04-09 16:14:02.168  2712  2720 I luciUART: read() RemoteID = 43690 Command = 208 Type = 2 Status = 0 DataLen = 9
04-09 16:14:02.168  2712  2720 E luciUART: Error: full data not available yet! readBytes 0
04-09 16:14:02.168  2712  2720 I luciUART: Previous Packet read contd., 
04-09 16:14:02.168  2733  2758 I bt_osi_thread: run_thread: thread id 2758, thread name alarm_default_ca started
04-09 16:14:02.168  2712  2720 E luciUART: UART:52
04-09 16:14:02.168  2712  2720 I luciUART: Previous Packet read contd., 
04-09 16:14:02.168  2712  2720 E luciUART: UART:45
04-09 16:14:02.168  2712  2720 I luciUART: Previous Packet read contd., 
04-09 16:14:02.168  2712  2720 E luciUART: UART:41
04-09 16:14:02.168  2712  2720 I luciUART: Previous Packet read contd., 
04-09 16:14:02.169  2712  2720 E luciUART: UART:44
04-09 16:14:02.175  2733  2752 I bt_stack_config: init attempt to load stack conf from /etc/bluetooth/bt_stack.conf
04-09 16:14:02.176  2712  2720 E luciUART: UART:2
04-09 16:14:02.176  2712  2720 E luciUART: UART:0
04-09 16:14:02.176  2712  2720 E luciUART: UART:6
04-09 16:14:02.176  2712  2720 E luciUART: UART:0
04-09 16:14:02.176  2712  2720 I chatty  : uid=0(root) UARTLUCIControl identical 2 lines
04-09 16:14:02.176  2712  2720 E luciUART: UART:0
04-09 16:14:02.176  2712  2720 E luciUART: UART:4
04-09 16:14:02.176  2712  2720 I luciUART: read() RemoteID = 43690 Command = 6 Type = 2 Status = 0 DataLen = 4
04-09 16:14:02.176  2712  2720 E luciUART: Error: full data not available yet! readBytes 0
04-09 16:14:02.177  2712  2720 E luciUART: UART:0
04-09 16:14:02.177  2712  2720 I chatty  : uid=0(root) UARTLUCIControl identical 2 lines
04-09 16:14:02.177  2712  2720 E luciUART: UART:0
04-09 16:14:02.177  2712  2720 E luciUART: UART:13
04-09 16:14:02.177  2712  2720 I luciUART: read() RemoteID = 43690 Command = 208 Type = 2 Status = 0 DataLen = 19
04-09 16:14:02.177  2712  2720 I luciUART: Previous Packet read contd., 
04-09 16:14:02.177  2712  2720 E luciUART: UART:52
04-09 16:14:02.177  2712  2720 E luciUART: UART:45
04-09 16:14:02.177  2728  2740 E MB_HANDLER: Messagebox_handler::MessageBoxAlert id = 6
04-09 16:14:02.177  2712  2720 E luciUART: UART:41
04-09 16:14:02.177  2712  2720 I luciUART: Previous Packet read contd., 
04-09 16:14:02.177  2712  2720 E luciUART: UART:44
04-09 16:14:02.177  2712  2720 E luciUART: UART:5f
04-09 16:14:02.177  2712  2720 I luciUART: Previous Packet read contd., 
04-09 16:14:02.177  2712  2720 E luciUART: UART:66
04-09 16:14:02.177  2712  2720 E luciUART: UART:77
04-09 16:14:02.180  2733  2761 I bt_osi_thread: run_thread: thread id 2761, thread name bt_jni_workqueue started
04-09 16:14:02.180  2712  2721 I luciUART: write() MID = 208  bytes = 67 data = fwdownload_xml:https://openotaengine.libreiotcloud.com/v1 m_fd = 0x6
04-09 16:14:02.180  2712  2721 E LUCI_SERVER: NV_READ response= fwdownload_xml:https://openotaengine.libreiotcloud.com/v1
04-09 16:14:02.180  2712  2721 E LUCI_SERVER: Luci Server Thread waiting for packets....
04-09 16:14:02.188  2733  2733 I bt_osi_wakelock: wakelock_set_os_callouts set to non-native
04-09 16:14:02.191  2733  2733 I bt_btif : get_profile_interface: id = gatt
04-09 16:14:02.195  2733  2733 I bt_btif : get_profile_interface: id = a2dp
04-09 16:14:02.196  2733  2733 I bt_btif : get_profile_interface: id = a2dp_sink
04-09 16:14:02.210  2733  2766 I bt_osi_thread: run_thread: thread id 2766, thread name btif_a2dp_sink_w started
04-09 16:14:02.213  2733  2733 D a2dp_codec: init
04-09 16:14:02.214  2733  2733 D a2dp_codec: createCodec: codec SBC
04-09 16:14:02.216  2733  2733 D a2dp_codec: createCodec: codec AAC
04-09 16:14:02.217  2733  2733 D a2dp_codec: createCodec: codec aptX
04-09 16:14:02.218  2733  2733 E a2dp_vendor_aptx_encoder: A2DP_VendorLoadEncoderAptx: cannot open aptX encoder library libaptX_encoder.so: libaptX_encoder.so: cannot open shared object file: No such file or directory
04-09 16:14:02.218  2733  2733 E a2dp_vendor_aptx: init: cannot load the encoder
04-09 16:14:02.218  2733  2733 D a2dp_codec: createCodec: codec aptX-HD
04-09 16:14:02.218  2733  2733 E a2dp_vendor_aptx_hd_encoder: A2DP_VendorLoadEncoderAptxHd: cannot open aptX-HD encoder library libaptXHD_encoder.so: libaptXHD_encoder.so: cannot open shared object file: No such file or directory
04-09 16:14:02.218  2733  2733 E a2dp_vendor_aptx_hd: init: cannot load the encoder
04-09 16:14:02.219  2733  2733 D a2dp_codec: createCodec: codec LDAC
04-09 16:14:02.220  2733  2733 E a2dp_vendor_ldac_encoder: A2DP_VendorLoadEncoderLdac: cannot open LDAC encoder library libldacBT_enc.so: libldacBT_enc.so: cannot open shared object file: No such file or directory
04-09 16:14:02.220  2733  2733 E a2dp_vendor_ldac: init: cannot load the encoder
04-09 16:14:02.220  2733  2733 D a2dp_codec: createCodec: codec SBC SINK
04-09 16:14:02.220  2733  2733 D a2dp_codec: createCodec: codec AAC SINK
04-09 16:14:02.220  2733  2733 I a2dp_codec: init: initialized Source codec AAC
04-09 16:14:02.220  2733  2733 I a2dp_codec: init: initialized Source codec SBC
04-09 16:14:02.220  2733  2733 I a2dp_codec: init: initialized Sink codec AAC(Sink)
04-09 16:14:02.220  2733  2733 I a2dp_codec: init: initialized Sink codec SBC(Sink)
04-09 16:14:02.220  2733  2733 W bt_btif : ## ON A2DP IDLE ## peer_sep = 0
04-09 16:14:02.221  2733  2761 E bt_btif : btif_sm_dispatch : Invalid handle
04-09 16:14:02.222  2733  2733 I bt_btif : get_profile_interface: id = avrcp
04-09 16:14:02.223  2733  2733 I bt_btif : get_profile_interface: id = avrcp_ctrl
04-09 16:14:02.223  2733  2733 I bt_btif : get_profile_interface: id = hidhost
04-09 16:14:02.235  2733  2733 I bluetoothtbd: [0409/034402.235841:INFO:daemon.cc(168)] Daemon initialized
04-09 16:14:02.236  2733  2733 I bt_btif : enable: start restricted = 0
04-09 16:14:02.236  2733  2752 I bt_stack_manager: event_start_up_stack is bringing up the stack
04-09 16:14:02.236  2733  2752 I bt_core_module: module_start_up Starting module "btif_config_module"
04-09 16:14:02.236  2733  2752 I bt_core_module: module_start_up Started module "btif_config_module"
04-09 16:14:02.236  2733  2752 I bt_core_module: module_start_up Starting module "btsnoop_module"
04-09 16:14:02.236  2733  2752 I bt_core_module: module_start_up Started module "btsnoop_module"
04-09 16:14:02.237  2733  2752 I bt_core_module: module_start_up Starting module "hci_module"
04-09 16:14:02.237  2733  2752 I bt_hci  : hci_module_start_up
04-09 16:14:02.237  2731  2743 E CommandListener: Message not handled: unrecognized interface usb0
04-09 16:14:02.237  2731  2743 W FrameworkListener: Handler 'Iface' error (Success)
04-09 16:14:02.237  2731  2743 E CommandListener: Message not handled: unrecognized interface usb0
04-09 16:14:02.237  2731  2743 W FrameworkListener: Handler 'Iface' error (Success)
04-09 16:14:02.238  2733  2778 I bt_osi_thread: run_thread: thread id 2778, thread name hci_thread started
04-09 16:14:02.239  2733  2752 D bt_hci  : hci_module_start_up starting async portion
04-09 16:14:02.240  2733  2778 I bluetoothtbd: [0409/034402.240487:INFO:hci_layer_linux.cc(172)] hci_initialize
04-09 16:14:02.240  2733  2778 I bluetoothtbd: [0409/034402.240660:INFO:hci_layer_linux.cc(184)] Using interface hci0
04-09 16:14:02.240  2733  2778 I bluetoothtbd: [0409/034402.240742:INFO:hci_layer_linux.cc(378)] rfkill
04-09 16:14:02.249  2731  2743 E CommandListener: Message not handled: unrecognized interface usb0
04-09 16:14:02.249  2731  2743 W FrameworkListener: Handler 'Iface' error (Success)
04-09 16:14:02.250  2731  2743 E CommandListener: Message not handled: unrecognized interface usb0
04-09 16:14:02.250  2731  2743 W FrameworkListener: Handler 'Iface' error (Success)
04-09 16:14:02.252  2731  2743 E CommandListener: Message not handled: unrecognized interface usb0
04-09 16:14:02.252  2731  2743 W FrameworkListener: Handler 'Iface' error (Success)
04-09 16:14:02.252  2731  2743 E CommandListener: Message not handled: unrecognized interface usb0
04-09 16:14:02.252  2731  2743 W FrameworkListener: Handler 'Iface' error (Success)
04-09 16:14:02.290  2735  2735 D dhcpcd  : no interfaces have a carrier
04-09 16:14:02.290  2735  2735 D dhcpcd  : wlan0: waiting for carrier
04-09 16:14:02.304  2787  2787 I dnsmasq : started, version 2.51 cachesize 150
04-09 16:14:02.304  2787  2787 I dnsmasq : compile time options: no-IPv6 GNU-getopt no-DBus no-I18N DHCP no-scripts no-TFTP
04-09 16:14:02.304  2787  2787 I dnsmasq : DHCP, IP range 192.168.10.3 -- 192.168.10.10, lease time 12h
04-09 16:14:02.304  2787  2787 I dnsmasq : reading /etc/resolv.conf
04-09 16:14:02.304  2787  2787 I dnsmasq : using nameserver 8.8.8.8#53
04-09 16:14:02.304  2787  2787 I dnsmasq : read /etc/hosts - 1 addresses
04-09 16:14:02.656  2733  2778 I bluetoothtbd: [0409/034402.656561:INFO:hci_layer_linux.cc(295)] wait_hcidev
04-09 16:14:02.656  2733  2778 I bluetoothtbd: [0409/034402.656827:INFO:hci_layer_linux.cc(332)] Do poll() with timeout of 3000ms
04-09 16:14:02.658  2733  2778 I bluetoothtbd: [0409/034402.658404:INFO:hci_layer_linux.cc(228)] HCI device ready
04-09 16:14:02.658  2733  2778 I bt_hci  : event_finish_startup
04-09 16:14:02.658  2733  2752 I bt_core_module: module_start_up Started module "hci_module"
04-09 16:14:02.660  2733  2811 I bt_osi_thread: run_thread: thread id 2811, thread name bt_workqueue started
04-09 16:14:02.660  2733  2811 I bluetoothtbd: [0409/034402.660877:INFO:btu_task.cc(107)] Bluetooth chip preload is complete
04-09 16:14:02.667  2733  2811 I         : No vendor HCI socket available. Won't create SocketWriter.
04-09 16:14:02.676  2733  2811 I bluetoothtbd: [0409/034402.676002:INFO:gatt_api.cc(1005)] GATT_Register
04-09 16:14:02.678  2733  2811 I bluetoothtbd: [0409/034402.678078:INFO:gatt_api.cc(1028)] allocated gatt_if=1
04-09 16:14:02.679  2733  2811 I bluetoothtbd: [0409/034402.679647:INFO:gatt_api.cc(207)] GATTS_AddService
04-09 16:14:02.680  2733  2811 I bluetoothtbd: [0409/034402.680715:INFO:gatt_api.cc(317)] GATTS_AddService: service parsed correctly, now starting
04-09 16:14:02.682  2733  2811 E bluetoothtbd: [0409/034402.681598:ERROR:gatt_attr.cc(302)] gatt_profile_db_init:  gatt_if=1
04-09 16:14:02.688  2733  2811 I bluetoothtbd: [0409/034402.688610:INFO:gatt_api.cc(1005)] GATT_Register
04-09 16:14:02.688  2733  2811 I bluetoothtbd: [0409/034402.688769:INFO:gatt_api.cc(1028)] allocated gatt_if=2
04-09 16:14:02.688  2733  2811 I bluetoothtbd: [0409/034402.688822:INFO:gatt_api.cc(207)] GATTS_AddService
04-09 16:14:02.688  2733  2811 I bluetoothtbd: [0409/034402.688875:INFO:gatt_api.cc(317)] GATTS_AddService: service parsed correctly, now starting
04-09 16:14:02.692  2733  2812 I bt_osi_thread: run_thread: thread id 2812, thread name btu message loop started
04-09 16:14:02.698  2731  2743 E CommandListener: Message not handled: unrecognized interface usb0
04-09 16:14:02.698  2731  2743 W FrameworkListener: Handler 'Iface' error (Success)
04-09 16:14:02.732  2733  2814 I bt_osi_thread: run_thread: thread id 2814, thread name module_wrapper started
04-09 16:14:02.732  2733  2814 I bt_core_module: module_start_up Starting module "controller_module"
04-09 16:14:02.781  2711  2723 I yani_server: ifindexeth0 0 ifindexwlan0 5 ifindexp2p0 6 ifindexwlan1 0
04-09 16:14:02.782  2711  2723 I yani_server: NetLink Event '-1' Interface-Index '5' WLAN '0' Ethernet '-1' Parsed-iFill '-1' -> 'INVALID' ifIndex '1' -> 'lo'
04-09 16:14:02.782  2711  2723 I yani_kernel: yani_geteventfrom_changeaddr() Message-Id '1' Netlink event '16' Interface Index '5' -> Name 'wlan0' 
04-09 16:14:02.783  2711  2723 I yani_kernel: yani_geteventfrom_changeaddr() Message-Id '1' Netlink event '16' Interface Index '9' -> Name 'usb0' 
04-09 16:14:02.784  2711  2723 I yani_kernel: yani_geteventfrom_changeaddr() Message-Id '1' Netlink event '16' Interface Index '9' -> Name 'usb0' 
04-09 16:14:02.785  2711  2723 I yani_kernel: yani_geteventfrom_changeaddr() Message-Id '1' Netlink event '20' Interface Index '9' -> Name 'usb0' 
04-09 16:14:02.786  2711  2723 I yani_kernel: yani_geteventfrom_changeaddr() Message-Id '1' Netlink event '16' Interface Index '9' -> Name 'usb0' 
04-09 16:14:02.787  2711  2723 I yani_kernel: yani_geteventfrom_changeaddr() Message-Id '1' Netlink event '21' Interface Index '9' -> Name 'usb0' 
04-09 16:14:02.788  2711  2723 I yani_kernel: yani_geteventfrom_changeaddr() Message-Id '1' Netlink event '20' Interface Index '9' -> Name 'usb0' 
04-09 16:14:02.789  2711  2723 I yani_kernel: yani_geteventfrom_changeaddr() Message-Id '1' Netlink event '16' Interface Index '9' -> Name 'usb0' 
04-09 16:14:02.905  2733  2814 I bt_core_module: module_start_up Started module "controller_module"
04-09 16:14:02.906  2733  2814 W bt_osi_thread: run_thread: thread id 2814, thread name module_wrapper exited
04-09 16:14:02.909  2733  2811 W bt_btm  : btm_decode_ext_features_page: feature page 1 ignored
04-09 16:14:02.909  2733  2811 W bt_btm  : btm_decode_ext_features_page: feature page 2 ignored
04-09 16:14:02.910  2733  2812 I bt_btm_sec: BTM_SecRegister p_cb_info->p_le_callback == 0x0xf7018b99
04-09 16:14:02.911  2733  2812 I bt_btm_sec: BTM_SecRegister btm_cb.api.p_le_callback = 0x0xf7018b99 
04-09 16:14:02.913  2733  2812 I bluetoothtbd: [0409/034402.913365:INFO:ble_advertiser_hci_interface.cc(736)] Legacy advertising will be in use
04-09 16:14:02.915  2733  2812 I bluetoothtbd: [0409/034402.915860:INFO:gatt_api.cc(1005)] GATT_Register
04-09 16:14:02.916  2733  2812 I bluetoothtbd: [0409/034402.916038:INFO:gatt_api.cc(1028)] allocated gatt_if=3
04-09 16:14:02.931  2733  2812 I bt_bta_av: AVRCP version used for sdp: "avrcp14"
04-09 16:14:02.935  2733  2761 E bt_btif_storage: btif_storage_get_adapter_property: Controller ready!
04-09 16:14:02.935  2733  2761 I bt_btif_storage: btif_storage_get_adapter_property service_mask:0x40000
04-09 16:14:02.936  2733  2761 I bluetoothtbd: [0409/034402.936212:INFO:adapter.cc(551)] Adapter properties changed
04-09 16:14:02.936  2733  2761 I bluetoothtbd: [0409/034402.936316:INFO:adapter.cc(564)] Adapter address changed: CC:90:93:21:F3:85
04-09 16:14:02.936  2733  2761 I bluetoothtbd: [0409/034402.936360:INFO:adapter.cc(573)] Adapter name changed
04-09 16:14:02.937  2733  2761 I bt_btif_core: btif_enable_bluetooth_evt entered: status 0
04-09 16:14:02.937  2733  2761 W bt_btif : btif_enable_bluetooth_evt: Saving the Adapter Address
04-09 16:14:02.937  2733  2761 I bluetoothtbd: [0409/034402.937200:INFO:adapter.cc(551)] Adapter properties changed
04-09 16:14:02.937  2733  2761 I bluetoothtbd: [0409/034402.937266:INFO:adapter.cc(564)] Adapter address changed: CC:90:93:21:F3:85
04-09 16:14:02.937  2733  2761 D bt_hci  : do_postload posting postload work item
04-09 16:14:02.941  2733  2855 I bt_osi_thread: run_thread: thread id 2855, thread name btif_sock started
04-09 16:14:02.944  2733  2761 D bt_bte_conf: Device ID record 1 : primary
04-09 16:14:02.944  2733  2761 D bt_bte_conf:   vendorId            = 000f
04-09 16:14:02.944  2733  2761 D bt_bte_conf:   vendorIdSource      = 0001
04-09 16:14:02.944  2733  2761 D bt_bte_conf:   product             = 1200
04-09 16:14:02.945  2733  2761 D bt_bte_conf:   version             = 1436
04-09 16:14:02.945  2733  2761 D bt_bte_conf:   clientExecutableURL = 
04-09 16:14:02.945  2733  2761 D bt_bte_conf:   serviceDescription  = 
04-09 16:14:02.945  2733  2761 D bt_bte_conf:   documentationURL    = 
04-09 16:14:02.945  2733  2761 D bt_bte_conf: bte_load_did_conf no section named DID2.
04-09 16:14:02.945  2733  2761 I bt_btif_core: btif_enable_bluetooth_evt finished
04-09 16:14:02.945  2733  2752 I bt_stack_manager: event_start_up_stack finished
04-09 16:14:02.946  2733  2761 I bluetoothtbd: [0409/034402.946246:INFO:adapter.cc(529)] Adapter state changed: BT_STATE_ON
04-09 16:14:03.144  2729  2729 I ServiceManager: Waiting for service media.player...
04-09 16:14:03.733  2731  2743 E CommandListener: Message not handled: unrecognized interface usb0
04-09 16:14:03.733  2731  2743 W FrameworkListener: Handler 'Iface' error (Success)
04-09 16:14:04.117  2731  2742 E WifiUtil: command: "SCAN" failed: FAIL-BUSY
04-09 16:14:04.144  2729  2729 I ServiceManager: Waiting for service media.player...
04-09 16:14:04.563  2711  2723 I yani_server: NetLink Event '-1' Interface-Index '5' WLAN '-1' Ethernet '-1' Parsed-iFill '-1' -> 'INVALID' ifIndex '1' -> 'lo'
04-09 16:14:04.564  2711  2723 I yani_server: NetLink Event '-1' Interface-Index '5' WLAN '0' Ethernet '-1' Parsed-iFill '-1' -> 'INVALID' ifIndex '1' -> 'lo'
04-09 16:14:04.590  2711  2723 I chatty  : uid=0(root) YaniServer identical 37 lines
04-09 16:14:04.590  2711  2723 I yani_server: NetLink Event '-1' Interface-Index '5' WLAN '0' Ethernet '-1' Parsed-iFill '-1' -> 'INVALID' ifIndex '1' -> 'lo'
04-09 16:14:04.590  2711  2723 I yani_kernel: yani_geteventfrom_changeaddr() Message-Id '1' Netlink event '16' Interface Index '5' -> Name 'wlan0' 
04-09 16:14:04.591  2711  2723 I yani_kernel: yani_geteventfrom_changeaddr() Message-Id '1' Netlink event '16' Interface Index '5' -> Name 'wlan0' 
04-09 16:14:05.021  2713  2713 I SourceSwitch: SourceSwitch() Host 1 initialized...
04-09 16:14:05.144  2729  2729 I ServiceManager: Waiting for service media.player...
04-09 16:14:05.228  2787  2787 I dnsmasq : DHCPDISCOVER(usb0) 32:1e:ee:e0:ac:5d 
04-09 16:14:05.228  2787  2787 I dnsmasq : DHCPOFFER(usb0) 192.168.10.10 32:1e:ee:e0:ac:5d 
04-09 16:14:05.228  2787  2787 I dnsmasq : DHCPDISCOVER(usb0) 32:1e:ee:e0:ac:5d 
04-09 16:14:05.229  2787  2787 I dnsmasq : DHCPOFFER(usb0) 192.168.10.10 32:1e:ee:e0:ac:5d 
04-09 16:14:05.232  2787  2787 I dnsmasq : DHCPREQUEST(usb0) 192.168.10.10 32:1e:ee:e0:ac:5d 
04-09 16:14:05.232  2787  2787 I dnsmasq : DHCPACK(usb0) 192.168.10.10 32:1e:ee:e0:ac:5d 
04-09 16:14:05.234  2787  2787 I dnsmasq : DHCPREQUEST(usb0) 192.168.10.10 32:1e:ee:e0:ac:5d 
04-09 16:14:05.234  2787  2787 I dnsmasq : DHCPACK(usb0) 192.168.10.10 32:1e:ee:e0:ac:5d 
04-09 16:14:05.961  2733  2761 E bt_osi_config: config_save unable to open dir '/data/misc/bluedroid': No such file or directory
04-09 16:14:06.119  2711  2723 I yani_server: NetLink Event '-1' Interface-Index '5' WLAN '-1' Ethernet '-1' Parsed-iFill '-1' -> 'INVALID' ifIndex '1' -> 'lo'
04-09 16:14:06.145  2729  2729 I ServiceManager: Waiting for service media.player...
04-09 16:14:07.094  2691  2691 I sh      : btaudioplayer: not found
04-09 16:14:07.148  2691  2691 I sh      : *** play mode control constructor end 
04-09 16:14:07.148  2729  2729 E BrowseModeControl: Read env failed
04-09 16:14:07.148  2729  2729 I UIModeManager: RegisterModeControl Mode - BrowseMode ModeControl - 0xacb6f830
04-09 16:14:07.148  2729  2729 E DefaultBrowser: m_ItemsCount = 7 
04-09 16:14:07.149  2729  2729 E SDCardBrowser: SDCARD Browser constructor mounting vfat first
04-09 16:14:07.150  2729  2729 E SDCardBrowser: 3 GOTOP  Sytem return value = -1
