04-09 15:22:59.805  3075  3075 I cast_shell: [3078:3078:ERROR:device_info_impl.cc(145)] Cannot read file: /data/bootid
04-09 15:22:59.805  3075  3075 I cast_shell: [3078:3078:INFO:device_info_impl.cc(482)] SSDP Boot ID: 0
04-09 15:22:59.806  3075  3075 I cast_shell: [3078:3078:INFO:device_info_impl.cc(486)] SSDP Config ID: 1
04-09 15:22:59.806  3075  3075 I cast_shell: [3078:3078:WARNING:secure_storage_impl.cc(85)] Device key not available yet.
04-09 15:22:59.806  3075  3075 I cast_shell: [3078:3078:INFO:cast_power_manager_provider.cc(26)] Creating DummyCastPowerManagerProvider
04-09 15:22:59.806  3075  3075 I cast_shell: [3078:3078:WARNING:auth_provider_impl.cc(72)] No IoT client_id found on the device. If device was FDRed please ignore this warning.
04-09 15:22:59.806  3075  3075 I cast_shell: [3078:3078:INFO:file_provider_impl.cc(67)] Initialized file provider with base dir: /data/chrome/auth
04-09 15:22:59.806  3075  3075 I cast_shell: [3078:3098:INFO:stream_mixer.cc(222)] Mixer health checker started
04-09 15:22:59.806  3075  3075 I cast_shell: [3078:3099:INFO:stream_mixer.cc(121)] Actual priority = 99, policy = 1
04-09 15:22:59.806  3075  3075 I cast_shell: [3078:3098:WARNING:post_processing_pipeline_parser.cc(65)] No post-processing config found at /etc/cast_audio.json.
04-09 15:22:59.806  3075  3075 I cast_shell: [3078:3098:WARNING:post_processing_pipeline_parser.cc(133)] No post-processor description found for "mix" in /etc/cast_audio.json. Using passthrough.
04-09 15:22:59.806  3075  3075 I cast_shell: [3078:3098:INFO:mixer_pipeline.cc(103)] 2 input channels to 'mix' group
04-09 15:22:59.806  3075  3075 I cast_shell: [3078:3098:WARNING:post_processing_pipeline_parser.cc(133)] No post-processor description found for "linearize" in /etc/cast_audio.json. Using passthrough.
04-09 15:22:59.807  3075  3075 I cast_shell: [3078:3098:INFO:mixer_pipeline.cc(124)] 2 input channels to 'linearize' group
04-09 15:22:59.807  3075  3075 I cast_shell: [3078:3098:INFO:alsa_volume_control.cc(43)] Opening mixer element "Master" on device "default"
04-09 15:22:59.807  3075  3075 I cast_shell: [3078:3100:INFO:audio_socket_service_uds.cc(44)] Using endpoint /tmp/mixer-service
04-09 15:22:59.818  3075  3075 I cast_shell: [3078:3098:INFO:alsa_volume_control.cc(219)] Volume device = default, element = Master
04-09 15:22:59.818  3075  3075 I cast_shell: [3078:3098:INFO:alsa_volume_control.cc(221)] Mute device = default, element = Master
04-09 15:22:59.818  3075  3075 I cast_shell: [3078:3098:INFO:alsa_volume_control.cc(234)] Idle device = default, elements = []
04-09 15:22:59.818  3075  3075 I cast_shell: [3078:3098:INFO:alsa_volume_control.cc(43)] Opening mixer element "Master" on device "default"
04-09 15:22:59.822  3075  3075 I cast_shell: [3078:3086:INFO:parent_tracker.cc(90)] [PII](D711737D39CC64A2DDE0D50EC8339461) has hash 125117943, root wait is 9.70869 s
04-09 15:22:59.822  3075  3075 I cast_shell: [3078:3078:INFO:multizone_manager.cc(330)] Multizone features are enabled
04-09 15:22:59.822  3075  3075 I cast_shell: [3078:3078:INFO:cast_power_manager_provider.cc(26)] Creating DummyCastPowerManagerProvider
04-09 15:22:59.822  3075  3075 I cast_shell: [3078:3078:INFO:update_engine_client_with_ipc.cc(343)] Using IPC UpdateEngineClient
04-09 15:22:59.822  3075  3075 I cast_shell: [3078:3086:INFO:parent_tracker.cc(120)] Can't use IPv4
04-09 15:22:59.822  3075  3075 I cast_shell: [3078:3086:INFO:parent_tracker.cc(124)] Can't use IPv6
04-09 15:22:59.822  3075  3075 I cast_shell: [3078:3086:ERROR:parent_tracker.cc(125)] No valid interface for multicast
04-09 15:22:59.823  3075  3075 I cast_shell: [3078:3086:INFO:directory_service_impl.cc(168)] Boot count is now 1
04-09 15:22:59.823  3078  3078 E         : Create
04-09 15:22:59.823  3078  3078 E         : OOBE IsSupported
04-09 15:22:59.823  3075  3075 I cast_shell: [3078:3086:ERROR:socket_posix.cc(148)] bind() failed: Address already in use (98)
04-09 15:22:59.823  3075  3075 I cast_shell: [3078:3086:ERROR:tcp_listener.cc(64)] Listen failed: net::ERR_ADDRESS_IN_USE : 0.0.0.0:10101
04-09 15:22:59.824  3075  3075 I cast_shell: [3078:3086:ERROR:directory_service_impl.cc(213)] TCP listener error: -1
04-09 15:22:59.825  3075  3075 I cast_shell: [3078:3078:INFO:chromecast_service_client_default.cc(75)] System updater is supported, and this is first setup.
04-09 15:22:59.826  3075  3075 I cast_shell: [3078:3078:INFO:managed_mode_service.cc(345)] Starting in managed mode: 0
04-09 15:22:59.827  3075  3075 I cast_shell: [3078:3078:INFO:platform_client_auth_creds.cc(114)] Loaded client certificate. Key len = 2048 bits. Chain len = 2 (source FROM_CERT).
04-09 15:22:59.828  3075  3075 I cast_shell: [3078:3078:INFO:grpc_manager_impl.cc(245)] Registered service chromecast.LocalCloudcastService
04-09 15:22:59.828  3075  3075 I cast_shell: [3078:3078:INFO:grpc_manager_impl.cc(262)] Registered a handler ExecuteActionScript for service chromecast.LocalCloudcastService
04-09 15:22:59.828  3075  3075 I cast_shell: [3078:3078:INFO:grpc_manager_impl.cc(262)] Registered a handler ObserveDeviceStatus for service chromecast.LocalCloudcastService
04-09 15:22:59.828  3075  3075 I cast_shell: [3078:3078:INFO:grpc_manager_impl.cc(262)] Registered a handler GetDeviceStatus for service chromecast.LocalCloudcastService
04-09 15:22:59.829  3075  3075 I cast_shell: [3078:3078:INFO:grpc_manager_impl.cc(505)] GRPC[uri=[::]:0]: num_pending_calls=0, num_active_handlers=0, num_free_handlers=0
04-09 15:22:59.829  3075  3075 I cast_shell: [3078:3078:INFO:cast_power_manager_provider.cc(26)] Creating DummyCastPowerManagerProvider
04-09 15:22:59.829  3075  3075 I cast_shell: [3078:3078:INFO:cast_power_manager_provider.cc(26)] Creating DummyCastPowerManagerProvider
04-09 15:22:59.829  3075  3075 I cast_shell: [3078:3078:INFO:gcm_manager.cc(140)] GCM Dir = /data/chrome/gcm
04-09 15:22:59.830  3075  3075 I cast_shell: [3078:3078:INFO:gcm_manager.cc(258)] Enabling GCM Driver
04-09 15:22:59.830  3075  3075 I cast_shell: [3078:3078:INFO:grpc_manager_impl.cc(505)] GRPC[uri=]: num_pending_calls=0, num_active_handlers=0, num_free_handlers=0
04-09 15:22:59.830  3075  3075 I cast_shell: [3078:3078:INFO:lycra_gcm.cc(117)] Deferring GCM registration until connectivity is up.
04-09 15:22:59.831  3075  3075 I cast_shell: [3078:3078:WARNING:cloud_settings_manager.cc(513)] Cannot initialize device settings config: /data/chrome/cloud_settings/cloud_settings.prefs, pref_error=6
04-09 15:22:59.831  3075  3075 I cast_shell: [3078:3078:INFO:cloud_settings_manager.cc(195)] Cloud settings is disabled.
04-09 15:22:59.832  3075  3075 I cast_shell: [3078:3078:INFO:pref_metrics_manager.cc(66)] PrefMetricsManager started.
04-09 15:22:59.832  3075  3075 I cast_shell: [3078:3078:INFO:pref_control_service_impl.cc(142)] Loading prefs from /data/chrome/pref_control/pref_control.prefs
04-09 15:22:59.888  3075  3075 I cast_shell: [3078:3078:INFO:pref_control_service_impl.cc(602)] Registering pref Pref [Name:motion_sensing_pref,RestoreValue:1,ForceEnableParent:1,Value:1,Optin:1]
04-09 15:22:59.889  3075  3075 I cast_shell: [3078:3078:INFO:pref_control_service_impl.cc(602)] Registering pref Pref [Name:sleep_sensing_pref,RestoreValue:0,ForceEnableParent:1,Value:1,Optin:0]
04-09 15:22:59.889  3075  3075 I cast_shell: [3078:3078:INFO:pref_control_service_impl.cc(602)] Registering pref Pref [Name:sleep_disturbance_pref,RestoreValue:1,ForceEnableParent:0,Value:1,Optin:0]
04-09 15:22:59.889  3075  3075 I cast_shell: [3078:3078:INFO:pref_control_service_impl.cc(602)] Registering pref Pref [Name:sleep_coaching_pref,RestoreValue:1,ForceEnableParent:0,Value:1,Optin:0]
04-09 15:22:59.889  3075  3075 I cast_shell: [3078:3078:INFO:pref_control_service_impl.cc(602)] Registering pref Pref [Name:gesture_sensing_pref,RestoreValue:0,ForceEnableParent:1,Value:1,Optin:0]
04-09 15:22:59.889  3075  3075 I cast_shell: [3078:3078:INFO:pref_control_service_impl.cc(602)] Registering pref Pref [Name:play_and_pause_gesture_pref,RestoreValue:1,ForceEnableParent:0,Value:1,Optin:0]
04-09 15:22:59.889  3075  3075 I cast_shell: [3078:3078:INFO:pref_control_service_impl.cc(602)] Registering pref Pref [Name:snooze_alarm_gesture_pref,RestoreValue:1,ForceEnableParent:0,Value:1,Optin:0]
04-09 15:22:59.890  3075  3075 I cast_shell: [3078:3078:INFO:pref_control_service_impl.cc(602)] Registering pref Pref [Name:stop_timers_gesture_pref,RestoreValue:1,ForceEnableParent:0,Value:1,Optin:0]
04-09 15:22:59.890  3075  3075 I cast_shell: [3078:3078:INFO:pref_metrics_manager.cc(94)] Adding motion_sensing_pref to PrefMetricsManager.
04-09 15:22:59.890  3075  3075 I cast_shell: [3078:3078:INFO:pref_metrics_manager.cc(94)] Adding sleep_sensing_pref to PrefMetricsManager.
04-09 15:22:59.890  3075  3075 I cast_shell: [3078:3078:INFO:pref_metrics_manager.cc(94)] Adding sleep_disturbance_pref to PrefMetricsManager.
04-09 15:22:59.890  3075  3075 I cast_shell: [3078:3078:INFO:pref_metrics_manager.cc(94)] Adding sleep_coaching_pref to PrefMetricsManager.
04-09 15:22:59.890  3075  3075 I cast_shell: [3078:3078:INFO:pref_metrics_manager.cc(94)] Adding gesture_sensing_pref to PrefMetricsManager.
04-09 15:22:59.890  3075  3075 I cast_shell: [3078:3078:INFO:pref_metrics_manager.cc(94)] Adding play_and_pause_gesture_pref to PrefMetricsManager.
04-09 15:22:59.890  3075  3075 I cast_shell: [3078:3078:INFO:pref_metrics_manager.cc(94)] Adding snooze_alarm_gesture_pref to PrefMetricsManager.
04-09 15:22:59.890  3075  3075 I cast_shell: [3078:3078:INFO:pref_metrics_manager.cc(94)] Adding stop_timers_gesture_pref to PrefMetricsManager.
04-09 15:22:59.891  3075  3075 I cast_shell: [3078:3078:INFO:pref_control_service_impl.cc(107)] PrefControlService constructed.
04-09 15:22:59.891  3075  3075 I cast_shell: [3078:3078:INFO:grpc_manager_impl.cc(245)] Registered service chromecast.grpc_discovery.GrpcDiscoveryService
04-09 15:22:59.891  3075  3075 I cast_shell: [3078:3078:INFO:grpc_manager_impl.cc(262)] Registered a handler GetServiceInfo for service chromecast.grpc_discovery.GrpcDiscoveryService
04-09 15:22:59.892  3075  3075 I cast_shell: [3078:3078:INFO:grpc_manager_impl.cc(505)] GRPC[uri=unix:/tmp/hcp_ipc_auth.socket]: num_pending_calls=0, num_active_handlers=0, num_free_handlers=0
04-09 15:22:59.892  3075  3075 I cast_shell: [3078:3113:INFO:common_time.cc(128)] New common clock leader D711737D39CC64A2DDE0D50EC8339461, is_this_device = 1, IP = [::1]:10006, quality = 0
04-09 15:22:59.893  3075  3075 I cast_shell: [3078:3113:INFO:common_time.cc(158)] Set this device as common time source
04-09 15:22:59.893  3075  3075 I cast_shell: [3078:3078:INFO:grpc_manager_impl.cc(245)] Registered service usonia.ipc.Auth
04-09 15:22:59.893  3075  3075 I cast_shell: [3078:3078:INFO:grpc_manager_impl.cc(262)] Registered a handler Sign for service usonia.ipc.Auth
04-09 15:22:59.893  3075  3075 I cast_shell: [3078:3078:INFO:grpc_manager_impl.cc(262)] Registered a handler Verify for service usonia.ipc.Auth
04-09 15:22:59.893  3075  3075 I cast_shell: [3078:3078:INFO:grpc_manager_impl.cc(262)] Registered a handler AuthReady for service usonia.ipc.Auth
04-09 15:22:59.893  3075  3075 I cast_shell: [3078:3078:INFO:grpc_manager_impl.cc(245)] Registered service usonia.ipc.DistributedServiceDiscovery
04-09 15:22:59.894  3075  3075 I cast_shell: [3078:3078:INFO:grpc_manager_impl.cc(262)] Registered a handler UpdateServiceObservers for service usonia.ipc.DistributedServiceDiscovery
04-09 15:22:59.894  3075  3075 I cast_shell: [3078:3078:INFO:grpc_manager_impl.cc(262)] Registered a handler FetchAllPeerAddressList for service usonia.ipc.DistributedServiceDiscovery
04-09 15:22:59.894  3075  3075 I cast_shell: [3078:3078:INFO:grpc_manager_impl.cc(262)] Registered a handler ResolvePeerAddress for service usonia.ipc.DistributedServiceDiscovery
04-09 15:22:59.894  3075  3075 I cast_shell: [3078:3078:INFO:grpc_manager_impl.cc(262)] Registered a handler AddService for service usonia.ipc.DistributedServiceDiscovery
04-09 15:22:59.894  3075  3075 I cast_shell: [3078:3078:INFO:grpc_manager_impl.cc(262)] Registered a handler IsServiceAllowed for service usonia.ipc.DistributedServiceDiscovery
04-09 15:22:59.894  3075  3075 I cast_shell: [3078:3078:INFO:grpc_manager_impl.cc(245)] Registered service usonia.ipc.LeaderElector
04-09 15:22:59.894  3075  3075 I cast_shell: [3078:3078:INFO:grpc_manager_impl.cc(262)] Registered a handler LeaderElection for service usonia.ipc.LeaderElector
04-09 15:22:59.894  3075  3075 I cast_shell: [3078:3078:INFO:grpc_manager_impl.cc(245)] Registered service usonia.ipc.TimeSynchronizer
04-09 15:22:59.894  3075  3075 I cast_shell: [3078:3078:INFO:grpc_manager_impl.cc(262)] Registered a handler ObserveCommonTime for service usonia.ipc.TimeSynchronizer
04-09 15:22:59.896  3075  3075 I cast_shell: [3078:3078:INFO:grpc_manager_impl.cc(317)] Grpc server started in port 1
04-09 15:22:59.896  3075  3075 I cast_shell: [3078:3078:INFO:sensor_pref_manager.cc(84)] SensorPrefManager is disabled.
04-09 15:22:59.897  3075  3075 I cast_shell: [3078:3078:INFO:remote_ducking_receiver.cc(183)] remote ducking: starting receiver.
04-09 15:22:59.897  3075  3075 I cast_shell: [3078:3078:INFO:grpc_manager_impl.cc(505)] GRPC[uri=unix:/tmp/modular_updater/modular_update_service]: num_pending_calls=0, num_active_handlers=0, num_free_handlers=0
04-09 15:22:59.898  3075  3075 I cast_shell: [3078:3078:INFO:cast_power_manager_provider.cc(26)] Creating DummyCastPowerManagerProvider
04-09 15:22:59.904  3075  3075 I cast_shell: [3078:3078:INFO:timezone_settings.cc(288)] Setting system timezone to America/Los_Angeles
04-09 15:22:59.905  3075  3075 I cast_shell: [3078:3078:INFO:daily_reboot_impl.cc(172)] Daily reboot is disabled
04-09 15:22:59.905  3075  3075 I cast_shell: [3078:3078:INFO:api_reboot.cc(321)] active_activities count=1
04-09 15:22:59.906  3075  3075 I cast_shell: [3078:3090:INFO:gamma_utils.cc(31)] Gamma calibration file is not present, use default LUT
04-09 15:22:59.906  3075  3075 I cast_shell: [3078:3078:INFO:cast_power_manager_provider.cc(26)] Creating DummyCastPowerManagerProvider
04-09 15:22:59.906  3075  3075 I chatty  : uid=1000(chrome) /bin/logwrapper identical 1 line
04-09 15:22:59.906  3075  3075 I cast_shell: [3078:3078:INFO:cast_power_manager_provider.cc(26)] Creating DummyCastPowerManagerProvider
04-09 15:22:59.909  3075  3075 I cast_shell: [3078:3090:INFO:tuning_manager.cc(118)] No file found at /etc/cast_audio.json
04-09 15:22:59.909  3075  3075 I cast_shell: [3078:3090:INFO:tuning_manager.cc(130)] No file found at /etc/cast_audio.json
04-09 15:22:59.909  3075  3075 I cast_shell: [3078:3078:INFO:setup_api_registry.cc(192)] Register external API: audio/delete_config
04-09 15:22:59.910  3075  3075 I cast_shell: [3078:3078:INFO:setup_api_registry.cc(192)] Register external API: audio/get_avail_processors
04-09 15:22:59.910  3075  3075 I cast_shell: [3078:3078:INFO:setup_api_registry.cc(192)] Register external API: audio/get_config
04-09 15:22:59.910  3075  3075 I cast_shell: [3078:3078:INFO:setup_api_registry.cc(192)] Register external API: audio/get_default_config
04-09 15:22:59.910  3075  3075 I cast_shell: [3078:3078:INFO:setup_api_registry.cc(192)] Register external API: audio/set_params
04-09 15:22:59.910  3075  3075 I cast_shell: [3078:3078:INFO:setup_api_registry.cc(192)] Register external API: audio/set_config
04-09 15:22:59.910  3075  3075 I cast_shell: [3078:3078:INFO:setup_api_registry.cc(192)] Register external API: user_eq/set_equalizer
04-09 15:22:59.911  3075  3075 I cast_shell: [3078:3078:INFO:capture_service_dummy.cc(11)] Dummy CaptureService.
04-09 15:22:59.914  3075  3075 I cast_shell: [3078:3078:INFO:setup_api_registry.cc(192)] Register external API: auto_media_volume
04-09 15:22:59.914  3075  3075 I cast_shell: [3078:3078:INFO:cast_thread_health_check.cc(53)] Receiver health check timeout: 15 seconds.
04-09 15:22:59.915  3075  3075 I cast_shell: [3078:3078:INFO:file_util.cc(28)] base_assistant_dir = /data/chrome
04-09 15:22:59.915  3075  3075 I cast_shell: [3078:3078:INFO:chromecast_service.cc(2189)] Geolocation changed to: 0
04-09 15:22:59.916  3075  3075 I cast_shell: [3078:3078:INFO:chromecast_service.cc(2229)] AoGH feature is: 0
04-09 15:22:59.916  3075  3075 I cast_shell: [3078:3078:INFO:chromecast_service.cc(2248)] Playback disruption feature is: 0
04-09 15:22:59.921  3075  3075 I cast_shell: [3078:3078:INFO:metrics_recorder.cc(112)] Metrics stat: total=0
04-09 15:22:59.922  3075  3075 I cast_shell: [3078:3101:INFO:media_manager_impl.cc(1043)] New device volume control type: new_type=1, old_type=0
04-09 15:22:59.922  3075  3075 I cast_shell: [3078:3101:INFO:media_manager_impl.cc(1066)] New device volume step interval: new_interval=0.02, old_interval=0
04-09 15:22:59.922  3075  3075 I cast_shell: [3078:3101:ERROR:media_manager_impl.cc(1294)] GetScreenResolution failed.
04-09 15:22:59.922  3075  3075 I cast_shell: [3078:3101:INFO:media_manager_impl.cc(343)] Media manager is initialized.
04-09 15:22:59.922  3075  3075 I cast_shell: [3078:3078:INFO:media_manager_impl.cc(269)] IsHdmiPlatform: 0
04-09 15:22:59.923  3075  3075 I cast_shell: [3078:3078:INFO:hds_settings.cc(136)] HdsSettings using HDS url https://preprod-home-devices.sandbox.google.com/
04-09 15:22:59.924  3075  3075 I cast_shell: [3078:3078:INFO:client_auth_creds.cc(173)] Device cert: 4D8AC5B9056A76852E4F FA:8F:CA:87:13:D1
04-09 15:22:59.925  3075  3075 I cast_shell: [3078:3078:INFO:client_auth_creds.cc(182)] Intermediate cert: LSB
04-09 15:22:59.925  3075  3075 I cast_shell: [3078:3078:INFO:client_auth_creds.cc(182)] Intermediate cert: Amlogic GVA Manufacturer Cert
04-09 15:22:59.925  3075  3075 I cast_shell: [3078:3078:INFO:client_auth_creds.cc(226)] Imported client auth cert.
04-09 15:22:59.925  3075  3075 I cast_shell: [3078:3078:INFO:client_auth_creds.cc(237)] Imported client auth private key
04-09 15:22:59.925  3075  3075 I cast_shell: [3078:3078:INFO:client_auth_signer.cc(155)] Created singleton instance of ClientAuthSigner.
04-09 15:22:59.925  3075  3075 I cast_shell: [3078:3078:INFO:client_auth_manager.cc(119)] Storing the certificate first used by the device.
04-09 15:22:59.956  3075  3075 I cast_shell: [3078:3078:WARNING:application_config_manager_impl.cc(253)] Cannot read application config file: /fakeapp.conf
04-09 15:22:59.957  3075  3075 I cast_shell: [3078:3078:INFO:application_manager_impl.cc(398)] Application manager is initialized.
04-09 15:22:59.957  3075  3075 I cast_shell: [3078:3078:INFO:mdns_cast_service.cc(156)] Device discovery state is idle
04-09 15:22:59.958  3075  3075 I cast_shell: [3078:3078:INFO:mdns_manager_impl.cc(177)] MdnsManager is initialized
04-09 15:22:59.958  3075  3075 I cast_shell: [3078:3126:INFO:mdns_app_filter.cc(573)] MdnsAppFilter initialized
04-09 15:22:59.958  3075  3075 I cast_shell: [3078:3126:INFO:discovered_service_client.cc(102)] Registering new service PTR listener: _googlecast._tcp.local
04-09 15:22:59.958  3075  3075 I cast_shell: [3078:3078:INFO:config_downloader.cc(239)] Set config periodic interval: min=300, max=420
04-09 15:22:59.958  3075  3075 I cast_shell: [3078:3078:INFO:crl_downloader.cc(274)] Set CRL periodic interval: min=2160, max=2880
04-09 15:22:59.959  3075  3075 I cast_shell: [3078:3078:INFO:hds_broker_impl.cc(121)] HDS type registered type.googleapis.com/home.hds.proto.device.relayedcasting.RelayedCastingPleaseConnectRequest
04-09 15:22:59.959  3075  3075 I cast_shell: [3078:3127:INFO:v2_transport.cc(458)] Added Cast V2 endpoint: id=Tr@n$p0rt-0, socket_factory_id=[PII](*)
04-09 15:22:59.959  3075  3075 I cast_shell: [3078:3127:INFO:endpoint_with_namespace_handler.cc(103)] Added a namespace handler: local_id=Tr@n$p0rt-0, namespace=urn:x-cast:com.google.cast.tp.connection
04-09 15:22:59.959  3075  3075 I cast_shell: [3078:3078:INFO:mdns_util.cc(102)] Defaulting mDNS capabilities for audio-only build
04-09 15:22:59.959  3075  3075 I cast_shell: [3078:3127:INFO:endpoint_with_namespace_handler.cc(103)] Added a namespace handler: local_id=Tr@n$p0rt-0, namespace=urn:x-cast:com.google.cast.tp.heartbeat
04-09 15:22:59.959  3075  3075 I cast_shell: [3078:3127:INFO:endpoint_with_namespace_handler.cc(103)] Added a namespace handler: local_id=Tr@n$p0rt-0, namespace=urn:x-cast:com.google.cast.tp.deviceauth
04-09 15:22:59.959  3075  3075 I cast_shell: [3078:3127:INFO:v2_transport.cc(335)] V2Transport initialized.
04-09 15:22:59.959  3075  3075 I cast_shell: [3078:3127:INFO:endpoint_with_namespace_handler.cc(103)] Added a namespace handler: local_id=receiver-3df6cefc-6694-f8c5-6312-7ae1b088b9ef, namespace=urn:x-cast:com.google.cast.receiver
04-09 15:22:59.960  3075  3075 I cast_shell: [3078:3078:INFO:ccs_manager_impl.cc(838)] Device model revision set to 0
04-09 15:22:59.964  2731  2745 W HotspotManager: hotspot already stopped
04-09 15:22:59.964  3075  3075 I cast_shell: [3078:3127:INFO:endpoint_with_namespace_handler.cc(103)] Added a namespace handler: local_id=receiver-3df6cefc-6694-f8c5-6312-7ae1b088b9ef, namespace=urn:x-cast:com.google.cast.receiver.key_exchange
04-09 15:22:59.964  3075  3075 I cast_shell: [3078:3127:INFO:endpoint_with_namespace_handler.cc(103)] Added a namespace handler: local_id=receiver-3df6cefc-6694-f8c5-6312-7ae1b088b9ef, namespace=urn:x-cast:com.google.cast.broadcast
04-09 15:22:59.964  3075  3075 I cast_shell: [3078:3127:INFO:endpoint_with_namespace_handler.cc(103)] Added a namespace handler: local_id=receiver-3df6cefc-6694-f8c5-6312-7ae1b088b9ef, namespace=urn:x-cast:com.google.cast.proximity
04-09 15:22:59.964  3075  3075 I cast_shell: [3078:3127:INFO:endpoint_with_namespace_handler.cc(103)] Added a namespace handler: local_id=receiver-3df6cefc-6694-f8c5-6312-7ae1b088b9ef, namespace=urn:x-cast:com.google.cast.resource
04-09 15:22:59.964  3075  3075 I cast_shell: [3078:3126:INFO:discovered_service_client.cc(102)] Registering new service PTR listener: _googlerpc._tcp.local
04-09 15:22:59.964  3075  3075 I cast_shell: [3078:3090:INFO:hotspot_controller_netmgr.cc(134)] Hotspot socket initialized: /dev/socket/net_mgr
04-09 15:22:59.964  3075  3075 I cast_shell: [3078:3090:INFO:hotspot_manager.cc(103)] Stop zombie hotspot if there is one
04-09 15:22:59.964  3075  3075 I cast_shell: [3078:3078:INFO:setup_manager_impl.cc(610)] release channel: beta-channel
04-09 15:22:59.965  3075  3075 I cast_shell: [3078:3128:INFO:setup_api_registry.cc(192)] Register external API: multizone/aux_in
04-09 15:22:59.965  3075  3075 I cast_shell: [3078:3128:INFO:setup_api_registry.cc(192)] Register external API: multizone/disband_group
04-09 15:22:59.965  3075  3075 I cast_shell: [3078:3128:INFO:setup_api_registry.cc(192)] Register external API: multizone/join_group
04-09 15:22:59.965  3075  3075 I cast_shell: [3078:3128:INFO:setup_api_registry.cc(192)] Register external API: multizone/set_audio_output_delay
04-09 15:22:59.966  3075  3075 I cast_shell: [3078:3116:INFO:net_util_shlib_support.cc(51)] Wifi interface found: wlan0
04-09 15:22:59.967  3075  3075 I cast_shell: [3078:3116:INFO:net_util_shlib_support.cc(51)] Wifi interface found: p2p0
04-09 15:22:59.967  3075  3075 I cast_shell: [3078:3116:INFO:net_util_shlib_support.cc(51)] Wifi interface found: p2p1
04-09 15:22:59.967  3075  3075 I cast_shell: [3078:3116:INFO:net_util_shlib_support.cc(51)] Wifi interface found: wfd0
04-09 15:22:59.967  3075  3075 I cast_shell: [3078:3116:INFO:wifi_controller_wpa_supplicant.cc(456)] Wifi is active: wifi_netif=wlan0
04-09 15:22:59.968  3075  3075 I cast_shell: [3078:3116:INFO:wpa_ctrl_wrapper_impl.cc(64)] wpa_ctrl is open: path=/dev/socket/wpa_wlan0, is_monitor=0
04-09 15:22:59.968  3075  3075 I cast_shell: [3078:3116:INFO:wpa_ctrl_wrapper_impl.cc(64)] wpa_ctrl is open: path=/dev/socket/wpa_wlan0, is_monitor=1
04-09 15:22:59.970  3075  3075 I cast_shell: [3078:3116:INFO:wifi_controller_wpa_supplicant.cc(487)] After initialization: current_wifi_index_=0
04-09 15:22:59.970  3075  3075 I cast_shell: [3078:3129:INFO:thread_watching_io_shlib.cc(81)] Start thread watching IO: WifiEventMonitor
04-09 15:22:59.970  3075  3075 I cast_shell: [3078:3116:INFO:setup_manager_impl.cc(732)] Initially set Google DNS servers: enable
04-09 15:22:59.971  3075  3075 I cast_shell: [3078:3116:INFO:setup_api_registry.cc(192)] Register external API: eureka_info
04-09 15:22:59.971  3075  3075 I cast_shell: [3078:3116:INFO:setup_api_registry.cc(192)] Register external API: set_eureka_info
04-09 15:22:59.971  3075  3075 I cast_shell: [3078:3116:INFO:setup_api_registry.cc(192)] Register external API: set_network
04-09 15:22:59.971  3075  3075 I cast_shell: [3078:3116:INFO:setup_api_registry.cc(192)] Register external API: set_network_ssid
04-09 15:22:59.971  3075  3075 I cast_shell: [3078:3116:INFO:setup_api_registry.cc(192)] Register external API: get_app_device_id
04-09 15:22:59.971  3075  3075 I cast_shell: [3078:3116:INFO:setup_api_registry.cc(192)] Register external API: send_log_report
04-09 15:22:59.971  3075  3075 I cast_shell: [3078:3116:INFO:setup_api_registry.cc(192)] Register external API: accept_tos
04-09 15:22:59.971  3075  3075 I cast_shell: [3078:3116:INFO:setup_api_registry.cc(192)] Register external API: configured_networks
04-09 15:22:59.971  3075  3075 I cast_shell: [3078:3116:INFO:setup_api_registry.cc(192)] Register external API: connect_wifi
04-09 15:22:59.971  3075  3075 I cast_shell: [3078:3116:INFO:setup_api_registry.cc(192)] Register external API: forget_wifi
04-09 15:22:59.971  3075  3075 I cast_shell: [3078:3116:INFO:setup_api_registry.cc(192)] Register external API: offer
04-09 15:22:59.971  3075  3075 I cast_shell: [3078:3116:INFO:setup_api_registry.cc(192)] Register external API: play_sound
04-09 15:22:59.971  3075  3075 I cast_shell: [3078:3116:INFO:setup_api_registry.cc(192)] Register external API: resume_cast
04-09 15:22:59.971  3075  3075 I cast_shell: [3078:3116:INFO:setup_api_registry.cc(192)] Register external API: save_wifi
04-09 15:22:59.971  3075  3075 I cast_shell: [3078:3116:INFO:setup_api_registry.cc(192)] Register external API: scan_results
04-09 15:22:59.971  3075  3075 I cast_shell: [3078:3116:INFO:setup_api_registry.cc(192)] Register external API: scan_wifi
04-09 15:22:59.972  3075  3075 I cast_shell: [3078:3116:INFO:setup_api_registry.cc(192)] Register external API: start_nat
04-09 15:22:59.972  3075  3075 I cast_shell: [3078:3116:INFO:setup_api_registry.cc(192)] Register external API: supported_timezones
04-09 15:22:59.972  3075  3075 I cast_shell: [3078:3116:INFO:setup_api_registry.cc(192)] Register external API: supported_locales
04-09 15:22:59.973  3075  3075 I cast_shell: [3078:3116:INFO:setup_api_registry.cc(192)] Register external API: test_internet_download_speed
04-09 15:22:59.973  3075  3075 I cast_shell: [3078:3116:INFO:setup_api_registry.cc(192)] Register external API: test_udp_throughput
04-09 15:22:59.973  3075  3075 I cast_shell: [3078:3116:INFO:setup_api_registry.cc(192)] Register external API: debug/trigger_weave_pairing
04-09 15:22:59.973  3075  3075 I cast_shell: [3078:3116:INFO:setup_api_registry.cc(192)] Register external API: get_local_authorization_token
04-09 15:22:59.973  3075  3075 I cast_shell: [3078:3116:INFO:setup_manager_impl.cc(820)] Initially Set WPA3 support: disable
04-09 15:22:59.973  3075  3075 I cast_shell: [3078:3116:INFO:setup_manager_impl.cc(825)] Initially Set WiFi power-save: disable
04-09 15:22:59.976  2710  2710 I wpa_supplicant: wlan0: CTRL-EVENT-REGDOM-CHANGE init=CORE type=WORLD
04-09 15:22:59.983  2711  2723 I yani_server: NetLink Event '-1' Interface-Index '5' WLAN '-1' Ethernet '-1' Parsed-iFill '-1' -> 'INVALID' ifIndex '1' -> 'lo'
04-09 15:22:59.990  2711  2723 I yani_server: NetLink Event '-1' Interface-Index '5' WLAN '0' Ethernet '-1' Parsed-iFill '-1' -> 'INVALID' ifIndex '1' -> 'lo'
04-09 15:22:59.993  2733  2813 I bluetoothtbd: [0409/025259.993006:INFO:gatt_api.cc(1005)] GATT_Register
04-09 15:22:59.993  2733  2813 I bluetoothtbd: [0409/025259.993228:INFO:gatt_api.cc(1028)] allocated gatt_if=4
04-09 15:22:59.998  2733  2813 E bt_btif : register application first_unuse rcb_idx = 0
04-09 15:22:59.998  2733  2813 I bluetoothtbd: [0409/025259.998862:INFO:gatt_api.cc(1005)] GATT_Register
04-09 15:22:59.998  2733  2813 I bluetoothtbd: [0409/025259.998964:INFO:gatt_api.cc(1028)] allocated gatt_if=5
04-09 15:23:00.005  3075  3075 I cast_shell: [3078:3078:INFO:input_manager_impl.cc(284)] RegisterInput: device_id: cast, type: 0, state: 0
04-09 15:23:00.006  3075  3075 I cast_shell: [3078:3127:INFO:endpoint_with_namespace_handler.cc(103)] Added a namespace handler: local_id=receiver-3df6cefc-6694-f8c5-6312-7ae1b088b9ef, namespace=urn:x-cast:com.google.cast.audio.input
04-09 15:23:00.006  3075  3075 I cast_shell: [3078:3078:INFO:input_manager_impl.cc(308)] NotifyInputConnect: device_id: cast, sample_rate: 0, num_channels: 0
04-09 15:23:00.006  3075  3075 I cast_shell: [3078:3078:INFO:input_manager_impl.cc(370)] SetActiveInput: cast
04-09 15:23:00.006  2733  2813 I bluetoothtbd: [0409/025300.006898:INFO:gatt_api.cc(1005)] GATT_Register
04-09 15:23:00.007  2733  2813 I bluetoothtbd: [0409/025300.007079:INFO:gatt_api.cc(1028)] allocated gatt_if=6
04-09 15:23:00.007  3075  3075 I cast_shell: [3078:3078:INFO:bluetooth_setup.cc(690)] Disabling connectability.
04-09 15:23:00.008  3075  3075 I cast_shell: [3078:3078:INFO:input_manager_impl.cc(284)] RegisterInput: device_id: bluetooth, type: 1, state: 0
04-09 15:23:00.008  3075  3075 I cast_shell: [3078:3127:INFO:endpoint_with_namespace_handler.cc(103)] Added a namespace handler: local_id=receiver-3df6cefc-6694-f8c5-6312-7ae1b088b9ef, namespace=urn:x-cast:com.google.cast.assistant
04-09 15:23:00.008  3075  3075 I cast_shell: [3078:3078:INFO:robot_account_auth_manager.cc(295)] No backend type specified. Getting COS URL based on the build type instead.
04-09 15:23:00.008  3075  3075 I cast_shell: [3078:3127:INFO:endpoint_with_namespace_handler.cc(103)] Added a namespace handler: local_id=receiver-3df6cefc-6694-f8c5-6312-7ae1b088b9ef, namespace=urn:x-cast:com.google.cast.companionauth
04-09 15:23:00.008  3075  3075 I cast_shell: [3078:3127:INFO:endpoint_with_namespace_handler.cc(103)] Added a namespace handler: local_id=receiver-3df6cefc-6694-f8c5-6312-7ae1b088b9ef, namespace=urn:x-cast:com.google.cast.companion
04-09 15:23:00.008  3075  3075 I cast_shell: [3078:3127:INFO:endpoint_with_namespace_handler.cc(103)] Added a namespace handler: local_id=receiver-3df6cefc-6694-f8c5-6312-7ae1b088b9ef, namespace=urn:x-cast:com.google.cast.timesync
04-09 15:23:00.008  3075  3075 I cast_shell: [3078:3078:INFO:robot_account_auth_manager.cc(312)] Auth url: https://clients5.google.com/cast/orchestration/googleoauthtoken?rt=b
04-09 15:23:00.008  3075  3075 I cast_shell: [3078:3078:WARNING:robot_account_auth_manager.cc(463)] Failed to initialize JWT for 38579375
04-09 15:23:00.008  3075  3075 I cast_shell: [3078:3078:INFO:queryable_data_registrar.cc(52)] Registering queryable data for managed mode as: 0
04-09 15:23:00.008  3075  3075 I cast_shell: [3078:3078:INFO:queryable_data_registrar.cc(59)] Registering enable_hls_sample_aes=1
04-09 15:23:00.008  3075  3075 I cast_shell: [3078:3078:INFO:queryable_data_registrar.cc(64)] Registering hls_sample_aes_init_segment
04-09 15:23:00.008  3075  3075 I cast_shell: [3078:3078:INFO:queryable_data_registrar.cc(70)] Registering visual-punt-on-platform-supported
04-09 15:23:00.010  2733  2813 I bluetoothtbd: [0409/025300.010562:INFO:btif_ble_advertiser.cc(90)] RegisterAdvertiserCb status: 0 , adveriser_id: 0
04-09 15:23:00.011  3075  3075 I cast_shell: [3078:3116:INFO:gatt_client_manager_impl.cc(202)] Enabling GATT client connectability
04-09 15:23:00.011  3075  3075 I cast_shell: [3078:3116:INFO:setup_api_registry.cc(192)] Register external API: input/status
04-09 15:23:00.011  3075  3075 I cast_shell: [3078:3116:INFO:setup_api_registry.cc(192)] Register external API: input/set_active
04-09 15:23:00.011  3075  3075 I cast_shell: [3078:3116:INFO:setup_api_registry.cc(192)] Register external API: input/debug_register
04-09 15:23:00.011  3075  3075 I cast_shell: [3078:3116:INFO:setup_api_registry.cc(192)] Register external API: input/debug_connect
04-09 15:23:00.011  3075  3075 I cast_shell: [3078:3116:INFO:setup_api_registry.cc(192)] Register external API: input/debug_disconnect
04-09 15:23:00.011  2733  2766 I bluetoothtbd: [0409/025300.011396:INFO:adapter.cc(551)] Adapter properties changed
04-09 15:23:00.011  3075  3075 I cast_shell: [3078:3078:INFO:grpc_manager_impl.cc(262)] Registered a handler GetCastInfo for service chromecast.modular_update.ModularUpdateService
04-09 15:23:00.014  3075  3075 I cast_shell: [3078:3078:INFO:grpc_manager_impl.cc(262)] Registered a handler SynchronousUpdateProgress for service chromecast.modular_update.ModularUpdateService
04-09 15:23:00.014  3075  3075 I cast_shell: [3078:3078:INFO:grpc_manager_impl.cc(262)] Registered a handler ReportInstalledManifestVersion for service chromecast.modular_update.ModularUpdateService
04-09 15:23:00.015  3075  3075 I cast_shell: [3078:3078:INFO:grpc_manager_impl.cc(262)] Registered a handler ReportMetricsEvent for service chromecast.modular_update.ModularUpdateService
04-09 15:23:00.015  3075  3075 I cast_shell: [3078:3078:INFO:grpc_manager_impl.cc(262)] Registered a handler StreamHttpRequest for service chromecast.modular_update.ModularUpdateService
04-09 15:23:00.016  3075  3075 I cast_shell: E0409 02:53:00.016320802    3078 server_chttp2.cc:40]        {"created":"@1649497980.016161302","description":"No address added out of total 1 resolved","file":"../../third_party/grpc/src/src/core/ext/transport/chttp2/server/chttp2_server.cc","file_line":397,"referenced_errors":[{"created":"@1649497980.016146927","description":"Unable to configure socket","fd":152,"file":"../../third_party/grpc/src/src/core/lib/iomgr/tcp_server_utils_posix_common.cc","file_line":216,"referenced_errors":[{"created":"@1649497980.016099094","description":"No such file or directory","errno":2,"file":"../../third_party/grpc/src/src/core/lib/iomgr/tcp_server_utils_posix_common.cc","file_line":189,"os_error":"No such file or directory","syscall":"bind"}]}]}
04-09 15:23:00.016  3075  3075 I cast_shell: [3078:3078:ERROR:grpc_manager_impl.cc(311)] Could not start Grpc server.
04-09 15:23:00.017  3075  3075 I cast_shell: [3078:3095:ERROR:cast_media_shlib.cc(80)] snd_hctl_find_elem failed to find the rate offset element.
04-09 15:23:00.022  3075  3075 I cast_shell: [3078:3078:ERROR:server.cc(243)] XDG_RUNTIME_DIR not set in the environment
04-09 15:23:00.022  3075  3075 I cast_shell: [3078:3078:ERROR:wayland_server_controller.cc(27)] Wayland server creation failed
04-09 15:23:00.022  3075  3075 I cast_shell: [3078:3078:WARNING:cast_metrics_service_client.cc(134)] Empty client id from platform, assuming this is the first boot up of a new device.
04-09 15:23:00.023  3075  3075 I cast_shell: [3078:3078:INFO:cast_metrics_service_client.cc(93)] Metrics client ID set: 0c311ebb-b0ab-49d8-ba50-4e566ea60036
04-09 15:23:00.023  3075  3075 I cast_shell: [3078:3078:INFO:device_info_impl.cc(970)] Metrics client ID: 0c311ebb-b0ab-49d8-ba50-4e566ea60036
04-09 15:23:00.024  3075  3075 I cast_shell: [3078:3078:INFO:cast_metrics_service_client.cc(93)] Metrics client ID set: 0c311ebb-b0ab-49d8-ba50-4e566ea60036
04-09 15:23:00.024  3075  3075 I cast_shell: [3078:3078:INFO:device_info_impl.cc(970)] Metrics client ID: 0c311ebb-b0ab-49d8-ba50-4e566ea60036
04-09 15:23:00.036  3075  3075 I cast_shell: [3078:3090:INFO:crypto_manager.cc(75)] Creating private key: size=2048
04-09 15:23:00.037  3075  3075 I cast_shell: [3078:3078:INFO:cast_receiver_impl.cc(828)] Cast receiver started.
04-09 15:23:00.037  3075  3075 I cast_shell: [3078:3127:ERROR:socket_posix.cc(148)] bind() failed: Address already in use (98)
04-09 15:23:00.037  3075  3075 I cast_shell: [3078:3078:WARNING:cast_receiver_impl.cc(1126)] Network is not globally connected. Don't schedule config downloading yet.
04-09 15:23:00.037  3075  3075 I cast_shell: [3078:3078:INFO:ccs_manager_impl.cc(663)] Starting cloud ipc activity with CCS
04-09 15:23:00.041  3075  3075 I cast_shell: [3078:3127:INFO:v2_ssl_socket.cc(775)] IPv6 socket probably supports both IPv4 and IPv6
04-09 15:23:00.041  3075  3075 I cast_shell: [3078:3078:INFO:ccs_manager_impl.cc(1286)] CcsManagerImpl opt_in.cloud_ipc pref changed: 1
04-09 15:23:00.041  3075  3075 I cast_shell: [3078:3078:INFO:ccs_manager_impl.cc(1322)] Waiting for all transports to be enabled
04-09 15:23:00.041  3075  3075 I cast_shell: [3078:3078:INFO:ccs_transport_gcm.cc(94)] Deferring GCM registration until connectivity is up
04-09 15:23:00.041  3075  3075 I cast_shell: [3078:3078:INFO:multizone_manager.cc(2397)] Resuming MultizoneManager
04-09 15:23:00.041  3075  3075 I cast_shell: [3078:3078:INFO:cast_receiver_impl.cc(934)] Cast receiver resumed.
04-09 15:23:00.042  2731  2745 I HotspotManager: setting interface MAC addr
04-09 15:23:00.043  3075  3075 I cast_shell: [3078:3116:INFO:hotspot_manager.cc(151)] Start: id=1 SSID=LSB6247.d256, hidden=0
04-09 15:23:00.043  3075  3075 I cast_shell: [3078:3078:INFO:application_config_manager_impl.cc(575)] Disabling virtual device 3df6cefc-6694-f8c5-6312-7ae1b088b9ef
04-09 15:23:00.043  3075  3075 I cast_shell: [3078:3116:INFO:ble_setup_manager.cc(767)] Reloading cached setup read attributes
04-09 15:23:00.043  3075  3075 I cast_shell: [3078:3078:INFO:chromecast_service.cc(1828)] Initial error code: 0
04-09 15:23:00.043  3075  3075 I cast_shell: [3078:3116:INFO:gatt_client_manager_impl.cc(202)] Enabling GATT client connectability
04-09 15:23:00.043  3075  3075 I cast_shell: [3078:3078:INFO:chromecast_service.cc(1840)] Non-assistant device, start idle screen now.
04-09 15:23:00.043  3075  3075 I cast_shell: [3078:3116:INFO:ble_setup.cc(1096)] LAT flag change 0
04-09 15:23:00.043  3075  3075 I cast_shell: [3078:3116:INFO:ble_setup.cc(417)] BLE setup started.
04-09 15:23:00.043  3075  3075 I cast_shell: [3078:3085:INFO:device_info_impl.cc(895)] [PII] Hotspot BSSID from cert: FA:8F:CA:87:13:D1
04-09 15:23:00.046  3075  3075 I cast_shell: [3078:3140:INFO:external_mojo_broker.cc(405)] Initializing external mojo broker at: /tmp/cast_mojo_broker
04-09 15:23:00.049  3075  3075 I cast_shell: [3078:3084:ERROR:cast_audio_input_json.cc(33)] Failed to read JSON file: /etc/cast_audio_input.json
04-09 15:23:00.049  3075  3075 I cast_shell: [3078:3084:ERROR:channel_selector_reader.cc(44)] Failed to read audio input json
04-09 15:23:00.050  3075  3075 I cast_shell: [3078:3084:INFO:auto_volume.cc(107)] Auto volume is disabled
04-09 15:23:00.054  3075  3075 I cast_shell: [3078:3078:INFO:audio_focus_manager_impl.cc(27)] use_media_starting_block: 0
04-09 15:23:00.055  3075  3075 I cast_shell: [3078:3078:INFO:grpc_auth_manager_in_process.cc(135)] Initializing Auth.
04-09 15:23:00.056  3075  3075 I cast_shell: [3078:3078:INFO:grpc_manager_impl.cc(505)] GRPC[uri=[::]:8012]: num_pending_calls=0, num_active_handlers=0, num_free_handlers=0
04-09 15:23:00.060  3075  3075 I cast_shell: [3078:3078:INFO:grpc_manager_impl.cc(317)] Grpc server started in port 8012
04-09 15:23:00.060  3075  3075 I cast_shell: [3078:3078:INFO:ccs_manager_impl.cc(851)] Network connectivity down for CcsManager
04-09 15:23:00.064  3075  3075 I cast_shell: [3078:3097:INFO:cast_auth_api_adaptor.cc(82)] CastAuth: init with library: libcast_auth.so
04-09 15:23:00.064  3075  3075 I cast_shell: [3078:3097:INFO:cast_auth_api_adaptor.cc(93)] CastAuth: common module initialization successful.
04-09 15:23:00.064  3075  3075 I cast_shell: [3078:3097:INFO:cast_auth_api_adaptor.cc(98)] CastAuth: model-based module initialization successful.
04-09 15:23:00.077  3075  3075 I cast_shell: [3078:3116:INFO:ble_setup.cc(789)] Missing required info for sign.
04-09 15:23:00.077  3075  3075 I cast_shell: [3078:3078:INFO:mdns_manager_impl.cc(468)] Setting new conflict callback
04-09 15:23:00.077  3075  3075 I cast_shell: [3078:3078:INFO:mdns_util.cc(102)] Defaulting mDNS capabilities for audio-only build
04-09 15:23:00.079  3075  3075 I cast_shell: [3078:3078:INFO:ccs_manager_impl.cc(1322)] Waiting for all transports to be enabled
04-09 15:23:00.079  3075  3075 I cast_shell: [3078:3078:INFO:virtual_device_manager.cc(247)] Virtual device [PII](3df6cefc-6694-f8c5-6312-7ae1b088b9ef) using Cast V2 port 8009
04-09 15:23:00.079  3075  3075 I cast_shell: [3078:3078:INFO:bluetooth_setup.cc(690)] Disabling connectability.
04-09 15:23:00.079  3075  3075 I cast_shell: [3078:3078:INFO:input_manager_impl.cc(468)] Using virtual device 3df6cefc-6694-f8c5-6312-7ae1b088b9ef
04-09 15:23:00.079  3075  3075 I cast_shell: [3078:3078:INFO:metrics_recorder.cc(282)] cast event: Cast.System.Timezone.ChangeSuccessful
04-09 15:23:00.079  3075  3075 I cast_shell: [3078:3078:WARNING:channel_selector_impl.cc(113)] Cannot get selected channels from json, will use the previous value {0,1}.
04-09 15:23:00.127  3075  3075 I cast_shell: [3078:3078:INFO:secure_storage_impl.cc(107)] Secure storage initialized.
04-09 15:23:00.127  3075  3075 I cast_shell: [3078:3078:INFO:ccs_manager_impl.cc(851)] Network connectivity down for CcsManager
04-09 15:23:00.190  2950  2960 D wac-main: Netlink event
04-09 15:23:00.190  2950  2960 E wac-main: Netlink event 16 Interface Index 6 
04-09 15:23:00.190  2950  2960 E wac-main: p2p0 event Link Changed : 1002 
04-09 15:23:00.190  2950  2960 E wac-main: Enter poll and wait
04-09 15:23:00.191  2711  2723 I yani_kernel: yani_geteventfrom_changeaddr() Message-Id '1' Netlink event '16' Interface Index '6' -> Name 'p2p0' 
04-09 15:23:00.199  2731  2745 I HotspotManager: setSSID <SSID omitted> visible
04-09 15:23:00.201  2731  2745 E WifiUtil: command: "SCAN" failed: FAIL-BUSY
04-09 15:23:00.201  2731  2745 I HotspotManager: hotspot start
04-09 15:23:00.202  2731  2745 E WifiUtil: Setting interface p2p0 up.
04-09 15:23:00.202  2731  2745 E WifiUtil: ioctl SIOCGIWFREQ fails for wlan0 Bad address
04-09 15:23:00.202  3075  3075 I cast_shell: [3078:3126:INFO:metrics_recorder.cc(282)] cast event: Cast.Discovery.Mdns.SocketCreated
04-09 15:23:00.203  3075  3075 I cast_shell: [3078:3126:INFO:mdns_app_filter.cc(1254)] Created mDNS socket for interface:name=p2p1, address=192.168.2.1, index=7
04-09 15:23:00.203  3075  3075 I cast_shell: [3078:3126:INFO:metrics_recorder.cc(282)] cast event: Cast.Discovery.Mdns.SocketCreated
04-09 15:23:00.203  3075  3075 I cast_shell: [3078:3126:INFO:mdns_app_filter.cc(1254)] Created mDNS socket for interface:name=usb0, address=192.168.10.1, index=9
04-09 15:23:00.203  3075  3075 I cast_shell: [3078:3126:INFO:mdns_app_filter.cc(977)] MdnsAppFilter is starting.
04-09 15:23:00.203  3075  3075 I cast_shell: [3078:3126:INFO:metrics_recorder.cc(282)] cast event: Cast.Discovery.Mdns.ResponderStarted
04-09 15:23:00.203  3075  3075 I cast_shell: [3078:3126:INFO:mdns_cast_service.cc(351)] Device discovery state is setup-only
04-09 15:23:00.288  2957  2987 I otamanager: OTAManager connected to CastUpdater via  /tmp/socket/system_updater
04-09 15:23:00.288  2957  2987 I otamanager: cast_updater_threadEntry socket handle 5
04-09 15:23:00.288  3075  3075 I cast_shell: [3078:3088:WARNING:crl_downloader.cc(136)] CRL failed to restore.
04-09 15:23:00.448  2951  3021 I LibreCastControl: LibreCastControl_init() Socket Initialized
04-09 15:23:00.458  2951  3021 E LibreCastControl: PULSAR:CreateCastControlThread:18
04-09 15:23:00.458  2951  3021 E LibreCastControl: Create LibreCastLUCITimerThreadInit 
04-09 15:23:00.458  2951  3153 E LibreCastControl: PULSAR:Run:23
04-09 15:23:00.459  2951  3154 E LibreCastControl: Timer Sem Wait Start iCastPlayerstate = 0 
04-09 15:23:00.473  2691  2691 I sh      : [0409/025300.472242:INFO:cast_control_impl.cc(744)] CastControl has started running.
04-09 15:23:00.473  2691  2691 I sh      : [0409/025300.473131:INFO:cast_control_impl.cc(745)] Attempting to connect CastMessageService. socket=/tmp/cast-control
04-09 15:23:00.476  2951  3153 I LibreCastControlDelegate: OnCastStatus() +++ :0xab288198:STARTING
04-09 15:23:00.476  2691  2691 I sh      : [0409/025300.476030:INFO:cast_control_socket.cc(64)] Successfully connected Cast Control Socket
04-09 15:23:00.476  2951  3153 E LibreCastControlDelegate: OnCastStatus:177
04-09 15:23:00.477  2951  3153 I LibreCastControl: LibreCastControl_SetCastName()  name 'Lyric Speaker Box 21f384' RequestId '1' pCastControl 0xf4b00728
04-09 15:23:00.478  2951  3153 I LibreCastControlDelegate: Active Applications -> 0
04-09 15:23:00.478  2951  3153 I LibreCastControlDelegate: Current Cast State '1' -> 'STARTING'
04-09 15:23:00.478  2951  3153 I LibreCastControlDelegate: OnCastStatus() ---
04-09 15:23:00.478  2691  2691 I sh      : [0409/025300.478060:INFO:cast_message_service_impl.cc(185)] Sending connect message!
04-09 15:23:00.481  3075  3075 I cast_shell: [3078:3127:INFO:metrics_recorder.cc(282)] Cast v2 action(socket_id=domain-socket@/tmp/cast-control.1): CastV2.Connection.Connect.In
04-09 15:23:00.482  3075  3075 I cast_shell: [3078:3078:INFO:resource_namespace_handler.cc(307)] Setting resource provider: sender_id=domain-socket@/tmp/cast-control.1:system-0
04-09 15:23:00.483  2691  2691 I sh      : [0409/025300.483049:INFO:cast_message_service_impl.cc(1007)] CastMessageServiceImpl matched versions
04-09 15:23:00.684  2731  2745 I WifiUtil: get p2p0 channel 6 (2437MHz)
04-09 15:23:00.684  2731  2745 I HotspotManager: start hostapd at channel=6 SSID=<SSID omitted> hidden_ssid=0
04-09 15:23:00.685  2950  2960 D wac-main: Netlink event
04-09 15:23:00.685  2950  2960 E wac-main: Netlink event 20 Interface Index 6 
04-09 15:23:00.685  2950  2960 E wac-main: Enter poll and wait
04-09 15:23:00.685  2950  2960 D wac-main: Netlink event
04-09 15:23:00.685  2950  2960 E wac-main: Netlink event 21 Interface Index 6 
04-09 15:23:00.686  2950  2960 E wac-main: Enter poll and wait
04-09 15:23:00.686  2711  2723 I yani_kernel: yani_geteventfrom_changeaddr() Message-Id '1' Netlink event '20' Interface Index '6' -> Name 'p2p0' 
04-09 15:23:00.702  3075  3075 I cast_shell: [3078:3126:INFO:metrics_recorder.cc(282)] cast event: Cast.Discovery.Mdns.SocketCreated
04-09 15:23:00.702  3075  3075 I cast_shell: [3078:3126:INFO:mdns_app_filter.cc(1254)] Created mDNS socket for interface:name=p2p1, address=192.168.2.1, index=7
04-09 15:23:00.702  3075  3075 I cast_shell: [3078:3126:INFO:metrics_recorder.cc(282)] cast event: Cast.Discovery.Mdns.SocketCreated
04-09 15:23:00.702  3075  3075 I cast_shell: [3078:3126:INFO:mdns_app_filter.cc(1254)] Created mDNS socket for interface:name=usb0, address=192.168.10.1, index=9
04-09 15:23:00.702  3075  3075 I cast_shell: [3078:3126:INFO:mdns_app_filter.cc(977)] MdnsAppFilter is starting.
04-09 15:23:00.702  3075  3075 I cast_shell: [3078:3126:INFO:metrics_recorder.cc(282)] cast event: Cast.Discovery.Mdns.ResponderStarted
04-09 15:23:00.702  3075  3075 I cast_shell: [3078:3126:INFO:discovered_service_client.cc(78)] Primary interface for service discovery has changed: ifindex=9
04-09 15:23:00.702  2950  2960 D wac-main: Netlink event
04-09 15:23:00.702  2950  2960 E wac-main: Netlink event 20 Interface Index 6 
04-09 15:23:00.720  2951  3153 I LibreCastControlDelegate: OnCastStatus() +++ LSB6247:0xab288198:NOT_SETUP
04-09 15:23:00.720  2951  3153 I LibreCastControlDelegate: Device Build Number -> '1.52.272222'
04-09 15:23:00.720  2951  3153 I librecast: updateCastBuildVersion() Version 1.52.272222
04-09 15:23:00.720  2712  2712 I lucitransport: readRemoteMessage() MID char = 7 buffer = (null)
04-09 15:23:00.720  2951  3153 E librecast: librecast::updateCastBuildVersion Cast build version number = 1.52.272222
04-09 15:23:00.720  2951  3153 E librecast: castVersion = 1.52.272222
04-09 15:23:00.721  2712  2712 I lucitransport: writeRemoteMessage() MID = 7 buffer = 1.52.272222
04-09 15:23:00.721  2712  2712 I luciUART: write() MID = 7  bytes = 21 data = 1.52.272222 m_fd = 0x6
04-09 15:23:00.728  2951  3153 I LibreCastControlDelegate: Active Applications -> 0
04-09 15:23:00.728  2951  3153 I LibreCastControlDelegate: Current Cast State '2' -> 'NOT_SETUP'
04-09 15:23:00.728  2951  3153 I LibreCastControlDelegate: OnCastStatus() ---
04-09 15:23:00.728  2691  2691 I sh      : [0409/025300.728802:INFO:cast_message_service_impl.cc(1037)] Received initial eureka info
04-09 15:23:00.731  2691  2691 I sh      : [0409/025300.731273:INFO:cast_message_service_impl.cc(1067)] Received initial receiver info
04-09 15:23:00.731  2691  2691 I sh      : [0409/025300.731549:INFO:cast_message_service_impl.cc(1073)] Sent PlatformSettingsRegister message
04-09 15:23:00.731  2951  3153 I LibreCastControlDelegate: OnControlConnected()
04-09 15:23:00.755  2951  3153 I LibreCastControl: LibreCastControl_RequestGVAStatus() RequestId '4' pCastControl 0xf4b00728
04-09 15:23:00.756  2691  2691 I sh      : [0409/025300.755654:INFO:cast_message_service_impl.cc(1076)] CastMessageServiceImpl is ready
04-09 15:23:00.757  3075  3075 I cast_shell: [3078:3078:INFO:assistant_namespace_handler.cc(144)] Added a status listening peer for assistant namespace: domain-socket@/tmp/cast-control.1:system-0
04-09 15:23:00.757  2951  3153 I LibreCastControlDelegate: OnResponse() ReqeustID 4, error  0
04-09 15:23:01.517  3075  3075 I cast_shell: [3078:3128:INFO:multizone_manager.cc(1889)] Initial discovery complete
04-09 15:23:01.588  2950  2960 D wac-main: Netlink event
04-09 15:23:01.588  2950  2960 E wac-main: Netlink event 16 Interface Index 6 
04-09 15:23:01.588  2950  2960 E wac-main: p2p0 event Link Changed : 1002 
