04-09 16:20:01.356     0     0 I         : [    1.414343@0] Registered cp15_barrier emulation handler
04-09 16:20:01.356     0     0 I         : [    1.414728@0] Registered setend emulation handler
04-09 16:20:01.356     0     0 I         : [    1.415276@0] disable EAS feature
04-09 16:20:01.356     0     0 I         : [    1.416313@0] registered taskstats version 1
04-09 16:20:01.356     0     0 W         : [    1.425940@0] dwc3 ff500000.dwc3: Configuration mismatch. dr_mode forced to host
04-09 16:20:01.356     0     0 I         : [    1.930612@0] xhci-hcd xhci-hcd.0.auto: xHCI Host Controller
04-09 16:20:01.356     0     0 I         : [    1.930672@0] xhci-hcd xhci-hcd.0.auto: new USB bus registered, assigned bus number 1
04-09 16:20:01.356     0     0 I         : [    1.932103@0] xhci-hcd xhci-hcd.0.auto: hcc params 0x0220f664 hci version 0x100 quirks 0x02010010
04-09 16:20:01.356     0     0 I         : [    1.932512@0] xhci-hcd xhci-hcd.0.auto: irq 27, io mem 0xff500000
04-09 16:20:01.356     0     0 I         : [    1.933960@3] hub 1-0:1.0: USB hub found
04-09 16:20:01.356     0     0 I         : [    1.934046@3] hub 1-0:1.0: 1 port detected
04-09 16:20:01.356     0     0 I         : [    1.934590@3] xhci-hcd xhci-hcd.0.auto: xHCI Host Controller
04-09 16:20:01.356     0     0 I         : [    1.934786@3] xhci-hcd xhci-hcd.0.auto: new USB bus registered, assigned bus number 2
04-09 16:20:01.356     0     0 I         : [    1.935643@3] usb usb2: We don't know the algorithms for LPM for this host, disabling LPM.
04-09 16:20:01.356     0     0 I         : [    1.937126@0] hub 2-0:1.0: USB hub found
04-09 16:20:01.356     0     0 E         : [    1.937200@0] hub 2-0:1.0: config failed, hub doesn't have any ports! (err -19)
04-09 16:20:01.356     0     0 E         : [    1.937792@0] usb usb2: Unsupported the hub
04-09 16:20:01.356     0     0 I         : [    1.938535@0] aml_vrtc rtc: setting system clock to 2022-04-09 10:49:58 UTC (1649501398)
04-09 16:20:01.356     0     0 D         : [    1.939395@0] dwc_otg ff400000.dwc2_a: dwc_otg_driver_probe(ffffffc01d67cc00)
04-09 16:20:01.356     0     0 W [    1.939443@0] dwc_otg: usb0: type: 2 speed: 0, config: 0, dma: 0, id: 0, phy: ffe09000, ctrl: 0
04-09 16:20:01.356     0     0 D         : [    1.939787@0] dwc_otg ff400000.dwc2_a: base=0xffffff8008a40000
04-09 16:20:01.356     0     0 D         : [    1.939793@0] dwc_otg ff400000.dwc2_a: dwc_otg_device=0xffffffc01c11e400
04-09 16:20:01.356     0     0 W [    2.040064@0] dwc_otg: Core Release: 3.10a
04-09 16:20:01.356     0     0 W [    2.040100@0] dwc_otg: Setting default values for core params
04-09 16:20:01.356     0     0 W [    2.040512@0] dwc_otg: curmode: 0, host_only: 0
04-09 16:20:01.356     0     0 D         : [    2.040967@0] dwc_otg ff400000.dwc2_a: DMA config: BURST_DEFAULT
04-09 16:20:01.356     0     0 W [    2.053282@0] dwc_otg: Using Buffer DMA mode
04-09 16:20:01.356     0     0 W [    2.053307@0] dwc_otg: OTG VER PARAM: 1, OTG VER FLAG: 1
04-09 16:20:01.356     0     0 W [    2.053687@0] dwc_otg: Working on port type = SLAVE
04-09 16:20:01.356     0     0 W [    2.054172@0] dwc_otg: Dedicated Tx FIFOs mode
04-09 16:20:01.356     0     0 I [    2.056592@0] input: adc_keypad as /devices/platform/adc_keypad/input/input1
04-09 16:20:01.356     0     0 I         : [    2.058379@2] cpucore_cooling_register, max_cpu_core_num:4
04-09 16:20:01.356     0     0 I [    2.064784@2] gxbb_pm: enter meson_pm_probe!
04-09 16:20:01.356     0     0 I         : [    2.064822@2] no vddio3v3_en pin
04-09 16:20:01.356     0     0 E         : [    2.064985@2] pm-meson aml_pm: Can't get switch_clk81
04-09 16:20:01.356     0     0 I [    2.065505@2] gxbb_pm: meson_pm_probe done
04-09 16:20:01.356     0     0 I         : [    2.066233@2] ALSA device list:
04-09 16:20:01.356     0     0 I [    2.066259@2]   #0: AML-AUGESOUND
04-09 16:20:01.356     0     0 I         : [    2.066761@2] meson_uart ff804000.serial: ttyS3 use xtal(8M) 24000000 change 115200 to 115200
04-09 16:20:01.356     0     0 I         : [    2.072669@2] Freeing unused kernel memory: 6080K
04-09 16:20:01.356     0     0 I [    2.288176@2] ubi0: attaching mtd6
04-09 16:20:01.356     0     0 I [    2.498392@2] ubi0: scanning is finished
04-09 16:20:01.356     0     0 I [    2.502274@2] ubi0: attached mtd6 (name "system", size 100 MiB)
04-09 16:20:01.356     0     0 I [    2.502563@2] ubi0: PEB size: 262144 bytes (256 KiB), LEB size: 253952 bytes
04-09 16:20:01.356     0     0 I [    2.509675@2] ubi0: min./max. I/O unit sizes: 4096/4096, sub-page size 4096
04-09 16:20:01.356     0     0 I [    2.516463@2] ubi0: VID header offset: 4096 (aligned 4096), data offset: 8192
04-09 16:20:01.356     0     0 I [    2.523526@2] ubi0: good PEBs: 400, bad PEBs: 0, corrupted PEBs: 0
04-09 16:20:01.356     0     0 I [    2.529654@2] ubi0: user volume: 1, internal volumes: 1, max. volumes count: 128
04-09 16:20:01.356     0     0 I [    2.536982@2] ubi0: max/mean erase counter: 37/25, WL threshold: 4096, image sequence number: 736763309
04-09 16:20:01.357     0     0 I [    2.546369@2] ubi0: available PEBs: 0, total reserved PEBs: 400, PEBs reserved for bad PEB handling: 40
04-09 16:20:01.357     0     0 I [    2.555629@3] ubi0: background thread "ubi_bgt0d" started, PID 2142
04-09 16:20:01.357     0     0 I         : [    2.561461@2] UBIFS (ubi0:0): background thread "ubifs_bgt0_0" started, PID 2145
04-09 16:20:01.357     0     0 I         : [    2.604300@0] UBIFS (ubi0:0): UBIFS: mounted UBI device 0, volume 0, name "rootfs"
04-09 16:20:01.357     0     0 I         : [    2.606229@0] UBIFS (ubi0:0): LEB size: 253952 bytes (248 KiB), min./max. I/O unit sizes: 4096 bytes/4096 bytes
04-09 16:20:01.357     0     0 I         : [    2.616250@0] UBIFS (ubi0:0): FS size: 87867392 bytes (83 MiB, 346 LEBs), journal size 9404416 bytes (8 MiB, 38 LEBs)
04-09 16:20:01.357     0     0 I         : [    2.626766@0] UBIFS (ubi0:0): reserved for root: 0 bytes (0 KiB)
04-09 16:20:01.357     0     0 I         : [    2.632714@0] UBIFS (ubi0:0): media format: w4/r0 (latest is w4/r0), UUID DC99A6D8-69BA-4DD7-9E44-726260A6E747, small LPT model
04-09 16:20:01.357     0     0 I [    2.884031@0] init: property init
04-09 16:20:01.357     0     0 I [    2.884771@0] init: reading config file
04-09 16:20:01.357     0     0 I [    2.891515@0] init: processing action 0xab076808 (boot_start)
04-09 16:20:01.357     0     0 I [    2.899385@0] init: command 'boot_start' r=0
04-09 16:20:01.357     0     0 I [    2.900434@0] init: processing action 0xab0726b0 (early-init)
04-09 16:20:01.357     0     0 I [    2.905126@0] init: starting 'ueventd'
04-09 16:20:01.357     0     0 I [    2.908422@0] init: command 'start' r=0
04-09 16:20:01.357     0     0 I [    2.911314@0] init: command 'loglevel' r=0
04-09 16:20:01.357     0     0 I [    2.916197@0] init: command 'mount' r=0
04-09 16:20:01.357     0     0 I [    2.917912@2] init: starting ueventd
04-09 16:20:01.357     0     0 I [    2.918708@2] init: /sys/ rule /sys/devices/virtual/input/input* enable
04-09 16:20:01.357     0     0 I [    2.918720@2] init: /sys/ rule /sys/devices/virtual/input/input* poll_delay
04-09 16:20:01.357     0     0 I [    2.918730@2] init: /sys/ rule /sys/devices/virtual/usb_composite/* enable
04-09 16:20:01.357     0     0 I [    2.924227@2] init: adding platform device ffd0f0d0.watchdog
04-09 16:20:01.357     0     0 I [    2.924648@2] init: adding platform device reg-dummy
04-09 16:20:01.357     0     0 I [    2.925282@2] init: adding platform device cpu_iomap
04-09 16:20:01.357     0     0 I [    2.925565@2] init: adding platform device 7400000.ramoops
04-09 16:20:01.357     0     0 I [    2.925834@2] init: adding platform device bt-dev
04-09 16:20:01.357     0     0 I [    2.926421@2] init: adding platform device dummy
04-09 16:20:01.357     0     0 I [    2.973859@0] init: command 'mount' r=0
04-09 16:20:01.357     0     0 I [    3.179631@3] ubi1: attaching mtd7
04-09 16:20:01.357     0     0 I [    3.473331@3] ubi1: scanning is finished
04-09 16:20:01.357     0     0 I [    3.477446@0] ubi1: attached mtd7 (name "chrome", size 140 MiB)
04-09 16:20:01.357     0     0 I [    3.477733@0] ubi1: PEB size: 262144 bytes (256 KiB), LEB size: 253952 bytes
04-09 16:20:01.357     0     0 I [    3.484743@0] ubi1: min./max. I/O unit sizes: 4096/4096, sub-page size 4096
04-09 16:20:01.357     0     0 I [    3.491630@0] ubi1: VID header offset: 4096 (aligned 4096), data offset: 8192
04-09 16:20:01.357     0     0 I [    3.498693@0] ubi1: good PEBs: 560, bad PEBs: 0, corrupted PEBs: 0
04-09 16:20:01.357     0     0 I [    3.504821@0] ubi1: user volume: 1, internal volumes: 1, max. volumes count: 128
04-09 16:20:01.357     0     0 I [    3.512153@0] ubi1: max/mean erase counter: 36/26, WL threshold: 4096, image sequence number: 1458511589
04-09 16:20:01.357     0     0 I [    3.521554@0] ubi1: available PEBs: 0, total reserved PEBs: 560, PEBs reserved for bad PEB handling: 40
04-09 16:20:01.357     0     0 I [    3.530877@3] ubi1: background thread "ubi_bgt1d" started, PID 2556
04-09 16:20:01.357     0     0 I         : [    3.545521@1] UBIFS (ubi1:0): background thread "ubifs_bgt1_0" started, PID 2559
04-09 16:20:01.357     0     0 I         : [    3.572449@2] UBIFS (ubi1:0): recovery needed
04-09 16:20:01.357     0     0 I         : [    3.620563@0] UBIFS (ubi1:0): recovery completed
04-09 16:20:01.357     0     0 I         : [    3.620722@0] UBIFS (ubi1:0): UBIFS: mounted UBI device 1, volume 0, name "chrome"
04-09 16:20:01.357     0     0 I         : [    3.627079@0] UBIFS (ubi1:0): LEB size: 253952 bytes (248 KiB), min./max. I/O unit sizes: 4096 bytes/4096 bytes
04-09 16:20:01.357     0     0 I         : [    3.637075@0] UBIFS (ubi1:0): FS size: 128499712 bytes (122 MiB, 506 LEBs), journal size 9404416 bytes (8 MiB, 38 LEBs)
04-09 16:20:01.357     0     0 I         : [    3.647768@0] UBIFS (ubi1:0): reserved for root: 0 bytes (0 KiB)
04-09 16:20:01.357     0     0 I         : [    3.653722@0] UBIFS (ubi1:0): media format: w4/r0 (latest is w4/r0), UUID 3D7B4A1D-6849-462E-B889-C151DCC94211, small LPT model
04-09 16:20:01.357     0     0 I [    3.696940@2] ubi2: attaching mtd8
04-09 16:20:01.357     0     0 I         : [    3.863733@2]  NAND bbt detect factory Bad block at 17a40000
04-09 16:20:01.357     0     0 I         : [    3.875334@2]  NAND bbt detect factory Bad block at 18000000
04-09 16:20:01.357     0     0 I         : [    3.875393@2]  NAND bbt detect factory Bad block at 18040000
04-09 16:20:01.357     0     0 I [    4.148491@0] ubi2: scanning is finished
04-09 16:20:01.357     0     0 I [    4.152971@1] ubi2: attached mtd8 (name "data", size 213 MiB)
04-09 16:20:01.357     0     0 I [    4.153086@1] ubi2: PEB size: 262144 bytes (256 KiB), LEB size: 253952 bytes
04-09 16:20:01.357     0     0 I [    4.160101@1] ubi2: min./max. I/O unit sizes: 4096/4096, sub-page size 4096
04-09 16:20:01.357     0     0 I [    4.166982@1] ubi2: VID header offset: 4096 (aligned 4096), data offset: 8192
04-09 16:20:01.357     0     0 I [    4.174048@1] ubi2: good PEBs: 849, bad PEBs: 3, corrupted PEBs: 0
04-09 16:20:01.357     0     0 I [    4.180176@1] ubi2: user volume: 2, internal volumes: 1, max. volumes count: 128
04-09 16:20:01.357     0     0 I [    4.187504@1] ubi2: max/mean erase counter: 72/49, WL threshold: 4096, image sequence number: 1018457084
04-09 16:20:01.357     0     0 I [    4.196908@1] ubi2: available PEBs: 0, total reserved PEBs: 849, PEBs reserved for bad PEB handling: 37
04-09 16:20:01.357     0     0 I [    4.206231@0] ubi2: background thread "ubi_bgt2d" started, PID 2567
04-09 16:20:01.357     0     0 I         : [    4.220143@1] UBIFS (ubi2:0): background thread "ubifs_bgt2_0" started, PID 2570
04-09 16:20:01.357     0     0 I         : [    4.246633@3] UBIFS (ubi2:0): recovery needed
04-09 16:20:01.357     0     0 I         : [    4.315000@0] UBIFS (ubi2:0): recovery completed
04-09 16:20:01.357     0     0 I         : [    4.315185@0] UBIFS (ubi2:0): UBIFS: mounted UBI device 2, volume 0, name "factory"
04-09 16:20:01.357     0     0 I         : [    4.321596@0] UBIFS (ubi2:0): LEB size: 253952 bytes (248 KiB), min./max. I/O unit sizes: 4096 bytes/4096 bytes
04-09 16:20:01.357     0     0 I         : [    4.331595@0] UBIFS (ubi2:0): FS size: 10158080 bytes (9 MiB, 40 LEBs), journal size 2285569 bytes (2 MiB, 9 LEBs)
04-09 16:20:01.357     0     0 I         : [    4.341856@0] UBIFS (ubi2:0): reserved for root: 0 bytes (0 KiB)
04-09 16:20:01.357     0     0 I         : [    4.347843@0] UBIFS (ubi2:0): media format: w4/r0 (latest is w4/r0), UUID AD7DC8BC-6ACA-4841-8B12-7A54B54F57E7, small LPT model
04-09 16:20:01.357     0     0 I         : [    4.371466@1] UBIFS (ubi2:1): background thread "ubifs_bgt2_1" started, PID 2573
04-09 16:20:01.357     0     0 I         : [    4.397218@2] UBIFS (ubi2:1): recovery needed
04-09 16:20:01.357     0     0 I         : [    4.444006@3] UBIFS (ubi2:1): recovery completed
04-09 16:20:01.357     0     0 I         : [    4.444192@3] UBIFS (ubi2:1): UBIFS: mounted UBI device 2, volume 1, name "data"
04-09 16:20:01.357     0     0 I         : [    4.450345@3] UBIFS (ubi2:1): LEB size: 253952 bytes (248 KiB), min./max. I/O unit sizes: 4096 bytes/4096 bytes
04-09 16:20:01.357     0     0 I         : [    4.460341@3] UBIFS (ubi2:1): FS size: 189956096 bytes (181 MiB, 748 LEBs), journal size 9404416 bytes (8 MiB, 38 LEBs)
04-09 16:20:01.357     0     0 I         : [    4.471033@3] UBIFS (ubi2:1): reserved for root: 0 bytes (0 KiB)
04-09 16:20:01.357     0     0 I         : [    4.476986@3] UBIFS (ubi2:1): media format: w4/r0 (latest is w4/r0), UUID 34A475AE-5814-4337-8EB7-8868427E3B0E, small LPT model
04-09 16:20:01.358     0     0 I         : [    4.717441@2] aml_wifi wifi: [usb_power_control] Set WiFi power down
04-09 16:20:01.358     0     0 I [    4.718163@2] meson-mmc: [sdio_notify] finish
04-09 16:20:01.358     0     0 I         : [    4.722530@2] aml_wifi wifi: [wifi_power_ioctl] ioctl Set sdio wifi power down!
04-09 16:20:01.358     0     0 I         : [    4.726070@1] UBIFS (ubi0:0): background thread "ubifs_bgt0_0" stops
04-09 16:20:02.430  2586  2586 E         : found the match wifi is: sd8887
04-09 16:20:02.430  2586  2586 E         : wifi_insmod command:insmod /lib/modules/4.9.113/kernel/mrvl/mlan8887.ko 
--------- beginning of system
04-09 16:20:02.467  2605  2605 I wpa_supplicant: Successfully initialized wpa_supplicant
04-09 16:20:02.497  2605  2605 E wpa_supplicant: Could not read interface wlan0 flags: No such device
04-09 16:20:02.501  2605  2605 I wpa_supplicant: nl80211: Driver does not support authentication/association or connect commands
04-09 16:20:02.503  2605  2605 I wpa_supplicant: nl80211: deinit ifname=wlan0 disabled_11b_rates=0
04-09 16:20:02.504  2605  2605 E wpa_supplicant: Could not read interface wlan0 flags: No such device
04-09 16:20:02.508  2605  2605 E wpa_supplicant: wlan0: Failed to initialize driver interface
04-09 16:20:02.589  2586  2586 E         : wifi_insmod command:insmod /lib/modules/4.9.113/kernel/mrvl/sd8xxx.ko cal_data_cfg=mrvl/WlanCalData_ext_LS9x_291119.conf txpwrlimit_cfg=mrvl/txpwrlimit_cfg_8887.bin fw_name=mrvl/sd8887_wlan_a2_p59.bin cfg80211_wext=0xf host_mlme=1 auto_ds=2 fw_serial=1 sta_name="wlan" uap_name="p2p" ps_mode=2 max_uap_bss=2 drvdbg=0x7 reg_alpha2="00"
04-09 16:20:03.726  2586  2586 E         : Load BT driver
04-09 16:20:03.726  2586  2586 E         : found the match wifi is: (null)
04-09 16:20:03.726  2586  2586 E         : wifi_insmod command:insmod /lib/modules/4.9.113/kernel/mrvl/bt8xxx.ko fw_name=mrvl/sd8887_bt_a2_p59.bin bt_fw_serial=0
04-09 16:20:03.874  2694  2694 I ServiceManager: Waiting for service libre.EnvItems...
04-09 16:20:03.874  2697  2697 E writeSerialNo: Writing serial number to unifykey
04-09 16:20:03.898  2691  2691 I sh      : FACTEST:unifykey read success:20 20
04-09 16:20:03.898  2691  2691 I sh      : inbuf=de4f95ffa64d5e74b026  ret=20 serial.txt=de4f95ffa64d5e74b026 bytesread=20 strcmp=0
04-09 16:20:03.905  2689  2689 W sshd    : Failed loading /etc/dropbear/dropbear_rsa_host_key
04-09 16:20:03.906  2689  2689 W sshd    : Failed loading /etc/dropbear/dropbear_dss_host_key
04-09 16:20:03.906  2689  2689 W sshd    : Failed loading /etc/dropbear/dropbear_ecdsa_host_key
04-09 16:20:03.910  2689  2689 I sshd    : Not backgrounding
04-09 16:20:03.941  2698  2698 I ENV     : init 
04-09 16:20:03.942  2698  2698 I ENV     :  First boot 
04-09 16:20:03.942  2698  2698 E ENV     : fileExists:153 /lsync/env/env.db does not exist
04-09 16:20:03.949  2698  2698 D AVS_SDK :  [  1] I sdkVersion: 1.19.1
04-09 16:20:03.949  2698  2698 E ENV     :  FAILED to open:/lsync/env/tmp.db 
04-09 16:20:03.950  2698  2698 I ENV     : removeItem:79:/lsync/env/tmp.db not found
04-09 16:20:03.950  2698  2698 E ENV     : /lsync/env/env.db does not Exist.. tempStorage = 0
04-09 16:20:03.951  2698  2698 I ENV     : createUserDBFromFactoryCfg 
04-09 16:20:03.957  2698  2698 I ENV     : Using /factory/custom/factoryEnv.conf as conf file
04-09 16:20:03.957  2698  2698 I ENV     : removeItem:79:/lsync/env/env.db not found
04-09 16:20:03.957  2698  2698 E ENV     : Error removing /lsync/env/env.db
04-09 16:20:04.021  2698  2698 E ENV     : createUserDBFromFactoryCfg:307: tempStorage is undefined
04-09 16:20:04.021  2698  2698 I ENV     : Using /factory/custom/factoryEnv.conf and /lsync/env/env.db as conf and db file
04-09 16:20:04.021  2698  2698 I ENV     : init 
04-09 16:20:04.021  2698  2698 I ENV     :  First boot 
04-09 16:20:04.021  2698  2698 I ENV     : fileExists:151 /lsync/env/env.db exists
04-09 16:20:04.024  2698  2698 I ENV     : Copied /lsync/env/env.db to /lsync/env/tmp.db
04-09 16:20:04.024  2698  2698 E ENV     : /lsync/env/env.db does not Exist.. tempStorage = ac241db0
04-09 16:20:04.024  2698  2698 I ENV     : createUserDBFromFactoryCfg 
04-09 16:20:04.027  2698  2698 I ENV     : Using /factory/custom/factoryEnv.conf as conf file
04-09 16:20:04.027  2698  2698 I ENV     : removeItem:74:/lsync/env/env.db removed
04-09 16:20:04.027  2698  2698 I ENV     : Removed /lsync/env/env.db
04-09 16:20:04.040  2698  2698 E ENV     : createUserDBFromFactoryCfg:301: Failed at tempStorage->get_changed
04-09 16:20:04.438  2698  2698 I chatty  : uid=0(root) env_service identical 64 lines
04-09 16:20:04.443  2698  2698 E ENV     : createUserDBFromFactoryCfg:301: Failed at tempStorage->get_changed
04-09 16:20:04.445  2698  2698 E AVS_SDK :  [  1] E SQLiteStatement:SQLiteStatement::stepFailed::Executing the select did not generate a row or complete.:result=19
04-09 16:20:04.445  2698  2698 E AVS_SDK :  [  1] E SQLiteStatement:SQLiteStatement::finalizeFailed::Could release the prepared statement.:rcode=19
04-09 16:20:04.445  2698  2698 E ENV     : createUserDBFromFactoryCfg:286: Failed at m_miscStorage->put
04-09 16:20:04.451  2698  2698 E ENV     : createUserDBFromFactoryCfg:301: Failed at tempStorage->get_changed
04-09 16:20:04.640  2698  2698 I chatty  : uid=0(root) env_service identical 29 lines
04-09 16:20:04.646  2698  2698 E ENV     : createUserDBFromFactoryCfg:301: Failed at tempStorage->get_changed
04-09 16:20:04.647  2698  2698 I ENV     : Using /factory/custom/factoryEnv.conf and /lsync/env/env.db as conf and db file
04-09 16:20:04.648  2698  2698 I ENV     : fileExists:151 /lsync/env/env_bk.db exists
04-09 16:20:04.648  2698  2698 I ENV     : fileExists:151 /factory/custom/factoryEnv_bk.conf exists
04-09 16:20:04.649  2698  2698 I ENV     : removeItem:74:/lsync/env/tmp.db removed
04-09 16:20:06.869  2710  2710 I wpa_supplicant: Successfully initialized wpa_supplicant
04-09 16:20:06.884  2710  2710 I wpa_supplicant: rfkill: Cannot open RFKILL control device
04-09 16:20:06.924  2712  2712 E LUCI_FACTORY: LUCIFactory::registerBuiltinFactories
04-09 16:20:06.928  2713  2713 I main_sourceswitch: ServiceManager: 0xaba12f88
04-09 16:20:06.929  2713  2713 E luci_helper: LUCIHelper: Waiting for Module Init
04-09 16:20:06.930  2713  2713 E luci_helper: LUCIHelper: Waiting for Module Init
04-09 16:20:06.935  2712  2712 E LUCI_SERVER: IP = 0
04-09 16:20:06.976  2711  2711 E luci_helper: LUCIHelper: Waiting for Module Init
04-09 16:20:06.976  2711  2711 E luci_helper: LUCIHelper: Waiting for Module Init
04-09 16:20:06.979  2711  2711 E yani_server: YaniServer FAILED TO GET LuciHelper
04-09 16:20:07.003  2691  2691 I sh      : Simple mixer control 'Master',0
04-09 16:20:07.003  2691  2691 I sh      :   Capabilities: volume pswitch pswitch-joined
04-09 16:20:07.003  2691  2691 I sh      :   Playback channels: Front Left - Front Right
04-09 16:20:07.003  2691  2691 I sh      :   Capture channels: Front Left - Front Right
04-09 16:20:07.003  2691  2691 I sh      :   Limits: 0 - 100
04-09 16:20:07.014  2710  2710 I wpa_supplicant: MPM: Debug Dialog Token initialized 2736743842 (0xa31f65a2)
04-09 16:20:07.022  2710  2710 I wpa_supplicant: wlan0: CTRL-EVENT-REGDOM-CHANGE init=USER type=COUNTRY alpha2=US
04-09 16:20:07.029  2691  2691 I sh      :   Front Left: 30 [30%] [-10.45dB] Playback [on]
04-09 16:20:07.029  2691  2691 I sh      :   Front Right: 30 [30%] [-10.45dB] Playback [on]
04-09 16:20:07.029  2711  2711 E luci_helper: LUCIHelper: Waiting for Module Init
04-09 16:20:07.030  2711  2711 E yani_server: YaniServer FAILED TO GET LuciHelper
04-09 16:20:07.032  2712  2712 E luciUART: bufff write ? = 1 
04-09 16:20:07.034  2712  2712 E luciUART: tcsetattr succeed
04-09 16:20:07.035  2712  2722 E LUCI_SERVER: Luci Server Thread waiting for packets....
04-09 16:20:07.095  2709  2709 I         : [0409/035007.094721:INFO:cast_auth_check.cc(163)] Cast auth test is successful.
04-09 16:20:07.491  2711  2724 E yani_kernel: Interface status 0
04-09 16:20:07.498  2711  2724 I yani_kernel: set_device_name() Interface 'wlan0' MAC Address 'cc:90:93:21:f3:84' FriendlyName 'Lyric Speaker Box 21f384' status '0'
04-09 16:20:07.499  2711  2724 I yani_server: First boot after Factory reset! Friendly Name modified Lyric Speaker Box  -> Lyric Speaker Box 21f384
04-09 16:20:07.505  2712  2712 I lucitransport: writeRemoteMessage() MID = 90 buffer = Lyric Speaker Box 21f384
04-09 16:20:07.505  2712  2712 I luciUART: write() MID = 90  bytes = 34 data = Lyric Speaker Box 21f384 m_fd = 0x6
04-09 16:20:07.505  2712  2712 I lucitransport: writeLocalMessage() MID = 90 buffer = Lyric Speaker Box 21f384
04-09 16:20:07.505  2712  2722 E LUCI_SERVER: Luci Server Thread wait over MID 90....
04-09 16:20:07.507  2711  2724 E yani_server: Device Supports CastSetup 1
04-09 16:20:07.507  2711  2724 I yani_kernel: yani_init_net() Success Netlink socket fd 6
04-09 16:20:07.510  2711  2724 E WifiHW  : wifi_start_supplicant
04-09 16:20:07.510  2711  2724 E WifiHW  : wifi_start_ctl.start : wpa_supplicant
04-09 16:20:07.535  2712  2722 E LUCI_SERVER: Luci Server Thread waiting for packets....
04-09 16:20:07.711  2711  2724 E WifiHW  : wifi_connect_to_supplicant : wlan0
04-09 16:20:07.712  2711  2724 E WifiHW  : wifi_connect_on_socket_path1 : wlan0
04-09 16:20:07.714  2711  2724 E yani_wifi: enable_disable_net_if() Failed SIOCGIFFLAGS for interface 'wlan1' enable '0'
04-09 16:20:07.719  2711  2724 I yani_wifi: configure_wifi() SSID '' security '' passphrase '********' Country 'US'
04-09 16:20:08.877  2691  2691 I sh      : LSDeviceService: not found
04-09 16:20:08.983  2732  2732 I NetMgr  : Net_Mgr starting
04-09 16:20:08.996  2732  2732 I HotspotManager: Default WiFi Interface : wlan0
04-09 16:20:09.008  2730  2730 E UIModeManager: UIModeManager Constructor ++
04-09 16:20:09.015  2729  2729 E         :  Start MessageBox Handler 
04-09 16:20:09.015  2732  2732 I NetworkMonitor: WiFi Interface : wlan0
04-09 16:20:09.016  2732  2732 I NetworkMonitor: Default WiFi Interface : wlan0
04-09 16:20:09.021  2732  2745 I NetworkMonitor: Start monitor thread
04-09 16:20:09.021  2730  2730 I AirableUIHelper: AirableUIHelper Contructor 
04-09 16:20:09.025  2730  2730 E AirableUIHelper:  Airable ENV_AirableBaseURL_ID Envitem returned failed!!!
04-09 16:20:09.027  2730  2730 E AirableUIHelper:  Airable ENV_AirableSecret_ID Envitem returned failed!!!
04-09 16:20:09.027  2730  2730 E AirableUIHelper: Airable Secret =  
04-09 16:20:09.031  2729  2744 E MB_HANDLER: HOST present 1
04-09 16:20:09.033  2730  2730 I UIModeManager: RegisterModeControl Mode - PlayMode ModeControl - 0xab426c30
04-09 16:20:09.034  2730  2730 I ServiceManager: Waiting for service media.player...
04-09 16:20:09.035  2729  2744 E MB_HANDLER:  REGISTERED YANI LISTENER IN MessageBoxHandler
04-09 16:20:09.037  2729  2744 E         : External Host present 1
04-09 16:20:09.037  2729  2744 E MB_HANDLER: REGISTERED ExternalSource IN MessageBoxHandler
04-09 16:20:09.040  2729  2744 E MB_HANDLER: Check Device Support ENV_CastSetup true ENV_GoogleCast_ID true 
04-09 16:20:09.043  2736  2736 E dhcpcd  : eth0: interface not found or invalid
04-09 16:20:09.046  2729  2744 E MB_HANDLER: boot_after_factory : 1
04-09 16:20:09.049  2732  2745 E WifiUtil: command: "SCAN" failed: FAIL-BUSY
04-09 16:20:09.050  2729  2744 I MB_HANDLER: Env Details: LS-Host '1' Cast-Setup 'true'
04-09 16:20:09.050  2729  2744 E MB_HANDLER: Message Handler Thread waiting for messages....
04-09 16:20:09.051  2712  2721 E luciUART: UART:aa
04-09 16:20:09.051  2712  2721 E luciUART: UART:aa
04-09 16:20:09.051  2712  2721 E luciUART: UART:2
04-09 16:20:09.051  2712  2721 E luciUART: UART:0
04-09 16:20:09.051  2712  2721 E luciUART: UART:9
04-09 16:20:09.051  2712  2721 E luciUART: UART:0
04-09 16:20:09.056  2712  2721 E luciUART: UART:0
04-09 16:20:09.056  2712  2721 E luciUART: UART:c
04-09 16:20:09.056  2712  2721 E luciUART: Error: full data not available yet! readBytes 0
04-09 16:20:09.057  2712  2721 E luciUART: UART:79
04-09 16:20:09.057  2712  2721 E luciUART: UART:5
04-09 16:20:09.057  2712  2721 E luciUART: UART:0
04-09 16:20:09.058  2729  2743 E MB_HANDLER: Messagebox_handler::MessageBoxAlert id = 91
04-09 16:20:09.058  2712  2722 I luciUART: write() MID = 91  bytes = 10 data =  m_fd = 0x6
04-09 16:20:09.059  2712  2722 E LUCI_SERVER: Luci Server Thread wait over MID 208....
04-09 16:20:09.059  2712  2722 E LUCI_SERVER: Got NV name : Country
04-09 16:20:09.059  2729  2744 E MB_HANDLER: Message Handler Thread wait over MID[91]....
04-09 16:20:09.059  2712  2721 E luciUART: UART:aa
04-09 16:20:09.059  2712  2721 E luciUART: UART:2
04-09 16:20:09.059  2712  2721 E luciUART: UART:0
04-09 16:20:09.059  2712  2721 E luciUART: UART:d0
04-09 16:20:09.059  2712  2721 E luciUART: UART:0
04-09 16:20:09.059  2712  2721 I chatty  : uid=0(root) UARTLUCIControl identical 2 lines
04-09 16:20:09.059  2712  2721 E luciUART: UART:0
04-09 16:20:09.059  2712  2721 E luciUART: UART:9
04-09 16:20:09.059  2712  2721 I luciUART: read() RemoteID = 43690 Command = 208 Type = 2 Status = 0 DataLen = 9
04-09 16:20:09.059  2712  2721 E luciUART: Error: full data not available yet! readBytes 0
04-09 16:20:09.059  2712  2721 I luciUART: Previous Packet read contd., 
04-09 16:20:09.059  2712  2712 I lucitransport: readRemoteMessage() MID char = 91 buffer = (null)
04-09 16:20:09.059  2712  2721 E luciUART: UART:52
04-09 16:20:09.059  2712  2721 I luciUART: Previous Packet read contd., 
04-09 16:20:09.059  2712  2721 E luciUART: UART:45
04-09 16:20:09.059  2712  2721 I luciUART: Previous Packet read contd., 
04-09 16:20:09.059  2712  2721 E luciUART: UART:41
04-09 16:20:09.059  2712  2721 I luciUART: Previous Packet read contd., 
04-09 16:20:09.059  2712  2721 E luciUART: UART:44
04-09 16:20:09.059  2712  2721 I luciUART: Previous Packet read contd., 
04-09 16:20:09.059  2712  2721 E luciUART: UART:5f
04-09 16:20:09.059  2712  2721 E luciUART: UART:73
04-09 16:20:09.059  2712  2721 I luciUART: Previous Packet read contd., 
04-09 16:20:09.059  2712  2721 E luciUART: UART:73
04-09 16:20:09.059  2712  2721 I luciUART: Previous Packet read contd., 
04-09 16:20:09.059  2712  2721 E luciUART: UART:69
04-09 16:20:09.059  2712  2721 I luciUART: Previous Packet read contd., 
04-09 16:20:09.061  2729  2744 E MB_HANDLER: ENV READ FAILED
04-09 16:20:09.061  2729  2744 E MB_HANDLER: MacAddress :CC:90:93:21:F3:84
04-09 16:20:09.062  2712  2712 I lucitransport: writeRemoteMessage() MID = 91 buffer = CC:90:93:21:F3:84
04-09 16:20:09.062  2712  2712 I luciUART: write() MID = 91  bytes = 27 data = CC:90:93:21:F3:84 m_fd = 0x6
04-09 16:20:09.062  2729  2744 E MB_HANDLER: Message Handler Thread waiting for messages....
04-09 16:20:09.063  2712  2722 I luciUART: write() MID = 208  bytes = 20 data = Country:US m_fd = 0x6
04-09 16:20:09.063  2712  2722 E LUCI_SERVER: NV_READ response= Country:US
04-09 16:20:09.063  2712  2722 E LUCI_SERVER: Luci Server Thread wait over MID 5....
04-09 16:20:09.063  2712  2722 I luciUART: write() MID = 5  bytes = 22 data = eng.C4A.1203 m_fd = 0x6
04-09 16:20:09.063  2712  2722 E LUCI_SERVER: Luci Server Thread wait over MID 151....
04-09 16:20:09.064  2712  2722 E WLANP2PIF: ioctl failed
04-09 16:20:09.064  2712  2722 E LUCI_SERVER: ** RSSI  = 255
04-09 16:20:09.064  2712  2722 I luciUART: write() MID = 151  bytes = 10 data =  m_fd = 0x6
04-09 16:20:09.064  2712  2722 E LUCI_SERVER: Luci Server Thread wait over MID 208....
04-09 16:20:09.064  2712  2722 E LUCI_SERVER: Got NV name : ssid
04-09 16:20:09.066  2712  2722 I luciUART: write() MID = 208  bytes = 15 data = ssid: m_fd = 0x6
04-09 16:20:09.066  2712  2722 E LUCI_SERVER: NV_READ response= ssid:
04-09 16:20:09.066  2712  2722 E LUCI_SERVER: Luci Server Thread waiting for packets....
04-09 16:20:09.074  2735  2735 I bt_btif : init
04-09 16:20:09.076  2712  2721 E luciUART: UART:aa
04-09 16:20:09.076  2712  2721 E luciUART: UART:aa
04-09 16:20:09.076  2712  2721 E luciUART: UART:2
04-09 16:20:09.076  2712  2721 E luciUART: UART:0
04-09 16:20:09.076  2712  2721 E luciUART: UART:d0
04-09 16:20:09.076  2712  2721 E luciUART: UART:0
04-09 16:20:09.076  2735  2735 D bt_osi_allocation_tracker: canary initialized
04-09 16:20:09.077  2712  2721 E luciUART: UART:0
04-09 16:20:09.077  2712  2721 I chatty  : uid=0(root) UARTLUCIControl identical 1 line
04-09 16:20:09.077  2712  2721 E luciUART: UART:0
04-09 16:20:09.077  2712  2721 E luciUART: UART:9
04-09 16:20:09.077  2712  2721 I luciUART: read() RemoteID = 43690 Command = 208 Type = 2 Status = 0 DataLen = 9
04-09 16:20:09.078  2712  2721 E luciUART: Error: full data not available yet! readBytes 0
04-09 16:20:09.078  2712  2721 I luciUART: Previous Packet read contd., 
04-09 16:20:09.078  2712  2721 E luciUART: UART:52
04-09 16:20:09.078  2712  2721 I luciUART: Previous Packet read contd., 
04-09 16:20:09.078  2712  2721 E luciUART: UART:45
04-09 16:20:09.078  2712  2721 I luciUART: Previous Packet read contd., 
04-09 16:20:09.079  2712  2721 E luciUART: UART:0
04-09 16:20:09.080  2712  2721 I chatty  : uid=0(root) UARTLUCIControl identical 2 lines
04-09 16:20:09.080  2712  2721 E luciUART: UART:0
04-09 16:20:09.080  2712  2721 E luciUART: UART:4
04-09 16:20:09.080  2712  2721 I luciUART: read() RemoteID = 43690 Command = 6 Type = 2 Status = 0 DataLen = 4
04-09 16:20:09.080  2712  2721 E luciUART: Error: full data not available yet! readBytes 0
04-09 16:20:09.080  2712  2721 I luciUART: Previous Packet read contd., 
04-09 16:20:09.080  2712  2721 E luciUART: UART:31
04-09 16:20:09.080  2712  2721 I luciUART: Previous Packet read contd., 
04-09 16:20:09.085  2712  2721 E luciUART: UART:6c
04-09 16:20:09.085  2712  2722 E LUCI_SERVER: Luci Server Thread wait over MID 208....
04-09 16:20:09.085  2712  2722 E LUCI_SERVER: Got NV name : fwdownload_xml
04-09 16:20:09.089  2729  2744 E MB_HANDLER: Message Handler Thread waiting for messages....
04-09 16:20:09.090  2712  2722 I luciUART: write() MID = 208  bytes = 67 data = fwdownload_xml:https://openotaengine.libreiotcloud.com/v1 m_fd = 0x6
04-09 16:20:09.090  2712  2722 E LUCI_SERVER: NV_READ response= fwdownload_xml:https://openotaengine.libreiotcloud.com/v1
04-09 16:20:09.090  2712  2722 E LUCI_SERVER: Luci Server Thread waiting for packets....
04-09 16:20:09.094  2735  2757 E bt_osi_config: config_new unable to open file '/data/misc/bluedroid/bt_config.conf': No such file or directory
04-09 16:20:09.095  2735  2757 W bt_btif_config: init unable to load config file: /data/misc/bluedroid/bt_config.conf; using backup.
04-09 16:20:09.095  2735  2757 E bt_osi_config: config_new unable to open file '/data/misc/bluedroid/bt_config.bak': No such file or directory
04-09 16:20:09.095  2735  2757 W bt_btif_config: init unable to load backup; attempting to transcode legacy file.
04-09 16:20:09.096  2735  2757 E bt_btif_config_transcode: btif_config_transcode unable to load XML file '/data/misc/bluedroid/bt_config.xml': 3
04-09 16:20:09.097  2735  2757 E bt_btif_config: init unable to transcode legacy file; creating empty config.
04-09 16:20:09.098  2735  2761 I bt_osi_thread: run_thread: thread id 2761, thread name alarm_default_ca started
04-09 16:20:09.099  2735  2763 I bt_osi_thread: run_thread: thread id 2763, thread name alarm_dispatcher started
04-09 16:20:09.101  2735  2757 I bt_btif_core: btif_init_bluetooth entered
04-09 16:20:09.104  2735  2757 I bt_stack_config: init attempt to load stack conf from /etc/bluetooth/bt_stack.conf
04-09 16:20:09.107  2735  2765 I bt_osi_thread: run_thread: thread id 2765, thread name bt_jni_workqueue started
04-09 16:20:09.107  2735  2757 I bt_btif_core: btif_init_bluetooth finished
04-09 16:20:09.107  2735  2757 I bt_stack_manager: event_init_stack finished
04-09 16:20:09.108  2735  2735 I bt_osi_wakelock: wakelock_set_os_callouts set to non-native
04-09 16:20:09.110  2735  2735 I bt_btif : get_profile_interface: id = gatt
04-09 16:20:09.116  2735  2765 I bt_btif_core: run_message_loop entered
04-09 16:20:09.117  2735  2735 I bt_btif : get_profile_interface: id = a2dp
04-09 16:20:09.118  2735  2735 I bt_btif : get_profile_interface: id = a2dp_sink
04-09 16:20:09.120  2732  2746 E CommandListener: Message not handled: unrecognized interface usb0
04-09 16:20:09.121  2732  2746 W FrameworkListener: Handler 'Iface' error (Success)
04-09 16:20:09.121  2732  2746 E CommandListener: Message not handled: unrecognized interface usb0
04-09 16:20:09.121  2732  2746 W FrameworkListener: Handler 'Iface' error (Success)
04-09 16:20:09.127  2735  2773 I bt_osi_thread: run_thread: thread id 2773, thread name btif_a2dp_sink_w started
04-09 16:20:09.134  2732  2746 E CommandListener: Message not handled: unrecognized interface usb0
04-09 16:20:09.134  2732  2746 W FrameworkListener: Handler 'Iface' error (Success)
04-09 16:20:09.135  2732  2746 E CommandListener: Message not handled: unrecognized interface usb0
04-09 16:20:09.135  2732  2746 W FrameworkListener: Handler 'Iface' error (Success)
04-09 16:20:09.136  2732  2746 E CommandListener: Message not handled: unrecognized interface usb0
04-09 16:20:09.136  2732  2746 W FrameworkListener: Handler 'Iface' error (Success)
04-09 16:20:09.137  2735  2735 D a2dp_codec: init
04-09 16:20:09.138  2732  2746 E CommandListener: Message not handled: unrecognized interface usb0
04-09 16:20:09.138  2732  2746 W FrameworkListener: Handler 'Iface' error (Success)
04-09 16:20:09.139  2735  2735 D a2dp_codec: createCodec: codec SBC
04-09 16:20:09.147  2735  2735 D a2dp_codec: createCodec: codec AAC
04-09 16:20:09.149  2735  2735 D a2dp_codec: createCodec: codec aptX
04-09 16:20:09.150  2735  2735 E a2dp_vendor_aptx_encoder: A2DP_VendorLoadEncoderAptx: cannot open aptX encoder library libaptX_encoder.so: libaptX_encoder.so: cannot open shared object file: No such file or directory
04-09 16:20:09.150  2735  2735 E a2dp_vendor_aptx: init: cannot load the encoder
04-09 16:20:09.150  2735  2735 D a2dp_codec: createCodec: codec aptX-HD
04-09 16:20:09.150  2735  2735 E a2dp_vendor_aptx_hd_encoder: A2DP_VendorLoadEncoderAptxHd: cannot open aptX-HD encoder library libaptXHD_encoder.so: libaptXHD_encoder.so: cannot open shared object file: No such file or directory
04-09 16:20:09.150  2735  2735 E a2dp_vendor_aptx_hd: init: cannot load the encoder
04-09 16:20:09.151  2735  2735 D a2dp_codec: createCodec: codec LDAC
04-09 16:20:09.151  2735  2735 E a2dp_vendor_ldac_encoder: A2DP_VendorLoadEncoderLdac: cannot open LDAC encoder library libldacBT_enc.so: libldacBT_enc.so: cannot open shared object file: No such file or directory
04-09 16:20:09.151  2735  2735 E a2dp_vendor_ldac: init: cannot load the encoder
04-09 16:20:09.151  2735  2735 D a2dp_codec: createCodec: codec SBC SINK
04-09 16:20:09.151  2735  2735 D a2dp_codec: createCodec: codec AAC SINK
04-09 16:20:09.154  2735  2735 I bt_btif : get_profile_interface: id = hidhost
04-09 16:20:09.176  2735  2735 I bluetoothtbd: [0409/035009.174999:INFO:daemon.cc(168)] Daemon initialized
04-09 16:20:09.182  2735  2735 I bt_btif : enable: start restricted = 0
04-09 16:20:09.182  2735  2757 I bt_stack_manager: event_start_up_stack is bringing up the stack
04-09 16:20:09.183  2735  2757 I bt_core_module: module_start_up Starting module "btif_config_module"
04-09 16:20:09.183  2735  2757 I bt_core_module: module_start_up Started module "btif_config_module"
04-09 16:20:09.183  2735  2757 I bt_core_module: module_start_up Starting module "btsnoop_module"
04-09 16:20:09.183  2735  2757 I bt_core_module: module_start_up Started module "btsnoop_module"
04-09 16:20:09.184  2735  2757 I bt_core_module: module_start_up Starting module "hci_module"
04-09 16:20:09.184  2735  2757 I bt_hci  : hci_module_start_up
04-09 16:20:09.186  2735  2784 I bt_osi_thread: run_thread: thread id 2784, thread name hci_thread started
04-09 16:20:09.188  2735  2757 D bt_hci  : hci_module_start_up starting async portion
04-09 16:20:09.190  2735  2784 I bluetoothtbd: [0409/035009.189925:INFO:hci_layer_linux.cc(172)] hci_initialize
04-09 16:20:09.190  2735  2784 I bluetoothtbd: [0409/035009.190119:INFO:hci_layer_linux.cc(184)] Using interface hci0
04-09 16:20:09.190  2735  2784 I bluetoothtbd: [0409/035009.190178:INFO:hci_layer_linux.cc(378)] rfkill
04-09 16:20:09.202  2788  2788 I dnsmasq : started, version 2.51 cachesize 150
04-09 16:20:09.202  2788  2788 I dnsmasq : compile time options: no-IPv6 GNU-getopt no-DBus no-I18N DHCP no-scripts no-TFTP
04-09 16:20:09.203  2788  2788 I dnsmasq : DHCP, IP range 192.168.10.3 -- 192.168.10.10, lease time 12h
04-09 16:20:09.203  2788  2788 I dnsmasq : reading /etc/resolv.conf
04-09 16:20:09.204  2788  2788 I dnsmasq : using nameserver 8.8.8.8#53
04-09 16:20:09.204  2788  2788 I dnsmasq : read /etc/hosts - 1 addresses
04-09 16:20:09.210  2736  2736 D dhcpcd  : no interfaces have a carrier
04-09 16:20:09.211  2736  2736 D dhcpcd  : wlan0: waiting for carrier
04-09 16:20:09.557  2732  2746 E CommandListener: Message not handled: unrecognized interface usb0
04-09 16:20:09.557  2732  2746 W FrameworkListener: Handler 'Iface' error (Success)
04-09 16:20:09.604  2735  2784 I bluetoothtbd: [0409/035009.604683:INFO:hci_layer_linux.cc(295)] wait_hcidev
04-09 16:20:09.604  2735  2784 I bluetoothtbd: [0409/035009.604960:INFO:hci_layer_linux.cc(332)] Do poll() with timeout of 3000ms
04-09 16:20:09.606  2735  2784 I bluetoothtbd: [0409/035009.606499:INFO:hci_layer_linux.cc(228)] HCI device ready
04-09 16:20:09.606  2735  2784 I bt_hci  : event_finish_startup
04-09 16:20:09.606  2735  2757 I bt_core_module: module_start_up Started module "hci_module"
04-09 16:20:09.608  2735  2812 I bt_osi_thread: run_thread: thread id 2812, thread name bt_workqueue started
04-09 16:20:09.609  2735  2812 I bluetoothtbd: [0409/035009.609522:INFO:btu_task.cc(107)] Bluetooth chip preload is complete
04-09 16:20:09.616  2735  2812 I         : No vendor HCI socket available. Won't create SocketWriter.
04-09 16:20:09.624  2735  2812 I bluetoothtbd: [0409/035009.624191:INFO:gatt_api.cc(1005)] GATT_Register
04-09 16:20:09.625  2735  2812 I bluetoothtbd: [0409/035009.625941:INFO:gatt_api.cc(1028)] allocated gatt_if=1
04-09 16:20:09.627  2735  2812 I bluetoothtbd: [0409/035009.627510:INFO:gatt_api.cc(207)] GATTS_AddService
04-09 16:20:09.628  2735  2812 I bluetoothtbd: [0409/035009.628585:INFO:gatt_api.cc(317)] GATTS_AddService: service parsed correctly, now starting
04-09 16:20:09.629  2735  2812 E bluetoothtbd: [0409/035009.629449:ERROR:gatt_attr.cc(302)] gatt_profile_db_init:  gatt_if=1
04-09 16:20:09.636  2735  2812 I bluetoothtbd: [0409/035009.636481:INFO:gatt_api.cc(1005)] GATT_Register
04-09 16:20:09.636  2735  2812 I bluetoothtbd: [0409/035009.636655:INFO:gatt_api.cc(1028)] allocated gatt_if=2
04-09 16:20:09.636  2735  2812 I bluetoothtbd: [0409/035009.636721:INFO:gatt_api.cc(207)] GATTS_AddService
04-09 16:20:09.636  2735  2812 I bluetoothtbd: [0409/035009.636775:INFO:gatt_api.cc(317)] GATTS_AddService: service parsed correctly, now starting
04-09 16:20:09.680  2735  2814 I bt_osi_thread: run_thread: thread id 2814, thread name module_wrapper started
04-09 16:20:09.681  2735  2814 I bt_core_module: module_start_up Starting module "controller_module"
04-09 16:20:09.722  2711  2724 I yani_server: ifindexeth0 0 ifindexwlan0 5 ifindexp2p0 6 ifindexwlan1 0
04-09 16:20:09.723  2711  2724 I yani_server: NetLink Event '-1' Interface-Index '5' WLAN '0' Ethernet '-1' Parsed-iFill '-1' -> 'INVALID' ifIndex '1' -> 'lo'
04-09 16:20:09.723  2711  2724 I yani_kernel: yani_geteventfrom_changeaddr() Message-Id '1' Netlink event '16' Interface Index '5' -> Name 'wlan0' 
04-09 16:20:09.724  2711  2724 I yani_kernel: yani_geteventfrom_changeaddr() Message-Id '1' Netlink event '16' Interface Index '9' -> Name 'usb0' 
04-09 16:20:09.725  2711  2724 I yani_kernel: yani_geteventfrom_changeaddr() Message-Id '1' Netlink event '16' Interface Index '9' -> Name 'usb0' 
04-09 16:20:09.726  2711  2724 I yani_kernel: yani_geteventfrom_changeaddr() Message-Id '1' Netlink event '20' Interface Index '9' -> Name 'usb0' 
04-09 16:20:09.727  2711  2724 I yani_kernel: yani_geteventfrom_changeaddr() Message-Id '1' Netlink event '16' Interface Index '9' -> Name 'usb0' 
04-09 16:20:09.728  2711  2724 I yani_kernel: yani_geteventfrom_changeaddr() Message-Id '1' Netlink event '21' Interface Index '9' -> Name 'usb0' 
04-09 16:20:09.729  2711  2724 I yani_kernel: yani_geteventfrom_changeaddr() Message-Id '1' Netlink event '20' Interface Index '9' -> Name 'usb0' 
04-09 16:20:09.730  2711  2724 I yani_kernel: yani_geteventfrom_changeaddr() Message-Id '1' Netlink event '16' Interface Index '9' -> Name 'usb0' 
04-09 16:20:09.851  2735  2814 I bt_core_module: module_start_up Started module "controller_module"
04-09 16:20:09.851  2735  2814 W bt_osi_thread: run_thread: thread id 2814, thread name module_wrapper exited
04-09 16:20:09.855  2735  2812 W bt_btm  : btm_decode_ext_features_page: feature page 1 ignored
04-09 16:20:09.855  2735  2812 W bt_btm  : btm_decode_ext_features_page: feature page 2 ignored
04-09 16:20:09.856  2735  2813 I bt_btm_sec: BTM_SecRegister p_cb_info->p_le_callback == 0x0xf6dd3b99
04-09 16:20:09.857  2735  2813 I bt_btm_sec: BTM_SecRegister btm_cb.api.p_le_callback = 0x0xf6dd3b99 
04-09 16:20:09.859  2735  2813 I bluetoothtbd: [0409/035009.859090:INFO:ble_advertiser_hci_interface.cc(736)] Legacy advertising will be in use
04-09 16:20:09.861  2735  2813 I bluetoothtbd: [0409/035009.861487:INFO:gatt_api.cc(1005)] GATT_Register
04-09 16:20:09.861  2735  2813 I bluetoothtbd: [0409/035009.861646:INFO:gatt_api.cc(1028)] allocated gatt_if=3
04-09 16:20:09.881  2735  2813 I bt_bta_av: AVRCP version used for sdp: "avrcp14"
04-09 16:20:09.885  2735  2765 E bt_btif_storage: btif_storage_get_adapter_property: Controller ready!
04-09 16:20:09.885  2735  2765 I bt_btif_storage: btif_storage_get_adapter_property service_mask:0x40000
04-09 16:20:09.886  2735  2765 I bluetoothtbd: [0409/035009.886365:INFO:adapter.cc(551)] Adapter properties changed
04-09 16:20:09.886  2735  2765 I bluetoothtbd: [0409/035009.886536:INFO:adapter.cc(564)] Adapter address changed: CC:90:93:21:F3:85
04-09 16:20:09.886  2735  2765 I bluetoothtbd: [0409/035009.886586:INFO:adapter.cc(573)] Adapter name changed
04-09 16:20:09.887  2735  2765 I bt_btif_core: btif_enable_bluetooth_evt entered: status 0
04-09 16:20:09.887  2735  2765 W bt_btif : btif_enable_bluetooth_evt: Saving the Adapter Address
04-09 16:20:09.887  2735  2765 I bluetoothtbd: [0409/035009.887456:INFO:adapter.cc(551)] Adapter properties changed
04-09 16:20:09.887  2735  2765 I bluetoothtbd: [0409/035009.887512:INFO:adapter.cc(564)] Adapter address changed: CC:90:93:21:F3:85
04-09 16:20:09.887  2735  2765 D bt_hci  : do_postload posting postload work item
04-09 16:20:09.891  2735  2855 I bt_osi_thread: run_thread: thread id 2855, thread name btif_sock started
04-09 16:20:09.896  2735  2765 D bt_bte_conf: Device ID record 1 : primary
04-09 16:20:09.896  2735  2765 D bt_bte_conf:   vendorId            = 000f
04-09 16:20:09.896  2735  2765 D bt_bte_conf:   vendorIdSource      = 0001
04-09 16:20:09.896  2735  2765 D bt_bte_conf:   product             = 1200
04-09 16:20:09.896  2735  2765 D bt_bte_conf:   version             = 1436
04-09 16:20:09.896  2735  2765 D bt_bte_conf:   clientExecutableURL = 
04-09 16:20:09.896  2735  2765 D bt_bte_conf:   serviceDescription  = 
04-09 16:20:09.896  2735  2765 D bt_bte_conf:   documentationURL    = 
04-09 16:20:09.896  2735  2765 D bt_bte_conf: bte_load_did_conf no section named DID2.
04-09 16:20:09.896  2735  2765 I bt_btif_core: btif_enable_bluetooth_evt finished
04-09 16:20:09.896  2735  2757 I bt_stack_manager: event_start_up_stack finished
04-09 16:20:09.897  2735  2765 I bluetoothtbd: [0409/035009.897205:INFO:adapter.cc(529)] Adapter state changed: BT_STATE_ON
04-09 16:20:10.034  2730  2730 I ServiceManager: Waiting for service media.player...
04-09 16:20:10.149  2711  2724 I yani_kernel: yani_geteventfrom_changeaddr() Message-Id '1' Netlink event '16' Interface Index '9' -> Name 'usb0' 
04-09 16:20:10.149  2732  2746 E CommandListener: Message not handled: unrecognized interface usb0
04-09 16:20:10.150  2732  2746 W FrameworkListener: Handler 'Iface' error (Success)
04-09 16:20:11.035  2730  2730 I ServiceManager: Waiting for service media.player...
04-09 16:20:11.050  2732  2745 E WifiUtil: command: "SCAN" failed: FAIL-BUSY
04-09 16:20:11.301  2732  2746 E CommandListener: Message not handled: unrecognized interface usb0
04-09 16:20:11.301  2732  2746 W FrameworkListener: Handler 'Iface' error (Success)
04-09 16:20:11.422  2711  2724 I yani_kernel: yani_geteventfrom_changeaddr() Message-Id '1' Netlink event '16' Interface Index '5' -> Name 'wlan0' 
04-09 16:20:11.431  2711  2724 I yani_server: NetLink Event '-1' Interface-Index '5' WLAN '-1' Ethernet '-1' Parsed-iFill '-1' -> 'INVALID' ifIndex '1' -> 'lo'
04-09 16:20:11.434  2711  2724 I yani_server: NetLink Event '-1' Interface-Index '5' WLAN '0' Ethernet '-1' Parsed-iFill '-1' -> 'INVALID' ifIndex '1' -> 'lo'
04-09 16:20:11.458  2711  2724 I chatty  : uid=0(root) YaniServer identical 40 lines
04-09 16:20:11.459  2711  2724 I yani_server: NetLink Event '-1' Interface-Index '5' WLAN '0' Ethernet '-1' Parsed-iFill '-1' -> 'INVALID' ifIndex '1' -> 'lo'
04-09 16:20:11.459  2711  2724 I yani_kernel: yani_geteventfrom_changeaddr() Message-Id '1' Netlink event '16' Interface Index '5' -> Name 'wlan0' 
04-09 16:20:11.932  2713  2713 I SourceSwitch: SourceSwitch() Host 1 initialized...
04-09 16:20:12.035  2730  2730 I ServiceManager: Waiting for service media.player...
04-09 16:20:12.243  2788  2788 I dnsmasq : DHCPDISCOVER(usb0) 0a:98:fe:71:47:76 
04-09 16:20:12.243  2788  2788 I dnsmasq : DHCPOFFER(usb0) 192.168.10.9 0a:98:fe:71:47:76 
04-09 16:20:12.243  2788  2788 I dnsmasq : DHCPDISCOVER(usb0) 0a:98:fe:71:47:76 
04-09 16:20:12.243  2788  2788 I dnsmasq : DHCPOFFER(usb0) 192.168.10.9 0a:98:fe:71:47:76 
04-09 16:20:12.247  2788  2788 I dnsmasq : DHCPREQUEST(usb0) 192.168.10.9 0a:98:fe:71:47:76 
04-09 16:20:12.247  2788  2788 I dnsmasq : DHCPACK(usb0) 192.168.10.9 0a:98:fe:71:47:76 
04-09 16:20:12.249  2788  2788 I dnsmasq : DHCPREQUEST(usb0) 192.168.10.9 0a:98:fe:71:47:76 
04-09 16:20:12.249  2788  2788 I dnsmasq : DHCPACK(usb0) 192.168.10.9 0a:98:fe:71:47:76 
04-09 16:20:12.903  2735  2765 E bt_osi_config: config_save unable to open dir '/data/misc/bluedroid': No such file or directory
04-09 16:20:13.036  2730  2730 I ServiceManager: Waiting for service media.player...
04-09 16:20:13.052  2711  2724 I yani_server: NetLink Event '-1' Interface-Index '5' WLAN '-1' Ethernet '-1' Parsed-iFill '-1' -> 'INVALID' ifIndex '1' -> 'lo'
04-09 16:20:13.979  2691  2691 I sh      : btaudioplayer: not found
04-09 16:20:14.039  2691  2691 I sh      : *** play mode control constructor end 
04-09 16:20:14.039  2730  2730 E BrowseModeControl: Read env failed
04-09 16:20:14.039  2730  2730 I UIModeManager: RegisterModeControl Mode - BrowseMode ModeControl - 0xab429830
04-09 16:20:14.039  2730  2730 E DefaultBrowser: m_ItemsCount = 7 
04-09 16:20:14.040  2730  2730 E SDCardBrowser: SDCARD Browser constructor mounting vfat first
04-09 16:20:14.041  2730  2730 E SDCardBrowser: 3 GOTOP  Sytem return value = -1
04-09 16:20:14.041  2730  2730 E SDCardBrowser: mounting vfat failed, try ntfs, return value = -1
04-09 16:20:14.043  2730  2730 I ServiceManager: Waiting for service media.player...
04-09 16:20:14.062  2691  2691 I sh      : /dev/block/sd*: No such file or directory
