04-09 15:39:16.925  3082  3082 I cast_shell: [3085:3085:INFO:ccs_manager_impl.cc(1496)] Registering device with CCS: message_id = 8ed42795-9ef8-49f1-bb1e-52813f65b55c
04-09 15:39:16.925  3082  3082 I cast_shell: [3085:3085:INFO:ccs_manager_impl.cc(1497)] [PII] device_id = 1FC95B92FE103D77AED1DCCC0AF3D118
04-09 15:39:16.925  3082  3082 I cast_shell: [3085:3085:INFO:application_identification_settings.cc(410)] new ApplicationIdentificationSettings session_id: 750d4f9a-898a-4ffb-a5bb-d15bb9969e3a app_id: 38579375 flags: 7 headers: 512
04-09 15:39:16.925  3082  3082 I cast_shell: [3085:3085:INFO:robot_account_auth_manager.cc(470)] Successfully initialized JWT for 38579375
04-09 15:39:16.925  3082  3082 I cast_shell: [3085:3085:INFO:config_downloader.cc(900)] Clearing local config cache
04-09 15:39:16.929  3082  3082 I cast_shell: [3085:3085:INFO:metrics_recorder.cc(282)] Record action: Cast.DCS.DownloadSuccess
04-09 15:39:16.929  3082  3082 I cast_shell: [3085:3085:INFO:key_exchange_namespace_handler.cc(178)] Changing key_exchange_support capability
04-09 15:39:16.930  2953  3162 I LibreCastControlDelegate: OnCastStatus() +++ AAA speaker:0xab204198:NOT_SETUP
04-09 15:39:16.930  2953  3162 I LibreCastControlDelegate: Device Build Number -> '1.52.272222'
04-09 15:39:16.930  2953  3162 I librecast: updateCastBuildVersion() Version 1.52.272222
04-09 15:39:16.931  2711  2718 I lucitransport: readRemoteMessage() MID char = 7 buffer = 1.52.272222
04-09 15:39:16.931  2953  3162 I LibreCastControlDelegate: Active Applications -> 0
04-09 15:39:16.931  2953  3162 I LibreCastControlDelegate: Current Cast State '2' -> 'NOT_SETUP'
04-09 15:39:16.931  2953  3162 I LibreCastControlDelegate: OnCastStatus() ---
04-09 15:39:16.934  3082  3082 I cast_shell: [3085:3085:INFO:mdns_util.cc(102)] Defaulting mDNS capabilities for audio-only build
04-09 15:39:16.934  3082  3082 I cast_shell: [3085:3085:INFO:chromecast_service.cc(2229)] AoGH feature is: 0
04-09 15:39:16.934  3082  3082 I cast_shell: [3085:3085:INFO:chromecast_service.cc(2189)] Geolocation changed to: 0
04-09 15:39:16.934  3082  3082 I cast_shell: [3085:3085:INFO:lycra_transport.cc(301)] Feature flag changed: false
04-09 15:39:16.934  3082  3082 I cast_shell: [3085:3134:INFO:mdns_util.cc(102)] Defaulting mDNS capabilities for audio-only build
04-09 15:39:16.934  3082  3082 I cast_shell: [3085:3085:INFO:chromecast_service.cc(2248)] Playback disruption feature is: 1
04-09 15:39:16.934  3082  3082 I cast_shell: [3085:3085:INFO:playback_disruption_service.cc(328)] Playback disruption service enabled and running
04-09 15:39:16.934  3082  3082 I cast_shell: [3085:3085:INFO:ccs_manager_impl.cc(864)] Re-registering single CCS device
04-09 15:39:16.934  3082  3082 I cast_shell: [3085:3085:WARNING:ccs_manager_impl.cc(1566)] Device does not have a weave device id
04-09 15:39:16.934  3082  3082 I cast_shell: [3085:3085:INFO:mdns_util.cc(102)] Defaulting mDNS capabilities for audio-only build
04-09 15:39:16.934  3082  3082 I cast_shell: [3085:3085:INFO:mdns_util.cc(102)] Defaulting mDNS capabilities for audio-only build
04-09 15:39:16.962  3082  3082 I cast_shell: [3085:3085:INFO:metrics_recorder.cc(282)] cast event: Cloud.Transport.Https.Register.Out
04-09 15:39:16.966  3082  3082 I cast_shell: [3085:3085:INFO:application_identification_settings.cc(1331)] CreateJwt completed; running all done signing callbacks.
04-09 15:39:16.966  3082  3082 I cast_shell: [3085:3085:INFO:robot_account_auth_manager.cc(496)] JWT expiry in 3600 seconds
04-09 15:39:16.966  3082  3082 I cast_shell: [3085:3085:INFO:robot_account_auth_manager.cc(384)] Sending oauth request for client_id: 0
04-09 15:39:16.966  3082  3082 I cast_shell: [3085:3085:INFO:metrics_recorder.cc(282)] cast event: Cast.Assistant.Auth.FetchToken
04-09 15:39:16.966  3082  3082 I cast_shell: [3085:3085:INFO:metrics_recorder.cc(282)] cast event: Cloud.Transport.Https.Register.Out
04-09 15:39:16.966  3082  3082 I cast_shell: [3085:3281:INFO:chromium_http_connection.cc(436)] Creating a new chromium http url loader factory
04-09 15:39:17.139  2952  2963 D wac-main: Netlink event
04-09 15:39:17.139  2952  2963 E wac-main: Netlink event 16 Interface Index 5 
04-09 15:39:17.139  2952  2963 E wac-main: Enter poll and wait
04-09 15:39:17.139  2952  2963 D wac-main: Netlink event
04-09 15:39:17.139  2952  2963 E wac-main: Netlink event 16 Interface Index 5 
04-09 15:39:17.139  2952  2963 E wac-main: Enter poll and wait
04-09 15:39:17.146  2710  2722 I yani_server: NetLink Event '-1' Interface-Index '5' WLAN '0' Ethernet '-1' Parsed-iFill '-1' -> 'INVALID' ifIndex '1' -> 'lo'
04-09 15:39:17.149  2710  2722 I chatty  : uid=0(root) YaniServer identical 2 lines
04-09 15:39:17.152  2710  2722 I yani_server: NetLink Event '-1' Interface-Index '5' WLAN '0' Ethernet '-1' Parsed-iFill '-1' -> 'INVALID' ifIndex '1' -> 'lo'
04-09 15:39:17.153  2953  3162 I LibreCastControlDelegate: OnCastStatus() +++ AAA speaker:0xab204198:NOT_SETUP
04-09 15:39:17.153  2953  3162 I LibreCastControlDelegate: Device Build Number -> '1.52.272222'
04-09 15:39:17.153  2953  3162 I librecast: updateCastBuildVersion() Version 1.52.272222
04-09 15:39:17.154  2711  2718 I lucitransport: readRemoteMessage() MID char = 7 buffer = 1.52.272222
04-09 15:39:17.154  2953  3162 I LibreCastControlDelegate: Active Applications -> 0
04-09 15:39:17.154  2953  3162 I LibreCastControlDelegate: Current Cast State '2' -> 'NOT_SETUP'
04-09 15:39:17.154  2953  3162 I LibreCastControlDelegate: OnCastStatus() ---
04-09 15:39:17.154  2710  2722 I yani_server: NetLink Event '-1' Interface-Index '5' WLAN '0' Ethernet '-1' Parsed-iFill '-1' -> 'INVALID' ifIndex '1' -> 'lo'
04-09 15:39:17.156  2710  2722 I chatty  : uid=0(root) YaniServer identical 2 lines
04-09 15:39:17.156  2710  2722 I yani_server: NetLink Event '-1' Interface-Index '5' WLAN '0' Ethernet '-1' Parsed-iFill '-1' -> 'INVALID' ifIndex '1' -> 'lo'
04-09 15:39:17.157  2710  2722 I yani_kernel: yani_geteventfrom_changeaddr() Message-Id '1' Netlink event '16' Interface Index '5' -> Name 'wlan0' 
04-09 15:39:17.158  2710  2722 I yani_kernel: yani_geteventfrom_changeaddr() Message-Id '1' Netlink event '16' Interface Index '5' -> Name 'wlan0' 
04-09 15:39:17.431  3082  3082 I cast_shell: [3085:3124:INFO:metrics_recorder.cc(282)] Record action: Setup.state.BLE
04-09 15:39:17.666  3082  3082 I cast_shell: [3085:3085:INFO:robot_account_auth_manager.cc(525)] Got CAS response: 200
04-09 15:39:17.666  3082  3082 I cast_shell: [3085:3085:INFO:metrics_recorder.cc(282)] cast event: Cast.Assistant.AuthError.NOT_LINKED
04-09 15:39:17.666  3082  3082 I cast_shell: [3085:3085:INFO:robot_account_auth_manager.cc(776)] Current error: TOKEN_NOT_FETCHED, new error: NOT_LINKED
04-09 15:39:17.666  3082  3082 I cast_shell: [3085:3085:INFO:user_auth_impl.cc(207)] Notified all the observers of new auth tokens.
04-09 15:39:17.682  2959  2989 I otamanager: OTA:curl response code : 0	
04-09 15:39:17.682  2959  2989 I otamanager: http status code : 200
04-09 15:39:17.682  2959  2989 I otamanager: OTA: contentLen :187.000000
04-09 15:39:17.690  2959  2989 I otamanager: OTA: bytesDownloaded = 187 m_iHttpStatusCode = 200 
04-09 15:39:17.695  2691  2691 I sh      : {
04-09 15:39:17.695  2959  2989 E otamanager: OTA:error string =  No update available
04-09 15:39:17.695  2691  2691 I sh      : 	"castVersion" : null,
04-09 15:39:17.695  2691  2691 I sh      : 	"crc" : null,
04-09 15:39:17.695  2691  2691 I sh      : 	"errorCode" : 1001,
04-09 15:39:17.695  2691  2691 I sh      : 	"errorString" : "No update available",
04-09 15:39:17.695  2691  2691 I sh      : 	"forceUpgrade" : true,
04-09 15:39:17.695  2691  2691 I sh      : 	"mcuOnlyUpdate" : false,
04-09 15:39:17.695  2711  2718 I lucitransport: writeRemoteMessage() MID = 223 buffer = NO_UPDATE
04-09 15:39:17.695  2711  2718 I luciUART: write() MID = 223  bytes = 19 data = NO_UPDATE m_fd = 0x6
04-09 15:39:17.695  2959  2989 I otamanager: Firmware Update State Change from CheckUpdate to Idle
04-09 15:39:17.696  3085  3149 E         : OOBE CheckUpdate
04-09 15:39:17.702  3082  3082 I cast_shell: [system_updater_dummy.cpp(132)] CheckUpdate 132 no new version
04-09 15:39:17.702  3082  3082 I cast_shell: [3085:3149:INFO:update_engine_client_with_system_updater.cc(226)] No system force update, error_code=0
04-09 15:39:17.702  3082  3082 I cast_shell: [3085:3149:INFO:update_engine_client_with_system_updater.cc(167)] Checking system force update.
04-09 15:39:17.702  3082  3082 I cast_shell: [system_updater_dummy.cpp(109)] CheckUpdate
04-09 15:39:17.702  3082  3082 I cast_shell: [system_updater_dummy.cpp(148)] CheckUpdate 148 return
04-09 15:39:17.702  3082  3082 I chatty  : uid=1000(chrome) /bin/logwrapper identical 1 line
04-09 15:39:17.702  3082  3082 I cast_shell: [system_updater_dummy.cpp(148)] CheckUpdate 148 return
04-09 15:39:17.702  2959  2989 I otamanager: cast_updater_threadEntry() Response 'CheckUpdate' Current Firmware Update state 'Idle'
04-09 15:39:17.702  2959  2989 I otamanager: checkUpdate_l
04-09 15:39:17.702  2959  2989 I otamanager: Firmware Update State Change from Idle to CheckUpdate
04-09 15:39:17.702  2711  2718 I lucitransport: readRemoteMessage() MID char = 232 buffer = TRUE
04-09 15:39:17.702  2959  2989 E otamanager: lo not valid Interface for MAC ID
04-09 15:39:17.703  2959  2989 D otamanager: OTA: wlan IP = 192.168.1.145
04-09 15:39:17.703  2959  2989 I otamanager: OTA:checkIP mac = cc909321f384  IP = 192.168.1.145 
04-09 15:39:17.705  2959  2989 I otamanager: DownloadHttpContent firmware version = eng.C4A.1203
04-09 15:39:17.708  2711  2718 I lucitransport: readRemoteMessage() MID char = 6 buffer = 1001
04-09 15:39:17.708  2711  2711 I lucitransport: readRemoteMessage() MID char = 7 buffer = 1.52.272222
04-09 15:39:17.709  2959  2989 I otamanager: OTA: DownloadHttpContent :payload =  {"device":{"brand":"COTODAMA","castVersion":"1.52.272222","deviceId":"cc909321f384","deviceType":"LS10_C4A","fwVersion":"1203","googleCast":true,"mcuVersion":"1001","model":"LSB"}}
04-09 15:39:17.709  2959  2989 I otamanager:  
04-09 15:39:17.709  2959  2989 I otamanager: OTA:------curlDownloadFirmwareXml---
04-09 15:39:17.709  2959  2989 I otamanager: OTA:isValidIpAddress: result 0
04-09 15:39:17.869  2959  2989 I otamanager: OTA:ResolveDNSName IP = 34.227.250.11
04-09 15:39:17.869  2959  2989 I otamanager: OTA:hostIp string: https://34.227.250.11/v1
04-09 15:39:17.869  2959  2989 I otamanager: OTA: trying after 2 sec 
04-09 15:39:18.466  3082  3082 I cast_shell: [3085:3124:INFO:metrics_recorder.cc(282)] Record action: Setup.state.BLE
04-09 15:39:18.729  3082  3082 I cast_shell: [system_updater_dummy.cpp(139)] CheckUpdate 139
04-09 15:39:18.729  3082  3082 I cast_shell: [system_updater_dummy.cpp(148)] CheckUpdate 148 return
04-09 15:39:18.944  3082  3082 I cast_shell: [3085:3134:INFO:mdns_app_filter.cc(1526)] MdnsAppFilter: Done announcing.
04-09 15:39:19.027  3082  3082 I cast_shell: [3085:3135:INFO:metrics_recorder.cc(282)] Cast v2 action(socket_id=3c434f4a-f7a0-4b30-37f9-046bc0a62436.3): CastV2.Connection.Connect.In
04-09 15:39:19.028  3082  3082 I cast_shell: [3085:3085:INFO:application_config_manager_impl.cc(637)] Virtual device not enabled: [PII](3c434f4a-f7a0-4b30-37f9-046bc0a62436)
04-09 15:39:19.028  3082  3082 I cast_shell: [3085:3085:WARNING:application_config_manager_impl.cc(424)] App is not supported: id=CC1AD845
04-09 15:39:19.030  3082  3082 I cast_shell: [3085:3124:INFO:setup_namespace_handler.cc(94)] Added a peer for setup namespace: 3c434f4a-f7a0-4b30-37f9-046bc0a62436.3:gms_cast_prober-1
04-09 15:39:19.030  3082  3082 I cast_shell: [3085:3124:INFO:setup_state.cc(544)] EurekaInfoCalled: wifi_state=10, is_usable_ip_address=1, connected=1, is_initial_setup=0
04-09 15:39:19.041  3082  3082 I cast_shell: [3085:3085:INFO:mdns_util.cc(102)] Defaulting mDNS capabilities for audio-only build
04-09 15:39:19.041  3082  3082 I cast_shell: [3085:3085:INFO:mdns_util.cc(102)] Defaulting mDNS capabilities for audio-only build
04-09 15:39:19.235  3082  3082 I cast_shell: [3085:3124:INFO:setup_namespace_handler.cc(104)] Removed a peer for setup namespace: 3c434f4a-f7a0-4b30-37f9-046bc0a62436.3:gms_cast_prober-1
04-09 15:39:19.236  3082  3082 I cast_shell: [3085:3135:INFO:v2_ssl_socket.cc(358)] Stop reading on pending closed socket
04-09 15:39:19.460  2959  2989 I otamanager: OTA:curl response code : 0	
04-09 15:39:19.460  2959  2989 I otamanager: http status code : 200
04-09 15:39:19.460  2959  2989 I otamanager: OTA: contentLen :187.000000
04-09 15:39:19.470  2959  2989 I otamanager: OTA: bytesDownloaded = 187 m_iHttpStatusCode = 200 
04-09 15:39:19.471  2691  2691 I sh      : }{
04-09 15:39:19.471  2959  2989 E otamanager: OTA:error string =  No update available
04-09 15:39:19.471  2691  2691 I sh      : 	"castVersion" : null,
04-09 15:39:19.471  2691  2691 I sh      : 	"crc" : null,
04-09 15:39:19.471  2691  2691 I sh      : 	"errorCode" : 1001,
04-09 15:39:19.471  2691  2691 I sh      : 	"errorString" : "No update available",
04-09 15:39:19.471  2691  2691 I sh      : 	"forceUpgrade" : true,
04-09 15:39:19.471  2691  2691 I sh      : 	"mcuOnlyUpdate" : false,
04-09 15:39:19.471  2691  2691 I sh      : 	"otapackage" : null,
04-09 15:39:19.471  2691  2691 I sh      : 	"url" : null,
04-09 15:39:19.471  2959  2989 I otamanager: Firmware Update State Change from CheckUpdate to Idle
04-09 15:39:12.124  2732  2742 I chatty  : uid=0(root) /bin/net_mgr identical 2 lines
04-09 15:39:12.214  2732  2742 I NetworkMonitor: turn off power-save
04-09 15:39:19.473  2732  2742 I HotspotManager: hotspot stop
04-09 15:39:19.473  2732  2742 I HotspotManager: stop dnsmasq
04-09 15:39:19.474  3167  3167 I dnsmasq : exiting on receipt of SIGTERM
04-09 15:39:19.476  3082  3082 I cast_shell: [system_updater_dummy.cpp(132)] CheckUpdate 132 no new version
04-09 15:39:19.476  3082  3082 I cast_shell: [3085:3149:INFO:update_engine_client_with_system_updater.cc(226)] No system force update, error_code=0
04-09 15:39:19.477  3082  3082 I cast_shell: [3085:3124:INFO:setup_state.cc(261)] Setup state changed: SETUP_STATE_CONNECTED_WIFI_NOT_SAVED (61) -> SETUP_STATE_CONNECTED (60)
04-09 15:39:19.477  3082  3082 I cast_shell: [3085:3124:INFO:setup_manager_impl.cc(1019)] Setup discoverability is disabled
04-09 15:39:19.477  3082  3082 I cast_shell: [3085:3124:INFO:ble_setup_manager.cc(758)] Clearing setup read attributes
04-09 15:39:19.477  3082  3082 I cast_shell: [3085:3124:INFO:gatt_client_manager_impl.cc(202)] Enabling GATT client connectability
04-09 15:39:19.490  3082  3082 I cast_shell: [3085:3124:INFO:gatt_client_manager_impl.cc(202)] Enabling GATT client connectability
04-09 15:39:19.490  3082  3082 I cast_shell: [3085:3085:INFO:ble_discovery_controller.cc(121)] Starting BLE discovery
04-09 15:39:19.491  3082  3082 I cast_shell: [3085:3124:INFO:gatt_client_manager_impl.cc(202)] Enabling GATT client connectability
04-09 15:39:19.491  3082  3082 I cast_shell: [3085:3124:INFO:gatt_client_manager_impl.cc(202)] Enabling GATT client connectability
04-09 15:39:19.491  3082  3082 I cast_shell: [3085:3085:INFO:cast_receiver_impl.cc(1100)] Leaving discovery-only mode
04-09 15:39:19.491  3082  3082 I cast_shell: [3085:3085:INFO:application_config_manager_impl.cc(566)] Enabling virtual device 3c434f4a-f7a0-4b30-37f9-046bc0a62436
04-09 15:39:19.491  3082  3082 I cast_shell: [3085:3124:INFO:ble_setup_manager.cc(744)] Started Bluetooth service
04-09 15:39:19.492  3082  3082 I cast_shell: [3085:3124:INFO:gatt_client_manager_impl.cc(202)] Enabling GATT client connectability
04-09 15:39:19.492  3082  3082 I cast_shell: [3085:3134:INFO:mdns_cast_service.cc(351)] Device discovery state is idle
04-09 15:39:19.492  3082  3082 I cast_shell: [3085:3134:INFO:mdns_util.cc(102)] Defaulting mDNS capabilities for audio-only build
04-09 15:39:19.493  2953  3162 I LibreCastControlDelegate: OnCastStatus() +++ AAA speaker:0xab204198:READY_TO_CAST
04-09 15:39:19.494  2953  3162 I LibreCastControlDelegate: Cast Device Name -> 'AAA speaker'
04-09 15:39:19.495  2711  2720 E LUCI_SERVER: Luci Server Thread wait over MID 90....
04-09 15:39:19.499  2953  3162 I LibreCastControlDelegate: Device Build Number -> '1.52.272222'
04-09 15:39:19.499  2953  3162 I librecast: updateCastBuildVersion() Version 1.52.272222
04-09 15:39:19.499  2711  2711 I lucitransport: readRemoteMessage() MID char = 7 buffer = 1.52.272222
04-09 15:39:19.500  2953  3162 I LibreCastControlDelegate: Active Applications -> 0
04-09 15:39:19.500  2953  3162 I LibreCastControlDelegate: Current Cast State '6' -> 'READY_TO_CAST'
04-09 15:39:19.500  2953  3162 I LibreCastControlDelegate: OnCastStatus() ---
04-09 15:39:19.501  3082  3082 I cast_shell: [3085:3124:INFO:metrics_recorder.cc(282)] Record action: Setup.state.BLE
04-09 15:39:19.503  2953  3162 I LibreCastControlDelegate: OnResponse() ReqeustID 6, error  0
04-09 15:39:19.506  2734  2764 I bluetoothtbd: [0409/030919.506254:INFO:adapter.cc(551)] Adapter properties changed
04-09 15:39:19.506  2734  2764 I bluetoothtbd: [0409/030919.506411:INFO:adapter.cc(573)] Adapter name changed
04-09 15:39:19.506  3082  3082 I cast_shell: [3085:3124:INFO:bluetooth_manager.cc(1232)] [PII] Set device name to 'AAA speaker'
04-09 15:39:19.509  3082  3082 I cast_shell: [3085:3085:INFO:device_info_impl.cc(1133)] SSDP Config ID is increased: id=6
04-09 15:39:19.517  2953  3162 I LibreCastControlDelegate: OnCastStatus() +++ AAA speaker:0xab204198:READY_TO_CAST
04-09 15:39:19.517  3082  3082 I cast_shell: [3085:3085:INFO:ccs_manager_impl.cc(1842)] Postponing device name update while registering
04-09 15:39:19.517  3082  3082 I cast_shell: [3085:3134:INFO:mdns_util.cc(102)] Defaulting mDNS capabilities for audio-only build
04-09 15:39:19.517  3082  3082 I cast_shell: [3085:3085:INFO:mdns_manager_impl.cc(429)] Successfully updated service: type=_googlecast
04-09 15:39:19.517  3082  3082 I cast_shell: [3085:3085:INFO:virtual_device.cc(296)] Updated mDNS service for virtual device: id=3c434f4a-f7a0-4b30-37f9-046bc0a62436
04-09 15:39:19.518  2953  3162 I LibreCastControlDelegate: Cast Device Name -> 'AAA speaker'
04-09 15:39:19.518  2953  3162 I librecast: OldFriendlyName '' & New name change By Cast 'AAA speaker' isfirstbootup 56 m_updatedonebyluci 95
04-09 15:39:19.518  2953  3162 I librecast:  Difference in FriendlyName notify all  
04-09 15:39:19.518  2953  3162 I LibreCastControl: LibreCastControl_SetCastName()  name 'AAA speaker' RequestId '7' pCastControl 0xf4900728
04-09 15:39:19.518  2711  2718 I lucitransport: writeRemoteMessage() MID = 90 buffer = AAA speaker
04-09 15:39:19.518  2711  2718 I luciUART: write() MID = 90  bytes = 21 data = AAA speaker m_fd = 0x6
04-09 15:39:19.519  2711  2718 I lucitransport: writeLocalMessage() MID = 90 buffer = AAA speaker
04-09 15:39:19.519  2953  3162 I LibreCastControlDelegate: Device Build Number -> '1.52.272222'
04-09 15:39:19.519  2953  3162 I librecast: updateCastBuildVersion() Version 1.52.272222
04-09 15:39:19.519  2711  2718 I lucitransport: readRemoteMessage() MID char = 7 buffer = 1.52.272222
04-09 15:39:19.519  2953  3162 I LibreCastControlDelegate: Active Applications -> 0
04-09 15:39:19.521  2734  2764 I bluetoothtbd: [0409/030919.521459:INFO:adapter.cc(551)] Adapter properties changed
04-09 15:39:19.521  2734  2764 I bluetoothtbd: [0409/030919.521617:INFO:adapter.cc(573)] Adapter name changed
04-09 15:39:19.522  2953  3162 I LibreCastControlDelegate: OnResponse() ReqeustID 7, error  0
04-09 15:39:19.523  3082  3082 I cast_shell: [3085:3124:INFO:bluetooth_manager.cc(1232)] [PII] Set device name to 'AAA speaker'
04-09 15:39:19.529  3082  3082 I cast_shell: [3085:3085:INFO:device_info_impl.cc(1133)] SSDP Config ID is increased: id=7
04-09 15:39:19.529  3082  3082 I cast_shell: [3085:3085:INFO:ccs_manager_impl.cc(1842)] Postponing device name update while registering
04-09 15:39:19.530  3082  3082 I cast_shell: [3085:3134:INFO:mdns_util.cc(102)] Defaulting mDNS capabilities for audio-only build
04-09 15:39:19.530  3082  3082 I cast_shell: [3085:3085:INFO:mdns_manager_impl.cc(429)] Successfully updated service: type=_googlecast
04-09 15:39:19.530  3082  3082 I cast_shell: [3085:3085:INFO:virtual_device.cc(296)] Updated mDNS service for virtual device: id=3c434f4a-f7a0-4b30-37f9-046bc0a62436
04-09 15:39:19.531  2953  3162 I LibreCastControlDelegate: OnCastStatus() +++ AAA speaker:0xab204198:READY_TO_CAST
04-09 15:39:19.532  2953  3162 I LibreCastControlDelegate: Cast Device Name -> 'AAA speaker'
04-09 15:39:19.532  2953  3162 I librecast: OldFriendlyName '' & New name change By Cast 'AAA speaker' isfirstbootup 56 m_updatedonebyluci 95
04-09 15:39:19.532  2953  3162 I librecast:  Difference in FriendlyName notify all  
04-09 15:39:19.532  2953  3162 I LibreCastControl: LibreCastControl_SetCastName()  name 'AAA speaker' RequestId '8' pCastControl 0xf4900728
04-09 15:39:19.532  2711  2718 I lucitransport: writeRemoteMessage() MID = 90 buffer = AAA speaker
04-09 15:39:19.532  2711  2718 I luciUART: write() MID = 90  bytes = 21 data = AAA speaker m_fd = 0x6
04-09 15:39:19.533  2711  2718 I lucitransport: writeLocalMessage() MID = 90 buffer = AAA speaker
04-09 15:39:19.533  2953  3162 I LibreCastControlDelegate: Device Build Number -> '1.52.272222'
04-09 15:39:19.533  2953  3162 I librecast: updateCastBuildVersion() Version 1.52.272222
04-09 15:39:19.533  2711  2718 I lucitransport: readRemoteMessage() MID char = 7 buffer = 1.52.272222
04-09 15:39:19.533  2953  3162 I LibreCastControlDelegate: Active Applications -> 0
04-09 15:39:19.533  2953  3162 I LibreCastControlDelegate: Current Cast State '6' -> 'READY_TO_CAST'
04-09 15:39:19.533  2953  3162 I LibreCastControlDelegate: OnCastStatus() ---
04-09 15:39:19.535  2734  2764 I bluetoothtbd: [0409/030919.535773:INFO:adapter.cc(551)] Adapter properties changed
04-09 15:39:19.535  2734  2764 I bluetoothtbd: [0409/030919.535926:INFO:adapter.cc(573)] Adapter name changed
04-09 15:39:19.536  2691  2691 I sh      : MessageBoxAlert() MID 90 
04-09 15:39:19.536  2691  2691 I sh      : MessageBoxChanged() MID '90'
04-09 15:39:19.537  2953  3162 I LibreCastControlDelegate: OnResponse() ReqeustID 8, error  0
04-09 15:39:19.537  2955  2988 I airplayluci: MessageBoxAlert: MID 90
04-09 15:39:19.537  2953  3025 I librecast: MessageBoxAlert() Msg = 90 remoteID = 16 
04-09 15:39:19.537  3082  3082 I cast_shell: [3085:3124:INFO:bluetooth_manager.cc(1232)] [PII] Set device name to 'AAA speaker'
04-09 15:39:19.537  2711  2720 I lucitransport: readRemoteMessage() MID char = 90 buffer = AAA speaker
04-09 15:39:19.538  2955  3497 I airplay_v2_0_6: 2022-04-09 15:39:19.538066 [AirPlay] Deregistered Bonjour _airplay._tcp. for restart
04-09 15:39:19.551  2734  2764 I bluetoothtbd: [0409/030919.550944:INFO:adapter.cc(551)] Adapter properties changed
04-09 15:39:19.551  2734  2764 I bluetoothtbd: [0409/030919.551068:INFO:adapter.cc(573)] Adapter name changed
04-09 15:39:19.551  3082  3082 I cast_shell: [3085:3124:INFO:bluetooth_manager.cc(1232)] [PII] Set device name to 'AAA speaker'
04-09 15:39:19.551  3082  3082 I cast_shell: [3085:3085:INFO:device_info_impl.cc(1133)] SSDP Config ID is increased: id=9
04-09 15:39:19.552  3082  3082 I cast_shell: [3085:3085:INFO:ccs_manager_impl.cc(1842)] Postponing device name update while registering
04-09 15:39:19.552  3082  3082 I cast_shell: [3085:3134:INFO:mdns_util.cc(102)] Defaulting mDNS capabilities for audio-only build
04-09 15:39:19.552  3082  3082 I cast_shell: [3085:3085:INFO:mdns_manager_impl.cc(429)] Successfully updated service: type=_googlecast
04-09 15:39:19.553  3082  3082 I cast_shell: [3085:3085:INFO:virtual_device.cc(296)] Updated mDNS service for virtual device: id=3c434f4a-f7a0-4b30-37f9-046bc0a62436
04-09 15:39:19.553  2953  3162 I LibreCastControlDelegate: Cast Device Name -> 'AAA speaker'
04-09 15:39:19.574  2952  2963 D wac-main: Netlink event
04-09 15:39:19.574  2952  2963 E wac-main: Netlink event 21 Interface Index 6 
04-09 15:39:19.574  2952  2963 E wac-main: Enter poll and wait
04-09 15:39:19.575  2710  2722 I yani_kernel: yani_geteventfrom_changeaddr() Message-Id '1' Netlink event '21' Interface Index '6' -> Name 'p2p0' 
04-09 15:39:19.577  2787  2787 I dnsmasq : reading /etc/resolv.conf
04-09 15:39:19.577  2787  2787 I dnsmasq : using nameserver 8.8.4.4#53
04-09 15:39:19.577  2787  2787 I dnsmasq : using nameserver 192.168.1.1#53
04-09 15:39:19.577  2787  2787 I dnsmasq : using nameserver 192.168.50.1#53
04-09 15:39:19.577  2787  2787 I dnsmasq : using nameserver 8.8.8.8#53
04-09 15:39:19.579  2732  2742 I HotspotManager: stop hostapd
04-09 15:39:19.581  2955  2988 I airplayluci: MessageBoxAlert: MID 90
04-09 15:39:19.582  2953  3025 I librecast: MessageBoxAlert() Msg = 90 remoteID = 16 
04-09 15:39:19.582  2711  2720 I lucitransport: readRemoteMessage() MID char = 90 buffer = AAA speaker
04-09 15:39:19.582  2953  3025 I LibreCastControl: LibreCastControl_SetCastName()  name 'AAA speaker' RequestId '10' pCastControl 0xf4900728
04-09 15:39:19.582  2953  3025 E librecast: MessageBoxAlert() friendlyname AAA speaker
04-09 15:39:19.582  2953  3025 I LibreCastControl: MessageBoxAlert() messageBoxID 90
04-09 15:39:19.582  2956  2984 E Spotify-Player: Change Spotify Device name
04-09 15:39:19.599  2953  3162 I LibreCastControlDelegate: Cast Device Name -> 'AAA speaker'
04-09 15:39:19.599  2953  3162 I librecast: OldFriendlyName 'AAA speaker' & New name change By Cast 'AAA speaker' isfirstbootup 56 m_updatedonebyluci 0
04-09 15:39:19.599  2953  3162 I LibreCastControlDelegate: Device Build Number -> '1.52.272222'
04-09 15:39:19.599  2953  3162 I librecast: updateCastBuildVersion() Version 1.52.272222
04-09 15:39:19.601  2711  2719 E luciUART: UART:aa
04-09 15:39:19.601  2711  2719 E luciUART: UART:aa
04-09 15:39:19.601  2711  2711 I lucitransport: readRemoteMessage() MID char = 7 buffer = 1.52.272222
04-09 15:39:19.602  2953  3162 I LibreCastControlDelegate: Active Applications -> 0
04-09 15:39:19.602  2953  3162 I LibreCastControlDelegate: Current Cast State '6' -> 'READY_TO_CAST'
04-09 15:39:19.602  2953  3162 I LibreCastControlDelegate: OnCastStatus() ---
04-09 15:39:19.602  2711  2719 E luciUART: UART:2
04-09 15:39:19.602  2711  2719 E luciUART: UART:0
04-09 15:39:19.603  2711  2719 E luciUART: UART:69
04-09 15:39:19.603  2711  2719 I luciUART: Previous Packet read contd., 
04-09 15:39:19.603  2711  2719 E luciUART: UART:64
04-09 15:39:19.605  2956  2986 E SPOTIFY : Device Name change new name = AAA speaker
04-09 15:39:19.605  2956  2986 E SPOTIFY : err = 0 
04-09 15:39:19.627  2691  2691 I sh      : MessageBoxAlert() MID 90 
04-09 15:39:19.627  2691  2691 I sh      : MessageBoxChanged() MID '90'
04-09 15:39:19.627  2955  2988 I airplayluci: MessageBoxAlert: MID 90
04-09 15:39:19.628  2953  3025 I librecast: MessageBoxAlert() Msg = 90 remoteID = 16 
04-09 15:39:19.628  2711  2720 I lucitransport: readRemoteMessage() MID char = 90 buffer = AAA speaker
04-09 15:39:19.628  2953  3025 I LibreCastControl: LibreCastControl_SetCastName()  name 'AAA speaker' RequestId '11' pCastControl 0xf4900728
04-09 15:39:19.628  2953  3025 E librecast: MessageBoxAlert() friendlyname AAA speaker
04-09 15:39:19.628  2953  3025 I LibreCastControl: MessageBoxAlert() messageBoxID 90
04-09 15:39:19.630  2956  2984 E Spotify-Player: Change Spotify Device name
04-09 15:39:19.630  2711  2720 E LUCI_SERVER: Luci Server Thread wait over MID 208....
04-09 15:39:19.630  2711  2720 E LUCI_SERVER: Got NV name : ssid
04-09 15:39:19.631  2711  2720 I luciUART: write() MID = 208  bytes = 30 data = ssid:Linksys16717_2G m_fd = 0x6
04-09 15:39:19.631  2711  2720 E LUCI_SERVER: NV_READ response= ssid:Linksys16717_2G
04-09 15:39:19.631  2711  2720 E LUCI_SERVER: Luci Server Thread waiting for packets....
04-09 15:39:19.634  2953  3162 I LibreCastControlDelegate: OnResponse() ReqeustID 11, error  0
04-09 15:39:19.634  3082  3082 I cast_shell: [3085:3085:INFO:device_info_impl.cc(1133)] SSDP Config ID is increased: id=11
04-09 15:39:19.634  3082  3082 I cast_shell: [3085:3134:INFO:mdns_util.cc(102)] Defaulting mDNS capabilities for audio-only build
04-09 15:39:19.635  3082  3082 I cast_shell: [3085:3085:INFO:ccs_manager_impl.cc(1842)] Postponing device name update while registering
04-09 15:39:19.637  2956  2986 E SPOTIFY : Device Name change new name = AAA speaker
04-09 15:39:19.637  2956  2986 E SPOTIFY : err = 0 
04-09 15:39:19.637  3082  3082 I cast_shell: [3085:3085:INFO:mdns_manager_impl.cc(429)] Successfully updated service: type=_googlecast
04-09 15:39:19.637  3082  3082 I cast_shell: [3085:3085:INFO:virtual_device.cc(296)] Updated mDNS service for virtual device: id=3c434f4a-f7a0-4b30-37f9-046bc0a62436
04-09 15:39:19.668  2734  2764 I bluetoothtbd: [0409/030919.668298:INFO:adapter.cc(551)] Adapter properties changed
04-09 15:39:19.668  2952  2963 D wac-main: Netlink event
04-09 15:39:19.668  2952  2963 E wac-main: Netlink event 16 Interface Index 6 
04-09 15:39:19.668  2952  2963 E wac-main: p2p0 event Link Changed : 1003 
04-09 15:39:19.668  2952  2963 E wac-main: p2p0 Changed down
04-09 15:39:19.668  2734  2764 I bluetoothtbd: [0409/030919.668694:INFO:adapter.cc(573)] Adapter name changed
04-09 15:39:19.669  3082  3082 I cast_shell: [3085:3124:INFO:bluetooth_manager.cc(1232)] [PII] Set device name to 'AAA speaker'
04-09 15:39:19.670  2710  2722 I yani_kernel: yani_geteventfrom_changeaddr() Message-Id '1' Netlink event '16' Interface Index '6' -> Name 'p2p0' 
04-09 15:39:19.670  2952  2963 E wac-main: wlan0 IP : 192.168.1.145
04-09 15:39:19.673  2952  2963 E wac-main: Enter poll and wait
04-09 15:39:19.673  2953  3162 I LibreCastControlDelegate: OnCastStatus() +++ AAA speaker:0xab204198:READY_TO_CAST
04-09 15:39:19.674  2953  3162 I LibreCastControlDelegate: Cast Device Name -> 'AAA speaker'
04-09 15:39:19.674  2953  3162 I librecast: OldFriendlyName 'AAA speaker' & New name change By Cast 'AAA speaker' isfirstbootup 56 m_updatedonebyluci 0
04-09 15:39:19.674  2953  3162 I LibreCastControlDelegate: Device Build Number -> '1.52.272222'
04-09 15:39:19.674  2953  3162 I librecast: updateCastBuildVersion() Version 1.52.272222
04-09 15:39:19.675  2711  2711 I lucitransport: readRemoteMessage() MID char = 7 buffer = 1.52.272222
04-09 15:39:19.676  2953  3162 I LibreCastControlDelegate: Active Applications -> 0
04-09 15:39:19.676  2953  3162 I LibreCastControlDelegate: Current Cast State '6' -> 'READY_TO_CAST'
04-09 15:39:19.676  2953  3162 I LibreCastControlDelegate: OnCastStatus() ---
04-09 15:39:19.680  2732  2742 E WifiUtil: Setting interface p2p0 down.
04-09 15:39:19.681  2952  2963 D wac-main: Netlink event
04-09 15:39:19.681  2952  2963 E wac-main: Netlink event 16 Interface Index 6 
04-09 15:39:19.681  2952  2963 E wac-main: p2p0 event Link Changed : 1002 
04-09 15:39:19.681  2952  2963 E wac-main: Enter poll and wait
04-09 15:39:19.683  2710  2722 I yani_kernel: yani_geteventfrom_changeaddr() Message-Id '1' Netlink event '16' Interface Index '6' -> Name 'p2p0' 
04-09 15:39:20.475  3082  3082 I cast_shell: [3085:3124:INFO:ble_setup.cc(789)] Missing required info for sign.
04-09 15:39:20.479  3082  3082 I cast_shell: [3085:3124:INFO:gatt_client_manager_impl.cc(202)] Enabling GATT client connectability
04-09 15:39:20.479  3082  3082 I cast_shell: [3085:3124:INFO:ble_setup.cc(915)] Sign related info completed, no future EurekaInfo need sign.
04-09 15:39:20.565  2734  2812 W bt_btif : bta_gattc_conn_cback() - cif=3 connected=0 conn_id=3 reason=0x0013
04-09 15:39:20.565  2734  2812 W bt_btif : bta_gattc_conn_cback() - cif=4 connected=0 conn_id=4 reason=0x0013
04-09 15:39:20.565  2734  2812 W bt_btif : bta_gattc_conn_cback() - cif=6 connected=0 conn_id=6 reason=0x0013
04-09 15:39:20.566  2734  2812 I bt_btm_sec: btm_sec_disconnected clearing pending flag handle:128 reason:19
04-09 15:39:20.567  2734  2764 W bt_btif : btif_av_move_idle: ACL Disconnected state 0 bd_addr=4c:cb:24:33:9a:f9 peer_bda=00:00:00:00:00:00
04-09 15:39:20.567  2734  2764 I bluetoothtbd: [0409/030920.567609:INFO:adapter.cc(719)] ACL state changed: 4C:CB:24:33:9A:F9 - connected: false
04-09 15:39:20.569  3082  3082 I cast_shell: [3085:3124:ERROR:bluetooth_v1_via_v2.cc(796)] Connection state changed. :f9 false
04-09 15:39:21.034  3082  3082 I cast_shell: [3085:3085:INFO:metrics_recorder.cc(282)] cast event: Cloud.Transport.Https.Register.Out.Success
04-09 15:39:21.034  3082  3082 I cast_shell: [3085:3085:WARNING:ccs_transport_util.cc(409)] Auth info absent from the config reply from CCS.
04-09 15:39:21.034  3082  3082 I cast_shell: [3085:3085:WARNING:ccs_transport_util.cc(313)] Missing SensingSettings in the CCS config.
04-09 15:39:21.035  3082  3082 I cast_shell: [3085:3085:INFO:metrics_recorder.cc(282)] cast event: Cloud.Transport.Https.Config.In
04-09 15:39:21.035  3082  3082 I cast_shell: [3085:3085:INFO:ccs_manager_impl.cc(1150)] Handling CONFIG message from CCS.
04-09 15:39:21.035  3082  3082 I cast_shell: [3085:3085:INFO:ccs_manager_impl.cc(1151)] [PII] device_id=1FC95B92FE103D77AED1DCCC0AF3D118
04-09 15:39:21.035  3082  3082 I cast_shell: [3085:3085:INFO:metrics_recorder.cc(282)] Record action: Cloud.Transport.Https.LinkedStatus.NotLinked
04-09 15:39:21.035  3082  3082 I cast_shell: [3085:3085:INFO:structure_info_from_home_graph.cc(53)] received config from home graph. Will use it: 1
04-09 15:39:21.035  3082  3082 I cast_shell: [3085:3085:INFO:structure_info_from_home_graph.cc(59)] Num devices in the structure: 0
04-09 15:39:21.035  3082  3082 I cast_shell: [3085:3085:INFO:ccs_heartbeat_listener.cc(56)] Setting heartbeat interval from CCS: 120000ms
04-09 15:39:21.037  3082  3082 I cast_shell: [3085:3093:INFO:heartbeat_manager.cc(306)] Set client HB: 120000
04-09 15:39:21.045  3082  3082 I cast_shell: [3085:3085:INFO:user_auth_impl.cc(267)] linked status: NOT_LINKED
04-09 15:39:21.045  3082  3082 I cast_shell: [3085:3085:INFO:robot_account_auth_manager.cc(320)] V1 AuthManager received a UpdateAuthToken request
04-09 15:39:21.045  3082  3082 I cast_shell: [3085:3085:INFO:ccs_transport_https.cc(1352)] No cloud settings in response
04-09 15:39:21.045  3082  3082 I cast_shell: [3085:3085:INFO:gcm_manager.cc(238)] GCM connection lost.
04-09 15:39:21.502  3082  3082 I cast_shell: [3085:3134:INFO:mdns_app_filter.cc(1526)] MdnsAppFilter: Done announcing.
04-09 15:39:21.527  3082  3082 I cast_shell: [3085:3085:INFO:metrics_recorder.cc(282)] cast event: Cloud.Transport.Https.Register.Out.Success
04-09 15:39:21.527  3082  3082 I cast_shell: [3085:3085:INFO:ccs_manager_impl.cc(2485)] Succesfully registered with CCS
04-09 15:39:21.527  3082  3082 I cast_shell: [3085:3085:INFO:ccs_manager_impl.cc(2661)] Local device version is ahead of server; will attempt update
04-09 15:39:21.527  3082  3082 I cast_shell: [3085:3085:INFO:ccs_manager_impl.cc(1757)] Updating device info with CCS: message_id = ce535a21-cb69-43fc-af54-64fef31965ca
04-09 15:39:21.527  3082  3082 I cast_shell: [3085:3085:INFO:ccs_manager_impl.cc(1758)] [PII] CCS device_id = 1FC95B92FE103D77AED1DCCC0AF3D118 device_name = AAA speaker
04-09 15:39:21.534  3082  3082 I cast_shell: [3085:3085:WARNING:ccs_transport_util.cc(409)] Auth info absent from the config reply from CCS.
04-09 15:39:21.534  3082  3082 I cast_shell: [3085:3085:WARNING:ccs_transport_util.cc(313)] Missing SensingSettings in the CCS config.
04-09 15:39:21.534  3082  3082 I cast_shell: [3085:3085:INFO:metrics_recorder.cc(282)] cast event: Cloud.Transport.Https.Config.In
04-09 15:39:21.535  3082  3082 I cast_shell: [3085:3085:INFO:ccs_manager_impl.cc(1150)] Handling CONFIG message from CCS.
04-09 15:39:21.535  3082  3082 I cast_shell: [3085:3085:INFO:ccs_manager_impl.cc(1151)] [PII] device_id=1FC95B92FE103D77AED1DCCC0AF3D118
04-09 15:39:21.535  3082  3082 I cast_shell: [3085:3085:INFO:metrics_recorder.cc(282)] Record action: Cloud.Transport.Https.LinkedStatus.NotLinked
04-09 15:39:21.535  3082  3082 I cast_shell: [3085:3085:INFO:structure_info_from_home_graph.cc(53)] received config from home graph. Will use it: 1
04-09 15:39:21.535  3082  3082 I cast_shell: [3085:3085:INFO:structure_info_from_home_graph.cc(59)] Num devices in the structure: 0
04-09 15:39:21.535  3082  3082 I cast_shell: [3085:3085:INFO:ccs_heartbeat_listener.cc(56)] Setting heartbeat interval from CCS: 120000ms
04-09 15:39:21.537  3082  3082 I cast_shell: [3085:3085:INFO:user_auth_impl.cc(267)] linked status: NOT_LINKED
04-09 15:39:21.537  3082  3082 I cast_shell: [3085:3085:INFO:robot_account_auth_manager.cc(320)] V1 AuthManager received a UpdateAuthToken request
04-09 15:39:21.537  3082  3082 I cast_shell: [3085:3085:INFO:ccs_transport_https.cc(1352)] No cloud settings in response
04-09 15:39:21.543  2955  3497 I airplay_v2_0_6: 2022-04-09 15:39:21.543796 [AirPlay] Registering Bonjour _airplay._tcp. port 7000
04-09 15:39:21.545  2955  3523 I airplay_v2_0_6: 2022-04-09 15:39:21.545308 [AirPlayDemo] AirPlayDemoServerCopyProperty Password is <<NULL>>
04-09 15:39:21.546  2955  3523 I airplay_v2_0_6: 2022-04-09 15:39:21.546675 [AirPlayDemo] AirPlayDemoServerCopyProperty Password is <<NULL>>
04-09 15:39:21.547  2711  2711 I lucitransport: readRemoteMessage() MID char = 90 buffer = AAA speaker
04-09 15:39:21.551  2955  3497 I airplay_v2_0_6: 2022-04-09 15:39:21.551625 [AirPlay] Registering Bonjour CC909321F384@AAA speaker._raop._tcp. port 7000
04-09 15:39:22.770  3082  3082 I cast_shell: [3085:3085:INFO:metrics_recorder.cc(282)] cast event: Cloud.Transport.Https.Update.Out.Success
04-09 15:39:22.770  3082  3082 I cast_shell: [3085:3085:INFO:ccs_manager_impl.cc(2569)] Successfully updated with CCS
04-09 15:39:23.673  3524  3524 E wac-main: WAC timeout cb
04-09 15:39:23.673  3524  3524 E wac-main: send wac api : a5a1
04-09 15:39:23.674  2952  2963 E wac-main: API event
04-09 15:39:23.674  2952  2963 E wac-main: msg : a5a1
04-09 15:39:23.674  2952  2963 E wac-main: msg : a5a1
04-09 15:39:23.674  2952  2963 E wac-main: Enter poll and wait
04-09 15:39:23.674  2952  3525 E wac-main: enter WACStartStopThread
04-09 15:39:23.674  2952  3525 E wac-main: WACStartStopThread() event -> 'wacstop' is WACServer? UP -> 'Yes' 
04-09 15:39:23.674  2952  3525 E WACSERVER: WACServerStop wait
04-09 15:39:23.674  2952  2971 E WACBONJOUR: RemoveWACBonjourService
04-09 15:39:23.676  2952  2971 I wifiapi : newconn : 0xf4a024e8
04-09 15:39:23.700  2952  2963 D wac-main: Netlink event
04-09 15:39:23.700  2710  2722 I yani_kernel: yani_geteventfrom_changeaddr() Message-Id '1' Netlink event '16' Interface Index '7' -> Name 'p2p1' 
04-09 15:39:23.700  2952  2963 E wac-main: Netlink event 16 Interface Index 7 
04-09 15:39:23.700  2952  2963 E wac-main: Enter poll and wait
04-09 15:39:23.700  2732  2742 E CommandListener: Message not handled: unrecognized interface p2p1
04-09 15:39:23.700  2732  2742 W FrameworkListener: Handler 'Iface' error (Success)
04-09 15:39:23.726  2952  2963 D wac-main: Netlink event
04-09 15:39:23.726  2952  2963 E wac-main: Netlink event 16 Interface Index 7 
04-09 15:39:23.726  2952  2963 E wac-main: Enter poll and wait
04-09 15:39:23.726  2732  2742 E CommandListener: Message not handled: unrecognized interface p2p1
04-09 15:39:23.726  2732  2742 W FrameworkListener: Handler 'Iface' error (Success)
04-09 15:39:23.726  2710  2722 I yani_kernel: yani_geteventfrom_changeaddr() Message-Id '1' Netlink event '16' Interface Index '7' -> Name 'p2p1' 
04-09 15:39:23.729  2732  2742 E CommandListener: Message not handled: unrecognized interface p2p1
04-09 15:39:23.729  2732  2742 W FrameworkListener: Handler 'Iface' error (Success)
04-09 15:39:23.738  2952  2971 I wifiapi : 'DISABLE' command returned = 0
04-09 15:39:23.739  2952  2971 I wifiapi : stop hostapd
04-09 15:39:23.739  2952  2971 I wifiapi : stop dnsmasq
04-09 15:39:23.741  2952  2963 D wac-main: Netlink event
04-09 15:39:23.741  2952  2963 E wac-main: Netlink event 21 Interface Index 7 
04-09 15:39:23.741  2952  2963 E wac-main: Enter poll and wait
04-09 15:39:23.741  2710  2722 I yani_kernel: yani_geteventfrom_changeaddr() Message-Id '1' Netlink event '21' Interface Index '7' -> Name 'p2p1' 
04-09 15:39:23.742  2952  2971 E wac-main: WACCallback() message 5 -> 'Stopped'
04-09 15:39:23.743  2711  2711 I lucitransport: writeRemoteMessage() MID = 143 buffer = 5
04-09 15:39:23.743  2711  2711 I luciUART: write() MID = 143  bytes = 11 data = 5 m_fd = 0x6
04-09 15:39:23.744  2732  2742 E CommandListener: Message not handled: unrecognized interface p2p1
04-09 15:39:23.744  2732  2742 W FrameworkListener: Handler 'Iface' error (Success)
04-09 15:39:24.044  3082  3082 I cast_shell: [3085:3085:INFO:robot_account_auth_manager.cc(384)] Sending oauth request for client_id: 2
04-09 15:39:24.044  3082  3082 I cast_shell: [3085:3085:INFO:metrics_recorder.cc(282)] cast event: Cast.Assistant.Auth.FetchToken
04-09 15:39:24.044  3082  3082 I cast_shell: [3085:3281:INFO:chromium_http_connection.cc(436)] Creating a new chromium http url loader factory
04-09 15:39:24.538  3082  3082 I cast_shell: [3085:3085:INFO:robot_account_auth_manager.cc(384)] Sending oauth request for client_id: 3
04-09 15:39:24.538  3082  3082 I cast_shell: [3085:3085:INFO:metrics_recorder.cc(282)] cast event: Cast.Assistant.Auth.FetchToken
04-09 15:39:24.538  3082  3082 I cast_shell: [3085:3281:INFO:chromium_http_connection.cc(436)] Creating a new chromium http url loader factory
04-09 15:39:24.986  3082  3082 I cast_shell: [3085:3085:INFO:robot_account_auth_manager.cc(525)] Got CAS response: 200
04-09 15:39:24.986  3082  3082 I cast_shell: [3085:3085:INFO:metrics_recorder.cc(282)] cast event: Cast.Assistant.AuthError.NOT_LINKED
04-09 15:39:24.986  3082  3082 I cast_shell: [3085:3085:INFO:robot_account_auth_manager.cc(776)] Current error: NOT_LINKED, new error: NOT_LINKED
04-09 15:39:24.988  3082  3082 I cast_shell: [3085:3085:INFO:robot_account_auth_manager.cc(525)] Got CAS response: 200
04-09 15:39:24.988  3082  3082 I cast_shell: [3085:3085:INFO:metrics_recorder.cc(282)] cast event: Cast.Assistant.AuthError.NOT_LINKED
04-09 15:39:24.988  3082  3082 I cast_shell: [3085:3085:INFO:robot_account_auth_manager.cc(776)] Current error: NOT_LINKED, new error: NOT_LINKED
04-09 15:39:25.751  3082  3082 I cast_shell: [3085:3093:INFO:parent_tracker.cc(237)] Network changed
04-09 15:39:25.751  3082  3082 I cast_shell: [3085:3093:INFO:parent_tracker.cc(132)] No need to recreate socket
04-09 15:39:25.751  3082  3082 I cast_shell: [3085:3093:INFO:parent_tracker.cc(237)] Network changed
04-09 15:39:25.751  3082  3082 I cast_shell: [3085:3093:INFO:parent_tracker.cc(132)] No need to recreate socket
04-09 15:39:25.752  3082  3082 I cast_shell: [3085:3281:INFO:net_util_impl.cc(582)] IP address: [PII](192.168.1.1) MAC address: [PII](C8:B3:73:44:AE:ED)
04-09 15:39:25.754  3082  3082 I cast_shell: [3085:3281:INFO:net_util_impl.cc(582)] IP address: [PII](192.168.1.1) MAC address: [PII](C8:B3:73:44:AE:ED)
04-09 15:39:25.755  3082  3082 I cast_shell: [3085:3085:INFO:gcm_manager.cc(238)] GCM connection lost.
04-09 15:39:26.508  3082  3082 I cast_shell: [3085:3093:INFO:heartbeat_manager.cc(268)] Set HBInterval from client: 120000
04-09 15:39:26.508  3082  3082 I cast_shell: [3085:3085:INFO:gcm_manager.cc(233)] GCM connection established.
04-09 15:39:28.905  3082  3082 I cast_shell: [3085:3085:INFO:cast_system_memory_pressure_evaluator.cc(179)] ConfigRelaxMemoryPressureThresholds, 0.1, 0.2
04-09 15:39:28.906  3082  3082 I cast_shell: [3085:3134:INFO:mdns_app_filter.cc(2645)] MdnsAppFilter: responses sent in 197 seconds: 1
04-09 15:39:28.911  3082  3082 I cast_shell: [3540:3540:INFO:cast_content_renderer_client_internal.cc(83)] Render process started.
04-09 15:39:28.916  3082  3082 I cast_shell: [3085:3085:INFO:application_manager_impl.cc(1417)] Starting background app: CC1AD845 (Default Media Receiver), session_id=9702faa3-2593-4ca7-8063-c5ef05677315
04-09 15:39:28.916  3082  3082 I cast_shell: [3085:3135:INFO:v2_transport.cc(458)] Added Cast V2 endpoint: id=9702faa3-2593-4ca7-8063-c5ef05677315, socket_factory_id=[PII](3c434f4a-f7a0-4b30-37f9-046bc0a62436)
04-09 15:39:28.916  3082  3082 I cast_shell: [3085:3085:INFO:cast_media_blocker.cc(43)] UpdatePlayingState media_loading_blocked=1 media_starting_blocked=0 suspended=1 controllable=0 paused_by_user=1
04-09 15:39:28.916  3082  3082 I cast_shell: [3085:3085:INFO:application_message_handler.cc(1747)] Scheduling IpcTimerCheck
04-09 15:39:28.917  3082  3082 I cast_shell: [3085:3085:INFO:application_manager_impl.cc(1565)] App starting: CC1AD845 (Default Media Receiver), session_id=9702faa3-2593-4ca7-8063-c5ef05677315
04-09 15:39:28.917  3082  3082 I cast_shell: [3085:3134:INFO:mdns_util.cc(102)] Defaulting mDNS capabilities for audio-only build
04-09 15:39:28.917  3082  3082 I cast_shell: [3085:3085:INFO:application_identification_settings.cc(410)] new ApplicationIdentificationSettings session_id: 9702faa3-2593-4ca7-8063-c5ef05677315 app_id: CC1AD845 flags: 0 headers: 0
04-09 15:39:28.921  3082  3082 I cast_shell: [3085:3085:INFO:cast_media_blocker.cc(81)] MediaSessionInfoChanged media_loading_blocked=1 media_starting_blocked=0 is_suspended=1 is_controllable=0 paused_by_user=1
04-09 15:39:28.929  3082  3082 I cast_shell: [3085:3085:INFO:web_application.cc(817)] [9702faa3] Supported bitstream audio codecs info: [codecs]None[spatial_rendering]None
04-09 15:39:28.929  3082  3082 I cast_shell: [3085:3085:INFO:cast_web_contents_impl.cc(242)] Load url: https://www.gstatic.com/cast/sdk/default_receiver/dogfood/app.html?skin=https://www.gstatic.com/eureka/player/0000/skins/cast/skin.css
04-09 15:39:28.931  3082  3082 I cast_shell: [3085:3085:INFO:cast_content_browser_client_internal.cc(975)] Disabling images support for application: CC1AD845
04-09 15:39:28.937  3082  3082 I cast_shell: [3085:3085:INFO:web_application.cc(991)] [9702faa3] Page state changed: app=CC1AD845 page_state=LOADING
04-09 15:39:28.941  3082  3082 I cast_shell: [3085:3085:INFO:web_application.cc(585)] [9702faa3] Updating app visibility to hidden for background mode.
04-09 15:39:28.941  3082  3082 I cast_shell: [3085:3134:INFO:mdns_util.cc(102)] Defaulting mDNS capabilities for audio-only build
04-09 15:39:28.942  3082  3082 I cast_shell: [3085:3085:INFO:application_manager_impl.cc(1579)] App pending: CC1AD845 (Default Media Receiver), session_id=9702faa3-2593-4ca7-8063-c5ef05677315
04-09 15:39:28.963  3082  3082 I cast_shell: [3085:3085:INFO:cast_renderer_oom_adj_manager.cc(82)] Registering renderer 3540
04-09 15:39:28.964  3082  3082 I cast_shell: [3085:3149:INFO:cast_renderer_oom_adj_manager.cc(90)] Adjusting OOM score for renderer(3540) to 400
04-09 15:39:28.964  3082  3082 I cast_shell: [3085:3149:WARNING:cast_renderer_oom_adj_manager.cc(92)] OOM score adjustment failed for renderer(3540)
04-09 15:39:28.977  3082  3082 I cast_shell: [3540:3540:INFO:media_playback_options.cc(70)] Render frame actions are blocked.
04-09 15:39:29.010  3082  3082 I cast_shell: [3540:3540:INFO:media_caps.cc(24)] ScreenResolutionChanged resolution=0x0
04-09 15:39:29.010  3082  3082 I cast_shell: [3540:3540:INFO:media_playback_options.cc(70)] Render frame actions are blocked.
04-09 15:39:29.013  3082  3082 I cast_shell: [3540:3540:INFO:media_caps.cc(54)] ScreenInfoChanged HDCP version=0 Supported EOTFs=0 DolbyVision flags=0 Screen size(mm): 0x0 cur mode HDR=0 cur mode DV=0
04-09 15:39:29.676  3082  3082 I cast_shell: [3540:3540:INFO:cast_content_client.cc(103)] Active URL: https://www.gstatic.com/cast/sdk/default_receiver/dogfood/app.html?skin=https://www.gstatic.com/eureka/player/0000/skins/cast/skin.css&google_cast_bg=true for origin 'null'
04-09 15:39:29.694  3082  3082 I cast_shell: [3085:3085:INFO:cast_content_client.cc(103)] Active URL: https://www.gstatic.com/cast/sdk/default_receiver/dogfood/app.html?skin=https://www.gstatic.com/eureka/player/0000/skins/cast/skin.css&google_cast_bg=true for origin 'null [internally: (A57978C6CF283AFBD8F22FAF28DDD803) anonymous]'
04-09 15:39:29.699  3082  3082 I cast_shell: [3085:3281:INFO:process_memory_recorder_utils.cc(43)] CC1AD845 using 40176kB memory
04-09 15:39:29.715  3082  3082 I cast_shell: [3540:3540:INFO:feature_manager.cc(174)] Enabling bindings: 
04-09 15:39:29.739  3082  3082 I cast_shell: [3540:3540:INFO:feature_manager.cc(174)] Enabling bindings: 
04-09 15:39:30.613  3082  3082 I cast_shell: [3085:3085:INFO:CONSOLE(116)] Cast App (CC1AD845): " [  0.001s] [cast.receiver.IpcChannel] Opening platform websocket ", source: https://www.gstatic.com/cast/sdk/libs/caf_receiver/v3/cast_receiver_framework.js (116)
04-09 15:39:30.625  3082  3082 I cast_shell: [3540:3540:INFO:media_source_impl.cc(363)] isTypeSupported("video/mp4;codecs=hev1.2.4.L153.B0") -> false (not supported by HTMLMediaElement)
04-09 15:39:30.626  3082  3082 I cast_shell: [3540:3540:INFO:media_source_impl.cc(363)] isTypeSupported("video/mp4;codecs=dvhe.04.06") -> false (not supported by HTMLMediaElement)
04-09 15:39:30.627  3082  3082 I cast_shell: [3085:3085:INFO:CONSOLE(1162)] Cast App (CC1AD845): "canDisplayType(video/mp4; codecs=hev1.2.4.L153.B0; eotf=smpte2084): Codec not supported.", source:  (1162)
04-09 15:39:30.627  3082  3082 I cast_shell: [3085:3085:INFO:CONSOLE(1162)] Cast App (CC1AD845): "canDisplayType(video/mp4; codecs=dvhe.04.06): Codec not supported.", source:  (1162)
04-09 15:39:30.628  3082  3082 I cast_shell: [3540:3540:INFO:media_source_impl.cc(363)] isTypeSupported("audio/mp4;codecs=ec-3") -> false (not supported by HTMLMediaElement)
